D/PowerManagerService(  588): ALG=2, lsvalue=10(0th)->10(0th), last_level=0, lValue=64->64, bValue=255, kValue=0, mPowerState=0x3, mSkippedScreenOn=true, mInitialAnimation=false, immediate=false
V/LightsService(  588): setLight #2: color=#ffffffff
D/lights  (  588): set_light_buttons_func: on=16777215 brightness=255
V/LightsService(  588): setLight #1: color=#ff000000
D/AlarmManager(  588): ACTION_SCREEN_ON
I/WindowManager(  588): Lock screen displayed!
V/LightsService(  588): setLight #0: color=#ff7d7d7d
D/WifiService(  588): ACTION_SCREEN_ON
V/AlarmManager(  588): sending alarm PendingIntent{425d74d0: PendingIntentRecord{425d7430 android broadcastIntent}}, intent=com.android.server.WifiManager.action.UPDATE_WIFI_STATE, type=RTC_WAKEUP, count=1, when=1427830323277, repeateInterval=0
D/PowerManagerService(  588): acquireWakeLock(4272f090): PARTIAL_WAKE_LOCK , tag=RILJ, flags=0x1, pid=946, uid=1001, mUserState=0x0
D/PowerManagerService(  588): releaseWakeLock(420d8ed0): PARTIAL_WAKE_LOCK , tag=IdleScreen:command_15, flags=0x1
D/PowerManagerService(  588): releaseWakeLock(4272f090): PARTIAL_WAKE_LOCK , tag=RILJ, flags=0x1
D/PowerManagerService(  588): acquireWakeLock(41bfb820): PARTIAL_WAKE_LOCK , tag=RILJ, flags=0x1, pid=946, uid=1001, mUserState=0x0
D/PowerManagerService(  588): acquireWakeLock(42a3bc10): PARTIAL_WAKE_LOCK , tag=GCoreFlp, flags=0x1, pid=27811, uid=10017, mUserState=0x0
D/PowerManagerService(  588): releaseWakeLock(41bfb820): PARTIAL_WAKE_LOCK , tag=RILJ, flags=0x1
D/TELEPHONY_CALLBACK(  811): @onSignalStrengthChanged: SignalStrength: 11 -1 -1 -1 -1 -1 -1 -1 -1 -1 2147483647 -1 gsm|lte
D/PowerManagerService(  588): releaseWakeLock(42a3bc10): PARTIAL_WAKE_LOCK , tag=GCoreFlp, flags=0x1
D/PowerManagerService(  588): acquireWakeLock(42934a90): PARTIAL_WAKE_LOCK , tag=RILJ, flags=0x1, pid=946, uid=1001, mUserState=0x0
D/PowerManagerService(  588): releaseWakeLock(42934a90): PARTIAL_WAKE_LOCK , tag=RILJ, flags=0x1
D/StatusBar.NetworkController(  811): dumpState[hasService=true ServiceState=0 home 3 3 27202  EDGE CSS not supported -1 -1 RoamInd=-1 DefRoamInd=-1EriInd= -1EriMode= -1RadioPowerSv: false EmergOnly=false PhoneType: 1 IsCdma=false SimState=UNKNOWN GprsState=0 DataState=Disconnected DataActivity=NONE NetworkType=EDGE HtcModemLinkOn=false HspaDataDistinquishable=true]
D/SIGNAL_ICON(  811): updateTelephonySignalStrength
D/SIGNAL_ICON(  811): fakeui srv=0 mTimerEnabled=false asu=11
D/SIGNAL_ICON(  811): asu=11
D/SIGNAL_ICON(  811): SUPPORT_5_LEVEL_SIGNAL
D/SIGNAL_ICON(  811): mapTelephonySignalStrength
D/SIGNAL_ICON(  811): maxLevel=5 asu=11 networkType=EDGE
D/SIGNAL_ICON(  811): return iconLevel=3
D/SIGNAL_ICON(  811): refreshViews: mPhoneSignalIconId -> stat_sys_5signal_3
D/StatusBar.NetworkController(  811): dumpIconState[dataVisible=false dataIconId=stat_sys_data_out_3g_plus signalIconId=stat_sys_5signal_3 wifiVisible=true wifiIconId=stat_sys_wifi_signal_4 airplaneMode=false]
D/PowerManagerService(  588): acquireWakeLock(426af898): PARTIAL_WAKE_LOCK , tag=Wakeful StateMachine: GeofencerStateMachine, flags=0x1, pid=27811, uid=10017, mUserState=0x0
D/PowerManagerService(  588): releaseWakeLock(426af898): PARTIAL_WAKE_LOCK , tag=Wakeful StateMachine: GeofencerStateMachine, flags=0x1
D/WifiStateMachine(  588): fetchRssiAndLinkSpeedNative send RSSIChange intent, newSignalLevel =3mLastSignalLevel = -1
D/WIFI_ICON(  811): updateWifiState: action=android.net.wifi.RSSI_CHANGED newRssi=-47 freq=2412 newLevel=3 lastWifiLevel=3
D/StatusBar.NetworkController(  811): dumpIconState[dataVisible=false dataIconId=stat_sys_data_out_3g_plus signalIconId=stat_sys_5signal_3 wifiVisible=true wifiIconId=stat_sys_wifi_signal_4 airplaneMode=false]
D/BatteryService(  588): updateBatteryStats: update triggered by UEvent.
D/PowerManagerService(  588): acquireWakeLock(4297cbc8): PARTIAL_WAKE_LOCK , tag=BatteryServiceUpdateStats, flags=0x1, pid=588, uid=1000, mUserState=0x0
D/PowerManagerService(  588): releaseWakeLock(4297cbc8): PARTIAL_WAKE_LOCK , tag=BatteryServiceUpdateStats, flags=0x1
D/WifiService(  588): ACTION_BATTERY_CHANGED pluggedType: 2
D/NotificationService(  588): mIntentReceiver() Intent.ACTION_BATTERY_CHANGED
D/PowerManagerService(  588): runHtcPowerSaverCheck ======================================
D/PowerUI (  811): closing low battery warning: level=37
D/PowerUI (  811): plugged = true, health = 2, mBatteryLevel = 37, mPluggedBatteryLevel = 12, mLowBatteryWarningLevel2 = 25, mshowLowChargingWarning2 = true
D/PowerManagerService(  588): acquireWakeLock(423f7070): PARTIAL_WAKE_LOCK , tag=RILJ, flags=0x1, pid=946, uid=1001, mUserState=0x0
D/PowerManagerService(  588): releaseWakeLock(423f7070): PARTIAL_WAKE_LOCK , tag=RILJ, flags=0x1
I/ActivityManager(  588): Start proc android.process.acore for content provider com.android.providers.contacts/.HtcContactsProvider2: pid=19108 uid=10018 gids={3003, 1015, 5002, 1028}
I/ActivityManager(  588): Start proc com.android.vending for service com.android.vending/com.google.android.finsky.billing.iab.InAppBillingService: pid=19122 uid=10132 gids={3003, 1015, 1028}
V/AlarmManager(  588): sending alarm PendingIntent{4295c580: PendingIntentRecord{4249f7d0 com.whatsapp broadcastIntent}}, intent=DEVICE_INFO_ALARM_ACTION, type=ELAPSED_REALTIME, count=48, when=172800000, repeateInterval=3600000
W/BroadcastQueue(  588): Permission Denial: broadcasting Intent { act=android.net.conn.CONNECTIVITY_CHANGE flg=0x8000010 (has extras) } from null (pid=-1, uid=-1) requires com.facebook.permission.prod.FB_APP_COMMUNICATION due to registered receiver BroadcastFilter{425598b0 ReceiverList{424a00f8 18944 com.facebook.katana/10028 remote:429c7980}}
D/PowerManagerService(  588): releaseWakeLock(423912f8): PARTIAL_WAKE_LOCK , tag=sleep_broadcast, flags=0x1
I/PackageManager(  588):  setEnabledSetting(), pkgName=com.android.vending, clsName=com.android.vending.AssetBrowserActivity, state=1, flag=1, pid=19122, uid=10132
I/ActivityManager(  588): Start proc com.htc.htcpowermanager:remote for broadcast com.htc.htcpowermanager/.smartsync.SmartSyncDataLinkTurnOffReceiver: pid=19152 uid=1000 gids={1015, 3002, 3001, 3003, 1028, 5006, 3007, 3006, 2001, 1007}
D/Socket_Alarm(19152): registerHTCSocketMonitorCallBack
D/Socket_Alarm(19152): set mSocketMonitor
D/Socket_Alarm(19152): HTCSocketMonitorImpl::HTCSocketMonitorImpl
D/WifiService(  588): Got ACTION_UPDATE_WIFI_STATE
D/WifiService(  588): updateWifiState(): wifiApEnabled: false, wifiApAirplaneMode: falsegetWifiEnabledState(): 3, getWifiApEnabledState: 11
D/WifiService(  588): updateWifiState(): mAirplaneModeOn.get(): false, mPersistWifiState.get(): 1
D/WifiService(  588): updateWifiState(): mEmergencyCallbackMode: false, mDeviceIdle: false, lockHeld: true, mStopWifiRequested:false
D/WifiService(  588): updateWifiState(): enable and start wifi
D/PowerManagerService(  588): releaseWakeLock(424c93b0): PARTIAL_WAKE_LOCK , tag=AlarmManager, flags=0x1
I/PackageManager(  588):  setEnabledSetting(), pkgName=com.android.vending, clsName=com.google.android.finsky.activities.DebugActivity, state=2, flag=1, pid=19122, uid=10132
D/PowerManagerService(  588): releaseWakeLock(424b8440): FULL_WAKE_LOCK ACQUIRE_CAUSES_WAKEUP , tag=keyguard, flags=0x1000001a
D/PhoneStatusBar(  811): disable: < expand icons alerts ticker system_info back home recent* clock >
D/PowerManagerService(  588): acquireWakeLock(42d055a0): PARTIAL_WAKE_LOCK , tag=IdleScreen:command_15, flags=0x1, pid=885, uid=10102, mUserState=0x3
D/PowerManagerService(  588): acquireWakeLock(422b6c20): PARTIAL_WAKE_LOCK , tag=IdleScreen_base:remote_15, flags=0x1, pid=885, uid=10102, mUserState=0x3
D/PowerManagerService(  588): acquireWakeLock(42a03e48): PARTIAL_WAKE_LOCK , tag=IdleScreen:event_15, flags=0x1, pid=885, uid=10102, mUserState=0x3
D/PowerManagerService(  588): releaseWakeLock(42d055a0): PARTIAL_WAKE_LOCK , tag=IdleScreen:command_15, flags=0x1
W/InputMethodManagerService(  588): Window already focused, ignoring focus gain of: com.android.internal.view.IInputMethodClient$Stub$Proxy@424dc9f8 attribute=android.view.inputmethod.EditorInfo@42c846d0
D/PowerManagerService(  588): releaseWakeLock(42a03e48): PARTIAL_WAKE_LOCK , tag=IdleScreen:event_15, flags=0x1
V/LocationManagerService(  588): getAllProviders
D/PowerManagerService(  588): acquireWakeLock(42887fc0): PARTIAL_WAKE_LOCK , tag=AlarmManager, flags=0x1, pid=588, uid=1000, mUserState=0x3
V/AlarmManager(  588): sending alarm PendingIntent{428d1730: PendingIntentRecord{42a86c48 com.google.android.gms broadcastIntent}}, intent=com.google.android.intent.action.MCS_HEARTBEAT, type=ELAPSED_REALTIME_WAKEUP, count=1, when=171704187, repeateInterval=0
D/PowerManagerService(  588): releaseWakeLock(422b6c20): PARTIAL_WAKE_LOCK , tag=IdleScreen_base:remote_15, flags=0x1
D/PowerManagerService(  588): acquireWakeLock(42714f40): PARTIAL_WAKE_LOCK , tag=GCM_HB_ALARM, flags=0x1, pid=27794, uid=10017, mUserState=0x3
D/PowerManagerService(  588): releaseWakeLock(42887fc0): PARTIAL_WAKE_LOCK , tag=AlarmManager, flags=0x1
D/PowerManagerService(  588): acquireWakeLock(425f4a48): PARTIAL_WAKE_LOCK , tag=*net_scheduler*, flags=0x1, pid=27794, uid=10017, mUserState=0x3
D/PowerManagerService(  588): releaseWakeLock(42714f40): PARTIAL_WAKE_LOCK , tag=GCM_HB_ALARM, flags=0x1
D/PowerManagerService(  588): releaseWakeLock(425f4a48): PARTIAL_WAKE_LOCK , tag=*net_scheduler*, flags=0x1
D/PowerManagerService(  588): acquireWakeLock(42906d40): PARTIAL_WAKE_LOCK , tag=GCM_CONN, flags=0x1, pid=27794, uid=10017, mUserState=0x3
D/WifiStateMachine(  588): fetchRssiAndLinkSpeedNative send RSSIChange intent, SameSignalLevelCount =1
D/WIFI_ICON(  811): updateWifiState: action=android.net.wifi.RSSI_CHANGED newRssi=-40 freq=2412 newLevel=3 lastWifiLevel=3
D/StatusBar.NetworkController(  811): dumpIconState[dataVisible=false dataIconId=stat_sys_data_out_3g_plus signalIconId=stat_sys_5signal_3 wifiVisible=true wifiIconId=stat_sys_wifi_signal_4 airplaneMode=false]
D/ConnectivityService(  588): reportInetCondition for net 1, percentage: 100 by 27794/10017
D/PowerManagerService(  588): releaseWakeLock(42906d40): PARTIAL_WAKE_LOCK , tag=GCM_CONN, flags=0x1
D/ConnectivityService(  588): handleInetConditionChange: net=1, condition=100,mActiveDefaultNetwork=1
D/ConnectivityService(  588): handleInetConditionChange: starting a change hold
D/PowerManagerService(  588): acquireWakeLock(42ea0d88): PARTIAL_WAKE_LOCK , tag=*net_scheduler*, flags=0x1, pid=27794, uid=10017, mUserState=0x3
D/PowerManagerService(  588): releaseWakeLock(42ea0d88): PARTIAL_WAKE_LOCK , tag=*net_scheduler*, flags=0x1
D/ConnectivityService(  588): handleInetConditionHoldEnd: net=1, condition=100, published condition=100
D/ConnectivityService(  588): sendStickyBroadcast: action=android.net.conn.INET_CONDITION_ACTION
D/WIFI_ICON(  811): updateConnectivity: type=1 connected=true
D/StatusBar.NetworkController(  811): dumpState[hasService=true ServiceState=0 home 3 3 27202  EDGE CSS not supported -1 -1 RoamInd=-1 DefRoamInd=-1EriInd= -1EriMode= -1RadioPowerSv: false EmergOnly=false PhoneType: 1 IsCdma=false SimState=UNKNOWN GprsState=0 DataState=Disconnected DataActivity=NONE NetworkType=EDGE HtcModemLinkOn=false HspaDataDistinquishable=true]
D/StatusBar.NetworkController(  811): dumpIconState[dataVisible=false dataIconId=stat_sys_data_out_3g_plus signalIconId=stat_sys_5signal_3 wifiVisible=true wifiIconId=stat_sys_wifi_signal_4 airplaneMode=false]
I/PackageManager(  588):  setEnabledSetting(), pkgName=com.facebook.katana, clsName=com.facebook.push.crossapp.PackageRemoveReceiverInManifest, state=2, flag=1, pid=18944, uid=10028
I/PackageManager(  588):  setEnabledSetting(), pkgName=com.facebook.katana, clsName=com.facebook.oxygen.preloads.sdk.dogfooding.AuthListener$EmployeeLoggedInMarkerReceiver, state=2, flag=1, pid=18944, uid=10028
D/WifiStateMachine(  588): fetchRssiAndLinkSpeedNative send RSSIChange intent, SameSignalLevelCount =2
D/WIFI_ICON(  811): updateWifiState: action=android.net.wifi.RSSI_CHANGED newRssi=-44 freq=2412 newLevel=3 lastWifiLevel=3
D/StatusBar.NetworkController(  811): dumpIconState[dataVisible=false dataIconId=stat_sys_data_out_3g_plus signalIconId=stat_sys_5signal_3 wifiVisible=true wifiIconId=stat_sys_wifi_signal_4 airplaneMode=false]
I/ActivityManager(  588): Recipient 19152
I/ActivityManager(  588): Process com.htc.htcpowermanager:remote (pid 19152) has died.
I/ActivityManager(  588): Recipient 19108
I/ActivityManager(  588): Process android.process.acore (pid 19108) has died.
V/LocationManagerService(  588): getProviders
V/LocationManagerService(  588): getLastKnownLocation: hybrid
V/LocationManagerService(  588): getLastKnownLocation: passive
D/PowerManagerService(  588): acquireWakeLock(42acb9b8): PARTIAL_WAKE_LOCK , tag=AlarmManager, flags=0x1, pid=588, uid=1000, mUserState=0x3
V/AlarmManager(  588): sending alarm PendingIntent{42b66410: PendingIntentRecord{42bb2310 com.whatsapp broadcastIntent}}, intent=com.whatsapp.alarm.CLIENT_PING_TIMEOUT, type=ELAPSED_REALTIME_WAKEUP, count=1, when=171713884, repeateInterval=0
D/PowerManagerService(  588): releaseWakeLock(42acb9b8): PARTIAL_WAKE_LOCK , tag=AlarmManager, flags=0x1
W/PowerManagerService(  588): Can not get flags by lock
D/PowerManagerService(  588): acquireWakeLock(4206eb48): PARTIAL_WAKE_LOCK , tag=AlarmManager, flags=0x1, pid=588, uid=1000, mUserState=0x3
V/AlarmManager(  588): sending alarm PendingIntent{42a8d030: PendingIntentRecord{42da02b0 com.whatsapp broadcastIntent}}, intent=com.whatsapp.messaging.MessageService.CLIENT_PINGER_ACTION, type=ELAPSED_REALTIME_WAKEUP, count=1, when=171960252, repeateInterval=240000
D/PowerManagerService(  588): releaseWakeLock(4206eb48): PARTIAL_WAKE_LOCK , tag=AlarmManager, flags=0x1
D/LocationManagerService(  588): _removeUpdates: listener = Receiver{42484b30 Listener android.os.BinderProxy@429574b0}mUpdateRecords: {network=UpdateRecord{42ace4f0 mProvider: network mUid: 10014}}
I/LocationManagerService(  588): remove network (pid 897), next minTime = 30000
D/TELEPHONY_CALLBACK(  811): @onSignalStrengthChanged: SignalStrength: 12 -1 -1 -1 -1 -1 -1 -1 -1 -1 2147483647 -1 gsm|lte
D/StatusBar.NetworkController(  811): dumpState[hasService=true ServiceState=0 home 3 3 27202  EDGE CSS not supported -1 -1 RoamInd=-1 DefRoamInd=-1EriInd= -1EriMode= -1RadioPowerSv: false EmergOnly=false PhoneType: 1 IsCdma=false SimState=UNKNOWN GprsState=0 DataState=Disconnected DataActivity=NONE NetworkType=EDGE HtcModemLinkOn=false HspaDataDistinquishable=true]
D/SIGNAL_ICON(  811): updateTelephonySignalStrength
D/SIGNAL_ICON(  811): fakeui srv=0 mTimerEnabled=false asu=12
D/SIGNAL_ICON(  811): asu=12
D/SIGNAL_ICON(  811): SUPPORT_5_LEVEL_SIGNAL
D/SIGNAL_ICON(  811): mapTelephonySignalStrength
D/SIGNAL_ICON(  811): maxLevel=5 asu=12 networkType=EDGE
D/SIGNAL_ICON(  811): return iconLevel=4
D/SIGNAL_ICON(  811): refreshViews: mPhoneSignalIconId -> stat_sys_5signal_4
D/StatusBar.NetworkController(  811): dumpIconState[dataVisible=false dataIconId=stat_sys_data_out_3g_plus signalIconId=stat_sys_5signal_4 wifiVisible=true wifiIconId=stat_sys_wifi_signal_4 airplaneMode=false]
D/PowerManagerService(  588): acquireWakeLock(425fc988): PARTIAL_WAKE_LOCK , tag=AlarmManager, flags=0x1, pid=588, uid=1000, mUserState=0x3
V/AlarmManager(  588): sending alarm PendingIntent{42939490: PendingIntentRecord{42b7c110 com.whatsapp broadcastIntent}}, intent=com.whatsapp.alarm.CLIENT_PING_TIMEOUT, type=ELAPSED_REALTIME_WAKEUP, count=1, when=171752270, repeateInterval=0
D/PowerManagerService(  588): releaseWakeLock(425fc988): PARTIAL_WAKE_LOCK , tag=AlarmManager, flags=0x1
D/TELEPHONY_CALLBACK(  811): @onSignalStrengthChanged: SignalStrength: 11 -1 -1 -1 -1 -1 -1 -1 -1 -1 2147483647 -1 gsm|lte
D/StatusBar.NetworkController(  811): dumpState[hasService=true ServiceState=0 home 3 3 27202  EDGE CSS not supported -1 -1 RoamInd=-1 DefRoamInd=-1EriInd= -1EriMode= -1RadioPowerSv: false EmergOnly=false PhoneType: 1 IsCdma=false SimState=UNKNOWN GprsState=0 DataState=Disconnected DataActivity=NONE NetworkType=EDGE HtcModemLinkOn=false HspaDataDistinquishable=true]
D/SIGNAL_ICON(  811): updateTelephonySignalStrength
D/SIGNAL_ICON(  811): fakeui srv=0 mTimerEnabled=false asu=11
D/SIGNAL_ICON(  811): asu=11
D/SIGNAL_ICON(  811): SUPPORT_5_LEVEL_SIGNAL
D/SIGNAL_ICON(  811): mapTelephonySignalStrength
D/SIGNAL_ICON(  811): maxLevel=5 asu=11 networkType=EDGE
D/SIGNAL_ICON(  811): return iconLevel=3
D/SIGNAL_ICON(  811): refreshViews: mPhoneSignalIconId -> stat_sys_5signal_3
D/StatusBar.NetworkController(  811): dumpIconState[dataVisible=false dataIconId=stat_sys_data_out_3g_plus signalIconId=stat_sys_5signal_3 wifiVisible=true wifiIconId=stat_sys_wifi_signal_4 airplaneMode=false]
D/PowerManagerService(  588): acquireWakeLock(428db490): PARTIAL_WAKE_LOCK , tag=AlarmManager, flags=0x1, pid=588, uid=1000, mUserState=0x3
V/AlarmManager(  588): sending alarm PendingIntent{422c63f8: PendingIntentRecord{42482cd0 android broadcastIntent}}, intent=android.intent.action.TIME_TICK, type=RTC, count=1, when=1427830380000, repeateInterval=0
D/PowerManagerService(  588): releaseWakeLock(428db490): PARTIAL_WAKE_LOCK , tag=AlarmManager, flags=0x1
D/BatteryService(  588): updateBatteryStats: auto update.
D/PowerManagerService(  588): acquireWakeLock(42ab8d80): PARTIAL_WAKE_LOCK , tag=BatteryServiceUpdateStats, flags=0x1, pid=588, uid=1000, mUserState=0x3
D/PowerManagerService(  588): releaseWakeLock(42ab8d80): PARTIAL_WAKE_LOCK , tag=BatteryServiceUpdateStats, flags=0x1
D/BatteryService(  588): updateBatteryStats: update triggered by UEvent.
D/PowerManagerService(  588): acquireWakeLock(426fd4b8): PARTIAL_WAKE_LOCK , tag=BatteryServiceUpdateStats, flags=0x1, pid=588, uid=1000, mUserState=0x3
D/PowerUI (  811): closing low battery warning: level=37
D/PowerUI (  811): plugged = true, health = 2, mBatteryLevel = 37, mPluggedBatteryLevel = 12, mLowBatteryWarningLevel2 = 25, mshowLowChargingWarning2 = true
D/WifiService(  588): ACTION_BATTERY_CHANGED pluggedType: 2
D/NotificationService(  588): mIntentReceiver() Intent.ACTION_BATTERY_CHANGED
D/PowerManagerService(  588): runHtcPowerSaverCheck ======================================
D/PowerManagerService(  588): releaseWakeLock(426fd4b8): PARTIAL_WAKE_LOCK , tag=BatteryServiceUpdateStats, flags=0x1
I/ActivityManager(  588): Start proc com.htc.htcpowermanager:remote for broadcast com.htc.htcpowermanager/.powersaver.PowerSaverNotificationReceiver: pid=19255 uid=1000 gids={1015, 3002, 3001, 3003, 1028, 5006, 3007, 3006, 2001, 1007}
D/PowerManagerService(  588): acquireWakeLock(42d0c048): PARTIAL_WAKE_LOCK , tag=wake:com.google.android.gms/com.google.android.libraries.social.mediamonitor.MediaMonitorIntentService, flags=0x1, pid=27853, uid=10017, mUserState=0x3
D/PowerManagerService(  588): releaseWakeLock(42d0c048): PARTIAL_WAKE_LOCK , tag=wake:com.google.android.gms/com.google.android.libraries.social.mediamonitor.MediaMonitorIntentService, flags=0x1
W/CpuWake (  588): >>nativeAcquireCpuPerfWakeLock()
W/CpuWake (  588): <<nativeAcquireCpuPerfWakeLock()
I/ActivityManager(  588): START {flg=0x10c00000 cmp=com.android.systemui/.recent.RecentAppFxActivity u=0} from pid 811
D/PowerManagerService(  588): acquireWakeLock(42307cd8): PARTIAL_WAKE_LOCK , tag=ActivityManager-Launch, flags=0x1, pid=588, uid=1000, mUserState=0x3
D/PowerManagerService(  588): acquireWakeLock(42ae1428): CPU_MIN_FREQ , tag=WindowManager-ScreenRotation-Freq, flags=0x100, pid=588, uid=1000, mUserState=0x3
D/PowerManagerService(  588): acquireWakeLock(42a85330): CPU_MIN_NUM , tag=WindowManager-ScreenRotation-Num, flags=0x400, pid=588, uid=1000, mUserState=0x3
D/PowerManagerService(  588): acquireWakeLock(4203f3b0): PARTIAL_WAKE_LOCK , tag=SCREEN_FROZEN, flags=0x1, pid=588, uid=1000, mUserState=0x3
I/ActivityManager(  588): Config changed: {1.0 272mcc2mnc en_FR sw360dp w360dp h614dp nrml long port finger -keyb/v/h -nav/h s.57 skin=default fontsize=3 hasNavBar=0}
D/CarrierLabel(  811): CarrierLabel mIntentReceiver : android.intent.action.CONFIGURATION_CHANGED
D/CarrierLabel(  811): updateResources()
W/CarrierLabel(  811): updateNetworkNameExt: mSimState = UNKNOWN
D/CarrierLabel(  811): updateNetworkName showSpn=false spn= showPlmn=true plmn=3
D/PowerManagerService(  588): acquireWakeLock(42a0b8a0): CPU_MIN_NUM , tag=mode10, flags=0x400, pid=811, uid=10216, mUserState=0x3
D/PowerManagerService(  588): acquireWakeLock(429d4700): CPU_MIN_FREQ , tag=mode10, flags=0x100, pid=811, uid=10216, mUserState=0x3
V/InputMethodManagerService(  588): unbindCurrentInputLocked: client = android.os.BinderProxy@42981788
I/InputMethodManagerService(  588): Disable input method client.
V/InputMethodManagerService(  588): switching to client: client = android.os.BinderProxy@426023f8
I/InputMethodManagerService(  588): Enable input method client.
D/PowerManagerService(  588): releaseWakeLock(4203f3b0): PARTIAL_WAKE_LOCK , tag=SCREEN_FROZEN, flags=0x1
D/PowerManagerService(  588): releaseWakeLock(42307cd8): PARTIAL_WAKE_LOCK , tag=ActivityManager-Launch, flags=0x1
D/PowerManagerService(  588): releaseWakeLock(42ae1428): CPU_MIN_FREQ , tag=WindowManager-ScreenRotation-Freq, flags=0x100
D/PowerManagerService(  588): releaseWakeLock(42a85330): CPU_MIN_NUM , tag=WindowManager-ScreenRotation-Num, flags=0x400
D/PowerManagerService(  588): releaseWakeLock(42a0b8a0): CPU_MIN_NUM , tag=mode10, flags=0x400
D/PowerManagerService(  588): releaseWakeLock(429d4700): CPU_MIN_FREQ , tag=mode10, flags=0x100
W/CpuWake (  588): >>nativeReleaseCpuPerfWakeLock()
W/CpuWake (  588): <<nativeReleaseCpuPerfWakeLock()
D/PowerManagerService(  588): acquireWakeLock(42951c60): CPU_MIN_NUM , tag=mode10, flags=0x400, pid=811, uid=10216, mUserState=0x3
D/PowerManagerService(  588): acquireWakeLock(42945fe8): CPU_MIN_FREQ , tag=mode10, flags=0x100, pid=811, uid=10216, mUserState=0x3
D/PowerManagerService(  588): releaseWakeLock(42951c60): CPU_MIN_NUM , tag=mode10, flags=0x400
D/PowerManagerService(  588): releaseWakeLock(42945fe8): CPU_MIN_FREQ , tag=mode10, flags=0x100
D/PowerManagerService(  588): acquireWakeLock(42d0c048): PARTIAL_WAKE_LOCK , tag=ActivityManager-Launch, flags=0x1, pid=588, uid=1000, mUserState=0x3
I/ActivityManager(  588): Start proc com.rhmsoft.fm for activity com.rhmsoft.fm/.FileManager: pid=19289 uid=10220 gids={3003, 1015, 1028}
D/PowerManagerService(  588): acquireWakeLock(42b0e4b0): PARTIAL_WAKE_LOCK , tag=AlarmManager, flags=0x1, pid=588, uid=1000, mUserState=0x3
V/AlarmManager(  588): sending alarm PendingIntent{42d39988: PendingIntentRecord{42efb308 com.google.android.gms startService}}, intent=null, type=RTC_WAKEUP, count=1, when=1427830416333, repeateInterval=0
D/PowerManagerService(  588): releaseWakeLock(42b0e4b0): PARTIAL_WAKE_LOCK , tag=AlarmManager, flags=0x1
V/InputMethodManagerService(  588): unbindCurrentInputLocked: client = android.os.BinderProxy@426023f8
I/InputMethodManagerService(  588): Disable input method client.
V/InputMethodManagerService(  588): switching to client: client = android.os.BinderProxy@428d1b00
I/InputMethodManagerService(  588): Enable input method client.
D/PowerManagerService(  588): releaseWakeLock(42d0c048): PARTIAL_WAKE_LOCK , tag=ActivityManager-Launch, flags=0x1
D/PowerManagerService(  588): acquireWakeLock(4227ae20): CPU_MIN_FREQ , tag=AbsListViewScroll_5.0, flags=0x100, pid=19289, uid=10220, mUserState=0x3
D/PowerManagerService(  588): acquireWakeLock(4226d278): CPU_MIN_NUM , tag=AbsListViewScroll_5.0, flags=0x400, pid=19289, uid=10220, mUserState=0x3
D/PowerManagerService(  588): releaseWakeLock(4227ae20): CPU_MIN_FREQ , tag=AbsListViewScroll_5.0, flags=0x100
D/PowerManagerService(  588): releaseWakeLock(4226d278): CPU_MIN_NUM , tag=AbsListViewScroll_5.0, flags=0x400
D/PowerManagerService(  588): acquireWakeLock(4216a098): CPU_MIN_FREQ , tag=AbsListViewScroll_5.0, flags=0x100, pid=19289, uid=10220, mUserState=0x3
D/PowerManagerService(  588): acquireWakeLock(42103230): CPU_MIN_NUM , tag=AbsListViewScroll_5.0, flags=0x400, pid=19289, uid=10220, mUserState=0x3
W/PackageParser(19289): No actions in intent filter at /storage/sdcard0/Download/GiftMe-release.apk Binary XML file line #15
D/PowerManagerService(  588): releaseWakeLock(4216a098): CPU_MIN_FREQ , tag=AbsListViewScroll_5.0, flags=0x100
D/PowerManagerService(  588): releaseWakeLock(42103230): CPU_MIN_NUM , tag=AbsListViewScroll_5.0, flags=0x400
W/CpuWake (  588): >>nativeAcquireCpuPerfWakeLock()
W/CpuWake (  588): <<nativeAcquireCpuPerfWakeLock()
I/ActivityManager(  588): START {act=android.intent.action.VIEW cat=[android.intent.category.DEFAULT] dat=file typ=application/vnd.android.package-archive flg=0x10000 cmp=android/com.android.internal.app.ResolverActivity u=0} from pid 19289
D/PowerManagerService(  588): acquireWakeLock(428d7668): PARTIAL_WAKE_LOCK , tag=ActivityManager-Launch, flags=0x1, pid=588, uid=1000, mUserState=0x3
D/PowerManagerService(  588): releaseWakeLock(428d7668): PARTIAL_WAKE_LOCK , tag=ActivityManager-Launch, flags=0x1
D/PowerManagerService(  588): acquireWakeLock(42a9cb78): CPU_MIN_FREQ , tag=AbsListViewScroll_5.0, flags=0x100, pid=588, uid=1000, mUserState=0x3
D/PowerManagerService(  588): acquireWakeLock(42a71440): CPU_MIN_NUM , tag=AbsListViewScroll_5.0, flags=0x400, pid=588, uid=1000, mUserState=0x3
D/PowerManagerService(  588): releaseWakeLock(42a9cb78): CPU_MIN_FREQ , tag=AbsListViewScroll_5.0, flags=0x100
D/PowerManagerService(  588): releaseWakeLock(42a71440): CPU_MIN_NUM , tag=AbsListViewScroll_5.0, flags=0x400
W/CpuWake (  588): >>nativeReleaseCpuPerfWakeLock()
W/CpuWake (  588): <<nativeReleaseCpuPerfWakeLock()
W/CpuWake (  588): >>nativeAcquireCpuPerfWakeLock()
W/CpuWake (  588): <<nativeAcquireCpuPerfWakeLock()
I/ActivityManager(  588): START {act=android.intent.action.VIEW cat=[android.intent.category.DEFAULT] dat=file typ=application/vnd.android.package-archive flg=0x3010000 cmp=com.android.vending/com.google.android.vending.verifier.PackageVerificationActivity u=0} from pid 588
D/PowerManagerService(  588): acquireWakeLock(42921158): PARTIAL_WAKE_LOCK , tag=ActivityManager-Launch, flags=0x1, pid=588, uid=1000, mUserState=0x3
W/InputMethodManagerService(  588): Window already focused, ignoring focus gain of: com.android.internal.view.IInputMethodClient$Stub$Proxy@41cd7db0 attribute=null
D/PowerManagerService(  588): releaseWakeLock(42921158): PARTIAL_WAKE_LOCK , tag=ActivityManager-Launch, flags=0x1
W/PackageParser(19122): No actions in intent filter at /storage/sdcard0/Download/GiftMe-release.apk Binary XML file line #15
W/WindowManager(  588): Rebuild removed 7 windows but added 6
W/WindowManager(  588): This window was lost: Window{42618398 android/com.android.internal.app.ResolverActivity paused=false}
W/WindowManager(  588): mSession=Session{422595d8 uid 1000} mClient=android.view.ViewRootImpl$W@427f98c0
W/WindowManager(  588): mAttrs=WM.LayoutParams{(0,0)(1.0,1.0)(wrapxwrap) sim=#20 ty=1 fl=#820002 efl=#0 pfl=0x8 fmt=-2 wanim=0x1030290}
W/WindowManager(  588): Requested w=513 h=340 mLayoutSeq=15725
W/WindowManager(  588): mBaseLayer=21000 mSubLayer=0 mAnimLayer=21035+0=21035 mLastLayer=21035
W/WindowManager(  588): mToken=AppWindowToken{42c48c38 token=Token{41d62dd8 ActivityRecord{425783a0 android/com.android.internal.app.ResolverActivity}}}
W/WindowManager(  588): mRootToken=AppWindowToken{42c48c38 token=Token{41d62dd8 ActivityRecord{425783a0 android/com.android.internal.app.ResolverActivity}}}
W/WindowManager(  588): mAppToken=AppWindowToken{42c48c38 token=Token{41d62dd8 ActivityRecord{425783a0 android/com.android.internal.app.ResolverActivity}}}
W/WindowManager(  588): mViewVisibility=0x8 mHaveFrame=true mObscured=false
W/WindowManager(  588): mSeq=0 mSystemUiVisibility=0x0
W/WindowManager(  588): mGivenContentInsets=[0,0][0,0] mGivenVisibleInsets=[0,0][0,0]
W/WindowManager(  588): mConfiguration={1.0 272mcc2mnc en_FR sw360dp w360dp h614dp nrml long port finger -keyb/v/h -nav/h s.57 skin=default fontsize=3 hasNavBar=0}
W/WindowManager(  588): mHasSurface=true mShownFrame=[13.0,329.0][526.0,669.0]
W/WindowManager(  588): mFrame=[13,329][526,669] last=[13,329][526,669]
W/WindowManager(  588): mSystemDecorRect=[0,0][513,340] last=[0,0][513,340]
W/WindowManager(  588): Frames: containing=[0,38][540,960] parent=[0,38][540,960] display=[0,38][540,960]
W/WindowManager(  588):     content=[13,329][526,669] visible=[13,329][526,669]
W/WindowManager(  588): Cur insets: content=[0,0][0,0] visible=[0,0][0,0]
W/WindowManager(  588): Lst insets: content=[0,0][0,0] visible=[0,0][0,0]
W/WindowManager(  588): mSurface=Surface(name=android/com.android.internal.app.ResolverActivity, identity=2519)
W/WindowManager(  588): mDrawState=HAS_DRAWN mLastHidden=true
W/WindowManager(  588): Surface: shown=false layer=21035 alpha=0.0 rect=(13.0,329.0) 513.0 x 340.0
W/WindowManager(  588): mShownAlpha=1.0 mAlpha=1.0 mLastAlpha=0.0
W/WindowManager(  588): mExiting=false mRemoveOnExit=false mDestroying=true mRemoved=false
W/WindowManager(  588): Current app token list:
V/WindowManager(  588):   #19: Token{429e7768 ActivityRecord{425616c0 com.rhmsoft.fm/.FileManager}}
V/WindowManager(  588):   #18: Token{4290d6a8 ActivityRecord{421f0dd8 com.htc.launcher/.Launcher}}
V/WindowManager(  588):   #17: Token{428aac58 ActivityRecord{41f75620 co.giftmeapp.gift_me/.GiftMe}}
V/WindowManager(  588):   #16: Token{4267bda8 ActivityRecord{4267bc60 com.htc.android.worldclock/.WorldClockTabControl}}
V/WindowManager(  588):   #15: Token{41c5ef58 ActivityRecord{4234cb80 com.htc.notes/.detail.NotesDetailActivity}}
V/WindowManager(  588):   #14: Token{424de118 ActivityRecord{42311518 com.htc.notes/.collection.NoteCollectionActivity}}
V/WindowManager(  588):   #13: Token{42a87a80 ActivityRecord{42b8ebd8 com.htc.android.mail/.MultipleActivitiesMain}}
V/WindowManager(  588):   #12: Token{424b5640 ActivityRecord{424b3b48 com.htc.calendar/.CalendarActivityMain}}
V/WindowManager(  588):   #11: Token{42802990 ActivityRecord{42852e88 ru.yandex.translate/.activities.MainActivity}}
V/WindowManager(  588):   #10: Token{42fdbb60 ActivityRecord{4207f688 ru.mail.mailapp/ru.mail.ui.ReadRegularActivity}}
V/WindowManager(  588):   #9: Token{421ad530 ActivityRecord{424b25c0 com.vkontakte.android/.FragmentWrapperActivity}}
V/WindowManager(  588):   #8: Token{422f01e0 ActivityRecord{4290ac20 com.vkontakte.android/.FragmentWrapperActivity}}
V/WindowManager(  588):   #7: Token{42b50bb0 ActivityRecord{42b42a68 com.vkontakte.android/.MainActivity}}
V/WindowManager(  588):   #6: Token{42368240 ActivityRecord{425103b8 com.facebook.katana/.activity.FbMainTabActivity}}
V/WindowManager(  588):   #5: Token{4300fc90 ActivityRecord{41cadb68 com.instagram.android/.creation.activity.MediaCaptureActivity}}
V/WindowManager(  588):   #4: Token{42dde7b8 ActivityRecord{42dde670 com.instagram.android/.activity.MainTabActivity}}
V/WindowManager(  588):   #3: Token{426ee400 ActivityRecord{420a2560 com.htc.Weather/.WeatherActivity}}
V/WindowManager(  588):   #2: Token{429ca238 ActivityRecord{429ca0f0 com.android.htccontacts/.DialerTabActivity}}
V/WindowManager(  588):   #1: Token{4236c2d0 ActivityRecord{42312588 com.google.android.apps.ads.express/.activities.SelectBusinessActivity}}
V/WindowManager(  588):   #0: Token{430129a8 ActivityRecord{4209c168 com.android.phone/.InCallScreen}}
W/WindowManager(  588): Final window list:
V/WindowManager(  588):   #12: Window{424cf900 SearchPanel paused=false}
V/WindowManager(  588):   #11: Window{4269e708 StatusBar paused=false}
V/WindowManager(  588):   #10: Window{4205b3c0 Keyguard paused=false}
V/WindowManager(  588):   #9: Window{4264ab90 com.htc.weatheridlescreen.service.WISService paused=false}
V/WindowManager(  588):   #8: Window{428575c0 NavigationBar paused=false}
V/WindowManager(  588):   #7: Window{42664f98 InputMethod paused=false}
V/WindowManager(  588):   #6: Window{425f2d78 com.rhmsoft.fm/com.rhmsoft.fm.FileManager paused=false}
V/WindowManager(  588):   #5: Window{429dc268 com.htc.launcher/com.htc.launcher.Launcher paused=false}
V/WindowManager(  588):   #4: Window{42a6a900 SurfaceView paused=false}
V/WindowManager(  588):   #3: Window{428cfc18 co.giftmeapp.gift_me/co.giftmeapp.gift_me.GiftMe paused=false}
V/WindowManager(  588):   #2: Window{4236e6c0 com.android.htccontacts/com.android.htccontacts.DialerTabActivity paused=false}
V/WindowManager(  588):   #1: Window{426469b0 com.android.phone/com.android.phone.InCallScreen paused=false}
V/WindowManager(  588):   #0: Window{42059e98 com.android.systemui.ImageWallpaper paused=false}
W/CpuWake (  588): >>nativeAcquireCpuPerfWakeLock()
W/CpuWake (  588): <<nativeAcquireCpuPerfWakeLock()
I/ActivityManager(  588): START {act=android.intent.action.VIEW cat=[android.intent.category.DEFAULT] dat=file typ=application/vnd.android.package-archive flg=0x13810000 pkg=com.android.packageinstaller cmp=com.android.packageinstaller/.PackageInstallerActivity (has extras) u=0} from pid 19122
D/PowerManagerService(  588): acquireWakeLock(424db378): PARTIAL_WAKE_LOCK , tag=ActivityManager-Launch, flags=0x1, pid=588, uid=1000, mUserState=0x3
I/ActivityManager(  588): Start proc com.android.packageinstaller for activity com.android.packageinstaller/.PackageInstallerActivity: pid=19377 uid=10135 gids={1028}
W/PackageParser(19377): No actions in intent filter at /storage/sdcard0/Download/GiftMe-release.apk Binary XML file line #15
V/InputMethodManagerService(  588): unbindCurrentInputLocked: client = android.os.BinderProxy@428d1b00
I/InputMethodManagerService(  588): Disable input method client.
V/InputMethodManagerService(  588): switching to client: client = android.os.BinderProxy@425233e0
I/InputMethodManagerService(  588): Enable input method client.
D/PowerManagerService(  588): releaseWakeLock(424db378): PARTIAL_WAKE_LOCK , tag=ActivityManager-Launch, flags=0x1
W/CpuWake (  588): >>nativeReleaseCpuPerfWakeLock()
W/CpuWake (  588): <<nativeReleaseCpuPerfWakeLock()
W/InputMethodManagerService(  588): Window already focused, ignoring focus gain of: com.android.internal.view.IInputMethodClient$Stub$Proxy@42a20928 attribute=null
W/CpuWake (  588): >>nativeReleaseCpuPerfWakeLock()
W/CpuWake (  588): <<nativeReleaseCpuPerfWakeLock()
W/CpuWake (  588): >>nativeAcquireCpuPerfWakeLock()
W/CpuWake (  588): <<nativeAcquireCpuPerfWakeLock()
I/ActivityManager(  588): START {dat=file cmp=com.android.packageinstaller/.InstallAppProgress (has extras) u=0} from pid 19377
D/PowerManagerService(  588): acquireWakeLock(42b50ce0): PARTIAL_WAKE_LOCK , tag=ActivityManager-Launch, flags=0x1, pid=588, uid=1000, mUserState=0x3
I/ActivityManager(  588): Start proc com.android.defcontainer for service com.android.defcontainer/.DefaultContainerService: pid=19411 uid=10021 gids={1015, 2001, 5005, 1028}
D/PowerManagerService(  588): releaseWakeLock(42b50ce0): PARTIAL_WAKE_LOCK , tag=ActivityManager-Launch, flags=0x1
W/ActivityManager(  588): No content provider found for permission revoke: file:///storage/sdcard0/Download/GiftMe-release.apk
W/ActivityManager(  588): No content provider found for permission revoke: file:///storage/sdcard0/Download/GiftMe-release.apk
W/PackageParser(  588): No actions in intent filter at /data/app/vmdl-448395897.tmp Binary XML file line #15
I/ActivityManager(  588): Force stopping package co.giftmeapp.gift_me uid=10138
I/ActivityManager(  588): Killing proc 18956:co.giftmeapp.gift_me/u0a138: force stop
I/ActivityManager(  588):   Force finishing activity ActivityRecord{41f75620 co.giftmeapp.gift_me/.GiftMe}
I/WindowState(  588): WIN DEATH: Window{428cfc18 co.giftmeapp.gift_me/co.giftmeapp.gift_me.GiftMe paused=true}
W/CpuWake (  588): >>nativeReleaseCpuPerfWakeLock()
W/CpuWake (  588): <<nativeReleaseCpuPerfWakeLock()
I/PackageManager(  588): Package co.giftmeapp.gift_me codePath changed from /data/app/co.giftmeapp.gift_me-1.apk to /data/app/co.giftmeapp.gift_me-2.apk; Retaining data and using new
I/ActivityManager(  588): Force stopping package co.giftmeapp.gift_me uid=10138
W/PackageManager(  588): Code path for pkg : co.giftmeapp.gift_me changing from /data/app/co.giftmeapp.gift_me-1.apk to /data/app/co.giftmeapp.gift_me-2.apk
W/PackageManager(  588): Resource path for pkg : co.giftmeapp.gift_me changing from /data/app/co.giftmeapp.gift_me-1.apk to /data/app/co.giftmeapp.gift_me-2.apk
I/ActivityManager(  588): Force stopping package co.giftmeapp.gift_me uid=10138
I/ActivityManager(  588): Start proc com.android.keychain for broadcast com.android.keychain/.KeyChainBroadcastReceiver: pid=19433 uid=1000 gids={1015, 3002, 3001, 3003, 1028, 5006, 3007, 3006, 2001, 1007}
I/ActivityManager(  588): Start proc com.htc.providers.settings:remote for content provider com.htc.providers.settings/.HtcPowerManagerProvider: pid=19445 uid=10202 gids={1028}
I/ActivityManager(  588): Start proc com.htc.opensense.social for broadcast com.htc.opensense/.pluginmanager.RegisterReceiver: pid=19457 uid=10014 gids={2001, 3003, 1015, 1028, 1006, 5005, 3002, 3001, 5003}
I/ActivityManager(  588): Start proc com.android.settings for broadcast com.android.settings/.framework.content.plugin.HtcPluginReceiver: pid=19472 uid=1000 gids={1015, 3002, 3001, 3003, 1028, 5006, 3007, 3006, 2001, 1007}
I/ActivityManager(  588): Start proc com.facebook.katana:dash for broadcast com.facebook.katana/com.facebook.dash.receivers.DashPackageUninstallReceiver: pid=19487 uid=10028 gids={1006, 1015, 1028, 3003}
I/ActivityManager(  588): Recipient 19122
I/ActivityManager(  588): Process com.android.vending (pid 19122) has died.
I/ActivityManager(  588): Recipient 18825
W/ActivityManager(  588): Scheduling restart of crashed service com.android.vending/com.google.android.finsky.billing.iab.InAppBillingService in 5000ms
I/ActivityManager(  588): Process com.google.android.tts (pid 18825) has died.
W/CpuWake (  588): >>nativeAcquireCpuPerfWakeLock()
W/CpuWake (  588): <<nativeAcquireCpuPerfWakeLock()
I/ActivityManager(  588): START {act=android.intent.action.MAIN cat=[android.intent.category.LAUNCHER] flg=0x10000000 pkg=co.giftmeapp.gift_me cmp=co.giftmeapp.gift_me/.GiftMe u=0} from pid 19377
D/PowerManagerService(  588): acquireWakeLock(4267d690): PARTIAL_WAKE_LOCK , tag=ActivityManager-Launch, flags=0x1, pid=588, uid=1000, mUserState=0x3
I/ActivityManager(  588): Start proc co.giftmeapp.gift_me for activity co.giftmeapp.gift_me/.GiftMe: pid=19503 uid=10138 gids={3003, 1015, 1028}
D/PowerManagerService(  588): acquireWakeLock(428b55d0): CPU_MIN_FREQ , tag=WindowManager-ScreenRotation-Freq, flags=0x100, pid=588, uid=1000, mUserState=0x3
D/PowerManagerService(  588): acquireWakeLock(4288aba0): CPU_MIN_NUM , tag=WindowManager-ScreenRotation-Num, flags=0x400, pid=588, uid=1000, mUserState=0x3
D/PowerManagerService(  588): acquireWakeLock(42556228): PARTIAL_WAKE_LOCK , tag=SCREEN_FROZEN, flags=0x1, pid=588, uid=1000, mUserState=0x3
I/ActivityManager(  588): Config changed: {1.0 272mcc2mnc en_FR sw360dp w360dp h566dp nrml long port finger -keyb/v/h -nav/h s.58 skin=default fontsize=3 hasNavBar=1}
--------- beginning of /dev/log/main
D/SizeAdaptiveLayout(  811): com.android.internal.widget.SizeAdaptiveLayout@41e4aab0child view android.widget.FrameLayout@41f7aed0 measured out of bounds at 95px clamped to 96px
D/PowerManagerService(  588): releaseWakeLock(42556228): PARTIAL_WAKE_LOCK , tag=SCREEN_FROZEN, flags=0x1
D/PhoneApp(  946): EVENT_QUERY_MO_PACKAGES
D/PhoneApp(  946): -- N1 =0
D/PhoneApp(  946): -- N2 =0
D/PhoneApp(  946): -- N3 =0
D/CombinedWidgetProvider( 1222): addAppWidget: WidgetSummary(Podcast Addict/APP_WIDGET/[I@422028e8 x [I@42202908/-1/ComponentInfo{com.bambuna.podcastaddict/com.bambuna.podcastaddict.widget.HorizontalWidgetProvider})
D/CombinedWidgetProvider( 1222): addAppWidget: WidgetSummary(Podcast Addict/APP_WIDGET/[I@4215b870 x [I@4215b890/-1/ComponentInfo{com.bambuna.podcastaddict/com.bambuna.podcastaddict.widget.LargeWidgetProvider})
D/CombinedWidgetProvider( 1222): addAppWidget: WidgetSummary(Bookmarks/APP_WIDGET/[I@41fac760 x [I@41fac780/-1/ComponentInfo{com.android.browser/com.android.browser.widget.BookmarkThumbnailWidgetProvider})
D/CombinedWidgetProvider( 1222): addAppWidget: WidgetSummary(Calendar/APP_WIDGET/[I@4227d398 x [I@4227d3b8/-1/ComponentInfo{com.htc.calendar/com.htc.calendar.app.widget.CalendarAppWidgetProvider})
D/CombinedWidgetProvider( 1222): addAppWidget: WidgetSummary(Deezer/APP_WIDGET/[I@4220dbe8 x [I@4220dc08/-1/ComponentInfo{deezer.android.app/deezer.android.widget.DeezerWidgetProvider})
D/CombinedWidgetProvider( 1222): addAppWidget: WidgetSummary(Power control/APP_WIDGET/[I@41e2c0d0 x [I@41e2c0f0/-1/ComponentInfo{com.android.settings/com.android.settings.widget.SettingsAppWidgetProvider})
D/CombinedWidgetProvider( 1222): addAppWidget: WidgetSummary(TuneIn Radio/APP_WIDGET/[I@421dbeb8 x [I@421dbed8/-1/ComponentInfo{tunein.player/tunein.library.widget.TuneInWidgetProvider})
D/CombinedWidgetProvider( 1222): addAppWidget: WidgetSummary(Twitter (large)/APP_WIDGET/[I@422064b8 x [I@422064d8/-1/ComponentInfo{com.twitter.android/com.twitter.android.client.WidgetLargeProvider})
D/CombinedWidgetProvider( 1222): addAppWidget: WidgetSummary(Twitter (small)/APP_WIDGET/[I@42256cd0 x [I@42256cf0/-1/ComponentInfo{com.twitter.android/com.twitter.android.client.WidgetSmallProvider})
D/CombinedWidgetProvider( 1222): addAppWidget: WidgetSummary(Facebook Status/APP_WIDGET/[I@41f1d738 x [I@41f1d758/-1/ComponentInfo{com.facebook.katana/com.facebook.katana.FacebookWidgetProvider})
D/CombinedWidgetProvider( 1222): addAppWidget: WidgetSummary(Facebook Buttons/APP_WIDGET/[I@41e2cd40 x [I@41e2cd60/-1/ComponentInfo{com.facebook.katana/com.facebook.katana.FacebookControlWidgetProvider})
D/CombinedWidgetProvider( 1222): addAppWidget: WidgetSummary(Play Store/APP_WIDGET/[I@41de03e8 x [I@41d71590/-1/ComponentInfo{com.android.vending/com.android.vending.MarketWidgetProvider})
D/CombinedWidgetProvider( 1222): addAppWidget: WidgetSummary(Play - My Library/APP_WIDGET/[I@4205caf0 x [I@42178648/-1/ComponentInfo{com.android.vending/com.google.android.finsky.widget.consumption.NowPlayingWidgetProvider})
D/CombinedWidgetProvider( 1222): addAppWidget: WidgetSummary(Play Recommendations/APP_WIDGET/[I@41fca150 x [I@41fca170/-1/ComponentInfo{com.android.vending/com.google.android.finsky.widget.recommendation.RecommendedWidgetProvider})
D/CombinedWidgetProvider( 1222): addAppWidget: WidgetSummary(Lookout/APP_WIDGET/[I@42104488 x [I@421044a8/-1/ComponentInfo{com.lookout/com.lookout.ui.DashboardWidgetProvider})
D/CombinedWidgetProvider( 1222): addAppWidget: WidgetSummary(Gmail/APP_WIDGET/[I@42153530 x [I@41f8e2a8/-1/ComponentInfo{com.google.android.gm/com.google.android.gm.widget.GmailWidgetProvider})
D/CombinedWidgetProvider( 1222): addAppWidget: WidgetSummary(Hangouts/APP_WIDGET/[I@42204f60 x [I@42204f80/-1/ComponentInfo{com.google.android.talk/com.google.android.apps.hangouts.widget.BabelWidgetProvider})
D/CombinedWidgetProvider( 1222): addAppWidget: WidgetSummary(Google Play Books/APP_WIDGET/[I@421e5c78 x [I@41d887b8/-1/ComponentInfo{com.google.android.apps.books/com.google.android.apps.books.appwidget.BooksAppWidgetProvider})
D/CombinedWidgetProvider( 1222): addAppWidget: WidgetSummary(News & Weather/APP_WIDGET/[I@41d22a48 x [I@41d22a68/-1/ComponentInfo{com.google.android.apps.genie.geniewidget/com.google.android.apps.genie.geniewidget.miniwidget.MiniWidgetProvider})
D/CombinedWidgetProvider( 1222): addAppWidget: WidgetSummary(News & Weather/APP_WIDGET/[I@420ef160 x [I@420ef180/-1/ComponentInfo{com.google.android.apps.genie.geniewidget/com.google.android.apps.genie.geniewidget.miniwidget.MiniDarkWidgetProvider})
D/CombinedWidgetProvider( 1222): addAppWidget: WidgetSummary(News & Weather/APP_WIDGET/[I@41d1fcf0 x [I@41d1fd10/-1/ComponentInfo{com.google.android.apps.genie.geniewidget/com.google.android.apps.genie.geniewidget.appwidget.NewsWeatherAppWidgetProvider})
V/MfLog   (  968): BrowseLayerCarouselFragment{41c98c60 #0 id=0x36f8056f}, onConfigurationChanged
D/CombinedWidgetProvider( 1222): addAppWidget: WidgetSummary(News & Weather/APP_WIDGET/[I@41de1b40 x [I@41de1b60/-1/ComponentInfo{com.google.android.apps.genie.geniewidget/com.google.android.apps.genie.geniewidget.appwidget.NewsWeatherAppDarkWidgetProvider})
D/CombinedWidgetProvider( 1222): addAppWidget: WidgetSummary(Google+ posts/APP_WIDGET/[I@4224f340 x [I@4225b5d8/-1/ComponentInfo{com.google.android.apps.plus/com.google.android.apps.plus.widget.EsWidgetProvider})
D/CombinedWidgetProvider( 1222): addAppWidget: WidgetSummary(Google+ User Locations/APP_WIDGET/[I@4227fda0 x [I@4227fdc0/-1/ComponentInfo{com.google.android.apps.plus/com.google.android.apps.plus.widget.locations.LocationsWidgetProvider})
D/CombinedWidgetProvider( 1222): addAppWidget: WidgetSummary(Google Play Music/APP_WIDGET/[I@42078f00 x [I@42078f20/-1/ComponentInfo{com.google.android.music/com.android.music.MediaAppWidgetProvider})
D/CombinedWidgetProvider( 1222): addAppWidget: WidgetSummary(Google Play Music/APP_WIDGET/[I@420b37a0 x [I@420b37c0/-1/ComponentInfo{com.google.android.music/com.google.android.music.homewidgets.IFLWidgetProvider})
D/CombinedWidgetProvider( 1222): addAppWidget: WidgetSummary(Google App/APP_WIDGET/[I@42284760 x [I@42284780/-1/ComponentInfo{com.google.android.googlequicksearchbox/com.google.android.googlequicksearchbox.SearchWidgetProvider})
D/CombinedWidgetProvider( 1222): addAppWidget: WidgetSummary(Google Now/APP_WIDGET/[I@41d7f738 x [I@41d7f758/-1/ComponentInfo{com.google.android.googlequicksearchbox/com.google.android.apps.sidekick.widget.PredictiveCardsWidgetProvider})
D/CombinedWidgetProvider( 1222): addAppWidget: WidgetSummary(Mail/APP_WIDGET/[I@42133980 x [I@421339a0/-1/ComponentInfo{ru.mail.mailapp/ru.mail.ctrl.MailAppWidget})
D/CombinedWidgetProvider( 1222): addAppWidget: WidgetSummary(WhatsApp/APP_WIDGET/[I@4210e1e8 x [I@4210e208/-1/ComponentInfo{com.whatsapp/com.whatsapp.appwidget.WidgetProvider})
D/CombinedWidgetProvider( 1222): addAppWidget: WidgetSummary(Pinterest/APP_WIDGET/[I@420e8090 x [I@420e80b0/-1/ComponentInfo{com.pinterest/com.pinterest.appwidget.PWidgetProvider})
D/CombinedWidgetProvider( 1222): addAppWidget: WidgetSummary(Bookmarks/APP_WIDGET/[I@420ee728 x [I@420ee748/-1/ComponentInfo{com.android.chrome/com.google.android.apps.chrome.appwidget.bookmarks.BookmarkThumbnailWidgetProvider})
D/CombinedWidgetProvider( 1222): addAppWidget: WidgetSummary(VLC mini player/APP_WIDGET/[I@42179e70 x [I@42179e90/-1/ComponentInfo{org.videolan.vlc.betav7neon/org.videolan.vlc.betav7neon.widget.VLCAppWidgetProvider})
D/memalloc(  242): ion: Allocated buffer base:0x4288b000 size:208896 fd:56
D/memalloc(  242): ion: Allocated buffer base:0x40090000 size:4096 fd:58
D/memalloc(  811): ion: Mapped buffer base:0x53b26000 size:208896 offset:0 fd:101
D/memalloc(  811): ion: Mapped buffer base:0x50ba3000 size:4096 offset:0 fd:103
D/CarrierLabel(  811): CarrierLabel mIntentReceiver : android.intent.action.CONFIGURATION_CHANGED
D/CarrierLabel(  811): updateResources()
W/CarrierLabel(  811): updateNetworkNameExt: mSimState = UNKNOWN
D/CarrierLabel(  811): updateNetworkName showSpn=false spn= showPlmn=true plmn=3
D/CombinedWidgetProvider( 1222): addAppWidget: WidgetSummary(VK  music/APP_WIDGET/[I@421ce7a0 x [I@421ce7c0/-1/ComponentInfo{com.vkontakte.android/com.vkontakte.android.PlayerWidget})
D/PowerManagerService(  588): acquireWakeLock(424e5050): PARTIAL_WAKE_LOCK , tag=AlarmManager, flags=0x1, pid=588, uid=1000, mUserState=0x3
V/AlarmManager(  588): sending alarm PendingIntent{422c63f8: PendingIntentRecord{42482cd0 android broadcastIntent}}, intent=android.intent.action.TIME_TICK, type=RTC, count=1, when=1427830440000, repeateInterval=0
D/CombinedWidgetProvider( 1222): addAppWidget: WidgetSummary(VK  music (big)/APP_WIDGET/[I@4225ad58 x [I@4225ad78/-1/ComponentInfo{com.vkontakte.android/com.vkontakte.android.PlayerBigWidget})
D/CombinedWidgetProvider( 1222): addAppWidget: WidgetSummary(Bitcoin Wallet Balance/APP_WIDGET/[I@4221fbc0 x [I@4221fbe0/-1/ComponentInfo{de.schildbach.wallet/de.schildbach.wallet.WalletBalanceWidgetProvider})
D/CombinedWidgetProvider( 1222): -addAppWidget
D/CombinedWidgetProvider( 1222): +addHtcWidgets, cat: -1
D/CombinedWidgetProvider( 1222):  uri: content://com.htc.launcher.widget.htcwidget/htcwidgets?widget_only=true
V/MfLog   (  968): Dialer{41e2b700 #1 id=0x40000001 i94pr4.BrowseLayerCarouselFragment.1.PEOPLE_DIALER}, onConfigurationChanged
I/CordovaLog(19503): Changing log level to DEBUG(3)
D/CordovaActivity(19503): CordovaActivity.init()
W/dalvikvm(19503): VFY: unable to resolve static method 265: Landroid/webkit/WebView;.setWebContentsDebuggingEnabled (Z)V
W/dalvikvm(19503): VFY: unable to resolve virtual method 200: Landroid/webkit/CookieManager;.setAcceptThirdPartyCookies (Landroid/webkit/WebView;Z)V
D/HtcWidgetProvider( 1222): row 0
D/CombinedWidgetProvider( 1222): -addHtcWidgets
D/CombinedWidgetProvider( 1222): +addFxWidgets , provider: null
D/FxWidgetProviderInfoCollector( 1222): getAllStyles + [Ljava.lang.String;@41c2cb78 @ 
E/ExternalAccountType(  968): Unsupported attribute readOnly
D/FxWidgetProvider( 1222): row 61
D/AccountTypeManager(  968): Registering extension package account type=com.google, dataSet=plus, packageName=com.google.android.apps.plus
I/AccountTypeManager(  968): Loaded meta-data for 14 account types, 12 accounts in 2413ms(wall) 211ms(cpu)
D/AccountTypeManager(  968): Registering external account type=ru.mail, packageName=ru.mail.mailapp
W/ResourceType(  968): getEntry failing because entryIndex 432 is beyond type entryCount 136
W/ResourceType(  968): Failure getting entry for 0x7f0201b0 (t=1 e=432) in package 0 (error -2147483647)
D/AccountTypeManager(  968): Registering external account type=com.whatsapp, packageName=com.whatsapp
W/ResourceType(  968): getEntry failing because entryIndex 1392 is beyond type entryCount 136
W/ResourceType(  968): Failure getting entry for 0x7f020570 (t=1 e=1392) in package 0 (error -2147483647)
