W/ContextImpl( 1295): Calling a method in the system process without a qualified user: android.app.ContextImpl.sendBroadcast:1252 android.content.ContextWrapper.sendBroadcast:365 com.motorola.motocare.util.TriggerHelper$TriggerBuilder.send:76 com.motorola.motocare.internal.frameworkevents.ProcessKillTrigger.sendTrigger:147 com.motorola.motocare.internal.frameworkevents.ProcessKillTrigger.handleLmkKill:337 
W/ContextImpl( 1295): Calling a method in the system process without a qualified user: android.app.ContextImpl.sendBroadcast:1252 android.content.ContextWrapper.sendBroadcast:365 com.motorola.motocare.util.TriggerHelper$TriggerBuilder.send:76 com.motorola.motocare.internal.frameworkevents.ProcessKillTrigger.sendTrigger:147 com.motorola.motocare.internal.frameworkevents.ProcessKillTrigger.handleLmkKill:337 
W/ContextImpl( 1295): Calling a method in the system process without a qualified user: android.app.ContextImpl.sendBroadcast:1252 android.content.ContextWrapper.sendBroadcast:365 com.motorola.motocare.util.TriggerHelper$TriggerBuilder.send:76 com.motorola.motocare.internal.frameworkevents.ProcessKillTrigger.sendTrigger:147 com.motorola.motocare.internal.frameworkevents.ProcessKillTrigger.handleLmkKill:337 
W/ContextImpl( 1295): Calling a method in the system process without a qualified user: android.app.ContextImpl.sendBroadcast:1252 android.content.ContextWrapper.sendBroadcast:365 com.motorola.motocare.util.TriggerHelper$TriggerBuilder.send:76 com.motorola.motocare.internal.frameworkevents.ProcessKillTrigger.sendTrigger:147 com.motorola.motocare.internal.frameworkevents.ProcessKillTrigger.handleLmkKill:337 
W/ContextImpl( 1295): Calling a method in the system process without a qualified user: android.app.ContextImpl.sendBroadcast:1252 android.content.ContextWrapper.sendBroadcast:365 com.motorola.motocare.util.TriggerHelper$TriggerBuilder.send:76 com.motorola.motocare.internal.frameworkevents.ProcessKillTrigger.sendTrigger:147 com.motorola.motocare.internal.frameworkevents.ProcessKillTrigger.handleLmkKill:337 
W/ContextImpl( 1295): Calling a method in the system process without a qualified user: android.app.ContextImpl.sendBroadcast:1252 android.content.ContextWrapper.sendBroadcast:365 com.motorola.motocare.util.TriggerHelper$TriggerBuilder.send:76 com.motorola.motocare.internal.frameworkevents.ProcessKillTrigger.sendTrigger:147 com.motorola.motocare.internal.frameworkevents.ProcessKillTrigger.handleLmkKill:337 
W/ContextImpl( 1295): Calling a method in the system process without a qualified user: android.app.ContextImpl.sendBroadcast:1252 android.content.ContextWrapper.sendBroadcast:365 com.motorola.motocare.util.TriggerHelper$TriggerBuilder.send:76 com.motorola.motocare.internal.frameworkevents.ProcessKillTrigger.sendTrigger:147 com.motorola.motocare.internal.frameworkevents.ProcessKillTrigger.handleLmkKill:337 
W/ContextImpl( 1295): Calling a method in the system process without a qualified user: android.app.ContextImpl.sendBroadcast:1252 android.content.ContextWrapper.sendBroadcast:365 com.motorola.motocare.util.TriggerHelper$TriggerBuilder.send:76 com.motorola.motocare.internal.frameworkevents.ProcessKillTrigger.sendTrigger:147 com.motorola.motocare.internal.frameworkevents.ProcessKillTrigger.handleLmkKill:337 
W/ContextImpl( 1295): Calling a method in the system process without a qualified user: android.app.ContextImpl.sendBroadcast:1252 android.content.ContextWrapper.sendBroadcast:365 com.motorola.motocare.util.TriggerHelper$TriggerBuilder.send:76 com.motorola.motocare.internal.frameworkevents.ProcessKillTrigger.sendTrigger:147 com.motorola.motocare.internal.frameworkevents.ProcessKillTrigger.handleLmkKill:337 
W/ContextImpl( 1295): Calling a method in the system process without a qualified user: android.app.ContextImpl.sendBroadcast:1252 android.content.ContextWrapper.sendBroadcast:365 com.motorola.motocare.util.TriggerHelper$TriggerBuilder.send:76 com.motorola.motocare.internal.frameworkevents.ProcessKillTrigger.sendTrigger:147 com.motorola.motocare.internal.frameworkevents.ProcessKillTrigger.handleLmkKill:337 
W/ContextImpl( 1295): Calling a method in the system process without a qualified user: android.app.ContextImpl.sendBroadcast:1252 android.content.ContextWrapper.sendBroadcast:365 com.motorola.motocare.util.TriggerHelper$TriggerBuilder.send:76 com.motorola.motocare.internal.frameworkevents.ProcessKillTrigger.sendTrigger:147 com.motorola.motocare.internal.frameworkevents.ProcessKillTrigger.handleLmkKill:337 
W/ContextImpl( 1295): Calling a method in the system process without a qualified user: android.app.ContextImpl.sendBroadcast:1252 android.content.ContextWrapper.sendBroadcast:365 com.motorola.motocare.util.TriggerHelper$TriggerBuilder.send:76 com.motorola.motocare.internal.frameworkevents.ProcessKillTrigger.sendTrigger:147 com.motorola.motocare.internal.frameworkevents.ProcessKillTrigger.handleLmkKill:337 
W/ContextImpl( 1295): Calling a method in the system process without a qualified user: android.app.ContextImpl.sendBroadcast:1252 android.content.ContextWrapper.sendBroadcast:365 com.motorola.motocare.util.TriggerHelper$TriggerBuilder.send:76 com.motorola.motocare.internal.frameworkevents.ProcessKillTrigger.sendTrigger:147 com.motorola.motocare.internal.frameworkevents.ProcessKillTrigger.handleLmkKill:337 
W/ContextImpl( 1295): Calling a method in the system process without a qualified user: android.app.ContextImpl.sendBroadcast:1252 android.content.ContextWrapper.sendBroadcast:365 com.motorola.motocare.util.TriggerHelper$TriggerBuilder.send:76 com.motorola.motocare.internal.frameworkevents.ProcessKillTrigger.sendTrigger:147 com.motorola.motocare.internal.frameworkevents.ProcessKillTrigger.handleLmkKill:337 
W/ContextImpl( 1295): Calling a method in the system process without a qualified user: android.app.ContextImpl.sendBroadcast:1252 android.content.ContextWrapper.sendBroadcast:365 com.motorola.motocare.util.TriggerHelper$TriggerBuilder.send:76 com.motorola.motocare.internal.frameworkevents.ProcessKillTrigger.sendTrigger:147 com.motorola.motocare.internal.frameworkevents.ProcessKillTrigger.handleLmkKill:337 
W/ContextImpl( 1295): Calling a method in the system process without a qualified user: android.app.ContextImpl.sendBroadcast:1252 android.content.ContextWrapper.sendBroadcast:365 com.motorola.motocare.util.TriggerHelper$TriggerBuilder.send:76 com.motorola.motocare.internal.frameworkevents.ProcessKillTrigger.sendTrigger:147 com.motorola.motocare.internal.frameworkevents.ProcessKillTrigger.handleLmkKill:337 
W/ContextImpl( 1295): Calling a method in the system process without a qualified user: android.app.ContextImpl.sendBroadcast:1252 android.content.ContextWrapper.sendBroadcast:365 com.motorola.motocare.util.TriggerHelper$TriggerBuilder.send:76 com.motorola.motocare.internal.frameworkevents.ProcessKillTrigger.sendTrigger:147 com.motorola.motocare.internal.frameworkevents.ProcessKillTrigger.handleLmkKill:337 
W/ContextImpl( 1295): Calling a method in the system process without a qualified user: android.app.ContextImpl.sendBroadcast:1252 android.content.ContextWrapper.sendBroadcast:365 com.motorola.motocare.util.TriggerHelper$TriggerBuilder.send:76 com.motorola.motocare.internal.frameworkevents.ProcessKillTrigger.sendTrigger:147 com.motorola.motocare.internal.frameworkevents.ProcessKillTrigger.handleLmkKill:337 
W/ContextImpl( 1295): Calling a method in the system process without a qualified user: android.app.ContextImpl.sendBroadcast:1252 android.content.ContextWrapper.sendBroadcast:365 com.motorola.motocare.util.TriggerHelper$TriggerBuilder.send:76 com.motorola.motocare.internal.frameworkevents.ProcessKillTrigger.sendTrigger:147 com.motorola.motocare.internal.frameworkevents.ProcessKillTrigger.handleLmkKill:337 
W/ContextImpl( 1295): Calling a method in the system process without a qualified user: android.app.ContextImpl.sendBroadcast:1252 android.content.ContextWrapper.sendBroadcast:365 com.motorola.motocare.util.TriggerHelper$TriggerBuilder.send:76 com.motorola.motocare.internal.frameworkevents.ProcessKillTrigger.sendTrigger:147 com.motorola.motocare.internal.frameworkevents.ProcessKillTrigger.handleLmkKill:337 
W/ContextImpl( 1295): Calling a method in the system process without a qualified user: android.app.ContextImpl.sendBroadcast:1252 android.content.ContextWrapper.sendBroadcast:365 com.motorola.motocare.util.TriggerHelper$TriggerBuilder.send:76 com.motorola.motocare.internal.frameworkevents.ProcessKillTrigger.sendTrigger:147 com.motorola.motocare.internal.frameworkevents.ProcessKillTrigger.handleLmkKill:337 
W/ContextImpl( 1295): Calling a method in the system process without a qualified user: android.app.ContextImpl.sendBroadcast:1252 android.content.ContextWrapper.sendBroadcast:365 com.motorola.motocare.util.TriggerHelper$TriggerBuilder.send:76 com.motorola.motocare.internal.frameworkevents.ProcessKillTrigger.sendTrigger:147 com.motorola.motocare.internal.frameworkevents.ProcessKillTrigger.handleLmkKill:337 
W/ContextImpl( 1295): Calling a method in the system process without a qualified user: android.app.ContextImpl.sendBroadcast:1252 android.content.ContextWrapper.sendBroadcast:365 com.motorola.motocare.util.TriggerHelper$TriggerBuilder.send:76 com.motorola.motocare.internal.frameworkevents.ProcessKillTrigger.sendTrigger:147 com.motorola.motocare.internal.frameworkevents.ProcessKillTrigger.handleLmkKill:337 
W/ContextImpl( 1295): Calling a method in the system process without a qualified user: android.app.ContextImpl.sendBroadcast:1252 android.content.ContextWrapper.sendBroadcast:365 com.motorola.motocare.util.TriggerHelper$TriggerBuilder.send:76 com.motorola.motocare.internal.frameworkevents.ProcessKillTrigger.sendTrigger:147 com.motorola.motocare.internal.frameworkevents.ProcessKillTrigger.handleLmkKill:337 
W/ContextImpl( 1295): Calling a method in the system process without a qualified user: android.app.ContextImpl.sendBroadcast:1252 android.content.ContextWrapper.sendBroadcast:365 com.motorola.motocare.util.TriggerHelper$TriggerBuilder.send:76 com.motorola.motocare.internal.frameworkevents.ProcessKillTrigger.sendTrigger:147 com.motorola.motocare.internal.frameworkevents.ProcessKillTrigger.handleLmkKill:337 
I/ActivityManager( 1025): Start proc com.rhmsoft.fm:service for service com.rhmsoft.fm/com.cleanmaster.fm.service.BackgroundService: pid=26624 uid=10105 gids={50105, 3003, 1028, 1015}
I/PowerManagerService( 1025): Waking up from sleep...
I/WindowManager( 1025): Lock screen displayed!
D/DisplayPowerController( 1025): Unblocked screen on after 1600126994 ms
I/SFPerfTracer(  274):      triggers: (rate: 1161:454466) (365409 sw vsyncs) (1074841 skipped) (0:3453508 vsyncs) (94:4340965)
V/AlarmManager( 1025): sending alarm Alarm{4376dd78 type 3 com.devexpert.weather}
V/AlarmManager( 1025): sending alarm Alarm{4376dbd0 type 0 com.rhmsoft.fm}
I/ActivityManager( 1025): Start proc com.devexpert.weather for broadcast com.devexpert.weather/.view.WidgetWeather2x1: pid=26715 uid=10112 gids={50112, 3003, 1028, 1015}
V/AlarmManager( 1025): sending alarm Alarm{43769868 type 0 com.viber.voip}
F/ProcessStats( 1025): Starting service ServiceState{42c48c08 com.whatsapp.messaging.MessageService pkg=com.whatsapp proc=42c48c08} without owner
F/ProcessStats( 1025): Starting service ServiceState{43399718 com.paypal.android.p2pmobile.services.AtoService pkg=com.paypal.android.p2pmobile proc=43399718} without owner
F/ProcessStats( 1025): Starting service ServiceState{43231e48 com.paypal.android.p2pmobile.services.WalletService pkg=com.paypal.android.p2pmobile proc=43231e48} without owner
F/ProcessStats( 1025): Starting service ServiceState{42a4cec0 com.facebook.push.mqtt.service.MqttPushService pkg=com.facebook.katana proc=42a4cec0} without owner
F/ProcessStats( 1025): Starting service ServiceState{428fdff0 com.facebook.push.mqtt.service.MqttPushService pkg=com.facebook.orca proc=428fdff0} without owner
W/ContextImpl( 1295): Calling a method in the system process without a qualified user: android.app.ContextImpl.sendBroadcast:1252 android.content.ContextWrapper.sendBroadcast:365 com.motorola.motocare.util.TriggerHelper$TriggerBuilder.send:76 com.motorola.motocare.internal.frameworkevents.PauseResumeTrigger.handleFrameworkEvent:53 com.motorola.motocare.internal.frameworkevents.FwEventMonitor$FrameworkListener.processFrameworkEvent:114 
I/ActivityManager( 1025): Process com.devexpert.weather (pid 26715) has died.
I/SFPerfTracer(  274):       trigger: frame rate (-35.726%)	(38.564 fps)	(25.931 ms) 	(8 drops)	(24 frames)
I/SFPerfTracer(  274):      triggers: (rate: 1300:51551) (compose: 0:262) (post: 0:21) (render: 92:10762) (24:814938 frames) (25:3410834)
D/SFPerfTracer(  274):        layers: (4:11) (DimLayer: 0:158)* (DimLayer: 0:146)* (FocusedStackFrame: 0:22949)* (StatusBar: 0:274404) (NavigationBar: 1:211173) (DimLayer: 0:26698)* (DimLayer: 0:5095)* (com.android.wallpaper.fall.FallWallpaper: 10:7047) (co.giftmeapp.gift_me/co.giftmeapp.gift_me.GiftMe: 0:158)* (Keyguard: 22:76) (ElectronBeam: 0:23)* 
I/ActivityManager( 1025): Start proc com.linkedin.android for broadcast com.linkedin.android/.appwidget.ResponsiveWidgetService$ActiveUserListener: pid=26735 uid=10123 gids={50123, 3003, 1028, 1015}
I/ActivityManager( 1025): Start proc com.facebook.katana for content provider com.facebook.katana/.provider.AttributionIdProvider: pid=26752 uid=10110 gids={50110, 1028, 1015, 3003}
D/UsbDeviceManager( 1025): MSG_USER_PRESENT
W/InputMethodManagerService( 1025): Window already focused, ignoring focus gain of: com.android.internal.view.IInputMethodClient$Stub$Proxy@43079170 attribute=android.view.inputmethod.EditorInfo@42d13300, token = android.os.BinderProxy@42defaa8
W/AppOps  ( 1025): Bad call: specified package qcamera under uid 1013 but it is really -1
W/AppOps  ( 1025): Bad call: specified package qcamera under uid 1013 but it is really -1
W/AppOps  ( 1025): Bad call: specified package qcamera under uid 1013 but it is really -1
W/AppOps  ( 1025): Bad call: specified package qcamera under uid 1013 but it is really -1
W/AppOps  ( 1025): Bad call: specified package qcamera under uid 1013 but it is really -1
W/AppOps  ( 1025): Bad call: specified package qcamera under uid 1013 but it is really -1
I/ActivityManager( 1025): START u0 {act=com.android.systemui.recent.action.TOGGLE_RECENTS flg=0x10800000 cmp=com.android.systemui/.recent.RecentsActivity (has extras)} from pid 1119
W/ContextImpl( 1295): Calling a method in the system process without a qualified user: android.app.ContextImpl.sendBroadcast:1252 android.content.ContextWrapper.sendBroadcast:365 com.motorola.motocare.util.TriggerHelper$TriggerBuilder.send:76 com.motorola.motocare.internal.frameworkevents.PauseResumeTrigger.handleFrameworkEvent:53 com.motorola.motocare.internal.frameworkevents.FwEventMonitor$FrameworkListener.processFrameworkEvent:114 
I/SFPerfTracer(  274):      triggers: (rate: 1161:454468) (365409 sw vsyncs) (1074880 skipped) (100:3453608 vsyncs) (102:4341068)
W/ContextImpl( 1295): Calling a method in the system process without a qualified user: android.app.ContextImpl.sendBroadcast:1252 android.content.ContextWrapper.sendBroadcast:365 com.motorola.motocare.util.TriggerHelper$TriggerBuilder.send:76 com.motorola.motocare.internal.frameworkevents.PauseResumeTrigger.handleFrameworkEvent:53 com.motorola.motocare.internal.frameworkevents.FwEventMonitor$FrameworkListener.processFrameworkEvent:114 
I/LaunchCheckinHandler( 1025): Displayed com.android.systemui/.recent.RecentsActivity,wp,wa,64
W/InputMethodManagerService( 1025): Starting input on non-focused client com.android.internal.view.IInputMethodClient$Stub$Proxy@430aade0 (uid=10155 pid=20209)
W/AppOps  ( 1025): Bad call: specified package qcamera under uid 1013 but it is really -1
W/AppOps  ( 1025): Bad call: specified package qcamera under uid 1013 but it is really -1
W/AppOps  ( 1025): Bad call: specified package qcamera under uid 1013 but it is really -1
W/AppOps  ( 1025): Bad call: specified package qcamera under uid 1013 but it is really -1
W/AppOps  ( 1025): Bad call: specified package qcamera under uid 1013 but it is really -1
W/AppOps  ( 1025): Bad call: specified package qcamera under uid 1013 but it is really -1
I/ActivityManager( 1025): Process com.ghisler.android.TotalCommander (pid 18199) has died.
I/WindowState( 1025): WIN DEATH: Window{43219fd8 u0 com.ghisler.android.TotalCommander/com.ghisler.android.TotalCommander.TotalCommander}
--------- beginning of /dev/log/main
I/QCameraHalWatchdog(  277): Stopped Watchdog Thread...
I/QCameraHalWatchdog(  277): Starting Watchdog Thread...
D/QCameraStateMachine(  277): int32_t qcamera::QCameraStateMachine::procEvtPreviewStoppedState(qcamera::qcamera_sm_evt_enum_t, void*): No ops for evt(20) in state(0)
I/QCameraHalWatchdog(  277): Stopped Watchdog Thread...
I/QCameraHalWatchdog(  277): Starting Watchdog Thread...
I/QCameraHalWatchdog(  277): Stopped Watchdog Thread...
I/CameraClient(  277): Destroying camera 1
I/QCameraHalWatchdog(  277): Starting Watchdog Thread...
E/AudioManagerAndroid(26735): BLUETOOTH permission is missing!
D/QCamera2HWI(  277): [KPI Perf] static int qcamera::QCamera2HardwareInterface::close_camera_device(hw_device_t*): E
D/QCamera2HWI(  277): static void* qcamera::QCamera2HardwareInterface::defferedWorkRoutine(void*): stop data proc
E/qomx_image_core(  277): OMX_Deinit:118] Complete
E/QCameraPostProc(  277): int32_t qcamera::QCameraPostProcessor::deinit(): Jpeg closed, rc = 0, mJpegClientHandle = 2b600
E/mm-camera(  422): mct_pipeline_get_stream: no children
E/mm-camera(  422): mct_pipeline_process_set:1824: Couldn't find stream
E/mm-camera-sensor(  422): module_sensor_stop_session:727 session 2
E/mm-camera(  422): stats_module_stop_session: list =0xb78871d8, remove port =0xb7886b80 name=stats_sink from module=0xb766da98, name=stats
E/mm-camera(  422): stats_module_stop_session: 1 port =0xb7886b80 name=stats_sink 
D/QCameraStateMachine(  277): static void* qcamera::QCameraStateMachine::smEvtProcRoutine(void*): X
D/QCamera2HWI(  277): [KPI Perf] static int qcamera::QCamera2HardwareInterface::close_camera_device(hw_device_t*): X
E/mm-camera(  422): stats_module_stop_session: 2 port =0xb7886b80 name=stats_sink 
E/mm-camera-CORE(  422): mot_af_deinit: E
E/mm-camera(  422): is_module_stop_session: Enter
E/mm-camera(  422): is_module_stop_session: Exit successful
E/mm-camera(  422): stats_module_stop_session: 3 port =0xb7886b80 name=stats_sink 
I/QCameraHalWatchdog(  277): Stopped Watchdog Thread...
E/hdr     (  422): Session id 0x2 stopped
E/mm-camera(  422): c2d_module_stop_session:323, info: stopping session 2 ...
E/mm-camera(  422): c2d_thread_process_pipe_message:714, C2D_THREAD_MSG_ABORT: c2d_thread exiting..
E/mm-camera(  422): c2d_module_stop_session:365, info: session 2 stopped.
I/OMXNodeInstance(  277): OMX_FreeBuffer for buffer header 0xb8fa76d0 successful
I/OMXNodeInstance(  277): OMX_FreeBuffer for buffer header 0xb8fa7618 successful
I/OMXNodeInstance(  277): OMX_FreeBuffer for buffer header 0xb8fa7548 successful
I/OMXNodeInstance(  277): OMX_FreeBuffer for buffer header 0xb8fa73a8 successful
I/OMXNodeInstance(  277): OMX_FreeBuffer for buffer header 0xb8fa7c40 successful
I/OMXNodeInstance(  277): OMX_FreeBuffer for buffer header 0xb8fa7b18 successful
I/OMXNodeInstance(  277): OMX_FreeBuffer for buffer header 0xb8fa79d8 successful
I/OMXNodeInstance(  277): OMX_FreeBuffer for buffer header 0xb8fa77c8 successful
W/libutils.threads(  277): Thread (this=0xb90a5ff0): don't call join() from this Thread object's thread. It's a guaranteed deadlock!
I/OMXNodeInstance(  277): OMX_FreeBuffer for buffer header 0xb9103430 successful
I/OMXNodeInstance(  277): OMX_FreeBuffer for buffer header 0xb90a6d00 successful
I/OMXNodeInstance(  277): OMX_FreeBuffer for buffer header 0xb90a6c30 successful
I/OMXNodeInstance(  277): OMX_FreeBuffer for buffer header 0xb90a61f0 successful
I/OMXNodeInstance(  277): OMX_FreeBuffer for buffer header 0xb9103a30 successful
I/OMXNodeInstance(  277): OMX_FreeBuffer for buffer header 0xb9103908 successful
I/OMXNodeInstance(  277): OMX_FreeBuffer for buffer header 0xb91037c8 successful
I/OMXNodeInstance(  277): OMX_FreeBuffer for buffer header 0xb91035b8 successful
D/BluetoothManagerService( 1025): Message: 20
D/BluetoothManagerService( 1025): Added callback: android.bluetooth.IBluetoothManagerCallback$Stub$Proxy@427a1b70:true
D/BluetoothManagerService( 1025): Message: 30
D/BluetoothHeadset(25328): Proxy object connected
I/Adreno-EGL(26735): <qeglDrvAPI_eglInitialize:410>: EGL 1.4 QUALCOMM build: AU_LINUX_ANDROID_LNX.LA.3.5.1_RB1.04.04.02.048.018_msm8226_LNX.LA.3.5.1_RB1__release_AU ()
I/Adreno-EGL(26735): OpenGL ES Shader Compiler Version: E031.24.00.08
I/Adreno-EGL(26735): Build Date: 03/07/14 Fri
I/Adreno-EGL(26735): Local Branch: 
I/Adreno-EGL(26735): Remote Branch: quic/LNX.LA.3.5.1_RB1.1
I/Adreno-EGL(26735): Local Patches: NONE
I/Adreno-EGL(26735): Reconstruct Branch: AU_LINUX_ANDROID_LNX.LA.3.5.1_RB1.04.04.02.048.018 + f2fd134 +  NOTHING
E/mm-camera-sensor(  422): Got some events
E/mm-camera-sensor(  422): sensor_thread_func:152 sensor_thread_func:Sensor thread is exiting
I/dalvikvm(26752): Could not find method com.facebook.resources.FbResources.getDrawable, referenced from method com.facebook.resources.impl.DownloadedFbResources.getDrawable
W/dalvikvm(26752): VFY: unable to resolve virtual method 48479: Lcom/facebook/resources/FbResources;.getDrawable (ILandroid/content/res/Resources$Theme;)Landroid/graphics/drawable/Drawable;
D/dalvikvm(26752): VFY: replacing opcode 0x6f at 0x0031
D/AwesomePlayer(  277): Before reset_l
I/AwesomePlayer(  277): setDataSource(FD URL suppressed)
D/QCUtils (  277): extended extractor not needed, return default
I/OMXNodeInstance(  277): OMX_FreeBuffer for buffer header 0xb9157228 successful
I/OMXNodeInstance(  277): OMX_FreeBuffer for buffer header 0xb90f7b00 successful
I/OMXNodeInstance(  277): OMX_FreeBuffer for buffer header 0xb8fa7dc8 successful
I/OMXNodeInstance(  277): OMX_FreeBuffer for buffer header 0xb8fa77e0 successful
I/OMXNodeInstance(  277): OMX_FreeBuffer for buffer header 0xb90b2de0 successful
I/OMXNodeInstance(  277): OMX_FreeBuffer for buffer header 0xb901a9e8 successful
I/OMXNodeInstance(  277): OMX_FreeBuffer for buffer header 0xb90f7978 successful
I/OMXNodeInstance(  277): OMX_FreeBuffer for buffer header 0xb9158178 successful
W/libutils.threads(  277): Thread (this=0xb8fa7cd8): don't call join() from this Thread object's thread. It's a guaranteed deadlock!
D/AwesomePlayer(  277): Before reset_l
I/AwesomePlayer(  277): setDataSource(FD URL suppressed)
D/WifiService( 1025): New client listening to asynchronous messages
D/QCUtils (  277): extended extractor not needed, return default
I/OMXNodeInstance(  277): OMX_FreeBuffer for buffer header 0xb908dec0 successful
I/OMXNodeInstance(  277): OMX_FreeBuffer for buffer header 0xb908de08 successful
I/OMXNodeInstance(  277): OMX_FreeBuffer for buffer header 0xb9054178 successful
I/OMXNodeInstance(  277): OMX_FreeBuffer for buffer header 0xb90f7998 successful
I/OMXNodeInstance(  277): OMX_FreeBuffer for buffer header 0xb90874f8 successful
I/OMXNodeInstance(  277): OMX_FreeBuffer for buffer header 0xb90873d0 successful
I/OMXNodeInstance(  277): OMX_FreeBuffer for buffer header 0xb90872b0 successful
I/OMXNodeInstance(  277): OMX_FreeBuffer for buffer header 0xb9177f70 successful
D/AwesomePlayer(  277): Before reset_l
I/AwesomePlayer(  277): setDataSource(FD URL suppressed)
D/QCUtils (  277): extended extractor not needed, return default
I/OMXNodeInstance(  277): OMX_FreeBuffer for buffer header 0xb8fa1ed8 successful
I/OMXNodeInstance(  277): OMX_FreeBuffer for buffer header 0xb91aff28 successful
I/OMXNodeInstance(  277): OMX_FreeBuffer for buffer header 0xb91afe70 successful
I/OMXNodeInstance(  277): OMX_FreeBuffer for buffer header 0xb908f098 successful
I/OMXNodeInstance(  277): OMX_FreeBuffer for buffer header 0xb908de08 successful
I/OMXNodeInstance(  277): OMX_FreeBuffer for buffer header 0xb9157390 successful
I/OMXNodeInstance(  277): OMX_FreeBuffer for buffer header 0xb9162d80 successful
I/OMXNodeInstance(  277): OMX_FreeBuffer for buffer header 0xb901a9e0 successful
D/AwesomePlayer(  277): Before reset_l
I/AwesomePlayer(  277): setDataSource(FD URL suppressed)
D/QCUtils (  277): extended extractor not needed, return default
W/chromium(26735): [WARNING:proxy_service.cc(890)] PAC support disabled because there is no system implementation
I/OMXNodeInstance(  277): OMX_FreeBuffer for buffer header 0xb9162c70 successful
I/OMXNodeInstance(  277): OMX_FreeBuffer for buffer header 0xb901a9e0 successful
I/OMXNodeInstance(  277): OMX_FreeBuffer for buffer header 0xb8fa1f98 successful
I/OMXNodeInstance(  277): OMX_FreeBuffer for buffer header 0xb908f068 successful
I/OMXNodeInstance(  277): OMX_FreeBuffer for buffer header 0xb90874f8 successful
I/OMXNodeInstance(  277): OMX_FreeBuffer for buffer header 0xb9178080 successful
I/OMXNodeInstance(  277): OMX_FreeBuffer for buffer header 0xb9177f70 successful
I/OMXNodeInstance(  277): OMX_FreeBuffer for buffer header 0xb91572c8 successful
D/AwesomePlayer(  277): Before reset_l
I/AwesomePlayer(  277): setDataSource(FD URL suppressed)
I/PersistentCookieStore(26735): Get Persistent Cookie Store
D/QCUtils (  277): extended extractor not needed, return default
D/AudioManagerAndroid(26735): ==> onReceive: s=0, m=1, n=h2w, sb=true
D/AudioManagerAndroid(26735): reportUpdate: state=0, devices=[Speakerphone, Headset earpiece]
I/OMXNodeInstance(  277): OMX_FreeBuffer for buffer header 0xb9162d28 successful
I/OMXNodeInstance(  277): OMX_FreeBuffer for buffer header 0xb9162c70 successful
I/OMXNodeInstance(  277): OMX_FreeBuffer for buffer header 0xb8fa1f38 successful
I/OMXNodeInstance(  277): OMX_FreeBuffer for buffer header 0xb908df20 successful
I/OMXNodeInstance(  277): OMX_FreeBuffer for buffer header 0xb9178080 successful
I/OMXNodeInstance(  277): OMX_FreeBuffer for buffer header 0xb9177f58 successful
I/OMXNodeInstance(  277): OMX_FreeBuffer for buffer header 0xb9177e18 successful
I/OMXNodeInstance(  277): OMX_FreeBuffer for buffer header 0xb9157370 successful
D/AwesomePlayer(  277): Before reset_l
I/AwesomePlayer(  277): setDataSource(FD URL suppressed)
D/QCUtils (  277): extended extractor not needed, return default
D/ACRA    (26735): ACRA is enabled for com.linkedin.android, intializing...
I/ActivityManager( 1025): Start proc com.distilledmedia.thescore for broadcast com.distilledmedia.thescore/com.parse.ParseBroadcastReceiver: pid=26961 uid=10138 gids={50138, 3003, 1028, 1015}
I/PersistentCookieStore(26735): Get Persistent Cookie Store
I/OMXNodeInstance(  277): OMX_FreeBuffer for buffer header 0xb908df60 successful
I/OMXNodeInstance(  277): OMX_FreeBuffer for buffer header 0xb908dea8 successful
I/OMXNodeInstance(  277): OMX_FreeBuffer for buffer header 0xb908de08 successful
I/OMXNodeInstance(  277): OMX_FreeBuffer for buffer header 0xb908f0f8 successful
I/OMXNodeInstance(  277): OMX_FreeBuffer for buffer header 0xb9087610 successful
I/OMXNodeInstance(  277): OMX_FreeBuffer for buffer header 0xb9087508 successful
I/OMXNodeInstance(  277): OMX_FreeBuffer for buffer header 0xb90873a0 successful
I/OMXNodeInstance(  277): OMX_FreeBuffer for buffer header 0xb9178040 successful
W/libutils.threads(  277): Thread (this=0xb91afcb0): don't call join() from this Thread object's thread. It's a guaranteed deadlock!
D/ACRA    (26735): Looking for error files in /data/data/com.linkedin.android/files
D/AwesomePlayer(  277): Before reset_l
I/AwesomePlayer(  277): setDataSource(FD URL suppressed)
I/LiApplication(26735): Locale found in prefs: 
I/LiApplication(26735): Updated language/locale to: en_GB
I/RequestQueue(26735): Init Network Client
D/QCUtils (  277): extended extractor not needed, return default
D/WifiStateMachine( 1025): handleMessage: E msg.what=131155
D/WifiStateMachine( 1025): processMsg: ConnectedState
D/WifiStateMachine( 1025): processMsg: L2ConnectedState
I/RequestQueue(26735): Network dispatcher has started
D/LI_AUTH_LIB(26735): in init username=TimCallagy@gmail.com
I/PersistentCookieStore(26735): All cookies cleared
I/OMXNodeInstance(  277): OMX_FreeBuffer for buffer header 0xb8fa1f90 successful
I/OMXNodeInstance(  277): OMX_FreeBuffer for buffer header 0xb8fa1ed8 successful
I/OMXNodeInstance(  277): OMX_FreeBuffer for buffer header 0xb91aff48 successful
I/OMXNodeInstance(  277): OMX_FreeBuffer for buffer header 0xb91afcb0 successful
I/OMXNodeInstance(  277): OMX_FreeBuffer for buffer header 0xb901af10 successful
I/OMXNodeInstance(  277): OMX_FreeBuffer for buffer header 0xb9162d98 successful
I/OMXNodeInstance(  277): OMX_FreeBuffer for buffer header 0xb9162c58 successful
I/OMXNodeInstance(  277): OMX_FreeBuffer for buffer header 0xb901ab20 successful
D/com.linkedin.android.liauthlib.NetworkDispatcher(26735): sending request https://www.linkedin.com/mob/sso/you
D/WifiStateMachine( 1025): handleMessage: X
D/WifiStateMachine( 1025): handleMessage: E msg.what=151572
D/WifiStateMachine( 1025): processMsg: ConnectedState
D/WifiStateMachine( 1025): processMsg: L2ConnectedState
D/CordovaActivity(20209): CordovaActivity.onDestroy()
D/CordovaWebView(20209): >>> loadUrlNow()
W/libutils.threads(  277): Thread (this=0xb9158198): don't call join() from this Thread object's thread. It's a guaranteed deadlock!
D/AwesomePlayer(  277): Before reset_l
I/AwesomePlayer(  277): setDataSource(FD URL suppressed)
D/QCUtils (  277): extended extractor not needed, return default
D/WifiStateMachine( 1025): handleMessage: X
I/SFPerfTracer(  274):      triggers: (rate: 1300:51553) (compose: 0:262) (post: 0:21) (render: 92:10762) (0:814990 frames) (1:3410934)
D/SFPerfTracer(  274):        layers: (3:12) (DimLayer: 0:158)* (DimLayer: 0:146)* (FocusedStackFrame: 0:22952)* (StatusBar: 0:274426) (NavigationBar: 0:211239) (DimLayer: 0:26698)* (DimLayer: 0:5099)* (com.android.wallpaper.fall.FallWallpaper: 0:7052)* (co.giftmeapp.gift_me/co.giftmeapp.gift_me.GiftMe: 0:190)* (Keyguard: 0:85)* (com.android.systemui/com.android.systemui.recent.RecentsActivity: 1:31) (thumbnail anim: 0:18)* 
I/ActivityManager( 1025): Process com.linkedin.android (pid 26735) has died.
I/OMXNodeInstance(  277): OMX_FreeBuffer for buffer header 0xb9162c40 successful
I/OMXNodeInstance(  277): OMX_FreeBuffer for buffer header 0xb901aa50 successful
I/OMXNodeInstance(  277): OMX_FreeBuffer for buffer header 0xb901a980 successful
I/OMXNodeInstance(  277): OMX_FreeBuffer for buffer header 0xb908f0b0 successful
I/OMXNodeInstance(  277): OMX_FreeBuffer for buffer header 0xb908dbf0 successful
I/OMXNodeInstance(  277): OMX_FreeBuffer for buffer header 0xb91780a8 successful
I/OMXNodeInstance(  277): OMX_FreeBuffer for buffer header 0xb9177fa0 successful
I/OMXNodeInstance(  277): OMX_FreeBuffer for buffer header 0xb91572c8 successful
E/FrameworkListener(  270): read() failed (Connection reset by peer)
W/libutils.threads(  277): Thread (this=0xb90b2e78): don't call join() from this Thread object's thread. It's a guaranteed deadlock!
D/AwesomePlayer(  277): Before reset_l
I/AwesomePlayer(  277): setDataSource(FD URL suppressed)
D/QCUtils (  277): extended extractor not needed, return default
I/OMXNodeInstance(  277): OMX_FreeBuffer for buffer header 0xb91780b8 successful
I/OMXNodeInstance(  277): OMX_FreeBuffer for buffer header 0xb9178000 successful
I/OMXNodeInstance(  277): OMX_FreeBuffer for buffer header 0xb90541f0 successful
I/OMXNodeInstance(  277): OMX_FreeBuffer for buffer header 0xb908f068 successful
I/OMXNodeInstance(  277): OMX_FreeBuffer for buffer header 0xb901ab98 successful
I/OMXNodeInstance(  277): OMX_FreeBuffer for buffer header 0xb9087680 successful
I/OMXNodeInstance(  277): OMX_FreeBuffer for buffer header 0xb9087540 successful
I/OMXNodeInstance(  277): OMX_FreeBuffer for buffer header 0xb908de50 successful
D/AwesomePlayer(  277): Before reset_l
I/AwesomePlayer(  277): setDataSource(FD URL suppressed)
D/QCUtils (  277): extended extractor not needed, return default
I/OMXNodeInstance(  277): OMX_FreeBuffer for buffer header 0xb91780f8 successful
I/OMXNodeInstance(  277): OMX_FreeBuffer for buffer header 0xb9178040 successful
I/OMXNodeInstance(  277): OMX_FreeBuffer for buffer header 0xb9177fa0 successful
I/OMXNodeInstance(  277): OMX_FreeBuffer for buffer header 0xb908f0c8 successful
I/OMXNodeInstance(  277): OMX_FreeBuffer for buffer header 0xb901ac10 successful
I/OMXNodeInstance(  277): OMX_FreeBuffer for buffer header 0xb901ab20 successful
I/OMXNodeInstance(  277): OMX_FreeBuffer for buffer header 0xb90875b8 successful
I/OMXNodeInstance(  277): OMX_FreeBuffer for buffer header 0xb908dea8 successful
D/AwesomePlayer(  277): Before reset_l
I/AwesomePlayer(  277): setDataSource(FD URL suppressed)
D/QCUtils (  277): extended extractor not needed, return default
I/OMXNodeInstance(  277): OMX_FreeBuffer for buffer header 0xb908dea8 successful
I/OMXNodeInstance(  277): OMX_FreeBuffer for buffer header 0xb908de08 successful
I/OMXNodeInstance(  277): OMX_FreeBuffer for buffer header 0xb91573d8 successful
I/OMXNodeInstance(  277): OMX_FreeBuffer for buffer header 0xb908f0b0 successful
I/OMXNodeInstance(  277): OMX_FreeBuffer for buffer header 0xb9087518 successful
I/OMXNodeInstance(  277): OMX_FreeBuffer for buffer header 0xb90873f0 successful
I/OMXNodeInstance(  277): OMX_FreeBuffer for buffer header 0xb90872b0 successful
I/OMXNodeInstance(  277): OMX_FreeBuffer for buffer header 0xb9177f88 successful
W/IdleConnectionHandler(20209): Removing a connection that never existed!
W/IdleConnectionHandler(20209): Removing a connection that never existed!
W/IdleConnectionHandler(20209): Removing a connection that never existed!
W/IdleConnectionHandler(20209): Removing a connection that never existed!
W/IdleConnectionHandler(20209): Removing a connection that never existed!
W/IdleConnectionHandler(20209): Removing a connection that never existed!
W/libutils.threads(  277): Thread (this=0xb8fa1f98): don't call join() from this Thread object's thread. It's a guaranteed deadlock!
D/AwesomePlayer(  277): Before reset_l
I/AwesomePlayer(  277): setDataSource(FD URL suppressed)
I/ActivityManager( 1025): Killing 20209:co.giftmeapp.gift_me/u0a155 (adj 16): remove task
W/ContextImpl( 1295): Calling a method in the system process without a qualified user: android.app.ContextImpl.sendBroadcast:1252 android.content.ContextWrapper.sendBroadcast:365 com.motorola.motocare.util.TriggerHelper$TriggerBuilder.send:76 com.motorola.motocare.internal.frameworkevents.ProcessKillTrigger.sendTrigger:147 com.motorola.motocare.internal.frameworkevents.ProcessKillTrigger.handleFrameworkEvent:164 
D/QCUtils (  277): extended extractor not needed, return default
I/OMXNodeInstance(  277): OMX_FreeBuffer for buffer header 0xb91573b0 successful
I/OMXNodeInstance(  277): OMX_FreeBuffer for buffer header 0xb91572f8 successful
I/OMXNodeInstance(  277): OMX_FreeBuffer for buffer header 0xb9162d60 successful
I/OMXNodeInstance(  277): OMX_FreeBuffer for buffer header 0xb90541c0 successful
I/OMXNodeInstance(  277): OMX_FreeBuffer for buffer header 0xb901ae20 successful
I/OMXNodeInstance(  277): OMX_FreeBuffer for buffer header 0xb9178138 successful
I/OMXNodeInstance(  277): OMX_FreeBuffer for buffer header 0xb908dec8 successful
I/OMXNodeInstance(  277): OMX_FreeBuffer for buffer header 0xb9178018 successful
D/dalvikvm(16609): GC_CONCURRENT freed 1782K, 40% free 10484K/17224K, paused 3ms+2ms, total 29ms
D/dalvikvm(16609): WAIT_FOR_CONCURRENT_GC blocked 24ms
I/MultiDex(26961): VM with version 1.6.0 does not have multidex support
I/MultiDex(26961): install
I/MultiDex(26961): MultiDexExtractor.load(/data/app/com.distilledmedia.thescore-2.apk, false)
V/AlarmManager( 1025): sending alarm Alarm{42882c88 type 0 com.google.android.gms}
I/MultiDex(26961): loading existing secondary dex files
I/MultiDex(26961): load found 0 secondary dex files
I/MultiDex(26961): install done
I/iu.UploadsManager(25391): End new media; added: 0, uploading: 0, time: 42 ms
D/[1]JournalApp(26961): created
W/Settings(26961): Setting airplane_mode_on has moved from android.provider.Settings.System to android.provider.Settings.Global, returning read-only value.
V/WebViewChromiumFactoryProvider(26961): Binding Chromium to main looper Looper (main, tid 1) {41faa958}
I/LibraryLoader(26961): Expected native library version number "",actual native library version number ""
I/chromium(26961): [INFO:library_loader_hooks.cc(116)] Chromium logging enabled: level = 0, default verbosity = 0
I/BrowserStartupController(26961): Initializing chromium process, renderers=0
E/AudioManagerAndroid(26961): BLUETOOTH permission is missing!
I/Adreno-EGL(26961): <qeglDrvAPI_eglInitialize:410>: EGL 1.4 QUALCOMM build: AU_LINUX_ANDROID_LNX.LA.3.5.1_RB1.04.04.02.048.018_msm8226_LNX.LA.3.5.1_RB1__release_AU ()
I/Adreno-EGL(26961): OpenGL ES Shader Compiler Version: E031.24.00.08
I/Adreno-EGL(26961): Build Date: 03/07/14 Fri
I/Adreno-EGL(26961): Local Branch: 
I/Adreno-EGL(26961): Remote Branch: quic/LNX.LA.3.5.1_RB1.1
I/Adreno-EGL(26961): Local Patches: NONE
I/Adreno-EGL(26961): Reconstruct Branch: AU_LINUX_ANDROID_LNX.LA.3.5.1_RB1.04.04.02.048.018 + f2fd134 +  NOTHING
W/chromium(26961): [WARNING:proxy_service.cc(890)] PAC support disabled because there is no system implementation
E/dalvikvm(26752): Could not find class 'org.apache.harmony.xnet.provider.jsse.OpenSSLSocketImpl', referenced from method com.facebook.ssl.openssl.check.CheckOpenSSLImplHasRequiredMethods.<clinit>
W/dalvikvm(26752): VFY: unable to resolve const-class 13808 (Lorg/apache/harmony/xnet/provider/jsse/OpenSSLSocketImpl;) in Lcom/facebook/ssl/openssl/check/CheckOpenSSLImplHasRequiredMethods;
D/dalvikvm(26752): VFY: replacing opcode 0x1c at 0x000d
E/dalvikvm(26752): Could not find class 'org.apache.harmony.xnet.provider.jsse.OpenSSLSocketFactoryImpl', referenced from method com.facebook.ssl.openssl.reflect.SSLParametersGetter.<clinit>
W/dalvikvm(26752): VFY: unable to resolve const-class 13807 (Lorg/apache/harmony/xnet/provider/jsse/OpenSSLSocketFactoryImpl;) in Lcom/facebook/ssl/openssl/reflect/SSLParametersGetter;
D/dalvikvm(26752): VFY: replacing opcode 0x1c at 0x000d
E/dalvikvm(26752): Could not find class 'org.apache.harmony.xnet.provider.jsse.SSLParametersImpl', referenced from method com.facebook.ssl.openssl.reflect.SSLParametersGetter.a
W/dalvikvm(26752): VFY: unable to resolve check-cast 13809 (Lorg/apache/harmony/xnet/provider/jsse/SSLParametersImpl;) in Lcom/facebook/ssl/openssl/reflect/SSLParametersGetter;
D/dalvikvm(26752): VFY: replacing opcode 0x1f at 0x0006
E/dalvikvm(26752): Could not find class 'org.apache.harmony.xnet.provider.jsse.SSLParametersImpl', referenced from method com.facebook.ssl.openssl.reflect.SSLSessionTimeoutSetter.<clinit>
W/dalvikvm(26752): VFY: unable to resolve const-class 13809 (Lorg/apache/harmony/xnet/provider/jsse/SSLParametersImpl;) in Lcom/facebook/ssl/openssl/reflect/SSLSessionTimeoutSetter;
D/dalvikvm(26752): VFY: replacing opcode 0x1c at 0x000d
W/dalvikvm(26752): VFY: unable to find class referenced in signature (Lorg/apache/harmony/xnet/provider/jsse/SSLParametersImpl;)
E/dalvikvm(26752): Could not find class 'org.apache.harmony.xnet.provider.jsse.ClientSessionContext', referenced from method com.facebook.ssl.openssl.reflect.SSLSessionTimeoutSetter.a
W/dalvikvm(26752): VFY: unable to resolve check-cast 13806 (Lorg/apache/harmony/xnet/provider/jsse/ClientSessionContext;) in Lcom/facebook/ssl/openssl/reflect/SSLSessionTimeoutSetter;
D/dalvikvm(26752): VFY: replacing opcode 0x1f at 0x0006
W/dalvikvm(26752): VFY: unable to find class referenced in signature (Lorg/apache/harmony/xnet/provider/jsse/SSLParametersImpl;)
W/dalvikvm(26752): Unable to resolve superclass of Lcom/facebook/ssl/openssl/TicketEnabledOpenSSLSocketImplWrapper; (11243)
W/dalvikvm(26752): Link of class 'Lcom/facebook/ssl/openssl/TicketEnabledOpenSSLSocketImplWrapper;' failed
E/dalvikvm(26752): Could not find class 'com.facebook.ssl.openssl.TicketEnabledOpenSSLSocketImplWrapper', referenced from method com.facebook.ssl.openssl.TicketEnabledOpenSSLSocketFactoryHelper.a
W/dalvikvm(26752): VFY: unable to resolve new-instance 10681 (Lcom/facebook/ssl/openssl/TicketEnabledOpenSSLSocketImplWrapper;) in Lcom/facebook/ssl/openssl/TicketEnabledOpenSSLSocketFactoryHelper;
D/dalvikvm(26752): VFY: replacing opcode 0x22 at 0x0000
W/dalvikvm(26752): Unable to resolve superclass of Lcom/facebook/ssl/openssl/TicketEnabledOpenSSLSocketImplWrapper; (11243)
W/dalvikvm(26752): Link of class 'Lcom/facebook/ssl/openssl/TicketEnabledOpenSSLSocketImplWrapper;' failed
D/dalvikvm(26752): DexOpt: unable to opt direct call 0xc22f at 0x08 in Lcom/facebook/ssl/openssl/TicketEnabledOpenSSLSocketFactoryHelper;.a
I/[71af9]com.distilledmedia.http.images.BitmapDiskCache(26961):  starting up file cache 
W/ContextImpl( 1295): Calling a method in the system process without a qualified user: android.app.ContextImpl.sendBroadcast:1252 android.content.ContextWrapper.sendBroadcast:365 com.motorola.motocare.util.TriggerHelper$TriggerBuilder.send:76 com.motorola.motocare.internal.frameworkevents.PauseResumeTrigger.handleFrameworkEvent:53 com.motorola.motocare.internal.frameworkevents.FwEventMonitor$FrameworkListener.processFrameworkEvent:114 
I/ActivityManager( 1025): Start proc com.ghisler.android.TotalCommander for activity com.ghisler.android.TotalCommander/.TotalCommander: pid=27057 uid=10121 gids={50121, 1028, 1015, 3001, 3002, 3003}
D/dalvikvm(26752): Trying to load lib /data/app-lib/com.facebook.katana-1/libfbjni.so 0x41fba718
D/dalvikvm(26752): Added shared lib /data/app-lib/com.facebook.katana-1/libfbjni.so 0x41fba718
D/dalvikvm(  275): GC_EXPLICIT freed 42K, 48% free 9011K/17224K, paused 2ms+3ms, total 24ms
D/dalvikvm(26752): Trying to load lib /data/app-lib/com.facebook.katana-1/libcares.so 0x41fba718
D/dalvikvm(26752): Added shared lib /data/app-lib/com.facebook.katana-1/libcares.so 0x41fba718
D/dalvikvm(26752): No JNI_OnLoad found in /data/app-lib/com.facebook.katana-1/libcares.so 0x41fba718, skipping init
D/dalvikvm(26752): Trying to load lib /data/app-lib/com.facebook.katana-1/libdouble-conversion.so 0x41fba718
W/ContextImpl( 1295): Calling a method in the system process without a qualified user: android.app.ContextImpl.sendBroadcast:1252 android.content.ContextWrapper.sendBroadcast:365 com.motorola.motocare.util.TriggerHelper$TriggerBuilder.send:76 com.motorola.motocare.internal.frameworkevents.PauseResumeTrigger.handleFrameworkEvent:53 com.motorola.motocare.internal.frameworkevents.FwEventMonitor$FrameworkListener.processFrameworkEvent:114 
D/dalvikvm(  275): GC_EXPLICIT freed <1K, 48% free 9011K/17224K, paused 1ms+2ms, total 20ms
D/dalvikvm(26752): Added shared lib /data/app-lib/com.facebook.katana-1/libdouble-conversion.so 0x41fba718
D/dalvikvm(26752): No JNI_OnLoad found in /data/app-lib/com.facebook.katana-1/libdouble-conversion.so 0x41fba718, skipping init
D/dalvikvm(26752): Trying to load lib /data/app-lib/com.facebook.katana-1/libevent.so 0x41fba718
D/dalvikvm(  275): GC_EXPLICIT freed <1K, 48% free 9011K/17224K, paused 2ms+2ms, total 21ms
D/dalvikvm(26752): Added shared lib /data/app-lib/com.facebook.katana-1/libevent.so 0x41fba718
D/dalvikvm(26752): No JNI_OnLoad found in /data/app-lib/com.facebook.katana-1/libevent.so 0x41fba718, skipping init
D/dalvikvm(26752): Trying to load lib /data/app-lib/com.facebook.katana-1/libliger.so 0x41fba718
I/[1]FacebookAccount(26961): Restored session valid = false
I/[1]TheScoreApp(26961): Live notifications enabled
D/ACRA    (27057): Retrieve application default SharedPreferences.
D/ACRA    (27057): Set OnSharedPreferenceChangeListener.
D/ACRA    (27057): ACRA is enabled for com.ghisler.android.TotalCommander, intializing...
D/ACRA    (27057): Looking for error files in /data/data/com.ghisler.android.TotalCommander/files
D/dalvikvm(26752): Added shared lib /data/app-lib/com.facebook.katana-1/libliger.so 0x41fba718
D/AudioManagerAndroid(26961): ==> onReceive: s=0, m=1, n=h2w, sb=true
D/AudioManagerAndroid(26961): reportUpdate: state=0, devices=[Speakerphone, Headset earpiece]
I/ActivityManager( 1025): Start proc com.devexpert.weather for broadcast com.devexpert.weather/.view.WidgetWeather2x1: pid=27089 uid=10112 gids={50112, 3003, 1028, 1015}
V/OUYAF   (27057): ODK version number: 62
W/OUYAF   (27057): Not running on Ouya hardware: peregrine
I/ActivityManager( 1025): Process com.distilledmedia.thescore (pid 26961) has died.
D/WifiStateMachine( 1025): handleMessage: E msg.what=151572
D/WifiStateMachine( 1025): processMsg: ConnectedState
D/WifiStateMachine( 1025): processMsg: L2ConnectedState
D/WifiStateMachine( 1025): handleMessage: X
W/fb4a(:<default>):AbstractMqttPushService(26752): Attempt to start service that is already started
E/cutils  (  261): Failed to mkdirat(/storage/sdcard1/Android): Read-only file system
W/Vold    (  261): Returning OperationFailed - no handler for errno 30
W/ContextImpl(27057): Failed to ensure directory: /storage/sdcard1/Android/data/com.ghisler.android.TotalCommander/files
D/dalvikvm(26752): Trying to load lib /data/app-lib/com.facebook.katana-1/libheartbleed.so 0x41fba718
D/dalvikvm(26752): Added shared lib /data/app-lib/com.facebook.katana-1/libheartbleed.so 0x41fba718
D/dalvikvm( 1025): GC_EXPLICIT freed 2320K, 37% free 31939K/50444K, paused 6ms+16ms, total 161ms
I/Adreno-EGL(27057): <qeglDrvAPI_eglInitialize:410>: EGL 1.4 QUALCOMM build: AU_LINUX_ANDROID_LNX.LA.3.5.1_RB1.04.04.02.048.018_msm8226_LNX.LA.3.5.1_RB1__release_AU ()
I/Adreno-EGL(27057): OpenGL ES Shader Compiler Version: E031.24.00.08
I/Adreno-EGL(27057): Build Date: 03/07/14 Fri
I/Adreno-EGL(27057): Local Branch: 
I/Adreno-EGL(27057): Remote Branch: quic/LNX.LA.3.5.1_RB1.1
I/Adreno-EGL(27057): Local Patches: NONE
I/Adreno-EGL(27057): Reconstruct Branch: AU_LINUX_ANDROID_LNX.LA.3.5.1_RB1.04.04.02.048.018 + f2fd134 +  NOTHING
D/OpenGLRenderer(27057): Enabling debug mode 0
D/WifiService( 1025): acquireWifiLockLocked: WifiLock{VoipServiceWifiLock type=1 binder=android.os.BinderProxy@4336bba0}
W/ContextImpl( 1295): Calling a method in the system process without a qualified user: android.app.ContextImpl.startService:1608 android.content.ContextWrapper.startService:494 android.content.ContextWrapper.startService:494 com.motorola.motocare.internal.batterystats.BatteryStatsAction.onReceive:33 android.app.ActivityThread.handleReceiver:2434 
D/AwesomePlayer(  277): Before reset_l
I/AwesomePlayer(  277): setDataSource(FD URL suppressed)
D/QCUtils (  277): extended extractor not needed, return default
I/OMXNodeInstance(  277): OMX_FreeBuffer for buffer header 0xb9157450 successful
I/OMXNodeInstance(  277): OMX_FreeBuffer for buffer header 0xb9157398 successful
I/OMXNodeInstance(  277): OMX_FreeBuffer for buffer header 0xb91572c8 successful
I/OMXNodeInstance(  277): OMX_FreeBuffer for buffer header 0xb9054130 successful
I/OMXNodeInstance(  277): OMX_FreeBuffer for buffer header 0xb901ac90 successful
I/OMXNodeInstance(  277): OMX_FreeBuffer for buffer header 0xb901ab68 successful
I/OMXNodeInstance(  277): OMX_FreeBuffer for buffer header 0xb908df18 successful
I/OMXNodeInstance(  277): OMX_FreeBuffer for buffer header 0xb90b2e90 successful
D/AwesomePlayer(  277): Before reset_l
I/AwesomePlayer(  277): setDataSource(FD URL suppressed)
D/QCUtils (  277): extended extractor not needed, return default
I/OMXNodeInstance(  277): OMX_FreeBuffer for buffer header 0xb91780b8 successful
I/OMXNodeInstance(  277): OMX_FreeBuffer for buffer header 0xb9178000 successful
I/OMXNodeInstance(  277): OMX_FreeBuffer for buffer header 0xb9157450 successful
I/OMXNodeInstance(  277): OMX_FreeBuffer for buffer header 0xb91572c8 successful
I/OMXNodeInstance(  277): OMX_FreeBuffer for buffer header 0xb9087380 successful
I/OMXNodeInstance(  277): OMX_FreeBuffer for buffer header 0xb908dfb8 successful
I/OMXNodeInstance(  277): OMX_FreeBuffer for buffer header 0xb908de78 successful
I/OMXNodeInstance(  277): OMX_FreeBuffer for buffer header 0xb908dc68 successful
W/libutils.threads(  277): Thread (this=0xb90f79e8): don't call join() from this Thread object's thread. It's a guaranteed deadlock!
D/AwesomePlayer(  277): Before reset_l
I/AwesomePlayer(  277): setDataSource(FD URL suppressed)
D/QCUtils (  277): extended extractor not needed, return default
I/OMXNodeInstance(  277): OMX_FreeBuffer for buffer header 0xb91780b8 successful
I/OMXNodeInstance(  277): OMX_FreeBuffer for buffer header 0xb9178000 successful
I/OMXNodeInstance(  277): OMX_FreeBuffer for buffer header 0xb9157448 successful
I/OMXNodeInstance(  277): OMX_FreeBuffer for buffer header 0xb91572c8 successful
I/OMXNodeInstance(  277): OMX_FreeBuffer for buffer header 0xb901abf0 successful
I/OMXNodeInstance(  277): OMX_FreeBuffer for buffer header 0xb908dfb8 successful
I/OMXNodeInstance(  277): OMX_FreeBuffer for buffer header 0xb908de78 successful
I/OMXNodeInstance(  277): OMX_FreeBuffer for buffer header 0xb908dc68 successful
I/ActivityManager( 1025): Displayed com.ghisler.android.TotalCommander/.TotalCommander: +1s3ms
W/PackageParser(27057): No actions in intent filter at /storage/emulated/0/Download/GiftMe-release.apk Binary XML file line #15
W/libutils.threads(  277): Thread (this=0xb8fa1ea8): don't call join() from this Thread object's thread. It's a guaranteed deadlock!
D/AwesomePlayer(  277): Before reset_l
I/AwesomePlayer(  277): setDataSource(FD URL suppressed)
E/cutils  (  261): Failed to mkdirat(/storage/sdcard1/Android): Read-only file system
W/Vold    (  261): Returning OperationFailed - no handler for errno 30
W/ContextImpl(27057): Failed to ensure directory: /storage/sdcard1/Android/data/com.ghisler.android.TotalCommander/files
D/QCUtils (  277): extended extractor not needed, return default
I/OMXNodeInstance(  277): OMX_FreeBuffer for buffer header 0xb91780d0 successful
