D/MarketUtils(29427): isPackageInstalled() - com.android.vending is installed
D/MarketUtils(29427): isPackageInstalled() - com.android.vending is installed
I/dalvikvm(29427): Could not find method android.content.pm.PackageManager.getActivityBanner, referenced from method com.evernote.d.b.getActivityBanner
W/dalvikvm(29427): VFY: unable to resolve virtual method 793: Landroid/content/pm/PackageManager;.getActivityBanner (Landroid/content/ComponentName;)Landroid/graphics/drawable/Drawable;
D/dalvikvm(29427): VFY: replacing opcode 0x6e at 0x0002
I/dalvikvm(29427): Could not find method android.content.pm.PackageManager.getActivityBanner, referenced from method com.evernote.d.b.getActivityBanner
W/dalvikvm(29427): VFY: unable to resolve virtual method 794: Landroid/content/pm/PackageManager;.getActivityBanner (Landroid/content/Intent;)Landroid/graphics/drawable/Drawable;
D/dalvikvm(29427): VFY: replacing opcode 0x6e at 0x0002
I/dalvikvm(29427): Could not find method android.content.pm.PackageManager.getApplicationBanner, referenced from method com.evernote.d.b.getApplicationBanner
W/dalvikvm(29427): VFY: unable to resolve virtual method 801: Landroid/content/pm/PackageManager;.getApplicationBanner (Landroid/content/pm/ApplicationInfo;)Landroid/graphics/drawable/Drawable;
D/dalvikvm(29427): VFY: replacing opcode 0x6e at 0x0002
I/dalvikvm(29427): Could not find method android.content.pm.PackageManager.getApplicationBanner, referenced from method com.evernote.d.b.getApplicationBanner
W/dalvikvm(29427): VFY: unable to resolve virtual method 802: Landroid/content/pm/PackageManager;.getApplicationBanner (Ljava/lang/String;)Landroid/graphics/drawable/Drawable;
D/dalvikvm(29427): VFY: replacing opcode 0x6e at 0x0002
I/dalvikvm(29427): Could not find method android.content.pm.PackageManager.getLeanbackLaunchIntentForPackage, referenced from method com.evernote.d.b.getLeanbackLaunchIntentForPackage
W/dalvikvm(29427): VFY: unable to resolve virtual method 818: Landroid/content/pm/PackageManager;.getLeanbackLaunchIntentForPackage (Ljava/lang/String;)Landroid/content/Intent;
D/dalvikvm(29427): VFY: replacing opcode 0x6e at 0x0002
I/dalvikvm(29427): Could not find method android.content.pm.PackageManager.getPackageInstaller, referenced from method com.evernote.d.b.getPackageInstaller
W/dalvikvm(29427): VFY: unable to resolve virtual method 823: Landroid/content/pm/PackageManager;.getPackageInstaller ()Landroid/content/pm/PackageInstaller;
D/dalvikvm(29427): VFY: replacing opcode 0x6e at 0x0002
I/dalvikvm(29427): Could not find method android.content.pm.PackageManager.getUserBadgedDrawableForDensity, referenced from method com.evernote.d.b.getUserBadgedDrawableForDensity
W/dalvikvm(29427): VFY: unable to resolve virtual method 839: Landroid/content/pm/PackageManager;.getUserBadgedDrawableForDensity (Landroid/graphics/drawable/Drawable;Landroid/os/UserHandle;Landroid/graphics/Rect;I)Landroid/graphics/drawable/Drawable;
D/dalvikvm(29427): VFY: replacing opcode 0x6e at 0x0002
I/dalvikvm(29427): Could not find method android.content.pm.PackageManager.getUserBadgedIcon, referenced from method com.evernote.d.b.getUserBadgedIcon
W/dalvikvm(29427): VFY: unable to resolve virtual method 840: Landroid/content/pm/PackageManager;.getUserBadgedIcon (Landroid/graphics/drawable/Drawable;Landroid/os/UserHandle;)Landroid/graphics/drawable/Drawable;
D/dalvikvm(29427): VFY: replacing opcode 0x6e at 0x0002
I/dalvikvm(29427): Could not find method android.content.pm.PackageManager.getUserBadgedLabel, referenced from method com.evernote.d.b.getUserBadgedLabel
W/dalvikvm(29427): VFY: unable to resolve virtual method 841: Landroid/content/pm/PackageManager;.getUserBadgedLabel (Ljava/lang/CharSequence;Landroid/os/UserHandle;)Ljava/lang/CharSequence;
D/dalvikvm(29427): VFY: replacing opcode 0x6e at 0x0002
I/Crashlytics(29427): Initializing Crashlytics 1.1.8.10
D/WifiStateMachine( 1025): handleMessage: E msg.what=151572
D/WifiStateMachine( 1025): processMsg: ConnectedState
D/WifiStateMachine( 1025): processMsg: L2ConnectedState
D/WifiStateMachine( 1025): handleMessage: X
D/Ulp_jni ( 1025): Location CB invoked
I/Icing   (27538): Indexing D11140B64A23ADCF9607D6E17FA4854A5443BF22 from com.google.android.googlequicksearchbox
D/Icing   (27538): Loaded CLD2 Version V2.0 - 20141016
D/MarketUtils(29427): isPackageInstalled() - com.android.vending is installed
D/WifiStateMachine( 1025): handleMessage: E msg.what=151572
D/WifiStateMachine( 1025): processMsg: ConnectedState
D/WifiStateMachine( 1025): processMsg: L2ConnectedState
D/HockeyApp(29427): Looking for exceptions in: /data/data/com.evernote/files
D/WifiStateMachine( 1025): handleMessage: X
D/HockeyApp(29427): Current handler class = com.evernote.k
D/EN      (29427): [ee] - registered crash manager
D/EN      (29427): [c] - onApplicationStart()
D/EN      (29427): [c] - onApplicationStart() -- loader thread
D/EN      (29427): [c] - pushUserIDToDataLayer(), pushing user-id ending in 6
D/MarketUtils(29427): isPackageInstalled() - com.android.vending is installed
D/MarketUtils(29427): isPackageInstalled() - com.android.vending is installed
D/WifiStateMachine( 1025): handleMessage: E msg.what=131155
D/WifiStateMachine( 1025): processMsg: ConnectedState
D/WifiStateMachine( 1025): processMsg: L2ConnectedState
D/WifiStateMachine( 1025): handleMessage: X
I/ActivityManager( 1025): Start proc com.evernote.widget for broadcast com.evernote.widget/.WidgetStateReceiver: pid=29522 uid=10135 gids={50135, 3003, 1028, 1015}
D/EN      (29427): [c] - 	loading saved values from internal storage
I/ReleaseProperties(29522): Current app is: evernoteWidget
I/ReleaseProperties(29522): propFile: release is now loaded
I/ReleaseProperties(29522): propFile: play is now loaded
I/ReleaseProperties(29522): propFile: base is now loaded
I/ReleaseProperties(29522): propFile: override is now loaded
I/ReleaseProperties(29522): ReleaseProperties: 
I/ReleaseProperties(29522):   bundleName=none
I/ReleaseProperties(29522):   revision=unknown
I/ReleaseProperties(29522):   type=development
I/ReleaseProperties(29522):   gitHash=?
I/ReleaseProperties(29522):   baseSearchUri=market://search?q=
D/ReleaseProperties(29522): getReferralPersistencePath():: old=false:: path=/storage/emulated/0/.enref
I/ReleaseProperties(29522): From file referralCode=android
I/Icing   (27538): Indexing done D11140B64A23ADCF9607D6E17FA4854A5443BF22
I/ActivityManager( 1025): Process com.google.android.googlequicksearchbox:search (pid 29411) has died.
E/NetworkScheduler.SchedulerReceiver(20136): Invalid parameter app
E/NetworkScheduler.SchedulerReceiver(20136): Invalid package name : Perhaps you didn't include a PendingIntent in the extras?
D/PackageBroadcastService(27538): Received broadcast action=android.intent.action.PACKAGE_REPLACED and uri=co.giftmeapp.gift_me
I/ActivityManager( 1025): Start proc com.google.android.apps.magazines for broadcast com.google.android.apps.magazines/com.google.apps.dots.android.app.receiver.FirstInstallNotificationReceiver: pid=29544 uid=10077 gids={50077, 3003, 1028, 1015}
I/dalvikvm(29544): Could not find method android.accounts.AccountManager.getPreviousName, referenced from method com.google.apps.dots.android.newsstand.auth.AccountManagerDelegate.getPreviousName
W/dalvikvm(29544): VFY: unable to resolve virtual method 7: Landroid/accounts/AccountManager;.getPreviousName (Landroid/accounts/Account;)Ljava/lang/String;
D/dalvikvm(29544): VFY: replacing opcode 0x6e at 0x0002
I/ActivityManager( 1025): Process com.evernote (pid 29427) has died.
E/cutils  (  261): Failed to mkdirat(/storage/sdcard1/Android): Read-only file system
W/Vold    (  261): Returning OperationFailed - no handler for errno 30
W/ContextImpl(29544): Failed to ensure directory: /storage/sdcard1/Android/data/com.google.android.apps.magazines/cache
E/cutils  (  261): Failed to mkdirat(/storage/sdcard1/Android): Read-only file system
W/Vold    (  261): Returning OperationFailed - no handler for errno 30
W/ContextImpl(29544): Failed to ensure directory: /storage/sdcard1/Android/data/com.google.android.apps.magazines/files
E/cutils  (  261): Failed to mkdirat(/storage/sdcard1/Android): Read-only file system
W/Vold    (  261): Returning OperationFailed - no handler for errno 30
W/ContextImpl(29544): Failed to ensure directory: /storage/sdcard1/Android/data/com.google.android.apps.magazines/cache
E/cutils  (  261): Failed to mkdirat(/storage/sdcard1/Android): Read-only file system
W/Vold    (  261): Returning OperationFailed - no handler for errno 30
W/ContextImpl(29544): Failed to ensure directory: /storage/sdcard1/Android/data/com.google.android.apps.magazines/files
V/WebViewChromiumFactoryProvider(29544): Binding Chromium to main looper Looper (main, tid 1) {41fa4ae8}
I/LibraryLoader(29544): Expected native library version number "",actual native library version number ""
I/chromium(29544): [INFO:library_loader_hooks.cc(116)] Chromium logging enabled: level = 0, default verbosity = 0
I/BrowserStartupController(29544): Initializing chromium process, renderers=0
E/AudioManagerAndroid(29544): BLUETOOTH permission is missing!
I/Adreno-EGL(29544): <qeglDrvAPI_eglInitialize:410>: EGL 1.4 QUALCOMM build: AU_LINUX_ANDROID_LNX.LA.3.5.1_RB1.04.04.02.048.018_msm8226_LNX.LA.3.5.1_RB1__release_AU ()
I/Adreno-EGL(29544): OpenGL ES Shader Compiler Version: E031.24.00.08
I/Adreno-EGL(29544): Build Date: 03/07/14 Fri
I/Adreno-EGL(29544): Local Branch: 
I/Adreno-EGL(29544): Remote Branch: quic/LNX.LA.3.5.1_RB1.1
I/Adreno-EGL(29544): Local Patches: NONE
I/Adreno-EGL(29544): Reconstruct Branch: AU_LINUX_ANDROID_LNX.LA.3.5.1_RB1.04.04.02.048.018 + f2fd134 +  NOTHING
I/ActivityManager( 1025): Process com.evernote.widget (pid 29522) has died.
I/NSApplication(29544): Starting up...
I/ActivityManager( 1025): Start proc com.google.android.apps.cloudprint for broadcast com.google.android.apps.cloudprint/.printdialog.receivers.UpgradeBroadcastReceiver: pid=29592 uid=10058 gids={50058, 3003, 1028}
D/AudioManagerAndroid(29544): ==> onReceive: s=0, m=1, n=h2w, sb=true
D/AudioManagerAndroid(29544): reportUpdate: state=0, devices=[Speakerphone, Headset earpiece]
I/ActivityManager( 1025): Start proc com.motorola.context for broadcast com.motorola.context/.engine.mediator.MediatorReceiver: pid=29605 uid=10011 gids={50011, 3001, 3002, 3003}
I/ActivityManager( 1025): Start proc com.motorola.MotGallery2 for broadcast com.motorola.MotGallery2/com.motorola.blur.service.blur.StartupReceiver: pid=29621 uid=10034 gids={50034, 3003, 1028, 1015}
D/WifiStateMachine( 1025): handleMessage: E msg.what=151572
D/WifiStateMachine( 1025): processMsg: ConnectedState
D/WifiStateMachine( 1025): processMsg: L2ConnectedState
I/SFPerfTracer(  274):      triggers: (rate: 1161:454468) (365409 sw vsyncs) (1074880 skipped) (82:3454162 vsyncs) (84:4341916)
D/WifiStateMachine( 1025): handleMessage: X
I/CCEUtils(29621): device type: OLDMOTO
I/ActivityManager( 1025): Start proc com.google.android.googlequicksearchbox:search for broadcast com.google.android.googlequicksearchbox/.GelStubAppWatcher: pid=29636 uid=10045 gids={50045, 3003, 3001, 1028, 3002, 1015}
F/ProcessStats( 1025): Starting service ServiceState{42c48c08 com.whatsapp.messaging.MessageService pkg=com.whatsapp proc=42c48c08} without owner
F/ProcessStats( 1025): Starting service ServiceState{43399718 com.paypal.android.p2pmobile.services.AtoService pkg=com.paypal.android.p2pmobile proc=43399718} without owner
F/ProcessStats( 1025): Starting service ServiceState{43231e48 com.paypal.android.p2pmobile.services.WalletService pkg=com.paypal.android.p2pmobile proc=43231e48} without owner
F/ProcessStats( 1025): Starting service ServiceState{42a4cec0 com.facebook.push.mqtt.service.MqttPushService pkg=com.facebook.katana proc=42a4cec0} without owner
F/ProcessStats( 1025): Starting service ServiceState{428fdff0 com.facebook.push.mqtt.service.MqttPushService pkg=com.facebook.orca proc=428fdff0} without owner
I/ActivityManager( 1025): Process com.google.android.apps.magazines (pid 29544) has died.
F/ProcessStats( 1025): Starting service ServiceState{42c48c08 com.whatsapp.messaging.MessageService pkg=com.whatsapp proc=42c48c08} without owner
F/ProcessStats( 1025): Starting service ServiceState{43399718 com.paypal.android.p2pmobile.services.AtoService pkg=com.paypal.android.p2pmobile proc=43399718} without owner
F/ProcessStats( 1025): Starting service ServiceState{43231e48 com.paypal.android.p2pmobile.services.WalletService pkg=com.paypal.android.p2pmobile proc=43231e48} without owner
F/ProcessStats( 1025): Starting service ServiceState{42a4cec0 com.facebook.push.mqtt.service.MqttPushService pkg=com.facebook.katana proc=42a4cec0} without owner
F/ProcessStats( 1025): Starting service ServiceState{428fdff0 com.facebook.push.mqtt.service.MqttPushService pkg=com.facebook.orca proc=428fdff0} without owner
I/ActivityManager( 1025): Process com.google.android.apps.cloudprint (pid 29592) has died.
I/ActivityManager( 1025): Process com.motorola.context (pid 29605) has died.
I/ActivityManager( 1025): Process com.motorola.MotGallery2 (pid 29621) has died.
D/CordovaLog(29138): file:///android_asset/www/js/ratchet.min.js: Line 10 : Uncaught SyntaxError: Failed to execute 'querySelector' on 'Document': '#give-gift/10205162835322984/148/' is not a valid selector.
I/chromium(29138): [INFO:CONSOLE(10)] "Uncaught SyntaxError: Failed to execute 'querySelector' on 'Document': '#give-gift/10205162835322984/148/' is not a valid selector.", source: file:///android_asset/www/js/ratchet.min.js (10)
D/dalvikvm( 1025): GC_EXPLICIT freed 1121K, 37% free 31908K/50444K, paused 10ms+17ms, total 203ms
I/ActivityManager( 1025): Start proc uk.co.economist for broadcast uk.co.economist/com.urbanairship.push.GCMPushReceiver: pid=29653 uid=10130 gids={50130, 3003, 1028, 1015}
I/SFPerfTracer(  274):      triggers: (rate: 1300:51553) (compose: 0:262) (post: 0:21) (render: 92:10762) (0:815138 frames) (1:3411540)
D/SFPerfTracer(  274):        layers: (3:9) (DimLayer: 0:158)* (DimLayer: 0:146)* (FocusedStackFrame: 0:22971)* (StatusBar: 0:274444) (NavigationBar: 0:211258) (DimLayer: 0:26724)* (DimLayer: 0:5105)* (com.android.wallpaper.fall.FallWallpaper: 0:7052)* (co.giftmeapp.gift_me/co.giftmeapp.gift_me.GiftMe: 1:141) 
I/Economist(29653): User is not logged in
I/com.newrelic.agent.android(29653): Loaded configuration: HarvestConfiguration{collect_network_errors=true, cross_process_id='UAUCV1NACgsEVlZRBA==', data_report_period=60, data_token=[2842733, 13762828], error_limit=50, report_max_transaction_age=600, report_max_transaction_count=1000, response_body_limit=2048, server_timestamp=1417568805, stack_trace_limit=100, activity_trace_max_size=65534, activity_trace_max_report_attempts=1, activity_trace_min_utilization=0.30000001192092896, at_capture=ActivityTraceConfiguration{maxTotalTraceCount=1}}
I/com.newrelic.agent.android(29653): Application state monitor has started
I/com.newrelic.agent.android(29653): Measurement Engine initialized.
I/com.newrelic.agent.android(29653): New Relic Agent v4.178.0
I/com.newrelic.agent.android(29653): Harvester: connected
I/com.newrelic.agent.android(29653): Harvester: Sending 0 HTTP transactions.
I/com.newrelic.agent.android(29653): Harvester: Sending 0 HTTP errors.
I/com.newrelic.agent.android(29653): Harvester: Sending 0 activity traces.
D/The Economist APID(29653): 6855de6b-02a2-4126-88af-261db5a37b30
I/Crittercism(29653): Initializing Crittercism 5.0.6 for App ID 541be4a1d478bc3b68000001
D/WifiStateMachine( 1025): handleMessage: E msg.what=151572
D/WifiStateMachine( 1025): processMsg: ConnectedState
D/WifiStateMachine( 1025): processMsg: L2ConnectedState
D/WifiStateMachine( 1025): handleMessage: X
I/ActivityManager( 1025): Process com.google.android.googlequicksearchbox:search (pid 29636) has died.
W/Crittercism(29653): Crittercism should be initialized in onCreate() of MainActivity
W/Crittercism(29653): Application context not provided. Automatic breadcrumbs will not be recorded.
I/ActivityManager( 1025): Start proc com.facebook.katana for content provider com.facebook.katana/.provider.AttributionIdProvider: pid=29698 uid=10110 gids={50110, 1028, 1015, 3003}
W/dalvikvm(29698): VFY: unable to resolve static field 29078 (a) in Lcom/facebook/katana/app/WorkAppTypes;
D/dalvikvm(29698): VFY: replacing opcode 0x62 at 0x0013
W/dalvikvm(29698): VFY: unable to resolve static field 29079 (b) in Lcom/facebook/katana/app/WorkAppTypes;
D/dalvikvm(29698): VFY: replacing opcode 0x62 at 0x001d
E/dalvikvm(29698): Could not find class 'com.facebook.katana.app.WallpaperFacebookApplicationImpl', referenced from method com.facebook.katana.app.FacebookApplication.a
W/dalvikvm(29698): VFY: unable to resolve new-instance 379 (Lcom/facebook/katana/app/WallpaperFacebookApplicationImpl;) in Lcom/facebook/katana/app/FacebookApplication;
D/dalvikvm(29698): VFY: replacing opcode 0x22 at 0x00a9
D/dalvikvm(29698): DexOpt: unable to opt direct call 0x055f at 0xab in Lcom/facebook/katana/app/FacebookApplication;.a
D/CatchMeIfYouCan(29698): Process (<default>) ca: '/data/user/0/com.facebook.katana/app_cmiyc/A1657CCD543F12E66E587EE52ED9D802E22AAC4701'
D/CatchMeIfYouCan(29698): Process (<default>) fc: '/data/user/0/com.facebook.katana/app_cmiyc/A1657CCD543F12E66E587EE52ED9D802E22AAC4702'
D/CatchMeIfYouCan(29698): Process (<default>) cp: '('default', 3, 120000, silent [true], restart [false], logout [false])'
D/ACRA    (29698): ACRA is enabled for com.facebook.katana, intializing...
D/ACRA    (29698): Looking for error files in /data/user/0/com.facebook.katana/app_acra-reports
D/ACRA    (29698): Looking for error files in /data/user/0/com.facebook.katana/app_minidumps
D/dalvikvm(29698): Trying to load lib /data/app-lib/com.facebook.katana-1/libgnustl_shared.so 0x41fbb828
D/dalvikvm(29698): Added shared lib /data/app-lib/com.facebook.katana-1/libgnustl_shared.so 0x41fbb828
D/dalvikvm(29698): No JNI_OnLoad found in /data/app-lib/com.facebook.katana-1/libgnustl_shared.so 0x41fbb828, skipping init
D/dalvikvm(29698): Trying to load lib /data/app-lib/com.facebook.katana-1/libfb_breakpad_client.so 0x41fbb828
D/dalvikvm(29698): Added shared lib /data/app-lib/com.facebook.katana-1/libfb_breakpad_client.so 0x41fbb828
D/dalvikvm(29698): Trying to load lib /data/app-lib/com.facebook.katana-1/libfb_dalvik-internals.so 0x41fbb828
D/dalvikvm(29698): Added shared lib /data/app-lib/com.facebook.katana-1/libfb_dalvik-internals.so 0x41fbb828
V/DexLibLoader(29698): about to lock: /data/user/0/com.facebook.katana/mdex_lock
V/DexLibLoader(29698): locking /data/user/0/com.facebook.katana/mdex_lock took 1 ms
V/DexLibLoader(29698): Secondary program dex metadata: secondary-1.dex.jar.xz 15ef54b77950d1e6c1cbc3342a20571a9fd8050d secondary.dex01.Canary
V/DexLibLoader(29698): Secondary program dex metadata: secondary-2.dex.jar.xz 14bcaeed5ad488eaf139a59d22cf00efbde5948b secondary.dex02.Canary
V/DexLibLoader(29698): Secondary program dex metadata: secondary-3.dex.jar.xz e8acf246c92474061a3e0f7dafec5559e33da2c5 secondary.dex03.Canary
V/DexLibLoader(29698): Secondary program dex metadata: secondary-4.dex.jar.xz 1d7a13e77be07efb41a2c80160a9aec6fff27ad1 secondary.dex04.Canary
V/DexLibLoader(29698): Secondary program dex metadata: secondary-5.dex.jar.xz 42761fa3dedc1f1a9503bece4f2db80adf01f775 secondary.dex05.Canary
V/DexLibLoader(29698): Secondary program dex metadata: secondary-6.dex.jar.xz 1b4455e1ba1ff38a86723e24cd334fa1062519f1 secondary.dex06.Canary
V/DexLibLoader(29698): Secondary program dex metadata: secondary-7.dex.jar.xz a54de6ef97459e1e5b5c8f874a889a38965d3446 secondary.dex07.Canary
V/DexLibLoader(29698): directory "/data/user/0/com.facebook.katana/app_secondary_program_dex" contains "program-15ef54b77950d1e6c1cbc3342a20571a9fd8050d6661a1c7.dex.jar" as expected
V/DexLibLoader(29698): directory "/data/user/0/com.facebook.katana/app_secondary_program_dex" contains "program-14bcaeed5ad488eaf139a59d22cf00efbde5948b6661a1c7.dex.jar" as expected
V/DexLibLoader(29698): directory "/data/user/0/com.facebook.katana/app_secondary_program_dex" contains "program-e8acf246c92474061a3e0f7dafec5559e33da2c56661a1c7.dex.jar" as expected
V/DexLibLoader(29698): directory "/data/user/0/com.facebook.katana/app_secondary_program_dex" contains "program-1d7a13e77be07efb41a2c80160a9aec6fff27ad16661a1c7.dex.jar" as expected
V/DexLibLoader(29698): directory "/data/user/0/com.facebook.katana/app_secondary_program_dex" contains "program-42761fa3dedc1f1a9503bece4f2db80adf01f7756661a1c7.dex.jar" as expected
V/DexLibLoader(29698): directory "/data/user/0/com.facebook.katana/app_secondary_program_dex" contains "program-1b4455e1ba1ff38a86723e24cd334fa1062519f16661a1c7.dex.jar" as expected
V/DexLibLoader(29698): directory "/data/user/0/com.facebook.katana/app_secondary_program_dex" contains "program-a54de6ef97459e1e5b5c8f874a889a38965d34466661a1c7.dex.jar" as expected
D/DexLibLoader(29698): ignoring file "program-15ef54b77950d1e6c1cbc3342a20571a9fd8050d6661a1c7.dex.odex" in "/data/user/0/com.facebook.katana/app_secondary_program_dex"
D/DexLibLoader(29698): ignoring file "program-14bcaeed5ad488eaf139a59d22cf00efbde5948b6661a1c7.dex.odex" in "/data/user/0/com.facebook.katana/app_secondary_program_dex"
D/DexLibLoader(29698): ignoring file "program-e8acf246c92474061a3e0f7dafec5559e33da2c56661a1c7.dex.odex" in "/data/user/0/com.facebook.katana/app_secondary_program_dex"
D/DexLibLoader(29698): ignoring file "program-1d7a13e77be07efb41a2c80160a9aec6fff27ad16661a1c7.dex.odex" in "/data/user/0/com.facebook.katana/app_secondary_program_dex"
D/DexLibLoader(29698): ignoring file "program-42761fa3dedc1f1a9503bece4f2db80adf01f7756661a1c7.dex.odex" in "/data/user/0/com.facebook.katana/app_secondary_program_dex"
D/DexLibLoader(29698): ignoring file "program-1b4455e1ba1ff38a86723e24cd334fa1062519f16661a1c7.dex.odex" in "/data/user/0/com.facebook.katana/app_secondary_program_dex"
D/DexLibLoader(29698): ignoring file "program-a54de6ef97459e1e5b5c8f874a889a38965d34466661a1c7.dex.odex" in "/data/user/0/com.facebook.katana/app_secondary_program_dex"
D/DexLibLoader(29698): directory "/data/user/0/com.facebook.katana/app_secondary_program_dex" is valid
D/DexLibLoader(29698): ignoring file "primary_deps" in "/data/user/0/com.facebook.katana/app_secondary_program_dex_opt"
V/DexLibLoader(29698): directory "/data/user/0/com.facebook.katana/app_secondary_program_dex_opt" contains "program-15ef54b77950d1e6c1cbc3342a20571a9fd8050d6661a1c7.dex.dex" as expected
V/DexLibLoader(29698): directory "/data/user/0/com.facebook.katana/app_secondary_program_dex_opt" contains "program-14bcaeed5ad488eaf139a59d22cf00efbde5948b6661a1c7.dex.dex" as expected
V/DexLibLoader(29698): directory "/data/user/0/com.facebook.katana/app_secondary_program_dex_opt" contains "program-e8acf246c92474061a3e0f7dafec5559e33da2c56661a1c7.dex.dex" as expected
V/DexLibLoader(29698): directory "/data/user/0/com.facebook.katana/app_secondary_program_dex_opt" contains "program-1d7a13e77be07efb41a2c80160a9aec6fff27ad16661a1c7.dex.dex" as expected
V/DexLibLoader(29698): directory "/data/user/0/com.facebook.katana/app_secondary_program_dex_opt" contains "program-42761fa3dedc1f1a9503bece4f2db80adf01f7756661a1c7.dex.dex" as expected
V/DexLibLoader(29698): directory "/data/user/0/com.facebook.katana/app_secondary_program_dex_opt" contains "program-1b4455e1ba1ff38a86723e24cd334fa1062519f16661a1c7.dex.dex" as expected
V/DexLibLoader(29698): directory "/data/user/0/com.facebook.katana/app_secondary_program_dex_opt" contains "program-a54de6ef97459e1e5b5c8f874a889a38965d34466661a1c7.dex.dex" as expected
D/DexLibLoader(29698): directory "/data/user/0/com.facebook.katana/app_secondary_program_dex_opt" is valid
D/DexLibLoader(29698): loading pre-built cross-dex opt odex files
V/dalvik-internals(29698): hooked dvmResolveClass using jump ()
V/dalvik-internals(29698): hooked dvmFlushBreakpoints using jump ()
V/MultiDexClassLoader(29698): installing MultiDexClassLoader before application classloader
I/dalvikvm(29698): Could not find method dalvik.system.DexFile.loadClassBinaryName, referenced from method com.facebook.common.dextricks.DexFileLoadOld.a
W/dalvikvm(29698): VFY: unable to resolve virtual method 2073: Ldalvik/system/DexFile;.loadClassBinaryName (Ljava/lang/String;Ljava/lang/ClassLoader;)Ljava/lang/Class;
D/dalvikvm(29698): VFY: replacing opcode 0x6e at 0x0000
D/DexLibLoader(29698): released odex store lock
D/DexLibLoader(29698): DexLibLoader.loadAll took 74 ms
D/MemoryReductionHack(29698): Marked as initialized entry corresponding to path /data/app/com.facebook.katana-1.apk
D/GcOptimizer(29698): Enabled
V/dalvik-internals(29698): hooked dvmLinearAlloc using jump ()
V/dalvik-internals(29698): hooked dvmLinearRealloc using jump ()
V/dalvik-internals(29698): hooked dvmLinearFree using jump ()
V/dalvik-internals(29698): hooked dvmLinearStrdup using jump ()
V/dalvik-internals(29698): hooked dvmLinearAllocContains using jump ()
I/dalvik-internals(29698): enlarged linearalloc buffer to 33554432 bytes
I/ConfigService(20136): onDestroy
D/WifiStateMachine( 1025): handleMessage: E msg.what=151572
D/WifiStateMachine( 1025): processMsg: ConnectedState
D/WifiStateMachine( 1025): processMsg: L2ConnectedState
D/WifiStateMachine( 1025): handleMessage: X
D/WifiStateMachine( 1025): handleMessage: E msg.what=131155
D/WifiStateMachine( 1025): processMsg: ConnectedState
D/WifiStateMachine( 1025): processMsg: L2ConnectedState
D/WifiStateMachine( 1025): handleMessage: X
W/StaticBindingVerifier(29698): Verify
D/CordovaLog(29138): file:///android_asset/www/js/GiveGiftView.js: Line 17 : GIFTME - buy now clicked
I/chromium(29138): [INFO:CONSOLE(17)] "GIFTME - buy now clicked", source: file:///android_asset/www/js/GiveGiftView.js (17)
D/ConnectPlugin(29138): activity result in plugin: requestCode(0), resultCode(0)
I/ActivityManager( 1025): START u0 {cmp=co.giftmeapp.gift_me/com.paypal.android.sdk.payments.PaymentActivity (has extras)} from pid 29138
I/dalvikvm(29698): Could not find method com.facebook.resources.FbResources.getDrawable, referenced from method com.facebook.resources.impl.DownloadedFbResources.getDrawable
W/dalvikvm(29698): VFY: unable to resolve virtual method 48479: Lcom/facebook/resources/FbResources;.getDrawable (ILandroid/content/res/Resources$Theme;)Landroid/graphics/drawable/Drawable;
D/dalvikvm(29698): VFY: replacing opcode 0x6f at 0x0031
W/ContextImpl( 1295): Calling a method in the system process without a qualified user: android.app.ContextImpl.sendBroadcast:1252 android.content.ContextWrapper.sendBroadcast:365 com.motorola.motocare.util.TriggerHelper$TriggerBuilder.send:76 com.motorola.motocare.internal.frameworkevents.PauseResumeTrigger.handleFrameworkEvent:53 com.motorola.motocare.internal.frameworkevents.FwEventMonitor$FrameworkListener.processFrameworkEvent:114 
D/CordovaActivity(29138): Paused the application!
D/CordovaWebView(29138): Handle the pause
W/PluginManager(29138): THREAD WARNING: exec() call to PayPalMobile.renderSinglePaymentUI blocked the main thread for 58ms. Plugin should use CordovaInterface.getThreadPool().
W/ContextImpl( 1295): Calling a method in the system process without a qualified user: android.app.ContextImpl.sendBroadcast:1252 android.content.ContextWrapper.sendBroadcast:365 com.motorola.motocare.util.TriggerHelper$TriggerBuilder.send:76 com.motorola.motocare.internal.frameworkevents.PauseResumeTrigger.handleFrameworkEvent:53 com.motorola.motocare.internal.frameworkevents.FwEventMonitor$FrameworkListener.processFrameworkEvent:114 
D/dalvikvm(29138): GC_FOR_ALLOC freed 1497K, 32% free 11753K/17224K, paused 31ms, total 33ms
I/dalvikvm-heap(29138): Grow heap (frag case) to 13.826MB for 330016-byte allocation
D/WifiService( 1025): New client listening to asynchronous messages
V/PhoneStatusBar( 1119): setLightsOn(true)
W/PaymentActivity(29138): Please add PayPalService.EXTRA_PAYPAL_CONFIGURATION to this activity for restart resiliency.
I/ActivityManager( 1025): START u0 {cmp=co.giftmeapp.gift_me/com.paypal.android.sdk.payments.PaymentMethodActivity (has extras)} from pid 29138
W/ContextImpl( 1295): Calling a method in the system process without a qualified user: android.app.ContextImpl.sendBroadcast:1252 android.content.ContextWrapper.sendBroadcast:365 com.motorola.motocare.util.TriggerHelper$TriggerBuilder.send:76 com.motorola.motocare.internal.frameworkevents.PauseResumeTrigger.handleFrameworkEvent:53 com.motorola.motocare.internal.frameworkevents.FwEventMonitor$FrameworkListener.processFrameworkEvent:114 
I/ActivityManager( 1025): Process com.viber.voip (pid 25328) has died.
D/WifiService( 1025): releaseWifiLockLocked: WifiLock{VoipServiceWifiLock type=1 binder=android.os.BinderProxy@4336bba0}
W/ActivityManager( 1025): Scheduling restart of crashed service com.viber.voip/com.viber.service.VoipConnectorService in 1000ms
W/ActivityManager( 1025): Scheduling restart of crashed service com.viber.voip/.api.billing.InAppBillingService in 11000ms
W/ContextImpl( 1295): Calling a method in the system process without a qualified user: android.app.ContextImpl.sendBroadcast:1252 android.content.ContextWrapper.sendBroadcast:365 com.motorola.motocare.util.TriggerHelper$TriggerBuilder.send:76 com.motorola.motocare.internal.frameworkevents.PauseResumeTrigger.handleFrameworkEvent:53 com.motorola.motocare.internal.frameworkevents.FwEventMonitor$FrameworkListener.processFrameworkEvent:114 
D/dalvikvm(29138): Trying to load lib /data/app-lib/co.giftmeapp.gift_me-2/libcardioDecider.so 0x41fa9378
D/dalvikvm(29138): Added shared lib /data/app-lib/co.giftmeapp.gift_me-2/libcardioDecider.so 0x41fa9378
D/dalvikvm(29138): Trying to load lib /data/app-lib/co.giftmeapp.gift_me-2/libopencv_core.so 0x41fa9378
W/linker  (29138): libopencv_core.so has text relocations. This is wasting memory and is a security risk. Please fix.
V/PhoneStatusBar( 1119): setLightsOn(true)
D/dalvikvm(29138): Added shared lib /data/app-lib/co.giftmeapp.gift_me-2/libopencv_core.so 0x41fa9378
D/dalvikvm(29138): No JNI_OnLoad found in /data/app-lib/co.giftmeapp.gift_me-2/libopencv_core.so 0x41fa9378, skipping init
D/dalvikvm(29138): Trying to load lib /data/app-lib/co.giftmeapp.gift_me-2/libopencv_imgproc.so 0x41fa9378
W/linker  (29138): libopencv_imgproc.so has text relocations. This is wasting memory and is a security risk. Please fix.
I/ActivityManager( 1025): Process com.google.android.gms.wearable (pid 28197) has died.
W/ActivityManager( 1025): Scheduling restart of crashed service com.google.android.gms/.wearable.service.WearableService in 20800ms
D/dalvikvm(29138): Added shared lib /data/app-lib/co.giftmeapp.gift_me-2/libopencv_imgproc.so 0x41fa9378
D/dalvikvm(29138): No JNI_OnLoad found in /data/app-lib/co.giftmeapp.gift_me-2/libopencv_imgproc.so 0x41fa9378, skipping init
D/dalvikvm(29138): Trying to load lib /data/app-lib/co.giftmeapp.gift_me-2/libcardioRecognizer.so 0x41fa9378
D/dalvikvm(29138): Added shared lib /data/app-lib/co.giftmeapp.gift_me-2/libcardioRecognizer.so 0x41fa9378
W/AppOps  ( 1025): Bad call: specified package qcamera under uid 1013 but it is really -1
I/LaunchCheckinHandler( 1025): Displayed co.giftmeapp.gift_me/com.paypal.android.sdk.payments.PaymentMethodActivity,wp,ca,244
I/LaunchCheckinHandler( 1025): Displayed co.giftmeapp.gift_me/com.paypal.android.sdk.payments.PaymentActivity,wp,ca,655 (total)
I/ActivityManager( 1025): Displayed co.giftmeapp.gift_me/com.paypal.android.sdk.payments.PaymentMethodActivity: +244ms (total +655ms)
W/AppOps  ( 1025): Bad call: specified package qcamera under uid 1013 but it is really -1
W/AppOps  ( 1025): Bad call: specified package qcamera under uid 1013 but it is really -1
D/WifiStateMachine( 1025): handleMessage: E msg.what=151572
D/WifiStateMachine( 1025): processMsg: ConnectedState
D/WifiStateMachine( 1025): processMsg: L2ConnectedState
D/WifiStateMachine( 1025): handleMessage: X
W/AppOps  ( 1025): Bad call: specified package qcamera under uid 1013 but it is really -1
W/AppOps  ( 1025): Bad call: specified package qcamera under uid 1013 but it is really -1
E/dalvikvm(29698): Could not find class 'org.apache.harmony.xnet.provider.jsse.OpenSSLSocketImpl', referenced from method com.facebook.ssl.openssl.check.CheckOpenSSLImplHasRequiredMethods.<clinit>
W/dalvikvm(29698): VFY: unable to resolve const-class 13808 (Lorg/apache/harmony/xnet/provider/jsse/OpenSSLSocketImpl;) in Lcom/facebook/ssl/openssl/check/CheckOpenSSLImplHasRequiredMethods;
D/dalvikvm(29698): VFY: replacing opcode 0x1c at 0x000d
E/dalvikvm(29698): Could not find class 'org.apache.harmony.xnet.provider.jsse.OpenSSLSocketFactoryImpl', referenced from method com.facebook.ssl.openssl.reflect.SSLParametersGetter.<clinit>
W/dalvikvm(29698): VFY: unable to resolve const-class 13807 (Lorg/apache/harmony/xnet/provider/jsse/OpenSSLSocketFactoryImpl;) in Lcom/facebook/ssl/openssl/reflect/SSLParametersGetter;
D/dalvikvm(29698): VFY: replacing opcode 0x1c at 0x000d
E/dalvikvm(29698): Could not find class 'org.apache.harmony.xnet.provider.jsse.SSLParametersImpl', referenced from method com.facebook.ssl.openssl.reflect.SSLParametersGetter.a
W/dalvikvm(29698): VFY: unable to resolve check-cast 13809 (Lorg/apache/harmony/xnet/provider/jsse/SSLParametersImpl;) in Lcom/facebook/ssl/openssl/reflect/SSLParametersGetter;
D/dalvikvm(29698): VFY: replacing opcode 0x1f at 0x0006
E/dalvikvm(29698): Could not find class 'org.apache.harmony.xnet.provider.jsse.SSLParametersImpl', referenced from method com.facebook.ssl.openssl.reflect.SSLSessionTimeoutSetter.<clinit>
W/dalvikvm(29698): VFY: unable to resolve const-class 13809 (Lorg/apache/harmony/xnet/provider/jsse/SSLParametersImpl;) in Lcom/facebook/ssl/openssl/reflect/SSLSessionTimeoutSetter;
D/dalvikvm(29698): VFY: replacing opcode 0x1c at 0x000d
W/dalvikvm(29698): VFY: unable to find class referenced in signature (Lorg/apache/harmony/xnet/provider/jsse/SSLParametersImpl;)
E/dalvikvm(29698): Could not find class 'org.apache.harmony.xnet.provider.jsse.ClientSessionContext', referenced from method com.facebook.ssl.openssl.reflect.SSLSessionTimeoutSetter.a
W/dalvikvm(29698): VFY: unable to resolve check-cast 13806 (Lorg/apache/harmony/xnet/provider/jsse/ClientSessionContext;) in Lcom/facebook/ssl/openssl/reflect/SSLSessionTimeoutSetter;
D/dalvikvm(29698): VFY: replacing opcode 0x1f at 0x0006
W/dalvikvm(29698): VFY: unable to find class referenced in signature (Lorg/apache/harmony/xnet/provider/jsse/SSLParametersImpl;)
W/dalvikvm(29698): Unable to resolve superclass of Lcom/facebook/ssl/openssl/TicketEnabledOpenSSLSocketImplWrapper; (11243)
W/dalvikvm(29698): Link of class 'Lcom/facebook/ssl/openssl/TicketEnabledOpenSSLSocketImplWrapper;' failed
E/dalvikvm(29698): Could not find class 'com.facebook.ssl.openssl.TicketEnabledOpenSSLSocketImplWrapper', referenced from method com.facebook.ssl.openssl.TicketEnabledOpenSSLSocketFactoryHelper.a
W/dalvikvm(29698): VFY: unable to resolve new-instance 10681 (Lcom/facebook/ssl/openssl/TicketEnabledOpenSSLSocketImplWrapper;) in Lcom/facebook/ssl/openssl/TicketEnabledOpenSSLSocketFactoryHelper;
D/dalvikvm(29698): VFY: replacing opcode 0x22 at 0x0000
W/dalvikvm(29698): Unable to resolve superclass of Lcom/facebook/ssl/openssl/TicketEnabledOpenSSLSocketImplWrapper; (11243)
W/dalvikvm(29698): Link of class 'Lcom/facebook/ssl/openssl/TicketEnabledOpenSSLSocketImplWrapper;' failed
D/dalvikvm(29698): DexOpt: unable to opt direct call 0xc22f at 0x08 in Lcom/facebook/ssl/openssl/TicketEnabledOpenSSLSocketFactoryHelper;.a
W/AppOps  ( 1025): Bad call: specified package qcamera under uid 1013 but it is really -1
I/AwesomePlayer(  277): setDataSource_l(URL suppressed)
D/dalvikvm(29698): Trying to load lib /data/app-lib/com.facebook.katana-1/libfbjni.so 0x41fbb828
D/QCUtils (  277): extended extractor not needed, return default
D/dalvikvm(29698): Added shared lib /data/app-lib/com.facebook.katana-1/libfbjni.so 0x41fbb828
D/dalvikvm(29698): Trying to load lib /data/app-lib/com.facebook.katana-1/libcares.so 0x41fbb828
I/AwesomePlayer(  277): setDataSource_l(URL suppressed)
D/dalvikvm(29698): Added shared lib /data/app-lib/com.facebook.katana-1/libcares.so 0x41fbb828
D/dalvikvm(29698): No JNI_OnLoad found in /data/app-lib/com.facebook.katana-1/libcares.so 0x41fbb828, skipping init
D/dalvikvm(29698): Trying to load lib /data/app-lib/com.facebook.katana-1/libdouble-conversion.so 0x41fbb828
D/dalvikvm(29698): Added shared lib /data/app-lib/com.facebook.katana-1/libdouble-conversion.so 0x41fbb828
D/dalvikvm(29698): No JNI_OnLoad found in /data/app-lib/com.facebook.katana-1/libdouble-conversion.so 0x41fbb828, skipping init
D/dalvikvm(29698): Trying to load lib /data/app-lib/com.facebook.katana-1/libevent.so 0x41fbb828
D/dalvikvm(29698): Added shared lib /data/app-lib/com.facebook.katana-1/libevent.so 0x41fbb828
D/dalvikvm(29698): No JNI_OnLoad found in /data/app-lib/com.facebook.katana-1/libevent.so 0x41fbb828, skipping init
D/dalvikvm(29698): Trying to load lib /data/app-lib/com.facebook.katana-1/libliger.so 0x41fbb828
D/QCUtils (  277): extended extractor not needed, return default
I/CameraClient(  277): Opening camera 0
D/QCameraStateMachine(  277): static void* qcamera::QCameraStateMachine::smEvtProcRoutine(void*): E
D/QCamera2HWI(  277): static void* qcamera::QCamera2HardwareInterface::defferedWorkRoutine(void*): start data proc
D/MotISP_GPU(  277): int MotISP_GPU::Init(int, int): GPU resolution: 1280x720
E/QCamera2HWI(  277): [KPI Perf] int qcamera::QCamera2HardwareInterface::openCamera(hw_device_t**): E PROFILE_OPEN_CAMERA camera id 0
I/QCameraHalWatchdog(  277): Starting Watchdog Thread...
E/mm-camera-intf(  277): mm_camera_open: dev name = /dev/video1, cam_idx = 1
I/Adreno-EGL(  277): <qeglDrvAPI_eglInitialize:410>: EGL 1.4 QUALCOMM build: AU_LINUX_ANDROID_LNX.LA.3.5.1_RB1.04.04.02.048.018_msm8226_LNX.LA.3.5.1_RB1__release_AU ()
I/Adreno-EGL(  277): OpenGL ES Shader Compiler Version: E031.24.00.08
I/Adreno-EGL(  277): Build Date: 03/07/14 Fri
I/Adreno-EGL(  277): Local Branch: 
I/Adreno-EGL(  277): Remote Branch: quic/LNX.LA.3.5.1_RB1.1
I/Adreno-EGL(  277): Local Patches: NONE
I/Adreno-EGL(  277): Reconstruct Branch: AU_LINUX_ANDROID_LNX.LA.3.5.1_RB1.04.04.02.048.018 + f2fd134 +  NOTHING
E/mm-camera-sensor(  422): module_sensor_start_session:658 session 1
E/mm-camera(  422): af_fdprio_process: Processing frame 0 cmd: 0
E/mm-camera(  422): is_module_start_session: Enter
E/mm-camera(  422): is_module_start_session: Exit successful
E/mm-camera(  422): is_module_get_port: Exit successful
E/mm-camera(  422): isp_tintless_open: E: b6d0cd81
E/mm-camera(  422): module_drsd_start_session:1189] E
E/hdr     (  422): Session id 0x1 started
E/mm-camera(  422): isp_tintless_get_version: lib returned version 3.61 err=0
D/dalvikvm(29698): Added shared lib /data/app-lib/com.facebook.katana-1/libliger.so 0x41fbb828
E/mm-camera(  422): c2d_module_start_session:238, info: starting session 1
E/mm-camera(  422): c2d_module_start_session:285, info: c2d_thread created.
E/mm-camera(  422): c2d_thread_func:41: c2d_thread entering the polling loop...
E/mm-camera(  422): c2d_module_start_session:307, info: session 1 started.
I/ActivityManager( 1025): Process com.bambuna.podcastaddict (pid 28942) has died.
W/ActivityManager( 1025): Scheduling restart of crashed service com.bambuna.podcastaddict/.service.PodcastAddictService in 43764ms
W/fb4a(:<default>):AbstractMqttPushService(29698): Attempt to start service that is already started
E/mm-camera-sensor(  422): sensor_write_lsc:268 using default or module LSC
E/mm-camera-sensor(  422): module_sensor_start_session:702 failed
E/mm-camera-sensor(  422): module_sensor_start_session:708 failed
E/mm-camera-intf(  277): mm_camera_open:  opened, break out while loop
D/QCamera2HWI(  277): int qcamera::QCamera2HardwareInterface::openCamera(): enable_4k2k is 0
E/ActivityThread(29653): Service uk.co.economist.analytics.Analytics has leaked ServiceConnection com.google.android.gms.common.h@42379840 that was originally bound here
E/ActivityThread(29653): android.app.ServiceConnectionLeaked: Service uk.co.economist.analytics.Analytics has leaked ServiceConnection com.google.android.gms.common.h@42379840 that was originally bound here
E/ActivityThread(29653): 	at android.app.LoadedApk$ServiceDispatcher.<init>(LoadedApk.java:979)
E/ActivityThread(29653): 	at android.app.LoadedApk.getServiceDispatcher(LoadedApk.java:873)
E/ActivityThread(29653): 	at android.app.ContextImpl.bindServiceCommon(ContextImpl.java:1690)
E/ActivityThread(29653): 	at android.app.ContextImpl.bindService(ContextImpl.java:1673)
E/ActivityThread(29653): 	at android.content.ContextWrapper.bindService(ContextWrapper.java:517)
E/ActivityThread(29653): 	at com.google.android.gms.ads.a.a.a(Unknown Source)
E/ActivityThread(29653): 	at com.google.android.gms.ads.a.a.a(Unknown Source)
E/ActivityThread(29653): 	at com.google.android.gms.ads.a.a.b(Unknown Source)
E/ActivityThread(29653): 	at com.AdX.tag.a.c(SourceFile:646)
E/ActivityThread(29653): 	at com.AdX.tag.a.a(SourceFile:641)
E/ActivityThread(29653): 	at com.AdX.tag.a$a.a(SourceFile:1001)
E/ActivityThread(29653): 	at com.AdX.tag.a$a.doInBackground(SourceFile:1)
E/ActivityThread(29653): 	at android.os.AsyncTask$2.call(AsyncTask.java:288)
E/ActivityThread(29653): 	at java.util.concurrent.FutureTask.run(FutureTask.java:237)
E/ActivityThread(29653): 	at android.os.AsyncTask$SerialExecutor$1.run(AsyncTask.java:231)
E/ActivityThread(29653): 	at java.util.concurrent.ThreadPoolExecutor.runWorker(ThreadPoolExecutor.java:1112)
E/ActivityThread(29653): 	at java.util.concurrent.ThreadPoolExecutor$Worker.run(ThreadPoolExecutor.java:587)
E/ActivityThread(29653): 	at java.lang.Thread.run(Thread.java:841)
D/dalvikvm(29698): Trying to load lib /data/app-lib/com.facebook.katana-1/libheartbleed.so 0x41fbb828
D/dalvikvm(29698): Added shared lib /data/app-lib/com.facebook.katana-1/libheartbleed.so 0x41fbb828
I/AdvertisingIdClient(29653): AdvertisingIdClient unbindService failed.
I/AdvertisingIdClient(29653): java.lang.IllegalArgumentException: Service not registered: com.google.android.gms.common.h@42379840
I/AdvertisingIdClient(29653): 	at android.app.LoadedApk.forgetServiceDispatcher(LoadedApk.java:931)
I/AdvertisingIdClient(29653): 	at android.app.ContextImpl.unbindService(ContextImpl.java:1724)
I/AdvertisingIdClient(29653): 	at android.content.ContextWrapper.unbindService(ContextWrapper.java:529)
I/AdvertisingIdClient(29653): 	at com.google.android.gms.ads.a.a.c(Unknown Source)
I/AdvertisingIdClient(29653): 	at com.google.android.gms.ads.a.a.b(Unknown Source)
I/AdvertisingIdClient(29653): 	at com.AdX.tag.a.c(SourceFile:646)
I/AdvertisingIdClient(29653): 	at com.AdX.tag.a.a(SourceFile:641)
I/AdvertisingIdClient(29653): 	at com.AdX.tag.a$a.a(SourceFile:1001)
I/AdvertisingIdClient(29653): 	at com.AdX.tag.a$a.doInBackground(SourceFile:1)
I/AdvertisingIdClient(29653): 	at android.os.AsyncTask$2.call(AsyncTask.java:288)
I/AdvertisingIdClient(29653): 	at java.util.concurrent.FutureTask.run(FutureTask.java:237)
I/AdvertisingIdClient(29653): 	at android.os.AsyncTask$SerialExecutor$1.run(AsyncTask.java:231)
I/AdvertisingIdClient(29653): 	at java.util.concurrent.ThreadPoolExecutor.runWorker(ThreadPoolExecutor.java:1112)
I/AdvertisingIdClient(29653): 	at java.util.concurrent.ThreadPoolExecutor$Worker.run(ThreadPoolExecutor.java:587)
I/AdvertisingIdClient(29653): 	at java.lang.Thread.run(Thread.java:841)
E/qomx_image_core(  277): OMX_Init:94] Complete 2
E/QCameraHWI_Mem(  277): int qcamera::QCameraMemory::alloc(int, int, int) : No memory pool available
D/QCameraHWI_Mem(  277): static int qcamera::QCameraMemory::allocOneBuffer(qcamera::QCameraMemory::QCameraMemInfo&, int, int, bool) : ION buffer 0x1 with size 297192 allocated
E/QCameraHWI_Mem(  277): int qcamera::QCameraMemory::alloc(int, int, int) : No memory pool available
D/QCameraHWI_Mem(  277): static int qcamera::QCameraMemory::allocOneBuffer(qcamera::QCameraMemory::QCameraMemInfo&, int, int, bool) : ION buffer 0x1 with size 65544 allocated
D/QCameraParameters(  277): int32_t qcamera::QCameraParameters::initDefaultParameters(): supported preview sizes: 1280x720,864x480,800x480,768x432,720x480,640x480,576x432,480x320,384x288,352x288,320x240,240x160,176x144
D/QCameraParameters(  277): int32_t qcamera::QCameraParameters::initDefaultParameters(): supported video sizes: 1280x720,864x480,800x480,720x480,640x480,480x320,352x288,320x240,176x144
D/QCameraParameters(  277): int32_t qcamera::QCameraParameters::initDefaultParameters(): supported pic sizes: 2592x1944,2592x1456,2048x1536,1920x1080,1600x1200,1440x1080,1280x960,1280x768,1280x720,1024x768,800x600,800x480,720x480,640x480
I/QCameraParameters(  277): int32_t qcamera::QCameraParameters::initDefaultParameters(): supported live snapshot sizes: 1280x768,1280x720,1024x768,800x600,864x480,800x480,720x480,640x480,352x288,320x240,176x144
D/QCameraParameters(  277): int32_t qcamera::QCameraParameters::initDefaultParameters(): supported fps ranges: (15000,15000),(15000,30000)
E/QCameraParameters(  277): int32_t qcamera::QCameraParameters::setPreviewFpsRange(int, int): Setting preview fps range 15000,30000
D/QCameraParameters(  277): int32_t qcamera::QCameraParameters::initDefaultParameters(): supported fps rates: 15,16,17,18,19,20,21,22,23,24,25,26,27,28,29,30
D/QCameraParameters(  277): int32_t qcamera::QCameraParameters::setAEBracket(const char*), EXP_BRACKETING_OFF
D/QCameraParameters(  277): int32_t qcamera::QCameraParameters::initDefaultParameters(): Supported WNR:ON/OFF default:ON
D/QCameraParameters(  277): int32_t qcamera::QCameraParameters::initDefaultParameters(): Supported TINTLESS:ON/OFF default:ON
D/QCameraParameters(  277): int32_t qcamera::QCameraParameters::setNumOfSnapshot(): nBurstNum = 1, nExpnum = 1
E/Thermal-Lib(  277): Thermal-Lib-Client: thermal_client_register_callback: Client Registration failed
E/Thermal-Lib(  277): Thermal-Lib-Client: thermal_client_register_callback: Client Registration failed
I/QCameraHalWatchdog(  277): Stopped Watchdog Thread...
E/Thermal-Lib(  277): Thermal-Lib-Client: thermal_client_register_callback: Client Registration failed
E/Thermal-Lib(  277): Thermal-Lib-Client: thermal_client_register_callback: Client Registration failed
I/QCamera2HWI(  277): getParameters standard
I/QCameraHalWatchdog(  277): Starting Watchdog Thread...
E/QCamera2HWI(  277): [KPI Perf] static void qcamera::QCamera2HardwareInterface::stop_preview(camera_device*): E PROFILE_STOP_PREVIEW
D/QCameraStateMachine(  277): int32_t qcamera::QCameraStateMachine::procEvtPreviewStoppedState(qcamera::qcamera_sm_evt_enum_t, void*): already in preview stopped state, do nothing
D/QCamera2HWI(  277): [KPI Perf] static void qcamera::QCamera2HardwareInterface::stop_preview(camera_device*): X
I/QCameraHalWatchdog(  277): Stopped Watchdog Thread...
I/QCameraHalWatchdog(  277): Starting Watchdog Thread...
D/QCameraStateMachine(  277): int32_t qcamera::QCameraStateMachine::procEvtPreviewStoppedState(qcamera::qcamera_sm_evt_enum_t, void*): No ops for evt(20) in state(0)
I/QCameraHalWatchdog(  277): Stopped Watchdog Thread...
I/QCameraHalWatchdog(  277): Starting Watchdog Thread...
I/QCameraHalWatchdog(  277): Stopped Watchdog Thread...
I/CameraClient(  277): Destroying camera 0
I/QCameraHalWatchdog(  277): Starting Watchdog Thread...
D/QCamera2HWI(  277): [KPI Perf] static int qcamera::QCamera2HardwareInterface::close_camera_device(hw_device_t*): E
D/QCamera2HWI(  277): static void* qcamera::QCamera2HardwareInterface::defferedWorkRoutine(void*): stop data proc
E/qomx_image_core(  277): OMX_Deinit:118] Complete
E/QCameraPostProc(  277): int32_t qcamera::QCameraPostProcessor::deinit(): Jpeg closed, rc = 0, mJpegClientHandle = 2b700
E/mm-camera(  422): mct_pipeline_get_stream: no children
E/mm-camera(  422): mct_pipeline_process_set:1824: Couldn't find stream
E/mm-camera-sensor(  422): module_sensor_stop_session:727 session 1
D/QCameraStateMachine(  277): static void* qcamera::QCameraStateMachine::smEvtProcRoutine(void*): X
D/QCamera2HWI(  277): [KPI Perf] static int qcamera::QCamera2HardwareInterface::close_camera_device(hw_device_t*): X
I/QCameraHalWatchdog(  277): Stopped Watchdog Thread...
E/mm-camera(  422): stats_module_stop_session: list =0xb78871a8, remove port =0xb7886b40 name=stats_sink from module=0xb766da98, name=stats
E/mm-camera(  422): stats_module_stop_session: 1 port =0xb7886b40 name=stats_sink 
E/mm-camera(  422): stats_module_stop_session: 2 port =0xb7886b40 name=stats_sink 
E/hdr     (  422): Session id 0x1 stopped
E/mm-camera(  422): c2d_module_stop_session:323, info: stopping session 1 ...
E/mm-camera(  422): c2d_thread_process_pipe_message:714, C2D_THREAD_MSG_ABORT: c2d_thread exiting..
E/mm-camera(  422): c2d_module_stop_session:365, info: session 1 stopped.
E/mm-camera-CORE(  422): mot_af_deinit: E
E/mm-camera(  422): is_module_stop_session: Enter
E/mm-camera(  422): is_module_stop_session: Exit successful
E/mm-camera(  422): stats_module_stop_session: 3 port =0xb7886b40 name=stats_sink 
I/ActivityManager( 1025): Process uk.co.economist (pid 29653) has died.
W/ActivityManager( 1025): Service ServiceRecord{43e1e5e0 u0 uk.co.economist/.service.APIService} in process ProcessRecord{42904598 29653:uk.co.economist/u0a130} not same as in map: null
E/mm-camera-sensor(  422): Got some events
E/mm-camera-sensor(  422): sensor_thread_func:152 sensor_thread_func:Sensor thread is exiting
I/ActivityManager( 1025): Start proc com.viber.voip for service com.viber.voip/com.viber.service.VoipConnectorService: pid=29838 uid=10108 gids={50108, 3003, 1028, 1015, 3002, 3001}
D/dalvikvm(  275): GC_EXPLICIT freed 42K, 48% free 9011K/17224K, paused 2ms+3ms, total 23ms
D/dalvikvm(  275): GC_EXPLICIT freed <1K, 48% free 9011K/17224K, paused 2ms+2ms, total 19ms
D/dalvikvm(  275): GC_EXPLICIT freed <1K, 48% free 9011K/17224K, paused 1ms+2ms, total 17ms
I/ActivityManager( 1025): Process com.facebook.katana (pid 29698) has died.
