D/WifiStateMachine(  588): ConnectedState{ what=131218 when=0 target=Handler (com.android.internal.util.StateMachine$SmHandler) {42568e58} }
D/StateMachine(  588): processMsg: L2ConnectedState
D/WifiStateMachine(  588): L2ConnectedState{ what=131218 when=0 target=Handler (com.android.internal.util.StateMachine$SmHandler) {42568e58} }
D/StateMachine(  588): processMsg: ConnectModeState
D/WifiStateMachine(  588): ConnectModeState{ what=131218 when=-1ms target=Handler (com.android.internal.util.StateMachine$SmHandler) {42568e58} }
D/StateMachine(  588): processMsg: DriverStartedState
D/WifiStateMachine(  588): DriverStartedState{ what=131218 when=-1ms target=Handler (com.android.internal.util.StateMachine$SmHandler) {42568e58} }
D/libc    (  251): _resolv_cache_lookup: lookup
D/libc    (  251): [SMD]bl_level = 125
D/libc    (  251): [SMD][Mode1]: Screen on and original TTL is not expired
D/libc    (  251): FOUND IN CACHE entry=0x40062cf0
I/global  ( 2782): call createSocket() return a new socket.
I/wpa_ctrl(  588): [wpa_ctrl_request] ctrl address = 51174668, ctrl_conn address = 0
D/StateMachine(  588): handleMessage: X
D/libc    (  251): _resolv_cache_lookup: lookup
D/libc    (  251): [SMD]bl_level = 125
D/libc    (  251): [SMD][Mode1]: Screen on and original TTL is expired
D/libc    (  251):  Cache EXPIRED (STALE ENTRY 0x402e9970 DISCARDED) or need renew
I/PackageManager(  588):  setEnabledSetting(), pkgName=com.facebook.katana, clsName=com.facebook.oxygen.preloads.sdk.dogfooding.AuthListener$EmployeeLoggedInMarkerReceiver, state=2, flag=1, pid=7177, uid=10028
D/StateMachine(  588): handleMessage: E msg.what=131155
D/StateMachine(  588): processMsg: ConnectedState
D/WifiStateMachine(  588): ConnectedState{ what=131155 when=-1ms target=Handler (com.android.internal.util.StateMachine$SmHandler) {42568e58} arg1=253 }
D/StateMachine(  588): processMsg: L2ConnectedState
D/WifiStateMachine(  588): L2ConnectedState{ what=131155 when=-1ms target=Handler (com.android.internal.util.StateMachine$SmHandler) {42568e58} arg1=253 }
I/wpa_ctrl(  588): [wpa_ctrl_request] ctrl address = 51174668, ctrl_conn address = 0
D/WifiStateMachine(  588): fetchRssiAndLinkSpeedNative RSSI = -53
D/StateMachine(  588): handleMessage: X
I/ActivityManager(  588): Recipient 7108
I/ActivityManager(  588): Process com.htc.task (pid 7108) has died.
D/libc    (  251): [SMD][v0913] Extended TTL = 43200, original TTL = 52
I/global  ( 7177): call createSocket() return a new socket.
W/dalvikvm( 7177): VFY: unable to resolve static method 843: Landroid/provider/DocumentsContract;.isDocumentUri (Landroid/content/Context;Landroid/net/Uri;)Z
W/dalvikvm( 7177): VFY: unable to resolve static method 842: Landroid/provider/DocumentsContract;.getDocumentId (Landroid/net/Uri;)Ljava/lang/String;
D/KInfoc  ( 2782):     * SUCCESS
D/KInfoc  ( 2782):  * REPORT SUCCESS : DC+H=3 DC=2 SIZE=148
D/PowerManagerService(  588): acquireWakeLock(42d0c130): PARTIAL_WAKE_LOCK , tag=AlarmManager, flags=0x1, pid=588, uid=1000, mUserState=0x3
V/AlarmManager(  588): sending alarm PendingIntent{424afb50: PendingIntentRecord{4260afd8 com.google.android.gms broadcastIntent}}, intent=com.google.android.gms.nlp.ALARM_WAKEUP_LOCATOR, type=ELAPSED_REALTIME_WAKEUP, count=1, when=166189496, repeateInterval=0
D/PowerManagerService(  588): acquireWakeLock(42c85330): PARTIAL_WAKE_LOCK , tag=NlpWakeLock, flags=0x1, pid=27811, uid=10017, mUserState=0x3
D/PowerManagerService(  588): releaseWakeLock(42d0c130): PARTIAL_WAKE_LOCK , tag=AlarmManager, flags=0x1
D/StateMachine(  588): handleMessage: E msg.what=131073
D/StateMachine(  588): processMsg: ConnectedState
D/WifiStateMachine(  588): ConnectedState{ what=131073 when=0 target=Handler (com.android.internal.util.StateMachine$SmHandler) {42568e58} arg1=2 }
D/StateMachine(  588): processMsg: L2ConnectedState
D/WifiStateMachine(  588): L2ConnectedState{ what=131073 when=0 target=Handler (com.android.internal.util.StateMachine$SmHandler) {42568e58} arg1=2 }
D/StateMachine(  588): processMsg: ConnectModeState
D/WifiStateMachine(  588): ConnectModeState{ what=131073 when=-1ms target=Handler (com.android.internal.util.StateMachine$SmHandler) {42568e58} arg1=2 }
D/StateMachine(  588): processMsg: DriverStartedState
D/WifiStateMachine(  588): DriverStartedState{ what=131073 when=-1ms target=Handler (com.android.internal.util.StateMachine$SmHandler) {42568e58} arg1=2 }
D/StateMachine(  588): processMsg: SupplicantStartedState
D/WifiStateMachine(  588): SupplicantStartedState{ what=131073 when=-1ms target=Handler (com.android.internal.util.StateMachine$SmHandler) {42568e58} arg1=2 }
D/StateMachine(  588): processMsg: SoftApStartedState
D/WifiStateMachine(  588): SoftApStartedState{ what=131073 when=-2ms target=Handler (com.android.internal.util.StateMachine$SmHandler) {42568e58} arg1=2 }
D/StateMachine(  588): processMsg: DefaultState
D/WifiStateMachine(  588): DefaultState{ what=131073 when=-2ms target=Handler (com.android.internal.util.StateMachine$SmHandler) {42568e58} arg1=2 }
D/StateMachine(  588): handleMessage: X
D/StateMachine(  588): handleMessage: E msg.what=131083
D/StateMachine(  588): processMsg: ConnectedState
D/WifiStateMachine(  588): ConnectedState{ what=131083 when=-2ms target=Handler (com.android.internal.util.StateMachine$SmHandler) {42568e58} }
D/StateMachine(  588): processMsg: L2ConnectedState
D/WifiStateMachine(  588): L2ConnectedState{ what=131083 when=-3ms target=Handler (com.android.internal.util.StateMachine$SmHandler) {42568e58} }
D/StateMachine(  588): processMsg: ConnectModeState
D/WifiStateMachine(  588): ConnectModeState{ what=131083 when=-3ms target=Handler (com.android.internal.util.StateMachine$SmHandler) {42568e58} }
D/StateMachine(  588): processMsg: DriverStartedState
D/WifiStateMachine(  588): DriverStartedState{ what=131083 when=-3ms target=Handler (com.android.internal.util.StateMachine$SmHandler) {42568e58} }
D/StateMachine(  588): processMsg: SupplicantStartedState
D/PowerManagerService(  588): acquireWakeLock(4281ba38): PARTIAL_WAKE_LOCK , tag=NlpWakeLock, flags=0x1, pid=27811, uid=10017, mUserState=0x3
D/WifiService(  588): acquireWifiLockLocked: WifiLock{NlpWifiLock type=2 binder=android.os.BinderProxy@42989868}
D/WifiService(  588): updateWifiState(): wifiApEnabled: false, wifiApAirplaneMode: falsegetWifiEnabledState(): 3, getWifiApEnabledState: 11
D/WifiService(  588): updateWifiState(): mAirplaneModeOn.get(): false, mPersistWifiState.get(): 1
D/WifiService(  588): updateWifiState(): mEmergencyCallbackMode: false, mDeviceIdle: false, lockHeld: true, mStopWifiRequested:false
D/WifiService(  588): updateWifiState(): enable and start wifi
D/WifiStateMachine(  588): SupplicantStartedState{ what=131083 when=-3ms target=Handler (com.android.internal.util.StateMachine$SmHandler) {42568e58} }
D/StateMachine(  588): processMsg: SoftApStartedState
D/WifiStateMachine(  588): SoftApStartedState{ what=131083 when=-4ms target=Handler (com.android.internal.util.StateMachine$SmHandler) {42568e58} }
D/StateMachine(  588): processMsg: DefaultState
D/WifiStateMachine(  588): DefaultState{ what=131083 when=-4ms target=Handler (com.android.internal.util.StateMachine$SmHandler) {42568e58} }
D/StateMachine(  588): handleMessage: X
D/StateMachine(  588): handleMessage: E msg.what=131144
D/StateMachine(  588): processMsg: ConnectedState
D/WifiStateMachine(  588): ConnectedState{ what=131144 when=-5ms target=Handler (com.android.internal.util.StateMachine$SmHandler) {42568e58} arg1=1 }
D/StateMachine(  588): processMsg: L2ConnectedState
D/WifiStateMachine(  588): L2ConnectedState{ what=131144 when=-5ms target=Handler (com.android.internal.util.StateMachine$SmHandler) {42568e58} arg1=1 }
D/StateMachine(  588): handleMessage: X
D/StateMachine(  588): handleMessage: E msg.what=131085
D/StateMachine(  588): processMsg: ConnectedState
D/WifiStateMachine(  588): ConnectedState{ what=131085 when=-5ms target=Handler (com.android.internal.util.StateMachine$SmHandler) {42568e58} }
D/StateMachine(  588): processMsg: L2ConnectedState
D/WifiStateMachine(  588): L2ConnectedState{ what=131085 when=-6ms target=Handler (com.android.internal.util.StateMachine$SmHandler) {42568e58} }
D/StateMachine(  588): processMsg: ConnectModeState
D/WifiStateMachine(  588): ConnectModeState{ what=131085 when=-6ms target=Handler (com.android.internal.util.StateMachine$SmHandler) {42568e58} }
D/StateMachine(  588): processMsg: DriverStartedState
D/WifiStateMachine(  588): DriverStartedState{ what=131085 when=-6ms target=Handler (com.android.internal.util.StateMachine$SmHandler) {42568e58} }
D/StateMachine(  588): handleMessage: X
D/StateMachine(  588): handleMessage: E msg.what=131149
D/StateMachine(  588): processMsg: ConnectedState
D/WifiStateMachine(  588): ConnectedState{ what=131149 when=-7ms target=Handler (com.android.internal.util.StateMachine$SmHandler) {42568e58} }
D/StateMachine(  588): processMsg: L2ConnectedState
D/WifiStateMachine(  588): L2ConnectedState{ what=131149 when=-7ms target=Handler (com.android.internal.util.StateMachine$SmHandler) {42568e58} }
D/StateMachine(  588): processMsg: ConnectModeState
D/WifiStateMachine(  588): ConnectModeState{ what=131149 when=-8ms target=Handler (com.android.internal.util.StateMachine$SmHandler) {42568e58} }
D/StateMachine(  588): processMsg: DriverStartedState
D/WifiStateMachine(  588): DriverStartedState{ what=131149 when=-8ms target=Handler (com.android.internal.util.StateMachine$SmHandler) {42568e58} }
D/StateMachine(  588): handleMessage: X
D/PowerManagerService(  588): releaseWakeLock(42c85330): PARTIAL_WAKE_LOCK , tag=NlpWakeLock, flags=0x1
D/PowerManagerService(  588): acquireWakeLock(422a59d8): PARTIAL_WAKE_LOCK , tag=RILJ, flags=0x1, pid=946, uid=1001, mUserState=0x3
D/PowerManagerService(  588): releaseWakeLock(422a59d8): PARTIAL_WAKE_LOCK , tag=RILJ, flags=0x1
D/PowerManagerService(  588): acquireWakeLock(428adb70): PARTIAL_WAKE_LOCK , tag=NlpWakeLock, flags=0x1, pid=27811, uid=10017, mUserState=0x3
D/PowerManagerService(  588): releaseWakeLock(428adb70): PARTIAL_WAKE_LOCK , tag=NlpWakeLock, flags=0x1
D/StateMachine(  588): handleMessage: E msg.what=131073
D/StateMachine(  588): processMsg: ConnectedState
D/WifiStateMachine(  588): ConnectedState{ what=131073 when=-1ms target=Handler (com.android.internal.util.StateMachine$SmHandler) {42568e58} arg1=2 }
D/StateMachine(  588): processMsg: L2ConnectedState
D/WifiStateMachine(  588): L2ConnectedState{ what=131073 when=-1ms target=Handler (com.android.internal.util.StateMachine$SmHandler) {42568e58} arg1=2 }
D/StateMachine(  588): processMsg: ConnectModeState
D/WifiStateMachine(  588): ConnectModeState{ what=131073 when=-1ms target=Handler (com.android.internal.util.StateMachine$SmHandler) {42568e58} arg1=2 }
D/StateMachine(  588): processMsg: DriverStartedState
D/WifiStateMachine(  588): DriverStartedState{ what=131073 when=-2ms target=Handler (com.android.internal.util.StateMachine$SmHandler) {42568e58} arg1=2 }
D/StateMachine(  588): processMsg: SupplicantStartedState
D/WifiStateMachine(  588): SupplicantStartedState{ what=131073 when=-2ms target=Handler (com.android.internal.util.StateMachine$SmHandler) {42568e58} arg1=2 }
D/StateMachine(  588): processMsg: SoftApStartedState
D/WifiStateMachine(  588): SoftApStartedState{ what=131073 when=-2ms target=Handler (com.android.internal.util.StateMachine$SmHandler) {42568e58} arg1=2 }
D/StateMachine(  588): processMsg: DefaultState
D/WifiStateMachine(  588): DefaultState{ what=131073 when=-3ms target=Handler (com.android.internal.util.StateMachine$SmHandler) {42568e58} arg1=2 }
D/StateMachine(  588): handleMessage: X
D/StateMachine(  588): handleMessage: E msg.what=131083
D/StateMachine(  588): processMsg: ConnectedState
D/WifiStateMachine(  588): ConnectedState{ what=131083 when=-2ms target=Handler (com.android.internal.util.StateMachine$SmHandler) {42568e58} }
D/PowerManagerService(  588): acquireWakeLock(42648a28): PARTIAL_WAKE_LOCK , tag=GCoreFlp, flags=0x1, pid=27811, uid=10017, mUserState=0x3
D/PowerManagerService(  588): acquireWakeLock(42c40928): PARTIAL_WAKE_LOCK , tag=GCoreFlp, flags=0x1, pid=27811, uid=10017, mUserState=0x3
D/PowerManagerService(  588): releaseWakeLock(42648a28): PARTIAL_WAKE_LOCK , tag=GCoreFlp, flags=0x1
D/WifiService(  588): releaseWifiLockLocked: WifiLock{NlpWifiLock type=2 binder=android.os.BinderProxy@42989868}
D/WifiService(  588): updateWifiState(): wifiApEnabled: false, wifiApAirplaneMode: falsegetWifiEnabledState(): 3, getWifiApEnabledState: 11
D/WifiService(  588): updateWifiState(): mAirplaneModeOn.get(): false, mPersistWifiState.get(): 1
D/WifiService(  588): updateWifiState(): mEmergencyCallbackMode: false, mDeviceIdle: false, lockHeld: true, mStopWifiRequested:false
D/WifiService(  588): updateWifiState(): enable and start wifi
D/StateMachine(  588): processMsg: L2ConnectedState
D/WifiStateMachine(  588): L2ConnectedState{ what=131083 when=-3ms target=Handler (com.android.internal.util.StateMachine$SmHandler) {42568e58} }
D/StateMachine(  588): processMsg: ConnectModeState
D/WifiStateMachine(  588): ConnectModeState{ what=131083 when=-3ms target=Handler (com.android.internal.util.StateMachine$SmHandler) {42568e58} }
D/StateMachine(  588): processMsg: DriverStartedState
D/WifiStateMachine(  588): DriverStartedState{ what=131083 when=-3ms target=Handler (com.android.internal.util.StateMachine$SmHandler) {42568e58} }
D/StateMachine(  588): processMsg: SupplicantStartedState
D/WifiStateMachine(  588): SupplicantStartedState{ what=131083 when=-3ms target=Handler (com.android.internal.util.StateMachine$SmHandler) {42568e58} }
D/StateMachine(  588): processMsg: SoftApStartedState
D/WifiStateMachine(  588): SoftApStartedState{ what=131083 when=-4ms target=Handler (com.android.internal.util.StateMachine$SmHandler) {42568e58} }
D/StateMachine(  588): processMsg: DefaultState
D/WifiStateMachine(  588): DefaultState{ what=131083 when=-4ms target=Handler (com.android.internal.util.StateMachine$SmHandler) {42568e58} }
D/StateMachine(  588): handleMessage: X
D/StateMachine(  588): handleMessage: E msg.what=131144
D/StateMachine(  588): processMsg: ConnectedState
D/WifiStateMachine(  588): ConnectedState{ what=131144 when=-5ms target=Handler (com.android.internal.util.StateMachine$SmHandler) {42568e58} arg1=1 }
D/StateMachine(  588): processMsg: L2ConnectedState
D/WifiStateMachine(  588): L2ConnectedState{ what=131144 when=-5ms target=Handler (com.android.internal.util.StateMachine$SmHandler) {42568e58} arg1=1 }
D/StateMachine(  588): handleMessage: X
D/StateMachine(  588): handleMessage: E msg.what=131085
D/StateMachine(  588): processMsg: ConnectedState
D/WifiStateMachine(  588): ConnectedState{ what=131085 when=-5ms target=Handler (com.android.internal.util.StateMachine$SmHandler) {42568e58} }
D/StateMachine(  588): processMsg: L2ConnectedState
D/WifiStateMachine(  588): L2ConnectedState{ what=131085 when=-6ms target=Handler (com.android.internal.util.StateMachine$SmHandler) {42568e58} }
D/StateMachine(  588): processMsg: ConnectModeState
D/WifiStateMachine(  588): ConnectModeState{ what=131085 when=-6ms target=Handler (com.android.internal.util.StateMachine$SmHandler) {42568e58} }
D/StateMachine(  588): processMsg: DriverStartedState
D/WifiStateMachine(  588): DriverStartedState{ what=131085 when=-7ms target=Handler (com.android.internal.util.StateMachine$SmHandler) {42568e58} }
D/StateMachine(  588): handleMessage: X
D/StateMachine(  588): handleMessage: E msg.what=131149
D/StateMachine(  588): processMsg: ConnectedState
D/WifiStateMachine(  588): ConnectedState{ what=131149 when=-7ms target=Handler (com.android.internal.util.StateMachine$SmHandler) {42568e58} }
D/StateMachine(  588): processMsg: L2ConnectedState
D/WifiStateMachine(  588): L2ConnectedState{ what=131149 when=-7ms target=Handler (com.android.internal.util.StateMachine$SmHandler) {42568e58} }
D/StateMachine(  588): processMsg: ConnectModeState
D/WifiStateMachine(  588): ConnectModeState{ what=131149 when=-8ms target=Handler (com.android.internal.util.StateMachine$SmHandler) {42568e58} }
D/StateMachine(  588): processMsg: DriverStartedState
D/WifiStateMachine(  588): DriverStartedState{ what=131149 when=-8ms target=Handler (com.android.internal.util.StateMachine$SmHandler) {42568e58} }
D/StateMachine(  588): handleMessage: X
D/PowerManagerService(  588): releaseWakeLock(4281ba38): PARTIAL_WAKE_LOCK , tag=NlpWakeLock, flags=0x1
D/PowerManagerService(  588): releaseWakeLock(42c40928): PARTIAL_WAKE_LOCK , tag=GCoreFlp, flags=0x1
D/BatteryService(  588): updateBatteryStats: update triggered by UEvent.
D/PowerManagerService(  588): acquireWakeLock(426aee10): PARTIAL_WAKE_LOCK , tag=BatteryServiceUpdateStats, flags=0x1, pid=588, uid=1000, mUserState=0x3
D/HtcPowerSaver(  588): Received battery changed intent.
D/UsbnetService(  588): BroadcastReceiver::onReceive+
D/UsbnetService(  588): onReceive BATTERY_CHANGED
D/UsbnetService(  588):  --> pluggedType = 2, mPluggedType = 0, mScreenOff = false
D/UsbnetService(  588): BroadcastReceiver::onReceive-
D/PowerUI (  811): closing low battery warning: level=16
D/PowerUI (  811): plugged = true, health = 2, mBatteryLevel = 16, mPluggedBatteryLevel = 12, mLowBatteryWarningLevel2 = 25, mshowLowChargingWarning2 = true
D/PowerManagerService(  588): releaseWakeLock(426aee10): PARTIAL_WAKE_LOCK , tag=BatteryServiceUpdateStats, flags=0x1
D/WifiService(  588): ACTION_BATTERY_CHANGED pluggedType: 2
D/NotificationService(  588): mIntentReceiver() Intent.ACTION_BATTERY_CHANGED
D/HtcPowerSaver(  588): Checking...
I/HtcPowerSaver(  588): >> updateStatus
D/PowerManagerService(  588): runHtcPowerSaverCheck ======================================
I/ActivityManager(  588): Start proc com.htc.htcpowermanager:remote for broadcast com.htc.htcpowermanager/.powersaver.PowerSaverNotificationReceiver: pid=7264 uid=1000 gids={1015, 3002, 3001, 3003, 1028, 5006, 3007, 3006, 2001, 1007}
I/HtcPowerSaver(  588): currentStatus=8002, currentLevel=16, enableLevel=-1, enable=true, mAutoModeOn=false, popDialog=false, statusChangeTo=-1
I/HtcPowerSaver(  588): << updateStatus
E/Trace   ( 7264): error opening trace file: No such file or directory (2)
I/ActivityThread( 7264): Pub com.htc.htcpowermanager: com.htc.htcpowermanager.smartsync.SmartSyncProvider
D/SizeAdaptiveLayout(  811): com.android.internal.widget.SizeAdaptiveLayout@41e6c8a0child view android.widget.LinearLayout@41e6eca0 measured out of bounds at 95px clamped to 96px
I/ActivityManager(  588): Recipient 7092
I/ActivityManager(  588): Process com.google.android.gsf.login (pid 7092) has died.
I/ActivityManager(  588): Recipient 7161
I/ActivityManager(  588): Process nz.barees.android.cachesensedemo (pid 7161) has died.
D/StateMachine(  588): handleMessage: E msg.what=131155
D/StateMachine(  588): processMsg: ConnectedState
D/WifiStateMachine(  588): ConnectedState{ what=131155 when=-2ms target=Handler (com.android.internal.util.StateMachine$SmHandler) {42568e58} arg1=253 }
D/StateMachine(  588): processMsg: L2ConnectedState
D/WifiStateMachine(  588): L2ConnectedState{ what=131155 when=-3ms target=Handler (com.android.internal.util.StateMachine$SmHandler) {42568e58} arg1=253 }
I/wpa_ctrl(  588): [wpa_ctrl_request] ctrl address = 51174668, ctrl_conn address = 0
D/WifiStateMachine(  588): fetchRssiAndLinkSpeedNative RSSI = -53
D/StateMachine(  588): handleMessage: X
D/TELEPHONY_CALLBACK(  811): @onSignalStrengthChanged: SignalStrength: 5 -1 -1 -1 -1 -1 -1 -1 -1 -1 2147483647 -1 gsm|lte
D/StatusBar.NetworkController(  811): dumpState[hasService=true ServiceState=0 home 3 3 27202  HSPA CSS not supported -1 -1 RoamInd=-1 DefRoamInd=-1EriInd= -1EriMode= -1RadioPowerSv: false EmergOnly=false PhoneType: 1 IsCdma=false SimState=UNKNOWN GprsState=0 DataState=Disconnected DataActivity=NONE NetworkType=HSPA HtcModemLinkOn=false HspaDataDistinquishable=true]
D/SIGNAL_ICON(  811): updateTelephonySignalStrength
D/SIGNAL_ICON(  811): fakeui srv=0 mTimerEnabled=false asu=5
D/SIGNAL_ICON(  811): asu=5
D/SIGNAL_ICON(  811): SUPPORT_5_LEVEL_SIGNAL
D/SIGNAL_ICON(  811): mapTelephonySignalStrength
D/SIGNAL_ICON(  811): maxLevel=5 asu=5 networkType=HSPA
D/SIGNAL_ICON(  811): return iconLevel=2
D/StatusBar.NetworkController(  811): dumpIconState[dataVisible=false dataIconId=stat_sys_data_out_3g_plus signalIconId=stat_sys_5signal_2 wifiVisible=true wifiIconId=stat_sys_wifi_signal_4 airplaneMode=false]
D/StateMachine(  588): handleMessage: E msg.what=131155
D/StateMachine(  588): processMsg: ConnectedState
D/WifiStateMachine(  588): ConnectedState{ what=131155 when=-5ms target=Handler (com.android.internal.util.StateMachine$SmHandler) {42568e58} arg1=253 }
D/StateMachine(  588): processMsg: L2ConnectedState
D/WifiStateMachine(  588): L2ConnectedState{ what=131155 when=-6ms target=Handler (com.android.internal.util.StateMachine$SmHandler) {42568e58} arg1=253 }
I/wpa_ctrl(  588): [wpa_ctrl_request] ctrl address = 51174668, ctrl_conn address = 0
D/WifiStateMachine(  588): fetchRssiAndLinkSpeedNative RSSI = -51
D/StateMachine(  588): handleMessage: X
D/PowerManagerService(  588): acquireWakeLock(4285f328): PARTIAL_WAKE_LOCK , tag=AlarmManager, flags=0x1, pid=588, uid=1000, mUserState=0x3
V/AlarmManager(  588): sending alarm PendingIntent{427e89f8: PendingIntentRecord{42b65b10 com.whatsapp broadcastIntent}}, intent=com.whatsapp.alarm.CLIENT_PING_TIMEOUT, type=ELAPSED_REALTIME_WAKEUP, count=1, when=166195363, repeateInterval=0
D/PowerManagerService(  588): releaseWakeLock(4285f328): PARTIAL_WAKE_LOCK , tag=AlarmManager, flags=0x1
D/StateMachine(  588): handleMessage: E msg.what=131155
D/StateMachine(  588): processMsg: ConnectedState
D/WifiStateMachine(  588): ConnectedState{ what=131155 when=-4ms target=Handler (com.android.internal.util.StateMachine$SmHandler) {42568e58} arg1=253 }
D/StateMachine(  588): processMsg: L2ConnectedState
D/WifiStateMachine(  588): L2ConnectedState{ what=131155 when=-6ms target=Handler (com.android.internal.util.StateMachine$SmHandler) {42568e58} arg1=253 }
I/wpa_ctrl(  588): [wpa_ctrl_request] ctrl address = 51174668, ctrl_conn address = 0
D/WifiStateMachine(  588): fetchRssiAndLinkSpeedNative RSSI = -50
D/StateMachine(  588): handleMessage: X
I/ActivityManager(  588): Recipient 7264
I/ActivityManager(  588): Process com.htc.htcpowermanager:remote (pid 7264) has died.
D/StateMachine(  588): handleMessage: E msg.what=131155
D/StateMachine(  588): processMsg: ConnectedState
D/WifiStateMachine(  588): ConnectedState{ what=131155 when=-3ms target=Handler (com.android.internal.util.StateMachine$SmHandler) {42568e58} arg1=253 }
D/StateMachine(  588): processMsg: L2ConnectedState
D/WifiStateMachine(  588): L2ConnectedState{ what=131155 when=-4ms target=Handler (com.android.internal.util.StateMachine$SmHandler) {42568e58} arg1=253 }
I/wpa_ctrl(  588): [wpa_ctrl_request] ctrl address = 51174668, ctrl_conn address = 0
D/WifiStateMachine(  588): fetchRssiAndLinkSpeedNative RSSI = -52
D/StateMachine(  588): handleMessage: X
D/TELEPHONY_CALLBACK(  811): @onSignalStrengthChanged: SignalStrength: 5 -1 -1 -1 -1 -1 -1 -1 -1 -1 2147483647 -1 gsm|lte
D/StatusBar.NetworkController(  811): dumpState[hasService=true ServiceState=0 home 3 3 27202  HSPA CSS not supported -1 -1 RoamInd=-1 DefRoamInd=-1EriInd= -1EriMode= -1RadioPowerSv: false EmergOnly=false PhoneType: 1 IsCdma=false SimState=UNKNOWN GprsState=0 DataState=Disconnected DataActivity=NONE NetworkType=HSPA HtcModemLinkOn=false HspaDataDistinquishable=true]
D/SIGNAL_ICON(  811): updateTelephonySignalStrength
D/SIGNAL_ICON(  811): fakeui srv=0 mTimerEnabled=false asu=5
D/SIGNAL_ICON(  811): asu=5
D/SIGNAL_ICON(  811): SUPPORT_5_LEVEL_SIGNAL
D/SIGNAL_ICON(  811): mapTelephonySignalStrength
D/SIGNAL_ICON(  811): maxLevel=5 asu=5 networkType=HSPA
D/SIGNAL_ICON(  811): return iconLevel=2
D/StatusBar.NetworkController(  811): dumpIconState[dataVisible=false dataIconId=stat_sys_data_out_3g_plus signalIconId=stat_sys_5signal_2 wifiVisible=true wifiIconId=stat_sys_wifi_signal_4 airplaneMode=false]
D/AutoSetting(  897): service - handleMessage() incoming message, what:50
D/AutoSetting(  897): service - handleMessage() stop self
D/AutoSetting(  897): service - stop self, saving info!
D/AutoSetting(  897): service - stop self, saving info! Done
D/AutoSetting(  897): service - onDestroy()
D/AutoSetting(  897): service - handleMessage() incoming message, what:100
D/AutoSetting(  897): service - handleMessage() quit looper
D/LocationManagerService(  588): [LPS] In removeUpdatesLocked.p.setMinTime:
D/AutoSetting(  897): service - onDestroy() END
D/LocationManagerService(  588): _removeUpdates: listener = Receiver{425c1a50 Listener android.os.BinderProxy@429ee2f0}mUpdateRecords: {network=UpdateRecord{42c418b0 mProvider: network mUid: 10014}}
I/LocationManagerService(  588): remove network (pid 897), next minTime = 30000
D/StateMachine(  588): handleMessage: E msg.what=131155
D/StateMachine(  588): processMsg: ConnectedState
D/WifiStateMachine(  588): ConnectedState{ what=131155 when=-4ms target=Handler (com.android.internal.util.StateMachine$SmHandler) {42568e58} arg1=253 }
D/StateMachine(  588): processMsg: L2ConnectedState
D/WifiStateMachine(  588): L2ConnectedState{ what=131155 when=-5ms target=Handler (com.android.internal.util.StateMachine$SmHandler) {42568e58} arg1=253 }
I/wpa_ctrl(  588): [wpa_ctrl_request] ctrl address = 51174668, ctrl_conn address = 0
D/WifiStateMachine(  588): fetchRssiAndLinkSpeedNative RSSI = -46
D/StateMachine(  588): handleMessage: X
D/StateMachine(  588): handleMessage: E msg.what=131155
D/StateMachine(  588): processMsg: ConnectedState
D/WifiStateMachine(  588): ConnectedState{ what=131155 when=-4ms target=Handler (com.android.internal.util.StateMachine$SmHandler) {42568e58} arg1=253 }
D/StateMachine(  588): processMsg: L2ConnectedState
D/WifiStateMachine(  588): L2ConnectedState{ what=131155 when=-5ms target=Handler (com.android.internal.util.StateMachine$SmHandler) {42568e58} arg1=253 }
I/wpa_supplicant(  789): Change stage from stage3 to stage0
I/wpa_ctrl(  588): [wpa_ctrl_request] ctrl address = 51174668, ctrl_conn address = 0
D/WifiStateMachine(  588): fetchRssiAndLinkSpeedNative RSSI = -45
D/StateMachine(  588): handleMessage: X
D/PowerManagerService(  588): TPE algorithm. remove timeout.
D/PowerManagerService(  588): ALG=2, lsvalue=320(5th)->640(6th), last_level=6, lValue=125->125, bValue=0, kValue=0, mPowerState=0x3, mSkippedScreenOn=false, mInitialAnimation=false, immediate=false
D/PowerManagerService(  588): releaseWakeLock(42d393b0): PARTIAL_WAKE_LOCK , tag=wake:com.google.android.gms/.config.ConfigFetchService, flags=0x1
D/TELEPHONY_CALLBACK(  811): @onSignalStrengthChanged: SignalStrength: 5 -1 -1 -1 -1 -1 -1 -1 -1 -1 2147483647 -1 gsm|lte
D/StatusBar.NetworkController(  811): dumpState[hasService=true ServiceState=0 home 3 3 27202  HSPA CSS not supported -1 -1 RoamInd=-1 DefRoamInd=-1EriInd= -1EriMode= -1RadioPowerSv: false EmergOnly=false PhoneType: 1 IsCdma=false SimState=UNKNOWN GprsState=0 DataState=Disconnected DataActivity=NONE NetworkType=HSPA HtcModemLinkOn=false HspaDataDistinquishable=true]
D/SIGNAL_ICON(  811): updateTelephonySignalStrength
D/SIGNAL_ICON(  811): fakeui srv=0 mTimerEnabled=false asu=5
D/SIGNAL_ICON(  811): asu=5
D/SIGNAL_ICON(  811): SUPPORT_5_LEVEL_SIGNAL
D/SIGNAL_ICON(  811): mapTelephonySignalStrength
D/SIGNAL_ICON(  811): maxLevel=5 asu=5 networkType=HSPA
D/SIGNAL_ICON(  811): return iconLevel=2
D/StatusBar.NetworkController(  811): dumpIconState[dataVisible=false dataIconId=stat_sys_data_out_3g_plus signalIconId=stat_sys_5signal_2 wifiVisible=true wifiIconId=stat_sys_wifi_signal_4 airplaneMode=false]
D/PowerManagerService(  588): acquireWakeLock(429d9470): PARTIAL_WAKE_LOCK , tag=RILJ, flags=0x1, pid=946, uid=1001, mUserState=0x3
D/PowerManagerService(  588): releaseWakeLock(429d9470): PARTIAL_WAKE_LOCK , tag=RILJ, flags=0x1
D/TELEPHONY_CALLBACK(  811): @onSignalStrengthChanged: SignalStrength: 31 -1 -1 -1 -1 -1 -1 -1 -1 -1 2147483647 -1 gsm|lte
D/StatusBar.NetworkController(  811): dumpState[hasService=true ServiceState=0 home 3 3 27202  HSPA CSS not supported -1 -1 RoamInd=-1 DefRoamInd=-1EriInd= -1EriMode= -1RadioPowerSv: false EmergOnly=false PhoneType: 1 IsCdma=false SimState=UNKNOWN GprsState=0 DataState=Disconnected DataActivity=NONE NetworkType=HSPA HtcModemLinkOn=false HspaDataDistinquishable=true]
D/SIGNAL_ICON(  811): updateTelephonySignalStrength
D/SIGNAL_ICON(  811): fakeui srv=0 mTimerEnabled=false asu=31
D/SIGNAL_ICON(  811): asu=31
D/SIGNAL_ICON(  811): SUPPORT_5_LEVEL_SIGNAL
D/SIGNAL_ICON(  811): mapTelephonySignalStrength
D/SIGNAL_ICON(  811): maxLevel=5 asu=31 networkType=HSPA
D/SIGNAL_ICON(  811): return iconLevel=5
D/SIGNAL_ICON(  811): refreshViews: mPhoneSignalIconId -> stat_sys_5signal_5
D/StatusBar.NetworkController(  811): dumpIconState[dataVisible=false dataIconId=stat_sys_data_out_3g_plus signalIconId=stat_sys_5signal_5 wifiVisible=true wifiIconId=stat_sys_wifi_signal_4 airplaneMode=false]
D/PowerManagerService(  588): acquireWakeLock(429a5b78): PARTIAL_WAKE_LOCK , tag=RILJ, flags=0x1, pid=946, uid=1001, mUserState=0x3
D/PowerManagerService(  588): releaseWakeLock(429a5b78): PARTIAL_WAKE_LOCK , tag=RILJ, flags=0x1
D/PowerManagerService(  588): acquireWakeLock(4297f150): PARTIAL_WAKE_LOCK , tag=AlarmManager, flags=0x1, pid=588, uid=1000, mUserState=0x3
V/AlarmManager(  588): sending alarm PendingIntent{42746618: PendingIntentRecord{42627ce8 com.android.phone broadcastIntent}}, intent=com.android.internal.telephony.gprs-data-stall, type=ELAPSED_REALTIME, count=1, when=166207662, repeateInterval=0
D/PowerManagerService(  588): releaseWakeLock(4297f150): PARTIAL_WAKE_LOCK , tag=AlarmManager, flags=0x1
D/CordovaLog( 6635): file:///android_asset/www/index.html: Line 451 : Uncaught SyntaxError: Unexpected token }
E/Web Console( 6635): Uncaught SyntaxError: Unexpected token } at file:///android_asset/www/index.html:451
D/StateMachine(  588): handleMessage: E msg.what=131155
D/StateMachine(  588): processMsg: ConnectedState
D/WifiStateMachine(  588): ConnectedState{ what=131155 when=-3ms target=Handler (com.android.internal.util.StateMachine$SmHandler) {42568e58} arg1=253 }
D/StateMachine(  588): processMsg: L2ConnectedState
D/WifiStateMachine(  588): L2ConnectedState{ what=131155 when=-4ms target=Handler (com.android.internal.util.StateMachine$SmHandler) {42568e58} arg1=253 }
I/wpa_ctrl(  588): [wpa_ctrl_request] ctrl address = 51174668, ctrl_conn address = 0
D/WifiStateMachine(  588): fetchRssiAndLinkSpeedNative RSSI = -46
D/StateMachine(  588): handleMessage: X
D/StateMachine(  588): handleMessage: E msg.what=131155
D/StateMachine(  588): processMsg: ConnectedState
D/WifiStateMachine(  588): ConnectedState{ what=131155 when=-5ms target=Handler (com.android.internal.util.StateMachine$SmHandler) {42568e58} arg1=253 }
D/StateMachine(  588): processMsg: L2ConnectedState
D/WifiStateMachine(  588): L2ConnectedState{ what=131155 when=-6ms target=Handler (com.android.internal.util.StateMachine$SmHandler) {42568e58} arg1=253 }
I/wpa_ctrl(  588): [wpa_ctrl_request] ctrl address = 51174668, ctrl_conn address = 0
D/WifiStateMachine(  588): fetchRssiAndLinkSpeedNative RSSI = -48
D/StateMachine(  588): handleMessage: X
D/PowerManagerService(  588): acquireWakeLock(4280fd70): PARTIAL_WAKE_LOCK , tag=RILJ, flags=0x1, pid=946, uid=1001, mUserState=0x3
D/PowerManagerService(  588): releaseWakeLock(4280fd70): PARTIAL_WAKE_LOCK , tag=RILJ, flags=0x1
D/PowerManagerService(  588): acquireWakeLock(425b5a88): PARTIAL_WAKE_LOCK , tag=RILJ, flags=0x1, pid=946, uid=1001, mUserState=0x3
D/PowerManagerService(  588): releaseWakeLock(425b5a88): PARTIAL_WAKE_LOCK , tag=RILJ, flags=0x1
D/PowerManagerService(  588): acquireWakeLock(427e5700): PARTIAL_WAKE_LOCK , tag=RILJ, flags=0x1, pid=946, uid=1001, mUserState=0x3
D/PowerManagerService(  588): releaseWakeLock(427e5700): PARTIAL_WAKE_LOCK , tag=RILJ, flags=0x1
D/StateMachine(  588): handleMessage: E msg.what=131155
D/StateMachine(  588): processMsg: ConnectedState
D/WifiStateMachine(  588): ConnectedState{ what=131155 when=-3ms target=Handler (com.android.internal.util.StateMachine$SmHandler) {42568e58} arg1=253 }
D/StateMachine(  588): processMsg: L2ConnectedState
D/WifiStateMachine(  588): L2ConnectedState{ what=131155 when=-4ms target=Handler (com.android.internal.util.StateMachine$SmHandler) {42568e58} arg1=253 }
I/wpa_ctrl(  588): [wpa_ctrl_request] ctrl address = 51174668, ctrl_conn address = 0
D/WifiStateMachine(  588): fetchRssiAndLinkSpeedNative RSSI = -54
D/StateMachine(  588): handleMessage: X
D/PowerManagerService(  588): acquireWakeLock(42c8cb60): PARTIAL_WAKE_LOCK , tag=RILJ, flags=0x1, pid=946, uid=1001, mUserState=0x3
D/PowerManagerService(  588): releaseWakeLock(42c8cb60): PARTIAL_WAKE_LOCK , tag=RILJ, flags=0x1
D/PowerManagerService(  588): acquireWakeLock(4253cd38): PARTIAL_WAKE_LOCK , tag=RILJ, flags=0x1, pid=946, uid=1001, mUserState=0x3
D/PowerManagerService(  588): releaseWakeLock(4253cd38): PARTIAL_WAKE_LOCK , tag=RILJ, flags=0x1
D/GpsLocationProvider(  588): ServiceState.STATE_IN_SERVICE
D/TELEPHONY_CALLBACK(  811): @onServiceStateChanged: 0 home 3 3 27202  EDGE CSS not supported -1 -1 RoamInd=-1 DefRoamInd=-1EriInd= -1EriMode= -1RadioPowerSv: false EmergOnly=false PhoneType: 1
D/StatusBar.NetworkController(  811): dumpState[hasService=true ServiceState=0 home 3 3 27202  EDGE CSS not supported -1 -1 RoamInd=-1 DefRoamInd=-1EriInd= -1EriMode= -1RadioPowerSv: false EmergOnly=false PhoneType: 1 IsCdma=false SimState=UNKNOWN GprsState=1 DataState=Disconnected DataActivity=NONE NetworkType=HSPA HtcModemLinkOn=false HspaDataDistinquishable=true]
D/SIGNAL_ICON(  811): updateTelephonySignalStrength
D/SIGNAL_ICON(  811): fakeui srv=0 mTimerEnabled=false asu=31
D/SIGNAL_ICON(  811): asu=31
D/SIGNAL_ICON(  811): SUPPORT_5_LEVEL_SIGNAL
D/SIGNAL_ICON(  811): mapTelephonySignalStrength
D/SIGNAL_ICON(  811): maxLevel=5 asu=31 networkType=HSPA
D/SIGNAL_ICON(  811): return iconLevel=5
D/DATA_ICON(  811): updateDataNetType: networkType=HSPA
D/DATA_ICON(  811): updateDataIcon
D/DATA_ICON(  811): NOP
D/StatusBar.NetworkController(  811): dumpIconState[dataVisible=false dataIconId=stat_sys_data_out_3g_plus signalIconId=stat_sys_5signal_5 wifiVisible=true wifiIconId=stat_sys_wifi_signal_4 airplaneMode=false]
D/DATA    (  946): [PhoneNotifier] [DPN] state=DISCONNECTED possible=false reason=nwTypeChanged apn=null type=default lp=<<null>> tech=2 roaming=false errorCause=0 carrier=null
D/DATA    (  946): [PhoneNotifier] update DcParam of default(0)
I/TelephonyRegistry(  588): notifyDataConnection: state=0 isDataConnectivityPossible=false reason='nwTypeChanged' apn='null' apnType=default networkType=2 roaming=false errorCause=0preConn = []
D/TELEPHONY_CALLBACK(  811): @onDataConnectionStateChanged: dataState=0 networkType=EDGE
D/FlexNetS(  897): CampNetworkInWhiteBlackList had check current PLMN =27202
D/StatusBar.NetworkController(  811): dumpState[hasService=true ServiceState=0 home 3 3 27202  EDGE CSS not supported -1 -1 RoamInd=-1 DefRoamInd=-1EriInd= -1EriMode= -1RadioPowerSv: false EmergOnly=false PhoneType: 1 IsCdma=false SimState=UNKNOWN GprsState=1 DataState=Disconnected DataActivity=NONE NetworkType=EDGE HtcModemLinkOn=false HspaDataDistinquishable=true]
D/DATA_ICON(  811): updateDataNetType: networkType=EDGE
D/DATA_ICON(  811): updateDataIcon
D/DATA_ICON(  811): NOP
D/StatusBar.NetworkController(  811): dumpIconState[dataVisible=false dataIconId=stat_sys_data_out_3g_plus signalIconId=stat_sys_5signal_5 wifiVisible=true wifiIconId=stat_sys_wifi_signal_4 airplaneMode=false]
V/FlexNetS(  897): onStartCommand() ACTION_CAMPNETWORK_NOT_IN_SERVICE_OR_ROAMING
V/FlexNetS(  897): handleCommand_AutoMode action: ACTION_CAMPNETWORK_NOT_IN_SERVICE_OR_ROAMING
D/MobileDataStateTracker(  588): default: Broadcast received: ignore android.intent.action.SERVICE_STATE
D/PowerManagerService(  588): acquireWakeLock(426ebc30): PARTIAL_WAKE_LOCK , tag=SWITCH_NETWORK_MODE_WAKE_LOCK, flags=0x1, pid=897, uid=10014, mUserState=0x3
D/MobileDataStateTracker(  588): mms: Broadcast received: ignore android.intent.action.SERVICE_STATE
D/DATA    (  946): [PhoneNotifier] [DPN] state=DISCONNECTED possible=false reason=dataDetached apn=null type=default lp=<<null>> tech=2 roaming=false errorCause=0 carrier=null
D/DATA    (  946): [PhoneNotifier] update DcParam of default(0)
D/FlexNetS(  897): cancelTimer: ACTION_FAKE_IN_SERVICE_AND_NOT_ROAMING
I/TelephonyRegistry(  588): notifyDataConnection: state=0 isDataConnectivityPossible=false reason='dataDetached' apn='null' apnType=default networkType=2 roaming=false errorCause=0preConn = []
D/MobileDataStateTracker(  588): supl: Broadcast received: ignore android.intent.action.SERVICE_STATE
D/PowerManagerService(  588): acquireWakeLock(4280ad08): PARTIAL_WAKE_LOCK , tag=RILJ, flags=0x1, pid=946, uid=1001, mUserState=0x3
D/MobileDataStateTracker(  588): dun: Broadcast received: ignore android.intent.action.SERVICE_STATE
D/PowerManagerService(  588): releaseWakeLock(4280ad08): PARTIAL_WAKE_LOCK , tag=RILJ, flags=0x1
D/FlexNetS(  897): cancelTimer: ACTION_SWITCH_TO_GSM_ONLY_MODE
D/MobileDataStateTracker(  588): hipri: Broadcast received: ignore android.intent.action.SERVICE_STATE
D/MobileDataStateTracker(  588): fota: Broadcast received: ignore android.intent.action.SERVICE_STATE
D/MobileDataStateTracker(  588): ims: Broadcast received: ignore android.intent.action.SERVICE_STATE
D/MobileDataStateTracker(  588): null: Broadcast received: ignore android.intent.action.SERVICE_STATE
D/MobileDataStateTracker(  588): httpproxy: Broadcast received: ignore android.intent.action.SERVICE_STATE
D/AutoSetting(  897): receiver - intent: android.intent.action.SERVICE_STATE
D/AutoSetting(  897): receiver - flag: Service state 0, last 0
D/PowerManagerService(  588): releaseWakeLock(426ebc30): PARTIAL_WAKE_LOCK , tag=SWITCH_NETWORK_MODE_WAKE_LOCK, flags=0x1
D/MobileDataStateTracker(  588): admin: Broadcast received: ignore android.intent.action.SERVICE_STATE
D/FlexNetS(  897): CampNetworkInWhiteBlackList had check current PLMN =27202
D/MobileDataStateTracker(  588): internet: Broadcast received: ignore android.intent.action.SERVICE_STATE
D/PowerManagerService(  588): acquireWakeLock(4281a2e0): PARTIAL_WAKE_LOCK , tag=RILJ, flags=0x1, pid=946, uid=1001, mUserState=0x3
D/MobileDataStateTracker(  588): null: Broadcast received: ignore android.intent.action.SERVICE_STATE
D/PowerManagerService(  588): releaseWakeLock(4281a2e0): PARTIAL_WAKE_LOCK , tag=RILJ, flags=0x1
D/MobileDataStateTracker(  588): cmmail: Broadcast received: ignore android.intent.action.SERVICE_STATE
D/MobileDataStateTracker(  588): null: Broadcast received: ignore android.intent.action.SERVICE_STATE
D/MobileDataStateTracker(  588): cmail: Broadcast received: ignore android.intent.action.SERVICE_STATE
D/MobileDataStateTracker(  588): entitle: Broadcast received: ignore android.intent.action.SERVICE_STATE
D/AutoSetting(  897): receiver - intent: com.htc.app.autosetting.phonestatemonitor.lac_changed
D/MobileDataStateTracker(  588): null: Broadcast received: ignore android.intent.action.SERVICE_STATE
D/MobileDataStateTracker(  588): bip: Broadcast received: ignore android.intent.action.SERVICE_STATE
D/MobileDataStateTracker(  588): default: MobileDST sending EVENT_HTC_NETWORK_AVALIBILITY_CHANGE
D/MobileDataStateTracker(  588): default: Broadcast received: ACTION_ANY_DATA_CONNECTION_STATE_CHANGED mApnType=default == received apnType=default
D/FlexNetS(  897): CampNetworkInWhiteBlackList had check current PLMN =27202
D/AutoSetting(  897): service - onCreate()
D/AutoSetting(  897): service - onStartCommand() action: com.htc.app.autosetting.requestlocationupdate
D/AutoSetting(  897): service - mHandler: request passive update
D/MobileDataStateTracker(  588): default: Received state=DISCONNECTED, old=DISCONNECTED, reason=nwTypeChanged
D/MobileDataStateTracker(  588): default: mMobileDataState=DISCONNECTED mTeardownRequested=false got [AnyDataCSC] : type=default state=DISCONNECTED reason=nwTypeChanged apn=null roaming=false unavailable=true NetworkType=2 NetworkTypeName=EDGE entitleError=0
D/LocationManagerService(  588): [requestLocationUpdatesLocked] package_name[com.htc.bg.uid.shared:10014] Uid[10014
D/AutoSetting(  897): service - mHandler: request location update
D/LocationManagerService(  588): [requestLocationUpdatesLocked] package_name[com.htc.bg.uid.shared:10014] Uid[10014
D/MobileDataStateTracker(  588): mms: MobileDST sending EVENT_HTC_NETWORK_AVALIBILITY_CHANGE
D/MobileDataStateTracker(  588): supl: MobileDST sending EVENT_HTC_NETWORK_AVALIBILITY_CHANGE
V/LocationManagerService(  588): In requestLocationUpdates. provider passiveminTime: 5000single shot: false Receiver: Receiver{42096a60 Intent PendingIntent{422c9948: PendingIntentRecord{42b6b310 com.htc.htclocationservice startService}}}mUpdateRecords: {passive=UpdateRecord{42c44518 mProvider: passive mUid: 10014}}
V/LocationManagerService(  588): In requestLocationUpdatesLocked. provider: passive requiredPermissions: android.permission.ACCESS_FINE_LOCATION
I/LocationManagerService(  588): request passive (pid 897) 5000 0
V/LocationManagerService(  588): [LGPS] _requestLocationUpdates: enableLocationTracking(true)
D/LocationManagerService(  588): _requestLocationUpdates: provider = passive listener = Receiver{42096a60 Intent PendingIntent{422c9948: PendingIntentRecord{42b6b310 com.htc.htclocationservice startService}}}mUpdateRecords: {passive=UpdateRecord{429fb4b0 mProvider: passive mUid: 10014}}
D/MobileDataStateTracker(  588): dun: MobileDST sending EVENT_HTC_NETWORK_AVALIBILITY_CHANGE
V/LocationManagerService(  588): In requestLocationUpdates. provider networkminTime: 1000single shot: false Listener: android.location.ILocationListener$Stub$Proxy@424ad710
V/LocationManagerService(  588): In requestLocationUpdatesLocked. provider: network requiredPermissions: android.permission.ACCESS_COARSE_LOCATION
I/LocationManagerService(  588): request network (pid 897) 1000 1000
V/LocationManagerService(  588): [LGPS] _requestLocationUpdates: enableLocationTracking(true)
D/LocationManagerService(  588): _requestLocationUpdates: provider = network listener = Receiver{42c4c470 Listener android.os.BinderProxy@42b37528}mUpdateRecords: {network=UpdateRecord{42b88ca8 mProvider: network mUid: 10014}}
D/MobileDataStateTracker(  588): hipri: MobileDST sending EVENT_HTC_NETWORK_AVALIBILITY_CHANGE
D/MobileDataStateTracker(  588): fota: MobileDST sending EVENT_HTC_NETWORK_AVALIBILITY_CHANGE
D/MobileDataStateTracker(  588): ims: MobileDST sending EVENT_HTC_NETWORK_AVALIBILITY_CHANGE
D/MobileDataStateTracker(  588): null: MobileDST sending EVENT_HTC_NETWORK_AVALIBILITY_CHANGE
D/MobileDataStateTracker(  588): httpproxy: MobileDST sending EVENT_HTC_NETWORK_AVALIBILITY_CHANGE
D/MobileDataStateTracker(  588): admin: MobileDST sending EVENT_HTC_NETWORK_AVALIBILITY_CHANGE
D/MobileDataStateTracker(  588): internet: MobileDST sending EVENT_HTC_NETWORK_AVALIBILITY_CHANGE
D/MobileDataStateTracker(  588): null: MobileDST sending EVENT_HTC_NETWORK_AVALIBILITY_CHANGE
D/MobileDataStateTracker(  588): cmmail: MobileDST sending EVENT_HTC_NETWORK_AVALIBILITY_CHANGE
D/MobileDataStateTracker(  588): null: MobileDST sending EVENT_HTC_NETWORK_AVALIBILITY_CHANGE
D/MobileDataStateTracker(  588): cmail: MobileDST sending EVENT_HTC_NETWORK_AVALIBILITY_CHANGE
D/MobileDataStateTracker(  588): entitle: MobileDST sending EVENT_HTC_NETWORK_AVALIBILITY_CHANGE
D/MobileDataStateTracker(  588): null: MobileDST sending EVENT_HTC_NETWORK_AVALIBILITY_CHANGE
D/MobileDataStateTracker(  588): bip: MobileDST sending EVENT_HTC_NETWORK_AVALIBILITY_CHANGE
D/MobileDataStateTracker(  588): default: Broadcast received: ACTION_ANY_DATA_CONNECTION_STATE_CHANGED mApnType=default == received apnType=default
D/MobileDataStateTracker(  588): default: Received state=DISCONNECTED, old=DISCONNECTED, reason=dataDetached
D/MobileDataStateTracker(  588): default: mMobileDataState=DISCONNECTED mTeardownRequested=false got [AnyDataCSC] : type=default state=DISCONNECTED reason=dataDetached apn=null roaming=false unavailable=true NetworkType=2 NetworkTypeName=EDGE entitleError=0
D/Tethering(  588): Tethering got avalibility change:NetworkInfo: type: mobile_dun[EDGE, type_ext: mobile_dun], state: UNKNOWN/IDLE, reason: (unspecified), extra: (none), roaming: false, failover: false, isAvailable: false, isIpv4Connected: false, isIpv6Connected: false
D/Tethering(  588): TetherMasterSM: InitialState processMessage what=3
D/PowerManagerService(  588): acquireWakeLock(4300c4a8): PARTIAL_WAKE_LOCK , tag=RILJ, flags=0x1, pid=946, uid=1001, mUserState=0x3
D/TELEPHONY_CALLBACK(  811): @onSignalStrengthChanged: SignalStrength: 4 -1 -1 -1 -1 -1 -1 -1 -1 -1 2147483647 -1 gsm|lte
D/StatusBar.NetworkController(  811): dumpState[hasService=true ServiceState=0 home 3 3 27202  EDGE CSS not supported -1 -1 RoamInd=-1 DefRoamInd=-1EriInd= -1EriMode= -1RadioPowerSv: false EmergOnly=false PhoneType: 1 IsCdma=false SimState=UNKNOWN GprsState=1 DataState=Disconnected DataActivity=NONE NetworkType=EDGE HtcModemLinkOn=false HspaDataDistinquishable=true]
D/SIGNAL_ICON(  811): updateTelephonySignalStrength
D/SIGNAL_ICON(  811): fakeui srv=0 mTimerEnabled=false asu=4
D/SIGNAL_ICON(  811): asu=4
D/SIGNAL_ICON(  811): SUPPORT_5_LEVEL_SIGNAL
D/SIGNAL_ICON(  811): mapTelephonySignalStrength
D/SIGNAL_ICON(  811): maxLevel=5 asu=4 networkType=EDGE
D/SIGNAL_ICON(  811): return iconLevel=2
D/SIGNAL_ICON(  811): refreshViews: mPhoneSignalIconId -> stat_sys_5signal_2
D/StatusBar.NetworkController(  811): dumpIconState[dataVisible=false dataIconId=stat_sys_data_out_3g_plus signalIconId=stat_sys_5signal_2 wifiVisible=true wifiIconId=stat_sys_wifi_signal_4 airplaneMode=false]
D/PowerManagerService(  588): releaseWakeLock(4300c4a8): PARTIAL_WAKE_LOCK , tag=RILJ, flags=0x1
D/CordovaLog( 6635): file:///android_asset/www/index.html: Line 451 : Uncaught SyntaxError: Unexpected token }
E/Web Console( 6635): Uncaught SyntaxError: Unexpected token } at file:///android_asset/www/index.html:451
I/wpa_supplicant(  789): wlan0: State: COMPLETED -> GROUP_HANDSHAKE
I/wpa_supplicant(  789): wpa_supplicant_set_state -
D/StateMachine(  588): handleMessage: E msg.what=147462
D/StateMachine(  588): processMsg: ConnectedState
D/WifiStateMachine(  588): ConnectedState{ what=147462 when=-1ms target=Handler (com.android.internal.util.StateMachine$SmHandler) {42568e58} obj=android.net.wifi.StateChangeResult@42a55b18 }
D/StateMachine(  588): processMsg: L2ConnectedState
D/WifiStateMachine(  588): L2ConnectedState{ what=147462 when=-1ms target=Handler (com.android.internal.util.StateMachine$SmHandler) {42568e58} obj=android.net.wifi.StateChangeResult@42a55b18 }
D/StateMachine(  588): processMsg: ConnectModeState
D/WifiStateMachine(  588): ConnectModeState{ what=147462 when=-1ms target=Handler (com.android.internal.util.StateMachine$SmHandler) {42568e58} obj=android.net.wifi.StateChangeResult@42a55b18 }
D/StateMachine(  588): handleMessage: X
I/wpa_supplicant(  789): wlan0: WPA: Group rekeying completed with 70:54:d2:ae:26:93 [GTK=TKIP]
I/wpa_supplicant(  789): wlan0: State: GROUP_HANDSHAKE -> COMPLETED
I/wpa_supplicant(  789): wpa_supplicant_set_state -
D/StateMachine(  588): handleMessage: E msg.what=147462
D/StateMachine(  588): processMsg: ConnectedState
D/WifiStateMachine(  588): ConnectedState{ what=147462 when=-1ms target=Handler (com.android.internal.util.StateMachine$SmHandler) {42568e58} obj=android.net.wifi.StateChangeResult@42ffc940 }
D/StateMachine(  588): processMsg: L2ConnectedState
D/WifiStateMachine(  588): L2ConnectedState{ what=147462 when=-2ms target=Handler (com.android.internal.util.StateMachine$SmHandler) {42568e58} obj=android.net.wifi.StateChangeResult@42ffc940 }
D/StateMachine(  588): processMsg: ConnectModeState
D/WifiStateMachine(  588): ConnectModeState{ what=147462 when=-2ms target=Handler (com.android.internal.util.StateMachine$SmHandler) {42568e58} obj=android.net.wifi.StateChangeResult@42ffc940 }
D/StateMachine(  588): handleMessage: X
D/PowerManagerService(  588): releaseWakeLock(42981fc0): PARTIAL_WAKE_LOCK , tag=wake:com.google.android.gms/.config.ConfigFetchService, flags=0x1
D/PowerManagerService(  588): acquireWakeLock(4255c848): PARTIAL_WAKE_LOCK , tag=RILJ, flags=0x1, pid=946, uid=1001, mUserState=0x3
D/PowerManagerService(  588): releaseWakeLock(4255c848): PARTIAL_WAKE_LOCK , tag=RILJ, flags=0x1
D/TELEPHONY_CALLBACK(  811): @onServiceStateChanged: 0 home 3 3 27202  EDGE CSS not supported -1 -1 RoamInd=-1 DefRoamInd=-1EriInd= -1EriMode= -1RadioPowerSv: false EmergOnly=false PhoneType: 1
D/MobileDataStateTracker(  588): default: Broadcast received: ignore android.intent.action.SERVICE_STATE
D/DATA    (  946): [PhoneNotifier] [DPN] state=DISCONNECTED possible=true reason=nwTypeChanged apn=null type=default lp=<<null>> tech=2 roaming=false errorCause=0 carrier=null
D/MobileDataStateTracker(  588): mms: Broadcast received: ignore android.intent.action.SERVICE_STATE
D/MobileDataStateTracker(  588): supl: Broadcast received: ignore android.intent.action.SERVICE_STATE
D/MobileDataStateTracker(  588): dun: Broadcast received: ignore android.intent.action.SERVICE_STATE
D/StatusBar.NetworkController(  811): dumpState[hasService=true ServiceState=0 home 3 3 27202  EDGE CSS not supported -1 -1 RoamInd=-1 DefRoamInd=-1EriInd= -1EriMode= -1RadioPowerSv: false EmergOnly=false PhoneType: 1 IsCdma=false SimState=UNKNOWN GprsState=0 DataState=Disconnected DataActivity=NONE NetworkType=EDGE HtcModemLinkOn=false HspaDataDistinquishable=true]
D/SIGNAL_ICON(  811): updateTelephonySignalStrength
D/SIGNAL_ICON(  811): fakeui srv=0 mTimerEnabled=false asu=4
D/SIGNAL_ICON(  811): asu=4
D/SIGNAL_ICON(  811): SUPPORT_5_LEVEL_SIGNAL
D/SIGNAL_ICON(  811): mapTelephonySignalStrength
D/SIGNAL_ICON(  811): maxLevel=5 asu=4 networkType=EDGE
