I/dalvikvm(20189): Could not find method android.content.pm.PackageManager.getActivityBanner, referenced from method com.evernote.d.b.getActivityBanner
W/dalvikvm(20189): VFY: unable to resolve virtual method 793: Landroid/content/pm/PackageManager;.getActivityBanner (Landroid/content/ComponentName;)Landroid/graphics/drawable/Drawable;
D/dalvikvm(20189): VFY: replacing opcode 0x6e at 0x0002
I/dalvikvm(20189): Could not find method android.content.pm.PackageManager.getActivityBanner, referenced from method com.evernote.d.b.getActivityBanner
W/dalvikvm(20189): VFY: unable to resolve virtual method 794: Landroid/content/pm/PackageManager;.getActivityBanner (Landroid/content/Intent;)Landroid/graphics/drawable/Drawable;
D/dalvikvm(20189): VFY: replacing opcode 0x6e at 0x0002
I/dalvikvm(20189): Could not find method android.content.pm.PackageManager.getApplicationBanner, referenced from method com.evernote.d.b.getApplicationBanner
W/dalvikvm(20189): VFY: unable to resolve virtual method 801: Landroid/content/pm/PackageManager;.getApplicationBanner (Landroid/content/pm/ApplicationInfo;)Landroid/graphics/drawable/Drawable;
D/dalvikvm(20189): VFY: replacing opcode 0x6e at 0x0002
I/dalvikvm(20189): Could not find method android.content.pm.PackageManager.getApplicationBanner, referenced from method com.evernote.d.b.getApplicationBanner
W/dalvikvm(20189): VFY: unable to resolve virtual method 802: Landroid/content/pm/PackageManager;.getApplicationBanner (Ljava/lang/String;)Landroid/graphics/drawable/Drawable;
D/dalvikvm(20189): VFY: replacing opcode 0x6e at 0x0002
I/dalvikvm(20189): Could not find method android.content.pm.PackageManager.getLeanbackLaunchIntentForPackage, referenced from method com.evernote.d.b.getLeanbackLaunchIntentForPackage
W/dalvikvm(20189): VFY: unable to resolve virtual method 818: Landroid/content/pm/PackageManager;.getLeanbackLaunchIntentForPackage (Ljava/lang/String;)Landroid/content/Intent;
D/dalvikvm(20189): VFY: replacing opcode 0x6e at 0x0002
I/dalvikvm(20189): Could not find method android.content.pm.PackageManager.getPackageInstaller, referenced from method com.evernote.d.b.getPackageInstaller
W/dalvikvm(20189): VFY: unable to resolve virtual method 823: Landroid/content/pm/PackageManager;.getPackageInstaller ()Landroid/content/pm/PackageInstaller;
D/dalvikvm(20189): VFY: replacing opcode 0x6e at 0x0002
I/dalvikvm(20189): Could not find method android.content.pm.PackageManager.getUserBadgedDrawableForDensity, referenced from method com.evernote.d.b.getUserBadgedDrawableForDensity
W/dalvikvm(20189): VFY: unable to resolve virtual method 839: Landroid/content/pm/PackageManager;.getUserBadgedDrawableForDensity (Landroid/graphics/drawable/Drawable;Landroid/os/UserHandle;Landroid/graphics/Rect;I)Landroid/graphics/drawable/Drawable;
D/dalvikvm(20189): VFY: replacing opcode 0x6e at 0x0002
I/dalvikvm(20189): Could not find method android.content.pm.PackageManager.getUserBadgedIcon, referenced from method com.evernote.d.b.getUserBadgedIcon
W/dalvikvm(20189): VFY: unable to resolve virtual method 840: Landroid/content/pm/PackageManager;.getUserBadgedIcon (Landroid/graphics/drawable/Drawable;Landroid/os/UserHandle;)Landroid/graphics/drawable/Drawable;
D/dalvikvm(20189): VFY: replacing opcode 0x6e at 0x0002
I/dalvikvm(20189): Could not find method android.content.pm.PackageManager.getUserBadgedLabel, referenced from method com.evernote.d.b.getUserBadgedLabel
W/dalvikvm(20189): VFY: unable to resolve virtual method 841: Landroid/content/pm/PackageManager;.getUserBadgedLabel (Ljava/lang/CharSequence;Landroid/os/UserHandle;)Ljava/lang/CharSequence;
D/dalvikvm(20189): VFY: replacing opcode 0x6e at 0x0002
I/Crashlytics(20189): Initializing Crashlytics 1.1.8.10
I/ActivityManager( 1025): Process com.google.android.googlequicksearchbox:search (pid 20162) has died.
D/MarketUtils(20189): isPackageInstalled() - com.android.vending is installed
D/HockeyApp(20189): Looking for exceptions in: /data/data/com.evernote/files
D/HockeyApp(20189): Current handler class = com.evernote.k
D/EN      (20189): [ee] - registered crash manager
D/EN      (20189): [c] - onApplicationStart()
D/EN      (20189): [c] - onApplicationStart() -- loader thread
D/EN      (20189): [c] - pushUserIDToDataLayer(), pushing user-id ending in 6
D/MarketUtils(20189): isPackageInstalled() - com.android.vending is installed
D/MarketUtils(20189): isPackageInstalled() - com.android.vending is installed
D/EN      (20189): [c] - 	loading saved values from internal storage
I/ActivityManager( 1025): Start proc com.evernote.widget for broadcast com.evernote.widget/.WidgetStateReceiver: pid=20246 uid=10135 gids={50135, 3003, 1028, 1015}
I/ActivityManager( 1025): Process com.evernote (pid 20189) has died.
I/ReleaseProperties(20246): Current app is: evernoteWidget
I/ReleaseProperties(20246): propFile: release is now loaded
I/ReleaseProperties(20246): propFile: play is now loaded
I/ReleaseProperties(20246): propFile: base is now loaded
I/ReleaseProperties(20246): propFile: override is now loaded
I/ReleaseProperties(20246): ReleaseProperties: 
I/ReleaseProperties(20246):   bundleName=none
I/ReleaseProperties(20246):   revision=unknown
I/ReleaseProperties(20246):   type=development
I/ReleaseProperties(20246):   gitHash=?
I/ReleaseProperties(20246):   baseSearchUri=market://search?q=
D/ReleaseProperties(20246): getReferralPersistencePath():: old=false:: path=/storage/emulated/0/.enref
I/ReleaseProperties(20246): From file referralCode=android
E/NetworkScheduler.SchedulerReceiver(31010): Invalid parameter app
E/NetworkScheduler.SchedulerReceiver(31010): Invalid package name : Perhaps you didn't include a PendingIntent in the extras?
D/PackageBroadcastService(11661): Received broadcast action=android.intent.action.PACKAGE_REPLACED and uri=co.giftmeapp.gift_me
I/ActivityManager( 1025): Start proc com.google.android.apps.magazines for broadcast com.google.android.apps.magazines/com.google.apps.dots.android.app.receiver.FirstInstallNotificationReceiver: pid=20266 uid=10077 gids={50077, 3003, 1028, 1015}
I/ActivityManager( 1025): Process com.evernote.widget (pid 20246) has died.
I/dalvikvm(20266): Could not find method android.accounts.AccountManager.getPreviousName, referenced from method com.google.apps.dots.android.newsstand.auth.AccountManagerDelegate.getPreviousName
W/dalvikvm(20266): VFY: unable to resolve virtual method 7: Landroid/accounts/AccountManager;.getPreviousName (Landroid/accounts/Account;)Ljava/lang/String;
D/dalvikvm(20266): VFY: replacing opcode 0x6e at 0x0002
E/cutils  (  261): Failed to mkdirat(/storage/sdcard1/Android): Read-only file system
W/Vold    (  261): Returning OperationFailed - no handler for errno 30
W/ContextImpl(20266): Failed to ensure directory: /storage/sdcard1/Android/data/com.google.android.apps.magazines/cache
E/cutils  (  261): Failed to mkdirat(/storage/sdcard1/Android): Read-only file system
W/Vold    (  261): Returning OperationFailed - no handler for errno 30
W/ContextImpl(20266): Failed to ensure directory: /storage/sdcard1/Android/data/com.google.android.apps.magazines/files
E/cutils  (  261): Failed to mkdirat(/storage/sdcard1/Android): Read-only file system
W/Vold    (  261): Returning OperationFailed - no handler for errno 30
W/ContextImpl(20266): Failed to ensure directory: /storage/sdcard1/Android/data/com.google.android.apps.magazines/cache
E/cutils  (  261): Failed to mkdirat(/storage/sdcard1/Android): Read-only file system
W/Vold    (  261): Returning OperationFailed - no handler for errno 30
W/ContextImpl(20266): Failed to ensure directory: /storage/sdcard1/Android/data/com.google.android.apps.magazines/files
V/WebViewChromiumFactoryProvider(20266): Binding Chromium to main looper Looper (main, tid 1) {41fa4b20}
I/LibraryLoader(20266): Expected native library version number "",actual native library version number ""
I/chromium(20266): [INFO:library_loader_hooks.cc(116)] Chromium logging enabled: level = 0, default verbosity = 0
I/BrowserStartupController(20266): Initializing chromium process, renderers=0
E/AudioManagerAndroid(20266): BLUETOOTH permission is missing!
I/Adreno-EGL(20266): <qeglDrvAPI_eglInitialize:410>: EGL 1.4 QUALCOMM build: AU_LINUX_ANDROID_LNX.LA.3.5.1_RB1.04.04.02.048.018_msm8226_LNX.LA.3.5.1_RB1__release_AU ()
I/Adreno-EGL(20266): OpenGL ES Shader Compiler Version: E031.24.00.08
I/Adreno-EGL(20266): Build Date: 03/07/14 Fri
I/Adreno-EGL(20266): Local Branch: 
I/Adreno-EGL(20266): Remote Branch: quic/LNX.LA.3.5.1_RB1.1
I/Adreno-EGL(20266): Local Patches: NONE
I/Adreno-EGL(20266): Reconstruct Branch: AU_LINUX_ANDROID_LNX.LA.3.5.1_RB1.04.04.02.048.018 + f2fd134 +  NOTHING
D/WifiStateMachine( 1025): handleMessage: E msg.what=151572
D/WifiStateMachine( 1025): processMsg: ConnectedState
D/WifiStateMachine( 1025): processMsg: L2ConnectedState
D/WifiStateMachine( 1025): handleMessage: X
I/NSApplication(20266): Starting up...
I/ActivityManager( 1025): Start proc com.google.android.apps.cloudprint for broadcast com.google.android.apps.cloudprint/.printdialog.receivers.UpgradeBroadcastReceiver: pid=20314 uid=10058 gids={50058, 3003, 1028}
D/AudioManagerAndroid(20266): ==> onReceive: s=0, m=1, n=h2w, sb=true
D/AudioManagerAndroid(20266): reportUpdate: state=0, devices=[Speakerphone, Headset earpiece]
I/ActivityManager( 1025): Process com.google.android.apps.magazines (pid 20266) has died.
I/ActivityManager( 1025): Start proc com.motorola.context for broadcast com.motorola.context/.engine.mediator.MediatorReceiver: pid=20336 uid=10011 gids={50011, 3001, 3002, 3003}
I/Icing   (11661): Indexing D11140B64A23ADCF9607D6E17FA4854A5443BF22 from com.google.android.googlequicksearchbox
I/ActivityManager( 1025): Start proc com.motorola.MotGallery2 for broadcast com.motorola.MotGallery2/com.motorola.blur.service.blur.StartupReceiver: pid=20350 uid=10034 gids={50034, 3003, 1028, 1015}
I/ActivityManager( 1025): Process com.google.android.apps.cloudprint (pid 20314) has died.
I/ActivityManager( 1025): Start proc com.google.android.googlequicksearchbox:search for content provider com.google.android.googlequicksearchbox/com.google.android.search.core.icingsync.InternalIcingCorporaProvider: pid=20364 uid=10045 gids={50045, 3003, 3001, 1028, 3002, 1015}
I/CCEUtils(20350): device type: OLDMOTO
I/ActivityManager( 1025): Start proc uk.co.economist for broadcast uk.co.economist/com.urbanairship.push.GCMPushReceiver: pid=20387 uid=10130 gids={50130, 3003, 1028, 1015}
I/ActivityManager( 1025): Process com.motorola.context (pid 20336) has died.
I/dalvikvm(20364): Could not find method android.content.pm.PackageManager.getPackageInstaller, referenced from method com.google.android.gms.common.e.p
W/dalvikvm(20364): VFY: unable to resolve virtual method 901: Landroid/content/pm/PackageManager;.getPackageInstaller ()Landroid/content/pm/PackageInstaller;
D/dalvikvm(20364): VFY: replacing opcode 0x6e at 0x000b
I/Icing   (11661): Indexing done D11140B64A23ADCF9607D6E17FA4854A5443BF22
I/ActivityManager( 1025): Process com.motorola.MotGallery2 (pid 20350) has died.
I/Economist(20387): User is not logged in
I/com.newrelic.agent.android(20387): Loaded configuration: HarvestConfiguration{collect_network_errors=true, cross_process_id='UAUCV1NACgsEVlZRBA==', data_report_period=60, data_token=[2842733, 13762828], error_limit=50, report_max_transaction_age=600, report_max_transaction_count=1000, response_body_limit=2048, server_timestamp=1417568805, stack_trace_limit=100, activity_trace_max_size=65534, activity_trace_max_report_attempts=1, activity_trace_min_utilization=0.30000001192092896, at_capture=ActivityTraceConfiguration{maxTotalTraceCount=1}}
I/com.newrelic.agent.android(20387): Application state monitor has started
I/com.newrelic.agent.android(20387): Measurement Engine initialized.
I/com.newrelic.agent.android(20387): New Relic Agent v4.178.0
I/com.newrelic.agent.android(20387): Harvester: connected
I/com.newrelic.agent.android(20387): Harvester: Sending 0 HTTP transactions.
I/com.newrelic.agent.android(20387): Harvester: Sending 0 HTTP errors.
I/com.newrelic.agent.android(20387): Harvester: Sending 0 activity traces.
D/The Economist APID(20387): 6855de6b-02a2-4126-88af-261db5a37b30
D/WifiStateMachine( 1025): handleMessage: E msg.what=151572
D/WifiStateMachine( 1025): processMsg: ConnectedState
D/WifiStateMachine( 1025): processMsg: L2ConnectedState
I/ActivityManager( 1025): Process com.google.android.googlequicksearchbox:search (pid 20364) has died.
D/WifiStateMachine( 1025): handleMessage: X
I/Crittercism(20387): Initializing Crittercism 5.0.6 for App ID 541be4a1d478bc3b68000001
W/Crittercism(20387): Crittercism should be initialized in onCreate() of MainActivity
W/Crittercism(20387): Application context not provided. Automatic breadcrumbs will not be recorded.
D/dalvikvm( 1025): GC_EXPLICIT freed 706K, 40% free 30535K/50444K, paused 6ms+19ms, total 174ms
I/ActivityManager( 1025): Process uk.co.economist (pid 20387) has died.
W/ActivityManager( 1025): Service ServiceRecord{438e6818 u0 uk.co.economist/.service.APIService} in process ProcessRecord{42be9870 20387:uk.co.economist/u0a130} not same as in map: null
D/WifiStateMachine( 1025): handleMessage: E msg.what=151572
D/WifiStateMachine( 1025): processMsg: ConnectedState
D/WifiStateMachine( 1025): processMsg: L2ConnectedState
D/WifiStateMachine( 1025): handleMessage: X
D/WifiStateMachine( 1025): handleMessage: E msg.what=131155
D/WifiStateMachine( 1025): processMsg: ConnectedState
D/WifiStateMachine( 1025): processMsg: L2ConnectedState
D/WifiStateMachine( 1025): handleMessage: X
D/WifiStateMachine( 1025): handleMessage: E msg.what=151572
D/WifiStateMachine( 1025): processMsg: ConnectedState
D/WifiStateMachine( 1025): processMsg: L2ConnectedState
D/WifiStateMachine( 1025): handleMessage: X
D/WifiStateMachine( 1025): handleMessage: E msg.what=151572
D/WifiStateMachine( 1025): processMsg: ConnectedState
D/WifiStateMachine( 1025): processMsg: L2ConnectedState
D/WifiStateMachine( 1025): handleMessage: X
I/SFPerfTracer(  274):      triggers: (rate: 1116:446493) (339317 sw vsyncs) (1044958 skipped) (54:3314143 vsyncs) (56:4153155)
I/SFPerfTracer(  274):      triggers: (rate: 1249:49585) (compose: 0:251) (post: 0:20) (render: 84:10545) (0:779060 frames) (1:3295909)
D/SFPerfTracer(  274):        layers: (3:11) (DimLayer: 0:158)* (DimLayer: 0:126)* (FocusedStackFrame: 0:21459)* (StatusBar: 0:263425) (NavigationBar: 0:202148) (DimLayer: 0:24283)* (DimLayer: 0:4662)* (com.android.wallpaper.fall.FallWallpaper: 0:9253)* (com.android.packageinstaller/com.android.packageinstaller.InstallAppProgress: 0:170)* (Starting co.giftmeapp.gift_me: 0:37)* (co.giftmeapp.gift_me/co.giftmeapp.gift_me.GiftMe: 1:82) 
D/CordovaLog(19850): file:///android_asset/www/js/ratchet.min.js: Line 10 : Uncaught SyntaxError: Failed to execute 'querySelector' on 'Document': '#give-gift/10152911418808392/156/' is not a valid selector.
I/chromium(19850): [INFO:CONSOLE(10)] "Uncaught SyntaxError: Failed to execute 'querySelector' on 'Document': '#give-gift/10152911418808392/156/' is not a valid selector.", source: file:///android_asset/www/js/ratchet.min.js (10)
D/WifiStateMachine( 1025): handleMessage: E msg.what=151572
D/WifiStateMachine( 1025): processMsg: ConnectedState
D/WifiStateMachine( 1025): processMsg: L2ConnectedState
D/WifiStateMachine( 1025): handleMessage: X
D/WifiStateMachine( 1025): handleMessage: E msg.what=131155
D/WifiStateMachine( 1025): processMsg: ConnectedState
D/WifiStateMachine( 1025): processMsg: L2ConnectedState
D/WifiStateMachine( 1025): handleMessage: X
D/WifiStateMachine( 1025): handleMessage: E msg.what=151572
D/WifiStateMachine( 1025): processMsg: ConnectedState
D/WifiStateMachine( 1025): processMsg: L2ConnectedState
D/WifiStateMachine( 1025): handleMessage: X
D/WifiStateMachine( 1025): handleMessage: E msg.what=151572
D/WifiStateMachine( 1025): processMsg: ConnectedState
D/WifiStateMachine( 1025): processMsg: L2ConnectedState
D/WifiStateMachine( 1025): handleMessage: X
V/ConfigFetchTask(11661): ConfigFetchTask getDeviceDataVersionInfo(): ABFEt1UbUZEMOD8-59SeELtunugVvl9qUE_2Mdl087sRaD1mcseOun3HS4Czxic4-Ng10Z27XtlXeNHb1Kz5yp1XLmSV034fekknTKIXizY7tuqVqcJpM2QuZ1P2qufkJYF9QFTskVk5_sgjipGhtE_BJCniMlkUMI7s99Lb7hzex_7IkIqJEyc7vk0h-PNDVFvNG7fXTWBQ-oOuq0vu-8ScWGo3Vl6MlZyBPsB8_jF3uM3uzoS8sQXg4toudAt984FoxCpAnun7RzlFGrKfJwAqDMk79KDT8vDyU2IedsMbKO1HyCZdIiI
I/GoogleURLConnFactory(11661): Using platform SSLCertificateSocketFactory
I/ConfigFetchService(11661): fetch service done; releasing wakelock
I/ConfigFetchService(11661): stopping self
D/WifiStateMachine( 1025): handleMessage: E msg.what=151572
D/WifiStateMachine( 1025): processMsg: ConnectedState
D/WifiStateMachine( 1025): processMsg: L2ConnectedState
D/WifiStateMachine( 1025): handleMessage: X
D/WifiStateMachine( 1025): handleMessage: E msg.what=131155
D/WifiStateMachine( 1025): processMsg: ConnectedState
D/WifiStateMachine( 1025): processMsg: L2ConnectedState
D/WifiStateMachine( 1025): handleMessage: X
D/Ulp_jni ( 1025): Location CB invoked
D/WifiStateMachine( 1025): handleMessage: E msg.what=151572
D/WifiStateMachine( 1025): processMsg: ConnectedState
D/WifiStateMachine( 1025): processMsg: L2ConnectedState
D/WifiStateMachine( 1025): handleMessage: X
I/ActivityManager( 1025): Process com.facebook.katana (pid 19219) has died.
W/ActivityManager( 1025): Scheduling restart of crashed service com.facebook.katana/com.facebook.push.mqtt.service.MqttPushService in 5471207424ms
D/WifiService( 1025): Client connection lost with reason: 4
D/WifiStateMachine( 1025): handleMessage: E msg.what=151572
D/WifiStateMachine( 1025): processMsg: ConnectedState
D/WifiStateMachine( 1025): processMsg: L2ConnectedState
D/WifiStateMachine( 1025): handleMessage: X
I/SFPerfTracer(  274):      triggers: (rate: 1116:446493) (339317 sw vsyncs) (1044958 skipped) (44:3314239 vsyncs) (46:4153265)
D/WifiStateMachine( 1025): handleMessage: E msg.what=151572
D/WifiStateMachine( 1025): processMsg: ConnectedState
D/WifiStateMachine( 1025): processMsg: L2ConnectedState
D/WifiStateMachine( 1025): handleMessage: X
D/WifiStateMachine( 1025): handleMessage: E msg.what=131155
D/WifiStateMachine( 1025): processMsg: ConnectedState
D/WifiStateMachine( 1025): processMsg: L2ConnectedState
D/WifiStateMachine( 1025): handleMessage: X
I/SFPerfTracer(  274):      triggers: (rate: 1249:49585) (compose: 0:251) (post: 0:20) (render: 84:10545) (0:779060 frames) (1:3296009)
D/SFPerfTracer(  274):        layers: (3:9) (DimLayer: 0:158)* (DimLayer: 0:126)* (FocusedStackFrame: 0:21459)* (StatusBar: 0:263427) (NavigationBar: 0:202148) (DimLayer: 0:24283)* (DimLayer: 0:4662)* (com.android.wallpaper.fall.FallWallpaper: 0:9253)* (co.giftmeapp.gift_me/co.giftmeapp.gift_me.GiftMe: 1:180) 
D/WifiStateMachine( 1025): handleMessage: E msg.what=151572
D/WifiStateMachine( 1025): processMsg: ConnectedState
D/WifiStateMachine( 1025): processMsg: L2ConnectedState
D/WifiStateMachine( 1025): handleMessage: X
I/ConfigService(31010): onDestroy
D/WifiStateMachine( 1025): handleMessage: E msg.what=151572
D/WifiStateMachine( 1025): processMsg: ConnectedState
D/WifiStateMachine( 1025): processMsg: L2ConnectedState
D/WifiStateMachine( 1025): handleMessage: X
I/SBar.NetworkController( 1119): onSignalStrengthsChanged SignalStrength: 10 0 -120 -160 -120 -1 -1 99 2147483647 2147483647 2147483647 2147483647 2147483647 gsm|lte 0 -108 -1 false 3 3 0 0 0 99 99 99 4 level=3
I/SFPerfTracer(  274):      triggers: (rate: 1116:446493) (339317 sw vsyncs) (1044958 skipped) (17:3314328 vsyncs) (19:4153370)
I/SBar.NetworkController( 1119): refreshSignalCluster: mobile: Signal=zz_moto_stat_sys_signal_2_fully_wide Roaming=(none) mSimIconId=(none) Accessibility="Phone two bars.","Not roaming.",""
D/WifiStateMachine( 1025): handleMessage: E msg.what=151572
D/WifiStateMachine( 1025): processMsg: ConnectedState
D/WifiStateMachine( 1025): processMsg: L2ConnectedState
D/WifiStateMachine( 1025): handleMessage: X
D/WifiStateMachine( 1025): handleMessage: E msg.what=131155
D/WifiStateMachine( 1025): processMsg: ConnectedState
D/WifiStateMachine( 1025): processMsg: L2ConnectedState
D/WifiStateMachine( 1025): handleMessage: X
I/SBar.NetworkController( 1119): refreshSignalCluster: mobile: Signal=zz_moto_stat_sys_signal_3_fully_wide Roaming=(none) mSimIconId=(none) Accessibility="Phone three bars.","Not roaming.",""
D/WifiStateMachine( 1025): handleMessage: E msg.what=151572
D/WifiStateMachine( 1025): processMsg: ConnectedState
D/WifiStateMachine( 1025): processMsg: L2ConnectedState
D/WifiStateMachine( 1025): handleMessage: X
V/AlarmManager( 1025): sending alarm Alarm{43744fa8 type 2 com.facebook.orca}
V/AlarmManager( 1025): sending alarm Alarm{43744830 type 2 com.whatsapp}
V/AlarmManager( 1025): sending alarm Alarm{437464e0 type 0 com.android.vending}
I/ActivityManager( 1025): Start proc com.android.vending for service com.android.vending/com.google.android.finsky.services.ContentSyncService: pid=20576 uid=10039 gids={50039, 3003, 1028, 1015}
I/SBar.NetworkController( 1119): onSignalStrengthsChanged SignalStrength: 12 0 -120 -160 -120 -1 -1 99 2147483647 2147483647 2147483647 2147483647 2147483647 gsm|lte 0 -108 -1 false 4 4 0 0 0 99 99 99 4 level=4
D/Finsky  (20576): [1] FinskyApp.onCreate: Initializing network with DFE https://android.clients.google.com/fdfe/
D/WifiStateMachine( 1025): handleMessage: E msg.what=151572
D/WifiStateMachine( 1025): processMsg: ConnectedState
D/WifiStateMachine( 1025): processMsg: L2ConnectedState
D/WifiStateMachine( 1025): handleMessage: X
D/Finsky  (20576): [1] DailyHygiene.goMakeHygieneIfDirty: No need to run daily hygiene.
W/Settings(20576): Setting download_manager_max_bytes_over_mobile has moved from android.provider.Settings.Secure to android.provider.Settings.Global.
W/Settings(20576): Setting download_manager_recommended_max_bytes_over_mobile has moved from android.provider.Settings.Secure to android.provider.Settings.Global.
I/dalvikvm(20576): Could not find method com.google.android.play.layout.PlayCardViewBase.setTransitionName, referenced from method com.google.android.finsky.utils.PlayCardUtils.bindCard
W/dalvikvm(20576): VFY: unable to resolve virtual method 42705: Lcom/google/android/play/layout/PlayCardViewBase;.setTransitionName (Ljava/lang/String;)V
D/dalvikvm(20576): VFY: replacing opcode 0x6e at 0x00d9
I/dalvikvm(20576): Could not find method com.google.android.play.layout.PlayCardViewBase.setTransitionGroup, referenced from method com.google.android.finsky.utils.PlayCardUtils.bindCard
W/dalvikvm(20576): VFY: unable to resolve virtual method 42704: Lcom/google/android/play/layout/PlayCardViewBase;.setTransitionGroup (Z)V
D/dalvikvm(20576): VFY: replacing opcode 0x6e at 0x0246
I/dalvikvm(20576): Could not find method android.view.View.getTransitionName, referenced from method com.google.android.finsky.navigationmanager.NavigationManager.showPage
W/dalvikvm(20576): VFY: unable to resolve virtual method 9352: Landroid/view/View;.getTransitionName ()Ljava/lang/String;
D/dalvikvm(20576): VFY: replacing opcode 0x6e at 0x001a
D/Finsky  (20576): [1] 2.run: Loaded library for account: [gKXbJhL8NA2nPUzZyFpjB6tKi7U]
D/Finsky  (20576): [1] 2.run: Finished loading 1 libraries.
I/dalvikvm(20576): Total arena pages for JIT: 11
I/dalvikvm(20576): Total arena pages for JIT: 12
I/dalvikvm(20576): Total arena pages for JIT: 13
I/dalvikvm(20576): Total arena pages for JIT: 14
D/Finsky  (20576): [1] GmsCoreHelper.cleanupNlp: result=false type=4
D/Finsky  (20576): [1] RestoreTracker.stopServiceIfDone: Restore complete with 0 success and 0 failed.
I/SBar.NetworkController( 1119): refreshSignalCluster: mobile: Signal=zz_moto_stat_sys_signal_4_fully_wide Roaming=(none) mSimIconId=(none) Accessibility="Phone signal full.","Not roaming.",""
D/WifiStateMachine( 1025): handleMessage: E msg.what=151572
D/WifiStateMachine( 1025): processMsg: ConnectedState
D/WifiStateMachine( 1025): processMsg: L2ConnectedState
D/WifiStateMachine( 1025): handleMessage: X
D/WifiStateMachine( 1025): handleMessage: E msg.what=131155
D/WifiStateMachine( 1025): processMsg: ConnectedState
D/WifiStateMachine( 1025): processMsg: L2ConnectedState
D/WifiStateMachine( 1025): handleMessage: X
D/Finsky  (20576): [1] 5.onFinished: Installation state replication succeeded.
D/WifiStateMachine( 1025): handleMessage: E msg.what=151572
D/WifiStateMachine( 1025): processMsg: ConnectedState
D/WifiStateMachine( 1025): processMsg: L2ConnectedState
D/WifiStateMachine( 1025): handleMessage: X
D/Ulp_jni ( 1025): Location CB invoked
D/WifiStateMachine( 1025): handleMessage: E msg.what=151572
D/WifiStateMachine( 1025): processMsg: ConnectedState
D/WifiStateMachine( 1025): processMsg: L2ConnectedState
D/WifiStateMachine( 1025): handleMessage: X
D/WifiStateMachine( 1025): handleMessage: E msg.what=151572
D/WifiStateMachine( 1025): processMsg: ConnectedState
D/WifiStateMachine( 1025): processMsg: L2ConnectedState
D/WifiStateMachine( 1025): handleMessage: X
D/WifiStateMachine( 1025): handleMessage: E msg.what=131155
D/WifiStateMachine( 1025): processMsg: ConnectedState
D/WifiStateMachine( 1025): processMsg: L2ConnectedState
D/WifiStateMachine( 1025): handleMessage: X
V/AlarmManager( 1025): sending alarm Alarm{43745030 type 3 android}
D/WifiStateMachine( 1025): handleMessage: E msg.what=151572
D/WifiStateMachine( 1025): processMsg: ConnectedState
D/WifiStateMachine( 1025): processMsg: L2ConnectedState
D/WifiStateMachine( 1025): handleMessage: X
D/WifiStateMachine( 1025): handleMessage: E msg.what=151572
D/WifiStateMachine( 1025): processMsg: ConnectedState
D/WifiStateMachine( 1025): processMsg: L2ConnectedState
D/WifiStateMachine( 1025): handleMessage: X
D/WifiStateMachine( 1025): handleMessage: E msg.what=151572
D/WifiStateMachine( 1025): processMsg: ConnectedState
D/WifiStateMachine( 1025): processMsg: L2ConnectedState
D/WifiStateMachine( 1025): handleMessage: X
D/WifiStateMachine( 1025): handleMessage: E msg.what=131155
D/WifiStateMachine( 1025): processMsg: ConnectedState
D/WifiStateMachine( 1025): processMsg: L2ConnectedState
D/WifiStateMachine( 1025): handleMessage: X
D/WifiStateMachine( 1025): handleMessage: E msg.what=151572
D/WifiStateMachine( 1025): processMsg: ConnectedState
D/WifiStateMachine( 1025): processMsg: L2ConnectedState
D/WifiStateMachine( 1025): handleMessage: X
D/WifiStateMachine( 1025): handleMessage: E msg.what=151572
D/WifiStateMachine( 1025): processMsg: ConnectedState
D/WifiStateMachine( 1025): processMsg: L2ConnectedState
D/WifiStateMachine( 1025): handleMessage: X
D/WifiStateMachine( 1025): handleMessage: E msg.what=151572
D/WifiStateMachine( 1025): processMsg: ConnectedState
D/WifiStateMachine( 1025): processMsg: L2ConnectedState
D/WifiStateMachine( 1025): handleMessage: X
D/WifiStateMachine( 1025): handleMessage: E msg.what=131155
D/WifiStateMachine( 1025): processMsg: ConnectedState
D/WifiStateMachine( 1025): processMsg: L2ConnectedState
D/WifiStateMachine( 1025): handleMessage: X
D/WifiStateMachine( 1025): handleMessage: E msg.what=151572
D/WifiStateMachine( 1025): processMsg: ConnectedState
D/WifiStateMachine( 1025): processMsg: L2ConnectedState
D/WifiStateMachine( 1025): handleMessage: X
D/WifiStateMachine( 1025): handleMessage: E msg.what=151572
D/WifiStateMachine( 1025): processMsg: ConnectedState
D/WifiStateMachine( 1025): processMsg: L2ConnectedState
D/WifiStateMachine( 1025): handleMessage: X
D/Ulp_jni ( 1025): Location CB invoked
D/WifiStateMachine( 1025): handleMessage: E msg.what=151572
D/WifiStateMachine( 1025): processMsg: ConnectedState
D/WifiStateMachine( 1025): processMsg: L2ConnectedState
D/WifiStateMachine( 1025): handleMessage: X
D/WifiStateMachine( 1025): handleMessage: E msg.what=131155
D/WifiStateMachine( 1025): processMsg: ConnectedState
D/WifiStateMachine( 1025): processMsg: L2ConnectedState
D/WifiStateMachine( 1025): handleMessage: X
D/WifiStateMachine( 1025): handleMessage: E msg.what=151572
D/WifiStateMachine( 1025): processMsg: ConnectedState
D/WifiStateMachine( 1025): processMsg: L2ConnectedState
V/AlarmManager( 1025): sending alarm Alarm{437445f8 type 3 com.devexpert.weather}
D/WifiStateMachine( 1025): handleMessage: X
I/ActivityManager( 1025): Start proc com.devexpert.weather for broadcast com.devexpert.weather/.view.WidgetWeather2x1: pid=20630 uid=10112 gids={50112, 3003, 1028, 1015}
D/dalvikvm(  275): GC_EXPLICIT freed 42K, 48% free 9011K/17224K, paused 2ms+5ms, total 39ms
D/dalvikvm(  275): GC_EXPLICIT freed <1K, 48% free 9011K/17224K, paused 7ms+4ms, total 62ms
I/ActivityManager( 1025): Process com.android.vending (pid 20576) has died.
D/dalvikvm(  275): GC_EXPLICIT freed <1K, 48% free 9011K/17224K, paused 2ms+3ms, total 32ms
I/SFPerfTracer(  274):      triggers: (rate: 1116:446493) (339317 sw vsyncs) (1044958 skipped) (17:3314417 vsyncs) (19:4153480)
I/ActivityManager( 1025): Process com.devexpert.weather (pid 20630) has died.
I/SBar.NetworkController( 1119): refreshSignalCluster: wifi: mWifiConnected=true Wifi=zz_moto_stat_sys_wifi_signal_4_fully_wide Activity=zz_moto_stat_sys_wifi_inout_wide in=false out=false Accessibility="Wi-Fi signal full."
I/SBar.NetworkController( 1119): refreshSignalCluster: mobile: mHasMobileDataFeature=true DataTypeShown=(none) Activity=(none) in=false out=false Accessibility="3G"
D/WifiStateMachine( 1025): handleMessage: E msg.what=151572
D/WifiStateMachine( 1025): processMsg: ConnectedState
D/WifiStateMachine( 1025): processMsg: L2ConnectedState
D/WifiStateMachine( 1025): handleMessage: X
I/SBar.NetworkController( 1119): onSignalStrengthsChanged SignalStrength: 11 0 -120 -160 -120 -1 -1 99 2147483647 2147483647 2147483647 2147483647 2147483647 gsm|lte 0 -108 -1 false 3 3 0 0 0 99 99 99 4 level=3
D/WifiStateMachine( 1025): handleMessage: E msg.what=151572
D/WifiStateMachine( 1025): processMsg: ConnectedState
D/WifiStateMachine( 1025): processMsg: L2ConnectedState
D/WifiStateMachine( 1025): handleMessage: X
D/WifiStateMachine( 1025): handleMessage: E msg.what=131155
D/WifiStateMachine( 1025): processMsg: ConnectedState
D/WifiStateMachine( 1025): processMsg: L2ConnectedState
D/WifiStateMachine( 1025): handleMessage: X
D/dalvikvm( 1295): GC_CONCURRENT freed 1947K, 46% free 9340K/17224K, paused 3ms+3ms, total 40ms
D/WifiStateMachine( 1025): handleMessage: E msg.what=151572
D/WifiStateMachine( 1025): processMsg: ConnectedState
D/WifiStateMachine( 1025): processMsg: L2ConnectedState
D/WifiStateMachine( 1025): handleMessage: X
I/SFPerfTracer(  274):      triggers: (rate: 1249:49585) (compose: 0:251) (post: 0:20) (render: 84:10545) (0:779060 frames) (1:3296109)
D/SFPerfTracer(  274):        layers: (3:9) (DimLayer: 0:158)* (DimLayer: 0:126)* (FocusedStackFrame: 0:21459)* (StatusBar: 0:263445) (NavigationBar: 0:202148) (DimLayer: 0:24283)* (DimLayer: 0:4662)* (com.android.wallpaper.fall.FallWallpaper: 0:9253)* (co.giftmeapp.gift_me/co.giftmeapp.gift_me.GiftMe: 1:262) 
W/ContextImpl( 1295): Calling a method in the system process without a qualified user: android.app.ContextImpl.sendBroadcast:1252 android.content.ContextWrapper.sendBroadcast:365 com.motorola.motocare.util.TriggerHelper$TriggerBuilder.send:76 com.motorola.motocare.internal.frameworkevents.ProcessKillTrigger.sendTrigger:147 com.motorola.motocare.internal.frameworkevents.ProcessKillTrigger.handleLmkKill:337 
W/ContextImpl( 1295): Calling a method in the system process without a qualified user: android.app.ContextImpl.sendBroadcast:1252 android.content.ContextWrapper.sendBroadcast:365 com.motorola.motocare.util.TriggerHelper$TriggerBuilder.send:76 com.motorola.motocare.internal.frameworkevents.ProcessKillTrigger.sendTrigger:147 com.motorola.motocare.internal.frameworkevents.ProcessKillTrigger.handleLmkKill:337 
W/ContextImpl( 1295): Calling a method in the system process without a qualified user: android.app.ContextImpl.sendBroadcast:1252 android.content.ContextWrapper.sendBroadcast:365 com.motorola.motocare.util.TriggerHelper$TriggerBuilder.send:76 com.motorola.motocare.internal.frameworkevents.ProcessKillTrigger.sendTrigger:147 com.motorola.motocare.internal.frameworkevents.ProcessKillTrigger.handleLmkKill:337 
W/ContextImpl( 1295): Calling a method in the system process without a qualified user: android.app.ContextImpl.sendBroadcast:1252 android.content.ContextWrapper.sendBroadcast:365 com.motorola.motocare.util.TriggerHelper$TriggerBuilder.send:76 com.motorola.motocare.internal.frameworkevents.ProcessKillTrigger.sendTrigger:147 com.motorola.motocare.internal.frameworkevents.ProcessKillTrigger.handleLmkKill:337 
W/ContextImpl( 1295): Calling a method in the system process without a qualified user: android.app.ContextImpl.sendBroadcast:1252 android.content.ContextWrapper.sendBroadcast:365 com.motorola.motocare.util.TriggerHelper$TriggerBuilder.send:76 com.motorola.motocare.internal.frameworkevents.ProcessKillTrigger.sendTrigger:147 com.motorola.motocare.internal.frameworkevents.ProcessKillTrigger.handleLmkKill:337 
W/ContextImpl( 1295): Calling a method in the system process without a qualified user: android.app.ContextImpl.sendBroadcast:1252 android.content.ContextWrapper.sendBroadcast:365 com.motorola.motocare.util.TriggerHelper$TriggerBuilder.send:76 com.motorola.motocare.internal.frameworkevents.ProcessKillTrigger.sendTrigger:147 com.motorola.motocare.internal.frameworkevents.ProcessKillTrigger.handleLmkKill:337 
W/ContextImpl( 1295): Calling a method in the system process without a qualified user: android.app.ContextImpl.sendBroadcast:1252 android.content.ContextWrapper.sendBroadcast:365 com.motorola.motocare.util.TriggerHelper$TriggerBuilder.send:76 com.motorola.motocare.internal.frameworkevents.ProcessKillTrigger.sendTrigger:147 com.motorola.motocare.internal.frameworkevents.ProcessKillTrigger.handleLmkKill:337 
W/ContextImpl( 1295): Calling a method in the system process without a qualified user: android.app.ContextImpl.sendBroadcast:1252 android.content.ContextWrapper.sendBroadcast:365 com.motorola.motocare.util.TriggerHelper$TriggerBuilder.send:76 com.motorola.motocare.internal.frameworkevents.ProcessKillTrigger.sendTrigger:147 com.motorola.motocare.internal.frameworkevents.ProcessKillTrigger.handleLmkKill:337 
W/ContextImpl( 1295): Calling a method in the system process without a qualified user: android.app.ContextImpl.sendBroadcast:1252 android.content.ContextWrapper.sendBroadcast:365 com.motorola.motocare.util.TriggerHelper$TriggerBuilder.send:76 com.motorola.motocare.internal.frameworkevents.ProcessKillTrigger.sendTrigger:147 com.motorola.motocare.internal.frameworkevents.ProcessKillTrigger.handleLmkKill:337 
W/ContextImpl( 1295): Calling a method in the system process without a qualified user: android.app.ContextImpl.sendBroadcast:1252 android.content.ContextWrapper.sendBroadcast:365 com.motorola.motocare.util.TriggerHelper$TriggerBuilder.send:76 com.motorola.motocare.internal.frameworkevents.ProcessKillTrigger.sendTrigger:147 com.motorola.motocare.internal.frameworkevents.ProcessKillTrigger.handleLmkKill:337 
W/ContextImpl( 1295): Calling a method in the system process without a qualified user: android.app.ContextImpl.sendBroadcast:1252 android.content.ContextWrapper.sendBroadcast:365 com.motorola.motocare.util.TriggerHelper$TriggerBuilder.send:76 com.motorola.motocare.internal.frameworkevents.ProcessKillTrigger.sendTrigger:147 com.motorola.motocare.internal.frameworkevents.ProcessKillTrigger.handleLmkKill:337 
W/ContextImpl( 1295): Calling a method in the system process without a qualified user: android.app.ContextImpl.sendBroadcast:1252 android.content.ContextWrapper.sendBroadcast:365 com.motorola.motocare.util.TriggerHelper$TriggerBuilder.send:76 com.motorola.motocare.internal.frameworkevents.ProcessKillTrigger.sendTrigger:147 com.motorola.motocare.internal.frameworkevents.ProcessKillTrigger.handleLmkKill:337 
W/ContextImpl( 1295): Calling a method in the system process without a qualified user: android.app.ContextImpl.sendBroadcast:1252 android.content.ContextWrapper.sendBroadcast:365 com.motorola.motocare.util.TriggerHelper$TriggerBuilder.send:76 com.motorola.motocare.internal.frameworkevents.ProcessKillTrigger.sendTrigger:147 com.motorola.motocare.internal.frameworkevents.ProcessKillTrigger.handleLmkKill:337 
W/ContextImpl( 1295): Calling a method in the system process without a qualified user: android.app.ContextImpl.sendBroadcast:1252 android.content.ContextWrapper.sendBroadcast:365 com.motorola.motocare.util.TriggerHelper$TriggerBuilder.send:76 com.motorola.motocare.internal.frameworkevents.ProcessKillTrigger.sendTrigger:147 com.motorola.motocare.internal.frameworkevents.ProcessKillTrigger.handleLmkKill:337 
W/ContextImpl( 1295): Calling a method in the system process without a qualified user: android.app.ContextImpl.sendBroadcast:1252 android.content.ContextWrapper.sendBroadcast:365 com.motorola.motocare.util.TriggerHelper$TriggerBuilder.send:76 com.motorola.motocare.internal.frameworkevents.ProcessKillTrigger.sendTrigger:147 com.motorola.motocare.internal.frameworkevents.ProcessKillTrigger.handleLmkKill:337 
W/ContextImpl( 1295): Calling a method in the system process without a qualified user: android.app.ContextImpl.sendBroadcast:1252 android.content.ContextWrapper.sendBroadcast:365 com.motorola.motocare.util.TriggerHelper$TriggerBuilder.send:76 com.motorola.motocare.internal.frameworkevents.ProcessKillTrigger.sendTrigger:147 com.motorola.motocare.internal.frameworkevents.ProcessKillTrigger.handleLmkKill:337 
W/ContextImpl( 1295): Calling a method in the system process without a qualified user: android.app.ContextImpl.sendBroadcast:1252 android.content.ContextWrapper.sendBroadcast:365 com.motorola.motocare.util.TriggerHelper$TriggerBuilder.send:76 com.motorola.motocare.internal.frameworkevents.ProcessKillTrigger.sendTrigger:147 com.motorola.motocare.internal.frameworkevents.ProcessKillTrigger.handleLmkKill:337 
W/ContextImpl( 1295): Calling a method in the system process without a qualified user: android.app.ContextImpl.sendBroadcast:1252 android.content.ContextWrapper.sendBroadcast:365 com.motorola.motocare.util.TriggerHelper$TriggerBuilder.send:76 com.motorola.motocare.internal.frameworkevents.ProcessKillTrigger.sendTrigger:147 com.motorola.motocare.internal.frameworkevents.ProcessKillTrigger.handleLmkKill:337 
W/ContextImpl( 1295): Calling a method in the system process without a qualified user: android.app.ContextImpl.sendBroadcast:1252 android.content.ContextWrapper.sendBroadcast:365 com.motorola.motocare.util.TriggerHelper$TriggerBuilder.send:76 com.motorola.motocare.internal.frameworkevents.ProcessKillTrigger.sendTrigger:147 com.motorola.motocare.internal.frameworkevents.ProcessKillTrigger.handleLmkKill:337 
W/ContextImpl( 1295): Calling a method in the system process without a qualified user: android.app.ContextImpl.sendBroadcast:1252 android.content.ContextWrapper.sendBroadcast:365 com.motorola.motocare.util.TriggerHelper$TriggerBuilder.send:76 com.motorola.motocare.internal.frameworkevents.ProcessKillTrigger.sendTrigger:147 com.motorola.motocare.internal.frameworkevents.ProcessKillTrigger.handleLmkKill:337 
W/ContextImpl( 1295): Calling a method in the system process without a qualified user: android.app.ContextImpl.sendBroadcast:1252 android.content.ContextWrapper.sendBroadcast:365 com.motorola.motocare.util.TriggerHelper$TriggerBuilder.send:76 com.motorola.motocare.internal.frameworkevents.ProcessKillTrigger.sendTrigger:147 com.motorola.motocare.internal.frameworkevents.ProcessKillTrigger.handleLmkKill:337 
W/ContextImpl( 1295): Calling a method in the system process without a qualified user: android.app.ContextImpl.sendBroadcast:1252 android.content.ContextWrapper.sendBroadcast:365 com.motorola.motocare.util.TriggerHelper$TriggerBuilder.send:76 com.motorola.motocare.internal.frameworkevents.ProcessKillTrigger.sendTrigger:147 com.motorola.motocare.internal.frameworkevents.ProcessKillTrigger.handleLmkKill:337 
W/ContextImpl( 1295): Calling a method in the system process without a qualified user: android.app.ContextImpl.sendBroadcast:1252 android.content.ContextWrapper.sendBroadcast:365 com.motorola.motocare.util.TriggerHelper$TriggerBuilder.send:76 com.motorola.motocare.internal.frameworkevents.ProcessKillTrigger.sendTrigger:147 com.motorola.motocare.internal.frameworkevents.ProcessKillTrigger.handleLmkKill:337 
W/ContextImpl( 1295): Calling a method in the system process without a qualified user: android.app.ContextImpl.sendBroadcast:1252 android.content.ContextWrapper.sendBroadcast:365 com.motorola.motocare.util.TriggerHelper$TriggerBuilder.send:76 com.motorola.motocare.internal.frameworkevents.ProcessKillTrigger.sendTrigger:147 com.motorola.motocare.internal.frameworkevents.ProcessKillTrigger.handleLmkKill:337 
W/ContextImpl( 1295): Calling a method in the system process without a qualified user: android.app.ContextImpl.sendBroadcast:1252 android.content.ContextWrapper.sendBroadcast:365 com.motorola.motocare.util.TriggerHelper$TriggerBuilder.send:76 com.motorola.motocare.internal.frameworkevents.ProcessKillTrigger.sendTrigger:147 com.motorola.motocare.internal.frameworkevents.ProcessKillTrigger.handleLmkKill:337 
W/ContextImpl( 1295): Calling a method in the system process without a qualified user: android.app.ContextImpl.sendBroadcast:1252 android.content.ContextWrapper.sendBroadcast:365 com.motorola.motocare.util.TriggerHelper$TriggerBuilder.send:76 com.motorola.motocare.internal.frameworkevents.ProcessKillTrigger.sendTrigger:147 com.motorola.motocare.internal.frameworkevents.ProcessKillTrigger.handleLmkKill:337 
W/ContextImpl( 1295): Calling a method in the system process without a qualified user: android.app.ContextImpl.sendBroadcast:1252 android.content.ContextWrapper.sendBroadcast:365 com.motorola.motocare.util.TriggerHelper$TriggerBuilder.send:76 com.motorola.motocare.internal.frameworkevents.ProcessKillTrigger.sendTrigger:147 com.motorola.motocare.internal.frameworkevents.ProcessKillTrigger.handleLmkKill:337 
W/ContextImpl( 1295): Calling a method in the system process without a qualified user: android.app.ContextImpl.sendBroadcast:1252 android.content.ContextWrapper.sendBroadcast:365 com.motorola.motocare.util.TriggerHelper$TriggerBuilder.send:76 com.motorola.motocare.internal.frameworkevents.ProcessKillTrigger.sendTrigger:147 com.motorola.motocare.internal.frameworkevents.ProcessKillTrigger.handleLmkKill:337 
W/ContextImpl( 1295): Calling a method in the system process without a qualified user: android.app.ContextImpl.sendBroadcast:1252 android.content.ContextWrapper.sendBroadcast:365 com.motorola.motocare.util.TriggerHelper$TriggerBuilder.send:76 com.motorola.motocare.internal.frameworkevents.ProcessKillTrigger.sendTrigger:147 com.motorola.motocare.internal.frameworkevents.ProcessKillTrigger.handleLmkKill:337 
W/ContextImpl( 1295): Calling a method in the system process without a qualified user: android.app.ContextImpl.sendBroadcast:1252 android.content.ContextWrapper.sendBroadcast:365 com.motorola.motocare.util.TriggerHelper$TriggerBuilder.send:76 com.motorola.motocare.internal.frameworkevents.ProcessKillTrigger.sendTrigger:147 com.motorola.motocare.internal.frameworkevents.ProcessKillTrigger.handleLmkKill:337 
W/ContextImpl( 1295): Calling a method in the system process without a qualified user: android.app.ContextImpl.sendBroadcast:1252 android.content.ContextWrapper.sendBroadcast:365 com.motorola.motocare.util.TriggerHelper$TriggerBuilder.send:76 com.motorola.motocare.internal.frameworkevents.ProcessKillTrigger.sendTrigger:147 com.motorola.motocare.internal.frameworkevents.ProcessKillTrigger.handleLmkKill:337 
W/ContextImpl( 1295): Calling a method in the system process without a qualified user: android.app.ContextImpl.sendBroadcast:1252 android.content.ContextWrapper.sendBroadcast:365 com.motorola.motocare.util.TriggerHelper$TriggerBuilder.send:76 com.motorola.motocare.internal.frameworkevents.ProcessKillTrigger.sendTrigger:147 com.motorola.motocare.internal.frameworkevents.ProcessKillTrigger.handleLmkKill:337 
W/ContextImpl( 1295): Calling a method in the system process without a qualified user: android.app.ContextImpl.sendBroadcast:1252 android.content.ContextWrapper.sendBroadcast:365 com.motorola.motocare.util.TriggerHelper$TriggerBuilder.send:76 com.motorola.motocare.internal.frameworkevents.ProcessKillTrigger.sendTrigger:147 com.motorola.motocare.internal.frameworkevents.ProcessKillTrigger.handleLmkKill:337 
W/ContextImpl( 1295): Calling a method in the system process without a qualified user: android.app.ContextImpl.sendBroadcast:1252 android.content.ContextWrapper.sendBroadcast:365 com.motorola.motocare.util.TriggerHelper$TriggerBuilder.send:76 com.motorola.motocare.internal.frameworkevents.ProcessKillTrigger.sendTrigger:147 com.motorola.motocare.internal.frameworkevents.ProcessKillTrigger.handleLmkKill:337 
W/ContextImpl( 1295): Calling a method in the system process without a qualified user: android.app.ContextImpl.sendBroadcast:1252 android.content.ContextWrapper.sendBroadcast:365 com.motorola.motocare.util.TriggerHelper$TriggerBuilder.send:76 com.motorola.motocare.internal.frameworkevents.ProcessKillTrigger.sendTrigger:147 com.motorola.motocare.internal.frameworkevents.ProcessKillTrigger.handleLmkKill:337 
D/dalvikvm( 1295): GC_EXPLICIT freed 1704K, 46% free 9321K/17224K, paused 2ms+3ms, total 27ms
D/WifiStateMachine( 1025): handleMessage: E msg.what=151572
D/WifiStateMachine( 1025): processMsg: ConnectedState
D/WifiStateMachine( 1025): processMsg: L2ConnectedState
D/WifiStateMachine( 1025): handleMessage: X
