--------- beginning of /dev/log/system
D/PowerManagerService(  588): acquireWakeLock(427ed680): PARTIAL_WAKE_LOCK , tag=AlarmManager, flags=0x1, pid=588, uid=1000, mUserState=0x0
V/AlarmManager(  588): sending alarm PendingIntent{429bca10: PendingIntentRecord{429cd1f0 com.whatsapp broadcastIntent}}, intent=com.whatsapp.alarm.CLIENT_PING_TIMEOUT, type=ELAPSED_REALTIME_WAKEUP, count=1, when=166656473, repeateInterval=0
D/PowerManagerService(  588): releaseWakeLock(427ed680): PARTIAL_WAKE_LOCK , tag=AlarmManager, flags=0x1
D/PowerManagerService(  588): acquireWakeLock(42f1c490): PARTIAL_WAKE_LOCK , tag=AlarmManager, flags=0x1, pid=588, uid=1000, mUserState=0x0
V/AlarmManager(  588): sending alarm PendingIntent{422c63f8: PendingIntentRecord{42482cd0 android broadcastIntent}}, intent=android.intent.action.TIME_TICK, type=RTC, count=1, when=1427825280000, repeateInterval=0
D/PowerManagerService(  588): releaseWakeLock(42f1c490): PARTIAL_WAKE_LOCK , tag=AlarmManager, flags=0x1
D/PowerManagerService(  588): acquireWakeLock(42b50df8): PARTIAL_WAKE_LOCK , tag=AlarmManager, flags=0x1, pid=588, uid=1000, mUserState=0x0
V/AlarmManager(  588): sending alarm PendingIntent{426a6bd0: PendingIntentRecord{429330c8 com.facebook.katana broadcastIntent}}, intent=com.facebook.common.executors.WakingExecutorService.ACTION_ALARM.com.facebook.katana, type=ELAPSED_REALTIME_WAKEUP, count=1, when=166673202, repeateInterval=0
V/AlarmManager(  588): sending alarm PendingIntent{4266a270: PendingIntentRecord{42badc18 com.facebook.orca broadcastIntent}}, intent=com.facebook.common.executors.cs.ACTION_ALARM.com.facebook.orca, type=ELAPSED_REALTIME_WAKEUP, count=1, when=166673244, repeateInterval=0
V/AlarmManager(  588): sending alarm PendingIntent{43003da0: PendingIntentRecord{429330c8 com.facebook.katana broadcastIntent}}, intent=com.facebook.common.executors.WakingExecutorService.ACTION_ALARM.com.facebook.katana, type=ELAPSED_REALTIME_WAKEUP, count=1, when=166673202, repeateInterval=0
V/AlarmManager(  588): sending alarm PendingIntent{4259f058: PendingIntentRecord{42badc18 com.facebook.orca broadcastIntent}}, intent=com.facebook.common.executors.cs.ACTION_ALARM.com.facebook.orca, type=ELAPSED_REALTIME_WAKEUP, count=1, when=166673244, repeateInterval=0
D/PowerManagerService(  588): releaseWakeLock(42b50df8): PARTIAL_WAKE_LOCK , tag=AlarmManager, flags=0x1
D/BatteryService(  588): updateBatteryStats: auto update.
D/PowerManagerService(  588): acquireWakeLock(42698878): PARTIAL_WAKE_LOCK , tag=BatteryServiceUpdateStats, flags=0x1, pid=588, uid=1000, mUserState=0x0
D/PowerManagerService(  588): releaseWakeLock(42698878): PARTIAL_WAKE_LOCK , tag=BatteryServiceUpdateStats, flags=0x1
D/BatteryService(  588): updateBatteryStats: update triggered by UEvent.
D/PowerManagerService(  588): acquireWakeLock(42a3b8f8): PARTIAL_WAKE_LOCK , tag=BatteryServiceUpdateStats, flags=0x1, pid=588, uid=1000, mUserState=0x0
D/WifiService(  588): ACTION_BATTERY_CHANGED pluggedType: 2
D/NotificationService(  588): mIntentReceiver() Intent.ACTION_BATTERY_CHANGED
D/PowerUI (  811): closing low battery warning: level=18
D/PowerUI (  811): plugged = true, health = 2, mBatteryLevel = 18, mPluggedBatteryLevel = 12, mLowBatteryWarningLevel2 = 25, mshowLowChargingWarning2 = true
D/PowerManagerService(  588): runHtcPowerSaverCheck ======================================
D/PowerManagerService(  588): releaseWakeLock(42a3b8f8): PARTIAL_WAKE_LOCK , tag=BatteryServiceUpdateStats, flags=0x1
D/PowerManagerService(  588): acquireWakeLock(42d0fc50): PARTIAL_WAKE_LOCK , tag=AlarmManager, flags=0x1, pid=588, uid=1000, mUserState=0x0
V/AlarmManager(  588): sending alarm PendingIntent{422c63f8: PendingIntentRecord{42482cd0 android broadcastIntent}}, intent=android.intent.action.TIME_TICK, type=RTC, count=1, when=1427825340000, repeateInterval=0
D/PowerManagerService(  588): releaseWakeLock(42d0fc50): PARTIAL_WAKE_LOCK , tag=AlarmManager, flags=0x1
D/PowerManagerService(  588): acquireWakeLock(4290b9f0): PARTIAL_WAKE_LOCK , tag=wake:com.google.android.gms/com.google.android.libraries.social.mediamonitor.MediaMonitorIntentService, flags=0x1, pid=27853, uid=10017, mUserState=0x0
D/PowerManagerService(  588): releaseWakeLock(4290b9f0): PARTIAL_WAKE_LOCK , tag=wake:com.google.android.gms/com.google.android.libraries.social.mediamonitor.MediaMonitorIntentService, flags=0x1
D/PowerManagerService(  588): acquireWakeLock(428fdd90): PARTIAL_WAKE_LOCK , tag=keyguardWakeAndHandOff, flags=0x1, pid=588, uid=1000, mUserState=0x0
D/PowerManagerService(  588): nativeSetScreenState: on=true
D/PowerManagerService(  588): nativeSetScreenState: err=0
D/PowerManagerService(  588): button light setOrientation:-1
D/PowerManagerService(  588): acquireWakeLock(4266a408): PARTIAL_WAKE_LOCK , tag=sleep_broadcast, flags=0x1, pid=588, uid=1000, mUserState=0x0
D/PowerManagerService(  588): acquireWakeLock(428d5b48): FULL_WAKE_LOCK ACQUIRE_CAUSES_WAKEUP , tag=keyguard, flags=0x1000001a, pid=588, uid=1000, mUserState=0x0
D/PowerManagerService(  588): TPE algorithm. remove timeout.
D/PowerManagerService(  588): ALG=2, lsvalue=320(5th)->320(5th), last_level=6, lValue=125->125, bValue=0, kValue=0, mPowerState=0x3, mSkippedScreenOn=true, mInitialAnimation=false, immediate=false
V/LightsService(  588): setLight #2: color=#ff000000
D/lights  (  588): set_light_buttons_func: on=0 brightness=0
V/LightsService(  588): setLight #1: color=#ff000000
D/PowerManagerService(  588): releaseWakeLock(428fdd90): PARTIAL_WAKE_LOCK , tag=keyguardWakeAndHandOff, flags=0x1
D/PowerManagerService(  588): ActivityManagerNative.getDefault().wakingUp();
I/InputMethodManagerService(  588): screenObserver: isScreenOn=true
I/InputMethodManagerService(  588): Enable input method client.
D/PowerManagerService(  588): acquireWakeLock(41f41d80): PARTIAL_WAKE_LOCK , tag=IdleScreen:command_15, flags=0x1, pid=885, uid=10102, mUserState=0x0
D/AlarmManager(  588): ACTION_SCREEN_ON
D/WifiService(  588): ACTION_SCREEN_ON
D/PowerManagerService(  588): acquireWakeLock(42fd3680): PARTIAL_WAKE_LOCK , tag=AlarmManager, flags=0x1, pid=588, uid=1000, mUserState=0x0
V/AlarmManager(  588): sending alarm PendingIntent{425d74d0: PendingIntentRecord{425d7430 android broadcastIntent}}, intent=com.android.server.WifiManager.action.UPDATE_WIFI_STATE, type=RTC_WAKEUP, count=1, when=1427825360565, repeateInterval=0
D/PowerManagerService(  588): releaseWakeLock(41f41d80): PARTIAL_WAKE_LOCK , tag=IdleScreen:command_15, flags=0x1
I/WindowManager(  588): Lock screen displayed!
V/LightsService(  588): setLight #0: color=#ff7d7d7d
D/PowerManagerService(  588): acquireWakeLock(42c2c680): PARTIAL_WAKE_LOCK , tag=RILJ, flags=0x1, pid=946, uid=1001, mUserState=0x0
D/BatteryService(  588): updateBatteryStats: update triggered by UEvent.
D/PowerManagerService(  588): acquireWakeLock(42ba9a98): PARTIAL_WAKE_LOCK , tag=BatteryServiceUpdateStats, flags=0x1, pid=588, uid=1000, mUserState=0x0
D/PowerManagerService(  588): acquireWakeLock(42b7d3a8): PARTIAL_WAKE_LOCK , tag=GCoreFlp, flags=0x1, pid=27811, uid=10017, mUserState=0x0
D/PowerManagerService(  588): releaseWakeLock(42ba9a98): PARTIAL_WAKE_LOCK , tag=BatteryServiceUpdateStats, flags=0x1
D/PowerManagerService(  588): runHtcPowerSaverCheck ======================================
D/PowerUI (  811): closing low battery warning: level=18
D/PowerUI (  811): plugged = true, health = 2, mBatteryLevel = 18, mPluggedBatteryLevel = 12, mLowBatteryWarningLevel2 = 25, mshowLowChargingWarning2 = true
D/PowerManagerService(  588): acquireWakeLock(42a3d988): PARTIAL_WAKE_LOCK , tag=Wakeful StateMachine: GeofencerStateMachine, flags=0x1, pid=27811, uid=10017, mUserState=0x0
D/WifiService(  588): ACTION_BATTERY_CHANGED pluggedType: 2
D/NotificationService(  588): mIntentReceiver() Intent.ACTION_BATTERY_CHANGED
D/PowerManagerService(  588): releaseWakeLock(42a3d988): PARTIAL_WAKE_LOCK , tag=Wakeful StateMachine: GeofencerStateMachine, flags=0x1
D/PowerManagerService(  588): releaseWakeLock(42b7d3a8): PARTIAL_WAKE_LOCK , tag=GCoreFlp, flags=0x1
D/PowerManagerService(  588): acquireWakeLock(424a2658): PARTIAL_WAKE_LOCK , tag=NlpWakeLock, flags=0x1, pid=27811, uid=10017, mUserState=0x0
D/PowerManagerService(  588): releaseWakeLock(424a2658): PARTIAL_WAKE_LOCK , tag=NlpWakeLock, flags=0x1
D/PowerManagerService(  588): acquireWakeLock(41d01b48): PARTIAL_WAKE_LOCK , tag=NlpWakeLock, flags=0x1, pid=27811, uid=10017, mUserState=0x0
D/WifiService(  588): acquireWifiLockLocked: WifiLock{NlpWifiLock type=2 binder=android.os.BinderProxy@429b66f0}
D/WifiService(  588): updateWifiState(): wifiApEnabled: false, wifiApAirplaneMode: falsegetWifiEnabledState(): 3, getWifiApEnabledState: 11
D/WifiService(  588): updateWifiState(): mAirplaneModeOn.get(): false, mPersistWifiState.get(): 1
D/WifiStateMachine(  588): fetchRssiAndLinkSpeedNative send RSSIChange intent, newSignalLevel =3mLastSignalLevel = -1
D/WifiService(  588): updateWifiState(): mEmergencyCallbackMode: false, mDeviceIdle: false, lockHeld: true, mStopWifiRequested:false
D/WifiService(  588): updateWifiState(): enable and start wifi
D/TELEPHONY_CALLBACK(  811): @onSignalStrengthChanged: SignalStrength: 5 -1 -1 -1 -1 -1 -1 -1 -1 -1 2147483647 -1 gsm|lte
D/StatusBar.NetworkController(  811): dumpState[hasService=true ServiceState=0 home 3 3 27202  HSPA CSS not supported -1 -1 RoamInd=-1 DefRoamInd=-1EriInd= -1EriMode= -1RadioPowerSv: false EmergOnly=false PhoneType: 1 IsCdma=false SimState=UNKNOWN GprsState=0 DataState=Disconnected DataActivity=NONE NetworkType=HSPA HtcModemLinkOn=false HspaDataDistinquishable=true]
D/SIGNAL_ICON(  811): updateTelephonySignalStrength
D/SIGNAL_ICON(  811): fakeui srv=0 mTimerEnabled=false asu=5
D/SIGNAL_ICON(  811): asu=5
D/SIGNAL_ICON(  811): SUPPORT_5_LEVEL_SIGNAL
D/SIGNAL_ICON(  811): mapTelephonySignalStrength
D/SIGNAL_ICON(  811): maxLevel=5 asu=5 networkType=HSPA
D/SIGNAL_ICON(  811): return iconLevel=2
D/StatusBar.NetworkController(  811): dumpIconState[dataVisible=false dataIconId=stat_sys_data_out_3g_plus signalIconId=stat_sys_5signal_2 wifiVisible=true wifiIconId=stat_sys_wifi_signal_4 airplaneMode=false]
D/WIFI_ICON(  811): updateWifiState: action=android.net.wifi.RSSI_CHANGED newRssi=-37 freq=2412 newLevel=3 lastWifiLevel=3
D/StatusBar.NetworkController(  811): dumpIconState[dataVisible=false dataIconId=stat_sys_data_out_3g_plus signalIconId=stat_sys_5signal_2 wifiVisible=true wifiIconId=stat_sys_wifi_signal_4 airplaneMode=false]
D/PowerManagerService(  588): releaseWakeLock(4266a408): PARTIAL_WAKE_LOCK , tag=sleep_broadcast, flags=0x1
D/PowerManagerService(  588): releaseWakeLock(42c2c680): PARTIAL_WAKE_LOCK , tag=RILJ, flags=0x1
D/PowerManagerService(  588): acquireWakeLock(41dfcec8): PARTIAL_WAKE_LOCK , tag=RILJ, flags=0x1, pid=946, uid=1001, mUserState=0x0
D/PowerManagerService(  588): releaseWakeLock(41dfcec8): PARTIAL_WAKE_LOCK , tag=RILJ, flags=0x1
D/WifiService(  588): Got ACTION_UPDATE_WIFI_STATE
D/WifiService(  588): updateWifiState(): wifiApEnabled: false, wifiApAirplaneMode: falsegetWifiEnabledState(): 3, getWifiApEnabledState: 11
D/WifiService(  588): updateWifiState(): mAirplaneModeOn.get(): false, mPersistWifiState.get(): 1
D/WifiService(  588): updateWifiState(): mEmergencyCallbackMode: false, mDeviceIdle: false, lockHeld: true, mStopWifiRequested:false
D/WifiService(  588): updateWifiState(): enable and start wifi
D/PowerManagerService(  588): releaseWakeLock(42fd3680): PARTIAL_WAKE_LOCK , tag=AlarmManager, flags=0x1
D/PowerManagerService(  588): acquireWakeLock(421ce3f0): PARTIAL_WAKE_LOCK , tag=RILJ, flags=0x1, pid=946, uid=1001, mUserState=0x0
D/PowerManagerService(  588): releaseWakeLock(421ce3f0): PARTIAL_WAKE_LOCK , tag=RILJ, flags=0x1
D/PowerManagerService(  588): acquireWakeLock(425973c8): PARTIAL_WAKE_LOCK , tag=NlpWakeLock, flags=0x1, pid=27811, uid=10017, mUserState=0x0
D/PowerManagerService(  588): releaseWakeLock(425973c8): PARTIAL_WAKE_LOCK , tag=NlpWakeLock, flags=0x1
D/PowerManagerService(  588): acquireWakeLock(4250a2e0): PARTIAL_WAKE_LOCK , tag=GCoreFlp, flags=0x1, pid=27811, uid=10017, mUserState=0x0
D/PowerManagerService(  588): acquireWakeLock(424ca540): PARTIAL_WAKE_LOCK , tag=NlpWakeLock, flags=0x1, pid=27811, uid=10017, mUserState=0x0
D/PowerManagerService(  588): acquireWakeLock(42489cf8): PARTIAL_WAKE_LOCK , tag=GCoreFlp, flags=0x1, pid=27811, uid=10017, mUserState=0x0
D/PowerManagerService(  588): releaseWakeLock(4250a2e0): PARTIAL_WAKE_LOCK , tag=GCoreFlp, flags=0x1
D/PowerManagerService(  588): releaseWakeLock(424ca540): PARTIAL_WAKE_LOCK , tag=NlpWakeLock, flags=0x1
D/PowerManagerService(  588): acquireWakeLock(422d0648): PARTIAL_WAKE_LOCK , tag=GCoreFlp, flags=0x1, pid=27811, uid=10017, mUserState=0x0
D/PowerManagerService(  588): releaseWakeLock(42489cf8): PARTIAL_WAKE_LOCK , tag=GCoreFlp, flags=0x1
D/PowerManagerService(  588): releaseWakeLock(422d0648): PARTIAL_WAKE_LOCK , tag=GCoreFlp, flags=0x1
D/PowerManagerService(  588): acquireWakeLock(421abee0): PARTIAL_WAKE_LOCK , tag=GCoreFlp, flags=0x1, pid=27811, uid=10017, mUserState=0x0
D/PowerManagerService(  588): releaseWakeLock(421abee0): PARTIAL_WAKE_LOCK , tag=GCoreFlp, flags=0x1
D/WifiService(  588): releaseWifiLockLocked: WifiLock{NlpWifiLock type=2 binder=android.os.BinderProxy@429b66f0}
D/WifiService(  588): updateWifiState(): wifiApEnabled: false, wifiApAirplaneMode: falsegetWifiEnabledState(): 3, getWifiApEnabledState: 11
D/WifiService(  588): updateWifiState(): mAirplaneModeOn.get(): false, mPersistWifiState.get(): 1
D/WifiService(  588): updateWifiState(): mEmergencyCallbackMode: false, mDeviceIdle: false, lockHeld: true, mStopWifiRequested:false
D/WifiService(  588): updateWifiState(): enable and start wifi
D/PowerManagerService(  588): releaseWakeLock(41d01b48): PARTIAL_WAKE_LOCK , tag=NlpWakeLock, flags=0x1
D/PowerManagerService(  588): acquireWakeLock(4291c910): PARTIAL_WAKE_LOCK , tag=NlpWakeLock, flags=0x1, pid=27811, uid=10017, mUserState=0x0
D/PowerManagerService(  588): releaseWakeLock(4291c910): PARTIAL_WAKE_LOCK , tag=NlpWakeLock, flags=0x1
D/PowerManagerService(  588): acquireWakeLock(42488d40): PARTIAL_WAKE_LOCK , tag=NlpWakeLock, flags=0x1, pid=27811, uid=10017, mUserState=0x0
D/PowerManagerService(  588): acquireWakeLock(4235c220): PARTIAL_WAKE_LOCK , tag=GCoreFlp, flags=0x1, pid=27811, uid=10017, mUserState=0x0
D/PowerManagerService(  588): acquireWakeLock(42281138): PARTIAL_WAKE_LOCK , tag=GCoreFlp, flags=0x1, pid=27811, uid=10017, mUserState=0x0
D/PowerManagerService(  588): releaseWakeLock(4235c220): PARTIAL_WAKE_LOCK , tag=GCoreFlp, flags=0x1
D/PowerManagerService(  588): releaseWakeLock(42488d40): PARTIAL_WAKE_LOCK , tag=NlpWakeLock, flags=0x1
D/PowerManagerService(  588): releaseWakeLock(42281138): PARTIAL_WAKE_LOCK , tag=GCoreFlp, flags=0x1
D/PowerManagerService(  588): releaseWakeLock(428d5b48): FULL_WAKE_LOCK ACQUIRE_CAUSES_WAKEUP , tag=keyguard, flags=0x1000001a
D/PhoneStatusBar(  811): disable: < expand icons alerts ticker system_info back home recent* clock >
D/PowerManagerService(  588): acquireWakeLock(427e6830): PARTIAL_WAKE_LOCK , tag=*net_scheduler*, flags=0x1, pid=27794, uid=10017, mUserState=0x3
D/PowerManagerService(  588): releaseWakeLock(427e6830): PARTIAL_WAKE_LOCK , tag=*net_scheduler*, flags=0x1
V/LocationManagerService(  588): In requestLocationUpdates. provider passiveminTime: 5000single shot: false Receiver: Receiver{42096a60 Intent PendingIntent{422c9948: PendingIntentRecord{42b6b310 com.htc.htclocationservice startService}}}mUpdateRecords: {passive=UpdateRecord{42473340 mProvider: passive mUid: 10014}}
D/PowerManagerService(  588): acquireWakeLock(42957370): PARTIAL_WAKE_LOCK , tag=IdleScreen_base:remote_15, flags=0x1, pid=885, uid=10102, mUserState=0x3
V/LocationManagerService(  588): In requestLocationUpdatesLocked. provider: passive requiredPermissions: android.permission.ACCESS_FINE_LOCATION
I/LocationManagerService(  588): request passive (pid 897) 5000 0
V/LocationManagerService(  588): [LGPS] _requestLocationUpdates: enableLocationTracking(true)
D/PowerManagerService(  588): acquireWakeLock(42806eb8): PARTIAL_WAKE_LOCK , tag=IdleScreen:command_15, flags=0x1, pid=885, uid=10102, mUserState=0x3
D/LocationManagerService(  588): _requestLocationUpdates: provider = passive listener = Receiver{42096a60 Intent PendingIntent{422c9948: PendingIntentRecord{42b6b310 com.htc.htclocationservice startService}}}mUpdateRecords: {passive=UpdateRecord{42746d80 mProvider: passive mUid: 10014}}
D/PowerManagerService(  588): acquireWakeLock(42532e68): PARTIAL_WAKE_LOCK , tag=IdleScreen:event_15, flags=0x1, pid=885, uid=10102, mUserState=0x3
D/PowerManagerService(  588): releaseWakeLock(42806eb8): PARTIAL_WAKE_LOCK , tag=IdleScreen:command_15, flags=0x1
D/PowerManagerService(  588): releaseWakeLock(42532e68): PARTIAL_WAKE_LOCK , tag=IdleScreen:event_15, flags=0x1
W/InputMethodManagerService(  588): Window already focused, ignoring focus gain of: com.android.internal.view.IInputMethodClient$Stub$Proxy@429cd7e0 attribute=android.view.inputmethod.EditorInfo@429bd260
D/PowerManagerService(  588): releaseWakeLock(42957370): PARTIAL_WAKE_LOCK , tag=IdleScreen_base:remote_15, flags=0x1
W/CpuWake (  588): >>nativeAcquireCpuPerfWakeLock()
W/CpuWake (  588): <<nativeAcquireCpuPerfWakeLock()
I/ActivityManager(  588): START {flg=0x10c00000 cmp=com.android.systemui/.recent.RecentAppFxActivity u=0} from pid 811
D/PowerManagerService(  588): acquireWakeLock(4252e5c8): PARTIAL_WAKE_LOCK , tag=ActivityManager-Launch, flags=0x1, pid=588, uid=1000, mUserState=0x3
V/InputMethodManagerService(  588): unbindCurrentInputLocked: client = android.os.BinderProxy@429c3cd0
I/InputMethodManagerService(  588): Disable input method client.
V/InputMethodManagerService(  588): switching to client: client = android.os.BinderProxy@426023f8
I/InputMethodManagerService(  588): Enable input method client.
D/PowerManagerService(  588): releaseWakeLock(4252e5c8): PARTIAL_WAKE_LOCK , tag=ActivityManager-Launch, flags=0x1
D/TELEPHONY_CALLBACK(  811): @onSignalStrengthChanged: SignalStrength: 5 -1 -1 -1 -1 -1 -1 -1 -1 -1 2147483647 -1 gsm|lte
D/StatusBar.NetworkController(  811): dumpState[hasService=true ServiceState=0 home 3 3 27202  HSPA CSS not supported -1 -1 RoamInd=-1 DefRoamInd=-1EriInd= -1EriMode= -1RadioPowerSv: false EmergOnly=false PhoneType: 1 IsCdma=false SimState=UNKNOWN GprsState=0 DataState=Disconnected DataActivity=NONE NetworkType=HSPA HtcModemLinkOn=false HspaDataDistinquishable=true]
D/SIGNAL_ICON(  811): updateTelephonySignalStrength
D/SIGNAL_ICON(  811): fakeui srv=0 mTimerEnabled=false asu=5
D/SIGNAL_ICON(  811): asu=5
D/SIGNAL_ICON(  811): SUPPORT_5_LEVEL_SIGNAL
D/SIGNAL_ICON(  811): mapTelephonySignalStrength
D/SIGNAL_ICON(  811): maxLevel=5 asu=5 networkType=HSPA
D/SIGNAL_ICON(  811): return iconLevel=2
D/StatusBar.NetworkController(  811): dumpIconState[dataVisible=false dataIconId=stat_sys_data_out_3g_plus signalIconId=stat_sys_5signal_2 wifiVisible=true wifiIconId=stat_sys_wifi_signal_4 airplaneMode=false]
D/WifiStateMachine(  588): fetchRssiAndLinkSpeedNative send RSSIChange intent, SameSignalLevelCount =1
D/WIFI_ICON(  811): updateWifiState: action=android.net.wifi.RSSI_CHANGED newRssi=-37 freq=2412 newLevel=3 lastWifiLevel=3
D/StatusBar.NetworkController(  811): dumpIconState[dataVisible=false dataIconId=stat_sys_data_out_3g_plus signalIconId=stat_sys_5signal_2 wifiVisible=true wifiIconId=stat_sys_wifi_signal_4 airplaneMode=false]
D/PowerManagerService(  588): acquireWakeLock(42ab2d78): CPU_MIN_NUM , tag=mode10, flags=0x400, pid=811, uid=10216, mUserState=0x3
D/PowerManagerService(  588): acquireWakeLock(429f48b8): CPU_MIN_FREQ , tag=mode10, flags=0x100, pid=811, uid=10216, mUserState=0x3
W/CpuWake (  588): >>nativeReleaseCpuPerfWakeLock()
W/CpuWake (  588): <<nativeReleaseCpuPerfWakeLock()
D/PowerManagerService(  588): releaseWakeLock(42ab2d78): CPU_MIN_NUM , tag=mode10, flags=0x400
D/PowerManagerService(  588): releaseWakeLock(429f48b8): CPU_MIN_FREQ , tag=mode10, flags=0x100
D/PowerManagerService(  588): acquireWakeLock(42626cb8): PARTIAL_WAKE_LOCK , tag=AlarmManager, flags=0x1, pid=588, uid=1000, mUserState=0x3
V/AlarmManager(  588): sending alarm PendingIntent{42fd5760: PendingIntentRecord{42b5f880 com.google.android.gms startService}}, intent=null, type=RTC_WAKEUP, count=1, when=1427825365790, repeateInterval=0
D/PowerManagerService(  588): releaseWakeLock(42626cb8): PARTIAL_WAKE_LOCK , tag=AlarmManager, flags=0x1
D/PowerManagerService(  588): acquireWakeLock(4233ae60): CPU_MIN_NUM , tag=mode10, flags=0x400, pid=811, uid=10216, mUserState=0x3
D/PowerManagerService(  588): acquireWakeLock(41f1f198): CPU_MIN_FREQ , tag=mode10, flags=0x100, pid=811, uid=10216, mUserState=0x3
D/TELEPHONY_CALLBACK(  811): @onSignalStrengthChanged: SignalStrength: 4 -1 -1 -1 -1 -1 -1 -1 -1 -1 2147483647 -1 gsm|lte
D/StatusBar.NetworkController(  811): dumpState[hasService=true ServiceState=0 home 3 3 27202  HSPA CSS not supported -1 -1 RoamInd=-1 DefRoamInd=-1EriInd= -1EriMode= -1RadioPowerSv: false EmergOnly=false PhoneType: 1 IsCdma=false SimState=UNKNOWN GprsState=0 DataState=Disconnected DataActivity=NONE NetworkType=HSPA HtcModemLinkOn=false HspaDataDistinquishable=true]
D/SIGNAL_ICON(  811): updateTelephonySignalStrength
D/SIGNAL_ICON(  811): fakeui srv=0 mTimerEnabled=false asu=4
D/SIGNAL_ICON(  811): asu=4
D/SIGNAL_ICON(  811): SUPPORT_5_LEVEL_SIGNAL
D/SIGNAL_ICON(  811): mapTelephonySignalStrength
D/SIGNAL_ICON(  811): maxLevel=5 asu=4 networkType=HSPA
D/SIGNAL_ICON(  811): return iconLevel=2
D/StatusBar.NetworkController(  811): dumpIconState[dataVisible=false dataIconId=stat_sys_data_out_3g_plus signalIconId=stat_sys_5signal_2 wifiVisible=true wifiIconId=stat_sys_wifi_signal_4 airplaneMode=false]
D/WifiStateMachine(  588): fetchRssiAndLinkSpeedNative send RSSIChange intent, SameSignalLevelCount =2
D/WIFI_ICON(  811): updateWifiState: action=android.net.wifi.RSSI_CHANGED newRssi=-37 freq=2412 newLevel=3 lastWifiLevel=3
D/StatusBar.NetworkController(  811): dumpIconState[dataVisible=false dataIconId=stat_sys_data_out_3g_plus signalIconId=stat_sys_5signal_2 wifiVisible=true wifiIconId=stat_sys_wifi_signal_4 airplaneMode=false]
D/PowerManagerService(  588): releaseWakeLock(4233ae60): CPU_MIN_NUM , tag=mode10, flags=0x400
D/PowerManagerService(  588): releaseWakeLock(41f1f198): CPU_MIN_FREQ , tag=mode10, flags=0x100
D/PowerManagerService(  588): acquireWakeLock(42866598): CPU_MIN_NUM , tag=mode10, flags=0x400, pid=811, uid=10216, mUserState=0x3
D/PowerManagerService(  588): acquireWakeLock(426a7940): CPU_MIN_FREQ , tag=mode10, flags=0x100, pid=811, uid=10216, mUserState=0x3
D/PowerManagerService(  588): releaseWakeLock(42866598): CPU_MIN_NUM , tag=mode10, flags=0x400
D/PowerManagerService(  588): releaseWakeLock(426a7940): CPU_MIN_FREQ , tag=mode10, flags=0x100
D/PowerManagerService(  588): acquireWakeLock(4231a6d0): PARTIAL_WAKE_LOCK , tag=ActivityManager-Launch, flags=0x1, pid=588, uid=1000, mUserState=0x3
I/ActivityManager(  588): Start proc com.rhmsoft.fm for activity com.rhmsoft.fm/.FileManager: pid=8065 uid=10220 gids={3003, 1015, 1028}
I/ActivityManager(  588): Start proc com.android.vending for service com.android.vending/com.google.android.finsky.billing.iab.InAppBillingService: pid=8090 uid=10132 gids={3003, 1015, 1028}
I/PackageManager(  588):  setEnabledSetting(), pkgName=com.android.vending, clsName=com.android.vending.AssetBrowserActivity, state=1, flag=1, pid=8090, uid=10132
D/TELEPHONY_CALLBACK(  811): @onSignalStrengthChanged: SignalStrength: 3 -1 -1 -1 -1 -1 -1 -1 -1 -1 2147483647 -1 gsm|lte
D/StatusBar.NetworkController(  811): dumpState[hasService=true ServiceState=0 home 3 3 27202  HSPA CSS not supported -1 -1 RoamInd=-1 DefRoamInd=-1EriInd= -1EriMode= -1RadioPowerSv: false EmergOnly=false PhoneType: 1 IsCdma=false SimState=UNKNOWN GprsState=0 DataState=Disconnected DataActivity=NONE NetworkType=HSPA HtcModemLinkOn=false HspaDataDistinquishable=true]
D/SIGNAL_ICON(  811): updateTelephonySignalStrength
D/SIGNAL_ICON(  811): fakeui srv=0 mTimerEnabled=false asu=3
D/SIGNAL_ICON(  811): asu=3
D/SIGNAL_ICON(  811): SUPPORT_5_LEVEL_SIGNAL
D/SIGNAL_ICON(  811): mapTelephonySignalStrength
D/SIGNAL_ICON(  811): maxLevel=5 asu=3 networkType=HSPA
D/SIGNAL_ICON(  811): return iconLevel=1
D/SIGNAL_ICON(  811): refreshViews: mPhoneSignalIconId -> stat_sys_5signal_1
D/StatusBar.NetworkController(  811): dumpIconState[dataVisible=false dataIconId=stat_sys_data_out_3g_plus signalIconId=stat_sys_5signal_1 wifiVisible=true wifiIconId=stat_sys_wifi_signal_4 airplaneMode=false]
I/PackageManager(  588):  setEnabledSetting(), pkgName=com.android.vending, clsName=com.google.android.finsky.activities.DebugActivity, state=2, flag=1, pid=8090, uid=10132
V/LocationManagerService(  588): getAllProviders
I/ActivityManager(  588): Recipient 2435
V/LocationManagerService(  588): Location listener died
I/ActivityManager(  588): Process com.google.android.apps.ads.express (pid 2435) has died.
W/ActivityManager(  588): Scheduling restart of crashed service com.google.android.apps.ads.express/.service.SyncService in 5000ms
D/LocationManagerService(  588): _removeUpdates: listener = Receiver{4272aae8 Listener android.os.BinderProxy@425abd80}mUpdateRecords: {network=UpdateRecord{428d6018 mProvider: network mUid: 10222}}
I/LocationManagerService(  588): remove network (pid 588), next minTime = 86400000
V/InputMethodManagerService(  588): unbindCurrentInputLocked: client = android.os.BinderProxy@426023f8
I/InputMethodManagerService(  588): Disable input method client.
V/InputMethodManagerService(  588): switching to client: client = android.os.BinderProxy@42b6ca78
I/InputMethodManagerService(  588): Enable input method client.
D/PowerManagerService(  588): releaseWakeLock(4231a6d0): PARTIAL_WAKE_LOCK , tag=ActivityManager-Launch, flags=0x1
D/PowerManagerService(  588): acquireWakeLock(424c51c0): CPU_MIN_FREQ , tag=AbsListViewScroll_5.0, flags=0x100, pid=8065, uid=10220, mUserState=0x3
D/PowerManagerService(  588): acquireWakeLock(424ab260): CPU_MIN_NUM , tag=AbsListViewScroll_5.0, flags=0x400, pid=8065, uid=10220, mUserState=0x3
D/TELEPHONY_CALLBACK(  811): @onSignalStrengthChanged: SignalStrength: 3 -1 -1 -1 -1 -1 -1 -1 -1 -1 2147483647 -1 gsm|lte
D/StatusBar.NetworkController(  811): dumpState[hasService=true ServiceState=0 home 3 3 27202  HSPA CSS not supported -1 -1 RoamInd=-1 DefRoamInd=-1EriInd= -1EriMode= -1RadioPowerSv: false EmergOnly=false PhoneType: 1 IsCdma=false SimState=UNKNOWN GprsState=0 DataState=Disconnected DataActivity=NONE NetworkType=HSPA HtcModemLinkOn=false HspaDataDistinquishable=true]
D/SIGNAL_ICON(  811): updateTelephonySignalStrength
D/SIGNAL_ICON(  811): fakeui srv=0 mTimerEnabled=false asu=3
D/SIGNAL_ICON(  811): asu=3
D/SIGNAL_ICON(  811): SUPPORT_5_LEVEL_SIGNAL
D/SIGNAL_ICON(  811): mapTelephonySignalStrength
D/SIGNAL_ICON(  811): maxLevel=5 asu=3 networkType=HSPA
D/SIGNAL_ICON(  811): return iconLevel=1
D/StatusBar.NetworkController(  811): dumpIconState[dataVisible=false dataIconId=stat_sys_data_out_3g_plus signalIconId=stat_sys_5signal_1 wifiVisible=true wifiIconId=stat_sys_wifi_signal_4 airplaneMode=false]
W/PackageParser( 8065): No actions in intent filter at /storage/sdcard0/Download/GiftMe-release.apk Binary XML file line #33
D/PowerManagerService(  588): releaseWakeLock(424c51c0): CPU_MIN_FREQ , tag=AbsListViewScroll_5.0, flags=0x100
D/PowerManagerService(  588): releaseWakeLock(424ab260): CPU_MIN_NUM , tag=AbsListViewScroll_5.0, flags=0x400
W/PowerManagerService(  588): Can not get flags by lock
D/PowerManagerService(  588): acquireWakeLock(423f7b38): CPU_MIN_FREQ , tag=AbsListViewScroll_5.0, flags=0x100, pid=8065, uid=10220, mUserState=0x3
D/PowerManagerService(  588): acquireWakeLock(423b9690): CPU_MIN_NUM , tag=AbsListViewScroll_5.0, flags=0x400, pid=8065, uid=10220, mUserState=0x3
D/PowerManagerService(  588): releaseWakeLock(423f7b38): CPU_MIN_FREQ , tag=AbsListViewScroll_5.0, flags=0x100
D/PowerManagerService(  588): releaseWakeLock(423b9690): CPU_MIN_NUM , tag=AbsListViewScroll_5.0, flags=0x400
W/CpuWake (  588): >>nativeAcquireCpuPerfWakeLock()
W/CpuWake (  588): <<nativeAcquireCpuPerfWakeLock()
I/ActivityManager(  588): START {act=android.intent.action.VIEW cat=[android.intent.category.DEFAULT] dat=file typ=application/vnd.android.package-archive flg=0x10000 cmp=android/com.android.internal.app.ResolverActivity u=0} from pid 8065
D/PowerManagerService(  588): acquireWakeLock(42919f20): PARTIAL_WAKE_LOCK , tag=ActivityManager-Launch, flags=0x1, pid=588, uid=1000, mUserState=0x3
D/PowerManagerService(  588): releaseWakeLock(42919f20): PARTIAL_WAKE_LOCK , tag=ActivityManager-Launch, flags=0x1
I/ActivityManager(  588): Start proc com.google.android.apps.ads.express for service com.google.android.apps.ads.express/.service.SyncService: pid=8181 uid=10222 gids={3003, 1028, 1015}
D/PowerManagerService(  588): acquireWakeLock(420f3618): CPU_MIN_FREQ , tag=AbsListViewScroll_5.0, flags=0x100, pid=588, uid=1000, mUserState=0x3
D/PowerManagerService(  588): acquireWakeLock(42085ad0): CPU_MIN_NUM , tag=AbsListViewScroll_5.0, flags=0x400, pid=588, uid=1000, mUserState=0x3
D/webcoreglue( 8181): netstack: Memory Cache feature is ON
D/PowerManagerService(  588): releaseWakeLock(420f3618): CPU_MIN_FREQ , tag=AbsListViewScroll_5.0, flags=0x100
D/PowerManagerService(  588): releaseWakeLock(42085ad0): CPU_MIN_NUM , tag=AbsListViewScroll_5.0, flags=0x400
V/LocationManagerService(  588): getLastKnownLocation: network
I/ActivityManager(  588): Recipient 7697
I/ActivityManager(  588): Process com.google.android.tts (pid 7697) has died.
W/CpuWake (  588): >>nativeAcquireCpuPerfWakeLock()
W/CpuWake (  588): <<nativeAcquireCpuPerfWakeLock()
I/ActivityManager(  588): START {act=android.intent.action.VIEW cat=[android.intent.category.DEFAULT] dat=file typ=application/vnd.android.package-archive flg=0x3010000 cmp=com.android.vending/com.google.android.vending.verifier.PackageVerificationActivity u=0} from pid 588
D/PowerManagerService(  588): acquireWakeLock(424ee998): PARTIAL_WAKE_LOCK , tag=ActivityManager-Launch, flags=0x1, pid=588, uid=1000, mUserState=0x3
D/HostStatisticManager( 8181): netstack: DNS Host Prioritization is: ON, Version: 5.0.1
D/        ( 8181): dl error message Cannot load library: link_image[1891]:   253 could not load needed library 'libcneapiclient.so' for 'libtcpfinaggr.so' (load_library[1093]: Library 'libcneapiclient.so' not found)
D/Socket_Pool( 8181): Failed to create TCP Fin Aggregation interface.
D/Socket_Pool( 8181): netstack: CloseUnusedSockets is ON
D/Socket_Pool( 8181): netstack: system net.statistics value: 0
D/Socket_Pool( 8181): Failed to create TCP Fin Aggregation interface.
D/Socket_Pool( 8181): netstack: CloseUnusedSockets is ON
D/Socket_Pool( 8181): netstack: system net.statistics value: 0
D/        ( 8181): external/chromium/net/http/http_getzip_factory.cc: libgetzip.so successfully loaded
D/        ( 8181): external/chromium/net/http/http_getzip_factory.cc,: GETzip initializing method was found in libgetzip.so
D/        ( 8181): netstack: Getzip is: ON, Version: 5.0.1
D/Socket_Pool( 8181): Failed to create TCP Fin Aggregation interface.
D/Socket_Pool( 8181): netstack: CloseUnusedSockets is ON
D/Socket_Pool( 8181): netstack: system net.statistics value: 0
D/Socket_Pool( 8181): Failed to create TCP Fin Aggregation interface.
D/Socket_Pool( 8181): netstack: CloseUnusedSockets is ON
D/Socket_Pool( 8181): netstack: system net.statistics value: 0
W/CpuWake (  588): >>nativeReleaseCpuPerfWakeLock()
W/CpuWake (  588): <<nativeReleaseCpuPerfWakeLock()
W/PackageParser( 8090): No actions in intent filter at /storage/sdcard0/Download/GiftMe-release.apk Binary XML file line #33
V/LocationManagerService(  588): In requestLocationUpdates. provider networkminTime: 30000single shot: false Listener: android.location.ILocationListener$Stub$Proxy@41cb6648
V/LocationManagerService(  588): In requestLocationUpdatesLocked. provider: network requiredPermissions: android.permission.ACCESS_COARSE_LOCATION
I/LocationManagerService(  588): request network (pid 8181) 30000 30000
V/LocationManagerService(  588): [LGPS] _requestLocationUpdates: enableLocationTracking(true)
D/LocationManagerService(  588): _requestLocationUpdates: provider = network listener = Receiver{41c80de0 Listener android.os.BinderProxy@42078910}mUpdateRecords: {network=UpdateRecord{41c42a38 mProvider: network mUid: 10222}}
W/InputMethodManagerService(  588): Window already focused, ignoring focus gain of: com.android.internal.view.IInputMethodClient$Stub$Proxy@41c728a0 attribute=null
D/PowerManagerService(  588): releaseWakeLock(424ee998): PARTIAL_WAKE_LOCK , tag=ActivityManager-Launch, flags=0x1
W/CpuWake (  588): >>nativeAcquireCpuPerfWakeLock()
W/CpuWake (  588): <<nativeAcquireCpuPerfWakeLock()
I/ActivityManager(  588): START {act=android.intent.action.VIEW cat=[android.intent.category.DEFAULT] dat=file typ=application/vnd.android.package-archive flg=0x13810000 pkg=com.android.packageinstaller cmp=com.android.packageinstaller/.PackageInstallerActivity (has extras) u=0} from pid 8090
D/PowerManagerService(  588): acquireWakeLock(425cc0e8): PARTIAL_WAKE_LOCK , tag=ActivityManager-Launch, flags=0x1, pid=588, uid=1000, mUserState=0x3
I/ActivityManager(  588): Start proc com.android.packageinstaller for activity com.android.packageinstaller/.PackageInstallerActivity: pid=8212 uid=10135 gids={1028}
W/PackageParser( 8212): No actions in intent filter at /storage/sdcard0/Download/GiftMe-release.apk Binary XML file line #33
V/InputMethodManagerService(  588): unbindCurrentInputLocked: client = android.os.BinderProxy@42b6ca78
I/InputMethodManagerService(  588): Disable input method client.
V/InputMethodManagerService(  588): switching to client: client = android.os.BinderProxy@41de8de8
I/InputMethodManagerService(  588): Enable input method client.
I/ActivityManager(  588): Recipient 6315
I/WindowState(  588): WIN DEATH: Window{42605ba8 com.whatsapp/com.whatsapp.Conversation paused=false}
I/ActivityManager(  588): Process com.whatsapp (pid 6315) has died.
W/ActivityManager(  588): Scheduling restart of crashed service com.whatsapp/.messaging.MessageService in 5000ms
I/WindowState(  588): WIN DEATH: Window{425d4bb0 com.whatsapp/com.whatsapp.HomeActivity paused=false}
D/PowerManagerService(  588): releaseWakeLock(425cc0e8): PARTIAL_WAKE_LOCK , tag=ActivityManager-Launch, flags=0x1
W/CpuWake (  588): >>nativeReleaseCpuPerfWakeLock()
W/CpuWake (  588): <<nativeReleaseCpuPerfWakeLock()
W/CpuWake (  588): >>nativeReleaseCpuPerfWakeLock()
W/CpuWake (  588): <<nativeReleaseCpuPerfWakeLock()
W/InputMethodManagerService(  588): Window already focused, ignoring focus gain of: com.android.internal.view.IInputMethodClient$Stub$Proxy@42641450 attribute=null
W/CpuWake (  588): >>nativeAcquireCpuPerfWakeLock()
W/CpuWake (  588): <<nativeAcquireCpuPerfWakeLock()
I/ActivityManager(  588): START {dat=file cmp=com.android.packageinstaller/.InstallAppProgress (has extras) u=0} from pid 8212
D/PowerManagerService(  588): acquireWakeLock(4227ed18): PARTIAL_WAKE_LOCK , tag=ActivityManager-Launch, flags=0x1, pid=588, uid=1000, mUserState=0x3
I/ActivityManager(  588): Start proc com.android.defcontainer for service com.android.defcontainer/.DefaultContainerService: pid=8243 uid=10021 gids={1015, 2001, 5005, 1028}
D/PowerManagerService(  588): releaseWakeLock(4227ed18): PARTIAL_WAKE_LOCK , tag=ActivityManager-Launch, flags=0x1
W/ActivityManager(  588): No content provider found for permission revoke: file:///storage/sdcard0/Download/GiftMe-release.apk
W/ActivityManager(  588): No content provider found for permission revoke: file:///storage/sdcard0/Download/GiftMe-release.apk
W/PackageParser(  588): No actions in intent filter at /data/app/vmdl-1360574255.tmp Binary XML file line #33
I/ActivityManager(  588): Force stopping package co.giftmeapp.gift_me uid=10138
I/ActivityManager(  588):   Force finishing activity ActivityRecord{42c2d980 co.giftmeapp.gift_me/.GiftMe}
I/PackageManager(  588): Package co.giftmeapp.gift_me codePath changed from /data/app/co.giftmeapp.gift_me-2.apk to /data/app/co.giftmeapp.gift_me-1.apk; Retaining data and using new
W/CpuWake (  588): >>nativeReleaseCpuPerfWakeLock()
W/CpuWake (  588): <<nativeReleaseCpuPerfWakeLock()
I/ActivityManager(  588): Force stopping package co.giftmeapp.gift_me uid=10138
W/PackageManager(  588): Code path for pkg : co.giftmeapp.gift_me changing from /data/app/co.giftmeapp.gift_me-2.apk to /data/app/co.giftmeapp.gift_me-1.apk
W/PackageManager(  588): Resource path for pkg : co.giftmeapp.gift_me changing from /data/app/co.giftmeapp.gift_me-2.apk to /data/app/co.giftmeapp.gift_me-1.apk
D/PowerManagerService(  588): acquireWakeLock(42dfd438): PARTIAL_WAKE_LOCK , tag=AlarmManager, flags=0x1, pid=588, uid=1000, mUserState=0x3
V/AlarmManager(  588): sending alarm PendingIntent{428d13b8: PendingIntentRecord{4255e9a0 com.instagram.android broadcastIntent}}, intent=action_batch_upload, type=ELAPSED_REALTIME_WAKEUP, count=1, when=166761929, repeateInterval=0
I/ActivityManager(  588): Start proc com.whatsapp for service com.whatsapp/.messaging.MessageService: pid=8257 uid=10060 gids={3002, 1006, 3003, 1015, 1028}
I/ActivityManager(  588): Start proc com.instagram.android for broadcast com.instagram.android/com.instagram.common.analytics.AnalyticsUploadAlarmReceiver: pid=8269 uid=10218 gids={1006, 3003, 1015, 1028}
I/ActivityManager(  588): Force stopping package co.giftmeapp.gift_me uid=10138
D/Socket_Alarm( 8269): registerHTCSocketMonitorCallBack
D/Socket_Alarm( 8269): set mSocketMonitor
D/Socket_Alarm( 8269): HTCSocketMonitorImpl::HTCSocketMonitorImpl
I/PackageManager(  588):  setEnabledSetting(), pkgName=com.instagram.android, clsName=com.instagram.push.fbns.NetworkBroadcastReceiver, state=2, flag=1, pid=8269, uid=10218
D/Socket_Alarm( 8257): registerHTCSocketMonitorCallBack
D/Socket_Alarm( 8257): set mSocketMonitor
D/Socket_Alarm( 8257): HTCSocketMonitorImpl::HTCSocketMonitorImpl
V/AlarmManager(  588): sending alarm PendingIntent{42b42398: PendingIntentRecord{429f8200 com.whatsapp broadcastIntent}}, intent=com.whatsapp.alarm.NTP_UPDATE, type=ELAPSED_REALTIME, count=4, when=172800000, repeateInterval=43200000
I/PackageManager(  588):  setEnabledSetting(), pkgName=com.instagram.android, clsName=com.instagram.push.fbns.BootCompletedBroadcastReceiver, state=2, flag=1, pid=8269, uid=10218
I/PackageManager(  588):  setEnabledSetting(), pkgName=com.instagram.android, clsName=com.instagram.push.fbns.UserPresentBroadcastReceiver, state=2, flag=1, pid=8269, uid=10218
I/PackageManager(  588):  setEnabledSetting(), pkgName=com.instagram.android, clsName=com.instagram.push.fbns.ServiceKeepaliveReceiver, state=2, flag=1, pid=8269, uid=10218
W/CpuWake (  588): >>nativeAcquireCpuPerfWakeLock()
W/CpuWake (  588): <<nativeAcquireCpuPerfWakeLock()
I/ActivityManager(  588): START {act=android.intent.action.MAIN cat=[android.intent.category.LAUNCHER] flg=0x10000000 pkg=co.giftmeapp.gift_me cmp=co.giftmeapp.gift_me/.GiftMe u=0} from pid 8212
D/PowerManagerService(  588): acquireWakeLock(42747a38): PARTIAL_WAKE_LOCK , tag=ActivityManager-Launch, flags=0x1, pid=588, uid=1000, mUserState=0x3
I/ActivityManager(  588): Start proc co.giftmeapp.gift_me for activity co.giftmeapp.gift_me/.GiftMe: pid=8301 uid=10138 gids={3003, 1028}
I/ActivityManager(  588): Start proc com.android.keychain for broadcast com.android.keychain/.KeyChainBroadcastReceiver: pid=8320 uid=1000 gids={1015, 3002, 3001, 3003, 1028, 5006, 3007, 3006, 2001, 1007}
I/ActivityManager(  588): Start proc com.htc.providers.settings:remote for content provider com.htc.providers.settings/.HtcPowerManagerProvider: pid=8330 uid=10202 gids={1028}
D/PowerManagerService(  588): acquireWakeLock(4236ab40): CPU_MIN_FREQ , tag=WindowManager-ScreenRotation-Freq, flags=0x100, pid=588, uid=1000, mUserState=0x3
D/PowerManagerService(  588): acquireWakeLock(42310db0): CPU_MIN_NUM , tag=WindowManager-ScreenRotation-Num, flags=0x400, pid=588, uid=1000, mUserState=0x3
D/PowerManagerService(  588): acquireWakeLock(4228ebd0): PARTIAL_WAKE_LOCK , tag=SCREEN_FROZEN, flags=0x1, pid=588, uid=1000, mUserState=0x3
I/ActivityManager(  588): Config changed: {1.0 272mcc2mnc en_FR sw360dp w360dp h566dp nrml long port finger -keyb/v/h -nav/h s.34 skin=default fontsize=3 hasNavBar=1}
D/PowerManagerService(  588): releaseWakeLock(4228ebd0): PARTIAL_WAKE_LOCK , tag=SCREEN_FROZEN, flags=0x1
I/ActivityManager(  588): Start proc com.htc.opensense.social for broadcast com.htc.opensense/.pluginmanager.RegisterReceiver: pid=8346 uid=10014 gids={2001, 3003, 1015, 1028, 1006, 5005, 3002, 3001, 5003}
D/CarrierLabel(  811): CarrierLabel mIntentReceiver : android.intent.action.CONFIGURATION_CHANGED
D/CarrierLabel(  811): updateResources()
W/CarrierLabel(  811): updateNetworkNameExt: mSimState = UNKNOWN
D/CarrierLabel(  811): updateNetworkName showSpn=false spn= showPlmn=true plmn=3
I/ActivityManager(  588): Recipient 7938
I/ActivityManager(  588): Process com.htc.android.rosie.widget (pid 7938) has died.
I/ActivityManager(  588): Recipient 8090
I/ActivityManager(  588): Process com.android.vending (pid 8090) has died.
W/ActivityManager(  588): Scheduling restart of crashed service com.android.vending/com.google.android.finsky.billing.iab.InAppBillingService in 5000ms
I/ActivityManager(  588): Recipient 7677
I/ActivityManager(  588): Process nz.barees.android.cachesensedemo (pid 7677) has died.
D/PowerManagerService(  588): releaseWakeLock(4236ab40): CPU_MIN_FREQ , tag=WindowManager-ScreenRotation-Freq, flags=0x100
D/PowerManagerService(  588): releaseWakeLock(42310db0): CPU_MIN_NUM , tag=WindowManager-ScreenRotation-Num, flags=0x400
I/ActivityManager(  588): Start proc com.android.settings for broadcast com.android.settings/.framework.content.plugin.HtcPluginReceiver: pid=8364 uid=1000 gids={1015, 3002, 3001, 3003, 1028, 5006, 3007, 3006, 2001, 1007}
D/webcoreglue( 8301): netstack: Memory Cache feature is ON
D/HostStatisticManager( 8301): netstack: DNS Host Prioritization is: ON, Version: 5.0.1
D/        ( 8301): dl error message Cannot load library: link_image[1891]:   253 could not load needed library 'libcneapiclient.so' for 'libtcpfinaggr.so' (load_library[1093]: Library 'libcneapiclient.so' not found)
D/Socket_Pool( 8301): Failed to create TCP Fin Aggregation interface.
D/Socket_Pool( 8301): netstack: CloseUnusedSockets is ON
D/Socket_Pool( 8301): netstack: system net.statistics value: 0
D/Socket_Pool( 8301): Failed to create TCP Fin Aggregation interface.
D/Socket_Pool( 8301): netstack: CloseUnusedSockets is ON
D/Socket_Pool( 8301): netstack: system net.statistics value: 0
D/        ( 8301): external/chromium/net/http/http_getzip_factory.cc: libgetzip.so successfully loaded
D/        ( 8301): external/chromium/net/http/http_getzip_factory.cc,: GETzip initializing method was found in libgetzip.so
D/        ( 8301): netstack: Getzip is: ON, Version: 5.0.1
D/Socket_Pool( 8301): Failed to create TCP Fin Aggregation interface.
D/Socket_Pool( 8301): netstack: CloseUnusedSockets is ON
D/Socket_Pool( 8301): netstack: system net.statistics value: 0
D/Socket_Pool( 8301): Failed to create TCP Fin Aggregation interface.
D/Socket_Pool( 8301): netstack: CloseUnusedSockets is ON
D/Socket_Pool( 8301): netstack: system net.statistics value: 0
V/InputMethodManagerService(  588): unbindCurrentInputLocked: client = android.os.BinderProxy@41de8de8
I/InputMethodManagerService(  588): Disable input method client.
V/InputMethodManagerService(  588): switching to client: client = android.os.BinderProxy@424759d8
I/InputMethodManagerService(  588): Enable input method client.
D/PowerManagerService(  588): releaseWakeLock(42747a38): PARTIAL_WAKE_LOCK , tag=ActivityManager-Launch, flags=0x1
D/BackupManagerService(  588): Received broadcast Intent { act=android.intent.action.PACKAGE_REMOVED dat=package flg=0x8000010 (has extras) }
I/ActivityManager(  588): Start proc com.facebook.katana:dash for broadcast com.facebook.katana/com.facebook.dash.receivers.DashPackageUninstallReceiver: pid=8387 uid=10028 gids={1006, 1015, 1028, 3003}
D/BackupManagerService(  588): Received broadcast Intent { act=android.intent.action.PACKAGE_ADDED dat=package flg=0x8000010 (has extras) }
V/BackupManagerService(  588): removePackageParticipantsLocked: uid=10138 #1
D/        ( 8301): netstack: Caching Of Redirection is: ON, Version: 5.0.1
D/        ( 8301): netstack: Early Connections is: ON, Version: 5.0.1, Param: 3
V/BackupManagerService(  588): addPackageParticipantsLocked: #1
W/CpuWake (  588): >>nativeReleaseCpuPerfWakeLock()
W/CpuWake (  588): <<nativeReleaseCpuPerfWakeLock()
I/ActivityManager(  588): Recipient 8212
I/ActivityManager(  588): Process com.android.packageinstaller (pid 8212) has died.
I/ActivityManager(  588): Start proc com.android.vending for service com.android.vending/com.google.android.finsky.billing.iab.InAppBillingService: pid=8413 uid=10132 gids={3003, 1015, 1028}
V/AlarmManager(  588): sending alarm PendingIntent{42746de0: PendingIntentRecord{4249f7d0 com.whatsapp broadcastIntent}}, intent=DEVICE_INFO_ALARM_ACTION, type=ELAPSED_REALTIME, count=47, when=169200000, repeateInterval=3600000
I/ActivityManager(  588): Recipient 8269
I/ActivityManager(  588): Process com.instagram.android (pid 8269) has died.
I/PackageManager(  588):  setEnabledSetting(), pkgName=com.android.vending, clsName=com.android.vending.AssetBrowserActivity, state=1, flag=1, pid=8413, uid=10132
I/ActivityManager(  588): Recipient 7963
I/ActivityManager(  588): Process com.htc.htcpowermanager:remote (pid 7963) has died.
I/PackageManager(  588):  setEnabledSetting(), pkgName=com.android.vending, clsName=com.google.android.finsky.activities.DebugActivity, state=2, flag=1, pid=8413, uid=10132
V/LocationManagerService(  588): getAllProviders
I/ActivityManager(  588): Recipient 8320
I/ActivityManager(  588): Process com.android.keychain (pid 8320) has died.
I/ActivityManager(  588): Recipient 8330
I/ActivityManager(  588): Process com.htc.providers.settings:remote (pid 8330) has died.
I/ActivityManager(  588): Recipient 8346
I/ActivityManager(  588): Process com.htc.opensense.social (pid 8346) has died.
I/ActivityManager(  588): Recipient 8364
I/ActivityManager(  588): Process com.android.settings (pid 8364) has died.
I/ActivityManager(  588): Recipient 8243
I/ActivityManager(  588): Process com.android.defcontainer (pid 8243) has died.
I/ActivityManager(  588): Recipient 7177
I/ActivityManager(  588): Process com.facebook.katana (pid 7177) has died.
W/ActivityManager(  588): Scheduling restart of crashed service com.facebook.katana/com.facebook.push.mqtt.service.MqttPushService in 5000ms
I/ActivityManager(  588): Recipient 7510
I/ActivityManager(  588): Process com.facebook.orca (pid 7510) has died.
W/ActivityManager(  588): Scheduling restart of crashed service com.facebook.orca/com.facebook.push.mqtt.service.MqttPushService in 14996ms
V/AlarmManager(  588): sending alarm PendingIntent{4268eaf8: PendingIntentRecord{425c0328 com.viber.voip broadcastIntent}}, intent=com.viber.voip.action.KEEP_ALIVE_RECEIVE, type=RTC_WAKEUP, count=1, when=1427825396242, repeateInterval=0
D/PhoneStatusBar(  811): addNotification score=0
I/ActivityManager(  588): Start proc com.facebook.katana for content provider com.facebook.katana/.provider.orca.FbSharedPreferencesContentProvider: pid=8488 uid=10028 gids={1006, 1015, 1028, 3003}
D/Socket_Alarm( 8413): registerHTCSocketMonitorCallBack
D/Socket_Alarm( 8413): set mSocketMonitor
D/Socket_Alarm( 8413): HTCSocketMonitorImpl::HTCSocketMonitorImpl
I/ActivityManager(  588): Start proc com.google.android.talk for broadcast com.google.android.talk/com.google.android.apps.hangouts.phone.PackageReplacedReceiver: pid=8503 uid=10148 gids={3003, 1015, 1006, 3002, 1028}
I/PackageManager(  588):  setEnabledSetting(), pkgName=com.google.android.talk, clsName=com.google.android.apps.hangouts.phone.ShareIntentSmsOnlyActivity, state=2, flag=1, pid=8503, uid=10148
D/Socket_Alarm( 8503): registerHTCSocketMonitorCallBack
D/Socket_Alarm( 8503): set mSocketMonitor
D/Socket_Alarm( 8503): HTCSocketMonitorImpl::HTCSocketMonitorImpl
I/PackageManager(  588):  setEnabledSetting(), pkgName=com.google.android.talk, clsName=com.google.android.apps.hangouts.sms.SmsReceiver, state=2, flag=1, pid=8503, uid=10148
I/PackageManager(  588):  setEnabledSetting(), pkgName=com.google.android.talk, clsName=com.google.android.apps.hangouts.sms.MmsWapPushReceiver, state=2, flag=1, pid=8503, uid=10148
I/PackageManager(  588):  setEnabledSetting(), pkgName=com.google.android.talk, clsName=com.google.android.apps.hangouts.sms.AbortSmsReceiver, state=2, flag=1, pid=8503, uid=10148
I/PackageManager(  588):  setEnabledSetting(), pkgName=com.google.android.talk, clsName=com.google.android.apps.hangouts.sms.AbortMmsWapPushReceiver, state=2, flag=1, pid=8503, uid=10148
I/PackageManager(  588):  setEnabledSetting(), pkgName=com.google.android.talk, clsName=com.google.android.apps.hangouts.service.NoConfirmationSmsSendService, state=2, flag=1, pid=8503, uid=10148
I/ActivityManager(  588): Start proc com.google.android.apps.plus for broadcast com.google.android.apps.plus/.service.PackagesMediaMonitor: pid=8528 uid=10133 gids={3003, 3002, 1015, 1006, 1028}
V/AlarmManager(  588): sending alarm PendingIntent{424dd478: PendingIntentRecord{42536e10 nz.barees.android.cachesensedemo broadcastIntent}}, intent=null, type=RTC_WAKEUP, count=1, when=1427826000000, repeateInterval=600000
V/AlarmManager(  588): sending alarm PendingIntent{422c63f8: PendingIntentRecord{42482cd0 android broadcastIntent}}, intent=android.intent.action.TIME_TICK, type=RTC, count=1, when=1427825400000, repeateInterval=0
W/CpuWake (  588): >>nativeAcquireCpuPerfWakeLock()
W/CpuWake (  588): <<nativeAcquireCpuPerfWakeLock()
