D/dalvikvm(  275): GC_EXPLICIT freed 43K, 48% free 9011K/17224K, paused 2ms+3ms, total 23ms
D/dalvikvm(  275): GC_EXPLICIT freed <1K, 48% free 9011K/17224K, paused 1ms+2ms, total 18ms
D/dalvikvm(  275): GC_EXPLICIT freed <1K, 48% free 9011K/17224K, paused 1ms+3ms, total 17ms
I/ActivityManager( 1025): Start proc com.facebook.orca for content provider com.facebook.orca/.notify.MessengerLoggedInUserProvider: pid=20599 uid=10147 gids={50147, 3003, 1028, 1015}
I/ActivityManager( 1025): Process com.motorola.MotGallery2 (pid 20560) has died.
D/ACRA    (20599): ACRA is enabled for com.facebook.orca, intializing...
I/ActivityManager( 1025): Start proc com.evernote for broadcast com.evernote/.util.WidgetTracker: pid=20617 uid=10134 gids={50134, 3003, 1028, 1015}
D/dalvikvm( 1288): GC_CONCURRENT freed 2004K, 39% free 10671K/17224K, paused 3ms+4ms, total 77ms
I/UpdateIcingCorporaServi(20583): Updating corpora: APPS=co.giftmeapp.gift_me, CONTACTS=MAYBE
W/GAV2    (20514): Thread[main,5,main]: dispatch call queued.  Need to call GAServiceManager.getInstance().initialize().
I/ActivityManager( 1025): Start proc com.viber.voip for service com.viber.voip/com.viber.service.VoipConnectorService: pid=20631 uid=10108 gids={50108, 3003, 1028, 1015, 3002, 3001}
D/ACRA    (20599): Looking for error files in /data/user/0/com.facebook.orca/app_acra-reports
D/ACRA    (20599): Looking for error files in /data/user/0/com.facebook.orca/app_minidumps
D/dalvikvm(20599): Trying to load lib /data/app-lib/com.facebook.orca-2/libgnustl_shared.so 0x41fab898
D/dalvikvm(20599): Added shared lib /data/app-lib/com.facebook.orca-2/libgnustl_shared.so 0x41fab898
D/dalvikvm(20599): No JNI_OnLoad found in /data/app-lib/com.facebook.orca-2/libgnustl_shared.so 0x41fab898, skipping init
D/dalvikvm(20599): Trying to load lib /data/app-lib/com.facebook.orca-2/libfb_breakpad_client.so 0x41fab898
D/dalvikvm(20599): Added shared lib /data/app-lib/com.facebook.orca-2/libfb_breakpad_client.so 0x41fab898
D/dalvikvm(20599): Trying to load lib /data/app-lib/com.facebook.orca-2/libfb_dalvik-internals.so 0x41fab898
D/dalvikvm(20599): Added shared lib /data/app-lib/com.facebook.orca-2/libfb_dalvik-internals.so 0x41fab898
V/DexLibLoader(20599): about to lock: /data/user/0/com.facebook.orca/mdex_lock
V/DexLibLoader(20599): locking /data/user/0/com.facebook.orca/mdex_lock took 1 ms
V/DexLibLoader(20599): Secondary program dex metadata: secondary-1.dex.jar 790183d1fb728678b0d8546ed8e9eaef90404089 secondary.dex01.Canary
V/DexLibLoader(20599): Secondary program dex metadata: secondary-2.dex.jar 03b795797c6ded9e8b3df575980b7d37d9ca8dad secondary.dex02.Canary
V/DexLibLoader(20599): Secondary program dex metadata: secondary-3.dex.jar 5ccf73e2daa6156653af1c6485ad6053f38846b9 secondary.dex03.Canary
I/ActivityManager( 1025): Process com.google.android.apps.docs (pid 20514) has died.
V/DexLibLoader(20599): directory "/data/user/0/com.facebook.orca/app_secondary_program_dex" contains "program-790183d1fb728678b0d8546ed8e9eaef904040896661a1c7.dex.jar" as expected
V/DexLibLoader(20599): directory "/data/user/0/com.facebook.orca/app_secondary_program_dex" contains "program-03b795797c6ded9e8b3df575980b7d37d9ca8dad6661a1c7.dex.jar" as expected
V/DexLibLoader(20599): directory "/data/user/0/com.facebook.orca/app_secondary_program_dex" contains "program-5ccf73e2daa6156653af1c6485ad6053f38846b96661a1c7.dex.jar" as expected
D/DexLibLoader(20599): ignoring file "program-790183d1fb728678b0d8546ed8e9eaef904040896661a1c7.dex.odex" in "/data/user/0/com.facebook.orca/app_secondary_program_dex"
D/DexLibLoader(20599): ignoring file "program-03b795797c6ded9e8b3df575980b7d37d9ca8dad6661a1c7.dex.odex" in "/data/user/0/com.facebook.orca/app_secondary_program_dex"
D/DexLibLoader(20599): ignoring file "program-5ccf73e2daa6156653af1c6485ad6053f38846b96661a1c7.dex.odex" in "/data/user/0/com.facebook.orca/app_secondary_program_dex"
D/DexLibLoader(20599): directory "/data/user/0/com.facebook.orca/app_secondary_program_dex" is valid
D/DexLibLoader(20599): ignoring file "primary_deps" in "/data/user/0/com.facebook.orca/app_secondary_program_dex_opt"
V/DexLibLoader(20599): directory "/data/user/0/com.facebook.orca/app_secondary_program_dex_opt" contains "program-790183d1fb728678b0d8546ed8e9eaef904040896661a1c7.dex.dex" as expected
V/DexLibLoader(20599): directory "/data/user/0/com.facebook.orca/app_secondary_program_dex_opt" contains "program-03b795797c6ded9e8b3df575980b7d37d9ca8dad6661a1c7.dex.dex" as expected
V/DexLibLoader(20599): directory "/data/user/0/com.facebook.orca/app_secondary_program_dex_opt" contains "program-5ccf73e2daa6156653af1c6485ad6053f38846b96661a1c7.dex.dex" as expected
D/DexLibLoader(20599): directory "/data/user/0/com.facebook.orca/app_secondary_program_dex_opt" is valid
I/ActivityManager( 1025): Start proc com.google.android.partnersetup for content provider com.google.android.partnersetup/.RlzAppProvider: pid=20645 uid=10025 gids={50025, 3003}
D/DexLibLoader(20599): loading pre-built cross-dex opt odex files
V/dalvik-internals(20599): hooked dvmResolveClass using jump ()
V/dalvik-internals(20599): hooked dvmFlushBreakpoints using jump ()
I/MultiDex(20617): VM with version 1.6.0 does not have multidex support
I/MultiDex(20617): install
I/MultiDex(20617): MultiDexExtractor.load(/data/app/com.evernote-1.apk, false)
V/MultiDexClassLoader(20599): installing MultiDexClassLoader before application classloader
I/dalvikvm(20599): Could not find method dalvik.system.DexFile.loadClassBinaryName, referenced from method com.facebook.common.l.g.a
W/dalvikvm(20599): VFY: unable to resolve virtual method 1453: Ldalvik/system/DexFile;.loadClassBinaryName (Ljava/lang/String;Ljava/lang/ClassLoader;)Ljava/lang/Class;
D/dalvikvm(20599): VFY: replacing opcode 0x6e at 0x0000
I/MultiDex(20617): loading existing secondary dex files
I/MultiDex(20617): load found 0 secondary dex files
I/MultiDex(20617): install done
I/dalvikvm(20583): Could not find method android.content.pm.PackageManager.getPackageInstaller, referenced from method com.google.android.gms.common.e.p
W/dalvikvm(20583): VFY: unable to resolve virtual method 901: Landroid/content/pm/PackageManager;.getPackageInstaller ()Landroid/content/pm/PackageInstaller;
D/dalvikvm(20583): VFY: replacing opcode 0x6e at 0x000b
D/WifiStateMachine( 1025): handleMessage: E msg.what=151572
D/WifiStateMachine( 1025): processMsg: ConnectedState
D/WifiStateMachine( 1025): processMsg: L2ConnectedState
D/DexLibLoader(20599): released odex store lock
D/DexLibLoader(20599): DexLibLoader.loadAll took 245 ms
D/WifiStateMachine( 1025): handleMessage: X
D/WifiStateMachine( 1025): handleMessage: E msg.what=131155
D/WifiStateMachine( 1025): processMsg: ConnectedState
D/WifiStateMachine( 1025): processMsg: L2ConnectedState
D/WifiStateMachine( 1025): handleMessage: X
D/Logger  (20631): creating log dir /storage/emulated/0/viber/.logs/trace/
D/Logger  (20631): oldFilesNames :[]
D/Logger  (20631): main_4.clg deleted=false
D/Logger  (20631): main_3.clg renamedTo=false main_4.clg
D/Logger  (20631): main_2.clg renamedTo=false main_3.clg
D/Logger  (20631): main_1.clg renamedTo=false main_2.clg
D/Logger  (20631): main.clg renamedTo=false main_1.clg
W/bp      (20599): Verify
I/dalvikvm(20631): Could not find method android.os.PowerManager.isInteractive, referenced from method com.viber.voip.util.hf.b
W/dalvikvm(20631): VFY: unable to resolve virtual method 1673: Landroid/os/PowerManager;.isInteractive ()Z
D/dalvikvm(20631): VFY: replacing opcode 0x6e at 0x003c
D/EN      (20617): MemoryMapAppender.ctor()
D/EN      (20617): MemoryMapAppender.ctor-end()
D/EN      (20617): [EvernoteProvider] - Provider+++++onCreate()
D/EN      (20617): [d] - AccountManager()::userIds=102703026
D/EN      (20617): [b] - creating new AccountInfo()::userId102703026
I/ActivityManager( 1025): Process com.google.android.partnersetup (pid 20645) has died.
D/dalvikvm(20631): DexOpt: couldn't find field Landroid/app/Notification;.category
W/dalvikvm(20631): VFY: unable to resolve instance field 19
D/dalvikvm(20631): VFY: replacing opcode 0x5b at 0x001e
D/dalvikvm(20631): DexOpt: couldn't find field Landroid/app/Notification;.category
W/dalvikvm(20631): VFY: unable to resolve instance field 19
D/dalvikvm(20631): VFY: replacing opcode 0x5b at 0x0193
D/dalvikvm(20631): Trying to load lib /data/app-lib/com.viber.voip-2/libCrossUnblocker.so 0x41faa348
D/dalvikvm(20631): Added shared lib /data/app-lib/com.viber.voip-2/libCrossUnblocker.so 0x41faa348
D/EN      (20617): [d] - AccountManager()::adding account::102703026::timcallagy
D/EN      (20617): [d] - AccountManager()::count=1
D/EN      (20617): [d] - initialized:
D/EN      (20617): [a] - getInstance()::
D/EN      (20617): [al] - Register SD Card Receiver ++++++++++++++++++++
D/EN      (20617): [al] - checkForRecentUnmount() end
D/EN      (20617): [a] - locale is set=en_GB
D/EN      (20617): [a] - isDBONSDcard()=true
I/EN      (20617): [al] - getSDCardStatus()::mounted::noStorageText=null
D/EN      (20617): [a] - isDBFileChanged()::lastFilePath in pref=/data/data/com.evernote/files/user-102703026/.external-1428259012787-Evernote.db
E/EN      (20617): [a] - isDBFileChanged()::+++++++++lastFilePath exists/data/data/com.evernote/files/user-102703026/.external-1428259012787-Evernote.db
D/EN      (20617): [a] - getInstance()::DBFile NOT Changed
D/EN      (20617): [a] - isDBONSDcard()=true
D/EN      (20617): [a] - moveToSDcard()::start::Evernote.DB_ON_SDCARD=true
D/EN      (20617): [a] - isDBONSDcard()=true
E/EN      (20617): [a] - isLastDBFileOnSDCard()::+++++++++++lastFilePath exists/data/data/com.evernote/files/user-102703026/.external-1428259012787-Evernote.db
D/EN      (20617): [a] - isDBONSDcard()=true
D/EN      (20617): [a] - getDBfilePath()::++++++++++++++++lastFilePath from preferences/data/data/com.evernote/files/user-102703026/.external-1428259012787-Evernote.db
E/EN      (20617): [a] - getDBfilePath()::++++++++++++++++lastFilePath exists/data/data/com.evernote/files/user-102703026/.external-1428259012787-Evernote.db
D/EN      (20617): [EvernoteProvider] - cleanupOldThumbnailsIfNeeded()
I/ReleaseProperties(20617): Current app is: evernote
I/ReleaseProperties(20617): propFile: release is now loaded
I/ReleaseProperties(20617): propFile: play is now loaded
I/ReleaseProperties(20617): propFile: base is now loaded
I/ReleaseProperties(20617): propFile: override is now loaded
D/MarketUtils(20617): isPackageInstalled() - com.android.vending is installed
D/MarketUtils(20617): isPackageInstalled() - com.android.vending is installed
D/MarketUtils(20617): isPackageInstalled() - com.android.vending is installed
D/ReleaseProperties(20617): getReferralPersistencePath():: old=false:: path=/storage/emulated/0/.enref
D/MarketUtils(20617): isPackageInstalled() - com.android.vending is installed
I/ReleaseProperties(20617): ReleaseProperties: 
I/ReleaseProperties(20617):   bundleName=google-play
I/ReleaseProperties(20617):   revision=AM_702_524
I/ReleaseProperties(20617):   type=public
I/ReleaseProperties(20617):   gitHash=313f54a11431af98d659728265b72cfcf9ec527e
I/ReleaseProperties(20617):   baseSearchUri=market://search?q=
D/MarketUtils(20617): isPackageInstalled() - com.android.vending is installed
D/MarketUtils(20617): isPackageInstalled() - com.android.vending is installed
D/EN      (20617): [a] - isDBONSDcard()=true
D/EN      (20617): [Evernote] - VERSION_CODE: 1070243
I/ReleaseProperties(20617): From file referralCode=android
D/MarketUtils(20617): isPackageInstalled() - com.android.vending is installed
D/CordovaLog(20209): file:///android_asset/www/js/ratchet.min.js: Line 10 : Uncaught SyntaxError: Failed to execute 'querySelector' on 'Document': '#give-gift/10205162835322984/148/' is not a valid selector.
I/chromium(20209): [INFO:CONSOLE(10)] "Uncaught SyntaxError: Failed to execute 'querySelector' on 'Document': '#give-gift/10205162835322984/148/' is not a valid selector.", source: file:///android_asset/www/js/ratchet.min.js (10)
D/MarketUtils(20617): isPackageInstalled() - com.android.vending is installed
I/dalvikvm(20617): Could not find method android.content.pm.PackageManager.getActivityBanner, referenced from method com.evernote.d.b.getActivityBanner
W/dalvikvm(20617): VFY: unable to resolve virtual method 793: Landroid/content/pm/PackageManager;.getActivityBanner (Landroid/content/ComponentName;)Landroid/graphics/drawable/Drawable;
D/dalvikvm(20617): VFY: replacing opcode 0x6e at 0x0002
I/dalvikvm(20617): Could not find method android.content.pm.PackageManager.getActivityBanner, referenced from method com.evernote.d.b.getActivityBanner
W/dalvikvm(20617): VFY: unable to resolve virtual method 794: Landroid/content/pm/PackageManager;.getActivityBanner (Landroid/content/Intent;)Landroid/graphics/drawable/Drawable;
D/dalvikvm(20617): VFY: replacing opcode 0x6e at 0x0002
I/dalvikvm(20617): Could not find method android.content.pm.PackageManager.getApplicationBanner, referenced from method com.evernote.d.b.getApplicationBanner
W/dalvikvm(20617): VFY: unable to resolve virtual method 801: Landroid/content/pm/PackageManager;.getApplicationBanner (Landroid/content/pm/ApplicationInfo;)Landroid/graphics/drawable/Drawable;
D/dalvikvm(20617): VFY: replacing opcode 0x6e at 0x0002
I/dalvikvm(20617): Could not find method android.content.pm.PackageManager.getApplicationBanner, referenced from method com.evernote.d.b.getApplicationBanner
W/dalvikvm(20617): VFY: unable to resolve virtual method 802: Landroid/content/pm/PackageManager;.getApplicationBanner (Ljava/lang/String;)Landroid/graphics/drawable/Drawable;
D/dalvikvm(20617): VFY: replacing opcode 0x6e at 0x0002
I/dalvikvm(20617): Could not find method android.content.pm.PackageManager.getLeanbackLaunchIntentForPackage, referenced from method com.evernote.d.b.getLeanbackLaunchIntentForPackage
W/dalvikvm(20617): VFY: unable to resolve virtual method 818: Landroid/content/pm/PackageManager;.getLeanbackLaunchIntentForPackage (Ljava/lang/String;)Landroid/content/Intent;
D/dalvikvm(20617): VFY: replacing opcode 0x6e at 0x0002
I/dalvikvm(20617): Could not find method android.content.pm.PackageManager.getPackageInstaller, referenced from method com.evernote.d.b.getPackageInstaller
W/dalvikvm(20617): VFY: unable to resolve virtual method 823: Landroid/content/pm/PackageManager;.getPackageInstaller ()Landroid/content/pm/PackageInstaller;
D/dalvikvm(20617): VFY: replacing opcode 0x6e at 0x0002
I/dalvikvm(20617): Could not find method android.content.pm.PackageManager.getUserBadgedDrawableForDensity, referenced from method com.evernote.d.b.getUserBadgedDrawableForDensity
W/dalvikvm(20617): VFY: unable to resolve virtual method 839: Landroid/content/pm/PackageManager;.getUserBadgedDrawableForDensity (Landroid/graphics/drawable/Drawable;Landroid/os/UserHandle;Landroid/graphics/Rect;I)Landroid/graphics/drawable/Drawable;
D/dalvikvm(20617): VFY: replacing opcode 0x6e at 0x0002
I/dalvikvm(20617): Could not find method android.content.pm.PackageManager.getUserBadgedIcon, referenced from method com.evernote.d.b.getUserBadgedIcon
W/dalvikvm(20617): VFY: unable to resolve virtual method 840: Landroid/content/pm/PackageManager;.getUserBadgedIcon (Landroid/graphics/drawable/Drawable;Landroid/os/UserHandle;)Landroid/graphics/drawable/Drawable;
D/dalvikvm(20617): VFY: replacing opcode 0x6e at 0x0002
I/dalvikvm(20617): Could not find method android.content.pm.PackageManager.getUserBadgedLabel, referenced from method com.evernote.d.b.getUserBadgedLabel
W/dalvikvm(20617): VFY: unable to resolve virtual method 841: Landroid/content/pm/PackageManager;.getUserBadgedLabel (Ljava/lang/CharSequence;Landroid/os/UserHandle;)Ljava/lang/CharSequence;
D/dalvikvm(20617): VFY: replacing opcode 0x6e at 0x0002
I/Crashlytics(20617): Initializing Crashlytics 1.1.8.10
D/WifiStateMachine( 1025): handleMessage: E msg.what=151572
D/WifiStateMachine( 1025): processMsg: ConnectedState
D/WifiStateMachine( 1025): processMsg: L2ConnectedState
D/WifiStateMachine( 1025): handleMessage: X
I/ApplicationLogger(20583): canRun() : Opted Out
I/UpdateIcingCorporaServi(20583): UpdateCorporaTask done [took 1026 ms] updated apps [took 1026 ms] 
I/Crashlytics(20631): Initializing Crashlytics 1.1.11.10
I/ActivityManager( 1025): Process com.google.android.googlequicksearchbox:search (pid 20583) has died.
I/SFPerfTracer(  274):      triggers: (rate: 1160:454166) (365127 sw vsyncs) (1074073 skipped) (18:3452413 vsyncs) (20:4339409)
I/ActivityManager( 1025): Process com.google.android.gms.wearable (pid 16986) has died.
W/ActivityManager( 1025): Scheduling restart of crashed service com.google.android.gms/.wearable.service.WearableService in 1000ms
E/dalvikvm(20599): Could not find class 'org.apache.harmony.xnet.provider.jsse.OpenSSLSocketImpl', referenced from method com.facebook.ssl.openssl.a.b.<clinit>
W/dalvikvm(20599): VFY: unable to resolve const-class 10658 (Lorg/apache/harmony/xnet/provider/jsse/OpenSSLSocketImpl;) in Lcom/facebook/ssl/openssl/a/b;
D/dalvikvm(20599): VFY: replacing opcode 0x1c at 0x000d
E/dalvikvm(20599): Could not find class 'org.apache.harmony.xnet.provider.jsse.OpenSSLSocketFactoryImpl', referenced from method com.facebook.ssl.openssl.b.b.<clinit>
W/dalvikvm(20599): VFY: unable to resolve const-class 10657 (Lorg/apache/harmony/xnet/provider/jsse/OpenSSLSocketFactoryImpl;) in Lcom/facebook/ssl/openssl/b/b;
D/dalvikvm(20599): VFY: replacing opcode 0x1c at 0x000d
E/dalvikvm(20599): Could not find class 'org.apache.harmony.xnet.provider.jsse.SSLParametersImpl', referenced from method com.facebook.ssl.openssl.b.b.a
W/dalvikvm(20599): VFY: unable to resolve check-cast 10660 (Lorg/apache/harmony/xnet/provider/jsse/SSLParametersImpl;) in Lcom/facebook/ssl/openssl/b/b;
D/dalvikvm(20599): VFY: replacing opcode 0x1f at 0x0006
E/dalvikvm(20599): Could not find class 'org.apache.harmony.xnet.provider.jsse.SSLParametersImpl', referenced from method com.facebook.ssl.openssl.b.c.<clinit>
W/dalvikvm(20599): VFY: unable to resolve const-class 10660 (Lorg/apache/harmony/xnet/provider/jsse/SSLParametersImpl;) in Lcom/facebook/ssl/openssl/b/c;
D/dalvikvm(20599): VFY: replacing opcode 0x1c at 0x000d
W/dalvikvm(20599): VFY: unable to find class referenced in signature (Lorg/apache/harmony/xnet/provider/jsse/SSLParametersImpl;)
E/dalvikvm(20599): Could not find class 'org.apache.harmony.xnet.provider.jsse.ClientSessionContext', referenced from method com.facebook.ssl.openssl.b.c.a
W/dalvikvm(20599): VFY: unable to resolve check-cast 10656 (Lorg/apache/harmony/xnet/provider/jsse/ClientSessionContext;) in Lcom/facebook/ssl/openssl/b/c;
D/dalvikvm(20599): VFY: replacing opcode 0x1f at 0x0006
W/dalvikvm(20599): VFY: unable to find class referenced in signature (Lorg/apache/harmony/xnet/provider/jsse/SSLParametersImpl;)
W/dalvikvm(20599): Unable to resolve superclass of Lcom/facebook/ssl/openssl/TicketEnabledOpenSSLSocketImplWrapper; (10659)
W/dalvikvm(20599): Link of class 'Lcom/facebook/ssl/openssl/TicketEnabledOpenSSLSocketImplWrapper;' failed
E/dalvikvm(20599): Could not find class 'com.facebook.ssl.openssl.TicketEnabledOpenSSLSocketImplWrapper', referenced from method com.facebook.ssl.openssl.b.a
W/dalvikvm(20599): VFY: unable to resolve new-instance 7258 (Lcom/facebook/ssl/openssl/TicketEnabledOpenSSLSocketImplWrapper;) in Lcom/facebook/ssl/openssl/b;
D/dalvikvm(20599): VFY: replacing opcode 0x22 at 0x0000
W/dalvikvm(20599): Unable to resolve superclass of Lcom/facebook/ssl/openssl/TicketEnabledOpenSSLSocketImplWrapper; (10659)
W/dalvikvm(20599): Link of class 'Lcom/facebook/ssl/openssl/TicketEnabledOpenSSLSocketImplWrapper;' failed
D/dalvikvm(20599): DexOpt: unable to opt direct call 0x9f40 at 0x08 in Lcom/facebook/ssl/openssl/b;.a
W/msgr(:<default>):a(20599): Attempt to start service that is already started
D/dalvikvm(20599): Trying to load lib /data/app-lib/com.facebook.orca-2/libfbjni.so 0x41fab898
D/dalvikvm(20599): Added shared lib /data/app-lib/com.facebook.orca-2/libfbjni.so 0x41fab898
D/dalvikvm(20599): Trying to load lib /data/app-lib/com.facebook.orca-2/libheartbleed.so 0x41fab898
D/dalvikvm(20599): Added shared lib /data/app-lib/com.facebook.orca-2/libheartbleed.so 0x41fab898
I/ActivityManager( 1025): Process com.facebook.orca (pid 20599) has died.
W/ActivityManager( 1025): Scheduling restart of crashed service com.facebook.orca/com.facebook.push.mqtt.service.MqttPushService in 4096000ms
I/Icing   (18790): Indexing D11140B64A23ADCF9607D6E17FA4854A5443BF22 from com.google.android.googlequicksearchbox
I/ActivityManager( 1025): Start proc com.google.android.googlequicksearchbox:search for content provider com.google.android.googlequicksearchbox/com.google.android.search.core.icingsync.InternalIcingCorporaProvider: pid=20736 uid=10045 gids={50045, 3003, 3001, 1028, 3002, 1015}
D/WifiStateMachine( 1025): handleMessage: E msg.what=151572
D/WifiStateMachine( 1025): processMsg: ConnectedState
D/WifiStateMachine( 1025): processMsg: L2ConnectedState
D/WifiStateMachine( 1025): handleMessage: X
D/MarketUtils(20617): isPackageInstalled() - com.android.vending is installed
D/HockeyApp(20617): Looking for exceptions in: /data/data/com.evernote/files
D/HockeyApp(20617): Current handler class = com.evernote.k
D/EN      (20617): [ee] - registered crash manager
D/EN      (20617): [c] - onApplicationStart()
D/EN      (20617): [c] - onApplicationStart() -- loader thread
D/EN      (20617): [c] - pushUserIDToDataLayer(), pushing user-id ending in 6
D/MarketUtils(20617): isPackageInstalled() - com.android.vending is installed
D/MarketUtils(20617): isPackageInstalled() - com.android.vending is installed
I/ActivityManager( 1025): Start proc com.evernote.widget for broadcast com.evernote.widget/.WidgetStateReceiver: pid=20762 uid=10135 gids={50135, 3003, 1028, 1015}
D/EN      (20617): [c] - 	loading saved values from internal storage
D/dalvikvm( 1025): GC_EXPLICIT freed 690K, 37% free 31860K/50444K, paused 7ms+21ms, total 182ms
I/ReleaseProperties(20762): Current app is: evernoteWidget
I/ReleaseProperties(20762): propFile: release is now loaded
I/ReleaseProperties(20762): propFile: play is now loaded
I/ReleaseProperties(20762): propFile: base is now loaded
I/ReleaseProperties(20762): propFile: override is now loaded
I/ReleaseProperties(20762): ReleaseProperties: 
I/ReleaseProperties(20762):   bundleName=none
I/ReleaseProperties(20762):   revision=unknown
I/ReleaseProperties(20762):   type=development
I/ReleaseProperties(20762):   gitHash=?
I/ReleaseProperties(20762):   baseSearchUri=market://search?q=
D/ReleaseProperties(20762): getReferralPersistencePath():: old=false:: path=/storage/emulated/0/.enref
I/ReleaseProperties(20762): From file referralCode=android
I/ActivityManager( 1025): Start proc com.google.android.gms.wearable for service com.google.android.gms/.wearable.service.WearableService: pid=20779 uid=10022 gids={50022, 3003, 1007, 1028, 1015, 3002, 3001, 3007, 2001, 3006}
E/NetworkScheduler.SchedulerReceiver(20136): Invalid parameter app
E/NetworkScheduler.SchedulerReceiver(20136): Invalid package name : Perhaps you didn't include a PendingIntent in the extras?
I/dalvikvm(20736): Could not find method android.content.pm.PackageManager.getPackageInstaller, referenced from method com.google.android.gms.common.e.p
W/dalvikvm(20736): VFY: unable to resolve virtual method 901: Landroid/content/pm/PackageManager;.getPackageInstaller ()Landroid/content/pm/PackageInstaller;
D/dalvikvm(20736): VFY: replacing opcode 0x6e at 0x000b
D/PackageBroadcastService(18790): Received broadcast action=android.intent.action.PACKAGE_REPLACED and uri=co.giftmeapp.gift_me
I/ActivityManager( 1025): Start proc com.google.android.apps.magazines for broadcast com.google.android.apps.magazines/com.google.apps.dots.android.app.receiver.FirstInstallNotificationReceiver: pid=20792 uid=10077 gids={50077, 3003, 1028, 1015}
D/Icing   (18790): Loaded CLD2 Version V2.0 - 20141016
W/dalvikvm(20779): VFY: unable to resolve static field 658 (PR_SET_DUMPABLE) in Landroid/system/OsConstants;
D/dalvikvm(20779): VFY: replacing opcode 0x60 at 0x000b
I/MultiDex(20779): VM with version 1.6.0 does not have multidex support
I/MultiDex(20779): install
I/MultiDex(20779): MultiDexExtractor.load(/data/app/com.google.android.gms-1.apk, false)
I/ActivityManager( 1025): Process com.evernote (pid 20617) has died.
D/CordovaLog(20209): file:///android_asset/www/js/GiveGiftView.js: Line 17 : GIFTME - buy now clicked
I/chromium(20209): [INFO:CONSOLE(17)] "GIFTME - buy now clicked", source: file:///android_asset/www/js/GiveGiftView.js (17)
D/CordovaLog(20209): file:///android_asset/www/js/GiveGiftView.js: Line 21 : Uncaught TypeError: Object #<Object> has no method 'createPayment'
I/chromium(20209): [INFO:CONSOLE(21)] "Uncaught TypeError: Object #<Object> has no method 'createPayment'", source: file:///android_asset/www/js/GiveGiftView.js (21)
I/ActivityManager( 1025): Process com.evernote.widget (pid 20762) has died.
I/MultiDex(20779): loading existing secondary dex files
I/MultiDex(20779): load found 3 secondary dex files
I/MultiDex(20779): install done
I/ProviderInstaller(20779): Insert disabled by gate 'gms:security:enable_conscrypt_in_gms_application'
I/dalvikvm(20779): Could not find method android.os.UserManager.getUserProfiles, referenced from method com.google.android.gms.wearable.service.aa.a
W/dalvikvm(20779): VFY: unable to resolve virtual method 1178: Landroid/os/UserManager;.getUserProfiles ()Ljava/util/List;
D/dalvikvm(20779): VFY: replacing opcode 0x6e at 0x0045
I/dalvikvm(20792): Could not find method android.accounts.AccountManager.getPreviousName, referenced from method com.google.apps.dots.android.newsstand.auth.AccountManagerDelegate.getPreviousName
W/dalvikvm(20792): VFY: unable to resolve virtual method 7: Landroid/accounts/AccountManager;.getPreviousName (Landroid/accounts/Account;)Ljava/lang/String;
D/dalvikvm(20792): VFY: replacing opcode 0x6e at 0x0002
E/cutils  (  261): Failed to mkdirat(/storage/sdcard1/Android): Read-only file system
W/Vold    (  261): Returning OperationFailed - no handler for errno 30
W/ContextImpl(20792): Failed to ensure directory: /storage/sdcard1/Android/data/com.google.android.apps.magazines/cache
E/cutils  (  261): Failed to mkdirat(/storage/sdcard1/Android): Read-only file system
W/Vold    (  261): Returning OperationFailed - no handler for errno 30
W/ContextImpl(20792): Failed to ensure directory: /storage/sdcard1/Android/data/com.google.android.apps.magazines/files
I/Icing   (18790): Indexing done D11140B64A23ADCF9607D6E17FA4854A5443BF22
E/cutils  (  261): Failed to mkdirat(/storage/sdcard1/Android): Read-only file system
W/Vold    (  261): Returning OperationFailed - no handler for errno 30
W/ContextImpl(20792): Failed to ensure directory: /storage/sdcard1/Android/data/com.google.android.apps.magazines/cache
E/cutils  (  261): Failed to mkdirat(/storage/sdcard1/Android): Read-only file system
W/Vold    (  261): Returning OperationFailed - no handler for errno 30
W/ContextImpl(20792): Failed to ensure directory: /storage/sdcard1/Android/data/com.google.android.apps.magazines/files
I/ActivityManager( 1025): Process com.google.android.googlequicksearchbox:search (pid 20736) has died.
V/WebViewChromiumFactoryProvider(20792): Binding Chromium to main looper Looper (main, tid 1) {41fa8f68}
I/LibraryLoader(20792): Expected native library version number "",actual native library version number ""
I/chromium(20792): [INFO:library_loader_hooks.cc(116)] Chromium logging enabled: level = 0, default verbosity = 0
I/BrowserStartupController(20792): Initializing chromium process, renderers=0
E/AudioManagerAndroid(20792): BLUETOOTH permission is missing!
I/Adreno-EGL(20792): <qeglDrvAPI_eglInitialize:410>: EGL 1.4 QUALCOMM build: AU_LINUX_ANDROID_LNX.LA.3.5.1_RB1.04.04.02.048.018_msm8226_LNX.LA.3.5.1_RB1__release_AU ()
I/Adreno-EGL(20792): OpenGL ES Shader Compiler Version: E031.24.00.08
I/Adreno-EGL(20792): Build Date: 03/07/14 Fri
I/Adreno-EGL(20792): Local Branch: 
I/Adreno-EGL(20792): Remote Branch: quic/LNX.LA.3.5.1_RB1.1
I/Adreno-EGL(20792): Local Patches: NONE
I/Adreno-EGL(20792): Reconstruct Branch: AU_LINUX_ANDROID_LNX.LA.3.5.1_RB1.04.04.02.048.018 + f2fd134 +  NOTHING
I/NSApplication(20792): Starting up...
D/WifiService( 1025): Client connection lost with reason: 4
I/ActivityManager( 1025): Start proc com.google.android.apps.cloudprint for broadcast com.google.android.apps.cloudprint/.printdialog.receivers.UpgradeBroadcastReceiver: pid=20865 uid=10058 gids={50058, 3003, 1028}
I/ActivityManager( 1025): Process com.facebook.katana (pid 20095) has died.
W/ActivityManager( 1025): Scheduling restart of crashed service com.facebook.katana/com.facebook.push.mqtt.service.MqttPushService in 16000ms
D/AudioManagerAndroid(20792): ==> onReceive: s=0, m=1, n=h2w, sb=true
D/AudioManagerAndroid(20792): reportUpdate: state=0, devices=[Speakerphone, Headset earpiece]
D/WifiStateMachine( 1025): handleMessage: E msg.what=151572
D/WifiStateMachine( 1025): processMsg: ConnectedState
D/WifiStateMachine( 1025): processMsg: L2ConnectedState
D/WifiStateMachine( 1025): handleMessage: X
D/WifiStateMachine( 1025): handleMessage: E msg.what=131155
D/WifiStateMachine( 1025): processMsg: ConnectedState
D/WifiStateMachine( 1025): processMsg: L2ConnectedState
D/WifiStateMachine( 1025): handleMessage: X
I/ActivityManager( 1025): Start proc com.motorola.context for broadcast com.motorola.context/.engine.mediator.MediatorReceiver: pid=20881 uid=10011 gids={50011, 3001, 3002, 3003}
I/ActivityManager( 1025): Start proc com.motorola.MotGallery2 for broadcast com.motorola.MotGallery2/com.motorola.blur.service.blur.StartupReceiver: pid=20896 uid=10034 gids={50034, 3003, 1028, 1015}
D/dalvikvm(  275): GC_EXPLICIT freed 43K, 48% free 9011K/17224K, paused 1ms+3ms, total 27ms
D/dalvikvm(  275): GC_EXPLICIT freed <1K, 48% free 9011K/17224K, paused 2ms+3ms, total 19ms
D/dalvikvm(  275): GC_EXPLICIT freed <1K, 48% free 9011K/17224K, paused 1ms+3ms, total 18ms
I/CCEUtils(20896): device type: OLDMOTO
I/ActivityManager( 1025): Start proc com.google.android.googlequicksearchbox:search for broadcast com.google.android.googlequicksearchbox/.GelStubAppWatcher: pid=20911 uid=10045 gids={50045, 3003, 3001, 1028, 3002, 1015}
F/ProcessStats( 1025): Starting service ServiceState{42c48c08 com.whatsapp.messaging.MessageService pkg=com.whatsapp proc=42c48c08} without owner
F/ProcessStats( 1025): Starting service ServiceState{43399718 com.paypal.android.p2pmobile.services.AtoService pkg=com.paypal.android.p2pmobile proc=43399718} without owner
F/ProcessStats( 1025): Starting service ServiceState{43231e48 com.paypal.android.p2pmobile.services.WalletService pkg=com.paypal.android.p2pmobile proc=43231e48} without owner
F/ProcessStats( 1025): Starting service ServiceState{42a4cec0 com.facebook.push.mqtt.service.MqttPushService pkg=com.facebook.katana proc=42a4cec0} without owner
F/ProcessStats( 1025): Starting service ServiceState{428fdff0 com.facebook.push.mqtt.service.MqttPushService pkg=com.facebook.orca proc=428fdff0} without owner
I/ActivityManager( 1025): Start proc uk.co.economist for broadcast uk.co.economist/com.urbanairship.push.GCMPushReceiver: pid=20923 uid=10130 gids={50130, 3003, 1028, 1015}
F/ProcessStats( 1025): Starting service ServiceState{42c48c08 com.whatsapp.messaging.MessageService pkg=com.whatsapp proc=42c48c08} without owner
F/ProcessStats( 1025): Starting service ServiceState{43399718 com.paypal.android.p2pmobile.services.AtoService pkg=com.paypal.android.p2pmobile proc=43399718} without owner
F/ProcessStats( 1025): Starting service ServiceState{43231e48 com.paypal.android.p2pmobile.services.WalletService pkg=com.paypal.android.p2pmobile proc=43231e48} without owner
F/ProcessStats( 1025): Starting service ServiceState{42a4cec0 com.facebook.push.mqtt.service.MqttPushService pkg=com.facebook.katana proc=42a4cec0} without owner
F/ProcessStats( 1025): Starting service ServiceState{428fdff0 com.facebook.push.mqtt.service.MqttPushService pkg=com.facebook.orca proc=428fdff0} without owner
I/Economist(20923): User is not logged in
I/com.newrelic.agent.android(20923): Loaded configuration: HarvestConfiguration{collect_network_errors=true, cross_process_id='UAUCV1NACgsEVlZRBA==', data_report_period=60, data_token=[2842733, 13762828], error_limit=50, report_max_transaction_age=600, report_max_transaction_count=1000, response_body_limit=2048, server_timestamp=1417568805, stack_trace_limit=100, activity_trace_max_size=65534, activity_trace_max_report_attempts=1, activity_trace_min_utilization=0.30000001192092896, at_capture=ActivityTraceConfiguration{maxTotalTraceCount=1}}
I/com.newrelic.agent.android(20923): Application state monitor has started
I/com.newrelic.agent.android(20923): Measurement Engine initialized.
I/com.newrelic.agent.android(20923): New Relic Agent v4.178.0
I/ActivityManager( 1025): Process com.google.android.apps.magazines (pid 20792) has died.
F/ProcessStats( 1025): Starting service ServiceState{42c48c08 com.whatsapp.messaging.MessageService pkg=com.whatsapp proc=42c48c08} without owner
F/ProcessStats( 1025): Starting service ServiceState{43399718 com.paypal.android.p2pmobile.services.AtoService pkg=com.paypal.android.p2pmobile proc=43399718} without owner
F/ProcessStats( 1025): Starting service ServiceState{43231e48 com.paypal.android.p2pmobile.services.WalletService pkg=com.paypal.android.p2pmobile proc=43231e48} without owner
F/ProcessStats( 1025): Starting service ServiceState{42a4cec0 com.facebook.push.mqtt.service.MqttPushService pkg=com.facebook.katana proc=42a4cec0} without owner
F/ProcessStats( 1025): Starting service ServiceState{428fdff0 com.facebook.push.mqtt.service.MqttPushService pkg=com.facebook.orca proc=428fdff0} without owner
I/com.newrelic.agent.android(20923): Harvester: connected
I/com.newrelic.agent.android(20923): Harvester: Sending 0 HTTP transactions.
I/com.newrelic.agent.android(20923): Harvester: Sending 0 HTTP errors.
I/com.newrelic.agent.android(20923): Harvester: Sending 0 activity traces.
I/ActivityManager( 1025): Process com.google.android.apps.cloudprint (pid 20865) has died.
F/ProcessStats( 1025): Starting service ServiceState{42c48c08 com.whatsapp.messaging.MessageService pkg=com.whatsapp proc=42c48c08} without owner
F/ProcessStats( 1025): Starting service ServiceState{43399718 com.paypal.android.p2pmobile.services.AtoService pkg=com.paypal.android.p2pmobile proc=43399718} without owner
F/ProcessStats( 1025): Starting service ServiceState{43231e48 com.paypal.android.p2pmobile.services.WalletService pkg=com.paypal.android.p2pmobile proc=43231e48} without owner
F/ProcessStats( 1025): Starting service ServiceState{42a4cec0 com.facebook.push.mqtt.service.MqttPushService pkg=com.facebook.katana proc=42a4cec0} without owner
F/ProcessStats( 1025): Starting service ServiceState{428fdff0 com.facebook.push.mqtt.service.MqttPushService pkg=com.facebook.orca proc=428fdff0} without owner
I/ConfigService(20136): onDestroy
I/ActivityManager( 1025): Process com.motorola.context (pid 20881) has died.
D/WifiStateMachine( 1025): handleMessage: E msg.what=151572
D/WifiStateMachine( 1025): processMsg: ConnectedState
D/WifiStateMachine( 1025): processMsg: L2ConnectedState
D/WifiStateMachine( 1025): handleMessage: X
D/The Economist APID(20923): 6855de6b-02a2-4126-88af-261db5a37b30
D/GCM     (20136): GcmService start Intent { act=com.google.android.gms.INITIALIZE flg=0x10 pkg=com.google.android.gms cmp=com.google.android.gms/.gcm.GcmService } com.google.android.gms.INITIALIZE
D/AuthorizationBluetoothService(20136): Received GmsCore event: Intent { act=com.google.android.gms.INITIALIZE flg=0x10 pkg=com.google.android.gms cmp=com.google.android.gms/.auth.be.proximity.authorization.bt.AuthorizationBluetoothService$AutoStarter }.
E/AuthorizationBluetoothService(20136): Proximity feature is not enabled.
I/Crittercism(20923): Initializing Crittercism 5.0.6 for App ID 541be4a1d478bc3b68000001
V/GmsCoreStatsServiceLauncher(18790): Received broadcast intent Intent { act=com.google.android.gms.INITIALIZE flg=0x10 pkg=com.google.android.gms cmp=com.google.android.gms/.common.stats.GmsCoreStatsServiceLauncher }
W/Crittercism(20923): Crittercism should be initialized in onCreate() of MainActivity
I/ActivityManager( 1025): Process com.motorola.MotGallery2 (pid 20896) has died.
E/dalvikvm(20779): Could not find class 'android.telecom.TelecomManager', referenced from method com.google.android.gms.wearable.service.o.a
W/dalvikvm(20779): VFY: unable to resolve check-cast 461 (Landroid/telecom/TelecomManager;) in Lcom/google/android/gms/wearable/service/o;
D/dalvikvm(20779): VFY: replacing opcode 0x1f at 0x0056
W/dalvikvm(20779): VFY: unable to find class referenced in signature (Landroid/telecom/TelecomManager;)
D/LocationInitializer(18790): Restart initialization of location
I/dalvikvm(20779): Could not find method android.content.pm.PackageManager.getPackageInstaller, referenced from method com.google.android.gms.common.ff.a
W/dalvikvm(20779): VFY: unable to resolve virtual method 479: Landroid/content/pm/PackageManager;.getPackageInstaller ()Landroid/content/pm/PackageInstaller;
D/dalvikvm(20779): VFY: replacing opcode 0x6e at 0x000d
W/Crittercism(20923): Application context not provided. Automatic breadcrumbs will not be recorded.
E/MDM     (23032): [445938] b.run: Couldn't connect to Google API client: ConnectionResult{statusCode=API_UNAVAILABLE, resolution=null}
I/ActivityManager( 1025): Start proc com.facebook.katana for content provider com.facebook.katana/.provider.AttributionIdProvider: pid=20973 uid=10110 gids={50110, 1028, 1015, 3003}
I/ActivityManager( 1025): Process com.google.android.googlequicksearchbox:search (pid 20911) has died.
W/dalvikvm(20973): VFY: unable to resolve static field 29078 (a) in Lcom/facebook/katana/app/WorkAppTypes;
D/dalvikvm(20973): VFY: replacing opcode 0x62 at 0x0013
W/dalvikvm(20973): VFY: unable to resolve static field 29079 (b) in Lcom/facebook/katana/app/WorkAppTypes;
D/dalvikvm(20973): VFY: replacing opcode 0x62 at 0x001d
E/dalvikvm(20973): Could not find class 'com.facebook.katana.app.WallpaperFacebookApplicationImpl', referenced from method com.facebook.katana.app.FacebookApplication.a
W/dalvikvm(20973): VFY: unable to resolve new-instance 379 (Lcom/facebook/katana/app/WallpaperFacebookApplicationImpl;) in Lcom/facebook/katana/app/FacebookApplication;
D/dalvikvm(20973): VFY: replacing opcode 0x22 at 0x00a9
D/dalvikvm(20973): DexOpt: unable to opt direct call 0x055f at 0xab in Lcom/facebook/katana/app/FacebookApplication;.a
D/CatchMeIfYouCan(20973): Process (<default>) ca: '/data/user/0/com.facebook.katana/app_cmiyc/A1657CCD543F12E66E587EE52ED9D802E22AAC4701'
D/CatchMeIfYouCan(20973): Process (<default>) fc: '/data/user/0/com.facebook.katana/app_cmiyc/A1657CCD543F12E66E587EE52ED9D802E22AAC4702'
D/CatchMeIfYouCan(20973): Process (<default>) cp: '('default', 3, 120000, silent [true], restart [false], logout [false])'
D/ACRA    (20973): ACRA is enabled for com.facebook.katana, intializing...
D/ACRA    (20973): Looking for error files in /data/user/0/com.facebook.katana/app_acra-reports
D/ACRA    (20973): Looking for error files in /data/user/0/com.facebook.katana/app_minidumps
D/dalvikvm(20973): Trying to load lib /data/app-lib/com.facebook.katana-1/libgnustl_shared.so 0x41fb4be0
D/dalvikvm(20973): Added shared lib /data/app-lib/com.facebook.katana-1/libgnustl_shared.so 0x41fb4be0
D/dalvikvm(20973): No JNI_OnLoad found in /data/app-lib/com.facebook.katana-1/libgnustl_shared.so 0x41fb4be0, skipping init
D/dalvikvm(20973): Trying to load lib /data/app-lib/com.facebook.katana-1/libfb_breakpad_client.so 0x41fb4be0
D/dalvikvm(20973): Added shared lib /data/app-lib/com.facebook.katana-1/libfb_breakpad_client.so 0x41fb4be0
D/dalvikvm(20973): Trying to load lib /data/app-lib/com.facebook.katana-1/libfb_dalvik-internals.so 0x41fb4be0
D/dalvikvm(20973): Added shared lib /data/app-lib/com.facebook.katana-1/libfb_dalvik-internals.so 0x41fb4be0
V/DexLibLoader(20973): about to lock: /data/user/0/com.facebook.katana/mdex_lock
V/DexLibLoader(20973): locking /data/user/0/com.facebook.katana/mdex_lock took 1 ms
V/DexLibLoader(20973): Secondary program dex metadata: secondary-1.dex.jar.xz 15ef54b77950d1e6c1cbc3342a20571a9fd8050d secondary.dex01.Canary
V/DexLibLoader(20973): Secondary program dex metadata: secondary-2.dex.jar.xz 14bcaeed5ad488eaf139a59d22cf00efbde5948b secondary.dex02.Canary
V/DexLibLoader(20973): Secondary program dex metadata: secondary-3.dex.jar.xz e8acf246c92474061a3e0f7dafec5559e33da2c5 secondary.dex03.Canary
V/DexLibLoader(20973): Secondary program dex metadata: secondary-4.dex.jar.xz 1d7a13e77be07efb41a2c80160a9aec6fff27ad1 secondary.dex04.Canary
V/DexLibLoader(20973): Secondary program dex metadata: secondary-5.dex.jar.xz 42761fa3dedc1f1a9503bece4f2db80adf01f775 secondary.dex05.Canary
V/DexLibLoader(20973): Secondary program dex metadata: secondary-6.dex.jar.xz 1b4455e1ba1ff38a86723e24cd334fa1062519f1 secondary.dex06.Canary
V/DexLibLoader(20973): Secondary program dex metadata: secondary-7.dex.jar.xz a54de6ef97459e1e5b5c8f874a889a38965d3446 secondary.dex07.Canary
V/DexLibLoader(20973): directory "/data/user/0/com.facebook.katana/app_secondary_program_dex" contains "program-15ef54b77950d1e6c1cbc3342a20571a9fd8050d6661a1c7.dex.jar" as expected
V/DexLibLoader(20973): directory "/data/user/0/com.facebook.katana/app_secondary_program_dex" contains "program-14bcaeed5ad488eaf139a59d22cf00efbde5948b6661a1c7.dex.jar" as expected
V/DexLibLoader(20973): directory "/data/user/0/com.facebook.katana/app_secondary_program_dex" contains "program-e8acf246c92474061a3e0f7dafec5559e33da2c56661a1c7.dex.jar" as expected
V/DexLibLoader(20973): directory "/data/user/0/com.facebook.katana/app_secondary_program_dex" contains "program-1d7a13e77be07efb41a2c80160a9aec6fff27ad16661a1c7.dex.jar" as expected
V/DexLibLoader(20973): directory "/data/user/0/com.facebook.katana/app_secondary_program_dex" contains "program-42761fa3dedc1f1a9503bece4f2db80adf01f7756661a1c7.dex.jar" as expected
V/DexLibLoader(20973): directory "/data/user/0/com.facebook.katana/app_secondary_program_dex" contains "program-1b4455e1ba1ff38a86723e24cd334fa1062519f16661a1c7.dex.jar" as expected
V/DexLibLoader(20973): directory "/data/user/0/com.facebook.katana/app_secondary_program_dex" contains "program-a54de6ef97459e1e5b5c8f874a889a38965d34466661a1c7.dex.jar" as expected
D/DexLibLoader(20973): ignoring file "program-15ef54b77950d1e6c1cbc3342a20571a9fd8050d6661a1c7.dex.odex" in "/data/user/0/com.facebook.katana/app_secondary_program_dex"
D/DexLibLoader(20973): ignoring file "program-14bcaeed5ad488eaf139a59d22cf00efbde5948b6661a1c7.dex.odex" in "/data/user/0/com.facebook.katana/app_secondary_program_dex"
D/DexLibLoader(20973): ignoring file "program-e8acf246c92474061a3e0f7dafec5559e33da2c56661a1c7.dex.odex" in "/data/user/0/com.facebook.katana/app_secondary_program_dex"
D/DexLibLoader(20973): ignoring file "program-1d7a13e77be07efb41a2c80160a9aec6fff27ad16661a1c7.dex.odex" in "/data/user/0/com.facebook.katana/app_secondary_program_dex"
D/DexLibLoader(20973): ignoring file "program-42761fa3dedc1f1a9503bece4f2db80adf01f7756661a1c7.dex.odex" in "/data/user/0/com.facebook.katana/app_secondary_program_dex"
D/DexLibLoader(20973): ignoring file "program-1b4455e1ba1ff38a86723e24cd334fa1062519f16661a1c7.dex.odex" in "/data/user/0/com.facebook.katana/app_secondary_program_dex"
D/DexLibLoader(20973): ignoring file "program-a54de6ef97459e1e5b5c8f874a889a38965d34466661a1c7.dex.odex" in "/data/user/0/com.facebook.katana/app_secondary_program_dex"
D/DexLibLoader(20973): directory "/data/user/0/com.facebook.katana/app_secondary_program_dex" is valid
D/DexLibLoader(20973): ignoring file "primary_deps" in "/data/user/0/com.facebook.katana/app_secondary_program_dex_opt"
V/DexLibLoader(20973): directory "/data/user/0/com.facebook.katana/app_secondary_program_dex_opt" contains "program-15ef54b77950d1e6c1cbc3342a20571a9fd8050d6661a1c7.dex.dex" as expected
V/DexLibLoader(20973): directory "/data/user/0/com.facebook.katana/app_secondary_program_dex_opt" contains "program-14bcaeed5ad488eaf139a59d22cf00efbde5948b6661a1c7.dex.dex" as expected
V/DexLibLoader(20973): directory "/data/user/0/com.facebook.katana/app_secondary_program_dex_opt" contains "program-e8acf246c92474061a3e0f7dafec5559e33da2c56661a1c7.dex.dex" as expected
V/DexLibLoader(20973): directory "/data/user/0/com.facebook.katana/app_secondary_program_dex_opt" contains "program-1d7a13e77be07efb41a2c80160a9aec6fff27ad16661a1c7.dex.dex" as expected
V/DexLibLoader(20973): directory "/data/user/0/com.facebook.katana/app_secondary_program_dex_opt" contains "program-42761fa3dedc1f1a9503bece4f2db80adf01f7756661a1c7.dex.dex" as expected
V/DexLibLoader(20973): directory "/data/user/0/com.facebook.katana/app_secondary_program_dex_opt" contains "program-1b4455e1ba1ff38a86723e24cd334fa1062519f16661a1c7.dex.dex" as expected
V/DexLibLoader(20973): directory "/data/user/0/com.facebook.katana/app_secondary_program_dex_opt" contains "program-a54de6ef97459e1e5b5c8f874a889a38965d34466661a1c7.dex.dex" as expected
D/DexLibLoader(20973): directory "/data/user/0/com.facebook.katana/app_secondary_program_dex_opt" is valid
D/DexLibLoader(20973): loading pre-built cross-dex opt odex files
V/dalvik-internals(20973): hooked dvmResolveClass using jump ()
V/dalvik-internals(20973): hooked dvmFlushBreakpoints using jump ()
V/MultiDexClassLoader(20973): installing MultiDexClassLoader before application classloader
I/dalvikvm(20973): Could not find method dalvik.system.DexFile.loadClassBinaryName, referenced from method com.facebook.common.dextricks.DexFileLoadOld.a
W/dalvikvm(20973): VFY: unable to resolve virtual method 2073: Ldalvik/system/DexFile;.loadClassBinaryName (Ljava/lang/String;Ljava/lang/ClassLoader;)Ljava/lang/Class;
D/dalvikvm(20973): VFY: replacing opcode 0x6e at 0x0000
D/DexLibLoader(20973): released odex store lock
D/DexLibLoader(20973): DexLibLoader.loadAll took 48 ms
D/MemoryReductionHack(20973): Marked as initialized entry corresponding to path /data/app/com.facebook.katana-1.apk
D/GcOptimizer(20973): Enabled
V/dalvik-internals(20973): hooked dvmLinearAlloc using jump ()
V/dalvik-internals(20973): hooked dvmLinearRealloc using jump ()
V/dalvik-internals(20973): hooked dvmLinearFree using jump ()
V/dalvik-internals(20973): hooked dvmLinearStrdup using jump ()
V/dalvik-internals(20973): hooked dvmLinearAllocContains using jump ()
I/dalvik-internals(20973): enlarged linearalloc buffer to 33554432 bytes
W/StaticBindingVerifier(20973): Verify
D/WifiStateMachine( 1025): handleMessage: E msg.what=151572
D/WifiStateMachine( 1025): processMsg: ConnectedState
D/WifiStateMachine( 1025): processMsg: L2ConnectedState
I/dalvikvm(20973): Could not find method com.facebook.resources.FbResources.getDrawable, referenced from method com.facebook.resources.impl.DownloadedFbResources.getDrawable
W/dalvikvm(20973): VFY: unable to resolve virtual method 48479: Lcom/facebook/resources/FbResources;.getDrawable (ILandroid/content/res/Resources$Theme;)Landroid/graphics/drawable/Drawable;
D/dalvikvm(20973): VFY: replacing opcode 0x6f at 0x0031
D/WifiStateMachine( 1025): handleMessage: X
D/WifiService( 1025): New client listening to asynchronous messages
E/dalvikvm(20973): Could not find class 'org.apache.harmony.xnet.provider.jsse.OpenSSLSocketImpl', referenced from method com.facebook.ssl.openssl.check.CheckOpenSSLImplHasRequiredMethods.<clinit>
W/dalvikvm(20973): VFY: unable to resolve const-class 13808 (Lorg/apache/harmony/xnet/provider/jsse/OpenSSLSocketImpl;) in Lcom/facebook/ssl/openssl/check/CheckOpenSSLImplHasRequiredMethods;
D/dalvikvm(20973): VFY: replacing opcode 0x1c at 0x000d
E/dalvikvm(20973): Could not find class 'org.apache.harmony.xnet.provider.jsse.OpenSSLSocketFactoryImpl', referenced from method com.facebook.ssl.openssl.reflect.SSLParametersGetter.<clinit>
W/dalvikvm(20973): VFY: unable to resolve const-class 13807 (Lorg/apache/harmony/xnet/provider/jsse/OpenSSLSocketFactoryImpl;) in Lcom/facebook/ssl/openssl/reflect/SSLParametersGetter;
D/dalvikvm(20973): VFY: replacing opcode 0x1c at 0x000d
E/dalvikvm(20973): Could not find class 'org.apache.harmony.xnet.provider.jsse.SSLParametersImpl', referenced from method com.facebook.ssl.openssl.reflect.SSLParametersGetter.a
W/dalvikvm(20973): VFY: unable to resolve check-cast 13809 (Lorg/apache/harmony/xnet/provider/jsse/SSLParametersImpl;) in Lcom/facebook/ssl/openssl/reflect/SSLParametersGetter;
D/dalvikvm(20973): VFY: replacing opcode 0x1f at 0x0006
E/dalvikvm(20973): Could not find class 'org.apache.harmony.xnet.provider.jsse.SSLParametersImpl', referenced from method com.facebook.ssl.openssl.reflect.SSLSessionTimeoutSetter.<clinit>
W/dalvikvm(20973): VFY: unable to resolve const-class 13809 (Lorg/apache/harmony/xnet/provider/jsse/SSLParametersImpl;) in Lcom/facebook/ssl/openssl/reflect/SSLSessionTimeoutSetter;
D/dalvikvm(20973): VFY: replacing opcode 0x1c at 0x000d
W/dalvikvm(20973): VFY: unable to find class referenced in signature (Lorg/apache/harmony/xnet/provider/jsse/SSLParametersImpl;)
E/dalvikvm(20973): Could not find class 'org.apache.harmony.xnet.provider.jsse.ClientSessionContext', referenced from method com.facebook.ssl.openssl.reflect.SSLSessionTimeoutSetter.a
W/dalvikvm(20973): VFY: unable to resolve check-cast 13806 (Lorg/apache/harmony/xnet/provider/jsse/ClientSessionContext;) in Lcom/facebook/ssl/openssl/reflect/SSLSessionTimeoutSetter;
D/dalvikvm(20973): VFY: replacing opcode 0x1f at 0x0006
W/dalvikvm(20973): VFY: unable to find class referenced in signature (Lorg/apache/harmony/xnet/provider/jsse/SSLParametersImpl;)
W/dalvikvm(20973): Unable to resolve superclass of Lcom/facebook/ssl/openssl/TicketEnabledOpenSSLSocketImplWrapper; (11243)
W/dalvikvm(20973): Link of class 'Lcom/facebook/ssl/openssl/TicketEnabledOpenSSLSocketImplWrapper;' failed
