I/ActivityManager( 1025): Process com.google.android.apps.uploader (pid 10763) has died.
I/ActivityManager( 1025): Start proc com.motorola.MotGallery2 for broadcast com.motorola.MotGallery2/com.viewdle.receivers.PowerConnectedReceiver: pid=10821 uid=10034 gids={50034, 3003, 1028, 1015}
I/GCoreUlr(31342): WorldUpdater:android.intent.action.ACTION_POWER_CONNECTED: Ensuring that reporting is stopped because of reasons: {account#2#=[InactiveReason{mVersionCode=0, mIdentifier=6, mName='ReportingNotEnabled'}, InactiveReason{mVersionCode=0, mIdentifier=14, mName='HistoryNotEnabled'}]}
I/GCoreUlr(31342): Unbound from all location providers
I/ActivityManager( 1025): Process com.motorola.contextual.smartrules2 (pid 10806) has died.
I/ActivityManager( 1025): Start proc com.android.chrome for broadcast com.android.chrome/com.google.android.apps.chrome.precache.PrecacheServiceLauncher: pid=10838 uid=10057 gids={50057, 3003, 1028, 1015}
I/GCoreUlr(31342): DispatchingService.onDestroy()
I/GCoreUlr(31342): Unbound from all location providers
I/ActivityManager( 1025): Start proc com.facebook.katana for broadcast com.facebook.katana/com.facebook.vault.service.VaultPowerConnectionReceiver: pid=10851 uid=10110 gids={50110, 1028, 1015, 3003}
D/WifiStateMachine( 1025): handleMessage: E msg.what=151572
D/WifiStateMachine( 1025): processMsg: ConnectedState
D/WifiStateMachine( 1025): processMsg: L2ConnectedState
D/dalvikvm(  275): GC_EXPLICIT freed 42K, 48% free 9011K/17224K, paused 2ms+2ms, total 21ms
D/dalvikvm(  275): GC_EXPLICIT freed <1K, 48% free 9011K/17224K, paused 2ms+3ms, total 18ms
D/WifiStateMachine( 1025): handleMessage: X
D/dalvikvm(  275): GC_EXPLICIT freed <1K, 48% free 9011K/17224K, paused 2ms+2ms, total 18ms
W/dalvikvm(10851): VFY: unable to resolve static field 29078 (a) in Lcom/facebook/katana/app/WorkAppTypes;
D/dalvikvm(10851): VFY: replacing opcode 0x62 at 0x0013
W/dalvikvm(10851): VFY: unable to resolve static field 29079 (b) in Lcom/facebook/katana/app/WorkAppTypes;
D/dalvikvm(10851): VFY: replacing opcode 0x62 at 0x001d
E/dalvikvm(10851): Could not find class 'com.facebook.katana.app.WallpaperFacebookApplicationImpl', referenced from method com.facebook.katana.app.FacebookApplication.a
W/dalvikvm(10851): VFY: unable to resolve new-instance 379 (Lcom/facebook/katana/app/WallpaperFacebookApplicationImpl;) in Lcom/facebook/katana/app/FacebookApplication;
D/dalvikvm(10851): VFY: replacing opcode 0x22 at 0x00a9
D/dalvikvm(10851): DexOpt: unable to opt direct call 0x055f at 0xab in Lcom/facebook/katana/app/FacebookApplication;.a
D/CatchMeIfYouCan(10851): Process (<default>) ca: '/data/data/com.facebook.katana/app_cmiyc/A1657CCD543F12E66E587EE52ED9D802E22AAC4701'
D/CatchMeIfYouCan(10851): Process (<default>) fc: '/data/data/com.facebook.katana/app_cmiyc/A1657CCD543F12E66E587EE52ED9D802E22AAC4702'
D/CatchMeIfYouCan(10851): Process (<default>) cp: '('default', 3, 120000, silent [true], restart [false], logout [false])'
D/ACRA    (10851): ACRA is enabled for com.facebook.katana, intializing...
D/ACRA    (10851): Looking for error files in /data/data/com.facebook.katana/app_acra-reports
D/ACRA    (10851): Looking for error files in /data/data/com.facebook.katana/app_minidumps
D/dalvikvm(10851): Trying to load lib /data/app-lib/com.facebook.katana-1/libgnustl_shared.so 0x41fbd0a8
D/dalvikvm(10851): Added shared lib /data/app-lib/com.facebook.katana-1/libgnustl_shared.so 0x41fbd0a8
D/dalvikvm(10851): No JNI_OnLoad found in /data/app-lib/com.facebook.katana-1/libgnustl_shared.so 0x41fbd0a8, skipping init
D/dalvikvm(10851): Trying to load lib /data/app-lib/com.facebook.katana-1/libfb_breakpad_client.so 0x41fbd0a8
D/dalvikvm(10851): Added shared lib /data/app-lib/com.facebook.katana-1/libfb_breakpad_client.so 0x41fbd0a8
D/dalvikvm(10851): Trying to load lib /data/app-lib/com.facebook.katana-1/libfb_dalvik-internals.so 0x41fbd0a8
D/dalvikvm(10851): Added shared lib /data/app-lib/com.facebook.katana-1/libfb_dalvik-internals.so 0x41fbd0a8
V/DexLibLoader(10851): about to lock: /data/data/com.facebook.katana/mdex_lock
V/DexLibLoader(10851): locking /data/data/com.facebook.katana/mdex_lock took 1 ms
V/DexLibLoader(10851): Secondary program dex metadata: secondary-1.dex.jar.xz 15ef54b77950d1e6c1cbc3342a20571a9fd8050d secondary.dex01.Canary
V/DexLibLoader(10851): Secondary program dex metadata: secondary-2.dex.jar.xz 14bcaeed5ad488eaf139a59d22cf00efbde5948b secondary.dex02.Canary
V/DexLibLoader(10851): Secondary program dex metadata: secondary-3.dex.jar.xz e8acf246c92474061a3e0f7dafec5559e33da2c5 secondary.dex03.Canary
V/DexLibLoader(10851): Secondary program dex metadata: secondary-4.dex.jar.xz 1d7a13e77be07efb41a2c80160a9aec6fff27ad1 secondary.dex04.Canary
V/DexLibLoader(10851): Secondary program dex metadata: secondary-5.dex.jar.xz 42761fa3dedc1f1a9503bece4f2db80adf01f775 secondary.dex05.Canary
V/DexLibLoader(10851): Secondary program dex metadata: secondary-6.dex.jar.xz 1b4455e1ba1ff38a86723e24cd334fa1062519f1 secondary.dex06.Canary
V/DexLibLoader(10851): Secondary program dex metadata: secondary-7.dex.jar.xz a54de6ef97459e1e5b5c8f874a889a38965d3446 secondary.dex07.Canary
V/DexLibLoader(10851): directory "/data/data/com.facebook.katana/app_secondary_program_dex" contains "program-15ef54b77950d1e6c1cbc3342a20571a9fd8050d6661a1c7.dex.jar" as expected
V/DexLibLoader(10851): directory "/data/data/com.facebook.katana/app_secondary_program_dex" contains "program-14bcaeed5ad488eaf139a59d22cf00efbde5948b6661a1c7.dex.jar" as expected
V/DexLibLoader(10851): directory "/data/data/com.facebook.katana/app_secondary_program_dex" contains "program-e8acf246c92474061a3e0f7dafec5559e33da2c56661a1c7.dex.jar" as expected
V/DexLibLoader(10851): directory "/data/data/com.facebook.katana/app_secondary_program_dex" contains "program-1d7a13e77be07efb41a2c80160a9aec6fff27ad16661a1c7.dex.jar" as expected
V/DexLibLoader(10851): directory "/data/data/com.facebook.katana/app_secondary_program_dex" contains "program-42761fa3dedc1f1a9503bece4f2db80adf01f7756661a1c7.dex.jar" as expected
V/DexLibLoader(10851): directory "/data/data/com.facebook.katana/app_secondary_program_dex" contains "program-1b4455e1ba1ff38a86723e24cd334fa1062519f16661a1c7.dex.jar" as expected
V/DexLibLoader(10851): directory "/data/data/com.facebook.katana/app_secondary_program_dex" contains "program-a54de6ef97459e1e5b5c8f874a889a38965d34466661a1c7.dex.jar" as expected
D/DexLibLoader(10851): ignoring file "program-15ef54b77950d1e6c1cbc3342a20571a9fd8050d6661a1c7.dex.odex" in "/data/data/com.facebook.katana/app_secondary_program_dex"
D/DexLibLoader(10851): ignoring file "program-14bcaeed5ad488eaf139a59d22cf00efbde5948b6661a1c7.dex.odex" in "/data/data/com.facebook.katana/app_secondary_program_dex"
D/DexLibLoader(10851): ignoring file "program-e8acf246c92474061a3e0f7dafec5559e33da2c56661a1c7.dex.odex" in "/data/data/com.facebook.katana/app_secondary_program_dex"
D/DexLibLoader(10851): ignoring file "program-1d7a13e77be07efb41a2c80160a9aec6fff27ad16661a1c7.dex.odex" in "/data/data/com.facebook.katana/app_secondary_program_dex"
D/DexLibLoader(10851): ignoring file "program-42761fa3dedc1f1a9503bece4f2db80adf01f7756661a1c7.dex.odex" in "/data/data/com.facebook.katana/app_secondary_program_dex"
D/DexLibLoader(10851): ignoring file "program-1b4455e1ba1ff38a86723e24cd334fa1062519f16661a1c7.dex.odex" in "/data/data/com.facebook.katana/app_secondary_program_dex"
D/DexLibLoader(10851): ignoring file "program-a54de6ef97459e1e5b5c8f874a889a38965d34466661a1c7.dex.odex" in "/data/data/com.facebook.katana/app_secondary_program_dex"
D/DexLibLoader(10851): directory "/data/data/com.facebook.katana/app_secondary_program_dex" is valid
D/DexLibLoader(10851): ignoring file "primary_deps" in "/data/data/com.facebook.katana/app_secondary_program_dex_opt"
V/DexLibLoader(10851): directory "/data/data/com.facebook.katana/app_secondary_program_dex_opt" contains "program-15ef54b77950d1e6c1cbc3342a20571a9fd8050d6661a1c7.dex.dex" as expected
V/DexLibLoader(10851): directory "/data/data/com.facebook.katana/app_secondary_program_dex_opt" contains "program-14bcaeed5ad488eaf139a59d22cf00efbde5948b6661a1c7.dex.dex" as expected
V/DexLibLoader(10851): directory "/data/data/com.facebook.katana/app_secondary_program_dex_opt" contains "program-e8acf246c92474061a3e0f7dafec5559e33da2c56661a1c7.dex.dex" as expected
V/DexLibLoader(10851): directory "/data/data/com.facebook.katana/app_secondary_program_dex_opt" contains "program-1d7a13e77be07efb41a2c80160a9aec6fff27ad16661a1c7.dex.dex" as expected
V/DexLibLoader(10851): directory "/data/data/com.facebook.katana/app_secondary_program_dex_opt" contains "program-42761fa3dedc1f1a9503bece4f2db80adf01f7756661a1c7.dex.dex" as expected
V/DexLibLoader(10851): directory "/data/data/com.facebook.katana/app_secondary_program_dex_opt" contains "program-1b4455e1ba1ff38a86723e24cd334fa1062519f16661a1c7.dex.dex" as expected
V/DexLibLoader(10851): directory "/data/data/com.facebook.katana/app_secondary_program_dex_opt" contains "program-a54de6ef97459e1e5b5c8f874a889a38965d34466661a1c7.dex.dex" as expected
D/DexLibLoader(10851): directory "/data/data/com.facebook.katana/app_secondary_program_dex_opt" is valid
D/DexLibLoader(10851): loading pre-built cross-dex opt odex files
V/dalvik-internals(10851): hooked dvmResolveClass using jump ()
V/dalvik-internals(10851): hooked dvmFlushBreakpoints using jump ()
V/MultiDexClassLoader(10851): installing MultiDexClassLoader before application classloader
I/dalvikvm(10851): Could not find method dalvik.system.DexFile.loadClassBinaryName, referenced from method com.facebook.common.dextricks.DexFileLoadOld.a
W/dalvikvm(10851): VFY: unable to resolve virtual method 2073: Ldalvik/system/DexFile;.loadClassBinaryName (Ljava/lang/String;Ljava/lang/ClassLoader;)Ljava/lang/Class;
D/dalvikvm(10851): VFY: replacing opcode 0x6e at 0x0000
D/DexLibLoader(10851): released odex store lock
D/DexLibLoader(10851): DexLibLoader.loadAll took 195 ms
D/MemoryReductionHack(10851): Marked as initialized entry corresponding to path /data/app/com.facebook.katana-1.apk
D/GcOptimizer(10851): Enabled
V/dalvik-internals(10851): hooked dvmLinearAlloc using jump ()
V/dalvik-internals(10851): hooked dvmLinearRealloc using jump ()
V/dalvik-internals(10851): hooked dvmLinearFree using jump ()
V/dalvik-internals(10851): hooked dvmLinearStrdup using jump ()
V/dalvik-internals(10851): hooked dvmLinearAllocContains using jump ()
I/dalvik-internals(10851): enlarged linearalloc buffer to 33554432 bytes
I/ActivityManager( 1025): Process com.motorola.MotGallery2 (pid 10821) has died.
I/ActivityManager( 1025): Process com.android.chrome (pid 10838) has died.
D/WifiStateMachine( 1025): handleMessage: E msg.what=131155
D/WifiStateMachine( 1025): processMsg: ConnectedState
D/WifiStateMachine( 1025): processMsg: L2ConnectedState
D/WifiStateMachine( 1025): handleMessage: X
D/WifiStateMachine( 1025): handleMessage: E msg.what=151572
D/WifiStateMachine( 1025): processMsg: ConnectedState
D/WifiStateMachine( 1025): processMsg: L2ConnectedState
D/WifiStateMachine( 1025): handleMessage: X
W/StaticBindingVerifier(10851): Verify
I/dalvikvm(10851): Could not find method com.facebook.resources.FbResources.getDrawable, referenced from method com.facebook.resources.impl.DownloadedFbResources.getDrawable
W/dalvikvm(10851): VFY: unable to resolve virtual method 48479: Lcom/facebook/resources/FbResources;.getDrawable (ILandroid/content/res/Resources$Theme;)Landroid/graphics/drawable/Drawable;
D/dalvikvm(10851): VFY: replacing opcode 0x6f at 0x0031
D/WifiService( 1025): New client listening to asynchronous messages
E/dalvikvm(10851): Could not find class 'org.apache.harmony.xnet.provider.jsse.OpenSSLSocketImpl', referenced from method com.facebook.ssl.openssl.check.CheckOpenSSLImplHasRequiredMethods.<clinit>
W/dalvikvm(10851): VFY: unable to resolve const-class 13808 (Lorg/apache/harmony/xnet/provider/jsse/OpenSSLSocketImpl;) in Lcom/facebook/ssl/openssl/check/CheckOpenSSLImplHasRequiredMethods;
D/dalvikvm(10851): VFY: replacing opcode 0x1c at 0x000d
E/dalvikvm(10851): Could not find class 'org.apache.harmony.xnet.provider.jsse.OpenSSLSocketFactoryImpl', referenced from method com.facebook.ssl.openssl.reflect.SSLParametersGetter.<clinit>
W/dalvikvm(10851): VFY: unable to resolve const-class 13807 (Lorg/apache/harmony/xnet/provider/jsse/OpenSSLSocketFactoryImpl;) in Lcom/facebook/ssl/openssl/reflect/SSLParametersGetter;
D/dalvikvm(10851): VFY: replacing opcode 0x1c at 0x000d
W/ContextImpl( 1295): Calling a method in the system process without a qualified user: android.app.ContextImpl.startService:1608 android.content.ContextWrapper.startService:494 android.content.ContextWrapper.startService:494 com.motorola.motocare.internal.batterystats.BatteryStatsAction.onReceive:33 android.app.ActivityThread.handleReceiver:2434 
E/dalvikvm(10851): Could not find class 'org.apache.harmony.xnet.provider.jsse.SSLParametersImpl', referenced from method com.facebook.ssl.openssl.reflect.SSLParametersGetter.a
W/dalvikvm(10851): VFY: unable to resolve check-cast 13809 (Lorg/apache/harmony/xnet/provider/jsse/SSLParametersImpl;) in Lcom/facebook/ssl/openssl/reflect/SSLParametersGetter;
D/dalvikvm(10851): VFY: replacing opcode 0x1f at 0x0006
E/dalvikvm(10851): Could not find class 'org.apache.harmony.xnet.provider.jsse.SSLParametersImpl', referenced from method com.facebook.ssl.openssl.reflect.SSLSessionTimeoutSetter.<clinit>
W/dalvikvm(10851): VFY: unable to resolve const-class 13809 (Lorg/apache/harmony/xnet/provider/jsse/SSLParametersImpl;) in Lcom/facebook/ssl/openssl/reflect/SSLSessionTimeoutSetter;
D/dalvikvm(10851): VFY: replacing opcode 0x1c at 0x000d
W/dalvikvm(10851): VFY: unable to find class referenced in signature (Lorg/apache/harmony/xnet/provider/jsse/SSLParametersImpl;)
E/dalvikvm(10851): Could not find class 'org.apache.harmony.xnet.provider.jsse.ClientSessionContext', referenced from method com.facebook.ssl.openssl.reflect.SSLSessionTimeoutSetter.a
W/dalvikvm(10851): VFY: unable to resolve check-cast 13806 (Lorg/apache/harmony/xnet/provider/jsse/ClientSessionContext;) in Lcom/facebook/ssl/openssl/reflect/SSLSessionTimeoutSetter;
D/dalvikvm(10851): VFY: replacing opcode 0x1f at 0x0006
W/dalvikvm(10851): VFY: unable to find class referenced in signature (Lorg/apache/harmony/xnet/provider/jsse/SSLParametersImpl;)
W/dalvikvm(10851): Unable to resolve superclass of Lcom/facebook/ssl/openssl/TicketEnabledOpenSSLSocketImplWrapper; (11243)
W/dalvikvm(10851): Link of class 'Lcom/facebook/ssl/openssl/TicketEnabledOpenSSLSocketImplWrapper;' failed
E/dalvikvm(10851): Could not find class 'com.facebook.ssl.openssl.TicketEnabledOpenSSLSocketImplWrapper', referenced from method com.facebook.ssl.openssl.TicketEnabledOpenSSLSocketFactoryHelper.a
W/dalvikvm(10851): VFY: unable to resolve new-instance 10681 (Lcom/facebook/ssl/openssl/TicketEnabledOpenSSLSocketImplWrapper;) in Lcom/facebook/ssl/openssl/TicketEnabledOpenSSLSocketFactoryHelper;
D/dalvikvm(10851): VFY: replacing opcode 0x22 at 0x0000
W/dalvikvm(10851): Unable to resolve superclass of Lcom/facebook/ssl/openssl/TicketEnabledOpenSSLSocketImplWrapper; (11243)
W/dalvikvm(10851): Link of class 'Lcom/facebook/ssl/openssl/TicketEnabledOpenSSLSocketImplWrapper;' failed
D/dalvikvm(10851): DexOpt: unable to opt direct call 0xc22f at 0x08 in Lcom/facebook/ssl/openssl/TicketEnabledOpenSSLSocketFactoryHelper;.a
D/CCE     (18647): App motocare requested CCE to send settings
W/BroadcastQueue( 1025): Permission Denial: broadcasting Intent { act=com.motorola.cce.Actions.CCE_SEND_SETTINGS flg=0x10 (has extras) } from com.motorola.genie (pid=10651, uid=10026) is not exported from uid 10034 due to receiver com.motorola.MotGallery2/com.motorola.blur.service.blur.SharedSettingsReceiver
W/ContextImpl( 1295): Calling a method in the system process without a qualified user: android.app.ContextImpl.startService:1608 android.content.ContextWrapper.startService:494 android.content.ContextWrapper.startService:494 com.motorola.motocare.internal.batterystats.BatteryStatsAction.onReceive:33 android.app.ActivityThread.handleReceiver:2434 
I/ActivityManager( 1025): Start proc com.google.android.googlequicksearchbox:search for broadcast com.google.android.googlequicksearchbox/com.google.android.search.core.UdcSettingBroadcastReceiver: pid=10894 uid=10045 gids={50045, 3003, 3001, 1028, 3002, 1015}
D/dalvikvm(10851): Trying to load lib /data/app-lib/com.facebook.katana-1/libfbjni.so 0x41fbd0a8
D/WifiStateMachine( 1025): handleMessage: E msg.what=151572
D/WifiStateMachine( 1025): processMsg: ConnectedState
D/WifiStateMachine( 1025): processMsg: L2ConnectedState
D/dalvikvm(10851): Added shared lib /data/app-lib/com.facebook.katana-1/libfbjni.so 0x41fbd0a8
D/dalvikvm(10851): Trying to load lib /data/app-lib/com.facebook.katana-1/libcares.so 0x41fbd0a8
D/dalvikvm(10851): Added shared lib /data/app-lib/com.facebook.katana-1/libcares.so 0x41fbd0a8
D/dalvikvm(10851): No JNI_OnLoad found in /data/app-lib/com.facebook.katana-1/libcares.so 0x41fbd0a8, skipping init
D/WifiStateMachine( 1025): handleMessage: X
D/dalvikvm(10851): Trying to load lib /data/app-lib/com.facebook.katana-1/libdouble-conversion.so 0x41fbd0a8
D/dalvikvm(10851): Added shared lib /data/app-lib/com.facebook.katana-1/libdouble-conversion.so 0x41fbd0a8
D/dalvikvm(10851): No JNI_OnLoad found in /data/app-lib/com.facebook.katana-1/libdouble-conversion.so 0x41fbd0a8, skipping init
D/dalvikvm(10851): Trying to load lib /data/app-lib/com.facebook.katana-1/libevent.so 0x41fbd0a8
D/dalvikvm(10851): Added shared lib /data/app-lib/com.facebook.katana-1/libevent.so 0x41fbd0a8
D/dalvikvm(10851): No JNI_OnLoad found in /data/app-lib/com.facebook.katana-1/libevent.so 0x41fbd0a8, skipping init
D/dalvikvm(10851): Trying to load lib /data/app-lib/com.facebook.katana-1/libliger.so 0x41fbd0a8
D/dalvikvm(10851): Added shared lib /data/app-lib/com.facebook.katana-1/libliger.so 0x41fbd0a8
W/fb4a(:<default>):AbstractMqttPushService(10851): Attempt to start service that is already started
D/dalvikvm(10851): Trying to load lib /data/app-lib/com.facebook.katana-1/libheartbleed.so 0x41fbd0a8
D/dalvikvm(10851): Added shared lib /data/app-lib/com.facebook.katana-1/libheartbleed.so 0x41fbd0a8
I/ActivityManager( 1025): Start proc com.google.android.partnersetup for content provider com.google.android.partnersetup/.RlzAppProvider: pid=10925 uid=10025 gids={50025, 3003}
D/dalvikvm( 2458): GC_CONCURRENT freed 1921K, 45% free 9641K/17224K, paused 9ms+3ms, total 29ms
I/dalvikvm(10894): Could not find method android.content.pm.PackageManager.getPackageInstaller, referenced from method com.google.android.gms.common.e.p
W/dalvikvm(10894): VFY: unable to resolve virtual method 901: Landroid/content/pm/PackageManager;.getPackageInstaller ()Landroid/content/pm/PackageInstaller;
D/dalvikvm(10894): VFY: replacing opcode 0x6e at 0x000b
D/WifiService( 1025): Client connection lost with reason: 4
V/GAV3    (31909): Thread[main,5,main]: service disconnected: ComponentInfo{com.google.android.gms/com.google.android.gms.analytics.service.AnalyticsService}
V/GAV3    (31909): Thread[main,5,main]: Unexpected disconnect.
V/GAV3    (31909): Thread[main,5,main]: service disconnected: ComponentInfo{com.google.android.gms/com.google.android.gms.analytics.service.AnalyticsService}
V/GAV3    (31909): Thread[main,5,main]: Unexpected disconnect.
I/ActivityManager( 1025): Start proc com.google.android.apps.maps for broadcast com.google.android.apps.maps/com.google.android.apps.gmm.iamhere.ble.StartBleServiceReceiver: pid=10954 uid=10064 gids={50064, 3003, 1028, 1015, 3002, 3001}
V/GAV3    (31909): Thread[main,5,main]: service disconnected: ComponentInfo{com.google.android.gms/com.google.android.gms.analytics.service.AnalyticsService}
V/GAV3    (31909): Thread[main,5,main]: Unexpected disconnect.
I/ActivityManager( 1025): Process com.google.android.gms (pid 4631) has died.
W/ActivityManager( 1025): Scheduling restart of crashed service com.google.android.gms/.analytics.service.AnalyticsService in 1000ms
I/ActivityManager( 1025): Process com.google.android.googlequicksearchbox:search (pid 10894) has died.
W/ActivityManager( 1025): Scheduling restart of crashed service com.google.android.googlequicksearchbox/com.google.android.velvet.VelvetBackgroundTasksImpl$Service in 10961ms
I/ActivityManager( 1025): Process com.google.android.partnersetup (pid 10925) has died.
I/ActivityManager( 1025): Process com.motorola.genie (pid 10787) has died.
D/dalvikvm(10954): Trying to load lib /data/app-lib/com.google.android.apps.maps-2/libcrashreporterer.so 0x41fa8ec0
D/dalvikvm(27213): GC_CONCURRENT freed 1511K, 43% free 12105K/21124K, paused 4ms+6ms, total 54ms
D/dalvikvm(10954): Added shared lib /data/app-lib/com.google.android.apps.maps-2/libcrashreporterer.so 0x41fa8ec0
D/dalvikvm(10954): Trying to load lib /data/app-lib/com.google.android.apps.maps-2/libgmm-jni.so 0x41fa8ec0
D/dalvikvm(10954): Added shared lib /data/app-lib/com.google.android.apps.maps-2/libgmm-jni.so 0x41fa8ec0
D/WifiStateMachine( 1025): handleMessage: E msg.what=151572
D/WifiStateMachine( 1025): processMsg: ConnectedState
D/WifiStateMachine( 1025): processMsg: L2ConnectedState
D/WifiStateMachine( 1025): handleMessage: X
D/StrictMode(10954): StrictMode policy violation; ~duration=197 ms: android.os.StrictMode$StrictModeDiskReadViolation: policy=31 violation=2
D/StrictMode(10954): 	at android.os.StrictMode$AndroidBlockGuardPolicy.onReadFromDisk(StrictMode.java:1135)
D/StrictMode(10954): 	at libcore.io.BlockGuardOs.open(BlockGuardOs.java:106)
D/StrictMode(10954): 	at libcore.io.IoUtils.canOpenReadOnly(IoUtils.java:163)
D/StrictMode(10954): 	at dalvik.system.DexPathList.findLibrary(DexPathList.java:384)
D/StrictMode(10954): 	at dalvik.system.BaseDexClassLoader.findLibrary(BaseDexClassLoader.java:77)
D/StrictMode(10954): 	at java.lang.Runtime.loadLibrary(Runtime.java:356)
D/StrictMode(10954): 	at java.lang.System.loadLibrary(System.java:526)
D/StrictMode(10954): 	at com.google.android.libraries.social.jni.crashreporter.NativeCrashHandler.a(PG:189)
D/StrictMode(10954): 	at com.google.android.libraries.social.jni.crashreporter.NativeCrashHandler.a(PG:87)
D/StrictMode(10954): 	at com.google.android.apps.gmm.base.app.d.<init>(PG:562)
D/StrictMode(10954): 	at com.google.android.apps.gmm.base.app.GoogleMapsApplication.a(PG:156)
D/StrictMode(10954): 	at com.google.android.apps.gmm.base.app.GoogleMapsApplication.onCreate(PG:111)
D/StrictMode(10954): 	at android.app.Instrumentation.callApplicationOnCreate(Instrumentation.java:1030)
D/StrictMode(10954): 	at android.app.ActivityThread.handleBindApplication(ActivityThread.java:4409)
D/StrictMode(10954): 	at android.app.ActivityThread.access$1500(ActivityThread.java:139)
D/StrictMode(10954): 	at android.app.ActivityThread$H.handleMessage(ActivityThread.java:1270)
D/StrictMode(10954): 	at android.os.Handler.dispatchMessage(Handler.java:102)
D/StrictMode(10954): 	at android.os.Looper.loop(Looper.java:136)
D/StrictMode(10954): 	at android.app.ActivityThread.main(ActivityThread.java:5086)
D/StrictMode(10954): 	at java.lang.reflect.Method.invokeNative(Native Method)
D/StrictMode(10954): 	at java.lang.reflect.Method.invoke(Method.java:515)
D/StrictMode(10954): 	at com.android.internal.os.ZygoteInit$MethodAndArgsCaller.run(ZygoteInit.java:785)
D/StrictMode(10954): 	at com.android.internal.os.ZygoteInit.main(ZygoteInit.java:601)
D/StrictMode(10954): 	at dalvik.system.NativeStart.main(Native Method)
D/StrictMode(10954): StrictMode policy violation; ~duration=186 ms: android.os.StrictMode$StrictModeDiskReadViolation: policy=31 violation=2
D/StrictMode(10954): 	at android.os.StrictMode$AndroidBlockGuardPolicy.onReadFromDisk(StrictMode.java:1135)
D/StrictMode(10954): 	at android.app.SharedPreferencesImpl.awaitLoadedLocked(SharedPreferencesImpl.java:203)
D/StrictMode(10954): 	at android.app.SharedPreferencesImpl.getBoolean(SharedPreferencesImpl.java:260)
D/StrictMode(10954): 	at android.preference.PreferenceManager.setDefaultValues(PreferenceManager.java:481)
D/StrictMode(10954): 	at com.google.android.apps.gmm.shared.d.a.a(PG:1086)
D/StrictMode(10954): 	at com.google.android.apps.gmm.base.app.d.a(PG:1136)
D/StrictMode(10954): 	at com.google.android.apps.gmm.base.app.d.<init>(PG:578)
D/StrictMode(10954): 	at com.google.android.apps.gmm.base.app.GoogleMapsApplication.a(PG:156)
D/StrictMode(10954): 	at com.google.android.apps.gmm.base.app.GoogleMapsApplication.onCreate(PG:111)
D/StrictMode(10954): 	at android.app.Instrumentation.callApplicationOnCreate(Instrumentation.java:1030)
D/StrictMode(10954): 	at android.app.ActivityThread.handleBindApplication(ActivityThread.java:4409)
D/StrictMode(10954): 	at android.app.ActivityThread.access$1500(ActivityThread.java:139)
D/StrictMode(10954): 	at android.app.ActivityThread$H.handleMessage(ActivityThread.java:1270)
D/StrictMode(10954): 	at android.os.Handler.dispatchMessage(Handler.java:102)
D/StrictMode(10954): 	at android.os.Looper.loop(Looper.java:136)
D/StrictMode(10954): 	at android.app.ActivityThread.main(ActivityThread.java:5086)
D/StrictMode(10954): 	at java.lang.reflect.Method.invokeNative(Native Method)
D/StrictMode(10954): 	at java.lang.reflect.Method.invoke(Method.java:515)
D/StrictMode(10954): 	at com.android.internal.os.ZygoteInit$MethodAndArgsCaller.run(ZygoteInit.java:785)
D/StrictMode(10954): 	at com.android.internal.os.ZygoteInit.main(ZygoteInit.java:601)
D/StrictMode(10954): 	at dalvik.system.NativeStart.main(Native Method)
D/StrictMode(10954): StrictMode policy violation; ~duration=152 ms: android.os.StrictMode$StrictModeDiskReadViolation: policy=31 violation=2
D/StrictMode(10954): 	at android.os.StrictMode$AndroidBlockGuardPolicy.onReadFromDisk(StrictMode.java:1135)
D/StrictMode(10954): 	at libcore.io.BlockGuardOs.open(BlockGuardOs.java:106)
D/StrictMode(10954): 	at libcore.io.IoUtils.canOpenReadOnly(IoUtils.java:163)
D/StrictMode(10954): 	at dalvik.system.DexPathList.findLibrary(DexPathList.java:384)
D/StrictMode(10954): 	at dalvik.system.BaseDexClassLoader.findLibrary(BaseDexClassLoader.java:77)
D/StrictMode(10954): 	at java.lang.Runtime.loadLibrary(Runtime.java:356)
D/StrictMode(10954): 	at java.lang.System.loadLibrary(System.java:526)
D/StrictMode(10954): 	at com.google.android.apps.gmm.map.util.jni.NativeHelper.initialize(PG:42)
D/StrictMode(10954): 	at com.google.android.apps.gmm.map.m.e.<clinit>(PG:89)
D/StrictMode(10954): 	at com.google.android.apps.gmm.base.app.d.a(PG:1135)
D/StrictMode(10954): 	at com.google.android.apps.gmm.base.app.d.<init>(PG:578)
D/StrictMode(10954): 	at com.google.android.apps.gmm.base.app.GoogleMapsApplication.a(PG:156)
D/StrictMode(10954): 	at com.google.android.apps.gmm.base.app.GoogleMapsApplication.onCreate(PG:111)
D/StrictMode(10954): 	at android.app.Instrumentation.callApplicationOnCreate(Instrumentation.java:1030)
D/StrictMode(10954): 	at android.app.ActivityThread.handleBindApplication(ActivityThread.java:4409)
D/StrictMode(10954): 	at android.app.ActivityThread.access$1500(ActivityThread.java:139)
D/StrictMode(10954): 	at android.app.ActivityThread$H.handleMessage(ActivityThread.java:1270)
D/StrictMode(10954): 	at android.os.Handler.dispatchMessage(Handler.java:102)
D/StrictMode(10954): 	at android.os.Looper.loop(Looper.java:136)
D/StrictMode(10954): 	at android.app.ActivityThread.main(ActivityThread.java:5086)
D/StrictMode(10954): 	at java.lang.reflect.Method.invokeNative(Native Method)
D/StrictMode(10954): 	at java.lang.reflect.Method.invoke(Method.java:515)
D/StrictMode(10954): 	at com.android.internal.os.ZygoteInit$MethodAndArgsCaller.run(ZygoteInit.java:785)
D/StrictMode(10954): 	at com.android.internal.os.ZygoteInit.main(ZygoteInit.java:601)
D/StrictMode(10954): 	at dalvik.system.NativeStart.main(Native Method)
D/StrictMode(10954): StrictMode policy violation; ~duration=127 ms: android.os.StrictMode$StrictModeDiskReadViolation: policy=31 violation=2
D/StrictMode(10954): 	at android.os.StrictMode$AndroidBlockGuardPolicy.onReadFromDisk(StrictMode.java:1135)
D/StrictMode(10954): 	at libcore.io.BlockGuardOs.open(BlockGuardOs.java:106)
D/StrictMode(10954): 	at libcore.io.IoBridge.open(IoBridge.java:393)
D/StrictMode(10954): 	at java.io.FileInputStream.<init>(FileInputStream.java:78)
D/StrictMode(10954): 	at android.app.ContextImpl.openFileInput(ContextImpl.java:909)
D/StrictMode(10954): 	at android.content.ContextWrapper.openFileInput(ContextWrapper.java:179)
D/StrictMode(10954): 	at com.google.android.apps.gmm.shared.f.h.a(PG:150)
D/StrictMode(10954): 	at com.google.android.apps.gmm.map.m.e.a(PG:356)
D/StrictMode(10954): 	at com.google.android.apps.gmm.base.app.d.a(PG:1135)
D/StrictMode(10954): 	at com.google.android.apps.gmm.base.app.d.<init>(PG:578)
D/StrictMode(10954): 	at com.google.android.apps.gmm.base.app.GoogleMapsApplication.a(PG:156)
D/StrictMode(10954): 	at com.google.android.apps.gmm.base.app.GoogleMapsApplication.onCreate(PG:111)
D/StrictMode(10954): 	at android.app.Instrumentation.callApplicationOnCreate(Instrumentation.java:1030)
D/StrictMode(10954): 	at android.app.ActivityThread.handleBindApplication(ActivityThread.java:4409)
D/StrictMode(10954): 	at android.app.ActivityThread.access$1500(ActivityThread.java:139)
D/StrictMode(10954): 	at android.app.ActivityThread$H.handleMessage(ActivityThread.java:1270)
D/StrictMode(10954): 	at android.os.Handler.dispatchMessage(Handler.java:102)
D/StrictMode(10954): 	at android.os.Looper.loop(Looper.java:136)
D/StrictMode(10954): 	at android.app.ActivityThread.main(ActivityThread.java:5086)
D/StrictMode(10954): 	at java.lang.reflect.Method.invokeNative(Native Method)
D/StrictMode(10954): 	at java.lang.reflect.Method.invoke(Method.java:515)
D/StrictMode(10954): 	at com.android.internal.os.ZygoteInit$MethodAndArgsCaller.run(ZygoteInit.java:785)
D/StrictMode(10954): 	at com.android.internal.os.ZygoteInit.main(ZygoteInit.java:601)
D/StrictMode(10954): 	at dalvik.system.NativeStart.main(Native Method)
D/StrictMode(10954): StrictMode policy violation; ~duration=122 ms: android.os.StrictMode$StrictModeDiskReadViolation: policy=31 violation=2
D/StrictMode(10954): 	at android.os.StrictMode$AndroidBlockGuardPolicy.onReadFromDisk(StrictMode.java:1135)
D/StrictMode(10954): 	at libcore.io.BlockGuardOs.read(BlockGuardOs.java:148)
D/StrictMode(10954): 	at libcore.io.IoBridge.read(IoBridge.java:425)
D/StrictMode(10954): 	at java.io.FileInputStream.read(FileInputStream.java:179)
D/StrictMode(10954): 	at java.io.BufferedInputStream.read(BufferedInputStream.java:283)
D/StrictMode(10954): 	at java.io.DataInputStream.read(DataInputStream.java:63)
D/StrictMode(10954): 	at com.google.r.j.c(PG:1152)
D/StrictMode(10954): 	at com.google.r.j.a(PG:121)
D/StrictMode(10954): 	at com.google.v.a.a.dv.<init>(PG:24)
D/StrictMode(10954): 	at com.google.v.a.a.dw.b(PG:68)
D/StrictMode(10954): 	at com.google.v.a.a.dw.a(PG:62)
D/StrictMode(10954): 	at com.google.r.e.b(PG:170)
D/StrictMode(10954): 	at com.google.r.e.b(PG:21)
D/StrictMode(10954): 	at com.google.android.apps.gmm.shared.f.h.a(PG:151)
D/StrictMode(10954): 	at com.google.android.apps.gmm.map.m.e.a(PG:356)
D/StrictMode(10954): 	at com.google.android.apps.gmm.base.app.d.a(PG:1135)
D/StrictMode(10954): 	at com.google.android.apps.gmm.base.app.d.<init>(PG:578)
D/StrictMode(10954): 	at com.google.android.apps.gmm.base.app.GoogleMapsApplication.a(PG:156)
D/StrictMode(10954): 	at com.google.android.apps.gmm.base.app.GoogleMapsApplication.onCreate(PG:111)
D/StrictMode(10954): 	at android.app.Instrumentation.callApplicationOnCreate(Instrumentation.java:1030)
D/StrictMode(10954): 	at android.app.ActivityThread.handleBindApplication(ActivityThread.java:4409)
D/StrictMode(10954): 	at android.app.ActivityThread.access$1500(ActivityThread.java:139)
D/StrictMode(10954): 	at android.app.ActivityThread$H.handleMessage(ActivityThread.java:1270)
D/StrictMode(10954): 	at android.os.Handler.dispatchMessage(Handler.java:102)
D/StrictMode(10954): 	at android.os.Looper.loop(Looper.java:136)
D/StrictMode(10954): 	at android.app.ActivityThread.main(ActivityThread.java:5086)
D/StrictMode(10954): 	at java.lang.reflect.Method.invokeNative(Native Method)
D/StrictMode(10954): 	at java.lang.reflect.Method.invoke(Method.java:515)
D/StrictMode(10954): 	at com.android.internal.os.ZygoteInit$MethodAndArgsCaller.run(ZygoteInit.java:785)
D/StrictMode(10954): 	at com.android.internal.os.ZygoteInit.main(ZygoteInit.java:601)
D/StrictMode(10954): 	at dalvik.system.NativeStart.main(Native Method)
D/StrictMode(10954): StrictMode policy violation; ~duration=120 ms: android.os.StrictMode$StrictModeDiskReadViolation: policy=31 violation=2
D/StrictMode(10954): 	at android.os.StrictMode$AndroidBlockGuardPolicy.onReadFromDisk(StrictMode.java:1135)
D/StrictMode(10954): 	at libcore.io.BlockGuardOs.read(BlockGuardOs.java:148)
D/StrictMode(10954): 	at libcore.io.IoBridge.read(IoBridge.java:425)
D/StrictMode(10954): 	at java.io.FileInputStream.read(FileInputStream.java:179)
D/StrictMode(10954): 	at java.io.BufferedInputStream.read(BufferedInputStream.java:283)
D/StrictMode(10954): 	at java.io.DataInputStream.read(DataInputStream.java:63)
D/StrictMode(10954): 	at com.google.r.j.c(PG:1152)
D/StrictMode(10954): 	at com.google.r.j.b(PG:1234)
D/StrictMode(10954): 	at com.google.r.j.g(PG:548)
D/StrictMode(10954): 	at com.google.v.a.a.dv.<init>(PG:43)
D/StrictMode(10954): 	at com.google.v.a.a.dw.b(PG:68)
D/StrictMode(10954): 	at com.google.v.a.a.dw.a(PG:62)
D/StrictMode(10954): 	at com.google.r.e.b(PG:170)
D/StrictMode(10954): 	at com.google.r.e.b(PG:21)
D/StrictMode(10954): 	at com.google.android.apps.gmm.shared.f.h.a(PG:151)
D/StrictMode(10954): 	at com.google.android.apps.gmm.map.m.e.a(PG:356)
D/StrictMode(10954): 	at com.google.android.apps.gmm.base.app.d.a(PG:1135)
D/StrictMode(10954): 	at com.google.android.apps.gmm.base.app.d.<init>(PG:578)
D/StrictMode(10954): 	at com.google.android.apps.gmm.base.app.GoogleMapsApplication.a(PG:156)
D/StrictMode(10954): 	at com.google.android.apps.gmm.base.app.GoogleMapsApplication.onCreate(PG:111)
D/StrictMode(10954): 	at android.app.Instrumentation.callApplicationOnCreate(Instrumentation.java:1030)
D/StrictMode(10954): 	at android.app.ActivityThread.handleBindApplication(ActivityThread.java:4409)
D/StrictMode(10954): 	at android.app.ActivityThread.access$1500(ActivityThread.java:139)
D/StrictMode(10954): 	at android.app.ActivityThread$H.handleMessage(ActivityThread.java:1270)
D/StrictMode(10954): 	at android.os.Handler.dispatchMessage(Handler.java:102)
D/StrictMode(10954): 	at android.os.Looper.loop(Looper.java:136)
D/StrictMode(10954): 	at android.app.ActivityThread.main(ActivityThread.java:5086)
D/StrictMode(10954): 	at java.lang.reflect.Method.invokeNative(Native Method)
D/StrictMode(10954): 	at java.lang.reflect.Method.invoke(Method.java:515)
D/StrictMode(10954): 	at com.android.internal.os.ZygoteInit$MethodAndArgsCaller.run(ZygoteInit.java:785)
D/StrictMode(10954): 	at com.android.internal.os.ZygoteInit.main(ZygoteInit.java:601)
D/StrictMode(10954): 	at dalvik.system.NativeStart.main(Native Method)
W/ActivityThread(10954): ClassLoader.loadClass: The class loader returned by Thread.getContextClassLoader() may fail for processes that host multiple applications. You should explicitly specify a context class loader. For example: Thread.setContextClassLoader(getClass().getClassLoader());
D/CCE     (18647): App motocare requested CCE to send settings
W/BroadcastQueue( 1025): Permission Denial: broadcasting Intent { act=com.motorola.cce.Actions.CCE_SEND_SETTINGS flg=0x10 (has extras) } from com.motorola.genie (pid=10787, uid=10026) is not exported from uid 10034 due to receiver com.motorola.MotGallery2/com.motorola.blur.service.blur.SharedSettingsReceiver
I/FWQAActionReceiver( 1295): Receiver invoked with intent #Intent;action=com.motorola.contextual.actions.Sync;launchFlags=0x30;component=com.motorola.contextual.fw/.actions.ActionReceiver;S.com.motorola.smartactions.intent.extra.EVENT=fire_request;d.com.motorola.smartactions.intent.extra.VERSION=1.0;S.com.motorola.smartactions.intent.extra.REQUEST_ID=com.motorola.smartactions.low_battery.action.1.child.1%3A21;B.com.motorola.smartactions.intent.extra.SAVE_DEFAULT=true;S.com.motorola.smartactions.intent.extra.CONFIG=%23Intent%3Bd.com.motorola.smartactions.intent.extra.CONFIG_VERSION%3D1.0%3BB.state%3Dtrue%3Bend;end
W/ContextImpl( 1295): Calling a method in the system process without a qualified user: android.app.ContextImpl.startService:1608 android.content.ContextWrapper.startService:494 android.content.ContextWrapper.startService:494 com.motorola.contextual.fw.actions.StatefulActionHelper.registerForSettingChanges:81 com.motorola.contextual.fw.actions.Sync.registerForSettingChanges:214 
W/ContextImpl( 1295): Calling a method in the system process without a qualified user: android.app.ContextImpl.startService:1608 android.content.ContextWrapper.startService:494 android.content.ContextWrapper.startService:494 com.motorola.contextual.fw.actions.Utils.writeToDebugService:174 com.motorola.contextual.fw.actions.StatefulAction.setState:261 
I/FWQASync( 1295): removePendingAction
I/FWQASync( 1295): Sync state to be set to true
I/FWQASync( 1295): Old state is true
W/ContextImpl( 1295): Calling a method in the system process without a qualified user: android.app.ContextImpl.startService:1608 android.content.ContextWrapper.startService:494 android.content.ContextWrapper.startService:494 com.motorola.contextual.fw.actions.Utils.writeToDebugService:174 com.motorola.contextual.fw.actions.StatefulAction.setState:278 
I/FWQAActionReceiver( 1295): Sending response intent: #Intent;action=com.motorola.smartactions.intent.action.ACTION_PUBLISHER_EVENT;S.com.motorola.smartactions.intent.extra.EVENT=fire_response;S.com.motorola.smartactions.intent.extra.RESPONSE_ID=com.motorola.smartactions.low_battery.action.1.child.1%3A21;S.com.motorola.smartactions.intent.extra.PUBLISHER_KEY=com.motorola.contextual.actions.Sync;S.com.motorola.smartactions.intent.extra.STATUS=success;end
W/ContextImpl( 1295): Calling a method in the system process without a qualified user: android.app.ContextImpl.sendBroadcast:1252 android.content.ContextWrapper.sendBroadcast:365 android.content.ContextWrapper.sendBroadcast:365 com.motorola.contextual.fw.actions.ActionReceiver.onReceive:80 android.app.ActivityThread.handleReceiver:2434 
I/FWQASettingsService( 1295): In onStartCommand with intent Intent { cmp=com.motorola.contextual.fw/.actions.SettingsService (has extras) }
I/FWQASettingsService( 1295): Setting already registered
W/FWQASettingsService( 1295): Duplicate request
I/FWQADebugService( 1295): MM to QA fire_request com.motorola.contextual.actions.Sync com.motorola.smartactions.low_battery.action.1.child.1:21 1429815453810 
I/ActivityManager( 1025): Start proc com.motorola.contextual.smartrules2 for broadcast com.motorola.contextual.smartrules2/com.motorola.checkin.AnalyticsReceiver: pid=11601 uid=10035 gids={50035, 3003, 1028, 1015, 3001, 3002}
I/ActivityManager( 1025): Process com.google.android.apps.maps (pid 10954) has died.
E/ActivityThread( 1295): Failed to find provider info for com.motorola.contextual.analytics
E/FWQADebugQA( 1295): Error: Cannot write to Debug Provider :java.lang.IllegalArgumentException: Unknown URL content://com.motorola.contextual.analytics/debug
I/FWQADebugService( 1295): QA to MM true com.motorola.contextual.actions.Sync com.motorola.smartactions.low_battery.action.1.child.1:21 1429815453810 success
E/ActivityThread( 1295): Failed to find provider info for com.motorola.contextual.analytics
E/FWQADebugQA( 1295): Error: Cannot write to Debug Provider :java.lang.IllegalArgumentException: Unknown URL content://com.motorola.contextual.analytics/debug
I/FWQADebugService( 1295):  onDestroy
I/ActivityManager( 1025): Start proc com.google.android.googlequicksearchbox:search for broadcast com.google.android.googlequicksearchbox/com.google.android.search.core.UdcSettingBroadcastReceiver: pid=11616 uid=10045 gids={50045, 3003, 3001, 1028, 3002, 1015}
D/Checkin (11601): publish the event [tag = SMART_ACTIONS event name = ACTION]
D/Checkin (11601): publish the event [tag = SMART_ACTIONS event name = ACTION]
I/ActivityManager( 1025): Start proc com.google.android.partnersetup for content provider com.google.android.partnersetup/.RlzAppProvider: pid=11635 uid=10025 gids={50025, 3003}
I/ActivityManager( 1025): Process com.motorola.contextual.smartrules2 (pid 11601) has died.
I/dalvikvm(11616): Could not find method android.content.pm.PackageManager.getPackageInstaller, referenced from method com.google.android.gms.common.e.p
W/dalvikvm(11616): VFY: unable to resolve virtual method 901: Landroid/content/pm/PackageManager;.getPackageInstaller ()Landroid/content/pm/PackageInstaller;
D/dalvikvm(11616): VFY: replacing opcode 0x6e at 0x000b
I/SBar.NetworkController( 1119): onSignalStrengthsChanged SignalStrength: 4 0 -120 -160 -120 -1 -1 99 2147483647 2147483647 2147483647 2147483647 2147483647 gsm|lte 0 -108 -1 false 1 1 0 0 0 99 99 99 4 level=1
I/ActivityManager( 1025): Start proc com.google.android.gms for service com.google.android.gms/.analytics.service.AnalyticsService: pid=11661 uid=10022 gids={50022, 3003, 1007, 1028, 1015, 3002, 3001, 3007, 2001, 3006}
I/ActivityManager( 1025): Process com.paypal.android.p2pmobile (pid 5435) has died.
W/ActivityManager( 1025): Scheduling restart of crashed service com.paypal.android.p2pmobile/.services.WalletService in 1000ms
W/ActivityManager( 1025): Scheduling restart of crashed service com.paypal.android.p2pmobile/.services.AtoService in 11000ms
D/dalvikvm( 1025): GC_EXPLICIT freed 1036K, 40% free 30485K/50444K, paused 5ms+18ms, total 181ms
I/ActivityManager( 1025): Start proc com.google.android.apps.maps for broadcast com.google.android.apps.maps/com.google.android.apps.gmm.iamhere.ble.StartBleServiceReceiver: pid=11673 uid=10064 gids={50064, 3003, 1028, 1015, 3002, 3001}
D/dalvikvm(11673): Trying to load lib /data/app-lib/com.google.android.apps.maps-2/libcrashreporterer.so 0x41fadf60
D/dalvikvm(11673): Added shared lib /data/app-lib/com.google.android.apps.maps-2/libcrashreporterer.so 0x41fadf60
D/dalvikvm(11673): Trying to load lib /data/app-lib/com.google.android.apps.maps-2/libgmm-jni.so 0x41fadf60
D/dalvikvm(11673): Added shared lib /data/app-lib/com.google.android.apps.maps-2/libgmm-jni.so 0x41fadf60
I/SearchServiceFactory(11616): refreshing search history.
W/GAV2    (11616): Thread[Background Blocking-1,5,main]: Need to call initialize() and be in fallback mode to start dispatch.
W/GAV2    (11616): Thread[Background Blocking-1,5,main]: dispatch call queued.  Need to call GAServiceManager.getInstance().initialize().
W/dalvikvm(11661): VFY: unable to resolve static field 658 (PR_SET_DUMPABLE) in Landroid/system/OsConstants;
D/dalvikvm(11661): VFY: replacing opcode 0x60 at 0x000b
D/StrictMode(11673): StrictMode policy violation; ~duration=119 ms: android.os.StrictMode$StrictModeDiskReadViolation: policy=31 violation=2
D/StrictMode(11673): 	at android.os.StrictMode$AndroidBlockGuardPolicy.onReadFromDisk(StrictMode.java:1135)
D/StrictMode(11673): 	at libcore.io.BlockGuardOs.open(BlockGuardOs.java:106)
D/StrictMode(11673): 	at libcore.io.IoUtils.canOpenReadOnly(IoUtils.java:163)
D/StrictMode(11673): 	at dalvik.system.DexPathList.findLibrary(DexPathList.java:384)
D/StrictMode(11673): 	at dalvik.system.BaseDexClassLoader.findLibrary(BaseDexClassLoader.java:77)
D/StrictMode(11673): 	at java.lang.Runtime.loadLibrary(Runtime.java:356)
D/StrictMode(11673): 	at java.lang.System.loadLibrary(System.java:526)
D/StrictMode(11673): 	at com.google.android.libraries.social.jni.crashreporter.NativeCrashHandler.a(PG:189)
D/StrictMode(11673): 	at com.google.android.libraries.social.jni.crashreporter.NativeCrashHandler.a(PG:87)
D/StrictMode(11673): 	at com.google.android.apps.gmm.base.app.d.<init>(PG:562)
D/StrictMode(11673): 	at com.google.android.apps.gmm.base.app.GoogleMapsApplication.a(PG:156)
D/StrictMode(11673): 	at com.google.android.apps.gmm.base.app.GoogleMapsApplication.onCreate(PG:111)
D/StrictMode(11673): 	at android.app.Instrumentation.callApplicationOnCreate(Instrumentation.java:1030)
D/StrictMode(11673): 	at android.app.ActivityThread.handleBindApplication(ActivityThread.java:4409)
D/StrictMode(11673): 	at android.app.ActivityThread.access$1500(ActivityThread.java:139)
D/StrictMode(11673): 	at android.app.ActivityThread$H.handleMessage(ActivityThread.java:1270)
D/StrictMode(11673): 	at android.os.Handler.dispatchMessage(Handler.java:102)
D/StrictMode(11673): 	at android.os.Looper.loop(Looper.java:136)
D/StrictMode(11673): 	at android.app.ActivityThread.main(ActivityThread.java:5086)
D/StrictMode(11673): 	at java.lang.reflect.Method.invokeNative(Native Method)
D/StrictMode(11673): 	at java.lang.reflect.Method.invoke(Method.java:515)
D/StrictMode(11673): 	at com.android.internal.os.ZygoteInit$MethodAndArgsCaller.run(ZygoteInit.java:785)
D/StrictMode(11673): 	at com.android.internal.os.ZygoteInit.main(ZygoteInit.java:601)
D/StrictMode(11673): 	at dalvik.system.NativeStart.main(Native Method)
D/StrictMode(11673): StrictMode policy violation; ~duration=115 ms: android.os.StrictMode$StrictModeDiskReadViolation: policy=31 violation=2
D/StrictMode(11673): 	at android.os.StrictMode$AndroidBlockGuardPolicy.onReadFromDisk(StrictMode.java:1135)
D/StrictMode(11673): 	at android.app.SharedPreferencesImpl.awaitLoadedLocked(SharedPreferencesImpl.java:203)
D/StrictMode(11673): 	at android.app.SharedPreferencesImpl.getBoolean(SharedPreferencesImpl.java:260)
D/StrictMode(11673): 	at android.preference.PreferenceManager.setDefaultValues(PreferenceManager.java:481)
D/StrictMode(11673): 	at com.google.android.apps.gmm.shared.d.a.a(PG:1086)
D/StrictMode(11673): 	at com.google.android.apps.gmm.base.app.d.a(PG:1136)
D/StrictMode(11673): 	at com.google.android.apps.gmm.base.app.d.<init>(PG:578)
D/StrictMode(11673): 	at com.google.android.apps.gmm.base.app.GoogleMapsApplication.a(PG:156)
D/StrictMode(11673): 	at com.google.android.apps.gmm.base.app.GoogleMapsApplication.onCreate(PG:111)
D/StrictMode(11673): 	at android.app.Instrumentation.callApplicationOnCreate(Instrumentation.java:1030)
D/StrictMode(11673): 	at android.app.ActivityThread.handleBindApplication(ActivityThread.java:4409)
D/StrictMode(11673): 	at android.app.ActivityThread.access$1500(ActivityThread.java:139)
D/StrictMode(11673): 	at android.app.ActivityThread$H.handleMessage(ActivityThread.java:1270)
D/StrictMode(11673): 	at android.os.Handler.dispatchMessage(Handler.java:102)
D/StrictMode(11673): 	at android.os.Looper.loop(Looper.java:136)
D/StrictMode(11673): 	at android.app.ActivityThread.main(ActivityThread.java:5086)
D/StrictMode(11673): 	at java.lang.reflect.Method.invokeNative(Native Method)
D/StrictMode(11673): 	at java.lang.reflect.Method.invoke(Method.java:515)
D/StrictMode(11673): 	at com.android.internal.os.ZygoteInit$MethodAndArgsCaller.run(ZygoteInit.java:785)
D/StrictMode(11673): 	at com.android.internal.os.ZygoteInit.main(ZygoteInit.java:601)
D/StrictMode(11673): 	at dalvik.system.NativeStart.main(Native Method)
D/StrictMode(11673): StrictMode policy violation; ~duration=102 ms: android.os.StrictMode$StrictModeDiskReadViolation: policy=31 violation=2
D/StrictMode(11673): 	at android.os.StrictMode$AndroidBlockGuardPolicy.onReadFromDisk(StrictMode.java:1135)
D/StrictMode(11673): 	at libcore.io.BlockGuardOs.open(BlockGuardOs.java:106)
D/StrictMode(11673): 	at libcore.io.IoUtils.canOpenReadOnly(IoUtils.java:163)
D/StrictMode(11673): 	at dalvik.system.DexPathList.findLibrary(DexPathList.java:384)
D/StrictMode(11673): 	at dalvik.system.BaseDexClassLoader.findLibrary(BaseDexClassLoader.java:77)
D/StrictMode(11673): 	at java.lang.Runtime.loadLibrary(Runtime.java:356)
D/StrictMode(11673): 	at java.lang.System.loadLibrary(System.java:526)
D/StrictMode(11673): 	at com.google.android.apps.gmm.map.util.jni.NativeHelper.initialize(PG:42)
D/StrictMode(11673): 	at com.google.android.apps.gmm.map.m.e.<clinit>(PG:89)
D/StrictMode(11673): 	at com.google.android.apps.gmm.base.app.d.a(PG:1135)
D/StrictMode(11673): 	at com.google.android.apps.gmm.base.app.d.<init>(PG:578)
D/StrictMode(11673): 	at com.google.android.apps.gmm.base.app.GoogleMapsApplication.a(PG:156)
D/StrictMode(11673): 	at com.google.android.apps.gmm.base.app.GoogleMapsApplication.onCreate(PG:111)
D/StrictMode(11673): 	at android.app.Instrumentation.callApplicationOnCreate(Instrumentation.java:1030)
D/StrictMode(11673): 	at android.app.ActivityThread.handleBindApplication(ActivityThread.java:4409)
D/StrictMode(11673): 	at android.app.ActivityThread.access$1500(ActivityThread.java:139)
D/StrictMode(11673): 	at android.app.ActivityThread$H.handleMessage(ActivityThread.java:1270)
D/StrictMode(11673): 	at android.os.Handler.dispatchMessage(Handler.java:102)
D/StrictMode(11673): 	at android.os.Looper.loop(Looper.java:136)
D/StrictMode(11673): 	at android.app.ActivityThread.main(ActivityThread.java:5086)
D/StrictMode(11673): 	at java.lang.reflect.Method.invokeNative(Native Method)
D/StrictMode(11673): 	at java.lang.reflect.Method.invoke(Method.java:515)
D/StrictMode(11673): 	at com.android.internal.os.ZygoteInit$MethodAndArgsCaller.run(ZygoteInit.java:785)
D/StrictMode(11673): 	at com.android.internal.os.ZygoteInit.main(ZygoteInit.java:601)
D/StrictMode(11673): 	at dalvik.system.NativeStart.main(Native Method)
D/StrictMode(11673): StrictMode policy violation; ~duration=88 ms: android.os.StrictMode$StrictModeDiskReadViolation: policy=31 violation=2
D/StrictMode(11673): 	at android.os.StrictMode$AndroidBlockGuardPolicy.onReadFromDisk(StrictMode.java:1135)
D/StrictMode(11673): 	at libcore.io.BlockGuardOs.open(BlockGuardOs.java:106)
D/StrictMode(11673): 	at libcore.io.IoBridge.open(IoBridge.java:393)
D/StrictMode(11673): 	at java.io.FileInputStream.<init>(FileInputStream.java:78)
D/StrictMode(11673): 	at android.app.ContextImpl.openFileInput(ContextImpl.java:909)
