D/StrictMode(26614): 	at com.android.internal.os.ZygoteInit$MethodAndArgsCaller.run(ZygoteInit.java:785)
D/StrictMode(26614): 	at com.android.internal.os.ZygoteInit.main(ZygoteInit.java:601)
D/StrictMode(26614): 	at dalvik.system.NativeStart.main(Native Method)
D/StrictMode(26614): StrictMode policy violation; ~duration=110 ms: android.os.StrictMode$StrictModeDiskReadViolation: policy=31 violation=2
D/StrictMode(26614): 	at android.os.StrictMode$AndroidBlockGuardPolicy.onReadFromDisk(StrictMode.java:1135)
D/StrictMode(26614): 	at libcore.io.BlockGuardOs.read(BlockGuardOs.java:148)
D/StrictMode(26614): 	at libcore.io.IoBridge.read(IoBridge.java:425)
D/StrictMode(26614): 	at java.io.FileInputStream.read(FileInputStream.java:179)
D/StrictMode(26614): 	at java.io.BufferedInputStream.read(BufferedInputStream.java:283)
D/StrictMode(26614): 	at java.io.DataInputStream.read(DataInputStream.java:63)
D/StrictMode(26614): 	at com.google.r.j.c(PG:1152)
D/StrictMode(26614): 	at com.google.r.j.b(PG:1234)
D/StrictMode(26614): 	at com.google.r.j.g(PG:548)
D/StrictMode(26614): 	at com.google.v.a.a.dv.<init>(PG:43)
D/StrictMode(26614): 	at com.google.v.a.a.dw.b(PG:68)
D/StrictMode(26614): 	at com.google.v.a.a.dw.a(PG:62)
D/StrictMode(26614): 	at com.google.r.e.b(PG:170)
D/StrictMode(26614): 	at com.google.r.e.b(PG:21)
D/StrictMode(26614): 	at com.google.android.apps.gmm.shared.f.h.a(PG:151)
D/StrictMode(26614): 	at com.google.android.apps.gmm.map.m.e.a(PG:356)
D/StrictMode(26614): 	at com.google.android.apps.gmm.base.app.d.a(PG:1135)
D/StrictMode(26614): 	at com.google.android.apps.gmm.base.app.d.<init>(PG:578)
D/StrictMode(26614): 	at com.google.android.apps.gmm.base.app.GoogleMapsApplication.a(PG:156)
D/StrictMode(26614): 	at com.google.android.apps.gmm.base.app.GoogleMapsApplication.onCreate(PG:111)
D/StrictMode(26614): 	at android.app.Instrumentation.callApplicationOnCreate(Instrumentation.java:1030)
D/StrictMode(26614): 	at android.app.ActivityThread.handleBindApplication(ActivityThread.java:4409)
D/StrictMode(26614): 	at android.app.ActivityThread.access$1500(ActivityThread.java:139)
D/StrictMode(26614): 	at android.app.ActivityThread$H.handleMessage(ActivityThread.java:1270)
D/StrictMode(26614): 	at android.os.Handler.dispatchMessage(Handler.java:102)
D/StrictMode(26614): 	at android.os.Looper.loop(Looper.java:136)
D/StrictMode(26614): 	at android.app.ActivityThread.main(ActivityThread.java:5086)
D/StrictMode(26614): 	at java.lang.reflect.Method.invokeNative(Native Method)
D/StrictMode(26614): 	at java.lang.reflect.Method.invoke(Method.java:515)
D/StrictMode(26614): 	at com.android.internal.os.ZygoteInit$MethodAndArgsCaller.run(ZygoteInit.java:785)
D/StrictMode(26614): 	at com.android.internal.os.ZygoteInit.main(ZygoteInit.java:601)
D/StrictMode(26614): 	at dalvik.system.NativeStart.main(Native Method)
W/ActivityThread(26614): ClassLoader.loadClass: The class loader returned by Thread.getContextClassLoader() may fail for processes that host multiple applications. You should explicitly specify a context class loader. For example: Thread.setContextClassLoader(getClass().getClassLoader());
I/dalvikvm(26614): Could not find method android.os.PowerManager.isPowerSaveMode, referenced from method com.google.android.apps.gmm.iamhere.ble.m.b
W/dalvikvm(26614): VFY: unable to resolve virtual method 1246: Landroid/os/PowerManager;.isPowerSaveMode ()Z
D/dalvikvm(26614): VFY: replacing opcode 0x6e at 0x0074
I/MDMCTBK (  273): NetlinkHandler, power_supply subsys
I/MDMCTBK (  273): NetlinkHandler, usbChargerStateChanged
I/MDMCTBK (  273): checkDefaultInst, current pid is = 273
I/MDMCTBK (  273): checkDefaultInst, pid match
I/MDMCTBK (  273): MdmCutbackHndler,readFromFile = /sys/class/power_supply/usb/online
I/MDMCTBK (  273): MdmCutbackHndler,usb, new_state =1
I/MDMCTBK (  273): MdmCutbackHndler Status: Qmi =1, cg=0, ep=0, vc=0, dc=0, cn=0, wf=1, mf=0, wfd=0, apm=0, usb=1, stopqmi=0
I/MDMCTBK (  273): set_property_value, Enter
I/MDMCTBK (  273): set_property_value, Values updated in the property=1,0,0,0,0,0,1,0,0,0,1,0
I/MDMCTBK (  273): set_property_value, Values updated in the property file Successfully
I/MDMCTBK (  273): set_property_value, Exit
I/MDMCTBK (  273): setSarCtrl:set SAR over QMI, conn:0, ep:0,wf:1, mf:0, chrg:1
I/MDMCTBK (  273): send SAR ctrl over QMI
I/MDMCTBK (  273): MdmCutbackHndler,readFromFile = 
E/MDMCTBK (  273): MdmCutbackHndler,Could not open ''
I/dalvikvm(26614): Could not find method android.content.pm.PackageManager.getPackageInstaller, referenced from method com.google.android.gms.common.d.a
W/dalvikvm(26614): VFY: unable to resolve virtual method 573: Landroid/content/pm/PackageManager;.getPackageInstaller ()Landroid/content/pm/PackageInstaller;
D/dalvikvm(26614): VFY: replacing opcode 0x6e at 0x000f
I/ActivityManager( 1025): Process com.google.android.apps.maps (pid 26614) has died.
V/UsbDeviceManager( 1025): USB UEVENT: {USB_STATE=CONNECTED, SUBSYSTEM=android_usb, DEVPATH=/devices/virtual/android_usb/android0, SEQNUM=408295, ACTION=change}
V/UsbDeviceManager( 1025): USB UEVENT: {USB_STATE=DISCONNECTED, SUBSYSTEM=android_usb, DEVPATH=/devices/virtual/android_usb/android0, SEQNUM=408296, ACTION=change}
D/UsbDeviceManager( 1025): broadcasting Intent { act=android.hardware.usb.action.USB_STATE flg=0x20000000 (has extras) } connected: true configured: false
I/ActivityManager( 1025): Start proc android.process.media for broadcast com.android.providers.media/.MtpReceiver: pid=26642 uid=10018 gids={50018, 1028, 1015, 1023, 1024, 2001, 3003, 3007}
I/MDMCTBK (  273): NetlinkHandler, power_supply subsys
I/MDMCTBK (  273): NetlinkHandler, usbChargerStateChanged
I/MDMCTBK (  273): checkDefaultInst, current pid is = 273
I/MDMCTBK (  273): checkDefaultInst, pid match
I/MDMCTBK (  273): MdmCutbackHndler,readFromFile = /sys/class/power_supply/usb/online
I/MDMCTBK (  273): MdmCutbackHndler,readFromFile = 
E/MDMCTBK (  273): MdmCutbackHndler,Could not open ''
I/MDMCTBK (  273): NetlinkHandler, power_supply subsys
I/MDMCTBK (  273): NetlinkHandler, usbChargerStateChanged
I/MDMCTBK (  273): checkDefaultInst, current pid is = 273
I/MDMCTBK (  273): checkDefaultInst, pid match
I/MDMCTBK (  273): MdmCutbackHndler,readFromFile = /sys/class/power_supply/usb/online
I/MDMCTBK (  273): MdmCutbackHndler,readFromFile = 
E/MDMCTBK (  273): MdmCutbackHndler,Could not open ''
V/UsbDeviceManager( 1025): USB UEVENT: {USB_STATE=CONNECTED, SUBSYSTEM=android_usb, DEVPATH=/devices/virtual/android_usb/android0, SEQNUM=408299, ACTION=change}
D/UsbDeviceManager( 1025): broadcasting Intent { act=android.hardware.usb.action.USB_STATE flg=0x20000000 (has extras) } connected: true configured: false
D/WifiStateMachine( 1025): handleMessage: E msg.what=151572
D/WifiStateMachine( 1025): processMsg: ConnectedState
D/WifiStateMachine( 1025): processMsg: L2ConnectedState
D/WifiStateMachine( 1025): handleMessage: X
D/dalvikvm(26642): No JNI_OnLoad found in /system/lib/libcryptomodes-jni.so 0x41fadb70, skipping init
I/openssl (26642): Crypto mode not selected, openssl will run on its regular mode.
I/openssl (26642): Crypto mode 0 already enabled
I/MDMCTBK (  273): NetlinkHandler, power_supply subsys
I/MDMCTBK (  273): NetlinkHandler, usbChargerStateChanged
I/MDMCTBK (  273): checkDefaultInst, current pid is = 273
I/MDMCTBK (  273): checkDefaultInst, pid match
I/MDMCTBK (  273): MdmCutbackHndler,readFromFile = /sys/class/power_supply/usb/online
I/MDMCTBK (  273): MdmCutbackHndler,readFromFile = 
E/MDMCTBK (  273): MdmCutbackHndler,Could not open ''
V/UsbDeviceManager( 1025): USB UEVENT: {USB_STATE=CONFIGURED, SUBSYSTEM=android_usb, DEVPATH=/devices/virtual/android_usb/android0, SEQNUM=408301, ACTION=change}
D/UsbDeviceManager( 1025): broadcasting Intent { act=android.hardware.usb.action.USB_STATE flg=0x20000000 (has extras) } connected: true configured: true
D/MtpService(26642): updating state; isCurrentUser=true, mMtpLocked=false
D/MtpService(26642): mUsbDriverRestricted=false
D/MtpService(26642): addStorageLocked 65537 /storage/emulated/0
D/MtpService(26642): updating state; isCurrentUser=true, mMtpLocked=false
D/MtpService(26642): starting MTP server in MTP mode
D/MtpService(26642): addStorageLocked 65537 /storage/emulated/0
I/MDMCTBK (  273): NetlinkHandler, power_supply subsys
I/MDMCTBK (  273): NetlinkHandler, usbChargerStateChanged
I/MDMCTBK (  273): checkDefaultInst, current pid is = 273
I/MDMCTBK (  273): checkDefaultInst, pid match
I/MDMCTBK (  273): MdmCutbackHndler,readFromFile = /sys/class/power_supply/usb/online
I/MDMCTBK (  273): MdmCutbackHndler,readFromFile = 
E/MDMCTBK (  273): MdmCutbackHndler,Could not open ''
I/MDMCTBK (  273): NetlinkHandler, power_supply subsys
I/MDMCTBK (  273): NetlinkHandler, usbChargerStateChanged
I/MDMCTBK (  273): checkDefaultInst, current pid is = 273
I/MDMCTBK (  273): checkDefaultInst, pid match
I/MDMCTBK (  273): MdmCutbackHndler,readFromFile = /sys/class/power_supply/usb/online
I/MDMCTBK (  273): MdmCutbackHndler,readFromFile = 
E/MDMCTBK (  273): MdmCutbackHndler,Could not open ''
I/EntropyMixer( 1025): Writing entropy...
D/Ulp_jni ( 1025): JNI:system_update. Event-2
D/LBSSystemMonitorService( 1025): handleMessage what - 8
D/DeviceContext( 1025): handleMessage what - 1
D/Ulp_jni ( 1025): Location CB invoked
I/ActivityManager( 1025): Start proc com.google.android.apps.uploader for broadcast com.google.android.apps.uploader/com.google.android.picasasync.BatteryReceiver: pid=26666 uid=10079 gids={50079, 3003, 1028, 1015}
I/iu.Environment(11661): update battery state; isPlugged? true*
I/iu.UploadsManager(11661): num queued entries: 0
D/PicasaUploader(26666):    wifiOnlyPhoto changed to true
D/PicasaUploader(26666):    wifiOnlyVideo changed to true
D/PicasaUploader(26666):    syncOnBattery changed to true
I/iu.UploadsManager(11661): num updated entries: 0
D/PicasaUploaderSync(26666): sync account database
I/iu.SyncManager(11661): NEXT; no task
I/GCoreUlr(31342): Starting service, intent=Intent { act=com.google.android.location.reporting.ACTION_UPDATE_WORLD cmp=com.google.android.gms/com.google.android.location.reporting.service.DispatchingService (has extras) }, extras=Bundle[{receiverAction=android.intent.action.ACTION_POWER_CONNECTED}]
I/iu.FingerprintManager(11661): Start processing all media
I/iu.FingerprintManager(11661): Start processing media store URI: content://media/external/images/media
I/ActivityManager( 1025): Process com.google.android.apps.uploader (pid 26666) has died.
I/GCoreUlr(31342): DispatchingService.onCreate()
E/LocalFingerprints(11661): cannot compute fingerprint for: content://media/external/images/media/3224
E/LocalFingerprints(11661): java.io.FileNotFoundException: No such file or directory
E/LocalFingerprints(11661): 	at android.database.DatabaseUtils.readExceptionWithFileNotFoundExceptionFromParcel(DatabaseUtils.java:146)
E/LocalFingerprints(11661): 	at android.content.ContentProviderProxy.openTypedAssetFile(ContentProviderNative.java:682)
E/LocalFingerprints(11661): 	at android.content.ContentResolver.openTypedAssetFileDescriptor(ContentResolver.java:1063)
E/LocalFingerprints(11661): 	at android.content.ContentResolver.openAssetFileDescriptor(ContentResolver.java:904)
E/LocalFingerprints(11661): 	at android.content.ContentResolver.openInputStream(ContentResolver.java:629)
E/LocalFingerprints(11661): 	at com.google.android.libraries.social.autobackup.b.a.a(SourceFile:162)
E/LocalFingerprints(11661): 	at com.google.android.libraries.social.autobackup.r.a(SourceFile:146)
E/LocalFingerprints(11661): 	at com.google.android.libraries.social.autobackup.FingerprintScannerIntentService.onHandleIntent(SourceFile:80)
E/LocalFingerprints(11661): 	at android.app.IntentService$ServiceHandler.handleMessage(IntentService.java:65)
E/LocalFingerprints(11661): 	at android.os.Handler.dispatchMessage(Handler.java:102)
E/LocalFingerprints(11661): 	at android.os.Looper.loop(Looper.java:136)
E/LocalFingerprints(11661): 	at android.os.HandlerThread.run(HandlerThread.java:61)
I/iu.FingerprintManager(11661): Not inserting fingerprint into all photos because has empty content uri or fingerprint. uri: content://media/external/images/media/3224 fingerprint: null
I/iu.FingerprintManager(11661): Start processing media store URI: content://media/external/video/media
I/ActivityManager( 1025): Start proc com.motorola.genie for broadcast com.motorola.genie/.prefetch.PowerStatusReceiver: pid=26691 uid=10026 gids={50026, 3003, 1028, 1015}
I/iu.FingerprintManager(11661): Start processing media store URI: content://media/phoneStorage/images/media
I/iu.FingerprintManager(11661): Start processing media store URI: content://media/phoneStorage/video/media
I/iu.FingerprintManager(11661): Finished generating fingerprints; 0.118 seconds
I/iu.FingerprintManager(11661):   numSeen=16 numGenerated=1 numDeleted=0 numFailed=1
I/MDMCTBK (  273): NetlinkHandler, power_supply subsys
I/MDMCTBK (  273): NetlinkHandler, usbChargerStateChanged
I/MDMCTBK (  273): checkDefaultInst, current pid is = 273
I/MDMCTBK (  273): checkDefaultInst, pid match
I/MDMCTBK (  273): MdmCutbackHndler,readFromFile = /sys/class/power_supply/usb/online
I/MDMCTBK (  273): MdmCutbackHndler,readFromFile = 
E/MDMCTBK (  273): MdmCutbackHndler,Could not open ''
E/LocalFingerprints(27213): cannot compute fingerprint for: content://media/external/images/media/3224
E/LocalFingerprints(27213): java.io.FileNotFoundException: No such file or directory
E/LocalFingerprints(27213): 	at android.database.DatabaseUtils.readExceptionWithFileNotFoundExceptionFromParcel(DatabaseUtils.java:146)
E/LocalFingerprints(27213): 	at android.content.ContentProviderProxy.openTypedAssetFile(ContentProviderNative.java:682)
E/LocalFingerprints(27213): 	at android.content.ContentResolver.openTypedAssetFileDescriptor(ContentResolver.java:1063)
E/LocalFingerprints(27213): 	at android.content.ContentResolver.openAssetFileDescriptor(ContentResolver.java:904)
E/LocalFingerprints(27213): 	at android.content.ContentResolver.openInputStream(ContentResolver.java:629)
E/LocalFingerprints(27213): 	at hti.a(PG:160)
E/LocalFingerprints(27213): 	at hrm.a(PG:135)
E/LocalFingerprints(27213): 	at com.google.android.libraries.social.autobackup.FingerprintScannerIntentService.onHandleIntent(PG:77)
E/LocalFingerprints(27213): 	at android.app.IntentService$ServiceHandler.handleMessage(IntentService.java:65)
E/LocalFingerprints(27213): 	at android.os.Handler.dispatchMessage(Handler.java:102)
E/LocalFingerprints(27213): 	at android.os.Looper.loop(Looper.java:136)
E/LocalFingerprints(27213): 	at android.os.HandlerThread.run(HandlerThread.java:61)
I/GCoreUlr(31342): WorldUpdater received intent Intent { act=com.google.android.location.reporting.ACTION_UPDATE_WORLD cmp=com.google.android.gms/com.google.android.location.reporting.service.DispatchingService (has extras) } with receiverAction android.intent.action.ACTION_POWER_CONNECTED
I/ActivityManager( 1025): Start proc com.motorola.contextual.smartrules2 for broadcast com.motorola.contextual.smartrules2/com.motorola.batterysaverlib.BatteryNotificationReceiver: pid=26715 uid=10035 gids={50035, 3003, 1028, 1015, 3001, 3002}
D/dalvikvm(31342): GC_CONCURRENT freed 1996K, 37% free 10949K/17224K, paused 3ms+4ms, total 66ms
I/MDMCTBK (  273): NetlinkHandler, power_supply subsys
I/MDMCTBK (  273): NetlinkHandler, usbChargerStateChanged
I/MDMCTBK (  273): checkDefaultInst, current pid is = 273
I/MDMCTBK (  273): checkDefaultInst, pid match
I/MDMCTBK (  273): MdmCutbackHndler,readFromFile = /sys/class/power_supply/usb/online
I/MDMCTBK (  273): MdmCutbackHndler,readFromFile = 
E/MDMCTBK (  273): MdmCutbackHndler,Could not open ''
I/MDMCTBK (  273): NetlinkHandler, power_supply subsys
I/MDMCTBK (  273): NetlinkHandler, usbChargerStateChanged
I/MDMCTBK (  273): checkDefaultInst, current pid is = 273
I/MDMCTBK (  273): checkDefaultInst, pid match
I/MDMCTBK (  273): MdmCutbackHndler,readFromFile = /sys/class/power_supply/usb/online
I/MDMCTBK (  273): MdmCutbackHndler,readFromFile = 
E/MDMCTBK (  273): MdmCutbackHndler,Could not open ''
I/ActivityManager( 1025): Start proc com.motorola.MotGallery2 for broadcast com.motorola.MotGallery2/com.viewdle.receivers.PowerConnectedReceiver: pid=26730 uid=10034 gids={50034, 3003, 1028, 1015}
I/ActivityManager( 1025): Process com.motorola.avatar (pid 25363) has died.
W/ActivityManager( 1025): Scheduling restart of crashed service com.motorola.avatar/.cloud.client.OnBootService in 1000ms
I/ActivityManager( 1025): Start proc com.android.chrome for broadcast com.android.chrome/com.google.android.apps.chrome.precache.PrecacheServiceLauncher: pid=26745 uid=10057 gids={50057, 3003, 1028, 1015}
I/ActivityManager( 1025): Process com.motorola.contextual.smartrules2 (pid 26715) has died.
I/GCoreUlr(31342): WorldUpdater:android.intent.action.ACTION_POWER_CONNECTED: Ensuring that reporting is stopped because of reasons: {account#2#=[InactiveReason{mVersionCode=0, mIdentifier=6, mName='ReportingNotEnabled'}, InactiveReason{mVersionCode=0, mIdentifier=14, mName='HistoryNotEnabled'}]}
I/GCoreUlr(31342): Unbound from all location providers
I/GCoreUlr(31342): DispatchingService.onDestroy()
I/GCoreUlr(31342): Unbound from all location providers
I/ActivityManager( 1025): Start proc com.facebook.katana for broadcast com.facebook.katana/com.facebook.vault.service.VaultPowerConnectionReceiver: pid=26758 uid=10110 gids={50110, 1028, 1015, 3003}
W/dalvikvm(26758): VFY: unable to resolve static field 29078 (a) in Lcom/facebook/katana/app/WorkAppTypes;
D/dalvikvm(26758): VFY: replacing opcode 0x62 at 0x0013
W/dalvikvm(26758): VFY: unable to resolve static field 29079 (b) in Lcom/facebook/katana/app/WorkAppTypes;
D/dalvikvm(26758): VFY: replacing opcode 0x62 at 0x001d
D/WifiStateMachine( 1025): handleMessage: E msg.what=131155
D/WifiStateMachine( 1025): processMsg: ConnectedState
D/WifiStateMachine( 1025): processMsg: L2ConnectedState
E/dalvikvm(26758): Could not find class 'com.facebook.katana.app.WallpaperFacebookApplicationImpl', referenced from method com.facebook.katana.app.FacebookApplication.a
W/dalvikvm(26758): VFY: unable to resolve new-instance 379 (Lcom/facebook/katana/app/WallpaperFacebookApplicationImpl;) in Lcom/facebook/katana/app/FacebookApplication;
D/dalvikvm(26758): VFY: replacing opcode 0x22 at 0x00a9
D/dalvikvm(26758): DexOpt: unable to opt direct call 0x055f at 0xab in Lcom/facebook/katana/app/FacebookApplication;.a
D/WifiStateMachine( 1025): handleMessage: X
D/WifiStateMachine( 1025): handleMessage: E msg.what=151572
D/WifiStateMachine( 1025): processMsg: ConnectedState
D/WifiStateMachine( 1025): processMsg: L2ConnectedState
D/WifiStateMachine( 1025): handleMessage: X
D/CatchMeIfYouCan(26758): Process (<default>) ca: '/data/data/com.facebook.katana/app_cmiyc/A1657CCD543F12E66E587EE52ED9D802E22AAC4701'
D/CatchMeIfYouCan(26758): Process (<default>) fc: '/data/data/com.facebook.katana/app_cmiyc/A1657CCD543F12E66E587EE52ED9D802E22AAC4702'
D/CatchMeIfYouCan(26758): Process (<default>) cp: '('default', 3, 120000, silent [true], restart [false], logout [false])'
D/ACRA    (26758): ACRA is enabled for com.facebook.katana, intializing...
D/ACRA    (26758): Looking for error files in /data/data/com.facebook.katana/app_acra-reports
D/ACRA    (26758): Looking for error files in /data/data/com.facebook.katana/app_minidumps
D/dalvikvm(26758): Trying to load lib /data/app-lib/com.facebook.katana-1/libgnustl_shared.so 0x41fbc4f0
D/dalvikvm(26758): Added shared lib /data/app-lib/com.facebook.katana-1/libgnustl_shared.so 0x41fbc4f0
D/dalvikvm(26758): No JNI_OnLoad found in /data/app-lib/com.facebook.katana-1/libgnustl_shared.so 0x41fbc4f0, skipping init
D/dalvikvm(26758): Trying to load lib /data/app-lib/com.facebook.katana-1/libfb_breakpad_client.so 0x41fbc4f0
D/dalvikvm(26758): Added shared lib /data/app-lib/com.facebook.katana-1/libfb_breakpad_client.so 0x41fbc4f0
D/dalvikvm(26758): Trying to load lib /data/app-lib/com.facebook.katana-1/libfb_dalvik-internals.so 0x41fbc4f0
D/dalvikvm(26758): Added shared lib /data/app-lib/com.facebook.katana-1/libfb_dalvik-internals.so 0x41fbc4f0
V/DexLibLoader(26758): about to lock: /data/data/com.facebook.katana/mdex_lock
V/DexLibLoader(26758): locking /data/data/com.facebook.katana/mdex_lock took 1 ms
V/DexLibLoader(26758): Secondary program dex metadata: secondary-1.dex.jar.xz 15ef54b77950d1e6c1cbc3342a20571a9fd8050d secondary.dex01.Canary
V/DexLibLoader(26758): Secondary program dex metadata: secondary-2.dex.jar.xz 14bcaeed5ad488eaf139a59d22cf00efbde5948b secondary.dex02.Canary
V/DexLibLoader(26758): Secondary program dex metadata: secondary-3.dex.jar.xz e8acf246c92474061a3e0f7dafec5559e33da2c5 secondary.dex03.Canary
V/DexLibLoader(26758): Secondary program dex metadata: secondary-4.dex.jar.xz 1d7a13e77be07efb41a2c80160a9aec6fff27ad1 secondary.dex04.Canary
V/DexLibLoader(26758): Secondary program dex metadata: secondary-5.dex.jar.xz 42761fa3dedc1f1a9503bece4f2db80adf01f775 secondary.dex05.Canary
V/DexLibLoader(26758): Secondary program dex metadata: secondary-6.dex.jar.xz 1b4455e1ba1ff38a86723e24cd334fa1062519f1 secondary.dex06.Canary
V/DexLibLoader(26758): Secondary program dex metadata: secondary-7.dex.jar.xz a54de6ef97459e1e5b5c8f874a889a38965d3446 secondary.dex07.Canary
V/DexLibLoader(26758): directory "/data/data/com.facebook.katana/app_secondary_program_dex" contains "program-15ef54b77950d1e6c1cbc3342a20571a9fd8050d6661a1c7.dex.jar" as expected
V/DexLibLoader(26758): directory "/data/data/com.facebook.katana/app_secondary_program_dex" contains "program-14bcaeed5ad488eaf139a59d22cf00efbde5948b6661a1c7.dex.jar" as expected
V/DexLibLoader(26758): directory "/data/data/com.facebook.katana/app_secondary_program_dex" contains "program-e8acf246c92474061a3e0f7dafec5559e33da2c56661a1c7.dex.jar" as expected
V/DexLibLoader(26758): directory "/data/data/com.facebook.katana/app_secondary_program_dex" contains "program-1d7a13e77be07efb41a2c80160a9aec6fff27ad16661a1c7.dex.jar" as expected
V/DexLibLoader(26758): directory "/data/data/com.facebook.katana/app_secondary_program_dex" contains "program-42761fa3dedc1f1a9503bece4f2db80adf01f7756661a1c7.dex.jar" as expected
V/DexLibLoader(26758): directory "/data/data/com.facebook.katana/app_secondary_program_dex" contains "program-1b4455e1ba1ff38a86723e24cd334fa1062519f16661a1c7.dex.jar" as expected
V/DexLibLoader(26758): directory "/data/data/com.facebook.katana/app_secondary_program_dex" contains "program-a54de6ef97459e1e5b5c8f874a889a38965d34466661a1c7.dex.jar" as expected
D/DexLibLoader(26758): ignoring file "program-15ef54b77950d1e6c1cbc3342a20571a9fd8050d6661a1c7.dex.odex" in "/data/data/com.facebook.katana/app_secondary_program_dex"
D/DexLibLoader(26758): ignoring file "program-14bcaeed5ad488eaf139a59d22cf00efbde5948b6661a1c7.dex.odex" in "/data/data/com.facebook.katana/app_secondary_program_dex"
D/DexLibLoader(26758): ignoring file "program-e8acf246c92474061a3e0f7dafec5559e33da2c56661a1c7.dex.odex" in "/data/data/com.facebook.katana/app_secondary_program_dex"
D/DexLibLoader(26758): ignoring file "program-1d7a13e77be07efb41a2c80160a9aec6fff27ad16661a1c7.dex.odex" in "/data/data/com.facebook.katana/app_secondary_program_dex"
D/DexLibLoader(26758): ignoring file "program-42761fa3dedc1f1a9503bece4f2db80adf01f7756661a1c7.dex.odex" in "/data/data/com.facebook.katana/app_secondary_program_dex"
D/DexLibLoader(26758): ignoring file "program-1b4455e1ba1ff38a86723e24cd334fa1062519f16661a1c7.dex.odex" in "/data/data/com.facebook.katana/app_secondary_program_dex"
D/DexLibLoader(26758): ignoring file "program-a54de6ef97459e1e5b5c8f874a889a38965d34466661a1c7.dex.odex" in "/data/data/com.facebook.katana/app_secondary_program_dex"
D/DexLibLoader(26758): directory "/data/data/com.facebook.katana/app_secondary_program_dex" is valid
D/DexLibLoader(26758): ignoring file "primary_deps" in "/data/data/com.facebook.katana/app_secondary_program_dex_opt"
V/DexLibLoader(26758): directory "/data/data/com.facebook.katana/app_secondary_program_dex_opt" contains "program-15ef54b77950d1e6c1cbc3342a20571a9fd8050d6661a1c7.dex.dex" as expected
V/DexLibLoader(26758): directory "/data/data/com.facebook.katana/app_secondary_program_dex_opt" contains "program-14bcaeed5ad488eaf139a59d22cf00efbde5948b6661a1c7.dex.dex" as expected
V/DexLibLoader(26758): directory "/data/data/com.facebook.katana/app_secondary_program_dex_opt" contains "program-e8acf246c92474061a3e0f7dafec5559e33da2c56661a1c7.dex.dex" as expected
V/DexLibLoader(26758): directory "/data/data/com.facebook.katana/app_secondary_program_dex_opt" contains "program-1d7a13e77be07efb41a2c80160a9aec6fff27ad16661a1c7.dex.dex" as expected
V/DexLibLoader(26758): directory "/data/data/com.facebook.katana/app_secondary_program_dex_opt" contains "program-42761fa3dedc1f1a9503bece4f2db80adf01f7756661a1c7.dex.dex" as expected
V/DexLibLoader(26758): directory "/data/data/com.facebook.katana/app_secondary_program_dex_opt" contains "program-1b4455e1ba1ff38a86723e24cd334fa1062519f16661a1c7.dex.dex" as expected
V/DexLibLoader(26758): directory "/data/data/com.facebook.katana/app_secondary_program_dex_opt" contains "program-a54de6ef97459e1e5b5c8f874a889a38965d34466661a1c7.dex.dex" as expected
D/DexLibLoader(26758): directory "/data/data/com.facebook.katana/app_secondary_program_dex_opt" is valid
D/DexLibLoader(26758): loading pre-built cross-dex opt odex files
V/dalvik-internals(26758): hooked dvmResolveClass using jump ()
V/dalvik-internals(26758): hooked dvmFlushBreakpoints using jump ()
I/ActivityManager( 1025): Process com.motorola.MotGallery2 (pid 26730) has died.
V/MultiDexClassLoader(26758): installing MultiDexClassLoader before application classloader
I/dalvikvm(26758): Could not find method dalvik.system.DexFile.loadClassBinaryName, referenced from method com.facebook.common.dextricks.DexFileLoadOld.a
W/dalvikvm(26758): VFY: unable to resolve virtual method 2073: Ldalvik/system/DexFile;.loadClassBinaryName (Ljava/lang/String;Ljava/lang/ClassLoader;)Ljava/lang/Class;
D/dalvikvm(26758): VFY: replacing opcode 0x6e at 0x0000
D/DexLibLoader(26758): released odex store lock
D/DexLibLoader(26758): DexLibLoader.loadAll took 180 ms
D/MemoryReductionHack(26758): Marked as initialized entry corresponding to path /data/app/com.facebook.katana-1.apk
D/GcOptimizer(26758): Enabled
V/dalvik-internals(26758): hooked dvmLinearAlloc using jump ()
V/dalvik-internals(26758): hooked dvmLinearRealloc using jump ()
V/dalvik-internals(26758): hooked dvmLinearFree using jump ()
V/dalvik-internals(26758): hooked dvmLinearStrdup using jump ()
V/dalvik-internals(26758): hooked dvmLinearAllocContains using jump ()
I/dalvik-internals(26758): enlarged linearalloc buffer to 33554432 bytes
I/ActivityManager( 1025): Process com.android.chrome (pid 26745) has died.
I/SBar.NetworkController( 1119): onSignalStrengthsChanged SignalStrength: 5 0 -120 -160 -120 -1 -1 99 2147483647 2147483647 2147483647 2147483647 2147483647 gsm|lte 0 -108 -1 false 2 2 0 0 0 99 99 99 4 level=2
F/ProcessStats( 1025): Starting service ServiceState{42a5c010 com.viber.voip.api.billing.InAppBillingService pkg=com.viber.voip proc=42a5c010} without owner
F/ProcessStats( 1025): Starting service ServiceState{4210e678 com.viber.service.VoipConnectorService pkg=com.viber.voip proc=4210e678} without owner
F/ProcessStats( 1025): Starting service ServiceState{42c48c08 com.whatsapp.messaging.MessageService pkg=com.whatsapp proc=42c48c08} without owner
F/ProcessStats( 1025): Starting service ServiceState{43399718 com.paypal.android.p2pmobile.services.AtoService pkg=com.paypal.android.p2pmobile proc=43399718} without owner
F/ProcessStats( 1025): Starting service ServiceState{43231e48 com.paypal.android.p2pmobile.services.WalletService pkg=com.paypal.android.p2pmobile proc=43231e48} without owner
F/ProcessStats( 1025): Starting service ServiceState{428fdff0 com.facebook.push.mqtt.service.MqttPushService pkg=com.facebook.orca proc=428fdff0} without owner
W/ContextImpl( 1295): Calling a method in the system process without a qualified user: android.app.ContextImpl.sendBroadcast:1252 android.content.ContextWrapper.sendBroadcast:365 com.motorola.motocare.util.TriggerHelper$TriggerBuilder.send:76 com.motorola.motocare.internal.frameworkevents.PauseResumeTrigger.handleFrameworkEvent:53 com.motorola.motocare.internal.frameworkevents.FwEventMonitor$FrameworkListener.processFrameworkEvent:114 
D/CordovaActivity(21707): Resuming the App
D/PhoneStatusBar( 1119): disable: < expand icons alerts ticker system_info back* home* recent* clock* search >
W/InputMethodManagerService( 1025): Window already focused, ignoring focus gain of: com.android.internal.view.IInputMethodClient$Stub$Proxy@42a700e8 attribute=android.view.inputmethod.EditorInfo@421f4018, token = android.os.BinderProxy@4321f268
D/UsbDeviceManager( 1025): MSG_USER_PRESENT
V/PhoneStatusBar( 1119): setLightsOn(true)
D/WifiStateMachine( 1025): handleMessage: E msg.what=151572
D/WifiStateMachine( 1025): processMsg: ConnectedState
D/WifiStateMachine( 1025): processMsg: L2ConnectedState
D/WifiStateMachine( 1025): handleMessage: X
W/StaticBindingVerifier(26758): Verify
I/dalvikvm(26758): Could not find method com.facebook.resources.FbResources.getDrawable, referenced from method com.facebook.resources.impl.DownloadedFbResources.getDrawable
W/dalvikvm(26758): VFY: unable to resolve virtual method 48479: Lcom/facebook/resources/FbResources;.getDrawable (ILandroid/content/res/Resources$Theme;)Landroid/graphics/drawable/Drawable;
D/dalvikvm(26758): VFY: replacing opcode 0x6f at 0x0031
D/WifiService( 1025): New client listening to asynchronous messages
I/SFPerfTracer(  274):      triggers: (rate: 1250:49613) (compose: 0:251) (post: 0:20) (render: 84:10545) (16:779624 frames) (17:3297503)
D/SFPerfTracer(  274):        layers: (3:10) (DimLayer: 0:158)* (DimLayer: 0:126)* (FocusedStackFrame: 0:21488)* (StatusBar: 0:263753) (NavigationBar: 17:202382) (DimLayer: 0:24310)* (DimLayer: 1:4680)* (com.android.wallpaper.fall.FallWallpaper: 0:9339)* (co.giftmeapp.gift_me/co.giftmeapp.gift_me.GiftMe: 1:298) (Keyguard: 0:76)* 
I/ActivityManager( 1025): START u0 {act=com.android.systemui.recent.action.TOGGLE_RECENTS flg=0x10800000 cmp=com.android.systemui/.recent.RecentsActivity (has extras)} from pid 1119
W/ContextImpl( 1295): Calling a method in the system process without a qualified user: android.app.ContextImpl.sendBroadcast:1252 android.content.ContextWrapper.sendBroadcast:365 com.motorola.motocare.util.TriggerHelper$TriggerBuilder.send:76 com.motorola.motocare.internal.frameworkevents.PauseResumeTrigger.handleFrameworkEvent:53 com.motorola.motocare.internal.frameworkevents.FwEventMonitor$FrameworkListener.processFrameworkEvent:114 
D/CordovaActivity(21707): Paused the application!
D/CordovaWebView(21707): Handle the pause
W/ContextImpl( 1295): Calling a method in the system process without a qualified user: android.app.ContextImpl.sendBroadcast:1252 android.content.ContextWrapper.sendBroadcast:365 com.motorola.motocare.util.TriggerHelper$TriggerBuilder.send:76 com.motorola.motocare.internal.frameworkevents.PauseResumeTrigger.handleFrameworkEvent:53 com.motorola.motocare.internal.frameworkevents.FwEventMonitor$FrameworkListener.processFrameworkEvent:114 
I/SFPerfTracer(  274):       trigger: vsync rate (-27.422%)	(43.547 vps)	(22.964 ms)* 	(58 drops)	(193 vsyncs)
I/SFPerfTracer(  274):      triggers: (rate: 1117:446552) (339764 sw vsyncs) (1045196 skipped) (193:3316996 vsyncs) (195:4157184)
W/InputMethodManagerService( 1025): Starting input on non-focused client com.android.internal.view.IInputMethodClient$Stub$Proxy@42226fe0 (uid=10155 pid=21707)
W/IInputConnectionWrapper(21707): showStatusIcon on inactive InputConnection
D/dalvikvm( 1119): GC_CONCURRENT freed 1832K, 24% free 15448K/20224K, paused 33ms+5ms, total 69ms
D/dalvikvm( 1119): WAIT_FOR_CONCURRENT_GC blocked 20ms
I/LaunchCheckinHandler( 1025): Displayed com.android.systemui/.recent.RecentsActivity,wp,wa,116
W/ContextImpl( 1295): Calling a method in the system process without a qualified user: android.app.ContextImpl.startService:1608 android.content.ContextWrapper.startService:494 android.content.ContextWrapper.startService:494 com.motorola.motocare.internal.batterystats.BatteryStatsAction.onReceive:33 android.app.ActivityThread.handleReceiver:2434 
E/dalvikvm(26758): Could not find class 'org.apache.harmony.xnet.provider.jsse.OpenSSLSocketImpl', referenced from method com.facebook.ssl.openssl.check.CheckOpenSSLImplHasRequiredMethods.<clinit>
W/dalvikvm(26758): VFY: unable to resolve const-class 13808 (Lorg/apache/harmony/xnet/provider/jsse/OpenSSLSocketImpl;) in Lcom/facebook/ssl/openssl/check/CheckOpenSSLImplHasRequiredMethods;
D/dalvikvm(26758): VFY: replacing opcode 0x1c at 0x000d
E/dalvikvm(26758): Could not find class 'org.apache.harmony.xnet.provider.jsse.OpenSSLSocketFactoryImpl', referenced from method com.facebook.ssl.openssl.reflect.SSLParametersGetter.<clinit>
W/dalvikvm(26758): VFY: unable to resolve const-class 13807 (Lorg/apache/harmony/xnet/provider/jsse/OpenSSLSocketFactoryImpl;) in Lcom/facebook/ssl/openssl/reflect/SSLParametersGetter;
D/dalvikvm(26758): VFY: replacing opcode 0x1c at 0x000d
E/dalvikvm(26758): Could not find class 'org.apache.harmony.xnet.provider.jsse.SSLParametersImpl', referenced from method com.facebook.ssl.openssl.reflect.SSLParametersGetter.a
W/dalvikvm(26758): VFY: unable to resolve check-cast 13809 (Lorg/apache/harmony/xnet/provider/jsse/SSLParametersImpl;) in Lcom/facebook/ssl/openssl/reflect/SSLParametersGetter;
D/dalvikvm(26758): VFY: replacing opcode 0x1f at 0x0006
E/dalvikvm(26758): Could not find class 'org.apache.harmony.xnet.provider.jsse.SSLParametersImpl', referenced from method com.facebook.ssl.openssl.reflect.SSLSessionTimeoutSetter.<clinit>
W/dalvikvm(26758): VFY: unable to resolve const-class 13809 (Lorg/apache/harmony/xnet/provider/jsse/SSLParametersImpl;) in Lcom/facebook/ssl/openssl/reflect/SSLSessionTimeoutSetter;
D/dalvikvm(26758): VFY: replacing opcode 0x1c at 0x000d
W/dalvikvm(26758): VFY: unable to find class referenced in signature (Lorg/apache/harmony/xnet/provider/jsse/SSLParametersImpl;)
E/dalvikvm(26758): Could not find class 'org.apache.harmony.xnet.provider.jsse.ClientSessionContext', referenced from method com.facebook.ssl.openssl.reflect.SSLSessionTimeoutSetter.a
W/dalvikvm(26758): VFY: unable to resolve check-cast 13806 (Lorg/apache/harmony/xnet/provider/jsse/ClientSessionContext;) in Lcom/facebook/ssl/openssl/reflect/SSLSessionTimeoutSetter;
D/dalvikvm(26758): VFY: replacing opcode 0x1f at 0x0006
D/dalvikvm( 1119): GC_FOR_ALLOC freed 1506K, 27% free 14841K/20224K, paused 33ms, total 44ms
W/dalvikvm(26758): VFY: unable to find class referenced in signature (Lorg/apache/harmony/xnet/provider/jsse/SSLParametersImpl;)
D/CCE     (18647): App motocare requested CCE to send settings
W/dalvikvm(26758): Unable to resolve superclass of Lcom/facebook/ssl/openssl/TicketEnabledOpenSSLSocketImplWrapper; (11243)
W/dalvikvm(26758): Link of class 'Lcom/facebook/ssl/openssl/TicketEnabledOpenSSLSocketImplWrapper;' failed
E/dalvikvm(26758): Could not find class 'com.facebook.ssl.openssl.TicketEnabledOpenSSLSocketImplWrapper', referenced from method com.facebook.ssl.openssl.TicketEnabledOpenSSLSocketFactoryHelper.a
W/dalvikvm(26758): VFY: unable to resolve new-instance 10681 (Lcom/facebook/ssl/openssl/TicketEnabledOpenSSLSocketImplWrapper;) in Lcom/facebook/ssl/openssl/TicketEnabledOpenSSLSocketFactoryHelper;
D/dalvikvm(26758): VFY: replacing opcode 0x22 at 0x0000
W/dalvikvm(26758): Unable to resolve superclass of Lcom/facebook/ssl/openssl/TicketEnabledOpenSSLSocketImplWrapper; (11243)
W/dalvikvm(26758): Link of class 'Lcom/facebook/ssl/openssl/TicketEnabledOpenSSLSocketImplWrapper;' failed
D/dalvikvm(26758): DexOpt: unable to opt direct call 0xc22f at 0x08 in Lcom/facebook/ssl/openssl/TicketEnabledOpenSSLSocketFactoryHelper;.a
W/BroadcastQueue( 1025): Permission Denial: broadcasting Intent { act=com.motorola.cce.Actions.CCE_SEND_SETTINGS flg=0x10 (has extras) } from com.motorola.genie (pid=26691, uid=10026) is not exported from uid 10034 due to receiver com.motorola.MotGallery2/com.motorola.blur.service.blur.SharedSettingsReceiver
I/dalvikvm-heap( 1119): Grow heap (frag case) to 16.955MB for 380496-byte allocation
I/FWQAActionReceiver( 1295): Receiver invoked with intent #Intent;action=com.motorola.contextual.actions.Sync;launchFlags=0x30;component=com.motorola.contextual.fw/.actions.ActionReceiver;S.com.motorola.smartactions.intent.extra.EVENT=fire_request;d.com.motorola.smartactions.intent.extra.VERSION=1.0;S.com.motorola.smartactions.intent.extra.REQUEST_ID=com.motorola.smartactions.low_battery.action.1.child.1%3A21;B.com.motorola.smartactions.intent.extra.SAVE_DEFAULT=true;S.com.motorola.smartactions.intent.extra.CONFIG=%23Intent%3Bd.com.motorola.smartactions.intent.extra.CONFIG_VERSION%3D1.0%3BB.state%3Dtrue%3Bend;end
W/ContextImpl( 1295): Calling a method in the system process without a qualified user: android.app.ContextImpl.startService:1608 android.content.ContextWrapper.startService:494 android.content.ContextWrapper.startService:494 com.motorola.contextual.fw.actions.StatefulActionHelper.registerForSettingChanges:81 com.motorola.contextual.fw.actions.Sync.registerForSettingChanges:214 
W/ContextImpl( 1295): Calling a method in the system process without a qualified user: android.app.ContextImpl.startService:1608 android.content.ContextWrapper.startService:494 android.content.ContextWrapper.startService:494 com.motorola.contextual.fw.actions.Utils.writeToDebugService:174 com.motorola.contextual.fw.actions.StatefulAction.setState:261 
I/FWQASync( 1295): removePendingAction
I/FWQASync( 1295): Sync state to be set to true
I/FWQASync( 1295): Old state is true
W/ContextImpl( 1295): Calling a method in the system process without a qualified user: android.app.ContextImpl.startService:1608 android.content.ContextWrapper.startService:494 android.content.ContextWrapper.startService:494 com.motorola.contextual.fw.actions.Utils.writeToDebugService:174 com.motorola.contextual.fw.actions.StatefulAction.setState:278 
I/FWQAActionReceiver( 1295): Sending response intent: #Intent;action=com.motorola.smartactions.intent.action.ACTION_PUBLISHER_EVENT;S.com.motorola.smartactions.intent.extra.EVENT=fire_response;S.com.motorola.smartactions.intent.extra.RESPONSE_ID=com.motorola.smartactions.low_battery.action.1.child.1%3A21;S.com.motorola.smartactions.intent.extra.PUBLISHER_KEY=com.motorola.contextual.actions.Sync;S.com.motorola.smartactions.intent.extra.STATUS=success;end
W/ContextImpl( 1295): Calling a method in the system process without a qualified user: android.app.ContextImpl.sendBroadcast:1252 android.content.ContextWrapper.sendBroadcast:365 android.content.ContextWrapper.sendBroadcast:365 com.motorola.contextual.fw.actions.ActionReceiver.onReceive:80 android.app.ActivityThread.handleReceiver:2434 
I/FWQASettingsService( 1295): In onStartCommand with intent Intent { cmp=com.motorola.contextual.fw/.actions.SettingsService (has extras) }
I/FWQASettingsService( 1295): Setting already registered
W/FWQASettingsService( 1295): Duplicate request
I/FWQADebugService( 1295): MM to QA fire_request com.motorola.contextual.actions.Sync com.motorola.smartactions.low_battery.action.1.child.1:21 1429820672829 
E/ActivityThread( 1295): Failed to find provider info for com.motorola.contextual.analytics
E/FWQADebugQA( 1295): Error: Cannot write to Debug Provider :java.lang.IllegalArgumentException: Unknown URL content://com.motorola.contextual.analytics/debug
I/FWQADebugService( 1295): QA to MM true com.motorola.contextual.actions.Sync com.motorola.smartactions.low_battery.action.1.child.1:21 1429820672829 success
E/ActivityThread( 1295): Failed to find provider info for com.motorola.contextual.analytics
E/FWQADebugQA( 1295): Error: Cannot write to Debug Provider :java.lang.IllegalArgumentException: Unknown URL content://com.motorola.contextual.analytics/debug
I/FWQADebugService( 1295):  onDestroy
I/ActivityManager( 1025): Start proc com.motorola.contextual.smartrules2 for broadcast com.motorola.contextual.smartrules2/com.motorola.checkin.AnalyticsReceiver: pid=26830 uid=10035 gids={50035, 3003, 1028, 1015, 3001, 3002}
D/WifiStateMachine( 1025): handleMessage: E msg.what=151572
D/WifiStateMachine( 1025): processMsg: ConnectedState
D/WifiStateMachine( 1025): processMsg: L2ConnectedState
D/WifiStateMachine( 1025): handleMessage: X
D/dalvikvm(  275): GC_EXPLICIT freed 43K, 48% free 9011K/17224K, paused 1ms+3ms, total 25ms
D/dalvikvm(  275): GC_EXPLICIT freed <1K, 48% free 9011K/17224K, paused 2ms+3ms, total 21ms
D/dalvikvm( 1119): GC_FOR_ALLOC freed 476K, 29% free 14789K/20596K, paused 47ms, total 50ms
D/dalvikvm(  275): GC_EXPLICIT freed <1K, 48% free 9011K/17224K, paused 1ms+3ms, total 19ms
D/dalvikvm(26758): Trying to load lib /data/app-lib/com.facebook.katana-1/libfbjni.so 0x41fbc4f0
D/dalvikvm(26758): Added shared lib /data/app-lib/com.facebook.katana-1/libfbjni.so 0x41fbc4f0
D/dalvikvm(26758): Trying to load lib /data/app-lib/com.facebook.katana-1/libcares.so 0x41fbc4f0
D/dalvikvm(26758): Added shared lib /data/app-lib/com.facebook.katana-1/libcares.so 0x41fbc4f0
D/dalvikvm(26758): No JNI_OnLoad found in /data/app-lib/com.facebook.katana-1/libcares.so 0x41fbc4f0, skipping init
D/dalvikvm(26758): Trying to load lib /data/app-lib/com.facebook.katana-1/libdouble-conversion.so 0x41fbc4f0
I/WindowState( 1025): WIN DEATH: Window{4285c620 u0 com.ghisler.android.TotalCommander/com.ghisler.android.TotalCommander.TotalCommander}
I/ActivityManager( 1025): Process com.ghisler.android.TotalCommander (pid 19471) has died.
W/ContextImpl( 1295): Calling a method in the system process without a qualified user: android.app.ContextImpl.startService:1608 android.content.ContextWrapper.startService:494 android.content.ContextWrapper.startService:494 com.motorola.motocare.internal.batterystats.BatteryStatsAction.onReceive:33 android.app.ActivityThread.handleReceiver:2434 
I/ActivityManager( 1025): Start proc com.google.android.googlequicksearchbox:search for broadcast com.google.android.googlequicksearchbox/com.google.android.search.core.UdcSettingBroadcastReceiver: pid=26849 uid=10045 gids={50045, 3003, 3001, 1028, 3002, 1015}
D/dalvikvm(26758): Added shared lib /data/app-lib/com.facebook.katana-1/libdouble-conversion.so 0x41fbc4f0
D/dalvikvm(26758): No JNI_OnLoad found in /data/app-lib/com.facebook.katana-1/libdouble-conversion.so 0x41fbc4f0, skipping init
D/dalvikvm(26758): Trying to load lib /data/app-lib/com.facebook.katana-1/libevent.so 0x41fbc4f0
D/dalvikvm(26758): Added shared lib /data/app-lib/com.facebook.katana-1/libevent.so 0x41fbc4f0
D/dalvikvm(26758): No JNI_OnLoad found in /data/app-lib/com.facebook.katana-1/libevent.so 0x41fbc4f0, skipping init
D/dalvikvm(26758): Trying to load lib /data/app-lib/com.facebook.katana-1/libliger.so 0x41fbc4f0
D/Checkin (26830): publish the event [tag = SMART_ACTIONS event name = ACTION]
D/dalvikvm( 1025): GC_EXPLICIT freed 2180K, 39% free 30794K/50444K, paused 10ms+24ms, total 236ms
D/Checkin (26830): publish the event [tag = SMART_ACTIONS event name = ACTION]
D/dalvikvm(26758): Added shared lib /data/app-lib/com.facebook.katana-1/libliger.so 0x41fbc4f0
I/ActivityManager( 1025): Process com.motorola.contextual.smartrules2 (pid 26830) has died.
D/dalvikvm( 2458): GC_CONCURRENT freed 1989K, 44% free 9659K/17224K, paused 3ms+4ms, total 25ms
D/dalvikvm( 1295): GC_CONCURRENT freed 1904K, 46% free 9454K/17224K, paused 2ms+4ms, total 33ms
I/ActivityManager( 1025): Start proc com.google.android.partnersetup for content provider com.google.android.partnersetup/.RlzAppProvider: pid=26866 uid=10025 gids={50025, 3003}
W/fb4a(:<default>):AbstractMqttPushService(26758): Attempt to start service that is already started
I/dalvikvm(26849): Could not find method android.content.pm.PackageManager.getPackageInstaller, referenced from method com.google.android.gms.common.e.p
W/dalvikvm(26849): VFY: unable to resolve virtual method 901: Landroid/content/pm/PackageManager;.getPackageInstaller ()Landroid/content/pm/PackageInstaller;
D/dalvikvm(26849): VFY: replacing opcode 0x6e at 0x000b
I/ActivityManager( 1025): Start proc com.google.android.apps.maps for broadcast com.google.android.apps.maps/com.google.android.apps.gmm.iamhere.ble.StartBleServiceReceiver: pid=26889 uid=10064 gids={50064, 3003, 1028, 1015, 3002, 3001}
D/dalvikvm(31010): GC_EXPLICIT freed 162K, 40% free 10336K/17224K, paused 2ms+5ms, total 49ms
I/ActivityManager( 1025): Process com.google.android.googlequicksearchbox:search (pid 26849) has died.
I/ActivityManager( 1025): Process com.google.android.partnersetup (pid 26866) has died.
D/dalvikvm(26758): Trying to load lib /data/app-lib/com.facebook.katana-1/libheartbleed.so 0x41fbc4f0
D/dalvikvm(26758): Added shared lib /data/app-lib/com.facebook.katana-1/libheartbleed.so 0x41fbc4f0
I/ActivityManager( 1025): Process com.motorola.genie (pid 26691) has died.
D/WifiStateMachine( 1025): handleMessage: E msg.what=151572
D/WifiStateMachine( 1025): processMsg: ConnectedState
D/WifiStateMachine( 1025): processMsg: L2ConnectedState
D/WifiStateMachine( 1025): handleMessage: X
D/WifiStateMachine( 1025): handleMessage: E msg.what=131155
D/WifiStateMachine( 1025): processMsg: ConnectedState
D/WifiStateMachine( 1025): processMsg: L2ConnectedState
D/WifiStateMachine( 1025): handleMessage: X
D/dalvikvm(26889): Trying to load lib /data/app-lib/com.google.android.apps.maps-2/libcrashreporterer.so 0x41fa8fe0
D/dalvikvm(26889): Added shared lib /data/app-lib/com.google.android.apps.maps-2/libcrashreporterer.so 0x41fa8fe0
D/dalvikvm(26889): Trying to load lib /data/app-lib/com.google.android.apps.maps-2/libgmm-jni.so 0x41fa8fe0
D/dalvikvm(26889): Added shared lib /data/app-lib/com.google.android.apps.maps-2/libgmm-jni.so 0x41fa8fe0
D/StrictMode(26889): StrictMode policy violation; ~duration=234 ms: android.os.StrictMode$StrictModeDiskReadViolation: policy=31 violation=2
D/StrictMode(26889): 	at android.os.StrictMode$AndroidBlockGuardPolicy.onReadFromDisk(StrictMode.java:1135)
D/StrictMode(26889): 	at libcore.io.BlockGuardOs.open(BlockGuardOs.java:106)
D/StrictMode(26889): 	at libcore.io.IoUtils.canOpenReadOnly(IoUtils.java:163)
D/StrictMode(26889): 	at dalvik.system.DexPathList.findLibrary(DexPathList.java:384)
D/StrictMode(26889): 	at dalvik.system.BaseDexClassLoader.findLibrary(BaseDexClassLoader.java:77)
D/StrictMode(26889): 	at java.lang.Runtime.loadLibrary(Runtime.java:356)
D/StrictMode(26889): 	at java.lang.System.loadLibrary(System.java:526)
D/StrictMode(26889): 	at com.google.android.libraries.social.jni.crashreporter.NativeCrashHandler.a(PG:189)
D/StrictMode(26889): 	at com.google.android.libraries.social.jni.crashreporter.NativeCrashHandler.a(PG:87)
D/StrictMode(26889): 	at com.google.android.apps.gmm.base.app.d.<init>(PG:562)
D/StrictMode(26889): 	at com.google.android.apps.gmm.base.app.GoogleMapsApplication.a(PG:156)
D/StrictMode(26889): 	at com.google.android.apps.gmm.base.app.GoogleMapsApplication.onCreate(PG:111)
D/StrictMode(26889): 	at android.app.Instrumentation.callApplicationOnCreate(Instrumentation.java:1030)
D/StrictMode(26889): 	at android.app.ActivityThread.handleBindApplication(ActivityThread.java:4409)
D/StrictMode(26889): 	at android.app.ActivityThread.access$1500(ActivityThread.java:139)
D/StrictMode(26889): 	at android.app.ActivityThread$H.handleMessage(ActivityThread.java:1270)
D/StrictMode(26889): 	at android.os.Handler.dispatchMessage(Handler.java:102)
D/StrictMode(26889): 	at android.os.Looper.loop(Looper.java:136)
D/StrictMode(26889): 	at android.app.ActivityThread.main(ActivityThread.java:5086)
D/StrictMode(26889): 	at java.lang.reflect.Method.invokeNative(Native Method)
D/StrictMode(26889): 	at java.lang.reflect.Method.invoke(Method.java:515)
D/StrictMode(26889): 	at com.android.internal.os.ZygoteInit$MethodAndArgsCaller.run(ZygoteInit.java:785)
D/StrictMode(26889): 	at com.android.internal.os.ZygoteInit.main(ZygoteInit.java:601)
D/StrictMode(26889): 	at dalvik.system.NativeStart.main(Native Method)
D/StrictMode(26889): StrictMode policy violation; ~duration=220 ms: android.os.StrictMode$StrictModeDiskReadViolation: policy=31 violation=2
D/StrictMode(26889): 	at android.os.StrictMode$AndroidBlockGuardPolicy.onReadFromDisk(StrictMode.java:1135)
D/StrictMode(26889): 	at android.app.SharedPreferencesImpl.awaitLoadedLocked(SharedPreferencesImpl.java:203)
D/StrictMode(26889): 	at android.app.SharedPreferencesImpl.getBoolean(SharedPreferencesImpl.java:260)
D/StrictMode(26889): 	at android.preference.PreferenceManager.setDefaultValues(PreferenceManager.java:481)
D/StrictMode(26889): 	at com.google.android.apps.gmm.shared.d.a.a(PG:1086)
D/StrictMode(26889): 	at com.google.android.apps.gmm.base.app.d.a(PG:1136)
D/StrictMode(26889): 	at com.google.android.apps.gmm.base.app.d.<init>(PG:578)
D/StrictMode(26889): 	at com.google.android.apps.gmm.base.app.GoogleMapsApplication.a(PG:156)
D/StrictMode(26889): 	at com.google.android.apps.gmm.base.app.GoogleMapsApplication.onCreate(PG:111)
D/StrictMode(26889): 	at android.app.Instrumentation.callApplicationOnCreate(Instrumentation.java:1030)
D/StrictMode(26889): 	at android.app.ActivityThread.handleBindApplication(ActivityThread.java:4409)
D/StrictMode(26889): 	at android.app.ActivityThread.access$1500(ActivityThread.java:139)
D/StrictMode(26889): 	at android.app.ActivityThread$H.handleMessage(ActivityThread.java:1270)
D/StrictMode(26889): 	at android.os.Handler.dispatchMessage(Handler.java:102)
D/StrictMode(26889): 	at android.os.Looper.loop(Looper.java:136)
D/StrictMode(26889): 	at android.app.ActivityThread.main(ActivityThread.java:5086)
D/StrictMode(26889): 	at java.lang.reflect.Method.invokeNative(Native Method)
D/StrictMode(26889): 	at java.lang.reflect.Method.invoke(Method.java:515)
