D/WifiStateMachine( 1025): handleMessage: E msg.what=151572
D/WifiStateMachine( 1025): processMsg: ConnectedState
D/WifiStateMachine( 1025): processMsg: L2ConnectedState
D/WifiStateMachine( 1025): handleMessage: X
D/WifiStateMachine( 1025): handleMessage: E msg.what=131155
D/WifiStateMachine( 1025): processMsg: ConnectedState
D/WifiStateMachine( 1025): processMsg: L2ConnectedState
D/WifiStateMachine( 1025): handleMessage: X
D/WifiStateMachine( 1025): handleMessage: E msg.what=151572
D/WifiStateMachine( 1025): processMsg: ConnectedState
D/WifiStateMachine( 1025): processMsg: L2ConnectedState
D/WifiStateMachine( 1025): handleMessage: X
I/SBar.NetworkController( 1119): onSignalStrengthsChanged SignalStrength: 8 0 -120 -160 -120 -1 -1 99 2147483647 2147483647 2147483647 2147483647 2147483647 gsm|lte 0 -108 -1 false 3 3 0 0 0 99 99 99 4 level=3
I/SBar.NetworkController( 1119): refreshSignalCluster: mobile: Signal=zz_moto_stat_sys_signal_2_fully_wide Roaming=(none) mSimIconId=(none) Accessibility="Phone two bars.","Not roaming.",""
D/WifiStateMachine( 1025): handleMessage: E msg.what=151572
D/WifiStateMachine( 1025): processMsg: ConnectedState
D/WifiStateMachine( 1025): processMsg: L2ConnectedState
D/WifiStateMachine( 1025): handleMessage: X
D/Ulp_jni ( 1025): Location CB invoked
I/SBar.NetworkController( 1119): refreshSignalCluster: mobile: Signal=zz_moto_stat_sys_signal_3_fully_wide Roaming=(none) mSimIconId=(none) Accessibility="Phone three bars.","Not roaming.",""
D/WifiStateMachine( 1025): handleMessage: E msg.what=151572
D/WifiStateMachine( 1025): processMsg: ConnectedState
D/WifiStateMachine( 1025): processMsg: L2ConnectedState
D/WifiStateMachine( 1025): handleMessage: X
D/WifiStateMachine( 1025): handleMessage: E msg.what=131155
D/WifiStateMachine( 1025): processMsg: ConnectedState
D/WifiStateMachine( 1025): processMsg: L2ConnectedState
D/WifiStateMachine( 1025): handleMessage: X
D/WifiStateMachine( 1025): handleMessage: E msg.what=151572
D/WifiStateMachine( 1025): processMsg: ConnectedState
D/WifiStateMachine( 1025): processMsg: L2ConnectedState
D/WifiStateMachine( 1025): handleMessage: X
I/SBar.NetworkController( 1119): onSignalStrengthsChanged SignalStrength: 12 0 -120 -160 -120 -1 -1 99 2147483647 2147483647 2147483647 2147483647 2147483647 gsm|lte 0 -108 -1 false 4 4 0 0 0 99 99 99 4 level=4
D/WifiStateMachine( 1025): handleMessage: E msg.what=151572
D/WifiStateMachine( 1025): processMsg: ConnectedState
D/WifiStateMachine( 1025): processMsg: L2ConnectedState
D/WifiStateMachine( 1025): handleMessage: X
I/SBar.NetworkController( 1119): refreshSignalCluster: mobile: Signal=zz_moto_stat_sys_signal_4_fully_wide Roaming=(none) mSimIconId=(none) Accessibility="Phone signal full.","Not roaming.",""
D/WifiStateMachine( 1025): handleMessage: E msg.what=151572
D/WifiStateMachine( 1025): processMsg: ConnectedState
D/WifiStateMachine( 1025): processMsg: L2ConnectedState
D/WifiStateMachine( 1025): handleMessage: X
I/SBar.NetworkController( 1119): onSignalStrengthsChanged SignalStrength: 7 0 -120 -160 -120 -1 -1 99 2147483647 2147483647 2147483647 2147483647 2147483647 gsm|lte 0 -108 -1 false 2 2 0 0 0 99 99 99 4 level=2
D/WifiStateMachine( 1025): handleMessage: E msg.what=131155
D/WifiStateMachine( 1025): processMsg: ConnectedState
D/WifiStateMachine( 1025): processMsg: L2ConnectedState
D/WifiStateMachine( 1025): handleMessage: X
D/WifiStateMachine( 1025): handleMessage: E msg.what=151572
D/WifiStateMachine( 1025): processMsg: ConnectedState
D/WifiStateMachine( 1025): processMsg: L2ConnectedState
D/WifiStateMachine( 1025): handleMessage: X
V/AlarmManager( 1025): sending alarm Alarm{42b801e0 type 3 android}
I/SFPerfTracer(  274):      triggers: (rate: 1142:450684) (346459 sw vsyncs) (1058238 skipped) (0:3393738 vsyncs) (1:4254558)
D/WifiStateMachine( 1025): handleMessage: E msg.what=151572
D/WifiStateMachine( 1025): processMsg: ConnectedState
D/WifiStateMachine( 1025): processMsg: L2ConnectedState
D/WifiStateMachine( 1025): handleMessage: X
D/WifiStateMachine( 1025): handleMessage: E msg.what=151572
D/WifiStateMachine( 1025): processMsg: ConnectedState
D/WifiStateMachine( 1025): processMsg: L2ConnectedState
D/WifiStateMachine( 1025): handleMessage: X
D/WifiStateMachine( 1025): handleMessage: E msg.what=131155
D/WifiStateMachine( 1025): processMsg: ConnectedState
D/WifiStateMachine( 1025): processMsg: L2ConnectedState
D/WifiStateMachine( 1025): handleMessage: X
D/WifiStateMachine( 1025): handleMessage: E msg.what=151572
D/WifiStateMachine( 1025): processMsg: ConnectedState
D/WifiStateMachine( 1025): processMsg: L2ConnectedState
D/WifiStateMachine( 1025): handleMessage: X
D/WifiStateMachine( 1025): handleMessage: E msg.what=151572
D/WifiStateMachine( 1025): processMsg: ConnectedState
D/WifiStateMachine( 1025): processMsg: L2ConnectedState
D/WifiStateMachine( 1025): handleMessage: X
D/WifiStateMachine( 1025): handleMessage: E msg.what=151572
D/WifiStateMachine( 1025): processMsg: ConnectedState
D/WifiStateMachine( 1025): processMsg: L2ConnectedState
D/WifiStateMachine( 1025): handleMessage: X
D/Ulp_jni ( 1025): Location CB invoked
D/WifiStateMachine( 1025): handleMessage: E msg.what=131155
D/WifiStateMachine( 1025): processMsg: ConnectedState
D/WifiStateMachine( 1025): processMsg: L2ConnectedState
D/WifiStateMachine( 1025): handleMessage: X
D/WifiStateMachine( 1025): handleMessage: E msg.what=151572
D/WifiStateMachine( 1025): processMsg: ConnectedState
D/WifiStateMachine( 1025): processMsg: L2ConnectedState
D/WifiStateMachine( 1025): handleMessage: X
D/WifiStateMachine( 1025): handleMessage: E msg.what=151572
D/WifiStateMachine( 1025): processMsg: ConnectedState
D/WifiStateMachine( 1025): processMsg: L2ConnectedState
D/WifiStateMachine( 1025): handleMessage: X
D/WifiStateMachine( 1025): handleMessage: E msg.what=151572
D/WifiStateMachine( 1025): processMsg: ConnectedState
D/WifiStateMachine( 1025): processMsg: L2ConnectedState
D/WifiStateMachine( 1025): handleMessage: X
D/WifiStateMachine( 1025): handleMessage: E msg.what=131155
D/WifiStateMachine( 1025): processMsg: ConnectedState
D/WifiStateMachine( 1025): processMsg: L2ConnectedState
D/WifiStateMachine( 1025): handleMessage: X
D/WifiStateMachine( 1025): handleMessage: E msg.what=151572
D/WifiStateMachine( 1025): processMsg: ConnectedState
D/WifiStateMachine( 1025): processMsg: L2ConnectedState
D/WifiStateMachine( 1025): handleMessage: X
D/WifiStateMachine( 1025): handleMessage: E msg.what=151572
D/WifiStateMachine( 1025): processMsg: ConnectedState
D/WifiStateMachine( 1025): processMsg: L2ConnectedState
D/WifiStateMachine( 1025): handleMessage: X
I/SBar.NetworkController( 1119): onSignalStrengthsChanged SignalStrength: 11 0 -120 -160 -120 -1 -1 99 2147483647 2147483647 2147483647 2147483647 2147483647 gsm|lte 0 -108 -1 false 3 3 0 0 0 99 99 99 4 level=3
I/SBar.NetworkController( 1119): refreshSignalCluster: mobile: Signal=zz_moto_stat_sys_signal_3_fully_wide Roaming=(none) mSimIconId=(none) Accessibility="Phone three bars.","Not roaming.",""
D/WifiStateMachine( 1025): handleMessage: E msg.what=151572
D/WifiStateMachine( 1025): processMsg: ConnectedState
D/WifiStateMachine( 1025): processMsg: L2ConnectedState
D/WifiStateMachine( 1025): handleMessage: X
D/WifiStateMachine( 1025): handleMessage: E msg.what=151572
D/WifiStateMachine( 1025): processMsg: ConnectedState
D/WifiStateMachine( 1025): processMsg: L2ConnectedState
D/WifiStateMachine( 1025): handleMessage: X
D/WifiStateMachine( 1025): handleMessage: E msg.what=131155
D/WifiStateMachine( 1025): processMsg: ConnectedState
D/WifiStateMachine( 1025): processMsg: L2ConnectedState
D/WifiStateMachine( 1025): handleMessage: X
I/SBar.NetworkController( 1119): onSignalStrengthsChanged SignalStrength: 12 0 -120 -160 -120 -1 -1 99 2147483647 2147483647 2147483647 2147483647 2147483647 gsm|lte 0 -108 -1 false 4 4 0 0 0 99 99 99 4 level=4
I/SBar.NetworkController( 1119): refreshSignalCluster: mobile: Signal=zz_moto_stat_sys_signal_4_fully_wide Roaming=(none) mSimIconId=(none) Accessibility="Phone signal full.","Not roaming.",""
D/WifiStateMachine( 1025): handleMessage: E msg.what=151572
D/WifiStateMachine( 1025): processMsg: ConnectedState
D/WifiStateMachine( 1025): processMsg: L2ConnectedState
D/WifiStateMachine( 1025): handleMessage: X
D/WifiStateMachine( 1025): handleMessage: E msg.what=151572
D/WifiStateMachine( 1025): processMsg: ConnectedState
D/WifiStateMachine( 1025): processMsg: L2ConnectedState
D/WifiStateMachine( 1025): handleMessage: X
D/dalvikvm( 1025): GC_EXPLICIT freed 2870K, 36% free 32775K/50444K, paused 6ms+21ms, total 175ms
W/UnimplementedWebViewApi(17590): Unimplemented WebView method onKeyDown called from: android.webkit.WebView.onKeyDown(WebView.java:2178)
W/ContextImpl( 1295): Calling a method in the system process without a qualified user: android.app.ContextImpl.sendBroadcast:1252 android.content.ContextWrapper.sendBroadcast:365 com.motorola.motocare.internal.settings.SettingsTrigger.onReceive:256 android.app.LoadedApk$ReceiverDispatcher$Args.run:768 android.os.Handler.handleCallback:733 
W/ContextImpl( 1295): Calling a method in the system process without a qualified user: android.app.ContextImpl.sendBroadcast:1252 android.content.ContextWrapper.sendBroadcast:365 com.motorola.motocare.internal.settings.SettingsTrigger.onReceive:256 android.app.LoadedApk$ReceiverDispatcher$Args.run:768 android.os.Handler.handleCallback:733 
D/audio_hw_primary(  277): out_set_parameters: enter: usecase(1: low-latency-playback) kvpairs: routing=2
V/msm8974_platform(  277): platform_get_output_snd_device: enter: output devices(0x2)
V/msm8974_platform(  277): platform_get_output_snd_device: exit: snd_device(speaker)
D/audio_hw_primary(  277): select_devices: out_snd_device(2: speaker) in_snd_device(0: )
D/hardware_info(  277): hw_info_append_hw_type : device_name = speaker
V/msm8974_platform(  277): platform_send_audio_calibration: sending audio calibration for snd_device(2) acdb_id(14)
W/XTWiFiOS( 1316): No entry in secure settings for enhanced location services: false
D/Ulp_jni ( 1025): JNI:In update_settings:currentContextType 0, currentGpsSetting 0, currentAgpsSetting 1,currentNetworkProvSetting 0,currentWifiSetting 1,currentBatteryCharging 0,currentEnhLocationServicesSetting 0 currentPipUserSetting 0 
D/Ulp_jni ( 1025): JNI:system_update. Event-4
D/WifiStateMachine( 1025): handleMessage: E msg.what=151572
D/WifiStateMachine( 1025): processMsg: ConnectedState
D/WifiStateMachine( 1025): processMsg: L2ConnectedState
D/WifiStateMachine( 1025): handleMessage: X
D/WifiStateMachine( 1025): handleMessage: E msg.what=131155
D/WifiStateMachine( 1025): processMsg: ConnectedState
D/WifiStateMachine( 1025): processMsg: L2ConnectedState
D/WifiStateMachine( 1025): handleMessage: X
D/Ulp_jni ( 1025): Location CB invoked
D/Checkin ( 2458): publish the event [tag = MOT_DEVICE_STATS_L1 event name = SettingLogs]
I/ActivityManager( 1025): Process com.google.android.talk (pid 17363) has died.
W/ActivityManager( 1025): Service ServiceRecord{43e1e4a8 u0 com.google.android.talk/com.google.android.libraries.hangouts.video.CallService} in process ProcessRecord{42e1a6d0 17363:com.google.android.talk/u0a71} not same as in map: null
D/Checkin ( 2458): publish the event [tag = MOT_DEVICE_STATS_L1 event name = SettingLogs]
D/WifiStateMachine( 1025): handleMessage: E msg.what=151572
D/WifiStateMachine( 1025): processMsg: ConnectedState
D/WifiStateMachine( 1025): processMsg: L2ConnectedState
D/WifiStateMachine( 1025): handleMessage: X
W/UnimplementedWebViewApi(17590): Unimplemented WebView method onKeyDown called from: android.webkit.WebView.onKeyDown(WebView.java:2178)
D/dalvikvm(17590): GC_FOR_ALLOC freed 980K, 34% free 11511K/17224K, paused 31ms, total 31ms
I/dalvikvm-heap(17590): Grow heap (frag case) to 13.541MB for 279056-byte allocation
D/WifiStateMachine( 1025): handleMessage: E msg.what=151572
D/WifiStateMachine( 1025): processMsg: ConnectedState
D/WifiStateMachine( 1025): processMsg: L2ConnectedState
D/WifiStateMachine( 1025): handleMessage: X
D/CordovaActivity(17590): onMessage(exit,null)
W/ContextImpl( 1295): Calling a method in the system process without a qualified user: android.app.ContextImpl.sendBroadcast:1252 android.content.ContextWrapper.sendBroadcast:365 com.motorola.motocare.util.TriggerHelper$TriggerBuilder.send:76 com.motorola.motocare.internal.frameworkevents.PauseResumeTrigger.handleFrameworkEvent:53 com.motorola.motocare.internal.frameworkevents.FwEventMonitor$FrameworkListener.processFrameworkEvent:114 
W/PluginManager(17590): THREAD WARNING: exec() call to App.exitApp blocked the main thread for 27ms. Plugin should use CordovaInterface.getThreadPool().
D/CordovaActivity(17590): Paused the application!
W/ContextImpl( 1295): Calling a method in the system process without a qualified user: android.app.ContextImpl.sendBroadcast:1252 android.content.ContextWrapper.sendBroadcast:365 com.motorola.motocare.util.TriggerHelper$TriggerBuilder.send:76 com.motorola.motocare.internal.frameworkevents.PauseResumeTrigger.handleFrameworkEvent:53 com.motorola.motocare.internal.frameworkevents.FwEventMonitor$FrameworkListener.processFrameworkEvent:114 
I/Adreno-EGL(12670): <qeglDrvAPI_eglInitialize:410>: EGL 1.4 QUALCOMM build: AU_LINUX_ANDROID_LNX.LA.3.5.1_RB1.04.04.02.048.018_msm8226_LNX.LA.3.5.1_RB1__release_AU ()
I/Adreno-EGL(12670): OpenGL ES Shader Compiler Version: E031.24.00.08
I/Adreno-EGL(12670): Build Date: 03/07/14 Fri
I/Adreno-EGL(12670): Local Branch: 
I/Adreno-EGL(12670): Remote Branch: quic/LNX.LA.3.5.1_RB1.1
I/Adreno-EGL(12670): Local Patches: NONE
I/Adreno-EGL(12670): Reconstruct Branch: AU_LINUX_ANDROID_LNX.LA.3.5.1_RB1.04.04.02.048.018 + f2fd134 +  NOTHING
D/hardware_info(  277): hw_info_append_hw_type : device_name = speaker
W/IInputConnectionWrapper(17590): showStatusIcon on inactive InputConnection
E/cutils  (  261): Failed to mkdirat(/storage/sdcard1/Android): Read-only file system
W/Vold    (  261): Returning OperationFailed - no handler for errno 30
W/ContextImpl(12670): Failed to ensure directory: /storage/sdcard1/Android/data/com.ghisler.android.TotalCommander/files
I/SFPerfTracer(  274):      triggers: (rate: 1272:50683) (compose: 0:256) (post: 0:21) (render: 90:10670) (8:798082 frames) (9:3356728)
D/SFPerfTracer(  274):        layers: (5:12) (DimLayer: 0:158)* (DimLayer: 0:142)* (FocusedStackFrame: 1:22438)* (StatusBar: 0:269290) (NavigationBar: 1:207395) (DimLayer: 9:26027) (DimLayer: 0:4919)* (com.android.wallpaper.fall.FallWallpaper: 0:1410)* (co.giftmeapp.gift_me/co.giftmeapp.gift_me.GiftMe: 3:32) (Volume control: 0:27)* (co.giftmeapp.gift_me/co.giftmeapp.gift_me.GiftMe: 0:26) (com.ghisler.android.TotalCommander/com.ghisler.android.TotalCommander.TotalCommander: 9:10)* 
D/WifiStateMachine( 1025): handleMessage: E msg.what=151572
D/WifiStateMachine( 1025): processMsg: ConnectedState
D/WifiStateMachine( 1025): processMsg: L2ConnectedState
D/WifiStateMachine( 1025): handleMessage: X
I/SFPerfTracer(  274):      triggers: (rate: 1142:450684) (346459 sw vsyncs) (1058238 skipped) (41:3393833 vsyncs) (43:4254673)
D/WifiStateMachine( 1025): handleMessage: E msg.what=131155
D/WifiStateMachine( 1025): processMsg: ConnectedState
D/WifiStateMachine( 1025): processMsg: L2ConnectedState
D/WifiStateMachine( 1025): handleMessage: X
I/SFPerfTracer(  274):      triggers: (rate: 1272:50683) (compose: 0:256) (post: 0:21) (render: 90:10671) (15:798098 frames) (16:3356747)
D/SFPerfTracer(  274):        layers: (5:11) (DimLayer: 0:158)* (DimLayer: 0:142)* (FocusedStackFrame: 1:22439)* (StatusBar: 0:269290) (NavigationBar: 0:207395) (DimLayer: 0:26028)* (DimLayer: 1:4920) (com.android.wallpaper.fall.FallWallpaper: 0:1410)* (co.giftmeapp.gift_me/co.giftmeapp.gift_me.GiftMe: 16:51) (co.giftmeapp.gift_me/co.giftmeapp.gift_me.GiftMe: 15:41) (com.ghisler.android.TotalCommander/com.ghisler.android.TotalCommander.TotalCommander: 1:14)* 
D/CordovaActivity(17590): CordovaActivity.onDestroy()
D/CordovaWebView(17590): >>> loadUrlNow()
W/ManagedEGLContext(17590): doTerminate failed: EGL count is 2 but managed count is 1
D/CordovaWebViewClient(17590): onPageFinished(about:blank)
D/CordovaActivity(17590): onMessage(onPageFinished,about:blank)
D/CordovaActivity(17590): onMessage(exit,null)
D/WifiStateMachine( 1025): handleMessage: E msg.what=151572
D/WifiStateMachine( 1025): processMsg: ConnectedState
D/WifiStateMachine( 1025): processMsg: L2ConnectedState
D/WifiStateMachine( 1025): handleMessage: X
D/WifiStateMachine( 1025): handleMessage: E msg.what=151572
D/WifiStateMachine( 1025): processMsg: ConnectedState
D/WifiStateMachine( 1025): processMsg: L2ConnectedState
D/WifiStateMachine( 1025): handleMessage: X
I/SBar.NetworkController( 1119): onSignalStrengthsChanged SignalStrength: 11 0 -120 -160 -120 -1 -1 99 2147483647 2147483647 2147483647 2147483647 2147483647 gsm|lte 0 -108 -1 false 3 3 0 0 0 99 99 99 4 level=3
D/WifiStateMachine( 1025): handleMessage: E msg.what=151572
D/WifiStateMachine( 1025): processMsg: ConnectedState
D/WifiStateMachine( 1025): processMsg: L2ConnectedState
D/WifiStateMachine( 1025): handleMessage: X
D/WifiStateMachine( 1025): handleMessage: E msg.what=131155
D/WifiStateMachine( 1025): processMsg: ConnectedState
D/WifiStateMachine( 1025): processMsg: L2ConnectedState
D/WifiStateMachine( 1025): handleMessage: X
D/KInfoc  (15423): clear batch timer
D/KInfoc  (15423): set batch timer
D/KInfoc  (15423):  BATCH REPORTER STARTED ........
D/WifiStateMachine( 1025): handleMessage: E msg.what=151572
D/WifiStateMachine( 1025): processMsg: ConnectedState
D/WifiStateMachine( 1025): processMsg: L2ConnectedState
D/WifiStateMachine( 1025): handleMessage: X
D/WifiStateMachine( 1025): handleMessage: E msg.what=151572
D/WifiStateMachine( 1025): processMsg: ConnectedState
D/WifiStateMachine( 1025): processMsg: L2ConnectedState
D/WifiStateMachine( 1025): handleMessage: X
I/SFPerfTracer(  274):      triggers: (rate: 1142:450684) (346459 sw vsyncs) (1058238 skipped) (106:3393981 vsyncs) (108:4254826)
D/WifiStateMachine( 1025): handleMessage: E msg.what=151572
D/WifiStateMachine( 1025): processMsg: ConnectedState
D/WifiStateMachine( 1025): processMsg: L2ConnectedState
D/WifiStateMachine( 1025): handleMessage: X
D/WifiStateMachine( 1025): handleMessage: E msg.what=131155
D/WifiStateMachine( 1025): processMsg: ConnectedState
D/WifiStateMachine( 1025): processMsg: L2ConnectedState
D/WifiStateMachine( 1025): handleMessage: X
V/AlarmManager( 1025): sending alarm Alarm{4215dca0 type 3 com.devexpert.weather}
V/AlarmManager( 1025): sending alarm Alarm{43246ec8 type 2 free.reddit.news}
I/ActivityManager( 1025): Start proc com.devexpert.weather for broadcast com.devexpert.weather/.view.WidgetWeather2x1: pid=17852 uid=10112 gids={50112, 3003, 1028, 1015}
I/ActivityManager( 1025): Start proc free.reddit.news for service free.reddit.news/reddit.news.services.InboxServiceFree: pid=17864 uid=10115 gids={50115, 3003, 1028, 1015}
V/AlarmManager( 1025): sending alarm Alarm{432436b0 type 2 com.google.android.gms}
V/AlarmManager( 1025): sending alarm Alarm{4323eed0 type 2 com.google.android.gms}
D/Sensors ( 1025): AccelerationSensor: set delay 20
E/SpannableStringBuilder(17864): SPAN_EXCLUSIVE_EXCLUSIVE spans cannot have a zero length
E/SpannableStringBuilder(17864): SPAN_EXCLUSIVE_EXCLUSIVE spans cannot have a zero length
E/SpannableStringBuilder(17864): SPAN_EXCLUSIVE_EXCLUSIVE spans cannot have a zero length
E/SpannableStringBuilder(17864): SPAN_EXCLUSIVE_EXCLUSIVE spans cannot have a zero length
E/SpannableStringBuilder(17864): SPAN_EXCLUSIVE_EXCLUSIVE spans cannot have a zero length
E/SpannableStringBuilder(17864): SPAN_EXCLUSIVE_EXCLUSIVE spans cannot have a zero length
D/GCM     (20136): Message class com.google.f.a.a.i
E/cutils  (  261): Failed to mkdirat(/storage/sdcard1/Android): Read-only file system
W/Vold    (  261): Returning OperationFailed - no handler for errno 30
W/ContextImpl(17864): Failed to ensure directory: /storage/sdcard1/Android/data/free.reddit.news/cache
D/WifiStateMachine( 1025): handleMessage: E msg.what=151572
D/WifiStateMachine( 1025): processMsg: ConnectedState
D/WifiStateMachine( 1025): processMsg: L2ConnectedState
D/WifiStateMachine( 1025): handleMessage: X
D/ConnectivityService( 1025): handleInetConditionHoldEnd: net=1, condition=100, published condition=100
I/SBar.NetworkController( 1119): onReceive: ConnectivityManager.INET_CONDITION_ACTION Received
I/ModemStatsDSDetect( 1327): onReceive() -Intent { act=android.net.conn.INET_CONDITION_ACTION flg=0x4000010 (has extras) }
I/SBar.NetworkController( 1119): updateConnectivity: NetworkInfo: NetworkInfo: type: WIFI[], state: CONNECTED/CONNECTED, reason: (unspecified), extra: "Moulin Rouge", roaming: false, failover: false, isAvailable: true, isConnectedToProvisioningNetwork: false, inetCondition= 1
I/ModemStatsDSDetect( 1327): INET_CONDITION=100 ,activeNet=NetworkInfo: type: WIFI[], state: CONNECTED/CONNECTED, reason: (unspecified), extra: "Moulin Rouge", roaming: false, failover: false, isAvailable: true, isConnectedToProvisioningNetwork: false
I/ModemStatsDSDetect( 1327): onReceive() - done, currentInetCondition=100
D/Ulp_jni ( 1025): Location CB invoked
I/dalvikvm(17864): Total arena pages for JIT: 11
I/iu.UploadsManager( 1567): End new media; added: 0, uploading: 0, time: 38 ms
D/MtpServer(10876): path: /storage/emulated/0/Download/GiftMe-release.apk parent: 8 storageID: 00010001
D/WifiStateMachine( 1025): handleMessage: E msg.what=151572
D/WifiStateMachine( 1025): processMsg: ConnectedState
D/WifiStateMachine( 1025): processMsg: L2ConnectedState
D/WifiStateMachine( 1025): handleMessage: X
D/WifiStateMachine( 1025): handleMessage: E msg.what=151572
D/WifiStateMachine( 1025): processMsg: ConnectedState
D/WifiStateMachine( 1025): processMsg: L2ConnectedState
D/WifiStateMachine( 1025): handleMessage: X
D/WifiStateMachine( 1025): handleMessage: E msg.what=131155
D/WifiStateMachine( 1025): processMsg: ConnectedState
D/WifiStateMachine( 1025): processMsg: L2ConnectedState
D/WifiStateMachine( 1025): handleMessage: X
D/WifiStateMachine( 1025): handleMessage: E msg.what=151572
D/WifiStateMachine( 1025): processMsg: ConnectedState
D/WifiStateMachine( 1025): processMsg: L2ConnectedState
D/WifiStateMachine( 1025): handleMessage: X
D/Sensors ( 1025): AccelerationSensor: set delay 200
D/WifiStateMachine( 1025): handleMessage: E msg.what=151572
D/WifiStateMachine( 1025): processMsg: ConnectedState
D/WifiStateMachine( 1025): processMsg: L2ConnectedState
D/WifiStateMachine( 1025): handleMessage: X
D/WifiStateMachine( 1025): handleMessage: E msg.what=151572
D/WifiStateMachine( 1025): processMsg: ConnectedState
D/WifiStateMachine( 1025): processMsg: L2ConnectedState
D/WifiStateMachine( 1025): handleMessage: X
D/WifiStateMachine( 1025): handleMessage: E msg.what=131155
D/WifiStateMachine( 1025): processMsg: ConnectedState
D/WifiStateMachine( 1025): processMsg: L2ConnectedState
D/WifiStateMachine( 1025): handleMessage: X
I/SBar.NetworkController( 1119): onSignalStrengthsChanged SignalStrength: 12 0 -120 -160 -120 -1 -1 99 2147483647 2147483647 2147483647 2147483647 2147483647 gsm|lte 0 -108 -1 false 4 4 0 0 0 99 99 99 4 level=4
D/WifiStateMachine( 1025): handleMessage: E msg.what=151572
D/WifiStateMachine( 1025): processMsg: ConnectedState
D/WifiStateMachine( 1025): processMsg: L2ConnectedState
D/WifiStateMachine( 1025): handleMessage: X
W/PackageParser(12670): No actions in intent filter at /storage/emulated/0/Download/GiftMe-release.apk Binary XML file line #15
D/WifiStateMachine( 1025): handleMessage: E msg.what=151572
D/WifiStateMachine( 1025): processMsg: ConnectedState
D/WifiStateMachine( 1025): processMsg: L2ConnectedState
D/WifiStateMachine( 1025): handleMessage: X
I/SFPerfTracer(  274):      triggers: (rate: 1142:450684) (346459 sw vsyncs) (1058238 skipped) (16:3394074 vsyncs) (18:4254942)
D/WifiStateMachine( 1025): handleMessage: E msg.what=151572
D/WifiStateMachine( 1025): processMsg: ConnectedState
D/WifiStateMachine( 1025): processMsg: L2ConnectedState
D/WifiStateMachine( 1025): handleMessage: X
D/WifiStateMachine( 1025): handleMessage: E msg.what=131155
D/WifiStateMachine( 1025): processMsg: ConnectedState
D/WifiStateMachine( 1025): processMsg: L2ConnectedState
D/WifiStateMachine( 1025): handleMessage: X
V/AlarmManager( 1025): sending alarm Alarm{42ba7b28 type 2 com.google.android.gms}
D/Sensors ( 1025): AccelerationSensor: set delay 20
W/PackageParser(12670): No actions in intent filter at /storage/emulated/0/Download/GiftMe-release.apk Binary XML file line #15
I/SFPerfTracer(  274):      triggers: (rate: 1272:50683) (compose: 0:256) (post: 0:21) (render: 90:10671) (0:798123 frames) (1:3356847)
D/SFPerfTracer(  274):        layers: (3:12) (DimLayer: 0:158)* (DimLayer: 0:142)* (FocusedStackFrame: 0:22441)* (StatusBar: 0:269303) (NavigationBar: 0:207395) (DimLayer: 1:26029)* (DimLayer: 0:4921)* (com.android.wallpaper.fall.FallWallpaper: 0:1410)* (co.giftmeapp.gift_me/co.giftmeapp.gift_me.GiftMe: 0:54)* (co.giftmeapp.gift_me/co.giftmeapp.gift_me.GiftMe: 0:44)* (com.ghisler.android.TotalCommander/com.ghisler.android.TotalCommander.TotalCommander: 0:93) (GiftMe-release.apk: 1:6)* 
D/WifiStateMachine( 1025): handleMessage: E msg.what=151572
D/WifiStateMachine( 1025): processMsg: ConnectedState
D/WifiStateMachine( 1025): processMsg: L2ConnectedState
D/WifiStateMachine( 1025): handleMessage: X
I/ActivityManager( 1025): START u0 {act=android.intent.action.VIEW dat=file:///storage/emulated/0/Download/GiftMe-release.apk typ=application/vnd.android.package-archive flg=0x10000000 cmp=com.android.packageinstaller/.PackageInstallerActivity} from pid 12670
W/ActivityManager( 1025): Activity is launching as a new task, so cancelling activity result.
W/ContextImpl( 1295): Calling a method in the system process without a qualified user: android.app.ContextImpl.sendBroadcast:1252 android.content.ContextWrapper.sendBroadcast:365 com.motorola.motocare.util.TriggerHelper$TriggerBuilder.send:76 com.motorola.motocare.internal.frameworkevents.PauseResumeTrigger.handleFrameworkEvent:53 com.motorola.motocare.internal.frameworkevents.FwEventMonitor$FrameworkListener.processFrameworkEvent:114 
I/ActivityManager( 1025): Start proc com.android.packageinstaller for activity com.android.packageinstaller/.PackageInstallerActivity: pid=17960 uid=10085 gids={50085, 1028}
W/ContextImpl( 1295): Calling a method in the system process without a qualified user: android.app.ContextImpl.sendBroadcast:1252 android.content.ContextWrapper.sendBroadcast:365 com.motorola.motocare.util.TriggerHelper$TriggerBuilder.send:76 com.motorola.motocare.internal.frameworkevents.PauseResumeTrigger.handleFrameworkEvent:53 com.motorola.motocare.internal.frameworkevents.FwEventMonitor$FrameworkListener.processFrameworkEvent:114 
W/PackageParser(17960): No actions in intent filter at /storage/emulated/0/Download/GiftMe-release.apk Binary XML file line #15
E/cutils  (  261): Failed to mkdirat(/storage/sdcard1/Android): Read-only file system
W/Vold    (  261): Returning OperationFailed - no handler for errno 30
W/ContextImpl(12670): Failed to ensure directory: /storage/sdcard1/Android/data/com.ghisler.android.TotalCommander/files
I/ActivityManager( 1025): Process co.giftmeapp.gift_me (pid 17590) has died.
D/WifiStateMachine( 1025): handleMessage: E msg.what=151572
D/WifiStateMachine( 1025): processMsg: ConnectedState
D/WifiStateMachine( 1025): processMsg: L2ConnectedState
D/WifiStateMachine( 1025): handleMessage: X
D/Ulp_jni ( 1025): Location CB invoked
D/MDMCTBK (  273): reply_len: 40 reply is = IFNAME=wlan0 <3>CTRL-EVENT-BSS-REMOVED 3
D/MDMCTBK (  273): Event received = CTRL-EVENT-BSS-REMOVED 3
D/MDMCTBK (  273): reply_len: 40 reply is = IFNAME=wlan0 <3>CTRL-EVENT-BSS-REMOVED 3
D/MDMCTBK (  273): Event received = CTRL-EVENT-BSS-REMOVED 3
D/MDMCTBK (  273): reply_len: 40 reply is = IFNAME=wlan0 <3>CTRL-EVENT-BSS-REMOVED 3
D/MDMCTBK (  273): Event received = CTRL-EVENT-BSS-REMOVED 3
D/MDMCTBK (  273): reply_len: 40 reply is = IFNAME=wlan0 <3>CTRL-EVENT-BSS-REMOVED 3
D/MDMCTBK (  273): Event received = CTRL-EVENT-BSS-REMOVED 3
I/Adreno-EGL(17960): <qeglDrvAPI_eglInitialize:410>: EGL 1.4 QUALCOMM build: AU_LINUX_ANDROID_LNX.LA.3.5.1_RB1.04.04.02.048.018_msm8226_LNX.LA.3.5.1_RB1__release_AU ()
I/Adreno-EGL(17960): OpenGL ES Shader Compiler Version: E031.24.00.08
I/Adreno-EGL(17960): Build Date: 03/07/14 Fri
I/Adreno-EGL(17960): Local Branch: 
I/Adreno-EGL(17960): Remote Branch: quic/LNX.LA.3.5.1_RB1.1
I/Adreno-EGL(17960): Local Patches: NONE
I/Adreno-EGL(17960): Reconstruct Branch: AU_LINUX_ANDROID_LNX.LA.3.5.1_RB1.04.04.02.048.018 + f2fd134 +  NOTHING
D/OpenGLRenderer(17960): Enabling debug mode 0
V/RenderScript(17960): 0x6055abd0 Launching thread(s), CPUs 4
I/SFPerfTracer(  274):      triggers: (rate: 1142:450684) (346459 sw vsyncs) (1058238 skipped) (53:3394163 vsyncs) (55:4255046)
I/LaunchCheckinHandler( 1025): Displayed com.android.packageinstaller/.PackageInstallerActivity,cp,ca,945
I/ActivityManager( 1025): Displayed com.android.packageinstaller/.PackageInstallerActivity: +947ms
V/AlarmManager( 1025): sending alarm Alarm{42bb6640 type 0 com.google.android.gms}
I/iu.UploadsManager( 1567): End new media; added: 0, uploading: 0, time: 38 ms
D/WifiStateMachine( 1025): handleMessage: E msg.what=151572
D/WifiStateMachine( 1025): processMsg: ConnectedState
D/WifiStateMachine( 1025): processMsg: L2ConnectedState
D/WifiStateMachine( 1025): handleMessage: X
D/WifiStateMachine( 1025): handleMessage: E msg.what=131155
D/WifiStateMachine( 1025): processMsg: ConnectedState
D/WifiStateMachine( 1025): processMsg: L2ConnectedState
D/WifiStateMachine( 1025): handleMessage: X
D/Sensors ( 1025): AccelerationSensor: set delay 200
I/ActivityManager( 1025): START u0 {dat=file:///storage/emulated/0/Download/GiftMe-release.apk cmp=com.android.packageinstaller/.InstallAppProgress (has extras)} from pid 17960
W/ContextImpl( 1295): Calling a method in the system process without a qualified user: android.app.ContextImpl.sendBroadcast:1252 android.content.ContextWrapper.sendBroadcast:365 com.motorola.motocare.util.TriggerHelper$TriggerBuilder.send:76 com.motorola.motocare.internal.frameworkevents.PauseResumeTrigger.handleFrameworkEvent:53 com.motorola.motocare.internal.frameworkevents.FwEventMonitor$FrameworkListener.processFrameworkEvent:114 
W/ContextImpl( 1295): Calling a method in the system process without a qualified user: android.app.ContextImpl.sendBroadcast:1252 android.content.ContextWrapper.sendBroadcast:365 com.motorola.motocare.util.TriggerHelper$TriggerBuilder.send:76 com.motorola.motocare.internal.frameworkevents.PauseResumeTrigger.handleFrameworkEvent:53 com.motorola.motocare.internal.frameworkevents.FwEventMonitor$FrameworkListener.processFrameworkEvent:114 
W/InstallAppProgress(17960): Replacing package:co.giftmeapp.gift_me
I/ActivityManager( 1025): Start proc com.android.defcontainer for service com.android.defcontainer/.DefaultContainerService: pid=18008 uid=10013 gids={50013, 1028, 1015, 1023, 2001, 1035}
D/dalvikvm(23032): GC_CONCURRENT freed 1981K, 38% free 10805K/17224K, paused 4ms+5ms, total 99ms
I/SFPerfTracer(  274):      triggers: (rate: 1272:50683) (compose: 0:256) (post: 0:21) (render: 90:10671) (0:798187 frames) (1:3356947)
D/SFPerfTracer(  274):        layers: (3:13) (DimLayer: 0:158)* (DimLayer: 0:142)* (FocusedStackFrame: 0:22449)* (StatusBar: 0:269305) (NavigationBar: 0:207395) (DimLayer: 0:26054)* (DimLayer: 0:4923)* (com.android.wallpaper.fall.FallWallpaper: 0:1410)* (com.ghisler.android.TotalCommander/com.ghisler.android.TotalCommander.TotalCommander: 0:113)* (GiftMe-release.apk: 0:34)* (Starting com.android.packageinstaller: 0:41)* (com.android.packageinstaller/com.android.packageinstaller.PackageInstallerActivity: 0:20) 
I/LaunchCheckinHandler( 1025): Displayed com.android.packageinstaller/.InstallAppProgress,wp,ca,117
I/ActivityManager( 1025): Displayed com.android.packageinstaller/.InstallAppProgress: +117ms
W/ActivityManager( 1025): No content provider found for permission revoke: file:///storage/emulated/0/Download/GiftMe-release.apk
I/ActivityManager( 1025): Start proc com.android.vending for broadcast com.android.vending/com.google.android.vending.verifier.PackageVerificationReceiver: pid=18031 uid=10039 gids={50039, 3003, 1028, 1015}
D/dalvikvm(  275): GC_EXPLICIT freed 42K, 48% free 9011K/17224K, paused 3ms+3ms, total 26ms
D/dalvikvm(  275): GC_EXPLICIT freed <1K, 48% free 9011K/17224K, paused 1ms+3ms, total 21ms
D/dalvikvm(  275): GC_EXPLICIT freed <1K, 48% free 9011K/17224K, paused 2ms+3ms, total 23ms
D/WifiStateMachine( 1025): handleMessage: E msg.what=151572
D/WifiStateMachine( 1025): processMsg: ConnectedState
D/WifiStateMachine( 1025): processMsg: L2ConnectedState
D/WifiStateMachine( 1025): handleMessage: X
D/dalvikvm( 1025): GC_EXPLICIT freed 1664K, 35% free 32831K/50444K, paused 5ms+20ms, total 197ms
D/dalvikvm(20136): GC_EXPLICIT freed 993K, 41% free 10257K/17224K, paused 2ms+7ms, total 49ms
D/Finsky  (18031): [1] FinskyApp.onCreate: Initializing network with DFE https://android.clients.google.com/fdfe/
D/Finsky  (18031): [1] DailyHygiene.goMakeHygieneIfDirty: No need to run daily hygiene.
W/Settings(18031): Setting download_manager_max_bytes_over_mobile has moved from android.provider.Settings.Secure to android.provider.Settings.Global.
W/Settings(18031): Setting download_manager_recommended_max_bytes_over_mobile has moved from android.provider.Settings.Secure to android.provider.Settings.Global.
I/dalvikvm(18031): Could not find method com.google.android.play.layout.PlayCardViewBase.setTransitionName, referenced from method com.google.android.finsky.utils.PlayCardUtils.bindCard
W/dalvikvm(18031): VFY: unable to resolve virtual method 42705: Lcom/google/android/play/layout/PlayCardViewBase;.setTransitionName (Ljava/lang/String;)V
D/dalvikvm(18031): VFY: replacing opcode 0x6e at 0x00d9
I/dalvikvm(18031): Could not find method com.google.android.play.layout.PlayCardViewBase.setTransitionGroup, referenced from method com.google.android.finsky.utils.PlayCardUtils.bindCard
W/dalvikvm(18031): VFY: unable to resolve virtual method 42704: Lcom/google/android/play/layout/PlayCardViewBase;.setTransitionGroup (Z)V
D/dalvikvm(18031): VFY: replacing opcode 0x6e at 0x0246
I/dalvikvm(18031): Could not find method android.view.View.getTransitionName, referenced from method com.google.android.finsky.navigationmanager.NavigationManager.showPage
W/dalvikvm(18031): VFY: unable to resolve virtual method 9352: Landroid/view/View;.getTransitionName ()Ljava/lang/String;
D/dalvikvm(18031): VFY: replacing opcode 0x6e at 0x001a
D/Finsky  (18031): [1] PackageVerificationReceiver.onReceive: Verification requested, id = 223
D/Finsky  (18031): [1] 2.run: Loaded library for account: [gKXbJhL8NA2nPUzZyFpjB6tKi7U]
D/Finsky  (18031): [1] 2.run: Finished loading 1 libraries.
D/Finsky  (18031): [1] WorkerTask.onPreExecute: Verification Requested for id = 223, data=file:///storage/emulated/0/Download/GiftMe-release.apk flags=18 fromVerificationActivity=false
W/PackageParser(18031): No actions in intent filter at /storage/emulated/0/Download/GiftMe-release.apk Binary XML file line #15
D/Finsky  (18031): [1] GmsCoreHelper.cleanupNlp: result=false type=4
D/Finsky  (18031): [1] RestoreTracker.stopServiceIfDone: Restore complete with 0 success and 0 failed.
D/WifiStateMachine( 1025): handleMessage: E msg.what=151572
D/WifiStateMachine( 1025): processMsg: ConnectedState
D/WifiStateMachine( 1025): processMsg: L2ConnectedState
D/WifiStateMachine( 1025): handleMessage: X
I/SFPerfTracer(  274):      triggers: (rate: 1142:450684) (346459 sw vsyncs) (1058238 skipped) (18:3394241 vsyncs) (20:4255162)
D/WifiStateMachine( 1025): handleMessage: E msg.what=151572
D/WifiStateMachine( 1025): processMsg: ConnectedState
D/WifiStateMachine( 1025): processMsg: L2ConnectedState
D/WifiStateMachine( 1025): handleMessage: X
I/qtaguid (18031): Failed write_ctrl(u 64) res=-1 errno=22
I/qtaguid (18031): Untagging socket 64 failed errno=-22
W/NetworkManagementSocketTagger(18031): untagSocket(64) failed with errno -22
D/Finsky  (18031): [1] 2.onResponse: Verification id=223 response=0
D/Finsky  (18031): [1] PackageVerificationReceiver.onReceive: Verification requested, id = 223
D/WifiStateMachine( 1025): handleMessage: E msg.what=131155
D/WifiStateMachine( 1025): processMsg: ConnectedState
D/WifiStateMachine( 1025): processMsg: L2ConnectedState
D/WifiStateMachine( 1025): handleMessage: X
W/ActivityManager( 1025): No content provider found for permission revoke: file:///storage/emulated/0/Download/GiftMe-release.apk
I/PackageManager( 1025): Copying native libraries to /data/app-lib/vmdl335295447
W/PackageParser( 1025): No actions in intent filter at /data/app/vmdl335295447.tmp Binary XML file line #15
D/WifiStateMachine( 1025): handleMessage: E msg.what=151572
D/WifiStateMachine( 1025): processMsg: ConnectedState
D/WifiStateMachine( 1025): processMsg: L2ConnectedState
D/WifiStateMachine( 1025): handleMessage: X
I/SFPerfTracer(  274):      triggers: (rate: 1272:50683) (compose: 0:256) (post: 0:21) (render: 90:10671) (0:798204 frames) (1:3357047)
D/SFPerfTracer(  274):        layers: (3:10) (DimLayer: 0:158)* (DimLayer: 0:142)* (FocusedStackFrame: 0:22453)* (StatusBar: 0:269306) (NavigationBar: 0:207395) (DimLayer: 0:26054)* (DimLayer: 0:4925)* (com.android.wallpaper.fall.FallWallpaper: 0:1410)* (com.android.packageinstaller/com.android.packageinstaller.PackageInstallerActivity: 0:38)* (com.android.packageinstaller/com.android.packageinstaller.InstallAppProgress: 1:99) 
I/ActivityManager( 1025): Force stopping co.giftmeapp.gift_me appid=10155 user=-1: uninstall pkg
I/PackageManager( 1025): Package co.giftmeapp.gift_me codePath changed from /data/app/co.giftmeapp.gift_me-2.apk to /data/app/co.giftmeapp.gift_me-1.apk; Retaining data and using new
I/SFPerfTracer(  274):      triggers: (rate: 1142:450684) (346459 sw vsyncs) (1058238 skipped) (18:3394265 vsyncs) (20:4255264)
D/WifiStateMachine( 1025): handleMessage: E msg.what=151572
D/WifiStateMachine( 1025): processMsg: ConnectedState
D/WifiStateMachine( 1025): processMsg: L2ConnectedState
D/WifiStateMachine( 1025): handleMessage: X
I/PackageManager( 1025): Running dexopt on: co.giftmeapp.gift_me
V/AlarmManager( 1025): sending alarm Alarm{42c005e8 type 2 com.google.android.gms}
D/Sensors ( 1025): AccelerationSensor: set delay 20
D/WifiStateMachine( 1025): handleMessage: E msg.what=151572
D/WifiStateMachine( 1025): processMsg: ConnectedState
D/WifiStateMachine( 1025): processMsg: L2ConnectedState
D/WifiStateMachine( 1025): handleMessage: X
D/WifiStateMachine( 1025): handleMessage: E msg.what=131155
D/WifiStateMachine( 1025): processMsg: ConnectedState
D/WifiStateMachine( 1025): processMsg: L2ConnectedState
D/WifiStateMachine( 1025): handleMessage: X
I/ActivityManager( 1025): Start proc com.paypal.android.p2pmobile for service com.paypal.android.p2pmobile/.services.WalletService: pid=18085 uid=10156 gids={50156, 3003, 1028, 1015}
I/Crashlytics(18085): Initializing Crashlytics 1.1.13.29
W/Settings(18085): Setting airplane_mode_on has moved from android.provider.Settings.System to android.provider.Settings.Global, returning read-only value.
I/ActivityManager( 1025): Process free.reddit.news (pid 17864) has died.
I/I18nManager(18085): Checking locale sv
I/I18nManager(18085): Checking locale en
I/I18nManager(18085): Checking locale fr
I/I18nManager(18085): Checking locale fr_FR
I/I18nManager(18085): Checking locale tr_TR
I/I18nManager(18085): Checking locale zh_XC
I/I18nManager(18085): Checking locale en_AU
I/I18nManager(18085): Checking locale es_ES
I/I18nManager(18085): Checking locale pt
I/I18nManager(18085): Checking locale it
I/I18nManager(18085): Checking locale es_XC
I/I18nManager(18085): Checking locale tr
I/I18nManager(18085): Checking locale da_DK
I/I18nManager(18085): Checking locale no
I/I18nManager(18085): Checking locale de
I/I18nManager(18085): Checking locale ru
I/I18nManager(18085): Checking locale zh_CN
I/I18nManager(18085): Checking locale tw
I/I18nManager(18085): Checking locale sv_SE
I/I18nManager(18085): Checking locale da
I/I18nManager(18085): Checking locale pl_PL
I/I18nManager(18085): Checking locale ja_JP
I/I18nManager(18085): Checking locale en_GB
I/I18nManager(18085): Checking locale nb_NO
I/I18nManager(18085): Checking locale pl
I/I18nManager(18085): Checking locale es
I/I18nManager(18085): Checking locale hk
I/I18nManager(18085): Checking locale ru_RU
I/I18nManager(18085): Checking locale nb
I/I18nManager(18085): Checking locale no_NO
I/I18nManager(18085): Checking locale il
I/I18nManager(18085): Checking locale de_DE
I/I18nManager(18085): Checking locale au
I/I18nManager(18085): Checking locale pt_PT
D/dalvikvm(18083): DexOpt: load 159ms, verify+opt 832ms, 2178868 bytes
I/I18nManager(18085): Checking locale he_IL
I/I18nManager(18085): Checking locale zh_TW
I/I18nManager(18085): Checking locale it_IT
I/I18nManager(18085): Checking locale gb
I/I18nManager(18085): Checking locale zh_HK
I/I18nManager(18085): Checking locale nl
I/I18nManager(18085): Checking locale ja
I/I18nManager(18085): Checking locale pt_BR
I/I18nManager(18085): Checking locale nl_NL
I/I18nManager(18085): Checking locale br
I/I18nManager(18085): Checking locale zh
D/I18nManager(18085): setLanguage(null)
D/I18nManager(18085): null not found.  Attempting to look for en_GB
D/I18nManager(18085): setting locale to:en_GB
D/I18nManager(18085): setLanguage(en_GB)
D/I18nManager(18085): setting locale to:en_GB
D/I18nManager(18085): setLanguage(en_GB)
D/I18nManager(18085): setting locale to:en_GB
D/I18nManager(18085): setLanguage(en_GB)
D/I18nManager(18085): setting locale to:en_GB
D/AuthManager(18085): Log out non-Remember Me user.
I/ActivityManager( 1025): Force stopping co.giftmeapp.gift_me appid=10155 user=-1: update pkg
W/PackageManager( 1025): Code path for pkg : co.giftmeapp.gift_me changing from /data/app/co.giftmeapp.gift_me-2.apk to /data/app/co.giftmeapp.gift_me-1.apk
W/PackageManager( 1025): Resource path for pkg : co.giftmeapp.gift_me changing from /data/app/co.giftmeapp.gift_me-2.apk to /data/app/co.giftmeapp.gift_me-1.apk
D/WifiStateMachine( 1025): handleMessage: E msg.what=151572
D/WifiStateMachine( 1025): processMsg: ConnectedState
D/WifiStateMachine( 1025): processMsg: L2ConnectedState
D/WifiStateMachine( 1025): handleMessage: X
I/ActivityManager( 1025): Process com.devexpert.weather (pid 17852) has died.
I/SFPerfTracer(  274):      triggers: (rate: 1142:450684) (346459 sw vsyncs) (1058238 skipped) (0:3394265 vsyncs) (2:4255366)
I/ActivityManager( 1025): Force stopping co.giftmeapp.gift_me appid=10155 user=0: pkg removed
D/dalvikvm( 2458): GC_EXPLICIT freed 1787K, 45% free 9498K/17224K, paused 2ms+4ms, total 32ms
D/dalvikvm( 3923): GC_EXPLICIT freed 346K, 17% free 14430K/17316K, paused 2ms+8ms, total 37ms
D/dalvikvm(12670): GC_EXPLICIT freed 703K, 39% free 10525K/17224K, paused 6ms+4ms, total 61ms
I/InputReader( 1025): Reconfiguring input devices.  changes=0x00000010
I/PackageManager( 1025): Adding preferred activity ComponentInfo{com.android.mms/com.android.mms.ui.ComposeMessageActivity} for user 0 :
I/PackageManager( 1025):   Action: "android.intent.action.SENDTO"
I/PackageManager( 1025):   Category: "android.intent.category.DEFAULT"
I/PackageManager( 1025):   Scheme: "sms"
D/dalvikvm(18031): GC_EXPLICIT freed 4687K, 40% free 10448K/17224K, paused 3ms+16ms, total 100ms
D/dalvikvm( 1025): GC_EXPLICIT freed 4609K, 35% free 33171K/50444K, paused 7ms+21ms, total 198ms
I/PackageManager( 1025): Adding preferred activity ComponentInfo{com.android.mms/com.android.mms.ui.ComposeMessageActivity} for user 0 :
I/PackageManager( 1025):   Action: "android.intent.action.SENDTO"
I/PackageManager( 1025):   Category: "android.intent.category.DEFAULT"
I/PackageManager( 1025):   Scheme: "smsto"
I/InputReader( 1025): Reconfiguring input devices.  changes=0x00000010
I/PackageManager( 1025): Adding preferred activity ComponentInfo{com.android.mms/com.android.mms.ui.ComposeMessageActivity} for user 0 :
I/PackageManager( 1025):   Action: "android.intent.action.SENDTO"
I/PackageManager( 1025):   Category: "android.intent.category.DEFAULT"
I/PackageManager( 1025):   Scheme: "mms"
I/Launcher( 3923): Deferring update until onResume
W/dalvikvm(18085): VFY: unable to find class referenced in signature (Ljava/nio/file/Path;)
W/dalvikvm(18085): VFY: unable to find class referenced in signature ([Ljava/nio/file/OpenOption;)
I/dalvikvm(18085): Could not find method java.nio.file.Files.newOutputStream, referenced from method okio.Okio.sink
W/dalvikvm(18085): VFY: unable to resolve static method 47781: Ljava/nio/file/Files;.newOutputStream (Ljava/nio/file/Path;[Ljava/nio/file/OpenOption;)Ljava/io/OutputStream;
D/dalvikvm(18085): VFY: replacing opcode 0x71 at 0x000a
W/dalvikvm(18085): VFY: unable to find class referenced in signature (Ljava/nio/file/Path;)
W/dalvikvm(18085): VFY: unable to find class referenced in signature ([Ljava/nio/file/OpenOption;)
I/dalvikvm(18085): Could not find method java.nio.file.Files.newInputStream, referenced from method okio.Okio.source
W/dalvikvm(18085): VFY: unable to resolve static method 47780: Ljava/nio/file/Files;.newInputStream (Ljava/nio/file/Path;[Ljava/nio/file/OpenOption;)Ljava/io/InputStream;
D/dalvikvm(18085): VFY: replacing opcode 0x71 at 0x000a
I/PackageManager( 1025): Adding preferred activity ComponentInfo{com.android.mms/com.android.mms.ui.ComposeMessageActivity} for user 0 :
I/PackageManager( 1025):   Action: "android.intent.action.SENDTO"
I/PackageManager( 1025):   Category: "android.intent.category.DEFAULT"
I/PackageManager( 1025):   Scheme: "mmsto"
I/InputReader( 1025): Reconfiguring input devices.  changes=0x00000010
I/PackageManager( 1025): Adding preferred activity ComponentInfo{com.android.mms/com.android.mms.ui.ComposeMessageActivity} for user 0 :
I/PackageManager( 1025):   Action: "android.intent.action.SENDTO"
I/PackageManager( 1025):   Category: "android.intent.category.DEFAULT"
I/PackageManager( 1025):   Scheme: "sms"
I/PackageManager( 1025): Adding preferred activity ComponentInfo{com.android.mms/com.android.mms.ui.ComposeMessageActivity} for user 0 :
I/PackageManager( 1025):   Action: "android.intent.action.SENDTO"
I/PackageManager( 1025):   Category: "android.intent.category.DEFAULT"
I/PackageManager( 1025):   Scheme: "smsto"
I/ActivityManager( 1025): Start proc com.android.keychain for broadcast com.android.keychain/.KeyChainBroadcastReceiver: pid=18148 uid=1000 gids={41000, 1028, 1015, 3002, 3001, 3003, 1021, 3004, 3005, 1000, 3009, 1023, 1010, 1004, 2002, 3006}
D/dalvikvm( 1025): GC_EXPLICIT freed 850K, 36% free 32743K/50444K, paused 9ms+20ms, total 261ms
I/PackageManager( 1025): Adding preferred activity ComponentInfo{com.android.mms/com.android.mms.ui.ComposeMessageActivity} for user 0 :
I/PackageManager( 1025):   Action: "android.intent.action.SENDTO"
I/PackageManager( 1025):   Category: "android.intent.category.DEFAULT"
I/PackageManager( 1025):   Scheme: "mms"
D/WifiStateMachine( 1025): handleMessage: E msg.what=151572
D/WifiStateMachine( 1025): processMsg: ConnectedState
D/WifiStateMachine( 1025): processMsg: L2ConnectedState
D/WifiStateMachine( 1025): handleMessage: X
W/InputMethodInfo( 1025): Duplicated subtype definition found: , voice
I/PackageManager( 1025): Adding preferred activity ComponentInfo{com.android.mms/com.android.mms.ui.ComposeMessageActivity} for user 0 :
I/PackageManager( 1025):   Action: "android.intent.action.SENDTO"
I/PackageManager( 1025):   Category: "android.intent.category.DEFAULT"
I/PackageManager( 1025):   Scheme: "mmsto"
I/SBar.NetworkController( 1119): onSignalStrengthsChanged SignalStrength: 11 0 -120 -160 -120 -1 -1 99 2147483647 2147483647 2147483647 2147483647 2147483647 gsm|lte 0 -108 -1 false 3 3 0 0 0 99 99 99 4 level=3
W/ContextImpl(18148): Calling a method in the system process without a qualified user: android.app.ContextImpl.startService:1608 android.content.ContextWrapper.startService:494 android.content.ContextWrapper.startService:494 com.android.keychain.KeyChainBroadcastReceiver.onReceive:12 android.app.ActivityThread.handleReceiver:2434 
I/PackageManager( 1025): Adding preferred activity ComponentInfo{com.android.mms/com.android.mms.ui.ComposeMessageActivity} for user 0 :
I/PackageManager( 1025):   Action: "android.intent.action.SENDTO"
I/PackageManager( 1025):   Category: "android.intent.category.DEFAULT"
I/PackageManager( 1025):   Scheme: "sms"
I/PackageManager( 1025): Adding preferred activity ComponentInfo{com.android.mms/com.android.mms.ui.ComposeMessageActivity} for user 0 :
I/PackageManager( 1025):   Action: "android.intent.action.SENDTO"
I/PackageManager( 1025):   Category: "android.intent.category.DEFAULT"
I/PackageManager( 1025):   Scheme: "smsto"
I/Launcher( 3923): Deferring update until onResume
I/PackageManager( 1025): Adding preferred activity ComponentInfo{com.android.mms/com.android.mms.ui.ComposeMessageActivity} for user 0 :
I/PackageManager( 1025):   Action: "android.intent.action.SENDTO"
I/PackageManager( 1025):   Category: "android.intent.category.DEFAULT"
I/PackageManager( 1025):   Scheme: "mms"
I/PackageManager( 1025): Adding preferred activity ComponentInfo{com.android.mms/com.android.mms.ui.ComposeMessageActivity} for user 0 :
I/PackageManager( 1025):   Action: "android.intent.action.SENDTO"
I/PackageManager( 1025):   Category: "android.intent.category.DEFAULT"
I/PackageManager( 1025):   Scheme: "mmsto"
I/PackageManager( 1025): Adding preferred activity ComponentInfo{com.android.mms/com.android.mms.ui.ComposeMessageActivity} for user 0 :
I/PackageManager( 1025):   Action: "android.intent.action.SENDTO"
I/PackageManager( 1025):   Category: "android.intent.category.DEFAULT"
I/PackageManager( 1025):   Scheme: "sms"
E/NetworkScheduler.SchedulerReceiver(20136): Invalid parameter app
