V/AlarmManager( 1025): sending alarm Alarm{433b7298 type 0 com.rhmsoft.fm}
V/AlarmManager( 1025): sending alarm Alarm{433b4168 type 1 com.rhmsoft.fm}
D/dalvikvm(10474): Trying to load lib /data/app-lib/com.google.android.talk-2/libcrashreporterer.so 0x41fab6b0
D/PWM     ( 9501): url=http://up.cm.ksmobile.com/filemanager//controller/CloudCfg.php
D/dalvikvm(10474): Added shared lib /data/app-lib/com.google.android.talk-2/libcrashreporterer.so 0x41fab6b0
E/dalvikvm(10474): Could not find class 'android.app.Notification$Action$Builder', referenced from method f.a
W/dalvikvm(10474): VFY: unable to resolve new-instance 402 (Landroid/app/Notification$Action$Builder;) in Lf;
D/dalvikvm(10474): VFY: replacing opcode 0x22 at 0x0000
E/dalvikvm(10474): Could not find class 'android.app.RemoteInput$Builder', referenced from method f.a
W/dalvikvm(10474): VFY: unable to resolve new-instance 414 (Landroid/app/RemoteInput$Builder;) in Lf;
D/dalvikvm(10474): VFY: replacing opcode 0x22 at 0x003d
D/ConnectivityService( 1025): handleInetConditionHoldEnd: net=1, condition=100, published condition=100
I/SBar.NetworkController( 1119): onReceive: ConnectivityManager.INET_CONDITION_ACTION Received
I/ModemStatsDSDetect( 1327): onReceive() -Intent { act=android.net.conn.INET_CONDITION_ACTION flg=0x4000010 (has extras) }
I/SBar.NetworkController( 1119): updateConnectivity: NetworkInfo: NetworkInfo: type: WIFI[], state: CONNECTED/CONNECTED, reason: (unspecified), extra: "Moulin Rouge", roaming: false, failover: false, isAvailable: true, isConnectedToProvisioningNetwork: false, inetCondition= 1
I/ModemStatsDSDetect( 1327): INET_CONDITION=100 ,activeNet=NetworkInfo: type: WIFI[], state: CONNECTED/CONNECTED, reason: (unspecified), extra: "Moulin Rouge", roaming: false, failover: false, isAvailable: true, isConnectedToProvisioningNetwork: false
I/ModemStatsDSDetect( 1327): onReceive() - done, currentInetCondition=100
E/dalvikvm(10474): Could not find class 'android.app.Notification$Action$Builder', referenced from method f.a
W/dalvikvm(10474): VFY: unable to resolve new-instance 402 (Landroid/app/Notification$Action$Builder;) in Lf;
D/dalvikvm(10474): VFY: replacing opcode 0x22 at 0x0000
W/dalvikvm(10474): Unable to resolve superclass of Law; (790)
W/dalvikvm(10474): Link of class 'Law;' failed
E/dalvikvm(10474): Could not find class 'aw', referenced from method f.a
W/dalvikvm(10474): VFY: unable to resolve new-instance 1214 (Law;) in Lf;
D/dalvikvm(10474): VFY: replacing opcode 0x22 at 0x0006
W/dalvikvm(10474): Unable to resolve superclass of Lay; (790)
W/dalvikvm(10474): Link of class 'Lay;' failed
E/dalvikvm(10474): Could not find class 'ay', referenced from method f.a
W/dalvikvm(10474): VFY: unable to resolve new-instance 1268 (Lay;) in Lf;
D/dalvikvm(10474): VFY: replacing opcode 0x22 at 0x002a
I/dalvikvm(10474): Could not find method android.view.ViewGroup.isTransitionGroup, referenced from method f.a
W/dalvikvm(10474): VFY: unable to resolve virtual method 5345: Landroid/view/ViewGroup;.isTransitionGroup ()Z
D/dalvikvm(10474): VFY: replacing opcode 0x6e at 0x000c
I/dalvikvm(10474): Could not find method android.view.View.getTransitionName, referenced from method f.a
W/dalvikvm(10474): VFY: unable to resolve virtual method 5199: Landroid/view/View;.getTransitionName ()Ljava/lang/String;
D/dalvikvm(10474): VFY: replacing opcode 0x6e at 0x0006
W/dalvikvm(10474): VFY: unable to find class referenced in signature ([Landroid/app/RemoteInput;)
E/dalvikvm(10474): Could not find class 'android.app.RemoteInput[]', referenced from method f.a
W/dalvikvm(10474): VFY: unable to resolve new-array 6957 ([Landroid/app/RemoteInput;) in Lf;
D/dalvikvm(10474): VFY: replacing opcode 0x23 at 0x0005
D/dalvikvm(10474): DexOpt: couldn't find static field Landroid/os/Build;.SUPPORTED_ABIS
W/dalvikvm(10474): VFY: unable to resolve static field 1486 (SUPPORTED_ABIS) in Landroid/os/Build;
D/dalvikvm(10474): VFY: replacing opcode 0x62 at 0x0006
D/dalvikvm(10474): DexOpt: unable to opt direct call 0x0a62 at 0x0e in Lf;.a
D/dalvikvm(10474): DexOpt: unable to opt direct call 0x0ab7 at 0x43 in Lf;.a
D/dalvikvm(10474): DexOpt: unable to opt direct call 0x0a62 at 0x0e in Lf;.a
W/dalvikvm(10474): Unable to resolve superclass of Law; (790)
W/dalvikvm(10474): Link of class 'Law;' failed
D/dalvikvm(10474): DexOpt: unable to opt direct call 0x1d53 at 0x08 in Lf;.a
W/dalvikvm(10474): Unable to resolve superclass of Lay; (790)
W/dalvikvm(10474): Link of class 'Lay;' failed
D/dalvikvm(10474): DexOpt: unable to opt direct call 0x1e94 at 0x2c in Lf;.a
D/dalvikvm(10474): DexOpt: unable to opt direct call 0x0ab7 at 0x13 in Lf;.a
I/CheckinRequestBuilder( 7970): Classify the device as Phone.
E/SpannableStringBuilder(10486): SPAN_EXCLUSIVE_EXCLUSIVE spans cannot have a zero length
E/SpannableStringBuilder(10486): SPAN_EXCLUSIVE_EXCLUSIVE spans cannot have a zero length
E/SpannableStringBuilder(10486): SPAN_EXCLUSIVE_EXCLUSIVE spans cannot have a zero length
E/SpannableStringBuilder(10486): SPAN_EXCLUSIVE_EXCLUSIVE spans cannot have a zero length
E/SpannableStringBuilder(10486): SPAN_EXCLUSIVE_EXCLUSIVE spans cannot have a zero length
E/SpannableStringBuilder(10486): SPAN_EXCLUSIVE_EXCLUSIVE spans cannot have a zero length
I/dalvikvm(10474): Could not find method android.content.Context.getDrawable, referenced from method i.a
W/dalvikvm(10474): VFY: unable to resolve virtual method 2839: Landroid/content/Context;.getDrawable (I)Landroid/graphics/drawable/Drawable;
D/dalvikvm(10474): VFY: replacing opcode 0x6e at 0x0006
E/cutils  (  261): Failed to mkdirat(/storage/sdcard1/Android): Read-only file system
W/Vold    (  261): Returning OperationFailed - no handler for errno 30
W/ContextImpl(10486): Failed to ensure directory: /storage/sdcard1/Android/data/free.reddit.news/cache
I/Babel   (10474): MmsConfig: mnc/mcc: 272/3
I/Babel   (10474): MmsConfig.loadMmsSettings
I/Babel   (10474): MmsConfig.loadDeviceMmsSettings from API: mUserAgent=motoxt1039, mUaProfUrl=http://uaprof.motorola.com/phoneconfig/motoxt1039/Profile/motoxt1039.rdf
I/Babel   (10474): MmsConfig.loadFromDatabase
E/SQLiteLog(10474): (1) no such table: mmsconfig
I/Babel   (10474): MmsConfig: no mmsconfig table android.database.sqlite.SQLiteException: no such table: mmsconfig (code 1): , while compiling: SELECT key, value, type FROM mmsconfig WHERE numeric=?
I/Babel   (10474): MmsConfig.loadFromResources
E/Babel   (10474): canonicalizeMccMnc: invalid mccmnc nullnull
I/Babel   (10474): MmsConfig.loadMmsSettings: mUserAgent=motoxt1039, mUaProfUrl=http://uaprof.motorola.com/phoneconfig/motoxt1039/Profile/motoxt1039.rdf
W/Settings(10474): Setting airplane_mode_on has moved from android.provider.Settings.System to android.provider.Settings.Global, returning read-only value.
I/Babel_StickerModule(10474): App launched.
D/WifiStateMachine( 1025): handleMessage: E msg.what=131155
D/WifiStateMachine( 1025): processMsg: ConnectedState
D/WifiStateMachine( 1025): processMsg: L2ConnectedState
D/WifiStateMachine( 1025): handleMessage: X
D/WifiStateMachine( 1025): handleMessage: E msg.what=151572
D/WifiStateMachine( 1025): processMsg: ConnectedState
D/WifiStateMachine( 1025): processMsg: L2ConnectedState
D/WifiStateMachine( 1025): handleMessage: X
I/ActivityManager( 1025): Start proc com.android.chrome for broadcast com.android.chrome/com.google.android.apps.chrome.precache.PrecacheServiceLauncher: pid=10522 uid=10057 gids={50057, 3003, 1028, 1015}
W/AppOps  ( 1025): Bad call: specified package qcamera under uid 1013 but it is really -1
W/AppOps  ( 1025): Bad call: specified package qcamera under uid 1013 but it is really -1
W/AppOps  ( 1025): Bad call: specified package qcamera under uid 1013 but it is really -1
D/DEBUG   (18647): Received intent : com.motorola.blur.service.blur.Actions.POLLINGMGR_CONNECTIVITY
W/AppOps  ( 1025): Bad call: specified package qcamera under uid 1013 but it is really -1
I/ActivityManager( 1025): Process com.android.chrome (pid 10522) has died.
W/dalvikvm(10474): Unable to resolve superclass of Lcom/google/android/libraries/hangouts/video/ScreenCaptureVideoSource$2; (596)
W/dalvikvm(10474): Link of class 'Lcom/google/android/libraries/hangouts/video/ScreenCaptureVideoSource$2;' failed
E/dalvikvm(10474): Could not find class 'com.google.android.libraries.hangouts.video.ScreenCaptureVideoSource$2', referenced from method com.google.android.libraries.hangouts.video.ScreenCaptureVideoSource.<init>
W/dalvikvm(10474): VFY: unable to resolve new-instance 2878 (Lcom/google/android/libraries/hangouts/video/ScreenCaptureVideoSource$2;) in Lcom/google/android/libraries/hangouts/video/ScreenCaptureVideoSource;
D/dalvikvm(10474): VFY: replacing opcode 0x22 at 0x0044
W/dalvikvm(10474): VFY: unable to find class referenced in signature (Landroid/media/projection/MediaProjection;)
W/dalvikvm(10474): VFY: unable to find class referenced in signature (Landroid/media/projection/MediaProjection;)
W/dalvikvm(10474): VFY: unable to find class referenced in signature (Landroid/media/projection/MediaProjection;)
W/dalvikvm(10474): VFY: unable to find class referenced in signature (Landroid/media/projection/MediaProjectionManager;)
W/ContextImpl(18647): Implicit intents with startService are not safe: Intent { act=com.motorola.blur.service.blur.Actions.BIND_WSPROXY_SVC } android.content.ContextWrapper.bindService:517 com.motorola.ccc.notification.GetNotificationsWS.bindWebServices:65 com.motorola.ccc.notification.SundryService.onCreate:1039 
I/dalvikvm(10474): Could not find method android.media.projection.MediaProjection.createVirtualDisplay, referenced from method com.google.android.libraries.hangouts.video.ScreenCaptureVideoSource.createVirtualDisplay
W/dalvikvm(10474): VFY: unable to resolve virtual method 3518: Landroid/media/projection/MediaProjection;.createVirtualDisplay (Ljava/lang/String;IIIILandroid/view/Surface;Landroid/hardware/display/VirtualDisplay$Callback;Landroid/os/Handler;)Landroid/hardware/display/VirtualDisplay;
D/dalvikvm(10474): VFY: replacing opcode 0x74 at 0x0053
D/GetNotificationsWS(18647): bindWebServices(): registering our AIDL callback...
I/dalvikvm(10474): Could not find method android.media.projection.MediaProjection.stop, referenced from method com.google.android.libraries.hangouts.video.ScreenCaptureVideoSource.release
W/dalvikvm(10474): VFY: unable to resolve virtual method 3520: Landroid/media/projection/MediaProjection;.stop ()V
D/dalvikvm(10474): VFY: replacing opcode 0x6e at 0x002d
I/dalvikvm(10474): Could not find method android.media.projection.MediaProjectionManager.createScreenCaptureIntent, referenced from method com.google.android.libraries.hangouts.video.ScreenCaptureVideoSource.startCapture
W/dalvikvm(10474): VFY: unable to resolve virtual method 3522: Landroid/media/projection/MediaProjectionManager;.createScreenCaptureIntent ()Landroid/content/Intent;
D/dalvikvm(10474): VFY: replacing opcode 0x6e at 0x0023
W/dalvikvm(10474): Unable to resolve superclass of Lcom/google/android/libraries/hangouts/video/ScreenCaptureVideoSource$2; (596)
W/dalvikvm(10474): Link of class 'Lcom/google/android/libraries/hangouts/video/ScreenCaptureVideoSource$2;' failed
D/dalvikvm(10474): DexOpt: unable to opt direct call 0x4a49 at 0x46 in Lcom/google/android/libraries/hangouts/video/ScreenCaptureVideoSource;.<init>
I/SundryService(18647): onHandleIntent(): action=com.motorola.blur.service.blur.Actions.POLLINGMGR_CONNECTIVITY
D/WaitableIntentService(18647): ServiceHandler.handleMessage: mWaitCount=0
I/dalvikvm(10474): Could not find method android.media.MediaCodecInfo$CodecCapabilities.getVideoCapabilities, referenced from method com.google.android.libraries.hangouts.video.EncoderManager.isHardwareAcceleratedCodec
W/dalvikvm(10474): VFY: unable to resolve virtual method 3454: Landroid/media/MediaCodecInfo$CodecCapabilities;.getVideoCapabilities ()Landroid/media/MediaCodecInfo$VideoCapabilities;
D/dalvikvm(10474): VFY: replacing opcode 0x6e at 0x001f
D/EmailService.MarketingOptInSetter(18647): received com.motorola.blur.service.blur.Actions.POLLINGMGR_CONNECTIVITY
D/GetNotificationsWS(18647): onServiceConnected()
D/GetNotificationsWS(18647): onServiceConnected(): Registered for remote service callbacks...
D/GetNotificationsWS(18647): unbindWebServices(): un-registering our AIDL callback...
D/GCM     (31010): GcmService start Intent { act=com.google.android.gms.INITIALIZE flg=0x10 pkg=com.google.android.gms cmp=com.google.android.gms/.gcm.GcmService } com.google.android.gms.INITIALIZE
D/AuthorizationBluetoothService(31010): Received GmsCore event: Intent { act=com.google.android.gms.INITIALIZE flg=0x10 pkg=com.google.android.gms cmp=com.google.android.gms/.auth.be.proximity.authorization.bt.AuthorizationBluetoothService$AutoStarter }.
E/AuthorizationBluetoothService(31010): Proximity feature is not enabled.
V/GmsCoreStatsServiceLauncher( 7970): Received broadcast intent Intent { act=com.google.android.gms.INITIALIZE flg=0x10 pkg=com.google.android.gms cmp=com.google.android.gms/.common.stats.GmsCoreStatsServiceLauncher }
I/KInfoc  ( 9501): Auto Post
E/MDM     (31342): [421081] b.run: Couldn't connect to Google API client: ConnectionResult{statusCode=API_UNAVAILABLE, resolution=null}
D/Sensors ( 1025): AccelerationSensor: set delay 20
D/LocationInitializer( 7970): Restart initialization of location
I/ActivityManager( 1025): Process com.google.android.talk (pid 10474) has died.
W/ActivityManager( 1025): Service ServiceRecord{437a6170 u0 com.google.android.talk/com.google.android.libraries.hangouts.video.CallService} in process ProcessRecord{434fa488 10474:com.google.android.talk/u0a71} not same as in map: null
W/Settings( 9501): Setting android_id has moved from android.provider.Settings.System to android.provider.Settings.Secure, returning read-only value.
D/KInfoc  ( 9501): clear batch timer
D/KInfoc  ( 9501): set batch timer
D/KInfoc  ( 9501):  BATCH REPORTER STARTED ........
E/AdwareHttpConnector( 9501): 200
W/ActivityThread( 7970): ClassLoader.loadClass: The class loader returned by Thread.getContextClassLoader() may fail for processes that host multiple applications. You should explicitly specify a context class loader. For example: Thread.setContextClassLoader(getClass().getClassLoader());
I/PowerManagerService( 1025): Nap time...
I/PowerManagerService( 1025): Going to sleep due to screen timeout...
D/Ulp_jni ( 1025): Location CB invoked
I/CheckinTask( 7970): Sending checkin request (7186 bytes)
I/dalvikvm(10486): Total arena pages for JIT: 11
D/WifiStateMachine( 1025): handleMessage: E msg.what=151572
D/WifiStateMachine( 1025): processMsg: ConnectedState
D/WifiStateMachine( 1025): processMsg: L2ConnectedState
D/WifiStateMachine( 1025): handleMessage: X
D/SurfaceFlinger(  274): Screen released, type=0 flinger=0xb769f450
D/qdhwcomposer(  274): hwc_blank: Blanking display: 0
I/SFPerfTracer(  274):       trigger: vsync rate (-44.783%)	(33.130 vps)	(30.184 ms)* 	(172 drops)	(338 vsyncs)
I/SFPerfTracer(  274):      triggers: (rate: 1110:445068) (336652 sw vsyncs) (1039052 skipped) (338:3301727 vsyncs) (340:4135678)
I/CheckinRequestBuilder( 7970): Checkin reason type: 8 attempt count: 1
I/ActivityManager( 1025): Process free.reddit.news (pid 10486) has died.
D/qdhwcomposer(  274): hwc_blank: Done blanking display: 0
D/SurfaceControl( 1025): Excessive delay in blankDisplay() while turning screen off: 200ms
I/AonLTInterfaceService( 1295): AodLT package version: 1000000
D/KeyguardHostView( 1119): showSecurityScreen(None)
D/KeyguardHostView( 1119): getSecurityView(None)
D/WifiStateMachine( 1025): handleScreenStateChanged: false
D/WifiStateMachine( 1025): handleMessage: E msg.what=131154
D/WifiStateMachine( 1025): processMsg: ConnectedState
D/WifiStateMachine( 1025): processMsg: L2ConnectedState
D/WifiStateMachine( 1025): handleMessage: X
D/WifiStateMachine( 1025): handleMessage: E msg.what=131163
D/WifiStateMachine( 1025): processMsg: ConnectedState
D/WifiStateMachine( 1025): processMsg: L2ConnectedState
D/WifiStateMachine( 1025): processMsg: ConnectModeState
D/WifiStateMachine( 1025): processMsg: DriverStartedState
D/WifiStateMachine( 1025): processMsg: SupplicantStartedState
D/WifiStateMachine( 1025): processMsg: DefaultState
D/WifiStateMachine( 1025): handleMessage: X
D/WifiStateMachine( 1025): handleMessage: E msg.what=131158
D/WifiStateMachine( 1025): processMsg: ConnectedState
D/WifiStateMachine( 1025): processMsg: L2ConnectedState
D/WifiStateMachine( 1025): processMsg: ConnectModeState
D/WifiStateMachine( 1025): processMsg: DriverStartedState
D/WifiStateMachine( 1025): setSuspendOptimizationsNative: 4 true
V/KeyguardHostView( 1119): Initial transport state: 0, pbstate=1
D/Sensors ( 1025): AccelerationSensor: set delay 20
D/audio_hw_primary(  277): adev_set_parameters: enter: screen_state=off
V/msm8974_platform(  277): platform_set_parameters: enter: screen_state=off
V/msm8974_platform(  277): platform_set_parameters: exit with code(-2)
E/audio_a2dp_hw(  277): adev_set_parameters: ERROR: set param called even when stream out is null
I/CheckinRequestBuilder( 7970): Classify the device as Phone.
D/KeyguardHostView( 1119): showSecurityScreen(None)
D/KeyguardHostView( 1119): getSecurityView(Invalid)
D/KeyguardHostView( 1119): getSecurityView(None)
D/WifiStateMachine( 1025): handleMessage: X
D/dalvikvm( 1119): GC_FOR_ALLOC freed 786K, 19% free 15870K/19420K, paused 27ms, total 28ms
V/KeyguardHostView( 1119): hide transport, gen:292
V/KeyguardHostView( 1119): music state changed: 1
D/dalvikvm( 7970): GC_CONCURRENT freed 1685K, 41% free 10317K/17224K, paused 3ms+11ms, total 53ms
W/View    ( 1119): requestLayout() improperly called by android.widget.TextClock{42126850 V.ED.... ......ID 104,0-484,213 #7f0a004b app:id/clock_view} during layout: running second layout pass
W/View    ( 1119): requestLayout() improperly called by android.widget.TextClock{4219cd80 V.ED.... ......ID 136,0-285,38 #7f0a0050 app:id/date_view} during layout: running second layout pass
W/View    ( 1119): requestLayout() improperly called by android.widget.TextView{42267300 V.ED.... ......ID 301,0-452,38 #7f0a0051 app:id/alarm_status} during layout: running second layout pass
I/ActivityManager( 1025): Start proc com.google.android.talk for broadcast com.google.android.talk/com.google.android.apps.hangouts.phone.PackageReplacedReceiver: pid=10563 uid=10071 gids={50071, 3003, 1028, 1015, 3002}
I/InputReader( 1025): Reconfiguring input devices.  changes=0x00000010
I/InputReader( 1025): Reconfiguring input devices.  changes=0x00000010
I/PackageManager( 1025): Adding preferred activity ComponentInfo{com.android.mms/com.android.mms.ui.ComposeMessageActivity} for user 0 :
I/PackageManager( 1025):   Action: "android.intent.action.SENDTO"
I/PackageManager( 1025):   Category: "android.intent.category.DEFAULT"
I/PackageManager( 1025):   Scheme: "sms"
I/PackageManager( 1025): Adding preferred activity ComponentInfo{com.android.mms/com.android.mms.ui.ComposeMessageActivity} for user 0 :
I/PackageManager( 1025):   Action: "android.intent.action.SENDTO"
I/PackageManager( 1025):   Category: "android.intent.category.DEFAULT"
I/PackageManager( 1025):   Scheme: "smsto"
I/Launcher( 2206): Deferring update until onResume
I/PackageManager( 1025): Adding preferred activity ComponentInfo{com.android.mms/com.android.mms.ui.ComposeMessageActivity} for user 0 :
I/PackageManager( 1025):   Action: "android.intent.action.SENDTO"
I/PackageManager( 1025):   Category: "android.intent.category.DEFAULT"
I/PackageManager( 1025):   Scheme: "mms"
I/Launcher( 2206): Deferring update until onResume
I/PackageManager( 1025): Adding preferred activity ComponentInfo{com.android.mms/com.android.mms.ui.ComposeMessageActivity} for user 0 :
I/PackageManager( 1025):   Action: "android.intent.action.SENDTO"
I/PackageManager( 1025):   Category: "android.intent.category.DEFAULT"
I/PackageManager( 1025):   Scheme: "mmsto"
D/dalvikvm(10563): Trying to load lib /data/app-lib/com.google.android.talk-2/libcrashreporterer.so 0x41fae530
D/dalvikvm(10563): Added shared lib /data/app-lib/com.google.android.talk-2/libcrashreporterer.so 0x41fae530
I/Launcher( 2206): Deferring update until onResume
I/PackageManager( 1025): Adding preferred activity ComponentInfo{com.android.mms/com.android.mms.ui.ComposeMessageActivity} for user 0 :
I/PackageManager( 1025):   Action: "android.intent.action.SENDTO"
I/PackageManager( 1025):   Category: "android.intent.category.DEFAULT"
I/PackageManager( 1025):   Scheme: "sms"
E/dalvikvm(10563): Could not find class 'android.app.Notification$Action$Builder', referenced from method f.a
W/dalvikvm(10563): VFY: unable to resolve new-instance 402 (Landroid/app/Notification$Action$Builder;) in Lf;
D/dalvikvm(10563): VFY: replacing opcode 0x22 at 0x0000
E/dalvikvm(10563): Could not find class 'android.app.RemoteInput$Builder', referenced from method f.a
W/dalvikvm(10563): VFY: unable to resolve new-instance 414 (Landroid/app/RemoteInput$Builder;) in Lf;
D/dalvikvm(10563): VFY: replacing opcode 0x22 at 0x003d
E/dalvikvm(10563): Could not find class 'android.app.Notification$Action$Builder', referenced from method f.a
W/dalvikvm(10563): VFY: unable to resolve new-instance 402 (Landroid/app/Notification$Action$Builder;) in Lf;
D/dalvikvm(10563): VFY: replacing opcode 0x22 at 0x0000
W/dalvikvm(10563): Unable to resolve superclass of Law; (790)
W/dalvikvm(10563): Link of class 'Law;' failed
E/dalvikvm(10563): Could not find class 'aw', referenced from method f.a
W/dalvikvm(10563): VFY: unable to resolve new-instance 1214 (Law;) in Lf;
D/dalvikvm(10563): VFY: replacing opcode 0x22 at 0x0006
W/dalvikvm(10563): Unable to resolve superclass of Lay; (790)
W/dalvikvm(10563): Link of class 'Lay;' failed
E/dalvikvm(10563): Could not find class 'ay', referenced from method f.a
W/dalvikvm(10563): VFY: unable to resolve new-instance 1268 (Lay;) in Lf;
D/dalvikvm(10563): VFY: replacing opcode 0x22 at 0x002a
I/dalvikvm(10563): Could not find method android.view.ViewGroup.isTransitionGroup, referenced from method f.a
W/dalvikvm(10563): VFY: unable to resolve virtual method 5345: Landroid/view/ViewGroup;.isTransitionGroup ()Z
D/dalvikvm(10563): VFY: replacing opcode 0x6e at 0x000c
I/dalvikvm(10563): Could not find method android.view.View.getTransitionName, referenced from method f.a
W/dalvikvm(10563): VFY: unable to resolve virtual method 5199: Landroid/view/View;.getTransitionName ()Ljava/lang/String;
D/dalvikvm(10563): VFY: replacing opcode 0x6e at 0x0006
W/dalvikvm(10563): VFY: unable to find class referenced in signature ([Landroid/app/RemoteInput;)
E/dalvikvm(10563): Could not find class 'android.app.RemoteInput[]', referenced from method f.a
W/dalvikvm(10563): VFY: unable to resolve new-array 6957 ([Landroid/app/RemoteInput;) in Lf;
D/dalvikvm(10563): VFY: replacing opcode 0x23 at 0x0005
I/PackageManager( 1025): Adding preferred activity ComponentInfo{com.android.mms/com.android.mms.ui.ComposeMessageActivity} for user 0 :
I/PackageManager( 1025):   Action: "android.intent.action.SENDTO"
I/PackageManager( 1025):   Category: "android.intent.category.DEFAULT"
I/PackageManager( 1025):   Scheme: "smsto"
I/Launcher( 2206): Deferring update until onResume
D/dalvikvm(10563): DexOpt: couldn't find static field Landroid/os/Build;.SUPPORTED_ABIS
W/dalvikvm(10563): VFY: unable to resolve static field 1486 (SUPPORTED_ABIS) in Landroid/os/Build;
D/dalvikvm(10563): VFY: replacing opcode 0x62 at 0x0006
I/PackageManager( 1025): Adding preferred activity ComponentInfo{com.android.mms/com.android.mms.ui.ComposeMessageActivity} for user 0 :
I/PackageManager( 1025):   Action: "android.intent.action.SENDTO"
I/PackageManager( 1025):   Category: "android.intent.category.DEFAULT"
I/PackageManager( 1025):   Scheme: "mms"
D/dalvikvm(10563): DexOpt: unable to opt direct call 0x0a62 at 0x0e in Lf;.a
D/dalvikvm(10563): DexOpt: unable to opt direct call 0x0ab7 at 0x43 in Lf;.a
D/dalvikvm(10563): DexOpt: unable to opt direct call 0x0a62 at 0x0e in Lf;.a
W/dalvikvm(10563): Unable to resolve superclass of Law; (790)
W/dalvikvm(10563): Link of class 'Law;' failed
D/dalvikvm(10563): DexOpt: unable to opt direct call 0x1d53 at 0x08 in Lf;.a
W/dalvikvm(10563): Unable to resolve superclass of Lay; (790)
W/dalvikvm(10563): Link of class 'Lay;' failed
D/dalvikvm(10563): DexOpt: unable to opt direct call 0x1e94 at 0x2c in Lf;.a
D/dalvikvm(10563): DexOpt: unable to opt direct call 0x0ab7 at 0x13 in Lf;.a
I/PackageManager( 1025): Adding preferred activity ComponentInfo{com.android.mms/com.android.mms.ui.ComposeMessageActivity} for user 0 :
I/PackageManager( 1025):   Action: "android.intent.action.SENDTO"
I/PackageManager( 1025):   Category: "android.intent.category.DEFAULT"
I/PackageManager( 1025):   Scheme: "mmsto"
I/PackageManager( 1025): Adding preferred activity ComponentInfo{com.android.mms/com.android.mms.ui.ComposeMessageActivity} for user 0 :
I/PackageManager( 1025):   Action: "android.intent.action.SENDTO"
I/PackageManager( 1025):   Category: "android.intent.category.DEFAULT"
I/PackageManager( 1025):   Scheme: "sms"
I/PackageManager( 1025): Adding preferred activity ComponentInfo{com.android.mms/com.android.mms.ui.ComposeMessageActivity} for user 0 :
I/PackageManager( 1025):   Action: "android.intent.action.SENDTO"
I/PackageManager( 1025):   Category: "android.intent.category.DEFAULT"
I/PackageManager( 1025):   Scheme: "smsto"
I/dalvikvm(10563): Could not find method android.content.Context.getDrawable, referenced from method i.a
W/dalvikvm(10563): VFY: unable to resolve virtual method 2839: Landroid/content/Context;.getDrawable (I)Landroid/graphics/drawable/Drawable;
D/dalvikvm(10563): VFY: replacing opcode 0x6e at 0x0006
I/PackageManager( 1025): Adding preferred activity ComponentInfo{com.android.mms/com.android.mms.ui.ComposeMessageActivity} for user 0 :
I/PackageManager( 1025):   Action: "android.intent.action.SENDTO"
I/PackageManager( 1025):   Category: "android.intent.category.DEFAULT"
I/PackageManager( 1025):   Scheme: "mms"
I/PackageManager( 1025): Adding preferred activity ComponentInfo{com.android.mms/com.android.mms.ui.ComposeMessageActivity} for user 0 :
I/PackageManager( 1025):   Action: "android.intent.action.SENDTO"
I/PackageManager( 1025):   Category: "android.intent.category.DEFAULT"
I/PackageManager( 1025):   Scheme: "mmsto"
I/Babel   (10563): MmsConfig: mnc/mcc: 272/3
I/Babel   (10563): MmsConfig.loadMmsSettings
I/Babel   (10563): MmsConfig.loadDeviceMmsSettings from API: mUserAgent=motoxt1039, mUaProfUrl=http://uaprof.motorola.com/phoneconfig/motoxt1039/Profile/motoxt1039.rdf
I/Babel   (10563): MmsConfig.loadFromDatabase
E/SQLiteLog(10563): (1) no such table: mmsconfig
I/Babel   (10563): MmsConfig: no mmsconfig table android.database.sqlite.SQLiteException: no such table: mmsconfig (code 1): , while compiling: SELECT key, value, type FROM mmsconfig WHERE numeric=?
I/Babel   (10563): MmsConfig.loadFromResources
E/Babel   (10563): canonicalizeMccMnc: invalid mccmnc nullnull
I/Babel   (10563): MmsConfig.loadMmsSettings: mUserAgent=motoxt1039, mUaProfUrl=http://uaprof.motorola.com/phoneconfig/motoxt1039/Profile/motoxt1039.rdf
I/PackageManager( 1025): Adding preferred activity ComponentInfo{com.android.mms/com.android.mms.ui.ComposeMessageActivity} for user 0 :
I/PackageManager( 1025):   Action: "android.intent.action.SENDTO"
I/PackageManager( 1025):   Category: "android.intent.category.DEFAULT"
I/PackageManager( 1025):   Scheme: "sms"
I/PackageManager( 1025): Adding preferred activity ComponentInfo{com.android.mms/com.android.mms.ui.ComposeMessageActivity} for user 0 :
I/PackageManager( 1025):   Action: "android.intent.action.SENDTO"
I/PackageManager( 1025):   Category: "android.intent.category.DEFAULT"
I/PackageManager( 1025):   Scheme: "smsto"
I/PackageManager( 1025): Adding preferred activity ComponentInfo{com.android.mms/com.android.mms.ui.ComposeMessageActivity} for user 0 :
I/PackageManager( 1025):   Action: "android.intent.action.SENDTO"
I/PackageManager( 1025):   Category: "android.intent.category.DEFAULT"
I/PackageManager( 1025):   Scheme: "mms"
I/PackageManager( 1025): Adding preferred activity ComponentInfo{com.android.mms/com.android.mms.ui.ComposeMessageActivity} for user 0 :
I/PackageManager( 1025):   Action: "android.intent.action.SENDTO"
I/PackageManager( 1025):   Category: "android.intent.category.DEFAULT"
I/PackageManager( 1025):   Scheme: "mmsto"
W/Settings(10563): Setting airplane_mode_on has moved from android.provider.Settings.System to android.provider.Settings.Global, returning read-only value.
I/Babel_StickerModule(10563): App launched.
I/ActivityManager( 1025): Start proc com.google.android.googlequicksearchbox:search for broadcast com.google.android.googlequicksearchbox/com.google.android.search.core.GooglePlayServicesHelper$GmsPackageWatcher: pid=10590 uid=10045 gids={50045, 3003, 3001, 1028, 3002, 1015}
W/AppOps  ( 1025): Bad call: specified package qcamera under uid 1013 but it is really -1
W/AppOps  ( 1025): Bad call: specified package qcamera under uid 1013 but it is really -1
W/AppOps  ( 1025): Bad call: specified package qcamera under uid 1013 but it is really -1
W/AppOps  ( 1025): Bad call: specified package qcamera under uid 1013 but it is really -1
W/dalvikvm(10563): Unable to resolve superclass of Lcom/google/android/libraries/hangouts/video/ScreenCaptureVideoSource$2; (596)
W/dalvikvm(10563): Link of class 'Lcom/google/android/libraries/hangouts/video/ScreenCaptureVideoSource$2;' failed
E/dalvikvm(10563): Could not find class 'com.google.android.libraries.hangouts.video.ScreenCaptureVideoSource$2', referenced from method com.google.android.libraries.hangouts.video.ScreenCaptureVideoSource.<init>
W/dalvikvm(10563): VFY: unable to resolve new-instance 2878 (Lcom/google/android/libraries/hangouts/video/ScreenCaptureVideoSource$2;) in Lcom/google/android/libraries/hangouts/video/ScreenCaptureVideoSource;
D/dalvikvm(10563): VFY: replacing opcode 0x22 at 0x0044
W/dalvikvm(10563): VFY: unable to find class referenced in signature (Landroid/media/projection/MediaProjection;)
W/dalvikvm(10563): VFY: unable to find class referenced in signature (Landroid/media/projection/MediaProjection;)
W/dalvikvm(10563): VFY: unable to find class referenced in signature (Landroid/media/projection/MediaProjection;)
W/dalvikvm(10563): VFY: unable to find class referenced in signature (Landroid/media/projection/MediaProjectionManager;)
I/dalvikvm(10563): Could not find method android.media.projection.MediaProjection.createVirtualDisplay, referenced from method com.google.android.libraries.hangouts.video.ScreenCaptureVideoSource.createVirtualDisplay
W/dalvikvm(10563): VFY: unable to resolve virtual method 3518: Landroid/media/projection/MediaProjection;.createVirtualDisplay (Ljava/lang/String;IIIILandroid/view/Surface;Landroid/hardware/display/VirtualDisplay$Callback;Landroid/os/Handler;)Landroid/hardware/display/VirtualDisplay;
D/dalvikvm(10563): VFY: replacing opcode 0x74 at 0x0053
I/dalvikvm(10563): Could not find method android.media.projection.MediaProjection.stop, referenced from method com.google.android.libraries.hangouts.video.ScreenCaptureVideoSource.release
W/dalvikvm(10563): VFY: unable to resolve virtual method 3520: Landroid/media/projection/MediaProjection;.stop ()V
D/dalvikvm(10563): VFY: replacing opcode 0x6e at 0x002d
I/dalvikvm(10563): Could not find method android.media.projection.MediaProjectionManager.createScreenCaptureIntent, referenced from method com.google.android.libraries.hangouts.video.ScreenCaptureVideoSource.startCapture
W/dalvikvm(10563): VFY: unable to resolve virtual method 3522: Landroid/media/projection/MediaProjectionManager;.createScreenCaptureIntent ()Landroid/content/Intent;
D/dalvikvm(10563): VFY: replacing opcode 0x6e at 0x0023
W/dalvikvm(10563): Unable to resolve superclass of Lcom/google/android/libraries/hangouts/video/ScreenCaptureVideoSource$2; (596)
W/dalvikvm(10563): Link of class 'Lcom/google/android/libraries/hangouts/video/ScreenCaptureVideoSource$2;' failed
D/dalvikvm(10563): DexOpt: unable to opt direct call 0x4a49 at 0x46 in Lcom/google/android/libraries/hangouts/video/ScreenCaptureVideoSource;.<init>
I/dalvikvm(10563): Could not find method android.media.MediaCodecInfo$CodecCapabilities.getVideoCapabilities, referenced from method com.google.android.libraries.hangouts.video.EncoderManager.isHardwareAcceleratedCodec
W/dalvikvm(10563): VFY: unable to resolve virtual method 3454: Landroid/media/MediaCodecInfo$CodecCapabilities;.getVideoCapabilities ()Landroid/media/MediaCodecInfo$VideoCapabilities;
D/dalvikvm(10563): VFY: replacing opcode 0x6e at 0x001f
I/Babel   (10563): Creating RTCS
I/Babel   (10563): Destroying RTCS
I/SFPerfTracer(  274):       trigger: frame rate (-56.796%)	(25.922 fps)	(38.577 ms) 	(15 drops)	(19 frames)
I/SFPerfTracer(  274):      triggers: (rate: 1243:49310) (compose: 0:251) (post: 0:20) (render: 84:10541) (19:774461 frames) (20:3286268)
D/SFPerfTracer(  274):        layers: (0:11) (DimLayer: 0:158)* (DimLayer: 0:124)* (FocusedStackFrame: 0:21352)* (StatusBar: 0:261850)* (NavigationBar: 0:201605)* (DimLayer: 0:24181)* (DimLayer: 0:4614)* (com.android.wallpaper.fall.FallWallpaper: 20:7311)* (co.giftmeapp.gift_me/co.giftmeapp.gift_me.GiftMe: 0:60)* (Keyguard: 0:54)* (ElectronBeam: 0:22)* 
D/dalvikvm(10563): GC_CONCURRENT freed 4129K, 25% free 13058K/17224K, paused 3ms+3ms, total 50ms
I/SBar.NetworkController( 1119): refreshSignalCluster: mobile: Signal=zz_moto_stat_sys_signal_2_fully_wide Roaming=(none) mSimIconId=(none) Accessibility="Phone two bars.","Not roaming.",""
D/dalvikvm(10563): WAIT_FOR_CONCURRENT_GC blocked 26ms
I/CheckinTask( 7970): Checkin success: https://android.clients.google.com/checkin (1 requests sent)
I/ActivityManager( 1025): Start proc com.google.android.partnersetup for content provider com.google.android.partnersetup/.RlzAppProvider: pid=10612 uid=10025 gids={50025, 3003}
I/ActivityManager( 1025): Process com.google.android.talk (pid 10563) has died.
I/CheckinService( 7970): Checking schedule, now: 1429808172191 next: 1430387772149
I/CheckinService( 7970): active receiver: disabled
W/ActivityManager( 1025): Service ServiceRecord{43924dd0 u0 com.google.android.talk/com.google.android.libraries.hangouts.video.CallService} in process ProcessRecord{43e1e5e0 10563:com.google.android.talk/u0a71} not same as in map: null
I/dalvikvm(10590): Could not find method android.content.pm.PackageManager.getPackageInstaller, referenced from method com.google.android.gms.common.e.p
W/dalvikvm(10590): VFY: unable to resolve virtual method 901: Landroid/content/pm/PackageManager;.getPackageInstaller ()Landroid/content/pm/PackageInstaller;
D/dalvikvm(10590): VFY: replacing opcode 0x6e at 0x000b
V/GmsNetworkLocationProvi(31342): DISABLE
I/CheckinService( 7970): Checking schedule, now: 1429808172244 next: 1430387772149
I/CheckinService( 7970): active receiver: disabled
I/UpdateIcingCorporaServi(10590): Updating corpora: APPS=MAYBE, CONTACTS=MAYBE
D/WifiStateMachine( 1025): handleMessage: E msg.what=131155
D/WifiStateMachine( 1025): processMsg: ConnectedState
D/WifiStateMachine( 1025): processMsg: L2ConnectedState
D/WifiStateMachine( 1025): handleMessage: X
I/ActivityManager( 1025): Process com.google.android.partnersetup (pid 10612) has died.
D/dalvikvm( 1025): GC_EXPLICIT freed 2673K, 38% free 31453K/50444K, paused 9ms+27ms, total 194ms
W/ProcessCpuTracker( 1025): Skipping unknown process pid 10612
I/ActivityManager( 1025): Start proc android.process.acore for broadcast com.android.providers.contacts/.PackageIntentReceiver: pid=10633 uid=10010 gids={50010, 3003, 1028, 1015, 1023}
D/dalvikvm(  275): GC_EXPLICIT freed 42K, 48% free 9011K/17224K, paused 2ms+3ms, total 23ms
E/GCoreFlp(31342): Bound FusedProviderService with LocationManager
V/GmsNetworkLocationProvi(31342): ENABLE
V/GmsNetworkLocationProvi(31342): onSetRequest: ProviderRequestUnbundled, reportLocation is true and interval is 14400000
V/GmsNetworkLocationProvi(31342): SET-REQUEST
V/GmsNetworkLocationProvi(31342): in Handler: ProviderRequestUnbundled, reportLocation is true and interval is 14400000
D/dalvikvm(  275): GC_EXPLICIT freed <1K, 48% free 9011K/17224K, paused 2ms+3ms, total 20ms
D/WifiService( 1025): acquireWifiLockLocked: WifiLock{NlpWifiLock type=2 binder=android.os.BinderProxy@43753890}
D/WifiStateMachine( 1025): handleMessage: E msg.what=131143
D/WifiStateMachine( 1025): processMsg: ConnectedState
D/WifiStateMachine( 1025): processMsg: L2ConnectedState
D/WifiStateMachine( 1025): handleMessage: X
D/dalvikvm(  275): GC_EXPLICIT freed <1K, 48% free 9011K/17224K, paused 1ms+3ms, total 19ms
I/ActivityManager( 1025): Start proc com.android.vending for broadcast com.android.vending/com.google.android.finsky.receivers.PackageMonitorReceiver$RegisteredReceiver: pid=10648 uid=10039 gids={50039, 3003, 1028, 1015}
D/dalvikvm(31010): GC_EXPLICIT freed 303K, 41% free 10304K/17224K, paused 2ms+4ms, total 59ms
D/Sensors ( 1025): AccelerationSensor: Set Sensors state 0x0
D/Finsky  (10648): [1] FinskyApp.onCreate: Initializing network with DFE https://android.clients.google.com/fdfe/
I/ContactLocale(10633): AddressBook Labels [en_GB]: [, A, B, C, D, E, F, G, H, I, J, K, L, M, N, O, P, Q, R, S, T, U, V, W, X, Y, Z, , , , , , , , , , , , , , , , , , , , , , , , , , , , , , , , , , , , , , , , , , , , , , , , , , , , , , , , , , , , , , , , , , , , , , , , , , , , , , , , , , , , , , , , , , , , , , , , , , , , , , , , , , , , , , , , , , , , , , , , , , , , , , , , , , , , , , , , , , , , , , , , , , , , , , , , , , , , , , , , , , , , , , , , , , , , , , , , , , , , , , #, ]
D/Finsky  (10648): [1] DailyHygiene.goMakeHygieneIfDirty: No need to run daily hygiene.
W/Settings(10648): Setting download_manager_max_bytes_over_mobile has moved from android.provider.Settings.Secure to android.provider.Settings.Global.
W/Settings(10648): Setting download_manager_recommended_max_bytes_over_mobile has moved from android.provider.Settings.Secure to android.provider.Settings.Global.
I/dalvikvm(10648): Could not find method com.google.android.play.layout.PlayCardViewBase.setTransitionName, referenced from method com.google.android.finsky.utils.PlayCardUtils.bindCard
W/dalvikvm(10648): VFY: unable to resolve virtual method 42705: Lcom/google/android/play/layout/PlayCardViewBase;.setTransitionName (Ljava/lang/String;)V
D/dalvikvm(10648): VFY: replacing opcode 0x6e at 0x00d9
I/dalvikvm(10648): Could not find method com.google.android.play.layout.PlayCardViewBase.setTransitionGroup, referenced from method com.google.android.finsky.utils.PlayCardUtils.bindCard
W/dalvikvm(10648): VFY: unable to resolve virtual method 42704: Lcom/google/android/play/layout/PlayCardViewBase;.setTransitionGroup (Z)V
D/dalvikvm(10648): VFY: replacing opcode 0x6e at 0x0246
I/dalvikvm(10648): Could not find method android.view.View.getTransitionName, referenced from method com.google.android.finsky.navigationmanager.NavigationManager.showPage
W/dalvikvm(10648): VFY: unable to resolve virtual method 9352: Landroid/view/View;.getTransitionName ()Ljava/lang/String;
D/dalvikvm(10648): VFY: replacing opcode 0x6e at 0x001a
D/Finsky  (10648): [1] 2.run: Loaded library for account: [gKXbJhL8NA2nPUzZyFpjB6tKi7U]
D/Finsky  (10648): [1] 2.run: Finished loading 1 libraries.
I/ActivityManager( 1025): Start proc com.motorola.MotGallery2 for broadcast com.motorola.MotGallery2/com.android.gallery3d.app.PackagesMonitor: pid=10688 uid=10034 gids={50034, 3003, 1028, 1015}
I/ActivityManager( 1025): Process android.process.acore (pid 10633) has died.
D/MDMCTBK (  273): reply_len: 40 reply is = IFNAME=wlan0 <3>CTRL-EVENT-BSS-ADDED 359
D/MDMCTBK (  273): Event received = CTRL-EVENT-BSS-ADDED 359
D/MDMCTBK (  273): reply_len: 40 reply is = IFNAME=wlan0 <3>CTRL-EVENT-BSS-ADDED 359
D/MDMCTBK (  273): Event received = CTRL-EVENT-BSS-ADDED 359
D/MDMCTBK (  273): reply_len: 40 reply is = IFNAME=wlan0 <3>CTRL-EVENT-BSS-ADDED 359
D/MDMCTBK (  273): Event received = CTRL-EVENT-BSS-ADDED 359
D/MDMCTBK (  273): reply_len: 40 reply is = IFNAME=wlan0 <3>CTRL-EVENT-BSS-ADDED 359
D/MDMCTBK (  273): Event received = CTRL-EVENT-BSS-ADDED 359
D/MDMCTBK (  273): reply_len: 40 reply is = IFNAME=wlan0 <3>CTRL-EVENT-SCAN-RESULTS 
D/MDMCTBK (  273): Event received = CTRL-EVENT-SCAN-RESULTS 
D/TCMD    (  465): NL - Read 56 bytes from update socket.
D/TCMD    (  465): NL - message type is RTM_NEWLINK
D/TCMD    (  465): Listening for incoming client connection request
D/WifiStateMachine( 1025): handleMessage: E msg.what=147461
D/WifiStateMachine( 1025): processMsg: ConnectedState
D/WifiStateMachine( 1025): processMsg: L2ConnectedState
D/WifiStateMachine( 1025): processMsg: ConnectModeState
D/WifiStateMachine( 1025): processMsg: DriverStartedState
D/WifiStateMachine( 1025): processMsg: SupplicantStartedState
D/WifiStateMachine( 1025): handleMessage: X
D/PackageBroadcastService( 7970): Received broadcast action=android.intent.action.PACKAGE_CHANGED and uri=com.google.android.gms
I/PackageBroadcastService( 7970): Null package name or gms related package.  Ignoreing.
D/Finsky  (10648): [1] GmsCoreHelper.cleanupNlp: result=false type=4
D/WifiService( 1025): releaseWifiLockLocked: WifiLock{NlpWifiLock type=2 binder=android.os.BinderProxy@43753890}
D/Finsky  (10648): [1] RestoreTracker.stopServiceIfDone: Restore complete with 0 success and 0 failed.
I/Icing   ( 7970): updateResources: need to parse e{com.google.android.gms}
I/ActivityManager( 1025): Start proc android.process.acore for broadcast com.android.providers.contacts/.PackageIntentReceiver: pid=10709 uid=10010 gids={50010, 3003, 1028, 1015, 1023}
I/ActivityManager( 1025): Process com.android.vending (pid 10648) has died.
I/ActivityManager( 1025): Start proc com.android.vending for broadcast com.android.vending/com.google.android.finsky.receivers.PackageMonitorReceiver$RegisteredReceiver: pid=10724 uid=10039 gids={50039, 3003, 1028, 1015}
I/ContactLocale(10709): AddressBook Labels [en_GB]: [, A, B, C, D, E, F, G, H, I, J, K, L, M, N, O, P, Q, R, S, T, U, V, W, X, Y, Z, , , , , , , , , , , , , , , , , , , , , , , , , , , , , , , , , , , , , , , , , , , , , , , , , , , , , , , , , , , , , , , , , , , , , , , , , , , , , , , , , , , , , , , , , , , , , , , , , , , , , , , , , , , , , , , , , , , , , , , , , , , , , , , , , , , , , , , , , , , , , , , , , , , , , , , , , , , , , , , , , , , , , , , , , , , , , , , , , , , , , , #, ]
D/Finsky  (10724): [1] FinskyApp.onCreate: Initializing network with DFE https://android.clients.google.com/fdfe/
I/ActivityManager( 1025): Process com.motorola.MotGallery2 (pid 10688) has died.
D/Finsky  (10724): [1] DailyHygiene.goMakeHygieneIfDirty: No need to run daily hygiene.
W/Settings(10724): Setting download_manager_max_bytes_over_mobile has moved from android.provider.Settings.Secure to android.provider.Settings.Global.
W/Settings(10724): Setting download_manager_recommended_max_bytes_over_mobile has moved from android.provider.Settings.Secure to android.provider.Settings.Global.
I/dalvikvm(10724): Could not find method com.google.android.play.layout.PlayCardViewBase.setTransitionName, referenced from method com.google.android.finsky.utils.PlayCardUtils.bindCard
W/dalvikvm(10724): VFY: unable to resolve virtual method 42705: Lcom/google/android/play/layout/PlayCardViewBase;.setTransitionName (Ljava/lang/String;)V
D/dalvikvm(10724): VFY: replacing opcode 0x6e at 0x00d9
I/dalvikvm(10724): Could not find method com.google.android.play.layout.PlayCardViewBase.setTransitionGroup, referenced from method com.google.android.finsky.utils.PlayCardUtils.bindCard
W/dalvikvm(10724): VFY: unable to resolve virtual method 42704: Lcom/google/android/play/layout/PlayCardViewBase;.setTransitionGroup (Z)V
D/dalvikvm(10724): VFY: replacing opcode 0x6e at 0x0246
I/dalvikvm(10724): Could not find method android.view.View.getTransitionName, referenced from method com.google.android.finsky.navigationmanager.NavigationManager.showPage
W/dalvikvm(10724): VFY: unable to resolve virtual method 9352: Landroid/view/View;.getTransitionName ()Ljava/lang/String;
D/dalvikvm(10724): VFY: replacing opcode 0x6e at 0x001a
V/AlarmManager( 1025): sending alarm Alarm{43756da0 type 3 com.devexpert.weather}
V/AlarmManager( 1025): sending alarm Alarm{43745030 type 0 com.google.android.googlequicksearchbox}
I/ActivityManager( 1025): Process android.process.acore (pid 10709) has died.
D/Finsky  (10724): [1] 2.run: Loaded library for account: [gKXbJhL8NA2nPUzZyFpjB6tKi7U]
D/Finsky  (10724): [1] 2.run: Finished loading 1 libraries.
D/PackageBroadcastService( 7970): Received broadcast action=android.intent.action.PACKAGE_CHANGED and uri=com.motorola.genie
I/ActivityManager( 1025): Start proc com.motorola.MotGallery2 for broadcast com.motorola.MotGallery2/com.android.gallery3d.app.PackagesMonitor: pid=10778 uid=10034 gids={50034, 3003, 1028, 1015}
I/ActivityManager( 1025): Process com.google.android.gms.unstable (pid 10318) has died.
D/dalvikvm(27213): GC_CONCURRENT freed 375K, 35% free 13301K/20348K, paused 6ms+3ms, total 43ms
I/ActivityManager( 1025): Process com.android.vending (pid 10724) has died.
D/GCM     (31010): GcmService start Intent { act=com.google.android.checkin.CHECKIN_COMPLETE flg=0x10 cmp=com.google.android.gms/.gcm.GcmService (has extras) } com.google.android.checkin.CHECKIN_COMPLETE
D/dalvikvm(31342): GC_CONCURRENT freed 2223K, 37% free 10879K/17224K, paused 2ms+4ms, total 58ms
I/ActivityManager( 1025): Start proc com.devexpert.weather for broadcast com.devexpert.weather/.view.WidgetWeather2x1: pid=10797 uid=10112 gids={50112, 3003, 1028, 1015}
I/ActivityManager( 1025): Process com.motorola.MotGallery2 (pid 10778) has died.
I/KInfoc  ( 9501): Auto Post
W/Settings( 9501): Setting android_id has moved from android.provider.Settings.System to android.provider.Settings.Secure, returning read-only value.
W/dalvikvm( 7970): VFY: unable to find class referenced in signature (Landroid/app/SharedElementCallback;)
I/dalvikvm( 7970): Could not find method android.app.Activity.setEnterSharedElementCallback, referenced from method android.support.v4.app.q.setEnterSharedElementCallback
W/dalvikvm( 7970): VFY: unable to resolve virtual method 90: Landroid/app/Activity;.setEnterSharedElementCallback (Landroid/app/SharedElementCallback;)V
D/dalvikvm( 7970): VFY: replacing opcode 0x6e at 0x000e
W/dalvikvm( 7970): VFY: unable to find class referenced in signature (Landroid/app/SharedElementCallback;)
I/dalvikvm( 7970): Could not find method android.app.Activity.setExitSharedElementCallback, referenced from method android.support.v4.app.q.setExitSharedElementCallback
W/dalvikvm( 7970): VFY: unable to resolve virtual method 91: Landroid/app/Activity;.setExitSharedElementCallback (Landroid/app/SharedElementCallback;)V
D/dalvikvm( 7970): VFY: replacing opcode 0x6e at 0x000e
I/dalvikvm( 7970): Could not find method android.app.Activity.finishAfterTransition, referenced from method android.support.v4.app.q.supportFinishAfterTransition
W/dalvikvm( 7970): VFY: unable to resolve virtual method 52: Landroid/app/Activity;.finishAfterTransition ()V
D/dalvikvm( 7970): VFY: replacing opcode 0x6e at 0x0006
I/dalvikvm( 7970): Could not find method android.app.Activity.postponeEnterTransition, referenced from method android.support.v4.app.q.supportPostponeEnterTransition
W/dalvikvm( 7970): VFY: unable to resolve virtual method 85: Landroid/app/Activity;.postponeEnterTransition ()V
D/dalvikvm( 7970): VFY: replacing opcode 0x6e at 0x0006
I/dalvikvm( 7970): Could not find method android.app.Activity.startPostponedEnterTransition, referenced from method android.support.v4.app.q.supportStartPostponedEnterTransition
W/dalvikvm( 7970): VFY: unable to resolve virtual method 99: Landroid/app/Activity;.startPostponedEnterTransition ()V
D/dalvikvm( 7970): VFY: replacing opcode 0x6e at 0x0006
W/ContextImpl( 1295): Calling a method in the system process without a qualified user: android.app.ContextImpl.startService:1608 android.content.ContextWrapper.startService:494 android.content.ContextWrapper.startService:494 com.motorola.motocare.internal.batterystats.BatteryStatsAction.onReceive:33 android.app.ActivityThread.handleReceiver:2434 
I/PeopleDatabaseHelper( 7970): cleanUpNonGplusAccounts done.
I/ActivityManager( 1025): Process com.devexpert.weather (pid 10797) has died.
I/ApplicationLogger(10590): canRun() : Opted Out
I/UpdateIcingCorporaServi(10590): UpdateCorporaTask done [took 2782 ms] updated apps [took 2778 ms] 
I/UpdateIcingCorporaServi(10590): Updating corpora: APPS=com.google.android.gms, CONTACTS=MAYBE
I/ApplicationLogger(10590): canRun() : Opted Out
I/UpdateIcingCorporaServi(10590): UpdateCorporaTask done [took 45 ms] updated apps [took 45 ms] 
I/UpdateIcingCorporaServi(10590): Updating corpora: APPS=com.motorola.genie, CONTACTS=MAYBE
D/dalvikvm( 1295): GC_CONCURRENT freed 2148K, 42% free 10002K/17224K, paused 4ms+3ms, total 43ms
D/dalvikvm( 1295): WAIT_FOR_CONCURRENT_GC blocked 32ms
I/ApplicationLogger(10590): canRun() : Opted Out
I/UpdateIcingCorporaServi(10590): UpdateCorporaTask done [took 32 ms] updated apps [took 32 ms] 
I/ActivityManager( 1025): Process com.google.android.googlequicksearchbox:search (pid 10590) has died.
I/SBar.NetworkController( 1119): refreshSignalCluster: mobile: Signal=zz_moto_stat_sys_signal_1_fully_wide Roaming=(none) mSimIconId=(none) Accessibility="Phone one bar.","Not roaming.",""
V/AlarmManager( 1025): sending alarm Alarm{43744830 type 2 com.google.android.gms}
D/Sensors ( 1025): AccelerationSensor: Set Sensors state 0x1
D/Sensors ( 1025): AccelerationSensor: set delay 20
D/Sensors ( 1025): AccelerationSensor: set delay 20
V/AlarmManager( 1025): sending alarm Alarm{437445f8 type 2 com.google.android.gms}
D/Ulp_jni ( 1025): Location CB invoked
D/Sensors ( 1025): AccelerationSensor: Set Sensors state 0x0
I/InputReader( 1025): Reconfiguring input devices.  changes=0x00000010
