* daemon not running. starting it now on port 5037 *
* daemon started successfully *
--------- beginning of /dev/log/system
I/SFPerfTracer(  274):      triggers: (rate: 1293:51361) (compose: 0:261) (post: 0:21) (render: 91:10743) (0:811933 frames) (1:3400480)
D/SFPerfTracer(  274):        layers: (3:9) (DimLayer: 0:158)* (DimLayer: 0:146)* (FocusedStackFrame: 0:22823)* (StatusBar: 0:273403) (NavigationBar: 0:210676) (DimLayer: 0:26459)* (DimLayer: 0:5044)* (com.android.wallpaper.fall.FallWallpaper: 0:5998)* (com.xe.currency/com.xe.currency.activity.XECurrency: 1:3930) 
I/SFPerfTracer(  274):      triggers: (rate: 1293:51361) (compose: 0:261) (post: 0:21) (render: 91:10743) (0:811933 frames) (1:3400580)
D/SFPerfTracer(  274):        layers: (3:9) (DimLayer: 0:158)* (DimLayer: 0:146)* (FocusedStackFrame: 0:22823)* (StatusBar: 0:273404) (NavigationBar: 0:210676) (DimLayer: 0:26459)* (DimLayer: 0:5044)* (com.android.wallpaper.fall.FallWallpaper: 0:5998)* (com.xe.currency/com.xe.currency.activity.XECurrency: 1:4030) 
I/SFPerfTracer(  274):      triggers: (rate: 1293:51361) (compose: 0:261) (post: 0:21) (render: 91:10743) (0:811933 frames) (1:3400680)
D/SFPerfTracer(  274):        layers: (3:9) (DimLayer: 0:158)* (DimLayer: 0:146)* (FocusedStackFrame: 0:22823)* (StatusBar: 0:273405) (NavigationBar: 0:210676) (DimLayer: 0:26459)* (DimLayer: 0:5044)* (com.android.wallpaper.fall.FallWallpaper: 0:5998)* (com.xe.currency/com.xe.currency.activity.XECurrency: 1:4130) 
I/ActivityManager( 1025): Start proc com.viber.voip for service com.viber.voip/com.viber.service.VoipConnectorService: pid=8455 uid=10108 gids={50108, 3003, 1028, 1015, 3002, 3001}
I/SFPerfTracer(  274):      triggers: (rate: 1293:51361) (compose: 0:261) (post: 0:21) (render: 91:10743) (0:811933 frames) (1:3400780)
D/SFPerfTracer(  274):        layers: (3:9) (DimLayer: 0:158)* (DimLayer: 0:146)* (FocusedStackFrame: 0:22823)* (StatusBar: 0:273405) (NavigationBar: 0:210676) (DimLayer: 0:26459)* (DimLayer: 0:5044)* (com.android.wallpaper.fall.FallWallpaper: 0:5998)* (com.xe.currency/com.xe.currency.activity.XECurrency: 1:4230) 
I/SFPerfTracer(  274):      triggers: (rate: 1293:51361) (compose: 0:261) (post: 0:21) (render: 91:10743) (0:811933 frames) (1:3400880)
D/SFPerfTracer(  274):        layers: (3:9) (DimLayer: 0:158)* (DimLayer: 0:146)* (FocusedStackFrame: 0:22823)* (StatusBar: 0:273406) (NavigationBar: 0:210676) (DimLayer: 0:26459)* (DimLayer: 0:5044)* (com.android.wallpaper.fall.FallWallpaper: 0:5998)* (com.xe.currency/com.xe.currency.activity.XECurrency: 1:4330) 
I/SFPerfTracer(  274):      triggers: (rate: 1293:51361) (compose: 0:261) (post: 0:21) (render: 91:10743) (0:811933 frames) (1:3400980)
D/SFPerfTracer(  274):        layers: (3:9) (DimLayer: 0:158)* (DimLayer: 0:146)* (FocusedStackFrame: 0:22823)* (StatusBar: 0:273408) (NavigationBar: 0:210676) (DimLayer: 0:26459)* (DimLayer: 0:5044)* (com.android.wallpaper.fall.FallWallpaper: 0:5998)* (com.xe.currency/com.xe.currency.activity.XECurrency: 1:4430) 
I/SFPerfTracer(  274):      triggers: (rate: 1293:51361) (compose: 0:261) (post: 0:21) (render: 91:10743) (0:811933 frames) (1:3401080)
D/SFPerfTracer(  274):        layers: (3:9) (DimLayer: 0:158)* (DimLayer: 0:146)* (FocusedStackFrame: 0:22823)* (StatusBar: 0:273409) (NavigationBar: 0:210676) (DimLayer: 0:26459)* (DimLayer: 0:5044)* (com.android.wallpaper.fall.FallWallpaper: 0:5998)* (com.xe.currency/com.xe.currency.activity.XECurrency: 1:4530) 
I/SFPerfTracer(  274):      triggers: (rate: 1293:51361) (compose: 0:261) (post: 0:21) (render: 91:10743) (0:811933 frames) (1:3401180)
D/SFPerfTracer(  274):        layers: (3:9) (DimLayer: 0:158)* (DimLayer: 0:146)* (FocusedStackFrame: 0:22823)* (StatusBar: 0:273409) (NavigationBar: 0:210676) (DimLayer: 0:26459)* (DimLayer: 0:5044)* (com.android.wallpaper.fall.FallWallpaper: 0:5998)* (com.xe.currency/com.xe.currency.activity.XECurrency: 1:4630) 
I/SFPerfTracer(  274):      triggers: (rate: 1293:51361) (compose: 0:261) (post: 0:21) (render: 91:10743) (0:811933 frames) (1:3401280)
D/SFPerfTracer(  274):        layers: (3:9) (DimLayer: 0:158)* (DimLayer: 0:146)* (FocusedStackFrame: 0:22823)* (StatusBar: 0:273410) (NavigationBar: 0:210676) (DimLayer: 0:26459)* (DimLayer: 0:5044)* (com.android.wallpaper.fall.FallWallpaper: 0:5998)* (com.xe.currency/com.xe.currency.activity.XECurrency: 1:4730) 
I/SFPerfTracer(  274):      triggers: (rate: 1293:51361) (compose: 0:261) (post: 0:21) (render: 91:10743) (0:811933 frames) (1:3401380)
D/SFPerfTracer(  274):        layers: (3:9) (DimLayer: 0:158)* (DimLayer: 0:146)* (FocusedStackFrame: 0:22823)* (StatusBar: 0:273412) (NavigationBar: 0:210676) (DimLayer: 0:26459)* (DimLayer: 0:5044)* (com.android.wallpaper.fall.FallWallpaper: 0:5998)* (com.xe.currency/com.xe.currency.activity.XECurrency: 1:4830) 
I/SFPerfTracer(  274):      triggers: (rate: 1293:51361) (compose: 0:261) (post: 0:21) (render: 91:10743) (0:811933 frames) (1:3401480)
D/SFPerfTracer(  274):        layers: (3:9) (DimLayer: 0:158)* (DimLayer: 0:146)* (FocusedStackFrame: 0:22823)* (StatusBar: 0:273413) (NavigationBar: 0:210676) (DimLayer: 0:26459)* (DimLayer: 0:5044)* (com.android.wallpaper.fall.FallWallpaper: 0:5998)* (com.xe.currency/com.xe.currency.activity.XECurrency: 1:4930) 
I/SFPerfTracer(  274):      triggers: (rate: 1293:51361) (compose: 0:261) (post: 0:21) (render: 91:10743) (0:811933 frames) (1:3401580)
D/SFPerfTracer(  274):        layers: (3:9) (DimLayer: 0:158)* (DimLayer: 0:146)* (FocusedStackFrame: 0:22823)* (StatusBar: 0:273413) (NavigationBar: 0:210676) (DimLayer: 0:26459)* (DimLayer: 0:5044)* (com.android.wallpaper.fall.FallWallpaper: 0:5998)* (com.xe.currency/com.xe.currency.activity.XECurrency: 1:5030) 
I/SFPerfTracer(  274):      triggers: (rate: 1293:51361) (compose: 0:261) (post: 0:21) (render: 91:10743) (0:811933 frames) (1:3401680)
D/SFPerfTracer(  274):        layers: (3:9) (DimLayer: 0:158)* (DimLayer: 0:146)* (FocusedStackFrame: 0:22823)* (StatusBar: 0:273413) (NavigationBar: 0:210676) (DimLayer: 0:26459)* (DimLayer: 0:5044)* (com.android.wallpaper.fall.FallWallpaper: 0:5998)* (com.xe.currency/com.xe.currency.activity.XECurrency: 1:5130) 
I/SFPerfTracer(  274):      triggers: (rate: 1293:51361) (compose: 0:261) (post: 0:21) (render: 91:10743) (0:811933 frames) (1:3401780)
D/SFPerfTracer(  274):        layers: (3:9) (DimLayer: 0:158)* (DimLayer: 0:146)* (FocusedStackFrame: 0:22823)* (StatusBar: 0:273413) (NavigationBar: 0:210676) (DimLayer: 0:26459)* (DimLayer: 0:5044)* (com.android.wallpaper.fall.FallWallpaper: 0:5998)* (com.xe.currency/com.xe.currency.activity.XECurrency: 1:5230) 
I/SFPerfTracer(  274):      triggers: (rate: 1293:51361) (compose: 0:261) (post: 0:21) (render: 91:10743) (0:811933 frames) (1:3401880)
D/SFPerfTracer(  274):        layers: (3:9) (DimLayer: 0:158)* (DimLayer: 0:146)* (FocusedStackFrame: 0:22823)* (StatusBar: 0:273413) (NavigationBar: 0:210676) (DimLayer: 0:26459)* (DimLayer: 0:5044)* (com.android.wallpaper.fall.FallWallpaper: 0:5998)* (com.xe.currency/com.xe.currency.activity.XECurrency: 1:5330) 
V/AlarmManager( 1025): sending alarm Alarm{42d2ef38 type 2 com.whatsapp}
V/AlarmManager( 1025): sending alarm Alarm{42103d28 type 3 com.devexpert.weather}
V/AlarmManager( 1025): sending alarm Alarm{420e32f0 type 2 com.google.android.gms}
V/AlarmManager( 1025): sending alarm Alarm{420cb8a8 type 2 com.facebook.orca}
I/ActivityManager( 1025): Start proc com.devexpert.weather for broadcast com.devexpert.weather/.view.WidgetWeather2x1: pid=8517 uid=10112 gids={50112, 3003, 1028, 1015}
I/SFPerfTracer(  274):      triggers: (rate: 1293:51361) (compose: 0:261) (post: 0:21) (render: 91:10743) (0:811933 frames) (1:3401980)
D/SFPerfTracer(  274):        layers: (3:9) (DimLayer: 0:158)* (DimLayer: 0:146)* (FocusedStackFrame: 0:22823)* (StatusBar: 0:273414) (NavigationBar: 0:210676) (DimLayer: 0:26459)* (DimLayer: 0:5044)* (com.android.wallpaper.fall.FallWallpaper: 0:5998)* (com.xe.currency/com.xe.currency.activity.XECurrency: 1:5430) 
I/ActivityManager( 1025): Process com.devexpert.weather (pid 8517) has died.
D/ConnectivityService( 1025): handleInetConditionHoldEnd: net=1, condition=100, published condition=100
I/SFPerfTracer(  274):      triggers: (rate: 1293:51361) (compose: 0:261) (post: 0:21) (render: 91:10743) (0:811933 frames) (1:3402080)
D/SFPerfTracer(  274):        layers: (3:9) (DimLayer: 0:158)* (DimLayer: 0:146)* (FocusedStackFrame: 0:22823)* (StatusBar: 0:273416) (NavigationBar: 0:210676) (DimLayer: 0:26459)* (DimLayer: 0:5044)* (com.android.wallpaper.fall.FallWallpaper: 0:5998)* (com.xe.currency/com.xe.currency.activity.XECurrency: 1:5530) 
I/SFPerfTracer(  274):      triggers: (rate: 1293:51361) (compose: 0:261) (post: 0:21) (render: 91:10743) (0:811933 frames) (1:3402180)
D/SFPerfTracer(  274):        layers: (3:9) (DimLayer: 0:158)* (DimLayer: 0:146)* (FocusedStackFrame: 0:22823)* (StatusBar: 0:273418) (NavigationBar: 0:210676) (DimLayer: 0:26459)* (DimLayer: 0:5044)* (com.android.wallpaper.fall.FallWallpaper: 0:5998)* (com.xe.currency/com.xe.currency.activity.XECurrency: 1:5630) 
I/SFPerfTracer(  274):      triggers: (rate: 1293:51361) (compose: 0:261) (post: 0:21) (render: 91:10743) (0:811933 frames) (1:3402280)
D/SFPerfTracer(  274):        layers: (3:9) (DimLayer: 0:158)* (DimLayer: 0:146)* (FocusedStackFrame: 0:22823)* (StatusBar: 0:273419) (NavigationBar: 0:210676) (DimLayer: 0:26459)* (DimLayer: 0:5044)* (com.android.wallpaper.fall.FallWallpaper: 0:5998)* (com.xe.currency/com.xe.currency.activity.XECurrency: 1:5730) 
I/SFPerfTracer(  274):      triggers: (rate: 1293:51361) (compose: 0:261) (post: 0:21) (render: 91:10743) (0:811933 frames) (1:3402380)
D/SFPerfTracer(  274):        layers: (3:9) (DimLayer: 0:158)* (DimLayer: 0:146)* (FocusedStackFrame: 0:22823)* (StatusBar: 0:273419) (NavigationBar: 0:210676) (DimLayer: 0:26459)* (DimLayer: 0:5044)* (com.android.wallpaper.fall.FallWallpaper: 0:5998)* (com.xe.currency/com.xe.currency.activity.XECurrency: 1:5830) 
I/SFPerfTracer(  274):      triggers: (rate: 1293:51361) (compose: 0:261) (post: 0:21) (render: 91:10743) (0:811933 frames) (1:3402480)
D/SFPerfTracer(  274):        layers: (3:9) (DimLayer: 0:158)* (DimLayer: 0:146)* (FocusedStackFrame: 0:22823)* (StatusBar: 0:273419) (NavigationBar: 0:210676) (DimLayer: 0:26459)* (DimLayer: 0:5044)* (com.android.wallpaper.fall.FallWallpaper: 0:5998)* (com.xe.currency/com.xe.currency.activity.XECurrency: 1:5930) 
I/SFPerfTracer(  274):      triggers: (rate: 1293:51361) (compose: 0:261) (post: 0:21) (render: 91:10743) (0:811933 frames) (1:3402580)
D/SFPerfTracer(  274):        layers: (3:9) (DimLayer: 0:158)* (DimLayer: 0:146)* (FocusedStackFrame: 0:22823)* (StatusBar: 0:273419) (NavigationBar: 0:210676) (DimLayer: 0:26459)* (DimLayer: 0:5044)* (com.android.wallpaper.fall.FallWallpaper: 0:5998)* (com.xe.currency/com.xe.currency.activity.XECurrency: 1:6030) 
I/SFPerfTracer(  274):      triggers: (rate: 1293:51361) (compose: 0:261) (post: 0:21) (render: 91:10743) (0:811933 frames) (1:3402680)
D/SFPerfTracer(  274):        layers: (3:9) (DimLayer: 0:158)* (DimLayer: 0:146)* (FocusedStackFrame: 0:22823)* (StatusBar: 0:273419) (NavigationBar: 0:210676) (DimLayer: 0:26459)* (DimLayer: 0:5044)* (com.android.wallpaper.fall.FallWallpaper: 0:5998)* (com.xe.currency/com.xe.currency.activity.XECurrency: 1:6130) 
I/SFPerfTracer(  274):      triggers: (rate: 1293:51361) (compose: 0:261) (post: 0:21) (render: 91:10743) (0:811933 frames) (1:3402780)
D/SFPerfTracer(  274):        layers: (3:9) (DimLayer: 0:158)* (DimLayer: 0:146)* (FocusedStackFrame: 0:22823)* (StatusBar: 0:273419) (NavigationBar: 0:210676) (DimLayer: 0:26459)* (DimLayer: 0:5044)* (com.android.wallpaper.fall.FallWallpaper: 0:5998)* (com.xe.currency/com.xe.currency.activity.XECurrency: 1:6230) 
I/SFPerfTracer(  274):      triggers: (rate: 1293:51361) (compose: 0:261) (post: 0:21) (render: 91:10743) (0:811933 frames) (1:3402880)
D/SFPerfTracer(  274):        layers: (3:9) (DimLayer: 0:158)* (DimLayer: 0:146)* (FocusedStackFrame: 0:22823)* (StatusBar: 0:273420) (NavigationBar: 0:210676) (DimLayer: 0:26459)* (DimLayer: 0:5044)* (com.android.wallpaper.fall.FallWallpaper: 0:5998)* (com.xe.currency/com.xe.currency.activity.XECurrency: 1:6330) 
I/SFPerfTracer(  274):      triggers: (rate: 1293:51361) (compose: 0:261) (post: 0:21) (render: 91:10743) (0:811933 frames) (1:3402980)
D/SFPerfTracer(  274):        layers: (3:9) (DimLayer: 0:158)* (DimLayer: 0:146)* (FocusedStackFrame: 0:22823)* (StatusBar: 0:273422) (NavigationBar: 0:210676) (DimLayer: 0:26459)* (DimLayer: 0:5044)* (com.android.wallpaper.fall.FallWallpaper: 0:5998)* (com.xe.currency/com.xe.currency.activity.XECurrency: 1:6430) 
I/SFPerfTracer(  274):      triggers: (rate: 1293:51361) (compose: 0:261) (post: 0:21) (render: 91:10743) (0:811933 frames) (1:3403080)
D/SFPerfTracer(  274):        layers: (3:9) (DimLayer: 0:158)* (DimLayer: 0:146)* (FocusedStackFrame: 0:22823)* (StatusBar: 0:273424) (NavigationBar: 0:210676) (DimLayer: 0:26459)* (DimLayer: 0:5044)* (com.android.wallpaper.fall.FallWallpaper: 0:5998)* (com.xe.currency/com.xe.currency.activity.XECurrency: 1:6530) 
V/AlarmManager( 1025): sending alarm Alarm{42c386b0 type 3 android}
I/SFPerfTracer(  274):      triggers: (rate: 1293:51361) (compose: 0:261) (post: 0:21) (render: 91:10743) (0:811933 frames) (1:3403180)
D/SFPerfTracer(  274):        layers: (3:9) (DimLayer: 0:158)* (DimLayer: 0:146)* (FocusedStackFrame: 0:22823)* (StatusBar: 0:273428) (NavigationBar: 0:210676) (DimLayer: 0:26459)* (DimLayer: 0:5044)* (com.android.wallpaper.fall.FallWallpaper: 0:5998)* (com.xe.currency/com.xe.currency.activity.XECurrency: 1:6630) 
I/SFPerfTracer(  274):      triggers: (rate: 1293:51361) (compose: 0:261) (post: 0:21) (render: 91:10743) (0:811933 frames) (1:3403280)
D/SFPerfTracer(  274):        layers: (3:9) (DimLayer: 0:158)* (DimLayer: 0:146)* (FocusedStackFrame: 0:22823)* (StatusBar: 0:273430) (NavigationBar: 0:210676) (DimLayer: 0:26459)* (DimLayer: 0:5044)* (com.android.wallpaper.fall.FallWallpaper: 0:5998)* (com.xe.currency/com.xe.currency.activity.XECurrency: 1:6730) 
I/SFPerfTracer(  274):      triggers: (rate: 1293:51361) (compose: 0:261) (post: 0:21) (render: 91:10743) (0:811933 frames) (1:3403380)
D/SFPerfTracer(  274):        layers: (3:9) (DimLayer: 0:158)* (DimLayer: 0:146)* (FocusedStackFrame: 0:22823)* (StatusBar: 0:273432) (NavigationBar: 0:210676) (DimLayer: 0:26459)* (DimLayer: 0:5044)* (com.android.wallpaper.fall.FallWallpaper: 0:5998)* (com.xe.currency/com.xe.currency.activity.XECurrency: 1:6830) 
I/SFPerfTracer(  274):      triggers: (rate: 1293:51361) (compose: 0:261) (post: 0:21) (render: 91:10743) (0:811933 frames) (1:3403480)
D/SFPerfTracer(  274):        layers: (3:9) (DimLayer: 0:158)* (DimLayer: 0:146)* (FocusedStackFrame: 0:22823)* (StatusBar: 0:273434) (NavigationBar: 0:210676) (DimLayer: 0:26459)* (DimLayer: 0:5044)* (com.android.wallpaper.fall.FallWallpaper: 0:5998)* (com.xe.currency/com.xe.currency.activity.XECurrency: 1:6930) 
I/SFPerfTracer(  274):      triggers: (rate: 1293:51361) (compose: 0:261) (post: 0:21) (render: 91:10743) (0:811933 frames) (1:3403580)
D/SFPerfTracer(  274):        layers: (3:9) (DimLayer: 0:158)* (DimLayer: 0:146)* (FocusedStackFrame: 0:22823)* (StatusBar: 0:273435) (NavigationBar: 0:210676) (DimLayer: 0:26459)* (DimLayer: 0:5044)* (com.android.wallpaper.fall.FallWallpaper: 0:5998)* (com.xe.currency/com.xe.currency.activity.XECurrency: 1:7030) 
I/SFPerfTracer(  274):      triggers: (rate: 1293:51361) (compose: 0:261) (post: 0:21) (render: 91:10743) (0:811933 frames) (1:3403680)
D/SFPerfTracer(  274):        layers: (3:9) (DimLayer: 0:158)* (DimLayer: 0:146)* (FocusedStackFrame: 0:22823)* (StatusBar: 0:273437) (NavigationBar: 0:210676) (DimLayer: 0:26459)* (DimLayer: 0:5044)* (com.android.wallpaper.fall.FallWallpaper: 0:5998)* (com.xe.currency/com.xe.currency.activity.XECurrency: 1:7130) 
W/Vold    (  261): Returning OperationFailed - no handler for errno 30
I/SFPerfTracer(  274):      triggers: (rate: 1158:453714) (354447 sw vsyncs) (1071750 skipped) (3486:3444106 vsyncs) (3488:4318985)
I/SFPerfTracer(  274):      triggers: (rate: 1293:51361) (compose: 0:261) (post: 0:21) (render: 91:10743) (0:811933 frames) (1:3403780)
D/SFPerfTracer(  274):        layers: (3:9) (DimLayer: 0:158)* (DimLayer: 0:146)* (FocusedStackFrame: 0:22823)* (StatusBar: 0:273440) (NavigationBar: 0:210676) (DimLayer: 0:26459)* (DimLayer: 0:5044)* (com.android.wallpaper.fall.FallWallpaper: 0:5998)* (com.xe.currency/com.xe.currency.activity.XECurrency: 1:7228) 
I/ActivityManager( 1025): Process com.android.vending (pid 8270) has died.
V/AlarmManager( 1025): sending alarm Alarm{42c383c8 type 3 com.devexpert.weather}
V/AlarmManager( 1025): sending alarm Alarm{42c36c38 type 2 com.whatsapp}
I/ActivityManager( 1025): Start proc com.devexpert.weather for broadcast com.devexpert.weather/.view.WidgetWeather2x1: pid=8577 uid=10112 gids={50112, 3003, 1028, 1015}
I/SFPerfTracer(  274):      triggers: (rate: 1293:51361) (compose: 0:261) (post: 0:21) (render: 91:10743) (0:811933 frames) (1:3403880)
D/SFPerfTracer(  274):        layers: (3:9) (DimLayer: 0:158)* (DimLayer: 0:146)* (FocusedStackFrame: 0:22823)* (StatusBar: 0:273442) (NavigationBar: 0:210676) (DimLayer: 0:26459)* (DimLayer: 0:5044)* (com.android.wallpaper.fall.FallWallpaper: 0:5998)* (com.xe.currency/com.xe.currency.activity.XECurrency: 1:7328) 
I/SFPerfTracer(  274):      triggers: (rate: 1293:51361) (compose: 0:261) (post: 0:21) (render: 91:10743) (0:811933 frames) (1:3403980)
D/SFPerfTracer(  274):        layers: (3:9) (DimLayer: 0:158)* (DimLayer: 0:146)* (FocusedStackFrame: 0:22823)* (StatusBar: 0:273443) (NavigationBar: 0:210676) (DimLayer: 0:26459)* (DimLayer: 0:5044)* (com.android.wallpaper.fall.FallWallpaper: 0:5998)* (com.xe.currency/com.xe.currency.activity.XECurrency: 1:7428) 
I/SFPerfTracer(  274):      triggers: (rate: 1293:51361) (compose: 0:261) (post: 0:21) (render: 91:10743) (0:811933 frames) (1:3404080)
D/SFPerfTracer(  274):        layers: (3:9) (DimLayer: 0:158)* (DimLayer: 0:146)* (FocusedStackFrame: 0:22823)* (StatusBar: 0:273444) (NavigationBar: 0:210676) (DimLayer: 0:26459)* (DimLayer: 0:5044)* (com.android.wallpaper.fall.FallWallpaper: 0:5998)* (com.xe.currency/com.xe.currency.activity.XECurrency: 1:7528) 
I/SFPerfTracer(  274):      triggers: (rate: 1293:51361) (compose: 0:261) (post: 0:21) (render: 91:10743) (0:811933 frames) (1:3404180)
D/SFPerfTracer(  274):        layers: (3:9) (DimLayer: 0:158)* (DimLayer: 0:146)* (FocusedStackFrame: 0:22823)* (StatusBar: 0:273444) (NavigationBar: 0:210676) (DimLayer: 0:26459)* (DimLayer: 0:5044)* (com.android.wallpaper.fall.FallWallpaper: 0:5998)* (com.xe.currency/com.xe.currency.activity.XECurrency: 1:7628) 
I/SFPerfTracer(  274):      triggers: (rate: 1293:51361) (compose: 0:261) (post: 0:21) (render: 91:10743) (0:811933 frames) (1:3404280)
D/SFPerfTracer(  274):        layers: (3:9) (DimLayer: 0:158)* (DimLayer: 0:146)* (FocusedStackFrame: 0:22823)* (StatusBar: 0:273444) (NavigationBar: 0:210676) (DimLayer: 0:26459)* (DimLayer: 0:5044)* (com.android.wallpaper.fall.FallWallpaper: 0:5998)* (com.xe.currency/com.xe.currency.activity.XECurrency: 1:7728) 
I/SFPerfTracer(  274):      triggers: (rate: 1293:51361) (compose: 0:261) (post: 0:21) (render: 91:10743) (0:811933 frames) (1:3404380)
D/SFPerfTracer(  274):        layers: (3:9) (DimLayer: 0:158)* (DimLayer: 0:146)* (FocusedStackFrame: 0:22823)* (StatusBar: 0:273444) (NavigationBar: 0:210676) (DimLayer: 0:26459)* (DimLayer: 0:5044)* (com.android.wallpaper.fall.FallWallpaper: 0:5998)* (com.xe.currency/com.xe.currency.activity.XECurrency: 1:7828) 
I/SFPerfTracer(  274):      triggers: (rate: 1293:51361) (compose: 0:261) (post: 0:21) (render: 91:10743) (0:811933 frames) (1:3404480)
D/SFPerfTracer(  274):        layers: (3:9) (DimLayer: 0:158)* (DimLayer: 0:146)* (FocusedStackFrame: 0:22823)* (StatusBar: 0:273444) (NavigationBar: 0:210676) (DimLayer: 0:26459)* (DimLayer: 0:5044)* (com.android.wallpaper.fall.FallWallpaper: 0:5998)* (com.xe.currency/com.xe.currency.activity.XECurrency: 1:7928) 
I/SFPerfTracer(  274):      triggers: (rate: 1293:51361) (compose: 0:261) (post: 0:21) (render: 91:10743) (0:811933 frames) (1:3404580)
D/SFPerfTracer(  274):        layers: (3:9) (DimLayer: 0:158)* (DimLayer: 0:146)* (FocusedStackFrame: 0:22823)* (StatusBar: 0:273444) (NavigationBar: 0:210676) (DimLayer: 0:26459)* (DimLayer: 0:5044)* (com.android.wallpaper.fall.FallWallpaper: 0:5998)* (com.xe.currency/com.xe.currency.activity.XECurrency: 1:8028) 
I/SFPerfTracer(  274):      triggers: (rate: 1293:51361) (compose: 0:261) (post: 0:21) (render: 91:10743) (0:811933 frames) (1:3404680)
D/SFPerfTracer(  274):        layers: (3:9) (DimLayer: 0:158)* (DimLayer: 0:146)* (FocusedStackFrame: 0:22823)* (StatusBar: 0:273446) (NavigationBar: 0:210676) (DimLayer: 0:26459)* (DimLayer: 0:5044)* (com.android.wallpaper.fall.FallWallpaper: 0:5998)* (com.xe.currency/com.xe.currency.activity.XECurrency: 1:8128) 
I/SFPerfTracer(  274):      triggers: (rate: 1293:51361) (compose: 0:261) (post: 0:21) (render: 91:10743) (0:811933 frames) (1:3404780)
D/SFPerfTracer(  274):        layers: (3:9) (DimLayer: 0:158)* (DimLayer: 0:146)* (FocusedStackFrame: 0:22823)* (StatusBar: 0:273446) (NavigationBar: 0:210676) (DimLayer: 0:26459)* (DimLayer: 0:5044)* (com.android.wallpaper.fall.FallWallpaper: 0:5998)* (com.xe.currency/com.xe.currency.activity.XECurrency: 1:8228) 
I/PowerManagerService( 1025): Nap time...
I/PowerManagerService( 1025): Going to sleep due to screen timeout...
I/SFPerfTracer(  274):      triggers: (rate: 1158:453714) (354447 sw vsyncs) (1071750 skipped) (1010:3445179 vsyncs) (1012:4320069)
W/ContextImpl( 1295): Calling a method in the system process without a qualified user: android.app.ContextImpl.sendBroadcast:1252 android.content.ContextWrapper.sendBroadcast:365 com.motorola.motocare.util.TriggerHelper$TriggerBuilder.send:76 com.motorola.motocare.internal.frameworkevents.PauseResumeTrigger.handleFrameworkEvent:53 com.motorola.motocare.internal.frameworkevents.FwEventMonitor$FrameworkListener.processFrameworkEvent:114 
F/ProcessStats( 1025): Starting service ServiceState{43399718 com.paypal.android.p2pmobile.services.AtoService pkg=com.paypal.android.p2pmobile proc=43399718} without owner
F/ProcessStats( 1025): Starting service ServiceState{43231e48 com.paypal.android.p2pmobile.services.WalletService pkg=com.paypal.android.p2pmobile proc=43231e48} without owner
F/ProcessStats( 1025): Starting service ServiceState{42b99358 com.google.android.music.playback.MusicPlaybackService pkg=com.google.android.music proc=42b99358} without owner
F/ProcessStats( 1025): Starting service ServiceState{43935048 com.google.android.music.wear.WearDataTransferConnectionService pkg=com.google.android.music proc=43935048} without owner
F/ProcessStats( 1025): Starting service ServiceState{42a4cec0 com.facebook.push.mqtt.service.MqttPushService pkg=com.facebook.katana proc=42a4cec0} without owner
F/ProcessStats( 1025): Starting service ServiceState{428fdff0 com.facebook.push.mqtt.service.MqttPushService pkg=com.facebook.orca proc=428fdff0} without owner
W/ContextImpl( 1295): Calling a method in the system process without a qualified user: android.app.ContextImpl.startService:1608 android.content.ContextWrapper.startService:494 android.content.ContextWrapper.startService:494 com.motorola.motocare.internal.batterystats.BatteryStatsAction.onReceive:33 android.app.ActivityThread.handleReceiver:2434 
V/AlarmManager( 1025): sending alarm Alarm{42e6b008 type 2 com.android.keyguard}
I/ActivityManager( 1025): Process com.devexpert.weather (pid 8577) has died.
W/ContextImpl( 1295): Calling a method in the system process without a qualified user: android.app.ContextImpl.sendBroadcast:1252 android.content.ContextWrapper.sendBroadcast:365 com.motorola.motocare.util.TriggerHelper$TriggerBuilder.send:76 com.motorola.motocare.internal.frameworkevents.ProcessKillTrigger.sendTrigger:147 com.motorola.motocare.internal.frameworkevents.ProcessKillTrigger.handleLmkKill:337 
W/ContextImpl( 1295): Calling a method in the system process without a qualified user: android.app.ContextImpl.sendBroadcast:1252 android.content.ContextWrapper.sendBroadcast:365 com.motorola.motocare.util.TriggerHelper$TriggerBuilder.send:76 com.motorola.motocare.internal.frameworkevents.ProcessKillTrigger.sendTrigger:147 com.motorola.motocare.internal.frameworkevents.ProcessKillTrigger.handleLmkKill:337 
W/ContextImpl( 1295): Calling a method in the system process without a qualified user: android.app.ContextImpl.sendBroadcast:1252 android.content.ContextWrapper.sendBroadcast:365 com.motorola.motocare.util.TriggerHelper$TriggerBuilder.send:76 com.motorola.motocare.internal.frameworkevents.ProcessKillTrigger.sendTrigger:147 com.motorola.motocare.internal.frameworkevents.ProcessKillTrigger.handleLmkKill:337 
V/AlarmManager( 1025): sending alarm Alarm{42e399b8 type 3 android}
V/AlarmManager( 1025): sending alarm Alarm{42f35740 type 2 com.google.android.gms}
V/AlarmManager( 1025): sending alarm Alarm{42e1f9e0 type 2 com.google.android.gms}
V/AlarmManager( 1025): sending alarm Alarm{42e04940 type 2 com.google.android.gms}
V/AlarmManager( 1025): sending alarm Alarm{42df8438 type 3 com.devexpert.weather}
I/ActivityManager( 1025): Start proc com.devexpert.weather for broadcast com.devexpert.weather/.view.WidgetWeather2x1: pid=8676 uid=10112 gids={50112, 3003, 1028, 1015}
D/WifiService( 1025): acquireWifiLockLocked: WifiLock{NlpWifiLock type=2 binder=android.os.BinderProxy@4393c950}
D/WifiService( 1025): releaseWifiLockLocked: WifiLock{NlpWifiLock type=2 binder=android.os.BinderProxy@4393c950}
V/AlarmManager( 1025): sending alarm Alarm{4372f4e0 type 3 android}
V/AlarmManager( 1025): sending alarm Alarm{4370bfa8 type 3 com.devexpert.weather}
V/AlarmManager( 1025): sending alarm Alarm{436f2a60 type 2 android}
V/AlarmManager( 1025): sending alarm Alarm{436db500 type 0 android}
V/BackupManagerService( 1025): Running a backup pass
V/BackupManagerService( 1025): clearing pending backups
V/PerformBackupTask( 1025): Beginning backup of 5 targets
D/PerformBackupTask( 1025): invokeAgentForBackup on @pm@
D/BackupManagerService( 1025): Now staging backup of android
D/WifiP2pService( 1025): InactiveState{ when=0 what=143375 arg1=1 arg2=196615 obj=android.net.DhcpStateMachine@42a15f20 target=com.android.internal.util.StateMachine$SmHandler }
D/WifiP2pService( 1025): P2pEnabledState{ when=0 what=143375 arg1=1 arg2=196615 obj=android.net.DhcpStateMachine@42a15f20 target=com.android.internal.util.StateMachine$SmHandler }
D/BackupManagerService( 1025): Now staging backup of com.android.providers.settings
D/BackupManagerService( 1025): Now staging backup of com.google.android.googlequicksearchbox
D/BackupManagerService( 1025): Now staging backup of com.google.android.calendar
I/ActivityManager( 1025): Process com.devexpert.weather (pid 8676) has died.
D/BackupManagerService( 1025): Now staging backup of com.google.android.gm
V/AlarmManager( 1025): sending alarm Alarm{4205aef0 type 0 android}
I/BackupManagerService( 1025): Backup time but one already running
I/PerformBackupTask( 1025): Backup pass finished.
D/WifiP2pService( 1025): InactiveState{ when=0 what=143375 target=com.android.internal.util.StateMachine$SmHandler }
D/WifiP2pService( 1025): P2pEnabledState{ when=0 what=143375 target=com.android.internal.util.StateMachine$SmHandler }
D/ConnectivityService( 1025): Captive portal check NetworkInfo: type: WIFI[], state: CONNECTING/CAPTIVE_PORTAL_CHECK, reason: (unspecified), extra: "Moulin Rouge", roaming: false, failover: false, isAvailable: true, isConnectedToProvisioningNetwork: false
D/ConnectivityService( 1025): handleCaptivePortalTrackerCheck: call captivePortalCheckComplete ni=NetworkInfo: type: WIFI[], state: CONNECTING/CAPTIVE_PORTAL_CHECK, reason: (unspecified), extra: "Moulin Rouge", roaming: false, failover: false, isAvailable: true, isConnectedToProvisioningNetwork: false
D/ConnectivityService( 1025): Captive portal check NetworkInfo: type: WIFI[], state: CONNECTING/CAPTIVE_PORTAL_CHECK, reason: (unspecified), extra: "Moulin Rouge", roaming: false, failover: false, isAvailable: true, isConnectedToProvisioningNetwork: false
D/ConnectivityService( 1025): handleCaptivePortalTrackerCheck: call captivePortalCheckComplete ni=NetworkInfo: type: WIFI[], state: CONNECTING/CAPTIVE_PORTAL_CHECK, reason: (unspecified), extra: "Moulin Rouge", roaming: false, failover: false, isAvailable: true, isConnectedToProvisioningNetwork: false
D/ConnectivityService( 1025): ConnectivityChange for WIFI: CONNECTED/CONNECTED
V/ConnectivityService( 1025): WiFi NOT Tethered!
E/ConnectivityService( 1025): Unexpected mtu value: android.net.wifi.WifiStateTracker@4296b658
D/ConnectivityService( 1025): handleConnectivityChange: address are the same reset per doReset linkProperty[1]: resetMask=0
D/Nat464Xlat( 1025): requiresClat: netType=1, hasIPv4Address=true
D/ConnectivityService( 1025): ConnectivityChange for WIFI: CONNECTED/CONNECTED
V/ConnectivityService( 1025): WiFi NOT Tethered!
E/ConnectivityService( 1025): Unexpected mtu value: android.net.wifi.WifiStateTracker@4296b658
D/ConnectivityService( 1025): handleConnectivityChange: address are the same reset per doReset linkProperty[1]: resetMask=0
D/Nat464Xlat( 1025): requiresClat: netType=1, hasIPv4Address=true
D/MobileDataStateTracker( 1025): default: setPolicyDataEnable(enabled=true)
D/MobileDataStateTracker( 1025): default: setPolicyDataEnable(enabled=true)
D/MobileDataStateTracker( 1025): default: setPolicyDataEnable(enabled=true)
D/MobileDataStateTracker( 1025): default: setPolicyDataEnable(enabled=true)
D/ConnectivityService( 1025): NetTransition Wakelock for ConnectedState released by timeout
I/ActivityManager( 1025): Start proc com.google.android.music:main for broadcast com.google.android.music/.homewidgets.IFLWidgetProvider: pid=8933 uid=10082 gids={50082, 3003, 1028, 1015}
E/ActivityThread(18647): Failed to find provider info for com.motorola.blur.setupprovider
E/ActivityThread(18647): Failed to find provider info for com.motorola.blur.setupprovider
W/Vold    (  261): Returning OperationFailed - no handler for errno 30
W/Vold    (  261): Returning OperationFailed - no handler for errno 30
W/Vold    (  261): Returning OperationFailed - no handler for errno 30
I/openssl ( 8327): Crypto mode not selected, openssl will run on its regular mode.
I/openssl ( 8327): Crypto mode 0 already enabled
I/ActivityManager( 1025): Start proc com.android.mms for broadcast com.android.mms/.transaction.MmsSystemEventReceiver: pid=8974 uid=10031 gids={50031, 3003, 1028, 1015}
I/ActivityManager( 1025): Start proc com.google.android.setupwizard for broadcast com.google.android.setupwizard/.MobileConnectivityChangeReceiver: pid=9000 uid=10042 gids={50042, 3003}
W/Vold    (  261): Returning OperationFailed - no handler for errno 30
W/Vold    (  261): Returning OperationFailed - no handler for errno 30
I/ActivityManager( 1025): Process com.android.mms (pid 8974) has died.
I/ActivityManager( 1025): Process com.google.android.setupwizard (pid 9000) has died.
W/Vold    (  261): Returning OperationFailed - no handler for errno 30
W/Vold    (  261): Returning OperationFailed - no handler for errno 30
I/ActivityManager( 1025): Start proc com.google.android.apps.magazines for broadcast com.google.android.apps.magazines/com.google.apps.dots.android.newsstand.appwidget.NewsWidgetProvider: pid=9034 uid=10077 gids={50077, 3003, 1028, 1015}
W/Vold    (  261): Returning OperationFailed - no handler for errno 30
W/Vold    (  261): Returning OperationFailed - no handler for errno 30
W/Vold    (  261): Returning OperationFailed - no handler for errno 30
W/Vold    (  261): Returning OperationFailed - no handler for errno 30
D/ConnectivityService( 1025): handleInetConditionHoldEnd: net=1, condition=100, published condition=0
I/ActivityManager( 1025): Start proc com.google.android.gms.unstable for service com.google.android.gms/.droidguard.DroidGuardService: pid=9084 uid=10022 gids={50022, 3003, 1007, 1028, 1015, 3002, 3001, 3007, 2001, 3006}
I/ActivityManager( 1025): Start proc com.google.android.talk for broadcast com.google.android.talk/com.google.android.apps.hangouts.service.NetworkStateReceiver: pid=9100 uid=10071 gids={50071, 3003, 1028, 1015, 3002}
I/ActivityManager( 1025): Process com.google.android.apps.magazines (pid 9034) has died.
I/ActivityManager( 1025): Start proc com.android.chrome for broadcast com.android.chrome/com.google.android.apps.chrome.precache.PrecacheServiceLauncher: pid=9135 uid=10057 gids={50057, 3003, 1028, 1015}
W/AppOps  ( 1025): Bad call: specified package qcamera under uid 1013 but it is really -1
W/AppOps  ( 1025): Bad call: specified package qcamera under uid 1013 but it is really -1
W/AppOps  ( 1025): Bad call: specified package qcamera under uid 1013 but it is really -1
W/AppOps  ( 1025): Bad call: specified package qcamera under uid 1013 but it is really -1
I/openssl ( 8327): Crypto mode not selected, openssl will run on its regular mode.
I/openssl ( 8327): Crypto mode 0 already enabled
I/ActivityManager( 1025): Start proc com.android.mms for broadcast com.android.mms/.transaction.MmsSystemEventReceiver: pid=9154 uid=10031 gids={50031, 3003, 1028, 1015}
I/ActivityManager( 1025): Process com.google.android.talk (pid 9100) has died.
W/ActivityManager( 1025): Service ServiceRecord{44481680 u0 com.google.android.talk/com.google.android.libraries.hangouts.video.CallService} in process ProcessRecord{429e9da8 9100:com.google.android.talk/u0a71} not same as in map: null
I/ActivityManager( 1025): Process com.android.chrome (pid 9135) has died.
I/ActivityManager( 1025): Start proc com.google.android.setupwizard for broadcast com.google.android.setupwizard/.MobileConnectivityChangeReceiver: pid=9178 uid=10042 gids={50042, 3003}
I/ActivityManager( 1025): Process com.android.mms (pid 9154) has died.
I/ActivityManager( 1025): Start proc com.google.android.apps.magazines for broadcast com.google.android.apps.magazines/com.google.apps.dots.android.newsstand.appwidget.NewsWidgetProvider: pid=9192 uid=10077 gids={50077, 3003, 1028, 1015}
I/ActivityManager( 1025): Process com.google.android.setupwizard (pid 9178) has died.
W/Vold    (  261): Returning OperationFailed - no handler for errno 30
W/Vold    (  261): Returning OperationFailed - no handler for errno 30
W/Vold    (  261): Returning OperationFailed - no handler for errno 30
W/Vold    (  261): Returning OperationFailed - no handler for errno 30
D/ConnectivityService( 1025): handleInetConditionHoldEnd: net=1, condition=100, published condition=100
I/ActivityManager( 1025): Start proc com.google.android.talk for broadcast com.google.android.talk/com.google.android.apps.hangouts.service.NetworkStateReceiver: pid=9241 uid=10071 gids={50071, 3003, 1028, 1015, 3002}
I/ActivityManager( 1025): Process com.google.android.apps.magazines (pid 9192) has died.
W/AppOps  ( 1025): Bad call: specified package qcamera under uid 1013 but it is really -1
I/ActivityManager( 1025): Start proc com.android.chrome for broadcast com.android.chrome/com.google.android.apps.chrome.precache.PrecacheServiceLauncher: pid=9263 uid=10057 gids={50057, 3003, 1028, 1015}
W/AppOps  ( 1025): Bad call: specified package qcamera under uid 1013 but it is really -1
W/AppOps  ( 1025): Bad call: specified package qcamera under uid 1013 but it is really -1
W/AppOps  ( 1025): Bad call: specified package qcamera under uid 1013 but it is really -1
I/ActivityManager( 1025): Process com.android.chrome (pid 9263) has died.
I/ActivityManager( 1025): Process com.google.android.talk (pid 9241) has died.
W/ActivityManager( 1025): Service ServiceRecord{430c52c0 u0 com.google.android.talk/com.google.android.libraries.hangouts.video.CallService} in process ProcessRecord{42caa810 9241:com.google.android.talk/u0a71} not same as in map: null
I/ActivityManager( 1025): Process com.google.android.gms.unstable (pid 9084) has died.
I/ActivityManager( 1025): Start proc com.google.android.talk for broadcast com.google.android.talk/com.google.android.apps.hangouts.phone.PackageReplacedReceiver: pid=9328 uid=10071 gids={50071, 3003, 1028, 1015, 3002}
I/PackageManager( 1025): Adding preferred activity ComponentInfo{com.android.mms/com.android.mms.ui.ComposeMessageActivity} for user 0 :
I/PackageManager( 1025): Adding preferred activity ComponentInfo{com.android.mms/com.android.mms.ui.ComposeMessageActivity} for user 0 :
I/PackageManager( 1025): Adding preferred activity ComponentInfo{com.android.mms/com.android.mms.ui.ComposeMessageActivity} for user 0 :
I/PackageManager( 1025): Adding preferred activity ComponentInfo{com.android.mms/com.android.mms.ui.ComposeMessageActivity} for user 0 :
I/PackageManager( 1025): Adding preferred activity ComponentInfo{com.android.mms/com.android.mms.ui.ComposeMessageActivity} for user 0 :
I/PackageManager( 1025): Adding preferred activity ComponentInfo{com.android.mms/com.android.mms.ui.ComposeMessageActivity} for user 0 :
I/PackageManager( 1025): Adding preferred activity ComponentInfo{com.android.mms/com.android.mms.ui.ComposeMessageActivity} for user 0 :
I/PackageManager( 1025): Adding preferred activity ComponentInfo{com.android.mms/com.android.mms.ui.ComposeMessageActivity} for user 0 :
I/ActivityManager( 1025): Start proc com.google.android.googlequicksearchbox:search for broadcast com.google.android.googlequicksearchbox/com.google.android.search.core.GooglePlayServicesHelper$GmsPackageWatcher: pid=9361 uid=10045 gids={50045, 3003, 3001, 1028, 3002, 1015}
W/AppOps  ( 1025): Bad call: specified package qcamera under uid 1013 but it is really -1
W/AppOps  ( 1025): Bad call: specified package qcamera under uid 1013 but it is really -1
W/AppOps  ( 1025): Bad call: specified package qcamera under uid 1013 but it is really -1
W/AppOps  ( 1025): Bad call: specified package qcamera under uid 1013 but it is really -1
I/ActivityManager( 1025): Process com.google.android.talk (pid 9328) has died.
W/ActivityManager( 1025): Service ServiceRecord{437ea3f8 u0 com.google.android.talk/com.google.android.libraries.hangouts.video.CallService} in process ProcessRecord{42e09880 9328:com.google.android.talk/u0a71} not same as in map: null
D/WifiService( 1025): acquireWifiLockLocked: WifiLock{NlpWifiLock type=2 binder=android.os.BinderProxy@4296fa38}
I/ActivityManager( 1025): Start proc com.google.android.partnersetup for content provider com.google.android.partnersetup/.RlzAppProvider: pid=9383 uid=10025 gids={50025, 3003}
I/ActivityManager( 1025): Start proc com.android.vending for broadcast com.android.vending/com.google.android.finsky.receivers.PackageMonitorReceiver$RegisteredReceiver: pid=9402 uid=10039 gids={50039, 3003, 1028, 1015}
I/ActivityManager( 1025): Process com.google.android.googlequicksearchbox:search (pid 9361) has died.
I/ActivityManager( 1025): Process com.google.android.partnersetup (pid 9383) has died.
D/WifiService( 1025): releaseWifiLockLocked: WifiLock{NlpWifiLock type=2 binder=android.os.BinderProxy@4296fa38}
I/ActivityManager( 1025): Start proc com.motorola.MotGallery2 for broadcast com.motorola.MotGallery2/com.android.gallery3d.app.PackagesMonitor: pid=9442 uid=10034 gids={50034, 3003, 1028, 1015}
I/ActivityManager( 1025): Process com.android.vending (pid 9402) has died.
I/ActivityManager( 1025): Start proc com.google.android.googlequicksearchbox:search for broadcast com.google.android.googlequicksearchbox/com.google.android.search.core.icingsync.IcingCorporaChangedReceiver: pid=9455 uid=10045 gids={50045, 3003, 3001, 1028, 3002, 1015}
I/ActivityManager( 1025): Process com.motorola.MotGallery2 (pid 9442) has died.
I/ActivityManager( 1025): Start proc com.google.android.partnersetup for content provider com.google.android.partnersetup/.RlzAppProvider: pid=9474 uid=10025 gids={50025, 3003}
I/ActivityManager( 1025): Process com.google.android.googlequicksearchbox:search (pid 9455) has died.
I/ActivityManager( 1025): Process com.google.android.partnersetup (pid 9474) has died.
V/AlarmManager( 1025): sending alarm Alarm{433d8380 type 2 android}
V/AlarmManager( 1025): sending alarm Alarm{433d64a0 type 3 android}
V/AlarmManager( 1025): sending alarm Alarm{433d5230 type 2 com.whatsapp}
V/AlarmManager( 1025): sending alarm Alarm{433c6628 type 2 com.whatsapp}
W/ContextImpl( 1295): Calling a method in the system process without a qualified user: android.app.ContextImpl.sendBroadcast:1252 android.content.ContextWrapper.sendBroadcast:365 com.motorola.motocare.util.TriggerHelper$TriggerBuilder.send:76 com.motorola.motocare.internal.frameworkevents.ProcessKillTrigger.sendTrigger:147 com.motorola.motocare.internal.frameworkevents.ProcessKillTrigger.handleLmkKill:337 
W/ContextImpl( 1295): Calling a method in the system process without a qualified user: android.app.ContextImpl.sendBroadcast:1252 android.content.ContextWrapper.sendBroadcast:365 com.motorola.motocare.util.TriggerHelper$TriggerBuilder.send:76 com.motorola.motocare.internal.frameworkevents.ProcessKillTrigger.sendTrigger:147 com.motorola.motocare.internal.frameworkevents.ProcessKillTrigger.handleLmkKill:337 
W/ContextImpl( 1295): Calling a method in the system process without a qualified user: android.app.ContextImpl.sendBroadcast:1252 android.content.ContextWrapper.sendBroadcast:365 com.motorola.motocare.util.TriggerHelper$TriggerBuilder.send:76 com.motorola.motocare.internal.frameworkevents.ProcessKillTrigger.sendTrigger:147 com.motorola.motocare.internal.frameworkevents.ProcessKillTrigger.handleLmkKill:337 
W/ContextImpl( 1295): Calling a method in the system process without a qualified user: android.app.ContextImpl.sendBroadcast:1252 android.content.ContextWrapper.sendBroadcast:365 com.motorola.motocare.util.TriggerHelper$TriggerBuilder.send:76 com.motorola.motocare.internal.frameworkevents.ProcessKillTrigger.sendTrigger:147 com.motorola.motocare.internal.frameworkevents.ProcessKillTrigger.handleLmkKill:337 
W/ContextImpl( 1295): Calling a method in the system process without a qualified user: android.app.ContextImpl.sendBroadcast:1252 android.content.ContextWrapper.sendBroadcast:365 com.motorola.motocare.util.TriggerHelper$TriggerBuilder.send:76 com.motorola.motocare.internal.frameworkevents.ProcessKillTrigger.sendTrigger:147 com.motorola.motocare.internal.frameworkevents.ProcessKillTrigger.handleLmkKill:337 
W/ContextImpl( 1295): Calling a method in the system process without a qualified user: android.app.ContextImpl.sendBroadcast:1252 android.content.ContextWrapper.sendBroadcast:365 com.motorola.motocare.util.TriggerHelper$TriggerBuilder.send:76 com.motorola.motocare.internal.frameworkevents.ProcessKillTrigger.sendTrigger:147 com.motorola.motocare.internal.frameworkevents.ProcessKillTrigger.handleLmkKill:337 
W/ContextImpl( 1295): Calling a method in the system process without a qualified user: android.app.ContextImpl.sendBroadcast:1252 android.content.ContextWrapper.sendBroadcast:365 com.motorola.motocare.util.TriggerHelper$TriggerBuilder.send:76 com.motorola.motocare.internal.frameworkevents.ProcessKillTrigger.sendTrigger:147 com.motorola.motocare.internal.frameworkevents.ProcessKillTrigger.handleLmkKill:337 
W/ContextImpl( 1295): Calling a method in the system process without a qualified user: android.app.ContextImpl.sendBroadcast:1252 android.content.ContextWrapper.sendBroadcast:365 com.motorola.motocare.util.TriggerHelper$TriggerBuilder.send:76 com.motorola.motocare.internal.frameworkevents.ProcessKillTrigger.sendTrigger:147 com.motorola.motocare.internal.frameworkevents.ProcessKillTrigger.handleLmkKill:337 
W/ContextImpl( 1295): Calling a method in the system process without a qualified user: android.app.ContextImpl.sendBroadcast:1252 android.content.ContextWrapper.sendBroadcast:365 com.motorola.motocare.util.TriggerHelper$TriggerBuilder.send:76 com.motorola.motocare.internal.frameworkevents.ProcessKillTrigger.sendTrigger:147 com.motorola.motocare.internal.frameworkevents.ProcessKillTrigger.handleLmkKill:337 
W/ContextImpl( 1295): Calling a method in the system process without a qualified user: android.app.ContextImpl.sendBroadcast:1252 android.content.ContextWrapper.sendBroadcast:365 com.motorola.motocare.util.TriggerHelper$TriggerBuilder.send:76 com.motorola.motocare.internal.frameworkevents.ProcessKillTrigger.sendTrigger:147 com.motorola.motocare.internal.frameworkevents.ProcessKillTrigger.handleLmkKill:337 
W/ContextImpl( 1295): Calling a method in the system process without a qualified user: android.app.ContextImpl.sendBroadcast:1252 android.content.ContextWrapper.sendBroadcast:365 com.motorola.motocare.util.TriggerHelper$TriggerBuilder.send:76 com.motorola.motocare.internal.frameworkevents.ProcessKillTrigger.sendTrigger:147 com.motorola.motocare.internal.frameworkevents.ProcessKillTrigger.handleLmkKill:337 
W/ContextImpl( 1295): Calling a method in the system process without a qualified user: android.app.ContextImpl.sendBroadcast:1252 android.content.ContextWrapper.sendBroadcast:365 com.motorola.motocare.util.TriggerHelper$TriggerBuilder.send:76 com.motorola.motocare.internal.frameworkevents.ProcessKillTrigger.sendTrigger:147 com.motorola.motocare.internal.frameworkevents.ProcessKillTrigger.handleLmkKill:337 
W/ContextImpl( 1295): Calling a method in the system process without a qualified user: android.app.ContextImpl.sendBroadcast:1252 android.content.ContextWrapper.sendBroadcast:365 com.motorola.motocare.util.TriggerHelper$TriggerBuilder.send:76 com.motorola.motocare.internal.frameworkevents.ProcessKillTrigger.sendTrigger:147 com.motorola.motocare.internal.frameworkevents.ProcessKillTrigger.handleLmkKill:337 
W/ContextImpl( 1295): Calling a method in the system process without a qualified user: android.app.ContextImpl.sendBroadcast:1252 android.content.ContextWrapper.sendBroadcast:365 com.motorola.motocare.util.TriggerHelper$TriggerBuilder.send:76 com.motorola.motocare.internal.frameworkevents.ProcessKillTrigger.sendTrigger:147 com.motorola.motocare.internal.frameworkevents.ProcessKillTrigger.handleLmkKill:337 
W/ContextImpl( 1295): Calling a method in the system process without a qualified user: android.app.ContextImpl.sendBroadcast:1252 android.content.ContextWrapper.sendBroadcast:365 com.motorola.motocare.util.TriggerHelper$TriggerBuilder.send:76 com.motorola.motocare.internal.frameworkevents.ProcessKillTrigger.sendTrigger:147 com.motorola.motocare.internal.frameworkevents.ProcessKillTrigger.handleLmkKill:337 
W/ContextImpl( 1295): Calling a method in the system process without a qualified user: android.app.ContextImpl.sendBroadcast:1252 android.content.ContextWrapper.sendBroadcast:365 com.motorola.motocare.util.TriggerHelper$TriggerBuilder.send:76 com.motorola.motocare.internal.frameworkevents.ProcessKillTrigger.sendTrigger:147 com.motorola.motocare.internal.frameworkevents.ProcessKillTrigger.handleLmkKill:337 
W/ContextImpl( 1295): Calling a method in the system process without a qualified user: android.app.ContextImpl.sendBroadcast:1252 android.content.ContextWrapper.sendBroadcast:365 com.motorola.motocare.util.TriggerHelper$TriggerBuilder.send:76 com.motorola.motocare.internal.frameworkevents.ProcessKillTrigger.sendTrigger:147 com.motorola.motocare.internal.frameworkevents.ProcessKillTrigger.handleLmkKill:337 
W/ContextImpl( 1295): Calling a method in the system process without a qualified user: android.app.ContextImpl.sendBroadcast:1252 android.content.ContextWrapper.sendBroadcast:365 com.motorola.motocare.util.TriggerHelper$TriggerBuilder.send:76 com.motorola.motocare.internal.frameworkevents.ProcessKillTrigger.sendTrigger:147 com.motorola.motocare.internal.frameworkevents.ProcessKillTrigger.handleLmkKill:337 
W/ContextImpl( 1295): Calling a method in the system process without a qualified user: android.app.ContextImpl.sendBroadcast:1252 android.content.ContextWrapper.sendBroadcast:365 com.motorola.motocare.util.TriggerHelper$TriggerBuilder.send:76 com.motorola.motocare.internal.frameworkevents.ProcessKillTrigger.sendTrigger:147 com.motorola.motocare.internal.frameworkevents.ProcessKillTrigger.handleLmkKill:337 
V/AlarmManager( 1025): sending alarm Alarm{42bf1e70 type 3 com.devexpert.weather}
I/ActivityManager( 1025): Start proc com.devexpert.weather for broadcast com.devexpert.weather/.view.WidgetWeather2x1: pid=9622 uid=10112 gids={50112, 3003, 1028, 1015}
V/AlarmManager( 1025): sending alarm Alarm{42aaf450 type 2 com.whatsapp}
V/AlarmManager( 1025): sending alarm Alarm{42bed6c8 type 2 com.whatsapp}
V/AlarmManager( 1025): sending alarm Alarm{42bec1b0 type 0 com.viber.voip}
I/ActivityManager( 1025): Process com.devexpert.weather (pid 9622) has died.
W/AppOps  ( 1025): Bad call: specified package qcamera under uid 1013 but it is really -1
W/AppOps  ( 1025): Bad call: specified package qcamera under uid 1013 but it is really -1
W/AppOps  ( 1025): Bad call: specified package qcamera under uid 1013 but it is really -1
W/AppOps  ( 1025): Bad call: specified package qcamera under uid 1013 but it is really -1
W/AppOps  ( 1025): Bad call: specified package qcamera under uid 1013 but it is really -1
W/AppOps  ( 1025): Bad call: specified package qcamera under uid 1013 but it is really -1
W/AppOps  ( 1025): Bad call: specified package qcamera under uid 1013 but it is really -1
W/AppOps  ( 1025): Bad call: specified package qcamera under uid 1013 but it is really -1
W/AppOps  ( 1025): Bad call: specified package qcamera under uid 1013 but it is really -1
W/AppOps  ( 1025): Bad call: specified package qcamera under uid 1013 but it is really -1
W/AppOps  ( 1025): Bad call: specified package qcamera under uid 1013 but it is really -1
W/AppOps  ( 1025): Bad call: specified package qcamera under uid 1013 but it is really -1
I/ActivityManager( 1025): Process com.google.android.gms (pid 5665) has died.
