D/DexLibLoader( 4118): ignoring file "program-42761fa3dedc1f1a9503bece4f2db80adf01f7756661a1c7.dex.odex" in "/data/user/0/com.facebook.katana/app_secondary_program_dex"
D/DexLibLoader( 4118): ignoring file "program-1b4455e1ba1ff38a86723e24cd334fa1062519f16661a1c7.dex.odex" in "/data/user/0/com.facebook.katana/app_secondary_program_dex"
D/DexLibLoader( 4118): ignoring file "program-a54de6ef97459e1e5b5c8f874a889a38965d34466661a1c7.dex.odex" in "/data/user/0/com.facebook.katana/app_secondary_program_dex"
D/DexLibLoader( 4118): directory "/data/user/0/com.facebook.katana/app_secondary_program_dex" is valid
D/DexLibLoader( 4118): ignoring file "primary_deps" in "/data/user/0/com.facebook.katana/app_secondary_program_dex_opt"
V/DexLibLoader( 4118): directory "/data/user/0/com.facebook.katana/app_secondary_program_dex_opt" contains "program-15ef54b77950d1e6c1cbc3342a20571a9fd8050d6661a1c7.dex.dex" as expected
V/DexLibLoader( 4118): directory "/data/user/0/com.facebook.katana/app_secondary_program_dex_opt" contains "program-14bcaeed5ad488eaf139a59d22cf00efbde5948b6661a1c7.dex.dex" as expected
V/DexLibLoader( 4118): directory "/data/user/0/com.facebook.katana/app_secondary_program_dex_opt" contains "program-e8acf246c92474061a3e0f7dafec5559e33da2c56661a1c7.dex.dex" as expected
V/DexLibLoader( 4118): directory "/data/user/0/com.facebook.katana/app_secondary_program_dex_opt" contains "program-1d7a13e77be07efb41a2c80160a9aec6fff27ad16661a1c7.dex.dex" as expected
V/DexLibLoader( 4118): directory "/data/user/0/com.facebook.katana/app_secondary_program_dex_opt" contains "program-42761fa3dedc1f1a9503bece4f2db80adf01f7756661a1c7.dex.dex" as expected
V/DexLibLoader( 4118): directory "/data/user/0/com.facebook.katana/app_secondary_program_dex_opt" contains "program-1b4455e1ba1ff38a86723e24cd334fa1062519f16661a1c7.dex.dex" as expected
V/DexLibLoader( 4118): directory "/data/user/0/com.facebook.katana/app_secondary_program_dex_opt" contains "program-a54de6ef97459e1e5b5c8f874a889a38965d34466661a1c7.dex.dex" as expected
D/DexLibLoader( 4118): directory "/data/user/0/com.facebook.katana/app_secondary_program_dex_opt" is valid
D/DexLibLoader( 4118): loading pre-built cross-dex opt odex files
V/dalvik-internals( 4118): hooked dvmResolveClass using jump ()
V/dalvik-internals( 4118): hooked dvmFlushBreakpoints using jump ()
V/MultiDexClassLoader( 4118): installing MultiDexClassLoader before application classloader
I/dalvikvm( 4118): Could not find method dalvik.system.DexFile.loadClassBinaryName, referenced from method com.facebook.common.dextricks.DexFileLoadOld.a
W/dalvikvm( 4118): VFY: unable to resolve virtual method 2073: Ldalvik/system/DexFile;.loadClassBinaryName (Ljava/lang/String;Ljava/lang/ClassLoader;)Ljava/lang/Class;
D/dalvikvm( 4118): VFY: replacing opcode 0x6e at 0x0000
D/DexLibLoader( 4118): released odex store lock
D/DexLibLoader( 4118): DexLibLoader.loadAll took 62 ms
D/MemoryReductionHack( 4118): Marked as initialized entry corresponding to path /data/app/com.facebook.katana-1.apk
D/GcOptimizer( 4118): Enabled
V/dalvik-internals( 4118): hooked dvmLinearAlloc using jump ()
V/dalvik-internals( 4118): hooked dvmLinearRealloc using jump ()
V/dalvik-internals( 4118): hooked dvmLinearFree using jump ()
V/dalvik-internals( 4118): hooked dvmLinearStrdup using jump ()
V/dalvik-internals( 4118): hooked dvmLinearAllocContains using jump ()
I/dalvik-internals( 4118): enlarged linearalloc buffer to 33554432 bytes
D/perfTimingLib( 4131): logTimeStamp for linkedin_android_app_oncreate_time
W/StaticBindingVerifier( 4118): Verify
I/dalvikvm( 4118): Could not find method com.facebook.resources.FbResources.getDrawable, referenced from method com.facebook.resources.impl.DownloadedFbResources.getDrawable
W/dalvikvm( 4118): VFY: unable to resolve virtual method 48479: Lcom/facebook/resources/FbResources;.getDrawable (ILandroid/content/res/Resources$Theme;)Landroid/graphics/drawable/Drawable;
D/dalvikvm( 4118): VFY: replacing opcode 0x6f at 0x0031
D/WifiService( 1025): New client listening to asynchronous messages
I/LiConfigParser( 4131): Avail updated for feature [bluesteel_profile_easter] to:true
I/LiConfigParser( 4131): Avail updated for feature [bluesteel_profile_caching] to:true
I/LiConfigParser( 4131): Avail updated for feature [bluesteel_profile_background_animation] to:true
D/WifiStateMachine( 1025): handleMessage: E msg.what=131155
D/WifiStateMachine( 1025): processMsg: ConnectedState
D/WifiStateMachine( 1025): processMsg: L2ConnectedState
D/WifiStateMachine( 1025): handleMessage: X
D/WifiStateMachine( 1025): handleMessage: E msg.what=151572
D/WifiStateMachine( 1025): processMsg: ConnectedState
D/WifiStateMachine( 1025): processMsg: L2ConnectedState
D/WifiStateMachine( 1025): handleMessage: X
I/DefaultLiHttpClient( 4131): Current retry config is:UseLiExceptionRetry
I/PersistentCookieStore( 4131): Get Persistent Cookie Store
I/PersistentCookieStore( 4131): mInstance == null. init mInstance
I/PersistentCookieStore( 4131): no migration
I/MobileClient( 4131): Mobile server: https://touch.www.linkedin.com
V/WebViewChromiumFactoryProvider( 4131): Binding Chromium to main looper Looper (main, tid 1) {41fa2530}
I/LibraryLoader( 4131): Expected native library version number "",actual native library version number ""
I/chromium( 4131): [INFO:library_loader_hooks.cc(116)] Chromium logging enabled: level = 0, default verbosity = 0
I/BrowserStartupController( 4131): Initializing chromium process, renderers=0
E/AudioManagerAndroid( 4131): BLUETOOTH permission is missing!
I/Adreno-EGL( 4131): <qeglDrvAPI_eglInitialize:410>: EGL 1.4 QUALCOMM build: AU_LINUX_ANDROID_LNX.LA.3.5.1_RB1.04.04.02.048.018_msm8226_LNX.LA.3.5.1_RB1__release_AU ()
I/Adreno-EGL( 4131): OpenGL ES Shader Compiler Version: E031.24.00.08
I/Adreno-EGL( 4131): Build Date: 03/07/14 Fri
I/Adreno-EGL( 4131): Local Branch: 
I/Adreno-EGL( 4131): Remote Branch: quic/LNX.LA.3.5.1_RB1.1
I/Adreno-EGL( 4131): Local Patches: NONE
I/Adreno-EGL( 4131): Reconstruct Branch: AU_LINUX_ANDROID_LNX.LA.3.5.1_RB1.04.04.02.048.018 + f2fd134 +  NOTHING
E/dalvikvm( 4118): Could not find class 'org.apache.harmony.xnet.provider.jsse.OpenSSLSocketImpl', referenced from method com.facebook.ssl.openssl.check.CheckOpenSSLImplHasRequiredMethods.<clinit>
W/dalvikvm( 4118): VFY: unable to resolve const-class 13808 (Lorg/apache/harmony/xnet/provider/jsse/OpenSSLSocketImpl;) in Lcom/facebook/ssl/openssl/check/CheckOpenSSLImplHasRequiredMethods;
D/dalvikvm( 4118): VFY: replacing opcode 0x1c at 0x000d
E/dalvikvm( 4118): Could not find class 'org.apache.harmony.xnet.provider.jsse.OpenSSLSocketFactoryImpl', referenced from method com.facebook.ssl.openssl.reflect.SSLParametersGetter.<clinit>
W/dalvikvm( 4118): VFY: unable to resolve const-class 13807 (Lorg/apache/harmony/xnet/provider/jsse/OpenSSLSocketFactoryImpl;) in Lcom/facebook/ssl/openssl/reflect/SSLParametersGetter;
D/dalvikvm( 4118): VFY: replacing opcode 0x1c at 0x000d
E/dalvikvm( 4118): Could not find class 'org.apache.harmony.xnet.provider.jsse.SSLParametersImpl', referenced from method com.facebook.ssl.openssl.reflect.SSLParametersGetter.a
W/dalvikvm( 4118): VFY: unable to resolve check-cast 13809 (Lorg/apache/harmony/xnet/provider/jsse/SSLParametersImpl;) in Lcom/facebook/ssl/openssl/reflect/SSLParametersGetter;
D/dalvikvm( 4118): VFY: replacing opcode 0x1f at 0x0006
E/dalvikvm( 4118): Could not find class 'org.apache.harmony.xnet.provider.jsse.SSLParametersImpl', referenced from method com.facebook.ssl.openssl.reflect.SSLSessionTimeoutSetter.<clinit>
W/dalvikvm( 4118): VFY: unable to resolve const-class 13809 (Lorg/apache/harmony/xnet/provider/jsse/SSLParametersImpl;) in Lcom/facebook/ssl/openssl/reflect/SSLSessionTimeoutSetter;
D/dalvikvm( 4118): VFY: replacing opcode 0x1c at 0x000d
W/dalvikvm( 4118): VFY: unable to find class referenced in signature (Lorg/apache/harmony/xnet/provider/jsse/SSLParametersImpl;)
E/dalvikvm( 4118): Could not find class 'org.apache.harmony.xnet.provider.jsse.ClientSessionContext', referenced from method com.facebook.ssl.openssl.reflect.SSLSessionTimeoutSetter.a
W/dalvikvm( 4118): VFY: unable to resolve check-cast 13806 (Lorg/apache/harmony/xnet/provider/jsse/ClientSessionContext;) in Lcom/facebook/ssl/openssl/reflect/SSLSessionTimeoutSetter;
D/dalvikvm( 4118): VFY: replacing opcode 0x1f at 0x0006
W/dalvikvm( 4118): VFY: unable to find class referenced in signature (Lorg/apache/harmony/xnet/provider/jsse/SSLParametersImpl;)
W/dalvikvm( 4118): Unable to resolve superclass of Lcom/facebook/ssl/openssl/TicketEnabledOpenSSLSocketImplWrapper; (11243)
W/dalvikvm( 4118): Link of class 'Lcom/facebook/ssl/openssl/TicketEnabledOpenSSLSocketImplWrapper;' failed
E/dalvikvm( 4118): Could not find class 'com.facebook.ssl.openssl.TicketEnabledOpenSSLSocketImplWrapper', referenced from method com.facebook.ssl.openssl.TicketEnabledOpenSSLSocketFactoryHelper.a
W/dalvikvm( 4118): VFY: unable to resolve new-instance 10681 (Lcom/facebook/ssl/openssl/TicketEnabledOpenSSLSocketImplWrapper;) in Lcom/facebook/ssl/openssl/TicketEnabledOpenSSLSocketFactoryHelper;
D/dalvikvm( 4118): VFY: replacing opcode 0x22 at 0x0000
W/dalvikvm( 4118): Unable to resolve superclass of Lcom/facebook/ssl/openssl/TicketEnabledOpenSSLSocketImplWrapper; (11243)
W/dalvikvm( 4118): Link of class 'Lcom/facebook/ssl/openssl/TicketEnabledOpenSSLSocketImplWrapper;' failed
D/dalvikvm( 4118): DexOpt: unable to opt direct call 0xc22f at 0x08 in Lcom/facebook/ssl/openssl/TicketEnabledOpenSSLSocketFactoryHelper;.a
D/dalvikvm( 4118): Trying to load lib /data/app-lib/com.facebook.katana-1/libfbjni.so 0x41fb34c0
D/dalvikvm( 4118): Added shared lib /data/app-lib/com.facebook.katana-1/libfbjni.so 0x41fb34c0
D/dalvikvm( 4118): Trying to load lib /data/app-lib/com.facebook.katana-1/libcares.so 0x41fb34c0
D/dalvikvm( 4118): Added shared lib /data/app-lib/com.facebook.katana-1/libcares.so 0x41fb34c0
D/dalvikvm( 4118): No JNI_OnLoad found in /data/app-lib/com.facebook.katana-1/libcares.so 0x41fb34c0, skipping init
D/dalvikvm( 4118): Trying to load lib /data/app-lib/com.facebook.katana-1/libdouble-conversion.so 0x41fb34c0
D/dalvikvm( 4118): Added shared lib /data/app-lib/com.facebook.katana-1/libdouble-conversion.so 0x41fb34c0
D/dalvikvm( 4118): No JNI_OnLoad found in /data/app-lib/com.facebook.katana-1/libdouble-conversion.so 0x41fb34c0, skipping init
D/dalvikvm( 4118): Trying to load lib /data/app-lib/com.facebook.katana-1/libevent.so 0x41fb34c0
D/dalvikvm( 4118): Added shared lib /data/app-lib/com.facebook.katana-1/libevent.so 0x41fb34c0
D/dalvikvm( 4118): No JNI_OnLoad found in /data/app-lib/com.facebook.katana-1/libevent.so 0x41fb34c0, skipping init
D/dalvikvm( 4118): Trying to load lib /data/app-lib/com.facebook.katana-1/libliger.so 0x41fb34c0
D/dalvikvm( 4118): Added shared lib /data/app-lib/com.facebook.katana-1/libliger.so 0x41fb34c0
W/chromium( 4131): [WARNING:proxy_service.cc(890)] PAC support disabled because there is no system implementation
I/PersistentCookieStore( 4131): Get Persistent Cookie Store
D/AudioManagerAndroid( 4131): ==> onReceive: s=0, m=1, n=h2w, sb=true
D/AudioManagerAndroid( 4131): reportUpdate: state=0, devices=[Speakerphone, Headset earpiece]
D/ACRA    ( 4131): ACRA is enabled for com.linkedin.android, intializing...
I/ActivityManager( 1025): Start proc com.distilledmedia.thescore for broadcast com.distilledmedia.thescore/com.parse.ParseBroadcastReceiver: pid=4200 uid=10138 gids={50138, 3003, 1028, 1015}
W/fb4a(:<default>):AbstractMqttPushService( 4118): Attempt to start service that is already started
I/PersistentCookieStore( 4131): Get Persistent Cookie Store
D/ACRA    ( 4131): Looking for error files in /data/data/com.linkedin.android/files
I/LiApplication( 4131): Locale found in prefs: 
I/LiApplication( 4131): Updated language/locale to: en_GB
I/RequestQueue( 4131): Init Network Client
I/RequestQueue( 4131): Network dispatcher has started
D/LI_AUTH_LIB( 4131): in init username=TimCallagy@gmail.com
D/com.linkedin.android.liauthlib.NetworkDispatcher( 4131): sending request https://www.linkedin.com/mob/sso/you
I/PersistentCookieStore( 4131): All cookies cleared
I/MultiDex( 4200): VM with version 1.6.0 does not have multidex support
I/MultiDex( 4200): install
I/MultiDex( 4200): MultiDexExtractor.load(/data/app/com.distilledmedia.thescore-2.apk, false)
D/dalvikvm( 4118): Trying to load lib /data/app-lib/com.facebook.katana-1/libheartbleed.so 0x41fb34c0
D/dalvikvm( 4118): Added shared lib /data/app-lib/com.facebook.katana-1/libheartbleed.so 0x41fb34c0
I/MultiDex( 4200): loading existing secondary dex files
I/MultiDex( 4200): load found 0 secondary dex files
I/MultiDex( 4200): install done
I/ActivityManager( 1025): Process com.linkedin.android (pid 4131) has died.
D/[1]JournalApp( 4200): created
W/Settings( 4200): Setting airplane_mode_on has moved from android.provider.Settings.System to android.provider.Settings.Global, returning read-only value.
V/WebViewChromiumFactoryProvider( 4200): Binding Chromium to main looper Looper (main, tid 1) {41fa3628}
I/LibraryLoader( 4200): Expected native library version number "",actual native library version number ""
I/chromium( 4200): [INFO:library_loader_hooks.cc(116)] Chromium logging enabled: level = 0, default verbosity = 0
I/BrowserStartupController( 4200): Initializing chromium process, renderers=0
E/AudioManagerAndroid( 4200): BLUETOOTH permission is missing!
I/Adreno-EGL( 4200): <qeglDrvAPI_eglInitialize:410>: EGL 1.4 QUALCOMM build: AU_LINUX_ANDROID_LNX.LA.3.5.1_RB1.04.04.02.048.018_msm8226_LNX.LA.3.5.1_RB1__release_AU ()
I/Adreno-EGL( 4200): OpenGL ES Shader Compiler Version: E031.24.00.08
I/Adreno-EGL( 4200): Build Date: 03/07/14 Fri
I/Adreno-EGL( 4200): Local Branch: 
I/Adreno-EGL( 4200): Remote Branch: quic/LNX.LA.3.5.1_RB1.1
I/Adreno-EGL( 4200): Local Patches: NONE
I/Adreno-EGL( 4200): Reconstruct Branch: AU_LINUX_ANDROID_LNX.LA.3.5.1_RB1.04.04.02.048.018 + f2fd134 +  NOTHING
W/chromium( 4200): [WARNING:proxy_service.cc(890)] PAC support disabled because there is no system implementation
I/[4e1e6]com.distilledmedia.http.images.BitmapDiskCache( 4200):  starting up file cache 
I/[1]FacebookAccount( 4200): Restored session valid = false
I/[1]TheScoreApp( 4200): Live notifications enabled
D/AudioManagerAndroid( 4200): ==> onReceive: s=0, m=1, n=h2w, sb=true
D/AudioManagerAndroid( 4200): reportUpdate: state=0, devices=[Speakerphone, Headset earpiece]
I/ActivityManager( 1025): Start proc com.devexpert.weather for broadcast com.devexpert.weather/.view.WidgetWeather2x1: pid=4274 uid=10112 gids={50112, 3003, 1028, 1015}
I/ActivityManager( 1025): Process com.distilledmedia.thescore (pid 4200) has died.
D/dalvikvm( 4118): GC_CONCURRENT freed 3749K, 23% free 13343K/17224K, paused 5ms+4ms, total 62ms
D/WifiStateMachine( 1025): handleMessage: E msg.what=151572
D/WifiStateMachine( 1025): processMsg: ConnectedState
D/WifiStateMachine( 1025): processMsg: L2ConnectedState
D/WifiStateMachine( 1025): handleMessage: X
I/SFPerfTracer(  274):      triggers: (rate: 871:359877) (258722 sw vsyncs) (828341 skipped) (180:2597701 vsyncs) (182:3254273)
W/ContextImpl( 1295): Calling a method in the system process without a qualified user: android.app.ContextImpl.startService:1608 android.content.ContextWrapper.startService:494 android.content.ContextWrapper.startService:494 com.motorola.motocare.internal.batterystats.BatteryStatsAction.onReceive:33 android.app.ActivityThread.handleReceiver:2434 
I/ActivityManager( 1025): Process com.devexpert.weather (pid 4274) has died.
D/dalvikvm( 1295): GC_CONCURRENT freed 1663K, 44% free 9733K/17224K, paused 3ms+2ms, total 21ms
I/ActivityManager( 1025): Start proc com.devexpert.weather for broadcast com.devexpert.weather/.view.WidgetWeather4x1: pid=4295 uid=10112 gids={50112, 3003, 1028, 1015}
D/dalvikvm( 2458): GC_CONCURRENT freed 1938K, 45% free 9558K/17224K, paused 2ms+3ms, total 21ms
D/dalvikvm( 1025): GC_EXPLICIT freed 1736K, 40% free 30632K/50444K, paused 4ms+15ms, total 169ms
I/ActivityManager( 1025): Process com.devexpert.weather (pid 4295) has died.
D/WifiStateMachine( 1025): handleMessage: E msg.what=151572
D/WifiStateMachine( 1025): processMsg: ConnectedState
D/WifiStateMachine( 1025): processMsg: L2ConnectedState
D/WifiStateMachine( 1025): handleMessage: X
I/SBar.NetworkController( 1119): onSignalStrengthsChanged SignalStrength: 5 0 -120 -160 -120 -1 -1 99 2147483647 2147483647 2147483647 2147483647 2147483647 gsm|lte 0 -108 -1 false 2 2 0 0 0 99 99 99 4 level=2
I/SBar.NetworkController( 1119): refreshSignalCluster: mobile: Signal=zz_moto_stat_sys_signal_2_fully_wide Roaming=(none) mSimIconId=(none) Accessibility="Phone two bars.","Not roaming.",""
W/BroadcastQueue( 1025): Permission Denial: broadcasting Intent { act=android.net.conn.INET_CONDITION_ACTION flg=0x4000010 (has extras) } from null (pid=-1, uid=-1) requires com.facebook.permission.prod.FB_APP_COMMUNICATION due to registered receiver BroadcastFilter{438e1778 u0 ReceiverList{437b99e0 4063 com.facebook.orca/10147/u0 remote:435dce80}}
W/BroadcastQueue( 1025): Permission Denial: broadcasting Intent { act=android.net.conn.CONNECTIVITY_CHANGE flg=0x4000010 (has extras) } from null (pid=-1, uid=-1) requires com.facebook.permission.prod.FB_APP_COMMUNICATION due to registered receiver BroadcastFilter{438e1778 u0 ReceiverList{437b99e0 4063 com.facebook.orca/10147/u0 remote:435dce80}}
W/dalvikvm( 4063): Unable to resolve superclass of Lcom/facebook/push/adm/ADMBroadcastReceiver; (566)
W/dalvikvm( 4063): Link of class 'Lcom/facebook/push/adm/ADMBroadcastReceiver;' failed
E/dalvikvm( 4063): Could not find class 'com.facebook.push.adm.ADMBroadcastReceiver', referenced from method com.facebook.push.adm.a.b
W/dalvikvm( 4063): VFY: unable to resolve const-class 6907 (Lcom/facebook/push/adm/ADMBroadcastReceiver;) in Lcom/facebook/push/adm/a;
D/dalvikvm( 4063): VFY: replacing opcode 0x1c at 0x000e
W/msgr(:<default>):a( 4063): Attempt to start service that is already started
W/msgr(:<default>):a( 4063): Attempt to start service that is already started
I/SFPerfTracer(  274):      triggers: (rate: 1003:40516) (compose: 0:181) (post: 0:18) (render: 59:9332) (35:598589 frames) (36:2694743)
D/SFPerfTracer(  274):        layers: (3:10) (DimLayer: 0:158)* (DimLayer: 0:62)* (FocusedStackFrame: 0:15743)* (StatusBar: 2:196113) (NavigationBar: 0:146826) (DimLayer: 0:19542)* (DimLayer: 0:3013)* (com.android.wallpaper.fall.FallWallpaper: 0:3960)* (co.giftmeapp.gift_me/co.giftmeapp.gift_me.GiftMe: 36:1120) (Keyguard: 0:75)* 
W/BroadcastQueue( 1025): Permission Denial: broadcasting Intent { act=android.net.conn.CONNECTIVITY_CHANGE flg=0x4000010 (has extras) } from null (pid=-1, uid=-1) requires com.facebook.permission.prod.FB_APP_COMMUNICATION due to registered receiver BroadcastFilter{42fd35b8 u0 ReceiverList{4336cfe8 4063 com.facebook.orca/10147/u0 remote:42bf8f28}}
D/WifiStateMachine( 1025): handleMessage: E msg.what=131155
D/WifiStateMachine( 1025): processMsg: ConnectedState
D/WifiStateMachine( 1025): processMsg: L2ConnectedState
D/WifiStateMachine( 1025): handleMessage: X
D/WifiStateMachine( 1025): handleMessage: E msg.what=151572
D/WifiStateMachine( 1025): processMsg: ConnectedState
D/WifiStateMachine( 1025): processMsg: L2ConnectedState
D/WifiStateMachine( 1025): handleMessage: X
I/ActivityManager( 1025): Start proc com.whatsapp for service com.whatsapp/.messaging.MessageService: pid=4353 uid=10107 gids={50107, 3002, 3003, 1028, 1015}
D/WifiStateMachine( 1025): handleMessage: E msg.what=151572
D/WifiStateMachine( 1025): processMsg: ConnectedState
D/WifiStateMachine( 1025): processMsg: L2ConnectedState
D/WifiStateMachine( 1025): handleMessage: X
E/dalvikvm( 4353): Could not find class 'com.amazon.device.messaging.ADM', referenced from method com.whatsapp.App.av
W/dalvikvm( 4353): VFY: unable to resolve new-instance 1189 (Lcom/amazon/device/messaging/ADM;) in Lcom/whatsapp/App;
D/dalvikvm( 4353): VFY: replacing opcode 0x22 at 0x0000
E/dalvikvm( 4353): Could not find class 'com.amazon.device.messaging.ADM', referenced from method com.whatsapp.App.t
W/dalvikvm( 4353): VFY: unable to resolve new-instance 1189 (Lcom/amazon/device/messaging/ADM;) in Lcom/whatsapp/App;
D/dalvikvm( 4353): VFY: replacing opcode 0x22 at 0x000e
D/dalvikvm( 4353): DexOpt: unable to opt direct call 0x2075 at 0x04 in Lcom/whatsapp/App;.av
D/dalvikvm( 4353): DexOpt: unable to opt direct call 0x2075 at 0x10 in Lcom/whatsapp/App;.t
W/dalvikvm( 4353): Unable to resolve superclass of Lcom/whatsapp/adm/ADMMessageHandler; (1190)
W/dalvikvm( 4353): Link of class 'Lcom/whatsapp/adm/ADMMessageHandler;' failed
E/dalvikvm( 4353): Could not find class 'com.whatsapp.adm.ADMMessageHandler', referenced from method com.whatsapp.vw.f
W/dalvikvm( 4353): VFY: unable to resolve new-instance 2839 (Lcom/whatsapp/adm/ADMMessageHandler;) in Lcom/whatsapp/vw;
D/dalvikvm( 4353): VFY: replacing opcode 0x22 at 0x0027
W/dalvikvm( 4353): Unable to resolve superclass of Lcom/whatsapp/adm/ADMMessageHandler; (1190)
W/dalvikvm( 4353): Link of class 'Lcom/whatsapp/adm/ADMMessageHandler;' failed
E/dalvikvm( 4353): Could not find class 'com.whatsapp.adm.ADMMessageHandler', referenced from method com.whatsapp.vw.f
W/dalvikvm( 4353): VFY: unable to resolve new-instance 2839 (Lcom/whatsapp/adm/ADMMessageHandler;) in Lcom/whatsapp/vw;
D/dalvikvm( 4353): VFY: replacing opcode 0x22 at 0x0040
W/dalvikvm( 4353): Unable to resolve superclass of Lcom/whatsapp/adm/ADMMessageHandler; (1190)
W/dalvikvm( 4353): Link of class 'Lcom/whatsapp/adm/ADMMessageHandler;' failed
D/dalvikvm( 4353): DexOpt: unable to opt direct call 0x6231 at 0x2b in Lcom/whatsapp/vw;.f
W/dalvikvm( 4353): Unable to resolve superclass of Lcom/whatsapp/adm/ADMMessageHandler; (1190)
W/dalvikvm( 4353): Link of class 'Lcom/whatsapp/adm/ADMMessageHandler;' failed
D/dalvikvm( 4353): DexOpt: unable to opt direct call 0x6231 at 0x44 in Lcom/whatsapp/vw;.f
I/dalvikvm( 4353): Could not find method android.os.PowerManager.isPowerSaveMode, referenced from method com.whatsapp.BatteryReceiver.a
W/dalvikvm( 4353): VFY: unable to resolve virtual method 1506: Landroid/os/PowerManager;.isPowerSaveMode ()Z
D/dalvikvm( 4353): VFY: replacing opcode 0x6e at 0x000d
D/Event   ( 4353): No subscribers registered for event class com.whatsapp.ah3
D/Event   ( 4353): No subscribers registered for event class de.greenrobot.event.a
I/WhatsApp( 4353): LL_I W [1:main]App.java:1142 ntp update processed; device time: Sun Apr 19 12:02:59 GMT+01:00 2015 ntp time: Sun Apr 19 12:02:59 GMT+01:00 2015
D/Event   ( 4353): No subscribers registered for event class com.whatsapp.alk
D/Event   ( 4353): No subscribers registered for event class de.greenrobot.event.a
D/dalvikvm( 4353): Trying to load lib /data/app-lib/com.whatsapp-1/libvlc.so 0x41fac008
D/dalvikvm( 4353): Added shared lib /data/app-lib/com.whatsapp-1/libvlc.so 0x41fac008
D/dalvikvm( 4353): No JNI_OnLoad found in /data/app-lib/com.whatsapp-1/libvlc.so 0x41fac008, skipping init
D/dalvikvm( 4353): Trying to load lib /data/app-lib/com.whatsapp-1/libresample.so 0x41fac008
D/dalvikvm( 4353): Added shared lib /data/app-lib/com.whatsapp-1/libresample.so 0x41fac008
D/dalvikvm( 4353): No JNI_OnLoad found in /data/app-lib/com.whatsapp-1/libresample.so 0x41fac008, skipping init
D/dalvikvm( 4353): Trying to load lib /data/app-lib/com.whatsapp-1/libwhatsapp.so 0x41fac008
D/dalvikvm( 4353): Added shared lib /data/app-lib/com.whatsapp-1/libwhatsapp.so 0x41fac008
I/WhatsApp( 4353): LL_I W [1:main]Runtime.java:421 12:02:59.583 os_core_unix.c !pjlib 2.2.1 for POSIX initialized
I/WhatsApp( 4353): LL_I W [1:main]Runtime.java:421 12:02:59.585 wa_audio_dev.c !WA Audio sound library initialized
I/WhatsApp( 4353): LL_I W [1:main]Runtime.java:421 12:02:59.586          pjlib  select() I/O Queue created (0x5fe17434)
I/WhatsApp( 4353): LL_I W [1:main]Runtime.java:421 12:02:59.587      wa_opus.c  pjmedia_codec_opus_init start
I/WhatsApp( 4353): LL_I W [1:main]Runtime.java:421 12:02:59.587      wa_opus.c  pjmedia_codec_opus_init success
D/dalvikvm( 4353): Trying to load lib /data/app-lib/com.whatsapp-1/libcurve25519.so 0x41fac008
D/dalvikvm( 4353): Added shared lib /data/app-lib/com.whatsapp-1/libcurve25519.so 0x41fac008
D/dalvikvm( 4353): No JNI_OnLoad found in /data/app-lib/com.whatsapp-1/libcurve25519.so 0x41fac008, skipping init
I/WhatsApp( 4353): LL_I W [1:main]WhatsAppLibLoader.java:77 native library usability testing in progress
I/WhatsApp( 4353): LL_I W [1:main]WhatsAppLibLoader.java:77 native library usability testing complete
V/AlarmManager( 1025): sending alarm Alarm{42c264e0 type 3 com.whatsapp}
I/ActivityManager( 1025): Start proc android.process.acore for content provider com.android.providers.contacts/.ContactsProvider2: pid=4382 uid=10010 gids={50010, 3003, 1028, 1015, 1023}
I/ActivityManager( 1025): Start proc com.android.vending for service com.android.vending/com.google.android.finsky.billing.iab.InAppBillingService: pid=4397 uid=10039 gids={50039, 3003, 1028, 1015}
V/AlarmManager( 1025): sending alarm Alarm{42a496f8 type 3 com.whatsapp}
V/AlarmManager( 1025): sending alarm Alarm{429a8090 type 3 android}
W/BroadcastQueue( 1025): Permission Denial: broadcasting Intent { act=android.net.conn.INET_CONDITION_ACTION flg=0x4000010 (has extras) } from null (pid=-1, uid=-1) requires com.facebook.permission.prod.FB_APP_COMMUNICATION due to registered receiver BroadcastFilter{42906338 u0 ReceiverList{42bdb170 4118 com.facebook.katana/10110/u0 remote:425502e8}}
W/BroadcastQueue( 1025): Permission Denial: broadcasting Intent { act=android.net.conn.CONNECTIVITY_CHANGE flg=0x4000010 (has extras) } from null (pid=-1, uid=-1) requires com.facebook.permission.prod.FB_APP_COMMUNICATION due to registered receiver BroadcastFilter{42906338 u0 ReceiverList{42bdb170 4118 com.facebook.katana/10110/u0 remote:425502e8}}
I/SFPerfTracer(  274):      triggers: (rate: 871:359877) (258722 sw vsyncs) (828341 skipped) (18:2597801 vsyncs) (20:3254381)
W/dalvikvm( 4118): Unable to resolve superclass of Lcom/facebook/push/adm/ADMBroadcastReceiver; (505)
W/dalvikvm( 4118): Link of class 'Lcom/facebook/push/adm/ADMBroadcastReceiver;' failed
E/dalvikvm( 4118): Could not find class 'com.facebook.push.adm.ADMBroadcastReceiver', referenced from method com.facebook.push.adm.ADMPushManager.b
W/dalvikvm( 4118): VFY: unable to resolve const-class 8355 (Lcom/facebook/push/adm/ADMBroadcastReceiver;) in Lcom/facebook/push/adm/ADMPushManager;
D/dalvikvm( 4118): VFY: replacing opcode 0x1c at 0x000e
D/Finsky  ( 4397): [1] FinskyApp.onCreate: Initializing network with DFE https://android.clients.google.com/fdfe/
W/fb4a(:<default>):AbstractMqttPushService( 4118): Attempt to start service that is already started
W/fb4a(:<default>):AbstractMqttPushService( 4118): Attempt to start service that is already started
D/Ulp_jni ( 1025): Location CB invoked
I/ContactLocale( 4382): AddressBook Labels [en_GB]: [, A, B, C, D, E, F, G, H, I, J, K, L, M, N, O, P, Q, R, S, T, U, V, W, X, Y, Z, , , , , , , , , , , , , , , , , , , , , , , , , , , , , , , , , , , , , , , , , , , , , , , , , , , , , , , , , , , , , , , , , , , , , , , , , , , , , , , , , , , , , , , , , , , , , , , , , , , , , , , , , , , , , , , , , , , , , , , , , , , , , , , , , , , , , , , , , , , , , , , , , , , , , , , , , , , , , , , , , , , , , , , , , , , , , , , , , , , , , , #, ]
D/Finsky  ( 4397): [1] DailyHygiene.goMakeHygieneIfDirty: No need to run daily hygiene.
W/Settings( 4397): Setting download_manager_max_bytes_over_mobile has moved from android.provider.Settings.Secure to android.provider.Settings.Global.
W/Settings( 4397): Setting download_manager_recommended_max_bytes_over_mobile has moved from android.provider.Settings.Secure to android.provider.Settings.Global.
I/dalvikvm( 4397): Could not find method com.google.android.play.layout.PlayCardViewBase.setTransitionName, referenced from method com.google.android.finsky.utils.PlayCardUtils.bindCard
W/dalvikvm( 4397): VFY: unable to resolve virtual method 42705: Lcom/google/android/play/layout/PlayCardViewBase;.setTransitionName (Ljava/lang/String;)V
D/dalvikvm( 4397): VFY: replacing opcode 0x6e at 0x00d9
I/dalvikvm( 4397): Could not find method com.google.android.play.layout.PlayCardViewBase.setTransitionGroup, referenced from method com.google.android.finsky.utils.PlayCardUtils.bindCard
W/dalvikvm( 4397): VFY: unable to resolve virtual method 42704: Lcom/google/android/play/layout/PlayCardViewBase;.setTransitionGroup (Z)V
D/dalvikvm( 4397): VFY: replacing opcode 0x6e at 0x0246
D/WifiStateMachine( 1025): handleMessage: E msg.what=151572
D/WifiStateMachine( 1025): processMsg: ConnectedState
D/WifiStateMachine( 1025): processMsg: L2ConnectedState
D/WifiStateMachine( 1025): handleMessage: X
I/dalvikvm( 4397): Could not find method android.view.View.getTransitionName, referenced from method com.google.android.finsky.navigationmanager.NavigationManager.showPage
W/dalvikvm( 4397): VFY: unable to resolve virtual method 9352: Landroid/view/View;.getTransitionName ()Ljava/lang/String;
D/dalvikvm( 4397): VFY: replacing opcode 0x6e at 0x001a
D/Finsky  ( 4397): [1] 2.run: Loaded library for account: [gKXbJhL8NA2nPUzZyFpjB6tKi7U]
D/Finsky  ( 4397): [1] 2.run: Finished loading 1 libraries.
W/BroadcastQueue( 1025): Permission Denial: broadcasting Intent { act=android.net.conn.CONNECTIVITY_CHANGE flg=0x4000010 (has extras) } from null (pid=-1, uid=-1) requires com.facebook.permission.prod.FB_APP_COMMUNICATION due to registered receiver BroadcastFilter{421b34a8 u0 ReceiverList{428a6848 4118 com.facebook.katana/10110/u0 remote:42241158}}
D/Finsky  ( 4397): [319966] InAppBillingUtils.pickAccount: com.whatsapp: Account determined from installer data - [gKXbJhL8NA2nPUzZyFpjB6tKi7U]
D/Finsky  ( 4397): [319965] InAppBillingUtils.pickAccount: com.whatsapp: Account determined from installer data - [gKXbJhL8NA2nPUzZyFpjB6tKi7U]
D/Event   ( 4353): No subscribers registered for event class com.whatsapp.alk
D/Event   ( 4353): No subscribers registered for event class de.greenrobot.event.a
I/ActivityManager( 1025): Process android.process.acore (pid 4382) has died.
I/ActivityManager( 1025): Start proc android.process.media for content provider com.android.providers.downloads/.DownloadProvider: pid=4470 uid=10018 gids={50018, 1028, 1015, 1023, 1024, 2001, 3003, 3007}
D/GcOptimizer( 4118): Configure for next cold start: enable
D/Finsky  ( 4397): [319988] InAppBillingUtils.pickAccount: com.whatsapp: Account determined from installer data - [gKXbJhL8NA2nPUzZyFpjB6tKi7U]
D/MtpService( 4470): updating state; isCurrentUser=true, mMtpLocked=false
D/MtpService( 4470): mUsbDriverRestricted=false
D/MtpService( 4470): addStorageLocked 65537 /storage/emulated/0
D/MtpService( 4470): updating state; isCurrentUser=true, mMtpLocked=false
D/Finsky  ( 4397): [1] GmsCoreHelper.cleanupNlp: result=false type=4
D/MtpService( 4470): starting MTP server in MTP mode
D/MtpService( 4470): addStorageLocked 65537 /storage/emulated/0
D/dalvikvm( 4470): No JNI_OnLoad found in /system/lib/libcryptomodes-jni.so 0x41fb07b8, skipping init
I/openssl ( 4470): Crypto mode not selected, openssl will run on its regular mode.
I/openssl ( 4470): Crypto mode 0 already enabled
D/Finsky  ( 4397): [1] RestoreTracker.stopServiceIfDone: Restore complete with 0 success and 0 failed.
D/dalvikvm( 1119): GC_CONCURRENT freed 2834K, 28% free 14312K/19816K, paused 3ms+5ms, total 47ms
V/PanelView( 1119): animationTick called with dtms=0; nothing to do (h=292.77127 v=2032.4891)
V/PanelView( 1119): animationTick called with dtms=-4; nothing to do (h=292.77127 v=2032.4891)
D/WifiStateMachine( 1025): handleMessage: E msg.what=131155
D/WifiStateMachine( 1025): processMsg: ConnectedState
D/WifiStateMachine( 1025): processMsg: L2ConnectedState
D/WifiStateMachine( 1025): handleMessage: X
D/WifiStateMachine( 1025): handleMessage: E msg.what=151572
D/WifiStateMachine( 1025): processMsg: ConnectedState
D/WifiStateMachine( 1025): processMsg: L2ConnectedState
D/WifiStateMachine( 1025): handleMessage: X
D/Request (30495): Warning: Sessionless Request needs token but missing either application ID or client token.
D/dalvikvm( 4118): GC_CONCURRENT freed 6862K, 32% free 14674K/21572K, paused 7ms+5ms, total 68ms
D/dalvikvm( 4118): WAIT_FOR_CONCURRENT_GC blocked 33ms
I/ActivityManager( 1025): Process com.facebook.orca (pid 4063) has died.
W/ActivityManager( 1025): Scheduling restart of crashed service com.facebook.orca/com.facebook.push.mqtt.service.MqttPushService in 152288ms
I/ActivityManager( 1025): Process com.whatsapp (pid 4353) has died.
W/ActivityManager( 1025): Scheduling restart of crashed service com.whatsapp/.messaging.MessageService in 97106ms
D/WifiStateMachine( 1025): handleMessage: E msg.what=151572
D/WifiStateMachine( 1025): processMsg: ConnectedState
D/WifiStateMachine( 1025): processMsg: L2ConnectedState
D/WifiStateMachine( 1025): handleMessage: X
D/WifiStateMachine( 1025): handleMessage: E msg.what=151572
D/WifiStateMachine( 1025): processMsg: ConnectedState
D/WifiStateMachine( 1025): processMsg: L2ConnectedState
D/WifiStateMachine( 1025): handleMessage: X
V/PanelView( 1119): animationTick called with dtms=0; nothing to do (h=1184.0 v=-4000.0)
V/PanelView( 1119): animationTick called with dtms=0; nothing to do (h=1184.0 v=-4000.0)
W/InputMethodManagerService( 1025): Window already focused, ignoring focus gain of: com.android.internal.view.IInputMethodClient$Stub$Proxy@42121958 attribute=null, token = android.os.BinderProxy@42ce5718
V/PhoneStatusBar( 1119): setLightsOn(true)
I/SFPerfTracer(  274):      triggers: (rate: 871:359877) (258722 sw vsyncs) (828341 skipped) (1:2597885 vsyncs) (3:3254483)
I/ActivityManager( 1025): Start proc com.facebook.orca for content provider com.facebook.orca/.notify.MessengerLoggedInUserProvider: pid=4556 uid=10147 gids={50147, 3003, 1028, 1015}
I/ActivityManager( 1025): START u0 {act=com.facebook.intent.action.prod.VIEW_PERMALINK flg=0x14000000 cmp=com.facebook.katana/.activity.ImmersiveActivity (has extras)} from pid 4118
D/dalvikvm( 4118): GC_EXPLICIT freed 1273K, 32% free 14822K/21572K, paused 15ms+7ms, total 144ms
I/SFPerfTracer(  274):       trigger: frame rate (-36.586%)	(38.049 fps)	(26.282 ms) 	(4 drops)	(12 frames)
I/SFPerfTracer(  274):      triggers: (rate: 1004:40522) (compose: 0:181) (post: 0:18) (render: 59:9332) (12:598680 frames) (13:2694841)
D/SFPerfTracer(  274):        layers: (3:9) (DimLayer: 0:158)* (DimLayer: 0:62)* (FocusedStackFrame: 0:15743)* (StatusBar: 13:196154) (NavigationBar: 1:146828) (DimLayer: 0:19542)* (DimLayer: 0:3013)* (com.android.wallpaper.fall.FallWallpaper: 0:3960)* (co.giftmeapp.gift_me/co.giftmeapp.gift_me.GiftMe: 0:1176) 
W/ContextImpl( 1295): Calling a method in the system process without a qualified user: android.app.ContextImpl.sendBroadcast:1252 android.content.ContextWrapper.sendBroadcast:365 com.motorola.motocare.util.TriggerHelper$TriggerBuilder.send:76 com.motorola.motocare.internal.frameworkevents.PauseResumeTrigger.handleFrameworkEvent:53 com.motorola.motocare.internal.frameworkevents.FwEventMonitor$FrameworkListener.processFrameworkEvent:114 
D/CordovaActivity(30495): Paused the application!
D/CordovaWebView(30495): Handle the pause
W/ContextImpl( 1295): Calling a method in the system process without a qualified user: android.app.ContextImpl.sendBroadcast:1252 android.content.ContextWrapper.sendBroadcast:365 com.motorola.motocare.util.TriggerHelper$TriggerBuilder.send:76 com.motorola.motocare.internal.frameworkevents.PauseResumeTrigger.handleFrameworkEvent:53 com.motorola.motocare.internal.frameworkevents.FwEventMonitor$FrameworkListener.processFrameworkEvent:114 
D/ACRA    ( 4556): ACRA is enabled for com.facebook.orca, intializing...
D/ACRA    ( 4556): Looking for error files in /data/user/0/com.facebook.orca/app_acra-reports
D/ACRA    ( 4556): Looking for error files in /data/user/0/com.facebook.orca/app_minidumps
D/dalvikvm( 4556): Trying to load lib /data/app-lib/com.facebook.orca-2/libgnustl_shared.so 0x41fb4320
D/dalvikvm( 4556): Added shared lib /data/app-lib/com.facebook.orca-2/libgnustl_shared.so 0x41fb4320
D/dalvikvm( 4556): No JNI_OnLoad found in /data/app-lib/com.facebook.orca-2/libgnustl_shared.so 0x41fb4320, skipping init
D/dalvikvm( 4556): Trying to load lib /data/app-lib/com.facebook.orca-2/libfb_breakpad_client.so 0x41fb4320
D/dalvikvm( 4556): Added shared lib /data/app-lib/com.facebook.orca-2/libfb_breakpad_client.so 0x41fb4320
D/dalvikvm( 4556): Trying to load lib /data/app-lib/com.facebook.orca-2/libfb_dalvik-internals.so 0x41fb4320
D/dalvikvm( 4556): Added shared lib /data/app-lib/com.facebook.orca-2/libfb_dalvik-internals.so 0x41fb4320
V/DexLibLoader( 4556): about to lock: /data/user/0/com.facebook.orca/mdex_lock
V/DexLibLoader( 4556): locking /data/user/0/com.facebook.orca/mdex_lock took 1 ms
V/DexLibLoader( 4556): Secondary program dex metadata: secondary-1.dex.jar 790183d1fb728678b0d8546ed8e9eaef90404089 secondary.dex01.Canary
V/DexLibLoader( 4556): Secondary program dex metadata: secondary-2.dex.jar 03b795797c6ded9e8b3df575980b7d37d9ca8dad secondary.dex02.Canary
V/DexLibLoader( 4556): Secondary program dex metadata: secondary-3.dex.jar 5ccf73e2daa6156653af1c6485ad6053f38846b9 secondary.dex03.Canary
V/DexLibLoader( 4556): directory "/data/user/0/com.facebook.orca/app_secondary_program_dex" contains "program-790183d1fb728678b0d8546ed8e9eaef904040896661a1c7.dex.jar" as expected
V/DexLibLoader( 4556): directory "/data/user/0/com.facebook.orca/app_secondary_program_dex" contains "program-03b795797c6ded9e8b3df575980b7d37d9ca8dad6661a1c7.dex.jar" as expected
V/DexLibLoader( 4556): directory "/data/user/0/com.facebook.orca/app_secondary_program_dex" contains "program-5ccf73e2daa6156653af1c6485ad6053f38846b96661a1c7.dex.jar" as expected
D/DexLibLoader( 4556): ignoring file "program-790183d1fb728678b0d8546ed8e9eaef904040896661a1c7.dex.odex" in "/data/user/0/com.facebook.orca/app_secondary_program_dex"
D/DexLibLoader( 4556): ignoring file "program-03b795797c6ded9e8b3df575980b7d37d9ca8dad6661a1c7.dex.odex" in "/data/user/0/com.facebook.orca/app_secondary_program_dex"
D/DexLibLoader( 4556): ignoring file "program-5ccf73e2daa6156653af1c6485ad6053f38846b96661a1c7.dex.odex" in "/data/user/0/com.facebook.orca/app_secondary_program_dex"
D/DexLibLoader( 4556): directory "/data/user/0/com.facebook.orca/app_secondary_program_dex" is valid
D/DexLibLoader( 4556): ignoring file "primary_deps" in "/data/user/0/com.facebook.orca/app_secondary_program_dex_opt"
V/DexLibLoader( 4556): directory "/data/user/0/com.facebook.orca/app_secondary_program_dex_opt" contains "program-790183d1fb728678b0d8546ed8e9eaef904040896661a1c7.dex.dex" as expected
V/DexLibLoader( 4556): directory "/data/user/0/com.facebook.orca/app_secondary_program_dex_opt" contains "program-03b795797c6ded9e8b3df575980b7d37d9ca8dad6661a1c7.dex.dex" as expected
V/DexLibLoader( 4556): directory "/data/user/0/com.facebook.orca/app_secondary_program_dex_opt" contains "program-5ccf73e2daa6156653af1c6485ad6053f38846b96661a1c7.dex.dex" as expected
D/DexLibLoader( 4556): directory "/data/user/0/com.facebook.orca/app_secondary_program_dex_opt" is valid
D/DexLibLoader( 4556): loading pre-built cross-dex opt odex files
V/dalvik-internals( 4556): hooked dvmResolveClass using jump ()
V/dalvik-internals( 4556): hooked dvmFlushBreakpoints using jump ()
D/WifiStateMachine( 1025): handleMessage: E msg.what=151572
D/WifiStateMachine( 1025): processMsg: ConnectedState
D/WifiStateMachine( 1025): processMsg: L2ConnectedState
V/MultiDexClassLoader( 4556): installing MultiDexClassLoader before application classloader
I/dalvikvm( 4556): Could not find method dalvik.system.DexFile.loadClassBinaryName, referenced from method com.facebook.common.l.g.a
W/dalvikvm( 4556): VFY: unable to resolve virtual method 1453: Ldalvik/system/DexFile;.loadClassBinaryName (Ljava/lang/String;Ljava/lang/ClassLoader;)Ljava/lang/Class;
D/dalvikvm( 4556): VFY: replacing opcode 0x6e at 0x0000
D/DexLibLoader( 4556): released odex store lock
D/DexLibLoader( 4556): DexLibLoader.loadAll took 23 ms
D/WifiStateMachine( 1025): handleMessage: X
D/WifiStateMachine( 1025): handleMessage: E msg.what=131155
D/WifiStateMachine( 1025): processMsg: ConnectedState
D/WifiStateMachine( 1025): processMsg: L2ConnectedState
D/WifiStateMachine( 1025): handleMessage: X
I/ActivityManager( 1025): Waited long enough for: ServiceRecord{439076f0 u0 com.facebook.katana/com.facebook.notifications.lockscreenservice.LockScreenService}
I/dalvikvm( 4118): Total arena pages for JIT: 11
W/bp      ( 4556): Verify
I/ActivityManager( 1025): Process com.android.vending (pid 4397) has died.
I/ActivityManager( 1025): Process android.process.media (pid 4470) has died.
W/ActivityManager( 1025): Scheduling restart of crashed service com.android.providers.media/.MtpService in 225040ms
E/dalvikvm( 4556): Could not find class 'org.apache.harmony.xnet.provider.jsse.OpenSSLSocketImpl', referenced from method com.facebook.ssl.openssl.a.b.<clinit>
W/dalvikvm( 4556): VFY: unable to resolve const-class 10658 (Lorg/apache/harmony/xnet/provider/jsse/OpenSSLSocketImpl;) in Lcom/facebook/ssl/openssl/a/b;
D/dalvikvm( 4556): VFY: replacing opcode 0x1c at 0x000d
E/dalvikvm( 4556): Could not find class 'org.apache.harmony.xnet.provider.jsse.OpenSSLSocketFactoryImpl', referenced from method com.facebook.ssl.openssl.b.b.<clinit>
W/dalvikvm( 4556): VFY: unable to resolve const-class 10657 (Lorg/apache/harmony/xnet/provider/jsse/OpenSSLSocketFactoryImpl;) in Lcom/facebook/ssl/openssl/b/b;
D/dalvikvm( 4556): VFY: replacing opcode 0x1c at 0x000d
E/dalvikvm( 4556): Could not find class 'org.apache.harmony.xnet.provider.jsse.SSLParametersImpl', referenced from method com.facebook.ssl.openssl.b.b.a
W/dalvikvm( 4556): VFY: unable to resolve check-cast 10660 (Lorg/apache/harmony/xnet/provider/jsse/SSLParametersImpl;) in Lcom/facebook/ssl/openssl/b/b;
D/dalvikvm( 4556): VFY: replacing opcode 0x1f at 0x0006
E/dalvikvm( 4556): Could not find class 'org.apache.harmony.xnet.provider.jsse.SSLParametersImpl', referenced from method com.facebook.ssl.openssl.b.c.<clinit>
W/dalvikvm( 4556): VFY: unable to resolve const-class 10660 (Lorg/apache/harmony/xnet/provider/jsse/SSLParametersImpl;) in Lcom/facebook/ssl/openssl/b/c;
D/dalvikvm( 4556): VFY: replacing opcode 0x1c at 0x000d
W/dalvikvm( 4556): VFY: unable to find class referenced in signature (Lorg/apache/harmony/xnet/provider/jsse/SSLParametersImpl;)
E/dalvikvm( 4556): Could not find class 'org.apache.harmony.xnet.provider.jsse.ClientSessionContext', referenced from method com.facebook.ssl.openssl.b.c.a
W/dalvikvm( 4556): VFY: unable to resolve check-cast 10656 (Lorg/apache/harmony/xnet/provider/jsse/ClientSessionContext;) in Lcom/facebook/ssl/openssl/b/c;
D/dalvikvm( 4556): VFY: replacing opcode 0x1f at 0x0006
W/dalvikvm( 4556): VFY: unable to find class referenced in signature (Lorg/apache/harmony/xnet/provider/jsse/SSLParametersImpl;)
W/dalvikvm( 4556): Unable to resolve superclass of Lcom/facebook/ssl/openssl/TicketEnabledOpenSSLSocketImplWrapper; (10659)
W/dalvikvm( 4556): Link of class 'Lcom/facebook/ssl/openssl/TicketEnabledOpenSSLSocketImplWrapper;' failed
E/dalvikvm( 4556): Could not find class 'com.facebook.ssl.openssl.TicketEnabledOpenSSLSocketImplWrapper', referenced from method com.facebook.ssl.openssl.b.a
W/dalvikvm( 4556): VFY: unable to resolve new-instance 7258 (Lcom/facebook/ssl/openssl/TicketEnabledOpenSSLSocketImplWrapper;) in Lcom/facebook/ssl/openssl/b;
D/dalvikvm( 4556): VFY: replacing opcode 0x22 at 0x0000
W/dalvikvm( 4556): Unable to resolve superclass of Lcom/facebook/ssl/openssl/TicketEnabledOpenSSLSocketImplWrapper; (10659)
W/dalvikvm( 4556): Link of class 'Lcom/facebook/ssl/openssl/TicketEnabledOpenSSLSocketImplWrapper;' failed
D/dalvikvm( 4556): DexOpt: unable to opt direct call 0x9f40 at 0x08 in Lcom/facebook/ssl/openssl/b;.a
I/Adreno-EGL( 4118): <qeglDrvAPI_eglInitialize:410>: EGL 1.4 QUALCOMM build: AU_LINUX_ANDROID_LNX.LA.3.5.1_RB1.04.04.02.048.018_msm8226_LNX.LA.3.5.1_RB1__release_AU ()
I/Adreno-EGL( 4118): OpenGL ES Shader Compiler Version: E031.24.00.08
I/Adreno-EGL( 4118): Build Date: 03/07/14 Fri
I/Adreno-EGL( 4118): Local Branch: 
I/Adreno-EGL( 4118): Remote Branch: quic/LNX.LA.3.5.1_RB1.1
I/Adreno-EGL( 4118): Local Patches: NONE
I/Adreno-EGL( 4118): Reconstruct Branch: AU_LINUX_ANDROID_LNX.LA.3.5.1_RB1.04.04.02.048.018 + f2fd134 +  NOTHING
D/OpenGLRenderer( 4118): Enabling debug mode 0
D/dalvikvm( 1025): JIT code cache reset in 3 ms (1535968 bytes 293/0)
W/View    ( 4118): requestLayout() improperly called by com.facebook.resources.ui.FbTextView{421bda78 V.ED.... ......ID 112,0-144,108 #7f0e00f9 app:id/title} during layout: running second layout pass
W/View    ( 4118): requestLayout() improperly called by android.widget.LinearLayout{42410910 V.E..... ......ID 623,0-720,108 #7f0e1678 app:id/action_buttons_wrapper} during layout: running second layout pass
W/View    ( 4118): requestLayout() improperly called by com.facebook.fbui.glyph.GlyphView{42170f90 V.ED..C. ......ID -15,0-97,108 #7f0e0166 app:id/search_button} during layout: running second layout pass
W/View    ( 4118): requestLayout() improperly called by com.facebook.fbui.glyph.GlyphView{420d9610 V.ED.... ......ID 0,0-112,48 #7f0e1676 app:id/fb_logo_up_button} during layout: running second layout pass
D/dalvikvm( 1025): GC_EXPLICIT freed 1263K, 39% free 30777K/50444K, paused 5ms+19ms, total 179ms
W/IInputConnectionWrapper(30495): showStatusIcon on inactive InputConnection
I/LaunchCheckinHandler( 1025): Displayed com.facebook.katana/.activity.ImmersiveActivity,wp,ca,760
I/ActivityManager( 1025): Displayed com.facebook.katana/.activity.ImmersiveActivity: +761ms
W/View    ( 4118): requestLayout() improperly called by com.facebook.resources.ui.FbTextView{421bda78 V.ED.... ........ 112,0-144,96 #7f0e00f9 app:id/title} during second layout pass: posting in next frame
W/View    ( 4118): requestLayout() improperly called by android.widget.LinearLayout{42410910 V.E..... ......I. 623,0-720,96 #7f0e1678 app:id/action_buttons_wrapper} during second layout pass: posting in next frame
W/View    ( 4118): requestLayout() improperly called by com.facebook.fbui.glyph.GlyphView{42170f90 V.ED..C. ........ -15,0-97,96 #7f0e0166 app:id/search_button} during second layout pass: posting in next frame
W/View    ( 4118): requestLayout() improperly called by com.facebook.fbui.glyph.GlyphView{420d9610 V.ED.... ........ 0,0-112,96 #7f0e1676 app:id/fb_logo_up_button} during second layout pass: posting in next frame
W/msgr(:<default>):a( 4556): Attempt to start service that is already started
I/SBar.NetworkController( 1119): onSignalStrengthsChanged SignalStrength: 4 0 -120 -160 -120 -1 -1 99 2147483647 2147483647 2147483647 2147483647 2147483647 gsm|lte 0 -108 -1 false 1 1 0 0 0 99 99 99 4 level=1
D/dalvikvm( 4556): Trying to load lib /data/app-lib/com.facebook.orca-2/libfbjni.so 0x41fb4320
D/dalvikvm( 4556): Added shared lib /data/app-lib/com.facebook.orca-2/libfbjni.so 0x41fb4320
D/dalvikvm( 4556): Trying to load lib /data/app-lib/com.facebook.orca-2/libheartbleed.so 0x41fb4320
D/dalvikvm( 4556): Added shared lib /data/app-lib/com.facebook.orca-2/libheartbleed.so 0x41fb4320
I/ActivityManager( 1025): Process com.facebook.orca (pid 4556) has died.
W/ActivityManager( 1025): Scheduling restart of crashed service com.facebook.orca/com.facebook.push.mqtt.service.MqttPushService in 609152ms
D/WifiStateMachine( 1025): handleMessage: E msg.what=151572
D/WifiStateMachine( 1025): processMsg: ConnectedState
D/WifiStateMachine( 1025): processMsg: L2ConnectedState
D/WifiStateMachine( 1025): handleMessage: X
D/dalvikvm( 4118): Trying to load lib /data/app-lib/com.facebook.katana-1/libfb_png.so 0x41fb34c0
D/dalvikvm( 4118): Added shared lib /data/app-lib/com.facebook.katana-1/libfb_png.so 0x41fb34c0
D/dalvikvm( 4118): No JNI_OnLoad found in /data/app-lib/com.facebook.katana-1/libfb_png.so 0x41fb34c0, skipping init
D/dalvikvm( 4118): Trying to load lib /data/app-lib/com.facebook.katana-1/libwebp.so 0x41fb34c0
D/dalvikvm( 4118): Added shared lib /data/app-lib/com.facebook.katana-1/libwebp.so 0x41fb34c0
D/dalvikvm( 4118): No JNI_OnLoad found in /data/app-lib/com.facebook.katana-1/libwebp.so 0x41fb34c0, skipping init
D/dalvikvm( 4118): Trying to load lib /data/app-lib/com.facebook.katana-1/libfb.so 0x41fb34c0
D/dalvikvm( 4118): Added shared lib /data/app-lib/com.facebook.katana-1/libfb.so 0x41fb34c0
D/dalvikvm( 4118): No JNI_OnLoad found in /data/app-lib/com.facebook.katana-1/libfb.so 0x41fb34c0, skipping init
D/dalvikvm( 4118): Trying to load lib /data/app-lib/com.facebook.katana-1/libfb_jpegturbo.so 0x41fb34c0
D/dalvikvm( 4118): Added shared lib /data/app-lib/com.facebook.katana-1/libfb_jpegturbo.so 0x41fb34c0
D/dalvikvm( 4118): No JNI_OnLoad found in /data/app-lib/com.facebook.katana-1/libfb_jpegturbo.so 0x41fb34c0, skipping init
D/dalvikvm( 4118): Trying to load lib /data/app-lib/com.facebook.katana-1/libfb_imgproc.so 0x41fb34c0
D/dalvikvm( 4118): Added shared lib /data/app-lib/com.facebook.katana-1/libfb_imgproc.so 0x41fb34c0
I/NativeImageProcessor( 4118): == read 42 bytes ==
I/NativeImageProcessor( 4118): == read -1 bytes ==
E/fb4a(:<default>):SafeLocalBroadcastReceiver( 4118): Called registerNotificationReceiver twice.
I/dalvikvm( 4118): Jit: resizing JitTable from 4096 to 8192
I/Choreographer( 4118): Skipped 47 frames!  The application may be doing too much work on its main thread.
D/dalvikvm( 4118): Trying to load lib /data/app-lib/com.facebook.katana-1/libmemchunk.so 0x41fb34c0
D/dalvikvm( 4118): Added shared lib /data/app-lib/com.facebook.katana-1/libmemchunk.so 0x41fb34c0
D/dalvikvm( 4118): Trying to load lib /data/app-lib/com.facebook.katana-1/libimagepipeline.so 0x41fb34c0
D/dalvikvm( 4118): Added shared lib /data/app-lib/com.facebook.katana-1/libimagepipeline.so 0x41fb34c0
W/ManagedEGLContext(30495): doTerminate failed: EGL count is 2 but managed count is 1
