D/EN      (14557): [Evernote] - VERSION_CODE: 1070243
D/MarketUtils(14557): isPackageInstalled() - com.android.vending is installed
D/MarketUtils(14557): isPackageInstalled() - com.android.vending is installed
I/dalvikvm(14557): Could not find method android.content.pm.PackageManager.getActivityBanner, referenced from method com.evernote.d.b.getActivityBanner
W/dalvikvm(14557): VFY: unable to resolve virtual method 793: Landroid/content/pm/PackageManager;.getActivityBanner (Landroid/content/ComponentName;)Landroid/graphics/drawable/Drawable;
D/dalvikvm(14557): VFY: replacing opcode 0x6e at 0x0002
I/dalvikvm(14557): Could not find method android.content.pm.PackageManager.getActivityBanner, referenced from method com.evernote.d.b.getActivityBanner
W/dalvikvm(14557): VFY: unable to resolve virtual method 794: Landroid/content/pm/PackageManager;.getActivityBanner (Landroid/content/Intent;)Landroid/graphics/drawable/Drawable;
D/dalvikvm(14557): VFY: replacing opcode 0x6e at 0x0002
I/dalvikvm(14557): Could not find method android.content.pm.PackageManager.getApplicationBanner, referenced from method com.evernote.d.b.getApplicationBanner
W/dalvikvm(14557): VFY: unable to resolve virtual method 801: Landroid/content/pm/PackageManager;.getApplicationBanner (Landroid/content/pm/ApplicationInfo;)Landroid/graphics/drawable/Drawable;
D/dalvikvm(14557): VFY: replacing opcode 0x6e at 0x0002
I/dalvikvm(14557): Could not find method android.content.pm.PackageManager.getApplicationBanner, referenced from method com.evernote.d.b.getApplicationBanner
W/dalvikvm(14557): VFY: unable to resolve virtual method 802: Landroid/content/pm/PackageManager;.getApplicationBanner (Ljava/lang/String;)Landroid/graphics/drawable/Drawable;
D/dalvikvm(14557): VFY: replacing opcode 0x6e at 0x0002
I/dalvikvm(14557): Could not find method android.content.pm.PackageManager.getLeanbackLaunchIntentForPackage, referenced from method com.evernote.d.b.getLeanbackLaunchIntentForPackage
W/dalvikvm(14557): VFY: unable to resolve virtual method 818: Landroid/content/pm/PackageManager;.getLeanbackLaunchIntentForPackage (Ljava/lang/String;)Landroid/content/Intent;
D/dalvikvm(14557): VFY: replacing opcode 0x6e at 0x0002
I/dalvikvm(14557): Could not find method android.content.pm.PackageManager.getPackageInstaller, referenced from method com.evernote.d.b.getPackageInstaller
W/dalvikvm(14557): VFY: unable to resolve virtual method 823: Landroid/content/pm/PackageManager;.getPackageInstaller ()Landroid/content/pm/PackageInstaller;
D/dalvikvm(14557): VFY: replacing opcode 0x6e at 0x0002
I/dalvikvm(14557): Could not find method android.content.pm.PackageManager.getUserBadgedDrawableForDensity, referenced from method com.evernote.d.b.getUserBadgedDrawableForDensity
W/dalvikvm(14557): VFY: unable to resolve virtual method 839: Landroid/content/pm/PackageManager;.getUserBadgedDrawableForDensity (Landroid/graphics/drawable/Drawable;Landroid/os/UserHandle;Landroid/graphics/Rect;I)Landroid/graphics/drawable/Drawable;
D/dalvikvm(14557): VFY: replacing opcode 0x6e at 0x0002
I/dalvikvm(14557): Could not find method android.content.pm.PackageManager.getUserBadgedIcon, referenced from method com.evernote.d.b.getUserBadgedIcon
W/dalvikvm(14557): VFY: unable to resolve virtual method 840: Landroid/content/pm/PackageManager;.getUserBadgedIcon (Landroid/graphics/drawable/Drawable;Landroid/os/UserHandle;)Landroid/graphics/drawable/Drawable;
D/dalvikvm(14557): VFY: replacing opcode 0x6e at 0x0002
I/dalvikvm(14557): Could not find method android.content.pm.PackageManager.getUserBadgedLabel, referenced from method com.evernote.d.b.getUserBadgedLabel
W/dalvikvm(14557): VFY: unable to resolve virtual method 841: Landroid/content/pm/PackageManager;.getUserBadgedLabel (Ljava/lang/CharSequence;Landroid/os/UserHandle;)Ljava/lang/CharSequence;
D/dalvikvm(14557): VFY: replacing opcode 0x6e at 0x0002
D/CordovaActivity(14460): onMessage(spinner,stop)
D/Ulp_jni ( 1025): Location CB invoked
I/Crashlytics(14557): Initializing Crashlytics 1.1.8.10
D/CordovaLog(14460): file:///android_asset/www/js/paypal_giftme.js: Line 4 : GIFTME - paypal init
I/chromium(14460): [INFO:CONSOLE(4)] "GIFTME - paypal init", source: file:///android_asset/www/js/paypal_giftme.js (4)
D/CordovaLog(14460): file:///android_asset/www/js/app.js: Line 208 : Uncaught ReferenceError: StatusBar is not defined
I/chromium(14460): [INFO:CONSOLE(208)] "Uncaught ReferenceError: StatusBar is not defined", source: file:///android_asset/www/js/app.js (208)
D/CordovaLog(14460): file:///android_asset/www/js/paypal_giftme.js: Line 83 : GIFTME - Preparing to Render
I/chromium(14460): [INFO:CONSOLE(83)] "GIFTME - Preparing to Render", source: file:///android_asset/www/js/paypal_giftme.js (83)
D/CordovaLog(14460): file:///android_asset/www/js/paypal_giftme.js: Line 62 : GIFTME - config
I/chromium(14460): [INFO:CONSOLE(62)] "GIFTME - config", source: file:///android_asset/www/js/paypal_giftme.js (62)
D/CordovaLog(14460): file:///android_asset/www/js/paypal_giftme.js: Line 68 : GIFTME - on prepare render
I/chromium(14460): [INFO:CONSOLE(68)] "GIFTME - on prepare render", source: file:///android_asset/www/js/paypal_giftme.js (68)
W/paypal.sdk(14460): PayPalService created. PayPalSDK/PayPal-Android-SDK 2.8.8 (Android 4.4.4; motorola XT1039; )
V/AlarmManager( 1025): sending alarm Alarm{43b18678 type 3 android}
I/dalvikvm(14460): Could not find method com.google.android.gms.common.GooglePlayServicesUtil.isGooglePlayServicesAvailable, referenced from method com.paypal.android.sdk.bA.a
W/dalvikvm(14460): VFY: unable to resolve static method 9706: Lcom/google/android/gms/common/GooglePlayServicesUtil;.isGooglePlayServicesAvailable (Landroid/content/Context;)I
D/dalvikvm(14460): VFY: replacing opcode 0x71 at 0x0006
D/WifiStateMachine( 1025): handleMessage: E msg.what=151572
D/WifiStateMachine( 1025): processMsg: ConnectedState
D/WifiStateMachine( 1025): processMsg: L2ConnectedState
D/WifiStateMachine( 1025): handleMessage: X
D/CordovaLog(14460): file:///android_asset/www/cordova.js: Line 305 : Error in Success callbackId: PayPalMobile1437409090 : TypeError: Cannot set property 'onclick' of null
I/chromium(14460): [INFO:CONSOLE(305)] "Error in Success callbackId: PayPalMobile1437409090 : TypeError: Cannot set property 'onclick' of null", source: file:///android_asset/www/cordova.js (305)
D/CordovaLog(14460): file:///android_asset/www/cordova.js: Line 1075 : processMessage failed: Error: TypeError: Cannot set property 'onclick' of null
I/chromium(14460): [INFO:CONSOLE(1075)] "processMessage failed: Error: TypeError: Cannot set property 'onclick' of null", source: file:///android_asset/www/cordova.js (1075)
D/CordovaLog(14460): file:///android_asset/www/cordova.js: Line 1076 : processMessage failed: Stack: TypeError: Cannot set property 'onclick' of null
D/CordovaLog(14460):     at ppApp.onPrepareRender (file:///android_asset/www/js/paypal_giftme.js:76:27)
D/CordovaLog(14460):     at Object.cordova.callbackFromNative (file:///android_asset/www/cordova.js:286:58)
D/CordovaLog(14460):     at processMessage (file:///android_asset/www/cordova.js:1070:21)
D/CordovaLog(14460):     at androidExec.processMessages (file:///android_asset/www/cordova.js:1107:13)
I/chromium(14460): [INFO:CONSOLE(1076)] "processMessage failed: Stack: TypeError: Cannot set property 'onclick' of null
I/chromium(14460):     at ppApp.onPrepareRender (file:///android_asset/www/js/paypal_giftme.js:76:27)
I/chromium(14460):     at Object.cordova.callbackFromNative (file:///android_asset/www/cordova.js:286:58)
I/chromium(14460):     at processMessage (file:///android_asset/www/cordova.js:1070:21)
I/chromium(14460):     at androidExec.processMessages (file:///android_asset/www/cordova.js:1107:13)", source: file:///android_asset/www/cordova.js (1076)
D/CordovaLog(14460): file:///android_asset/www/cordova.js: Line 1077 : processMessage failed: Message: S01 PayPalMobile1437409090 sOK
I/chromium(14460): [INFO:CONSOLE(1077)] "processMessage failed: Message: S01 PayPalMobile1437409090 sOK", source: file:///android_asset/www/cordova.js (1077)
D/ConnectPlugin(14460): onSessionStateChange:OPENED
D/ConnectPlugin(14460): onSessionStateChange:OPENED
D/CordovaWebViewClient(14460): onPageFinished(file:///android_asset/www/index.html)
D/CordovaActivity(14460): onMessage(onPageFinished,file:///android_asset/www/index.html)
I/SFPerfTracer(  274):      triggers: (rate: 1258:50099) (compose: 0:251) (post: 0:21) (render: 88:10625) (0:788144 frames) (1:3322849)
D/SFPerfTracer(  274):        layers: (3:11) (DimLayer: 0:158)* (DimLayer: 0:134)* (FocusedStackFrame: 0:22062)* (StatusBar: 0:266613) (NavigationBar: 0:204598) (DimLayer: 0:25406)* (DimLayer: 0:4837)* (com.android.wallpaper.fall.FallWallpaper: 0:11699)* (com.android.packageinstaller/com.android.packageinstaller.InstallAppProgress: 0:178)* (Starting co.giftmeapp.gift_me: 0:32)* (co.giftmeapp.gift_me/co.giftmeapp.gift_me.GiftMe: 1:22) 
D/MarketUtils(14557): isPackageInstalled() - com.android.vending is installed
D/HockeyApp(14557): Looking for exceptions in: /data/data/com.evernote/files
D/HockeyApp(14557): Current handler class = com.evernote.k
D/EN      (14557): [ee] - registered crash manager
D/EN      (14557): [c] - onApplicationStart()
D/EN      (14557): [c] - onApplicationStart() -- loader thread
D/EN      (14557): [c] - pushUserIDToDataLayer(), pushing user-id ending in 6
D/MarketUtils(14557): isPackageInstalled() - com.android.vending is installed
D/MarketUtils(14557): isPackageInstalled() - com.android.vending is installed
D/EN      (14557): [c] - 	loading saved values from internal storage
I/ActivityManager( 1025): Start proc com.evernote.widget for broadcast com.evernote.widget/.WidgetStateReceiver: pid=14630 uid=10135 gids={50135, 3003, 1028, 1015}
F/ProcessStats( 1025): Starting service ServiceState{42c48c08 com.whatsapp.messaging.MessageService pkg=com.whatsapp proc=42c48c08} without owner
F/ProcessStats( 1025): Starting service ServiceState{43399718 com.paypal.android.p2pmobile.services.AtoService pkg=com.paypal.android.p2pmobile proc=43399718} without owner
F/ProcessStats( 1025): Starting service ServiceState{43231e48 com.paypal.android.p2pmobile.services.WalletService pkg=com.paypal.android.p2pmobile proc=43231e48} without owner
F/ProcessStats( 1025): Starting service ServiceState{42a4cec0 com.facebook.push.mqtt.service.MqttPushService pkg=com.facebook.katana proc=42a4cec0} without owner
F/ProcessStats( 1025): Starting service ServiceState{428fdff0 com.facebook.push.mqtt.service.MqttPushService pkg=com.facebook.orca proc=428fdff0} without owner
I/ActivityManager( 1025): Process com.android.packageinstaller (pid 14218) has died.
F/ProcessStats( 1025): Starting service ServiceState{42c48c08 com.whatsapp.messaging.MessageService pkg=com.whatsapp proc=42c48c08} without owner
F/ProcessStats( 1025): Starting service ServiceState{43399718 com.paypal.android.p2pmobile.services.AtoService pkg=com.paypal.android.p2pmobile proc=43399718} without owner
F/ProcessStats( 1025): Starting service ServiceState{43231e48 com.paypal.android.p2pmobile.services.WalletService pkg=com.paypal.android.p2pmobile proc=43231e48} without owner
F/ProcessStats( 1025): Starting service ServiceState{42a4cec0 com.facebook.push.mqtt.service.MqttPushService pkg=com.facebook.katana proc=42a4cec0} without owner
I/ReleaseProperties(14630): Current app is: evernoteWidget
F/ProcessStats( 1025): Starting service ServiceState{428fdff0 com.facebook.push.mqtt.service.MqttPushService pkg=com.facebook.orca proc=428fdff0} without owner
I/ReleaseProperties(14630): propFile: release is now loaded
I/ReleaseProperties(14630): propFile: play is now loaded
I/ReleaseProperties(14630): propFile: base is now loaded
I/ReleaseProperties(14630): propFile: override is now loaded
I/ReleaseProperties(14630): ReleaseProperties: 
I/ReleaseProperties(14630):   bundleName=none
I/ReleaseProperties(14630):   revision=unknown
I/ReleaseProperties(14630):   type=development
I/ReleaseProperties(14630):   gitHash=?
I/ReleaseProperties(14630):   baseSearchUri=market://search?q=
D/ReleaseProperties(14630): getReferralPersistencePath():: old=false:: path=/storage/emulated/0/.enref
I/ReleaseProperties(14630): From file referralCode=android
F/ProcessStats( 1025): Starting service ServiceState{42c48c08 com.whatsapp.messaging.MessageService pkg=com.whatsapp proc=42c48c08} without owner
F/ProcessStats( 1025): Starting service ServiceState{43399718 com.paypal.android.p2pmobile.services.AtoService pkg=com.paypal.android.p2pmobile proc=43399718} without owner
F/ProcessStats( 1025): Starting service ServiceState{43231e48 com.paypal.android.p2pmobile.services.WalletService pkg=com.paypal.android.p2pmobile proc=43231e48} without owner
D/dalvikvm(14460): GC_CONCURRENT freed 5478K, 33% free 11604K/17224K, paused 3ms+5ms, total 51ms
F/ProcessStats( 1025): Starting service ServiceState{42a4cec0 com.facebook.push.mqtt.service.MqttPushService pkg=com.facebook.katana proc=42a4cec0} without owner
F/ProcessStats( 1025): Starting service ServiceState{428fdff0 com.facebook.push.mqtt.service.MqttPushService pkg=com.facebook.orca proc=428fdff0} without owner
I/ActivityManager( 1025): Process com.motorola.MotGallery2 (pid 14520) has died.
D/WifiStateMachine( 1025): handleMessage: E msg.what=151572
D/WifiStateMachine( 1025): processMsg: ConnectedState
D/WifiStateMachine( 1025): processMsg: L2ConnectedState
F/ProcessStats( 1025): Starting service ServiceState{42c48c08 com.whatsapp.messaging.MessageService pkg=com.whatsapp proc=42c48c08} without owner
D/WifiStateMachine( 1025): handleMessage: X
F/ProcessStats( 1025): Starting service ServiceState{43399718 com.paypal.android.p2pmobile.services.AtoService pkg=com.paypal.android.p2pmobile proc=43399718} without owner
F/ProcessStats( 1025): Starting service ServiceState{43231e48 com.paypal.android.p2pmobile.services.WalletService pkg=com.paypal.android.p2pmobile proc=43231e48} without owner
F/ProcessStats( 1025): Starting service ServiceState{42a4cec0 com.facebook.push.mqtt.service.MqttPushService pkg=com.facebook.katana proc=42a4cec0} without owner
F/ProcessStats( 1025): Starting service ServiceState{428fdff0 com.facebook.push.mqtt.service.MqttPushService pkg=com.facebook.orca proc=428fdff0} without owner
I/ActivityManager( 1025): Start proc com.facebook.katana:dash for broadcast com.facebook.katana/com.facebook.dash.receivers.DashPackageUninstallReceiver: pid=14649 uid=10110 gids={50110, 1028, 1015, 3003}
D/WifiStateMachine( 1025): handleMessage: E msg.what=131155
D/WifiStateMachine( 1025): processMsg: ConnectedState
D/WifiStateMachine( 1025): processMsg: L2ConnectedState
D/WifiStateMachine( 1025): handleMessage: X
W/dalvikvm(14649): VFY: unable to resolve static field 29078 (a) in Lcom/facebook/katana/app/WorkAppTypes;
D/dalvikvm(14649): VFY: replacing opcode 0x62 at 0x0013
W/dalvikvm(14649): VFY: unable to resolve static field 29079 (b) in Lcom/facebook/katana/app/WorkAppTypes;
D/dalvikvm(14649): VFY: replacing opcode 0x62 at 0x001d
E/dalvikvm(14649): Could not find class 'com.facebook.katana.app.WallpaperFacebookApplicationImpl', referenced from method com.facebook.katana.app.FacebookApplication.a
W/dalvikvm(14649): VFY: unable to resolve new-instance 379 (Lcom/facebook/katana/app/WallpaperFacebookApplicationImpl;) in Lcom/facebook/katana/app/FacebookApplication;
D/dalvikvm(14649): VFY: replacing opcode 0x22 at 0x00a9
D/dalvikvm(14649): DexOpt: unable to opt direct call 0x055f at 0xab in Lcom/facebook/katana/app/FacebookApplication;.a
D/CatchMeIfYouCan(14649): Process (dash) ca: '/data/data/com.facebook.katana/app_cmiyc/0C66B38F48468E96F8008B6D5A2AE33B4A60265E01'
D/CatchMeIfYouCan(14649): Process (dash) fc: '/data/data/com.facebook.katana/app_cmiyc/0C66B38F48468E96F8008B6D5A2AE33B4A60265E02'
D/CatchMeIfYouCan(14649): Process (dash) cp: '('dash', 6, 60000, silent [true], restart [true], logout [true])'
D/ACRA    (14649): ACRA is enabled for com.facebook.katana, intializing...
D/ACRA    (14649): Looking for error files in /data/data/com.facebook.katana/app_acra-reports
D/ACRA    (14649): Looking for error files in /data/data/com.facebook.katana/app_minidumps
D/dalvikvm(14649): Trying to load lib /data/app-lib/com.facebook.katana-1/libgnustl_shared.so 0x41faec50
D/dalvikvm(14649): Added shared lib /data/app-lib/com.facebook.katana-1/libgnustl_shared.so 0x41faec50
D/dalvikvm(14649): No JNI_OnLoad found in /data/app-lib/com.facebook.katana-1/libgnustl_shared.so 0x41faec50, skipping init
D/dalvikvm(14649): Trying to load lib /data/app-lib/com.facebook.katana-1/libfb_breakpad_client.so 0x41faec50
D/dalvikvm(14649): Added shared lib /data/app-lib/com.facebook.katana-1/libfb_breakpad_client.so 0x41faec50
D/dalvikvm(14649): Trying to load lib /data/app-lib/com.facebook.katana-1/libfb_dalvik-internals.so 0x41faec50
D/dalvikvm(14649): Added shared lib /data/app-lib/com.facebook.katana-1/libfb_dalvik-internals.so 0x41faec50
V/DexLibLoader(14649): about to lock: /data/data/com.facebook.katana/mdex_lock
V/DexLibLoader(14649): locking /data/data/com.facebook.katana/mdex_lock took 0 ms
V/DexLibLoader(14649): Secondary program dex metadata: secondary-1.dex.jar.xz 15ef54b77950d1e6c1cbc3342a20571a9fd8050d secondary.dex01.Canary
V/DexLibLoader(14649): Secondary program dex metadata: secondary-2.dex.jar.xz 14bcaeed5ad488eaf139a59d22cf00efbde5948b secondary.dex02.Canary
V/DexLibLoader(14649): Secondary program dex metadata: secondary-3.dex.jar.xz e8acf246c92474061a3e0f7dafec5559e33da2c5 secondary.dex03.Canary
V/DexLibLoader(14649): Secondary program dex metadata: secondary-4.dex.jar.xz 1d7a13e77be07efb41a2c80160a9aec6fff27ad1 secondary.dex04.Canary
V/DexLibLoader(14649): Secondary program dex metadata: secondary-5.dex.jar.xz 42761fa3dedc1f1a9503bece4f2db80adf01f775 secondary.dex05.Canary
V/DexLibLoader(14649): Secondary program dex metadata: secondary-6.dex.jar.xz 1b4455e1ba1ff38a86723e24cd334fa1062519f1 secondary.dex06.Canary
V/DexLibLoader(14649): Secondary program dex metadata: secondary-7.dex.jar.xz a54de6ef97459e1e5b5c8f874a889a38965d3446 secondary.dex07.Canary
V/DexLibLoader(14649): directory "/data/data/com.facebook.katana/app_secondary_program_dex" contains "program-15ef54b77950d1e6c1cbc3342a20571a9fd8050d6661a1c7.dex.jar" as expected
V/DexLibLoader(14649): directory "/data/data/com.facebook.katana/app_secondary_program_dex" contains "program-14bcaeed5ad488eaf139a59d22cf00efbde5948b6661a1c7.dex.jar" as expected
V/DexLibLoader(14649): directory "/data/data/com.facebook.katana/app_secondary_program_dex" contains "program-e8acf246c92474061a3e0f7dafec5559e33da2c56661a1c7.dex.jar" as expected
V/DexLibLoader(14649): directory "/data/data/com.facebook.katana/app_secondary_program_dex" contains "program-1d7a13e77be07efb41a2c80160a9aec6fff27ad16661a1c7.dex.jar" as expected
V/DexLibLoader(14649): directory "/data/data/com.facebook.katana/app_secondary_program_dex" contains "program-42761fa3dedc1f1a9503bece4f2db80adf01f7756661a1c7.dex.jar" as expected
V/DexLibLoader(14649): directory "/data/data/com.facebook.katana/app_secondary_program_dex" contains "program-1b4455e1ba1ff38a86723e24cd334fa1062519f16661a1c7.dex.jar" as expected
V/DexLibLoader(14649): directory "/data/data/com.facebook.katana/app_secondary_program_dex" contains "program-a54de6ef97459e1e5b5c8f874a889a38965d34466661a1c7.dex.jar" as expected
D/DexLibLoader(14649): ignoring file "program-15ef54b77950d1e6c1cbc3342a20571a9fd8050d6661a1c7.dex.odex" in "/data/data/com.facebook.katana/app_secondary_program_dex"
D/DexLibLoader(14649): ignoring file "program-14bcaeed5ad488eaf139a59d22cf00efbde5948b6661a1c7.dex.odex" in "/data/data/com.facebook.katana/app_secondary_program_dex"
D/DexLibLoader(14649): ignoring file "program-e8acf246c92474061a3e0f7dafec5559e33da2c56661a1c7.dex.odex" in "/data/data/com.facebook.katana/app_secondary_program_dex"
D/DexLibLoader(14649): ignoring file "program-1d7a13e77be07efb41a2c80160a9aec6fff27ad16661a1c7.dex.odex" in "/data/data/com.facebook.katana/app_secondary_program_dex"
D/DexLibLoader(14649): ignoring file "program-42761fa3dedc1f1a9503bece4f2db80adf01f7756661a1c7.dex.odex" in "/data/data/com.facebook.katana/app_secondary_program_dex"
D/DexLibLoader(14649): ignoring file "program-1b4455e1ba1ff38a86723e24cd334fa1062519f16661a1c7.dex.odex" in "/data/data/com.facebook.katana/app_secondary_program_dex"
D/DexLibLoader(14649): ignoring file "program-a54de6ef97459e1e5b5c8f874a889a38965d34466661a1c7.dex.odex" in "/data/data/com.facebook.katana/app_secondary_program_dex"
D/DexLibLoader(14649): directory "/data/data/com.facebook.katana/app_secondary_program_dex" is valid
D/DexLibLoader(14649): ignoring file "primary_deps" in "/data/data/com.facebook.katana/app_secondary_program_dex_opt"
V/DexLibLoader(14649): directory "/data/data/com.facebook.katana/app_secondary_program_dex_opt" contains "program-15ef54b77950d1e6c1cbc3342a20571a9fd8050d6661a1c7.dex.dex" as expected
V/DexLibLoader(14649): directory "/data/data/com.facebook.katana/app_secondary_program_dex_opt" contains "program-14bcaeed5ad488eaf139a59d22cf00efbde5948b6661a1c7.dex.dex" as expected
V/DexLibLoader(14649): directory "/data/data/com.facebook.katana/app_secondary_program_dex_opt" contains "program-e8acf246c92474061a3e0f7dafec5559e33da2c56661a1c7.dex.dex" as expected
V/DexLibLoader(14649): directory "/data/data/com.facebook.katana/app_secondary_program_dex_opt" contains "program-1d7a13e77be07efb41a2c80160a9aec6fff27ad16661a1c7.dex.dex" as expected
V/DexLibLoader(14649): directory "/data/data/com.facebook.katana/app_secondary_program_dex_opt" contains "program-42761fa3dedc1f1a9503bece4f2db80adf01f7756661a1c7.dex.dex" as expected
V/DexLibLoader(14649): directory "/data/data/com.facebook.katana/app_secondary_program_dex_opt" contains "program-1b4455e1ba1ff38a86723e24cd334fa1062519f16661a1c7.dex.dex" as expected
V/DexLibLoader(14649): directory "/data/data/com.facebook.katana/app_secondary_program_dex_opt" contains "program-a54de6ef97459e1e5b5c8f874a889a38965d34466661a1c7.dex.dex" as expected
D/DexLibLoader(14649): directory "/data/data/com.facebook.katana/app_secondary_program_dex_opt" is valid
D/DexLibLoader(14649): loading pre-built cross-dex opt odex files
V/dalvik-internals(14649): hooked dvmResolveClass using jump ()
V/dalvik-internals(14649): hooked dvmFlushBreakpoints using jump ()
D/CordovaLog(14460): file:///android_asset/www/js/app.js: Line 115 : Received response from version check.
I/chromium(14460): [INFO:CONSOLE(115)] "Received response from version check.", source: file:///android_asset/www/js/app.js (115)
D/CordovaLog(14460): file:///android_asset/www/js/app.js: Line 117 : Version is supported.
I/chromium(14460): [INFO:CONSOLE(117)] "Version is supported.", source: file:///android_asset/www/js/app.js (117)
V/MultiDexClassLoader(14649): installing MultiDexClassLoader before application classloader
I/dalvikvm(14649): Could not find method dalvik.system.DexFile.loadClassBinaryName, referenced from method com.facebook.common.dextricks.DexFileLoadOld.a
W/dalvikvm(14649): VFY: unable to resolve virtual method 2073: Ldalvik/system/DexFile;.loadClassBinaryName (Ljava/lang/String;Ljava/lang/ClassLoader;)Ljava/lang/Class;
D/dalvikvm(14649): VFY: replacing opcode 0x6e at 0x0000
D/DexLibLoader(14649): released odex store lock
D/DexLibLoader(14649): DexLibLoader.loadAll took 98 ms
D/MemoryReductionHack(14649): Marked as initialized entry corresponding to path /data/app/com.facebook.katana-1.apk
V/dalvik-internals(14649): hooked dvmLinearAlloc using jump ()
V/dalvik-internals(14649): hooked dvmLinearRealloc using jump ()
V/dalvik-internals(14649): hooked dvmLinearFree using jump ()
V/dalvik-internals(14649): hooked dvmLinearStrdup using jump ()
V/dalvik-internals(14649): hooked dvmLinearAllocContains using jump ()
I/dalvik-internals(14649): enlarged linearalloc buffer to 33554432 bytes
W/StaticBindingVerifier(14649): Verify
I/dalvikvm(14649): Could not find method com.facebook.resources.FbResources.getDrawable, referenced from method com.facebook.resources.impl.DownloadedFbResources.getDrawable
W/dalvikvm(14649): VFY: unable to resolve virtual method 48479: Lcom/facebook/resources/FbResources;.getDrawable (ILandroid/content/res/Resources$Theme;)Landroid/graphics/drawable/Drawable;
D/dalvikvm(14649): VFY: replacing opcode 0x6f at 0x0031
D/WifiStateMachine( 1025): handleMessage: E msg.what=151572
D/WifiStateMachine( 1025): processMsg: ConnectedState
D/WifiStateMachine( 1025): processMsg: L2ConnectedState
D/WifiStateMachine( 1025): handleMessage: X
I/ActivityManager( 1025): Start proc com.facebook.katana for content provider com.facebook.katana/.provider.orca.FbSharedPreferencesContentProvider: pid=14675 uid=10110 gids={50110, 1028, 1015, 3003}
D/WifiService( 1025): New client listening to asynchronous messages
W/ContextImpl(14370): Implicit intents with startService are not safe: Intent { act=com.google.android.gms.analytics.service.START (has extras) } android.content.ContextWrapper.bindService:517 com.google.analytics.tracking.android.AnalyticsGmsCoreClient.b:82 com.google.analytics.tracking.android.GAServiceProxy.j:279 
I/GAV2    (14370): Thread[GAThread,1,main]: No campaign data found.
W/dalvikvm(14675): VFY: unable to resolve static field 29078 (a) in Lcom/facebook/katana/app/WorkAppTypes;
D/dalvikvm(14675): VFY: replacing opcode 0x62 at 0x0013
W/dalvikvm(14675): VFY: unable to resolve static field 29079 (b) in Lcom/facebook/katana/app/WorkAppTypes;
D/dalvikvm(14675): VFY: replacing opcode 0x62 at 0x001d
E/dalvikvm(14675): Could not find class 'com.facebook.katana.app.WallpaperFacebookApplicationImpl', referenced from method com.facebook.katana.app.FacebookApplication.a
W/dalvikvm(14675): VFY: unable to resolve new-instance 379 (Lcom/facebook/katana/app/WallpaperFacebookApplicationImpl;) in Lcom/facebook/katana/app/FacebookApplication;
D/dalvikvm(14675): VFY: replacing opcode 0x22 at 0x00a9
D/dalvikvm(14675): DexOpt: unable to opt direct call 0x055f at 0xab in Lcom/facebook/katana/app/FacebookApplication;.a
F/ProcessStats( 1025): Starting service ServiceState{42c48c08 com.whatsapp.messaging.MessageService pkg=com.whatsapp proc=42c48c08} without owner
F/ProcessStats( 1025): Starting service ServiceState{43399718 com.paypal.android.p2pmobile.services.AtoService pkg=com.paypal.android.p2pmobile proc=43399718} without owner
F/ProcessStats( 1025): Starting service ServiceState{43231e48 com.paypal.android.p2pmobile.services.WalletService pkg=com.paypal.android.p2pmobile proc=43231e48} without owner
F/ProcessStats( 1025): Starting service ServiceState{428fdff0 com.facebook.push.mqtt.service.MqttPushService pkg=com.facebook.orca proc=428fdff0} without owner
I/ActivityManager( 1025): Process com.google.android.googlequicksearchbox:search (pid 14539) has died.
F/ProcessStats( 1025): Starting service ServiceState{42c48c08 com.whatsapp.messaging.MessageService pkg=com.whatsapp proc=42c48c08} without owner
F/ProcessStats( 1025): Starting service ServiceState{43399718 com.paypal.android.p2pmobile.services.AtoService pkg=com.paypal.android.p2pmobile proc=43399718} without owner
F/ProcessStats( 1025): Starting service ServiceState{43231e48 com.paypal.android.p2pmobile.services.WalletService pkg=com.paypal.android.p2pmobile proc=43231e48} without owner
F/ProcessStats( 1025): Starting service ServiceState{428fdff0 com.facebook.push.mqtt.service.MqttPushService pkg=com.facebook.orca proc=428fdff0} without owner
D/CatchMeIfYouCan(14675): Process (<default>) ca: '/data/user/0/com.facebook.katana/app_cmiyc/A1657CCD543F12E66E587EE52ED9D802E22AAC4701'
D/CatchMeIfYouCan(14675): Process (<default>) fc: '/data/user/0/com.facebook.katana/app_cmiyc/A1657CCD543F12E66E587EE52ED9D802E22AAC4702'
D/CatchMeIfYouCan(14675): Process (<default>) cp: '('default', 3, 120000, silent [true], restart [false], logout [false])'
D/ACRA    (14675): ACRA is enabled for com.facebook.katana, intializing...
D/CordovaLog(14460): file:///android_asset/www/js/app.js: Line 135 : success...
I/chromium(14460): [INFO:CONSOLE(135)] "success...", source: file:///android_asset/www/js/app.js (135)
I/ActivityManager( 1025): Start proc com.google.android.partnersetup for broadcast com.google.android.partnersetup/.RlzPingBroadcastReceiver: pid=14708 uid=10025 gids={50025, 3003}
D/ACRA    (14675): Looking for error files in /data/user/0/com.facebook.katana/app_acra-reports
D/ACRA    (14675): Looking for error files in /data/user/0/com.facebook.katana/app_minidumps
D/dalvikvm(14675): Trying to load lib /data/app-lib/com.facebook.katana-1/libgnustl_shared.so 0x41fbb460
D/dalvikvm(14675): Added shared lib /data/app-lib/com.facebook.katana-1/libgnustl_shared.so 0x41fbb460
D/dalvikvm(14675): No JNI_OnLoad found in /data/app-lib/com.facebook.katana-1/libgnustl_shared.so 0x41fbb460, skipping init
D/dalvikvm(14675): Trying to load lib /data/app-lib/com.facebook.katana-1/libfb_breakpad_client.so 0x41fbb460
D/dalvikvm(14675): Added shared lib /data/app-lib/com.facebook.katana-1/libfb_breakpad_client.so 0x41fbb460
D/dalvikvm(14675): Trying to load lib /data/app-lib/com.facebook.katana-1/libfb_dalvik-internals.so 0x41fbb460
D/dalvikvm(14675): Added shared lib /data/app-lib/com.facebook.katana-1/libfb_dalvik-internals.so 0x41fbb460
V/DexLibLoader(14675): about to lock: /data/user/0/com.facebook.katana/mdex_lock
V/DexLibLoader(14675): locking /data/user/0/com.facebook.katana/mdex_lock took 2 ms
V/DexLibLoader(14675): Secondary program dex metadata: secondary-1.dex.jar.xz 15ef54b77950d1e6c1cbc3342a20571a9fd8050d secondary.dex01.Canary
V/DexLibLoader(14675): Secondary program dex metadata: secondary-2.dex.jar.xz 14bcaeed5ad488eaf139a59d22cf00efbde5948b secondary.dex02.Canary
V/DexLibLoader(14675): Secondary program dex metadata: secondary-3.dex.jar.xz e8acf246c92474061a3e0f7dafec5559e33da2c5 secondary.dex03.Canary
V/DexLibLoader(14675): Secondary program dex metadata: secondary-4.dex.jar.xz 1d7a13e77be07efb41a2c80160a9aec6fff27ad1 secondary.dex04.Canary
V/DexLibLoader(14675): Secondary program dex metadata: secondary-5.dex.jar.xz 42761fa3dedc1f1a9503bece4f2db80adf01f775 secondary.dex05.Canary
V/DexLibLoader(14675): Secondary program dex metadata: secondary-6.dex.jar.xz 1b4455e1ba1ff38a86723e24cd334fa1062519f1 secondary.dex06.Canary
V/DexLibLoader(14675): Secondary program dex metadata: secondary-7.dex.jar.xz a54de6ef97459e1e5b5c8f874a889a38965d3446 secondary.dex07.Canary
V/DexLibLoader(14675): directory "/data/user/0/com.facebook.katana/app_secondary_program_dex" contains "program-15ef54b77950d1e6c1cbc3342a20571a9fd8050d6661a1c7.dex.jar" as expected
V/DexLibLoader(14675): directory "/data/user/0/com.facebook.katana/app_secondary_program_dex" contains "program-14bcaeed5ad488eaf139a59d22cf00efbde5948b6661a1c7.dex.jar" as expected
V/DexLibLoader(14675): directory "/data/user/0/com.facebook.katana/app_secondary_program_dex" contains "program-e8acf246c92474061a3e0f7dafec5559e33da2c56661a1c7.dex.jar" as expected
V/DexLibLoader(14675): directory "/data/user/0/com.facebook.katana/app_secondary_program_dex" contains "program-1d7a13e77be07efb41a2c80160a9aec6fff27ad16661a1c7.dex.jar" as expected
V/DexLibLoader(14675): directory "/data/user/0/com.facebook.katana/app_secondary_program_dex" contains "program-42761fa3dedc1f1a9503bece4f2db80adf01f7756661a1c7.dex.jar" as expected
V/DexLibLoader(14675): directory "/data/user/0/com.facebook.katana/app_secondary_program_dex" contains "program-1b4455e1ba1ff38a86723e24cd334fa1062519f16661a1c7.dex.jar" as expected
V/DexLibLoader(14675): directory "/data/user/0/com.facebook.katana/app_secondary_program_dex" contains "program-a54de6ef97459e1e5b5c8f874a889a38965d34466661a1c7.dex.jar" as expected
D/DexLibLoader(14675): ignoring file "program-15ef54b77950d1e6c1cbc3342a20571a9fd8050d6661a1c7.dex.odex" in "/data/user/0/com.facebook.katana/app_secondary_program_dex"
D/DexLibLoader(14675): ignoring file "program-14bcaeed5ad488eaf139a59d22cf00efbde5948b6661a1c7.dex.odex" in "/data/user/0/com.facebook.katana/app_secondary_program_dex"
D/DexLibLoader(14675): ignoring file "program-e8acf246c92474061a3e0f7dafec5559e33da2c56661a1c7.dex.odex" in "/data/user/0/com.facebook.katana/app_secondary_program_dex"
D/DexLibLoader(14675): ignoring file "program-1d7a13e77be07efb41a2c80160a9aec6fff27ad16661a1c7.dex.odex" in "/data/user/0/com.facebook.katana/app_secondary_program_dex"
D/DexLibLoader(14675): ignoring file "program-42761fa3dedc1f1a9503bece4f2db80adf01f7756661a1c7.dex.odex" in "/data/user/0/com.facebook.katana/app_secondary_program_dex"
D/DexLibLoader(14675): ignoring file "program-1b4455e1ba1ff38a86723e24cd334fa1062519f16661a1c7.dex.odex" in "/data/user/0/com.facebook.katana/app_secondary_program_dex"
D/DexLibLoader(14675): ignoring file "program-a54de6ef97459e1e5b5c8f874a889a38965d34466661a1c7.dex.odex" in "/data/user/0/com.facebook.katana/app_secondary_program_dex"
D/DexLibLoader(14675): directory "/data/user/0/com.facebook.katana/app_secondary_program_dex" is valid
D/DexLibLoader(14675): ignoring file "primary_deps" in "/data/user/0/com.facebook.katana/app_secondary_program_dex_opt"
V/DexLibLoader(14675): directory "/data/user/0/com.facebook.katana/app_secondary_program_dex_opt" contains "program-15ef54b77950d1e6c1cbc3342a20571a9fd8050d6661a1c7.dex.dex" as expected
V/DexLibLoader(14675): directory "/data/user/0/com.facebook.katana/app_secondary_program_dex_opt" contains "program-14bcaeed5ad488eaf139a59d22cf00efbde5948b6661a1c7.dex.dex" as expected
V/DexLibLoader(14675): directory "/data/user/0/com.facebook.katana/app_secondary_program_dex_opt" contains "program-e8acf246c92474061a3e0f7dafec5559e33da2c56661a1c7.dex.dex" as expected
V/DexLibLoader(14675): directory "/data/user/0/com.facebook.katana/app_secondary_program_dex_opt" contains "program-1d7a13e77be07efb41a2c80160a9aec6fff27ad16661a1c7.dex.dex" as expected
V/DexLibLoader(14675): directory "/data/user/0/com.facebook.katana/app_secondary_program_dex_opt" contains "program-42761fa3dedc1f1a9503bece4f2db80adf01f7756661a1c7.dex.dex" as expected
V/DexLibLoader(14675): directory "/data/user/0/com.facebook.katana/app_secondary_program_dex_opt" contains "program-1b4455e1ba1ff38a86723e24cd334fa1062519f16661a1c7.dex.dex" as expected
V/DexLibLoader(14675): directory "/data/user/0/com.facebook.katana/app_secondary_program_dex_opt" contains "program-a54de6ef97459e1e5b5c8f874a889a38965d34466661a1c7.dex.dex" as expected
D/DexLibLoader(14675): directory "/data/user/0/com.facebook.katana/app_secondary_program_dex_opt" is valid
I/ActivityManager( 1025): Start proc com.android.vending for broadcast com.android.vending/com.google.android.finsky.receivers.PackageMonitorReceiver$RegisteredReceiver: pid=14724 uid=10039 gids={50039, 3003, 1028, 1015}
D/dalvikvm(  275): GC_EXPLICIT freed 43K, 48% free 9011K/17224K, paused 2ms+3ms, total 23ms
D/DexLibLoader(14675): loading pre-built cross-dex opt odex files
V/dalvik-internals(14675): hooked dvmResolveClass using jump ()
V/dalvik-internals(14675): hooked dvmFlushBreakpoints using jump ()
D/dalvikvm(  275): GC_EXPLICIT freed <1K, 48% free 9011K/17224K, paused 1ms+3ms, total 19ms
V/MultiDexClassLoader(14675): installing MultiDexClassLoader before application classloader
I/dalvikvm(14675): Could not find method dalvik.system.DexFile.loadClassBinaryName, referenced from method com.facebook.common.dextricks.DexFileLoadOld.a
W/dalvikvm(14675): VFY: unable to resolve virtual method 2073: Ldalvik/system/DexFile;.loadClassBinaryName (Ljava/lang/String;Ljava/lang/ClassLoader;)Ljava/lang/Class;
D/dalvikvm(14675): VFY: replacing opcode 0x6e at 0x0000
D/DexLibLoader(14675): released odex store lock
D/DexLibLoader(14675): DexLibLoader.loadAll took 123 ms
D/MemoryReductionHack(14675): Marked as initialized entry corresponding to path /data/app/com.facebook.katana-1.apk
D/GcOptimizer(14675): Enabled
V/dalvik-internals(14675): hooked dvmLinearAlloc using jump ()
V/dalvik-internals(14675): hooked dvmLinearRealloc using jump ()
V/dalvik-internals(14675): hooked dvmLinearFree using jump ()
V/dalvik-internals(14675): hooked dvmLinearStrdup using jump ()
V/dalvik-internals(14675): hooked dvmLinearAllocContains using jump ()
I/dalvik-internals(14675): enlarged linearalloc buffer to 33554432 bytes
D/dalvikvm(  275): GC_EXPLICIT freed <1K, 48% free 9011K/17224K, paused 1ms+3ms, total 21ms
F/ProcessStats( 1025): Starting service ServiceState{42c48c08 com.whatsapp.messaging.MessageService pkg=com.whatsapp proc=42c48c08} without owner
D/dalvikvm( 1025): GC_CONCURRENT freed 4763K, 38% free 31478K/50444K, paused 5ms+21ms, total 183ms
F/ProcessStats( 1025): Starting service ServiceState{43399718 com.paypal.android.p2pmobile.services.AtoService pkg=com.paypal.android.p2pmobile proc=43399718} without owner
F/ProcessStats( 1025): Starting service ServiceState{43231e48 com.paypal.android.p2pmobile.services.WalletService pkg=com.paypal.android.p2pmobile proc=43231e48} without owner
F/ProcessStats( 1025): Starting service ServiceState{428fdff0 com.facebook.push.mqtt.service.MqttPushService pkg=com.facebook.orca proc=428fdff0} without owner
I/ActivityManager( 1025): Process com.evernote (pid 14557) has died.
F/ProcessStats( 1025): Starting service ServiceState{42c48c08 com.whatsapp.messaging.MessageService pkg=com.whatsapp proc=42c48c08} without owner
F/ProcessStats( 1025): Starting service ServiceState{43399718 com.paypal.android.p2pmobile.services.AtoService pkg=com.paypal.android.p2pmobile proc=43399718} without owner
F/ProcessStats( 1025): Starting service ServiceState{43231e48 com.paypal.android.p2pmobile.services.WalletService pkg=com.paypal.android.p2pmobile proc=43231e48} without owner
F/ProcessStats( 1025): Starting service ServiceState{428fdff0 com.facebook.push.mqtt.service.MqttPushService pkg=com.facebook.orca proc=428fdff0} without owner
D/Finsky  (14724): [1] FinskyApp.onCreate: Initializing network with DFE https://android.clients.google.com/fdfe/
W/StaticBindingVerifier(14675): Verify
D/Finsky  (14724): [1] DailyHygiene.goMakeHygieneIfDirty: No need to run daily hygiene.
W/Settings(14724): Setting download_manager_max_bytes_over_mobile has moved from android.provider.Settings.Secure to android.provider.Settings.Global.
W/Settings(14724): Setting download_manager_recommended_max_bytes_over_mobile has moved from android.provider.Settings.Secure to android.provider.Settings.Global.
I/dalvikvm(14724): Could not find method com.google.android.play.layout.PlayCardViewBase.setTransitionName, referenced from method com.google.android.finsky.utils.PlayCardUtils.bindCard
W/dalvikvm(14724): VFY: unable to resolve virtual method 42705: Lcom/google/android/play/layout/PlayCardViewBase;.setTransitionName (Ljava/lang/String;)V
D/dalvikvm(14724): VFY: replacing opcode 0x6e at 0x00d9
I/dalvikvm(14724): Could not find method com.google.android.play.layout.PlayCardViewBase.setTransitionGroup, referenced from method com.google.android.finsky.utils.PlayCardUtils.bindCard
W/dalvikvm(14724): VFY: unable to resolve virtual method 42704: Lcom/google/android/play/layout/PlayCardViewBase;.setTransitionGroup (Z)V
D/dalvikvm(14724): VFY: replacing opcode 0x6e at 0x0246
I/dalvikvm(14724): Could not find method android.view.View.getTransitionName, referenced from method com.google.android.finsky.navigationmanager.NavigationManager.showPage
W/dalvikvm(14724): VFY: unable to resolve virtual method 9352: Landroid/view/View;.getTransitionName ()Ljava/lang/String;
D/dalvikvm(14724): VFY: replacing opcode 0x6e at 0x001a
I/ActivityManager( 1025): Process com.evernote.widget (pid 14630) has died.
I/ActivityManager( 1025): Process com.facebook.katana:dash (pid 14649) has died.
D/WifiService( 1025): Client connection lost with reason: 4
I/dalvikvm(14675): Could not find method com.facebook.resources.FbResources.getDrawable, referenced from method com.facebook.resources.impl.DownloadedFbResources.getDrawable
W/dalvikvm(14675): VFY: unable to resolve virtual method 48479: Lcom/facebook/resources/FbResources;.getDrawable (ILandroid/content/res/Resources$Theme;)Landroid/graphics/drawable/Drawable;
D/dalvikvm(14675): VFY: replacing opcode 0x6f at 0x0031
D/WifiStateMachine( 1025): handleMessage: E msg.what=151572
D/WifiStateMachine( 1025): processMsg: ConnectedState
D/WifiStateMachine( 1025): processMsg: L2ConnectedState
I/ConfigService(31010): onDestroy
D/WifiStateMachine( 1025): handleMessage: X
D/Finsky  (14724): [1] 2.run: Loaded library for account: [gKXbJhL8NA2nPUzZyFpjB6tKi7U]
D/Finsky  (14724): [1] 2.run: Finished loading 1 libraries.
D/PackageBroadcastService(13180): Received broadcast action=android.intent.action.PACKAGE_ADDED and uri=co.giftmeapp.gift_me
D/WifiService( 1025): New client listening to asynchronous messages
D/dalvikvm(27213): GC_CONCURRENT freed 5157K, 45% free 11276K/20348K, paused 6ms+5ms, total 50ms
D/dalvikvm(27213): WAIT_FOR_CONCURRENT_GC blocked 28ms
I/ActivityManager( 1025): Start proc com.google.android.apps.docs for broadcast com.google.android.apps.docs/.receivers.AppPackageAddRemoveReceiver: pid=14773 uid=10060 gids={50060, 3003, 1028, 1015}
I/ActivityManager( 1025): Process com.google.android.partnersetup (pid 14708) has died.
I/ConfigService(31010): onCreate
I/ConfigService(31010): onBind for Intent { act=com.google.android.gms.config.UPDATE pkg=com.google.android.gms } action com.google.android.gms.config.UPDATE
I/ConfigFetchService(13180): onStartCommand Intent { act=android.intent.action.PACKAGE_ADDED dat=package:co.giftmeapp.gift_me cmp=com.google.android.gms/.config.ConfigFetchService (has extras) }
I/ConfigFetchService(13180): launchTask
I/ActivityManager( 1025): Process com.android.vending (pid 14724) has died.
I/ConfigService(31010): onBind returning update interface
I/ConfigService(31010): onBind for Intent { act=com.google.android.gms.config.START pkg=com.google.android.gms } action com.google.android.gms.config.START
I/ConfigService(31010): onBind returning service broker
I/ConfigFetchService(13180): service connected
D/ConfigFetchService(13180): ConfigApi connection successful.
V/ConfigFetchTask(13180): ConfigFetchTask getDeviceDataVersionInfo(): ABFEt1V-yhNt-jAln3n5X1l2EvQh8u5ckyd0N67HWTmBNSmM_Sa3ZKKJOA-01hrMKAHo-LwyE7zUqDYCGEO1lHgsR8ISbNBw6CZXFaw0EiPKE8g2AeNhmo5sRnNJcs5xSFaGYn-h2A8eHSIqSUPijEM2Wqo4538E8wBCVFyV3oFvPZ2wuPaNtrhdQ-QQV9UYjLqyCvUos7hsOSUem7GgOSp4rgsJIEj4ZpPEkDn_7R7hDOc6676mi98ZVmBZlDHWdaCVf1WRnsBnNok66siOvKOZ6hmA6hPu9sjU8KBsXv2Wbgj3kK50Qv5xQbUtp-wGexwDsiuf0ZZJEBDjIAdEdyoyWiMvq5aJe1_xsprh55v6gLkcJbsNMxw
I/GoogleURLConnFactory(13180): Using platform SSLCertificateSocketFactory
D/dalvikvm(31010): GC_EXPLICIT freed 250K, 40% free 10387K/17224K, paused 2ms+5ms, total 57ms
W/ActivityThread(13180): ClassLoader.loadClass: The class loader returned by Thread.getContextClassLoader() may fail for processes that host multiple applications. You should explicitly specify a context class loader. For example: Thread.setContextClassLoader(getClass().getClassLoader());
I/dalvikvm(14773): Could not find method android.app.Activity.finishAfterTransition, referenced from method r.c_
W/dalvikvm(14773): VFY: unable to resolve virtual method 2773: Landroid/app/Activity;.finishAfterTransition ()V
D/dalvikvm(14773): VFY: replacing opcode 0x6e at 0x0006
W/GmsApplication(13180): Using Auth Proxy for data requests.
I/GoogleURLConnFactory(13180): Using platform SSLCertificateSocketFactory
I/GLSUser (13180): [ ChannelManager ] Attempting to channel bind connection HttpClient.
W/dalvikvm(13180): VFY: unable to find class referenced in signature (Landroid/app/SharedElementCallback;)
I/dalvikvm(13180): Could not find method android.app.Activity.setEnterSharedElementCallback, referenced from method android.support.v4.app.q.setEnterSharedElementCallback
W/dalvikvm(13180): VFY: unable to resolve virtual method 90: Landroid/app/Activity;.setEnterSharedElementCallback (Landroid/app/SharedElementCallback;)V
D/dalvikvm(13180): VFY: replacing opcode 0x6e at 0x000e
W/dalvikvm(13180): VFY: unable to find class referenced in signature (Landroid/app/SharedElementCallback;)
I/dalvikvm(13180): Could not find method android.app.Activity.setExitSharedElementCallback, referenced from method android.support.v4.app.q.setExitSharedElementCallback
W/dalvikvm(13180): VFY: unable to resolve virtual method 91: Landroid/app/Activity;.setExitSharedElementCallback (Landroid/app/SharedElementCallback;)V
D/dalvikvm(13180): VFY: replacing opcode 0x6e at 0x000e
I/dalvikvm(13180): Could not find method android.app.Activity.finishAfterTransition, referenced from method android.support.v4.app.q.supportFinishAfterTransition
W/dalvikvm(13180): VFY: unable to resolve virtual method 52: Landroid/app/Activity;.finishAfterTransition ()V
D/dalvikvm(13180): VFY: replacing opcode 0x6e at 0x0006
I/dalvikvm(13180): Could not find method android.app.Activity.postponeEnterTransition, referenced from method android.support.v4.app.q.supportPostponeEnterTransition
W/dalvikvm(13180): VFY: unable to resolve virtual method 85: Landroid/app/Activity;.postponeEnterTransition ()V
D/dalvikvm(13180): VFY: replacing opcode 0x6e at 0x0006
I/dalvikvm(13180): Could not find method android.app.Activity.startPostponedEnterTransition, referenced from method android.support.v4.app.q.supportStartPostponedEnterTransition
W/dalvikvm(13180): VFY: unable to resolve virtual method 99: Landroid/app/Activity;.startPostponedEnterTransition ()V
D/dalvikvm(13180): VFY: replacing opcode 0x6e at 0x0006
D/dalvikvm(13180): GC_EXPLICIT freed 2901K, 41% free 10302K/17224K, paused 4ms+7ms, total 84ms
I/GLSUser (13180): [ ChannelManager ] Skip channel binding on pre-KLP devices.
I/PeopleDatabaseHelper(13180): cleanUpNonGplusAccounts done.
W/GmsApplication(13180): Using Auth Proxy for data requests.
W/GmsApplication(13180): Using Auth Proxy for data requests.
W/GmsApplication(13180): Using Auth Proxy for data requests.
W/GmsApplication(13180): Using Auth Proxy for data requests.
W/GmsApplication(13180): Using Auth Proxy for data requests.
I/ConfigFetchService(13180): fetch service done; releasing wakelock
I/ConfigFetchService(13180): stopping self
E/dalvikvm(14675): Could not find class 'org.apache.harmony.xnet.provider.jsse.OpenSSLSocketImpl', referenced from method com.facebook.ssl.openssl.check.CheckOpenSSLImplHasRequiredMethods.<clinit>
W/dalvikvm(14675): VFY: unable to resolve const-class 13808 (Lorg/apache/harmony/xnet/provider/jsse/OpenSSLSocketImpl;) in Lcom/facebook/ssl/openssl/check/CheckOpenSSLImplHasRequiredMethods;
D/dalvikvm(14675): VFY: replacing opcode 0x1c at 0x000d
E/dalvikvm(14675): Could not find class 'org.apache.harmony.xnet.provider.jsse.OpenSSLSocketFactoryImpl', referenced from method com.facebook.ssl.openssl.reflect.SSLParametersGetter.<clinit>
W/dalvikvm(14675): VFY: unable to resolve const-class 13807 (Lorg/apache/harmony/xnet/provider/jsse/OpenSSLSocketFactoryImpl;) in Lcom/facebook/ssl/openssl/reflect/SSLParametersGetter;
D/dalvikvm(14675): VFY: replacing opcode 0x1c at 0x000d
E/dalvikvm(14675): Could not find class 'org.apache.harmony.xnet.provider.jsse.SSLParametersImpl', referenced from method com.facebook.ssl.openssl.reflect.SSLParametersGetter.a
W/dalvikvm(14675): VFY: unable to resolve check-cast 13809 (Lorg/apache/harmony/xnet/provider/jsse/SSLParametersImpl;) in Lcom/facebook/ssl/openssl/reflect/SSLParametersGetter;
D/dalvikvm(14675): VFY: replacing opcode 0x1f at 0x0006
E/dalvikvm(14675): Could not find class 'org.apache.harmony.xnet.provider.jsse.SSLParametersImpl', referenced from method com.facebook.ssl.openssl.reflect.SSLSessionTimeoutSetter.<clinit>
W/dalvikvm(14675): VFY: unable to resolve const-class 13809 (Lorg/apache/harmony/xnet/provider/jsse/SSLParametersImpl;) in Lcom/facebook/ssl/openssl/reflect/SSLSessionTimeoutSetter;
D/dalvikvm(14675): VFY: replacing opcode 0x1c at 0x000d
W/dalvikvm(14675): VFY: unable to find class referenced in signature (Lorg/apache/harmony/xnet/provider/jsse/SSLParametersImpl;)
E/dalvikvm(14675): Could not find class 'org.apache.harmony.xnet.provider.jsse.ClientSessionContext', referenced from method com.facebook.ssl.openssl.reflect.SSLSessionTimeoutSetter.a
W/dalvikvm(14675): VFY: unable to resolve check-cast 13806 (Lorg/apache/harmony/xnet/provider/jsse/ClientSessionContext;) in Lcom/facebook/ssl/openssl/reflect/SSLSessionTimeoutSetter;
D/dalvikvm(14675): VFY: replacing opcode 0x1f at 0x0006
W/dalvikvm(14675): VFY: unable to find class referenced in signature (Lorg/apache/harmony/xnet/provider/jsse/SSLParametersImpl;)
W/dalvikvm(14675): Unable to resolve superclass of Lcom/facebook/ssl/openssl/TicketEnabledOpenSSLSocketImplWrapper; (11243)
W/dalvikvm(14675): Link of class 'Lcom/facebook/ssl/openssl/TicketEnabledOpenSSLSocketImplWrapper;' failed
E/dalvikvm(14675): Could not find class 'com.facebook.ssl.openssl.TicketEnabledOpenSSLSocketImplWrapper', referenced from method com.facebook.ssl.openssl.TicketEnabledOpenSSLSocketFactoryHelper.a
W/dalvikvm(14675): VFY: unable to resolve new-instance 10681 (Lcom/facebook/ssl/openssl/TicketEnabledOpenSSLSocketImplWrapper;) in Lcom/facebook/ssl/openssl/TicketEnabledOpenSSLSocketFactoryHelper;
D/dalvikvm(14675): VFY: replacing opcode 0x22 at 0x0000
W/dalvikvm(14675): Unable to resolve superclass of Lcom/facebook/ssl/openssl/TicketEnabledOpenSSLSocketImplWrapper; (11243)
W/dalvikvm(14675): Link of class 'Lcom/facebook/ssl/openssl/TicketEnabledOpenSSLSocketImplWrapper;' failed
D/dalvikvm(14675): DexOpt: unable to opt direct call 0xc22f at 0x08 in Lcom/facebook/ssl/openssl/TicketEnabledOpenSSLSocketFactoryHelper;.a
D/dalvikvm(14675): Trying to load lib /data/app-lib/com.facebook.katana-1/libfbjni.so 0x41fbb460
D/dalvikvm(14675): Added shared lib /data/app-lib/com.facebook.katana-1/libfbjni.so 0x41fbb460
D/dalvikvm(14675): Trying to load lib /data/app-lib/com.facebook.katana-1/libcares.so 0x41fbb460
D/dalvikvm(14675): Added shared lib /data/app-lib/com.facebook.katana-1/libcares.so 0x41fbb460
