D/QCUtils (  277): extended extractor not needed, return default
I/OMXNodeInstance(  277): OMX_FreeBuffer for buffer header 0xb8c0f068 successful
I/OMXNodeInstance(  277): OMX_FreeBuffer for buffer header 0xb8a637d8 successful
I/OMXNodeInstance(  277): OMX_FreeBuffer for buffer header 0xb8a63708 successful
I/OMXNodeInstance(  277): OMX_FreeBuffer for buffer header 0xb8b13918 successful
I/OMXNodeInstance(  277): OMX_FreeBuffer for buffer header 0xb8b3fda8 successful
I/OMXNodeInstance(  277): OMX_FreeBuffer for buffer header 0xb8b3fc80 successful
I/OMXNodeInstance(  277): OMX_FreeBuffer for buffer header 0xb8b3fb40 successful
I/OMXNodeInstance(  277): OMX_FreeBuffer for buffer header 0xb8c0f1f0 successful
W/libutils.threads(  277): Thread (this=0xb8c24ad8): don't call join() from this Thread object's thread. It's a guaranteed deadlock!
D/AwesomePlayer(  277): Before reset_l
I/AwesomePlayer(  277): setDataSource(FD URL suppressed)
D/QCUtils (  277): extended extractor not needed, return default
I/OMXNodeInstance(  277): OMX_FreeBuffer for buffer header 0xb8c0f038 successful
I/OMXNodeInstance(  277): OMX_FreeBuffer for buffer header 0xb8c44390 successful
I/OMXNodeInstance(  277): OMX_FreeBuffer for buffer header 0xb8c24a60 successful
I/OMXNodeInstance(  277): OMX_FreeBuffer for buffer header 0xb8c24958 successful
I/OMXNodeInstance(  277): OMX_FreeBuffer for buffer header 0xb8a63c98 successful
I/OMXNodeInstance(  277): OMX_FreeBuffer for buffer header 0xb8a63b70 successful
I/OMXNodeInstance(  277): OMX_FreeBuffer for buffer header 0xb8a63a30 successful
I/OMXNodeInstance(  277): OMX_FreeBuffer for buffer header 0xb8c0f1c0 successful
D/AwesomePlayer(  277): Before reset_l
I/AwesomePlayer(  277): setDataSource(FD URL suppressed)
D/QCUtils (  277): extended extractor not needed, return default
I/OMXNodeInstance(  277): OMX_FreeBuffer for buffer header 0xb8c24a00 successful
I/OMXNodeInstance(  277): OMX_FreeBuffer for buffer header 0xb8c24948 successful
I/OMXNodeInstance(  277): OMX_FreeBuffer for buffer header 0xb8c0f1b8 successful
I/OMXNodeInstance(  277): OMX_FreeBuffer for buffer header 0xb8c0f038 successful
I/OMXNodeInstance(  277): OMX_FreeBuffer for buffer header 0xb89eac00 successful
I/OMXNodeInstance(  277): OMX_FreeBuffer for buffer header 0xb8b3fd08 successful
I/OMXNodeInstance(  277): OMX_FreeBuffer for buffer header 0xb8b3fbc8 successful
I/OMXNodeInstance(  277): OMX_FreeBuffer for buffer header 0xb8b3f9b8 successful
D/AwesomePlayer(  277): Before reset_l
I/AwesomePlayer(  277): setDataSource(FD URL suppressed)
D/QCUtils (  277): extended extractor not needed, return default
I/OMXNodeInstance(  277): OMX_FreeBuffer for buffer header 0xb8c0f038 successful
I/OMXNodeInstance(  277): OMX_FreeBuffer for buffer header 0xb8a63778 successful
I/OMXNodeInstance(  277): OMX_FreeBuffer for buffer header 0xb8a636a8 successful
I/OMXNodeInstance(  277): OMX_FreeBuffer for buffer header 0xb8b40008 successful
I/OMXNodeInstance(  277): OMX_FreeBuffer for buffer header 0xb8a63c38 successful
I/OMXNodeInstance(  277): OMX_FreeBuffer for buffer header 0xb8a63b10 successful
I/OMXNodeInstance(  277): OMX_FreeBuffer for buffer header 0xb8a639d0 successful
I/OMXNodeInstance(  277): OMX_FreeBuffer for buffer header 0xb8c0f150 successful
W/libutils.threads(  277): Thread (this=0xb8b9b650): don't call join() from this Thread object's thread. It's a guaranteed deadlock!
D/WifiStateMachine( 1025): handleMessage: E msg.what=151572
D/WifiStateMachine( 1025): processMsg: ConnectedState
D/WifiStateMachine( 1025): processMsg: L2ConnectedState
D/WifiStateMachine( 1025): handleMessage: X
D/dalvikvm(30123): GC_CONCURRENT freed 4797K, 29% free 12349K/17224K, paused 3ms+5ms, total 46ms
D/WifiStateMachine( 1025): handleMessage: E msg.what=151572
D/WifiStateMachine( 1025): processMsg: ConnectedState
D/WifiStateMachine( 1025): processMsg: L2ConnectedState
D/WifiStateMachine( 1025): handleMessage: X
D/WifiStateMachine( 1025): handleMessage: E msg.what=131155
D/WifiStateMachine( 1025): processMsg: ConnectedState
D/WifiStateMachine( 1025): processMsg: L2ConnectedState
D/WifiStateMachine( 1025): handleMessage: X
D/dalvikvm(30123): GC_CONCURRENT freed 1924K, 28% free 12473K/17224K, paused 1ms+3ms, total 33ms
D/dalvikvm(30123): WAIT_FOR_CONCURRENT_GC blocked 22ms
D/Ulp_jni ( 1025): Location CB invoked
D/WifiStateMachine( 1025): handleMessage: E msg.what=151572
D/WifiStateMachine( 1025): processMsg: ConnectedState
D/WifiStateMachine( 1025): processMsg: L2ConnectedState
D/WifiStateMachine( 1025): handleMessage: X
D/WifiStateMachine( 1025): handleMessage: E msg.what=151572
D/WifiStateMachine( 1025): processMsg: ConnectedState
D/WifiStateMachine( 1025): processMsg: L2ConnectedState
D/WifiStateMachine( 1025): handleMessage: X
I/SBar.NetworkController( 1119): onSignalStrengthsChanged SignalStrength: 6 0 -120 -160 -120 -1 -1 99 2147483647 2147483647 2147483647 2147483647 2147483647 gsm|lte 0 -108 -1 false 2 2 0 0 0 99 99 99 4 level=2
I/SBar.NetworkController( 1119): refreshSignalCluster: wifi: mWifiConnected=true Wifi=zz_moto_stat_sys_wifi_signal_4_fully_wide Activity=zz_moto_stat_sys_wifi_inout_wide in=false out=false Accessibility="Wi-Fi signal full."
I/SBar.NetworkController( 1119): refreshSignalCluster: mobile: mHasMobileDataFeature=true DataTypeShown=(none) Activity=(none) in=false out=false Accessibility="3G"
D/ConnectPlugin(30431): login FB
D/ConnectPlugin(30431): activity result in plugin: requestCode(0), resultCode(0)
D/ConnectPlugin(30431): onSessionStateChange:OPENING
I/ActivityManager( 1025): Start proc com.facebook.katana for content provider com.facebook.katana/.provider.AttributionIdProvider: pid=30794 uid=10110 gids={50110, 1028, 1015, 3003}
I/ActivityManager( 1025): START u0 {act=SSO_WITH_FALLBACK cmp=co.giftmeapp.gift_me/com.facebook.LoginActivity (has extras)} from pid 30431
D/CordovaActivity(30431): Paused the application!
D/CordovaWebView(30431): Handle the pause
W/ContextImpl( 1295): Calling a method in the system process without a qualified user: android.app.ContextImpl.sendBroadcast:1252 android.content.ContextWrapper.sendBroadcast:365 com.motorola.motocare.util.TriggerHelper$TriggerBuilder.send:76 com.motorola.motocare.internal.frameworkevents.PauseResumeTrigger.handleFrameworkEvent:53 com.motorola.motocare.internal.frameworkevents.FwEventMonitor$FrameworkListener.processFrameworkEvent:114 
W/ContextImpl( 1295): Calling a method in the system process without a qualified user: android.app.ContextImpl.sendBroadcast:1252 android.content.ContextWrapper.sendBroadcast:365 com.motorola.motocare.util.TriggerHelper$TriggerBuilder.send:76 com.motorola.motocare.internal.frameworkevents.PauseResumeTrigger.handleFrameworkEvent:53 com.motorola.motocare.internal.frameworkevents.FwEventMonitor$FrameworkListener.processFrameworkEvent:114 
W/PluginManager(30431): THREAD WARNING: exec() call to FacebookConnectPlugin.login blocked the main thread for 86ms. Plugin should use CordovaInterface.getThreadPool().
W/dalvikvm(30794): VFY: unable to resolve static field 29078 (a) in Lcom/facebook/katana/app/WorkAppTypes;
D/dalvikvm(30794): VFY: replacing opcode 0x62 at 0x0013
W/dalvikvm(30794): VFY: unable to resolve static field 29079 (b) in Lcom/facebook/katana/app/WorkAppTypes;
D/dalvikvm(30794): VFY: replacing opcode 0x62 at 0x001d
E/dalvikvm(30794): Could not find class 'com.facebook.katana.app.WallpaperFacebookApplicationImpl', referenced from method com.facebook.katana.app.FacebookApplication.a
W/dalvikvm(30794): VFY: unable to resolve new-instance 379 (Lcom/facebook/katana/app/WallpaperFacebookApplicationImpl;) in Lcom/facebook/katana/app/FacebookApplication;
D/dalvikvm(30794): VFY: replacing opcode 0x22 at 0x00a9
D/dalvikvm(30794): DexOpt: unable to opt direct call 0x055f at 0xab in Lcom/facebook/katana/app/FacebookApplication;.a
D/WifiStateMachine( 1025): handleMessage: E msg.what=151572
D/WifiStateMachine( 1025): processMsg: ConnectedState
D/WifiStateMachine( 1025): processMsg: L2ConnectedState
D/WifiStateMachine( 1025): handleMessage: X
D/CatchMeIfYouCan(30794): Process (<default>) ca: '/data/user/0/com.facebook.katana/app_cmiyc/A1657CCD543F12E66E587EE52ED9D802E22AAC4701'
D/CatchMeIfYouCan(30794): Process (<default>) fc: '/data/user/0/com.facebook.katana/app_cmiyc/A1657CCD543F12E66E587EE52ED9D802E22AAC4702'
D/CatchMeIfYouCan(30794): Process (<default>) cp: '('default', 3, 120000, silent [true], restart [false], logout [false])'
D/ACRA    (30794): ACRA is enabled for com.facebook.katana, intializing...
D/ACRA    (30794): Looking for error files in /data/user/0/com.facebook.katana/app_acra-reports
D/ACRA    (30794): Looking for error files in /data/user/0/com.facebook.katana/app_minidumps
D/dalvikvm(30794): Trying to load lib /data/app-lib/com.facebook.katana-1/libgnustl_shared.so 0x41fb63a8
D/dalvikvm(30794): Added shared lib /data/app-lib/com.facebook.katana-1/libgnustl_shared.so 0x41fb63a8
D/dalvikvm(30794): No JNI_OnLoad found in /data/app-lib/com.facebook.katana-1/libgnustl_shared.so 0x41fb63a8, skipping init
D/dalvikvm(30794): Trying to load lib /data/app-lib/com.facebook.katana-1/libfb_breakpad_client.so 0x41fb63a8
D/dalvikvm(30794): Added shared lib /data/app-lib/com.facebook.katana-1/libfb_breakpad_client.so 0x41fb63a8
D/dalvikvm(30794): Trying to load lib /data/app-lib/com.facebook.katana-1/libfb_dalvik-internals.so 0x41fb63a8
D/dalvikvm(30794): Added shared lib /data/app-lib/com.facebook.katana-1/libfb_dalvik-internals.so 0x41fb63a8
V/DexLibLoader(30794): about to lock: /data/user/0/com.facebook.katana/mdex_lock
V/DexLibLoader(30794): locking /data/user/0/com.facebook.katana/mdex_lock took 1 ms
V/DexLibLoader(30794): Secondary program dex metadata: secondary-1.dex.jar.xz 15ef54b77950d1e6c1cbc3342a20571a9fd8050d secondary.dex01.Canary
V/DexLibLoader(30794): Secondary program dex metadata: secondary-2.dex.jar.xz 14bcaeed5ad488eaf139a59d22cf00efbde5948b secondary.dex02.Canary
V/DexLibLoader(30794): Secondary program dex metadata: secondary-3.dex.jar.xz e8acf246c92474061a3e0f7dafec5559e33da2c5 secondary.dex03.Canary
V/DexLibLoader(30794): Secondary program dex metadata: secondary-4.dex.jar.xz 1d7a13e77be07efb41a2c80160a9aec6fff27ad1 secondary.dex04.Canary
V/DexLibLoader(30794): Secondary program dex metadata: secondary-5.dex.jar.xz 42761fa3dedc1f1a9503bece4f2db80adf01f775 secondary.dex05.Canary
V/DexLibLoader(30794): Secondary program dex metadata: secondary-6.dex.jar.xz 1b4455e1ba1ff38a86723e24cd334fa1062519f1 secondary.dex06.Canary
V/DexLibLoader(30794): Secondary program dex metadata: secondary-7.dex.jar.xz a54de6ef97459e1e5b5c8f874a889a38965d3446 secondary.dex07.Canary
V/DexLibLoader(30794): directory "/data/user/0/com.facebook.katana/app_secondary_program_dex" contains "program-15ef54b77950d1e6c1cbc3342a20571a9fd8050d6661a1c7.dex.jar" as expected
V/DexLibLoader(30794): directory "/data/user/0/com.facebook.katana/app_secondary_program_dex" contains "program-14bcaeed5ad488eaf139a59d22cf00efbde5948b6661a1c7.dex.jar" as expected
V/DexLibLoader(30794): directory "/data/user/0/com.facebook.katana/app_secondary_program_dex" contains "program-e8acf246c92474061a3e0f7dafec5559e33da2c56661a1c7.dex.jar" as expected
V/DexLibLoader(30794): directory "/data/user/0/com.facebook.katana/app_secondary_program_dex" contains "program-1d7a13e77be07efb41a2c80160a9aec6fff27ad16661a1c7.dex.jar" as expected
V/DexLibLoader(30794): directory "/data/user/0/com.facebook.katana/app_secondary_program_dex" contains "program-42761fa3dedc1f1a9503bece4f2db80adf01f7756661a1c7.dex.jar" as expected
V/DexLibLoader(30794): directory "/data/user/0/com.facebook.katana/app_secondary_program_dex" contains "program-1b4455e1ba1ff38a86723e24cd334fa1062519f16661a1c7.dex.jar" as expected
V/DexLibLoader(30794): directory "/data/user/0/com.facebook.katana/app_secondary_program_dex" contains "program-a54de6ef97459e1e5b5c8f874a889a38965d34466661a1c7.dex.jar" as expected
D/DexLibLoader(30794): ignoring file "program-15ef54b77950d1e6c1cbc3342a20571a9fd8050d6661a1c7.dex.odex" in "/data/user/0/com.facebook.katana/app_secondary_program_dex"
D/DexLibLoader(30794): ignoring file "program-14bcaeed5ad488eaf139a59d22cf00efbde5948b6661a1c7.dex.odex" in "/data/user/0/com.facebook.katana/app_secondary_program_dex"
D/DexLibLoader(30794): ignoring file "program-e8acf246c92474061a3e0f7dafec5559e33da2c56661a1c7.dex.odex" in "/data/user/0/com.facebook.katana/app_secondary_program_dex"
D/DexLibLoader(30794): ignoring file "program-1d7a13e77be07efb41a2c80160a9aec6fff27ad16661a1c7.dex.odex" in "/data/user/0/com.facebook.katana/app_secondary_program_dex"
D/DexLibLoader(30794): ignoring file "program-42761fa3dedc1f1a9503bece4f2db80adf01f7756661a1c7.dex.odex" in "/data/user/0/com.facebook.katana/app_secondary_program_dex"
D/DexLibLoader(30794): ignoring file "program-1b4455e1ba1ff38a86723e24cd334fa1062519f16661a1c7.dex.odex" in "/data/user/0/com.facebook.katana/app_secondary_program_dex"
D/DexLibLoader(30794): ignoring file "program-a54de6ef97459e1e5b5c8f874a889a38965d34466661a1c7.dex.odex" in "/data/user/0/com.facebook.katana/app_secondary_program_dex"
D/DexLibLoader(30794): directory "/data/user/0/com.facebook.katana/app_secondary_program_dex" is valid
D/DexLibLoader(30794): ignoring file "primary_deps" in "/data/user/0/com.facebook.katana/app_secondary_program_dex_opt"
V/DexLibLoader(30794): directory "/data/user/0/com.facebook.katana/app_secondary_program_dex_opt" contains "program-15ef54b77950d1e6c1cbc3342a20571a9fd8050d6661a1c7.dex.dex" as expected
V/DexLibLoader(30794): directory "/data/user/0/com.facebook.katana/app_secondary_program_dex_opt" contains "program-14bcaeed5ad488eaf139a59d22cf00efbde5948b6661a1c7.dex.dex" as expected
V/DexLibLoader(30794): directory "/data/user/0/com.facebook.katana/app_secondary_program_dex_opt" contains "program-e8acf246c92474061a3e0f7dafec5559e33da2c56661a1c7.dex.dex" as expected
V/DexLibLoader(30794): directory "/data/user/0/com.facebook.katana/app_secondary_program_dex_opt" contains "program-1d7a13e77be07efb41a2c80160a9aec6fff27ad16661a1c7.dex.dex" as expected
V/DexLibLoader(30794): directory "/data/user/0/com.facebook.katana/app_secondary_program_dex_opt" contains "program-42761fa3dedc1f1a9503bece4f2db80adf01f7756661a1c7.dex.dex" as expected
V/DexLibLoader(30794): directory "/data/user/0/com.facebook.katana/app_secondary_program_dex_opt" contains "program-1b4455e1ba1ff38a86723e24cd334fa1062519f16661a1c7.dex.dex" as expected
V/DexLibLoader(30794): directory "/data/user/0/com.facebook.katana/app_secondary_program_dex_opt" contains "program-a54de6ef97459e1e5b5c8f874a889a38965d34466661a1c7.dex.dex" as expected
D/DexLibLoader(30794): directory "/data/user/0/com.facebook.katana/app_secondary_program_dex_opt" is valid
D/DexLibLoader(30794): loading pre-built cross-dex opt odex files
V/dalvik-internals(30794): hooked dvmResolveClass using jump ()
V/dalvik-internals(30794): hooked dvmFlushBreakpoints using jump ()
V/MultiDexClassLoader(30794): installing MultiDexClassLoader before application classloader
I/dalvikvm(30794): Could not find method dalvik.system.DexFile.loadClassBinaryName, referenced from method com.facebook.common.dextricks.DexFileLoadOld.a
W/dalvikvm(30794): VFY: unable to resolve virtual method 2073: Ldalvik/system/DexFile;.loadClassBinaryName (Ljava/lang/String;Ljava/lang/ClassLoader;)Ljava/lang/Class;
D/dalvikvm(30794): VFY: replacing opcode 0x6e at 0x0000
D/DexLibLoader(30794): released odex store lock
D/DexLibLoader(30794): DexLibLoader.loadAll took 71 ms
D/MemoryReductionHack(30794): Marked as initialized entry corresponding to path /data/app/com.facebook.katana-1.apk
D/GcOptimizer(30794): Enabled
V/dalvik-internals(30794): hooked dvmLinearAlloc using jump ()
V/dalvik-internals(30794): hooked dvmLinearRealloc using jump ()
V/dalvik-internals(30794): hooked dvmLinearFree using jump ()
V/dalvik-internals(30794): hooked dvmLinearStrdup using jump ()
V/dalvik-internals(30794): hooked dvmLinearAllocContains using jump ()
I/dalvik-internals(30794): enlarged linearalloc buffer to 33554432 bytes
D/WifiStateMachine( 1025): handleMessage: E msg.what=131155
D/WifiStateMachine( 1025): processMsg: ConnectedState
D/WifiStateMachine( 1025): processMsg: L2ConnectedState
D/WifiStateMachine( 1025): handleMessage: X
W/StaticBindingVerifier(30794): Verify
V/PhoneStatusBar( 1119): setLightsOn(true)
I/dalvikvm(30794): Could not find method com.facebook.resources.FbResources.getDrawable, referenced from method com.facebook.resources.impl.DownloadedFbResources.getDrawable
W/dalvikvm(30794): VFY: unable to resolve virtual method 48479: Lcom/facebook/resources/FbResources;.getDrawable (ILandroid/content/res/Resources$Theme;)Landroid/graphics/drawable/Drawable;
D/dalvikvm(30794): VFY: replacing opcode 0x6f at 0x0031
I/LaunchCheckinHandler( 1025): Displayed co.giftmeapp.gift_me/com.facebook.LoginActivity,wp,ca,966
I/ActivityManager( 1025): Displayed co.giftmeapp.gift_me/com.facebook.LoginActivity: +966ms
D/WifiService( 1025): New client listening to asynchronous messages
I/SFPerfTracer(  274):      triggers: (rate: 1009:414786) (303065 sw vsyncs) (962276 skipped) (17:2970899 vsyncs) (19:3726893)
D/WifiStateMachine( 1025): handleMessage: E msg.what=151572
D/WifiStateMachine( 1025): processMsg: ConnectedState
D/WifiStateMachine( 1025): processMsg: L2ConnectedState
D/WifiStateMachine( 1025): handleMessage: X
I/ActivityManager( 1025): Process com.facebook.orca (pid 30283) has died.
W/ActivityManager( 1025): Scheduling restart of crashed service com.facebook.orca/com.facebook.push.mqtt.service.MqttPushService in 214176ms
E/dalvikvm(30794): Could not find class 'org.apache.harmony.xnet.provider.jsse.OpenSSLSocketImpl', referenced from method com.facebook.ssl.openssl.check.CheckOpenSSLImplHasRequiredMethods.<clinit>
W/dalvikvm(30794): VFY: unable to resolve const-class 13808 (Lorg/apache/harmony/xnet/provider/jsse/OpenSSLSocketImpl;) in Lcom/facebook/ssl/openssl/check/CheckOpenSSLImplHasRequiredMethods;
D/dalvikvm(30794): VFY: replacing opcode 0x1c at 0x000d
E/dalvikvm(30794): Could not find class 'org.apache.harmony.xnet.provider.jsse.OpenSSLSocketFactoryImpl', referenced from method com.facebook.ssl.openssl.reflect.SSLParametersGetter.<clinit>
W/dalvikvm(30794): VFY: unable to resolve const-class 13807 (Lorg/apache/harmony/xnet/provider/jsse/OpenSSLSocketFactoryImpl;) in Lcom/facebook/ssl/openssl/reflect/SSLParametersGetter;
D/dalvikvm(30794): VFY: replacing opcode 0x1c at 0x000d
E/dalvikvm(30794): Could not find class 'org.apache.harmony.xnet.provider.jsse.SSLParametersImpl', referenced from method com.facebook.ssl.openssl.reflect.SSLParametersGetter.a
W/dalvikvm(30794): VFY: unable to resolve check-cast 13809 (Lorg/apache/harmony/xnet/provider/jsse/SSLParametersImpl;) in Lcom/facebook/ssl/openssl/reflect/SSLParametersGetter;
D/dalvikvm(30794): VFY: replacing opcode 0x1f at 0x0006
E/dalvikvm(30794): Could not find class 'org.apache.harmony.xnet.provider.jsse.SSLParametersImpl', referenced from method com.facebook.ssl.openssl.reflect.SSLSessionTimeoutSetter.<clinit>
W/dalvikvm(30794): VFY: unable to resolve const-class 13809 (Lorg/apache/harmony/xnet/provider/jsse/SSLParametersImpl;) in Lcom/facebook/ssl/openssl/reflect/SSLSessionTimeoutSetter;
D/dalvikvm(30794): VFY: replacing opcode 0x1c at 0x000d
W/dalvikvm(30794): VFY: unable to find class referenced in signature (Lorg/apache/harmony/xnet/provider/jsse/SSLParametersImpl;)
E/dalvikvm(30794): Could not find class 'org.apache.harmony.xnet.provider.jsse.ClientSessionContext', referenced from method com.facebook.ssl.openssl.reflect.SSLSessionTimeoutSetter.a
W/dalvikvm(30794): VFY: unable to resolve check-cast 13806 (Lorg/apache/harmony/xnet/provider/jsse/ClientSessionContext;) in Lcom/facebook/ssl/openssl/reflect/SSLSessionTimeoutSetter;
D/dalvikvm(30794): VFY: replacing opcode 0x1f at 0x0006
W/dalvikvm(30794): VFY: unable to find class referenced in signature (Lorg/apache/harmony/xnet/provider/jsse/SSLParametersImpl;)
W/dalvikvm(30794): Unable to resolve superclass of Lcom/facebook/ssl/openssl/TicketEnabledOpenSSLSocketImplWrapper; (11243)
W/dalvikvm(30794): Link of class 'Lcom/facebook/ssl/openssl/TicketEnabledOpenSSLSocketImplWrapper;' failed
E/dalvikvm(30794): Could not find class 'com.facebook.ssl.openssl.TicketEnabledOpenSSLSocketImplWrapper', referenced from method com.facebook.ssl.openssl.TicketEnabledOpenSSLSocketFactoryHelper.a
W/dalvikvm(30794): VFY: unable to resolve new-instance 10681 (Lcom/facebook/ssl/openssl/TicketEnabledOpenSSLSocketImplWrapper;) in Lcom/facebook/ssl/openssl/TicketEnabledOpenSSLSocketFactoryHelper;
D/dalvikvm(30794): VFY: replacing opcode 0x22 at 0x0000
W/dalvikvm(30794): Unable to resolve superclass of Lcom/facebook/ssl/openssl/TicketEnabledOpenSSLSocketImplWrapper; (11243)
W/dalvikvm(30794): Link of class 'Lcom/facebook/ssl/openssl/TicketEnabledOpenSSLSocketImplWrapper;' failed
D/dalvikvm(30794): DexOpt: unable to opt direct call 0xc22f at 0x08 in Lcom/facebook/ssl/openssl/TicketEnabledOpenSSLSocketFactoryHelper;.a
D/dalvikvm(30794): Trying to load lib /data/app-lib/com.facebook.katana-1/libfbjni.so 0x41fb63a8
D/dalvikvm(30794): Added shared lib /data/app-lib/com.facebook.katana-1/libfbjni.so 0x41fb63a8
D/dalvikvm(30794): Trying to load lib /data/app-lib/com.facebook.katana-1/libcares.so 0x41fb63a8
D/dalvikvm(30794): Added shared lib /data/app-lib/com.facebook.katana-1/libcares.so 0x41fb63a8
D/dalvikvm(30794): No JNI_OnLoad found in /data/app-lib/com.facebook.katana-1/libcares.so 0x41fb63a8, skipping init
D/dalvikvm(30794): Trying to load lib /data/app-lib/com.facebook.katana-1/libdouble-conversion.so 0x41fb63a8
D/dalvikvm(30794): Added shared lib /data/app-lib/com.facebook.katana-1/libdouble-conversion.so 0x41fb63a8
D/dalvikvm(30794): No JNI_OnLoad found in /data/app-lib/com.facebook.katana-1/libdouble-conversion.so 0x41fb63a8, skipping init
D/dalvikvm(30794): Trying to load lib /data/app-lib/com.facebook.katana-1/libevent.so 0x41fb63a8
D/dalvikvm(30794): Added shared lib /data/app-lib/com.facebook.katana-1/libevent.so 0x41fb63a8
D/dalvikvm(30794): No JNI_OnLoad found in /data/app-lib/com.facebook.katana-1/libevent.so 0x41fb63a8, skipping init
D/dalvikvm(30794): Trying to load lib /data/app-lib/com.facebook.katana-1/libliger.so 0x41fb63a8
D/dalvikvm(30794): Added shared lib /data/app-lib/com.facebook.katana-1/libliger.so 0x41fb63a8
I/ActivityManager( 1025): Process com.bambuna.podcastaddict (pid 27505) has died.
W/ActivityManager( 1025): Scheduling restart of crashed service com.bambuna.podcastaddict/.service.PodcastAddictService in 1000ms
W/fb4a(:<default>):AbstractMqttPushService(30794): Attempt to start service that is already started
D/dalvikvm(30794): Trying to load lib /data/app-lib/com.facebook.katana-1/libheartbleed.so 0x41fb63a8
D/dalvikvm(30794): Added shared lib /data/app-lib/com.facebook.katana-1/libheartbleed.so 0x41fb63a8
I/ActivityManager( 1025): Process com.google.android.gms.wearable (pid 30332) has died.
W/ActivityManager( 1025): Scheduling restart of crashed service com.google.android.gms/.wearable.service.WearableService in 10671ms
D/WifiStateMachine( 1025): handleMessage: E msg.what=151572
D/WifiStateMachine( 1025): processMsg: ConnectedState
D/WifiStateMachine( 1025): processMsg: L2ConnectedState
D/WifiStateMachine( 1025): handleMessage: X
I/ActivityManager( 1025): Process com.rhmsoft.fm:service (pid 27574) has died.
W/ActivityManager( 1025): Scheduling restart of crashed service com.rhmsoft.fm/com.cleanmaster.fm.service.BackgroundService in 20388ms
W/ContextImpl( 1295): Calling a method in the system process without a qualified user: android.app.ContextImpl.sendBroadcast:1252 android.content.ContextWrapper.sendBroadcast:365 com.motorola.motocare.util.TriggerHelper$TriggerBuilder.send:76 com.motorola.motocare.internal.frameworkevents.PauseResumeTrigger.handleFrameworkEvent:53 com.motorola.motocare.internal.frameworkevents.FwEventMonitor$FrameworkListener.processFrameworkEvent:114 
W/ContextImpl( 1295): Calling a method in the system process without a qualified user: android.app.ContextImpl.sendBroadcast:1252 android.content.ContextWrapper.sendBroadcast:365 com.motorola.motocare.util.TriggerHelper$TriggerBuilder.send:76 com.motorola.motocare.internal.frameworkevents.PauseResumeTrigger.handleFrameworkEvent:53 com.motorola.motocare.internal.frameworkevents.FwEventMonitor$FrameworkListener.processFrameworkEvent:114 
V/PhoneStatusBar( 1119): setLightsOn(true)
D/CordovaActivity(30431): Incoming Result. Request code = 64206
D/CordovaActivity(30431): We have a callback to send this result to
D/ConnectPlugin(30431): activity result in plugin: requestCode(64206), resultCode(-1)
I/ActivityManager( 1025): Process android.process.media (pid 30090) has died.
W/ActivityManager( 1025): Scheduling restart of crashed service com.android.providers.media/.MtpService in 30321ms
D/CordovaActivity(30431): Resuming the App
D/ConnectPlugin(30431): onSessionStateChange:OPENED
I/ActivityManager( 1025): Start proc com.bambuna.podcastaddict for service com.bambuna.podcastaddict/.service.PodcastAddictService: pid=30900 uid=10113 gids={50113, 3003, 1028, 1015, 3002}
I/Fabric  (30900): Initializing Crashlytics 2.0.0.15
E/cutils  (  261): Failed to mkdirat(/storage/sdcard1/Android): Read-only file system
W/Vold    (  261): Returning OperationFailed - no handler for errno 30
W/ContextImpl(30900): Failed to ensure directory: /storage/sdcard1/Android/data/com.bambuna.podcastaddict/files
D/ConnectPlugin(30431): returning login object {"id":"10152723000833157","first_name":"Tim","timezone":1,"email":"timcallagy@gmail.com","verified":true,"name":"Tim Callagy","locale":"en_US","link":"https:\/\/www.facebook.com\/app_scoped_user_id\/10152723000833157\/","last_name":"Callagy","gender":"male","updated_time":"2013-08-06T20:14:38+0000"}
W/ServerHelper(30900): sendServerDataAsync()
E/PodcastAddictService(30900): starting service: #418
I/CleanupHelper(30900): setupAutoTrashCleanerService()
W/GAV2    (30900): Thread[z,1,main]: Need to call initialize() and be in fallback mode to start dispatch.
W/GAV2    (30900): Thread[z,1,main]: dispatch call queued.  Need to call GAServiceManager.getInstance().initialize().
D/WifiStateMachine( 1025): handleMessage: E msg.what=151572
D/WifiStateMachine( 1025): processMsg: ConnectedState
D/WifiStateMachine( 1025): processMsg: L2ConnectedState
D/WifiStateMachine( 1025): handleMessage: X
D/WifiStateMachine( 1025): handleMessage: E msg.what=131155
D/WifiStateMachine( 1025): processMsg: ConnectedState
D/WifiStateMachine( 1025): processMsg: L2ConnectedState
D/WifiStateMachine( 1025): handleMessage: X
D/WifiStateMachine( 1025): handleMessage: E msg.what=151572
D/WifiStateMachine( 1025): processMsg: ConnectedState
D/WifiStateMachine( 1025): processMsg: L2ConnectedState
D/WifiStateMachine( 1025): handleMessage: X
I/SBar.NetworkController( 1119): onSignalStrengthsChanged SignalStrength: 4 0 -120 -160 -120 -1 -1 99 2147483647 2147483647 2147483647 2147483647 2147483647 gsm|lte 0 -108 -1 false 1 1 0 0 0 99 99 99 4 level=1
D/WifiStateMachine( 1025): handleMessage: E msg.what=151572
D/WifiStateMachine( 1025): processMsg: ConnectedState
D/WifiStateMachine( 1025): processMsg: L2ConnectedState
D/WifiStateMachine( 1025): handleMessage: X
D/dalvikvm(30794): GC_CONCURRENT freed 4266K, 25% free 12921K/17224K, paused 4ms+4ms, total 80ms
D/dalvikvm(30794): WAIT_FOR_CONCURRENT_GC blocked 21ms
W/BroadcastQueue( 1025): Permission Denial: broadcasting Intent { act=android.net.conn.INET_CONDITION_ACTION flg=0x4000010 (has extras) } from null (pid=-1, uid=-1) requires com.facebook.permission.prod.FB_APP_COMMUNICATION due to registered receiver BroadcastFilter{420544a0 u0 ReceiverList{4217c1c0 30794 com.facebook.katana/10110/u0 remote:424df610}}
W/BroadcastQueue( 1025): Permission Denial: broadcasting Intent { act=android.net.conn.CONNECTIVITY_CHANGE flg=0x4000010 (has extras) } from null (pid=-1, uid=-1) requires com.facebook.permission.prod.FB_APP_COMMUNICATION due to registered receiver BroadcastFilter{420544a0 u0 ReceiverList{4217c1c0 30794 com.facebook.katana/10110/u0 remote:424df610}}
W/dalvikvm(30794): Unable to resolve superclass of Lcom/facebook/push/adm/ADMBroadcastReceiver; (505)
W/dalvikvm(30794): Link of class 'Lcom/facebook/push/adm/ADMBroadcastReceiver;' failed
E/dalvikvm(30794): Could not find class 'com.facebook.push.adm.ADMBroadcastReceiver', referenced from method com.facebook.push.adm.ADMPushManager.b
W/dalvikvm(30794): VFY: unable to resolve const-class 8355 (Lcom/facebook/push/adm/ADMBroadcastReceiver;) in Lcom/facebook/push/adm/ADMPushManager;
D/dalvikvm(30794): VFY: replacing opcode 0x1c at 0x000e
D/WifiStateMachine( 1025): handleMessage: E msg.what=151572
D/WifiStateMachine( 1025): processMsg: ConnectedState
D/WifiStateMachine( 1025): processMsg: L2ConnectedState
D/WifiStateMachine( 1025): handleMessage: X
D/dalvikvm( 1025): GC_EXPLICIT freed 1311K, 41% free 30059K/50444K, paused 5ms+16ms, total 162ms
W/fb4a(:<default>):AbstractMqttPushService(30794): Attempt to start service that is already started
W/fb4a(:<default>):AbstractMqttPushService(30794): Attempt to start service that is already started
W/BroadcastQueue( 1025): Permission Denial: broadcasting Intent { act=android.net.conn.CONNECTIVITY_CHANGE flg=0x4000010 (has extras) } from null (pid=-1, uid=-1) requires com.facebook.permission.prod.FB_APP_COMMUNICATION due to registered receiver BroadcastFilter{433ef7a0 u0 ReceiverList{43849988 30794 com.facebook.katana/10110/u0 remote:42cff5b0}}
D/WifiStateMachine( 1025): handleMessage: E msg.what=131155
D/WifiStateMachine( 1025): processMsg: ConnectedState
D/WifiStateMachine( 1025): processMsg: L2ConnectedState
D/WifiStateMachine( 1025): handleMessage: X
D/GcOptimizer(30794): Configure for next cold start: enable
I/SFPerfTracer(  274):      triggers: (rate: 1009:414786) (303065 sw vsyncs) (962276 skipped) (17:2970962 vsyncs) (19:3726995)
D/WifiStateMachine( 1025): handleMessage: E msg.what=151572
D/WifiStateMachine( 1025): processMsg: ConnectedState
D/WifiStateMachine( 1025): processMsg: L2ConnectedState
I/ActivityManager( 1025): Start proc com.facebook.orca for content provider com.facebook.orca/.notify.MessengerLoggedInUserProvider: pid=31002 uid=10147 gids={50147, 3003, 1028, 1015}
D/WifiStateMachine( 1025): handleMessage: X
I/ActivityManager( 1025): Process com.facebook.katana (pid 30794) has died.
D/WifiService( 1025): Client connection lost with reason: 4
W/ActivityManager( 1025): Scheduling restart of crashed service com.facebook.katana/com.facebook.vault.service.VaultManagerService in 35459ms
W/ActivityManager( 1025): Scheduling restart of crashed service com.facebook.katana/com.facebook.push.mqtt.service.MqttPushService in 72423047168ms
D/CordovaLog(30431): file:///android_asset/www/js/ratchet.min.js: Line 10 : Uncaught SyntaxError: Failed to execute 'querySelector' on 'Document': '#settings/' is not a valid selector.
I/chromium(30431): [INFO:CONSOLE(10)] "Uncaught SyntaxError: Failed to execute 'querySelector' on 'Document': '#settings/' is not a valid selector.", source: file:///android_asset/www/js/ratchet.min.js (10)
D/ACRA    (31002): ACRA is enabled for com.facebook.orca, intializing...
D/ACRA    (31002): Looking for error files in /data/user/0/com.facebook.orca/app_acra-reports
D/ACRA    (31002): Looking for error files in /data/user/0/com.facebook.orca/app_minidumps
D/dalvikvm(31002): Trying to load lib /data/app-lib/com.facebook.orca-2/libgnustl_shared.so 0x41fb05f0
D/dalvikvm(31002): Added shared lib /data/app-lib/com.facebook.orca-2/libgnustl_shared.so 0x41fb05f0
D/dalvikvm(31002): No JNI_OnLoad found in /data/app-lib/com.facebook.orca-2/libgnustl_shared.so 0x41fb05f0, skipping init
D/dalvikvm(31002): Trying to load lib /data/app-lib/com.facebook.orca-2/libfb_breakpad_client.so 0x41fb05f0
D/dalvikvm(31002): Added shared lib /data/app-lib/com.facebook.orca-2/libfb_breakpad_client.so 0x41fb05f0
D/dalvikvm(31002): Trying to load lib /data/app-lib/com.facebook.orca-2/libfb_dalvik-internals.so 0x41fb05f0
D/dalvikvm(31002): Added shared lib /data/app-lib/com.facebook.orca-2/libfb_dalvik-internals.so 0x41fb05f0
V/DexLibLoader(31002): about to lock: /data/user/0/com.facebook.orca/mdex_lock
V/DexLibLoader(31002): locking /data/user/0/com.facebook.orca/mdex_lock took 1 ms
V/DexLibLoader(31002): Secondary program dex metadata: secondary-1.dex.jar 790183d1fb728678b0d8546ed8e9eaef90404089 secondary.dex01.Canary
V/DexLibLoader(31002): Secondary program dex metadata: secondary-2.dex.jar 03b795797c6ded9e8b3df575980b7d37d9ca8dad secondary.dex02.Canary
V/DexLibLoader(31002): Secondary program dex metadata: secondary-3.dex.jar 5ccf73e2daa6156653af1c6485ad6053f38846b9 secondary.dex03.Canary
V/DexLibLoader(31002): directory "/data/user/0/com.facebook.orca/app_secondary_program_dex" contains "program-790183d1fb728678b0d8546ed8e9eaef904040896661a1c7.dex.jar" as expected
V/DexLibLoader(31002): directory "/data/user/0/com.facebook.orca/app_secondary_program_dex" contains "program-03b795797c6ded9e8b3df575980b7d37d9ca8dad6661a1c7.dex.jar" as expected
V/DexLibLoader(31002): directory "/data/user/0/com.facebook.orca/app_secondary_program_dex" contains "program-5ccf73e2daa6156653af1c6485ad6053f38846b96661a1c7.dex.jar" as expected
D/DexLibLoader(31002): ignoring file "program-790183d1fb728678b0d8546ed8e9eaef904040896661a1c7.dex.odex" in "/data/user/0/com.facebook.orca/app_secondary_program_dex"
D/DexLibLoader(31002): ignoring file "program-03b795797c6ded9e8b3df575980b7d37d9ca8dad6661a1c7.dex.odex" in "/data/user/0/com.facebook.orca/app_secondary_program_dex"
D/DexLibLoader(31002): ignoring file "program-5ccf73e2daa6156653af1c6485ad6053f38846b96661a1c7.dex.odex" in "/data/user/0/com.facebook.orca/app_secondary_program_dex"
D/DexLibLoader(31002): directory "/data/user/0/com.facebook.orca/app_secondary_program_dex" is valid
D/DexLibLoader(31002): ignoring file "primary_deps" in "/data/user/0/com.facebook.orca/app_secondary_program_dex_opt"
V/DexLibLoader(31002): directory "/data/user/0/com.facebook.orca/app_secondary_program_dex_opt" contains "program-790183d1fb728678b0d8546ed8e9eaef904040896661a1c7.dex.dex" as expected
V/DexLibLoader(31002): directory "/data/user/0/com.facebook.orca/app_secondary_program_dex_opt" contains "program-03b795797c6ded9e8b3df575980b7d37d9ca8dad6661a1c7.dex.dex" as expected
V/DexLibLoader(31002): directory "/data/user/0/com.facebook.orca/app_secondary_program_dex_opt" contains "program-5ccf73e2daa6156653af1c6485ad6053f38846b96661a1c7.dex.dex" as expected
D/DexLibLoader(31002): directory "/data/user/0/com.facebook.orca/app_secondary_program_dex_opt" is valid
D/DexLibLoader(31002): loading pre-built cross-dex opt odex files
V/dalvik-internals(31002): hooked dvmResolveClass using jump ()
V/dalvik-internals(31002): hooked dvmFlushBreakpoints using jump ()
V/MultiDexClassLoader(31002): installing MultiDexClassLoader before application classloader
I/dalvikvm(31002): Could not find method dalvik.system.DexFile.loadClassBinaryName, referenced from method com.facebook.common.l.g.a
W/dalvikvm(31002): VFY: unable to resolve virtual method 1453: Ldalvik/system/DexFile;.loadClassBinaryName (Ljava/lang/String;Ljava/lang/ClassLoader;)Ljava/lang/Class;
D/dalvikvm(31002): VFY: replacing opcode 0x6e at 0x0000
D/DexLibLoader(31002): released odex store lock
D/DexLibLoader(31002): DexLibLoader.loadAll took 19 ms
W/bp      (31002): Verify
I/SBar.NetworkController( 1119): refreshSignalCluster: mobile: Signal=zz_moto_stat_sys_signal_2_fully_wide Roaming=(none) mSimIconId=(none) Accessibility="Phone two bars.","Not roaming.",""
E/dalvikvm(31002): Could not find class 'org.apache.harmony.xnet.provider.jsse.OpenSSLSocketImpl', referenced from method com.facebook.ssl.openssl.a.b.<clinit>
W/dalvikvm(31002): VFY: unable to resolve const-class 10658 (Lorg/apache/harmony/xnet/provider/jsse/OpenSSLSocketImpl;) in Lcom/facebook/ssl/openssl/a/b;
D/dalvikvm(31002): VFY: replacing opcode 0x1c at 0x000d
E/dalvikvm(31002): Could not find class 'org.apache.harmony.xnet.provider.jsse.OpenSSLSocketFactoryImpl', referenced from method com.facebook.ssl.openssl.b.b.<clinit>
W/dalvikvm(31002): VFY: unable to resolve const-class 10657 (Lorg/apache/harmony/xnet/provider/jsse/OpenSSLSocketFactoryImpl;) in Lcom/facebook/ssl/openssl/b/b;
D/dalvikvm(31002): VFY: replacing opcode 0x1c at 0x000d
E/dalvikvm(31002): Could not find class 'org.apache.harmony.xnet.provider.jsse.SSLParametersImpl', referenced from method com.facebook.ssl.openssl.b.b.a
W/dalvikvm(31002): VFY: unable to resolve check-cast 10660 (Lorg/apache/harmony/xnet/provider/jsse/SSLParametersImpl;) in Lcom/facebook/ssl/openssl/b/b;
D/dalvikvm(31002): VFY: replacing opcode 0x1f at 0x0006
E/dalvikvm(31002): Could not find class 'org.apache.harmony.xnet.provider.jsse.SSLParametersImpl', referenced from method com.facebook.ssl.openssl.b.c.<clinit>
W/dalvikvm(31002): VFY: unable to resolve const-class 10660 (Lorg/apache/harmony/xnet/provider/jsse/SSLParametersImpl;) in Lcom/facebook/ssl/openssl/b/c;
D/dalvikvm(31002): VFY: replacing opcode 0x1c at 0x000d
W/dalvikvm(31002): VFY: unable to find class referenced in signature (Lorg/apache/harmony/xnet/provider/jsse/SSLParametersImpl;)
E/dalvikvm(31002): Could not find class 'org.apache.harmony.xnet.provider.jsse.ClientSessionContext', referenced from method com.facebook.ssl.openssl.b.c.a
W/dalvikvm(31002): VFY: unable to resolve check-cast 10656 (Lorg/apache/harmony/xnet/provider/jsse/ClientSessionContext;) in Lcom/facebook/ssl/openssl/b/c;
D/dalvikvm(31002): VFY: replacing opcode 0x1f at 0x0006
W/dalvikvm(31002): VFY: unable to find class referenced in signature (Lorg/apache/harmony/xnet/provider/jsse/SSLParametersImpl;)
W/dalvikvm(31002): Unable to resolve superclass of Lcom/facebook/ssl/openssl/TicketEnabledOpenSSLSocketImplWrapper; (10659)
W/dalvikvm(31002): Link of class 'Lcom/facebook/ssl/openssl/TicketEnabledOpenSSLSocketImplWrapper;' failed
E/dalvikvm(31002): Could not find class 'com.facebook.ssl.openssl.TicketEnabledOpenSSLSocketImplWrapper', referenced from method com.facebook.ssl.openssl.b.a
W/dalvikvm(31002): VFY: unable to resolve new-instance 7258 (Lcom/facebook/ssl/openssl/TicketEnabledOpenSSLSocketImplWrapper;) in Lcom/facebook/ssl/openssl/b;
D/dalvikvm(31002): VFY: replacing opcode 0x22 at 0x0000
W/dalvikvm(31002): Unable to resolve superclass of Lcom/facebook/ssl/openssl/TicketEnabledOpenSSLSocketImplWrapper; (10659)
W/dalvikvm(31002): Link of class 'Lcom/facebook/ssl/openssl/TicketEnabledOpenSSLSocketImplWrapper;' failed
D/dalvikvm(31002): DexOpt: unable to opt direct call 0x9f40 at 0x08 in Lcom/facebook/ssl/openssl/b;.a
W/msgr(:<default>):a(31002): Attempt to start service that is already started
D/dalvikvm(31002): Trying to load lib /data/app-lib/com.facebook.orca-2/libfbjni.so 0x41fb05f0
D/dalvikvm(31002): Added shared lib /data/app-lib/com.facebook.orca-2/libfbjni.so 0x41fb05f0
D/dalvikvm(31002): Trying to load lib /data/app-lib/com.facebook.orca-2/libheartbleed.so 0x41fb05f0
D/dalvikvm(31002): Added shared lib /data/app-lib/com.facebook.orca-2/libheartbleed.so 0x41fb05f0
I/ActivityManager( 1025): Process com.bambuna.podcastaddict (pid 30900) has died.
W/ActivityManager( 1025): Scheduling restart of crashed service com.bambuna.podcastaddict/.service.PodcastAddictService in 34791ms
D/Ulp_jni ( 1025): Location CB invoked
D/WifiStateMachine( 1025): handleMessage: E msg.what=151572
D/WifiStateMachine( 1025): processMsg: ConnectedState
D/WifiStateMachine( 1025): processMsg: L2ConnectedState
D/WifiStateMachine( 1025): handleMessage: X
D/WifiStateMachine( 1025): handleMessage: E msg.what=151572
D/WifiStateMachine( 1025): processMsg: ConnectedState
D/WifiStateMachine( 1025): processMsg: L2ConnectedState
D/WifiStateMachine( 1025): handleMessage: X
D/WifiStateMachine( 1025): handleMessage: E msg.what=131155
D/WifiStateMachine( 1025): processMsg: ConnectedState
D/WifiStateMachine( 1025): processMsg: L2ConnectedState
D/WifiStateMachine( 1025): handleMessage: X
D/WifiStateMachine( 1025): handleMessage: E msg.what=151572
D/WifiStateMachine( 1025): processMsg: ConnectedState
D/WifiStateMachine( 1025): processMsg: L2ConnectedState
D/WifiStateMachine( 1025): handleMessage: X
D/WifiStateMachine( 1025): handleMessage: E msg.what=151572
D/WifiStateMachine( 1025): processMsg: ConnectedState
D/WifiStateMachine( 1025): processMsg: L2ConnectedState
D/WifiStateMachine( 1025): handleMessage: X
I/SBar.NetworkController( 1119): refreshSignalCluster: mobile: Signal=zz_moto_stat_sys_signal_1_fully_wide Roaming=(none) mSimIconId=(none) Accessibility="Phone one bar.","Not roaming.",""
I/SFPerfTracer(  274):      triggers: (rate: 1149:45729) (compose: 0:227) (post: 0:20) (render: 74:10147) (0:690822 frames) (1:3017671)
D/SFPerfTracer(  274):        layers: (3:10) (DimLayer: 0:158)* (DimLayer: 0:90)* (FocusedStackFrame: 0:18823)* (StatusBar: 1:234959) (NavigationBar: 0:178287) (DimLayer: 0:22070)* (DimLayer: 0:3849)* (com.android.wallpaper.fall.FallWallpaper: 0:50680)* (co.giftmeapp.gift_me/co.giftmeapp.gift_me.GiftMe: 0:66) (co.giftmeapp.gift_me/com.facebook.LoginActivity: 0:40)* 
W/BroadcastQueue( 1025): Permission Denial: broadcasting Intent { act=android.net.conn.INET_CONDITION_ACTION flg=0x4000010 (has extras) } from null (pid=-1, uid=-1) requires com.facebook.permission.prod.FB_APP_COMMUNICATION due to registered receiver BroadcastFilter{42bc36f8 u0 ReceiverList{42c678c0 31002 com.facebook.orca/10147/u0 remote:427f6250}}
W/BroadcastQueue( 1025): Permission Denial: broadcasting Intent { act=android.net.conn.CONNECTIVITY_CHANGE flg=0x4000010 (has extras) } from null (pid=-1, uid=-1) requires com.facebook.permission.prod.FB_APP_COMMUNICATION due to registered receiver BroadcastFilter{42bc36f8 u0 ReceiverList{42c678c0 31002 com.facebook.orca/10147/u0 remote:427f6250}}
W/dalvikvm(31002): Unable to resolve superclass of Lcom/facebook/push/adm/ADMBroadcastReceiver; (566)
W/dalvikvm(31002): Link of class 'Lcom/facebook/push/adm/ADMBroadcastReceiver;' failed
E/dalvikvm(31002): Could not find class 'com.facebook.push.adm.ADMBroadcastReceiver', referenced from method com.facebook.push.adm.a.b
W/dalvikvm(31002): VFY: unable to resolve const-class 6907 (Lcom/facebook/push/adm/ADMBroadcastReceiver;) in Lcom/facebook/push/adm/a;
D/dalvikvm(31002): VFY: replacing opcode 0x1c at 0x000e
W/msgr(:<default>):a(31002): Attempt to start service that is already started
W/msgr(:<default>):a(31002): Attempt to start service that is already started
W/BroadcastQueue( 1025): Permission Denial: broadcasting Intent { act=android.net.conn.CONNECTIVITY_CHANGE flg=0x4000010 (has extras) } from null (pid=-1, uid=-1) requires com.facebook.permission.prod.FB_APP_COMMUNICATION due to registered receiver BroadcastFilter{42a50b60 u0 ReceiverList{42be13d8 31002 com.facebook.orca/10147/u0 remote:423fbc88}}
D/WifiStateMachine( 1025): handleMessage: E msg.what=151572
D/WifiStateMachine( 1025): processMsg: ConnectedState
D/WifiStateMachine( 1025): processMsg: L2ConnectedState
D/WifiStateMachine( 1025): handleMessage: X
I/SBar.NetworkController( 1119): onSignalStrengthsChanged SignalStrength: 10 0 -120 -160 -120 -1 -1 99 2147483647 2147483647 2147483647 2147483647 2147483647 gsm|lte 0 -108 -1 false 3 3 0 0 0 99 99 99 4 level=3
I/SBar.NetworkController( 1119): refreshSignalCluster: mobile: Signal=zz_moto_stat_sys_signal_2_fully_wide Roaming=(none) mSimIconId=(none) Accessibility="Phone two bars.","Not roaming.",""
D/WifiStateMachine( 1025): handleMessage: E msg.what=131155
D/WifiStateMachine( 1025): processMsg: ConnectedState
D/WifiStateMachine( 1025): processMsg: L2ConnectedState
D/WifiStateMachine( 1025): handleMessage: X
I/ActivityManager( 1025): Process com.facebook.orca (pid 31002) has died.
W/ActivityManager( 1025): Scheduling restart of crashed service com.facebook.orca/com.facebook.push.mqtt.service.MqttPushService in 856704ms
I/ActivityManager( 1025): Start proc com.google.android.gms.wearable for service com.google.android.gms/.wearable.service.WearableService: pid=31103 uid=10022 gids={50022, 3003, 1007, 1028, 1015, 3002, 3001, 3007, 2001, 3006}
W/dalvikvm(31103): VFY: unable to resolve static field 658 (PR_SET_DUMPABLE) in Landroid/system/OsConstants;
D/dalvikvm(31103): VFY: replacing opcode 0x60 at 0x000b
I/MultiDex(31103): VM with version 1.6.0 does not have multidex support
I/MultiDex(31103): install
I/MultiDex(31103): MultiDexExtractor.load(/data/app/com.google.android.gms-1.apk, false)
I/MultiDex(31103): loading existing secondary dex files
I/MultiDex(31103): load found 3 secondary dex files
I/MultiDex(31103): install done
I/ProviderInstaller(31103): Insert disabled by gate 'gms:security:enable_conscrypt_in_gms_application'
D/GCM     (16934): GcmService start Intent { act=com.google.android.gms.INITIALIZE flg=0x10 pkg=com.google.android.gms cmp=com.google.android.gms/.gcm.GcmService } com.google.android.gms.INITIALIZE
I/dalvikvm(31103): Could not find method android.os.UserManager.getUserProfiles, referenced from method com.google.android.gms.wearable.service.aa.a
W/dalvikvm(31103): VFY: unable to resolve virtual method 1178: Landroid/os/UserManager;.getUserProfiles ()Ljava/util/List;
D/dalvikvm(31103): VFY: replacing opcode 0x6e at 0x0045
D/AuthorizationBluetoothService(16934): Received GmsCore event: Intent { act=com.google.android.gms.INITIALIZE flg=0x10 pkg=com.google.android.gms cmp=com.google.android.gms/.auth.be.proximity.authorization.bt.AuthorizationBluetoothService$AutoStarter }.
E/AuthorizationBluetoothService(16934): Proximity feature is not enabled.
V/GmsCoreStatsServiceLauncher(26737): Received broadcast intent Intent { act=com.google.android.gms.INITIALIZE flg=0x10 pkg=com.google.android.gms cmp=com.google.android.gms/.common.stats.GmsCoreStatsServiceLauncher }
D/LocationInitializer(26737): Restart initialization of location
E/dalvikvm(31103): Could not find class 'android.telecom.TelecomManager', referenced from method com.google.android.gms.wearable.service.o.a
W/dalvikvm(31103): VFY: unable to resolve check-cast 461 (Landroid/telecom/TelecomManager;) in Lcom/google/android/gms/wearable/service/o;
D/dalvikvm(31103): VFY: replacing opcode 0x1f at 0x0056
W/dalvikvm(31103): VFY: unable to find class referenced in signature (Landroid/telecom/TelecomManager;)
I/dalvikvm(31103): Could not find method android.content.pm.PackageManager.getPackageInstaller, referenced from method com.google.android.gms.common.ff.a
W/dalvikvm(31103): VFY: unable to resolve virtual method 479: Landroid/content/pm/PackageManager;.getPackageInstaller ()Landroid/content/pm/PackageInstaller;
D/dalvikvm(31103): VFY: replacing opcode 0x6e at 0x000d
E/MDM     (19200): [308942] b.run: Couldn't connect to Google API client: ConnectionResult{statusCode=API_UNAVAILABLE, resolution=null}
D/WifiStateMachine( 1025): handleMessage: E msg.what=151572
D/WifiStateMachine( 1025): processMsg: ConnectedState
D/WifiStateMachine( 1025): processMsg: L2ConnectedState
D/WifiStateMachine( 1025): handleMessage: X
I/SBar.NetworkController( 1119): refreshSignalCluster: mobile: Signal=zz_moto_stat_sys_signal_3_fully_wide Roaming=(none) mSimIconId=(none) Accessibility="Phone three bars.","Not roaming.",""
D/WifiStateMachine( 1025): handleMessage: E msg.what=151572
D/WifiStateMachine( 1025): processMsg: ConnectedState
D/WifiStateMachine( 1025): processMsg: L2ConnectedState
D/WifiStateMachine( 1025): handleMessage: X
D/WifiStateMachine( 1025): handleMessage: E msg.what=151572
D/WifiStateMachine( 1025): processMsg: ConnectedState
D/WifiStateMachine( 1025): processMsg: L2ConnectedState
D/WifiStateMachine( 1025): handleMessage: X
D/WifiStateMachine( 1025): handleMessage: E msg.what=131155
D/WifiStateMachine( 1025): processMsg: ConnectedState
D/WifiStateMachine( 1025): processMsg: L2ConnectedState
D/WifiStateMachine( 1025): handleMessage: X
D/WifiStateMachine( 1025): handleMessage: E msg.what=151572
D/WifiStateMachine( 1025): processMsg: ConnectedState
D/WifiStateMachine( 1025): processMsg: L2ConnectedState
D/WifiStateMachine( 1025): handleMessage: X
D/WifiStateMachine( 1025): handleMessage: E msg.what=151572
D/WifiStateMachine( 1025): processMsg: ConnectedState
D/WifiStateMachine( 1025): processMsg: L2ConnectedState
D/WifiStateMachine( 1025): handleMessage: X
D/Ulp_jni ( 1025): Location CB invoked
D/WifiStateMachine( 1025): handleMessage: E msg.what=151572
D/WifiStateMachine( 1025): processMsg: ConnectedState
D/WifiStateMachine( 1025): processMsg: L2ConnectedState
D/WifiStateMachine( 1025): handleMessage: X
D/WifiStateMachine( 1025): handleMessage: E msg.what=131155
D/WifiStateMachine( 1025): processMsg: ConnectedState
D/WifiStateMachine( 1025): processMsg: L2ConnectedState
D/WifiStateMachine( 1025): handleMessage: X
D/WifiStateMachine( 1025): handleMessage: E msg.what=151572
D/WifiStateMachine( 1025): processMsg: ConnectedState
D/WifiStateMachine( 1025): processMsg: L2ConnectedState
D/WifiStateMachine( 1025): handleMessage: X
I/MDMCTBK (  273): NetlinkHandler, power_supply subsys
I/MDMCTBK (  273): NetlinkHandler, usbChargerStateChanged
I/MDMCTBK (  273): checkDefaultInst, current pid is = 273
I/MDMCTBK (  273): checkDefaultInst, pid match
I/MDMCTBK (  273): MdmCutbackHndler,readFromFile = /sys/class/power_supply/usb/online
I/MDMCTBK (  273): MdmCutbackHndler,readFromFile = 
E/MDMCTBK (  273): MdmCutbackHndler,Could not open ''
I/MDMCTBK (  273): NetlinkHandler, power_supply subsys
I/MDMCTBK (  273): NetlinkHandler, usbChargerStateChanged
I/MDMCTBK (  273): checkDefaultInst, current pid is = 273
I/MDMCTBK (  273): checkDefaultInst, pid match
I/MDMCTBK (  273): MdmCutbackHndler,readFromFile = /sys/class/power_supply/usb/online
I/MDMCTBK (  273): MdmCutbackHndler,readFromFile = 
E/MDMCTBK (  273): MdmCutbackHndler,Could not open ''
I/SFPerfTracer(  274):      triggers: (rate: 1009:414786) (303065 sw vsyncs) (962276 skipped) (5:2971046 vsyncs) (7:3727102)
