I/ActivityManager( 1025): Process com.evernote (pid 5264) has died.
F/ProcessStats( 1025): Starting service ServiceState{42c48c08 com.whatsapp.messaging.MessageService pkg=com.whatsapp proc=42c48c08} without owner
F/ProcessStats( 1025): Starting service ServiceState{42b99358 com.google.android.music.playback.MusicPlaybackService pkg=com.google.android.music proc=42b99358} without owner
F/ProcessStats( 1025): Starting service ServiceState{43935048 com.google.android.music.wear.WearDataTransferConnectionService pkg=com.google.android.music proc=43935048} without owner
F/ProcessStats( 1025): Starting service ServiceState{42a4cec0 com.facebook.push.mqtt.service.MqttPushService pkg=com.facebook.katana proc=42a4cec0} without owner
I/ActivityManager( 1025): Start proc com.google.android.apps.magazines for broadcast com.google.android.apps.magazines/com.google.apps.dots.android.app.receiver.FirstInstallNotificationReceiver: pid=5399 uid=10077 gids={50077, 3003, 1028, 1015}
W/Vold    (  261): Returning OperationFailed - no handler for errno 30
W/Vold    (  261): Returning OperationFailed - no handler for errno 30
W/Vold    (  261): Returning OperationFailed - no handler for errno 30
W/Vold    (  261): Returning OperationFailed - no handler for errno 30
I/ActivityManager( 1025): Start proc com.google.android.googlequicksearchbox:search for content provider com.google.android.googlequicksearchbox/com.google.android.search.core.icingsync.InternalIcingCorporaProvider: pid=5434 uid=10045 gids={50045, 3003, 3001, 1028, 3002, 1015}
I/ActivityManager( 1025): Process com.google.android.partnersetup (pid 5289) has died.
I/ActivityManager( 1025): Start proc com.google.android.apps.cloudprint for broadcast com.google.android.apps.cloudprint/.printdialog.receivers.UpgradeBroadcastReceiver: pid=5477 uid=10058 gids={50058, 3003, 1028}
I/ActivityManager( 1025): Process com.evernote.widget (pid 5339) has died.
I/ActivityManager( 1025): Process com.pixowl.thesandbox.android (pid 5357) has died.
I/ActivityManager( 1025): Process com.google.android.apps.magazines (pid 5399) has died.
I/ActivityManager( 1025): Start proc com.motorola.context for broadcast com.motorola.context/.engine.mediator.MediatorReceiver: pid=5495 uid=10011 gids={50011, 3001, 3002, 3003}
I/ActivityManager( 1025): Start proc com.motorola.MotGallery2 for broadcast com.motorola.MotGallery2/com.motorola.blur.service.blur.StartupReceiver: pid=5512 uid=10034 gids={50034, 3003, 1028, 1015}
I/ActivityManager( 1025): Start proc uk.co.economist for broadcast uk.co.economist/com.urbanairship.push.GCMPushReceiver: pid=5529 uid=10130 gids={50130, 3003, 1028, 1015}
F/ProcessStats( 1025): Starting service ServiceState{42c48c08 com.whatsapp.messaging.MessageService pkg=com.whatsapp proc=42c48c08} without owner
F/ProcessStats( 1025): Starting service ServiceState{42b99358 com.google.android.music.playback.MusicPlaybackService pkg=com.google.android.music proc=42b99358} without owner
F/ProcessStats( 1025): Starting service ServiceState{43935048 com.google.android.music.wear.WearDataTransferConnectionService pkg=com.google.android.music proc=43935048} without owner
F/ProcessStats( 1025): Starting service ServiceState{42a4cec0 com.facebook.push.mqtt.service.MqttPushService pkg=com.facebook.katana proc=42a4cec0} without owner
I/ActivityManager( 1025): Process com.google.android.apps.cloudprint (pid 5477) has died.
F/ProcessStats( 1025): Starting service ServiceState{42c48c08 com.whatsapp.messaging.MessageService pkg=com.whatsapp proc=42c48c08} without owner
F/ProcessStats( 1025): Starting service ServiceState{42b99358 com.google.android.music.playback.MusicPlaybackService pkg=com.google.android.music proc=42b99358} without owner
F/ProcessStats( 1025): Starting service ServiceState{43935048 com.google.android.music.wear.WearDataTransferConnectionService pkg=com.google.android.music proc=43935048} without owner
F/ProcessStats( 1025): Starting service ServiceState{42a4cec0 com.facebook.push.mqtt.service.MqttPushService pkg=com.facebook.katana proc=42a4cec0} without owner
I/ActivityManager( 1025): Start proc com.facebook.katana for content provider com.facebook.katana/.provider.AttributionIdProvider: pid=5579 uid=10110 gids={50110, 1028, 1015, 3003}
I/ActivityManager( 1025): Process com.motorola.context (pid 5495) has died.
I/ActivityManager( 1025): Process com.motorola.MotGallery2 (pid 5512) has died.
I/ActivityManager( 1025): Process com.google.android.googlequicksearchbox:search (pid 5434) has died.
D/WifiService( 1025): New client listening to asynchronous messages
W/BroadcastQueue( 1025): Permission Denial: broadcasting Intent { act=android.net.conn.INET_CONDITION_ACTION flg=0x4000010 (has extras) } from null (pid=-1, uid=-1) requires com.facebook.permission.prod.FB_APP_COMMUNICATION due to registered receiver BroadcastFilter{438579d8 u0 ReceiverList{4320f008 5129 com.facebook.orca/10147/u0 remote:42d31d80}}
W/BroadcastQueue( 1025): Permission Denial: broadcasting Intent { act=android.net.conn.CONNECTIVITY_CHANGE flg=0x4000010 (has extras) } from null (pid=-1, uid=-1) requires com.facebook.permission.prod.FB_APP_COMMUNICATION due to registered receiver BroadcastFilter{438579d8 u0 ReceiverList{4320f008 5129 com.facebook.orca/10147/u0 remote:42d31d80}}
W/BroadcastQueue( 1025): Permission Denial: broadcasting Intent { act=android.net.conn.CONNECTIVITY_CHANGE flg=0x4000010 (has extras) } from null (pid=-1, uid=-1) requires com.facebook.permission.prod.FB_APP_COMMUNICATION due to registered receiver BroadcastFilter{42debcb0 u0 ReceiverList{42e0af50 5129 com.facebook.orca/10147/u0 remote:42b2b830}}
I/ActivityManager( 1025): Process uk.co.economist (pid 5529) has died.
W/ActivityManager( 1025): Service ServiceRecord{437ae5b0 u0 uk.co.economist/.service.APIService} in process ProcessRecord{427ba350 5529:uk.co.economist/u0a130} not same as in map: null
I/ActivityManager( 1025): Process com.viber.voip (pid 5369) has died.
W/ActivityManager( 1025): Scheduling restart of crashed service com.viber.voip/com.viber.service.VoipConnectorService in 62586ms
W/ActivityManager( 1025): Scheduling restart of crashed service com.viber.voip/.api.billing.InAppBillingService in 83892ms
W/BroadcastQueue( 1025): Permission Denial: broadcasting Intent { act=android.net.conn.INET_CONDITION_ACTION flg=0x4000010 (has extras) } from null (pid=-1, uid=-1) requires com.facebook.permission.prod.FB_APP_COMMUNICATION due to registered receiver BroadcastFilter{4285d7c8 u0 ReceiverList{42b8a150 5579 com.facebook.katana/10110/u0 remote:428013d0}}
W/BroadcastQueue( 1025): Permission Denial: broadcasting Intent { act=android.net.conn.CONNECTIVITY_CHANGE flg=0x4000010 (has extras) } from null (pid=-1, uid=-1) requires com.facebook.permission.prod.FB_APP_COMMUNICATION due to registered receiver BroadcastFilter{4285d7c8 u0 ReceiverList{42b8a150 5579 com.facebook.katana/10110/u0 remote:428013d0}}
W/BroadcastQueue( 1025): Permission Denial: broadcasting Intent { act=android.net.conn.CONNECTIVITY_CHANGE flg=0x4000010 (has extras) } from null (pid=-1, uid=-1) requires com.facebook.permission.prod.FB_APP_COMMUNICATION due to registered receiver BroadcastFilter{41fd76a0 u0 ReceiverList{42ae7510 5579 com.facebook.katana/10110/u0 remote:42065d10}}
I/SFPerfTracer(  274):      triggers: (rate: 1066:430978) (324178 sw vsyncs) (1003492 skipped) (18:3145978 vsyncs) (20:3942269)
D/WifiService( 1025): Client connection lost with reason: 4
I/ActivityManager( 1025): Process com.facebook.katana (pid 5579) has died.
W/ActivityManager( 1025): Scheduling restart of crashed service com.facebook.katana/com.facebook.push.mqtt.service.MqttPushService in 1048576000ms
W/ActivityManager( 1025): Service ServiceRecord{43831998 u0 com.facebook.katana/com.facebook.fbservice.service.DefaultBlueService} in process ProcessRecord{42a051c8 5579:com.facebook.katana/u0a110} not same as in map: null
V/AlarmManager( 1025): sending alarm Alarm{4281c020 type 2 com.facebook.orca}
V/AlarmManager( 1025): sending alarm Alarm{42814718 type 2 com.facebook.katana}
V/AlarmManager( 1025): sending alarm Alarm{427fd088 type 3 com.devexpert.weather}
V/AlarmManager( 1025): sending alarm Alarm{427ee8e0 type 2 com.whatsapp}
V/AlarmManager( 1025): sending alarm Alarm{427b9210 type 2 com.google.android.gms}
I/ActivityManager( 1025): Start proc com.devexpert.weather for broadcast com.devexpert.weather/.view.WidgetWeather2x1: pid=5758 uid=10112 gids={50112, 3003, 1028, 1015}
V/AlarmManager( 1025): sending alarm Alarm{431b6948 type 0 com.android.vending}
I/ActivityManager( 1025): Start proc com.android.vending for service com.android.vending/com.google.android.finsky.services.ContentSyncService: pid=5782 uid=10039 gids={50039, 3003, 1028, 1015}
D/WifiService( 1025): acquireWifiLockLocked: WifiLock{NlpWifiLock type=2 binder=android.os.BinderProxy@42ceeff8}
D/WifiService( 1025): releaseWifiLockLocked: WifiLock{NlpWifiLock type=2 binder=android.os.BinderProxy@42ceeff8}
I/ActivityManager( 1025): Process com.devexpert.weather (pid 5758) has died.
I/ActivityManager( 1025): Process com.android.vending (pid 5782) has died.
I/ActivityManager( 1025): Start proc com.facebook.katana for content provider com.facebook.katana/.provider.PlatformProvider: pid=5873 uid=10110 gids={50110, 1028, 1015, 3003}
I/ActivityManager( 1025): START u0 {act=com.facebook.platform.PLATFORM_ACTIVITY cat=[android.intent.category.DEFAULT] pkg=com.facebook.katana cmp=com.facebook.katana/com.facebook.platform.common.activity.PlatformActivity (has extras)} from pid 4885
W/ContextImpl( 1295): Calling a method in the system process without a qualified user: android.app.ContextImpl.sendBroadcast:1252 android.content.ContextWrapper.sendBroadcast:365 com.motorola.motocare.util.TriggerHelper$TriggerBuilder.send:76 com.motorola.motocare.internal.frameworkevents.PauseResumeTrigger.handleFrameworkEvent:53 com.motorola.motocare.internal.frameworkevents.FwEventMonitor$FrameworkListener.processFrameworkEvent:114 
W/ContextImpl( 1295): Calling a method in the system process without a qualified user: android.app.ContextImpl.sendBroadcast:1252 android.content.ContextWrapper.sendBroadcast:365 com.motorola.motocare.util.TriggerHelper$TriggerBuilder.send:76 com.motorola.motocare.internal.frameworkevents.PauseResumeTrigger.handleFrameworkEvent:53 com.motorola.motocare.internal.frameworkevents.FwEventMonitor$FrameworkListener.processFrameworkEvent:114 
D/WifiService( 1025): New client listening to asynchronous messages
I/ActivityManager( 1025): START u0 {cmp=com.facebook.katana/com.facebook.platform.common.activity.PlatformWrapperActivity (has extras)} from pid 5873
W/ContextImpl( 1295): Calling a method in the system process without a qualified user: android.app.ContextImpl.sendBroadcast:1252 android.content.ContextWrapper.sendBroadcast:365 com.motorola.motocare.util.TriggerHelper$TriggerBuilder.send:76 com.motorola.motocare.internal.frameworkevents.PauseResumeTrigger.handleFrameworkEvent:53 com.motorola.motocare.internal.frameworkevents.FwEventMonitor$FrameworkListener.processFrameworkEvent:114 
W/ContextImpl( 1295): Calling a method in the system process without a qualified user: android.app.ContextImpl.sendBroadcast:1252 android.content.ContextWrapper.sendBroadcast:365 com.motorola.motocare.util.TriggerHelper$TriggerBuilder.send:76 com.motorola.motocare.internal.frameworkevents.PauseResumeTrigger.handleFrameworkEvent:53 com.motorola.motocare.internal.frameworkevents.FwEventMonitor$FrameworkListener.processFrameworkEvent:114 
I/ActivityManager( 1025): START u0 {cmp=com.facebook.katana/com.facebook.composer.activity.ComposerActivity (has extras)} from pid 5873
W/ContextImpl( 1295): Calling a method in the system process without a qualified user: android.app.ContextImpl.sendBroadcast:1252 android.content.ContextWrapper.sendBroadcast:365 com.motorola.motocare.util.TriggerHelper$TriggerBuilder.send:76 com.motorola.motocare.internal.frameworkevents.PauseResumeTrigger.handleFrameworkEvent:53 com.motorola.motocare.internal.frameworkevents.FwEventMonitor$FrameworkListener.processFrameworkEvent:114 
W/ContextImpl( 1295): Calling a method in the system process without a qualified user: android.app.ContextImpl.sendBroadcast:1252 android.content.ContextWrapper.sendBroadcast:365 com.motorola.motocare.util.TriggerHelper$TriggerBuilder.send:76 com.motorola.motocare.internal.frameworkevents.PauseResumeTrigger.handleFrameworkEvent:53 com.motorola.motocare.internal.frameworkevents.FwEventMonitor$FrameworkListener.processFrameworkEvent:114 
I/SFPerfTracer(  274):      triggers: (rate: 1198:47541) (compose: 0:244) (post: 0:20) (render: 81:10423) (21:731815 frames) (22:3143472)
D/SFPerfTracer(  274):        layers: (3:10) (DimLayer: 0:158)* (DimLayer: 0:98)* (FocusedStackFrame: 0:20254)* (StatusBar: 0:249224) (NavigationBar: 0:191878) (DimLayer: 0:23224)* (DimLayer: 0:4259)* (com.android.wallpaper.fall.FallWallpaper: 0:10901)* (co.giftmeapp.gift_me/co.giftmeapp.gift_me.GiftMe: 0:93) (com.facebook.katana/com.facebook.platform.common.activity.PlatformActivity: 22:22)* 
I/ActivityManager( 1025): Process com.facebook.orca (pid 5129) has died.
W/ActivityManager( 1025): Scheduling restart of crashed service com.facebook.orca/com.facebook.push.mqtt.service.MqttPushService in 4000ms
I/ActivityManager( 1025): Process com.rhmsoft.fm:service (pid 2730) has died.
W/ActivityManager( 1025): Scheduling restart of crashed service com.rhmsoft.fm/com.cleanmaster.fm.service.BackgroundService in 52346ms
I/ActivityManager( 1025): Start proc com.google.android.inputmethod.latin for service com.google.android.inputmethod.latin/com.android.inputmethod.latin.spellcheck.AndroidSpellCheckerService: pid=5958 uid=10074 gids={50074, 3003, 1028, 1015}
I/LaunchCheckinHandler( 1025): Displayed com.facebook.katana/com.facebook.composer.activity.ComposerActivity,wp,ca,1063
I/LaunchCheckinHandler( 1025): Displayed com.facebook.katana/com.facebook.platform.common.activity.PlatformActivity,wp,ca,2204 (total)
I/ActivityManager( 1025): Process com.ghisler.android.TotalCommander (pid 4538) has died.
I/WindowState( 1025): WIN DEATH: Window{4211e618 u0 com.ghisler.android.TotalCommander/com.ghisler.android.TotalCommander.TotalCommander}
I/SFPerfTracer(  274):      triggers: (rate: 1066:430978) (324178 sw vsyncs) (1003492 skipped) (108:3146150 vsyncs) (110:3942474)
I/SFPerfTracer(  274):      triggers: (rate: 1198:47543) (compose: 0:244) (post: 0:20) (render: 81:10423) (20:731920 frames) (21:3143589)
D/SFPerfTracer(  274):        layers: (5:13) (DimLayer: 0:158)* (DimLayer: 0:98)* (FocusedStackFrame: 0:20258)* (StatusBar: 0:249227) (NavigationBar: 0:191880) (DimLayer: 0:23224)* (DimLayer: 0:4261)* (com.android.wallpaper.fall.FallWallpaper: 0:10901)* (co.giftmeapp.gift_me/co.giftmeapp.gift_me.GiftMe: 0:112)* (com.facebook.katana/com.facebook.platform.common.activity.PlatformActivity: 0:86)* (com.facebook.katana/com.facebook.composer.activity.ComposerActivity: 21:59) (SurfaceView: 14:17) (InputMethod: 14:21) 
I/ActivityManager( 1025): Start proc com.facebook.orca for service com.facebook.orca/com.facebook.push.mqtt.service.MqttPushService: pid=6006 uid=10147 gids={50147, 3003, 1028, 1015}
W/BroadcastQueue( 1025): Permission Denial: broadcasting Intent { act=android.net.conn.INET_CONDITION_ACTION flg=0x4000010 (has extras) } from null (pid=-1, uid=-1) requires com.facebook.permission.prod.FB_APP_COMMUNICATION due to registered receiver BroadcastFilter{42ab5a90 u0 ReceiverList{429cbfa0 5873 com.facebook.katana/10110/u0 remote:4218f230}}
W/BroadcastQueue( 1025): Permission Denial: broadcasting Intent { act=android.net.conn.CONNECTIVITY_CHANGE flg=0x4000010 (has extras) } from null (pid=-1, uid=-1) requires com.facebook.permission.prod.FB_APP_COMMUNICATION due to registered receiver BroadcastFilter{42ab5a90 u0 ReceiverList{429cbfa0 5873 com.facebook.katana/10110/u0 remote:4218f230}}
W/BroadcastQueue( 1025): Permission Denial: broadcasting Intent { act=android.net.conn.CONNECTIVITY_CHANGE flg=0x4000010 (has extras) } from null (pid=-1, uid=-1) requires com.facebook.permission.prod.FB_APP_COMMUNICATION due to registered receiver BroadcastFilter{42025130 u0 ReceiverList{425f6058 5873 com.facebook.katana/10110/u0 remote:41fccbf8}}
I/ActivityManager( 1025): Process com.facebook.orca (pid 6006) has died.
W/ActivityManager( 1025): Scheduling restart of crashed service com.facebook.orca/com.facebook.push.mqtt.service.MqttPushService in 68361ms
I/ActivityManager( 1025): Process com.google.android.gms.wearable (pid 5158) has died.
W/ActivityManager( 1025): Scheduling restart of crashed service com.google.android.gms/.wearable.service.WearableService in 123776ms
I/ActivityManager( 1025): Start proc com.facebook.orca for content provider com.facebook.orca/.notify.MessengerLoggedInUserProvider: pid=6081 uid=10147 gids={50147, 3003, 1028, 1015}
I/ActivityManager( 1025): Process android.process.media (pid 5115) has died.
W/ActivityManager( 1025): Scheduling restart of crashed service com.android.providers.media/.MtpService in 163664ms
I/ActivityManager( 1025): Process com.google.android.gms (pid 1514) has died.
W/ActivityManager( 1025): Scheduling restart of crashed service com.google.android.gms/.analytics.service.AnalyticsService in 1000ms
D/WifiService( 1025): Client connection lost with reason: 4
--------- beginning of /dev/log/main
D/dalvikvm( 6081): Trying to load lib /data/app-lib/com.facebook.orca-2/libfbjni.so 0x41fb40b8
D/dalvikvm( 6081): Added shared lib /data/app-lib/com.facebook.orca-2/libfbjni.so 0x41fb40b8
D/dalvikvm( 6081): Trying to load lib /data/app-lib/com.facebook.orca-2/libheartbleed.so 0x41fb40b8
D/dalvikvm( 6081): Added shared lib /data/app-lib/com.facebook.orca-2/libheartbleed.so 0x41fb40b8
D/WifiStateMachine( 1025): handleMessage: E msg.what=151572
D/WifiStateMachine( 1025): processMsg: ConnectedState
D/WifiStateMachine( 1025): processMsg: L2ConnectedState
D/WifiStateMachine( 1025): handleMessage: X
I/dalvikvm( 5873): Jit: resizing JitTable from 4096 to 8192
V/AlarmManager( 1025): sending alarm Alarm{4287ba50 type 1 com.facebook.katana}
D/dalvikvm(27213): GC_CONCURRENT freed 2552K, 45% free 11302K/20348K, paused 4ms+9ms, total 55ms
V/AlarmManager( 1025): sending alarm Alarm{423bdbc0 type 1 com.facebook.katana}
D/WifiStateMachine( 1025): handleMessage: E msg.what=131155
D/WifiStateMachine( 1025): processMsg: ConnectedState
D/WifiStateMachine( 1025): processMsg: L2ConnectedState
D/WifiStateMachine( 1025): handleMessage: X
I/ActivityManager( 1025): Start proc com.google.android.gms for service com.google.android.gms/.analytics.service.AnalyticsService: pid=6690 uid=10022 gids={50022, 3003, 1007, 1028, 1015, 3002, 3001, 3007, 2001, 3006}
I/SFPerfTracer(  274):      triggers: (rate: 1066:430978) (324178 sw vsyncs) (1003492 skipped) (0:3146222 vsyncs) (1:3942575)
D/dalvikvm(  275): GC_EXPLICIT freed 42K, 48% free 9011K/17224K, paused 2ms+2ms, total 46ms
D/dalvikvm(  275): GC_EXPLICIT freed <1K, 48% free 9011K/17224K, paused 1ms+3ms, total 31ms
D/dalvikvm(  275): GC_EXPLICIT freed <1K, 48% free 9011K/17224K, paused 1ms+2ms, total 18ms
W/dalvikvm( 6690): VFY: unable to resolve static field 658 (PR_SET_DUMPABLE) in Landroid/system/OsConstants;
D/dalvikvm( 6690): VFY: replacing opcode 0x60 at 0x000b
D/WifiStateMachine( 1025): handleMessage: E msg.what=151572
D/WifiStateMachine( 1025): processMsg: ConnectedState
D/WifiStateMachine( 1025): processMsg: L2ConnectedState
D/WifiStateMachine( 1025): handleMessage: X
I/MultiDex( 6690): VM with version 1.6.0 does not have multidex support
I/MultiDex( 6690): install
I/MultiDex( 6690): MultiDexExtractor.load(/data/app/com.google.android.gms-1.apk, false)
I/MultiDex( 6690): loading existing secondary dex files
I/MultiDex( 6690): load found 3 secondary dex files
I/MultiDex( 6690): install done
D/Ulp_jni ( 1025): Location CB invoked
D/dalvikvm( 1025): GC_EXPLICIT freed 1279K, 40% free 30424K/50444K, paused 6ms+17ms, total 163ms
I/ProviderInstaller( 6690): Insert disabled by gate 'gms:security:enable_conscrypt_in_gms_application'
D/GCM     (29665): GcmService start Intent { act=com.google.android.gms.INITIALIZE flg=0x10 pkg=com.google.android.gms cmp=com.google.android.gms/.gcm.GcmService } com.google.android.gms.INITIALIZE
V/GAV3    (26525): Thread[main,5,main]: service connected, binder: android.os.BinderProxy@4203b238
V/GAV3    (26525): Thread[main,5,main]: bound to service
V/GAV3    (26525): Thread[main,5,main]: Connected to service
V/GAV3    (26525): Thread[main,5,main]: service connected, binder: android.os.BinderProxy@4203b238
V/GAV3    (26525): Thread[main,5,main]: bound to service
V/GAV3    (26525): Thread[main,5,main]: Connected to service
V/GAV3    (26525): Thread[main,5,main]: service connected, binder: android.os.BinderProxy@4203b238
V/GAV3    (26525): Thread[main,5,main]: bound to service
V/GAV3    (26525): Thread[main,5,main]: Connected to service
V/GAV3    (26525): Thread[main,5,main]: service connected, binder: android.os.BinderProxy@4203b238
V/GAV3    (26525): Thread[main,5,main]: bound to service
V/GAV3    (26525): Thread[main,5,main]: Connected to service
V/GAV3    (26525): Thread[main,5,main]: service connected, binder: android.os.BinderProxy@4203b238
V/GAV3    (26525): Thread[main,5,main]: bound to service
V/GAV3    (26525): Thread[main,5,main]: Connected to service
V/GAV3    (26525): Thread[main,5,main]: service connected, binder: android.os.BinderProxy@4203b238
V/GAV3    (26525): Thread[main,5,main]: bound to service
V/GAV3    (26525): Thread[main,5,main]: Connected to service
D/AuthorizationBluetoothService(29665): Received GmsCore event: Intent { act=com.google.android.gms.INITIALIZE flg=0x10 pkg=com.google.android.gms cmp=com.google.android.gms/.auth.be.proximity.authorization.bt.AuthorizationBluetoothService$AutoStarter }.
E/AuthorizationBluetoothService(29665): Proximity feature is not enabled.
V/GmsCoreStatsServiceLauncher( 6690): Received broadcast intent Intent { act=com.google.android.gms.INITIALIZE flg=0x10 pkg=com.google.android.gms cmp=com.google.android.gms/.common.stats.GmsCoreStatsServiceLauncher }
I/ActivityManager( 1025): Start proc com.google.android.gms.wearable for service com.google.android.gms/.wearable.service.WearableService: pid=6871 uid=10022 gids={50022, 3003, 1007, 1028, 1015, 3002, 3001, 3007, 2001, 3006}
W/dalvikvm( 6871): VFY: unable to resolve static field 658 (PR_SET_DUMPABLE) in Landroid/system/OsConstants;
D/dalvikvm( 6871): VFY: replacing opcode 0x60 at 0x000b
D/LocationInitializer( 6690): Restart initialization of location
I/MultiDex( 6871): VM with version 1.6.0 does not have multidex support
I/MultiDex( 6871): install
I/MultiDex( 6871): MultiDexExtractor.load(/data/app/com.google.android.gms-1.apk, false)
I/MultiDex( 6871): loading existing secondary dex files
I/MultiDex( 6871): load found 3 secondary dex files
I/MultiDex( 6871): install done
I/ProviderInstaller( 6871): Insert disabled by gate 'gms:security:enable_conscrypt_in_gms_application'
D/GCM     (29665): GcmService start Intent { act=com.google.android.gms.INITIALIZE flg=0x10 pkg=com.google.android.gms cmp=com.google.android.gms/.gcm.GcmService } com.google.android.gms.INITIALIZE
I/dalvikvm( 6871): Could not find method android.os.UserManager.getUserProfiles, referenced from method com.google.android.gms.wearable.service.aa.a
W/dalvikvm( 6871): VFY: unable to resolve virtual method 1178: Landroid/os/UserManager;.getUserProfiles ()Ljava/util/List;
D/dalvikvm( 6871): VFY: replacing opcode 0x6e at 0x0045
D/AuthorizationBluetoothService(29665): Received GmsCore event: Intent { act=com.google.android.gms.INITIALIZE flg=0x10 pkg=com.google.android.gms cmp=com.google.android.gms/.auth.be.proximity.authorization.bt.AuthorizationBluetoothService$AutoStarter }.
E/AuthorizationBluetoothService(29665): Proximity feature is not enabled.
V/GmsCoreStatsServiceLauncher( 6690): Received broadcast intent Intent { act=com.google.android.gms.INITIALIZE flg=0x10 pkg=com.google.android.gms cmp=com.google.android.gms/.common.stats.GmsCoreStatsServiceLauncher }
D/LocationInitializer( 6690): Restart initialization of location
D/dalvikvm(27213): GC_EXPLICIT freed 1335K, 44% free 11459K/20348K, paused 4ms+6ms, total 43ms
E/dalvikvm( 6871): Could not find class 'android.telecom.TelecomManager', referenced from method com.google.android.gms.wearable.service.o.a
W/dalvikvm( 6871): VFY: unable to resolve check-cast 461 (Landroid/telecom/TelecomManager;) in Lcom/google/android/gms/wearable/service/o;
D/dalvikvm( 6871): VFY: replacing opcode 0x1f at 0x0056
W/dalvikvm( 6871): VFY: unable to find class referenced in signature (Landroid/telecom/TelecomManager;)
I/dalvikvm( 6871): Could not find method android.content.pm.PackageManager.getPackageInstaller, referenced from method com.google.android.gms.common.ff.a
W/dalvikvm( 6871): VFY: unable to resolve virtual method 479: Landroid/content/pm/PackageManager;.getPackageInstaller ()Landroid/content/pm/PackageInstaller;
D/dalvikvm( 6871): VFY: replacing opcode 0x6e at 0x000d
E/MDM     (30956): [394145] b.run: Couldn't connect to Google API client: ConnectionResult{statusCode=API_UNAVAILABLE, resolution=null}
E/MDM     (30956): [394145] b.run: Couldn't connect to Google API client: ConnectionResult{statusCode=API_UNAVAILABLE, resolution=null}
D/WifiStateMachine( 1025): handleMessage: E msg.what=151572
D/WifiStateMachine( 1025): processMsg: ConnectedState
D/WifiStateMachine( 1025): processMsg: L2ConnectedState
D/WifiStateMachine( 1025): handleMessage: X
D/dalvikvm(27213): GC_EXPLICIT freed 869K, 45% free 11326K/20348K, paused 2ms+5ms, total 32ms
D/WifiStateMachine( 1025): handleMessage: E msg.what=151572
D/WifiStateMachine( 1025): processMsg: ConnectedState
D/WifiStateMachine( 1025): processMsg: L2ConnectedState
D/WifiStateMachine( 1025): handleMessage: X
I/ActivityManager( 1025): Process com.facebook.orca (pid 6081) has died.
W/ActivityManager( 1025): Scheduling restart of crashed service com.facebook.orca/com.facebook.push.mqtt.service.MqttPushService in 273444ms
D/WifiStateMachine( 1025): handleMessage: E msg.what=131155
D/WifiStateMachine( 1025): processMsg: ConnectedState
D/WifiStateMachine( 1025): processMsg: L2ConnectedState
D/WifiStateMachine( 1025): handleMessage: X
D/WifiStateMachine( 1025): handleMessage: E msg.what=151572
D/WifiStateMachine( 1025): processMsg: ConnectedState
D/WifiStateMachine( 1025): processMsg: L2ConnectedState
D/WifiStateMachine( 1025): handleMessage: X
I/dalvikvm( 5873): Total arena pages for JIT: 11
I/dalvikvm( 5873): Total arena pages for JIT: 12
I/dalvikvm( 5873): Total arena pages for JIT: 13
I/dalvikvm( 5873): Total arena pages for JIT: 14
I/dalvikvm( 5873): Total arena pages for JIT: 15
D/dalvikvm( 2391): GC_CONCURRENT freed 509K, 26% free 13825K/18668K, paused 4ms+7ms, total 55ms
I/ActivityManager( 1025): Process com.google.android.gms (pid 6690) has died.
W/ActivityManager( 1025): Scheduling restart of crashed service com.google.android.gms/.analytics.service.AnalyticsService in 62216ms
V/GAV3    (26525): Thread[main,5,main]: service disconnected: ComponentInfo{com.google.android.gms/com.google.android.gms.analytics.service.AnalyticsService}
V/GAV3    (26525): Thread[main,5,main]: Unexpected disconnect.
V/GAV3    (26525): Thread[main,5,main]: service disconnected: ComponentInfo{com.google.android.gms/com.google.android.gms.analytics.service.AnalyticsService}
V/GAV3    (26525): Thread[main,5,main]: Unexpected disconnect.
V/GAV3    (26525): Thread[main,5,main]: service disconnected: ComponentInfo{com.google.android.gms/com.google.android.gms.analytics.service.AnalyticsService}
V/GAV3    (26525): Thread[main,5,main]: Unexpected disconnect.
V/GAV3    (26525): Thread[main,5,main]: service disconnected: ComponentInfo{com.google.android.gms/com.google.android.gms.analytics.service.AnalyticsService}
V/GAV3    (26525): Thread[main,5,main]: Unexpected disconnect.
V/GAV3    (26525): Thread[main,5,main]: service disconnected: ComponentInfo{com.google.android.gms/com.google.android.gms.analytics.service.AnalyticsService}
V/GAV3    (26525): Thread[main,5,main]: Unexpected disconnect.
V/GAV3    (26525): Thread[main,5,main]: service disconnected: ComponentInfo{com.google.android.gms/com.google.android.gms.analytics.service.AnalyticsService}
V/GAV3    (26525): Thread[main,5,main]: Unexpected disconnect.
I/ActivityManager( 1025): Process com.motorola.audioeffects (pid 20782) has died.
W/ActivityManager( 1025): Scheduling restart of crashed service com.motorola.audioeffects/.AudioEffectsService in 89236ms
D/dalvikvm(27213): GC_CONCURRENT freed 1738K, 43% free 11635K/20348K, paused 3ms+8ms, total 41ms
D/dalvikvm(27213): WAIT_FOR_CONCURRENT_GC blocked 15ms
D/WifiStateMachine( 1025): handleMessage: E msg.what=151572
D/WifiStateMachine( 1025): processMsg: ConnectedState
D/WifiStateMachine( 1025): processMsg: L2ConnectedState
D/WifiStateMachine( 1025): handleMessage: X
I/SFPerfTracer(  274):      triggers: (rate: 1198:47549) (compose: 0:244) (post: 0:20) (render: 81:10423) (0:731966 frames) (1:3143689)
D/SFPerfTracer(  274):        layers: (5:12) (DimLayer: 0:158)* (DimLayer: 0:98)* (FocusedStackFrame: 0:20258)* (StatusBar: 0:249234) (NavigationBar: 0:191881) (DimLayer: 0:23237) (DimLayer: 0:4261)* (com.android.wallpaper.fall.FallWallpaper: 0:10901)* (com.facebook.katana/com.facebook.composer.activity.ComposerActivity: 0:127) (SurfaceView: 0:18)* (InputMethod: 0:35)* (Panel:com.facebook.katana/com.facebook.composer.activity.ComposerActivity: 1:43) 
D/WifiStateMachine( 1025): handleMessage: E msg.what=151572
D/WifiStateMachine( 1025): processMsg: ConnectedState
D/WifiStateMachine( 1025): processMsg: L2ConnectedState
D/WifiStateMachine( 1025): handleMessage: X
D/WifiStateMachine( 1025): handleMessage: E msg.what=131155
D/WifiStateMachine( 1025): processMsg: ConnectedState
D/WifiStateMachine( 1025): processMsg: L2ConnectedState
D/WifiStateMachine( 1025): handleMessage: X
D/WifiStateMachine( 1025): handleMessage: E msg.what=151572
D/WifiStateMachine( 1025): processMsg: ConnectedState
D/WifiStateMachine( 1025): processMsg: L2ConnectedState
D/WifiStateMachine( 1025): handleMessage: X
I/ActivityManager( 1025): START u0 {cmp=com.facebook.katana/.activity.profilelist.FriendSingleSelectorActivity} from pid 5873
W/ContextImpl( 1295): Calling a method in the system process without a qualified user: android.app.ContextImpl.sendBroadcast:1252 android.content.ContextWrapper.sendBroadcast:365 com.motorola.motocare.util.TriggerHelper$TriggerBuilder.send:76 com.motorola.motocare.internal.frameworkevents.PauseResumeTrigger.handleFrameworkEvent:53 com.motorola.motocare.internal.frameworkevents.FwEventMonitor$FrameworkListener.processFrameworkEvent:114 
W/ContextImpl( 1295): Calling a method in the system process without a qualified user: android.app.ContextImpl.sendBroadcast:1252 android.content.ContextWrapper.sendBroadcast:365 com.motorola.motocare.util.TriggerHelper$TriggerBuilder.send:76 com.motorola.motocare.internal.frameworkevents.PauseResumeTrigger.handleFrameworkEvent:53 com.motorola.motocare.internal.frameworkevents.FwEventMonitor$FrameworkListener.processFrameworkEvent:114 
D/WifiStateMachine( 1025): handleMessage: E msg.what=151572
D/WifiStateMachine( 1025): processMsg: ConnectedState
D/WifiStateMachine( 1025): processMsg: L2ConnectedState
D/WifiStateMachine( 1025): handleMessage: X
D/dalvikvm( 5873): GC_CONCURRENT freed 7001K, 30% free 16938K/23976K, paused 12ms+10ms, total 89ms
D/dalvikvm( 5873): WAIT_FOR_CONCURRENT_GC blocked 57ms
I/Choreographer( 5873): Skipped 43 frames!  The application may be doing too much work on its main thread.
I/LaunchCheckinHandler( 1025): Displayed com.facebook.katana/.activity.profilelist.FriendSingleSelectorActivity,wp,ca,1074
I/ActivityManager( 1025): Displayed com.facebook.katana/.activity.profilelist.FriendSingleSelectorActivity: +1s74ms
E/SpannableStringBuilder( 5873): SPAN_EXCLUSIVE_EXCLUSIVE spans cannot have a zero length
E/SpannableStringBuilder( 5873): SPAN_EXCLUSIVE_EXCLUSIVE spans cannot have a zero length
E/SpannableStringBuilder( 5873): SPAN_EXCLUSIVE_EXCLUSIVE spans cannot have a zero length
E/SpannableStringBuilder( 5873): SPAN_EXCLUSIVE_EXCLUSIVE spans cannot have a zero length
E/SpannableStringBuilder( 5873): SPAN_EXCLUSIVE_EXCLUSIVE spans cannot have a zero length
E/SpannableStringBuilder( 5873): SPAN_EXCLUSIVE_EXCLUSIVE spans cannot have a zero length
D/WifiStateMachine( 1025): handleMessage: E msg.what=151572
D/WifiStateMachine( 1025): processMsg: ConnectedState
D/WifiStateMachine( 1025): processMsg: L2ConnectedState
D/WifiStateMachine( 1025): handleMessage: X
I/Adreno-EGL( 2391): <qeglDrvAPI_eglInitialize:410>: EGL 1.4 QUALCOMM build: AU_LINUX_ANDROID_LNX.LA.3.5.1_RB1.04.04.02.048.018_msm8226_LNX.LA.3.5.1_RB1__release_AU ()
I/Adreno-EGL( 2391): OpenGL ES Shader Compiler Version: E031.24.00.08
I/Adreno-EGL( 2391): Build Date: 03/07/14 Fri
I/Adreno-EGL( 2391): Local Branch: 
I/Adreno-EGL( 2391): Remote Branch: quic/LNX.LA.3.5.1_RB1.1
I/Adreno-EGL( 2391): Local Patches: NONE
I/Adreno-EGL( 2391): Reconstruct Branch: AU_LINUX_ANDROID_LNX.LA.3.5.1_RB1.04.04.02.048.018 + f2fd134 +  NOTHING
D/dalvikvm( 2391): GC_FOR_ALLOC freed 2489K, 35% free 12266K/18668K, paused 27ms, total 27ms
I/SFPerfTracer(  274):      triggers: (rate: 1198:47549) (compose: 0:244) (post: 0:20) (render: 81:10423) (2:732039 frames) (3:3143789)
D/SFPerfTracer(  274):        layers: (6:13) (DimLayer: 0:158)* (DimLayer: 0:98)* (FocusedStackFrame: 0:20261)* (StatusBar: 0:249236) (NavigationBar: 0:191882) (DimLayer: 0:23249)* (DimLayer: 0:4262) (com.android.wallpaper.fall.FallWallpaper: 0:10901)* (com.facebook.katana/com.facebook.composer.activity.ComposerActivity: 3:146)* (Panel:com.facebook.katana/com.facebook.composer.activity.ComposerActivity: 0:63)* (com.facebook.katana/com.facebook.katana.activity.profilelist.FriendSingleSelectorActivity: 3:75) (SurfaceView: 3:6) (InputMethod: 3:12) 
D/WifiStateMachine( 1025): handleMessage: E msg.what=131155
D/WifiStateMachine( 1025): processMsg: ConnectedState
D/WifiStateMachine( 1025): processMsg: L2ConnectedState
D/WifiStateMachine( 1025): handleMessage: X
W/ContextImpl( 2350): Implicit intents with startService are not safe: Intent { act=com.google.android.gms.analytics.service.START (has extras) } android.content.ContextWrapper.bindService:517 com.google.analytics.tracking.android.AnalyticsGmsCoreClient.b:82 com.google.analytics.tracking.android.GAServiceProxy.j:279 
V/GAV3    (26525): Thread[Service Reconnect,5,main]: connecting to Analytics service
I/ActivityManager( 1025): Start proc com.google.android.gms for service com.google.android.gms/.analytics.service.AnalyticsService: pid=7935 uid=10022 gids={50022, 3003, 1007, 1028, 1015, 3002, 3001, 3007, 2001, 3006}
V/GAV3    (26525): Thread[Service Reconnect,5,main]: connect: bindService returned true for Intent { act=com.google.android.gms.analytics.service.START cmp=com.google.android.gms/.analytics.service.AnalyticsService (has extras) }
W/dalvikvm( 7935): VFY: unable to resolve static field 658 (PR_SET_DUMPABLE) in Landroid/system/OsConstants;
D/dalvikvm( 7935): VFY: replacing opcode 0x60 at 0x000b
I/MultiDex( 7935): VM with version 1.6.0 does not have multidex support
I/MultiDex( 7935): install
I/MultiDex( 7935): MultiDexExtractor.load(/data/app/com.google.android.gms-1.apk, false)
I/MultiDex( 7935): loading existing secondary dex files
I/MultiDex( 7935): load found 3 secondary dex files
I/MultiDex( 7935): install done
I/ProviderInstaller( 7935): Insert disabled by gate 'gms:security:enable_conscrypt_in_gms_application'
D/GCM     (29665): GcmService start Intent { act=com.google.android.gms.INITIALIZE flg=0x10 pkg=com.google.android.gms cmp=com.google.android.gms/.gcm.GcmService } com.google.android.gms.INITIALIZE
I/SFPerfTracer(  274):      triggers: (rate: 1066:430978) (324178 sw vsyncs) (1003492 skipped) (98:3146377 vsyncs) (100:3942751)
V/GAV3    (26525): Thread[main,5,main]: service connected, binder: android.os.BinderProxy@4204c618
D/WifiStateMachine( 1025): handleMessage: E msg.what=151572
D/WifiStateMachine( 1025): processMsg: ConnectedState
D/WifiStateMachine( 1025): processMsg: L2ConnectedState
V/GAV3    (26525): Thread[main,5,main]: bound to service
V/GAV3    (26525): Thread[main,5,main]: Connected to service
V/GAV3    (26525): Thread[main,5,main]: service connected, binder: android.os.BinderProxy@4204c618
V/GAV3    (26525): Thread[main,5,main]: bound to service
V/GAV3    (26525): Thread[main,5,main]: Connected to service
V/GAV3    (26525): Thread[main,5,main]: service connected, binder: android.os.BinderProxy@4204c618
V/GAV3    (26525): Thread[main,5,main]: bound to service
V/GAV3    (26525): Thread[main,5,main]: Connected to service
D/WifiStateMachine( 1025): handleMessage: X
V/GAV3    (26525): Thread[main,5,main]: service connected, binder: android.os.BinderProxy@4204c618
V/GAV3    (26525): Thread[main,5,main]: bound to service
V/GAV3    (26525): Thread[main,5,main]: Connected to service
V/GAV3    (26525): Thread[main,5,main]: service connected, binder: android.os.BinderProxy@4204c618
V/GAV3    (26525): Thread[main,5,main]: bound to service
V/GAV3    (26525): Thread[main,5,main]: Connected to service
V/GAV3    (26525): Thread[main,5,main]: service connected, binder: android.os.BinderProxy@4204c618
V/GAV3    (26525): Thread[main,5,main]: bound to service
V/GAV3    (26525): Thread[main,5,main]: Connected to service
V/GAV3    (26525): Thread[main,5,main]: service connected, binder: android.os.BinderProxy@4204c618
V/GAV3    (26525): Thread[main,5,main]: bound to service
V/GAV3    (26525): Thread[main,5,main]: Connected to service
D/AuthorizationBluetoothService(29665): Received GmsCore event: Intent { act=com.google.android.gms.INITIALIZE flg=0x10 pkg=com.google.android.gms cmp=com.google.android.gms/.auth.be.proximity.authorization.bt.AuthorizationBluetoothService$AutoStarter }.
E/AuthorizationBluetoothService(29665): Proximity feature is not enabled.
V/GmsCoreStatsServiceLauncher( 7935): Received broadcast intent Intent { act=com.google.android.gms.INITIALIZE flg=0x10 pkg=com.google.android.gms cmp=com.google.android.gms/.common.stats.GmsCoreStatsServiceLauncher }
E/MDM     (30956): [394144] b.run: Couldn't connect to Google API client: ConnectionResult{statusCode=API_UNAVAILABLE, resolution=null}
D/LocationInitializer( 7935): Restart initialization of location
D/dalvikvm(27213): GC_EXPLICIT freed 1585K, 43% free 11755K/20348K, paused 3ms+6ms, total 38ms
D/dalvikvm(27213): GC_EXPLICIT freed 926K, 44% free 11562K/20348K, paused 3ms+5ms, total 45ms
D/WifiStateMachine( 1025): handleMessage: E msg.what=151572
D/WifiStateMachine( 1025): processMsg: ConnectedState
D/WifiStateMachine( 1025): processMsg: L2ConnectedState
D/WifiStateMachine( 1025): handleMessage: X
D/Ulp_jni ( 1025): Location CB invoked
D/WifiStateMachine( 1025): handleMessage: E msg.what=151572
D/WifiStateMachine( 1025): processMsg: ConnectedState
D/WifiStateMachine( 1025): processMsg: L2ConnectedState
D/WifiStateMachine( 1025): handleMessage: X
D/WifiStateMachine( 1025): handleMessage: E msg.what=131155
D/WifiStateMachine( 1025): processMsg: ConnectedState
D/WifiStateMachine( 1025): processMsg: L2ConnectedState
D/WifiStateMachine( 1025): handleMessage: X
D/WifiStateMachine( 1025): handleMessage: E msg.what=151572
D/WifiStateMachine( 1025): processMsg: ConnectedState
D/WifiStateMachine( 1025): processMsg: L2ConnectedState
D/WifiStateMachine( 1025): handleMessage: X
I/SFPerfTracer(  274):      triggers: (rate: 1066:430978) (324178 sw vsyncs) (1003492 skipped) (165:3146542 vsyncs) (167:3942920)
I/SFPerfTracer(  274):      triggers: (rate: 1198:47553) (compose: 0:244) (post: 0:20) (render: 81:10423) (88:732209 frames) (89:3143963)
D/SFPerfTracer(  274):        layers: (5:11) (DimLayer: 0:158)* (DimLayer: 0:98)* (FocusedStackFrame: 0:20262)* (StatusBar: 1:249239) (NavigationBar: 0:191882) (DimLayer: 0:23249)* (DimLayer: 0:4263)* (com.android.wallpaper.fall.FallWallpaper: 0:10901)* (com.facebook.katana/com.facebook.katana.activity.profilelist.FriendSingleSelectorActivity: 89:238) (SurfaceView: 0:17) (InputMethod: 0:23) 
D/WifiStateMachine( 1025): handleMessage: E msg.what=151572
D/WifiStateMachine( 1025): processMsg: ConnectedState
D/WifiStateMachine( 1025): processMsg: L2ConnectedState
D/WifiStateMachine( 1025): handleMessage: X
D/WifiStateMachine( 1025): handleMessage: E msg.what=151572
D/WifiStateMachine( 1025): processMsg: ConnectedState
D/WifiStateMachine( 1025): processMsg: L2ConnectedState
D/WifiStateMachine( 1025): handleMessage: X
I/SFPerfTracer(  274):      triggers: (rate: 1066:430978) (324178 sw vsyncs) (1003492 skipped) (36:3146639 vsyncs) (38:3943028)
D/WifiStateMachine( 1025): handleMessage: E msg.what=131155
D/WifiStateMachine( 1025): processMsg: ConnectedState
D/WifiStateMachine( 1025): processMsg: L2ConnectedState
D/WifiStateMachine( 1025): handleMessage: X
I/ActivityManager( 1025): Start proc com.google.android.music:main for service com.google.android.music/.wear.WearDataTransferConnectionService: pid=8535 uid=10082 gids={50082, 3003, 1028, 1015}
I/MusicStore( 8535): Database version: 107
D/dalvikvm( 8535): Trying to load lib /data/app-lib/com.google.android.gms-1/libgmscore.so 0x42048ff8
D/dalvikvm( 8535): Added shared lib /data/app-lib/com.google.android.gms-1/libgmscore.so 0x42048ff8
D/dalvikvm( 8535): No JNI_OnLoad found in /data/app-lib/com.google.android.gms-1/libgmscore.so 0x42048ff8, skipping init
D/dalvikvm( 8535): Trying to load lib /data/app-lib/com.google.android.gms-1/libconscrypt_gmscore_jni.so 0x42048ff8
D/dalvikvm( 8535): Added shared lib /data/app-lib/com.google.android.gms-1/libconscrypt_gmscore_jni.so 0x42048ff8
V/JNIHelp ( 8535): Registering com/google/android/gms/org/conscrypt/NativeCrypto's 235 native methods...
D/dalvikvm( 8535): Trying to load lib /data/app-lib/com.google.android.gms-1/libgmscore.so 0x42048ff8
D/dalvikvm( 8535): Shared lib '/data/app-lib/com.google.android.gms-1/libgmscore.so' already loaded in same CL 0x42048ff8
D/dalvikvm( 8535): Trying to load lib /data/app-lib/com.google.android.gms-1/libconscrypt_gmscore_jni.so 0x42048ff8
D/dalvikvm( 8535): Shared lib '/data/app-lib/com.google.android.gms-1/libconscrypt_gmscore_jni.so' already loaded in same CL 0x42048ff8
D/WifiStateMachine( 1025): handleMessage: E msg.what=151572
D/WifiStateMachine( 1025): processMsg: ConnectedState
D/WifiStateMachine( 1025): processMsg: L2ConnectedState
D/WifiStateMachine( 1025): handleMessage: X
I/ProviderInstaller( 8535): Installed default security provider GmsCore_OpenSSL
D/AndroidMusic( 8535): GMSCore installation verified
I/ConfigStore( 8535): Config Database version: 1
E/cutils  (  261): Failed to mkdirat(/storage/sdcard1/Android): Read-only file system
W/Vold    (  261): Returning OperationFailed - no handler for errno 30
W/ContextImpl( 8535): Failed to ensure directory: /storage/sdcard1/Android/data/com.google.android.music/files
E/cutils  (  261): Failed to mkdirat(/storage/sdcard1/Android): Read-only file system
W/Vold    (  261): Returning OperationFailed - no handler for errno 30
W/ContextImpl( 8535): Failed to ensure directory: /storage/sdcard1/Android/data/com.google.android.music/files
E/cutils  (  261): Failed to mkdirat(/storage/sdcard1/Android): Read-only file system
W/Vold    (  261): Returning OperationFailed - no handler for errno 30
W/ContextImpl( 8535): Failed to ensure directory: /storage/sdcard1/Android/data/com.google.android.music/files
I/MediaRouter( 8535): Found default route: MediaRouter.RouteInfo{ uniqueId=android/.support.v7.media.SystemMediaRouteProvider:DEFAULT_ROUTE, name=Phone, description=null, enabled=true, connecting=false, canDisconnect=false, playbackType=0, playbackStream=3, volumeHandling=1, volume=15, volumeMax=15, presentationDisplayId=-1, extras=null, settingsIntent=null, providerPackageName=android }
D/dalvikvm(29665): GC_EXPLICIT freed 286K, 41% free 10286K/17224K, paused 2ms+6ms, total 52ms
E/dalvikvm( 8535): Could not find class 'android.app.Notification$MediaStyle', referenced from method com.google.android.music.playback.MusicPlaybackService.buildLNotification
W/dalvikvm( 8535): VFY: unable to resolve new-instance 54 (Landroid/app/Notification$MediaStyle;) in Lcom/google/android/music/playback/MusicPlaybackService;
D/dalvikvm( 8535): VFY: replacing opcode 0x22 at 0x001d
D/dalvikvm( 8535): DexOpt: couldn't find field Landroid/app/Notification;.visibility
W/dalvikvm( 8535): VFY: unable to resolve instance field 27
D/dalvikvm( 8535): VFY: replacing opcode 0x59 at 0x0059
D/dalvikvm( 8535): DexOpt: unable to opt direct call 0x0203 at 0x1f in Lcom/google/android/music/playback/MusicPlaybackService;.buildLNotification
I/dalvikvm( 8535): Could not find method android.view.View.setClipToOutline, referenced from method com.google.android.music.leanback.LeanbackUtils.clipToOutline
W/dalvikvm( 8535): VFY: unable to resolve virtual method 15104: Landroid/view/View;.setClipToOutline (Z)V
D/dalvikvm( 8535): VFY: replacing opcode 0x6e at 0x0007
I/GHttpClientFactory( 8535): Using the GMSCore's GoogleHttpClient
I/NetworkMonitor( 8535): type=WIFI subType= reason=null isConnected=true
D/SystemUtils( 8535): getSystemProperty: lpa.decode=true
D/LocalDevicePlayback( 8535): LPAPlayer detected. Disabling gapless.
E/cutils  (  261): Failed to mkdirat(/storage/sdcard1/Android): Read-only file system
W/Vold    (  261): Returning OperationFailed - no handler for errno 30
W/ContextImpl( 8535): Failed to ensure directory: /storage/sdcard1/Android/data/com.google.android.music/files
E/cutils  (  261): Failed to mkdirat(/storage/sdcard1/Android): Read-only file system
W/Vold    (  261): Returning OperationFailed - no handler for errno 30
W/ContextImpl( 8535): Failed to ensure directory: /storage/sdcard1/Android/data/com.google.android.music/files
I/NetworkMonitor( 8535): type=WIFI subType= reason=null isConnected=true
E/ConnectionService( 8535): Failed to connect to GoogleApiClient: ConnectionResult{statusCode=unknown status code 16, resolution=null}
I/LocalDevicePlayback( 8535): Streaming client created.
W/ArtDownloadService( 8535): Setting cache size 0
E/cutils  (  261): Failed to mkdirat(/storage/sdcard1/Android): Read-only file system
W/Vold    (  261): Returning OperationFailed - no handler for errno 30
W/ContextImpl( 8535): Failed to ensure directory: /storage/sdcard1/Android/data/com.google.android.music/cache
E/cutils  (  261): Failed to mkdirat(/storage/sdcard1/Android): Read-only file system
W/Vold    (  261): Returning OperationFailed - no handler for errno 30
W/ContextImpl( 8535): Failed to ensure directory: /storage/sdcard1/Android/data/com.google.android.music/cache
I/SFPerfTracer(  274):      triggers: (rate: 1198:47562) (compose: 0:244) (post: 0:20) (render: 81:10423) (18:732305 frames) (19:3144070)
D/SFPerfTracer(  274):        layers: (5:11) (DimLayer: 0:158)* (DimLayer: 0:98)* (FocusedStackFrame: 0:20262)* (StatusBar: 1:249242) (NavigationBar: 0:191882) (DimLayer: 0:23249)* (DimLayer: 0:4263)* (com.android.wallpaper.fall.FallWallpaper: 0:10901)* (com.facebook.katana/com.facebook.katana.activity.profilelist.FriendSingleSelectorActivity: 19:343) (SurfaceView: 0:17) (InputMethod: 0:23) 
D/WifiStateMachine( 1025): handleMessage: E msg.what=151572
D/WifiStateMachine( 1025): processMsg: ConnectedState
D/WifiStateMachine( 1025): processMsg: L2ConnectedState
D/WifiStateMachine( 1025): handleMessage: X
D/dalvikvm( 1025): JIT code cache reset in 3 ms (1535920 bytes 374/0)
D/dalvikvm( 1025): GC_EXPLICIT freed 943K, 40% free 30417K/50444K, paused 7ms+22ms, total 184ms
D/WifiStateMachine( 1025): handleMessage: E msg.what=151572
D/WifiStateMachine( 1025): processMsg: ConnectedState
D/WifiStateMachine( 1025): processMsg: L2ConnectedState
D/WifiStateMachine( 1025): handleMessage: X
D/WifiStateMachine( 1025): handleMessage: E msg.what=131155
D/WifiStateMachine( 1025): processMsg: ConnectedState
D/WifiStateMachine( 1025): processMsg: L2ConnectedState
D/WifiStateMachine( 1025): handleMessage: X
I/SFPerfTracer(  274):      triggers: (rate: 1066:430978) (324178 sw vsyncs) (1003492 skipped) (26:3146744 vsyncs) (28:3943154)
D/WifiStateMachine( 1025): handleMessage: E msg.what=151572
D/WifiStateMachine( 1025): processMsg: ConnectedState
D/WifiStateMachine( 1025): processMsg: L2ConnectedState
D/WifiStateMachine( 1025): handleMessage: X
D/WifiStateMachine( 1025): handleMessage: E msg.what=151572
D/WifiStateMachine( 1025): processMsg: ConnectedState
D/WifiStateMachine( 1025): processMsg: L2ConnectedState
D/WifiStateMachine( 1025): handleMessage: X
W/ContextImpl( 1295): Calling a method in the system process without a qualified user: android.app.ContextImpl.sendBroadcast:1252 android.content.ContextWrapper.sendBroadcast:365 com.motorola.motocare.util.TriggerHelper$TriggerBuilder.send:76 com.motorola.motocare.internal.frameworkevents.PauseResumeTrigger.handleFrameworkEvent:53 com.motorola.motocare.internal.frameworkevents.FwEventMonitor$FrameworkListener.processFrameworkEvent:114 
W/ContextImpl( 1295): Calling a method in the system process without a qualified user: android.app.ContextImpl.sendBroadcast:1252 android.content.ContextWrapper.sendBroadcast:365 com.motorola.motocare.util.TriggerHelper$TriggerBuilder.send:76 com.motorola.motocare.internal.frameworkevents.PauseResumeTrigger.handleFrameworkEvent:53 com.motorola.motocare.internal.frameworkevents.FwEventMonitor$FrameworkListener.processFrameworkEvent:114 
I/ActivityManager( 1025): Process com.google.android.gms (pid 7935) has died.
W/ActivityManager( 1025): Scheduling restart of crashed service com.google.android.gms/.analytics.service.AnalyticsService in 1000ms
V/GAV3    (26525): Thread[main,5,main]: service disconnected: ComponentInfo{com.google.android.gms/com.google.android.gms.analytics.service.AnalyticsService}
V/GAV3    (26525): Thread[main,5,main]: Unexpected disconnect.
