W/dalvikvm(  588): disableGcForExternalAlloc: false
D/PowerManagerService(  588): acquireWakeLock(42850e50): CPU_MIN_FREQ , tag=AbsListViewScroll_5.0, flags=0x100, pid=19503, uid=10138, mUserState=0x3
D/PowerManagerService(  588): acquireWakeLock(43004fb8): CPU_MIN_NUM , tag=AbsListViewScroll_5.0, flags=0x400, pid=19503, uid=10138, mUserState=0x3
D/PowerManagerService(  588): releaseWakeLock(42850e50): CPU_MIN_FREQ , tag=AbsListViewScroll_5.0, flags=0x100
D/PowerManagerService(  588): releaseWakeLock(43004fb8): CPU_MIN_NUM , tag=AbsListViewScroll_5.0, flags=0x400
D/memalloc(19503): ion: Unmapping buffer  base:0x57e21000 size:1658880
D/memalloc(19503): ion: Unmapping buffer  base:0x40b75000 size:4096
D/memalloc(19503): ion: Unmapping buffer  base:0x58ac7000 size:1658880
D/memalloc(19503): ion: Unmapping buffer  base:0x40b76000 size:4096
D/memalloc(19503): ion: Unmapping buffer  base:0x58c5c000 size:1658880
D/memalloc(19503): ion: Unmapping buffer  base:0x40b77000 size:4096
D/memalloc(  242): ion: Freeing buffer base:0x42ec2000 size:1658880 fd:51
D/memalloc(  242): ion: Unmapping buffer  base:0x42ec2000 size:1658880
D/memalloc(  242): ion: Freeing buffer base:0x408fd000 size:4096 fd:53
D/memalloc(  242): ion: Unmapping buffer  base:0x408fd000 size:4096
D/memalloc(  242): ion: Freeing buffer base:0x442ed000 size:1658880 fd:63
D/memalloc(  242): ion: Unmapping buffer  base:0x442ed000 size:1658880
D/memalloc(  242): ion: Freeing buffer base:0x40209000 size:4096 fd:64
D/memalloc(  242): ion: Unmapping buffer  base:0x40209000 size:4096
D/memalloc(  242): ion: Allocated buffer base:0x42ec2000 size:1658880 fd:51
D/memalloc(  242): ion: Allocated buffer base:0x40209000 size:4096 fd:53
D/memalloc(19503): ion: Mapped buffer base:0x57e21000 size:1658880 offset:0 fd:111
D/memalloc(19503): ion: Mapped buffer base:0x40b75000 size:4096 offset:0 fd:113
D/memalloc(  242): ion: Freeing buffer base:0x44482000 size:1658880 fd:55
D/memalloc(  242): ion: Unmapping buffer  base:0x44482000 size:1658880
D/memalloc(  242): ion: Freeing buffer base:0x40208000 size:4096 fd:67
D/memalloc(  242): ion: Unmapping buffer  base:0x40208000 size:4096
D/memalloc(19503): ion: Unmapping buffer  base:0x57e21000 size:1658880
D/memalloc(19503): ion: Unmapping buffer  base:0x40b75000 size:4096
W/dalvikvm(19503): disableGcForExternalAlloc: false
W/InputMethodManagerService(  588): Window already focused, ignoring focus gain of: com.android.internal.view.IInputMethodClient$Stub$Proxy@428bca58 attribute=null
D/memalloc(  242): ion: Freeing buffer base:0x42ec2000 size:1658880 fd:51
D/memalloc(  242): ion: Unmapping buffer  base:0x42ec2000 size:1658880
D/memalloc(  242): ion: Freeing buffer base:0x40209000 size:4096 fd:53
D/memalloc(  242): ion: Unmapping buffer  base:0x40209000 size:4096
D/StateMachine(  588): handleMessage: E msg.what=131155
D/StateMachine(  588): processMsg: ConnectedState
D/WifiStateMachine(  588): ConnectedState{ what=131155 when=-4ms target=Handler (com.android.internal.util.StateMachine$SmHandler) {42568e58} arg1=271 }
D/StateMachine(  588): processMsg: L2ConnectedState
D/WifiStateMachine(  588): L2ConnectedState{ what=131155 when=-5ms target=Handler (com.android.internal.util.StateMachine$SmHandler) {42568e58} arg1=271 }
I/wpa_ctrl(  588): [wpa_ctrl_request] ctrl address = 51174668, ctrl_conn address = 0
D/WifiStateMachine(  588): fetchRssiAndLinkSpeedNative RSSI = -43
D/StateMachine(  588): handleMessage: X
D/memalloc(  242): ion: Allocated buffer base:0x42ec2000 size:1658880 fd:51
D/memalloc(  242): ion: Allocated buffer base:0x40208000 size:4096 fd:53
D/memalloc(19503): ion: Mapped buffer base:0x57f21000 size:1658880 offset:0 fd:111
D/memalloc(19503): ion: Mapped buffer base:0x40b75000 size:4096 offset:0 fd:113
D/memalloc(19503): ion: Unmapping buffer  base:0x57f21000 size:1658880
D/memalloc(19503): ion: Unmapping buffer  base:0x40b75000 size:4096
D/memalloc(  242): ion: Freeing buffer base:0x42ec2000 size:1658880 fd:51
D/memalloc(  242): ion: Unmapping buffer  base:0x42ec2000 size:1658880
D/memalloc(  242): ion: Freeing buffer base:0x40208000 size:4096 fd:53
D/memalloc(  242): ion: Unmapping buffer  base:0x40208000 size:4096
D/memalloc(  242): ion: Allocated buffer base:0x42ec2000 size:1658880 fd:51
D/memalloc(  242): ion: Allocated buffer base:0x4008f000 size:4096 fd:53
D/memalloc(19503): ion: Mapped buffer base:0x577a1000 size:1658880 offset:0 fd:110
D/memalloc(19503): ion: Mapped buffer base:0x40b75000 size:4096 offset:0 fd:112
D/memalloc(  242): ion: Allocated buffer base:0x442ed000 size:1658880 fd:80
D/memalloc(  242): ion: Allocated buffer base:0x40208000 size:4096 fd:93
D/memalloc(19503): ion: Mapped buffer base:0x57e21000 size:1658880 offset:0 fd:114
D/memalloc(19503): ion: Mapped buffer base:0x40b76000 size:4096 offset:0 fd:116
W/dalvikvm(19503): disableGcForExternalAlloc: false
W/Adreno200-ES20(19503): <__load_uniform_matrix:815>: GL_INVALID_OPERATION
E/GLUtils (19503): GL ERROR - after deleteUnusedTextures() glError (0x502)
D/memalloc(19503): ion: Unmapping buffer  base:0x577a1000 size:1658880
D/memalloc(19503): ion: Unmapping buffer  base:0x40b75000 size:4096
D/memalloc(19503): ion: Unmapping buffer  base:0x57e21000 size:1658880
D/memalloc(19503): ion: Unmapping buffer  base:0x40b76000 size:4096
D/memalloc(  242): ion: Freeing buffer base:0x442ed000 size:1658880 fd:80
D/memalloc(  242): ion: Unmapping buffer  base:0x442ed000 size:1658880
D/memalloc(  242): ion: Freeing buffer base:0x40208000 size:4096 fd:93
D/memalloc(  242): ion: Unmapping buffer  base:0x40208000 size:4096
D/memalloc(  242): ion: Allocated buffer base:0x442ed000 size:1658880 fd:80
D/memalloc(  242): ion: Allocated buffer base:0x40208000 size:4096 fd:93
D/memalloc(19503): ion: Mapped buffer base:0x577a1000 size:1658880 offset:0 fd:110
D/memalloc(19503): ion: Mapped buffer base:0x40b75000 size:4096 offset:0 fd:112
D/memalloc(  242): ion: Allocated buffer base:0x44482000 size:1658880 fd:55
D/memalloc(  242): ion: Allocated buffer base:0x40209000 size:4096 fd:63
D/memalloc(19503): ion: Mapped buffer base:0x57e21000 size:1658880 offset:0 fd:114
D/memalloc(19503): ion: Mapped buffer base:0x40b76000 size:4096 offset:0 fd:116
D/memalloc(  242): ion: Freeing buffer base:0x42ec2000 size:1658880 fd:51
D/memalloc(  242): ion: Unmapping buffer  base:0x42ec2000 size:1658880
D/memalloc(  242): ion: Freeing buffer base:0x4008f000 size:4096 fd:53
D/memalloc(  242): ion: Unmapping buffer  base:0x4008f000 size:4096
W/Adreno200-ES20(19503): <__load_uniform_matrix:815>: GL_INVALID_OPERATION
E/GLUtils (19503): GL ERROR - after deleteUnusedTextures() glError (0x502)
D/StateMachine(  588): handleMessage: E msg.what=131155
D/StateMachine(  588): processMsg: ConnectedState
D/WifiStateMachine(  588): ConnectedState{ what=131155 when=-13ms target=Handler (com.android.internal.util.StateMachine$SmHandler) {42568e58} arg1=271 }
D/StateMachine(  588): processMsg: L2ConnectedState
D/WifiStateMachine(  588): L2ConnectedState{ what=131155 when=-14ms target=Handler (com.android.internal.util.StateMachine$SmHandler) {42568e58} arg1=271 }
I/wpa_ctrl(  588): [wpa_ctrl_request] ctrl address = 51174668, ctrl_conn address = 0
D/WifiStateMachine(  588): fetchRssiAndLinkSpeedNative RSSI = -43
D/StateMachine(  588): handleMessage: X
D/memalloc(  242): ion: Allocated buffer base:0x42ec2000 size:1658880 fd:51
D/memalloc(  242): ion: Allocated buffer base:0x408fd000 size:4096 fd:53
D/memalloc(19503): ion: Mapped buffer base:0x582e1000 size:1658880 offset:0 fd:118
D/memalloc(19503): ion: Mapped buffer base:0x40b77000 size:4096 offset:0 fd:120
D/memalloc(19503): ion: Unmapping buffer  base:0x577a1000 size:1658880
D/memalloc(19503): ion: Unmapping buffer  base:0x40b75000 size:4096
D/memalloc(19503): ion: Unmapping buffer  base:0x57e21000 size:1658880
D/memalloc(19503): ion: Unmapping buffer  base:0x40b76000 size:4096
D/memalloc(19503): ion: Unmapping buffer  base:0x582e1000 size:1658880
D/memalloc(19503): ion: Unmapping buffer  base:0x40b77000 size:4096
D/memalloc(  242): ion: Freeing buffer base:0x442ed000 size:1658880 fd:80
D/memalloc(  242): ion: Unmapping buffer  base:0x442ed000 size:1658880
D/memalloc(  242): ion: Freeing buffer base:0x40208000 size:4096 fd:93
D/memalloc(  242): ion: Unmapping buffer  base:0x40208000 size:4096
D/memalloc(  242): ion: Freeing buffer base:0x44482000 size:1658880 fd:55
D/memalloc(  242): ion: Unmapping buffer  base:0x44482000 size:1658880
D/memalloc(  242): ion: Freeing buffer base:0x40209000 size:4096 fd:63
D/memalloc(  242): ion: Unmapping buffer  base:0x40209000 size:4096
D/memalloc(  242): ion: Allocated buffer base:0x442ed000 size:1658880 fd:55
D/memalloc(  242): ion: Allocated buffer base:0x4008f000 size:4096 fd:63
D/memalloc(19503): ion: Mapped buffer base:0x577a1000 size:1658880 offset:0 fd:110
D/memalloc(19503): ion: Mapped buffer base:0x40b75000 size:4096 offset:0 fd:112
D/memalloc(  242): ion: Freeing buffer base:0x42ec2000 size:1658880 fd:51
D/memalloc(  242): ion: Unmapping buffer  base:0x42ec2000 size:1658880
D/memalloc(  242): ion: Freeing buffer base:0x408fd000 size:4096 fd:53
D/memalloc(  242): ion: Unmapping buffer  base:0x408fd000 size:4096
D/memalloc(19503): ion: Unmapping buffer  base:0x577a1000 size:1658880
D/memalloc(19503): ion: Unmapping buffer  base:0x40b75000 size:4096
W/dalvikvm(19503): disableGcForExternalAlloc: false
W/InputMethodManagerService(  588): Window already focused, ignoring focus gain of: com.android.internal.view.IInputMethodClient$Stub$Proxy@420a2cd0 attribute=null
D/memalloc(  242): ion: Freeing buffer base:0x442ed000 size:1658880 fd:55
D/memalloc(  242): ion: Unmapping buffer  base:0x442ed000 size:1658880
D/memalloc(  242): ion: Freeing buffer base:0x4008f000 size:4096 fd:63
D/memalloc(  242): ion: Unmapping buffer  base:0x4008f000 size:4096
D/StateMachine(  588): handleMessage: E msg.what=131155
D/StateMachine(  588): processMsg: ConnectedState
D/WifiStateMachine(  588): ConnectedState{ what=131155 when=-4ms target=Handler (com.android.internal.util.StateMachine$SmHandler) {42568e58} arg1=271 }
D/StateMachine(  588): processMsg: L2ConnectedState
D/WifiStateMachine(  588): L2ConnectedState{ what=131155 when=-4ms target=Handler (com.android.internal.util.StateMachine$SmHandler) {42568e58} arg1=271 }
I/wpa_ctrl(  588): [wpa_ctrl_request] ctrl address = 51174668, ctrl_conn address = 0
D/WifiStateMachine(  588): fetchRssiAndLinkSpeedNative RSSI = -41
D/StateMachine(  588): handleMessage: X
W/dalvikvm(19503): disableGcForExternalAlloc: true
W/dalvikvm(19503): disableGcForExternalAlloc: false
D/StateMachine(  588): handleMessage: E msg.what=131155
D/StateMachine(  588): processMsg: ConnectedState
D/WifiStateMachine(  588): ConnectedState{ what=131155 when=-3ms target=Handler (com.android.internal.util.StateMachine$SmHandler) {42568e58} arg1=271 }
D/StateMachine(  588): processMsg: L2ConnectedState
D/WifiStateMachine(  588): L2ConnectedState{ what=131155 when=-4ms target=Handler (com.android.internal.util.StateMachine$SmHandler) {42568e58} arg1=271 }
I/wpa_ctrl(  588): [wpa_ctrl_request] ctrl address = 51174668, ctrl_conn address = 0
D/WifiStateMachine(  588): fetchRssiAndLinkSpeedNative RSSI = -42
D/StateMachine(  588): handleMessage: X
D/StateMachine(  588): handleMessage: E msg.what=131218
D/StateMachine(  588): processMsg: ConnectedState
D/WifiStateMachine(  588): ConnectedState{ what=131218 when=-2ms target=Handler (com.android.internal.util.StateMachine$SmHandler) {42568e58} }
D/StateMachine(  588): processMsg: L2ConnectedState
D/WifiStateMachine(  588): L2ConnectedState{ what=131218 when=-3ms target=Handler (com.android.internal.util.StateMachine$SmHandler) {42568e58} }
D/StateMachine(  588): processMsg: ConnectModeState
D/WifiStateMachine(  588): ConnectModeState{ what=131218 when=-4ms target=Handler (com.android.internal.util.StateMachine$SmHandler) {42568e58} }
D/StateMachine(  588): processMsg: DriverStartedState
D/WifiStateMachine(  588): DriverStartedState{ what=131218 when=-6ms target=Handler (com.android.internal.util.StateMachine$SmHandler) {42568e58} }
I/wpa_ctrl(  588): [wpa_ctrl_request] ctrl address = 51174668, ctrl_conn address = 0
D/StateMachine(  588): handleMessage: X
D/KInfoc  ( 2782): clear batch timer
D/KInfoc  ( 2782): set batch timer
D/KInfoc  ( 2782):  BATCH REPORTER STARTED ........
D/KInfoc  ( 2782):  -> ICH DIR : /data/data/com.rhmsoft.fm/files/infoc_1
W/KInfoc  ( 2782): The data section count is not equal! table:fm_public, count in format:13, count in data:14.
D/KInfoc  ( 2782):  * ENCODED HEADER : 87 LIMIT=3072
D/KInfoc  ( 2782):  [ BATCH REPORT ]
D/KInfoc  ( 2782): com.cm.kinfoc.l@41c88b20
D/libc    (  251): _resolv_cache_lookup: lookup
D/libc    (  251): [SMD]bl_level = 125
D/libc    (  251): [SMD][Mode1]: Screen on and original TTL is expired
D/libc    (  251):  Cache EXPIRED (STALE ENTRY 0x40066c50 DISCARDED) or need renew
D/libc    (  251): [SMD][v0913] Extended TTL = 43200, original TTL = 22
D/StateMachine(  588): handleMessage: E msg.what=131155
D/StateMachine(  588): processMsg: ConnectedState
D/WifiStateMachine(  588): ConnectedState{ what=131155 when=-12ms target=Handler (com.android.internal.util.StateMachine$SmHandler) {42568e58} arg1=271 }
D/StateMachine(  588): processMsg: L2ConnectedState
D/WifiStateMachine(  588): L2ConnectedState{ what=131155 when=-13ms target=Handler (com.android.internal.util.StateMachine$SmHandler) {42568e58} arg1=271 }
I/wpa_ctrl(  588): [wpa_ctrl_request] ctrl address = 51174668, ctrl_conn address = 0
D/WifiStateMachine(  588): fetchRssiAndLinkSpeedNative RSSI = -41
D/StateMachine(  588): handleMessage: X
D/KInfoc  ( 2782):     * SUCCESS
D/KInfoc  ( 2782):  * REPORT SUCCESS : DC+H=2 DC=1 SIZE=130
D/KInfoc  ( 2782):  -> ICH DIR : /data/data/com.rhmsoft.fm/files/infoc_2
W/KInfoc  ( 2782): The data section count is not equal! table:fm_public, count in format:13, count in data:14.
D/KInfoc  ( 2782):  * ENCODED HEADER : 87 LIMIT=3072
D/KInfoc  ( 2782):  [ BATCH REPORT ]
D/KInfoc  ( 2782): com.cm.kinfoc.l@41ec8f88
D/libc    (  251): _resolv_cache_lookup: lookup
D/libc    (  251): [SMD]bl_level = 125
D/libc    (  251): [SMD][Mode1]: Screen on and original TTL is not expired
D/libc    (  251): FOUND IN CACHE entry=0x40062cf0
I/global  ( 2782): call createSocket() return a new socket.
D/StateMachine(  588): handleMessage: E msg.what=131155
D/StateMachine(  588): processMsg: ConnectedState
D/WifiStateMachine(  588): ConnectedState{ what=131155 when=-5ms target=Handler (com.android.internal.util.StateMachine$SmHandler) {42568e58} arg1=271 }
D/StateMachine(  588): processMsg: L2ConnectedState
D/WifiStateMachine(  588): L2ConnectedState{ what=131155 when=-6ms target=Handler (com.android.internal.util.StateMachine$SmHandler) {42568e58} arg1=271 }
I/wpa_ctrl(  588): [wpa_ctrl_request] ctrl address = 51174668, ctrl_conn address = 0
D/WifiStateMachine(  588): fetchRssiAndLinkSpeedNative RSSI = -41
D/StateMachine(  588): handleMessage: X
D/KInfoc  ( 2782):     * SUCCESS
D/KInfoc  ( 2782):  * REPORT SUCCESS : DC+H=2 DC=1 SIZE=130
D/libc    (  251): _resolv_cache_lookup: lookup
D/libc    (  251): NOT IN CACHE
D/StateMachine(  588): handleMessage: E msg.what=131155
D/StateMachine(  588): processMsg: ConnectedState
D/WifiStateMachine(  588): ConnectedState{ what=131155 when=-4ms target=Handler (com.android.internal.util.StateMachine$SmHandler) {42568e58} arg1=271 }
D/StateMachine(  588): processMsg: L2ConnectedState
D/WifiStateMachine(  588): L2ConnectedState{ what=131155 when=-6ms target=Handler (com.android.internal.util.StateMachine$SmHandler) {42568e58} arg1=271 }
I/wpa_ctrl(  588): [wpa_ctrl_request] ctrl address = 51174668, ctrl_conn address = 0
D/WifiStateMachine(  588): fetchRssiAndLinkSpeedNative RSSI = -41
D/StateMachine(  588): handleMessage: X
D/libc    (  251): [SMD][v0913] Extended TTL = 43200, original TTL = 30
D/libc    (  251): _resolv_cache_lookup: lookup
D/libc    (  251): [SMD]bl_level = 125
D/libc    (  251): [SMD][Mode1]: Screen on and original TTL is expired
D/libc    (  251):  Cache EXPIRED (STALE ENTRY 0x40044258 DISCARDED) or need renew
D/libc    (  251): [SMD][v0913] Extended TTL = 43200, original TTL = 60
D/StateMachine(  588): handleMessage: E msg.what=131155
D/StateMachine(  588): processMsg: ConnectedState
D/WifiStateMachine(  588): ConnectedState{ what=131155 when=-4ms target=Handler (com.android.internal.util.StateMachine$SmHandler) {42568e58} arg1=271 }
D/StateMachine(  588): processMsg: L2ConnectedState
D/WifiStateMachine(  588): L2ConnectedState{ what=131155 when=-6ms target=Handler (com.android.internal.util.StateMachine$SmHandler) {42568e58} arg1=271 }
I/wpa_ctrl(  588): [wpa_ctrl_request] ctrl address = 51174668, ctrl_conn address = 0
D/WifiStateMachine(  588): fetchRssiAndLinkSpeedNative RSSI = -40
D/StateMachine(  588): handleMessage: X
D/CordovaWebViewClient(19503): onPageStarted(file:///android_asset/www/index.html#payment-confirmation/)
D/JsMessageQueue(19503): Set native->JS mode to null
D/CordovaActivity(19503): onMessage(onPageStarted,file:///android_asset/www/index.html#payment-confirmation/)
D/libc    (  251): _resolv_cache_lookup: lookup
D/libc    (  251): [SMD]bl_level = 125
D/libc    (  251): [SMD][Mode1]: Screen on and original TTL is expired
D/libc    (  251):  Cache EXPIRED (STALE ENTRY 0x402e8508 DISCARDED) or need renew
D/libc    (  251): [SMD][v0913] Extended TTL = 43200, original TTL = 18
D/JsMessageQueue(19503): Set native->JS mode to OnlineEventsBridgeMode
D/CordovaLog(19503): file:///android_asset/www/js/openfb.js: Line 38 : file:///android_asset/oauthcallback.html
I/Web Console(19503): file:///android_asset/oauthcallback.html at file:///android_asset/www/js/openfb.js:38
D/CordovaLog(19503): file:///android_asset/www/js/openfb.js: Line 39 : file:///android_asset/logoutcallback.html
I/Web Console(19503): file:///android_asset/logoutcallback.html at file:///android_asset/www/js/openfb.js:39
D/CordovaLog(19503): file:///android_asset/www/js/app.js: Line 19 : Service initialized
I/Web Console(19503): Service initialized at file:///android_asset/www/js/app.js:19
D/CordovaLog(19503): https://js.stripe.com/v2/: Line 2 : You are using Stripe.js in live mode over an insecure connection. This is considered unsafe. Please conduct live requests only on sites served over https. For more info, see https://stripe.com/help/ssl
W/Web Console(19503): You are using Stripe.js in live mode over an insecure connection. This is considered unsafe. Please conduct live requests only on sites served over https. For more info, see https://stripe.com/help/ssl at https://js.stripe.com/v2/:2
D/CordovaActivity(19503): onMessage(spinner,stop)
D/CordovaLog(19503): file:///android_asset/www/js/app.js: Line 72 : Uncaught ReferenceError: StatusBar is not defined
E/Web Console(19503): Uncaught ReferenceError: StatusBar is not defined at file:///android_asset/www/js/app.js:72
D/CordovaWebViewClient(19503): onPageFinished(file:///android_asset/www/index.html#payment-confirmation/)
D/CordovaActivity(19503): onMessage(onPageFinished,file:///android_asset/www/index.html#payment-confirmation/)
D/StateMachine(  588): handleMessage: E msg.what=131155
D/StateMachine(  588): processMsg: ConnectedState
D/WifiStateMachine(  588): ConnectedState{ what=131155 when=-3ms target=Handler (com.android.internal.util.StateMachine$SmHandler) {42568e58} arg1=271 }
D/StateMachine(  588): processMsg: L2ConnectedState
D/WifiStateMachine(  588): L2ConnectedState{ what=131155 when=-3ms target=Handler (com.android.internal.util.StateMachine$SmHandler) {42568e58} arg1=271 }
I/wpa_ctrl(  588): [wpa_ctrl_request] ctrl address = 51174668, ctrl_conn address = 0
D/WifiStateMachine(  588): fetchRssiAndLinkSpeedNative RSSI = -40
D/StateMachine(  588): handleMessage: X
D/PowerManagerService(  588): acquireWakeLock(42a55c18): PARTIAL_WAKE_LOCK , tag=AlarmManager, flags=0x1, pid=588, uid=1000, mUserState=0x3
V/AlarmManager(  588): sending alarm PendingIntent{422c63f8: PendingIntentRecord{42482cd0 android broadcastIntent}}, intent=android.intent.action.TIME_TICK, type=RTC, count=1, when=1427830560000, repeateInterval=0
D/PowerManagerService(  588): releaseWakeLock(42a55c18): PARTIAL_WAKE_LOCK , tag=AlarmManager, flags=0x1
W/ManagedEGLContext( 1222): doTerminate failed: EGL count is 2 but managed count is 1
D/StateMachine(  588): handleMessage: E msg.what=131155
D/StateMachine(  588): processMsg: ConnectedState
D/WifiStateMachine(  588): ConnectedState{ what=131155 when=-4ms target=Handler (com.android.internal.util.StateMachine$SmHandler) {42568e58} arg1=271 }
D/StateMachine(  588): processMsg: L2ConnectedState
D/WifiStateMachine(  588): L2ConnectedState{ what=131155 when=-4ms target=Handler (com.android.internal.util.StateMachine$SmHandler) {42568e58} arg1=271 }
I/wpa_ctrl(  588): [wpa_ctrl_request] ctrl address = 51174668, ctrl_conn address = 0
D/WifiStateMachine(  588): fetchRssiAndLinkSpeedNative RSSI = -40
D/StateMachine(  588): handleMessage: X
D/CordovaLog(19503): file:///android_asset/www/index.html#payment-confirmation/: Line 487 : Uncaught SyntaxError: Unexpected identifier
E/Web Console(19503): Uncaught SyntaxError: Unexpected identifier at file:///android_asset/www/index.html#payment-confirmation/:487
D/BatteryService(  588): updateBatteryStats: auto update.
D/PowerManagerService(  588): acquireWakeLock(42b94f48): PARTIAL_WAKE_LOCK , tag=BatteryServiceUpdateStats, flags=0x1, pid=588, uid=1000, mUserState=0x3
D/PowerManagerService(  588): releaseWakeLock(42b94f48): PARTIAL_WAKE_LOCK , tag=BatteryServiceUpdateStats, flags=0x1
D/BatteryService(  588): updateBatteryStats: update triggered by UEvent.
D/PowerManagerService(  588): acquireWakeLock(42617d50): PARTIAL_WAKE_LOCK , tag=BatteryServiceUpdateStats, flags=0x1, pid=588, uid=1000, mUserState=0x3
D/HtcPowerSaver(  588): Received battery changed intent.
D/UsbnetService(  588): BroadcastReceiver::onReceive+
D/UsbnetService(  588): onReceive BATTERY_CHANGED
D/UsbnetService(  588):  --> pluggedType = 2, mPluggedType = 0, mScreenOff = false
D/UsbnetService(  588): BroadcastReceiver::onReceive-
D/WifiService(  588): ACTION_BATTERY_CHANGED pluggedType: 2
D/PowerUI (  811): closing low battery warning: level=38
D/PowerUI (  811): plugged = true, health = 2, mBatteryLevel = 38, mPluggedBatteryLevel = 12, mLowBatteryWarningLevel2 = 25, mshowLowChargingWarning2 = true
D/NotificationService(  588): mIntentReceiver() Intent.ACTION_BATTERY_CHANGED
D/HtcPowerSaver(  588): Checking...
I/HtcPowerSaver(  588): >> updateStatus
D/PowerManagerService(  588): runHtcPowerSaverCheck ======================================
D/PowerManagerService(  588): releaseWakeLock(42617d50): PARTIAL_WAKE_LOCK , tag=BatteryServiceUpdateStats, flags=0x1
I/HtcPowerSaver(  588): currentStatus=8002, currentLevel=38, enableLevel=-1, enable=true, mAutoModeOn=false, popDialog=false, statusChangeTo=-1
I/HtcPowerSaver(  588): << updateStatus
D/SizeAdaptiveLayout(  811): com.android.internal.widget.SizeAdaptiveLayout@41e6c8a0child view android.widget.LinearLayout@41e6eca0 measured out of bounds at 95px clamped to 96px
D/StateMachine(  588): handleMessage: E msg.what=131155
D/StateMachine(  588): processMsg: ConnectedState
D/WifiStateMachine(  588): ConnectedState{ what=131155 when=-3ms target=Handler (com.android.internal.util.StateMachine$SmHandler) {42568e58} arg1=271 }
D/StateMachine(  588): processMsg: L2ConnectedState
D/WifiStateMachine(  588): L2ConnectedState{ what=131155 when=-4ms target=Handler (com.android.internal.util.StateMachine$SmHandler) {42568e58} arg1=271 }
I/wpa_ctrl(  588): [wpa_ctrl_request] ctrl address = 51174668, ctrl_conn address = 0
D/WifiStateMachine(  588): fetchRssiAndLinkSpeedNative RSSI = -42
D/StateMachine(  588): handleMessage: X
D/TELEPHONY_CALLBACK(  811): @onSignalStrengthChanged: SignalStrength: 9 -1 -1 -1 -1 -1 -1 -1 -1 -1 2147483647 -1 gsm|lte
D/StatusBar.NetworkController(  811): dumpState[hasService=true ServiceState=0 home 3 3 27202  EDGE CSS not supported -1 -1 RoamInd=-1 DefRoamInd=-1EriInd= -1EriMode= -1RadioPowerSv: false EmergOnly=false PhoneType: 1 IsCdma=false SimState=UNKNOWN GprsState=0 DataState=Disconnected DataActivity=NONE NetworkType=EDGE HtcModemLinkOn=false HspaDataDistinquishable=true]
D/SIGNAL_ICON(  811): updateTelephonySignalStrength
D/SIGNAL_ICON(  811): fakeui srv=0 mTimerEnabled=false asu=9
D/SIGNAL_ICON(  811): asu=9
D/SIGNAL_ICON(  811): SUPPORT_5_LEVEL_SIGNAL
D/SIGNAL_ICON(  811): mapTelephonySignalStrength
D/SIGNAL_ICON(  811): maxLevel=5 asu=9 networkType=EDGE
D/SIGNAL_ICON(  811): return iconLevel=3
D/StatusBar.NetworkController(  811): dumpIconState[dataVisible=false dataIconId=stat_sys_data_out_3g_plus signalIconId=stat_sys_5signal_3 wifiVisible=true wifiIconId=stat_sys_wifi_signal_4 airplaneMode=false]
D/PowerManagerService(  588): acquireWakeLock(42cff738): PARTIAL_WAKE_LOCK , tag=AlarmManager, flags=0x1, pid=588, uid=1000, mUserState=0x3
V/AlarmManager(  588): sending alarm PendingIntent{426a87c8: PendingIntentRecord{42a86c48 com.google.android.gms broadcastIntent}}, intent=com.google.android.intent.action.MCS_HEARTBEAT, type=ELAPSED_REALTIME_WAKEUP, count=1, when=171944503, repeateInterval=0
D/PowerManagerService(  588): acquireWakeLock(42ac7198): PARTIAL_WAKE_LOCK , tag=GCM_HB_ALARM, flags=0x1, pid=27794, uid=10017, mUserState=0x3
D/PowerManagerService(  588): releaseWakeLock(42ac7198): PARTIAL_WAKE_LOCK , tag=GCM_HB_ALARM, flags=0x1
D/PowerManagerService(  588): releaseWakeLock(42cff738): PARTIAL_WAKE_LOCK , tag=AlarmManager, flags=0x1
D/PowerManagerService(  588): acquireWakeLock(42c2cdb0): PARTIAL_WAKE_LOCK , tag=*net_scheduler*, flags=0x1, pid=27794, uid=10017, mUserState=0x3
D/PowerManagerService(  588): releaseWakeLock(42c2cdb0): PARTIAL_WAKE_LOCK , tag=*net_scheduler*, flags=0x1
D/GCM     (27794): Message class com.google.f.a.a.i
D/PowerManagerService(  588): acquireWakeLock(42e9f338): PARTIAL_WAKE_LOCK , tag=GCM_CONN, flags=0x1, pid=27794, uid=10017, mUserState=0x3
D/ConnectivityService(  588): reportInetCondition for net 1, percentage: 100 by 27794/10017
D/ConnectivityService(  588): handleInetConditionChange: net=1, condition=100,mActiveDefaultNetwork=1
D/ConnectivityService(  588): handleInetConditionChange: starting a change hold
D/PowerManagerService(  588): releaseWakeLock(42e9f338): PARTIAL_WAKE_LOCK , tag=GCM_CONN, flags=0x1
D/PowerManagerService(  588): acquireWakeLock(42be17f0): PARTIAL_WAKE_LOCK , tag=*net_scheduler*, flags=0x1, pid=27794, uid=10017, mUserState=0x3
D/PowerManagerService(  588): releaseWakeLock(42be17f0): PARTIAL_WAKE_LOCK , tag=*net_scheduler*, flags=0x1
D/ConnectivityService(  588): handleInetConditionHoldEnd: net=1, condition=100, published condition=100
D/ConnectivityService(  588): sendStickyBroadcast: action=android.net.conn.INET_CONDITION_ACTION
D/WIFI_ICON(  811): updateConnectivity: type=1 connected=true
D/StatusBar.NetworkController(  811): dumpState[hasService=true ServiceState=0 home 3 3 27202  EDGE CSS not supported -1 -1 RoamInd=-1 DefRoamInd=-1EriInd= -1EriMode= -1RadioPowerSv: false EmergOnly=false PhoneType: 1 IsCdma=false SimState=UNKNOWN GprsState=0 DataState=Disconnected DataActivity=NONE NetworkType=EDGE HtcModemLinkOn=false HspaDataDistinquishable=true]
D/StatusBar.NetworkController(  811): dumpIconState[dataVisible=false dataIconId=stat_sys_data_out_3g_plus signalIconId=stat_sys_5signal_3 wifiVisible=true wifiIconId=stat_sys_wifi_signal_4 airplaneMode=false]
D/StateMachine(  588): handleMessage: E msg.what=131218
D/StateMachine(  588): processMsg: ConnectedState
D/WifiStateMachine(  588): ConnectedState{ what=131218 when=-1ms target=Handler (com.android.internal.util.StateMachine$SmHandler) {42568e58} }
D/StateMachine(  588): processMsg: L2ConnectedState
D/WifiStateMachine(  588): L2ConnectedState{ what=131218 when=-2ms target=Handler (com.android.internal.util.StateMachine$SmHandler) {42568e58} }
D/StateMachine(  588): processMsg: ConnectModeState
D/WifiStateMachine(  588): ConnectModeState{ what=131218 when=-3ms target=Handler (com.android.internal.util.StateMachine$SmHandler) {42568e58} }
D/StateMachine(  588): processMsg: DriverStartedState
D/WifiStateMachine(  588): DriverStartedState{ what=131218 when=-4ms target=Handler (com.android.internal.util.StateMachine$SmHandler) {42568e58} }
I/wpa_ctrl(  588): [wpa_ctrl_request] ctrl address = 51174668, ctrl_conn address = 0
D/StateMachine(  588): handleMessage: X
D/StateMachine(  588): handleMessage: E msg.what=131218
D/StateMachine(  588): processMsg: ConnectedState
D/WifiStateMachine(  588): ConnectedState{ what=131218 when=-8ms target=Handler (com.android.internal.util.StateMachine$SmHandler) {42568e58} }
D/StateMachine(  588): processMsg: L2ConnectedState
D/WifiStateMachine(  588): L2ConnectedState{ what=131218 when=-9ms target=Handler (com.android.internal.util.StateMachine$SmHandler) {42568e58} }
D/StateMachine(  588): processMsg: ConnectModeState
D/WifiStateMachine(  588): ConnectModeState{ what=131218 when=-9ms target=Handler (com.android.internal.util.StateMachine$SmHandler) {42568e58} }
D/StateMachine(  588): processMsg: DriverStartedState
D/WifiStateMachine(  588): DriverStartedState{ what=131218 when=-10ms target=Handler (com.android.internal.util.StateMachine$SmHandler) {42568e58} }
I/wpa_ctrl(  588): [wpa_ctrl_request] ctrl address = 51174668, ctrl_conn address = 0
D/StateMachine(  588): handleMessage: X
D/StateMachine(  588): handleMessage: E msg.what=131155
D/StateMachine(  588): processMsg: ConnectedState
D/WifiStateMachine(  588): ConnectedState{ what=131155 when=-1ms target=Handler (com.android.internal.util.StateMachine$SmHandler) {42568e58} arg1=271 }
D/StateMachine(  588): processMsg: L2ConnectedState
D/WifiStateMachine(  588): L2ConnectedState{ what=131155 when=-2ms target=Handler (com.android.internal.util.StateMachine$SmHandler) {42568e58} arg1=271 }
I/wpa_ctrl(  588): [wpa_ctrl_request] ctrl address = 51174668, ctrl_conn address = 0
D/WifiStateMachine(  588): fetchRssiAndLinkSpeedNative RSSI = -44
D/StateMachine(  588): handleMessage: X
D/TELEPHONY_CALLBACK(  811): @onSignalStrengthChanged: SignalStrength: 10 -1 -1 -1 -1 -1 -1 -1 -1 -1 2147483647 -1 gsm|lte
D/StatusBar.NetworkController(  811): dumpState[hasService=true ServiceState=0 home 3 3 27202  EDGE CSS not supported -1 -1 RoamInd=-1 DefRoamInd=-1EriInd= -1EriMode= -1RadioPowerSv: false EmergOnly=false PhoneType: 1 IsCdma=false SimState=UNKNOWN GprsState=0 DataState=Disconnected DataActivity=NONE NetworkType=EDGE HtcModemLinkOn=false HspaDataDistinquishable=true]
D/SIGNAL_ICON(  811): updateTelephonySignalStrength
D/SIGNAL_ICON(  811): fakeui srv=0 mTimerEnabled=false asu=10
D/SIGNAL_ICON(  811): asu=10
D/SIGNAL_ICON(  811): SUPPORT_5_LEVEL_SIGNAL
D/SIGNAL_ICON(  811): mapTelephonySignalStrength
D/SIGNAL_ICON(  811): maxLevel=5 asu=10 networkType=EDGE
D/SIGNAL_ICON(  811): return iconLevel=3
D/StatusBar.NetworkController(  811): dumpIconState[dataVisible=false dataIconId=stat_sys_data_out_3g_plus signalIconId=stat_sys_5signal_3 wifiVisible=true wifiIconId=stat_sys_wifi_signal_4 airplaneMode=false]
D/StateMachine(  588): handleMessage: E msg.what=131155
D/StateMachine(  588): processMsg: ConnectedState
D/WifiStateMachine(  588): ConnectedState{ what=131155 when=-4ms target=Handler (com.android.internal.util.StateMachine$SmHandler) {42568e58} arg1=271 }
D/StateMachine(  588): processMsg: L2ConnectedState
D/WifiStateMachine(  588): L2ConnectedState{ what=131155 when=-5ms target=Handler (com.android.internal.util.StateMachine$SmHandler) {42568e58} arg1=271 }
I/wpa_ctrl(  588): [wpa_ctrl_request] ctrl address = 51174668, ctrl_conn address = 0
D/WifiStateMachine(  588): fetchRssiAndLinkSpeedNative RSSI = -43
D/StateMachine(  588): handleMessage: X
D/StateMachine(  588): handleMessage: E msg.what=131155
D/StateMachine(  588): processMsg: ConnectedState
D/WifiStateMachine(  588): ConnectedState{ what=131155 when=-4ms target=Handler (com.android.internal.util.StateMachine$SmHandler) {42568e58} arg1=271 }
D/StateMachine(  588): processMsg: L2ConnectedState
D/WifiStateMachine(  588): L2ConnectedState{ what=131155 when=-5ms target=Handler (com.android.internal.util.StateMachine$SmHandler) {42568e58} arg1=271 }
I/wpa_ctrl(  588): [wpa_ctrl_request] ctrl address = 51174668, ctrl_conn address = 0
D/WifiStateMachine(  588): fetchRssiAndLinkSpeedNative RSSI = -43
D/StateMachine(  588): handleMessage: X
D/StateMachine(  588): handleMessage: E msg.what=131155
D/StateMachine(  588): processMsg: ConnectedState
D/WifiStateMachine(  588): ConnectedState{ what=131155 when=-5ms target=Handler (com.android.internal.util.StateMachine$SmHandler) {42568e58} arg1=271 }
D/StateMachine(  588): processMsg: L2ConnectedState
D/WifiStateMachine(  588): L2ConnectedState{ what=131155 when=-6ms target=Handler (com.android.internal.util.StateMachine$SmHandler) {42568e58} arg1=271 }
I/wpa_ctrl(  588): [wpa_ctrl_request] ctrl address = 51174668, ctrl_conn address = 0
D/WifiStateMachine(  588): fetchRssiAndLinkSpeedNative RSSI = -41
D/StateMachine(  588): handleMessage: X
D/StateMachine(  588): handleMessage: E msg.what=131155
D/StateMachine(  588): processMsg: ConnectedState
D/WifiStateMachine(  588): ConnectedState{ what=131155 when=-5ms target=Handler (com.android.internal.util.StateMachine$SmHandler) {42568e58} arg1=271 }
D/StateMachine(  588): processMsg: L2ConnectedState
D/WifiStateMachine(  588): L2ConnectedState{ what=131155 when=-6ms target=Handler (com.android.internal.util.StateMachine$SmHandler) {42568e58} arg1=271 }
I/wpa_ctrl(  588): [wpa_ctrl_request] ctrl address = 51174668, ctrl_conn address = 0
D/WifiStateMachine(  588): fetchRssiAndLinkSpeedNative RSSI = -39
D/StateMachine(  588): handleMessage: X
D/libc    (  251): _resolv_cache_lookup: lookup
D/libc    (  251): [SMD]bl_level = 125
D/libc    (  251): [SMD][Mode1]: Screen on and original TTL is expired
D/libc    (  251):  Cache EXPIRED (STALE ENTRY 0x40042168 DISCARDED) or need renew
D/libc    (  251): [SMD][v0913] Extended TTL = 43200, original TTL = 24
I/global  (19921): call createSocket() return a new socket.
D/PowerManagerService(  588): acquireWakeLock(4264ca90): PARTIAL_WAKE_LOCK , tag=AlarmManager, flags=0x1, pid=588, uid=1000, mUserState=0x3
V/AlarmManager(  588): sending alarm PendingIntent{42a8d030: PendingIntentRecord{42da02b0 com.whatsapp broadcastIntent}}, intent=com.whatsapp.messaging.MessageService.CLIENT_PINGER_ACTION, type=ELAPSED_REALTIME_WAKEUP, count=1, when=172200252, repeateInterval=240000
D/PowerManagerService(  588): releaseWakeLock(4264ca90): PARTIAL_WAKE_LOCK , tag=AlarmManager, flags=0x1
D/StateMachine(  588): handleMessage: E msg.what=131155
D/StateMachine(  588): processMsg: ConnectedState
D/WifiStateMachine(  588): ConnectedState{ what=131155 when=-9ms target=Handler (com.android.internal.util.StateMachine$SmHandler) {42568e58} arg1=271 }
D/StateMachine(  588): processMsg: L2ConnectedState
D/WifiStateMachine(  588): L2ConnectedState{ what=131155 when=-9ms target=Handler (com.android.internal.util.StateMachine$SmHandler) {42568e58} arg1=271 }
I/wpa_ctrl(  588): [wpa_ctrl_request] ctrl address = 51174668, ctrl_conn address = 0
D/WifiStateMachine(  588): fetchRssiAndLinkSpeedNative RSSI = -39
D/StateMachine(  588): handleMessage: X
D/CordovaLog(19503): file:///android_asset/www/index.html#payment-confirmation/: Line 487 : Uncaught SyntaxError: Unexpected identifier
E/Web Console(19503): Uncaught SyntaxError: Unexpected identifier at file:///android_asset/www/index.html#payment-confirmation/:487
D/libc    (  251): _resolv_cache_lookup: lookup
D/libc    (  251): [SMD]bl_level = 125
D/libc    (  251): [SMD][Mode1]: Screen on and original TTL is expired
D/libc    (  251):  Cache EXPIRED (STALE ENTRY 0x400439b8 DISCARDED) or need renew
D/libc    (  251): [SMD][v0913] Extended TTL = 43200, original TTL = 60
I/global  (19921): call createSocket() return a new socket.
D/StateMachine(  588): handleMessage: E msg.what=131155
D/StateMachine(  588): processMsg: ConnectedState
D/WifiStateMachine(  588): ConnectedState{ what=131155 when=-3ms target=Handler (com.android.internal.util.StateMachine$SmHandler) {42568e58} arg1=271 }
D/StateMachine(  588): processMsg: L2ConnectedState
D/WifiStateMachine(  588): L2ConnectedState{ what=131155 when=-4ms target=Handler (com.android.internal.util.StateMachine$SmHandler) {42568e58} arg1=271 }
I/wpa_ctrl(  588): [wpa_ctrl_request] ctrl address = 51174668, ctrl_conn address = 0
D/WifiStateMachine(  588): fetchRssiAndLinkSpeedNative RSSI = -42
D/StateMachine(  588): handleMessage: X
D/PowerManagerService(  588): acquireWakeLock(4301db58): PARTIAL_WAKE_LOCK , tag=AlarmManager, flags=0x1, pid=588, uid=1000, mUserState=0x3
V/AlarmManager(  588): sending alarm PendingIntent{4258d058: PendingIntentRecord{425c0328 com.viber.voip broadcastIntent}}, intent=com.viber.voip.action.KEEP_ALIVE_RECEIVE, type=RTC_WAKEUP, count=1, when=1427830586187, repeateInterval=0
D/PowerManagerService(  588): releaseWakeLock(4301db58): PARTIAL_WAKE_LOCK , tag=AlarmManager, flags=0x1
D/StateMachine(  588): handleMessage: E msg.what=131155
D/StateMachine(  588): processMsg: ConnectedState
D/WifiStateMachine(  588): ConnectedState{ what=131155 when=-4ms target=Handler (com.android.internal.util.StateMachine$SmHandler) {42568e58} arg1=271 }
D/StateMachine(  588): processMsg: L2ConnectedState
D/WifiStateMachine(  588): L2ConnectedState{ what=131155 when=-5ms target=Handler (com.android.internal.util.StateMachine$SmHandler) {42568e58} arg1=271 }
I/wpa_ctrl(  588): [wpa_ctrl_request] ctrl address = 51174668, ctrl_conn address = 0
D/WifiStateMachine(  588): fetchRssiAndLinkSpeedNative RSSI = -44
D/StateMachine(  588): handleMessage: X
I/ActivityManager(  588): Start proc com.htc.android.mail:sync for service com.htc.android.mail/.mailservice.MailService: pid=20180 uid=10112 gids={3003, 1015, 1028}
D/PowerManagerService(  588): acquireWakeLock(42511eb8): PARTIAL_WAKE_LOCK , tag=AlarmManager, flags=0x1, pid=588, uid=1000, mUserState=0x3
V/AlarmManager(  588): sending alarm PendingIntent{4290e6d0: PendingIntentRecord{42d383c0 com.htc.android.mail startService}}, intent=com.htc.android.mail.intent.action.MAIL_SERVICE_WAKEUP, type=ELAPSED_REALTIME_WAKEUP, count=1, when=171967141, repeateInterval=0
D/PowerManagerService(  588): releaseWakeLock(42511eb8): PARTIAL_WAKE_LOCK , tag=AlarmManager, flags=0x1
E/Trace   (20180): error opening trace file: No such file or directory (2)
I/ActivityThread(20180): Pub mail: com.htc.android.mail.MailProvider
D/MailService(20180): ***** HTC MailService *****: checking mail,com.htc.android.mail.intent.action.MAIL_SERVICE_WAKEUP
D/PowerManagerService(  588): acquireWakeLock(42ae5fc8): PARTIAL_WAKE_LOCK , tag=MAILSERVICE_PWR_LOCK, flags=0x1, pid=20180, uid=10112, mUserState=0x3
D/CursorWindowStats(20180): Allocate Cursor Window larger than default value, size: 4194304, default:2097152
D/CursorWindowStats(20180): Allocate Cursor Window larger than default value, size: 4194304, default:2097152
D/CursorWindowStats(20180): Allocate Cursor Window larger than default value, size: 4194304, default:2097152
D/CursorWindowStats(20180): Allocate Cursor Window larger than default value, size: 4194304, default:2097152
D/updateFetchTime(20180):  nonce is :172867713, delta is 900000, mPollMinutes:15
D/PowerManagerService(  588): acquireWakeLock(4300d720): PARTIAL_WAKE_LOCK , tag=SyncLoopWakeLock, flags=0x1, pid=588, uid=1000, mUserState=0x3
D/CursorWindowStats(20180): Allocate Cursor Window larger than default value, size: 4194304, default:2097152
D/Socket_Alarm(20180): registerHTCSocketMonitorCallBack
D/Socket_Alarm(20180): set mSocketMonitor
D/Socket_Alarm(20180): HTCSocketMonitorImpl::HTCSocketMonitorImpl
D/PowerManagerService(  588): releaseWakeLock(42ae5fc8): PARTIAL_WAKE_LOCK , tag=MAILSERVICE_PWR_LOCK, flags=0x1
D/PowerManagerService(  588): acquireWakeLock(42d02e90): PARTIAL_WAKE_LOCK , tag=*sync*_mail_Account {name=ili****************m, type=com.htc.android.mail}, flags=0x1, pid=588, uid=1000, mUserState=0x3
D/PowerManagerService(  588): releaseWakeLock(4300d720): PARTIAL_WAKE_LOCK , tag=SyncLoopWakeLock, flags=0x1
D/PowerManagerService(  588): acquireWakeLock(42c85f50): PARTIAL_WAKE_LOCK , tag=SyncLoopWakeLock, flags=0x1, pid=588, uid=1000, mUserState=0x3
D/PowerManagerService(  588): releaseWakeLock(42c85f50): PARTIAL_WAKE_LOCK , tag=SyncLoopWakeLock, flags=0x1
D/StateMachine(  588): handleMessage: E msg.what=131073
D/StateMachine(  588): processMsg: ConnectedState
D/WifiStateMachine(  588): ConnectedState{ what=131073 when=0 target=Handler (com.android.internal.util.StateMachine$SmHandler) {42568e58} arg1=2 }
D/StateMachine(  588): processMsg: L2ConnectedState
D/WifiStateMachine(  588): L2ConnectedState{ what=131073 when=0 target=Handler (com.android.internal.util.StateMachine$SmHandler) {42568e58} arg1=2 }
D/StateMachine(  588): processMsg: ConnectModeState
D/WifiStateMachine(  588): ConnectModeState{ what=131073 when=0 target=Handler (com.android.internal.util.StateMachine$SmHandler) {42568e58} arg1=2 }
D/StateMachine(  588): processMsg: DriverStartedState
D/WifiStateMachine(  588): DriverStartedState{ what=131073 when=0 target=Handler (com.android.internal.util.StateMachine$SmHandler) {42568e58} arg1=2 }
D/StateMachine(  588): processMsg: SupplicantStartedState
D/WifiStateMachine(  588): SupplicantStartedState{ what=131073 when=0 target=Handler (com.android.internal.util.StateMachine$SmHandler) {42568e58} arg1=2 }
D/StateMachine(  588): processMsg: SoftApStartedState
D/WifiStateMachine(  588): SoftApStartedState{ what=131073 when=-1ms target=Handler (com.android.internal.util.StateMachine$SmHandler) {42568e58} arg1=2 }
D/StateMachine(  588): processMsg: DefaultState
D/WifiStateMachine(  588): DefaultState{ what=131073 when=-1ms target=Handler (com.android.internal.util.StateMachine$SmHandler) {42568e58} arg1=2 }
D/StateMachine(  588): handleMessage: X
D/StateMachine(  588): handleMessage: E msg.what=131083
D/StateMachine(  588): processMsg: ConnectedState
D/WifiStateMachine(  588): ConnectedState{ what=131083 when=0 target=Handler (com.android.internal.util.StateMachine$SmHandler) {42568e58} }
D/StateMachine(  588): processMsg: L2ConnectedState
D/WifiStateMachine(  588): L2ConnectedState{ what=131083 when=-1ms target=Handler (com.android.internal.util.StateMachine$SmHandler) {42568e58} }
D/StateMachine(  588): processMsg: ConnectModeState
D/WifiStateMachine(  588): ConnectModeState{ what=131083 when=-1ms target=Handler (com.android.internal.util.StateMachine$SmHandler) {42568e58} }
D/StateMachine(  588): processMsg: DriverStartedState
D/WifiStateMachine(  588): DriverStartedState{ what=131083 when=-1ms target=Handler (com.android.internal.util.StateMachine$SmHandler) {42568e58} }
D/StateMachine(  588): processMsg: SupplicantStartedState
D/WifiStateMachine(  588): SupplicantStartedState{ what=131083 when=-1ms target=Handler (com.android.internal.util.StateMachine$SmHandler) {42568e58} }
D/StateMachine(  588): processMsg: SoftApStartedState
D/WifiStateMachine(  588): SoftApStartedState{ what=131083 when=-1ms target=Handler (com.android.internal.util.StateMachine$SmHandler) {42568e58} }
D/StateMachine(  588): processMsg: DefaultState
D/WifiStateMachine(  588): DefaultState{ what=131083 when=-1ms target=Handler (com.android.internal.util.StateMachine$SmHandler) {42568e58} }
D/StateMachine(  588): handleMessage: X
D/StateMachine(  588): handleMessage: E msg.what=131144
D/StateMachine(  588): processMsg: ConnectedState
D/WifiStateMachine(  588): ConnectedState{ what=131144 when=-2ms target=Handler (com.android.internal.util.StateMachine$SmHandler) {42568e58} arg1=1 }
D/StateMachine(  588): processMsg: L2ConnectedState
D/WifiStateMachine(  588): L2ConnectedState{ what=131144 when=-2ms target=Handler (com.android.internal.util.StateMachine$SmHandler) {42568e58} arg1=1 }
D/StateMachine(  588): handleMessage: X
D/StateMachine(  588): handleMessage: E msg.what=131085
D/StateMachine(  588): processMsg: ConnectedState
D/WifiStateMachine(  588): ConnectedState{ what=131085 when=-2ms target=Handler (com.android.internal.util.StateMachine$SmHandler) {42568e58} }
D/StateMachine(  588): processMsg: L2ConnectedState
D/WifiStateMachine(  588): L2ConnectedState{ what=131085 when=-2ms target=Handler (com.android.internal.util.StateMachine$SmHandler) {42568e58} }
D/StateMachine(  588): processMsg: ConnectModeState
D/WifiStateMachine(  588): ConnectModeState{ what=131085 when=-2ms target=Handler (com.android.internal.util.StateMachine$SmHandler) {42568e58} }
D/StateMachine(  588): processMsg: DriverStartedState
D/WifiService(  588): acquireWifiLockLocked: WifiLock{EmailServiceController_WIFI_LOCK type=1 binder=android.os.BinderProxy@42c8e548}
D/WifiService(  588): updateWifiState(): wifiApEnabled: false, wifiApAirplaneMode: falsegetWifiEnabledState(): 3, getWifiApEnabledState: 11
D/WifiService(  588): updateWifiState(): mAirplaneModeOn.get(): false, mPersistWifiState.get(): 1
D/WifiService(  588): updateWifiState(): mEmergencyCallbackMode: false, mDeviceIdle: false, lockHeld: true, mStopWifiRequested:false
D/WifiService(  588): updateWifiState(): enable and start wifi
D/WifiStateMachine(  588): DriverStartedState{ what=131085 when=-2ms target=Handler (com.android.internal.util.StateMachine$SmHandler) {42568e58} }
D/StateMachine(  588): handleMessage: X
D/StateMachine(  588): handleMessage: E msg.what=131149
D/StateMachine(  588): processMsg: ConnectedState
D/WifiStateMachine(  588): ConnectedState{ what=131149 when=-3ms target=Handler (com.android.internal.util.StateMachine$SmHandler) {42568e58} }
D/StateMachine(  588): processMsg: L2ConnectedState
D/WifiStateMachine(  588): L2ConnectedState{ what=131149 when=-3ms target=Handler (com.android.internal.util.StateMachine$SmHandler) {42568e58} }
D/StateMachine(  588): processMsg: ConnectModeState
D/WifiStateMachine(  588): ConnectModeState{ what=131149 when=-3ms target=Handler (com.android.internal.util.StateMachine$SmHandler) {42568e58} }
D/StateMachine(  588): processMsg: DriverStartedState
D/WifiStateMachine(  588): DriverStartedState{ what=131149 when=-4ms target=Handler (com.android.internal.util.StateMachine$SmHandler) {42568e58} }
D/StateMachine(  588): handleMessage: X
D/PowerManagerService(  588): acquireWakeLock(42b96d58): PARTIAL_WAKE_LOCK , tag=EmailServiceController_PWR_LOCK, flags=0x1, pid=20180, uid=10112, mUserState=0x3
I/EmailServiceController(20180): enter sendAllMail
W/SSLCertificateSocketFactory(20180): Bypassing SSL security checks at caller's request
D/CursorWindowStats(20180): Allocate Cursor Window larger than default value, size: 4194304, default:2097152
D/libc    (  251): _resolv_cache_lookup: lookup
D/libc    (  251): [SMD]bl_level = 125
D/libc    (  251): [SMD][Mode1]: Screen on and original TTL is expired
D/libc    (  251):  Cache EXPIRED (STALE ENTRY 0x402e5b28 DISCARDED) or need renew
D/libc    (  251): [SMD][v0913] Extended TTL = 43200, original TTL = 276
D/StateMachine(  588): handleMessage: E msg.what=131155
D/StateMachine(  588): processMsg: ConnectedState
D/WifiStateMachine(  588): ConnectedState{ what=131155 when=-2ms target=Handler (com.android.internal.util.StateMachine$SmHandler) {42568e58} arg1=271 }
D/StateMachine(  588): processMsg: L2ConnectedState
D/WifiStateMachine(  588): L2ConnectedState{ what=131155 when=-2ms target=Handler (com.android.internal.util.StateMachine$SmHandler) {42568e58} arg1=271 }
I/wpa_ctrl(  588): [wpa_ctrl_request] ctrl address = 51174668, ctrl_conn address = 0
D/WifiStateMachine(  588): fetchRssiAndLinkSpeedNative RSSI = -40
D/StateMachine(  588): handleMessage: X
D/StateMachine(  588): handleMessage: E msg.what=131155
D/StateMachine(  588): processMsg: ConnectedState
D/WifiStateMachine(  588): ConnectedState{ what=131155 when=-4ms target=Handler (com.android.internal.util.StateMachine$SmHandler) {42568e58} arg1=271 }
D/StateMachine(  588): processMsg: L2ConnectedState
D/WifiStateMachine(  588): L2ConnectedState{ what=131155 when=-5ms target=Handler (com.android.internal.util.StateMachine$SmHandler) {42568e58} arg1=271 }
I/wpa_ctrl(  588): [wpa_ctrl_request] ctrl address = 51174668, ctrl_conn address = 0
D/WifiStateMachine(  588): fetchRssiAndLinkSpeedNative RSSI = -40
D/StateMachine(  588): handleMessage: X
D/CursorWindowStats(20180): Allocate Cursor Window larger than default value, size: 4194304, default:2097152
D/CursorWindowStats(20180): Allocate Cursor Window larger than default value, size: 4194304, default:2097152
D/CursorWindowStats(20180): Allocate Cursor Window larger than default value, size: 4194304, default:2097152
D/CursorWindowStats(20180): Allocate Cursor Window larger than default value, size: 4194304, default:2097152
D/CursorWindowStats(20180): Allocate Cursor Window larger than default value, size: 4194304, default:2097152
D/CursorWindowStats(20180): Allocate Cursor Window larger than default value, size: 4194304, default:2097152
D/CursorWindowStats(20180): Allocate Cursor Window larger than default value, size: 4194304, default:2097152
D/CursorWindowStats(20180): Allocate Cursor Window larger than default value, size: 4194304, default:2097152
D/CursorWindowStats(20180): Allocate Cursor Window larger than default value, size: 4194304, default:2097152
D/CursorWindowStats(20180): Allocate Cursor Window larger than default value, size: 4194304, default:2097152
D/CursorWindowStats(20180): Allocate Cursor Window larger than default value, size: 4194304, default:2097152
D/CursorWindowStats(20180): Allocate Cursor Window larger than default value, size: 4194304, default:2097152
D/CursorWindowStats(20180): Allocate Cursor Window larger than default value, size: 4194304, default:2097152
D/CursorWindowStats(20180): Allocate Cursor Window larger than default value, size: 4194304, default:2097152
D/CursorWindowStats(20180): Allocate Cursor Window larger than default value, size: 4194304, default:2097152
