V/DexLibLoader(15227): directory "/data/user/0/com.facebook.orca/app_secondary_program_dex" contains "program-03b795797c6ded9e8b3df575980b7d37d9ca8dad6661a1c7.dex.jar" as expected
V/DexLibLoader(15227): directory "/data/user/0/com.facebook.orca/app_secondary_program_dex" contains "program-5ccf73e2daa6156653af1c6485ad6053f38846b96661a1c7.dex.jar" as expected
D/DexLibLoader(15227): ignoring file "program-790183d1fb728678b0d8546ed8e9eaef904040896661a1c7.dex.odex" in "/data/user/0/com.facebook.orca/app_secondary_program_dex"
D/DexLibLoader(15227): ignoring file "program-03b795797c6ded9e8b3df575980b7d37d9ca8dad6661a1c7.dex.odex" in "/data/user/0/com.facebook.orca/app_secondary_program_dex"
D/DexLibLoader(15227): ignoring file "program-5ccf73e2daa6156653af1c6485ad6053f38846b96661a1c7.dex.odex" in "/data/user/0/com.facebook.orca/app_secondary_program_dex"
D/DexLibLoader(15227): directory "/data/user/0/com.facebook.orca/app_secondary_program_dex" is valid
D/DexLibLoader(15227): ignoring file "primary_deps" in "/data/user/0/com.facebook.orca/app_secondary_program_dex_opt"
V/DexLibLoader(15227): directory "/data/user/0/com.facebook.orca/app_secondary_program_dex_opt" contains "program-790183d1fb728678b0d8546ed8e9eaef904040896661a1c7.dex.dex" as expected
V/DexLibLoader(15227): directory "/data/user/0/com.facebook.orca/app_secondary_program_dex_opt" contains "program-03b795797c6ded9e8b3df575980b7d37d9ca8dad6661a1c7.dex.dex" as expected
V/DexLibLoader(15227): directory "/data/user/0/com.facebook.orca/app_secondary_program_dex_opt" contains "program-5ccf73e2daa6156653af1c6485ad6053f38846b96661a1c7.dex.dex" as expected
D/DexLibLoader(15227): directory "/data/user/0/com.facebook.orca/app_secondary_program_dex_opt" is valid
D/DexLibLoader(15227): loading pre-built cross-dex opt odex files
V/dalvik-internals(15227): hooked dvmResolveClass using jump ()
V/dalvik-internals(15227): hooked dvmFlushBreakpoints using jump ()
V/MultiDexClassLoader(15227): installing MultiDexClassLoader before application classloader
I/dalvikvm(15227): Could not find method dalvik.system.DexFile.loadClassBinaryName, referenced from method com.facebook.common.l.g.a
W/dalvikvm(15227): VFY: unable to resolve virtual method 1453: Ldalvik/system/DexFile;.loadClassBinaryName (Ljava/lang/String;Ljava/lang/ClassLoader;)Ljava/lang/Class;
D/dalvikvm(15227): VFY: replacing opcode 0x6e at 0x0000
D/DexLibLoader(15227): released odex store lock
D/DexLibLoader(15227): DexLibLoader.loadAll took 31 ms
W/bp      (15227): Verify
D/WifiStateMachine( 1025): handleMessage: E msg.what=151572
D/WifiStateMachine( 1025): processMsg: ConnectedState
D/WifiStateMachine( 1025): processMsg: L2ConnectedState
D/WifiStateMachine( 1025): handleMessage: X
E/dalvikvm(15227): Could not find class 'org.apache.harmony.xnet.provider.jsse.OpenSSLSocketImpl', referenced from method com.facebook.ssl.openssl.a.b.<clinit>
W/dalvikvm(15227): VFY: unable to resolve const-class 10658 (Lorg/apache/harmony/xnet/provider/jsse/OpenSSLSocketImpl;) in Lcom/facebook/ssl/openssl/a/b;
D/dalvikvm(15227): VFY: replacing opcode 0x1c at 0x000d
E/dalvikvm(15227): Could not find class 'org.apache.harmony.xnet.provider.jsse.OpenSSLSocketFactoryImpl', referenced from method com.facebook.ssl.openssl.b.b.<clinit>
W/dalvikvm(15227): VFY: unable to resolve const-class 10657 (Lorg/apache/harmony/xnet/provider/jsse/OpenSSLSocketFactoryImpl;) in Lcom/facebook/ssl/openssl/b/b;
D/dalvikvm(15227): VFY: replacing opcode 0x1c at 0x000d
E/dalvikvm(15227): Could not find class 'org.apache.harmony.xnet.provider.jsse.SSLParametersImpl', referenced from method com.facebook.ssl.openssl.b.b.a
W/dalvikvm(15227): VFY: unable to resolve check-cast 10660 (Lorg/apache/harmony/xnet/provider/jsse/SSLParametersImpl;) in Lcom/facebook/ssl/openssl/b/b;
D/dalvikvm(15227): VFY: replacing opcode 0x1f at 0x0006
E/dalvikvm(15227): Could not find class 'org.apache.harmony.xnet.provider.jsse.SSLParametersImpl', referenced from method com.facebook.ssl.openssl.b.c.<clinit>
W/dalvikvm(15227): VFY: unable to resolve const-class 10660 (Lorg/apache/harmony/xnet/provider/jsse/SSLParametersImpl;) in Lcom/facebook/ssl/openssl/b/c;
D/dalvikvm(15227): VFY: replacing opcode 0x1c at 0x000d
W/dalvikvm(15227): VFY: unable to find class referenced in signature (Lorg/apache/harmony/xnet/provider/jsse/SSLParametersImpl;)
E/dalvikvm(15227): Could not find class 'org.apache.harmony.xnet.provider.jsse.ClientSessionContext', referenced from method com.facebook.ssl.openssl.b.c.a
W/dalvikvm(15227): VFY: unable to resolve check-cast 10656 (Lorg/apache/harmony/xnet/provider/jsse/ClientSessionContext;) in Lcom/facebook/ssl/openssl/b/c;
D/dalvikvm(15227): VFY: replacing opcode 0x1f at 0x0006
W/dalvikvm(15227): VFY: unable to find class referenced in signature (Lorg/apache/harmony/xnet/provider/jsse/SSLParametersImpl;)
W/dalvikvm(15227): Unable to resolve superclass of Lcom/facebook/ssl/openssl/TicketEnabledOpenSSLSocketImplWrapper; (10659)
W/dalvikvm(15227): Link of class 'Lcom/facebook/ssl/openssl/TicketEnabledOpenSSLSocketImplWrapper;' failed
E/dalvikvm(15227): Could not find class 'com.facebook.ssl.openssl.TicketEnabledOpenSSLSocketImplWrapper', referenced from method com.facebook.ssl.openssl.b.a
W/dalvikvm(15227): VFY: unable to resolve new-instance 7258 (Lcom/facebook/ssl/openssl/TicketEnabledOpenSSLSocketImplWrapper;) in Lcom/facebook/ssl/openssl/b;
D/dalvikvm(15227): VFY: replacing opcode 0x22 at 0x0000
W/dalvikvm(15227): Unable to resolve superclass of Lcom/facebook/ssl/openssl/TicketEnabledOpenSSLSocketImplWrapper; (10659)
W/dalvikvm(15227): Link of class 'Lcom/facebook/ssl/openssl/TicketEnabledOpenSSLSocketImplWrapper;' failed
D/dalvikvm(15227): DexOpt: unable to opt direct call 0x9f40 at 0x08 in Lcom/facebook/ssl/openssl/b;.a
D/dalvikvm( 1025): GC_EXPLICIT freed 894K, 42% free 29568K/50444K, paused 7ms+17ms, total 173ms
W/msgr(:<default>):a(15227): Attempt to start service that is already started
D/dalvikvm(15227): Trying to load lib /data/app-lib/com.facebook.orca-2/libfbjni.so 0x41fab890
D/dalvikvm(15227): Added shared lib /data/app-lib/com.facebook.orca-2/libfbjni.so 0x41fab890
D/dalvikvm(15227): Trying to load lib /data/app-lib/com.facebook.orca-2/libheartbleed.so 0x41fab890
D/dalvikvm(15227): Added shared lib /data/app-lib/com.facebook.orca-2/libheartbleed.so 0x41fab890
D/dalvikvm(14977): GC_CONCURRENT freed 7106K, 34% free 14081K/21228K, paused 6ms+6ms, total 62ms
D/WifiStateMachine( 1025): handleMessage: E msg.what=151572
D/WifiStateMachine( 1025): processMsg: ConnectedState
D/WifiStateMachine( 1025): processMsg: L2ConnectedState
D/WifiStateMachine( 1025): handleMessage: X
I/ActivityManager( 1025): Process com.android.vending (pid 14458) has died.
W/ActivityManager( 1025): Scheduling restart of crashed service com.android.vending/com.google.android.finsky.billing.iab.InAppBillingService in 16000ms
I/ActivityManager( 1025): Process com.whatsapp (pid 12810) has died.
W/ActivityManager( 1025): Scheduling restart of crashed service com.whatsapp/.messaging.MessageService in 1000ms
D/WifiStateMachine( 1025): handleMessage: E msg.what=151572
D/WifiStateMachine( 1025): processMsg: ConnectedState
D/WifiStateMachine( 1025): processMsg: L2ConnectedState
D/WifiStateMachine( 1025): handleMessage: X
D/WifiStateMachine( 1025): handleMessage: E msg.what=131155
D/WifiStateMachine( 1025): processMsg: ConnectedState
D/WifiStateMachine( 1025): processMsg: L2ConnectedState
D/WifiStateMachine( 1025): handleMessage: X
I/SBar.NetworkController( 1119): onSignalStrengthsChanged SignalStrength: 2 0 -120 -160 -120 -1 -1 99 2147483647 2147483647 2147483647 2147483647 2147483647 gsm|lte 0 -108 -1 false 0 0 0 0 0 99 99 99 4 level=0
I/ActivityManager( 1025): Start proc com.whatsapp for service com.whatsapp/.messaging.MessageService: pid=15300 uid=10107 gids={50107, 3002, 3003, 1028, 1015}
D/Sensors ( 1025): AccelerationSensor: set delay 200
E/dalvikvm(15300): Could not find class 'com.amazon.device.messaging.ADM', referenced from method com.whatsapp.App.av
W/dalvikvm(15300): VFY: unable to resolve new-instance 1189 (Lcom/amazon/device/messaging/ADM;) in Lcom/whatsapp/App;
D/dalvikvm(15300): VFY: replacing opcode 0x22 at 0x0000
E/dalvikvm(15300): Could not find class 'com.amazon.device.messaging.ADM', referenced from method com.whatsapp.App.t
W/dalvikvm(15300): VFY: unable to resolve new-instance 1189 (Lcom/amazon/device/messaging/ADM;) in Lcom/whatsapp/App;
D/dalvikvm(15300): VFY: replacing opcode 0x22 at 0x000e
D/dalvikvm(15300): DexOpt: unable to opt direct call 0x2075 at 0x04 in Lcom/whatsapp/App;.av
D/dalvikvm(15300): DexOpt: unable to opt direct call 0x2075 at 0x10 in Lcom/whatsapp/App;.t
W/dalvikvm(15300): Unable to resolve superclass of Lcom/whatsapp/adm/ADMMessageHandler; (1190)
W/dalvikvm(15300): Link of class 'Lcom/whatsapp/adm/ADMMessageHandler;' failed
E/dalvikvm(15300): Could not find class 'com.whatsapp.adm.ADMMessageHandler', referenced from method com.whatsapp.vw.f
W/dalvikvm(15300): VFY: unable to resolve new-instance 2839 (Lcom/whatsapp/adm/ADMMessageHandler;) in Lcom/whatsapp/vw;
D/dalvikvm(15300): VFY: replacing opcode 0x22 at 0x0027
W/dalvikvm(15300): Unable to resolve superclass of Lcom/whatsapp/adm/ADMMessageHandler; (1190)
W/dalvikvm(15300): Link of class 'Lcom/whatsapp/adm/ADMMessageHandler;' failed
E/dalvikvm(15300): Could not find class 'com.whatsapp.adm.ADMMessageHandler', referenced from method com.whatsapp.vw.f
W/dalvikvm(15300): VFY: unable to resolve new-instance 2839 (Lcom/whatsapp/adm/ADMMessageHandler;) in Lcom/whatsapp/vw;
D/dalvikvm(15300): VFY: replacing opcode 0x22 at 0x0040
W/dalvikvm(15300): Unable to resolve superclass of Lcom/whatsapp/adm/ADMMessageHandler; (1190)
W/dalvikvm(15300): Link of class 'Lcom/whatsapp/adm/ADMMessageHandler;' failed
D/WifiStateMachine( 1025): handleMessage: E msg.what=151572
D/WifiStateMachine( 1025): processMsg: ConnectedState
D/WifiStateMachine( 1025): processMsg: L2ConnectedState
D/dalvikvm(15300): DexOpt: unable to opt direct call 0x6231 at 0x2b in Lcom/whatsapp/vw;.f
W/dalvikvm(15300): Unable to resolve superclass of Lcom/whatsapp/adm/ADMMessageHandler; (1190)
W/dalvikvm(15300): Link of class 'Lcom/whatsapp/adm/ADMMessageHandler;' failed
D/dalvikvm(15300): DexOpt: unable to opt direct call 0x6231 at 0x44 in Lcom/whatsapp/vw;.f
I/dalvikvm(15300): Could not find method android.os.PowerManager.isPowerSaveMode, referenced from method com.whatsapp.BatteryReceiver.a
W/dalvikvm(15300): VFY: unable to resolve virtual method 1506: Landroid/os/PowerManager;.isPowerSaveMode ()Z
D/dalvikvm(15300): VFY: replacing opcode 0x6e at 0x000d
D/WifiStateMachine( 1025): handleMessage: X
D/Event   (15300): No subscribers registered for event class com.whatsapp.ah3
D/Event   (15300): No subscribers registered for event class de.greenrobot.event.a
I/WhatsApp(15300): LL_I W [1:main]App.java:1142 ntp update processed; device time: Sun Apr 19 18:01:08 GMT+01:00 2015 ntp time: Sun Apr 19 18:01:08 GMT+01:00 2015
D/Event   (15300): No subscribers registered for event class com.whatsapp.alk
D/Event   (15300): No subscribers registered for event class de.greenrobot.event.a
D/dalvikvm(15300): Trying to load lib /data/app-lib/com.whatsapp-1/libvlc.so 0x41fa8328
D/dalvikvm(15300): Added shared lib /data/app-lib/com.whatsapp-1/libvlc.so 0x41fa8328
D/dalvikvm(15300): No JNI_OnLoad found in /data/app-lib/com.whatsapp-1/libvlc.so 0x41fa8328, skipping init
D/dalvikvm(15300): Trying to load lib /data/app-lib/com.whatsapp-1/libresample.so 0x41fa8328
D/dalvikvm(15300): Added shared lib /data/app-lib/com.whatsapp-1/libresample.so 0x41fa8328
D/dalvikvm(15300): No JNI_OnLoad found in /data/app-lib/com.whatsapp-1/libresample.so 0x41fa8328, skipping init
D/dalvikvm(15300): Trying to load lib /data/app-lib/com.whatsapp-1/libwhatsapp.so 0x41fa8328
D/dalvikvm(15300): Added shared lib /data/app-lib/com.whatsapp-1/libwhatsapp.so 0x41fa8328
I/WhatsApp(15300): LL_I W [1:main]Runtime.java:421 18:01:08.853 os_core_unix.c !pjlib 2.2.1 for POSIX initialized
I/WhatsApp(15300): LL_I W [1:main]Runtime.java:421 18:01:08.856 wa_audio_dev.c !WA Audio sound library initialized
I/WhatsApp(15300): LL_I W [1:main]Runtime.java:421 18:01:08.857          pjlib  select() I/O Queue created (0x5fe1b234)
I/WhatsApp(15300): LL_I W [1:main]Runtime.java:421 18:01:08.858      wa_opus.c  pjmedia_codec_opus_init start
I/WhatsApp(15300): LL_I W [1:main]Runtime.java:421 18:01:08.858      wa_opus.c  pjmedia_codec_opus_init success
D/dalvikvm(15300): Trying to load lib /data/app-lib/com.whatsapp-1/libcurve25519.so 0x41fa8328
D/dalvikvm(15300): Added shared lib /data/app-lib/com.whatsapp-1/libcurve25519.so 0x41fa8328
D/dalvikvm(15300): No JNI_OnLoad found in /data/app-lib/com.whatsapp-1/libcurve25519.so 0x41fa8328, skipping init
I/WhatsApp(15300): LL_I W [1:main]WhatsAppLibLoader.java:77 native library usability testing in progress
I/WhatsApp(15300): LL_I W [1:main]WhatsAppLibLoader.java:77 native library usability testing complete
V/AlarmManager( 1025): sending alarm Alarm{42c625e0 type 3 com.whatsapp}
I/ActivityManager( 1025): Start proc android.process.acore for content provider com.android.providers.contacts/.ContactsProvider2: pid=15328 uid=10010 gids={50010, 3003, 1028, 1015, 1023}
I/ActivityManager( 1025): Start proc com.android.vending for service com.android.vending/com.google.android.finsky.billing.iab.InAppBillingService: pid=15342 uid=10039 gids={50039, 3003, 1028, 1015}
V/AlarmManager( 1025): sending alarm Alarm{42a730a0 type 3 com.whatsapp}
D/Finsky  (15342): [1] FinskyApp.onCreate: Initializing network with DFE https://android.clients.google.com/fdfe/
D/Finsky  (15342): [1] DailyHygiene.goMakeHygieneIfDirty: No need to run daily hygiene.
W/Settings(15342): Setting download_manager_max_bytes_over_mobile has moved from android.provider.Settings.Secure to android.provider.Settings.Global.
W/Settings(15342): Setting download_manager_recommended_max_bytes_over_mobile has moved from android.provider.Settings.Secure to android.provider.Settings.Global.
I/dalvikvm(15342): Could not find method com.google.android.play.layout.PlayCardViewBase.setTransitionName, referenced from method com.google.android.finsky.utils.PlayCardUtils.bindCard
W/dalvikvm(15342): VFY: unable to resolve virtual method 42705: Lcom/google/android/play/layout/PlayCardViewBase;.setTransitionName (Ljava/lang/String;)V
D/dalvikvm(15342): VFY: replacing opcode 0x6e at 0x00d9
I/dalvikvm(15342): Could not find method com.google.android.play.layout.PlayCardViewBase.setTransitionGroup, referenced from method com.google.android.finsky.utils.PlayCardUtils.bindCard
W/dalvikvm(15342): VFY: unable to resolve virtual method 42704: Lcom/google/android/play/layout/PlayCardViewBase;.setTransitionGroup (Z)V
D/dalvikvm(15342): VFY: replacing opcode 0x6e at 0x0246
I/ContactLocale(15328): AddressBook Labels [en_GB]: [, A, B, C, D, E, F, G, H, I, J, K, L, M, N, O, P, Q, R, S, T, U, V, W, X, Y, Z, , , , , , , , , , , , , , , , , , , , , , , , , , , , , , , , , , , , , , , , , , , , , , , , , , , , , , , , , , , , , , , , , , , , , , , , , , , , , , , , , , , , , , , , , , , , , , , , , , , , , , , , , , , , , , , , , , , , , , , , , , , , , , , , , , , , , , , , , , , , , , , , , , , , , , , , , , , , , , , , , , , , , , , , , , , , , , , , , , , , , , #, ]
I/dalvikvm(15342): Could not find method android.view.View.getTransitionName, referenced from method com.google.android.finsky.navigationmanager.NavigationManager.showPage
W/dalvikvm(15342): VFY: unable to resolve virtual method 9352: Landroid/view/View;.getTransitionName ()Ljava/lang/String;
D/dalvikvm(15342): VFY: replacing opcode 0x6e at 0x001a
D/Finsky  (15342): [1] 2.run: Loaded library for account: [gKXbJhL8NA2nPUzZyFpjB6tKi7U]
D/Finsky  (15342): [1] 2.run: Finished loading 1 libraries.
D/Finsky  (15342): [327973] InAppBillingUtils.pickAccount: com.whatsapp: Account determined from installer data - [gKXbJhL8NA2nPUzZyFpjB6tKi7U]
D/Finsky  (15342): [327972] InAppBillingUtils.pickAccount: com.whatsapp: Account determined from installer data - [gKXbJhL8NA2nPUzZyFpjB6tKi7U]
D/WifiStateMachine( 1025): handleMessage: E msg.what=151572
D/WifiStateMachine( 1025): processMsg: ConnectedState
D/WifiStateMachine( 1025): processMsg: L2ConnectedState
D/WifiStateMachine( 1025): handleMessage: X
I/ActivityManager( 1025): Process android.process.acore (pid 15328) has died.
D/Finsky  (15342): [1] GmsCoreHelper.cleanupNlp: result=false type=4
D/Finsky  (15342): [327995] InAppBillingUtils.pickAccount: com.whatsapp: Account determined from installer data - [gKXbJhL8NA2nPUzZyFpjB6tKi7U]
D/Finsky  (15342): [1] RestoreTracker.stopServiceIfDone: Restore complete with 0 success and 0 failed.
I/ActivityManager( 1025): Process com.facebook.orca (pid 15227) has died.
W/ActivityManager( 1025): Scheduling restart of crashed service com.facebook.orca/com.facebook.push.mqtt.service.MqttPushService in 1024000ms
D/Event   (15300): No subscribers registered for event class com.whatsapp.alk
D/Event   (15300): No subscribers registered for event class de.greenrobot.event.a
I/ActivityManager( 1025): Process com.facebook.katana (pid 14977) has died.
D/WifiService( 1025): Client connection lost with reason: 4
W/ActivityManager( 1025): Scheduling restart of crashed service com.facebook.katana/com.facebook.push.mqtt.service.MqttPushService in 256000ms
I/SBar.NetworkController( 1119): refreshSignalCluster: mobile: Signal=zz_moto_stat_sys_signal_0_fully_wide Roaming=(none) mSimIconId=(none) Accessibility="No phone.","Not roaming.",""
D/WifiStateMachine( 1025): handleMessage: E msg.what=151572
D/WifiStateMachine( 1025): processMsg: ConnectedState
D/WifiStateMachine( 1025): processMsg: L2ConnectedState
D/WifiStateMachine( 1025): handleMessage: X
D/WifiStateMachine( 1025): handleMessage: E msg.what=131155
D/WifiStateMachine( 1025): processMsg: ConnectedState
D/WifiStateMachine( 1025): processMsg: L2ConnectedState
D/WifiStateMachine( 1025): handleMessage: X
D/WifiStateMachine( 1025): handleMessage: E msg.what=151572
D/WifiStateMachine( 1025): processMsg: ConnectedState
D/WifiStateMachine( 1025): processMsg: L2ConnectedState
D/WifiStateMachine( 1025): handleMessage: X
D/WifiStateMachine( 1025): handleMessage: E msg.what=151572
D/WifiStateMachine( 1025): processMsg: ConnectedState
D/WifiStateMachine( 1025): processMsg: L2ConnectedState
D/WifiStateMachine( 1025): handleMessage: X
V/AlarmManager( 1025): sending alarm Alarm{4219dfe0 type 2 com.facebook.orca}
V/AlarmManager( 1025): sending alarm Alarm{42196bb0 type 2 com.google.android.gms}
D/Sensors ( 1025): AccelerationSensor: set delay 20
D/WifiStateMachine( 1025): handleMessage: E msg.what=151572
D/WifiStateMachine( 1025): processMsg: ConnectedState
D/WifiStateMachine( 1025): processMsg: L2ConnectedState
D/WifiStateMachine( 1025): handleMessage: X
D/WifiStateMachine( 1025): handleMessage: E msg.what=131155
D/WifiStateMachine( 1025): processMsg: ConnectedState
D/WifiStateMachine( 1025): processMsg: L2ConnectedState
D/WifiStateMachine( 1025): handleMessage: X
D/WifiStateMachine( 1025): handleMessage: E msg.what=151572
D/WifiStateMachine( 1025): processMsg: ConnectedState
D/WifiStateMachine( 1025): processMsg: L2ConnectedState
D/WifiStateMachine( 1025): handleMessage: X
D/WifiStateMachine( 1025): handleMessage: E msg.what=151572
D/WifiStateMachine( 1025): processMsg: ConnectedState
D/WifiStateMachine( 1025): processMsg: L2ConnectedState
D/WifiStateMachine( 1025): handleMessage: X
D/WifiStateMachine( 1025): handleMessage: E msg.what=151572
D/WifiStateMachine( 1025): processMsg: ConnectedState
D/WifiStateMachine( 1025): processMsg: L2ConnectedState
D/WifiStateMachine( 1025): handleMessage: X
D/MDMCTBK (  273): reply_len: 40 reply is = IFNAME=wlan0 <3>CTRL-EVENT-STATE-CHANGE 
D/MDMCTBK (  273): Event received = CTRL-EVENT-STATE-CHANGE 
I/wpa_supplicant( 1113): wlan0: WPA: Group rekeying completed with 70:54:d2:ae:26:93 [GTK=TKIP]
D/MDMCTBK (  273): reply_len: 40 reply is = IFNAME=wlan0 <3>WPA: Group rekeying comp
D/MDMCTBK (  273): Event received = WPA: Group rekeying comp
D/MDMCTBK (  273): reply_len: 40 reply is = IFNAME=wlan0 <3>CTRL-EVENT-STATE-CHANGE 
D/MDMCTBK (  273): Event received = CTRL-EVENT-STATE-CHANGE 
D/WifiStateMachine( 1025): handleMessage: E msg.what=147462
D/WifiStateMachine( 1025): processMsg: ConnectedState
D/WifiStateMachine( 1025): processMsg: L2ConnectedState
D/WifiStateMachine( 1025): processMsg: ConnectModeState
D/WifiStateMachine( 1025): handleMessage: X
D/WifiStateMachine( 1025): handleMessage: E msg.what=147462
D/WifiStateMachine( 1025): processMsg: ConnectedState
D/WifiStateMachine( 1025): processMsg: L2ConnectedState
D/WifiStateMachine( 1025): processMsg: ConnectModeState
D/WifiStateMachine( 1025): handleMessage: X
D/WifiStateMachine( 1025): handleMessage: E msg.what=131155
D/WifiStateMachine( 1025): processMsg: ConnectedState
D/WifiStateMachine( 1025): processMsg: L2ConnectedState
D/WifiStateMachine( 1025): handleMessage: X
D/Sensors ( 1025): AccelerationSensor: set delay 200
D/WifiStateMachine( 1025): handleMessage: E msg.what=151572
D/WifiStateMachine( 1025): processMsg: ConnectedState
D/WifiStateMachine( 1025): processMsg: L2ConnectedState
D/WifiStateMachine( 1025): handleMessage: X
D/WifiStateMachine( 1025): handleMessage: E msg.what=151572
D/WifiStateMachine( 1025): processMsg: ConnectedState
D/WifiStateMachine( 1025): processMsg: L2ConnectedState
D/WifiStateMachine( 1025): handleMessage: X
D/KInfoc  ( 9636): clear batch timer
D/KInfoc  ( 9636): set batch timer
D/KInfoc  ( 9636):  BATCH REPORTER STARTED ........
D/WifiStateMachine( 1025): handleMessage: E msg.what=151572
D/WifiStateMachine( 1025): processMsg: ConnectedState
D/WifiStateMachine( 1025): processMsg: L2ConnectedState
D/WifiStateMachine( 1025): handleMessage: X
D/WifiStateMachine( 1025): handleMessage: E msg.what=131155
D/WifiStateMachine( 1025): processMsg: ConnectedState
D/WifiStateMachine( 1025): processMsg: L2ConnectedState
D/WifiStateMachine( 1025): handleMessage: X
D/WifiStateMachine( 1025): handleMessage: E msg.what=151572
D/WifiStateMachine( 1025): processMsg: ConnectedState
D/WifiStateMachine( 1025): processMsg: L2ConnectedState
D/WifiStateMachine( 1025): handleMessage: X
I/SBar.NetworkController( 1119): onSignalStrengthsChanged SignalStrength: 3 0 -120 -160 -120 -1 -1 99 2147483647 2147483647 2147483647 2147483647 2147483647 gsm|lte 0 -108 -1 false 1 1 0 0 0 99 99 99 4 level=1
I/SBar.NetworkController( 1119): refreshSignalCluster: mobile: Signal=zz_moto_stat_sys_signal_1_fully_wide Roaming=(none) mSimIconId=(none) Accessibility="Phone one bar.","Not roaming.",""
D/WifiStateMachine( 1025): handleMessage: E msg.what=151572
D/WifiStateMachine( 1025): processMsg: ConnectedState
D/WifiStateMachine( 1025): processMsg: L2ConnectedState
D/WifiStateMachine( 1025): handleMessage: X
I/SFPerfTracer(  274):      triggers: (rate: 1017:41176) (compose: 0:186) (post: 0:19) (render: 59:9371) (0:612117 frames) (1:2738646)
D/SFPerfTracer(  274):        layers: (3:11) (DimLayer: 0:158)* (DimLayer: 0:68)* (FocusedStackFrame: 0:16282)* (StatusBar: 1:202087) (NavigationBar: 0:151906) (DimLayer: 0:20155)* (DimLayer: 0:3189)* (com.android.wallpaper.fall.FallWallpaper: 0:9535)* (com.android.packageinstaller/com.android.packageinstaller.InstallAppProgress: 0:136)* (Starting co.giftmeapp.gift_me: 0:41)* (co.giftmeapp.gift_me/co.giftmeapp.gift_me.GiftMe: 0:31) 
V/AlarmManager( 1025): sending alarm Alarm{437a2fb8 type 2 com.google.android.gms}
D/Sensors ( 1025): AccelerationSensor: set delay 20
D/WifiStateMachine( 1025): handleMessage: E msg.what=151572
D/WifiStateMachine( 1025): processMsg: ConnectedState
D/WifiStateMachine( 1025): processMsg: L2ConnectedState
D/WifiStateMachine( 1025): handleMessage: X
D/WifiStateMachine( 1025): handleMessage: E msg.what=131155
D/WifiStateMachine( 1025): processMsg: ConnectedState
D/WifiStateMachine( 1025): processMsg: L2ConnectedState
D/WifiStateMachine( 1025): handleMessage: X
I/SBar.NetworkController( 1119): onSignalStrengthsChanged SignalStrength: 5 0 -120 -160 -120 -1 -1 99 2147483647 2147483647 2147483647 2147483647 2147483647 gsm|lte 0 -108 -1 false 2 2 0 0 0 99 99 99 4 level=2
I/SBar.NetworkController( 1119): refreshSignalCluster: mobile: Signal=zz_moto_stat_sys_signal_2_fully_wide Roaming=(none) mSimIconId=(none) Accessibility="Phone two bars.","Not roaming.",""
D/WifiStateMachine( 1025): handleMessage: E msg.what=151572
D/WifiStateMachine( 1025): processMsg: ConnectedState
D/WifiStateMachine( 1025): processMsg: L2ConnectedState
D/WifiStateMachine( 1025): handleMessage: X
D/WifiStateMachine( 1025): handleMessage: E msg.what=151572
D/WifiStateMachine( 1025): processMsg: ConnectedState
D/WifiStateMachine( 1025): processMsg: L2ConnectedState
D/WifiStateMachine( 1025): handleMessage: X
D/WifiStateMachine( 1025): handleMessage: E msg.what=151572
D/WifiStateMachine( 1025): processMsg: ConnectedState
D/WifiStateMachine( 1025): processMsg: L2ConnectedState
D/WifiStateMachine( 1025): handleMessage: X
D/Sensors ( 1025): AccelerationSensor: set delay 200
D/WifiStateMachine( 1025): handleMessage: E msg.what=131155
D/WifiStateMachine( 1025): processMsg: ConnectedState
D/WifiStateMachine( 1025): processMsg: L2ConnectedState
D/WifiStateMachine( 1025): handleMessage: X
D/WifiStateMachine( 1025): handleMessage: E msg.what=151572
D/WifiStateMachine( 1025): processMsg: ConnectedState
D/WifiStateMachine( 1025): processMsg: L2ConnectedState
D/WifiStateMachine( 1025): handleMessage: X
E/MtpServer( 9236): request read returned -1, errno: 5
V/UsbDeviceManager( 1025): USB UEVENT: {USB_STATE=DISCONNECTED, SUBSYSTEM=android_usb, DEVPATH=/devices/virtual/android_usb/android0, SEQNUM=312035, ACTION=change}
E/UsbDebuggingManager( 1025): got -1 reading
E/UsbDebuggingManager( 1025): Communication error: 
E/UsbDebuggingManager( 1025): java.io.IOException: Connection refused
E/UsbDebuggingManager( 1025): 	at android.net.LocalSocketImpl.connectLocal(Native Method)
E/UsbDebuggingManager( 1025): 	at android.net.LocalSocketImpl.connect(LocalSocketImpl.java:287)
E/UsbDebuggingManager( 1025): 	at android.net.LocalSocket.connect(LocalSocket.java:130)
E/UsbDebuggingManager( 1025): 	at com.android.server.usb.UsbDebuggingManager.listenToSocket(UsbDebuggingManager.java:75)
E/UsbDebuggingManager( 1025): 	at com.android.server.usb.UsbDebuggingManager.run(UsbDebuggingManager.java:111)
E/UsbDebuggingManager( 1025): 	at java.lang.Thread.run(Thread.java:841)
I/MDMCTBK (  273): NetlinkHandler, power_supply subsys
I/MDMCTBK (  273): NetlinkHandler, usbChargerStateChanged
I/MDMCTBK (  273): checkDefaultInst, current pid is = 273
I/MDMCTBK (  273): checkDefaultInst, pid match
I/MDMCTBK (  273): MdmCutbackHndler,readFromFile = /sys/class/power_supply/usb/online
I/MDMCTBK (  273): MdmCutbackHndler,usb, new_state =1
I/MDMCTBK (  273): MdmCutbackHndler Status: Qmi =1, cg=0, ep=0, vc=0, dc=0, cn=0, wf=1, mf=0, wfd=0, apm=0, usb=1, stopqmi=0
I/MDMCTBK (  273): set_property_value, Enter
I/MDMCTBK (  273): set_property_value, Values updated in the property=1,0,0,0,0,0,1,0,0,0,1,0
I/MDMCTBK (  273): set_property_value, Values updated in the property file Successfully
I/MDMCTBK (  273): set_property_value, Exit
I/MDMCTBK (  273): setSarCtrl:set SAR over QMI, conn:0, ep:0,wf:1, mf:0, chrg:1
I/MDMCTBK (  273): send SAR ctrl over QMI
I/MDMCTBK (  273): MdmCutbackHndler,readFromFile = 
E/MDMCTBK (  273): MdmCutbackHndler,Could not open ''
V/UsbDeviceManager( 1025): USB UEVENT: {USB_STATE=CONNECTED, SUBSYSTEM=android_usb, DEVPATH=/devices/virtual/android_usb/android0, SEQNUM=312037, ACTION=change}
D/UsbDeviceManager( 1025): broadcasting Intent { act=android.hardware.usb.action.USB_STATE flg=0x20000000 (has extras) } connected: true configured: false
V/UsbDeviceManager( 1025): USB UEVENT: {USB_STATE=DISCONNECTED, SUBSYSTEM=android_usb, DEVPATH=/devices/virtual/android_usb/android0, SEQNUM=312038, ACTION=change}
I/MDMCTBK (  273): NetlinkHandler, power_supply subsys
I/MDMCTBK (  273): NetlinkHandler, usbChargerStateChanged
I/MDMCTBK (  273): checkDefaultInst, current pid is = 273
I/MDMCTBK (  273): checkDefaultInst, pid match
I/MDMCTBK (  273): MdmCutbackHndler,readFromFile = /sys/class/power_supply/usb/online
I/MDMCTBK (  273): MdmCutbackHndler,readFromFile = 
E/MDMCTBK (  273): MdmCutbackHndler,Could not open ''
I/MDMCTBK (  273): NetlinkHandler, power_supply subsys
I/MDMCTBK (  273): NetlinkHandler, usbChargerStateChanged
I/MDMCTBK (  273): checkDefaultInst, current pid is = 273
I/MDMCTBK (  273): checkDefaultInst, pid match
I/MDMCTBK (  273): MdmCutbackHndler,readFromFile = /sys/class/power_supply/usb/online
I/MDMCTBK (  273): MdmCutbackHndler,readFromFile = 
E/MDMCTBK (  273): MdmCutbackHndler,Could not open ''
I/MediaStoreImporter(10354): Update: incremental Added music: 0 Updated music: 0 Deleted music: 0 Created playlists: 0 Updated playlists: 0 Deleted playlists: 0 Inserted playlist items: 0 Deleted playlist items: 0 Removed orphaned playlist items: 0
V/UsbDeviceManager( 1025): USB UEVENT: {USB_STATE=CONNECTED, SUBSYSTEM=android_usb, DEVPATH=/devices/virtual/android_usb/android0, SEQNUM=312042, ACTION=change}
D/UsbDeviceManager( 1025): broadcasting Intent { act=android.hardware.usb.action.USB_STATE flg=0x20000000 (has extras) } connected: true configured: false
D/WifiStateMachine( 1025): handleMessage: E msg.what=151572
D/WifiStateMachine( 1025): processMsg: ConnectedState
D/WifiStateMachine( 1025): processMsg: L2ConnectedState
D/WifiStateMachine( 1025): handleMessage: X
I/MDMCTBK (  273): NetlinkHandler, power_supply subsys
I/MDMCTBK (  273): NetlinkHandler, usbChargerStateChanged
I/MDMCTBK (  273): checkDefaultInst, current pid is = 273
I/MDMCTBK (  273): checkDefaultInst, pid match
I/MDMCTBK (  273): MdmCutbackHndler,readFromFile = /sys/class/power_supply/usb/online
I/MDMCTBK (  273): MdmCutbackHndler,readFromFile = 
E/MDMCTBK (  273): MdmCutbackHndler,Could not open ''
I/MDMCTBK (  273): NetlinkHandler, power_supply subsys
I/MDMCTBK (  273): NetlinkHandler, usbChargerStateChanged
I/MDMCTBK (  273): checkDefaultInst, current pid is = 273
I/MDMCTBK (  273): checkDefaultInst, pid match
I/MDMCTBK (  273): MdmCutbackHndler,readFromFile = /sys/class/power_supply/usb/online
I/MDMCTBK (  273): MdmCutbackHndler,readFromFile = 
E/MDMCTBK (  273): MdmCutbackHndler,Could not open ''
I/MDMCTBK (  273): NetlinkHandler, power_supply subsys
I/MDMCTBK (  273): NetlinkHandler, usbChargerStateChanged
I/MDMCTBK (  273): checkDefaultInst, current pid is = 273
I/MDMCTBK (  273): checkDefaultInst, pid match
I/MDMCTBK (  273): MdmCutbackHndler,readFromFile = /sys/class/power_supply/usb/online
I/MDMCTBK (  273): MdmCutbackHndler,readFromFile = 
E/MDMCTBK (  273): MdmCutbackHndler,Could not open ''
V/UsbDeviceManager( 1025): USB UEVENT: {USB_STATE=CONFIGURED, SUBSYSTEM=android_usb, DEVPATH=/devices/virtual/android_usb/android0, SEQNUM=312046, ACTION=change}
D/UsbDeviceManager( 1025): broadcasting Intent { act=android.hardware.usb.action.USB_STATE flg=0x20000000 (has extras) } connected: true configured: true
D/MtpService( 9236): updating state; isCurrentUser=true, mMtpLocked=false
D/MtpService( 9236): mUsbDriverRestricted=false
D/MtpService( 9236): addStorageLocked 65537 /storage/emulated/0
D/MtpService( 9236): updating state; isCurrentUser=true, mMtpLocked=false
D/MtpService( 9236): starting MTP server in MTP mode
D/MtpService( 9236): addStorageLocked 65537 /storage/emulated/0
I/MDMCTBK (  273): NetlinkHandler, power_supply subsys
I/MDMCTBK (  273): NetlinkHandler, usbChargerStateChanged
I/MDMCTBK (  273): checkDefaultInst, current pid is = 273
I/MDMCTBK (  273): checkDefaultInst, pid match
I/MDMCTBK (  273): MdmCutbackHndler,readFromFile = /sys/class/power_supply/usb/online
I/MDMCTBK (  273): MdmCutbackHndler,readFromFile = 
E/MDMCTBK (  273): MdmCutbackHndler,Could not open ''
I/MDMCTBK (  273): NetlinkHandler, power_supply subsys
I/MDMCTBK (  273): NetlinkHandler, usbChargerStateChanged
I/MDMCTBK (  273): checkDefaultInst, current pid is = 273
I/MDMCTBK (  273): checkDefaultInst, pid match
I/MDMCTBK (  273): MdmCutbackHndler,readFromFile = /sys/class/power_supply/usb/online
I/MDMCTBK (  273): MdmCutbackHndler,usb, new_state =0
I/MDMCTBK (  273): MdmCutbackHndler Status: Qmi =1, cg=0, ep=0, vc=0, dc=0, cn=0, wf=1, mf=0, wfd=0, apm=0, usb=0, stopqmi=0
I/MDMCTBK (  273): set_property_value, Enter
I/MDMCTBK (  273): set_property_value, Values updated in the property=1,0,0,0,0,0,1,0,0,0,0,0
I/MDMCTBK (  273): set_property_value, Values updated in the property file Successfully
I/MDMCTBK (  273): set_property_value, Exit
I/MDMCTBK (  273): setSarCtrl:set SAR over QMI, conn:0, ep:0,wf:1, mf:0, chrg:0
I/MDMCTBK (  273): send SAR ctrl over QMI
I/MDMCTBK (  273): MdmCutbackHndler,readFromFile = 
E/MDMCTBK (  273): MdmCutbackHndler,Could not open ''
I/MDMCTBK (  273): NetlinkHandler, power_supply subsys
I/MDMCTBK (  273): NetlinkHandler, usbChargerStateChanged
I/MDMCTBK (  273): checkDefaultInst, current pid is = 273
I/MDMCTBK (  273): checkDefaultInst, pid match
I/MDMCTBK (  273): MdmCutbackHndler,readFromFile = /sys/class/power_supply/usb/online
I/MDMCTBK (  273): MdmCutbackHndler,readFromFile = 
E/MDMCTBK (  273): MdmCutbackHndler,Could not open ''
V/UsbDeviceManager( 1025): USB UEVENT: {USB_STATE=DISCONNECTED, SUBSYSTEM=android_usb, DEVPATH=/devices/virtual/android_usb/android0, SEQNUM=312051, ACTION=change}
E/MtpServer( 9236): request read returned -1, errno: 5
I/MDMCTBK (  273): NetlinkHandler, power_supply subsys
I/MDMCTBK (  273): NetlinkHandler, usbChargerStateChanged
I/MDMCTBK (  273): checkDefaultInst, current pid is = 273
I/MDMCTBK (  273): checkDefaultInst, pid match
I/MDMCTBK (  273): MdmCutbackHndler,readFromFile = /sys/class/power_supply/usb/online
I/MDMCTBK (  273): MdmCutbackHndler,usb, new_state =1
I/MDMCTBK (  273): MdmCutbackHndler Status: Qmi =1, cg=0, ep=0, vc=0, dc=0, cn=0, wf=1, mf=0, wfd=0, apm=0, usb=1, stopqmi=0
I/MDMCTBK (  273): set_property_value, Enter
I/MDMCTBK (  273): set_property_value, Values updated in the property=1,0,0,0,0,0,1,0,0,0,1,0
I/MDMCTBK (  273): set_property_value, Values updated in the property file Successfully
I/MDMCTBK (  273): set_property_value, Exit
I/MDMCTBK (  273): setSarCtrl:set SAR over QMI, conn:0, ep:0,wf:1, mf:0, chrg:1
I/MDMCTBK (  273): send SAR ctrl over QMI
I/MDMCTBK (  273): MdmCutbackHndler,readFromFile = 
E/MDMCTBK (  273): MdmCutbackHndler,Could not open ''
I/EntropyMixer( 1025): Writing entropy...
I/MDMCTBK (  273): NetlinkHandler, power_supply subsys
I/MDMCTBK (  273): NetlinkHandler, usbChargerStateChanged
I/MDMCTBK (  273): checkDefaultInst, current pid is = 273
I/MDMCTBK (  273): checkDefaultInst, pid match
I/MDMCTBK (  273): MdmCutbackHndler,readFromFile = /sys/class/power_supply/usb/online
I/MDMCTBK (  273): MdmCutbackHndler,usb, new_state =0
I/MDMCTBK (  273): MdmCutbackHndler Status: Qmi =1, cg=0, ep=0, vc=0, dc=0, cn=0, wf=1, mf=0, wfd=0, apm=0, usb=0, stopqmi=0
I/MDMCTBK (  273): set_property_value, Enter
I/MDMCTBK (  273): set_property_value, Values updated in the property=1,0,0,0,0,0,1,0,0,0,0,0
I/MDMCTBK (  273): set_property_value, Values updated in the property file Successfully
I/MDMCTBK (  273): set_property_value, Exit
I/MDMCTBK (  273): setSarCtrl:set SAR over QMI, conn:0, ep:0,wf:1, mf:0, chrg:0
I/MDMCTBK (  273): send SAR ctrl over QMI
I/MDMCTBK (  273): MdmCutbackHndler,readFromFile = 
E/MDMCTBK (  273): MdmCutbackHndler,Could not open ''
I/ActivityManager( 1025): Start proc com.google.android.apps.uploader for broadcast com.google.android.apps.uploader/com.google.android.picasasync.BatteryReceiver: pid=15444 uid=10079 gids={50079, 3003, 1028, 1015}
D/Ulp_jni ( 1025): JNI:system_update. Event-2
D/LBSSystemMonitorService( 1025): handleMessage what - 8
D/DeviceContext( 1025): handleMessage what - 1
D/Ulp_jni ( 1025): Location CB invoked
D/PicasaUploader(15444):    wifiOnlyPhoto changed to true
D/PicasaUploader(15444):    wifiOnlyVideo changed to true
D/PicasaUploader(15444):    syncOnBattery changed to true
I/iu.Environment(32741): update battery state; isPlugged? true*
D/PicasaUploaderSync(15444): sync account database
I/iu.UploadsManager(32741): num queued entries: 0
I/iu.UploadsManager(32741): num updated entries: 0
I/iu.SyncManager(32741): NEXT; no task
I/iu.FingerprintManager(32741): Start processing all media
I/iu.FingerprintManager(32741): Start processing media store URI: content://media/external/images/media
I/GCoreUlr(19200): Starting service, intent=Intent { act=com.google.android.location.reporting.ACTION_UPDATE_WORLD cmp=com.google.android.gms/com.google.android.location.reporting.service.DispatchingService (has extras) }, extras=Bundle[{receiverAction=android.intent.action.ACTION_POWER_CONNECTED}]
D/PicasaUploaderSync(15444): accounts in DB=1
D/PicasaUploaderSyncManager(15444): active network: NetworkInfo: type: WIFI[], state: CONNECTED/CONNECTED, reason: (unspecified), extra: "Moulin Rouge", roaming: false, failover: false, isAvailable: true, isConnectedToProvisioningNetwork: false
D/PicasaUploaderSyncManager(15444): background data: true
D/Ulp_jni ( 1025): JNI:system_update. Event-3
D/LBSSystemMonitorService( 1025): handleMessage what - 8
D/PicasaUploaderSyncManager(15444): battery info: true
D/DeviceContext( 1025): handleMessage what - 1
I/ActivityManager( 1025): Start proc com.motorola.genie for broadcast com.motorola.genie/.prefetch.PowerStatusReceiver: pid=15480 uid=10026 gids={50026, 3003, 1028, 1015}
E/LocalFingerprints(32741): cannot compute fingerprint for: content://media/external/images/media/3224
E/LocalFingerprints(32741): java.io.FileNotFoundException: No such file or directory
E/LocalFingerprints(32741): 	at android.database.DatabaseUtils.readExceptionWithFileNotFoundExceptionFromParcel(DatabaseUtils.java:146)
E/LocalFingerprints(32741): 	at android.content.ContentProviderProxy.openTypedAssetFile(ContentProviderNative.java:682)
E/LocalFingerprints(32741): 	at android.content.ContentResolver.openTypedAssetFileDescriptor(ContentResolver.java:1063)
E/LocalFingerprints(32741): 	at android.content.ContentResolver.openAssetFileDescriptor(ContentResolver.java:904)
E/LocalFingerprints(32741): 	at android.content.ContentResolver.openInputStream(ContentResolver.java:629)
E/LocalFingerprints(32741): 	at com.google.android.libraries.social.autobackup.b.a.a(SourceFile:162)
E/LocalFingerprints(32741): 	at com.google.android.libraries.social.autobackup.r.a(SourceFile:146)
E/LocalFingerprints(32741): 	at com.google.android.libraries.social.autobackup.FingerprintScannerIntentService.onHandleIntent(SourceFile:80)
E/LocalFingerprints(32741): 	at android.app.IntentService$ServiceHandler.handleMessage(IntentService.java:65)
E/LocalFingerprints(32741): 	at android.os.Handler.dispatchMessage(Handler.java:102)
E/LocalFingerprints(32741): 	at android.os.Looper.loop(Looper.java:136)
E/LocalFingerprints(32741): 	at android.os.HandlerThread.run(HandlerThread.java:61)
I/iu.FingerprintManager(32741): Not inserting fingerprint into all photos because has empty content uri or fingerprint. uri: content://media/external/images/media/3224 fingerprint: null
I/iu.FingerprintManager(32741): Start processing media store URI: content://media/external/video/media
I/iu.FingerprintManager(32741): Start processing media store URI: content://media/phoneStorage/images/media
I/iu.FingerprintManager(32741): Start processing media store URI: content://media/phoneStorage/video/media
I/iu.FingerprintManager(32741): Finished generating fingerprints; 0.204 seconds
I/iu.FingerprintManager(32741):   numSeen=12 numGenerated=1 numDeleted=0 numFailed=1
E/LocalFingerprints(27213): cannot compute fingerprint for: content://media/external/images/media/3224
E/LocalFingerprints(27213): java.io.FileNotFoundException: No such file or directory
E/LocalFingerprints(27213): 	at android.database.DatabaseUtils.readExceptionWithFileNotFoundExceptionFromParcel(DatabaseUtils.java:146)
E/LocalFingerprints(27213): 	at android.content.ContentProviderProxy.openTypedAssetFile(ContentProviderNative.java:682)
E/LocalFingerprints(27213): 	at android.content.ContentResolver.openTypedAssetFileDescriptor(ContentResolver.java:1063)
E/LocalFingerprints(27213): 	at android.content.ContentResolver.openAssetFileDescriptor(ContentResolver.java:904)
E/LocalFingerprints(27213): 	at android.content.ContentResolver.openInputStream(ContentResolver.java:629)
E/LocalFingerprints(27213): 	at hti.a(PG:160)
E/LocalFingerprints(27213): 	at hrm.a(PG:135)
E/LocalFingerprints(27213): 	at com.google.android.libraries.social.autobackup.FingerprintScannerIntentService.onHandleIntent(PG:77)
E/LocalFingerprints(27213): 	at android.app.IntentService$ServiceHandler.handleMessage(IntentService.java:65)
E/LocalFingerprints(27213): 	at android.os.Handler.dispatchMessage(Handler.java:102)
E/LocalFingerprints(27213): 	at android.os.Looper.loop(Looper.java:136)
E/LocalFingerprints(27213): 	at android.os.HandlerThread.run(HandlerThread.java:61)
I/GCoreUlr(19200): DispatchingService.onCreate()
E/UsbDebuggingManager( 1025): Communication error: 
E/UsbDebuggingManager( 1025): java.io.IOException: No such file or directory
E/UsbDebuggingManager( 1025): 	at android.net.LocalSocketImpl.connectLocal(Native Method)
E/UsbDebuggingManager( 1025): 	at android.net.LocalSocketImpl.connect(LocalSocketImpl.java:287)
E/UsbDebuggingManager( 1025): 	at android.net.LocalSocket.connect(LocalSocket.java:130)
E/UsbDebuggingManager( 1025): 	at com.android.server.usb.UsbDebuggingManager.listenToSocket(UsbDebuggingManager.java:75)
E/UsbDebuggingManager( 1025): 	at com.android.server.usb.UsbDebuggingManager.run(UsbDebuggingManager.java:111)
E/UsbDebuggingManager( 1025): 	at java.lang.Thread.run(Thread.java:841)
I/ActivityManager( 1025): Start proc com.motorola.contextual.smartrules2 for broadcast com.motorola.contextual.smartrules2/com.motorola.batterysaverlib.BatteryNotificationReceiver: pid=15503 uid=10035 gids={50035, 3003, 1028, 1015, 3001, 3002}
I/GCoreUlr(19200): WorldUpdater received intent Intent { act=com.google.android.location.reporting.ACTION_UPDATE_WORLD cmp=com.google.android.gms/com.google.android.location.reporting.service.DispatchingService (has extras) } with receiverAction android.intent.action.ACTION_POWER_CONNECTED
I/MDMCTBK (  273): NetlinkHandler, power_supply subsys
I/MDMCTBK (  273): NetlinkHandler, usbChargerStateChanged
I/MDMCTBK (  273): checkDefaultInst, current pid is = 273
I/MDMCTBK (  273): checkDefaultInst, pid match
I/MDMCTBK (  273): MdmCutbackHndler,readFromFile = /sys/class/power_supply/usb/online
I/MDMCTBK (  273): MdmCutbackHndler,readFromFile = 
E/MDMCTBK (  273): MdmCutbackHndler,Could not open ''
I/GCoreUlr(19200): WorldUpdater:android.intent.action.ACTION_POWER_CONNECTED: Ensuring that reporting is stopped because of reasons: {account#2#=[InactiveReason{mVersionCode=0, mIdentifier=6, mName='ReportingNotEnabled'}, InactiveReason{mVersionCode=0, mIdentifier=14, mName='HistoryNotEnabled'}]}
D/WifiStateMachine( 1025): handleMessage: E msg.what=151572
D/WifiStateMachine( 1025): processMsg: ConnectedState
D/WifiStateMachine( 1025): processMsg: L2ConnectedState
D/WifiStateMachine( 1025): handleMessage: X
I/MDMCTBK (  273): NetlinkHandler, power_supply subsys
I/MDMCTBK (  273): NetlinkHandler, usbChargerStateChanged
I/MDMCTBK (  273): checkDefaultInst, current pid is = 273
I/MDMCTBK (  273): checkDefaultInst, pid match
I/MDMCTBK (  273): MdmCutbackHndler,readFromFile = /sys/class/power_supply/usb/online
I/MDMCTBK (  273): MdmCutbackHndler,readFromFile = 
E/MDMCTBK (  273): MdmCutbackHndler,Could not open ''
D/dalvikvm( 1025): GC_EXPLICIT freed 1425K, 42% free 29497K/50444K, paused 6ms+17ms, total 172ms
I/GCoreUlr(19200): Unbound from all location providers
I/ActivityManager( 1025): Start proc com.motorola.MotGallery2 for broadcast com.motorola.MotGallery2/com.viewdle.receivers.PowerConnectedReceiver: pid=15523 uid=10034 gids={50034, 3003, 1028, 1015}
D/WifiStateMachine( 1025): handleMessage: E msg.what=131155
D/WifiStateMachine( 1025): processMsg: ConnectedState
D/WifiStateMachine( 1025): processMsg: L2ConnectedState
D/WifiStateMachine( 1025): handleMessage: X
I/GCoreUlr(19200): DispatchingService.onDestroy()
I/GCoreUlr(19200): Unbound from all location providers
D/dalvikvm(19200): GC_CONCURRENT freed 1935K, 37% free 10898K/17224K, paused 3ms+4ms, total 66ms
I/ActivityManager( 1025): Start proc com.android.chrome for broadcast com.android.chrome/com.google.android.apps.chrome.precache.PrecacheServiceLauncher: pid=15540 uid=10057 gids={50057, 3003, 1028, 1015}
D/UsbDeviceManager( 1025): setEnabledFunctions mtp,adb makeDefault: false
D/UsbDeviceManager( 1025): broadcasting Intent { act=android.hardware.usb.action.USB_STATE flg=0x20000000 (has extras) } connected: false configured: false
I/ActivityManager( 1025): Start proc com.facebook.katana for broadcast com.facebook.katana/com.facebook.vault.service.VaultPowerConnectionReceiver: pid=15554 uid=10110 gids={50110, 1028, 1015, 3003}
F/ProcessStats( 1025): Starting service ServiceState{42a4cec0 com.facebook.push.mqtt.service.MqttPushService pkg=com.facebook.katana proc=42a4cec0} without owner
F/ProcessStats( 1025): Starting service ServiceState{428fdff0 com.facebook.push.mqtt.service.MqttPushService pkg=com.facebook.orca proc=428fdff0} without owner
I/ActivityManager( 1025): Process com.google.android.apps.uploader (pid 15444) has died.
F/ProcessStats( 1025): Starting service ServiceState{42a4cec0 com.facebook.push.mqtt.service.MqttPushService pkg=com.facebook.katana proc=42a4cec0} without owner
F/ProcessStats( 1025): Starting service ServiceState{428fdff0 com.facebook.push.mqtt.service.MqttPushService pkg=com.facebook.orca proc=428fdff0} without owner
D/dalvikvm(27213): GC_CONCURRENT freed 2810K, 47% free 10780K/20100K, paused 5ms+3ms, total 36ms
W/dalvikvm(15554): VFY: unable to resolve static field 29078 (a) in Lcom/facebook/katana/app/WorkAppTypes;
D/dalvikvm(15554): VFY: replacing opcode 0x62 at 0x0013
W/dalvikvm(15554): VFY: unable to resolve static field 29079 (b) in Lcom/facebook/katana/app/WorkAppTypes;
D/dalvikvm(15554): VFY: replacing opcode 0x62 at 0x001d
E/dalvikvm(15554): Could not find class 'com.facebook.katana.app.WallpaperFacebookApplicationImpl', referenced from method com.facebook.katana.app.FacebookApplication.a
W/dalvikvm(15554): VFY: unable to resolve new-instance 379 (Lcom/facebook/katana/app/WallpaperFacebookApplicationImpl;) in Lcom/facebook/katana/app/FacebookApplication;
D/dalvikvm(15554): VFY: replacing opcode 0x22 at 0x00a9
D/dalvikvm(15554): DexOpt: unable to opt direct call 0x055f at 0xab in Lcom/facebook/katana/app/FacebookApplication;.a
I/MDMCTBK (  273): NetlinkHandler, power_supply subsys
I/MDMCTBK (  273): NetlinkHandler, usbChargerStateChanged
I/MDMCTBK (  273): checkDefaultInst, current pid is = 273
I/MDMCTBK (  273): checkDefaultInst, pid match
I/MDMCTBK (  273): MdmCutbackHndler,readFromFile = /sys/class/power_supply/usb/online
I/MDMCTBK (  273): MdmCutbackHndler,usb, new_state =1
I/MDMCTBK (  273): MdmCutbackHndler Status: Qmi =1, cg=0, ep=0, vc=0, dc=0, cn=0, wf=1, mf=0, wfd=0, apm=0, usb=1, stopqmi=0
I/MDMCTBK (  273): set_property_value, Enter
I/MDMCTBK (  273): set_property_value, Values updated in the property=1,0,0,0,0,0,1,0,0,0,1,0
I/MDMCTBK (  273): set_property_value, Values updated in the property file Successfully
I/MDMCTBK (  273): set_property_value, Exit
I/MDMCTBK (  273): setSarCtrl:set SAR over QMI, conn:0, ep:0,wf:1, mf:0, chrg:1
I/MDMCTBK (  273): send SAR ctrl over QMI
I/MDMCTBK (  273): MdmCutbackHndler,readFromFile = 
E/MDMCTBK (  273): MdmCutbackHndler,Could not open ''
D/CatchMeIfYouCan(15554): Process (<default>) ca: '/data/data/com.facebook.katana/app_cmiyc/A1657CCD543F12E66E587EE52ED9D802E22AAC4701'
D/CatchMeIfYouCan(15554): Process (<default>) fc: '/data/data/com.facebook.katana/app_cmiyc/A1657CCD543F12E66E587EE52ED9D802E22AAC4702'
D/CatchMeIfYouCan(15554): Process (<default>) cp: '('default', 3, 120000, silent [true], restart [false], logout [false])'
I/EntropyMixer( 1025): Writing entropy...
D/ACRA    (15554): ACRA is enabled for com.facebook.katana, intializing...
D/Ulp_jni ( 1025): JNI:system_update. Event-2
D/LBSSystemMonitorService( 1025): handleMessage what - 8
D/DeviceContext( 1025): handleMessage what - 1
D/Ulp_jni ( 1025): Location CB invoked
D/ACRA    (15554): Looking for error files in /data/data/com.facebook.katana/app_acra-reports
D/ACRA    (15554): Looking for error files in /data/data/com.facebook.katana/app_minidumps
I/MDMCTBK (  273): NetlinkHandler, power_supply subsys
I/MDMCTBK (  273): NetlinkHandler, usbChargerStateChanged
I/MDMCTBK (  273): checkDefaultInst, current pid is = 273
I/MDMCTBK (  273): checkDefaultInst, pid match
I/MDMCTBK (  273): MdmCutbackHndler,readFromFile = /sys/class/power_supply/usb/online
I/MDMCTBK (  273): MdmCutbackHndler,usb, new_state =0
I/MDMCTBK (  273): MdmCutbackHndler Status: Qmi =1, cg=0, ep=0, vc=0, dc=0, cn=0, wf=1, mf=0, wfd=0, apm=0, usb=0, stopqmi=0
I/MDMCTBK (  273): set_property_value, Enter
I/MDMCTBK (  273): set_property_value, Values updated in the property=1,0,0,0,0,0,1,0,0,0,0,0
I/MDMCTBK (  273): set_property_value, Values updated in the property file Successfully
I/MDMCTBK (  273): set_property_value, Exit
I/MDMCTBK (  273): setSarCtrl:set SAR over QMI, conn:0, ep:0,wf:1, mf:0, chrg:0
D/dalvikvm(15554): Trying to load lib /data/app-lib/com.facebook.katana-1/libgnustl_shared.so 0x41fbc228
I/MDMCTBK (  273): send SAR ctrl over QMI
I/MDMCTBK (  273): MdmCutbackHndler,readFromFile = 
E/MDMCTBK (  273): MdmCutbackHndler,Could not open ''
D/dalvikvm(15554): Added shared lib /data/app-lib/com.facebook.katana-1/libgnustl_shared.so 0x41fbc228
D/dalvikvm(15554): No JNI_OnLoad found in /data/app-lib/com.facebook.katana-1/libgnustl_shared.so 0x41fbc228, skipping init
D/dalvikvm(15554): Trying to load lib /data/app-lib/com.facebook.katana-1/libfb_breakpad_client.so 0x41fbc228
