D/Socket_Alarm(19543): set mSocketMonitor
D/Socket_Alarm(19543): HTCSocketMonitorImpl::HTCSocketMonitorImpl
I/NONPRIME(19503): <CallBackProxy> Send to WebViewClient.
I/ActivityManager(  588): Start proc android.process.acore for broadcast com.android.providers.contacts/.PackageIntentReceiver: pid=19608 uid=10018 gids={3003, 1015, 5002, 1028}
E/Trace   (19608): error opening trace file: No such file or directory (2)
D/memalloc(19503): ion: Unmapping buffer  base:0x576f1000 size:1880064
D/memalloc(19503): ion: Unmapping buffer  base:0x50f37000 size:4096
D/memalloc(19503): ion: Unmapping buffer  base:0x578bc000 size:1880064
D/memalloc(19503): ion: Unmapping buffer  base:0x51005000 size:4096
D/memalloc(19503): ion: Unmapping buffer  base:0x57a87000 size:1880064
D/memalloc(19503): ion: Unmapping buffer  base:0x5102a000 size:4096
D/memalloc(  242): ion: Freeing buffer base:0x42ec2000 size:1880064 fd:38
D/memalloc(  242): ion: Unmapping buffer  base:0x42ec2000 size:1880064
D/memalloc(  242): ion: Freeing buffer base:0x40208000 size:4096 fd:51
D/memalloc(  242): ion: Unmapping buffer  base:0x40208000 size:4096
D/memalloc(  242): ion: Freeing buffer base:0x444b8000 size:1880064 fd:96
D/memalloc(  242): ion: Unmapping buffer  base:0x444b8000 size:1880064
D/memalloc(  242): ion: Freeing buffer base:0x40209000 size:4096 fd:97
D/memalloc(  242): ion: Unmapping buffer  base:0x40209000 size:4096
V/PhoneStatusBar(  811): setLightsOn(true)
W/dalvikvm(19503): disableGcForExternalAlloc: false
E/hwcomposer(  242): void qhwc::QueuedBufferStore::unlockBuffer(private_handle_t*) Invalid Handle
D/CordovaLog(19503): file:///android_asset/www/js/openfb.js: Line 115 : exit and remove listeners
I/Web Console(19503): exit and remove listeners at file:///android_asset/www/js/openfb.js:115
I/ActivityThread(19608): Pub contacts;com.android.contacts: com.android.providers.contacts.HtcContactsProvider2
D/CordovaLog(19503): file:///android_asset/www/cordova.js: Line 305 : Error in Success callbackId: InAppBrowser1521994990 : ReferenceError: deferredLogin is not defined
I/Web Console(19503): Error in Success callbackId: InAppBrowser1521994990 : ReferenceError: deferredLogin is not defined at file:///android_asset/www/cordova.js:305
D/CordovaLog(19503): file:///android_asset/www/cordova.js: Line 1075 : processMessage failed: Error: ReferenceError: deferredLogin is not defined
I/Web Console(19503): processMessage failed: Error: ReferenceError: deferredLogin is not defined at file:///android_asset/www/cordova.js:1075
D/CordovaLog(19503): file:///android_asset/www/cordova.js: Line 1076 : processMessage failed: Stack: ReferenceError: deferredLogin is not defined
D/CordovaLog(19503):     at [object Object].loginWindow_exitHandler (file:///android_asset/www/js/openfb.js:117:13)
D/CordovaLog(19503):     at [object Object].fire (file:///android_asset/www/cordova.js:816:23)
D/CordovaLog(19503):     at Object._eventHandler (file:///android_asset/www/plugins/org.apache.cordova.inappbrowser/www/inappbrowser.js:39:39)
D/CordovaLog(19503):     at file:///android_asset/www/plugins/org.apache.cordova.inappbrowser/www/inappbrowser.js:90:12
D/CordovaLog(19503):     at Object.callbackFromNative (file:///android_asset/www/cordova.js:286:58)
D/CordovaLog(19503):     at processMessage (file:///android_asset/www/cordova.js:1070:21)
D/CordovaLog(19503):     at file:///android_asset/www/cordova.js:1107:13
I/Web Console(19503): processMessage failed: Stack: ReferenceError: deferredLogin is not defined
I/Web Console(19503):     at [object Object].loginWindow_exitHandler (file:///android_asset/www/js/openfb.js:117:13)
I/Web Console(19503):     at [object Object].fire (file:///android_asset/www/cordova.js:816:23)
I/Web Console(19503):     at Object._eventHandler (file:///android_asset/www/plugins/org.apache.cordova.inappbrowser/www/inappbrowser.js:39:39)
I/Web Console(19503):     at file:///android_asset/www/plugins/org.apache.cordova.inappbrowser/www/inappbrowser.js:90:12
I/Web Console(19503):     at Object.callbackFromNative (file:///android_asset/www/cordova.js:286:58)
I/Web Console(19503):     at processMessage (file:///android_asset/www/cordova.js:1070:21)
I/Web Console(19503):     at file:///android_asset/www/cordova.js:1107:13 at file:///android_asset/www/cordova.js:1076
D/CordovaLog(19503): file:///android_asset/www/cordova.js: Line 1077 : processMessage failed: Message: S01 InAppBrowser1521994990 {"type":"exit"}
I/Web Console(19503): processMessage failed: Message: S01 InAppBrowser1521994990 {"type":"exit"} at file:///android_asset/www/cordova.js:1077
W/dalvikvm(19487): VFY: unable to resolve virtual method 330: Landroid/content/res/Configuration;.setLayoutDirection (Ljava/util/Locale;)V
D/memalloc(  242): ion: Freeing buffer base:0x442ed000 size:1880064 fd:55
D/memalloc(  242): ion: Unmapping buffer  base:0x442ed000 size:1880064
D/memalloc(  242): ion: Freeing buffer base:0x4008f000 size:4096 fd:80
D/memalloc(  242): ion: Unmapping buffer  base:0x4008f000 size:4096
I/ActivityThread(19608): Pub com.android.voicemail: com.android.providers.contacts.VoicemailContentProvider
I/ActivityThread(19608): Pub applications: com.android.providers.applications.ApplicationsProvider
D/ContactsEventQueueProcessor(19608): ContactsEventQueueProcessor.run() - [sleepThread()], waiting for new request coming...
D/ContactsEventQueueProcessor(19608): ContactsEventQueueProcessor.sleepThread() - mWakeUpLock.wait()
I/ActivityThread(19608): Pub com.htc.provider.settings: com.htc.provider.settings.NotificationFlashLightProvider
I/ActivityThread(19608): Pub call_log: com.android.providers.contacts.CallLogProvider
I/ActivityThread(19608): Pub user_dictionary: com.android.providers.userdictionary.UserDictionaryProvider
D/COpenHelper(19608): onOpen E
D/NotifyDialerScheduler(19608): ACTION_CONTACTS_DB_READY
I/ActivityManager(  588): Start proc com.google.android.talk for broadcast com.google.android.talk/com.google.android.apps.hangouts.phone.PackageReplacedReceiver: pid=19638 uid=10148 gids={3003, 1015, 1006, 3002, 1028}
D/NotifyDialerScheduler(19608): DialerService connected !
D/COpenHelper(19608): onOpen X
E/Trace   (19638): error opening trace file: No such file or directory (2)
D/StateMachine(  588): handleMessage: E msg.what=131155
D/StateMachine(  588): processMsg: ConnectedState
D/WifiStateMachine(  588): ConnectedState{ what=131155 when=-23ms target=Handler (com.android.internal.util.StateMachine$SmHandler) {42568e58} arg1=271 }
D/StateMachine(  588): processMsg: L2ConnectedState
D/WifiStateMachine(  588): L2ConnectedState{ what=131155 when=-26ms target=Handler (com.android.internal.util.StateMachine$SmHandler) {42568e58} arg1=271 }
I/wpa_ctrl(  588): [wpa_ctrl_request] ctrl address = 51174668, ctrl_conn address = 0
D/WifiStateMachine(  588): fetchRssiAndLinkSpeedNative RSSI = -44
D/StateMachine(  588): handleMessage: X
D/COpenHelper(19608): onOpen E
D/COpenHelper(19608): onOpen X
W/dalvikvm(19638): VFY: unable to resolve virtual method 2585: Landroid/app/ActivityManager;.isLowRamDevice ()Z
I/ActivityThread(19638): Pub com.google.android.apps.hangouts.content.EsProvider: com.google.android.apps.hangouts.content.EsProvider
I/ActivityManager(  588): Recipient 15590
I/ActivityManager(  588): Process com.google.android.music:main (pid 15590) has died.
W/ActivityManager(  588): Scheduling restart of crashed service com.google.android.music/.playback.MusicPlaybackService in 5000ms
E/dalvikvm(19638): Could not find class 'android.app.Notification$Action$Builder', referenced from method f.a
W/dalvikvm(19638): VFY: unable to resolve new-instance 402 (Landroid/app/Notification$Action$Builder;) in Lf;
E/dalvikvm(19638): Could not find class 'android.app.RemoteInput$Builder', referenced from method f.a
W/dalvikvm(19638): VFY: unable to resolve new-instance 414 (Landroid/app/RemoteInput$Builder;) in Lf;
E/dalvikvm(19638): Could not find class 'android.transition.Transition', referenced from method f.a
W/dalvikvm(19638): VFY: unable to resolve check-cast 791 (Landroid/transition/Transition;) in Lf;
E/dalvikvm(19638): Could not find class 'android.app.Notification$Action$Builder', referenced from method f.a
W/dalvikvm(19638): VFY: unable to resolve new-instance 402 (Landroid/app/Notification$Action$Builder;) in Lf;
E/dalvikvm(19638): Could not find class 'android.transition.Transition', referenced from method f.a
W/dalvikvm(19638): VFY: unable to resolve check-cast 791 (Landroid/transition/Transition;) in Lf;
E/dalvikvm(19638): Could not find class 'android.transition.Transition', referenced from method f.a
W/dalvikvm(19638): VFY: unable to resolve check-cast 791 (Landroid/transition/Transition;) in Lf;
E/dalvikvm(19638): Could not find class 'android.transition.Transition', referenced from method f.a
W/dalvikvm(19638): VFY: unable to resolve check-cast 791 (Landroid/transition/Transition;) in Lf;
E/dalvikvm(19638): Could not find class 'android.transition.Transition', referenced from method f.a
W/dalvikvm(19638): VFY: unable to resolve check-cast 791 (Landroid/transition/Transition;) in Lf;
W/dalvikvm(19638): VFY: unable to resolve virtual method 5345: Landroid/view/ViewGroup;.isTransitionGroup ()Z
W/dalvikvm(19638): VFY: unable to resolve virtual method 5199: Landroid/view/View;.getTransitionName ()Ljava/lang/String;
W/dalvikvm(19638): VFY: unable to find class referenced in signature ([Landroid/app/RemoteInput;)
E/dalvikvm(19638): Could not find class 'android.app.RemoteInput[]', referenced from method f.a
W/dalvikvm(19638): VFY: unable to resolve new-array 6957 ([Landroid/app/RemoteInput;) in Lf;
E/dalvikvm(19638): Could not find class 'android.transition.Transition', referenced from method f.b
W/dalvikvm(19638): VFY: unable to resolve check-cast 791 (Landroid/transition/Transition;) in Lf;
W/dalvikvm(19638): VFY: unable to resolve static field 1486 (SUPPORTED_ABIS) in Landroid/os/Build;
W/dalvikvm(19638): VFY: unable to resolve static method 4853: Landroid/text/TextUtils;.getLayoutDirectionFromLocale (Ljava/util/Locale;)I
W/dalvikvm(19638): Unable to resolve superclass of Law; (790)
W/dalvikvm(19638): Link of class 'Law;' failed
W/dalvikvm(19638): Unable to resolve superclass of Lay; (790)
W/dalvikvm(19638): Link of class 'Lay;' failed
W/dalvikvm(19638): VFY: unable to resolve static method 3931: Landroid/provider/Telephony$Sms;.getDefaultSmsPackage (Landroid/content/Context;)Ljava/lang/String;
E/dalvikvm(19487): Could not find class 'android.telephony.CellInfoCdma', referenced from method com.facebook.common.hardware.CellDiagnosticsSerializer.c
W/dalvikvm(19487): VFY: unable to resolve instanceof 697 (Landroid/telephony/CellInfoCdma;) in Lcom/facebook/common/hardware/CellDiagnosticsSerializer;
W/dalvikvm(19638): VFY: unable to resolve virtual method 2839: Landroid/content/Context;.getDrawable (I)Landroid/graphics/drawable/Drawable;
W/dalvikvm(19638): VFY: unable to resolve virtual method 4789: Landroid/telephony/TelephonyManager;.getMmsUserAgent ()Ljava/lang/String;
I/Babel   (19638): MmsConfig: mnc/mcc: 272/2
I/Babel   (19638): MmsConfig.loadMmsSettings
I/Babel   (19638): MmsConfig.loadFromDatabase
E/SQLiteLog(19638): (1) no such table: mmsconfig
I/PackageManager(  588):  setEnabledSetting(), pkgName=com.google.android.talk, clsName=com.google.android.apps.hangouts.phone.ShareIntentSmsOnlyActivity, state=2, flag=1, pid=19638, uid=10148
I/Babel   (19638): MmsConfig: no mmsconfig table android.database.sqlite.SQLiteException: no such table: mmsconfig (code 1): , while compiling: SELECT key, value, type FROM mmsconfig WHERE numeric=?
I/Babel   (19638): MmsConfig.loadFromResources
E/Babel   (19638): canonicalizeMccMnc: invalid mccmnc nullnull
I/Babel   (19638): MmsConfig.loadMmsSettings: mUserAgent=Hangouts/3.0.87531466, mUaProfUrl=https://ssl.gstatic.com/android/hangouts/hangouts_mms_ua_profile.xml
D/Socket_Alarm(19638): registerHTCSocketMonitorCallBack
D/Socket_Alarm(19638): set mSocketMonitor
D/Socket_Alarm(19638): HTCSocketMonitorImpl::HTCSocketMonitorImpl
I/PackageManager(  588):  setEnabledSetting(), pkgName=com.google.android.talk, clsName=com.google.android.apps.hangouts.sms.SmsReceiver, state=2, flag=1, pid=19638, uid=10148
I/PackageManager(  588):  setEnabledSetting(), pkgName=com.google.android.talk, clsName=com.google.android.apps.hangouts.sms.MmsWapPushReceiver, state=2, flag=1, pid=19638, uid=10148
I/PackageManager(  588):  setEnabledSetting(), pkgName=com.google.android.talk, clsName=com.google.android.apps.hangouts.sms.AbortSmsReceiver, state=2, flag=1, pid=19638, uid=10148
I/PackageManager(  588):  setEnabledSetting(), pkgName=com.google.android.talk, clsName=com.google.android.apps.hangouts.sms.AbortMmsWapPushReceiver, state=2, flag=1, pid=19638, uid=10148
I/PackageManager(  588):  setEnabledSetting(), pkgName=com.google.android.talk, clsName=com.google.android.apps.hangouts.service.NoConfirmationSmsSendService, state=2, flag=1, pid=19638, uid=10148
I/Babel_StickerModule(19638): App launched.
E/dalvikvm(19638): Could not find class 'android.hardware.display.DisplayManager', referenced from method com.google.android.libraries.hangouts.video.ScreenCaptureVideoSource.<init>
W/dalvikvm(19638): VFY: unable to resolve check-cast 563 (Landroid/hardware/display/DisplayManager;) in Lcom/google/android/libraries/hangouts/video/ScreenCaptureVideoSource;
W/dalvikvm(19638): VFY: unable to find class referenced in signature (Landroid/hardware/display/VirtualDisplay;)
W/dalvikvm(19638): VFY: unable to find class referenced in signature (Landroid/media/projection/MediaProjection;)
W/dalvikvm(19638): VFY: unable to find class referenced in signature (Landroid/media/projection/MediaProjection;)
W/dalvikvm(19638): VFY: unable to find class referenced in signature (Landroid/media/projection/MediaProjection;)
W/dalvikvm(19638): VFY: unable to find class referenced in signature (Landroid/media/projection/MediaProjectionManager;)
W/dalvikvm(19638): VFY: unable to resolve virtual method 3518: Landroid/media/projection/MediaProjection;.createVirtualDisplay (Ljava/lang/String;IIIILandroid/view/Surface;Landroid/hardware/display/VirtualDisplay$Callback;Landroid/os/Handler;)Landroid/hardware/display/VirtualDisplay;
W/dalvikvm(19638): VFY: unable to resolve virtual method 3393: Landroid/hardware/display/VirtualDisplay;.release ()V
W/dalvikvm(19638): VFY: unable to resolve virtual method 3392: Landroid/hardware/display/DisplayManager;.unregisterDisplayListener (Landroid/hardware/display/DisplayManager$DisplayListener;)V
W/dalvikvm(19638): VFY: unable to resolve virtual method 3522: Landroid/media/projection/MediaProjectionManager;.createScreenCaptureIntent ()Landroid/content/Intent;
W/dalvikvm(19638): Unable to resolve superclass of Lcom/google/android/libraries/hangouts/video/ScreenCaptureVideoSource$2; (596)
W/dalvikvm(19638): Link of class 'Lcom/google/android/libraries/hangouts/video/ScreenCaptureVideoSource$2;' failed
W/dalvikvm(19638): Link of class 'Lcom/google/android/libraries/hangouts/video/ScreenCaptureVideoSource$4;' failed
W/dalvikvm(19638): VFY: unable to resolve virtual method 3454: Landroid/media/MediaCodecInfo$CodecCapabilities;.getVideoCapabilities ()Landroid/media/MediaCodecInfo$VideoCapabilities;
D/PhoneApp(  946): ACTION_CONTACTS_DB_READY
D/NotifyDialerScheduler(19608): ACTION_CONTACTS_DB_READY
W/CallNotifier(  946): bindDialerService
I/ActivityManager(  588): Recipient 18694
I/ActivityManager(  588): Process nz.barees.android.cachesensedemo (pid 18694) has died.
I/dalvikvm-heap(19638): Grow heap (frag case) to 12.909MB for 260112-byte allocation
I/ActivityManager(  588): Start proc com.google.android.apps.plus for broadcast com.google.android.apps.plus/.service.PackagesMediaMonitor: pid=19667 uid=10133 gids={3003, 3002, 1015, 1006, 1028}
E/Trace   (19667): error opening trace file: No such file or directory (2)
I/ActivityManager(  588): Recipient 19433
I/ActivityManager(  588): Process com.android.keychain (pid 19433) has died.
I/ActivityManager(  588): Recipient 19445
I/ActivityManager(  588): Process com.htc.providers.settings:remote (pid 19445) has died.
D/CordovaLog(19503): file:///android_asset/www/js/ratchet.min.js: Line 10 : Uncaught Error: SYNTAX_ERR: DOM Exception 12
E/Web Console(19503): Uncaught Error: SYNTAX_ERR: DOM Exception 12 at file:///android_asset/www/js/ratchet.min.js:10
E/dalvikvm(19667): Could not find class 'android.app.Notification$Action$Builder', referenced from method b.a
W/dalvikvm(19667): VFY: unable to resolve new-instance 302 (Landroid/app/Notification$Action$Builder;) in Lb;
D/Socket_Alarm(19487): registerHTCSocketMonitorCallBack
D/Socket_Alarm(19487): set mSocketMonitor
D/Socket_Alarm(19487): HTCSocketMonitorImpl::HTCSocketMonitorImpl
D/NOTE    (19608): checkSsoFacebookLogin sso_facebook_mimetype_id: 14
D/NOTE    (19608): checkSsoFacebookLogin mOriginalFacebookLogin: true
D/HtcCustomOpenHelper(19608): cacheMyContactIds mMyContactCardRawId: 9223372034707292161
D/HtcCustomOpenHelper(19608): cacheMyContactIds mMyContactCardId: 9223372034707292161
W/BroadcastQueue(  588): Permission Denial: broadcasting Intent { act=android.net.conn.INET_CONDITION_ACTION flg=0x8000010 (has extras) } from null (pid=-1, uid=-1) requires com.facebook.permission.prod.FB_APP_COMMUNICATION due to registered receiver BroadcastFilter{42623050 ReceiverList{4262bfb0 19487 com.facebook.katana:dash/10028 remote:426dfc58}}
W/BroadcastQueue(  588): Permission Denial: broadcasting Intent { act=android.net.conn.CONNECTIVITY_CHANGE flg=0x8000010 (has extras) } from null (pid=-1, uid=-1) requires com.facebook.permission.prod.FB_APP_COMMUNICATION due to registered receiver BroadcastFilter{42623050 ReceiverList{4262bfb0 19487 com.facebook.katana:dash/10028 remote:426dfc58}}
D/StateMachine(  588): handleMessage: E msg.what=131218
D/StateMachine(  588): processMsg: ConnectedState
D/WifiStateMachine(  588): ConnectedState{ what=131218 when=0 target=Handler (com.android.internal.util.StateMachine$SmHandler) {42568e58} }
D/StateMachine(  588): processMsg: L2ConnectedState
D/WifiStateMachine(  588): L2ConnectedState{ what=131218 when=0 target=Handler (com.android.internal.util.StateMachine$SmHandler) {42568e58} }
D/StateMachine(  588): processMsg: ConnectModeState
D/WifiStateMachine(  588): ConnectModeState{ what=131218 when=0 target=Handler (com.android.internal.util.StateMachine$SmHandler) {42568e58} }
D/StateMachine(  588): processMsg: DriverStartedState
D/WifiStateMachine(  588): DriverStartedState{ what=131218 when=0 target=Handler (com.android.internal.util.StateMachine$SmHandler) {42568e58} }
I/wpa_ctrl(  588): [wpa_ctrl_request] ctrl address = 51174668, ctrl_conn address = 0
E/dalvikvm(19667): Could not find class 'android.graphics.drawable.RippleDrawable', referenced from method b.a
W/dalvikvm(19667): VFY: unable to resolve new-instance 462 (Landroid/graphics/drawable/RippleDrawable;) in Lb;
D/StateMachine(  588): handleMessage: X
D/TELEPHONY_CALLBACK(  811): @onSignalStrengthChanged: SignalStrength: 9 -1 -1 -1 -1 -1 -1 -1 -1 -1 2147483647 -1 gsm|lte
D/StatusBar.NetworkController(  811): dumpState[hasService=true ServiceState=0 home 3 3 27202  EDGE CSS not supported -1 -1 RoamInd=-1 DefRoamInd=-1EriInd= -1EriMode= -1RadioPowerSv: false EmergOnly=false PhoneType: 1 IsCdma=false SimState=UNKNOWN GprsState=0 DataState=Disconnected DataActivity=NONE NetworkType=EDGE HtcModemLinkOn=false HspaDataDistinquishable=true]
D/SIGNAL_ICON(  811): updateTelephonySignalStrength
D/SIGNAL_ICON(  811): fakeui srv=0 mTimerEnabled=false asu=9
D/SIGNAL_ICON(  811): asu=9
D/SIGNAL_ICON(  811): SUPPORT_5_LEVEL_SIGNAL
D/SIGNAL_ICON(  811): mapTelephonySignalStrength
D/SIGNAL_ICON(  811): maxLevel=5 asu=9 networkType=EDGE
D/SIGNAL_ICON(  811): return iconLevel=3
D/StatusBar.NetworkController(  811): dumpIconState[dataVisible=false dataIconId=stat_sys_data_out_3g_plus signalIconId=stat_sys_5signal_3 wifiVisible=true wifiIconId=stat_sys_wifi_signal_4 airplaneMode=false]
W/dalvikvm(19667): VFY: unable to find class referenced in signature (Lzt;)
W/dalvikvm(19667): VFY: unable to find class referenced in signature (Lzt;)
W/dalvikvm(19667): VFY: unable to find class referenced in signature (Lzt;)
W/dalvikvm(19667): VFY: unable to find class referenced in signature (Lzt;)
W/dalvikvm(19667): VFY: unable to find class referenced in signature (Lzt;)
W/dalvikvm(19667): VFY: unable to find class referenced in signature (Lzt;)
W/dalvikvm(19667): VFY: unable to find class referenced in signature (Lzt;)
W/dalvikvm(19667): VFY: unable to resolve static method 2837: Landroid/os/Trace;.beginSection (Ljava/lang/String;)V
W/dalvikvm(19667): VFY: unable to resolve static method 2838: Landroid/os/Trace;.endSection ()V
E/dalvikvm(19667): Could not find class 'android.app.Notification$Action$Builder', referenced from method b.a
W/dalvikvm(19667): VFY: unable to resolve new-instance 302 (Landroid/app/Notification$Action$Builder;) in Lb;
E/dalvikvm(19667): Could not find class 'android.transition.Transition', referenced from method b.a
W/dalvikvm(19667): VFY: unable to resolve check-cast 691 (Landroid/transition/Transition;) in Lb;
E/dalvikvm(19667): Could not find class 'android.transition.Transition', referenced from method b.a
W/dalvikvm(19667): VFY: unable to resolve check-cast 691 (Landroid/transition/Transition;) in Lb;
E/dalvikvm(19667): Could not find class 'android.transition.Transition', referenced from method b.a
W/dalvikvm(19667): VFY: unable to resolve check-cast 691 (Landroid/transition/Transition;) in Lb;
W/dalvikvm(19667): VFY: unable to resolve virtual method 4388: Landroid/view/ViewGroup;.isTransitionGroup ()Z
W/dalvikvm(19667): VFY: unable to resolve virtual method 4205: Landroid/view/View;.getTransitionName ()Ljava/lang/String;
I/ActivityManager(  588): Recipient 19255
I/ActivityManager(  588): Process com.htc.htcpowermanager:remote (pid 19255) has died.
D/StateMachine(  588): handleMessage: E msg.what=131155
D/StateMachine(  588): processMsg: ConnectedState
D/WifiStateMachine(  588): ConnectedState{ what=131155 when=-1ms target=Handler (com.android.internal.util.StateMachine$SmHandler) {42568e58} arg1=271 }
D/StateMachine(  588): processMsg: L2ConnectedState
D/WifiStateMachine(  588): L2ConnectedState{ what=131155 when=-1ms target=Handler (com.android.internal.util.StateMachine$SmHandler) {42568e58} arg1=271 }
I/wpa_ctrl(  588): [wpa_ctrl_request] ctrl address = 51174668, ctrl_conn address = 0
D/WifiStateMachine(  588): fetchRssiAndLinkSpeedNative RSSI = -43
D/StateMachine(  588): handleMessage: X
W/dalvikvm(19667): VFY: unable to find class referenced in signature ([Landroid/app/RemoteInput;)
E/dalvikvm(19667): Could not find class 'android.app.RemoteInput[]', referenced from method b.a
W/dalvikvm(19667): VFY: unable to resolve new-array 12606 ([Landroid/app/RemoteInput;) in Lb;
E/dalvikvm(19667): Could not find class 'android.transition.Transition', referenced from method b.b
W/dalvikvm(19667): VFY: unable to resolve check-cast 691 (Landroid/transition/Transition;) in Lb;
W/dalvikvm(19487): VFY: unable to resolve virtual method 69: Landroid/app/PendingIntent;.getCreatorPackage ()Ljava/lang/String;
W/dalvikvm(19667): VFY: unable to resolve virtual method 1740: Landroid/content/res/Configuration;.getLayoutDirection ()I
W/dalvikvm(19667): Unable to resolve superclass of Lar; (689)
W/dalvikvm(19667): Link of class 'Lar;' failed
W/dalvikvm(19667): Unable to resolve superclass of Lat; (689)
W/dalvikvm(19667): Link of class 'Lat;' failed
I/ActivityThread(19667): Pub com.google.android.apps.photos.content: com.google.android.apps.photos.content.GooglePhotosImageProvider
I/ActivityThread(19667): Pub com.google.android.apps.plus.content.EsPicasaStoreProvider: com.google.android.libraries.social.picasalegacy.PicasaPhotoContentProvider
I/ActivityThread(19667): Pub com.google.android.apps.photos.GooglePhotoDownsyncProvider: com.google.android.apps.photos.content.GooglePhotoDownsyncProvider
I/ActivityThread(19667): Pub com.google.plus.platform: com.google.android.libraries.social.adsprovider.AdsProvider
I/ActivityThread(19667): Pub com.google.android.apps.plus.iu.EsGoogleIuProvider: com.google.android.libraries.social.autobackup.AutoBackupProvider
I/ActivityThread(19667): Pub com.google.android.apps.plus.content.EsProvider: com.google.android.apps.plus.content.EsProvider
I/ActivityThread(19667): Pub com.google.android.apps.plus.mediapicker: android.support.v4.content.FileProvider
W/ManagedEGLContext( 1222): doTerminate failed: EGL count is 2 but managed count is 1
D/PowerManagerService(  588): acquireWakeLock(42980018): PARTIAL_WAKE_LOCK , tag=AsyncService, flags=0x1, pid=19667, uid=10133, mUserState=0x3
I/ActivityManager(  588): Start proc com.google.android.googlequicksearchbox:search for broadcast com.google.android.googlequicksearchbox/com.google.android.search.core.icingsync.IcingCorporaChangedReceiver: pid=19692 uid=10038 gids={3003, 3001, 1028, 3002, 1015, 1006}
I/ActivityManager(  588): Recipient 19472
I/ActivityManager(  588): Process com.android.settings (pid 19472) has died.
D/PowerManagerService(  588): releaseWakeLock(42980018): PARTIAL_WAKE_LOCK , tag=AsyncService, flags=0x1
E/Trace   (19692): error opening trace file: No such file or directory (2)
I/dalvikvm-heap(19667): Grow heap (frag case) to 13.683MB for 1024768-byte allocation
I/ActivityManager(  588): Recipient 19457
I/ActivityManager(  588): Process com.htc.opensense.social (pid 19457) has died.
I/ActivityManager(  588): Recipient 19487
I/ActivityManager(  588): Process com.facebook.katana:dash (pid 19487) has died.
I/ActivityThread(19692): Pub com.google.android.googlequicksearchbox.google: com.google.android.search.core.google.GoogleSuggestionProvider
I/ActivityThread(19692): Pub com.google.android.googlequicksearchbox.AudioProvider: com.google.android.speech.audio.AudioProvider
I/ActivityThread(19692): Pub com.google.android.googlequicksearchbox.icing: com.google.android.search.core.icingsync.InternalIcingCorporaProvider
W/dalvikvm(19692): VFY: unable to resolve static field 219 (CONTENT_URI) in Landroid/provider/ContactsContract$DeletedContacts;
W/dalvikvm(19692): VFY: unable to resolve virtual method 260: Landroid/app/ActivityManager;.isLowRamDevice ()Z
W/dalvikvm(19692): VFY: unable to resolve static method 1963: Landroid/provider/Settings$Global;.getInt (Landroid/content/ContentResolver;Ljava/lang/String;I)I
W/dalvikvm(19692): VFY: unable to resolve virtual method 5445: Landroid/view/View;.isInLayout ()Z
I/ActivityThread(19692): Pub com.google.android.googlequicksearchbox.NetworkImageLoaderContentProvider: com.google.android.search.core.imageloader.NetworkImageLoaderContentProvider
I/ActivityThread(19692): Pub com.google.android.velvet.extradex.ExtraDexHostProvider: com.google.android.velvet.extradex.ExtraDexHostProvider
I/ActivityThread(19692): Pub com.google.android.velvet.util.statedumpprovider: com.google.android.velvet.util.StateDumpProvider
I/ActivityThread(19692): Pub com.google.android.projection.CarAudioProvider: com.google.android.projection.CarAudioProvider
E/NetworkScheduler.SchedulerReceiver(27794): Invalid parameter app
E/NetworkScheduler.SchedulerReceiver(27794): Invalid package name : Perhaps you didn't include a PendingIntent in the extras?
D/PackageBroadcastService(27853): Received broadcast action=android.intent.action.PACKAGE_REMOVED and uri=co.giftmeapp.gift_me
I/ActivityManager(  588): Start proc com.android.packageinstaller for broadcast com.android.packageinstaller/com.htc.app.HtcPackageEnabler: pid=19705 uid=10135 gids={1028}
D/PowerManagerService(  588): acquireWakeLock(42fd03e8): PARTIAL_WAKE_LOCK , tag=wake:com.google.android.gms/.config.ConfigFetchService, flags=0x1, pid=27853, uid=10017, mUserState=0x3
I/ConfigService(27794): onCreate
I/ConfigService(27794): onBind for Intent { act=com.google.android.gms.config.UPDATE pkg=com.google.android.gms } action com.google.android.gms.config.UPDATE
E/Trace   (19705): error opening trace file: No such file or directory (2)
I/ConfigFetchService(27853): onStartCommand Intent { act=android.intent.action.PACKAGE_REMOVED dat=package cmp=com.google.android.gms/.config.ConfigFetchService (has extras) }
D/PowerManagerService(  588): acquireWakeLock(429324b8): PARTIAL_WAKE_LOCK , tag=Icing, flags=0x1, pid=27853, uid=10017, mUserState=0x3
I/ActivityManager(  588): Start proc com.google.android.partnersetup for broadcast com.google.android.partnersetup/.RlzPingBroadcastReceiver: pid=19719 uid=10037 gids={3003, 1028}
D/PowerManagerService(  588): acquireWakeLock(422f17d0): PARTIAL_WAKE_LOCK , tag=WakefulIntentService[PackageService], flags=0x1, pid=27853, uid=10017, mUserState=0x3
I/ConfigService(27794): onBind returning update interface
I/ConfigService(27794): onBind for Intent { act=com.google.android.gms.config.START pkg=com.google.android.gms } action com.google.android.gms.config.START
I/ConfigService(27794): onBind returning service broker
E/Trace   (19719): error opening trace file: No such file or directory (2)
D/PowerManagerService(  588): releaseWakeLock(422f17d0): PARTIAL_WAKE_LOCK , tag=WakefulIntentService[PackageService], flags=0x1
I/ActivityThread(19719): Pub com.google.android.partnersetup.rlzprovider: com.google.android.partnersetup.RlzProvider
I/ActivityThread(19719): Pub com.google.android.partnersetup.rlzappprovider: com.google.android.partnersetup.RlzAppProvider
I/ActivityManager(  588): Start proc com.htc.opensense.social for broadcast com.htc.opensense/.pluginmanager.RegisterReceiver: pid=19735 uid=10014 gids={2001, 3003, 1015, 1028, 1006, 5005, 3002, 3001, 5003}
E/Trace   (19735): error opening trace file: No such file or directory (2)
I/ActivityThread(19735): Pub com.htc.opensense.social: com.htc.opensense.social.provider.SocialProvider
I/ActivityThread(19735): Pub com.htc.settings.accountsync.SYNC: com.htc.opensense.syncprovider.SyncProvider
D/SyncProvider(19735): onCreate
I/ActivityThread(19735): Pub com.htc.providers.uploads: com.htc.providers.uploads.UploadProvider
D/UploadProvider(19735): UploadProvider is running
I/ActivityThread(19735): Pub com.twitter.android.auth.login.login_status: com.htc.htctwitter.SSOProvider
I/ActivityThread(19735): Pub com.htc.htctwitter.Users: com.htc.htctwitter.FriendProvider
I/ActivityThread(19735): Pub com.htc.opensense.snprovider: com.htc.opensense.snprovider.SocialNetworkProvider
D/SocialNetworkProvider(19735): onCreate
I/ActivityThread(19735): Pub com.htc.htctwitter: com.htc.htctwitter.TwitterProvider
D/SyncManager(  588): setIsSyncable: Account {name=Mas********y, type=com.twitter.android.auth.login}, provider com.htc.htctwitter, user 0 -> 0
D/SyncManager(  588): setIsSyncable: already set to 0, doing nothing
D/SyncManager(  588): setIsSyncable: Account {name=Mas********y, type=com.twitter.android.auth.login}, provider com.htc.htctwitter.Users, user 0 -> 0
D/SyncManager(  588): setIsSyncable: already set to 0, doing nothing
D/SyncManager(  588): setSyncAutomatically:  provider com.twitter.android.auth.login.login_status, user 0 -> false
E/ContentService(  588): Content Service Crash
E/ContentService(  588): java.lang.NullPointerException
E/ContentService(  588): 	at android.accounts.AccountAndUser.hashCode(AccountAndUser.java:43)
E/ContentService(  588): 	at java.util.HashMap.get(HashMap.java:298)
E/ContentService(  588): 	at android.content.SyncStorageEngine.getOrCreateAuthorityLocked(SyncStorageEngine.java:1389)
E/ContentService(  588): 	at android.content.SyncStorageEngine.setSyncAutomatically(SyncStorageEngine.java:488)
E/ContentService(  588): 	at android.content.ContentService.setSyncAutomatically(ContentService.java:318)
E/ContentService(  588): 	at android.content.IContentService$Stub.onTransact(IContentService.java:165)
E/ContentService(  588): 	at android.content.ContentService.onTransact(ContentService.java:121)
E/ContentService(  588): 	at android.os.Binder.execTransact(Binder.java:367)
E/ContentService(  588): 	at dalvik.system.NativeStart.run(Native Method)
W/System.err(19735): java.lang.NullPointerException
W/System.err(19735): 	at android.os.Parcel.readException(Parcel.java:1436)
W/System.err(19735): 	at android.os.Parcel.readException(Parcel.java:1384)
W/System.err(19735): 	at android.content.IContentService$Stub$Proxy.setSyncAutomatically(IContentService.java:562)
W/System.err(19735): 	at android.content.ContentResolver.setSyncAutomatically(ContentResolver.java:1478)
W/System.err(19735): 	at com.htc.htctwitter.TwitterProvider.onCreate(TwitterProvider.java:128)
W/System.err(19735): 	at android.content.ContentProvider.attachInfo(ContentProvider.java:1085)
W/System.err(19735): 	at android.app.ActivityThread.installProvider(ActivityThread.java:5256)
W/System.err(19735): 	at android.app.ActivityThread.installContentProviders(ActivityThread.java:4864)
W/System.err(19735): 	at android.app.ActivityThread.handleBindApplication(ActivityThread.java:4803)
W/System.err(19735): 	at android.app.ActivityThread.access$1300(ActivityThread.java:151)
W/System.err(19735): 	at android.app.ActivityThread$H.handleMessage(ActivityThread.java:1397)
W/System.err(19735): 	at android.os.Handler.dispatchMessage(Handler.java:99)
W/System.err(19735): 	at android.os.Looper.loop(Looper.java:155)
W/System.err(19735): 	at android.app.ActivityThread.main(ActivityThread.java:5454)
W/System.err(19735): 	at java.lang.reflect.Method.invokeNative(Native Method)
W/System.err(19735): 	at java.lang.reflect.Method.invoke(Method.java:511)
W/System.err(19735): 	at com.android.internal.os.ZygoteInit$MethodAndArgsCaller.run(ZygoteInit.java:1029)
W/System.err(19735): 	at com.android.internal.os.ZygoteInit.main(ZygoteInit.java:796)
W/System.err(19735): 	at dalvik.system.NativeStart.main(Native Method)
I/ActivityThread(19735): Pub com.htc.cachemanager: com.htc.opensense.cachemanager.CacheProvider
I/ActivityThread(19735): Pub com.htc.htctwitter.provider.CacheImageProvider: com.htc.htctwitter.provider.TwitterCacheImageProvider
I/ActivityThread(19735): Pub com.htc.socialnetwork.facebook: com.htc.socialnetwork.facebook.FacebookDB
I/[PluginManager]RegisterService(19735): onHandleIntent, action: android.intent.action.PACKAGE_ADDED, data: package:co.giftmeapp.gift_me
D/WidgetScanner( 1222): onReceive: Intent { act=android.intent.action.PACKAGE_ADDED dat=package flg=0x8000010 cmp=com.htc.launcher/.widget.WidgetScannerTrigger (has extras) }
D/WidgetScanner( 1222): onReceiveInternal: Intent { act=android.intent.action.PACKAGE_ADDED dat=package flg=0x8000010 cmp=com.htc.launcher/.widget.WidgetScannerService (has extras) }
I/ActivityManager(  588): Start proc com.android.settings for broadcast com.android.settings/.framework.content.plugin.HtcPluginReceiver: pid=19750 uid=1000 gids={1015, 3002, 3001, 3003, 1028, 5006, 3007, 3006, 2001, 1007}
D/HtcWidgetScanner( 1222): onPackageAdded: co.giftmeapp.gift_me
E/Trace   (19750): error opening trace file: No such file or directory (2)
D/FxWidgetScanner( 1222): onPackageAdded: co.giftmeapp.gift_me
D/FxWidgetScanner( 1222): addWidgetList
D/FxWidgetScanner( 1222): ResolveInfo size 0
D/WidgetScanner( 1222): upadted? false
D/PowerManagerService(  588): releaseWakeLock(429324b8): PARTIAL_WAKE_LOCK , tag=Icing, flags=0x1
I/ActivityManager(  588): Start proc com.google.android.music:main for service com.google.android.music/.playback.MusicPlaybackService: pid=19767 uid=10210 gids={3003, 1015, 1028}
E/Trace   (19767): error opening trace file: No such file or directory (2)
I/ActivityThread(19750): Pub wispr: com.android.settings.wifi.WISPrProvider
I/ActivityThread(19750): Pub com.android.settings.provider.cdmasettings: com.android.settings.HtcCdmaSettingsProvider
D/HtcCdmaSettingsProvider(19750): onCreate !
I/ActivityThread(19767): Pub com.google.android.music.ConfigContent: com.google.android.music.store.ConfigContentProvider
D/PowerManagerService(  588): acquireWakeLock(42af4c68): PARTIAL_WAKE_LOCK , tag=AsyncService, flags=0x1, pid=19667, uid=10133, mUserState=0x3
W/dalvikvm(19767): VFY: unable to resolve virtual method 1700: Landroid/os/Looper;.quitSafely ()V
D/StateMachine(  588): handleMessage: E msg.what=131155
D/StateMachine(  588): processMsg: ConnectedState
D/WifiStateMachine(  588): ConnectedState{ what=131155 when=-11ms target=Handler (com.android.internal.util.StateMachine$SmHandler) {42568e58} arg1=271 }
D/StateMachine(  588): processMsg: L2ConnectedState
I/ActivityThread(19767): Pub com.google.android.music.MusicContent: com.google.android.music.store.MusicContentProvider
D/WifiStateMachine(  588): L2ConnectedState{ what=131155 when=-15ms target=Handler (com.android.internal.util.StateMachine$SmHandler) {42568e58} arg1=271 }
I/wpa_ctrl(  588): [wpa_ctrl_request] ctrl address = 51174668, ctrl_conn address = 0
D/WifiStateMachine(  588): fetchRssiAndLinkSpeedNative RSSI = -44
D/StateMachine(  588): handleMessage: X
W/dalvikvm(19767): VFY: unable to resolve virtual method 199: Landroid/app/Activity;.isDestroyed ()Z
I/MusicStore(19767): Database version: 107
D/CordovaLog(19503): file:///android_asset/www/js/ratchet.min.js: Line 10 : Uncaught Error: SYNTAX_ERR: DOM Exception 12
E/Web Console(19503): Uncaught Error: SYNTAX_ERR: DOM Exception 12 at file:///android_asset/www/js/ratchet.min.js:10
D/PowerManagerService(  588): releaseWakeLock(42af4c68): PARTIAL_WAKE_LOCK , tag=AsyncService, flags=0x1
I/ActivityThread(19767): Pub com.google.android.music.icing: com.google.android.music.icing.IcingContentProvider
I/ActivityManager(  588): Recipient 19692
I/ActivityManager(  588): Process com.google.android.googlequicksearchbox:search (pid 19692) has died.
V/ContactsDate(19608): get now date :20150331
V/ContactsDate(19608): get now date :20150331
I/ActivityThread(19767): Pub com.google.android.music.xdi: com.google.android.music.xdi.XdiContentProvider
W/dalvikvm(19767): VFY: unable to resolve virtual method 338: Landroid/app/ActivityManager;.isLowRamDevice ()Z
I/ActivityManager(  588): Recipient 19705
I/ActivityManager(  588): Process com.android.packageinstaller (pid 19705) has died.
I/ActivityManager(  588): Recipient 19411
I/ActivityManager(  588): Process com.android.defcontainer (pid 19411) has died.
I/ActivityManager(  588): Recipient 19719
I/ActivityManager(  588): Process com.google.android.partnersetup (pid 19719) has died.
I/ActivityManager(  588): Recipient 19750
I/ActivityManager(  588): Process com.android.settings (pid 19750) has died.
I/ActivityManager(  588): Start proc com.google.android.googlequicksearchbox:search for broadcast com.google.android.googlequicksearchbox/com.google.android.search.core.icingsync.IcingCorporaChangedReceiver: pid=19789 uid=10038 gids={3003, 3001, 1028, 3002, 1015, 1006}
W/ManagedEGLContext( 1222): doTerminate failed: EGL count is 2 but managed count is 1
E/Trace   (19789): error opening trace file: No such file or directory (2)
V/JNIHelp (19767): Registering com/google/android/gms/org/conscrypt/NativeCrypto's 235 native methods...
I/ProviderInstaller(19767): Installed default security provider GmsCore_OpenSSL
D/AndroidMusic(19767): GMSCore installation verified
I/ConfigStore(19767): Config Database version: 1
D/Socket_Alarm(19667): registerHTCSocketMonitorCallBack
D/Socket_Alarm(19667): set mSocketMonitor
D/Socket_Alarm(19667): HTCSocketMonitorImpl::HTCSocketMonitorImpl
W/dalvikvm(19767): VFY: unable to resolve virtual method 853: Landroid/content/res/Configuration;.getLayoutDirection ()I
I/ActivityThread(19789): Pub com.google.android.googlequicksearchbox.google: com.google.android.search.core.google.GoogleSuggestionProvider
I/ActivityThread(19789): Pub com.google.android.googlequicksearchbox.AudioProvider: com.google.android.speech.audio.AudioProvider
I/ActivityThread(19789): Pub com.google.android.googlequicksearchbox.icing: com.google.android.search.core.icingsync.InternalIcingCorporaProvider
W/dalvikvm(19767): VFY: unable to resolve virtual method 665: Landroid/content/Context;.getExternalFilesDirs (Ljava/lang/String;)[Ljava/io/File;
W/dalvikvm(19789): VFY: unable to resolve static field 219 (CONTENT_URI) in Landroid/provider/ContactsContract$DeletedContacts;
W/dalvikvm(19767): VFY: unable to resolve virtual method 665: Landroid/content/Context;.getExternalFilesDirs (Ljava/lang/String;)[Ljava/io/File;
W/dalvikvm(19789): VFY: unable to resolve virtual method 260: Landroid/app/ActivityManager;.isLowRamDevice ()Z
W/dalvikvm(19789): VFY: unable to resolve static method 1963: Landroid/provider/Settings$Global;.getInt (Landroid/content/ContentResolver;Ljava/lang/String;I)I
W/dalvikvm(19789): VFY: unable to resolve virtual method 5445: Landroid/view/View;.isInLayout ()Z
I/ActivityThread(19789): Pub com.google.android.googlequicksearchbox.NetworkImageLoaderContentProvider: com.google.android.search.core.imageloader.NetworkImageLoaderContentProvider
I/ActivityThread(19789): Pub com.google.android.velvet.extradex.ExtraDexHostProvider: com.google.android.velvet.extradex.ExtraDexHostProvider
I/ActivityThread(19789): Pub com.google.android.velvet.util.statedumpprovider: com.google.android.velvet.util.StateDumpProvider
I/ActivityThread(19789): Pub com.google.android.projection.CarAudioProvider: com.google.android.projection.CarAudioProvider
I/ActivityManager(  588): Recipient 19735
I/ActivityManager(  588): Process com.htc.opensense.social (pid 19735) has died.
I/PackageManager(  588):  setEnabledSetting(), pkgName=com.google.android.music, clsName=com.android.music.MediaAppWidgetProvider, state=1, flag=1, pid=19767, uid=10210
D/PackageBroadcastService(27853): Received broadcast action=android.intent.action.PACKAGE_ADDED and uri=co.giftmeapp.gift_me
I/ActivityManager(  588): Start proc ru.yandex.translate for broadcast ru.yandex.translate/com.yandex.metrica.MetricaEventHandler: pid=19808 uid=10181 gids={3003, 1015, 1028}
I/UpdateIcingCorporaServi(19789): Updating corpora: APPS=co.giftmeapp.gift_me, CONTACTS=MAYBE
E/Trace   (19808): error opening trace file: No such file or directory (2)
D/PowerManagerService(  588): acquireWakeLock(42a546f0): PARTIAL_WAKE_LOCK , tag=wake:com.google.android.gms/.config.ConfigFetchService, flags=0x1, pid=27853, uid=10017, mUserState=0x3
D/AudioService(  588): get device = speaker for stream = STREAM_MUSIC
I/MediaRouter(19767): Found default route: MediaRouter.RouteInfo{ uniqueId=android/.support.v7.media.SystemMediaRouteProvider:DEFAULT_ROUTE, name=Phone, description=null, enabled=true, connecting=false, canDisconnect=false, playbackType=0, playbackStream=3, volumeHandling=1, volume=15, volumeMax=15, presentationDisplayId=-1, extras=null, settingsIntent=null, providerPackageName=android }
I/ConfigFetchService(27853): onStartCommand Intent { act=android.intent.action.PACKAGE_ADDED dat=package cmp=com.google.android.gms/.config.ConfigFetchService (has extras) }
I/ConfigFetchService(27853): launchTask
D/PowerManagerService(  588): acquireWakeLock(429de3d8): PARTIAL_WAKE_LOCK , tag=Config Service fetch, flags=0x1, pid=27853, uid=10017, mUserState=0x3
E/dalvikvm(19767): Could not find class 'android.app.Notification$MediaStyle', referenced from method com.google.android.music.playback.MusicPlaybackService.buildLNotification
W/dalvikvm(19767): VFY: unable to resolve new-instance 54 (Landroid/app/Notification$MediaStyle;) in Lcom/google/android/music/playback/MusicPlaybackService;
W/dalvikvm(19767): VFY: unable to resolve instance field 27
I/ActivityThread(19808): Pub ru.yandex.translate.MetricaContentProvider: ru.yandex.translate.core.MetricaContentProvider
I/{Metrica for Apps}:{Log}(19808): Initializing of Metrica, Release type, Version 1.60, API Level 16, Dated 28.10.2014.
I/ActivityManager(  588): Recipient 19638
I/ActivityManager(  588): Process com.google.android.talk (pid 19638) has died.
W/RemoteControlCompat(19767): Could not get real field: FLAG_KEY_MEDIA_POSITION_UPDATE
W/RemoteControlCompat(19767): Could not get real field: FLAG_KEY_MEDIA_RATING
W/dalvikvm(19767): VFY: unable to resolve virtual method 15104: Landroid/view/View;.setClipToOutline (Z)V
I/ActivityManager(  588): Start proc com.google.android.partnersetup for content provider com.google.android.partnersetup/.RlzAppProvider: pid=19826 uid=10037 gids={3003, 1028}
E/Trace   (19826): error opening trace file: No such file or directory (2)
D/HybridProvider(  588): getName
V/LocationManagerService(  588): getProviders
I/ActivityThread(19826): Pub com.google.android.partnersetup.rlzprovider: com.google.android.partnersetup.RlzProvider
I/ActivityThread(19826): Pub com.google.android.partnersetup.rlzappprovider: com.google.android.partnersetup.RlzAppProvider
W/dalvikvm(19789): VFY: unable to resolve virtual method 268: Landroid/app/AlarmManager;.setExact (IJLandroid/app/PendingIntent;)V
D/Socket_Alarm(19789): registerHTCSocketMonitorCallBack
D/Socket_Alarm(19789): set mSocketMonitor
D/Socket_Alarm(19789): HTCSocketMonitorImpl::HTCSocketMonitorImpl
D/PowerManagerService(  588): acquireWakeLock(4291f168): PARTIAL_WAKE_LOCK , tag=AudioOut_4, flags=0x1, pid=255, uid=1013, mUserState=0x3
D/PowerManagerService(  588): acquireWakeLock(4290cfa8): PARTIAL_WAKE_LOCK , tag=AudioOut_7, flags=0x1, pid=255, uid=1013, mUserState=0x3
D/PowerManagerService(  588): acquireWakeLock(428f0538): PARTIAL_WAKE_LOCK , tag=AudioOut_5, flags=0x1, pid=255, uid=1013, mUserState=0x3
D/PowerManagerService(  588): acquireWakeLock(428dde00): PARTIAL_WAKE_LOCK , tag=AudioOut_6, flags=0x1, pid=255, uid=1013, mUserState=0x3
I/ConfigFetchService(27853): service connected
D/PowerManagerService(  588): acquireWakeLock(428d66a8): PARTIAL_WAKE_LOCK , tag=Icing, flags=0x1, pid=27853, uid=10017, mUserState=0x3
D/ConfigFetchService(27853): ConfigApi connection successful.
D/PowerManagerService(  588): releaseWakeLock(4290cfa8): PARTIAL_WAKE_LOCK , tag=AudioOut_7, flags=0x1
D/PowerManagerService(  588): releaseWakeLock(428dde00): PARTIAL_WAKE_LOCK , tag=AudioOut_6, flags=0x1
D/PowerManagerService(  588): releaseWakeLock(428f0538): PARTIAL_WAKE_LOCK , tag=AudioOut_5, flags=0x1
W/dalvikvm(19789): VFY: unable to resolve virtual method 902: Landroid/content/pm/PackageManager;.getPackageInstaller ()Landroid/content/pm/PackageInstaller;
I/PackageManager(  588):  setEnabledSetting(), pkgName=com.google.android.gms, clsName=com.google.android.gms.people.pub.PeopleProfileActionGatewayActivity, state=2, flag=1, pid=27853, uid=10017
E/ActivityThread(19808): Failed to find provider info for co.giftmeapp.gift_me.MetricaContentProvider
D/PowerManagerService(  588): releaseWakeLock(428d66a8): PARTIAL_WAKE_LOCK , tag=Icing, flags=0x1
W/PowerManagerService(  588): Can not get flags by lock
D/PowerManagerService(  588): acquireWakeLock(428024a8): PARTIAL_WAKE_LOCK , tag=com.google.android.music.playback.LocalDevicePlayback.mAsyncWakeLock, flags=0x1, pid=19767, uid=10210, mUserState=0x3
D/SystemUtils(19767): getSystemProperty: lpa.decode=true
D/LocalDevicePlayback(19767): LPAPlayer detected. Disabling gapless.
D/PowerManagerService(  588): releaseWakeLock(428024a8): PARTIAL_WAKE_LOCK , tag=com.google.android.music.playback.LocalDevicePlayback.mAsyncWakeLock, flags=0x1
I/ActivityManager(  588): Start proc com.htc.opensense.social for broadcast com.htc.opensense/.pluginmanager.RegisterReceiver: pid=19851 uid=10014 gids={2001, 3003, 1015, 1028, 1006, 5005, 3002, 3001, 5003}
E/Trace   (19851): error opening trace file: No such file or directory (2)
I/GHttpClientFactory(19767): Using the GMSCore's GoogleHttpClient
I/ActivityThread(19851): Pub com.htc.opensense.social: com.htc.opensense.social.provider.SocialProvider
I/NetworkMonitor(19767): type=WIFI subType= reason=null isConnected=true
I/ActivityThread(19851): Pub com.htc.settings.accountsync.SYNC: com.htc.opensense.syncprovider.SyncProvider
D/StateMachine(  588): handleMessage: E msg.what=131218
D/StateMachine(  588): processMsg: ConnectedState
D/WifiStateMachine(  588): ConnectedState{ what=131218 when=0 target=Handler (com.android.internal.util.StateMachine$SmHandler) {42568e58} }
D/StateMachine(  588): processMsg: L2ConnectedState
D/WifiStateMachine(  588): L2ConnectedState{ what=131218 when=-1ms target=Handler (com.android.internal.util.StateMachine$SmHandler) {42568e58} }
D/StateMachine(  588): processMsg: ConnectModeState
D/WifiStateMachine(  588): ConnectModeState{ what=131218 when=-1ms target=Handler (com.android.internal.util.StateMachine$SmHandler) {42568e58} }
D/StateMachine(  588): processMsg: DriverStartedState
D/WifiStateMachine(  588): DriverStartedState{ what=131218 when=-1ms target=Handler (com.android.internal.util.StateMachine$SmHandler) {42568e58} }
I/wpa_ctrl(  588): [wpa_ctrl_request] ctrl address = 51174668, ctrl_conn address = 0
D/StateMachine(  588): handleMessage: X
D/StateMachine(  588): handleMessage: E msg.what=131218
D/StateMachine(  588): processMsg: ConnectedState
D/WifiStateMachine(  588): ConnectedState{ what=131218 when=-3ms target=Handler (com.android.internal.util.StateMachine$SmHandler) {42568e58} }
D/StateMachine(  588): processMsg: L2ConnectedState
D/WifiStateMachine(  588): L2ConnectedState{ what=131218 when=-3ms target=Handler (com.android.internal.util.StateMachine$SmHandler) {42568e58} }
D/StateMachine(  588): processMsg: ConnectModeState
D/WifiStateMachine(  588): ConnectModeState{ what=131218 when=-4ms target=Handler (com.android.internal.util.StateMachine$SmHandler) {42568e58} }
D/StateMachine(  588): processMsg: DriverStartedState
D/WifiStateMachine(  588): DriverStartedState{ what=131218 when=-4ms target=Handler (com.android.internal.util.StateMachine$SmHandler) {42568e58} }
I/wpa_ctrl(  588): [wpa_ctrl_request] ctrl address = 51174668, ctrl_conn address = 0
D/StateMachine(  588): handleMessage: X
I/ActivityManager(  588): Recipient 19808
I/ActivityManager(  588): Process ru.yandex.translate (pid 19808) has died.
D/SyncProvider(19851): onCreate
I/ActivityThread(19851): Pub com.htc.providers.uploads: com.htc.providers.uploads.UploadProvider
D/UploadProvider(19851): UploadProvider is running
I/ActivityThread(19851): Pub com.twitter.android.auth.login.login_status: com.htc.htctwitter.SSOProvider
