D/dalvikvm(14352): Trying to load lib /data/app-lib/com.facebook.katana-1/libdistract.so 0x41fba5a8
D/dalvikvm(14352): Added shared lib /data/app-lib/com.facebook.katana-1/libdistract.so 0x41fba5a8
D/dalvikvm(14352): No JNI_OnLoad found in /data/app-lib/com.facebook.katana-1/libdistract.so 0x41fba5a8, skipping init
D/dalvikvm(14352): Trying to load lib /data/app-lib/com.facebook.katana-1/libfb_dalvik-internals.so 0x41fba5a8
D/dalvikvm(14352): Added shared lib /data/app-lib/com.facebook.katana-1/libfb_dalvik-internals.so 0x41fba5a8
V/DexLibLoader(14352): about to lock: /data/user/0/com.facebook.katana/mdex_lock
V/DexLibLoader(14352): locking /data/user/0/com.facebook.katana/mdex_lock took 0 ms
V/DexLibLoader(14352): Secondary program dex metadata: secondary-1.dex.jar.xz c0d34653f435a7e59cc5f46e9bd47feaf68b0041 secondary.dex01.Canary
V/DexLibLoader(14352): Secondary program dex metadata: secondary-2.dex.jar.xz 3651d03ae513595a1029ff9eae54d36128fdeb5e secondary.dex02.Canary
V/DexLibLoader(14352): Secondary program dex metadata: secondary-3.dex.jar.xz 020c6d0135a14f0280ede88da3e858d29f1b9ed5 secondary.dex03.Canary
V/DexLibLoader(14352): Secondary program dex metadata: secondary-4.dex.jar.xz 3cf3244a0d1c3e39128f7b89ad90b4842a36a05f secondary.dex04.Canary
V/DexLibLoader(14352): Secondary program dex metadata: secondary-5.dex.jar.xz 666d745bfcb3c0496ae90e343db057d6082ce0c3 secondary.dex05.Canary
V/DexLibLoader(14352): Secondary program dex metadata: secondary-6.dex.jar.xz 0089f1fba5ba3a3fb61d98c516e2bbc2e6adfa05 secondary.dex06.Canary
V/DexLibLoader(14352): Secondary program dex metadata: secondary-7.dex.jar.xz 7cecb34308ef8d54acae00b06e3ade52d8da6d49 secondary.dex07.Canary
V/DexLibLoader(14352): directory "/data/user/0/com.facebook.katana/app_secondary_program_dex" contains "program-c0d34653f435a7e59cc5f46e9bd47feaf68b00416661a1c7.dex.jar" as expected
V/DexLibLoader(14352): directory "/data/user/0/com.facebook.katana/app_secondary_program_dex" contains "program-3651d03ae513595a1029ff9eae54d36128fdeb5e6661a1c7.dex.jar" as expected
V/DexLibLoader(14352): directory "/data/user/0/com.facebook.katana/app_secondary_program_dex" contains "program-020c6d0135a14f0280ede88da3e858d29f1b9ed56661a1c7.dex.jar" as expected
V/DexLibLoader(14352): directory "/data/user/0/com.facebook.katana/app_secondary_program_dex" contains "program-3cf3244a0d1c3e39128f7b89ad90b4842a36a05f6661a1c7.dex.jar" as expected
V/DexLibLoader(14352): directory "/data/user/0/com.facebook.katana/app_secondary_program_dex" contains "program-666d745bfcb3c0496ae90e343db057d6082ce0c36661a1c7.dex.jar" as expected
V/DexLibLoader(14352): directory "/data/user/0/com.facebook.katana/app_secondary_program_dex" contains "program-0089f1fba5ba3a3fb61d98c516e2bbc2e6adfa056661a1c7.dex.jar" as expected
V/DexLibLoader(14352): directory "/data/user/0/com.facebook.katana/app_secondary_program_dex" contains "program-7cecb34308ef8d54acae00b06e3ade52d8da6d496661a1c7.dex.jar" as expected
D/DexLibLoader(14352): ignoring file "program-c0d34653f435a7e59cc5f46e9bd47feaf68b00416661a1c7.dex.odex" in "/data/user/0/com.facebook.katana/app_secondary_program_dex"
D/DexLibLoader(14352): ignoring file "program-3651d03ae513595a1029ff9eae54d36128fdeb5e6661a1c7.dex.odex" in "/data/user/0/com.facebook.katana/app_secondary_program_dex"
D/DexLibLoader(14352): ignoring file "program-020c6d0135a14f0280ede88da3e858d29f1b9ed56661a1c7.dex.odex" in "/data/user/0/com.facebook.katana/app_secondary_program_dex"
D/DexLibLoader(14352): ignoring file "program-3cf3244a0d1c3e39128f7b89ad90b4842a36a05f6661a1c7.dex.odex" in "/data/user/0/com.facebook.katana/app_secondary_program_dex"
D/DexLibLoader(14352): ignoring file "program-666d745bfcb3c0496ae90e343db057d6082ce0c36661a1c7.dex.odex" in "/data/user/0/com.facebook.katana/app_secondary_program_dex"
D/DexLibLoader(14352): ignoring file "program-0089f1fba5ba3a3fb61d98c516e2bbc2e6adfa056661a1c7.dex.odex" in "/data/user/0/com.facebook.katana/app_secondary_program_dex"
D/DexLibLoader(14352): ignoring file "program-7cecb34308ef8d54acae00b06e3ade52d8da6d496661a1c7.dex.odex" in "/data/user/0/com.facebook.katana/app_secondary_program_dex"
D/DexLibLoader(14352): directory "/data/user/0/com.facebook.katana/app_secondary_program_dex" is valid
D/DexLibLoader(14352): ignoring file "primary_deps" in "/data/user/0/com.facebook.katana/app_secondary_program_dex_opt"
V/DexLibLoader(14352): directory "/data/user/0/com.facebook.katana/app_secondary_program_dex_opt" contains "program-c0d34653f435a7e59cc5f46e9bd47feaf68b00416661a1c7.dex.dex" as expected
V/DexLibLoader(14352): directory "/data/user/0/com.facebook.katana/app_secondary_program_dex_opt" contains "program-3651d03ae513595a1029ff9eae54d36128fdeb5e6661a1c7.dex.dex" as expected
V/DexLibLoader(14352): directory "/data/user/0/com.facebook.katana/app_secondary_program_dex_opt" contains "program-020c6d0135a14f0280ede88da3e858d29f1b9ed56661a1c7.dex.dex" as expected
V/DexLibLoader(14352): directory "/data/user/0/com.facebook.katana/app_secondary_program_dex_opt" contains "program-3cf3244a0d1c3e39128f7b89ad90b4842a36a05f6661a1c7.dex.dex" as expected
V/DexLibLoader(14352): directory "/data/user/0/com.facebook.katana/app_secondary_program_dex_opt" contains "program-666d745bfcb3c0496ae90e343db057d6082ce0c36661a1c7.dex.dex" as expected
V/DexLibLoader(14352): directory "/data/user/0/com.facebook.katana/app_secondary_program_dex_opt" contains "program-0089f1fba5ba3a3fb61d98c516e2bbc2e6adfa056661a1c7.dex.dex" as expected
V/DexLibLoader(14352): directory "/data/user/0/com.facebook.katana/app_secondary_program_dex_opt" contains "program-7cecb34308ef8d54acae00b06e3ade52d8da6d496661a1c7.dex.dex" as expected
D/DexLibLoader(14352): directory "/data/user/0/com.facebook.katana/app_secondary_program_dex_opt" is valid
D/DexLibLoader(14352): loading pre-built cross-dex opt odex files
V/dalvik-internals(14352): hooked dvmResolveClass using jump ()
V/dalvik-internals(14352): hooked dvmFlushBreakpoints using jump ()
I/ActivityManager( 1025): Process com.google.android.googlequicksearchbox:search (pid 14272) has died.
V/MultiDexClassLoader(14352): installing MultiDexClassLoader before application classloader
I/dalvikvm(14352): Could not find method dalvik.system.DexFile.loadClassBinaryName, referenced from method com.facebook.common.dextricks.DexFileLoadOld.a
W/dalvikvm(14352): VFY: unable to resolve virtual method 2807: Ldalvik/system/DexFile;.loadClassBinaryName (Ljava/lang/String;Ljava/lang/ClassLoader;)Ljava/lang/Class;
D/dalvikvm(14352): VFY: replacing opcode 0x6e at 0x0000
D/DexLibLoader(14352): released odex store lock
D/DexLibLoader(14352): DexLibLoader.loadAll took 36 ms
D/MemoryReductionHack(14352): Marked as initialized entry corresponding to path /data/app/com.facebook.katana-1.apk
D/GcOptimizer(14352): Enabled
V/dalvik-internals(14352): hooked dvmLinearAlloc using jump ()
V/dalvik-internals(14352): hooked dvmLinearRealloc using jump ()
V/dalvik-internals(14352): hooked dvmLinearFree using jump ()
V/dalvik-internals(14352): hooked dvmLinearStrdup using jump ()
V/dalvik-internals(14352): hooked dvmLinearAllocContains using jump ()
I/dalvik-internals(14352): enlarged linearalloc buffer to 33554432 bytes
D/dalvikvm(14352): Trying to load lib /data/app-lib/com.facebook.katana-1/libdextr.so 0x41fba5a8
D/dalvikvm(14352): Added shared lib /data/app-lib/com.facebook.katana-1/libdextr.so 0x41fba5a8
I/Dextr   (14352): LogQueue params desc: IIJIIIJJ
E/cutils  (  261): Failed to mkdirat(/storage/sdcard1/Android): Read-only file system
W/Vold    (  261): Returning OperationFailed - no handler for errno 30
W/ContextImpl(14352): Failed to ensure directory: /storage/sdcard1/Android/data/com.facebook.katana/cache
D/ConnectPlugin(14253): onSessionStateChange:OPENED
D/ConnectPlugin(14253): onSessionStateChange:OPENED
D/EN      (14372): MemoryMapAppender.ctor()
D/EN      (14372): MemoryMapAppender.ctor-end()
D/EN      (14372): [EvernoteProvider] - Provider+++++onCreate()
D/EN      (14372): [d] - AccountManager()::userIds=102703026
D/EN      (14372): [b] - creating new AccountInfo()::userId102703026
D/EN      (14372): [d] - AccountManager()::adding account::102703026::timcallagy
D/EN      (14372): [d] - AccountManager()::count=1
D/EN      (14372): [d] - initialized:
D/EN      (14372): [a] - getInstance()::
D/EN      (14372): [al] - Register SD Card Receiver ++++++++++++++++++++
D/EN      (14372): [al] - checkForRecentUnmount() end
D/EN      (14372): [a] - locale is set=en_GB
D/EN      (14372): [a] - isDBONSDcard()=true
I/EN      (14372): [al] - getSDCardStatus()::mounted::noStorageText=null
D/EN      (14372): [a] - isDBFileChanged()::lastFilePath in pref=/data/data/com.evernote/files/user-102703026/.external-1428259012787-Evernote.db
E/EN      (14372): [a] - isDBFileChanged()::+++++++++lastFilePath exists/data/data/com.evernote/files/user-102703026/.external-1428259012787-Evernote.db
D/EN      (14372): [a] - getInstance()::DBFile NOT Changed
D/EN      (14372): [a] - isDBONSDcard()=true
D/EN      (14372): [a] - moveToSDcard()::start::Evernote.DB_ON_SDCARD=true
D/EN      (14372): [a] - isDBONSDcard()=true
E/EN      (14372): [a] - isLastDBFileOnSDCard()::+++++++++++lastFilePath exists/data/data/com.evernote/files/user-102703026/.external-1428259012787-Evernote.db
D/EN      (14372): [a] - isDBONSDcard()=true
D/EN      (14372): [a] - getDBfilePath()::++++++++++++++++lastFilePath from preferences/data/data/com.evernote/files/user-102703026/.external-1428259012787-Evernote.db
E/EN      (14372): [a] - getDBfilePath()::++++++++++++++++lastFilePath exists/data/data/com.evernote/files/user-102703026/.external-1428259012787-Evernote.db
D/EN      (14372): [EvernoteProvider] - cleanupOldThumbnailsIfNeeded()
I/ReleaseProperties(14372): Current app is: evernote
I/ReleaseProperties(14372): propFile: release is now loaded
I/ReleaseProperties(14372): propFile: play is now loaded
I/ReleaseProperties(14372): propFile: base is now loaded
I/ReleaseProperties(14372): propFile: override is now loaded
D/MarketUtils(14372): isPackageInstalled() - com.android.vending is installed
D/MarketUtils(14372): isPackageInstalled() - com.android.vending is installed
D/MarketUtils(14372): isPackageInstalled() - com.android.vending is installed
D/MarketUtils(14372): isPackageInstalled() - com.android.vending is installed
I/ReleaseProperties(14372): ReleaseProperties: 
I/ReleaseProperties(14372):   bundleName=google-play
I/ReleaseProperties(14372):   revision=AM_702_524
I/ReleaseProperties(14372):   type=public
I/ReleaseProperties(14372):   gitHash=313f54a11431af98d659728265b72cfcf9ec527e
I/ReleaseProperties(14372):   baseSearchUri=market://search?q=
D/MarketUtils(14372): isPackageInstalled() - com.android.vending is installed
D/MarketUtils(14372): isPackageInstalled() - com.android.vending is installed
D/ReleaseProperties(14372): getReferralPersistencePath():: old=false:: path=/storage/emulated/0/.enref
I/ReleaseProperties(14372): From file referralCode=android
D/EN      (14372): [a] - isDBONSDcard()=true
D/EN      (14372): [Evernote] - VERSION_CODE: 1070243
D/MarketUtils(14372): isPackageInstalled() - com.android.vending is installed
D/MarketUtils(14372): isPackageInstalled() - com.android.vending is installed
I/dalvikvm(14372): Could not find method android.content.pm.PackageManager.getActivityBanner, referenced from method com.evernote.d.b.getActivityBanner
W/dalvikvm(14372): VFY: unable to resolve virtual method 793: Landroid/content/pm/PackageManager;.getActivityBanner (Landroid/content/ComponentName;)Landroid/graphics/drawable/Drawable;
D/dalvikvm(14372): VFY: replacing opcode 0x6e at 0x0002
I/dalvikvm(14372): Could not find method android.content.pm.PackageManager.getActivityBanner, referenced from method com.evernote.d.b.getActivityBanner
W/dalvikvm(14372): VFY: unable to resolve virtual method 794: Landroid/content/pm/PackageManager;.getActivityBanner (Landroid/content/Intent;)Landroid/graphics/drawable/Drawable;
D/dalvikvm(14372): VFY: replacing opcode 0x6e at 0x0002
I/dalvikvm(14372): Could not find method android.content.pm.PackageManager.getApplicationBanner, referenced from method com.evernote.d.b.getApplicationBanner
W/dalvikvm(14372): VFY: unable to resolve virtual method 801: Landroid/content/pm/PackageManager;.getApplicationBanner (Landroid/content/pm/ApplicationInfo;)Landroid/graphics/drawable/Drawable;
D/dalvikvm(14372): VFY: replacing opcode 0x6e at 0x0002
I/dalvikvm(14372): Could not find method android.content.pm.PackageManager.getApplicationBanner, referenced from method com.evernote.d.b.getApplicationBanner
W/dalvikvm(14372): VFY: unable to resolve virtual method 802: Landroid/content/pm/PackageManager;.getApplicationBanner (Ljava/lang/String;)Landroid/graphics/drawable/Drawable;
D/dalvikvm(14372): VFY: replacing opcode 0x6e at 0x0002
I/dalvikvm(14372): Could not find method android.content.pm.PackageManager.getLeanbackLaunchIntentForPackage, referenced from method com.evernote.d.b.getLeanbackLaunchIntentForPackage
W/dalvikvm(14372): VFY: unable to resolve virtual method 818: Landroid/content/pm/PackageManager;.getLeanbackLaunchIntentForPackage (Ljava/lang/String;)Landroid/content/Intent;
D/dalvikvm(14372): VFY: replacing opcode 0x6e at 0x0002
I/dalvikvm(14372): Could not find method android.content.pm.PackageManager.getPackageInstaller, referenced from method com.evernote.d.b.getPackageInstaller
W/dalvikvm(14372): VFY: unable to resolve virtual method 823: Landroid/content/pm/PackageManager;.getPackageInstaller ()Landroid/content/pm/PackageInstaller;
D/dalvikvm(14372): VFY: replacing opcode 0x6e at 0x0002
I/dalvikvm(14372): Could not find method android.content.pm.PackageManager.getUserBadgedDrawableForDensity, referenced from method com.evernote.d.b.getUserBadgedDrawableForDensity
W/dalvikvm(14372): VFY: unable to resolve virtual method 839: Landroid/content/pm/PackageManager;.getUserBadgedDrawableForDensity (Landroid/graphics/drawable/Drawable;Landroid/os/UserHandle;Landroid/graphics/Rect;I)Landroid/graphics/drawable/Drawable;
D/dalvikvm(14372): VFY: replacing opcode 0x6e at 0x0002
I/dalvikvm(14372): Could not find method android.content.pm.PackageManager.getUserBadgedIcon, referenced from method com.evernote.d.b.getUserBadgedIcon
W/dalvikvm(14372): VFY: unable to resolve virtual method 840: Landroid/content/pm/PackageManager;.getUserBadgedIcon (Landroid/graphics/drawable/Drawable;Landroid/os/UserHandle;)Landroid/graphics/drawable/Drawable;
D/dalvikvm(14372): VFY: replacing opcode 0x6e at 0x0002
I/dalvikvm(14372): Could not find method android.content.pm.PackageManager.getUserBadgedLabel, referenced from method com.evernote.d.b.getUserBadgedLabel
W/dalvikvm(14372): VFY: unable to resolve virtual method 841: Landroid/content/pm/PackageManager;.getUserBadgedLabel (Ljava/lang/CharSequence;Landroid/os/UserHandle;)Ljava/lang/CharSequence;
D/dalvikvm(14372): VFY: replacing opcode 0x6e at 0x0002
I/Crashlytics(14372): Initializing Crashlytics 1.1.8.10
W/StaticBindingVerifier(14352): Verify
D/MarketUtils(14372): isPackageInstalled() - com.android.vending is installed
I/dalvikvm(14352): Could not find method com.facebook.resources.FbResources.getDrawable, referenced from method com.facebook.resources.impl.DownloadedFbResources.getDrawable
W/dalvikvm(14352): VFY: unable to resolve virtual method 46880: Lcom/facebook/resources/FbResources;.getDrawable (ILandroid/content/res/Resources$Theme;)Landroid/graphics/drawable/Drawable;
D/dalvikvm(14352): VFY: replacing opcode 0x6f at 0x0031
D/HockeyApp(14372): Looking for exceptions in: /data/data/com.evernote/files
D/HockeyApp(14372): Current handler class = com.evernote.k
D/EN      (14372): [ee] - registered crash manager
D/EN      (14372): [c] - onApplicationStart()
D/EN      (14372): [c] - onApplicationStart() -- loader thread
D/EN      (14372): [c] - pushUserIDToDataLayer(), pushing user-id ending in 6
D/MarketUtils(14372): isPackageInstalled() - com.android.vending is installed
D/MarketUtils(14372): isPackageInstalled() - com.android.vending is installed
I/ActivityManager( 1025): Start proc com.evernote.widget for broadcast com.evernote.widget/.WidgetStateReceiver: pid=14418 uid=10135 gids={50135, 3003, 1028, 1015}
D/EN      (14372): [c] - 	loading saved values from internal storage
D/WifiService( 1025): New client listening to asynchronous messages
I/ReleaseProperties(14418): Current app is: evernoteWidget
I/ReleaseProperties(14418): propFile: release is now loaded
I/ReleaseProperties(14418): propFile: play is now loaded
I/ReleaseProperties(14418): propFile: base is now loaded
I/ReleaseProperties(14418): propFile: override is now loaded
I/ReleaseProperties(14418): ReleaseProperties: 
I/ReleaseProperties(14418):   bundleName=none
I/ReleaseProperties(14418):   revision=unknown
I/ReleaseProperties(14418):   type=development
I/ReleaseProperties(14418):   gitHash=?
I/ReleaseProperties(14418):   baseSearchUri=market://search?q=
D/ReleaseProperties(14418): getReferralPersistencePath():: old=false:: path=/storage/emulated/0/.enref
I/ReleaseProperties(14418): From file referralCode=android
I/ActivityManager( 1025): Start proc android.process.acore for broadcast com.android.providers.contacts/.PackageIntentReceiver: pid=14445 uid=10010 gids={50010, 3003, 1028, 1015, 1023}
D/dalvikvm(  275): GC_EXPLICIT freed 43K, 48% free 9011K/17224K, paused 2ms+3ms, total 31ms
D/dalvikvm(  275): GC_EXPLICIT freed <1K, 48% free 9011K/17224K, paused 4ms+3ms, total 23ms
D/dalvikvm(  275): GC_EXPLICIT freed <1K, 48% free 9011K/17224K, paused 1ms+3ms, total 20ms
I/ActivityManager( 1025): Start proc com.google.android.partnersetup for broadcast com.google.android.partnersetup/.RlzPingBroadcastReceiver: pid=14459 uid=10025 gids={50025, 3003}
I/ActivityManager( 1025): Process com.facebook.katana:dash (pid 14299) has died.
D/WifiService( 1025): Client connection lost with reason: 4
I/ContactLocale(14445): AddressBook Labels [en_GB]: [, A, B, C, D, E, F, G, H, I, J, K, L, M, N, O, P, Q, R, S, T, U, V, W, X, Y, Z, , , , , , , , , , , , , , , , , , , , , , , , , , , , , , , , , , , , , , , , , , , , , , , , , , , , , , , , , , , , , , , , , , , , , , , , , , , , , , , , , , , , , , , , , , , , , , , , , , , , , , , , , , , , , , , , , , , , , , , , , , , , , , , , , , , , , , , , , , , , , , , , , , , , , , , , , , , , , , , , , , , , , , , , , , , , , , , , , , , , , , #, ]
I/ActivityManager( 1025): Process com.android.packageinstaller (pid 14098) has died.
D/PackageBroadcastService(12704): Received broadcast action=android.intent.action.PACKAGE_ADDED and uri=co.giftmeapp.gift_me
I/ActivityManager( 1025): Start proc com.google.android.apps.docs for broadcast com.google.android.apps.docs/.receivers.AppPackageAddRemoveReceiver: pid=14480 uid=10060 gids={50060, 3003, 1028, 1015}
I/ConfigFetchService(12704): onStartCommand Intent { act=android.intent.action.PACKAGE_ADDED dat=package:co.giftmeapp.gift_me cmp=com.google.android.gms/.config.ConfigFetchService (has extras) }
I/ConfigFetchService(12704): launchTask
D/WifiStateMachine( 1025): handleMessage: E msg.what=151572
D/WifiStateMachine( 1025): processMsg: ConnectedState
D/WifiStateMachine( 1025): processMsg: L2ConnectedState
I/ConfigFetchService(12704): service connected
D/WifiStateMachine( 1025): handleMessage: X
D/dalvikvm(14352): Trying to load lib /data/app-lib/com.facebook.katana-1/libfb.so 0x41fba5a8
D/ConfigFetchService(12704): ConfigApi connection successful.
D/dalvikvm(14352): Added shared lib /data/app-lib/com.facebook.katana-1/libfb.so 0x41fba5a8
D/dalvikvm(14352): No JNI_OnLoad found in /data/app-lib/com.facebook.katana-1/libfb.so 0x41fba5a8, skipping init
D/dalvikvm(14352): Trying to load lib /data/app-lib/com.facebook.katana-1/libfbjni.so 0x41fba5a8
D/dalvikvm(14352): Added shared lib /data/app-lib/com.facebook.katana-1/libfbjni.so 0x41fba5a8
D/dalvikvm(14352): Trying to load lib /data/app-lib/com.facebook.katana-1/libcares.so 0x41fba5a8
D/dalvikvm(14352): Added shared lib /data/app-lib/com.facebook.katana-1/libcares.so 0x41fba5a8
D/dalvikvm(14352): No JNI_OnLoad found in /data/app-lib/com.facebook.katana-1/libcares.so 0x41fba5a8, skipping init
D/dalvikvm(14352): Trying to load lib /data/app-lib/com.facebook.katana-1/libdouble-conversion.so 0x41fba5a8
D/dalvikvm(14352): Added shared lib /data/app-lib/com.facebook.katana-1/libdouble-conversion.so 0x41fba5a8
D/dalvikvm(14352): No JNI_OnLoad found in /data/app-lib/com.facebook.katana-1/libdouble-conversion.so 0x41fba5a8, skipping init
D/dalvikvm(14352): Trying to load lib /data/app-lib/com.facebook.katana-1/libevent.so 0x41fba5a8
D/dalvikvm(14352): Added shared lib /data/app-lib/com.facebook.katana-1/libevent.so 0x41fba5a8
D/dalvikvm(14352): No JNI_OnLoad found in /data/app-lib/com.facebook.katana-1/libevent.so 0x41fba5a8, skipping init
D/dalvikvm(14352): Trying to load lib /data/app-lib/com.facebook.katana-1/libliger.so 0x41fba5a8
I/SFPerfTracer(  274):      triggers: (rate: 753:30148) (compose: 0:117) (post: 0:11) (render: 38:8339) (0:408919 frames) (1:1999207)
D/SFPerfTracer(  274):        layers: (3:11) (DimLayer: 0:129)* (DimLayer: 0:32)* (FocusedStackFrame: 0:9768)* (StatusBar: 0:126919) (NavigationBar: 0:90402) (DimLayer: 0:5793)* (DimLayer: 0:1503)* (com.android.wallpaper.fall.FallWallpaper: 0:12666)* (com.android.packageinstaller/com.android.packageinstaller.InstallAppProgress: 0:126)* (Starting co.giftmeapp.gift_me: 0:23)* (co.giftmeapp.gift_me/co.giftmeapp.gift_me.GiftMe: 1:38) 
D/WifiStateMachine( 1025): handleMessage: E msg.what=131155
D/WifiStateMachine( 1025): processMsg: ConnectedState
D/WifiStateMachine( 1025): processMsg: L2ConnectedState
D/WifiStateMachine( 1025): handleMessage: X
D/dalvikvm(14352): Added shared lib /data/app-lib/com.facebook.katana-1/libliger.so 0x41fba5a8
I/ActivityManager( 1025): Process com.evernote (pid 14372) has died.
D/CordovaLog(14253): file:///android_asset/www/js/app.js: Line 102 : Received response from version check.
I/chromium(14253): [INFO:CONSOLE(102)] "Received response from version check.", source: file:///android_asset/www/js/app.js (102)
D/CordovaLog(14253): file:///android_asset/www/js/app.js: Line 104 : Version is supported.
I/chromium(14253): [INFO:CONSOLE(104)] "Version is supported.", source: file:///android_asset/www/js/app.js (104)
I/ActivityManager( 1025): Process com.evernote.widget (pid 14418) has died.
D/dalvikvm( 1025): GC_EXPLICIT freed 2008K, 39% free 28646K/46588K, paused 5ms+25ms, total 291ms
I/dalvikvm(14480): Could not find method android.app.Activity.finishAfterTransition, referenced from method r.c_
W/dalvikvm(14480): VFY: unable to resolve virtual method 2773: Landroid/app/Activity;.finishAfterTransition ()V
D/dalvikvm(14480): VFY: replacing opcode 0x6e at 0x0006
I/SFPerfTracer(  274):      triggers: (rate: 633:266611) (189004 sw vsyncs) (606309 skipped) (16:1740601 vsyncs) (18:2207504)
E/dalvikvm(14352): Could not find class 'org.apache.harmony.xnet.provider.jsse.OpenSSLSocketImpl', referenced from method com.facebook.ssl.openssl.check.CheckOpenSSLImplHasRequiredMethods.<clinit>
W/dalvikvm(14352): VFY: unable to resolve const-class 9937 (Lorg/apache/harmony/xnet/provider/jsse/OpenSSLSocketImpl;) in Lcom/facebook/ssl/openssl/check/CheckOpenSSLImplHasRequiredMethods;
D/dalvikvm(14352): VFY: replacing opcode 0x1c at 0x000d
E/dalvikvm(14352): Could not find class 'org.apache.harmony.xnet.provider.jsse.OpenSSLSocketFactoryImpl', referenced from method com.facebook.ssl.openssl.reflect.SSLParametersGetter.<clinit>
W/dalvikvm(14352): VFY: unable to resolve const-class 9936 (Lorg/apache/harmony/xnet/provider/jsse/OpenSSLSocketFactoryImpl;) in Lcom/facebook/ssl/openssl/reflect/SSLParametersGetter;
D/dalvikvm(14352): VFY: replacing opcode 0x1c at 0x000d
E/dalvikvm(14352): Could not find class 'org.apache.harmony.xnet.provider.jsse.SSLParametersImpl', referenced from method com.facebook.ssl.openssl.reflect.SSLParametersGetter.a
W/dalvikvm(14352): VFY: unable to resolve check-cast 9939 (Lorg/apache/harmony/xnet/provider/jsse/SSLParametersImpl;) in Lcom/facebook/ssl/openssl/reflect/SSLParametersGetter;
D/dalvikvm(14352): VFY: replacing opcode 0x1f at 0x0006
E/dalvikvm(14352): Could not find class 'org.apache.harmony.xnet.provider.jsse.SSLParametersImpl', referenced from method com.facebook.ssl.openssl.reflect.SSLSessionTimeoutSetter.<clinit>
W/dalvikvm(14352): VFY: unable to resolve const-class 9939 (Lorg/apache/harmony/xnet/provider/jsse/SSLParametersImpl;) in Lcom/facebook/ssl/openssl/reflect/SSLSessionTimeoutSetter;
D/dalvikvm(14352): VFY: replacing opcode 0x1c at 0x000d
W/dalvikvm(14352): VFY: unable to find class referenced in signature (Lorg/apache/harmony/xnet/provider/jsse/SSLParametersImpl;)
E/dalvikvm(14352): Could not find class 'org.apache.harmony.xnet.provider.jsse.ClientSessionContext', referenced from method com.facebook.ssl.openssl.reflect.SSLSessionTimeoutSetter.a
W/dalvikvm(14352): VFY: unable to resolve check-cast 9935 (Lorg/apache/harmony/xnet/provider/jsse/ClientSessionContext;) in Lcom/facebook/ssl/openssl/reflect/SSLSessionTimeoutSetter;
D/dalvikvm(14352): VFY: replacing opcode 0x1f at 0x0006
W/dalvikvm(14352): VFY: unable to find class referenced in signature (Lorg/apache/harmony/xnet/provider/jsse/SSLParametersImpl;)
W/dalvikvm(14352): Unable to resolve superclass of Lcom/facebook/ssl/openssl/TicketEnabledOpenSSLSocketImplWrapper; (9938)
W/dalvikvm(14352): Link of class 'Lcom/facebook/ssl/openssl/TicketEnabledOpenSSLSocketImplWrapper;' failed
E/dalvikvm(14352): Could not find class 'com.facebook.ssl.openssl.TicketEnabledOpenSSLSocketImplWrapper', referenced from method com.facebook.ssl.openssl.TicketEnabledOpenSSLSocketFactoryHelper.a
W/dalvikvm(14352): VFY: unable to resolve new-instance 7703 (Lcom/facebook/ssl/openssl/TicketEnabledOpenSSLSocketImplWrapper;) in Lcom/facebook/ssl/openssl/TicketEnabledOpenSSLSocketFactoryHelper;
D/dalvikvm(14352): VFY: replacing opcode 0x22 at 0x0000
W/dalvikvm(14352): Unable to resolve superclass of Lcom/facebook/ssl/openssl/TicketEnabledOpenSSLSocketImplWrapper; (9938)
W/dalvikvm(14352): Link of class 'Lcom/facebook/ssl/openssl/TicketEnabledOpenSSLSocketImplWrapper;' failed
D/dalvikvm(14352): DexOpt: unable to opt direct call 0xbd3a at 0x08 in Lcom/facebook/ssl/openssl/TicketEnabledOpenSSLSocketFactoryHelper;.a
D/dalvikvm(14352): Trying to load lib /data/app-lib/com.facebook.katana-1/libheartbleed.so 0x41fba5a8
D/dalvikvm(14352): Added shared lib /data/app-lib/com.facebook.katana-1/libheartbleed.so 0x41fba5a8
W/SyncWapiModule(14480): isPlayServicesEnabled=
W/SyncWapiModule(14480): isPlayServicesEnabled=
W/GAV2    (14480): Thread[main,5,main]: Need to call initialize() and be in fallback mode to start dispatch.
D/CordovaLog(14253): file:///android_asset/www/js/app.js: Line 122 : success...
I/chromium(14253): [INFO:CONSOLE(122)] "success...", source: file:///android_asset/www/js/app.js (122)
I/ActivityManager( 1025): Start proc com.google.android.googlequicksearchbox:search for broadcast com.google.android.googlequicksearchbox/com.google.android.search.core.icingsync.IcingCorporaChangedReceiver: pid=14528 uid=10045 gids={50045, 3003, 3001, 1028, 3002, 1015}
I/ActivityManager( 1025): Start proc com.evernote for broadcast com.evernote/.util.WidgetTracker: pid=14543 uid=10134 gids={50134, 3003, 1028, 1015}
I/MultiDex(14543): VM with version 1.6.0 does not have multidex support
I/MultiDex(14543): install
I/MultiDex(14543): MultiDexExtractor.load(/data/app/com.evernote-1.apk, false)
I/MultiDex(14543): loading existing secondary dex files
I/MultiDex(14543): load found 0 secondary dex files
I/MultiDex(14543): install done
I/UpdateIcingCorporaServi(14528): Updating corpora: APPS=co.giftmeapp.gift_me, CONTACTS=MAYBE
D/WifiStateMachine( 1025): handleMessage: E msg.what=151572
D/WifiStateMachine( 1025): processMsg: ConnectedState
D/WifiStateMachine( 1025): processMsg: L2ConnectedState
D/WifiStateMachine( 1025): handleMessage: X
D/CordovaLog(14253): file:///android_asset/www/js/HomeView.js: Line 32 : [object Object]
I/chromium(14253): [INFO:CONSOLE(32)] "[object Object]", source: file:///android_asset/www/js/HomeView.js (32)
D/CordovaLog(14253): file:///android_asset/www/index.html: Line 1 : Uncaught SyntaxError: Unexpected token u
I/chromium(14253): [INFO:CONSOLE(1)] "Uncaught SyntaxError: Unexpected token u", source: file:///android_asset/www/index.html (1)
I/dalvikvm(14528): Could not find method android.content.pm.PackageManager.getPackageInstaller, referenced from method com.google.android.gms.common.e.p
W/dalvikvm(14528): VFY: unable to resolve virtual method 901: Landroid/content/pm/PackageManager;.getPackageInstaller ()Landroid/content/pm/PackageInstaller;
D/dalvikvm(14528): VFY: replacing opcode 0x6e at 0x000b
W/GAV2    (14480): Thread[main,5,main]: dispatch call queued.  Need to call GAServiceManager.getInstance().initialize().
I/ActivityManager( 1025): Process android.process.acore (pid 14445) has died.
D/EN      (14543): MemoryMapAppender.ctor()
D/EN      (14543): MemoryMapAppender.ctor-end()
D/EN      (14543): [EvernoteProvider] - Provider+++++onCreate()
D/EN      (14543): [d] - AccountManager()::userIds=102703026
D/EN      (14543): [b] - creating new AccountInfo()::userId102703026
D/EN      (14543): [d] - AccountManager()::adding account::102703026::timcallagy
D/EN      (14543): [d] - AccountManager()::count=1
D/EN      (14543): [d] - initialized:
D/EN      (14543): [a] - getInstance()::
D/EN      (14543): [al] - Register SD Card Receiver ++++++++++++++++++++
D/EN      (14543): [al] - checkForRecentUnmount() end
D/EN      (14543): [a] - locale is set=en_GB
D/EN      (14543): [a] - isDBONSDcard()=true
I/EN      (14543): [al] - getSDCardStatus()::mounted::noStorageText=null
D/EN      (14543): [a] - isDBFileChanged()::lastFilePath in pref=/data/data/com.evernote/files/user-102703026/.external-1428259012787-Evernote.db
E/EN      (14543): [a] - isDBFileChanged()::+++++++++lastFilePath exists/data/data/com.evernote/files/user-102703026/.external-1428259012787-Evernote.db
D/EN      (14543): [a] - getInstance()::DBFile NOT Changed
D/EN      (14543): [a] - isDBONSDcard()=true
D/EN      (14543): [a] - moveToSDcard()::start::Evernote.DB_ON_SDCARD=true
D/EN      (14543): [a] - isDBONSDcard()=true
E/EN      (14543): [a] - isLastDBFileOnSDCard()::+++++++++++lastFilePath exists/data/data/com.evernote/files/user-102703026/.external-1428259012787-Evernote.db
D/EN      (14543): [a] - isDBONSDcard()=true
D/EN      (14543): [a] - getDBfilePath()::++++++++++++++++lastFilePath from preferences/data/data/com.evernote/files/user-102703026/.external-1428259012787-Evernote.db
E/EN      (14543): [a] - getDBfilePath()::++++++++++++++++lastFilePath exists/data/data/com.evernote/files/user-102703026/.external-1428259012787-Evernote.db
D/EN      (14543): [EvernoteProvider] - cleanupOldThumbnailsIfNeeded()
I/ReleaseProperties(14543): Current app is: evernote
I/ReleaseProperties(14543): propFile: release is now loaded
I/ReleaseProperties(14543): propFile: play is now loaded
I/ReleaseProperties(14543): propFile: base is now loaded
I/ReleaseProperties(14543): propFile: override is now loaded
D/MarketUtils(14543): isPackageInstalled() - com.android.vending is installed
D/MarketUtils(14543): isPackageInstalled() - com.android.vending is installed
D/MarketUtils(14543): isPackageInstalled() - com.android.vending is installed
D/MarketUtils(14543): isPackageInstalled() - com.android.vending is installed
I/ReleaseProperties(14543): ReleaseProperties: 
I/ReleaseProperties(14543):   bundleName=google-play
I/ReleaseProperties(14543):   revision=AM_702_524
I/ReleaseProperties(14543):   type=public
I/ReleaseProperties(14543):   gitHash=313f54a11431af98d659728265b72cfcf9ec527e
I/ReleaseProperties(14543):   baseSearchUri=market://search?q=
D/MarketUtils(14543): isPackageInstalled() - com.android.vending is installed
D/ReleaseProperties(14543): getReferralPersistencePath():: old=false:: path=/storage/emulated/0/.enref
D/MarketUtils(14543): isPackageInstalled() - com.android.vending is installed
I/ReleaseProperties(14543): From file referralCode=android
D/EN      (14543): [a] - isDBONSDcard()=true
D/EN      (14543): [Evernote] - VERSION_CODE: 1070243
D/MarketUtils(14543): isPackageInstalled() - com.android.vending is installed
D/MarketUtils(14543): isPackageInstalled() - com.android.vending is installed
I/dalvikvm(14543): Could not find method android.content.pm.PackageManager.getActivityBanner, referenced from method com.evernote.d.b.getActivityBanner
W/dalvikvm(14543): VFY: unable to resolve virtual method 793: Landroid/content/pm/PackageManager;.getActivityBanner (Landroid/content/ComponentName;)Landroid/graphics/drawable/Drawable;
D/dalvikvm(14543): VFY: replacing opcode 0x6e at 0x0002
I/dalvikvm(14543): Could not find method android.content.pm.PackageManager.getActivityBanner, referenced from method com.evernote.d.b.getActivityBanner
W/dalvikvm(14543): VFY: unable to resolve virtual method 794: Landroid/content/pm/PackageManager;.getActivityBanner (Landroid/content/Intent;)Landroid/graphics/drawable/Drawable;
D/dalvikvm(14543): VFY: replacing opcode 0x6e at 0x0002
I/dalvikvm(14543): Could not find method android.content.pm.PackageManager.getApplicationBanner, referenced from method com.evernote.d.b.getApplicationBanner
W/dalvikvm(14543): VFY: unable to resolve virtual method 801: Landroid/content/pm/PackageManager;.getApplicationBanner (Landroid/content/pm/ApplicationInfo;)Landroid/graphics/drawable/Drawable;
D/dalvikvm(14543): VFY: replacing opcode 0x6e at 0x0002
I/dalvikvm(14543): Could not find method android.content.pm.PackageManager.getApplicationBanner, referenced from method com.evernote.d.b.getApplicationBanner
W/dalvikvm(14543): VFY: unable to resolve virtual method 802: Landroid/content/pm/PackageManager;.getApplicationBanner (Ljava/lang/String;)Landroid/graphics/drawable/Drawable;
D/dalvikvm(14543): VFY: replacing opcode 0x6e at 0x0002
I/dalvikvm(14543): Could not find method android.content.pm.PackageManager.getLeanbackLaunchIntentForPackage, referenced from method com.evernote.d.b.getLeanbackLaunchIntentForPackage
W/dalvikvm(14543): VFY: unable to resolve virtual method 818: Landroid/content/pm/PackageManager;.getLeanbackLaunchIntentForPackage (Ljava/lang/String;)Landroid/content/Intent;
D/dalvikvm(14543): VFY: replacing opcode 0x6e at 0x0002
I/dalvikvm(14543): Could not find method android.content.pm.PackageManager.getPackageInstaller, referenced from method com.evernote.d.b.getPackageInstaller
W/dalvikvm(14543): VFY: unable to resolve virtual method 823: Landroid/content/pm/PackageManager;.getPackageInstaller ()Landroid/content/pm/PackageInstaller;
D/dalvikvm(14543): VFY: replacing opcode 0x6e at 0x0002
I/dalvikvm(14543): Could not find method android.content.pm.PackageManager.getUserBadgedDrawableForDensity, referenced from method com.evernote.d.b.getUserBadgedDrawableForDensity
W/dalvikvm(14543): VFY: unable to resolve virtual method 839: Landroid/content/pm/PackageManager;.getUserBadgedDrawableForDensity (Landroid/graphics/drawable/Drawable;Landroid/os/UserHandle;Landroid/graphics/Rect;I)Landroid/graphics/drawable/Drawable;
D/dalvikvm(14543): VFY: replacing opcode 0x6e at 0x0002
I/dalvikvm(14543): Could not find method android.content.pm.PackageManager.getUserBadgedIcon, referenced from method com.evernote.d.b.getUserBadgedIcon
W/dalvikvm(14543): VFY: unable to resolve virtual method 840: Landroid/content/pm/PackageManager;.getUserBadgedIcon (Landroid/graphics/drawable/Drawable;Landroid/os/UserHandle;)Landroid/graphics/drawable/Drawable;
D/dalvikvm(14543): VFY: replacing opcode 0x6e at 0x0002
I/dalvikvm(14543): Could not find method android.content.pm.PackageManager.getUserBadgedLabel, referenced from method com.evernote.d.b.getUserBadgedLabel
W/dalvikvm(14543): VFY: unable to resolve virtual method 841: Landroid/content/pm/PackageManager;.getUserBadgedLabel (Ljava/lang/CharSequence;Landroid/os/UserHandle;)Ljava/lang/CharSequence;
D/dalvikvm(14543): VFY: replacing opcode 0x6e at 0x0002
I/Crashlytics(14543): Initializing Crashlytics 1.1.8.10
D/MarketUtils(14543): isPackageInstalled() - com.android.vending is installed
I/ApplicationLogger(14528): canRun() : Opted Out
I/UpdateIcingCorporaServi(14528): UpdateCorporaTask done [took 229 ms] updated apps [took 229 ms] 
D/HockeyApp(14543): Looking for exceptions in: /data/data/com.evernote/files
D/HockeyApp(14543): Current handler class = com.evernote.k
D/EN      (14543): [ee] - registered crash manager
D/EN      (14543): [c] - onApplicationStart()
D/EN      (14543): [c] - onApplicationStart() -- loader thread
D/EN      (14543): [c] - pushUserIDToDataLayer(), pushing user-id ending in 6
D/MarketUtils(14543): isPackageInstalled() - com.android.vending is installed
D/MarketUtils(14543): isPackageInstalled() - com.android.vending is installed
I/ActivityManager( 1025): Start proc com.evernote.widget for broadcast com.evernote.widget/.WidgetStateReceiver: pid=14592 uid=10135 gids={50135, 3003, 1028, 1015}
D/EN      (14543): [c] - 	loading saved values from internal storage
I/ReleaseProperties(14592): Current app is: evernoteWidget
I/ReleaseProperties(14592): propFile: release is now loaded
I/ReleaseProperties(14592): propFile: play is now loaded
I/ReleaseProperties(14592): propFile: base is now loaded
I/ReleaseProperties(14592): propFile: override is now loaded
I/ReleaseProperties(14592): ReleaseProperties: 
I/ReleaseProperties(14592):   bundleName=none
I/ReleaseProperties(14592):   revision=unknown
I/ReleaseProperties(14592):   type=development
I/ReleaseProperties(14592):   gitHash=?
I/ReleaseProperties(14592):   baseSearchUri=market://search?q=
D/ReleaseProperties(14592): getReferralPersistencePath():: old=false:: path=/storage/emulated/0/.enref
I/ReleaseProperties(14592): From file referralCode=android
I/ActivityManager( 1025): Start proc com.pixowl.thesandbox.android for broadcast com.pixowl.thesandbox.android/com.heyzap.sdk.ads.PackageAddedReceiver: pid=14609 uid=10146 gids={50146, 1028, 1015, 3003}
I/ActivityManager( 1025): Start proc android.process.acore for broadcast com.android.providers.contacts/.PackageIntentReceiver: pid=14621 uid=10010 gids={50010, 3003, 1028, 1015, 1023}
I/ActivityManager( 1025): Process com.google.android.apps.docs (pid 14480) has died.
E/NetworkScheduler.SchedulerReceiver( 5859): Invalid parameter app
E/NetworkScheduler.SchedulerReceiver( 5859): Invalid package name : Perhaps you didn't include a PendingIntent in the extras?
D/PackageBroadcastService(12704): Received broadcast action=android.intent.action.PACKAGE_REPLACED and uri=co.giftmeapp.gift_me
I/ActivityManager( 1025): Start proc com.google.android.apps.magazines for broadcast com.google.android.apps.magazines/com.google.apps.dots.android.app.receiver.FirstInstallNotificationReceiver: pid=14645 uid=10077 gids={50077, 3003, 1028, 1015}
I/ContactLocale(14621): AddressBook Labels [en_GB]: [, A, B, C, D, E, F, G, H, I, J, K, L, M, N, O, P, Q, R, S, T, U, V, W, X, Y, Z, , , , , , , , , , , , , , , , , , , , , , , , , , , , , , , , , , , , , , , , , , , , , , , , , , , , , , , , , , , , , , , , , , , , , , , , , , , , , , , , , , , , , , , , , , , , , , , , , , , , , , , , , , , , , , , , , , , , , , , , , , , , , , , , , , , , , , , , , , , , , , , , , , , , , , , , , , , , , , , , , , , , , , , , , , , , , , , , , , , , , , #, ]
I/dalvikvm(14645): Could not find method android.accounts.AccountManager.getPreviousName, referenced from method com.google.apps.dots.android.newsstand.auth.AccountManagerDelegate.getPreviousName
W/dalvikvm(14645): VFY: unable to resolve virtual method 7: Landroid/accounts/AccountManager;.getPreviousName (Landroid/accounts/Account;)Ljava/lang/String;
D/dalvikvm(14645): VFY: replacing opcode 0x6e at 0x0002
E/cutils  (  261): Failed to mkdirat(/storage/sdcard1/Android): Read-only file system
W/Vold    (  261): Returning OperationFailed - no handler for errno 30
W/ContextImpl(14645): Failed to ensure directory: /storage/sdcard1/Android/data/com.google.android.apps.magazines/cache
E/cutils  (  261): Failed to mkdirat(/storage/sdcard1/Android): Read-only file system
W/Vold    (  261): Returning OperationFailed - no handler for errno 30
W/ContextImpl(14645): Failed to ensure directory: /storage/sdcard1/Android/data/com.google.android.apps.magazines/files
I/ActivityManager( 1025): Process com.android.vending (pid 12668) has died.
E/cutils  (  261): Failed to mkdirat(/storage/sdcard1/Android): Read-only file system
W/Vold    (  261): Returning OperationFailed - no handler for errno 30
W/ContextImpl(14645): Failed to ensure directory: /storage/sdcard1/Android/data/com.google.android.apps.magazines/cache
E/cutils  (  261): Failed to mkdirat(/storage/sdcard1/Android): Read-only file system
W/Vold    (  261): Returning OperationFailed - no handler for errno 30
W/ContextImpl(14645): Failed to ensure directory: /storage/sdcard1/Android/data/com.google.android.apps.magazines/files
V/WebViewChromiumFactoryProvider(14645): Binding Chromium to main looper Looper (main, tid 1) {41fa8dc0}
I/LibraryLoader(14645): Expected native library version number "",actual native library version number ""
I/chromium(14645): [INFO:library_loader_hooks.cc(116)] Chromium logging enabled: level = 0, default verbosity = 0
I/BrowserStartupController(14645): Initializing chromium process, renderers=0
E/AudioManagerAndroid(14645): BLUETOOTH permission is missing!
I/Adreno-EGL(14645): <qeglDrvAPI_eglInitialize:410>: EGL 1.4 QUALCOMM build: AU_LINUX_ANDROID_LNX.LA.3.5.1_RB1.04.04.02.048.018_msm8226_LNX.LA.3.5.1_RB1__release_AU ()
I/Adreno-EGL(14645): OpenGL ES Shader Compiler Version: E031.24.00.08
I/Adreno-EGL(14645): Build Date: 03/07/14 Fri
I/Adreno-EGL(14645): Local Branch: 
I/Adreno-EGL(14645): Remote Branch: quic/LNX.LA.3.5.1_RB1.1
I/Adreno-EGL(14645): Local Patches: NONE
I/Adreno-EGL(14645): Reconstruct Branch: AU_LINUX_ANDROID_LNX.LA.3.5.1_RB1.04.04.02.048.018 + f2fd134 +  NOTHING
D/WifiStateMachine( 1025): handleMessage: E msg.what=151572
D/WifiStateMachine( 1025): processMsg: ConnectedState
D/WifiStateMachine( 1025): processMsg: L2ConnectedState
D/WifiStateMachine( 1025): handleMessage: X
I/ActivityManager( 1025): Process com.google.android.googlequicksearchbox:search (pid 14528) has died.
I/NSApplication(14645): Starting up...
I/ActivityManager( 1025): Start proc com.google.android.apps.cloudprint for broadcast com.google.android.apps.cloudprint/.printdialog.receivers.UpgradeBroadcastReceiver: pid=14692 uid=10058 gids={50058, 3003, 1028}
I/ActivityManager( 1025): Start proc com.motorola.context for broadcast com.motorola.context/.engine.mediator.MediatorReceiver: pid=14705 uid=10011 gids={50011, 3001, 3002, 3003}
I/ActivityManager( 1025): Start proc com.google.android.googlequicksearchbox:search for broadcast com.google.android.googlequicksearchbox/.GelStubAppWatcher: pid=14718 uid=10045 gids={50045, 3003, 3001, 1028, 3002, 1015}
D/dalvikvm(  275): GC_EXPLICIT freed 42K, 48% free 9011K/17224K, paused 2ms+2ms, total 24ms
D/dalvikvm(  275): GC_EXPLICIT freed <1K, 48% free 9011K/17224K, paused 2ms+3ms, total 17ms
D/dalvikvm(  275): GC_EXPLICIT freed <1K, 48% free 9011K/17224K, paused 1ms+2ms, total 17ms
I/ActivityManager( 1025): Process com.evernote (pid 14543) has died.
I/Icing   (12704): Indexing D11140B64A23ADCF9607D6E17FA4854A5443BF22 from com.google.android.googlequicksearchbox
D/dalvikvm(12704): GC_CONCURRENT freed 1667K, 39% free 10564K/17224K, paused 2ms+4ms, total 50ms
I/dalvikvm(14718): Could not find method android.content.pm.PackageManager.getPackageInstaller, referenced from method com.google.android.gms.common.e.p
W/dalvikvm(14718): VFY: unable to resolve virtual method 901: Landroid/content/pm/PackageManager;.getPackageInstaller ()Landroid/content/pm/PackageInstaller;
D/dalvikvm(14718): VFY: replacing opcode 0x6e at 0x000b
I/ActivityManager( 1025): Process android.process.acore (pid 14621) has died.
I/Icing   (12704): Indexing done D11140B64A23ADCF9607D6E17FA4854A5443BF22
I/ActivityManager( 1025): Process com.google.android.apps.magazines (pid 14645) has died.
I/ActivityManager( 1025): Process com.pixowl.thesandbox.android (pid 14609) has died.
I/ActivityManager( 1025): Process com.google.android.partnersetup (pid 14459) has died.
D/WifiStateMachine( 1025): handleMessage: E msg.what=151572
D/WifiStateMachine( 1025): processMsg: ConnectedState
D/WifiStateMachine( 1025): processMsg: L2ConnectedState
D/WifiStateMachine( 1025): handleMessage: X
D/WifiStateMachine( 1025): handleMessage: E msg.what=131155
D/WifiStateMachine( 1025): processMsg: ConnectedState
D/WifiStateMachine( 1025): processMsg: L2ConnectedState
D/WifiStateMachine( 1025): handleMessage: X
D/WifiStateMachine( 1025): handleMessage: E msg.what=151572
D/WifiStateMachine( 1025): processMsg: ConnectedState
D/WifiStateMachine( 1025): processMsg: L2ConnectedState
D/WifiStateMachine( 1025): handleMessage: X
I/SBar.NetworkController( 1119): onSignalStrengthsChanged SignalStrength: 7 0 -120 -160 -120 -1 -1 99 2147483647 2147483647 2147483647 2147483647 2147483647 gsm|lte 0 -108 -1 false 2 2 0 0 0 99 99 99 4 level=2
W/BroadcastQueue( 1025): Permission Denial: broadcasting Intent { act=android.net.conn.INET_CONDITION_ACTION flg=0x4000010 (has extras) } from null (pid=-1, uid=-1) requires com.facebook.permission.prod.FB_APP_COMMUNICATION due to registered receiver BroadcastFilter{42adc260 u0 ReceiverList{427c3de0 14352 com.facebook.katana/10110/u0 remote:41fdb890}}
W/BroadcastQueue( 1025): Permission Denial: broadcasting Intent { act=android.net.conn.CONNECTIVITY_CHANGE flg=0x4000010 (has extras) } from null (pid=-1, uid=-1) requires com.facebook.permission.prod.FB_APP_COMMUNICATION due to registered receiver BroadcastFilter{42adc260 u0 ReceiverList{427c3de0 14352 com.facebook.katana/10110/u0 remote:41fdb890}}
V/AlarmManager( 1025): sending alarm Alarm{41fed9f8 type 3 android}
W/dalvikvm(14352): Unable to resolve superclass of Lcom/facebook/push/adm/ADMBroadcastReceiver; (403)
W/dalvikvm(14352): Link of class 'Lcom/facebook/push/adm/ADMBroadcastReceiver;' failed
E/dalvikvm(14352): Could not find class 'com.facebook.push.adm.ADMBroadcastReceiver', referenced from method com.facebook.push.adm.ADMPushManager.b
W/dalvikvm(14352): VFY: unable to resolve const-class 9460 (Lcom/facebook/push/adm/ADMBroadcastReceiver;) in Lcom/facebook/push/adm/ADMPushManager;
D/dalvikvm(14352): VFY: replacing opcode 0x1c at 0x000e
E/fb4a(:<default>):FbWallpaperService(14352): com.facebook.wallpaper.wallpaperprocess.FbWallpaperService
W/fb4a(:<default>):AbstractMqttPushService(14352): Attempt to start service that is already started
D/dalvikvm(14352): GC_CONCURRENT freed 4189K, 25% free 12922K/17224K, paused 5ms+5ms, total 57ms
I/ActivityManager( 1025): Process com.evernote.widget (pid 14592) has died.
W/BroadcastQueue( 1025): Permission Denial: broadcasting Intent { act=android.net.conn.CONNECTIVITY_CHANGE flg=0x4000010 (has extras) } from null (pid=-1, uid=-1) requires com.facebook.permission.prod.FB_APP_COMMUNICATION due to registered receiver BroadcastFilter{42857608 u0 ReceiverList{42857e00 14352 com.facebook.katana/10110/u0 remote:423b2860}}
D/GcOptimizer(14352): Configure for next cold start: enable
D/WifiStateMachine( 1025): handleMessage: E msg.what=151572
D/WifiStateMachine( 1025): processMsg: ConnectedState
D/WifiStateMachine( 1025): processMsg: L2ConnectedState
D/WifiStateMachine( 1025): handleMessage: X
D/Ulp_jni ( 1025): Location CB invoked
D/WifiStateMachine( 1025): handleMessage: E msg.what=151572
D/WifiStateMachine( 1025): processMsg: ConnectedState
D/WifiStateMachine( 1025): processMsg: L2ConnectedState
D/WifiStateMachine( 1025): handleMessage: X
D/WifiStateMachine( 1025): handleMessage: E msg.what=131155
D/WifiStateMachine( 1025): processMsg: ConnectedState
D/WifiStateMachine( 1025): processMsg: L2ConnectedState
D/WifiStateMachine( 1025): handleMessage: X
I/com.newrelic.agent.android(13209): Harvester: connected
I/com.newrelic.agent.android(13209): Harvester: Sending 3 HTTP transactions.
I/com.newrelic.agent.android(13209): Harvester: Sending 0 HTTP errors.
I/com.newrelic.agent.android(13209): Harvester: Sending 0 activity traces.
D/dalvikvm(14352): GC_CONCURRENT freed 7071K, 34% free 14048K/21152K, paused 5ms+7ms, total 96ms
I/SBar.NetworkController( 1119): onSignalStrengthsChanged SignalStrength: 3 0 -120 -160 -120 -1 -1 99 2147483647 2147483647 2147483647 2147483647 2147483647 gsm|lte 0 -108 -1 false 1 1 0 0 0 99 99 99 4 level=1
D/WifiStateMachine( 1025): handleMessage: E msg.what=151572
D/WifiStateMachine( 1025): processMsg: ConnectedState
D/WifiStateMachine( 1025): processMsg: L2ConnectedState
D/WifiStateMachine( 1025): handleMessage: X
D/WifiStateMachine( 1025): handleMessage: E msg.what=151572
D/WifiStateMachine( 1025): processMsg: ConnectedState
D/WifiStateMachine( 1025): processMsg: L2ConnectedState
D/WifiStateMachine( 1025): handleMessage: X
D/WifiStateMachine( 1025): handleMessage: E msg.what=151572
D/WifiStateMachine( 1025): processMsg: ConnectedState
D/WifiStateMachine( 1025): processMsg: L2ConnectedState
D/WifiStateMachine( 1025): handleMessage: X
D/WifiStateMachine( 1025): handleMessage: E msg.what=131155
D/WifiStateMachine( 1025): processMsg: ConnectedState
D/WifiStateMachine( 1025): processMsg: L2ConnectedState
D/WifiStateMachine( 1025): handleMessage: X
V/ConfigFetchTask(12704): ConfigFetchTask getDeviceDataVersionInfo(): ABFEt1WrD9JTzxgRJxdGSbQFJCAgOZL2jXf-Ku-cfocHvm686gXuCzLE9stffmYqDddfcA0GoXy-53iHVsv3zmcUsrPualsi5U6S5Zw2lN7hhxvY-ts2J5YiBIaDGZ-TLARtRrwgMdQh_bWuve9UJzCJzUla7WdZtPx1KH0zVEFD3L0SMK7TCUSLl2oaB7PFVRkjflPNAnl_o0HANnWtGveLva4uYa3Tm0x7InDd0_bi2F7HRBy-kbnJ7Q-0PLr05HF0F3EIySEjtbfh3zsrcAgsno7HCTsOCbqPnXYMFIZRWh8LokSB9jY
I/GoogleURLConnFactory(12704): Using platform SSLCertificateSocketFactory
D/WifiStateMachine( 1025): handleMessage: E msg.what=151572
D/WifiStateMachine( 1025): processMsg: ConnectedState
D/WifiStateMachine( 1025): processMsg: L2ConnectedState
