W/ContextImpl( 1295): Calling a method in the system process without a qualified user: android.app.ContextImpl.sendBroadcast:1252 android.content.ContextWrapper.sendBroadcast:365 com.motorola.motocare.util.TriggerHelper$TriggerBuilder.send:76 com.motorola.motocare.internal.frameworkevents.ProcessKillTrigger.sendTrigger:147 com.motorola.motocare.internal.frameworkevents.ProcessKillTrigger.handleLmkKill:337 
W/ContextImpl( 1295): Calling a method in the system process without a qualified user: android.app.ContextImpl.sendBroadcast:1252 android.content.ContextWrapper.sendBroadcast:365 com.motorola.motocare.util.TriggerHelper$TriggerBuilder.send:76 com.motorola.motocare.internal.frameworkevents.ProcessKillTrigger.sendTrigger:147 com.motorola.motocare.internal.frameworkevents.ProcessKillTrigger.handleLmkKill:337 
W/ContextImpl( 1295): Calling a method in the system process without a qualified user: android.app.ContextImpl.sendBroadcast:1252 android.content.ContextWrapper.sendBroadcast:365 com.motorola.motocare.util.TriggerHelper$TriggerBuilder.send:76 com.motorola.motocare.internal.frameworkevents.PauseResumeTrigger.handleFrameworkEvent:53 com.motorola.motocare.internal.frameworkevents.FwEventMonitor$FrameworkListener.processFrameworkEvent:114 
I/SFPerfTracer(  274):      triggers: (rate: 1109:444894) (336410 sw vsyncs) (1038530 skipped) (153:3301178 vsyncs) (155:4134874)
I/ActivityManager( 1025): Start proc com.distilledmedia.thescore for broadcast com.distilledmedia.thescore/com.parse.ParseBroadcastReceiver: pid=6944 uid=10138 gids={50138, 3003, 1028, 1015}
I/ActivityManager( 1025): Process com.linkedin.android (pid 6871) has died.
I/PowerManagerService( 1025): Going to sleep by user request...
D/WifiService( 1025): New client listening to asynchronous messages
W/ContextImpl( 1295): Calling a method in the system process without a qualified user: android.app.ContextImpl.sendBroadcast:1252 android.content.ContextWrapper.sendBroadcast:365 com.motorola.motocare.util.TriggerHelper$TriggerBuilder.send:76 com.motorola.motocare.internal.frameworkevents.PauseResumeTrigger.handleFrameworkEvent:53 com.motorola.motocare.internal.frameworkevents.FwEventMonitor$FrameworkListener.processFrameworkEvent:114 
F/ProcessStats( 1025): Starting service ServiceState{42c48c08 com.whatsapp.messaging.MessageService pkg=com.whatsapp proc=42c48c08} without owner
F/ProcessStats( 1025): Starting service ServiceState{43399718 com.paypal.android.p2pmobile.services.AtoService pkg=com.paypal.android.p2pmobile proc=43399718} without owner
F/ProcessStats( 1025): Starting service ServiceState{43231e48 com.paypal.android.p2pmobile.services.WalletService pkg=com.paypal.android.p2pmobile proc=43231e48} without owner
F/ProcessStats( 1025): Starting service ServiceState{428fdff0 com.facebook.push.mqtt.service.MqttPushService pkg=com.facebook.orca proc=428fdff0} without owner
--------- beginning of /dev/log/main
W/IInputConnectionWrapper( 1221): getTextAfterCursor on inactive InputConnection
E/bo      (20316): onStartInput event aborted: com.touchtype.keyboard.c.ag: could not obtain extracted text (class com.touchtype.keyboard.c.ag)
D/Sensors ( 1025): AccelerationSensor: Set Sensors state 0x0
D/audio_hw_primary(  277): adev_set_parameters: enter: screen_state=off
V/msm8974_platform(  277): platform_set_parameters: enter: screen_state=off
V/msm8974_platform(  277): platform_set_parameters: exit with code(-2)
E/audio_a2dp_hw(  277): adev_set_parameters: ERROR: set param called even when stream out is null
V/KeyguardHostView( 1119): hide transport, gen:292
V/KeyguardHostView( 1119): music state changed: 1
D/KeyguardHostView( 1119): showSecurityScreen(None)
D/AudioManagerAndroid( 6944): ==> onReceive: s=0, m=1, n=h2w, sb=true
D/AudioManagerAndroid( 6944): reportUpdate: state=0, devices=[Speakerphone, Headset earpiece]
I/ActivityManager( 1025): Start proc com.devexpert.weather for broadcast com.devexpert.weather/.view.WidgetWeather2x1: pid=7037 uid=10112 gids={50112, 3003, 1028, 1015}
D/WifiStateMachine( 1025): handleMessage: X
W/View    ( 1119): requestLayout() improperly called by android.widget.TextClock{4219cd80 V.ED.... ......ID 104,0-484,213 #7f0a004b app:id/clock_view} during layout: running second layout pass
W/View    ( 1119): requestLayout() improperly called by android.widget.TextClock{422b85b8 V.ED.... ......ID 136,0-285,38 #7f0a0050 app:id/date_view} during layout: running second layout pass
W/View    ( 1119): requestLayout() improperly called by android.widget.TextView{42182a88 V.ED.... ......ID 301,0-452,38 #7f0a0051 app:id/alarm_status} during layout: running second layout pass
D/dalvikvm(  275): GC_EXPLICIT freed 43K, 48% free 9011K/17224K, paused 2ms+2ms, total 21ms
I/ActivityManager( 1025): Process com.distilledmedia.thescore (pid 6944) has died.
D/dalvikvm(  275): GC_EXPLICIT freed <1K, 48% free 9011K/17224K, paused 1ms+2ms, total 18ms
E/dalvikvm( 6885): Could not find class 'org.apache.harmony.xnet.provider.jsse.OpenSSLSocketImpl', referenced from method com.facebook.ssl.openssl.check.CheckOpenSSLImplHasRequiredMethods.<clinit>
W/dalvikvm( 6885): VFY: unable to resolve const-class 13808 (Lorg/apache/harmony/xnet/provider/jsse/OpenSSLSocketImpl;) in Lcom/facebook/ssl/openssl/check/CheckOpenSSLImplHasRequiredMethods;
D/dalvikvm( 6885): VFY: replacing opcode 0x1c at 0x000d
E/dalvikvm( 6885): Could not find class 'org.apache.harmony.xnet.provider.jsse.OpenSSLSocketFactoryImpl', referenced from method com.facebook.ssl.openssl.reflect.SSLParametersGetter.<clinit>
W/dalvikvm( 6885): VFY: unable to resolve const-class 13807 (Lorg/apache/harmony/xnet/provider/jsse/OpenSSLSocketFactoryImpl;) in Lcom/facebook/ssl/openssl/reflect/SSLParametersGetter;
D/dalvikvm( 6885): VFY: replacing opcode 0x1c at 0x000d
E/dalvikvm( 6885): Could not find class 'org.apache.harmony.xnet.provider.jsse.SSLParametersImpl', referenced from method com.facebook.ssl.openssl.reflect.SSLParametersGetter.a
W/dalvikvm( 6885): VFY: unable to resolve check-cast 13809 (Lorg/apache/harmony/xnet/provider/jsse/SSLParametersImpl;) in Lcom/facebook/ssl/openssl/reflect/SSLParametersGetter;
D/dalvikvm( 6885): VFY: replacing opcode 0x1f at 0x0006
D/dalvikvm( 6885): Trying to load lib /data/app-lib/com.facebook.katana-1/libfbjni.so 0x41fbaa28
D/PhoneStatusBar( 1119): disable: < expand icons alerts ticker system_info BACK* HOME* RECENT* CLOCK* search >
E/dalvikvm( 6885): Could not find class 'org.apache.harmony.xnet.provider.jsse.SSLParametersImpl', referenced from method com.facebook.ssl.openssl.reflect.SSLSessionTimeoutSetter.<clinit>
W/dalvikvm( 6885): VFY: unable to resolve const-class 13809 (Lorg/apache/harmony/xnet/provider/jsse/SSLParametersImpl;) in Lcom/facebook/ssl/openssl/reflect/SSLSessionTimeoutSetter;
D/dalvikvm( 6885): VFY: replacing opcode 0x1c at 0x000d
W/dalvikvm( 6885): VFY: unable to find class referenced in signature (Lorg/apache/harmony/xnet/provider/jsse/SSLParametersImpl;)
E/dalvikvm( 6885): Could not find class 'org.apache.harmony.xnet.provider.jsse.ClientSessionContext', referenced from method com.facebook.ssl.openssl.reflect.SSLSessionTimeoutSetter.a
W/dalvikvm( 6885): VFY: unable to resolve check-cast 13806 (Lorg/apache/harmony/xnet/provider/jsse/ClientSessionContext;) in Lcom/facebook/ssl/openssl/reflect/SSLSessionTimeoutSetter;
D/dalvikvm( 6885): VFY: replacing opcode 0x1f at 0x0006
W/dalvikvm( 6885): VFY: unable to find class referenced in signature (Lorg/apache/harmony/xnet/provider/jsse/SSLParametersImpl;)
W/dalvikvm( 6885): Unable to resolve superclass of Lcom/facebook/ssl/openssl/TicketEnabledOpenSSLSocketImplWrapper; (11243)
W/dalvikvm( 6885): Link of class 'Lcom/facebook/ssl/openssl/TicketEnabledOpenSSLSocketImplWrapper;' failed
E/dalvikvm( 6885): Could not find class 'com.facebook.ssl.openssl.TicketEnabledOpenSSLSocketImplWrapper', referenced from method com.facebook.ssl.openssl.TicketEnabledOpenSSLSocketFactoryHelper.a
W/dalvikvm( 6885): VFY: unable to resolve new-instance 10681 (Lcom/facebook/ssl/openssl/TicketEnabledOpenSSLSocketImplWrapper;) in Lcom/facebook/ssl/openssl/TicketEnabledOpenSSLSocketFactoryHelper;
D/dalvikvm( 6885): VFY: replacing opcode 0x22 at 0x0000
W/dalvikvm( 6885): Unable to resolve superclass of Lcom/facebook/ssl/openssl/TicketEnabledOpenSSLSocketImplWrapper; (11243)
W/dalvikvm( 6885): Link of class 'Lcom/facebook/ssl/openssl/TicketEnabledOpenSSLSocketImplWrapper;' failed
D/dalvikvm( 6885): DexOpt: unable to opt direct call 0xc22f at 0x08 in Lcom/facebook/ssl/openssl/TicketEnabledOpenSSLSocketFactoryHelper;.a
D/dalvikvm(  275): GC_EXPLICIT freed <1K, 48% free 9011K/17224K, paused 2ms+2ms, total 18ms
D/dalvikvm( 6885): Added shared lib /data/app-lib/com.facebook.katana-1/libfbjni.so 0x41fbaa28
D/dalvikvm( 6885): Trying to load lib /data/app-lib/com.facebook.katana-1/libcares.so 0x41fbaa28
D/dalvikvm( 6885): Added shared lib /data/app-lib/com.facebook.katana-1/libcares.so 0x41fbaa28
D/dalvikvm( 6885): No JNI_OnLoad found in /data/app-lib/com.facebook.katana-1/libcares.so 0x41fbaa28, skipping init
D/dalvikvm( 6885): Trying to load lib /data/app-lib/com.facebook.katana-1/libdouble-conversion.so 0x41fbaa28
D/dalvikvm( 6885): Added shared lib /data/app-lib/com.facebook.katana-1/libdouble-conversion.so 0x41fbaa28
D/dalvikvm( 6885): No JNI_OnLoad found in /data/app-lib/com.facebook.katana-1/libdouble-conversion.so 0x41fbaa28, skipping init
D/dalvikvm( 6885): Trying to load lib /data/app-lib/com.facebook.katana-1/libevent.so 0x41fbaa28
D/dalvikvm( 6885): Added shared lib /data/app-lib/com.facebook.katana-1/libevent.so 0x41fbaa28
D/dalvikvm( 6885): No JNI_OnLoad found in /data/app-lib/com.facebook.katana-1/libevent.so 0x41fbaa28, skipping init
D/dalvikvm( 6885): Trying to load lib /data/app-lib/com.facebook.katana-1/libliger.so 0x41fbaa28
D/dalvikvm( 6885): Added shared lib /data/app-lib/com.facebook.katana-1/libliger.so 0x41fbaa28
W/ContextImpl( 1295): Calling a method in the system process without a qualified user: android.app.ContextImpl.startService:1608 android.content.ContextWrapper.startService:494 android.content.ContextWrapper.startService:494 com.motorola.motocare.internal.batterystats.BatteryStatsAction.onReceive:33 android.app.ActivityThread.handleReceiver:2434 
W/fb4a(:<default>):AbstractMqttPushService( 6885): Attempt to start service that is already started
D/dalvikvm( 6885): Trying to load lib /data/app-lib/com.facebook.katana-1/libheartbleed.so 0x41fbaa28
D/dalvikvm( 6885): Added shared lib /data/app-lib/com.facebook.katana-1/libheartbleed.so 0x41fbaa28
I/ActivityManager( 1025): Process com.devexpert.weather (pid 7037) has died.
D/dalvikvm( 1295): GC_CONCURRENT freed 1602K, 44% free 9793K/17224K, paused 2ms+2ms, total 19ms
D/dalvikvm( 1295): WAIT_FOR_CONCURRENT_GC blocked 16ms
D/dalvikvm( 2458): GC_CONCURRENT freed 1914K, 45% free 9641K/17224K, paused 2ms+2ms, total 21ms
D/WifiStateMachine( 1025): handleMessage: E msg.what=131155
D/WifiStateMachine( 1025): processMsg: ConnectedState
D/WifiStateMachine( 1025): processMsg: L2ConnectedState
D/WifiStateMachine( 1025): handleMessage: X
I/AKMD2   (  289): Compass Closed.
I/AKMD2   (  289): Compass Opened.
I/ThermalEngine(  286): Sensor:tmp108:27000 mC
I/AKMD2   (  289): Compass Closed.
I/AKMD2   (  289): Compass Opened.
V/AlarmManager( 1025): sending alarm Alarm{42ae3640 type 3 android}
I/ThermalEngine(  286): Sensor:tmp108:27000 mC
I/AKMD2   (  289): Compass Closed.
I/AKMD2   (  289): Compass Opened.
W/ContextImpl( 1295): Calling a method in the system process without a qualified user: android.app.ContextImpl.startService:1608 android.content.ContextWrapper.startService:494 android.content.ContextWrapper.startService:494 com.motorola.motocare.internal.batterystats.BatteryStatsAction.onReceive:33 android.app.ActivityThread.handleReceiver:2434 
D/dalvikvm( 1295): GC_CONCURRENT freed 2182K, 45% free 9620K/17224K, paused 1ms+3ms, total 22ms
W/BroadcastQueue( 1025): Permission Denial: broadcasting Intent { act=android.net.conn.INET_CONDITION_ACTION flg=0x4000010 (has extras) } from null (pid=-1, uid=-1) requires com.facebook.permission.prod.FB_APP_COMMUNICATION due to registered receiver BroadcastFilter{42b4a718 u0 ReceiverList{427f64c8 6885 com.facebook.katana/10110/u0 remote:42178e18}}
W/BroadcastQueue( 1025): Permission Denial: broadcasting Intent { act=android.net.conn.CONNECTIVITY_CHANGE flg=0x4000010 (has extras) } from null (pid=-1, uid=-1) requires com.facebook.permission.prod.FB_APP_COMMUNICATION due to registered receiver BroadcastFilter{42b4a718 u0 ReceiverList{427f64c8 6885 com.facebook.katana/10110/u0 remote:42178e18}}
W/dalvikvm( 6885): Unable to resolve superclass of Lcom/facebook/push/adm/ADMBroadcastReceiver; (505)
W/dalvikvm( 6885): Link of class 'Lcom/facebook/push/adm/ADMBroadcastReceiver;' failed
E/dalvikvm( 6885): Could not find class 'com.facebook.push.adm.ADMBroadcastReceiver', referenced from method com.facebook.push.adm.ADMPushManager.b
W/dalvikvm( 6885): VFY: unable to resolve const-class 8355 (Lcom/facebook/push/adm/ADMBroadcastReceiver;) in Lcom/facebook/push/adm/ADMPushManager;
D/dalvikvm( 6885): VFY: replacing opcode 0x1c at 0x000e
I/AKMD2   (  289): Compass Closed.
I/AKMD2   (  289): Compass Opened.
V/AlarmManager( 1025): sending alarm Alarm{42905a18 type 2 com.facebook.katana}
V/AlarmManager( 1025): sending alarm Alarm{42903548 type 3 com.devexpert.weather}
V/AlarmManager( 1025): sending alarm Alarm{429034c8 type 2 com.google.android.gms}
V/AlarmManager( 1025): sending alarm Alarm{42902528 type 2 com.android.phone}
I/ActivityManager( 1025): Start proc com.devexpert.weather for broadcast com.devexpert.weather/.view.WidgetWeather2x1: pid=7112 uid=10112 gids={50112, 3003, 1028, 1015}
W/fb4a(:<default>):AbstractMqttPushService( 6885): Attempt to start service that is already started
W/fb4a(:<default>):AbstractMqttPushService( 6885): Attempt to start service that is already started
D/dalvikvm( 6885): GC_CONCURRENT freed 4140K, 25% free 12998K/17224K, paused 10ms+8ms, total 65ms
I/ActivityManager( 1025): Process com.devexpert.weather (pid 7112) has died.
I/ThermalEngine(  286): Sensor:tmp108:27000 mC
I/AKMD2   (  289): Compass Closed.
I/AKMD2   (  289): Compass Opened.
V/AlarmManager( 1025): sending alarm Alarm{42034b20 type 3 android}
W/BroadcastQueue( 1025): Permission Denial: broadcasting Intent { act=android.net.conn.CONNECTIVITY_CHANGE flg=0x4000010 (has extras) } from null (pid=-1, uid=-1) requires com.facebook.permission.prod.FB_APP_COMMUNICATION due to registered receiver BroadcastFilter{4288b590 u0 ReceiverList{42276800 6885 com.facebook.katana/10110/u0 remote:425b0448}}
I/MDMCTBK (  273): NetlinkHandler, power_supply subsys
I/MDMCTBK (  273): NetlinkHandler, usbChargerStateChanged
I/MDMCTBK (  273): checkDefaultInst, current pid is = 273
I/MDMCTBK (  273): checkDefaultInst, pid match
I/MDMCTBK (  273): MdmCutbackHndler,readFromFile = /sys/class/power_supply/usb/online
I/MDMCTBK (  273): MdmCutbackHndler,readFromFile = 
E/MDMCTBK (  273): MdmCutbackHndler,Could not open ''
I/MDMCTBK (  273): NetlinkHandler, power_supply subsys
I/MDMCTBK (  273): NetlinkHandler, usbChargerStateChanged
I/MDMCTBK (  273): checkDefaultInst, current pid is = 273
I/MDMCTBK (  273): checkDefaultInst, pid match
I/MDMCTBK (  273): MdmCutbackHndler,readFromFile = /sys/class/power_supply/usb/online
I/MDMCTBK (  273): MdmCutbackHndler,readFromFile = 
E/MDMCTBK (  273): MdmCutbackHndler,Could not open ''
I/AKMD2   (  289): Compass Closed.
I/AKMD2   (  289): Compass Opened.
D/GcOptimizer( 6885): Configure for next cold start: enable
I/KInfoc  (13986): Auto Post
D/KInfoc  (13986): clear batch timer
D/KInfoc  (13986): set batch timer
D/KInfoc  (13986):  BATCH REPORTER STARTED ........
I/ThermalEngine(  286): Sensor:tmp108:26000 mC
I/AKMD2   (  289): Compass Closed.
I/AKMD2   (  289): Compass Opened.
I/ThermalEngine(  286): Sensor:tmp108:26000 mC
I/AKMD2   (  289): Compass Closed.
V/AlarmManager( 1025): sending alarm Alarm{420318d8 type 2 com.google.android.gms}
V/AlarmManager( 1025): sending alarm Alarm{4202f600 type 3 com.devexpert.weather}
I/ActivityManager( 1025): Start proc com.devexpert.weather for broadcast com.devexpert.weather/.view.WidgetWeather2x1: pid=7217 uid=10112 gids={50112, 3003, 1028, 1015}
I/AKMD2   (  289): Compass Opened.
D/GCM     (31010): Message class com.google.f.a.a.i
I/ThermalEngine(  286): Sensor:tmp108:26000 mC
I/AKMD2   (  289): Compass Closed.
I/AKMD2   (  289): Compass Opened.
I/ActivityManager( 1025): Process com.devexpert.weather (pid 7217) has died.
I/ThermalEngine(  286): Sensor:tmp108:26000 mC
I/rmt_storage(  435): rmt_storage_connect_cb: clnt_h=0x7b7 conn_h=0xb6f751d0
I/rmt_storage(  435): rmt_storage_rw_iovec_cb: /boot/modem_fs2: clnt_h=0x2: req_h=0x7bb msg_id=3: R/W request received
I/rmt_storage(  435): wakelock acquired: 1, error no: 42
I/rmt_storage(  435): rmt_storage_client_thread: /boot/modem_fs2: clnt_h=0x2 Unblock worker thread (th_id: -1225305544)
I/AKMD2   (  289): Compass Closed.
I/AKMD2   (  289): Compass Opened.
D/ConnectivityService( 1025): handleInetConditionHoldEnd: net=1, condition=100, published condition=100
I/ModemStatsDSDetect( 1327): onReceive() -Intent { act=android.net.conn.INET_CONDITION_ACTION flg=0x4000010 (has extras) }
I/SBar.NetworkController( 1119): onReceive: ConnectivityManager.INET_CONDITION_ACTION Received
I/ModemStatsDSDetect( 1327): INET_CONDITION=100 ,activeNet=NetworkInfo: type: WIFI[], state: CONNECTED/CONNECTED, reason: (unspecified), extra: "Moulin Rouge", roaming: false, failover: false, isAvailable: true, isConnectedToProvisioningNetwork: false
I/ModemStatsDSDetect( 1327): onReceive() - done, currentInetCondition=100
I/SBar.NetworkController( 1119): updateConnectivity: NetworkInfo: NetworkInfo: type: WIFI[], state: CONNECTED/CONNECTED, reason: (unspecified), extra: "Moulin Rouge", roaming: false, failover: false, isAvailable: true, isConnectedToProvisioningNetwork: false, inetCondition= 1
I/rmt_storage(  435): rmt_storage_client_thread: /boot/modem_fs2: clnt_h=0x2: req_h=0x7bb msg_id=3: Bytes written = 1572864
I/rmt_storage(  435): rmt_storage_client_thread: /boot/modem_fs2: clnt_h=0x2: req_h=0x7bb msg_id=3: Send response: res=0 err=0
I/rmt_storage(  435): rmt_storage_client_thread: /boot/modem_fs2: clnt_h=0x2 About to block rmt_storage client thread (th_id: -1225305544) wakelock released: 1, error no: 0
I/rmt_storage(  435): 
I/rmt_storage(  435): rmt_storage_disconnect_cb: clnt_h=0x0x7b7 conn_h=0x0xb6f751d0
I/ActivityManager( 1025): Start proc com.facebook.orca for content provider com.facebook.orca/.notify.MessengerLoggedInUserProvider: pid=7305 uid=10147 gids={50147, 3003, 1028, 1015}
D/dalvikvm( 6885): GC_EXPLICIT freed 5956K, 31% free 13614K/19620K, paused 4ms+6ms, total 64ms
D/ACRA    ( 7305): ACRA is enabled for com.facebook.orca, intializing...
D/ACRA    ( 7305): Looking for error files in /data/user/0/com.facebook.orca/app_acra-reports
D/ACRA    ( 7305): Looking for error files in /data/user/0/com.facebook.orca/app_minidumps
D/dalvikvm( 7305): Trying to load lib /data/app-lib/com.facebook.orca-2/libgnustl_shared.so 0x41fad6b0
I/ActivityManager( 1025): Process com.google.android.gms.wearable (pid 5155) has died.
W/ActivityManager( 1025): Scheduling restart of crashed service com.google.android.gms/.wearable.service.WearableService in 42320ms
D/dalvikvm( 7305): Added shared lib /data/app-lib/com.facebook.orca-2/libgnustl_shared.so 0x41fad6b0
D/dalvikvm( 7305): No JNI_OnLoad found in /data/app-lib/com.facebook.orca-2/libgnustl_shared.so 0x41fad6b0, skipping init
D/dalvikvm( 7305): Trying to load lib /data/app-lib/com.facebook.orca-2/libfb_breakpad_client.so 0x41fad6b0
D/dalvikvm( 7305): Added shared lib /data/app-lib/com.facebook.orca-2/libfb_breakpad_client.so 0x41fad6b0
D/dalvikvm( 7305): Trying to load lib /data/app-lib/com.facebook.orca-2/libfb_dalvik-internals.so 0x41fad6b0
D/dalvikvm( 7305): Added shared lib /data/app-lib/com.facebook.orca-2/libfb_dalvik-internals.so 0x41fad6b0
V/DexLibLoader( 7305): about to lock: /data/user/0/com.facebook.orca/mdex_lock
V/DexLibLoader( 7305): locking /data/user/0/com.facebook.orca/mdex_lock took 11 ms
I/ActivityManager( 1025): Process com.google.android.gms (pid 14622) has died.
W/ActivityManager( 1025): Scheduling restart of crashed service com.google.android.gms/.analytics.service.AnalyticsService in 1000ms
D/WifiService( 1025): Client connection lost with reason: 4
V/DexLibLoader( 7305): Secondary program dex metadata: secondary-1.dex.jar 790183d1fb728678b0d8546ed8e9eaef90404089 secondary.dex01.Canary
V/DexLibLoader( 7305): Secondary program dex metadata: secondary-2.dex.jar 03b795797c6ded9e8b3df575980b7d37d9ca8dad secondary.dex02.Canary
V/DexLibLoader( 7305): Secondary program dex metadata: secondary-3.dex.jar 5ccf73e2daa6156653af1c6485ad6053f38846b9 secondary.dex03.Canary
V/DexLibLoader( 7305): directory "/data/user/0/com.facebook.orca/app_secondary_program_dex" contains "program-790183d1fb728678b0d8546ed8e9eaef904040896661a1c7.dex.jar" as expected
V/DexLibLoader( 7305): directory "/data/user/0/com.facebook.orca/app_secondary_program_dex" contains "program-03b795797c6ded9e8b3df575980b7d37d9ca8dad6661a1c7.dex.jar" as expected
V/DexLibLoader( 7305): directory "/data/user/0/com.facebook.orca/app_secondary_program_dex" contains "program-5ccf73e2daa6156653af1c6485ad6053f38846b96661a1c7.dex.jar" as expected
D/DexLibLoader( 7305): ignoring file "program-790183d1fb728678b0d8546ed8e9eaef904040896661a1c7.dex.odex" in "/data/user/0/com.facebook.orca/app_secondary_program_dex"
D/DexLibLoader( 7305): ignoring file "program-03b795797c6ded9e8b3df575980b7d37d9ca8dad6661a1c7.dex.odex" in "/data/user/0/com.facebook.orca/app_secondary_program_dex"
D/DexLibLoader( 7305): ignoring file "program-5ccf73e2daa6156653af1c6485ad6053f38846b96661a1c7.dex.odex" in "/data/user/0/com.facebook.orca/app_secondary_program_dex"
D/DexLibLoader( 7305): directory "/data/user/0/com.facebook.orca/app_secondary_program_dex" is valid
D/DexLibLoader( 7305): ignoring file "primary_deps" in "/data/user/0/com.facebook.orca/app_secondary_program_dex_opt"
V/DexLibLoader( 7305): directory "/data/user/0/com.facebook.orca/app_secondary_program_dex_opt" contains "program-790183d1fb728678b0d8546ed8e9eaef904040896661a1c7.dex.dex" as expected
V/DexLibLoader( 7305): directory "/data/user/0/com.facebook.orca/app_secondary_program_dex_opt" contains "program-03b795797c6ded9e8b3df575980b7d37d9ca8dad6661a1c7.dex.dex" as expected
V/DexLibLoader( 7305): directory "/data/user/0/com.facebook.orca/app_secondary_program_dex_opt" contains "program-5ccf73e2daa6156653af1c6485ad6053f38846b96661a1c7.dex.dex" as expected
D/DexLibLoader( 7305): directory "/data/user/0/com.facebook.orca/app_secondary_program_dex_opt" is valid
D/DexLibLoader( 7305): loading pre-built cross-dex opt odex files
V/dalvik-internals( 7305): hooked dvmResolveClass using jump ()
V/dalvik-internals( 7305): hooked dvmFlushBreakpoints using jump ()
V/MultiDexClassLoader( 7305): installing MultiDexClassLoader before application classloader
I/dalvikvm( 7305): Could not find method dalvik.system.DexFile.loadClassBinaryName, referenced from method com.facebook.common.l.g.a
W/dalvikvm( 7305): VFY: unable to resolve virtual method 1453: Ldalvik/system/DexFile;.loadClassBinaryName (Ljava/lang/String;Ljava/lang/ClassLoader;)Ljava/lang/Class;
D/dalvikvm( 7305): VFY: replacing opcode 0x6e at 0x0000
I/ActivityManager( 1025): Process com.bambuna.podcastaddict (pid 510) has died.
W/ActivityManager( 1025): Scheduling restart of crashed service com.bambuna.podcastaddict/.service.PodcastAddictService in 10869ms
D/DexLibLoader( 7305): released odex store lock
D/DexLibLoader( 7305): DexLibLoader.loadAll took 177 ms
I/ActivityManager( 1025): Process com.rhmsoft.fm:service (pid 13986) has died.
W/ActivityManager( 1025): Scheduling restart of crashed service com.rhmsoft.fm/com.cleanmaster.fm.service.BackgroundService in 20769ms
D/dalvikvm(27213): GC_CONCURRENT freed 1620K, 43% free 11782K/20348K, paused 2ms+7ms, total 39ms
W/bp      ( 7305): Verify
E/dalvikvm( 7305): Could not find class 'org.apache.harmony.xnet.provider.jsse.OpenSSLSocketImpl', referenced from method com.facebook.ssl.openssl.a.b.<clinit>
W/dalvikvm( 7305): VFY: unable to resolve const-class 10658 (Lorg/apache/harmony/xnet/provider/jsse/OpenSSLSocketImpl;) in Lcom/facebook/ssl/openssl/a/b;
D/dalvikvm( 7305): VFY: replacing opcode 0x1c at 0x000d
E/dalvikvm( 7305): Could not find class 'org.apache.harmony.xnet.provider.jsse.OpenSSLSocketFactoryImpl', referenced from method com.facebook.ssl.openssl.b.b.<clinit>
W/dalvikvm( 7305): VFY: unable to resolve const-class 10657 (Lorg/apache/harmony/xnet/provider/jsse/OpenSSLSocketFactoryImpl;) in Lcom/facebook/ssl/openssl/b/b;
D/dalvikvm( 7305): VFY: replacing opcode 0x1c at 0x000d
E/dalvikvm( 7305): Could not find class 'org.apache.harmony.xnet.provider.jsse.SSLParametersImpl', referenced from method com.facebook.ssl.openssl.b.b.a
W/dalvikvm( 7305): VFY: unable to resolve check-cast 10660 (Lorg/apache/harmony/xnet/provider/jsse/SSLParametersImpl;) in Lcom/facebook/ssl/openssl/b/b;
D/dalvikvm( 7305): VFY: replacing opcode 0x1f at 0x0006
E/dalvikvm( 7305): Could not find class 'org.apache.harmony.xnet.provider.jsse.SSLParametersImpl', referenced from method com.facebook.ssl.openssl.b.c.<clinit>
W/dalvikvm( 7305): VFY: unable to resolve const-class 10660 (Lorg/apache/harmony/xnet/provider/jsse/SSLParametersImpl;) in Lcom/facebook/ssl/openssl/b/c;
D/dalvikvm( 7305): VFY: replacing opcode 0x1c at 0x000d
W/dalvikvm( 7305): VFY: unable to find class referenced in signature (Lorg/apache/harmony/xnet/provider/jsse/SSLParametersImpl;)
E/dalvikvm( 7305): Could not find class 'org.apache.harmony.xnet.provider.jsse.ClientSessionContext', referenced from method com.facebook.ssl.openssl.b.c.a
W/dalvikvm( 7305): VFY: unable to resolve check-cast 10656 (Lorg/apache/harmony/xnet/provider/jsse/ClientSessionContext;) in Lcom/facebook/ssl/openssl/b/c;
D/dalvikvm( 7305): VFY: replacing opcode 0x1f at 0x0006
W/dalvikvm( 7305): VFY: unable to find class referenced in signature (Lorg/apache/harmony/xnet/provider/jsse/SSLParametersImpl;)
W/dalvikvm( 7305): Unable to resolve superclass of Lcom/facebook/ssl/openssl/TicketEnabledOpenSSLSocketImplWrapper; (10659)
W/dalvikvm( 7305): Link of class 'Lcom/facebook/ssl/openssl/TicketEnabledOpenSSLSocketImplWrapper;' failed
E/dalvikvm( 7305): Could not find class 'com.facebook.ssl.openssl.TicketEnabledOpenSSLSocketImplWrapper', referenced from method com.facebook.ssl.openssl.b.a
W/dalvikvm( 7305): VFY: unable to resolve new-instance 7258 (Lcom/facebook/ssl/openssl/TicketEnabledOpenSSLSocketImplWrapper;) in Lcom/facebook/ssl/openssl/b;
D/dalvikvm( 7305): VFY: replacing opcode 0x22 at 0x0000
W/dalvikvm( 7305): Unable to resolve superclass of Lcom/facebook/ssl/openssl/TicketEnabledOpenSSLSocketImplWrapper; (10659)
W/dalvikvm( 7305): Link of class 'Lcom/facebook/ssl/openssl/TicketEnabledOpenSSLSocketImplWrapper;' failed
D/dalvikvm( 7305): DexOpt: unable to opt direct call 0x9f40 at 0x08 in Lcom/facebook/ssl/openssl/b;.a
D/dalvikvm( 1025): GC_EXPLICIT freed 1764K, 39% free 31130K/50444K, paused 5ms+16ms, total 169ms
W/msgr(:<default>):a( 7305): Attempt to start service that is already started
D/dalvikvm( 7305): Trying to load lib /data/app-lib/com.facebook.orca-2/libfbjni.so 0x41fad6b0
I/ActivityManager( 1025): Start proc com.google.android.gms for service com.google.android.gms/.analytics.service.AnalyticsService: pid=7970 uid=10022 gids={50022, 3003, 1007, 1028, 1015, 3002, 3001, 3007, 2001, 3006}
D/dalvikvm( 7305): Added shared lib /data/app-lib/com.facebook.orca-2/libfbjni.so 0x41fad6b0
D/dalvikvm( 7305): Trying to load lib /data/app-lib/com.facebook.orca-2/libheartbleed.so 0x41fad6b0
D/dalvikvm( 7305): Added shared lib /data/app-lib/com.facebook.orca-2/libheartbleed.so 0x41fad6b0
W/dalvikvm( 7970): VFY: unable to resolve static field 658 (PR_SET_DUMPABLE) in Landroid/system/OsConstants;
D/dalvikvm( 7970): VFY: replacing opcode 0x60 at 0x000b
I/MultiDex( 7970): VM with version 1.6.0 does not have multidex support
I/MultiDex( 7970): install
I/MultiDex( 7970): MultiDexExtractor.load(/data/app/com.google.android.gms-1.apk, false)
I/MultiDex( 7970): loading existing secondary dex files
I/MultiDex( 7970): load found 3 secondary dex files
I/MultiDex( 7970): install done
W/IdleConnectionHandler( 6885): Removing a connection that never existed!
I/ProviderInstaller( 7970): Insert disabled by gate 'gms:security:enable_conscrypt_in_gms_application'
D/GCM     (31010): GcmService start Intent { act=com.google.android.gms.INITIALIZE flg=0x10 pkg=com.google.android.gms cmp=com.google.android.gms/.gcm.GcmService } com.google.android.gms.INITIALIZE
D/AuthorizationBluetoothService(31010): Received GmsCore event: Intent { act=com.google.android.gms.INITIALIZE flg=0x10 pkg=com.google.android.gms cmp=com.google.android.gms/.auth.be.proximity.authorization.bt.AuthorizationBluetoothService$AutoStarter }.
E/AuthorizationBluetoothService(31010): Proximity feature is not enabled.
V/GmsCoreStatsServiceLauncher( 7970): Received broadcast intent Intent { act=com.google.android.gms.INITIALIZE flg=0x10 pkg=com.google.android.gms cmp=com.google.android.gms/.common.stats.GmsCoreStatsServiceLauncher }
I/ActivityManager( 1025): Start proc com.google.android.gms.wearable for service com.google.android.gms/.wearable.service.WearableService: pid=8136 uid=10022 gids={50022, 3003, 1007, 1028, 1015, 3002, 3001, 3007, 2001, 3006}
D/LocationInitializer( 7970): Restart initialization of location
W/dalvikvm( 8136): VFY: unable to resolve static field 658 (PR_SET_DUMPABLE) in Landroid/system/OsConstants;
D/dalvikvm( 8136): VFY: replacing opcode 0x60 at 0x000b
I/MultiDex( 8136): VM with version 1.6.0 does not have multidex support
I/MultiDex( 8136): install
I/MultiDex( 8136): MultiDexExtractor.load(/data/app/com.google.android.gms-1.apk, false)
I/MultiDex( 8136): loading existing secondary dex files
I/MultiDex( 8136): load found 3 secondary dex files
I/MultiDex( 8136): install done
I/ProviderInstaller( 8136): Insert disabled by gate 'gms:security:enable_conscrypt_in_gms_application'
D/GCM     (31010): GcmService start Intent { act=com.google.android.gms.INITIALIZE flg=0x10 pkg=com.google.android.gms cmp=com.google.android.gms/.gcm.GcmService } com.google.android.gms.INITIALIZE
I/dalvikvm( 8136): Could not find method android.os.UserManager.getUserProfiles, referenced from method com.google.android.gms.wearable.service.aa.a
W/dalvikvm( 8136): VFY: unable to resolve virtual method 1178: Landroid/os/UserManager;.getUserProfiles ()Ljava/util/List;
D/dalvikvm( 8136): VFY: replacing opcode 0x6e at 0x0045
D/AuthorizationBluetoothService(31010): Received GmsCore event: Intent { act=com.google.android.gms.INITIALIZE flg=0x10 pkg=com.google.android.gms cmp=com.google.android.gms/.auth.be.proximity.authorization.bt.AuthorizationBluetoothService$AutoStarter }.
E/AuthorizationBluetoothService(31010): Proximity feature is not enabled.
V/GmsCoreStatsServiceLauncher( 7970): Received broadcast intent Intent { act=com.google.android.gms.INITIALIZE flg=0x10 pkg=com.google.android.gms cmp=com.google.android.gms/.common.stats.GmsCoreStatsServiceLauncher }
D/LocationInitializer( 7970): Restart initialization of location
D/dalvikvm(27213): GC_EXPLICIT freed 1423K, 42% free 11867K/20348K, paused 3ms+6ms, total 48ms
I/dalvikvm( 6885): Jit: resizing JitTable from 4096 to 8192
E/dalvikvm( 8136): Could not find class 'android.telecom.TelecomManager', referenced from method com.google.android.gms.wearable.service.o.a
W/dalvikvm( 8136): VFY: unable to resolve check-cast 461 (Landroid/telecom/TelecomManager;) in Lcom/google/android/gms/wearable/service/o;
D/dalvikvm( 8136): VFY: replacing opcode 0x1f at 0x0056
W/dalvikvm( 8136): VFY: unable to find class referenced in signature (Landroid/telecom/TelecomManager;)
I/dalvikvm( 8136): Could not find method android.content.pm.PackageManager.getPackageInstaller, referenced from method com.google.android.gms.common.ff.a
W/dalvikvm( 8136): VFY: unable to resolve virtual method 479: Landroid/content/pm/PackageManager;.getPackageInstaller ()Landroid/content/pm/PackageInstaller;
D/dalvikvm( 8136): VFY: replacing opcode 0x6e at 0x000d
E/MDM     (31342): [421073] b.run: Couldn't connect to Google API client: ConnectionResult{statusCode=API_UNAVAILABLE, resolution=null}
E/MDM     (31342): [421073] b.run: Couldn't connect to Google API client: ConnectionResult{statusCode=API_UNAVAILABLE, resolution=null}
D/dalvikvm(27213): GC_EXPLICIT freed 861K, 43% free 11739K/20348K, paused 2ms+5ms, total 36ms
D/dalvikvm(27213): GC_EXPLICIT freed 724K, 43% free 11748K/20348K, paused 3ms+5ms, total 37ms
W/IdleConnectionHandler( 6885): Removing a connection that never existed!
W/IdleConnectionHandler( 6885): Removing a connection that never existed!
I/AKMD2   (  289): Compass Closed.
I/AKMD2   (  289): Compass Opened.
I/ThermalEngine(  286): Sensor:tmp108:27000 mC
I/AKMD2   (  289): Compass Closed.
I/AKMD2   (  289): Compass Opened.
V/AlarmManager( 1025): sending alarm Alarm{434a8c00 type 3 android}
W/BroadcastQueue( 1025): Permission Denial: broadcasting Intent { act=android.net.conn.INET_CONDITION_ACTION flg=0x4000010 (has extras) } from null (pid=-1, uid=-1) requires com.facebook.permission.prod.FB_APP_COMMUNICATION due to registered receiver BroadcastFilter{42c57bf0 u0 ReceiverList{42d20458 7305 com.facebook.orca/10147/u0 remote:42129518}}
W/BroadcastQueue( 1025): Permission Denial: broadcasting Intent { act=android.net.conn.CONNECTIVITY_CHANGE flg=0x4000010 (has extras) } from null (pid=-1, uid=-1) requires com.facebook.permission.prod.FB_APP_COMMUNICATION due to registered receiver BroadcastFilter{42c57bf0 u0 ReceiverList{42d20458 7305 com.facebook.orca/10147/u0 remote:42129518}}
W/dalvikvm( 7305): Unable to resolve superclass of Lcom/facebook/push/adm/ADMBroadcastReceiver; (566)
W/dalvikvm( 7305): Link of class 'Lcom/facebook/push/adm/ADMBroadcastReceiver;' failed
E/dalvikvm( 7305): Could not find class 'com.facebook.push.adm.ADMBroadcastReceiver', referenced from method com.facebook.push.adm.a.b
W/dalvikvm( 7305): VFY: unable to resolve const-class 6907 (Lcom/facebook/push/adm/ADMBroadcastReceiver;) in Lcom/facebook/push/adm/a;
D/dalvikvm( 7305): VFY: replacing opcode 0x1c at 0x000e
I/AKMD2   (  289): Compass Closed.
I/AKMD2   (  289): Compass Opened.
V/AlarmManager( 1025): sending alarm Alarm{42fcd900 type 2 com.facebook.orca}
V/AlarmManager( 1025): sending alarm Alarm{42fc40c0 type 2 com.whatsapp}
V/AlarmManager( 1025): sending alarm Alarm{42fc37d0 type 3 com.devexpert.weather}
V/AlarmManager( 1025): sending alarm Alarm{42fbed78 type 0 com.viber.voip}
I/ActivityManager( 1025): Start proc com.devexpert.weather for broadcast com.devexpert.weather/.view.WidgetWeather2x1: pid=8676 uid=10112 gids={50112, 3003, 1028, 1015}
W/msgr(:<default>):a( 7305): Attempt to start service that is already started
W/msgr(:<default>):a( 7305): Attempt to start service that is already started
W/BroadcastQueue( 1025): Permission Denial: broadcasting Intent { act=android.net.conn.CONNECTIVITY_CHANGE flg=0x4000010 (has extras) } from null (pid=-1, uid=-1) requires com.facebook.permission.prod.FB_APP_COMMUNICATION due to registered receiver BroadcastFilter{42aa9118 u0 ReceiverList{42c16d30 7305 com.facebook.orca/10147/u0 remote:429188c8}}
I/AKMD2   (  289): Compass Closed.
I/AKMD2   (  289): Compass Opened.
I/AKMD2   (  289): Compass Closed.
I/AKMD2   (  289): Compass Opened.
I/ActivityManager( 1025): Process com.devexpert.weather (pid 8676) has died.
I/AKMD2   (  289): Compass Closed.
I/AKMD2   (  289): Compass Opened.
I/ThermalEngine(  286): Sensor:tmp108:27000 mC
I/AKMD2   (  289): Compass Closed.
I/AKMD2   (  289): Compass Opened.
V/AlarmManager( 1025): sending alarm Alarm{429eaf88 type 3 android}
V/AlarmManager( 1025): sending alarm Alarm{429e8a80 type 3 com.devexpert.weather}
V/AlarmManager( 1025): sending alarm Alarm{429e8748 type 2 com.whatsapp}
I/ActivityManager( 1025): Start proc com.devexpert.weather for broadcast com.devexpert.weather/.view.WidgetWeather2x1: pid=8747 uid=10112 gids={50112, 3003, 1028, 1015}
I/ThermalEngine(  286): Sensor:tmp108:27000 mC
I/AKMD2   (  289): Compass Closed.
I/AKMD2   (  289): Compass Opened.
I/ActivityManager( 1025): Process com.devexpert.weather (pid 8747) has died.
I/AKMD2   (  289): Compass Closed.
I/ThermalEngine(  286): Sensor:tmp108:25000 mC
I/AKMD2   (  289): Compass Opened.
V/AlarmManager( 1025): sending alarm Alarm{428707d8 type 3 android}
V/AlarmManager( 1025): sending alarm Alarm{42881dd0 type 3 com.devexpert.weather}
I/ActivityManager( 1025): Start proc com.devexpert.weather for broadcast com.devexpert.weather/.view.WidgetWeather2x1: pid=8801 uid=10112 gids={50112, 3003, 1028, 1015}
I/MDMCTBK (  273): NetlinkHandler, power_supply subsys
I/MDMCTBK (  273): NetlinkHandler, usbChargerStateChanged
I/MDMCTBK (  273): checkDefaultInst, current pid is = 273
I/MDMCTBK (  273): checkDefaultInst, pid match
I/MDMCTBK (  273): MdmCutbackHndler,readFromFile = /sys/class/power_supply/usb/online
I/MDMCTBK (  273): MdmCutbackHndler,readFromFile = 
E/MDMCTBK (  273): MdmCutbackHndler,Could not open ''
I/dalvikvm( 7970): Could not find method android.os.UserHandle.isOwner, referenced from method com.google.android.gms.icing.service.v.d
W/dalvikvm( 7970): VFY: unable to resolve virtual method 1360: Landroid/os/UserHandle;.isOwner ()Z
D/dalvikvm( 7970): VFY: replacing opcode 0x6e at 0x0018
D/dalvikvm( 7970): Trying to load lib /data/app-lib/com.google.android.gms-1/libAppDataSearch.so 0x41fb3608
I/ActivityManager( 1025): Process com.devexpert.weather (pid 8801) has died.
D/dalvikvm( 7970): Added shared lib /data/app-lib/com.google.android.gms-1/libAppDataSearch.so 0x41fb3608
D/dalvikvm( 7970): No JNI_OnLoad found in /data/app-lib/com.google.android.gms-1/libAppDataSearch.so 0x41fb3608, skipping init
I/MDMCTBK (  273): NetlinkHandler, power_supply subsys
I/MDMCTBK (  273): NetlinkHandler, usbChargerStateChanged
I/MDMCTBK (  273): checkDefaultInst, current pid is = 273
I/MDMCTBK (  273): checkDefaultInst, pid match
I/MDMCTBK (  273): MdmCutbackHndler,readFromFile = /sys/class/power_supply/usb/online
I/MDMCTBK (  273): MdmCutbackHndler,readFromFile = 
E/MDMCTBK (  273): MdmCutbackHndler,Could not open ''
I/ThermalEngine(  286): Sensor:tmp108:25000 mC
V/AlarmManager( 1025): sending alarm Alarm{42868a80 type 3 android}
I/AKMD2   (  289): Compass Closed.
I/AKMD2   (  289): Compass Opened.
I/dalvikvm( 7970): Could not find method android.content.pm.PackageManager.getPackageInstaller, referenced from method com.google.android.gms.common.ff.a
W/dalvikvm( 7970): VFY: unable to resolve virtual method 479: Landroid/content/pm/PackageManager;.getPackageInstaller ()Landroid/content/pm/PackageInstaller;
D/dalvikvm( 7970): VFY: replacing opcode 0x6e at 0x000d
I/Icing   ( 7970): Storage manager: low false usage 4.46MB avail 1.34GB capacity 4.70GB
V/AlarmManager( 1025): sending alarm Alarm{429e5020 type 3 com.whatsapp}
V/AlarmManager( 1025): sending alarm Alarm{429e4738 type 3 android}
V/AlarmManager( 1025): sending alarm Alarm{429e3a70 type 2 com.google.android.gms}
V/AlarmManager( 1025): sending alarm Alarm{429e2568 type 2 com.google.android.gms}
V/AlarmManager( 1025): sending alarm Alarm{429e2068 type 2 com.whatsapp}
V/AlarmManager( 1025): sending alarm Alarm{4286cd90 type 3 com.devexpert.weather}
W/Icing   ( 7970): Received bad json for section weights override -- ignoring.
W/Icing   ( 7970): Received bad json for corpus scoring config -- ignoring.
W/Icing   ( 7970): Received bad json for corpus context scoring override -- ignoring.
I/dalvikvm( 7970): Could not find method android.os.UserHandle.isOwner, referenced from method com.google.android.gms.icing.impl.a.f.a
W/dalvikvm( 7970): VFY: unable to resolve virtual method 1360: Landroid/os/UserHandle;.isOwner ()Z
D/dalvikvm( 7970): VFY: replacing opcode 0x6e at 0x0015
D/WifiService( 1025): Client connection lost with reason: 4
I/ActivityManager( 1025): Process com.facebook.katana (pid 6885) has died.
W/ActivityManager( 1025): Scheduling restart of crashed service com.facebook.katana/com.facebook.push.mqtt.service.MqttPushService in 4194304000ms
W/ActivityManager( 1025): Scheduling restart of crashed service com.facebook.katana/com.facebook.analytics.service.AnalyticsService in 23663ms
D/MobileDataStateTracker( 1025): default: setPolicyDataEnable(enabled=true)
D/WifiService( 1025): acquireWifiLockLocked: WifiLock{NlpWifiLock type=2 binder=android.os.BinderProxy@41feb730}
I/ActivityManager( 1025): Start proc com.devexpert.weather for broadcast com.devexpert.weather/.view.WidgetWeather2x1: pid=8844 uid=10112 gids={50112, 3003, 1028, 1015}
D/GCM     (31010): Message class com.google.f.a.a.i
D/WifiService( 1025): releaseWifiLockLocked: WifiLock{NlpWifiLock type=2 binder=android.os.BinderProxy@41feb730}
I/MDMCTBK (  273): NetlinkHandler, power_supply subsys
I/MDMCTBK (  273): NetlinkHandler, usbChargerStateChanged
I/MDMCTBK (  273): checkDefaultInst, current pid is = 273
I/MDMCTBK (  273): checkDefaultInst, pid match
I/MDMCTBK (  273): MdmCutbackHndler,readFromFile = /sys/class/power_supply/usb/online
I/MDMCTBK (  273): MdmCutbackHndler,readFromFile = 
E/MDMCTBK (  273): MdmCutbackHndler,Could not open ''
I/MDMCTBK (  273): NetlinkHandler, power_supply subsys
I/MDMCTBK (  273): NetlinkHandler, usbChargerStateChanged
I/MDMCTBK (  273): checkDefaultInst, current pid is = 273
I/MDMCTBK (  273): checkDefaultInst, pid match
I/MDMCTBK (  273): MdmCutbackHndler,readFromFile = /sys/class/power_supply/usb/online
I/MDMCTBK (  273): MdmCutbackHndler,readFromFile = 
E/MDMCTBK (  273): MdmCutbackHndler,Could not open ''
I/dalvikvm( 7970): Total arena pages for JIT: 11
I/dalvikvm( 7970): Total arena pages for JIT: 12
I/dalvikvm( 7970): Total arena pages for JIT: 13
I/dalvikvm( 7970): Total arena pages for JIT: 14
I/Icing   ( 7970): updateResources: need to parse e{com.google.android.gms}
D/ConnectivityService( 1025): handleInetConditionHoldEnd: net=1, condition=100, published condition=100
I/ModemStatsDSDetect( 1327): onReceive() -Intent { act=android.net.conn.INET_CONDITION_ACTION flg=0x4000010 (has extras) }
I/SBar.NetworkController( 1119): onReceive: ConnectivityManager.INET_CONDITION_ACTION Received
I/ModemStatsDSDetect( 1327): INET_CONDITION=100 ,activeNet=NetworkInfo: type: WIFI[], state: CONNECTED/CONNECTED, reason: (unspecified), extra: "Moulin Rouge", roaming: false, failover: false, isAvailable: true, isConnectedToProvisioningNetwork: false
I/ModemStatsDSDetect( 1327): onReceive() - done, currentInetCondition=100
I/SBar.NetworkController( 1119): updateConnectivity: NetworkInfo: NetworkInfo: type: WIFI[], state: CONNECTED/CONNECTED, reason: (unspecified), extra: "Moulin Rouge", roaming: false, failover: false, isAvailable: true, isConnectedToProvisioningNetwork: false, inetCondition= 1
I/Icing   ( 7970): Internal init done: storage state 0
I/Icing   ( 7970): Post-init done
I/ThermalEngine(  286): Sensor:tmp108:25000 mC
V/AlarmManager( 1025): sending alarm Alarm{42b450f0 type 3 android}
I/AKMD2   (  289): Compass Closed.
I/AKMD2   (  289): Compass Opened.
V/AlarmManager( 1025): sending alarm Alarm{42b3e148 type 3 com.devexpert.weather}
V/AlarmManager( 1025): sending alarm Alarm{42b3b928 type 2 free.reddit.news}
I/ActivityManager( 1025): Start proc free.reddit.news for service free.reddit.news/reddit.news.services.InboxServiceFree: pid=8898 uid=10115 gids={50115, 3003, 1028, 1015}
E/SpannableStringBuilder( 8898): SPAN_EXCLUSIVE_EXCLUSIVE spans cannot have a zero length
E/SpannableStringBuilder( 8898): SPAN_EXCLUSIVE_EXCLUSIVE spans cannot have a zero length
E/SpannableStringBuilder( 8898): SPAN_EXCLUSIVE_EXCLUSIVE spans cannot have a zero length
E/SpannableStringBuilder( 8898): SPAN_EXCLUSIVE_EXCLUSIVE spans cannot have a zero length
E/SpannableStringBuilder( 8898): SPAN_EXCLUSIVE_EXCLUSIVE spans cannot have a zero length
E/SpannableStringBuilder( 8898): SPAN_EXCLUSIVE_EXCLUSIVE spans cannot have a zero length
E/cutils  (  261): Failed to mkdirat(/storage/sdcard1/Android): Read-only file system
W/Vold    (  261): Returning OperationFailed - no handler for errno 30
W/ContextImpl( 8898): Failed to ensure directory: /storage/sdcard1/Android/data/free.reddit.news/cache
I/ActivityManager( 1025): Process com.devexpert.weather (pid 8844) has died.
I/ThermalEngine(  286): Sensor:tmp108:25000 mC
I/AKMD2   (  289): Compass Closed.
I/AKMD2   (  289): Compass Opened.
I/ThermalEngine(  286): Sensor:tmp108:25000 mC
I/AKMD2   (  289): Compass Closed.
I/AKMD2   (  289): Compass Opened.
V/AlarmManager( 1025): sending alarm Alarm{428bc980 type 3 android}
V/AlarmManager( 1025): sending alarm Alarm{42a62c68 type 3 com.devexpert.weather}
I/ActivityManager( 1025): Start proc com.devexpert.weather for broadcast com.devexpert.weather/.view.WidgetWeather2x1: pid=8949 uid=10112 gids={50112, 3003, 1028, 1015}
D/dalvikvm(  275): GC_EXPLICIT freed 43K, 48% free 9011K/17224K, paused 1ms+3ms, total 20ms
D/dalvikvm(  275): GC_EXPLICIT freed <1K, 48% free 9011K/17224K, paused 1ms+3ms, total 46ms
D/dalvikvm(  275): GC_EXPLICIT freed <1K, 48% free 9011K/17224K, paused 1ms+3ms, total 17ms
I/AKMD2   (  289): Compass Closed.
I/AKMD2   (  289): Compass Opened.
I/ThermalEngine(  286): Sensor:tmp108:24000 mC
I/AKMD2   (  289): Compass Closed.
I/AKMD2   (  289): Compass Opened.
I/ThermalEngine(  286): Sensor:tmp108:24000 mC
I/AKMD2   (  289): Compass Closed.
I/AKMD2   (  289): Compass Opened.
V/AlarmManager( 1025): sending alarm Alarm{42b3ab98 type 2 android}
D/ConnectivityService( 1025): Sampling interval elapsed, updating statistics ..
I/ActivityManager( 1025): Process com.devexpert.weather (pid 8949) has died.
V/AlarmManager( 1025): sending alarm Alarm{42b34688 type 2 com.whatsapp}
V/AlarmManager( 1025): sending alarm Alarm{427aef40 type 3 com.devexpert.weather}
V/AlarmManager( 1025): sending alarm Alarm{42b2bb30 type 2 com.google.android.gms}
D/ConnectivityService( 1025): Done.
D/ConnectivityService( 1025): Setting timer for 720seconds
I/dalvikvm( 8898): Total arena pages for JIT: 11
I/ActivityManager( 1025): Start proc com.devexpert.weather for broadcast com.devexpert.weather/.view.WidgetWeather2x1: pid=9025 uid=10112 gids={50112, 3003, 1028, 1015}
I/AKMD2   (  289): Compass Closed.
I/AKMD2   (  289): Compass Opened.
D/GCM     (31010): Message class com.google.f.a.a.i
I/ThermalEngine(  286): Sensor:tmp108:24000 mC
D/ConnectivityService( 1025): handleInetConditionHoldEnd: net=1, condition=100, published condition=100
I/AKMD2   (  289): Compass Closed.
I/AKMD2   (  289): Compass Opened.
I/ActivityManager( 1025): Start proc com.bambuna.podcastaddict for service com.bambuna.podcastaddict/.service.PodcastAddictService: pid=9067 uid=10113 gids={50113, 3003, 1028, 1015, 3002}
I/ModemStatsDSDetect( 1327): onReceive() -Intent { act=android.net.conn.INET_CONDITION_ACTION flg=0x4000010 (has extras) }
I/SBar.NetworkController( 1119): onReceive: ConnectivityManager.INET_CONDITION_ACTION Received
I/SBar.NetworkController( 1119): updateConnectivity: NetworkInfo: NetworkInfo: type: WIFI[], state: CONNECTED/CONNECTED, reason: (unspecified), extra: "Moulin Rouge", roaming: false, failover: false, isAvailable: true, isConnectedToProvisioningNetwork: false, inetCondition= 1
I/ActivityManager( 1025): Process free.reddit.news (pid 8898) has died.
I/ModemStatsDSDetect( 1327): INET_CONDITION=100 ,activeNet=NetworkInfo: type: WIFI[], state: CONNECTED/CONNECTED, reason: (unspecified), extra: "Moulin Rouge", roaming: false, failover: false, isAvailable: true, isConnectedToProvisioningNetwork: false
I/ModemStatsDSDetect( 1327): onReceive() - done, currentInetCondition=100
I/AKMD2   (  289): Compass Closed.
I/AKMD2   (  289): Compass Opened.
I/ActivityManager( 1025): Process com.devexpert.weather (pid 9025) has died.
I/ThermalEngine(  286): Sensor:tmp108:25000 mC
V/AlarmManager( 1025): sending alarm Alarm{42c46b70 type 3 android}
I/AKMD2   (  289): Compass Closed.
I/AKMD2   (  289): Compass Opened.
V/AlarmManager( 1025): sending alarm Alarm{42c43e90 type 3 com.devexpert.weather}
V/AlarmManager( 1025): sending alarm Alarm{42c40198 type 1 com.android.deskclock}
I/ActivityManager( 1025): Start proc com.devexpert.weather for broadcast com.devexpert.weather/.view.WidgetWeather2x1: pid=9111 uid=10112 gids={50112, 3003, 1028, 1015}
I/Fabric  ( 9067): Initializing Crashlytics 2.0.0.15
V/AlarmManager( 1025): sending alarm Alarm{42c3cf80 type 2 com.google.android.talk}
V/AlarmManager( 1025): sending alarm Alarm{42c31d28 type 2 com.google.android.talk}
E/cutils  (  261): Failed to mkdirat(/storage/sdcard1/Android): Read-only file system
W/Vold    (  261): Returning OperationFailed - no handler for errno 30
W/ContextImpl( 9067): Failed to ensure directory: /storage/sdcard1/Android/data/com.bambuna.podcastaddict/files
V/AlarmManager( 1025): sending alarm Alarm{42c23a38 type 2 com.google.android.talk}
W/ServerHelper( 9067): sendServerDataAsync()
V/AlarmManager( 1025): sending alarm Alarm{42c11f70 type 2 com.google.android.talk}
V/AlarmManager( 1025): sending alarm Alarm{42bfa858 type 2 com.google.android.talk}
V/AlarmManager( 1025): sending alarm Alarm{42bed680 type 2 com.whatsapp}
V/AlarmManager( 1025): sending alarm Alarm{42be3700 type 2 com.google.android.gms}
V/AlarmManager( 1025): sending alarm Alarm{42be2bb0 type 0 com.google.android.gms}
V/AlarmManager( 1025): sending alarm Alarm{42bd3660 type 0 com.viber.voip}
V/AlarmManager( 1025): sending alarm Alarm{42bb1938 type 1 com.motorola.motocare}
E/PodcastAddictService( 9067): starting service: #681
I/CleanupHelper( 9067): setupAutoTrashCleanerService()
D/dalvikvm( 1025): GC_EXPLICIT freed 1489K, 39% free 31139K/50444K, paused 10ms+23ms, total 199ms
W/GAV2    ( 9067): Thread[z,1,main]: Need to call initialize() and be in fallback mode to start dispatch.
