D/dalvikvm(14675): No JNI_OnLoad found in /data/app-lib/com.facebook.katana-1/libcares.so 0x41fbb460, skipping init
D/dalvikvm(14675): Trying to load lib /data/app-lib/com.facebook.katana-1/libdouble-conversion.so 0x41fbb460
D/dalvikvm(14675): Added shared lib /data/app-lib/com.facebook.katana-1/libdouble-conversion.so 0x41fbb460
D/dalvikvm(14675): No JNI_OnLoad found in /data/app-lib/com.facebook.katana-1/libdouble-conversion.so 0x41fbb460, skipping init
D/dalvikvm(14675): Trying to load lib /data/app-lib/com.facebook.katana-1/libevent.so 0x41fbb460
D/dalvikvm(14675): Added shared lib /data/app-lib/com.facebook.katana-1/libevent.so 0x41fbb460
D/dalvikvm(14675): No JNI_OnLoad found in /data/app-lib/com.facebook.katana-1/libevent.so 0x41fbb460, skipping init
D/dalvikvm(14675): Trying to load lib /data/app-lib/com.facebook.katana-1/libliger.so 0x41fbb460
D/dalvikvm(14675): Added shared lib /data/app-lib/com.facebook.katana-1/libliger.so 0x41fbb460
W/SyncWapiModule(14773): isPlayServicesEnabled=
W/SyncWapiModule(14773): isPlayServicesEnabled=
D/WifiStateMachine( 1025): handleMessage: E msg.what=151572
D/WifiStateMachine( 1025): processMsg: ConnectedState
D/WifiStateMachine( 1025): processMsg: L2ConnectedState
D/WifiStateMachine( 1025): handleMessage: X
W/GAV2    (14773): Thread[main,5,main]: Need to call initialize() and be in fallback mode to start dispatch.
I/ActivityManager( 1025): Start proc com.motorola.MotGallery2 for broadcast com.motorola.MotGallery2/com.android.gallery3d.app.PackagesMonitor: pid=14822 uid=10034 gids={50034, 3003, 1028, 1015}
W/fb4a(:<default>):AbstractMqttPushService(14675): Attempt to start service that is already started
D/WifiStateMachine( 1025): handleMessage: E msg.what=131155
D/WifiStateMachine( 1025): processMsg: ConnectedState
D/WifiStateMachine( 1025): processMsg: L2ConnectedState
D/WifiStateMachine( 1025): handleMessage: X
I/ActivityManager( 1025): Start proc com.google.android.googlequicksearchbox:search for broadcast com.google.android.googlequicksearchbox/com.google.android.search.core.icingsync.IcingCorporaChangedReceiver: pid=14847 uid=10045 gids={50045, 3003, 3001, 1028, 3002, 1015}
D/dalvikvm(14675): Trying to load lib /data/app-lib/com.facebook.katana-1/libheartbleed.so 0x41fbb460
D/dalvikvm(14675): Added shared lib /data/app-lib/com.facebook.katana-1/libheartbleed.so 0x41fbb460
D/dalvikvm( 9228): GC_EXPLICIT freed 500K, 46% free 9433K/17224K, paused 2ms+7ms, total 57ms
I/ActivityManager( 1025): Process com.motorola.MotGallery2 (pid 14822) has died.
I/ActivityManager( 1025): Start proc com.evernote for broadcast com.evernote/.util.WidgetTracker: pid=14863 uid=10134 gids={50134, 3003, 1028, 1015}
I/UpdateIcingCorporaServi(14847): Updating corpora: APPS=co.giftmeapp.gift_me, CONTACTS=MAYBE
I/MultiDex(14863): VM with version 1.6.0 does not have multidex support
I/MultiDex(14863): install
I/MultiDex(14863): MultiDexExtractor.load(/data/app/com.evernote-1.apk, false)
I/MultiDex(14863): loading existing secondary dex files
I/MultiDex(14863): load found 0 secondary dex files
I/MultiDex(14863): install done
I/ActivityManager( 1025): Start proc com.google.android.partnersetup for content provider com.google.android.partnersetup/.RlzAppProvider: pid=14882 uid=10025 gids={50025, 3003}
I/dalvikvm(14847): Could not find method android.content.pm.PackageManager.getPackageInstaller, referenced from method com.google.android.gms.common.e.p
W/dalvikvm(14847): VFY: unable to resolve virtual method 901: Landroid/content/pm/PackageManager;.getPackageInstaller ()Landroid/content/pm/PackageInstaller;
D/dalvikvm(14847): VFY: replacing opcode 0x6e at 0x000b
W/GAV2    (14773): Thread[main,5,main]: dispatch call queued.  Need to call GAServiceManager.getInstance().initialize().
I/ActivityManager( 1025): Process com.google.android.apps.docs (pid 14773) has died.
D/EN      (14863): MemoryMapAppender.ctor()
D/WifiStateMachine( 1025): handleMessage: E msg.what=151572
D/WifiStateMachine( 1025): processMsg: ConnectedState
D/WifiStateMachine( 1025): processMsg: L2ConnectedState
D/EN      (14863): MemoryMapAppender.ctor-end()
D/EN      (14863): [EvernoteProvider] - Provider+++++onCreate()
D/WifiStateMachine( 1025): handleMessage: X
D/EN      (14863): [d] - AccountManager()::userIds=102703026
D/EN      (14863): [b] - creating new AccountInfo()::userId102703026
D/EN      (14863): [d] - AccountManager()::adding account::102703026::timcallagy
D/EN      (14863): [d] - AccountManager()::count=1
D/EN      (14863): [d] - initialized:
D/EN      (14863): [a] - getInstance()::
D/EN      (14863): [al] - Register SD Card Receiver ++++++++++++++++++++
I/SFPerfTracer(  274):      triggers: (rate: 1129:448965) (341936 sw vsyncs) (1052177 skipped) (49:3346503 vsyncs) (51:4197203)
D/EN      (14863): [al] - checkForRecentUnmount() end
D/EN      (14863): [a] - locale is set=en_GB
D/EN      (14863): [a] - isDBONSDcard()=true
I/EN      (14863): [al] - getSDCardStatus()::mounted::noStorageText=null
D/EN      (14863): [a] - isDBFileChanged()::lastFilePath in pref=/data/data/com.evernote/files/user-102703026/.external-1428259012787-Evernote.db
E/EN      (14863): [a] - isDBFileChanged()::+++++++++lastFilePath exists/data/data/com.evernote/files/user-102703026/.external-1428259012787-Evernote.db
D/EN      (14863): [a] - getInstance()::DBFile NOT Changed
D/EN      (14863): [a] - isDBONSDcard()=true
D/EN      (14863): [a] - moveToSDcard()::start::Evernote.DB_ON_SDCARD=true
D/EN      (14863): [a] - isDBONSDcard()=true
E/EN      (14863): [a] - isLastDBFileOnSDCard()::+++++++++++lastFilePath exists/data/data/com.evernote/files/user-102703026/.external-1428259012787-Evernote.db
D/EN      (14863): [a] - isDBONSDcard()=true
D/EN      (14863): [a] - getDBfilePath()::++++++++++++++++lastFilePath from preferences/data/data/com.evernote/files/user-102703026/.external-1428259012787-Evernote.db
E/EN      (14863): [a] - getDBfilePath()::++++++++++++++++lastFilePath exists/data/data/com.evernote/files/user-102703026/.external-1428259012787-Evernote.db
D/EN      (14863): [EvernoteProvider] - cleanupOldThumbnailsIfNeeded()
I/ReleaseProperties(14863): Current app is: evernote
I/ReleaseProperties(14863): propFile: release is now loaded
I/ApplicationLogger(14847): canRun() : Opted Out
I/UpdateIcingCorporaServi(14847): UpdateCorporaTask done [took 354 ms] updated apps [took 354 ms] 
I/ReleaseProperties(14863): propFile: play is now loaded
I/ReleaseProperties(14863): propFile: base is now loaded
I/ReleaseProperties(14863): propFile: override is now loaded
D/MarketUtils(14863): isPackageInstalled() - com.android.vending is installed
D/MarketUtils(14863): isPackageInstalled() - com.android.vending is installed
D/MarketUtils(14863): isPackageInstalled() - com.android.vending is installed
D/ReleaseProperties(14863): getReferralPersistencePath():: old=false:: path=/storage/emulated/0/.enref
D/MarketUtils(14863): isPackageInstalled() - com.android.vending is installed
I/ReleaseProperties(14863): ReleaseProperties: 
I/ReleaseProperties(14863):   bundleName=google-play
I/ReleaseProperties(14863):   revision=AM_702_524
I/ReleaseProperties(14863):   type=public
I/ReleaseProperties(14863):   gitHash=313f54a11431af98d659728265b72cfcf9ec527e
I/ReleaseProperties(14863):   baseSearchUri=market://search?q=
D/MarketUtils(14863): isPackageInstalled() - com.android.vending is installed
D/MarketUtils(14863): isPackageInstalled() - com.android.vending is installed
I/ReleaseProperties(14863): From file referralCode=android
D/EN      (14863): [a] - isDBONSDcard()=true
D/EN      (14863): [Evernote] - VERSION_CODE: 1070243
D/MarketUtils(14863): isPackageInstalled() - com.android.vending is installed
D/MarketUtils(14863): isPackageInstalled() - com.android.vending is installed
I/dalvikvm(14863): Could not find method android.content.pm.PackageManager.getActivityBanner, referenced from method com.evernote.d.b.getActivityBanner
W/dalvikvm(14863): VFY: unable to resolve virtual method 793: Landroid/content/pm/PackageManager;.getActivityBanner (Landroid/content/ComponentName;)Landroid/graphics/drawable/Drawable;
D/dalvikvm(14863): VFY: replacing opcode 0x6e at 0x0002
I/dalvikvm(14863): Could not find method android.content.pm.PackageManager.getActivityBanner, referenced from method com.evernote.d.b.getActivityBanner
W/dalvikvm(14863): VFY: unable to resolve virtual method 794: Landroid/content/pm/PackageManager;.getActivityBanner (Landroid/content/Intent;)Landroid/graphics/drawable/Drawable;
D/dalvikvm(14863): VFY: replacing opcode 0x6e at 0x0002
I/dalvikvm(14863): Could not find method android.content.pm.PackageManager.getApplicationBanner, referenced from method com.evernote.d.b.getApplicationBanner
W/dalvikvm(14863): VFY: unable to resolve virtual method 801: Landroid/content/pm/PackageManager;.getApplicationBanner (Landroid/content/pm/ApplicationInfo;)Landroid/graphics/drawable/Drawable;
D/dalvikvm(14863): VFY: replacing opcode 0x6e at 0x0002
I/dalvikvm(14863): Could not find method android.content.pm.PackageManager.getApplicationBanner, referenced from method com.evernote.d.b.getApplicationBanner
W/dalvikvm(14863): VFY: unable to resolve virtual method 802: Landroid/content/pm/PackageManager;.getApplicationBanner (Ljava/lang/String;)Landroid/graphics/drawable/Drawable;
D/dalvikvm(14863): VFY: replacing opcode 0x6e at 0x0002
I/dalvikvm(14863): Could not find method android.content.pm.PackageManager.getLeanbackLaunchIntentForPackage, referenced from method com.evernote.d.b.getLeanbackLaunchIntentForPackage
W/dalvikvm(14863): VFY: unable to resolve virtual method 818: Landroid/content/pm/PackageManager;.getLeanbackLaunchIntentForPackage (Ljava/lang/String;)Landroid/content/Intent;
D/dalvikvm(14863): VFY: replacing opcode 0x6e at 0x0002
I/dalvikvm(14863): Could not find method android.content.pm.PackageManager.getPackageInstaller, referenced from method com.evernote.d.b.getPackageInstaller
W/dalvikvm(14863): VFY: unable to resolve virtual method 823: Landroid/content/pm/PackageManager;.getPackageInstaller ()Landroid/content/pm/PackageInstaller;
D/dalvikvm(14863): VFY: replacing opcode 0x6e at 0x0002
I/dalvikvm(14863): Could not find method android.content.pm.PackageManager.getUserBadgedDrawableForDensity, referenced from method com.evernote.d.b.getUserBadgedDrawableForDensity
W/dalvikvm(14863): VFY: unable to resolve virtual method 839: Landroid/content/pm/PackageManager;.getUserBadgedDrawableForDensity (Landroid/graphics/drawable/Drawable;Landroid/os/UserHandle;Landroid/graphics/Rect;I)Landroid/graphics/drawable/Drawable;
D/dalvikvm(14863): VFY: replacing opcode 0x6e at 0x0002
I/dalvikvm(14863): Could not find method android.content.pm.PackageManager.getUserBadgedIcon, referenced from method com.evernote.d.b.getUserBadgedIcon
W/dalvikvm(14863): VFY: unable to resolve virtual method 840: Landroid/content/pm/PackageManager;.getUserBadgedIcon (Landroid/graphics/drawable/Drawable;Landroid/os/UserHandle;)Landroid/graphics/drawable/Drawable;
D/dalvikvm(14863): VFY: replacing opcode 0x6e at 0x0002
I/dalvikvm(14863): Could not find method android.content.pm.PackageManager.getUserBadgedLabel, referenced from method com.evernote.d.b.getUserBadgedLabel
W/dalvikvm(14863): VFY: unable to resolve virtual method 841: Landroid/content/pm/PackageManager;.getUserBadgedLabel (Ljava/lang/CharSequence;Landroid/os/UserHandle;)Ljava/lang/CharSequence;
D/dalvikvm(14863): VFY: replacing opcode 0x6e at 0x0002
D/CordovaLog(14460): file:///android_asset/www/js/ratchet.min.js: Line 10 : Uncaught SyntaxError: Failed to execute 'querySelector' on 'Document': '#give-gift/10152911418808392/156/' is not a valid selector.
I/chromium(14460): [INFO:CONSOLE(10)] "Uncaught SyntaxError: Failed to execute 'querySelector' on 'Document': '#give-gift/10152911418808392/156/' is not a valid selector.", source: file:///android_asset/www/js/ratchet.min.js (10)
I/Crashlytics(14863): Initializing Crashlytics 1.1.8.10
D/MarketUtils(14863): isPackageInstalled() - com.android.vending is installed
I/ActivityManager( 1025): Process com.google.android.googlequicksearchbox:search (pid 14847) has died.
D/HockeyApp(14863): Looking for exceptions in: /data/data/com.evernote/files
D/HockeyApp(14863): Current handler class = com.evernote.k
D/EN      (14863): [ee] - registered crash manager
D/EN      (14863): [c] - onApplicationStart()
D/EN      (14863): [c] - onApplicationStart() -- loader thread
D/EN      (14863): [c] - pushUserIDToDataLayer(), pushing user-id ending in 6
D/MarketUtils(14863): isPackageInstalled() - com.android.vending is installed
D/MarketUtils(14863): isPackageInstalled() - com.android.vending is installed
I/ActivityManager( 1025): Start proc com.evernote.widget for broadcast com.evernote.widget/.WidgetStateReceiver: pid=14925 uid=10135 gids={50135, 3003, 1028, 1015}
I/ActivityManager( 1025): Process com.google.android.partnersetup (pid 14882) has died.
D/EN      (14863): [c] - 	loading saved values from internal storage
I/ReleaseProperties(14925): Current app is: evernoteWidget
I/ReleaseProperties(14925): propFile: release is now loaded
I/ReleaseProperties(14925): propFile: play is now loaded
I/ReleaseProperties(14925): propFile: base is now loaded
I/ReleaseProperties(14925): propFile: override is now loaded
I/ReleaseProperties(14925): ReleaseProperties: 
I/ReleaseProperties(14925):   bundleName=none
I/ReleaseProperties(14925):   revision=unknown
I/ReleaseProperties(14925):   type=development
I/ReleaseProperties(14925):   gitHash=?
I/ReleaseProperties(14925):   baseSearchUri=market://search?q=
D/ReleaseProperties(14925): getReferralPersistencePath():: old=false:: path=/storage/emulated/0/.enref
I/ReleaseProperties(14925): From file referralCode=android
I/ActivityManager( 1025): Process com.evernote (pid 14863) has died.
E/NetworkScheduler.SchedulerReceiver(31010): Invalid parameter app
E/NetworkScheduler.SchedulerReceiver(31010): Invalid package name : Perhaps you didn't include a PendingIntent in the extras?
D/dalvikvm( 1025): GC_EXPLICIT freed 1075K, 39% free 31262K/50444K, paused 6ms+17ms, total 213ms
D/PackageBroadcastService(13180): Received broadcast action=android.intent.action.PACKAGE_REPLACED and uri=co.giftmeapp.gift_me
I/ActivityManager( 1025): Start proc com.google.android.apps.magazines for broadcast com.google.android.apps.magazines/com.google.apps.dots.android.app.receiver.FirstInstallNotificationReceiver: pid=14946 uid=10077 gids={50077, 3003, 1028, 1015}
I/ActivityManager( 1025): Process com.evernote.widget (pid 14925) has died.
I/dalvikvm(14946): Could not find method android.accounts.AccountManager.getPreviousName, referenced from method com.google.apps.dots.android.newsstand.auth.AccountManagerDelegate.getPreviousName
W/dalvikvm(14946): VFY: unable to resolve virtual method 7: Landroid/accounts/AccountManager;.getPreviousName (Landroid/accounts/Account;)Ljava/lang/String;
D/dalvikvm(14946): VFY: replacing opcode 0x6e at 0x0002
E/cutils  (  261): Failed to mkdirat(/storage/sdcard1/Android): Read-only file system
W/Vold    (  261): Returning OperationFailed - no handler for errno 30
W/ContextImpl(14946): Failed to ensure directory: /storage/sdcard1/Android/data/com.google.android.apps.magazines/cache
E/cutils  (  261): Failed to mkdirat(/storage/sdcard1/Android): Read-only file system
W/Vold    (  261): Returning OperationFailed - no handler for errno 30
W/ContextImpl(14946): Failed to ensure directory: /storage/sdcard1/Android/data/com.google.android.apps.magazines/files
E/cutils  (  261): Failed to mkdirat(/storage/sdcard1/Android): Read-only file system
W/Vold    (  261): Returning OperationFailed - no handler for errno 30
W/ContextImpl(14946): Failed to ensure directory: /storage/sdcard1/Android/data/com.google.android.apps.magazines/cache
E/cutils  (  261): Failed to mkdirat(/storage/sdcard1/Android): Read-only file system
W/Vold    (  261): Returning OperationFailed - no handler for errno 30
W/ContextImpl(14946): Failed to ensure directory: /storage/sdcard1/Android/data/com.google.android.apps.magazines/files
D/WifiStateMachine( 1025): handleMessage: E msg.what=151572
D/WifiStateMachine( 1025): processMsg: ConnectedState
D/WifiStateMachine( 1025): processMsg: L2ConnectedState
D/WifiStateMachine( 1025): handleMessage: X
V/WebViewChromiumFactoryProvider(14946): Binding Chromium to main looper Looper (main, tid 1) {41fa7da8}
I/LibraryLoader(14946): Expected native library version number "",actual native library version number ""
I/chromium(14946): [INFO:library_loader_hooks.cc(116)] Chromium logging enabled: level = 0, default verbosity = 0
I/BrowserStartupController(14946): Initializing chromium process, renderers=0
E/AudioManagerAndroid(14946): BLUETOOTH permission is missing!
I/Icing   (13180): Indexing D11140B64A23ADCF9607D6E17FA4854A5443BF22 from com.google.android.googlequicksearchbox
D/WifiService( 1025): Client connection lost with reason: 4
I/ActivityManager( 1025): Start proc com.google.android.googlequicksearchbox:search for content provider com.google.android.googlequicksearchbox/com.google.android.search.core.icingsync.InternalIcingCorporaProvider: pid=14992 uid=10045 gids={50045, 3003, 3001, 1028, 3002, 1015}
I/ActivityManager( 1025): Process com.facebook.katana (pid 14675) has died.
W/ActivityManager( 1025): Scheduling restart of crashed service com.facebook.katana/com.facebook.push.mqtt.service.MqttPushService in 1024000ms
I/Adreno-EGL(14946): <qeglDrvAPI_eglInitialize:410>: EGL 1.4 QUALCOMM build: AU_LINUX_ANDROID_LNX.LA.3.5.1_RB1.04.04.02.048.018_msm8226_LNX.LA.3.5.1_RB1__release_AU ()
I/Adreno-EGL(14946): OpenGL ES Shader Compiler Version: E031.24.00.08
I/Adreno-EGL(14946): Build Date: 03/07/14 Fri
I/Adreno-EGL(14946): Local Branch: 
I/Adreno-EGL(14946): Remote Branch: quic/LNX.LA.3.5.1_RB1.1
I/Adreno-EGL(14946): Local Patches: NONE
I/Adreno-EGL(14946): Reconstruct Branch: AU_LINUX_ANDROID_LNX.LA.3.5.1_RB1.04.04.02.048.018 + f2fd134 +  NOTHING
I/NSApplication(14946): Starting up...
I/ActivityManager( 1025): Start proc com.google.android.apps.cloudprint for broadcast com.google.android.apps.cloudprint/.printdialog.receivers.UpgradeBroadcastReceiver: pid=15010 uid=10058 gids={50058, 3003, 1028}
D/AudioManagerAndroid(14946): ==> onReceive: s=0, m=1, n=h2w, sb=true
D/AudioManagerAndroid(14946): reportUpdate: state=0, devices=[Speakerphone, Headset earpiece]
I/dalvikvm(14992): Could not find method android.content.pm.PackageManager.getPackageInstaller, referenced from method com.google.android.gms.common.e.p
W/dalvikvm(14992): VFY: unable to resolve virtual method 901: Landroid/content/pm/PackageManager;.getPackageInstaller ()Landroid/content/pm/PackageInstaller;
D/dalvikvm(14992): VFY: replacing opcode 0x6e at 0x000b
D/Icing   (13180): Loaded CLD2 Version V2.0 - 20141016
I/ActivityManager( 1025): Start proc com.motorola.context for broadcast com.motorola.context/.engine.mediator.MediatorReceiver: pid=15022 uid=10011 gids={50011, 3001, 3002, 3003}
D/CordovaLog(14460): file:///android_asset/www/js/GiveGiftView.js: Line 17 : GIFTME - buy now clicked
I/chromium(14460): [INFO:CONSOLE(17)] "GIFTME - buy now clicked", source: file:///android_asset/www/js/GiveGiftView.js (17)
D/ConnectPlugin(14460): activity result in plugin: requestCode(0), resultCode(0)
I/Icing   (13180): Indexing done D11140B64A23ADCF9607D6E17FA4854A5443BF22
I/ActivityManager( 1025): START u0 {cmp=co.giftmeapp.gift_me/com.paypal.android.sdk.payments.PaymentActivity (has extras)} from pid 14460
D/CordovaActivity(14460): Paused the application!
D/CordovaWebView(14460): Handle the pause
W/PluginManager(14460): THREAD WARNING: exec() call to PayPalMobile.renderSinglePaymentUI blocked the main thread for 49ms. Plugin should use CordovaInterface.getThreadPool().
W/ContextImpl( 1295): Calling a method in the system process without a qualified user: android.app.ContextImpl.sendBroadcast:1252 android.content.ContextWrapper.sendBroadcast:365 com.motorola.motocare.util.TriggerHelper$TriggerBuilder.send:76 com.motorola.motocare.internal.frameworkevents.PauseResumeTrigger.handleFrameworkEvent:53 com.motorola.motocare.internal.frameworkevents.FwEventMonitor$FrameworkListener.processFrameworkEvent:114 
W/ContextImpl( 1295): Calling a method in the system process without a qualified user: android.app.ContextImpl.sendBroadcast:1252 android.content.ContextWrapper.sendBroadcast:365 com.motorola.motocare.util.TriggerHelper$TriggerBuilder.send:76 com.motorola.motocare.internal.frameworkevents.PauseResumeTrigger.handleFrameworkEvent:53 com.motorola.motocare.internal.frameworkevents.FwEventMonitor$FrameworkListener.processFrameworkEvent:114 
I/ActivityManager( 1025): Process com.google.android.apps.magazines (pid 14946) has died.
D/dalvikvm(14460): GC_FOR_ALLOC freed 879K, 34% free 11535K/17224K, paused 27ms, total 27ms
I/dalvikvm-heap(14460): Grow heap (frag case) to 13.614MB for 330016-byte allocation
I/ActivityManager( 1025): Start proc com.motorola.MotGallery2 for broadcast com.motorola.MotGallery2/com.motorola.blur.service.blur.StartupReceiver: pid=15046 uid=10034 gids={50034, 3003, 1028, 1015}
D/dalvikvm(  275): GC_EXPLICIT freed 42K, 48% free 9011K/17224K, paused 1ms+3ms, total 21ms
D/dalvikvm(  275): GC_EXPLICIT freed <1K, 48% free 9011K/17224K, paused 1ms+2ms, total 18ms
D/dalvikvm(  275): GC_EXPLICIT freed <1K, 48% free 9011K/17224K, paused 1ms+3ms, total 17ms
I/CCEUtils(15046): device type: OLDMOTO
V/PhoneStatusBar( 1119): setLightsOn(true)
W/PaymentActivity(14460): Please add PayPalService.EXTRA_PAYPAL_CONFIGURATION to this activity for restart resiliency.
I/ActivityManager( 1025): Start proc uk.co.economist for broadcast uk.co.economist/com.urbanairship.push.GCMPushReceiver: pid=15064 uid=10130 gids={50130, 3003, 1028, 1015}
F/ProcessStats( 1025): Starting service ServiceState{42c48c08 com.whatsapp.messaging.MessageService pkg=com.whatsapp proc=42c48c08} without owner
F/ProcessStats( 1025): Starting service ServiceState{43399718 com.paypal.android.p2pmobile.services.AtoService pkg=com.paypal.android.p2pmobile proc=43399718} without owner
F/ProcessStats( 1025): Starting service ServiceState{43231e48 com.paypal.android.p2pmobile.services.WalletService pkg=com.paypal.android.p2pmobile proc=43231e48} without owner
F/ProcessStats( 1025): Starting service ServiceState{42a4cec0 com.facebook.push.mqtt.service.MqttPushService pkg=com.facebook.katana proc=42a4cec0} without owner
F/ProcessStats( 1025): Starting service ServiceState{428fdff0 com.facebook.push.mqtt.service.MqttPushService pkg=com.facebook.orca proc=428fdff0} without owner
I/ActivityManager( 1025): Process com.google.android.apps.cloudprint (pid 15010) has died.
F/ProcessStats( 1025): Starting service ServiceState{42c48c08 com.whatsapp.messaging.MessageService pkg=com.whatsapp proc=42c48c08} without owner
F/ProcessStats( 1025): Starting service ServiceState{43399718 com.paypal.android.p2pmobile.services.AtoService pkg=com.paypal.android.p2pmobile proc=43399718} without owner
F/ProcessStats( 1025): Starting service ServiceState{43231e48 com.paypal.android.p2pmobile.services.WalletService pkg=com.paypal.android.p2pmobile proc=43231e48} without owner
F/ProcessStats( 1025): Starting service ServiceState{42a4cec0 com.facebook.push.mqtt.service.MqttPushService pkg=com.facebook.katana proc=42a4cec0} without owner
F/ProcessStats( 1025): Starting service ServiceState{428fdff0 com.facebook.push.mqtt.service.MqttPushService pkg=com.facebook.orca proc=428fdff0} without owner
I/ActivityManager( 1025): START u0 {cmp=co.giftmeapp.gift_me/com.paypal.android.sdk.payments.PaymentMethodActivity (has extras)} from pid 14460
W/ContextImpl( 1295): Calling a method in the system process without a qualified user: android.app.ContextImpl.sendBroadcast:1252 android.content.ContextWrapper.sendBroadcast:365 com.motorola.motocare.util.TriggerHelper$TriggerBuilder.send:76 com.motorola.motocare.internal.frameworkevents.PauseResumeTrigger.handleFrameworkEvent:53 com.motorola.motocare.internal.frameworkevents.FwEventMonitor$FrameworkListener.processFrameworkEvent:114 
I/ActivityManager( 1025): Process com.motorola.context (pid 15022) has died.
I/ActivityManager( 1025): Process com.motorola.MotGallery2 (pid 15046) has died.
W/ContextImpl( 1295): Calling a method in the system process without a qualified user: android.app.ContextImpl.sendBroadcast:1252 android.content.ContextWrapper.sendBroadcast:365 com.motorola.motocare.util.TriggerHelper$TriggerBuilder.send:76 com.motorola.motocare.internal.frameworkevents.PauseResumeTrigger.handleFrameworkEvent:53 com.motorola.motocare.internal.frameworkevents.FwEventMonitor$FrameworkListener.processFrameworkEvent:114 
I/ActivityManager( 1025): Process com.google.android.googlequicksearchbox:search (pid 14992) has died.
D/dalvikvm(14460): Trying to load lib /data/app-lib/co.giftmeapp.gift_me-2/libcardioDecider.so 0x41fa8880
D/dalvikvm(14460): Added shared lib /data/app-lib/co.giftmeapp.gift_me-2/libcardioDecider.so 0x41fa8880
D/dalvikvm(14460): Trying to load lib /data/app-lib/co.giftmeapp.gift_me-2/libopencv_core.so 0x41fa8880
W/linker  (14460): libopencv_core.so has text relocations. This is wasting memory and is a security risk. Please fix.
V/PhoneStatusBar( 1119): setLightsOn(true)
I/SFPerfTracer(  274):      triggers: (rate: 1258:50099) (compose: 0:251) (post: 0:21) (render: 88:10625) (6:788157 frames) (7:3322954)
D/SFPerfTracer(  274):        layers: (3:10) (DimLayer: 0:158)* (DimLayer: 0:134)* (FocusedStackFrame: 0:22065)* (StatusBar: 0:266613) (NavigationBar: 0:204598) (DimLayer: 0:25406)* (DimLayer: 0:4837)* (com.android.wallpaper.fall.FallWallpaper: 0:11699)* (co.giftmeapp.gift_me/co.giftmeapp.gift_me.GiftMe: 1:110) (co.giftmeapp.gift_me/com.paypal.android.sdk.payments.PaymentActivity: 7:17)* 
D/dalvikvm(14460): Added shared lib /data/app-lib/co.giftmeapp.gift_me-2/libopencv_core.so 0x41fa8880
D/dalvikvm(14460): No JNI_OnLoad found in /data/app-lib/co.giftmeapp.gift_me-2/libopencv_core.so 0x41fa8880, skipping init
D/dalvikvm(14460): Trying to load lib /data/app-lib/co.giftmeapp.gift_me-2/libopencv_imgproc.so 0x41fa8880
W/linker  (14460): libopencv_imgproc.so has text relocations. This is wasting memory and is a security risk. Please fix.
D/dalvikvm(14460): Added shared lib /data/app-lib/co.giftmeapp.gift_me-2/libopencv_imgproc.so 0x41fa8880
D/dalvikvm(14460): No JNI_OnLoad found in /data/app-lib/co.giftmeapp.gift_me-2/libopencv_imgproc.so 0x41fa8880, skipping init
D/dalvikvm(14460): Trying to load lib /data/app-lib/co.giftmeapp.gift_me-2/libcardioRecognizer.so 0x41fa8880
D/WifiStateMachine( 1025): handleMessage: E msg.what=151572
D/WifiStateMachine( 1025): processMsg: ConnectedState
D/WifiStateMachine( 1025): processMsg: L2ConnectedState
D/dalvikvm(14460): Added shared lib /data/app-lib/co.giftmeapp.gift_me-2/libcardioRecognizer.so 0x41fa8880
W/AppOps  ( 1025): Bad call: specified package qcamera under uid 1013 but it is really -1
D/WifiStateMachine( 1025): handleMessage: X
I/LaunchCheckinHandler( 1025): Displayed co.giftmeapp.gift_me/com.paypal.android.sdk.payments.PaymentMethodActivity,wp,ca,288
I/LaunchCheckinHandler( 1025): Displayed co.giftmeapp.gift_me/com.paypal.android.sdk.payments.PaymentActivity,wp,ca,588 (total)
I/ActivityManager( 1025): Displayed co.giftmeapp.gift_me/com.paypal.android.sdk.payments.PaymentMethodActivity: +289ms (total +589ms)
I/ActivityManager( 1025): Activity reported stop, but no longer stopping: ActivityRecord{42239110 u0 co.giftmeapp.gift_me/com.paypal.android.sdk.payments.PaymentActivity t1462}
W/AppOps  ( 1025): Bad call: specified package qcamera under uid 1013 but it is really -1
D/WifiStateMachine( 1025): handleMessage: E msg.what=131155
D/WifiStateMachine( 1025): processMsg: ConnectedState
D/WifiStateMachine( 1025): processMsg: L2ConnectedState
D/WifiStateMachine( 1025): handleMessage: X
W/AppOps  ( 1025): Bad call: specified package qcamera under uid 1013 but it is really -1
W/AppOps  ( 1025): Bad call: specified package qcamera under uid 1013 but it is really -1
W/AppOps  ( 1025): Bad call: specified package qcamera under uid 1013 but it is really -1
I/Economist(15064): User is not logged in
W/AppOps  ( 1025): Bad call: specified package qcamera under uid 1013 but it is really -1
I/com.newrelic.agent.android(15064): Loaded configuration: HarvestConfiguration{collect_network_errors=true, cross_process_id='UAUCV1NACgsEVlZRBA==', data_report_period=60, data_token=[2842733, 13762828], error_limit=50, report_max_transaction_age=600, report_max_transaction_count=1000, response_body_limit=2048, server_timestamp=1417568805, stack_trace_limit=100, activity_trace_max_size=65534, activity_trace_max_report_attempts=1, activity_trace_min_utilization=0.30000001192092896, at_capture=ActivityTraceConfiguration{maxTotalTraceCount=1}}
I/com.newrelic.agent.android(15064): Application state monitor has started
I/com.newrelic.agent.android(15064): Measurement Engine initialized.
I/AwesomePlayer(  277): setDataSource_l(URL suppressed)
I/com.newrelic.agent.android(15064): New Relic Agent v4.178.0
D/QCUtils (  277): extended extractor not needed, return default
I/com.newrelic.agent.android(15064): Harvester: connected
I/com.newrelic.agent.android(15064): Harvester: Sending 0 HTTP transactions.
I/com.newrelic.agent.android(15064): Harvester: Sending 0 HTTP errors.
I/com.newrelic.agent.android(15064): Harvester: Sending 0 activity traces.
I/AwesomePlayer(  277): setDataSource_l(URL suppressed)
D/QCUtils (  277): extended extractor not needed, return default
I/CameraClient(  277): Opening camera 0
D/MotISP_GPU(  277): int MotISP_GPU::Init(int, int): GPU resolution: 1280x720
E/QCamera2HWI(  277): [KPI Perf] int qcamera::QCamera2HardwareInterface::openCamera(hw_device_t**): E PROFILE_OPEN_CAMERA camera id 0
I/QCameraHalWatchdog(  277): Starting Watchdog Thread...
E/mm-camera-intf(  277): mm_camera_open: dev name = /dev/video1, cam_idx = 1
D/QCamera2HWI(  277): static void* qcamera::QCamera2HardwareInterface::defferedWorkRoutine(void*): start data proc
D/QCameraStateMachine(  277): static void* qcamera::QCameraStateMachine::smEvtProcRoutine(void*): E
I/Adreno-EGL(  277): <qeglDrvAPI_eglInitialize:410>: EGL 1.4 QUALCOMM build: AU_LINUX_ANDROID_LNX.LA.3.5.1_RB1.04.04.02.048.018_msm8226_LNX.LA.3.5.1_RB1__release_AU ()
I/Adreno-EGL(  277): OpenGL ES Shader Compiler Version: E031.24.00.08
I/Adreno-EGL(  277): Build Date: 03/07/14 Fri
I/Adreno-EGL(  277): Local Branch: 
I/Adreno-EGL(  277): Remote Branch: quic/LNX.LA.3.5.1_RB1.1
I/Adreno-EGL(  277): Local Patches: NONE
I/Adreno-EGL(  277): Reconstruct Branch: AU_LINUX_ANDROID_LNX.LA.3.5.1_RB1.04.04.02.048.018 + f2fd134 +  NOTHING
E/mm-camera-sensor(  422): module_sensor_start_session:658 session 1
E/mm-camera(  422): module_drsd_start_session:1189] E
E/mm-camera(  422): isp_tintless_open: E: b6d0cd81
E/mm-camera(  422): af_fdprio_process: Processing frame 0 cmd: 0
E/hdr     (  422): Session id 0x1 started
E/mm-camera(  422): is_module_start_session: Enter
E/mm-camera(  422): is_module_start_session: Exit successful
E/mm-camera(  422): is_module_get_port: Exit successful
E/mm-camera(  422): isp_tintless_get_version: lib returned version 3.61 err=0
E/mm-camera(  422): c2d_module_start_session:238, info: starting session 1
E/mm-camera(  422): c2d_module_start_session:285, info: c2d_thread created.
E/mm-camera(  422): c2d_thread_func:41: c2d_thread entering the polling loop...
E/mm-camera(  422): c2d_module_start_session:307, info: session 1 started.
D/The Economist APID(15064): 6855de6b-02a2-4126-88af-261db5a37b30
E/ActivityThread(14460): Performing stop of activity that is not resumed: {co.giftmeapp.gift_me/com.paypal.android.sdk.payments.PaymentActivity}
E/ActivityThread(14460): java.lang.RuntimeException: Performing stop of activity that is not resumed: {co.giftmeapp.gift_me/com.paypal.android.sdk.payments.PaymentActivity}
E/ActivityThread(14460): 	at android.app.ActivityThread.performStopActivityInner(ActivityThread.java:3214)
E/ActivityThread(14460): 	at android.app.ActivityThread.handleStopActivity(ActivityThread.java:3301)
E/ActivityThread(14460): 	at android.app.ActivityThread.access$1100(ActivityThread.java:139)
E/ActivityThread(14460): 	at android.app.ActivityThread$H.handleMessage(ActivityThread.java:1237)
E/ActivityThread(14460): 	at android.os.Handler.dispatchMessage(Handler.java:102)
E/ActivityThread(14460): 	at android.os.Looper.loop(Looper.java:136)
E/ActivityThread(14460): 	at android.app.ActivityThread.main(ActivityThread.java:5086)
E/ActivityThread(14460): 	at java.lang.reflect.Method.invokeNative(Native Method)
E/ActivityThread(14460): 	at java.lang.reflect.Method.invoke(Method.java:515)
E/ActivityThread(14460): 	at com.android.internal.os.ZygoteInit$MethodAndArgsCaller.run(ZygoteInit.java:785)
E/ActivityThread(14460): 	at com.android.internal.os.ZygoteInit.main(ZygoteInit.java:601)
E/ActivityThread(14460): 	at dalvik.system.NativeStart.main(Native Method)
I/Crittercism(15064): Initializing Crittercism 5.0.6 for App ID 541be4a1d478bc3b68000001
W/Crittercism(15064): Crittercism should be initialized in onCreate() of MainActivity
E/mm-camera-sensor(  422): sensor_write_lsc:268 using default or module LSC
E/mm-camera-sensor(  422): module_sensor_start_session:702 failed
E/mm-camera-sensor(  422): module_sensor_start_session:708 failed
E/mm-camera-intf(  277): mm_camera_open:  opened, break out while loop
D/QCamera2HWI(  277): int qcamera::QCamera2HardwareInterface::openCamera(): enable_4k2k is 0
E/qomx_image_core(  277): OMX_Init:94] Complete 2
E/QCameraHWI_Mem(  277): int qcamera::QCameraMemory::alloc(int, int, int) : No memory pool available
D/QCameraHWI_Mem(  277): static int qcamera::QCameraMemory::allocOneBuffer(qcamera::QCameraMemory::QCameraMemInfo&, int, int, bool) : ION buffer 0x1 with size 297192 allocated
E/QCameraHWI_Mem(  277): int qcamera::QCameraMemory::alloc(int, int, int) : No memory pool available
D/QCameraHWI_Mem(  277): static int qcamera::QCameraMemory::allocOneBuffer(qcamera::QCameraMemory::QCameraMemInfo&, int, int, bool) : ION buffer 0x1 with size 65544 allocated
D/QCameraParameters(  277): int32_t qcamera::QCameraParameters::initDefaultParameters(): supported preview sizes: 1280x720,864x480,800x480,768x432,720x480,640x480,576x432,480x320,384x288,352x288,320x240,240x160,176x144
D/QCameraParameters(  277): int32_t qcamera::QCameraParameters::initDefaultParameters(): supported video sizes: 1280x720,864x480,800x480,720x480,640x480,480x320,352x288,320x240,176x144
D/QCameraParameters(  277): int32_t qcamera::QCameraParameters::initDefaultParameters(): supported pic sizes: 2592x1944,2592x1456,2048x1536,1920x1080,1600x1200,1440x1080,1280x960,1280x768,1280x720,1024x768,800x600,800x480,720x480,640x480
I/QCameraParameters(  277): int32_t qcamera::QCameraParameters::initDefaultParameters(): supported live snapshot sizes: 1280x768,1280x720,1024x768,800x600,864x480,800x480,720x480,640x480,352x288,320x240,176x144
D/QCameraParameters(  277): int32_t qcamera::QCameraParameters::initDefaultParameters(): supported fps ranges: (15000,15000),(15000,30000)
E/QCameraParameters(  277): int32_t qcamera::QCameraParameters::setPreviewFpsRange(int, int): Setting preview fps range 15000,30000
D/QCameraParameters(  277): int32_t qcamera::QCameraParameters::initDefaultParameters(): supported fps rates: 15,16,17,18,19,20,21,22,23,24,25,26,27,28,29,30
D/QCameraParameters(  277): int32_t qcamera::QCameraParameters::setAEBracket(const char*), EXP_BRACKETING_OFF
D/QCameraParameters(  277): int32_t qcamera::QCameraParameters::initDefaultParameters(): Supported WNR:ON/OFF default:ON
D/QCameraParameters(  277): int32_t qcamera::QCameraParameters::initDefaultParameters(): Supported TINTLESS:ON/OFF default:ON
D/QCameraParameters(  277): int32_t qcamera::QCameraParameters::setNumOfSnapshot(): nBurstNum = 1, nExpnum = 1
E/Thermal-Lib(  277): Thermal-Lib-Client: thermal_client_register_callback: Client Registration failed
E/Thermal-Lib(  277): Thermal-Lib-Client: thermal_client_register_callback: Client Registration failed
I/QCameraHalWatchdog(  277): Stopped Watchdog Thread...
E/Thermal-Lib(  277): Thermal-Lib-Client: thermal_client_register_callback: Client Registration failed
E/Thermal-Lib(  277): Thermal-Lib-Client: thermal_client_register_callback: Client Registration failed
I/QCamera2HWI(  277): getParameters standard
I/QCameraHalWatchdog(  277): Starting Watchdog Thread...
E/QCamera2HWI(  277): [KPI Perf] static void qcamera::QCamera2HardwareInterface::stop_preview(camera_device*): E PROFILE_STOP_PREVIEW
D/QCameraStateMachine(  277): int32_t qcamera::QCameraStateMachine::procEvtPreviewStoppedState(qcamera::qcamera_sm_evt_enum_t, void*): already in preview stopped state, do nothing
D/QCamera2HWI(  277): [KPI Perf] static void qcamera::QCamera2HardwareInterface::stop_preview(camera_device*): X
I/QCameraHalWatchdog(  277): Stopped Watchdog Thread...
I/QCameraHalWatchdog(  277): Starting Watchdog Thread...
D/QCameraStateMachine(  277): int32_t qcamera::QCameraStateMachine::procEvtPreviewStoppedState(qcamera::qcamera_sm_evt_enum_t, void*): No ops for evt(20) in state(0)
I/QCameraHalWatchdog(  277): Stopped Watchdog Thread...
I/QCameraHalWatchdog(  277): Starting Watchdog Thread...
I/QCameraHalWatchdog(  277): Stopped Watchdog Thread...
I/CameraClient(  277): Destroying camera 0
I/QCameraHalWatchdog(  277): Starting Watchdog Thread...
D/QCamera2HWI(  277): [KPI Perf] static int qcamera::QCamera2HardwareInterface::close_camera_device(hw_device_t*): E
D/QCamera2HWI(  277): static void* qcamera::QCamera2HardwareInterface::defferedWorkRoutine(void*): stop data proc
E/qomx_image_core(  277): OMX_Deinit:118] Complete
E/QCameraPostProc(  277): int32_t qcamera::QCameraPostProcessor::deinit(): Jpeg closed, rc = 0, mJpegClientHandle = 28300
E/mm-camera(  422): mct_pipeline_get_stream: no children
E/mm-camera(  422): mct_pipeline_process_set:1824: Couldn't find stream
E/mm-camera-sensor(  422): module_sensor_stop_session:727 session 1
D/QCameraStateMachine(  277): static void* qcamera::QCameraStateMachine::smEvtProcRoutine(void*): X
D/QCamera2HWI(  277): [KPI Perf] static int qcamera::QCamera2HardwareInterface::close_camera_device(hw_device_t*): X
I/QCameraHalWatchdog(  277): Stopped Watchdog Thread...
E/mm-camera(  422): stats_module_stop_session: list =0xb7887250, remove port =0xb7886b40 name=stats_sink from module=0xb766da98, name=stats
E/mm-camera(  422): stats_module_stop_session: 1 port =0xb7886b40 name=stats_sink 
E/mm-camera(  422): stats_module_stop_session: 2 port =0xb7886b40 name=stats_sink 
E/hdr     (  422): Session id 0x1 stopped
E/mm-camera-CORE(  422): mot_af_deinit: E
E/mm-camera(  422): is_module_stop_session: Enter
E/mm-camera(  422): is_module_stop_session: Exit successful
E/mm-camera(  422): stats_module_stop_session: 3 port =0xb7886b40 name=stats_sink 
E/mm-camera(  422): c2d_module_stop_session:323, info: stopping session 1 ...
E/mm-camera(  422): c2d_thread_process_pipe_message:714, C2D_THREAD_MSG_ABORT: c2d_thread exiting..
E/mm-camera(  422): c2d_module_stop_session:365, info: session 1 stopped.
E/mm-camera-sensor(  422): Got some events
E/mm-camera-sensor(  422): sensor_thread_func:152 sensor_thread_func:Sensor thread is exiting
D/WifiStateMachine( 1025): handleMessage: E msg.what=151572
D/WifiStateMachine( 1025): processMsg: ConnectedState
D/WifiStateMachine( 1025): processMsg: L2ConnectedState
D/WifiStateMachine( 1025): handleMessage: X
I/SFPerfTracer(  274):      triggers: (rate: 1129:448965) (341936 sw vsyncs) (1052177 skipped) (15:3346596 vsyncs) (17:4197309)
I/ConfigService(31010): onDestroy
D/WifiStateMachine( 1025): handleMessage: E msg.what=151572
D/WifiStateMachine( 1025): processMsg: ConnectedState
D/WifiStateMachine( 1025): processMsg: L2ConnectedState
D/WifiStateMachine( 1025): handleMessage: X
D/Ulp_jni ( 1025): Location CB invoked
D/WifiStateMachine( 1025): handleMessage: E msg.what=151572
D/WifiStateMachine( 1025): processMsg: ConnectedState
D/WifiStateMachine( 1025): processMsg: L2ConnectedState
D/WifiStateMachine( 1025): handleMessage: X
D/WifiStateMachine( 1025): handleMessage: E msg.what=131155
D/WifiStateMachine( 1025): processMsg: ConnectedState
D/WifiStateMachine( 1025): processMsg: L2ConnectedState
D/WifiStateMachine( 1025): handleMessage: X
D/WifiStateMachine( 1025): handleMessage: E msg.what=151572
D/WifiStateMachine( 1025): processMsg: ConnectedState
D/WifiStateMachine( 1025): processMsg: L2ConnectedState
D/WifiStateMachine( 1025): handleMessage: X
I/ActivityManager( 1025): START u0 {cmp=co.giftmeapp.gift_me/com.paypal.android.sdk.payments.PaymentConfirmActivity (has extras)} from pid 14460
W/ContextImpl( 1295): Calling a method in the system process without a qualified user: android.app.ContextImpl.sendBroadcast:1252 android.content.ContextWrapper.sendBroadcast:365 com.motorola.motocare.util.TriggerHelper$TriggerBuilder.send:76 com.motorola.motocare.internal.frameworkevents.PauseResumeTrigger.handleFrameworkEvent:53 com.motorola.motocare.internal.frameworkevents.FwEventMonitor$FrameworkListener.processFrameworkEvent:114 
W/ContextImpl( 1295): Calling a method in the system process without a qualified user: android.app.ContextImpl.sendBroadcast:1252 android.content.ContextWrapper.sendBroadcast:365 com.motorola.motocare.util.TriggerHelper$TriggerBuilder.send:76 com.motorola.motocare.internal.frameworkevents.PauseResumeTrigger.handleFrameworkEvent:53 com.motorola.motocare.internal.frameworkevents.FwEventMonitor$FrameworkListener.processFrameworkEvent:114 
D/dalvikvm(14460): GC_FOR_ALLOC freed 384K, 30% free 12327K/17548K, paused 35ms, total 37ms
I/dalvikvm-heap(14460): Grow heap (frag case) to 14.256MB for 193132-byte allocation
V/PhoneStatusBar( 1119): setLightsOn(true)
I/ActivityManager( 1025): START u0 {cmp=co.giftmeapp.gift_me/com.paypal.android.sdk.payments.LoginActivity (has extras)} from pid 14460
W/ContextImpl( 1295): Calling a method in the system process without a qualified user: android.app.ContextImpl.sendBroadcast:1252 android.content.ContextWrapper.sendBroadcast:365 com.motorola.motocare.util.TriggerHelper$TriggerBuilder.send:76 com.motorola.motocare.internal.frameworkevents.PauseResumeTrigger.handleFrameworkEvent:53 com.motorola.motocare.internal.frameworkevents.FwEventMonitor$FrameworkListener.processFrameworkEvent:114 
W/ContextImpl( 1295): Calling a method in the system process without a qualified user: android.app.ContextImpl.sendBroadcast:1252 android.content.ContextWrapper.sendBroadcast:365 com.motorola.motocare.util.TriggerHelper$TriggerBuilder.send:76 com.motorola.motocare.internal.frameworkevents.PauseResumeTrigger.handleFrameworkEvent:53 com.motorola.motocare.internal.frameworkevents.FwEventMonitor$FrameworkListener.processFrameworkEvent:114 
D/dalvikvm(14460): GC_FOR_ALLOC freed 222K, 29% free 12656K/17740K, paused 22ms, total 22ms
I/dalvikvm-heap(14460): Grow heap (frag case) to 14.578MB for 193132-byte allocation
V/PhoneStatusBar( 1119): setLightsOn(true)
I/ActivityManager( 1025): Start proc com.google.android.inputmethod.latin for service com.google.android.inputmethod.latin/com.android.inputmethod.latin.spellcheck.AndroidSpellCheckerService: pid=15190 uid=10074 gids={50074, 3003, 1028, 1015}
I/LaunchCheckinHandler( 1025): Displayed co.giftmeapp.gift_me/com.paypal.android.sdk.payments.LoginActivity,wp,ca,275
I/LaunchCheckinHandler( 1025): Displayed co.giftmeapp.gift_me/com.paypal.android.sdk.payments.PaymentConfirmActivity,wp,ca,468 (total)
I/ActivityManager( 1025): Displayed co.giftmeapp.gift_me/com.paypal.android.sdk.payments.LoginActivity: +276ms (total +469ms)
D/dalvikvm(20316): GC_CONCURRENT freed 2038K, 29% free 12278K/17228K, paused 4ms+3ms, total 80ms
I/Adreno-EGL(20316): <qeglDrvAPI_eglInitialize:410>: EGL 1.4 QUALCOMM build: AU_LINUX_ANDROID_LNX.LA.3.5.1_RB1.04.04.02.048.018_msm8226_LNX.LA.3.5.1_RB1__release_AU ()
I/Adreno-EGL(20316): OpenGL ES Shader Compiler Version: E031.24.00.08
I/Adreno-EGL(20316): Build Date: 03/07/14 Fri
I/Adreno-EGL(20316): Local Branch: 
I/Adreno-EGL(20316): Remote Branch: quic/LNX.LA.3.5.1_RB1.1
I/Adreno-EGL(20316): Local Patches: NONE
I/Adreno-EGL(20316): Reconstruct Branch: AU_LINUX_ANDROID_LNX.LA.3.5.1_RB1.04.04.02.048.018 + f2fd134 +  NOTHING
D/dalvikvm(20316): GC_FOR_ALLOC freed 331K, 30% free 12199K/17228K, paused 30ms, total 31ms
I/dalvikvm-heap(20316): Grow heap (frag case) to 15.356MB for 1477456-byte allocation
D/WifiStateMachine( 1025): handleMessage: E msg.what=151572
D/WifiStateMachine( 1025): processMsg: ConnectedState
D/WifiStateMachine( 1025): processMsg: L2ConnectedState
D/WifiStateMachine( 1025): handleMessage: X
I/SFPerfTracer(  274):      triggers: (rate: 1258:50099) (compose: 0:251) (post: 0:21) (render: 88:10625) (21:788225 frames) (22:3323067)
D/SFPerfTracer(  274):        layers: (5:15) (DimLayer: 0:158)* (DimLayer: 0:134)* (FocusedStackFrame: 0:22074)* (StatusBar: 0:266617) (NavigationBar: 0:204599) (DimLayer: 0:25406)* (DimLayer: 0:4841)* (com.android.wallpaper.fall.FallWallpaper: 0:11699)* (co.giftmeapp.gift_me/co.giftmeapp.gift_me.GiftMe: 0:129)* (co.giftmeapp.gift_me/com.paypal.android.sdk.payments.PaymentActivity: 0:23)* (co.giftmeapp.gift_me/com.paypal.android.sdk.payments.PaymentMethodActivity: 0:67)* (co.giftmeapp.gift_me/com.paypal.android.sdk.payments.PaymentConfirmActivity: 0:19)* (co.giftmeapp.gift_me/com.paypal.android.sdk.payments.LoginActivity: 19:47) (SurfaceView: 14:17) (InputMethod: 14:22) 
D/WifiStateMachine( 1025): handleMessage: E msg.what=151572
D/WifiStateMachine( 1025): processMsg: ConnectedState
D/WifiStateMachine( 1025): processMsg: L2ConnectedState
D/WifiStateMachine( 1025): handleMessage: X
I/SFPerfTracer(  274):      triggers: (rate: 1129:448965) (341936 sw vsyncs) (1052177 skipped) (15:3346699 vsyncs) (17:4197423)
D/WifiStateMachine( 1025): handleMessage: E msg.what=131155
D/WifiStateMachine( 1025): processMsg: ConnectedState
D/WifiStateMachine( 1025): processMsg: L2ConnectedState
D/WifiStateMachine( 1025): handleMessage: X
D/WifiStateMachine( 1025): handleMessage: E msg.what=151572
D/WifiStateMachine( 1025): processMsg: ConnectedState
D/WifiStateMachine( 1025): processMsg: L2ConnectedState
D/WifiStateMachine( 1025): handleMessage: X
D/WifiStateMachine( 1025): handleMessage: E msg.what=151572
D/WifiStateMachine( 1025): processMsg: ConnectedState
D/WifiStateMachine( 1025): processMsg: L2ConnectedState
D/WifiStateMachine( 1025): handleMessage: X
D/WifiStateMachine( 1025): handleMessage: E msg.what=151572
D/WifiStateMachine( 1025): processMsg: ConnectedState
D/WifiStateMachine( 1025): processMsg: L2ConnectedState
D/WifiStateMachine( 1025): handleMessage: X
D/WifiStateMachine( 1025): handleMessage: E msg.what=131155
D/WifiStateMachine( 1025): processMsg: ConnectedState
D/WifiStateMachine( 1025): processMsg: L2ConnectedState
D/WifiStateMachine( 1025): handleMessage: X
D/WifiStateMachine( 1025): handleMessage: E msg.what=151572
D/WifiStateMachine( 1025): processMsg: ConnectedState
D/WifiStateMachine( 1025): processMsg: L2ConnectedState
D/WifiStateMachine( 1025): handleMessage: X
V/AlarmManager( 1025): sending alarm Alarm{43eb81c8 type 2 com.whatsapp}
V/AlarmManager( 1025): sending alarm Alarm{43eaf100 type 2 com.facebook.katana}
V/AlarmManager( 1025): sending alarm Alarm{43e46e98 type 3 com.devexpert.weather}
V/AlarmManager( 1025): sending alarm Alarm{43e226f8 type 2 com.google.android.gms}
I/ActivityManager( 1025): Start proc com.devexpert.weather for broadcast com.devexpert.weather/.view.WidgetWeather2x1: pid=15249 uid=10112 gids={50112, 3003, 1028, 1015}
D/WifiStateMachine( 1025): handleMessage: E msg.what=151572
D/WifiStateMachine( 1025): processMsg: ConnectedState
D/WifiStateMachine( 1025): processMsg: L2ConnectedState
V/AlarmManager( 1025): sending alarm Alarm{43db3b00 type 0 com.android.vending}
I/ActivityManager( 1025): Start proc com.android.vending for service com.android.vending/com.google.android.finsky.services.ContentSyncService: pid=15254 uid=10039 gids={50039, 3003, 1028, 1015}
D/WifiStateMachine( 1025): handleMessage: X
D/Finsky  (15254): [1] FinskyApp.onCreate: Initializing network with DFE https://android.clients.google.com/fdfe/
D/dalvikvm(20316): GC_CONCURRENT freed 479K, 27% free 13708K/18668K, paused 3ms+5ms, total 40ms
D/Finsky  (15254): [1] DailyHygiene.goMakeHygieneIfDirty: No need to run daily hygiene.
W/Settings(15254): Setting download_manager_max_bytes_over_mobile has moved from android.provider.Settings.Secure to android.provider.Settings.Global.
W/Settings(15254): Setting download_manager_recommended_max_bytes_over_mobile has moved from android.provider.Settings.Secure to android.provider.Settings.Global.
I/dalvikvm(15254): Could not find method com.google.android.play.layout.PlayCardViewBase.setTransitionName, referenced from method com.google.android.finsky.utils.PlayCardUtils.bindCard
W/dalvikvm(15254): VFY: unable to resolve virtual method 42705: Lcom/google/android/play/layout/PlayCardViewBase;.setTransitionName (Ljava/lang/String;)V
D/dalvikvm(15254): VFY: replacing opcode 0x6e at 0x00d9
I/dalvikvm(15254): Could not find method com.google.android.play.layout.PlayCardViewBase.setTransitionGroup, referenced from method com.google.android.finsky.utils.PlayCardUtils.bindCard
W/dalvikvm(15254): VFY: unable to resolve virtual method 42704: Lcom/google/android/play/layout/PlayCardViewBase;.setTransitionGroup (Z)V
D/dalvikvm(15254): VFY: replacing opcode 0x6e at 0x0246
I/dalvikvm(15254): Could not find method android.view.View.getTransitionName, referenced from method com.google.android.finsky.navigationmanager.NavigationManager.showPage
W/dalvikvm(15254): VFY: unable to resolve virtual method 9352: Landroid/view/View;.getTransitionName ()Ljava/lang/String;
D/dalvikvm(15254): VFY: replacing opcode 0x6e at 0x001a
D/dalvikvm( 1025): GC_EXPLICIT freed 1128K, 38% free 31279K/50444K, paused 5ms+19ms, total 179ms
D/Finsky  (15254): [1] 2.run: Loaded library for account: [gKXbJhL8NA2nPUzZyFpjB6tKi7U]
