D/EN      (23196): [a] - getDBfilePath()::++++++++++++++++lastFilePath from preferences/data/data/com.evernote/files/user-102703026/.external-1428259012787-Evernote.db
E/EN      (23196): [a] - getDBfilePath()::++++++++++++++++lastFilePath exists/data/data/com.evernote/files/user-102703026/.external-1428259012787-Evernote.db
D/EN      (23196): [EvernoteProvider] - cleanupOldThumbnailsIfNeeded()
I/ReleaseProperties(23196): Current app is: evernote
I/ReleaseProperties(23196): propFile: release is now loaded
I/ReleaseProperties(23196): propFile: play is now loaded
I/ReleaseProperties(23196): propFile: base is now loaded
I/ReleaseProperties(23196): propFile: override is now loaded
D/MarketUtils(23196): isPackageInstalled() - com.android.vending is installed
D/MarketUtils(23196): isPackageInstalled() - com.android.vending is installed
D/ReleaseProperties(23196): getReferralPersistencePath():: old=false:: path=/storage/emulated/0/.enref
D/MarketUtils(23196): isPackageInstalled() - com.android.vending is installed
D/MarketUtils(23196): isPackageInstalled() - com.android.vending is installed
I/ReleaseProperties(23196): ReleaseProperties: 
I/ReleaseProperties(23196):   bundleName=google-play
I/ReleaseProperties(23196):   revision=AM_702_524
I/ReleaseProperties(23196):   type=public
I/ReleaseProperties(23196):   gitHash=313f54a11431af98d659728265b72cfcf9ec527e
I/ReleaseProperties(23196):   baseSearchUri=market://search?q=
D/MarketUtils(23196): isPackageInstalled() - com.android.vending is installed
I/ReleaseProperties(23196): From file referralCode=android
D/MarketUtils(23196): isPackageInstalled() - com.android.vending is installed
D/EN      (23196): [a] - isDBONSDcard()=true
D/EN      (23196): [Evernote] - VERSION_CODE: 1070243
D/MarketUtils(23196): isPackageInstalled() - com.android.vending is installed
D/MarketUtils(23196): isPackageInstalled() - com.android.vending is installed
I/dalvikvm(23196): Could not find method android.content.pm.PackageManager.getActivityBanner, referenced from method com.evernote.d.b.getActivityBanner
W/dalvikvm(23196): VFY: unable to resolve virtual method 793: Landroid/content/pm/PackageManager;.getActivityBanner (Landroid/content/ComponentName;)Landroid/graphics/drawable/Drawable;
D/dalvikvm(23196): VFY: replacing opcode 0x6e at 0x0002
I/dalvikvm(23196): Could not find method android.content.pm.PackageManager.getActivityBanner, referenced from method com.evernote.d.b.getActivityBanner
W/dalvikvm(23196): VFY: unable to resolve virtual method 794: Landroid/content/pm/PackageManager;.getActivityBanner (Landroid/content/Intent;)Landroid/graphics/drawable/Drawable;
D/dalvikvm(23196): VFY: replacing opcode 0x6e at 0x0002
I/dalvikvm(23196): Could not find method android.content.pm.PackageManager.getApplicationBanner, referenced from method com.evernote.d.b.getApplicationBanner
W/dalvikvm(23196): VFY: unable to resolve virtual method 801: Landroid/content/pm/PackageManager;.getApplicationBanner (Landroid/content/pm/ApplicationInfo;)Landroid/graphics/drawable/Drawable;
D/dalvikvm(23196): VFY: replacing opcode 0x6e at 0x0002
I/dalvikvm(23196): Could not find method android.content.pm.PackageManager.getApplicationBanner, referenced from method com.evernote.d.b.getApplicationBanner
W/dalvikvm(23196): VFY: unable to resolve virtual method 802: Landroid/content/pm/PackageManager;.getApplicationBanner (Ljava/lang/String;)Landroid/graphics/drawable/Drawable;
D/dalvikvm(23196): VFY: replacing opcode 0x6e at 0x0002
I/dalvikvm(23196): Could not find method android.content.pm.PackageManager.getLeanbackLaunchIntentForPackage, referenced from method com.evernote.d.b.getLeanbackLaunchIntentForPackage
W/dalvikvm(23196): VFY: unable to resolve virtual method 818: Landroid/content/pm/PackageManager;.getLeanbackLaunchIntentForPackage (Ljava/lang/String;)Landroid/content/Intent;
D/dalvikvm(23196): VFY: replacing opcode 0x6e at 0x0002
I/dalvikvm(23196): Could not find method android.content.pm.PackageManager.getPackageInstaller, referenced from method com.evernote.d.b.getPackageInstaller
W/dalvikvm(23196): VFY: unable to resolve virtual method 823: Landroid/content/pm/PackageManager;.getPackageInstaller ()Landroid/content/pm/PackageInstaller;
D/dalvikvm(23196): VFY: replacing opcode 0x6e at 0x0002
I/dalvikvm(23196): Could not find method android.content.pm.PackageManager.getUserBadgedDrawableForDensity, referenced from method com.evernote.d.b.getUserBadgedDrawableForDensity
W/dalvikvm(23196): VFY: unable to resolve virtual method 839: Landroid/content/pm/PackageManager;.getUserBadgedDrawableForDensity (Landroid/graphics/drawable/Drawable;Landroid/os/UserHandle;Landroid/graphics/Rect;I)Landroid/graphics/drawable/Drawable;
D/dalvikvm(23196): VFY: replacing opcode 0x6e at 0x0002
I/dalvikvm(23196): Could not find method android.content.pm.PackageManager.getUserBadgedIcon, referenced from method com.evernote.d.b.getUserBadgedIcon
W/dalvikvm(23196): VFY: unable to resolve virtual method 840: Landroid/content/pm/PackageManager;.getUserBadgedIcon (Landroid/graphics/drawable/Drawable;Landroid/os/UserHandle;)Landroid/graphics/drawable/Drawable;
D/dalvikvm(23196): VFY: replacing opcode 0x6e at 0x0002
I/dalvikvm(23196): Could not find method android.content.pm.PackageManager.getUserBadgedLabel, referenced from method com.evernote.d.b.getUserBadgedLabel
W/dalvikvm(23196): VFY: unable to resolve virtual method 841: Landroid/content/pm/PackageManager;.getUserBadgedLabel (Ljava/lang/CharSequence;Landroid/os/UserHandle;)Ljava/lang/CharSequence;
D/dalvikvm(23196): VFY: replacing opcode 0x6e at 0x0002
D/WifiStateMachine( 1025): handleMessage: E msg.what=151572
D/WifiStateMachine( 1025): processMsg: ConnectedState
D/WifiStateMachine( 1025): processMsg: L2ConnectedState
I/Crashlytics(23196): Initializing Crashlytics 1.1.8.10
D/WifiStateMachine( 1025): handleMessage: X
D/MarketUtils(23196): isPackageInstalled() - com.android.vending is installed
D/HockeyApp(23196): Looking for exceptions in: /data/data/com.evernote/files
D/HockeyApp(23196): Current handler class = com.evernote.k
D/EN      (23196): [ee] - registered crash manager
D/EN      (23196): [c] - onApplicationStart()
D/EN      (23196): [c] - onApplicationStart() -- loader thread
D/EN      (23196): [c] - pushUserIDToDataLayer(), pushing user-id ending in 6
D/MarketUtils(23196): isPackageInstalled() - com.android.vending is installed
D/MarketUtils(23196): isPackageInstalled() - com.android.vending is installed
I/ActivityManager( 1025): Start proc com.evernote.widget for broadcast com.evernote.widget/.WidgetStateReceiver: pid=23233 uid=10135 gids={50135, 3003, 1028, 1015}
F/ProcessStats( 1025): Starting service ServiceState{42c48c08 com.whatsapp.messaging.MessageService pkg=com.whatsapp proc=42c48c08} without owner
D/EN      (23196): [c] - 	loading saved values from internal storage
F/ProcessStats( 1025): Starting service ServiceState{43399718 com.paypal.android.p2pmobile.services.AtoService pkg=com.paypal.android.p2pmobile proc=43399718} without owner
F/ProcessStats( 1025): Starting service ServiceState{43231e48 com.paypal.android.p2pmobile.services.WalletService pkg=com.paypal.android.p2pmobile proc=43231e48} without owner
F/ProcessStats( 1025): Starting service ServiceState{42a4cec0 com.facebook.push.mqtt.service.MqttPushService pkg=com.facebook.katana proc=42a4cec0} without owner
F/ProcessStats( 1025): Starting service ServiceState{428fdff0 com.facebook.push.mqtt.service.MqttPushService pkg=com.facebook.orca proc=428fdff0} without owner
I/ActivityManager( 1025): Process com.google.android.apps.docs (pid 23117) has died.
F/ProcessStats( 1025): Starting service ServiceState{42c48c08 com.whatsapp.messaging.MessageService pkg=com.whatsapp proc=42c48c08} without owner
F/ProcessStats( 1025): Starting service ServiceState{43399718 com.paypal.android.p2pmobile.services.AtoService pkg=com.paypal.android.p2pmobile proc=43399718} without owner
F/ProcessStats( 1025): Starting service ServiceState{43231e48 com.paypal.android.p2pmobile.services.WalletService pkg=com.paypal.android.p2pmobile proc=43231e48} without owner
F/ProcessStats( 1025): Starting service ServiceState{42a4cec0 com.facebook.push.mqtt.service.MqttPushService pkg=com.facebook.katana proc=42a4cec0} without owner
F/ProcessStats( 1025): Starting service ServiceState{428fdff0 com.facebook.push.mqtt.service.MqttPushService pkg=com.facebook.orca proc=428fdff0} without owner
I/ReleaseProperties(23233): Current app is: evernoteWidget
I/ReleaseProperties(23233): propFile: release is now loaded
I/ReleaseProperties(23233): propFile: play is now loaded
I/ReleaseProperties(23233): propFile: base is now loaded
I/ReleaseProperties(23233): propFile: override is now loaded
I/ReleaseProperties(23233): ReleaseProperties: 
I/ReleaseProperties(23233):   bundleName=none
I/ReleaseProperties(23233):   revision=unknown
I/ReleaseProperties(23233):   type=development
I/ReleaseProperties(23233):   gitHash=?
I/ReleaseProperties(23233):   baseSearchUri=market://search?q=
D/ReleaseProperties(23233): getReferralPersistencePath():: old=false:: path=/storage/emulated/0/.enref
I/ReleaseProperties(23233): From file referralCode=android
F/ProcessStats( 1025): Starting service ServiceState{42c48c08 com.whatsapp.messaging.MessageService pkg=com.whatsapp proc=42c48c08} without owner
F/ProcessStats( 1025): Starting service ServiceState{43399718 com.paypal.android.p2pmobile.services.AtoService pkg=com.paypal.android.p2pmobile proc=43399718} without owner
F/ProcessStats( 1025): Starting service ServiceState{43231e48 com.paypal.android.p2pmobile.services.WalletService pkg=com.paypal.android.p2pmobile proc=43231e48} without owner
F/ProcessStats( 1025): Starting service ServiceState{42a4cec0 com.facebook.push.mqtt.service.MqttPushService pkg=com.facebook.katana proc=42a4cec0} without owner
F/ProcessStats( 1025): Starting service ServiceState{428fdff0 com.facebook.push.mqtt.service.MqttPushService pkg=com.facebook.orca proc=428fdff0} without owner
I/ActivityManager( 1025): Start proc com.facebook.katana:dash for broadcast com.facebook.katana/com.facebook.dash.receivers.DashPackageUninstallReceiver: pid=23256 uid=10110 gids={50110, 1028, 1015, 3003}
W/dalvikvm(23256): VFY: unable to resolve static field 29078 (a) in Lcom/facebook/katana/app/WorkAppTypes;
D/dalvikvm(23256): VFY: replacing opcode 0x62 at 0x0013
W/dalvikvm(23256): VFY: unable to resolve static field 29079 (b) in Lcom/facebook/katana/app/WorkAppTypes;
D/dalvikvm(23256): VFY: replacing opcode 0x62 at 0x001d
E/dalvikvm(23256): Could not find class 'com.facebook.katana.app.WallpaperFacebookApplicationImpl', referenced from method com.facebook.katana.app.FacebookApplication.a
W/dalvikvm(23256): VFY: unable to resolve new-instance 379 (Lcom/facebook/katana/app/WallpaperFacebookApplicationImpl;) in Lcom/facebook/katana/app/FacebookApplication;
D/dalvikvm(23256): VFY: replacing opcode 0x22 at 0x00a9
D/dalvikvm(23256): DexOpt: unable to opt direct call 0x055f at 0xab in Lcom/facebook/katana/app/FacebookApplication;.a
D/CatchMeIfYouCan(23256): Process (dash) ca: '/data/data/com.facebook.katana/app_cmiyc/0C66B38F48468E96F8008B6D5A2AE33B4A60265E01'
D/CatchMeIfYouCan(23256): Process (dash) fc: '/data/data/com.facebook.katana/app_cmiyc/0C66B38F48468E96F8008B6D5A2AE33B4A60265E02'
D/CatchMeIfYouCan(23256): Process (dash) cp: '('dash', 6, 60000, silent [true], restart [true], logout [true])'
D/ACRA    (23256): ACRA is enabled for com.facebook.katana, intializing...
D/ACRA    (23256): Looking for error files in /data/data/com.facebook.katana/app_acra-reports
D/ACRA    (23256): Looking for error files in /data/data/com.facebook.katana/app_minidumps
D/dalvikvm(23256): Trying to load lib /data/app-lib/com.facebook.katana-1/libgnustl_shared.so 0x41faec38
D/dalvikvm(23256): Added shared lib /data/app-lib/com.facebook.katana-1/libgnustl_shared.so 0x41faec38
D/dalvikvm(23256): No JNI_OnLoad found in /data/app-lib/com.facebook.katana-1/libgnustl_shared.so 0x41faec38, skipping init
D/dalvikvm(23256): Trying to load lib /data/app-lib/com.facebook.katana-1/libfb_breakpad_client.so 0x41faec38
D/dalvikvm(23256): Added shared lib /data/app-lib/com.facebook.katana-1/libfb_breakpad_client.so 0x41faec38
D/dalvikvm(23256): Trying to load lib /data/app-lib/com.facebook.katana-1/libfb_dalvik-internals.so 0x41faec38
D/dalvikvm(23256): Added shared lib /data/app-lib/com.facebook.katana-1/libfb_dalvik-internals.so 0x41faec38
V/DexLibLoader(23256): about to lock: /data/data/com.facebook.katana/mdex_lock
V/DexLibLoader(23256): locking /data/data/com.facebook.katana/mdex_lock took 1 ms
V/DexLibLoader(23256): Secondary program dex metadata: secondary-1.dex.jar.xz 15ef54b77950d1e6c1cbc3342a20571a9fd8050d secondary.dex01.Canary
V/DexLibLoader(23256): Secondary program dex metadata: secondary-2.dex.jar.xz 14bcaeed5ad488eaf139a59d22cf00efbde5948b secondary.dex02.Canary
V/DexLibLoader(23256): Secondary program dex metadata: secondary-3.dex.jar.xz e8acf246c92474061a3e0f7dafec5559e33da2c5 secondary.dex03.Canary
V/DexLibLoader(23256): Secondary program dex metadata: secondary-4.dex.jar.xz 1d7a13e77be07efb41a2c80160a9aec6fff27ad1 secondary.dex04.Canary
V/DexLibLoader(23256): Secondary program dex metadata: secondary-5.dex.jar.xz 42761fa3dedc1f1a9503bece4f2db80adf01f775 secondary.dex05.Canary
V/DexLibLoader(23256): Secondary program dex metadata: secondary-6.dex.jar.xz 1b4455e1ba1ff38a86723e24cd334fa1062519f1 secondary.dex06.Canary
V/DexLibLoader(23256): Secondary program dex metadata: secondary-7.dex.jar.xz a54de6ef97459e1e5b5c8f874a889a38965d3446 secondary.dex07.Canary
V/DexLibLoader(23256): directory "/data/data/com.facebook.katana/app_secondary_program_dex" contains "program-15ef54b77950d1e6c1cbc3342a20571a9fd8050d6661a1c7.dex.jar" as expected
V/DexLibLoader(23256): directory "/data/data/com.facebook.katana/app_secondary_program_dex" contains "program-14bcaeed5ad488eaf139a59d22cf00efbde5948b6661a1c7.dex.jar" as expected
V/DexLibLoader(23256): directory "/data/data/com.facebook.katana/app_secondary_program_dex" contains "program-e8acf246c92474061a3e0f7dafec5559e33da2c56661a1c7.dex.jar" as expected
V/DexLibLoader(23256): directory "/data/data/com.facebook.katana/app_secondary_program_dex" contains "program-1d7a13e77be07efb41a2c80160a9aec6fff27ad16661a1c7.dex.jar" as expected
V/DexLibLoader(23256): directory "/data/data/com.facebook.katana/app_secondary_program_dex" contains "program-42761fa3dedc1f1a9503bece4f2db80adf01f7756661a1c7.dex.jar" as expected
V/DexLibLoader(23256): directory "/data/data/com.facebook.katana/app_secondary_program_dex" contains "program-1b4455e1ba1ff38a86723e24cd334fa1062519f16661a1c7.dex.jar" as expected
V/DexLibLoader(23256): directory "/data/data/com.facebook.katana/app_secondary_program_dex" contains "program-a54de6ef97459e1e5b5c8f874a889a38965d34466661a1c7.dex.jar" as expected
D/DexLibLoader(23256): ignoring file "program-15ef54b77950d1e6c1cbc3342a20571a9fd8050d6661a1c7.dex.odex" in "/data/data/com.facebook.katana/app_secondary_program_dex"
D/DexLibLoader(23256): ignoring file "program-14bcaeed5ad488eaf139a59d22cf00efbde5948b6661a1c7.dex.odex" in "/data/data/com.facebook.katana/app_secondary_program_dex"
D/DexLibLoader(23256): ignoring file "program-e8acf246c92474061a3e0f7dafec5559e33da2c56661a1c7.dex.odex" in "/data/data/com.facebook.katana/app_secondary_program_dex"
D/DexLibLoader(23256): ignoring file "program-1d7a13e77be07efb41a2c80160a9aec6fff27ad16661a1c7.dex.odex" in "/data/data/com.facebook.katana/app_secondary_program_dex"
D/DexLibLoader(23256): ignoring file "program-42761fa3dedc1f1a9503bece4f2db80adf01f7756661a1c7.dex.odex" in "/data/data/com.facebook.katana/app_secondary_program_dex"
D/DexLibLoader(23256): ignoring file "program-1b4455e1ba1ff38a86723e24cd334fa1062519f16661a1c7.dex.odex" in "/data/data/com.facebook.katana/app_secondary_program_dex"
D/DexLibLoader(23256): ignoring file "program-a54de6ef97459e1e5b5c8f874a889a38965d34466661a1c7.dex.odex" in "/data/data/com.facebook.katana/app_secondary_program_dex"
D/DexLibLoader(23256): directory "/data/data/com.facebook.katana/app_secondary_program_dex" is valid
D/DexLibLoader(23256): ignoring file "primary_deps" in "/data/data/com.facebook.katana/app_secondary_program_dex_opt"
V/DexLibLoader(23256): directory "/data/data/com.facebook.katana/app_secondary_program_dex_opt" contains "program-15ef54b77950d1e6c1cbc3342a20571a9fd8050d6661a1c7.dex.dex" as expected
V/DexLibLoader(23256): directory "/data/data/com.facebook.katana/app_secondary_program_dex_opt" contains "program-14bcaeed5ad488eaf139a59d22cf00efbde5948b6661a1c7.dex.dex" as expected
V/DexLibLoader(23256): directory "/data/data/com.facebook.katana/app_secondary_program_dex_opt" contains "program-e8acf246c92474061a3e0f7dafec5559e33da2c56661a1c7.dex.dex" as expected
V/DexLibLoader(23256): directory "/data/data/com.facebook.katana/app_secondary_program_dex_opt" contains "program-1d7a13e77be07efb41a2c80160a9aec6fff27ad16661a1c7.dex.dex" as expected
V/DexLibLoader(23256): directory "/data/data/com.facebook.katana/app_secondary_program_dex_opt" contains "program-42761fa3dedc1f1a9503bece4f2db80adf01f7756661a1c7.dex.dex" as expected
V/DexLibLoader(23256): directory "/data/data/com.facebook.katana/app_secondary_program_dex_opt" contains "program-1b4455e1ba1ff38a86723e24cd334fa1062519f16661a1c7.dex.dex" as expected
V/DexLibLoader(23256): directory "/data/data/com.facebook.katana/app_secondary_program_dex_opt" contains "program-a54de6ef97459e1e5b5c8f874a889a38965d34466661a1c7.dex.dex" as expected
D/DexLibLoader(23256): directory "/data/data/com.facebook.katana/app_secondary_program_dex_opt" is valid
D/DexLibLoader(23256): loading pre-built cross-dex opt odex files
V/dalvik-internals(23256): hooked dvmResolveClass using jump ()
V/dalvik-internals(23256): hooked dvmFlushBreakpoints using jump ()
I/ActivityManager( 1025): Process com.motorola.MotGallery2 (pid 23161) has died.
F/ProcessStats( 1025): Starting service ServiceState{42c48c08 com.whatsapp.messaging.MessageService pkg=com.whatsapp proc=42c48c08} without owner
F/ProcessStats( 1025): Starting service ServiceState{43399718 com.paypal.android.p2pmobile.services.AtoService pkg=com.paypal.android.p2pmobile proc=43399718} without owner
F/ProcessStats( 1025): Starting service ServiceState{43231e48 com.paypal.android.p2pmobile.services.WalletService pkg=com.paypal.android.p2pmobile proc=43231e48} without owner
F/ProcessStats( 1025): Starting service ServiceState{42a4cec0 com.facebook.push.mqtt.service.MqttPushService pkg=com.facebook.katana proc=42a4cec0} without owner
F/ProcessStats( 1025): Starting service ServiceState{428fdff0 com.facebook.push.mqtt.service.MqttPushService pkg=com.facebook.orca proc=428fdff0} without owner
V/MultiDexClassLoader(23256): installing MultiDexClassLoader before application classloader
I/dalvikvm(23256): Could not find method dalvik.system.DexFile.loadClassBinaryName, referenced from method com.facebook.common.dextricks.DexFileLoadOld.a
W/dalvikvm(23256): VFY: unable to resolve virtual method 2073: Ldalvik/system/DexFile;.loadClassBinaryName (Ljava/lang/String;Ljava/lang/ClassLoader;)Ljava/lang/Class;
D/dalvikvm(23256): VFY: replacing opcode 0x6e at 0x0000
D/dalvikvm(27213): GC_CONCURRENT freed 2427K, 46% free 11140K/20348K, paused 3ms+3ms, total 30ms
I/SFPerfTracer(  274):      triggers: (rate: 1130:449183) (342155 sw vsyncs) (1052784 skipped) (19:3348347 vsyncs) (21:4199862)
D/DexLibLoader(23256): released odex store lock
D/DexLibLoader(23256): DexLibLoader.loadAll took 165 ms
D/MemoryReductionHack(23256): Marked as initialized entry corresponding to path /data/app/com.facebook.katana-1.apk
V/dalvik-internals(23256): hooked dvmLinearAlloc using jump ()
V/dalvik-internals(23256): hooked dvmLinearRealloc using jump ()
V/dalvik-internals(23256): hooked dvmLinearFree using jump ()
V/dalvik-internals(23256): hooked dvmLinearStrdup using jump ()
V/dalvik-internals(23256): hooked dvmLinearAllocContains using jump ()
I/dalvik-internals(23256): enlarged linearalloc buffer to 33554432 bytes
D/WifiStateMachine( 1025): handleMessage: E msg.what=151572
D/WifiStateMachine( 1025): processMsg: ConnectedState
D/WifiStateMachine( 1025): processMsg: L2ConnectedState
D/WifiStateMachine( 1025): handleMessage: X
W/StaticBindingVerifier(23256): Verify
I/dalvikvm(23256): Could not find method com.facebook.resources.FbResources.getDrawable, referenced from method com.facebook.resources.impl.DownloadedFbResources.getDrawable
W/dalvikvm(23256): VFY: unable to resolve virtual method 48479: Lcom/facebook/resources/FbResources;.getDrawable (ILandroid/content/res/Resources$Theme;)Landroid/graphics/drawable/Drawable;
D/dalvikvm(23256): VFY: replacing opcode 0x6f at 0x0031
I/ActivityManager( 1025): Start proc com.facebook.katana for content provider com.facebook.katana/.provider.orca.FbSharedPreferencesContentProvider: pid=23287 uid=10110 gids={50110, 1028, 1015, 3003}
D/WifiService( 1025): New client listening to asynchronous messages
F/ProcessStats( 1025): Starting service ServiceState{42c48c08 com.whatsapp.messaging.MessageService pkg=com.whatsapp proc=42c48c08} without owner
F/ProcessStats( 1025): Starting service ServiceState{43399718 com.paypal.android.p2pmobile.services.AtoService pkg=com.paypal.android.p2pmobile proc=43399718} without owner
F/ProcessStats( 1025): Starting service ServiceState{43231e48 com.paypal.android.p2pmobile.services.WalletService pkg=com.paypal.android.p2pmobile proc=43231e48} without owner
F/ProcessStats( 1025): Starting service ServiceState{428fdff0 com.facebook.push.mqtt.service.MqttPushService pkg=com.facebook.orca proc=428fdff0} without owner
I/ActivityManager( 1025): Process com.google.android.googlequicksearchbox:search (pid 23184) has died.
F/ProcessStats( 1025): Starting service ServiceState{42c48c08 com.whatsapp.messaging.MessageService pkg=com.whatsapp proc=42c48c08} without owner
W/dalvikvm(23287): VFY: unable to resolve static field 29078 (a) in Lcom/facebook/katana/app/WorkAppTypes;
D/dalvikvm(23287): VFY: replacing opcode 0x62 at 0x0013
W/dalvikvm(23287): VFY: unable to resolve static field 29079 (b) in Lcom/facebook/katana/app/WorkAppTypes;
D/dalvikvm(23287): VFY: replacing opcode 0x62 at 0x001d
E/dalvikvm(23287): Could not find class 'com.facebook.katana.app.WallpaperFacebookApplicationImpl', referenced from method com.facebook.katana.app.FacebookApplication.a
W/dalvikvm(23287): VFY: unable to resolve new-instance 379 (Lcom/facebook/katana/app/WallpaperFacebookApplicationImpl;) in Lcom/facebook/katana/app/FacebookApplication;
D/dalvikvm(23287): VFY: replacing opcode 0x22 at 0x00a9
F/ProcessStats( 1025): Starting service ServiceState{43399718 com.paypal.android.p2pmobile.services.AtoService pkg=com.paypal.android.p2pmobile proc=43399718} without owner
D/dalvikvm(23287): DexOpt: unable to opt direct call 0x055f at 0xab in Lcom/facebook/katana/app/FacebookApplication;.a
F/ProcessStats( 1025): Starting service ServiceState{43231e48 com.paypal.android.p2pmobile.services.WalletService pkg=com.paypal.android.p2pmobile proc=43231e48} without owner
F/ProcessStats( 1025): Starting service ServiceState{428fdff0 com.facebook.push.mqtt.service.MqttPushService pkg=com.facebook.orca proc=428fdff0} without owner
I/ActivityManager( 1025): Start proc com.google.android.partnersetup for broadcast com.google.android.partnersetup/.RlzPingBroadcastReceiver: pid=23304 uid=10025 gids={50025, 3003}
D/CatchMeIfYouCan(23287): Process (<default>) ca: '/data/user/0/com.facebook.katana/app_cmiyc/A1657CCD543F12E66E587EE52ED9D802E22AAC4701'
D/CatchMeIfYouCan(23287): Process (<default>) fc: '/data/user/0/com.facebook.katana/app_cmiyc/A1657CCD543F12E66E587EE52ED9D802E22AAC4702'
D/CatchMeIfYouCan(23287): Process (<default>) cp: '('default', 3, 120000, silent [true], restart [false], logout [false])'
D/ACRA    (23287): ACRA is enabled for com.facebook.katana, intializing...
D/ACRA    (23287): Looking for error files in /data/user/0/com.facebook.katana/app_acra-reports
D/ACRA    (23287): Looking for error files in /data/user/0/com.facebook.katana/app_minidumps
D/dalvikvm(23287): Trying to load lib /data/app-lib/com.facebook.katana-1/libgnustl_shared.so 0x41fbb450
D/dalvikvm(23287): Added shared lib /data/app-lib/com.facebook.katana-1/libgnustl_shared.so 0x41fbb450
D/dalvikvm(23287): No JNI_OnLoad found in /data/app-lib/com.facebook.katana-1/libgnustl_shared.so 0x41fbb450, skipping init
D/dalvikvm(23287): Trying to load lib /data/app-lib/com.facebook.katana-1/libfb_breakpad_client.so 0x41fbb450
D/dalvikvm(23287): Added shared lib /data/app-lib/com.facebook.katana-1/libfb_breakpad_client.so 0x41fbb450
D/dalvikvm(23287): Trying to load lib /data/app-lib/com.facebook.katana-1/libfb_dalvik-internals.so 0x41fbb450
D/dalvikvm(23287): Added shared lib /data/app-lib/com.facebook.katana-1/libfb_dalvik-internals.so 0x41fbb450
V/DexLibLoader(23287): about to lock: /data/user/0/com.facebook.katana/mdex_lock
V/DexLibLoader(23287): locking /data/user/0/com.facebook.katana/mdex_lock took 1 ms
V/DexLibLoader(23287): Secondary program dex metadata: secondary-1.dex.jar.xz 15ef54b77950d1e6c1cbc3342a20571a9fd8050d secondary.dex01.Canary
V/DexLibLoader(23287): Secondary program dex metadata: secondary-2.dex.jar.xz 14bcaeed5ad488eaf139a59d22cf00efbde5948b secondary.dex02.Canary
V/DexLibLoader(23287): Secondary program dex metadata: secondary-3.dex.jar.xz e8acf246c92474061a3e0f7dafec5559e33da2c5 secondary.dex03.Canary
V/DexLibLoader(23287): Secondary program dex metadata: secondary-4.dex.jar.xz 1d7a13e77be07efb41a2c80160a9aec6fff27ad1 secondary.dex04.Canary
V/DexLibLoader(23287): Secondary program dex metadata: secondary-5.dex.jar.xz 42761fa3dedc1f1a9503bece4f2db80adf01f775 secondary.dex05.Canary
V/DexLibLoader(23287): Secondary program dex metadata: secondary-6.dex.jar.xz 1b4455e1ba1ff38a86723e24cd334fa1062519f1 secondary.dex06.Canary
V/DexLibLoader(23287): Secondary program dex metadata: secondary-7.dex.jar.xz a54de6ef97459e1e5b5c8f874a889a38965d3446 secondary.dex07.Canary
V/DexLibLoader(23287): directory "/data/user/0/com.facebook.katana/app_secondary_program_dex" contains "program-15ef54b77950d1e6c1cbc3342a20571a9fd8050d6661a1c7.dex.jar" as expected
V/DexLibLoader(23287): directory "/data/user/0/com.facebook.katana/app_secondary_program_dex" contains "program-14bcaeed5ad488eaf139a59d22cf00efbde5948b6661a1c7.dex.jar" as expected
V/DexLibLoader(23287): directory "/data/user/0/com.facebook.katana/app_secondary_program_dex" contains "program-e8acf246c92474061a3e0f7dafec5559e33da2c56661a1c7.dex.jar" as expected
V/DexLibLoader(23287): directory "/data/user/0/com.facebook.katana/app_secondary_program_dex" contains "program-1d7a13e77be07efb41a2c80160a9aec6fff27ad16661a1c7.dex.jar" as expected
V/DexLibLoader(23287): directory "/data/user/0/com.facebook.katana/app_secondary_program_dex" contains "program-42761fa3dedc1f1a9503bece4f2db80adf01f7756661a1c7.dex.jar" as expected
V/DexLibLoader(23287): directory "/data/user/0/com.facebook.katana/app_secondary_program_dex" contains "program-1b4455e1ba1ff38a86723e24cd334fa1062519f16661a1c7.dex.jar" as expected
V/DexLibLoader(23287): directory "/data/user/0/com.facebook.katana/app_secondary_program_dex" contains "program-a54de6ef97459e1e5b5c8f874a889a38965d34466661a1c7.dex.jar" as expected
D/DexLibLoader(23287): ignoring file "program-15ef54b77950d1e6c1cbc3342a20571a9fd8050d6661a1c7.dex.odex" in "/data/user/0/com.facebook.katana/app_secondary_program_dex"
D/DexLibLoader(23287): ignoring file "program-14bcaeed5ad488eaf139a59d22cf00efbde5948b6661a1c7.dex.odex" in "/data/user/0/com.facebook.katana/app_secondary_program_dex"
I/ActivityManager( 1025): Start proc com.android.vending for broadcast com.android.vending/com.google.android.finsky.receivers.PackageMonitorReceiver$RegisteredReceiver: pid=23318 uid=10039 gids={50039, 3003, 1028, 1015}
D/DexLibLoader(23287): ignoring file "program-e8acf246c92474061a3e0f7dafec5559e33da2c56661a1c7.dex.odex" in "/data/user/0/com.facebook.katana/app_secondary_program_dex"
D/DexLibLoader(23287): ignoring file "program-1d7a13e77be07efb41a2c80160a9aec6fff27ad16661a1c7.dex.odex" in "/data/user/0/com.facebook.katana/app_secondary_program_dex"
D/DexLibLoader(23287): ignoring file "program-42761fa3dedc1f1a9503bece4f2db80adf01f7756661a1c7.dex.odex" in "/data/user/0/com.facebook.katana/app_secondary_program_dex"
D/DexLibLoader(23287): ignoring file "program-1b4455e1ba1ff38a86723e24cd334fa1062519f16661a1c7.dex.odex" in "/data/user/0/com.facebook.katana/app_secondary_program_dex"
D/DexLibLoader(23287): ignoring file "program-a54de6ef97459e1e5b5c8f874a889a38965d34466661a1c7.dex.odex" in "/data/user/0/com.facebook.katana/app_secondary_program_dex"
D/DexLibLoader(23287): directory "/data/user/0/com.facebook.katana/app_secondary_program_dex" is valid
D/DexLibLoader(23287): ignoring file "primary_deps" in "/data/user/0/com.facebook.katana/app_secondary_program_dex_opt"
V/DexLibLoader(23287): directory "/data/user/0/com.facebook.katana/app_secondary_program_dex_opt" contains "program-15ef54b77950d1e6c1cbc3342a20571a9fd8050d6661a1c7.dex.dex" as expected
V/DexLibLoader(23287): directory "/data/user/0/com.facebook.katana/app_secondary_program_dex_opt" contains "program-14bcaeed5ad488eaf139a59d22cf00efbde5948b6661a1c7.dex.dex" as expected
V/DexLibLoader(23287): directory "/data/user/0/com.facebook.katana/app_secondary_program_dex_opt" contains "program-e8acf246c92474061a3e0f7dafec5559e33da2c56661a1c7.dex.dex" as expected
V/DexLibLoader(23287): directory "/data/user/0/com.facebook.katana/app_secondary_program_dex_opt" contains "program-1d7a13e77be07efb41a2c80160a9aec6fff27ad16661a1c7.dex.dex" as expected
V/DexLibLoader(23287): directory "/data/user/0/com.facebook.katana/app_secondary_program_dex_opt" contains "program-42761fa3dedc1f1a9503bece4f2db80adf01f7756661a1c7.dex.dex" as expected
V/DexLibLoader(23287): directory "/data/user/0/com.facebook.katana/app_secondary_program_dex_opt" contains "program-1b4455e1ba1ff38a86723e24cd334fa1062519f16661a1c7.dex.dex" as expected
V/DexLibLoader(23287): directory "/data/user/0/com.facebook.katana/app_secondary_program_dex_opt" contains "program-a54de6ef97459e1e5b5c8f874a889a38965d34466661a1c7.dex.dex" as expected
D/DexLibLoader(23287): directory "/data/user/0/com.facebook.katana/app_secondary_program_dex_opt" is valid
D/dalvikvm(  275): GC_EXPLICIT freed 43K, 48% free 9011K/17224K, paused 2ms+2ms, total 24ms
D/dalvikvm(  275): GC_EXPLICIT freed <1K, 48% free 9011K/17224K, paused 1ms+2ms, total 17ms
D/dalvikvm(  275): GC_EXPLICIT freed <1K, 48% free 9011K/17224K, paused 1ms+2ms, total 17ms
D/DexLibLoader(23287): loading pre-built cross-dex opt odex files
V/dalvik-internals(23287): hooked dvmResolveClass using jump ()
V/dalvik-internals(23287): hooked dvmFlushBreakpoints using jump ()
V/MultiDexClassLoader(23287): installing MultiDexClassLoader before application classloader
I/dalvikvm(23287): Could not find method dalvik.system.DexFile.loadClassBinaryName, referenced from method com.facebook.common.dextricks.DexFileLoadOld.a
W/dalvikvm(23287): VFY: unable to resolve virtual method 2073: Ldalvik/system/DexFile;.loadClassBinaryName (Ljava/lang/String;Ljava/lang/ClassLoader;)Ljava/lang/Class;
D/dalvikvm(23287): VFY: replacing opcode 0x6e at 0x0000
D/DexLibLoader(23287): released odex store lock
D/DexLibLoader(23287): DexLibLoader.loadAll took 88 ms
D/MemoryReductionHack(23287): Marked as initialized entry corresponding to path /data/app/com.facebook.katana-1.apk
F/ProcessStats( 1025): Starting service ServiceState{42c48c08 com.whatsapp.messaging.MessageService pkg=com.whatsapp proc=42c48c08} without owner
F/ProcessStats( 1025): Starting service ServiceState{43399718 com.paypal.android.p2pmobile.services.AtoService pkg=com.paypal.android.p2pmobile proc=43399718} without owner
F/ProcessStats( 1025): Starting service ServiceState{43231e48 com.paypal.android.p2pmobile.services.WalletService pkg=com.paypal.android.p2pmobile proc=43231e48} without owner
F/ProcessStats( 1025): Starting service ServiceState{428fdff0 com.facebook.push.mqtt.service.MqttPushService pkg=com.facebook.orca proc=428fdff0} without owner
I/ActivityManager( 1025): Process com.evernote (pid 23196) has died.
F/ProcessStats( 1025): Starting service ServiceState{42c48c08 com.whatsapp.messaging.MessageService pkg=com.whatsapp proc=42c48c08} without owner
F/ProcessStats( 1025): Starting service ServiceState{43399718 com.paypal.android.p2pmobile.services.AtoService pkg=com.paypal.android.p2pmobile proc=43399718} without owner
F/ProcessStats( 1025): Starting service ServiceState{43231e48 com.paypal.android.p2pmobile.services.WalletService pkg=com.paypal.android.p2pmobile proc=43231e48} without owner
F/ProcessStats( 1025): Starting service ServiceState{428fdff0 com.facebook.push.mqtt.service.MqttPushService pkg=com.facebook.orca proc=428fdff0} without owner
D/GcOptimizer(23287): Enabled
V/dalvik-internals(23287): hooked dvmLinearAlloc using jump ()
V/dalvik-internals(23287): hooked dvmLinearRealloc using jump ()
V/dalvik-internals(23287): hooked dvmLinearFree using jump ()
V/dalvik-internals(23287): hooked dvmLinearStrdup using jump ()
V/dalvik-internals(23287): hooked dvmLinearAllocContains using jump ()
I/dalvik-internals(23287): enlarged linearalloc buffer to 33554432 bytes
I/ActivityManager( 1025): START u0 {act=android.intent.action.MAIN cat=[android.intent.category.LAUNCHER] flg=0x10000000 pkg=co.giftmeapp.gift_me cmp=co.giftmeapp.gift_me/.GiftMe} from pid 22904
W/ContextImpl( 1295): Calling a method in the system process without a qualified user: android.app.ContextImpl.sendBroadcast:1252 android.content.ContextWrapper.sendBroadcast:365 com.motorola.motocare.util.TriggerHelper$TriggerBuilder.send:76 com.motorola.motocare.internal.frameworkevents.PauseResumeTrigger.handleFrameworkEvent:53 com.motorola.motocare.internal.frameworkevents.FwEventMonitor$FrameworkListener.processFrameworkEvent:114 
I/ActivityManager( 1025): Start proc co.giftmeapp.gift_me for activity co.giftmeapp.gift_me/.GiftMe: pid=23350 uid=10155 gids={50155, 3003, 1028, 1015}
I/dalvikvm(23350): Enabling JNI app bug workarounds for target SDK version 7...
W/ContextImpl( 1295): Calling a method in the system process without a qualified user: android.app.ContextImpl.sendBroadcast:1252 android.content.ContextWrapper.sendBroadcast:365 com.motorola.motocare.util.TriggerHelper$TriggerBuilder.send:76 com.motorola.motocare.internal.frameworkevents.PauseResumeTrigger.handleFrameworkEvent:53 com.motorola.motocare.internal.frameworkevents.FwEventMonitor$FrameworkListener.processFrameworkEvent:114 
V/PhoneStatusBar( 1119): setLightsOn(true)
D/Finsky  (23318): [1] FinskyApp.onCreate: Initializing network with DFE https://android.clients.google.com/fdfe/
D/WifiStateMachine( 1025): handleMessage: E msg.what=151572
D/WifiStateMachine( 1025): processMsg: ConnectedState
D/WifiStateMachine( 1025): processMsg: L2ConnectedState
D/WifiStateMachine( 1025): handleMessage: X
D/WifiStateMachine( 1025): handleMessage: E msg.what=131155
D/WifiStateMachine( 1025): processMsg: ConnectedState
D/WifiStateMachine( 1025): processMsg: L2ConnectedState
I/CordovaLog(23350): Changing log level to DEBUG(3)
D/CordovaActivity(23350): CordovaActivity.init()
D/WifiStateMachine( 1025): handleMessage: X
I/dalvikvm(23350): Could not find method android.webkit.CookieManager.setAcceptThirdPartyCookies, referenced from method org.apache.cordova.CordovaWebView.initWebViewSettings
W/dalvikvm(23350): VFY: unable to resolve virtual method 6387: Landroid/webkit/CookieManager;.setAcceptThirdPartyCookies (Landroid/webkit/WebView;Z)V
D/dalvikvm(23350): VFY: replacing opcode 0x6e at 0x002a
V/WebViewChromiumFactoryProvider(23350): Binding Chromium to main looper Looper (main, tid 1) {41fa1d18}
I/LibraryLoader(23350): Expected native library version number "",actual native library version number ""
I/chromium(23350): [INFO:library_loader_hooks.cc(116)] Chromium logging enabled: level = 0, default verbosity = 0
I/BrowserStartupController(23350): Initializing chromium process, renderers=0
E/AudioManagerAndroid(23350): BLUETOOTH permission is missing!
I/Adreno-EGL(23350): <qeglDrvAPI_eglInitialize:410>: EGL 1.4 QUALCOMM build: AU_LINUX_ANDROID_LNX.LA.3.5.1_RB1.04.04.02.048.018_msm8226_LNX.LA.3.5.1_RB1__release_AU ()
I/Adreno-EGL(23350): OpenGL ES Shader Compiler Version: E031.24.00.08
I/Adreno-EGL(23350): Build Date: 03/07/14 Fri
I/Adreno-EGL(23350): Local Branch: 
I/Adreno-EGL(23350): Remote Branch: quic/LNX.LA.3.5.1_RB1.1
I/Adreno-EGL(23350): Local Patches: NONE
I/Adreno-EGL(23350): Reconstruct Branch: AU_LINUX_ANDROID_LNX.LA.3.5.1_RB1.04.04.02.048.018 + f2fd134 +  NOTHING
W/StaticBindingVerifier(23287): Verify
D/Finsky  (23318): [1] DailyHygiene.goMakeHygieneIfDirty: No need to run daily hygiene.
W/chromium(23350): [WARNING:proxy_service.cc(890)] PAC support disabled because there is no system implementation
I/dalvikvm(23287): Could not find method com.facebook.resources.FbResources.getDrawable, referenced from method com.facebook.resources.impl.DownloadedFbResources.getDrawable
W/dalvikvm(23287): VFY: unable to resolve virtual method 48479: Lcom/facebook/resources/FbResources;.getDrawable (ILandroid/content/res/Resources$Theme;)Landroid/graphics/drawable/Drawable;
D/dalvikvm(23287): VFY: replacing opcode 0x6f at 0x0031
D/CordovaActivity(23350): CordovaActivity.createViews()
W/dalvikvm(23350): VFY: unable to find class referenced in signature (Landroid/webkit/ClientCertRequest;)
W/dalvikvm(23350): VFY: unable to find class referenced in signature (Landroid/webkit/ClientCertRequest;)
I/dalvikvm(23350): Could not find method android.webkit.WebViewClient.onReceivedClientCertRequest, referenced from method org.apache.cordova.CordovaWebViewClient.onReceivedClientCertRequest
W/dalvikvm(23350): VFY: unable to resolve virtual method 6462: Landroid/webkit/WebViewClient;.onReceivedClientCertRequest (Landroid/webkit/WebView;Landroid/webkit/ClientCertRequest;)V
D/dalvikvm(23350): VFY: replacing opcode 0x6f at 0x001c
W/Settings(23318): Setting download_manager_max_bytes_over_mobile has moved from android.provider.Settings.Secure to android.provider.Settings.Global.
W/Settings(23318): Setting download_manager_recommended_max_bytes_over_mobile has moved from android.provider.Settings.Secure to android.provider.Settings.Global.
I/dalvikvm(23350): Could not find method android.webkit.WebChromeClient$FileChooserParams.createIntent, referenced from method org.apache.cordova.CordovaChromeClient.onShowFileChooser
W/dalvikvm(23350): VFY: unable to resolve virtual method 6406: Landroid/webkit/WebChromeClient$FileChooserParams;.createIntent ()Landroid/content/Intent;
D/dalvikvm(23350): VFY: replacing opcode 0x6e at 0x0000
D/PluginManager(23350): init()
D/CordovaWebView(23350): CordovaWebView is running on device made by: motorola
D/CordovaWebView(23350): >>> loadUrl(file:///android_asset/www/index.html)
D/CordovaWebView(23350): >>> loadUrlNow()
I/dalvikvm(23318): Could not find method com.google.android.play.layout.PlayCardViewBase.setTransitionName, referenced from method com.google.android.finsky.utils.PlayCardUtils.bindCard
W/dalvikvm(23318): VFY: unable to resolve virtual method 42705: Lcom/google/android/play/layout/PlayCardViewBase;.setTransitionName (Ljava/lang/String;)V
D/dalvikvm(23318): VFY: replacing opcode 0x6e at 0x00d9
I/dalvikvm(23318): Could not find method com.google.android.play.layout.PlayCardViewBase.setTransitionGroup, referenced from method com.google.android.finsky.utils.PlayCardUtils.bindCard
W/dalvikvm(23318): VFY: unable to resolve virtual method 42704: Lcom/google/android/play/layout/PlayCardViewBase;.setTransitionGroup (Z)V
D/dalvikvm(23318): VFY: replacing opcode 0x6e at 0x0246
D/WifiService( 1025): New client listening to asynchronous messages
I/dalvikvm(23318): Could not find method android.view.View.getTransitionName, referenced from method com.google.android.finsky.navigationmanager.NavigationManager.showPage
W/dalvikvm(23318): VFY: unable to resolve virtual method 9352: Landroid/view/View;.getTransitionName ()Ljava/lang/String;
D/dalvikvm(23318): VFY: replacing opcode 0x6e at 0x001a
D/CordovaActivity(23350): Resuming the App
F/ProcessStats( 1025): Starting service ServiceState{42c48c08 com.whatsapp.messaging.MessageService pkg=com.whatsapp proc=42c48c08} without owner
F/ProcessStats( 1025): Starting service ServiceState{43399718 com.paypal.android.p2pmobile.services.AtoService pkg=com.paypal.android.p2pmobile proc=43399718} without owner
F/ProcessStats( 1025): Starting service ServiceState{43231e48 com.paypal.android.p2pmobile.services.WalletService pkg=com.paypal.android.p2pmobile proc=43231e48} without owner
F/ProcessStats( 1025): Starting service ServiceState{428fdff0 com.facebook.push.mqtt.service.MqttPushService pkg=com.facebook.orca proc=428fdff0} without owner
D/Finsky  (23318): [1] 2.run: Loaded library for account: [gKXbJhL8NA2nPUzZyFpjB6tKi7U]
D/Finsky  (23318): [1] 2.run: Finished loading 1 libraries.
I/ActivityManager( 1025): Process com.evernote.widget (pid 23233) has died.
F/ProcessStats( 1025): Starting service ServiceState{42c48c08 com.whatsapp.messaging.MessageService pkg=com.whatsapp proc=42c48c08} without owner
F/ProcessStats( 1025): Starting service ServiceState{43399718 com.paypal.android.p2pmobile.services.AtoService pkg=com.paypal.android.p2pmobile proc=43399718} without owner
F/ProcessStats( 1025): Starting service ServiceState{43231e48 com.paypal.android.p2pmobile.services.WalletService pkg=com.paypal.android.p2pmobile proc=43231e48} without owner
F/ProcessStats( 1025): Starting service ServiceState{428fdff0 com.facebook.push.mqtt.service.MqttPushService pkg=com.facebook.orca proc=428fdff0} without owner
D/AudioManagerAndroid(23350): ==> onReceive: s=0, m=1, n=h2w, sb=true
D/AudioManagerAndroid(23350): reportUpdate: state=0, devices=[Speakerphone, Headset earpiece]
D/SoftKeyboardDetect(23350): Ignore this event
D/PackageBroadcastService(21548): Received broadcast action=android.intent.action.PACKAGE_ADDED and uri=co.giftmeapp.gift_me
D/Finsky  (23318): [1] GmsCoreHelper.cleanupNlp: result=false type=4
D/Finsky  (23318): [1] RestoreTracker.stopServiceIfDone: Restore complete with 0 success and 0 failed.
D/OpenGLRenderer(23350): Enabling debug mode 0
W/ContextImpl(23044): Implicit intents with startService are not safe: Intent { act=com.google.android.gms.analytics.service.START (has extras) } android.content.ContextWrapper.bindService:517 com.google.analytics.tracking.android.AnalyticsGmsCoreClient.b:82 com.google.analytics.tracking.android.GAServiceProxy.j:279 
D/dalvikvm( 1025): GC_EXPLICIT freed 4894K, 38% free 31542K/50444K, paused 5ms+22ms, total 195ms
D/SoftKeyboardDetect(23350): Ignore this event
I/ActivityManager( 1025): Start proc com.google.android.apps.docs for broadcast com.google.android.apps.docs/.receivers.AppPackageAddRemoveReceiver: pid=23424 uid=10060 gids={50060, 3003, 1028, 1015}
I/LaunchCheckinHandler( 1025): Displayed co.giftmeapp.gift_me/.GiftMe,cp,ca,933
I/ActivityManager( 1025): Displayed co.giftmeapp.gift_me/.GiftMe: +933ms
D/CordovaWebViewClient(23350): onPageStarted(file:///android_asset/www/index.html)
D/CordovaActivity(23350): onMessage(onPageStarted,file:///android_asset/www/index.html)
F/ProcessStats( 1025): Starting service ServiceState{42c48c08 com.whatsapp.messaging.MessageService pkg=com.whatsapp proc=42c48c08} without owner
I/GAV2    (23044): Thread[GAThread,1,main]: No campaign data found.
F/ProcessStats( 1025): Starting service ServiceState{43399718 com.paypal.android.p2pmobile.services.AtoService pkg=com.paypal.android.p2pmobile proc=43399718} without owner
F/ProcessStats( 1025): Starting service ServiceState{43231e48 com.paypal.android.p2pmobile.services.WalletService pkg=com.paypal.android.p2pmobile proc=43231e48} without owner
D/WifiStateMachine( 1025): handleMessage: E msg.what=151572
D/WifiStateMachine( 1025): processMsg: ConnectedState
D/WifiStateMachine( 1025): processMsg: L2ConnectedState
F/ProcessStats( 1025): Starting service ServiceState{428fdff0 com.facebook.push.mqtt.service.MqttPushService pkg=com.facebook.orca proc=428fdff0} without owner
D/WifiService( 1025): Client connection lost with reason: 4
D/WifiStateMachine( 1025): handleMessage: X
I/ActivityManager( 1025): Process com.facebook.katana:dash (pid 23256) has died.
E/rsC++   (22904): RS Message thread exiting.
F/ProcessStats( 1025): Starting service ServiceState{42c48c08 com.whatsapp.messaging.MessageService pkg=com.whatsapp proc=42c48c08} without owner
I/ConfigFetchService(21548): onStartCommand Intent { act=android.intent.action.PACKAGE_ADDED dat=package:co.giftmeapp.gift_me cmp=com.google.android.gms/.config.ConfigFetchService (has extras) }
I/ConfigFetchService(21548): launchTask
F/ProcessStats( 1025): Starting service ServiceState{43399718 com.paypal.android.p2pmobile.services.AtoService pkg=com.paypal.android.p2pmobile proc=43399718} without owner
F/ProcessStats( 1025): Starting service ServiceState{43231e48 com.paypal.android.p2pmobile.services.WalletService pkg=com.paypal.android.p2pmobile proc=43231e48} without owner
F/ProcessStats( 1025): Starting service ServiceState{428fdff0 com.facebook.push.mqtt.service.MqttPushService pkg=com.facebook.orca proc=428fdff0} without owner
I/ConfigFetchService(21548): service connected
D/ConfigFetchService(21548): ConfigApi connection successful.
D/JsMessageQueue(23350): Set native->JS mode to OnlineEventsBridgeMode
V/ConfigFetchTask(21548): ConfigFetchTask getDeviceDataVersionInfo(): ABFEt1V-yhNt-jAln3n5X1l2EvQh8u5ckyd0N67HWTmBNSmM_Sa3ZKKJOA-01hrMKAHo-LwyE7zUqDYCGEO1lHgsR8ISbNBw6CZXFaw0EiPKE8g2AeNhmo5sRnNJcs5xSFaGYn-h2A8eHSIqSUPijEM2Wqo4538E8wBCVFyV3oFvPZ2wuPaNtrhdQ-QQV9UYjLqyCvUos7hsOSUem7GgOSp4rgsJIEj4ZpPEkDn_7R7hDOc6676mi98ZVmBZlDHWdaCVf1WRnsBnNok66siOvKOZ6hmA6hPu9sjU8KBsXv2Wbgj3kK50Qv5xQbUtp-wGexwDsiuf0ZZJEBDjIAdEdyoyWiMvq5aJe1_xsprh55v6gLkcJbsNMxw
I/dalvikvm(23424): Could not find method android.app.Activity.finishAfterTransition, referenced from method r.c_
W/dalvikvm(23424): VFY: unable to resolve virtual method 2773: Landroid/app/Activity;.finishAfterTransition ()V
D/dalvikvm(23424): VFY: replacing opcode 0x6e at 0x0006
D/dalvikvm(21548): GC_EXPLICIT freed 3093K, 42% free 10089K/17224K, paused 4ms+69ms, total 157ms
W/GmsApplication(21548): Using Auth Proxy for data requests.
I/GoogleURLConnFactory(21548): Using platform SSLCertificateSocketFactory
I/GoogleURLConnFactory(21548): Using platform SSLCertificateSocketFactory
I/GLSUser (21548): [ ChannelManager ] Attempting to channel bind connection HttpClient.
W/ActivityThread(21548): ClassLoader.loadClass: The class loader returned by Thread.getContextClassLoader() may fail for processes that host multiple applications. You should explicitly specify a context class loader. For example: Thread.setContextClassLoader(getClass().getClassLoader());
I/GLSUser (21548): [ ChannelManager ] Skip channel binding on pre-KLP devices.
W/GmsApplication(21548): Using Auth Proxy for data requests.
W/GmsApplication(21548): Using Auth Proxy for data requests.
W/GmsApplication(21548): Using Auth Proxy for data requests.
W/GmsApplication(21548): Using Auth Proxy for data requests.
D/dalvikvm(23287): Trying to load lib /data/app-lib/com.facebook.katana-1/libfbjni.so 0x41fbb450
D/dalvikvm(23287): Added shared lib /data/app-lib/com.facebook.katana-1/libfbjni.so 0x41fbb450
D/dalvikvm(23287): Trying to load lib /data/app-lib/com.facebook.katana-1/libcares.so 0x41fbb450
D/CordovaLog(23350): https://js.stripe.com/v2/: Line 2 : You are using Stripe.js in live mode over an insecure connection. This is considered unsafe. Please conduct live requests only on sites served over https. For more info, see https://stripe.com/help/ssl
I/chromium(23350): [INFO:CONSOLE(2)] "You are using Stripe.js in live mode over an insecure connection. This is considered unsafe. Please conduct live requests only on sites served over https. For more info, see https://stripe.com/help/ssl", source: https://js.stripe.com/v2/ (2)
D/dalvikvm(23287): Added shared lib /data/app-lib/com.facebook.katana-1/libcares.so 0x41fbb450
D/dalvikvm(23287): No JNI_OnLoad found in /data/app-lib/com.facebook.katana-1/libcares.so 0x41fbb450, skipping init
D/dalvikvm(23287): Trying to load lib /data/app-lib/com.facebook.katana-1/libdouble-conversion.so 0x41fbb450
I/App     (23350): WARNING: Back Button Default Behavior will be overridden.  The backbutton event will be fired!
D/dalvikvm(23287): Added shared lib /data/app-lib/com.facebook.katana-1/libdouble-conversion.so 0x41fbb450
D/dalvikvm(23287): No JNI_OnLoad found in /data/app-lib/com.facebook.katana-1/libdouble-conversion.so 0x41fbb450, skipping init
D/dalvikvm(23287): Trying to load lib /data/app-lib/com.facebook.katana-1/libevent.so 0x41fbb450
D/dalvikvm(23287): Added shared lib /data/app-lib/com.facebook.katana-1/libevent.so 0x41fbb450
D/dalvikvm(23287): No JNI_OnLoad found in /data/app-lib/com.facebook.katana-1/libevent.so 0x41fbb450, skipping init
D/dalvikvm(23287): Trying to load lib /data/app-lib/com.facebook.katana-1/libliger.so 0x41fbb450
D/dalvikvm(31010): GC_EXPLICIT freed 257K, 40% free 10375K/17224K, paused 2ms+4ms, total 66ms
W/GmsApplication(21548): Using Auth Proxy for data requests.
D/CordovaLog(23350): file:///android_asset/www/js/app.js: Line 24 : Service initialized
I/chromium(23350): [INFO:CONSOLE(24)] "Service initialized", source: file:///android_asset/www/js/app.js (24)
D/CordovaLog(23350): file:///android_asset/www/js/app.js: Line 197 : facebookConnectPlugin not ready
I/chromium(23350): [INFO:CONSOLE(197)] "facebookConnectPlugin not ready", source: file:///android_asset/www/js/app.js (197)
E/dalvikvm(23287): Could not find class 'org.apache.harmony.xnet.provider.jsse.OpenSSLSocketImpl', referenced from method com.facebook.ssl.openssl.check.CheckOpenSSLImplHasRequiredMethods.<clinit>
