I/ActivityManager( 1025): Process com.google.android.googlequicksearchbox:search (pid 28264) has died.
I/ActivityManager( 1025): Process uk.co.economist (pid 28314) has died.
W/ActivityManager( 1025): Service ServiceRecord{43905698 u0 uk.co.economist/.service.APIService} in process ProcessRecord{435f67f8 28314:uk.co.economist/u0a130} not same as in map: null
D/WifiStateMachine( 1025): handleMessage: E msg.what=151572
D/WifiStateMachine( 1025): processMsg: ConnectedState
D/WifiStateMachine( 1025): processMsg: L2ConnectedState
D/WifiStateMachine( 1025): handleMessage: X
D/CordovaLog(27748): file:///android_asset/www/js/giftme.js: Line 241 : GIFTME - give gift button clicked
I/chromium(27748): [INFO:CONSOLE(241)] "GIFTME - give gift button clicked", source: file:///android_asset/www/js/giftme.js (241)
I/SFPerfTracer(  274):      triggers: (rate: 1250:49616) (compose: 0:251) (post: 0:20) (render: 84:10545) (0:779784 frames) (1:3298309)
D/SFPerfTracer(  274):        layers: (3:9) (DimLayer: 0:158)* (DimLayer: 0:126)* (FocusedStackFrame: 0:21509)* (StatusBar: 0:263859) (NavigationBar: 0:202416) (DimLayer: 0:24334)* (DimLayer: 0:4686)* (com.android.wallpaper.fall.FallWallpaper: 0:9339)* (co.giftmeapp.gift_me/co.giftmeapp.gift_me.GiftMe: 1:157) 
D/WifiStateMachine( 1025): handleMessage: E msg.what=151572
D/WifiStateMachine( 1025): processMsg: ConnectedState
D/WifiStateMachine( 1025): processMsg: L2ConnectedState
D/WifiStateMachine( 1025): handleMessage: X
D/WifiStateMachine( 1025): handleMessage: E msg.what=131155
D/WifiStateMachine( 1025): processMsg: ConnectedState
D/WifiStateMachine( 1025): processMsg: L2ConnectedState
D/WifiStateMachine( 1025): handleMessage: X
W/UnimplementedWebViewApi(27748): Unimplemented WebView method onKeyDown called from: android.webkit.WebView.onKeyDown(WebView.java:2178)
I/SFPerfTracer(  274):      triggers: (rate: 1117:446552) (339764 sw vsyncs) (1045196 skipped) (33:3317917 vsyncs) (35:4158492)
D/WifiStateMachine( 1025): handleMessage: E msg.what=151572
D/WifiStateMachine( 1025): processMsg: ConnectedState
D/WifiStateMachine( 1025): processMsg: L2ConnectedState
D/WifiStateMachine( 1025): handleMessage: X
W/BroadcastQueue( 1025): Permission Denial: broadcasting Intent { act=android.net.conn.INET_CONDITION_ACTION flg=0x4000010 (has extras) } from null (pid=-1, uid=-1) requires com.facebook.permission.prod.FB_APP_COMMUNICATION due to registered receiver BroadcastFilter{42b30598 u0 ReceiverList{42afa108 28358 com.facebook.katana/10110/u0 remote:4221cb98}}
W/BroadcastQueue( 1025): Permission Denial: broadcasting Intent { act=android.net.conn.CONNECTIVITY_CHANGE flg=0x4000010 (has extras) } from null (pid=-1, uid=-1) requires com.facebook.permission.prod.FB_APP_COMMUNICATION due to registered receiver BroadcastFilter{42b30598 u0 ReceiverList{42afa108 28358 com.facebook.katana/10110/u0 remote:4221cb98}}
W/dalvikvm(28358): Unable to resolve superclass of Lcom/facebook/push/adm/ADMBroadcastReceiver; (505)
W/dalvikvm(28358): Link of class 'Lcom/facebook/push/adm/ADMBroadcastReceiver;' failed
E/dalvikvm(28358): Could not find class 'com.facebook.push.adm.ADMBroadcastReceiver', referenced from method com.facebook.push.adm.ADMPushManager.b
W/dalvikvm(28358): VFY: unable to resolve const-class 8355 (Lcom/facebook/push/adm/ADMBroadcastReceiver;) in Lcom/facebook/push/adm/ADMPushManager;
D/dalvikvm(28358): VFY: replacing opcode 0x1c at 0x000e
W/fb4a(:<default>):AbstractMqttPushService(28358): Attempt to start service that is already started
W/fb4a(:<default>):AbstractMqttPushService(28358): Attempt to start service that is already started
D/dalvikvm(28358): GC_CONCURRENT freed 4135K, 25% free 12986K/17224K, paused 5ms+6ms, total 65ms
W/BroadcastQueue( 1025): Permission Denial: broadcasting Intent { act=android.net.conn.CONNECTIVITY_CHANGE flg=0x4000010 (has extras) } from null (pid=-1, uid=-1) requires com.facebook.permission.prod.FB_APP_COMMUNICATION due to registered receiver BroadcastFilter{42932d88 u0 ReceiverList{42a6f020 28358 com.facebook.katana/10110/u0 remote:42881890}}
V/ConfigFetchTask(11661): ConfigFetchTask getDeviceDataVersionInfo(): ABFEt1U7pdZuccoknJuYSfS-I3_GHtFyU-cbNmR_tSsF38YeUD1mBRB98ln0YHRPmLUpbWaBEFwnsUNzFOAQ8xhGdUJ2TF20kGxho1tsLJ_7Dyg2px-BdFo41eLJ6dlbc4OcjEJwAKybc6GG0Iyi5oIEqiiUFY7T7iNwcCVywNKs0FAubi6aedNAFliY7dTkHmceMaqPIwSot8JGaw4m9VLLVCg4rFK21DxjUW18WWdE4XK6AezxW8lIXZbS-q8WvRVbo0TQgWYlVgQF0waLmWg1KoHTgh30ajwUrxvMzzLo2CR2aY4nd9wO97_1Gq72pHXH9RlnlneAR60WKWWoYukU-MuXTbx-sI_D4o9KDwSTiCS1j834Oj8
I/GoogleURLConnFactory(11661): Using platform SSLCertificateSocketFactory
D/GcOptimizer(28358): Configure for next cold start: enable
D/dalvikvm(11661): GC_CONCURRENT freed 1916K, 37% free 10885K/17224K, paused 3ms+4ms, total 71ms
D/WifiStateMachine( 1025): handleMessage: E msg.what=151572
D/WifiStateMachine( 1025): processMsg: ConnectedState
D/WifiStateMachine( 1025): processMsg: L2ConnectedState
D/WifiStateMachine( 1025): handleMessage: X
I/ConfigFetchService(11661): fetch service done; releasing wakelock
I/ConfigFetchService(11661): stopping self
I/MDMCTBK (  273): NetlinkHandler, power_supply subsys
I/MDMCTBK (  273): NetlinkHandler, usbChargerStateChanged
I/MDMCTBK (  273): checkDefaultInst, current pid is = 273
I/MDMCTBK (  273): checkDefaultInst, pid match
I/MDMCTBK (  273): MdmCutbackHndler,readFromFile = /sys/class/power_supply/usb/online
I/MDMCTBK (  273): MdmCutbackHndler,readFromFile = 
E/MDMCTBK (  273): MdmCutbackHndler,Could not open ''
I/MDMCTBK (  273): NetlinkHandler, power_supply subsys
I/MDMCTBK (  273): NetlinkHandler, usbChargerStateChanged
I/MDMCTBK (  273): checkDefaultInst, current pid is = 273
I/MDMCTBK (  273): checkDefaultInst, pid match
I/MDMCTBK (  273): MdmCutbackHndler,readFromFile = /sys/class/power_supply/usb/online
I/MDMCTBK (  273): MdmCutbackHndler,readFromFile = 
E/MDMCTBK (  273): MdmCutbackHndler,Could not open ''
I/ActivityManager( 1025): Start proc com.facebook.orca for content provider com.facebook.orca/.notify.MessengerLoggedInUserProvider: pid=28506 uid=10147 gids={50147, 3003, 1028, 1015}
D/dalvikvm(  275): GC_EXPLICIT freed 42K, 48% free 9011K/17224K, paused 2ms+3ms, total 31ms
D/dalvikvm(  275): GC_EXPLICIT freed <1K, 48% free 9011K/17224K, paused 2ms+4ms, total 29ms
D/dalvikvm(  275): GC_EXPLICIT freed <1K, 48% free 9011K/17224K, paused 2ms+3ms, total 27ms
D/WifiStateMachine( 1025): handleMessage: E msg.what=151572
D/WifiStateMachine( 1025): processMsg: ConnectedState
D/WifiStateMachine( 1025): processMsg: L2ConnectedState
D/WifiStateMachine( 1025): handleMessage: X
D/WifiStateMachine( 1025): handleMessage: E msg.what=131155
D/WifiStateMachine( 1025): processMsg: ConnectedState
D/WifiStateMachine( 1025): processMsg: L2ConnectedState
D/WifiStateMachine( 1025): handleMessage: X
D/ACRA    (28506): ACRA is enabled for com.facebook.orca, intializing...
D/ACRA    (28506): Looking for error files in /data/user/0/com.facebook.orca/app_acra-reports
D/ACRA    (28506): Looking for error files in /data/user/0/com.facebook.orca/app_minidumps
D/dalvikvm(28506): Trying to load lib /data/app-lib/com.facebook.orca-2/libgnustl_shared.so 0x41fb5290
D/dalvikvm(28506): Added shared lib /data/app-lib/com.facebook.orca-2/libgnustl_shared.so 0x41fb5290
D/dalvikvm(28506): No JNI_OnLoad found in /data/app-lib/com.facebook.orca-2/libgnustl_shared.so 0x41fb5290, skipping init
D/dalvikvm(28506): Trying to load lib /data/app-lib/com.facebook.orca-2/libfb_breakpad_client.so 0x41fb5290
D/dalvikvm(28506): Added shared lib /data/app-lib/com.facebook.orca-2/libfb_breakpad_client.so 0x41fb5290
D/dalvikvm(28506): Trying to load lib /data/app-lib/com.facebook.orca-2/libfb_dalvik-internals.so 0x41fb5290
D/dalvikvm(28506): Added shared lib /data/app-lib/com.facebook.orca-2/libfb_dalvik-internals.so 0x41fb5290
V/DexLibLoader(28506): about to lock: /data/user/0/com.facebook.orca/mdex_lock
V/DexLibLoader(28506): locking /data/user/0/com.facebook.orca/mdex_lock took 0 ms
V/DexLibLoader(28506): Secondary program dex metadata: secondary-1.dex.jar 790183d1fb728678b0d8546ed8e9eaef90404089 secondary.dex01.Canary
V/DexLibLoader(28506): Secondary program dex metadata: secondary-2.dex.jar 03b795797c6ded9e8b3df575980b7d37d9ca8dad secondary.dex02.Canary
V/DexLibLoader(28506): Secondary program dex metadata: secondary-3.dex.jar 5ccf73e2daa6156653af1c6485ad6053f38846b9 secondary.dex03.Canary
V/DexLibLoader(28506): directory "/data/user/0/com.facebook.orca/app_secondary_program_dex" contains "program-790183d1fb728678b0d8546ed8e9eaef904040896661a1c7.dex.jar" as expected
V/DexLibLoader(28506): directory "/data/user/0/com.facebook.orca/app_secondary_program_dex" contains "program-03b795797c6ded9e8b3df575980b7d37d9ca8dad6661a1c7.dex.jar" as expected
V/DexLibLoader(28506): directory "/data/user/0/com.facebook.orca/app_secondary_program_dex" contains "program-5ccf73e2daa6156653af1c6485ad6053f38846b96661a1c7.dex.jar" as expected
D/DexLibLoader(28506): ignoring file "program-790183d1fb728678b0d8546ed8e9eaef904040896661a1c7.dex.odex" in "/data/user/0/com.facebook.orca/app_secondary_program_dex"
D/DexLibLoader(28506): ignoring file "program-03b795797c6ded9e8b3df575980b7d37d9ca8dad6661a1c7.dex.odex" in "/data/user/0/com.facebook.orca/app_secondary_program_dex"
D/DexLibLoader(28506): ignoring file "program-5ccf73e2daa6156653af1c6485ad6053f38846b96661a1c7.dex.odex" in "/data/user/0/com.facebook.orca/app_secondary_program_dex"
D/DexLibLoader(28506): directory "/data/user/0/com.facebook.orca/app_secondary_program_dex" is valid
D/DexLibLoader(28506): ignoring file "primary_deps" in "/data/user/0/com.facebook.orca/app_secondary_program_dex_opt"
V/DexLibLoader(28506): directory "/data/user/0/com.facebook.orca/app_secondary_program_dex_opt" contains "program-790183d1fb728678b0d8546ed8e9eaef904040896661a1c7.dex.dex" as expected
V/DexLibLoader(28506): directory "/data/user/0/com.facebook.orca/app_secondary_program_dex_opt" contains "program-03b795797c6ded9e8b3df575980b7d37d9ca8dad6661a1c7.dex.dex" as expected
V/DexLibLoader(28506): directory "/data/user/0/com.facebook.orca/app_secondary_program_dex_opt" contains "program-5ccf73e2daa6156653af1c6485ad6053f38846b96661a1c7.dex.dex" as expected
D/DexLibLoader(28506): directory "/data/user/0/com.facebook.orca/app_secondary_program_dex_opt" is valid
D/DexLibLoader(28506): loading pre-built cross-dex opt odex files
V/dalvik-internals(28506): hooked dvmResolveClass using jump ()
V/dalvik-internals(28506): hooked dvmFlushBreakpoints using jump ()
V/MultiDexClassLoader(28506): installing MultiDexClassLoader before application classloader
I/dalvikvm(28506): Could not find method dalvik.system.DexFile.loadClassBinaryName, referenced from method com.facebook.common.l.g.a
W/dalvikvm(28506): VFY: unable to resolve virtual method 1453: Ldalvik/system/DexFile;.loadClassBinaryName (Ljava/lang/String;Ljava/lang/ClassLoader;)Ljava/lang/Class;
D/dalvikvm(28506): VFY: replacing opcode 0x6e at 0x0000
D/DexLibLoader(28506): released odex store lock
D/DexLibLoader(28506): DexLibLoader.loadAll took 85 ms
I/SFPerfTracer(  274):      triggers: (rate: 1250:49616) (compose: 0:251) (post: 0:20) (render: 84:10545) (0:779784 frames) (1:3298409)
D/SFPerfTracer(  274):        layers: (3:9) (DimLayer: 0:158)* (DimLayer: 0:126)* (FocusedStackFrame: 0:21509)* (StatusBar: 0:263861) (NavigationBar: 0:202449) (DimLayer: 0:24334)* (DimLayer: 0:4686)* (com.android.wallpaper.fall.FallWallpaper: 0:9339)* (co.giftmeapp.gift_me/co.giftmeapp.gift_me.GiftMe: 1:232) 
W/bp      (28506): Verify
E/dalvikvm(28506): Could not find class 'org.apache.harmony.xnet.provider.jsse.OpenSSLSocketImpl', referenced from method com.facebook.ssl.openssl.a.b.<clinit>
W/dalvikvm(28506): VFY: unable to resolve const-class 10658 (Lorg/apache/harmony/xnet/provider/jsse/OpenSSLSocketImpl;) in Lcom/facebook/ssl/openssl/a/b;
D/dalvikvm(28506): VFY: replacing opcode 0x1c at 0x000d
E/dalvikvm(28506): Could not find class 'org.apache.harmony.xnet.provider.jsse.OpenSSLSocketFactoryImpl', referenced from method com.facebook.ssl.openssl.b.b.<clinit>
W/dalvikvm(28506): VFY: unable to resolve const-class 10657 (Lorg/apache/harmony/xnet/provider/jsse/OpenSSLSocketFactoryImpl;) in Lcom/facebook/ssl/openssl/b/b;
D/dalvikvm(28506): VFY: replacing opcode 0x1c at 0x000d
E/dalvikvm(28506): Could not find class 'org.apache.harmony.xnet.provider.jsse.SSLParametersImpl', referenced from method com.facebook.ssl.openssl.b.b.a
W/dalvikvm(28506): VFY: unable to resolve check-cast 10660 (Lorg/apache/harmony/xnet/provider/jsse/SSLParametersImpl;) in Lcom/facebook/ssl/openssl/b/b;
D/dalvikvm(28506): VFY: replacing opcode 0x1f at 0x0006
E/dalvikvm(28506): Could not find class 'org.apache.harmony.xnet.provider.jsse.SSLParametersImpl', referenced from method com.facebook.ssl.openssl.b.c.<clinit>
W/dalvikvm(28506): VFY: unable to resolve const-class 10660 (Lorg/apache/harmony/xnet/provider/jsse/SSLParametersImpl;) in Lcom/facebook/ssl/openssl/b/c;
D/dalvikvm(28506): VFY: replacing opcode 0x1c at 0x000d
W/dalvikvm(28506): VFY: unable to find class referenced in signature (Lorg/apache/harmony/xnet/provider/jsse/SSLParametersImpl;)
E/dalvikvm(28506): Could not find class 'org.apache.harmony.xnet.provider.jsse.ClientSessionContext', referenced from method com.facebook.ssl.openssl.b.c.a
W/dalvikvm(28506): VFY: unable to resolve check-cast 10656 (Lorg/apache/harmony/xnet/provider/jsse/ClientSessionContext;) in Lcom/facebook/ssl/openssl/b/c;
D/dalvikvm(28506): VFY: replacing opcode 0x1f at 0x0006
W/dalvikvm(28506): VFY: unable to find class referenced in signature (Lorg/apache/harmony/xnet/provider/jsse/SSLParametersImpl;)
W/dalvikvm(28506): Unable to resolve superclass of Lcom/facebook/ssl/openssl/TicketEnabledOpenSSLSocketImplWrapper; (10659)
W/dalvikvm(28506): Link of class 'Lcom/facebook/ssl/openssl/TicketEnabledOpenSSLSocketImplWrapper;' failed
E/dalvikvm(28506): Could not find class 'com.facebook.ssl.openssl.TicketEnabledOpenSSLSocketImplWrapper', referenced from method com.facebook.ssl.openssl.b.a
W/dalvikvm(28506): VFY: unable to resolve new-instance 7258 (Lcom/facebook/ssl/openssl/TicketEnabledOpenSSLSocketImplWrapper;) in Lcom/facebook/ssl/openssl/b;
D/dalvikvm(28506): VFY: replacing opcode 0x22 at 0x0000
W/dalvikvm(28506): Unable to resolve superclass of Lcom/facebook/ssl/openssl/TicketEnabledOpenSSLSocketImplWrapper; (10659)
W/dalvikvm(28506): Link of class 'Lcom/facebook/ssl/openssl/TicketEnabledOpenSSLSocketImplWrapper;' failed
D/dalvikvm(28506): DexOpt: unable to opt direct call 0x9f40 at 0x08 in Lcom/facebook/ssl/openssl/b;.a
I/ActivityManager( 1025): Process com.google.android.gms (pid 11661) has died.
W/ActivityManager( 1025): Scheduling restart of crashed service com.google.android.gms/.analytics.service.AnalyticsService in 1000ms
D/WifiService( 1025): Client connection lost with reason: 4
I/ConfigService(31010): onDestroy
D/WifiStateMachine( 1025): handleMessage: E msg.what=151572
D/WifiStateMachine( 1025): processMsg: ConnectedState
D/WifiStateMachine( 1025): processMsg: L2ConnectedState
D/WifiStateMachine( 1025): handleMessage: X
V/GAV3    (25727): Thread[main,5,main]: service disconnected: ComponentInfo{com.google.android.gms/com.google.android.gms.analytics.service.AnalyticsService}
I/ActivityManager( 1025): Process com.bambuna.podcastaddict (pid 25293) has died.
W/ActivityManager( 1025): Scheduling restart of crashed service com.bambuna.podcastaddict/.service.PodcastAddictService in 10975ms
V/GAV3    (25727): Thread[main,5,main]: Unexpected disconnect.
W/msgr(:<default>):a(28506): Attempt to start service that is already started
I/ActivityManager( 1025): Process com.rhmsoft.fm:service (pid 25700) has died.
W/ActivityManager( 1025): Scheduling restart of crashed service com.rhmsoft.fm/com.cleanmaster.fm.service.BackgroundService in 38932ms
D/dalvikvm(27213): GC_CONCURRENT freed 2109K, 48% free 11076K/21116K, paused 6ms+13ms, total 71ms
D/Ulp_jni ( 1025): Location CB invoked
D/dalvikvm(28506): Trying to load lib /data/app-lib/com.facebook.orca-2/libfbjni.so 0x41fb5290
D/dalvikvm(28506): Added shared lib /data/app-lib/com.facebook.orca-2/libfbjni.so 0x41fb5290
D/dalvikvm(28506): Trying to load lib /data/app-lib/com.facebook.orca-2/libheartbleed.so 0x41fb5290
D/dalvikvm(28506): Added shared lib /data/app-lib/com.facebook.orca-2/libheartbleed.so 0x41fb5290
I/ActivityManager( 1025): Process com.viber.voip (pid 27260) has died.
W/ActivityManager( 1025): Scheduling restart of crashed service com.viber.voip/com.viber.service.VoipConnectorService in 48637ms
W/ActivityManager( 1025): Scheduling restart of crashed service com.viber.voip/.api.billing.InAppBillingService in 58637ms
D/dalvikvm(27213): GC_CONCURRENT freed 1689K, 46% free 11429K/21116K, paused 3ms+6ms, total 33ms
I/SFPerfTracer(  274):      triggers: (rate: 1117:446552) (339764 sw vsyncs) (1045196 skipped) (14:3318006 vsyncs) (16:4158603)
D/CordovaLog(27748): file:///android_asset/www/js/giftme.js: Line 241 : GIFTME - give gift button clicked
I/chromium(27748): [INFO:CONSOLE(241)] "GIFTME - give gift button clicked", source: file:///android_asset/www/js/giftme.js (241)
D/WifiStateMachine( 1025): handleMessage: E msg.what=151572
D/WifiStateMachine( 1025): processMsg: ConnectedState
D/WifiStateMachine( 1025): processMsg: L2ConnectedState
I/ActivityManager( 1025): Start proc com.google.android.gms for service com.google.android.gms/.analytics.service.AnalyticsService: pid=29210 uid=10022 gids={50022, 3003, 1007, 1028, 1015, 3002, 3001, 3007, 2001, 3006}
D/WifiStateMachine( 1025): handleMessage: X
W/dalvikvm(29210): VFY: unable to resolve static field 658 (PR_SET_DUMPABLE) in Landroid/system/OsConstants;
D/dalvikvm(29210): VFY: replacing opcode 0x60 at 0x000b
I/MultiDex(29210): VM with version 1.6.0 does not have multidex support
I/MultiDex(29210): install
I/MultiDex(29210): MultiDexExtractor.load(/data/app/com.google.android.gms-1.apk, false)
I/MultiDex(29210): loading existing secondary dex files
I/MultiDex(29210): load found 3 secondary dex files
I/MultiDex(29210): install done
I/ProviderInstaller(29210): Insert disabled by gate 'gms:security:enable_conscrypt_in_gms_application'
D/GCM     (31010): GcmService start Intent { act=com.google.android.gms.INITIALIZE flg=0x10 pkg=com.google.android.gms cmp=com.google.android.gms/.gcm.GcmService } com.google.android.gms.INITIALIZE
V/GAV3    (25727): Thread[main,5,main]: service connected, binder: android.os.BinderProxy@41ff71f0
V/GAV3    (25727): Thread[main,5,main]: bound to service
V/GAV3    (25727): Thread[main,5,main]: Connected to service
D/AuthorizationBluetoothService(31010): Received GmsCore event: Intent { act=com.google.android.gms.INITIALIZE flg=0x10 pkg=com.google.android.gms cmp=com.google.android.gms/.auth.be.proximity.authorization.bt.AuthorizationBluetoothService$AutoStarter }.
E/AuthorizationBluetoothService(31010): Proximity feature is not enabled.
V/GmsCoreStatsServiceLauncher(29210): Received broadcast intent Intent { act=com.google.android.gms.INITIALIZE flg=0x10 pkg=com.google.android.gms cmp=com.google.android.gms/.common.stats.GmsCoreStatsServiceLauncher }
E/MDM     (31342): [421079] b.run: Couldn't connect to Google API client: ConnectionResult{statusCode=API_UNAVAILABLE, resolution=null}
D/LocationInitializer(29210): Restart initialization of location
D/dalvikvm(27213): GC_EXPLICIT freed 1311K, 46% free 11469K/21116K, paused 2ms+6ms, total 37ms
W/UnimplementedWebViewApi(27748): Unimplemented WebView method onKeyDown called from: android.webkit.WebView.onKeyDown(WebView.java:2178)
D/WifiStateMachine( 1025): handleMessage: E msg.what=151572
D/WifiStateMachine( 1025): processMsg: ConnectedState
D/WifiStateMachine( 1025): processMsg: L2ConnectedState
D/WifiStateMachine( 1025): handleMessage: X
D/dalvikvm(27213): GC_EXPLICIT freed 831K, 47% free 11402K/21116K, paused 7ms+6ms, total 59ms
D/WifiStateMachine( 1025): handleMessage: E msg.what=131155
D/WifiStateMachine( 1025): processMsg: ConnectedState
D/WifiStateMachine( 1025): processMsg: L2ConnectedState
D/WifiStateMachine( 1025): handleMessage: X
D/dalvikvm(27213): GC_EXPLICIT freed 733K, 46% free 11403K/21116K, paused 3ms+8ms, total 49ms
V/AlarmManager( 1025): sending alarm Alarm{428e56b0 type 2 com.facebook.katana}
V/AlarmManager( 1025): sending alarm Alarm{428de468 type 2 com.facebook.orca}
V/AlarmManager( 1025): sending alarm Alarm{428bca10 type 0 com.android.vending}
I/ActivityManager( 1025): Start proc com.android.vending for service com.android.vending/com.google.android.finsky.services.ContentSyncService: pid=29876 uid=10039 gids={50039, 3003, 1028, 1015}
D/CordovaLog(27748): file:///android_asset/www/js/giftme.js: Line 241 : GIFTME - give gift button clicked
I/chromium(27748): [INFO:CONSOLE(241)] "GIFTME - give gift button clicked", source: file:///android_asset/www/js/giftme.js (241)
D/WifiStateMachine( 1025): handleMessage: E msg.what=151572
D/WifiStateMachine( 1025): processMsg: ConnectedState
D/WifiStateMachine( 1025): processMsg: L2ConnectedState
D/dalvikvm(28358): GC_CONCURRENT freed 6993K, 34% free 14073K/21104K, paused 8ms+13ms, total 129ms
D/WifiStateMachine( 1025): handleMessage: X
D/Finsky  (29876): [1] FinskyApp.onCreate: Initializing network with DFE https://android.clients.google.com/fdfe/
D/dalvikvm( 1025): GC_EXPLICIT freed 1241K, 40% free 30501K/50444K, paused 9ms+24ms, total 240ms
D/Finsky  (29876): [1] DailyHygiene.goMakeHygieneIfDirty: No need to run daily hygiene.
W/Settings(29876): Setting download_manager_max_bytes_over_mobile has moved from android.provider.Settings.Secure to android.provider.Settings.Global.
W/Settings(29876): Setting download_manager_recommended_max_bytes_over_mobile has moved from android.provider.Settings.Secure to android.provider.Settings.Global.
I/dalvikvm(29876): Could not find method com.google.android.play.layout.PlayCardViewBase.setTransitionName, referenced from method com.google.android.finsky.utils.PlayCardUtils.bindCard
W/dalvikvm(29876): VFY: unable to resolve virtual method 42705: Lcom/google/android/play/layout/PlayCardViewBase;.setTransitionName (Ljava/lang/String;)V
D/dalvikvm(29876): VFY: replacing opcode 0x6e at 0x00d9
I/dalvikvm(29876): Could not find method com.google.android.play.layout.PlayCardViewBase.setTransitionGroup, referenced from method com.google.android.finsky.utils.PlayCardUtils.bindCard
W/dalvikvm(29876): VFY: unable to resolve virtual method 42704: Lcom/google/android/play/layout/PlayCardViewBase;.setTransitionGroup (Z)V
D/dalvikvm(29876): VFY: replacing opcode 0x6e at 0x0246
I/dalvikvm(29876): Could not find method android.view.View.getTransitionName, referenced from method com.google.android.finsky.navigationmanager.NavigationManager.showPage
W/dalvikvm(29876): VFY: unable to resolve virtual method 9352: Landroid/view/View;.getTransitionName ()Ljava/lang/String;
D/dalvikvm(29876): VFY: replacing opcode 0x6e at 0x001a
D/Finsky  (29876): [1] 2.run: Loaded library for account: [gKXbJhL8NA2nPUzZyFpjB6tKi7U]
D/Finsky  (29876): [1] 2.run: Finished loading 1 libraries.
D/Finsky  (29876): [1] GmsCoreHelper.cleanupNlp: result=false type=4
D/Finsky  (29876): [1] RestoreTracker.stopServiceIfDone: Restore complete with 0 success and 0 failed.
I/dalvikvm(29876): Total arena pages for JIT: 11
I/dalvikvm(29876): Total arena pages for JIT: 12
I/dalvikvm(29876): Total arena pages for JIT: 13
I/dalvikvm(29876): Total arena pages for JIT: 14
W/UnimplementedWebViewApi(27748): Unimplemented WebView method onKeyDown called from: android.webkit.WebView.onKeyDown(WebView.java:2178)
D/WifiStateMachine( 1025): handleMessage: E msg.what=151572
D/WifiStateMachine( 1025): processMsg: ConnectedState
D/WifiStateMachine( 1025): processMsg: L2ConnectedState
D/WifiStateMachine( 1025): handleMessage: X
I/SFPerfTracer(  274):      triggers: (rate: 1250:49616) (compose: 0:251) (post: 0:20) (render: 84:10545) (0:779784 frames) (1:3298509)
D/SFPerfTracer(  274):        layers: (3:9) (DimLayer: 0:158)* (DimLayer: 0:126)* (FocusedStackFrame: 0:21509)* (StatusBar: 0:263861) (NavigationBar: 1:202504) (DimLayer: 0:24334)* (DimLayer: 0:4686)* (com.android.wallpaper.fall.FallWallpaper: 0:9339)* (co.giftmeapp.gift_me/co.giftmeapp.gift_me.GiftMe: 1:294) 
W/BroadcastQueue( 1025): Permission Denial: broadcasting Intent { act=android.net.conn.INET_CONDITION_ACTION flg=0x4000010 (has extras) } from null (pid=-1, uid=-1) requires com.facebook.permission.prod.FB_APP_COMMUNICATION due to registered receiver BroadcastFilter{433b8e38 u0 ReceiverList{435b0720 28506 com.facebook.orca/10147/u0 remote:42945dc8}}
W/BroadcastQueue( 1025): Permission Denial: broadcasting Intent { act=android.net.conn.CONNECTIVITY_CHANGE flg=0x4000010 (has extras) } from null (pid=-1, uid=-1) requires com.facebook.permission.prod.FB_APP_COMMUNICATION due to registered receiver BroadcastFilter{433b8e38 u0 ReceiverList{435b0720 28506 com.facebook.orca/10147/u0 remote:42945dc8}}
W/dalvikvm(28506): Unable to resolve superclass of Lcom/facebook/push/adm/ADMBroadcastReceiver; (566)
W/dalvikvm(28506): Link of class 'Lcom/facebook/push/adm/ADMBroadcastReceiver;' failed
E/dalvikvm(28506): Could not find class 'com.facebook.push.adm.ADMBroadcastReceiver', referenced from method com.facebook.push.adm.a.b
W/dalvikvm(28506): VFY: unable to resolve const-class 6907 (Lcom/facebook/push/adm/ADMBroadcastReceiver;) in Lcom/facebook/push/adm/a;
D/dalvikvm(28506): VFY: replacing opcode 0x1c at 0x000e
W/msgr(:<default>):a(28506): Attempt to start service that is already started
W/msgr(:<default>):a(28506): Attempt to start service that is already started
I/SFPerfTracer(  274):      triggers: (rate: 1117:446552) (339764 sw vsyncs) (1045196 skipped) (35:3318111 vsyncs) (37:4158728)
W/BroadcastQueue( 1025): Permission Denial: broadcasting Intent { act=android.net.conn.CONNECTIVITY_CHANGE flg=0x4000010 (has extras) } from null (pid=-1, uid=-1) requires com.facebook.permission.prod.FB_APP_COMMUNICATION due to registered receiver BroadcastFilter{42cc9778 u0 ReceiverList{430c5d88 28506 com.facebook.orca/10147/u0 remote:426d5a50}}
D/Finsky  (29876): [1] 5.onFinished: Installation state replication succeeded.
I/ActivityManager( 1025): Process com.android.vending (pid 29876) has died.
D/WifiStateMachine( 1025): handleMessage: E msg.what=151572
D/WifiStateMachine( 1025): processMsg: ConnectedState
D/WifiStateMachine( 1025): processMsg: L2ConnectedState
D/WifiStateMachine( 1025): handleMessage: X
V/GAV3    (25727): Thread[Service Reconnect,5,main]: connecting to Analytics service
V/GAV3    (25727): Thread[Service Reconnect,5,main]: connect: bindService returned true for Intent { act=com.google.android.gms.analytics.service.START cmp=com.google.android.gms/.analytics.service.AnalyticsService (has extras) }
V/GAV3    (25727): Thread[main,5,main]: service connected, binder: android.os.BinderProxy@41ff71f0
V/GAV3    (25727): Thread[main,5,main]: bound to service
V/GAV3    (25727): Thread[main,5,main]: Connected to service
D/WifiStateMachine( 1025): handleMessage: E msg.what=131155
D/WifiStateMachine( 1025): processMsg: ConnectedState
D/WifiStateMachine( 1025): processMsg: L2ConnectedState
D/WifiStateMachine( 1025): handleMessage: X
D/WifiStateMachine( 1025): handleMessage: E msg.what=151572
D/WifiStateMachine( 1025): processMsg: ConnectedState
D/WifiStateMachine( 1025): processMsg: L2ConnectedState
D/WifiStateMachine( 1025): handleMessage: X
D/WifiStateMachine( 1025): handleMessage: E msg.what=151572
D/WifiStateMachine( 1025): processMsg: ConnectedState
D/WifiStateMachine( 1025): processMsg: L2ConnectedState
D/WifiStateMachine( 1025): handleMessage: X
D/WifiStateMachine( 1025): handleMessage: E msg.what=151572
D/WifiStateMachine( 1025): processMsg: ConnectedState
D/WifiStateMachine( 1025): processMsg: L2ConnectedState
D/WifiStateMachine( 1025): handleMessage: X
D/WifiStateMachine( 1025): handleMessage: E msg.what=131155
D/WifiStateMachine( 1025): processMsg: ConnectedState
D/WifiStateMachine( 1025): processMsg: L2ConnectedState
D/WifiStateMachine( 1025): handleMessage: X
D/WifiStateMachine( 1025): handleMessage: E msg.what=151572
D/WifiStateMachine( 1025): processMsg: ConnectedState
D/WifiStateMachine( 1025): processMsg: L2ConnectedState
D/WifiStateMachine( 1025): handleMessage: X
D/WifiStateMachine( 1025): handleMessage: E msg.what=151572
D/WifiStateMachine( 1025): processMsg: ConnectedState
D/WifiStateMachine( 1025): processMsg: L2ConnectedState
D/WifiStateMachine( 1025): handleMessage: X
V/AlarmManager( 1025): sending alarm Alarm{42d0e4f8 type 3 android}
D/Ulp_jni ( 1025): Location CB invoked
I/SBar.NetworkController( 1119): onSignalStrengthsChanged SignalStrength: 3 0 -120 -160 -120 -1 -1 99 2147483647 2147483647 2147483647 2147483647 2147483647 gsm|lte 0 -108 -1 false 1 1 0 0 0 99 99 99 4 level=1
I/SBar.NetworkController( 1119): refreshSignalCluster: mobile: Signal=zz_moto_stat_sys_signal_1_fully_wide Roaming=(none) mSimIconId=(none) Accessibility="Phone one bar.","Not roaming.",""
I/ActivityManager( 1025): Start proc com.bambuna.podcastaddict for service com.bambuna.podcastaddict/.service.PodcastAddictService: pid=29989 uid=10113 gids={50113, 3003, 1028, 1015, 3002}
D/WifiStateMachine( 1025): handleMessage: E msg.what=151572
D/WifiStateMachine( 1025): processMsg: ConnectedState
D/WifiStateMachine( 1025): processMsg: L2ConnectedState
D/WifiStateMachine( 1025): handleMessage: X
I/Fabric  (29989): Initializing Crashlytics 2.0.0.15
D/WifiStateMachine( 1025): handleMessage: E msg.what=131155
D/WifiStateMachine( 1025): processMsg: ConnectedState
D/WifiStateMachine( 1025): processMsg: L2ConnectedState
D/WifiStateMachine( 1025): handleMessage: X
E/cutils  (  261): Failed to mkdirat(/storage/sdcard1/Android): Read-only file system
W/Vold    (  261): Returning OperationFailed - no handler for errno 30
W/ContextImpl(29989): Failed to ensure directory: /storage/sdcard1/Android/data/com.bambuna.podcastaddict/files
W/ServerHelper(29989): sendServerDataAsync()
E/PodcastAddictService(29989): starting service: #701
I/CleanupHelper(29989): setupAutoTrashCleanerService()
W/GAV2    (29989): Thread[z,1,main]: Need to call initialize() and be in fallback mode to start dispatch.
W/GAV2    (29989): Thread[z,1,main]: dispatch call queued.  Need to call GAServiceManager.getInstance().initialize().
D/WifiStateMachine( 1025): handleMessage: E msg.what=151572
D/WifiStateMachine( 1025): processMsg: ConnectedState
D/WifiStateMachine( 1025): processMsg: L2ConnectedState
D/WifiStateMachine( 1025): handleMessage: X
D/WifiStateMachine( 1025): handleMessage: E msg.what=151572
D/WifiStateMachine( 1025): processMsg: ConnectedState
D/WifiStateMachine( 1025): processMsg: L2ConnectedState
D/WifiStateMachine( 1025): handleMessage: X
D/WifiStateMachine( 1025): handleMessage: E msg.what=151572
D/WifiStateMachine( 1025): processMsg: ConnectedState
D/WifiStateMachine( 1025): processMsg: L2ConnectedState
D/WifiStateMachine( 1025): handleMessage: X
D/WifiStateMachine( 1025): handleMessage: E msg.what=131155
D/WifiStateMachine( 1025): processMsg: ConnectedState
D/WifiStateMachine( 1025): processMsg: L2ConnectedState
D/WifiStateMachine( 1025): handleMessage: X
I/SFPerfTracer(  274):      triggers: (rate: 1117:446552) (339764 sw vsyncs) (1045196 skipped) (17:3318205 vsyncs) (19:4158842)
D/WifiStateMachine( 1025): handleMessage: E msg.what=151572
D/WifiStateMachine( 1025): processMsg: ConnectedState
D/WifiStateMachine( 1025): processMsg: L2ConnectedState
D/WifiStateMachine( 1025): handleMessage: X
I/ActivityManager( 1025): Process com.facebook.katana (pid 28358) has died.
D/WifiService( 1025): Client connection lost with reason: 4
W/ActivityManager( 1025): Scheduling restart of crashed service com.facebook.katana/com.facebook.push.mqtt.service.MqttPushService in 22410065608704ms
D/WifiStateMachine( 1025): handleMessage: E msg.what=151572
D/WifiStateMachine( 1025): processMsg: ConnectedState
D/WifiStateMachine( 1025): processMsg: L2ConnectedState
D/WifiStateMachine( 1025): handleMessage: X
W/ContextImpl(29989): Implicit intents with startService are not safe: Intent { act=com.google.android.gms.analytics.service.START (has extras) } android.content.ContextWrapper.bindService:517 com.google.analytics.tracking.android.AnalyticsGmsCoreClient.b:82 com.google.analytics.tracking.android.GAServiceProxy.j:279 
I/GAV2    (29989): Thread[GAThread,1,main]: No campaign data found.
