D/dalvikvm(  275): GC_EXPLICIT freed <1K, 48% free 9011K/17224K, paused 1ms+3ms, total 17ms
D/Finsky  (29010): [1] GmsCoreHelper.cleanupNlp: result=false type=4
D/Finsky  (29010): [1] RestoreTracker.stopServiceIfDone: Restore complete with 0 success and 0 failed.
D/PackageBroadcastService(27538): Received broadcast action=android.intent.action.PACKAGE_REMOVED and uri=co.giftmeapp.gift_me
I/ConfigService(20136): onCreate
I/ConfigService(20136): onBind for Intent { act=com.google.android.gms.config.UPDATE pkg=com.google.android.gms } action com.google.android.gms.config.UPDATE
D/WifiStateMachine( 1025): handleMessage: E msg.what=151572
D/WifiStateMachine( 1025): processMsg: ConnectedState
D/WifiStateMachine( 1025): processMsg: L2ConnectedState
I/ConfigService(20136): onBind returning update interface
D/WifiStateMachine( 1025): handleMessage: X
I/dalvikvm(27538): Could not find method android.content.pm.PackageManager.getPackageInstaller, referenced from method com.google.android.gms.common.ff.a
W/dalvikvm(27538): VFY: unable to resolve virtual method 479: Landroid/content/pm/PackageManager;.getPackageInstaller ()Landroid/content/pm/PackageInstaller;
D/dalvikvm(27538): VFY: replacing opcode 0x6e at 0x000d
I/ConfigService(20136): onBind for Intent { act=com.google.android.gms.config.START pkg=com.google.android.gms } action com.google.android.gms.config.START
I/ConfigService(20136): onBind returning service broker
I/ConfigFetchService(27538): onStartCommand Intent { act=android.intent.action.PACKAGE_REMOVED dat=package:co.giftmeapp.gift_me cmp=com.google.android.gms/.config.ConfigFetchService (has extras) }
I/dalvikvm(29049): Could not find method android.app.Activity.finishAfterTransition, referenced from method r.c_
W/dalvikvm(29049): VFY: unable to resolve virtual method 2773: Landroid/app/Activity;.finishAfterTransition ()V
D/dalvikvm(29049): VFY: replacing opcode 0x6e at 0x0006
I/dalvikvm(27538): Could not find method android.os.UserHandle.isOwner, referenced from method com.google.android.gms.icing.service.v.d
W/dalvikvm(27538): VFY: unable to resolve virtual method 1360: Landroid/os/UserHandle;.isOwner ()Z
D/dalvikvm(27538): VFY: replacing opcode 0x6e at 0x0018
D/dalvikvm(27538): Trying to load lib /data/app-lib/com.google.android.gms-1/libAppDataSearch.so 0x41fb5fd8
D/dalvikvm(27538): Added shared lib /data/app-lib/com.google.android.gms-1/libAppDataSearch.so 0x41fb5fd8
D/dalvikvm(27538): No JNI_OnLoad found in /data/app-lib/com.google.android.gms-1/libAppDataSearch.so 0x41fb5fd8, skipping init
I/ConfigFetchService(27538): service connected
I/Icing   (27538): Storage manager: low false usage 4.54MB avail 1.31GB capacity 4.70GB
W/Icing   (27538): Received bad json for section weights override -- ignoring.
W/Icing   (27538): Received bad json for corpus scoring config -- ignoring.
W/Icing   (27538): Received bad json for corpus context scoring override -- ignoring.
I/dalvikvm(27538): Could not find method android.os.UserHandle.isOwner, referenced from method com.google.android.gms.icing.impl.a.f.a
W/dalvikvm(27538): VFY: unable to resolve virtual method 1360: Landroid/os/UserHandle;.isOwner ()Z
D/dalvikvm(27538): VFY: replacing opcode 0x6e at 0x0015
W/SyncWapiModule(29049): isPlayServicesEnabled=
W/SyncWapiModule(29049): isPlayServicesEnabled=
I/ActivityManager( 1025): Process com.android.keychain (pid 28996) has died.
I/ActivityManager( 1025): Process com.android.vending (pid 29010) has died.
W/GAV2    (29049): Thread[main,5,main]: Need to call initialize() and be in fallback mode to start dispatch.
I/ActivityManager( 1025): Start proc com.motorola.MotGallery2 for broadcast com.motorola.MotGallery2/com.android.gallery3d.app.PackagesMonitor: pid=29094 uid=10034 gids={50034, 3003, 1028, 1015}
I/ActivityManager( 1025): Start proc com.google.android.googlequicksearchbox:search for broadcast com.google.android.googlequicksearchbox/com.google.android.search.core.icingsync.IcingCorporaChangedReceiver: pid=29111 uid=10045 gids={50045, 3003, 3001, 1028, 3002, 1015}
I/dalvikvm(27538): Total arena pages for JIT: 11
I/dalvikvm(27538): Total arena pages for JIT: 12
I/dalvikvm(27538): Total arena pages for JIT: 13
I/dalvikvm(27538): Total arena pages for JIT: 14
I/ActivityManager( 1025): Start proc com.evernote for broadcast com.evernote/.util.WidgetTracker: pid=29125 uid=10134 gids={50134, 3003, 1028, 1015}
I/Icing   (27538): updateResources: need to parse e{com.google.android.gms}
D/WifiStateMachine( 1025): handleMessage: E msg.what=151572
D/WifiStateMachine( 1025): processMsg: ConnectedState
D/WifiStateMachine( 1025): processMsg: L2ConnectedState
D/WifiStateMachine( 1025): handleMessage: X
D/WifiStateMachine( 1025): handleMessage: E msg.what=131155
D/WifiStateMachine( 1025): processMsg: ConnectedState
D/WifiStateMachine( 1025): processMsg: L2ConnectedState
D/WifiStateMachine( 1025): handleMessage: X
I/MultiDex(29125): VM with version 1.6.0 does not have multidex support
I/MultiDex(29125): install
I/MultiDex(29125): MultiDexExtractor.load(/data/app/com.evernote-1.apk, false)
I/MultiDex(29125): loading existing secondary dex files
I/MultiDex(29125): load found 0 secondary dex files
I/MultiDex(29125): install done
I/Icing   (27538): Internal init done: storage state 0
I/Icing   (27538): Post-init done
I/ActivityManager( 1025): START u0 {act=android.intent.action.MAIN cat=[android.intent.category.LAUNCHER] flg=0x10000000 pkg=co.giftmeapp.gift_me cmp=co.giftmeapp.gift_me/.GiftMe} from pid 27192
W/ContextImpl( 1295): Calling a method in the system process without a qualified user: android.app.ContextImpl.sendBroadcast:1252 android.content.ContextWrapper.sendBroadcast:365 com.motorola.motocare.util.TriggerHelper$TriggerBuilder.send:76 com.motorola.motocare.internal.frameworkevents.PauseResumeTrigger.handleFrameworkEvent:53 com.motorola.motocare.internal.frameworkevents.FwEventMonitor$FrameworkListener.processFrameworkEvent:114 
I/ActivityManager( 1025): Start proc co.giftmeapp.gift_me for activity co.giftmeapp.gift_me/.GiftMe: pid=29138 uid=10155 gids={50155, 3003, 1028, 1015}
I/dalvikvm(29138): Enabling JNI app bug workarounds for target SDK version 7...
W/ContextImpl( 1295): Calling a method in the system process without a qualified user: android.app.ContextImpl.sendBroadcast:1252 android.content.ContextWrapper.sendBroadcast:365 com.motorola.motocare.util.TriggerHelper$TriggerBuilder.send:76 com.motorola.motocare.internal.frameworkevents.PauseResumeTrigger.handleFrameworkEvent:53 com.motorola.motocare.internal.frameworkevents.FwEventMonitor$FrameworkListener.processFrameworkEvent:114 
V/PhoneStatusBar( 1119): setLightsOn(true)
I/CordovaLog(29138): Changing log level to DEBUG(3)
D/CordovaActivity(29138): CordovaActivity.init()
I/dalvikvm(29138): Could not find method android.webkit.CookieManager.setAcceptThirdPartyCookies, referenced from method org.apache.cordova.CordovaWebView.initWebViewSettings
W/dalvikvm(29138): VFY: unable to resolve virtual method 6387: Landroid/webkit/CookieManager;.setAcceptThirdPartyCookies (Landroid/webkit/WebView;Z)V
D/dalvikvm(29138): VFY: replacing opcode 0x6e at 0x002a
I/ActivityManager( 1025): Process com.motorola.MotGallery2 (pid 29094) has died.
W/GAV2    (29049): Thread[main,5,main]: dispatch call queued.  Need to call GAServiceManager.getInstance().initialize().
V/WebViewChromiumFactoryProvider(29138): Binding Chromium to main looper Looper (main, tid 1) {41fa4ae8}
I/LibraryLoader(29138): Expected native library version number "",actual native library version number ""
I/chromium(29138): [INFO:library_loader_hooks.cc(116)] Chromium logging enabled: level = 0, default verbosity = 0
I/BrowserStartupController(29138): Initializing chromium process, renderers=0
E/AudioManagerAndroid(29138): BLUETOOTH permission is missing!
I/ActivityManager( 1025): Process com.google.android.apps.docs (pid 29049) has died.
I/Adreno-EGL(29138): <qeglDrvAPI_eglInitialize:410>: EGL 1.4 QUALCOMM build: AU_LINUX_ANDROID_LNX.LA.3.5.1_RB1.04.04.02.048.018_msm8226_LNX.LA.3.5.1_RB1__release_AU ()
I/Adreno-EGL(29138): OpenGL ES Shader Compiler Version: E031.24.00.08
I/Adreno-EGL(29138): Build Date: 03/07/14 Fri
I/Adreno-EGL(29138): Local Branch: 
I/Adreno-EGL(29138): Remote Branch: quic/LNX.LA.3.5.1_RB1.1
I/Adreno-EGL(29138): Local Patches: NONE
I/Adreno-EGL(29138): Reconstruct Branch: AU_LINUX_ANDROID_LNX.LA.3.5.1_RB1.04.04.02.048.018 + f2fd134 +  NOTHING
W/chromium(29138): [WARNING:proxy_service.cc(890)] PAC support disabled because there is no system implementation
D/EN      (29125): MemoryMapAppender.ctor()
D/CordovaActivity(29138): CordovaActivity.createViews()
D/EN      (29125): MemoryMapAppender.ctor-end()
W/dalvikvm(29138): VFY: unable to find class referenced in signature (Landroid/webkit/ClientCertRequest;)
W/dalvikvm(29138): VFY: unable to find class referenced in signature (Landroid/webkit/ClientCertRequest;)
I/dalvikvm(29138): Could not find method android.webkit.WebViewClient.onReceivedClientCertRequest, referenced from method org.apache.cordova.CordovaWebViewClient.onReceivedClientCertRequest
W/dalvikvm(29138): VFY: unable to resolve virtual method 6462: Landroid/webkit/WebViewClient;.onReceivedClientCertRequest (Landroid/webkit/WebView;Landroid/webkit/ClientCertRequest;)V
D/dalvikvm(29138): VFY: replacing opcode 0x6f at 0x001c
D/EN      (29125): [EvernoteProvider] - Provider+++++onCreate()
D/EN      (29125): [d] - AccountManager()::userIds=102703026
D/EN      (29125): [b] - creating new AccountInfo()::userId102703026
I/dalvikvm(29138): Could not find method android.webkit.WebChromeClient$FileChooserParams.createIntent, referenced from method org.apache.cordova.CordovaChromeClient.onShowFileChooser
W/dalvikvm(29138): VFY: unable to resolve virtual method 6406: Landroid/webkit/WebChromeClient$FileChooserParams;.createIntent ()Landroid/content/Intent;
D/dalvikvm(29138): VFY: replacing opcode 0x6e at 0x0000
D/PluginManager(29138): init()
D/CordovaWebView(29138): CordovaWebView is running on device made by: motorola
D/CordovaWebView(29138): >>> loadUrl(file:///android_asset/www/index.html)
D/CordovaWebView(29138): >>> loadUrlNow()
I/ActivityManager( 1025): Process com.google.android.googlequicksearchbox:search (pid 29111) has died.
D/EN      (29125): [d] - AccountManager()::adding account::102703026::timcallagy
D/EN      (29125): [d] - AccountManager()::count=1
D/EN      (29125): [d] - initialized:
D/EN      (29125): [a] - getInstance()::
D/EN      (29125): [al] - Register SD Card Receiver ++++++++++++++++++++
D/EN      (29125): [al] - checkForRecentUnmount() end
D/EN      (29125): [a] - locale is set=en_GB
D/EN      (29125): [a] - isDBONSDcard()=true
I/EN      (29125): [al] - getSDCardStatus()::mounted::noStorageText=null
D/EN      (29125): [a] - isDBFileChanged()::lastFilePath in pref=/data/data/com.evernote/files/user-102703026/.external-1428259012787-Evernote.db
E/EN      (29125): [a] - isDBFileChanged()::+++++++++lastFilePath exists/data/data/com.evernote/files/user-102703026/.external-1428259012787-Evernote.db
D/EN      (29125): [a] - getInstance()::DBFile NOT Changed
D/EN      (29125): [a] - isDBONSDcard()=true
D/EN      (29125): [a] - moveToSDcard()::start::Evernote.DB_ON_SDCARD=true
D/EN      (29125): [a] - isDBONSDcard()=true
E/EN      (29125): [a] - isLastDBFileOnSDCard()::+++++++++++lastFilePath exists/data/data/com.evernote/files/user-102703026/.external-1428259012787-Evernote.db
D/EN      (29125): [a] - isDBONSDcard()=true
D/EN      (29125): [a] - getDBfilePath()::++++++++++++++++lastFilePath from preferences/data/data/com.evernote/files/user-102703026/.external-1428259012787-Evernote.db
E/EN      (29125): [a] - getDBfilePath()::++++++++++++++++lastFilePath exists/data/data/com.evernote/files/user-102703026/.external-1428259012787-Evernote.db
D/EN      (29125): [EvernoteProvider] - cleanupOldThumbnailsIfNeeded()
I/ReleaseProperties(29125): Current app is: evernote
D/CordovaActivity(29138): Resuming the App
I/ReleaseProperties(29125): propFile: release is now loaded
I/ReleaseProperties(29125): propFile: play is now loaded
I/ReleaseProperties(29125): propFile: base is now loaded
I/ReleaseProperties(29125): propFile: override is now loaded
D/MarketUtils(29125): isPackageInstalled() - com.android.vending is installed
D/MarketUtils(29125): isPackageInstalled() - com.android.vending is installed
D/ReleaseProperties(29125): getReferralPersistencePath():: old=false:: path=/storage/emulated/0/.enref
D/MarketUtils(29125): isPackageInstalled() - com.android.vending is installed
D/MarketUtils(29125): isPackageInstalled() - com.android.vending is installed
I/ReleaseProperties(29125): ReleaseProperties: 
I/ReleaseProperties(29125):   bundleName=google-play
I/ReleaseProperties(29125):   revision=AM_702_524
I/ReleaseProperties(29125):   type=public
I/ReleaseProperties(29125):   gitHash=313f54a11431af98d659728265b72cfcf9ec527e
I/ReleaseProperties(29125):   baseSearchUri=market://search?q=
D/MarketUtils(29125): isPackageInstalled() - com.android.vending is installed
D/MarketUtils(29125): isPackageInstalled() - com.android.vending is installed
D/EN      (29125): [a] - isDBONSDcard()=true
D/EN      (29125): [Evernote] - VERSION_CODE: 1070243
D/MarketUtils(29125): isPackageInstalled() - com.android.vending is installed
I/ReleaseProperties(29125): From file referralCode=android
D/MarketUtils(29125): isPackageInstalled() - com.android.vending is installed
I/dalvikvm(29125): Could not find method android.content.pm.PackageManager.getActivityBanner, referenced from method com.evernote.d.b.getActivityBanner
W/dalvikvm(29125): VFY: unable to resolve virtual method 793: Landroid/content/pm/PackageManager;.getActivityBanner (Landroid/content/ComponentName;)Landroid/graphics/drawable/Drawable;
D/dalvikvm(29125): VFY: replacing opcode 0x6e at 0x0002
I/dalvikvm(29125): Could not find method android.content.pm.PackageManager.getActivityBanner, referenced from method com.evernote.d.b.getActivityBanner
W/dalvikvm(29125): VFY: unable to resolve virtual method 794: Landroid/content/pm/PackageManager;.getActivityBanner (Landroid/content/Intent;)Landroid/graphics/drawable/Drawable;
D/dalvikvm(29125): VFY: replacing opcode 0x6e at 0x0002
I/dalvikvm(29125): Could not find method android.content.pm.PackageManager.getApplicationBanner, referenced from method com.evernote.d.b.getApplicationBanner
W/dalvikvm(29125): VFY: unable to resolve virtual method 801: Landroid/content/pm/PackageManager;.getApplicationBanner (Landroid/content/pm/ApplicationInfo;)Landroid/graphics/drawable/Drawable;
D/dalvikvm(29125): VFY: replacing opcode 0x6e at 0x0002
I/dalvikvm(29125): Could not find method android.content.pm.PackageManager.getApplicationBanner, referenced from method com.evernote.d.b.getApplicationBanner
W/dalvikvm(29125): VFY: unable to resolve virtual method 802: Landroid/content/pm/PackageManager;.getApplicationBanner (Ljava/lang/String;)Landroid/graphics/drawable/Drawable;
D/dalvikvm(29125): VFY: replacing opcode 0x6e at 0x0002
I/dalvikvm(29125): Could not find method android.content.pm.PackageManager.getLeanbackLaunchIntentForPackage, referenced from method com.evernote.d.b.getLeanbackLaunchIntentForPackage
W/dalvikvm(29125): VFY: unable to resolve virtual method 818: Landroid/content/pm/PackageManager;.getLeanbackLaunchIntentForPackage (Ljava/lang/String;)Landroid/content/Intent;
D/dalvikvm(29125): VFY: replacing opcode 0x6e at 0x0002
I/dalvikvm(29125): Could not find method android.content.pm.PackageManager.getPackageInstaller, referenced from method com.evernote.d.b.getPackageInstaller
W/dalvikvm(29125): VFY: unable to resolve virtual method 823: Landroid/content/pm/PackageManager;.getPackageInstaller ()Landroid/content/pm/PackageInstaller;
D/dalvikvm(29125): VFY: replacing opcode 0x6e at 0x0002
I/dalvikvm(29125): Could not find method android.content.pm.PackageManager.getUserBadgedDrawableForDensity, referenced from method com.evernote.d.b.getUserBadgedDrawableForDensity
W/dalvikvm(29125): VFY: unable to resolve virtual method 839: Landroid/content/pm/PackageManager;.getUserBadgedDrawableForDensity (Landroid/graphics/drawable/Drawable;Landroid/os/UserHandle;Landroid/graphics/Rect;I)Landroid/graphics/drawable/Drawable;
D/dalvikvm(29125): VFY: replacing opcode 0x6e at 0x0002
I/dalvikvm(29125): Could not find method android.content.pm.PackageManager.getUserBadgedIcon, referenced from method com.evernote.d.b.getUserBadgedIcon
W/dalvikvm(29125): VFY: unable to resolve virtual method 840: Landroid/content/pm/PackageManager;.getUserBadgedIcon (Landroid/graphics/drawable/Drawable;Landroid/os/UserHandle;)Landroid/graphics/drawable/Drawable;
D/dalvikvm(29125): VFY: replacing opcode 0x6e at 0x0002
I/dalvikvm(29125): Could not find method android.content.pm.PackageManager.getUserBadgedLabel, referenced from method com.evernote.d.b.getUserBadgedLabel
W/dalvikvm(29125): VFY: unable to resolve virtual method 841: Landroid/content/pm/PackageManager;.getUserBadgedLabel (Ljava/lang/CharSequence;Landroid/os/UserHandle;)Ljava/lang/CharSequence;
D/dalvikvm(29125): VFY: replacing opcode 0x6e at 0x0002
I/Crashlytics(29125): Initializing Crashlytics 1.1.8.10
D/AudioManagerAndroid(29138): ==> onReceive: s=0, m=1, n=h2w, sb=true
D/AudioManagerAndroid(29138): reportUpdate: state=0, devices=[Speakerphone, Headset earpiece]
D/SoftKeyboardDetect(29138): Ignore this event
D/MarketUtils(29125): isPackageInstalled() - com.android.vending is installed
D/OpenGLRenderer(29138): Enabling debug mode 0
D/HockeyApp(29125): Looking for exceptions in: /data/data/com.evernote/files
D/HockeyApp(29125): Current handler class = com.evernote.k
D/EN      (29125): [ee] - registered crash manager
D/EN      (29125): [c] - onApplicationStart()
D/EN      (29125): [c] - onApplicationStart() -- loader thread
D/EN      (29125): [c] - pushUserIDToDataLayer(), pushing user-id ending in 6
D/MarketUtils(29125): isPackageInstalled() - com.android.vending is installed
D/MarketUtils(29125): isPackageInstalled() - com.android.vending is installed
I/ActivityManager( 1025): Start proc com.evernote.widget for broadcast com.evernote.widget/.WidgetStateReceiver: pid=29207 uid=10135 gids={50135, 3003, 1028, 1015}
I/ActivityManager( 1025): Process com.evernote (pid 29125) has died.
D/SoftKeyboardDetect(29138): Ignore this event
I/LaunchCheckinHandler( 1025): Displayed co.giftmeapp.gift_me/.GiftMe,cp,ca,706
I/ActivityManager( 1025): Displayed co.giftmeapp.gift_me/.GiftMe: +706ms
I/ReleaseProperties(29207): Current app is: evernoteWidget
I/ReleaseProperties(29207): propFile: release is now loaded
I/ReleaseProperties(29207): propFile: play is now loaded
I/ReleaseProperties(29207): propFile: base is now loaded
I/ReleaseProperties(29207): propFile: override is now loaded
I/ReleaseProperties(29207): ReleaseProperties: 
I/ReleaseProperties(29207):   bundleName=none
I/ReleaseProperties(29207):   revision=unknown
I/ReleaseProperties(29207):   type=development
I/ReleaseProperties(29207):   gitHash=?
I/ReleaseProperties(29207):   baseSearchUri=market://search?q=
D/ReleaseProperties(29207): getReferralPersistencePath():: old=false:: path=/storage/emulated/0/.enref
I/ReleaseProperties(29207): From file referralCode=android
E/rsC++   (27192): RS Message thread exiting.
I/ActivityManager( 1025): Start proc com.facebook.katana:dash for broadcast com.facebook.katana/com.facebook.dash.receivers.DashPackageUninstallReceiver: pid=29226 uid=10110 gids={50110, 1028, 1015, 3003}
D/CordovaWebViewClient(29138): onPageStarted(file:///android_asset/www/index.html)
D/CordovaActivity(29138): onMessage(onPageStarted,file:///android_asset/www/index.html)
D/WifiStateMachine( 1025): handleMessage: E msg.what=151572
D/WifiStateMachine( 1025): processMsg: ConnectedState
D/WifiStateMachine( 1025): processMsg: L2ConnectedState
D/WifiStateMachine( 1025): handleMessage: X
I/ActivityManager( 1025): Process com.evernote.widget (pid 29207) has died.
W/dalvikvm(29226): VFY: unable to resolve static field 29078 (a) in Lcom/facebook/katana/app/WorkAppTypes;
D/dalvikvm(29226): VFY: replacing opcode 0x62 at 0x0013
W/dalvikvm(29226): VFY: unable to resolve static field 29079 (b) in Lcom/facebook/katana/app/WorkAppTypes;
D/dalvikvm(29226): VFY: replacing opcode 0x62 at 0x001d
E/dalvikvm(29226): Could not find class 'com.facebook.katana.app.WallpaperFacebookApplicationImpl', referenced from method com.facebook.katana.app.FacebookApplication.a
W/dalvikvm(29226): VFY: unable to resolve new-instance 379 (Lcom/facebook/katana/app/WallpaperFacebookApplicationImpl;) in Lcom/facebook/katana/app/FacebookApplication;
D/dalvikvm(29226): VFY: replacing opcode 0x22 at 0x00a9
D/dalvikvm(29226): DexOpt: unable to opt direct call 0x055f at 0xab in Lcom/facebook/katana/app/FacebookApplication;.a
D/CatchMeIfYouCan(29226): Process (dash) ca: '/data/data/com.facebook.katana/app_cmiyc/0C66B38F48468E96F8008B6D5A2AE33B4A60265E01'
D/CatchMeIfYouCan(29226): Process (dash) fc: '/data/data/com.facebook.katana/app_cmiyc/0C66B38F48468E96F8008B6D5A2AE33B4A60265E02'
D/CatchMeIfYouCan(29226): Process (dash) cp: '('dash', 6, 60000, silent [true], restart [true], logout [true])'
D/ACRA    (29226): ACRA is enabled for com.facebook.katana, intializing...
D/ACRA    (29226): Looking for error files in /data/data/com.facebook.katana/app_acra-reports
D/ACRA    (29226): Looking for error files in /data/data/com.facebook.katana/app_minidumps
D/dalvikvm(29226): Trying to load lib /data/app-lib/com.facebook.katana-1/libgnustl_shared.so 0x41fac8e8
D/dalvikvm(29226): Added shared lib /data/app-lib/com.facebook.katana-1/libgnustl_shared.so 0x41fac8e8
D/dalvikvm(29226): No JNI_OnLoad found in /data/app-lib/com.facebook.katana-1/libgnustl_shared.so 0x41fac8e8, skipping init
D/dalvikvm(29226): Trying to load lib /data/app-lib/com.facebook.katana-1/libfb_breakpad_client.so 0x41fac8e8
D/dalvikvm(29226): Added shared lib /data/app-lib/com.facebook.katana-1/libfb_breakpad_client.so 0x41fac8e8
D/dalvikvm(29226): Trying to load lib /data/app-lib/com.facebook.katana-1/libfb_dalvik-internals.so 0x41fac8e8
D/dalvikvm(29226): Added shared lib /data/app-lib/com.facebook.katana-1/libfb_dalvik-internals.so 0x41fac8e8
V/DexLibLoader(29226): about to lock: /data/data/com.facebook.katana/mdex_lock
V/DexLibLoader(29226): locking /data/data/com.facebook.katana/mdex_lock took 1 ms
V/DexLibLoader(29226): Secondary program dex metadata: secondary-1.dex.jar.xz 15ef54b77950d1e6c1cbc3342a20571a9fd8050d secondary.dex01.Canary
V/DexLibLoader(29226): Secondary program dex metadata: secondary-2.dex.jar.xz 14bcaeed5ad488eaf139a59d22cf00efbde5948b secondary.dex02.Canary
V/DexLibLoader(29226): Secondary program dex metadata: secondary-3.dex.jar.xz e8acf246c92474061a3e0f7dafec5559e33da2c5 secondary.dex03.Canary
V/DexLibLoader(29226): Secondary program dex metadata: secondary-4.dex.jar.xz 1d7a13e77be07efb41a2c80160a9aec6fff27ad1 secondary.dex04.Canary
V/DexLibLoader(29226): Secondary program dex metadata: secondary-5.dex.jar.xz 42761fa3dedc1f1a9503bece4f2db80adf01f775 secondary.dex05.Canary
V/DexLibLoader(29226): Secondary program dex metadata: secondary-6.dex.jar.xz 1b4455e1ba1ff38a86723e24cd334fa1062519f1 secondary.dex06.Canary
V/DexLibLoader(29226): Secondary program dex metadata: secondary-7.dex.jar.xz a54de6ef97459e1e5b5c8f874a889a38965d3446 secondary.dex07.Canary
V/DexLibLoader(29226): directory "/data/data/com.facebook.katana/app_secondary_program_dex" contains "program-15ef54b77950d1e6c1cbc3342a20571a9fd8050d6661a1c7.dex.jar" as expected
V/DexLibLoader(29226): directory "/data/data/com.facebook.katana/app_secondary_program_dex" contains "program-14bcaeed5ad488eaf139a59d22cf00efbde5948b6661a1c7.dex.jar" as expected
V/DexLibLoader(29226): directory "/data/data/com.facebook.katana/app_secondary_program_dex" contains "program-e8acf246c92474061a3e0f7dafec5559e33da2c56661a1c7.dex.jar" as expected
V/DexLibLoader(29226): directory "/data/data/com.facebook.katana/app_secondary_program_dex" contains "program-1d7a13e77be07efb41a2c80160a9aec6fff27ad16661a1c7.dex.jar" as expected
V/DexLibLoader(29226): directory "/data/data/com.facebook.katana/app_secondary_program_dex" contains "program-42761fa3dedc1f1a9503bece4f2db80adf01f7756661a1c7.dex.jar" as expected
V/DexLibLoader(29226): directory "/data/data/com.facebook.katana/app_secondary_program_dex" contains "program-1b4455e1ba1ff38a86723e24cd334fa1062519f16661a1c7.dex.jar" as expected
V/DexLibLoader(29226): directory "/data/data/com.facebook.katana/app_secondary_program_dex" contains "program-a54de6ef97459e1e5b5c8f874a889a38965d34466661a1c7.dex.jar" as expected
D/DexLibLoader(29226): ignoring file "program-15ef54b77950d1e6c1cbc3342a20571a9fd8050d6661a1c7.dex.odex" in "/data/data/com.facebook.katana/app_secondary_program_dex"
D/DexLibLoader(29226): ignoring file "program-14bcaeed5ad488eaf139a59d22cf00efbde5948b6661a1c7.dex.odex" in "/data/data/com.facebook.katana/app_secondary_program_dex"
D/DexLibLoader(29226): ignoring file "program-e8acf246c92474061a3e0f7dafec5559e33da2c56661a1c7.dex.odex" in "/data/data/com.facebook.katana/app_secondary_program_dex"
D/DexLibLoader(29226): ignoring file "program-1d7a13e77be07efb41a2c80160a9aec6fff27ad16661a1c7.dex.odex" in "/data/data/com.facebook.katana/app_secondary_program_dex"
D/DexLibLoader(29226): ignoring file "program-42761fa3dedc1f1a9503bece4f2db80adf01f7756661a1c7.dex.odex" in "/data/data/com.facebook.katana/app_secondary_program_dex"
D/DexLibLoader(29226): ignoring file "program-1b4455e1ba1ff38a86723e24cd334fa1062519f16661a1c7.dex.odex" in "/data/data/com.facebook.katana/app_secondary_program_dex"
D/DexLibLoader(29226): ignoring file "program-a54de6ef97459e1e5b5c8f874a889a38965d34466661a1c7.dex.odex" in "/data/data/com.facebook.katana/app_secondary_program_dex"
D/DexLibLoader(29226): directory "/data/data/com.facebook.katana/app_secondary_program_dex" is valid
D/DexLibLoader(29226): ignoring file "primary_deps" in "/data/data/com.facebook.katana/app_secondary_program_dex_opt"
V/DexLibLoader(29226): directory "/data/data/com.facebook.katana/app_secondary_program_dex_opt" contains "program-15ef54b77950d1e6c1cbc3342a20571a9fd8050d6661a1c7.dex.dex" as expected
V/DexLibLoader(29226): directory "/data/data/com.facebook.katana/app_secondary_program_dex_opt" contains "program-14bcaeed5ad488eaf139a59d22cf00efbde5948b6661a1c7.dex.dex" as expected
V/DexLibLoader(29226): directory "/data/data/com.facebook.katana/app_secondary_program_dex_opt" contains "program-e8acf246c92474061a3e0f7dafec5559e33da2c56661a1c7.dex.dex" as expected
V/DexLibLoader(29226): directory "/data/data/com.facebook.katana/app_secondary_program_dex_opt" contains "program-1d7a13e77be07efb41a2c80160a9aec6fff27ad16661a1c7.dex.dex" as expected
V/DexLibLoader(29226): directory "/data/data/com.facebook.katana/app_secondary_program_dex_opt" contains "program-42761fa3dedc1f1a9503bece4f2db80adf01f7756661a1c7.dex.dex" as expected
V/DexLibLoader(29226): directory "/data/data/com.facebook.katana/app_secondary_program_dex_opt" contains "program-1b4455e1ba1ff38a86723e24cd334fa1062519f16661a1c7.dex.dex" as expected
V/DexLibLoader(29226): directory "/data/data/com.facebook.katana/app_secondary_program_dex_opt" contains "program-a54de6ef97459e1e5b5c8f874a889a38965d34466661a1c7.dex.dex" as expected
D/DexLibLoader(29226): directory "/data/data/com.facebook.katana/app_secondary_program_dex_opt" is valid
D/DexLibLoader(29226): loading pre-built cross-dex opt odex files
V/dalvik-internals(29226): hooked dvmResolveClass using jump ()
V/dalvik-internals(29226): hooked dvmFlushBreakpoints using jump ()
D/JsMessageQueue(29138): Set native->JS mode to OnlineEventsBridgeMode
V/MultiDexClassLoader(29226): installing MultiDexClassLoader before application classloader
I/dalvikvm(29226): Could not find method dalvik.system.DexFile.loadClassBinaryName, referenced from method com.facebook.common.dextricks.DexFileLoadOld.a
W/dalvikvm(29226): VFY: unable to resolve virtual method 2073: Ldalvik/system/DexFile;.loadClassBinaryName (Ljava/lang/String;Ljava/lang/ClassLoader;)Ljava/lang/Class;
D/dalvikvm(29226): VFY: replacing opcode 0x6e at 0x0000
D/DexLibLoader(29226): released odex store lock
D/DexLibLoader(29226): DexLibLoader.loadAll took 103 ms
D/MemoryReductionHack(29226): Marked as initialized entry corresponding to path /data/app/com.facebook.katana-1.apk
V/dalvik-internals(29226): hooked dvmLinearAlloc using jump ()
V/dalvik-internals(29226): hooked dvmLinearRealloc using jump ()
V/dalvik-internals(29226): hooked dvmLinearFree using jump ()
V/dalvik-internals(29226): hooked dvmLinearStrdup using jump ()
V/dalvik-internals(29226): hooked dvmLinearAllocContains using jump ()
I/dalvik-internals(29226): enlarged linearalloc buffer to 33554432 bytes
I/ActivityManager( 1025): Process com.android.packageinstaller (pid 27192) has died.
I/SFPerfTracer(  274):      triggers: (rate: 1161:454468) (365409 sw vsyncs) (1074880 skipped) (53:3454055 vsyncs) (55:4341788)
D/CordovaLog(29138): https://js.stripe.com/v2/: Line 2 : You are using Stripe.js in live mode over an insecure connection. This is considered unsafe. Please conduct live requests only on sites served over https. For more info, see https://stripe.com/help/ssl
I/chromium(29138): [INFO:CONSOLE(2)] "You are using Stripe.js in live mode over an insecure connection. This is considered unsafe. Please conduct live requests only on sites served over https. For more info, see https://stripe.com/help/ssl", source: https://js.stripe.com/v2/ (2)
I/App     (29138): WARNING: Back Button Default Behavior will be overridden.  The backbutton event will be fired!
D/CordovaLog(29138): file:///android_asset/www/js/app.js: Line 24 : Service initialized
I/chromium(29138): [INFO:CONSOLE(24)] "Service initialized", source: file:///android_asset/www/js/app.js (24)
D/CordovaLog(29138): file:///android_asset/www/js/app.js: Line 197 : facebookConnectPlugin not ready
I/chromium(29138): [INFO:CONSOLE(197)] "facebookConnectPlugin not ready", source: file:///android_asset/www/js/app.js (197)
W/StaticBindingVerifier(29226): Verify
I/dalvikvm(29226): Could not find method com.facebook.resources.FbResources.getDrawable, referenced from method com.facebook.resources.impl.DownloadedFbResources.getDrawable
W/dalvikvm(29226): VFY: unable to resolve virtual method 48479: Lcom/facebook/resources/FbResources;.getDrawable (ILandroid/content/res/Resources$Theme;)Landroid/graphics/drawable/Drawable;
D/dalvikvm(29226): VFY: replacing opcode 0x6f at 0x0031
D/CordovaActivity(29138): onMessage(spinner,stop)
D/WifiStateMachine( 1025): handleMessage: E msg.what=151572
D/WifiStateMachine( 1025): processMsg: ConnectedState
D/WifiStateMachine( 1025): processMsg: L2ConnectedState
D/WifiStateMachine( 1025): handleMessage: X
D/CordovaLog(29138): file:///android_asset/www/js/paypal_giftme.js: Line 4 : GIFTME - paypal init
I/chromium(29138): [INFO:CONSOLE(4)] "GIFTME - paypal init", source: file:///android_asset/www/js/paypal_giftme.js (4)
D/CordovaLog(29138): file:///android_asset/www/js/app.js: Line 209 : Uncaught ReferenceError: StatusBar is not defined
I/chromium(29138): [INFO:CONSOLE(209)] "Uncaught ReferenceError: StatusBar is not defined", source: file:///android_asset/www/js/app.js (209)
D/CordovaLog(29138): file:///android_asset/www/js/paypal_giftme.js: Line 83 : GIFTME - Preparing to Render
I/chromium(29138): [INFO:CONSOLE(83)] "GIFTME - Preparing to Render", source: file:///android_asset/www/js/paypal_giftme.js (83)
D/CordovaLog(29138): file:///android_asset/www/js/paypal_giftme.js: Line 61 : GIFTME - config
I/chromium(29138): [INFO:CONSOLE(61)] "GIFTME - config", source: file:///android_asset/www/js/paypal_giftme.js (61)
D/CordovaLog(29138): file:///android_asset/www/js/paypal_giftme.js: Line 67 : GIFTME - on prepare render
I/chromium(29138): [INFO:CONSOLE(67)] "GIFTME - on prepare render", source: file:///android_asset/www/js/paypal_giftme.js (67)
W/paypal.sdk(29138): PayPalService created. PayPalSDK/PayPal-Android-SDK 2.8.8 (Android 4.4.4; motorola XT1039; )
D/WifiService( 1025): New client listening to asynchronous messages
I/dalvikvm(29138): Could not find method com.google.android.gms.common.GooglePlayServicesUtil.isGooglePlayServicesAvailable, referenced from method com.paypal.android.sdk.bA.a
W/dalvikvm(29138): VFY: unable to resolve static method 9706: Lcom/google/android/gms/common/GooglePlayServicesUtil;.isGooglePlayServicesAvailable (Landroid/content/Context;)I
D/dalvikvm(29138): VFY: replacing opcode 0x71 at 0x0006
I/ActivityManager( 1025): Start proc com.google.android.partnersetup for broadcast com.google.android.partnersetup/.RlzPingBroadcastReceiver: pid=29276 uid=10025 gids={50025, 3003}
I/ActivityManager( 1025): Process com.facebook.katana:dash (pid 29226) has died.
D/WifiService( 1025): Client connection lost with reason: 4
E/JavaBinder(26752): !!! FAILED BINDER TRANSACTION !!!
W/fb4a(:<default>):BlueServiceQueue(26752): Exception during service
W/fb4a(:<default>):BlueServiceQueue(26752): java.util.concurrent.CancellationException: Queue stopped
W/fb4a(:<default>):BlueServiceQueue(26752): 	at com.facebook.fbservice.service.BlueServiceQueue.f(BlueServiceQueue.java:360)
W/fb4a(:<default>):BlueServiceQueue(26752): 	at com.facebook.fbservice.service.BlueServiceQueue.d(BlueServiceQueue.java:63)
W/fb4a(:<default>):BlueServiceQueue(26752): 	at com.facebook.fbservice.service.BlueServiceQueue$3.run(BlueServiceQueue.java:308)
W/fb4a(:<default>):BlueServiceQueue(26752): 	at java.util.concurrent.Executors$RunnableAdapter.call(Executors.java:422)
W/fb4a(:<default>):BlueServiceQueue(26752): 	at java.util.concurrent.FutureTask.run(FutureTask.java:237)
W/fb4a(:<default>):BlueServiceQueue(26752): 	at com.facebook.common.executors.ListenableScheduledFutureImpl.run(ListenableScheduledFutureImpl.java:60)
W/fb4a(:<default>):BlueServiceQueue(26752): 	at android.os.Handler.handleCallback(Handler.java:733)
W/fb4a(:<default>):BlueServiceQueue(26752): 	at android.os.Handler.dispatchMessage(Handler.java:95)
W/fb4a(:<default>):BlueServiceQueue(26752): 	at android.os.Looper.loop(Looper.java:136)
W/fb4a(:<default>):BlueServiceQueue(26752): 	at android.os.HandlerThread.run(HandlerThread.java:61)
I/ActivityManager( 1025): Start proc com.android.vending for broadcast com.android.vending/com.google.android.finsky.receivers.PackageMonitorReceiver$RegisteredReceiver: pid=29293 uid=10039 gids={50039, 3003, 1028, 1015}
D/dalvikvm(26752): GC_CONCURRENT freed 7139K, 34% free 14084K/21260K, paused 11ms+7ms, total 184ms
I/ActivityManager( 1025): Process com.google.android.partnersetup (pid 29276) has died.
D/ConnectPlugin(29138): onSessionStateChange:OPENED
D/ConnectPlugin(29138): onSessionStateChange:OPENED
D/CordovaWebViewClient(29138): onPageFinished(file:///android_asset/www/index.html)
D/CordovaActivity(29138): onMessage(onPageFinished,file:///android_asset/www/index.html)
D/Finsky  (29293): [1] FinskyApp.onCreate: Initializing network with DFE https://android.clients.google.com/fdfe/
D/Finsky  (29293): [1] DailyHygiene.goMakeHygieneIfDirty: No need to run daily hygiene.
W/Settings(29293): Setting download_manager_max_bytes_over_mobile has moved from android.provider.Settings.Secure to android.provider.Settings.Global.
W/Settings(29293): Setting download_manager_recommended_max_bytes_over_mobile has moved from android.provider.Settings.Secure to android.provider.Settings.Global.
I/dalvikvm(29293): Could not find method com.google.android.play.layout.PlayCardViewBase.setTransitionName, referenced from method com.google.android.finsky.utils.PlayCardUtils.bindCard
W/dalvikvm(29293): VFY: unable to resolve virtual method 42705: Lcom/google/android/play/layout/PlayCardViewBase;.setTransitionName (Ljava/lang/String;)V
D/dalvikvm(29293): VFY: replacing opcode 0x6e at 0x00d9
I/dalvikvm(29293): Could not find method com.google.android.play.layout.PlayCardViewBase.setTransitionGroup, referenced from method com.google.android.finsky.utils.PlayCardUtils.bindCard
W/dalvikvm(29293): VFY: unable to resolve virtual method 42704: Lcom/google/android/play/layout/PlayCardViewBase;.setTransitionGroup (Z)V
D/dalvikvm(29293): VFY: replacing opcode 0x6e at 0x0246
I/dalvikvm(29293): Could not find method android.view.View.getTransitionName, referenced from method com.google.android.finsky.navigationmanager.NavigationManager.showPage
W/dalvikvm(29293): VFY: unable to resolve virtual method 9352: Landroid/view/View;.getTransitionName ()Ljava/lang/String;
D/dalvikvm(29293): VFY: replacing opcode 0x6e at 0x001a
D/dalvikvm(29138): GC_CONCURRENT freed 5471K, 32% free 11775K/17224K, paused 2ms+4ms, total 58ms
D/Finsky  (29293): [1] 2.run: Loaded library for account: [gKXbJhL8NA2nPUzZyFpjB6tKi7U]
D/Finsky  (29293): [1] 2.run: Finished loading 1 libraries.
I/ActivityManager( 1025): Process com.android.vending (pid 29293) has died.
D/PackageBroadcastService(27538): Received broadcast action=android.intent.action.PACKAGE_ADDED and uri=co.giftmeapp.gift_me
D/WifiStateMachine( 1025): handleMessage: E msg.what=151572
D/WifiStateMachine( 1025): processMsg: ConnectedState
D/WifiStateMachine( 1025): processMsg: L2ConnectedState
D/WifiStateMachine( 1025): handleMessage: X
D/WifiStateMachine( 1025): handleMessage: E msg.what=131155
D/WifiStateMachine( 1025): processMsg: ConnectedState
D/WifiStateMachine( 1025): processMsg: L2ConnectedState
D/WifiStateMachine( 1025): handleMessage: X
W/ContextImpl(28942): Implicit intents with startService are not safe: Intent { act=com.google.android.gms.analytics.service.START (has extras) } android.content.ContextWrapper.bindService:517 com.google.analytics.tracking.android.AnalyticsGmsCoreClient.b:82 com.google.analytics.tracking.android.GAServiceProxy.j:279 
D/dalvikvm( 1025): GC_EXPLICIT freed 2212K, 37% free 32031K/50444K, paused 6ms+19ms, total 180ms
I/GAV2    (28942): Thread[GAThread,1,main]: No campaign data found.
I/ConfigFetchService(27538): onStartCommand Intent { act=android.intent.action.PACKAGE_ADDED dat=package:co.giftmeapp.gift_me cmp=com.google.android.gms/.config.ConfigFetchService (has extras) }
I/ConfigFetchService(27538): launchTask
D/CordovaLog(29138): file:///android_asset/www/js/app.js: Line 115 : Received response from version check.
I/chromium(29138): [INFO:CONSOLE(115)] "Received response from version check.", source: file:///android_asset/www/js/app.js (115)
D/CordovaLog(29138): file:///android_asset/www/js/app.js: Line 117 : Version is supported.
I/chromium(29138): [INFO:CONSOLE(117)] "Version is supported.", source: file:///android_asset/www/js/app.js (117)
I/ActivityManager( 1025): Start proc com.google.android.apps.docs for broadcast com.google.android.apps.docs/.receivers.AppPackageAddRemoveReceiver: pid=29351 uid=10060 gids={50060, 3003, 1028, 1015}
I/ConfigFetchService(27538): service connected
D/ConfigFetchService(27538): ConfigApi connection successful.
W/paypal.sdk(29138): am SN:3 PayPal Debug-ID: baf73281a1c74 [live, 2.8.8;release]
V/ConfigFetchTask(27538): ConfigFetchTask getDeviceDataVersionInfo(): ABFEt1V1OmWb6AQYysyXpfgFj3Mxv_1UPtocKhUdx8Z_czugWzkbksuPTdVup8ub3vy_2ysEeeGPiUJxO06WOTsGtIhJpXXeLHF6qKxpYjtZhu1z6Q6-Ar89c0XWB5NT61QysPzgDqwJhiGJNY5B_vu7EUP3PlqAaJe1fA-IuCH14U66GevqI4_TPsnigcHbhsv5pabkcZpC9S_Fdnx5f2oqpGDO5FdIPzfU_OPKa6c3--lpDKQ0Tyx5HXJRBBreWJGuozNnlc5UVuXHRWCTb_kT-ehXQUC696FhPz5U5kkRrsIUOdWShR3n6IzPZvIFarYI0pNardOHiBNhBEwSlLR3o4_wN5bHU7b477e1seveOaxmDzFV7Fo
I/GoogleURLConnFactory(27538): Using platform SSLCertificateSocketFactory
W/GmsApplication(27538): Using Auth Proxy for data requests.
W/ActivityThread(27538): ClassLoader.loadClass: The class loader returned by Thread.getContextClassLoader() may fail for processes that host multiple applications. You should explicitly specify a context class loader. For example: Thread.setContextClassLoader(getClass().getClassLoader());
I/GoogleURLConnFactory(27538): Using platform SSLCertificateSocketFactory
I/dalvikvm(29351): Could not find method android.app.Activity.finishAfterTransition, referenced from method r.c_
W/dalvikvm(29351): VFY: unable to resolve virtual method 2773: Landroid/app/Activity;.finishAfterTransition ()V
D/dalvikvm(29351): VFY: replacing opcode 0x6e at 0x0006
I/GLSUser (27538): [ ChannelManager ] Attempting to channel bind connection HttpClient.
I/GLSUser (27538): [ ChannelManager ] Skip channel binding on pre-KLP devices.
W/GmsApplication(27538): Using Auth Proxy for data requests.
W/dalvikvm(27538): VFY: unable to find class referenced in signature (Landroid/app/SharedElementCallback;)
I/dalvikvm(27538): Could not find method android.app.Activity.setEnterSharedElementCallback, referenced from method android.support.v4.app.q.setEnterSharedElementCallback
W/dalvikvm(27538): VFY: unable to resolve virtual method 90: Landroid/app/Activity;.setEnterSharedElementCallback (Landroid/app/SharedElementCallback;)V
D/dalvikvm(27538): VFY: replacing opcode 0x6e at 0x000e
W/dalvikvm(27538): VFY: unable to find class referenced in signature (Landroid/app/SharedElementCallback;)
I/dalvikvm(27538): Could not find method android.app.Activity.setExitSharedElementCallback, referenced from method android.support.v4.app.q.setExitSharedElementCallback
W/dalvikvm(27538): VFY: unable to resolve virtual method 91: Landroid/app/Activity;.setExitSharedElementCallback (Landroid/app/SharedElementCallback;)V
D/dalvikvm(27538): VFY: replacing opcode 0x6e at 0x000e
I/dalvikvm(27538): Could not find method android.app.Activity.finishAfterTransition, referenced from method android.support.v4.app.q.supportFinishAfterTransition
W/dalvikvm(27538): VFY: unable to resolve virtual method 52: Landroid/app/Activity;.finishAfterTransition ()V
D/dalvikvm(27538): VFY: replacing opcode 0x6e at 0x0006
I/dalvikvm(27538): Could not find method android.app.Activity.postponeEnterTransition, referenced from method android.support.v4.app.q.supportPostponeEnterTransition
W/dalvikvm(27538): VFY: unable to resolve virtual method 85: Landroid/app/Activity;.postponeEnterTransition ()V
D/dalvikvm(27538): VFY: replacing opcode 0x6e at 0x0006
I/dalvikvm(27538): Could not find method android.app.Activity.startPostponedEnterTransition, referenced from method android.support.v4.app.q.supportStartPostponedEnterTransition
W/dalvikvm(27538): VFY: unable to resolve virtual method 99: Landroid/app/Activity;.startPostponedEnterTransition ()V
D/dalvikvm(27538): VFY: replacing opcode 0x6e at 0x0006
W/GmsApplication(27538): Using Auth Proxy for data requests.
W/GmsApplication(27538): Using Auth Proxy for data requests.
W/GmsApplication(27538): Using Auth Proxy for data requests.
I/PeopleDatabaseHelper(27538): cleanUpNonGplusAccounts done.
W/GmsApplication(27538): Using Auth Proxy for data requests.
D/dalvikvm(27538): GC_EXPLICIT freed 3222K, 40% free 10367K/17224K, paused 2ms+5ms, total 46ms
I/ConfigFetchService(27538): fetch service done; releasing wakelock
I/ConfigFetchService(27538): stopping self
W/SyncWapiModule(29351): isPlayServicesEnabled=
W/SyncWapiModule(29351): isPlayServicesEnabled=
I/ActivityManager( 1025): Start proc com.motorola.MotGallery2 for broadcast com.motorola.MotGallery2/com.android.gallery3d.app.PackagesMonitor: pid=29389 uid=10034 gids={50034, 3003, 1028, 1015}
D/WifiStateMachine( 1025): handleMessage: E msg.what=151572
D/WifiStateMachine( 1025): processMsg: ConnectedState
D/WifiStateMachine( 1025): processMsg: L2ConnectedState
D/WifiStateMachine( 1025): handleMessage: X
W/GAV2    (29351): Thread[main,5,main]: Need to call initialize() and be in fallback mode to start dispatch.
D/CordovaLog(29138): file:///android_asset/www/js/app.js: Line 135 : success...
I/chromium(29138): [INFO:CONSOLE(135)] "success...", source: file:///android_asset/www/js/app.js (135)
I/ActivityManager( 1025): Start proc com.google.android.googlequicksearchbox:search for broadcast com.google.android.googlequicksearchbox/com.google.android.search.core.icingsync.IcingCorporaChangedReceiver: pid=29411 uid=10045 gids={50045, 3003, 3001, 1028, 3002, 1015}
D/dalvikvm(  275): GC_EXPLICIT freed 42K, 48% free 9011K/17224K, paused 2ms+5ms, total 25ms
D/dalvikvm(  275): GC_EXPLICIT freed <1K, 48% free 9011K/17224K, paused 1ms+2ms, total 21ms
D/dalvikvm(  275): GC_EXPLICIT freed <1K, 48% free 9011K/17224K, paused 2ms+3ms, total 22ms
I/ActivityManager( 1025): Process com.facebook.katana (pid 26752) has died.
D/WifiService( 1025): Client connection lost with reason: 4
W/ActivityManager( 1025): Scheduling restart of crashed service com.facebook.katana/com.facebook.push.mqtt.service.MqttPushService in 4096000ms
I/SFPerfTracer(  274):      triggers: (rate: 1300:51553) (compose: 0:262) (post: 0:21) (render: 92:10762) (0:815138 frames) (1:3411440)
D/SFPerfTracer(  274):        layers: (3:11) (DimLayer: 0:158)* (DimLayer: 0:146)* (FocusedStackFrame: 0:22971)* (StatusBar: 0:274444) (NavigationBar: 0:211258) (DimLayer: 0:26724)* (DimLayer: 0:5105)* (com.android.wallpaper.fall.FallWallpaper: 0:7052)* (com.android.packageinstaller/com.android.packageinstaller.InstallAppProgress: 0:193)* (Starting co.giftmeapp.gift_me: 0:35)* (co.giftmeapp.gift_me/co.giftmeapp.gift_me.GiftMe: 1:41) 
I/ActivityManager( 1025): Start proc com.evernote for broadcast com.evernote/.util.WidgetTracker: pid=29427 uid=10134 gids={50134, 3003, 1028, 1015}
I/UpdateIcingCorporaServi(29411): Updating corpora: APPS=co.giftmeapp.gift_me, CONTACTS=MAYBE
I/MultiDex(29427): VM with version 1.6.0 does not have multidex support
I/MultiDex(29427): install
I/MultiDex(29427): MultiDexExtractor.load(/data/app/com.evernote-1.apk, false)
I/MultiDex(29427): loading existing secondary dex files
I/MultiDex(29427): load found 0 secondary dex files
I/MultiDex(29427): install done
I/ActivityManager( 1025): Start proc com.google.android.partnersetup for content provider com.google.android.partnersetup/.RlzAppProvider: pid=29443 uid=10025 gids={50025, 3003}
I/ActivityManager( 1025): Process com.motorola.MotGallery2 (pid 29389) has died.
I/dalvikvm(29411): Could not find method android.content.pm.PackageManager.getPackageInstaller, referenced from method com.google.android.gms.common.e.p
W/dalvikvm(29411): VFY: unable to resolve virtual method 901: Landroid/content/pm/PackageManager;.getPackageInstaller ()Landroid/content/pm/PackageInstaller;
D/dalvikvm(29411): VFY: replacing opcode 0x6e at 0x000b
W/GAV2    (29351): Thread[main,5,main]: dispatch call queued.  Need to call GAServiceManager.getInstance().initialize().
I/ActivityManager( 1025): Process com.google.android.apps.docs (pid 29351) has died.
I/ActivityManager( 1025): Process com.google.android.partnersetup (pid 29443) has died.
D/EN      (29427): MemoryMapAppender.ctor()
D/EN      (29427): MemoryMapAppender.ctor-end()
D/EN      (29427): [EvernoteProvider] - Provider+++++onCreate()
D/EN      (29427): [d] - AccountManager()::userIds=102703026
D/EN      (29427): [b] - creating new AccountInfo()::userId102703026
D/EN      (29427): [d] - AccountManager()::adding account::102703026::timcallagy
D/EN      (29427): [d] - AccountManager()::count=1
D/EN      (29427): [d] - initialized:
D/EN      (29427): [a] - getInstance()::
D/EN      (29427): [al] - Register SD Card Receiver ++++++++++++++++++++
D/EN      (29427): [al] - checkForRecentUnmount() end
D/EN      (29427): [a] - locale is set=en_GB
D/EN      (29427): [a] - isDBONSDcard()=true
I/EN      (29427): [al] - getSDCardStatus()::mounted::noStorageText=null
D/EN      (29427): [a] - isDBFileChanged()::lastFilePath in pref=/data/data/com.evernote/files/user-102703026/.external-1428259012787-Evernote.db
E/EN      (29427): [a] - isDBFileChanged()::+++++++++lastFilePath exists/data/data/com.evernote/files/user-102703026/.external-1428259012787-Evernote.db
D/EN      (29427): [a] - getInstance()::DBFile NOT Changed
D/EN      (29427): [a] - isDBONSDcard()=true
D/EN      (29427): [a] - moveToSDcard()::start::Evernote.DB_ON_SDCARD=true
D/EN      (29427): [a] - isDBONSDcard()=true
E/EN      (29427): [a] - isLastDBFileOnSDCard()::+++++++++++lastFilePath exists/data/data/com.evernote/files/user-102703026/.external-1428259012787-Evernote.db
I/ApplicationLogger(29411): canRun() : Opted Out
D/EN      (29427): [a] - isDBONSDcard()=true
D/EN      (29427): [a] - getDBfilePath()::++++++++++++++++lastFilePath from preferences/data/data/com.evernote/files/user-102703026/.external-1428259012787-Evernote.db
I/UpdateIcingCorporaServi(29411): UpdateCorporaTask done [took 243 ms] updated apps [took 243 ms] 
E/EN      (29427): [a] - getDBfilePath()::++++++++++++++++lastFilePath exists/data/data/com.evernote/files/user-102703026/.external-1428259012787-Evernote.db
D/EN      (29427): [EvernoteProvider] - cleanupOldThumbnailsIfNeeded()
I/ReleaseProperties(29427): Current app is: evernote
I/ReleaseProperties(29427): propFile: release is now loaded
I/ReleaseProperties(29427): propFile: play is now loaded
I/ReleaseProperties(29427): propFile: base is now loaded
I/ReleaseProperties(29427): propFile: override is now loaded
D/MarketUtils(29427): isPackageInstalled() - com.android.vending is installed
D/MarketUtils(29427): isPackageInstalled() - com.android.vending is installed
D/ReleaseProperties(29427): getReferralPersistencePath():: old=false:: path=/storage/emulated/0/.enref
D/MarketUtils(29427): isPackageInstalled() - com.android.vending is installed
D/MarketUtils(29427): isPackageInstalled() - com.android.vending is installed
I/ReleaseProperties(29427): ReleaseProperties: 
I/ReleaseProperties(29427):   bundleName=google-play
I/ReleaseProperties(29427):   revision=AM_702_524
I/ReleaseProperties(29427):   type=public
I/ReleaseProperties(29427):   gitHash=313f54a11431af98d659728265b72cfcf9ec527e
I/ReleaseProperties(29427):   baseSearchUri=market://search?q=
D/MarketUtils(29427): isPackageInstalled() - com.android.vending is installed
D/MarketUtils(29427): isPackageInstalled() - com.android.vending is installed
I/ReleaseProperties(29427): From file referralCode=android
D/EN      (29427): [a] - isDBONSDcard()=true
D/EN      (29427): [Evernote] - VERSION_CODE: 1070243
