F/ProcessStats( 1025): Starting service ServiceState{428fdff0 com.facebook.push.mqtt.service.MqttPushService pkg=com.facebook.orca proc=428fdff0} without owner
E/dalvikvm( 2959): Could not find class 'org.apache.harmony.xnet.provider.jsse.OpenSSLSocketImpl', referenced from method com.facebook.ssl.openssl.check.CheckOpenSSLImplHasRequiredMethods.<clinit>
W/dalvikvm( 2959): VFY: unable to resolve const-class 13808 (Lorg/apache/harmony/xnet/provider/jsse/OpenSSLSocketImpl;) in Lcom/facebook/ssl/openssl/check/CheckOpenSSLImplHasRequiredMethods;
D/dalvikvm( 2959): VFY: replacing opcode 0x1c at 0x000d
E/dalvikvm( 2959): Could not find class 'org.apache.harmony.xnet.provider.jsse.OpenSSLSocketFactoryImpl', referenced from method com.facebook.ssl.openssl.reflect.SSLParametersGetter.<clinit>
W/dalvikvm( 2959): VFY: unable to resolve const-class 13807 (Lorg/apache/harmony/xnet/provider/jsse/OpenSSLSocketFactoryImpl;) in Lcom/facebook/ssl/openssl/reflect/SSLParametersGetter;
D/dalvikvm( 2959): VFY: replacing opcode 0x1c at 0x000d
E/dalvikvm( 2959): Could not find class 'org.apache.harmony.xnet.provider.jsse.SSLParametersImpl', referenced from method com.facebook.ssl.openssl.reflect.SSLParametersGetter.a
W/dalvikvm( 2959): VFY: unable to resolve check-cast 13809 (Lorg/apache/harmony/xnet/provider/jsse/SSLParametersImpl;) in Lcom/facebook/ssl/openssl/reflect/SSLParametersGetter;
D/dalvikvm( 2959): VFY: replacing opcode 0x1f at 0x0006
E/dalvikvm( 2959): Could not find class 'org.apache.harmony.xnet.provider.jsse.SSLParametersImpl', referenced from method com.facebook.ssl.openssl.reflect.SSLSessionTimeoutSetter.<clinit>
W/dalvikvm( 2959): VFY: unable to resolve const-class 13809 (Lorg/apache/harmony/xnet/provider/jsse/SSLParametersImpl;) in Lcom/facebook/ssl/openssl/reflect/SSLSessionTimeoutSetter;
D/dalvikvm( 2959): VFY: replacing opcode 0x1c at 0x000d
W/dalvikvm( 2959): VFY: unable to find class referenced in signature (Lorg/apache/harmony/xnet/provider/jsse/SSLParametersImpl;)
E/dalvikvm( 2959): Could not find class 'org.apache.harmony.xnet.provider.jsse.ClientSessionContext', referenced from method com.facebook.ssl.openssl.reflect.SSLSessionTimeoutSetter.a
W/dalvikvm( 2959): VFY: unable to resolve check-cast 13806 (Lorg/apache/harmony/xnet/provider/jsse/ClientSessionContext;) in Lcom/facebook/ssl/openssl/reflect/SSLSessionTimeoutSetter;
D/dalvikvm( 2959): VFY: replacing opcode 0x1f at 0x0006
W/dalvikvm( 2959): VFY: unable to find class referenced in signature (Lorg/apache/harmony/xnet/provider/jsse/SSLParametersImpl;)
W/dalvikvm( 2959): Unable to resolve superclass of Lcom/facebook/ssl/openssl/TicketEnabledOpenSSLSocketImplWrapper; (11243)
W/dalvikvm( 2959): Link of class 'Lcom/facebook/ssl/openssl/TicketEnabledOpenSSLSocketImplWrapper;' failed
E/dalvikvm( 2959): Could not find class 'com.facebook.ssl.openssl.TicketEnabledOpenSSLSocketImplWrapper', referenced from method com.facebook.ssl.openssl.TicketEnabledOpenSSLSocketFactoryHelper.a
W/dalvikvm( 2959): VFY: unable to resolve new-instance 10681 (Lcom/facebook/ssl/openssl/TicketEnabledOpenSSLSocketImplWrapper;) in Lcom/facebook/ssl/openssl/TicketEnabledOpenSSLSocketFactoryHelper;
D/dalvikvm( 2959): VFY: replacing opcode 0x22 at 0x0000
W/dalvikvm( 2959): Unable to resolve superclass of Lcom/facebook/ssl/openssl/TicketEnabledOpenSSLSocketImplWrapper; (11243)
W/dalvikvm( 2959): Link of class 'Lcom/facebook/ssl/openssl/TicketEnabledOpenSSLSocketImplWrapper;' failed
D/dalvikvm( 2959): DexOpt: unable to opt direct call 0xc22f at 0x08 in Lcom/facebook/ssl/openssl/TicketEnabledOpenSSLSocketFactoryHelper;.a
I/ActivityManager( 1025): Process com.evernote (pid 2844) has died.
D/WifiStateMachine( 1025): handleMessage: E msg.what=151572
D/WifiStateMachine( 1025): processMsg: ConnectedState
D/WifiStateMachine( 1025): processMsg: L2ConnectedState
F/ProcessStats( 1025): Starting service ServiceState{42abda10 com.cleanmaster.fm.service.BackgroundService pkg=com.rhmsoft.fm proc=42abda10} without owner
D/dalvikvm( 2959): Trying to load lib /data/app-lib/com.facebook.katana-1/libfbjni.so 0x41faac18
D/WifiStateMachine( 1025): handleMessage: X
D/dalvikvm( 2959): Added shared lib /data/app-lib/com.facebook.katana-1/libfbjni.so 0x41faac18
D/dalvikvm( 2959): Trying to load lib /data/app-lib/com.facebook.katana-1/libheartbleed.so 0x41faac18
F/ProcessStats( 1025): Starting service ServiceState{42c48c08 com.whatsapp.messaging.MessageService pkg=com.whatsapp proc=42c48c08} without owner
D/dalvikvm( 2959): Added shared lib /data/app-lib/com.facebook.katana-1/libheartbleed.so 0x41faac18
F/ProcessStats( 1025): Starting service ServiceState{43399718 com.paypal.android.p2pmobile.services.AtoService pkg=com.paypal.android.p2pmobile proc=43399718} without owner
F/ProcessStats( 1025): Starting service ServiceState{43231e48 com.paypal.android.p2pmobile.services.WalletService pkg=com.paypal.android.p2pmobile proc=43231e48} without owner
F/ProcessStats( 1025): Starting service ServiceState{422b0fe8 com.mobisystems.ubreader.launcher.service.NetworkService pkg=com.mobisystems.ubreader_west proc=422b0fe8} without owner
F/ProcessStats( 1025): Starting service ServiceState{428fdff0 com.facebook.push.mqtt.service.MqttPushService pkg=com.facebook.orca proc=428fdff0} without owner
I/ActivityManager( 1025): Process com.evernote.widget (pid 2894) has died.
I/ConfigService(31010): onDestroy
D/dalvikvm( 2959): Trying to load lib /data/app-lib/com.facebook.katana-1/libcares.so 0x41faac18
D/dalvikvm( 2959): Added shared lib /data/app-lib/com.facebook.katana-1/libcares.so 0x41faac18
D/dalvikvm( 2959): No JNI_OnLoad found in /data/app-lib/com.facebook.katana-1/libcares.so 0x41faac18, skipping init
D/dalvikvm( 2959): Trying to load lib /data/app-lib/com.facebook.katana-1/libdouble-conversion.so 0x41faac18
D/dalvikvm( 2959): Added shared lib /data/app-lib/com.facebook.katana-1/libdouble-conversion.so 0x41faac18
D/dalvikvm( 2959): No JNI_OnLoad found in /data/app-lib/com.facebook.katana-1/libdouble-conversion.so 0x41faac18, skipping init
D/dalvikvm( 2959): Trying to load lib /data/app-lib/com.facebook.katana-1/libevent.so 0x41faac18
D/dalvikvm( 2959): Added shared lib /data/app-lib/com.facebook.katana-1/libevent.so 0x41faac18
D/dalvikvm( 2959): No JNI_OnLoad found in /data/app-lib/com.facebook.katana-1/libevent.so 0x41faac18, skipping init
D/dalvikvm( 2959): Trying to load lib /data/app-lib/com.facebook.katana-1/libliger.so 0x41faac18
D/dalvikvm( 2959): Added shared lib /data/app-lib/com.facebook.katana-1/libliger.so 0x41faac18
W/BroadcastQueue( 1025): Permission Denial: broadcasting Intent { act=android.net.conn.INET_CONDITION_ACTION flg=0x4000010 (has extras) } from null (pid=-1, uid=-1) requires com.facebook.permission.prod.FB_APP_COMMUNICATION due to registered receiver BroadcastFilter{42c4a248 u0 ReceiverList{431bd110 2959 com.facebook.katana:dash/10110/u0 remote:429ab010}}
W/BroadcastQueue( 1025): Permission Denial: broadcasting Intent { act=android.net.conn.CONNECTIVITY_CHANGE flg=0x4000010 (has extras) } from null (pid=-1, uid=-1) requires com.facebook.permission.prod.FB_APP_COMMUNICATION due to registered receiver BroadcastFilter{42c4a248 u0 ReceiverList{431bd110 2959 com.facebook.katana:dash/10110/u0 remote:429ab010}}
D/Finsky  ( 3007): [1] DailyHygiene.goMakeHygieneIfDirty: No need to run daily hygiene.
W/Settings( 3007): Setting download_manager_max_bytes_over_mobile has moved from android.provider.Settings.Secure to android.provider.Settings.Global.
W/Settings( 3007): Setting download_manager_recommended_max_bytes_over_mobile has moved from android.provider.Settings.Secure to android.provider.Settings.Global.
I/ActivityManager( 1025): Process com.facebook.katana:dash (pid 2959) has died.
D/WifiService( 1025): Client connection lost with reason: 4
I/dalvikvm( 3007): Could not find method com.google.android.play.layout.PlayCardViewBase.setTransitionName, referenced from method com.google.android.finsky.utils.PlayCardUtils.bindCard
W/dalvikvm( 3007): VFY: unable to resolve virtual method 42705: Lcom/google/android/play/layout/PlayCardViewBase;.setTransitionName (Ljava/lang/String;)V
D/dalvikvm( 3007): VFY: replacing opcode 0x6e at 0x00d9
I/dalvikvm( 3007): Could not find method com.google.android.play.layout.PlayCardViewBase.setTransitionGroup, referenced from method com.google.android.finsky.utils.PlayCardUtils.bindCard
W/dalvikvm( 3007): VFY: unable to resolve virtual method 42704: Lcom/google/android/play/layout/PlayCardViewBase;.setTransitionGroup (Z)V
D/dalvikvm( 3007): VFY: replacing opcode 0x6e at 0x0246
I/dalvikvm( 3007): Could not find method android.view.View.getTransitionName, referenced from method com.google.android.finsky.navigationmanager.NavigationManager.showPage
W/dalvikvm( 3007): VFY: unable to resolve virtual method 9352: Landroid/view/View;.getTransitionName ()Ljava/lang/String;
D/dalvikvm( 3007): VFY: replacing opcode 0x6e at 0x001a
D/Finsky  ( 3007): [1] 2.run: Loaded library for account: [gKXbJhL8NA2nPUzZyFpjB6tKi7U]
D/Finsky  ( 3007): [1] 2.run: Finished loading 1 libraries.
D/PackageBroadcastService(32663): Received broadcast action=android.intent.action.PACKAGE_ADDED and uri=co.giftmeapp.gift_me
I/ActivityManager( 1025): Start proc com.google.android.apps.docs for broadcast com.google.android.apps.docs/.receivers.AppPackageAddRemoveReceiver: pid=3087 uid=10060 gids={50060, 3003, 1028, 1015}
D/dalvikvm(27213): GC_CONCURRENT freed 2377K, 44% free 11520K/20348K, paused 4ms+6ms, total 53ms
D/Finsky  ( 3007): [1] GmsCoreHelper.cleanupNlp: result=false type=4
D/Finsky  ( 3007): [1] RestoreTracker.stopServiceIfDone: Restore complete with 0 success and 0 failed.
I/ConfigService(31010): onCreate
I/ConfigService(31010): onBind for Intent { act=com.google.android.gms.config.UPDATE pkg=com.google.android.gms } action com.google.android.gms.config.UPDATE
I/ConfigFetchService(32663): onStartCommand Intent { act=android.intent.action.PACKAGE_ADDED dat=package:co.giftmeapp.gift_me cmp=com.google.android.gms/.config.ConfigFetchService (has extras) }
I/ConfigService(31010): onBind returning update interface
I/ConfigService(31010): onBind for Intent { act=com.google.android.gms.config.START pkg=com.google.android.gms } action com.google.android.gms.config.START
I/ConfigService(31010): onBind returning service broker
I/ConfigFetchService(32663): launchTask
I/ConfigFetchService(32663): service connected
I/dalvikvm( 3087): Could not find method android.app.Activity.finishAfterTransition, referenced from method r.c_
W/dalvikvm( 3087): VFY: unable to resolve virtual method 2773: Landroid/app/Activity;.finishAfterTransition ()V
D/dalvikvm( 3087): VFY: replacing opcode 0x6e at 0x0006
D/dalvikvm(32663): GC_EXPLICIT freed 2996K, 42% free 10107K/17224K, paused 8ms+5ms, total 74ms
D/ConfigFetchService(32663): ConfigApi connection successful.
W/GmsApplication(32663): Using Auth Proxy for data requests.
V/ConfigFetchTask(32663): ConfigFetchTask getDeviceDataVersionInfo(): ABFEt1WTD8dQ8xZDIZANjzvC74e8OnMd-o4GlpSZ8urzXFEGJkLon7diqlvJMme2JwchPpYL-NqrpiNckMYfgVQ62neNlmVL1RJw9in3LpfSF3Rszvi95ybVY63GPcuesa7--es5usz0GiJnJ8v-Sz0wdWg0HscHl7h2vgkA_RwVDhTzO_L2mMb8sLlhTYPNBGXZZEqIJNAX6CSKvH9ycqswNrohEi3vYiWVDNdAvHwV6lZW4QeEezjBmcuckNJFd4VtFQyH_3EwsjkpJTq2LACQy4jMRuMF9wEHmBIy0XhIOKqnWpvIARokMfswjPyOL_QmffNpmgRVj-lsPoqfgDJzqoypmhW4eP0zldKtBwjChk16Ow7XVAg
I/GoogleURLConnFactory(32663): Using platform SSLCertificateSocketFactory
I/GoogleURLConnFactory(32663): Using platform SSLCertificateSocketFactory
W/ActivityThread(32663): ClassLoader.loadClass: The class loader returned by Thread.getContextClassLoader() may fail for processes that host multiple applications. You should explicitly specify a context class loader. For example: Thread.setContextClassLoader(getClass().getClassLoader());
I/GLSUser (32663): [ ChannelManager ] Attempting to channel bind connection HttpClient.
I/GLSUser (32663): [ ChannelManager ] Skip channel binding on pre-KLP devices.
W/GmsApplication(32663): Using Auth Proxy for data requests.
W/GmsApplication(32663): Using Auth Proxy for data requests.
W/GmsApplication(32663): Using Auth Proxy for data requests.
W/GmsApplication(32663): Using Auth Proxy for data requests.
W/GmsApplication(32663): Using Auth Proxy for data requests.
I/ConfigFetchService(32663): fetch service done; releasing wakelock
I/ConfigFetchService(32663): stopping self
D/WifiStateMachine( 1025): handleMessage: E msg.what=151572
D/WifiStateMachine( 1025): processMsg: ConnectedState
D/WifiStateMachine( 1025): processMsg: L2ConnectedState
D/WifiStateMachine( 1025): handleMessage: X
W/SyncWapiModule( 3087): isPlayServicesEnabled=
W/SyncWapiModule( 3087): isPlayServicesEnabled=
W/GAV2    ( 3087): Thread[main,5,main]: Need to call initialize() and be in fallback mode to start dispatch.
I/ActivityManager( 1025): Start proc com.motorola.MotGallery2 for broadcast com.motorola.MotGallery2/com.android.gallery3d.app.PackagesMonitor: pid=3126 uid=10034 gids={50034, 3003, 1028, 1015}
I/ActivityManager( 1025): Start proc com.google.android.googlequicksearchbox:search for broadcast com.google.android.googlequicksearchbox/com.google.android.search.core.icingsync.IcingCorporaChangedReceiver: pid=3146 uid=10045 gids={50045, 3003, 3001, 1028, 3002, 1015}
I/ActivityManager( 1025): Process com.google.android.partnersetup (pid 3033) has died.
W/GAV2    ( 3087): Thread[main,5,main]: dispatch call queued.  Need to call GAServiceManager.getInstance().initialize().
I/ActivityManager( 1025): Start proc com.evernote for broadcast com.evernote/.util.WidgetTracker: pid=3163 uid=10134 gids={50134, 3003, 1028, 1015}
I/ActivityManager( 1025): Process com.android.vending (pid 3007) has died.
I/UpdateIcingCorporaServi( 3146): Updating corpora: APPS=co.giftmeapp.gift_me, CONTACTS=MAYBE
I/MultiDex( 3163): VM with version 1.6.0 does not have multidex support
I/MultiDex( 3163): install
I/MultiDex( 3163): MultiDexExtractor.load(/data/app/com.evernote-1.apk, false)
I/MultiDex( 3163): loading existing secondary dex files
I/MultiDex( 3163): load found 0 secondary dex files
I/MultiDex( 3163): install done
I/ActivityManager( 1025): Start proc com.google.android.partnersetup for content provider com.google.android.partnersetup/.RlzAppProvider: pid=3182 uid=10025 gids={50025, 3003}
I/ActivityManager( 1025): Process com.google.android.apps.docs (pid 3087) has died.
D/dalvikvm(  275): GC_EXPLICIT freed 42K, 48% free 9011K/17224K, paused 3ms+4ms, total 31ms
D/dalvikvm(  275): GC_EXPLICIT freed <1K, 48% free 9011K/17224K, paused 2ms+4ms, total 32ms
I/dalvikvm( 3146): Could not find method android.content.pm.PackageManager.getPackageInstaller, referenced from method com.google.android.gms.common.e.p
W/dalvikvm( 3146): VFY: unable to resolve virtual method 901: Landroid/content/pm/PackageManager;.getPackageInstaller ()Landroid/content/pm/PackageInstaller;
D/dalvikvm( 3146): VFY: replacing opcode 0x6e at 0x000b
D/dalvikvm(  275): GC_EXPLICIT freed <1K, 48% free 9011K/17224K, paused 2ms+4ms, total 29ms
D/WifiStateMachine( 1025): handleMessage: E msg.what=151572
D/WifiStateMachine( 1025): processMsg: ConnectedState
D/WifiStateMachine( 1025): processMsg: L2ConnectedState
D/WifiStateMachine( 1025): handleMessage: X
D/WifiStateMachine( 1025): handleMessage: E msg.what=131155
D/WifiStateMachine( 1025): processMsg: ConnectedState
D/WifiStateMachine( 1025): processMsg: L2ConnectedState
D/WifiStateMachine( 1025): handleMessage: X
D/EN      ( 3163): MemoryMapAppender.ctor()
I/ActivityManager( 1025): Process com.motorola.MotGallery2 (pid 3126) has died.
D/EN      ( 3163): MemoryMapAppender.ctor-end()
D/EN      ( 3163): [EvernoteProvider] - Provider+++++onCreate()
D/EN      ( 3163): [d] - AccountManager()::userIds=102703026
D/EN      ( 3163): [b] - creating new AccountInfo()::userId102703026
D/EN      ( 3163): [d] - AccountManager()::adding account::102703026::timcallagy
D/EN      ( 3163): [d] - AccountManager()::count=1
I/ActivityManager( 1025): Process com.google.android.partnersetup (pid 3182) has died.
D/EN      ( 3163): [d] - initialized:
D/EN      ( 3163): [a] - getInstance()::
D/CordovaLog( 2747): file:///android_asset/www/js/ratchet.min.js: Line 10 : Uncaught SyntaxError: Failed to execute 'querySelector' on 'Document': '#give-gift/10152911418808392/156/' is not a valid selector.
I/chromium( 2747): [INFO:CONSOLE(10)] "Uncaught SyntaxError: Failed to execute 'querySelector' on 'Document': '#give-gift/10152911418808392/156/' is not a valid selector.", source: file:///android_asset/www/js/ratchet.min.js (10)
D/EN      ( 3163): [al] - Register SD Card Receiver ++++++++++++++++++++
D/EN      ( 3163): [al] - checkForRecentUnmount() end
D/EN      ( 3163): [a] - locale is set=en_GB
D/EN      ( 3163): [a] - isDBONSDcard()=true
I/EN      ( 3163): [al] - getSDCardStatus()::mounted::noStorageText=null
D/EN      ( 3163): [a] - isDBFileChanged()::lastFilePath in pref=/data/data/com.evernote/files/user-102703026/.external-1428259012787-Evernote.db
E/EN      ( 3163): [a] - isDBFileChanged()::+++++++++lastFilePath exists/data/data/com.evernote/files/user-102703026/.external-1428259012787-Evernote.db
D/EN      ( 3163): [a] - getInstance()::DBFile NOT Changed
D/EN      ( 3163): [a] - isDBONSDcard()=true
D/EN      ( 3163): [a] - moveToSDcard()::start::Evernote.DB_ON_SDCARD=true
D/EN      ( 3163): [a] - isDBONSDcard()=true
E/EN      ( 3163): [a] - isLastDBFileOnSDCard()::+++++++++++lastFilePath exists/data/data/com.evernote/files/user-102703026/.external-1428259012787-Evernote.db
D/EN      ( 3163): [a] - isDBONSDcard()=true
D/EN      ( 3163): [a] - getDBfilePath()::++++++++++++++++lastFilePath from preferences/data/data/com.evernote/files/user-102703026/.external-1428259012787-Evernote.db
E/EN      ( 3163): [a] - getDBfilePath()::++++++++++++++++lastFilePath exists/data/data/com.evernote/files/user-102703026/.external-1428259012787-Evernote.db
D/EN      ( 3163): [EvernoteProvider] - cleanupOldThumbnailsIfNeeded()
I/ReleaseProperties( 3163): Current app is: evernote
I/ReleaseProperties( 3163): propFile: release is now loaded
I/ReleaseProperties( 3163): propFile: play is now loaded
I/ReleaseProperties( 3163): propFile: base is now loaded
I/ReleaseProperties( 3163): propFile: override is now loaded
D/MarketUtils( 3163): isPackageInstalled() - com.android.vending is installed
D/MarketUtils( 3163): isPackageInstalled() - com.android.vending is installed
D/MarketUtils( 3163): isPackageInstalled() - com.android.vending is installed
D/MarketUtils( 3163): isPackageInstalled() - com.android.vending is installed
I/ReleaseProperties( 3163): ReleaseProperties: 
I/ReleaseProperties( 3163):   bundleName=google-play
I/ReleaseProperties( 3163):   revision=AM_702_524
I/ReleaseProperties( 3163):   type=public
I/ReleaseProperties( 3163):   gitHash=313f54a11431af98d659728265b72cfcf9ec527e
I/ReleaseProperties( 3163):   baseSearchUri=market://search?q=
D/ReleaseProperties( 3163): getReferralPersistencePath():: old=false:: path=/storage/emulated/0/.enref
D/MarketUtils( 3163): isPackageInstalled() - com.android.vending is installed
D/MarketUtils( 3163): isPackageInstalled() - com.android.vending is installed
I/ReleaseProperties( 3163): From file referralCode=android
D/EN      ( 3163): [a] - isDBONSDcard()=true
D/EN      ( 3163): [Evernote] - VERSION_CODE: 1070243
D/MarketUtils( 3163): isPackageInstalled() - com.android.vending is installed
D/MarketUtils( 3163): isPackageInstalled() - com.android.vending is installed
I/dalvikvm( 3163): Could not find method android.content.pm.PackageManager.getActivityBanner, referenced from method com.evernote.d.b.getActivityBanner
W/dalvikvm( 3163): VFY: unable to resolve virtual method 793: Landroid/content/pm/PackageManager;.getActivityBanner (Landroid/content/ComponentName;)Landroid/graphics/drawable/Drawable;
D/dalvikvm( 3163): VFY: replacing opcode 0x6e at 0x0002
I/dalvikvm( 3163): Could not find method android.content.pm.PackageManager.getActivityBanner, referenced from method com.evernote.d.b.getActivityBanner
W/dalvikvm( 3163): VFY: unable to resolve virtual method 794: Landroid/content/pm/PackageManager;.getActivityBanner (Landroid/content/Intent;)Landroid/graphics/drawable/Drawable;
D/dalvikvm( 3163): VFY: replacing opcode 0x6e at 0x0002
I/dalvikvm( 3163): Could not find method android.content.pm.PackageManager.getApplicationBanner, referenced from method com.evernote.d.b.getApplicationBanner
W/dalvikvm( 3163): VFY: unable to resolve virtual method 801: Landroid/content/pm/PackageManager;.getApplicationBanner (Landroid/content/pm/ApplicationInfo;)Landroid/graphics/drawable/Drawable;
D/dalvikvm( 3163): VFY: replacing opcode 0x6e at 0x0002
I/dalvikvm( 3163): Could not find method android.content.pm.PackageManager.getApplicationBanner, referenced from method com.evernote.d.b.getApplicationBanner
W/dalvikvm( 3163): VFY: unable to resolve virtual method 802: Landroid/content/pm/PackageManager;.getApplicationBanner (Ljava/lang/String;)Landroid/graphics/drawable/Drawable;
D/dalvikvm( 3163): VFY: replacing opcode 0x6e at 0x0002
I/dalvikvm( 3163): Could not find method android.content.pm.PackageManager.getLeanbackLaunchIntentForPackage, referenced from method com.evernote.d.b.getLeanbackLaunchIntentForPackage
W/dalvikvm( 3163): VFY: unable to resolve virtual method 818: Landroid/content/pm/PackageManager;.getLeanbackLaunchIntentForPackage (Ljava/lang/String;)Landroid/content/Intent;
D/dalvikvm( 3163): VFY: replacing opcode 0x6e at 0x0002
I/dalvikvm( 3163): Could not find method android.content.pm.PackageManager.getPackageInstaller, referenced from method com.evernote.d.b.getPackageInstaller
W/dalvikvm( 3163): VFY: unable to resolve virtual method 823: Landroid/content/pm/PackageManager;.getPackageInstaller ()Landroid/content/pm/PackageInstaller;
D/dalvikvm( 3163): VFY: replacing opcode 0x6e at 0x0002
I/dalvikvm( 3163): Could not find method android.content.pm.PackageManager.getUserBadgedDrawableForDensity, referenced from method com.evernote.d.b.getUserBadgedDrawableForDensity
W/dalvikvm( 3163): VFY: unable to resolve virtual method 839: Landroid/content/pm/PackageManager;.getUserBadgedDrawableForDensity (Landroid/graphics/drawable/Drawable;Landroid/os/UserHandle;Landroid/graphics/Rect;I)Landroid/graphics/drawable/Drawable;
D/dalvikvm( 3163): VFY: replacing opcode 0x6e at 0x0002
I/dalvikvm( 3163): Could not find method android.content.pm.PackageManager.getUserBadgedIcon, referenced from method com.evernote.d.b.getUserBadgedIcon
W/dalvikvm( 3163): VFY: unable to resolve virtual method 840: Landroid/content/pm/PackageManager;.getUserBadgedIcon (Landroid/graphics/drawable/Drawable;Landroid/os/UserHandle;)Landroid/graphics/drawable/Drawable;
D/dalvikvm( 3163): VFY: replacing opcode 0x6e at 0x0002
I/dalvikvm( 3163): Could not find method android.content.pm.PackageManager.getUserBadgedLabel, referenced from method com.evernote.d.b.getUserBadgedLabel
W/dalvikvm( 3163): VFY: unable to resolve virtual method 841: Landroid/content/pm/PackageManager;.getUserBadgedLabel (Ljava/lang/CharSequence;Landroid/os/UserHandle;)Ljava/lang/CharSequence;
D/dalvikvm( 3163): VFY: replacing opcode 0x6e at 0x0002
I/Crashlytics( 3163): Initializing Crashlytics 1.1.8.10
I/ApplicationLogger( 3146): canRun() : Opted Out
I/UpdateIcingCorporaServi( 3146): UpdateCorporaTask done [took 370 ms] updated apps [took 369 ms] 
D/MarketUtils( 3163): isPackageInstalled() - com.android.vending is installed
I/ActivityManager( 1025): Process com.google.android.googlequicksearchbox:search (pid 3146) has died.
D/HockeyApp( 3163): Looking for exceptions in: /data/data/com.evernote/files
D/HockeyApp( 3163): Current handler class = com.evernote.k
D/EN      ( 3163): [ee] - registered crash manager
D/EN      ( 3163): [c] - onApplicationStart()
D/EN      ( 3163): [c] - onApplicationStart() -- loader thread
D/EN      ( 3163): [c] - pushUserIDToDataLayer(), pushing user-id ending in 6
D/MarketUtils( 3163): isPackageInstalled() - com.android.vending is installed
D/MarketUtils( 3163): isPackageInstalled() - com.android.vending is installed
I/ActivityManager( 1025): Start proc com.evernote.widget for broadcast com.evernote.widget/.WidgetStateReceiver: pid=3220 uid=10135 gids={50135, 3003, 1028, 1015}
I/ActivityManager( 1025): Process com.evernote (pid 3163) has died.
I/ReleaseProperties( 3220): Current app is: evernoteWidget
I/ReleaseProperties( 3220): propFile: release is now loaded
I/ReleaseProperties( 3220): propFile: play is now loaded
I/ReleaseProperties( 3220): propFile: base is now loaded
I/ReleaseProperties( 3220): propFile: override is now loaded
I/ReleaseProperties( 3220): ReleaseProperties: 
I/ReleaseProperties( 3220):   bundleName=none
I/ReleaseProperties( 3220):   revision=unknown
I/ReleaseProperties( 3220):   type=development
I/ReleaseProperties( 3220):   gitHash=?
I/ReleaseProperties( 3220):   baseSearchUri=market://search?q=
D/ReleaseProperties( 3220): getReferralPersistencePath():: old=false:: path=/storage/emulated/0/.enref
I/SFPerfTracer(  274):      triggers: (rate: 1128:448710) (341677 sw vsyncs) (1051421 skipped) (21:3344559 vsyncs) (23:4194434)
I/ReleaseProperties( 3220): From file referralCode=android
I/ActivityManager( 1025): Process com.evernote.widget (pid 3220) has died.
E/NetworkScheduler.SchedulerReceiver(31010): Invalid parameter app
E/NetworkScheduler.SchedulerReceiver(31010): Invalid package name : Perhaps you didn't include a PendingIntent in the extras?
I/ActivityManager( 1025): Start proc com.google.android.apps.magazines for broadcast com.google.android.apps.magazines/com.google.apps.dots.android.app.receiver.FirstInstallNotificationReceiver: pid=3236 uid=10077 gids={50077, 3003, 1028, 1015}
D/PackageBroadcastService(32663): Received broadcast action=android.intent.action.PACKAGE_REPLACED and uri=co.giftmeapp.gift_me
I/dalvikvm( 3236): Could not find method android.accounts.AccountManager.getPreviousName, referenced from method com.google.apps.dots.android.newsstand.auth.AccountManagerDelegate.getPreviousName
W/dalvikvm( 3236): VFY: unable to resolve virtual method 7: Landroid/accounts/AccountManager;.getPreviousName (Landroid/accounts/Account;)Ljava/lang/String;
D/dalvikvm( 3236): VFY: replacing opcode 0x6e at 0x0002
E/cutils  (  261): Failed to mkdirat(/storage/sdcard1/Android): Read-only file system
W/Vold    (  261): Returning OperationFailed - no handler for errno 30
W/ContextImpl( 3236): Failed to ensure directory: /storage/sdcard1/Android/data/com.google.android.apps.magazines/cache
E/cutils  (  261): Failed to mkdirat(/storage/sdcard1/Android): Read-only file system
W/Vold    (  261): Returning OperationFailed - no handler for errno 30
W/ContextImpl( 3236): Failed to ensure directory: /storage/sdcard1/Android/data/com.google.android.apps.magazines/files
E/cutils  (  261): Failed to mkdirat(/storage/sdcard1/Android): Read-only file system
W/Vold    (  261): Returning OperationFailed - no handler for errno 30
W/ContextImpl( 3236): Failed to ensure directory: /storage/sdcard1/Android/data/com.google.android.apps.magazines/cache
E/cutils  (  261): Failed to mkdirat(/storage/sdcard1/Android): Read-only file system
W/Vold    (  261): Returning OperationFailed - no handler for errno 30
W/ContextImpl( 3236): Failed to ensure directory: /storage/sdcard1/Android/data/com.google.android.apps.magazines/files
V/WebViewChromiumFactoryProvider( 3236): Binding Chromium to main looper Looper (main, tid 1) {41fa2c90}
I/LibraryLoader( 3236): Expected native library version number "",actual native library version number ""
I/chromium( 3236): [INFO:library_loader_hooks.cc(116)] Chromium logging enabled: level = 0, default verbosity = 0
I/BrowserStartupController( 3236): Initializing chromium process, renderers=0
E/AudioManagerAndroid( 3236): BLUETOOTH permission is missing!
D/WifiStateMachine( 1025): handleMessage: E msg.what=151572
D/WifiStateMachine( 1025): processMsg: ConnectedState
D/WifiStateMachine( 1025): processMsg: L2ConnectedState
D/dalvikvm( 1025): GC_EXPLICIT freed 1252K, 38% free 31331K/50444K, paused 6ms+16ms, total 158ms
I/Adreno-EGL( 3236): <qeglDrvAPI_eglInitialize:410>: EGL 1.4 QUALCOMM build: AU_LINUX_ANDROID_LNX.LA.3.5.1_RB1.04.04.02.048.018_msm8226_LNX.LA.3.5.1_RB1__release_AU ()
I/Adreno-EGL( 3236): OpenGL ES Shader Compiler Version: E031.24.00.08
I/Adreno-EGL( 3236): Build Date: 03/07/14 Fri
I/Adreno-EGL( 3236): Local Branch: 
I/Adreno-EGL( 3236): Remote Branch: quic/LNX.LA.3.5.1_RB1.1
I/Adreno-EGL( 3236): Local Patches: NONE
I/Adreno-EGL( 3236): Reconstruct Branch: AU_LINUX_ANDROID_LNX.LA.3.5.1_RB1.04.04.02.048.018 + f2fd134 +  NOTHING
D/WifiStateMachine( 1025): handleMessage: X
I/NSApplication( 3236): Starting up...
I/ActivityManager( 1025): Start proc com.google.android.apps.cloudprint for broadcast com.google.android.apps.cloudprint/.printdialog.receivers.UpgradeBroadcastReceiver: pid=3290 uid=10058 gids={50058, 3003, 1028}
D/AudioManagerAndroid( 3236): ==> onReceive: s=0, m=1, n=h2w, sb=true
D/AudioManagerAndroid( 3236): reportUpdate: state=0, devices=[Speakerphone, Headset earpiece]
I/ActivityManager( 1025): Process com.google.android.apps.magazines (pid 3236) has died.
I/ActivityManager( 1025): Start proc com.motorola.context for broadcast com.motorola.context/.engine.mediator.MediatorReceiver: pid=3303 uid=10011 gids={50011, 3001, 3002, 3003}
I/Icing   (32663): Indexing D11140B64A23ADCF9607D6E17FA4854A5443BF22 from com.google.android.googlequicksearchbox
I/ActivityManager( 1025): Start proc com.google.android.googlequicksearchbox:search for content provider com.google.android.googlequicksearchbox/com.google.android.search.core.icingsync.InternalIcingCorporaProvider: pid=3315 uid=10045 gids={50045, 3003, 3001, 1028, 3002, 1015}
D/dalvikvm(32663): GC_CONCURRENT freed 1501K, 39% free 10575K/17224K, paused 4ms+10ms, total 55ms
I/ActivityManager( 1025): Start proc com.motorola.MotGallery2 for broadcast com.motorola.MotGallery2/com.motorola.blur.service.blur.StartupReceiver: pid=3329 uid=10034 gids={50034, 3003, 1028, 1015}
I/ActivityManager( 1025): Process com.google.android.apps.cloudprint (pid 3290) has died.
I/CCEUtils( 3329): device type: OLDMOTO
I/ActivityManager( 1025): Start proc uk.co.economist for broadcast uk.co.economist/com.urbanairship.push.GCMPushReceiver: pid=3351 uid=10130 gids={50130, 3003, 1028, 1015}
I/dalvikvm( 3315): Could not find method android.content.pm.PackageManager.getPackageInstaller, referenced from method com.google.android.gms.common.e.p
W/dalvikvm( 3315): VFY: unable to resolve virtual method 901: Landroid/content/pm/PackageManager;.getPackageInstaller ()Landroid/content/pm/PackageInstaller;
D/dalvikvm( 3315): VFY: replacing opcode 0x6e at 0x000b
I/ActivityManager( 1025): Process com.motorola.context (pid 3303) has died.
D/Icing   (32663): Loaded CLD2 Version V2.0 - 20141016
I/Icing   (32663): Indexing done D11140B64A23ADCF9607D6E17FA4854A5443BF22
I/Economist( 3351): User is not logged in
I/com.newrelic.agent.android( 3351): Loaded configuration: HarvestConfiguration{collect_network_errors=true, cross_process_id='UAUCV1NACgsEVlZRBA==', data_report_period=60, data_token=[2842733, 13762828], error_limit=50, report_max_transaction_age=600, report_max_transaction_count=1000, response_body_limit=2048, server_timestamp=1417568805, stack_trace_limit=100, activity_trace_max_size=65534, activity_trace_max_report_attempts=1, activity_trace_min_utilization=0.30000001192092896, at_capture=ActivityTraceConfiguration{maxTotalTraceCount=1}}
I/com.newrelic.agent.android( 3351): Application state monitor has started
I/com.newrelic.agent.android( 3351): Measurement Engine initialized.
I/com.newrelic.agent.android( 3351): New Relic Agent v4.178.0
D/CordovaLog( 2747): file:///android_asset/www/js/GiveGiftView.js: Line 17 : GIFTME - buy now clicked
I/chromium( 2747): [INFO:CONSOLE(17)] "GIFTME - buy now clicked", source: file:///android_asset/www/js/GiveGiftView.js (17)
I/com.newrelic.agent.android( 3351): Harvester: connected
I/com.newrelic.agent.android( 3351): Harvester: Sending 0 HTTP transactions.
I/com.newrelic.agent.android( 3351): Harvester: Sending 0 HTTP errors.
I/com.newrelic.agent.android( 3351): Harvester: Sending 0 activity traces.
D/ConnectPlugin( 2747): activity result in plugin: requestCode(0), resultCode(0)
I/ActivityManager( 1025): START u0 {cmp=co.giftmeapp.gift_me/com.paypal.android.sdk.payments.PaymentActivity (has extras)} from pid 2747
D/CordovaActivity( 2747): Paused the application!
D/CordovaWebView( 2747): Handle the pause
W/ContextImpl( 1295): Calling a method in the system process without a qualified user: android.app.ContextImpl.sendBroadcast:1252 android.content.ContextWrapper.sendBroadcast:365 com.motorola.motocare.util.TriggerHelper$TriggerBuilder.send:76 com.motorola.motocare.internal.frameworkevents.PauseResumeTrigger.handleFrameworkEvent:53 com.motorola.motocare.internal.frameworkevents.FwEventMonitor$FrameworkListener.processFrameworkEvent:114 
W/PluginManager( 2747): THREAD WARNING: exec() call to PayPalMobile.renderSinglePaymentUI blocked the main thread for 41ms. Plugin should use CordovaInterface.getThreadPool().
W/ContextImpl( 1295): Calling a method in the system process without a qualified user: android.app.ContextImpl.sendBroadcast:1252 android.content.ContextWrapper.sendBroadcast:365 com.motorola.motocare.util.TriggerHelper$TriggerBuilder.send:76 com.motorola.motocare.internal.frameworkevents.PauseResumeTrigger.handleFrameworkEvent:53 com.motorola.motocare.internal.frameworkevents.FwEventMonitor$FrameworkListener.processFrameworkEvent:114 
D/dalvikvm( 2747): GC_FOR_ALLOC freed 926K, 34% free 11536K/17224K, paused 23ms, total 23ms
D/WifiStateMachine( 1025): handleMessage: E msg.what=151572
D/WifiStateMachine( 1025): processMsg: ConnectedState
D/WifiStateMachine( 1025): processMsg: L2ConnectedState
D/The Economist APID( 3351): 6855de6b-02a2-4126-88af-261db5a37b30
D/WifiStateMachine( 1025): handleMessage: X
I/ActivityManager( 1025): Process com.motorola.MotGallery2 (pid 3329) has died.
I/Crittercism( 3351): Initializing Crittercism 5.0.6 for App ID 541be4a1d478bc3b68000001
V/PhoneStatusBar( 1119): setLightsOn(true)
W/Crittercism( 3351): Crittercism should be initialized in onCreate() of MainActivity
W/PaymentActivity( 2747): Please add PayPalService.EXTRA_PAYPAL_CONFIGURATION to this activity for restart resiliency.
I/ActivityManager( 1025): START u0 {cmp=co.giftmeapp.gift_me/com.paypal.android.sdk.payments.PaymentMethodActivity (has extras)} from pid 2747
W/ContextImpl( 1295): Calling a method in the system process without a qualified user: android.app.ContextImpl.sendBroadcast:1252 android.content.ContextWrapper.sendBroadcast:365 com.motorola.motocare.util.TriggerHelper$TriggerBuilder.send:76 com.motorola.motocare.internal.frameworkevents.PauseResumeTrigger.handleFrameworkEvent:53 com.motorola.motocare.internal.frameworkevents.FwEventMonitor$FrameworkListener.processFrameworkEvent:114 
I/ActivityManager( 1025): Process com.google.android.googlequicksearchbox:search (pid 3315) has died.
W/ContextImpl( 1295): Calling a method in the system process without a qualified user: android.app.ContextImpl.sendBroadcast:1252 android.content.ContextWrapper.sendBroadcast:365 com.motorola.motocare.util.TriggerHelper$TriggerBuilder.send:76 com.motorola.motocare.internal.frameworkevents.PauseResumeTrigger.handleFrameworkEvent:53 com.motorola.motocare.internal.frameworkevents.FwEventMonitor$FrameworkListener.processFrameworkEvent:114 
I/SFPerfTracer(  274):      triggers: (rate: 1256:50046) (compose: 0:251) (post: 0:21) (render: 87:10608) (4:787358 frames) (5:3321114)
D/SFPerfTracer(  274):        layers: (3:11) (DimLayer: 0:158)* (DimLayer: 0:134)* (FocusedStackFrame: 1:22008)* (StatusBar: 0:266366) (NavigationBar: 0:204508) (DimLayer: 0:25244)* (DimLayer: 0:4819)* (com.android.wallpaper.fall.FallWallpaper: 0:11448)* (Starting co.giftmeapp.gift_me: 0:37)* (co.giftmeapp.gift_me/co.giftmeapp.gift_me.GiftMe: 0:100) (co.giftmeapp.gift_me/com.paypal.android.sdk.payments.PaymentActivity: 5:8)* 
W/Crittercism( 3351): Application context not provided. Automatic breadcrumbs will not be recorded.
D/dalvikvm( 2747): Trying to load lib /data/app-lib/co.giftmeapp.gift_me-1/libcardioDecider.so 0x41fae3f8
D/dalvikvm( 2747): Added shared lib /data/app-lib/co.giftmeapp.gift_me-1/libcardioDecider.so 0x41fae3f8
D/dalvikvm( 2747): Trying to load lib /data/app-lib/co.giftmeapp.gift_me-1/libopencv_core.so 0x41fae3f8
V/PhoneStatusBar( 1119): setLightsOn(true)
W/linker  ( 2747): libopencv_core.so has text relocations. This is wasting memory and is a security risk. Please fix.
D/dalvikvm( 2747): Added shared lib /data/app-lib/co.giftmeapp.gift_me-1/libopencv_core.so 0x41fae3f8
D/dalvikvm( 2747): No JNI_OnLoad found in /data/app-lib/co.giftmeapp.gift_me-1/libopencv_core.so 0x41fae3f8, skipping init
D/dalvikvm( 2747): Trying to load lib /data/app-lib/co.giftmeapp.gift_me-1/libopencv_imgproc.so 0x41fae3f8
W/linker  ( 2747): libopencv_imgproc.so has text relocations. This is wasting memory and is a security risk. Please fix.
D/dalvikvm( 2747): Added shared lib /data/app-lib/co.giftmeapp.gift_me-1/libopencv_imgproc.so 0x41fae3f8
D/dalvikvm( 2747): No JNI_OnLoad found in /data/app-lib/co.giftmeapp.gift_me-1/libopencv_imgproc.so 0x41fae3f8, skipping init
D/dalvikvm( 2747): Trying to load lib /data/app-lib/co.giftmeapp.gift_me-1/libcardioRecognizer.so 0x41fae3f8
D/dalvikvm( 2747): Added shared lib /data/app-lib/co.giftmeapp.gift_me-1/libcardioRecognizer.so 0x41fae3f8
E/ActivityThread( 3351): Service uk.co.economist.analytics.Analytics has leaked ServiceConnection com.google.android.gms.common.h@42258dd0 that was originally bound here
E/ActivityThread( 3351): android.app.ServiceConnectionLeaked: Service uk.co.economist.analytics.Analytics has leaked ServiceConnection com.google.android.gms.common.h@42258dd0 that was originally bound here
E/ActivityThread( 3351): 	at android.app.LoadedApk$ServiceDispatcher.<init>(LoadedApk.java:979)
E/ActivityThread( 3351): 	at android.app.LoadedApk.getServiceDispatcher(LoadedApk.java:873)
E/ActivityThread( 3351): 	at android.app.ContextImpl.bindServiceCommon(ContextImpl.java:1690)
E/ActivityThread( 3351): 	at android.app.ContextImpl.bindService(ContextImpl.java:1673)
E/ActivityThread( 3351): 	at android.content.ContextWrapper.bindService(ContextWrapper.java:517)
E/ActivityThread( 3351): 	at com.google.android.gms.ads.a.a.a(Unknown Source)
E/ActivityThread( 3351): 	at com.google.android.gms.ads.a.a.a(Unknown Source)
E/ActivityThread( 3351): 	at com.google.android.gms.ads.a.a.b(Unknown Source)
E/ActivityThread( 3351): 	at com.AdX.tag.a.c(SourceFile:646)
E/ActivityThread( 3351): 	at com.AdX.tag.a.a(SourceFile:641)
E/ActivityThread( 3351): 	at com.AdX.tag.a$a.a(SourceFile:1001)
E/ActivityThread( 3351): 	at com.AdX.tag.a$a.doInBackground(SourceFile:1)
E/ActivityThread( 3351): 	at android.os.AsyncTask$2.call(AsyncTask.java:288)
E/ActivityThread( 3351): 	at java.util.concurrent.FutureTask.run(FutureTask.java:237)
E/ActivityThread( 3351): 	at android.os.AsyncTask$SerialExecutor$1.run(AsyncTask.java:231)
E/ActivityThread( 3351): 	at java.util.concurrent.ThreadPoolExecutor.runWorker(ThreadPoolExecutor.java:1112)
E/ActivityThread( 3351): 	at java.util.concurrent.ThreadPoolExecutor$Worker.run(ThreadPoolExecutor.java:587)
E/ActivityThread( 3351): 	at java.lang.Thread.run(Thread.java:841)
W/AppOps  ( 1025): Bad call: specified package qcamera under uid 1013 but it is really -1
I/LaunchCheckinHandler( 1025): Displayed co.giftmeapp.gift_me/com.paypal.android.sdk.payments.PaymentMethodActivity,wp,ca,286
I/LaunchCheckinHandler( 1025): Displayed co.giftmeapp.gift_me/com.paypal.android.sdk.payments.PaymentActivity,wp,ca,606 (total)
I/ActivityManager( 1025): Displayed co.giftmeapp.gift_me/com.paypal.android.sdk.payments.PaymentMethodActivity: +286ms (total +606ms)
W/AppOps  ( 1025): Bad call: specified package qcamera under uid 1013 but it is really -1
W/AppOps  ( 1025): Bad call: specified package qcamera under uid 1013 but it is really -1
I/ActivityManager( 1025): Process uk.co.economist (pid 3351) has died.
W/ActivityManager( 1025): Service ServiceRecord{43dc00a0 u0 uk.co.economist/.service.APIService} in process ProcessRecord{43382028 3351:uk.co.economist/u0a130} not same as in map: null
W/AppOps  ( 1025): Bad call: specified package qcamera under uid 1013 but it is really -1
W/AppOps  ( 1025): Bad call: specified package qcamera under uid 1013 but it is really -1
W/AppOps  ( 1025): Bad call: specified package qcamera under uid 1013 but it is really -1
I/AwesomePlayer(  277): setDataSource_l(URL suppressed)
D/QCUtils (  277): extended extractor not needed, return default
I/AwesomePlayer(  277): setDataSource_l(URL suppressed)
D/QCUtils (  277): extended extractor not needed, return default
I/CameraClient(  277): Opening camera 0
D/QCameraStateMachine(  277): static void* qcamera::QCameraStateMachine::smEvtProcRoutine(void*): E
D/QCamera2HWI(  277): static void* qcamera::QCamera2HardwareInterface::defferedWorkRoutine(void*): start data proc
D/MotISP_GPU(  277): int MotISP_GPU::Init(int, int): GPU resolution: 1280x720
E/QCamera2HWI(  277): [KPI Perf] int qcamera::QCamera2HardwareInterface::openCamera(hw_device_t**): E PROFILE_OPEN_CAMERA camera id 0
I/QCameraHalWatchdog(  277): Starting Watchdog Thread...
E/mm-camera-intf(  277): mm_camera_open: dev name = /dev/video1, cam_idx = 1
I/Adreno-EGL(  277): <qeglDrvAPI_eglInitialize:410>: EGL 1.4 QUALCOMM build: AU_LINUX_ANDROID_LNX.LA.3.5.1_RB1.04.04.02.048.018_msm8226_LNX.LA.3.5.1_RB1__release_AU ()
I/Adreno-EGL(  277): OpenGL ES Shader Compiler Version: E031.24.00.08
I/Adreno-EGL(  277): Build Date: 03/07/14 Fri
I/Adreno-EGL(  277): Local Branch: 
I/Adreno-EGL(  277): Remote Branch: quic/LNX.LA.3.5.1_RB1.1
I/Adreno-EGL(  277): Local Patches: NONE
I/Adreno-EGL(  277): Reconstruct Branch: AU_LINUX_ANDROID_LNX.LA.3.5.1_RB1.04.04.02.048.018 + f2fd134 +  NOTHING
E/mm-camera-sensor(  422): module_sensor_start_session:658 session 1
E/mm-camera(  422): module_drsd_start_session:1189] E
E/mm-camera(  422): isp_tintless_open: E: b6d0cd81
E/hdr     (  422): Session id 0x1 started
E/mm-camera(  422): af_fdprio_process: Processing frame 0 cmd: 0
E/mm-camera(  422): is_module_start_session: Enter
E/mm-camera(  422): is_module_start_session: Exit successful
E/mm-camera(  422): is_module_get_port: Exit successful
E/mm-camera(  422): isp_tintless_get_version: lib returned version 3.61 err=0
E/mm-camera(  422): c2d_module_start_session:238, info: starting session 1
E/mm-camera(  422): c2d_module_start_session:285, info: c2d_thread created.
E/mm-camera(  422): c2d_thread_func:41: c2d_thread entering the polling loop...
E/mm-camera(  422): c2d_module_start_session:307, info: session 1 started.
E/mm-camera-sensor(  422): sensor_write_lsc:268 using default or module LSC
E/mm-camera-sensor(  422): module_sensor_start_session:702 failed
E/mm-camera-sensor(  422): module_sensor_start_session:708 failed
E/mm-camera-intf(  277): mm_camera_open:  opened, break out while loop
D/QCamera2HWI(  277): int qcamera::QCamera2HardwareInterface::openCamera(): enable_4k2k is 0
E/qomx_image_core(  277): OMX_Init:94] Complete 2
E/QCameraHWI_Mem(  277): int qcamera::QCameraMemory::alloc(int, int, int) : No memory pool available
D/QCameraHWI_Mem(  277): static int qcamera::QCameraMemory::allocOneBuffer(qcamera::QCameraMemory::QCameraMemInfo&, int, int, bool) : ION buffer 0x1 with size 297192 allocated
E/QCameraHWI_Mem(  277): int qcamera::QCameraMemory::alloc(int, int, int) : No memory pool available
D/QCameraHWI_Mem(  277): static int qcamera::QCameraMemory::allocOneBuffer(qcamera::QCameraMemory::QCameraMemInfo&, int, int, bool) : ION buffer 0x1 with size 65544 allocated
D/QCameraParameters(  277): int32_t qcamera::QCameraParameters::initDefaultParameters(): supported preview sizes: 1280x720,864x480,800x480,768x432,720x480,640x480,576x432,480x320,384x288,352x288,320x240,240x160,176x144
D/QCameraParameters(  277): int32_t qcamera::QCameraParameters::initDefaultParameters(): supported video sizes: 1280x720,864x480,800x480,720x480,640x480,480x320,352x288,320x240,176x144
D/QCameraParameters(  277): int32_t qcamera::QCameraParameters::initDefaultParameters(): supported pic sizes: 2592x1944,2592x1456,2048x1536,1920x1080,1600x1200,1440x1080,1280x960,1280x768,1280x720,1024x768,800x600,800x480,720x480,640x480
I/QCameraParameters(  277): int32_t qcamera::QCameraParameters::initDefaultParameters(): supported live snapshot sizes: 1280x768,1280x720,1024x768,800x600,864x480,800x480,720x480,640x480,352x288,320x240,176x144
D/QCameraParameters(  277): int32_t qcamera::QCameraParameters::initDefaultParameters(): supported fps ranges: (15000,15000),(15000,30000)
E/QCameraParameters(  277): int32_t qcamera::QCameraParameters::setPreviewFpsRange(int, int): Setting preview fps range 15000,30000
D/QCameraParameters(  277): int32_t qcamera::QCameraParameters::initDefaultParameters(): supported fps rates: 15,16,17,18,19,20,21,22,23,24,25,26,27,28,29,30
D/QCameraParameters(  277): int32_t qcamera::QCameraParameters::setAEBracket(const char*), EXP_BRACKETING_OFF
D/QCameraParameters(  277): int32_t qcamera::QCameraParameters::initDefaultParameters(): Supported WNR:ON/OFF default:ON
D/QCameraParameters(  277): int32_t qcamera::QCameraParameters::initDefaultParameters(): Supported TINTLESS:ON/OFF default:ON
D/QCameraParameters(  277): int32_t qcamera::QCameraParameters::setNumOfSnapshot(): nBurstNum = 1, nExpnum = 1
E/Thermal-Lib(  277): Thermal-Lib-Client: thermal_client_register_callback: Client Registration failed
E/Thermal-Lib(  277): Thermal-Lib-Client: thermal_client_register_callback: Client Registration failed
I/QCameraHalWatchdog(  277): Stopped Watchdog Thread...
E/Thermal-Lib(  277): Thermal-Lib-Client: thermal_client_register_callback: Client Registration failed
E/Thermal-Lib(  277): Thermal-Lib-Client: thermal_client_register_callback: Client Registration failed
I/ActivityManager( 1025): Process com.facebook.katana (pid 1746) has died.
D/WifiService( 1025): Client connection lost with reason: 4
W/ActivityManager( 1025): Scheduling restart of crashed service com.facebook.katana/com.facebook.push.mqtt.service.MqttPushService in 1000ms
I/QCamera2HWI(  277): getParameters standard
D/WifiStateMachine( 1025): handleMessage: E msg.what=151572
D/WifiStateMachine( 1025): processMsg: ConnectedState
D/WifiStateMachine( 1025): processMsg: L2ConnectedState
I/QCameraHalWatchdog(  277): Starting Watchdog Thread...
E/QCamera2HWI(  277): [KPI Perf] static void qcamera::QCamera2HardwareInterface::stop_preview(camera_device*): E PROFILE_STOP_PREVIEW
D/QCameraStateMachine(  277): int32_t qcamera::QCameraStateMachine::procEvtPreviewStoppedState(qcamera::qcamera_sm_evt_enum_t, void*): already in preview stopped state, do nothing
D/QCamera2HWI(  277): [KPI Perf] static void qcamera::QCamera2HardwareInterface::stop_preview(camera_device*): X
I/QCameraHalWatchdog(  277): Stopped Watchdog Thread...
I/QCameraHalWatchdog(  277): Starting Watchdog Thread...
D/QCameraStateMachine(  277): int32_t qcamera::QCameraStateMachine::procEvtPreviewStoppedState(qcamera::qcamera_sm_evt_enum_t, void*): No ops for evt(20) in state(0)
I/QCameraHalWatchdog(  277): Stopped Watchdog Thread...
I/QCameraHalWatchdog(  277): Starting Watchdog Thread...
I/QCameraHalWatchdog(  277): Stopped Watchdog Thread...
I/CameraClient(  277): Destroying camera 0
I/QCameraHalWatchdog(  277): Starting Watchdog Thread...
D/QCamera2HWI(  277): [KPI Perf] static int qcamera::QCamera2HardwareInterface::close_camera_device(hw_device_t*): E
D/QCamera2HWI(  277): static void* qcamera::QCamera2HardwareInterface::defferedWorkRoutine(void*): stop data proc
D/WifiStateMachine( 1025): handleMessage: X
E/qomx_image_core(  277): OMX_Deinit:118] Complete
E/QCameraPostProc(  277): int32_t qcamera::QCameraPostProcessor::deinit(): Jpeg closed, rc = 0, mJpegClientHandle = 28200
E/mm-camera(  422): mct_pipeline_get_stream: no children
E/mm-camera(  422): mct_pipeline_process_set:1824: Couldn't find stream
E/mm-camera-sensor(  422): module_sensor_stop_session:727 session 1
D/QCameraStateMachine(  277): static void* qcamera::QCameraStateMachine::smEvtProcRoutine(void*): X
D/QCamera2HWI(  277): [KPI Perf] static int qcamera::QCamera2HardwareInterface::close_camera_device(hw_device_t*): X
I/QCameraHalWatchdog(  277): Stopped Watchdog Thread...
E/mm-camera(  422): stats_module_stop_session: list =0xb7887258, remove port =0xb7886c00 name=stats_sink from module=0xb766da98, name=stats
E/mm-camera(  422): stats_module_stop_session: 1 port =0xb7886c00 name=stats_sink 
E/mm-camera(  422): stats_module_stop_session: 2 port =0xb7886c00 name=stats_sink 
E/mm-camera-CORE(  422): mot_af_deinit: E
E/mm-camera(  422): is_module_stop_session: Enter
E/mm-camera(  422): is_module_stop_session: Exit successful
E/mm-camera(  422): stats_module_stop_session: 3 port =0xb7886c00 name=stats_sink 
E/mm-camera(  422): c2d_module_stop_session:323, info: stopping session 1 ...
E/mm-camera(  422): c2d_thread_process_pipe_message:714, C2D_THREAD_MSG_ABORT: c2d_thread exiting..
E/mm-camera(  422): c2d_module_stop_session:365, info: session 1 stopped.
E/hdr     (  422): Session id 0x1 stopped
D/WifiStateMachine( 1025): handleMessage: E msg.what=131155
D/WifiStateMachine( 1025): processMsg: ConnectedState
D/WifiStateMachine( 1025): processMsg: L2ConnectedState
D/WifiStateMachine( 1025): handleMessage: X
E/mm-camera-sensor(  422): Got some events
E/mm-camera-sensor(  422): sensor_thread_func:152 sensor_thread_func:Sensor thread is exiting
W/ProcessCpuTracker( 1025): Skipping unknown process pid 3474
I/ActivityManager( 1025): START u0 {cmp=co.giftmeapp.gift_me/com.paypal.android.sdk.payments.PaymentConfirmActivity (has extras)} from pid 2747
