I/ActivityManager(  598): Start proc com.htc.task for broadcast com.htc.task/.notification.NotifyReceiver: pid=19182 uid=10126 gids={3003, 1015, 1028}
E/Trace   (19182): error opening trace file: No such file or directory (2)
I/ActivityThread(19182): Pub com.htc.task.dm.specific: com.htc.task.TaskSpecificProvider
I/ActivityThread(19182): Pub com.htc.task.dm: com.htc.task.APICProviderDecorator
D/DBProvider(19182): onCreate
D/PowerManagerService(  598): acquireWakeLock(423d2718): PARTIAL_WAKE_LOCK , tag=TaskNotification_3, flags=0x1, pid=19182, uid=10126, mUserState=0x3
I/ActivityManager(  598): Start proc com.htc.android.worldclock for broadcast com.htc.android.worldclock/.alarmclock.AlarmReceiver: pid=19200 uid=10164 gids={3003, 1028}
D/Socket_Alarm(19182): registerHTCSocketMonitorCallBack
D/Socket_Alarm(19182): set mSocketMonitor
D/Socket_Alarm(19182): HTCSocketMonitorImpl::HTCSocketMonitorImpl
E/Trace   (19200): error opening trace file: No such file or directory (2)
D/TodoTaskshortcut(19182): update TASK shortcut>
I/ActivityThread(19200): Pub com.htc.android.worldclock.TimerProvider: com.htc.android.worldclock.timer.TimerProvider
I/ActivityThread(19200): Pub com.htc.android.worldclock.TabCarouselProvider: com.htc.android.worldclock.TabCarouselProvider
I/ActivityThread(19200): Pub com.htc.android.worldclock.StopwatchProvider: com.htc.android.worldclock.stopwatch.StopwatchProvider
I/ActivityThread(19200): Pub com.htc.android.alarmclock: com.htc.android.worldclock.alarmclock.AlarmProvider
D/PowerManagerService(  598): releaseWakeLock(423d2718): PARTIAL_WAKE_LOCK , tag=TaskNotification_3, flags=0x1
D/PowerManagerService(  598): acquireWakeLock(429be208): PARTIAL_WAKE_LOCK , tag=Checkin Handoff, flags=0x1, pid=31280, uid=10017, mUserState=0x3
D/PowerManagerService(  598): acquireWakeLock(425553c8): PARTIAL_WAKE_LOCK , tag=Checkin Service, flags=0x1, pid=31280, uid=10017, mUserState=0x3
D/PowerManagerService(  598): releaseWakeLock(429be208): PARTIAL_WAKE_LOCK , tag=Checkin Handoff, flags=0x1
D/PowerManagerService(  598): releaseWakeLock(425553c8): PARTIAL_WAKE_LOCK , tag=Checkin Service, flags=0x1
I/ActivityManager(  598): Start proc com.vkontakte.android for broadcast com.vkontakte.android/.NetworkStateReceiver: pid=19215 uid=10172 gids={1006, 3003, 1015, 1028}
E/Trace   (19215): error opening trace file: No such file or directory (2)
I/WorldClock.AlarmUtils(19200): Calculate next alarm: id = -1 time = 9223372036854775807(Sun Aug 17 07:12:55 GMT 292278994)
I/WorldClock.AlarmUtils(19200): Cancel any alarm from alarm manager
D/Socket_Alarm(19200): registerHTCSocketMonitorCallBack
D/Socket_Alarm(19200): set mSocketMonitor
D/Socket_Alarm(19200): HTCSocketMonitorImpl::HTCSocketMonitorImpl
W/dalvikvm(19215): VFY: unable to resolve static method 9436: Landroid/webkit/WebView;.setWebContentsDebuggingEnabled (Z)V
D/ACRA    (19215): ACRA is enabled for com.vkontakte.android, intializing...
D/ACRA    (19215): Looking for error files in /data/data/com.vkontakte.android/files
D/ACRA    (19215): Looking for error files in /data/data/com.vkontakte.android/files
I/vk      (19215): MT false pref false
D/libc    (  250): _resolv_cache_lookup: lookup
D/libc    (  250): [SMD]bl_level = 125
D/libc    (  250): [SMD][Mode1]: Screen on and original TTL is expired
D/libc    (  250):  Cache EXPIRED (STALE ENTRY 0x40074300 DISCARDED) or need renew
W/Bundle  (11581): Key favorite_item_id expected Long but value was a java.lang.Integer.  The default value -1 was returned.
W/Bundle  (11581): Attempt to cast generated internal exception:
W/Bundle  (11581): java.lang.ClassCastException: java.lang.Integer cannot be cast to java.lang.Long
W/Bundle  (11581): 	at android.os.Bundle.getLong(Bundle.java:973)
W/Bundle  (11581): 	at android.content.Intent.getLongExtra(Intent.java:4417)
W/Bundle  (11581): 	at com.htc.launcher.UpdateShortcutReceiver$1.run(UpdateShortcutReceiver.java:33)
W/Bundle  (11581): 	at android.os.Handler.handleCallback(Handler.java:615)
W/Bundle  (11581): 	at android.os.Handler.dispatchMessage(Handler.java:92)
W/Bundle  (11581): 	at android.os.Looper.loop(Looper.java:155)
W/Bundle  (11581): 	at android.os.HandlerThread.run(HandlerThread.java:60)
D/libc    (  250): [SMD][v0913] Extended TTL = 43200, original TTL = 740
W/dalvikvm(19215): VFY: unable to find class referenced in signature (Ljava/nio/file/Path;)
W/dalvikvm(19215): VFY: unable to find class referenced in signature ([Ljava/nio/file/OpenOption;)
W/dalvikvm(19215): VFY: unable to resolve static method 55262: Ljava/nio/file/Files;.newOutputStream (Ljava/nio/file/Path;[Ljava/nio/file/OpenOption;)Ljava/io/OutputStream;
W/dalvikvm(19215): VFY: unable to find class referenced in signature (Ljava/nio/file/Path;)
W/dalvikvm(19215): VFY: unable to find class referenced in signature ([Ljava/nio/file/OpenOption;)
W/dalvikvm(19215): VFY: unable to resolve static method 55261: Ljava/nio/file/Files;.newInputStream (Ljava/nio/file/Path;[Ljava/nio/file/OpenOption;)Ljava/io/InputStream;
I/vk      (19215): RELOAD GROUPS true
I/vk      (19215): Smilies, state=4
I/vk      (19215): Oscar, state=6
I/vk      (19215): Sonya, state=6
D/BatteryService(  598): updateBatteryStats: update triggered by UEvent.
D/PowerManagerService(  598): acquireWakeLock(42d0f148): PARTIAL_WAKE_LOCK , tag=BatteryServiceUpdateStats, flags=0x1, pid=598, uid=1000, mUserState=0x3
D/HtcPowerSaver(  598): Received battery changed intent.
D/UsbnetService(  598): BroadcastReceiver::onReceive+
D/UsbnetService(  598): onReceive BATTERY_CHANGED
D/UsbnetService(  598):  --> pluggedType = 2, mPluggedType = 0, mScreenOff = false
D/UsbnetService(  598): BroadcastReceiver::onReceive-
D/WifiService(  598): ACTION_BATTERY_CHANGED pluggedType: 2
D/NotificationService(  598): mIntentReceiver() Intent.ACTION_BATTERY_CHANGED
D/PowerManagerService(  598): runHtcPowerSaverCheck ======================================
D/PowerUI (  820): closing low battery warning: level=99
D/HtcPowerSaver(  598): Checking...
I/HtcPowerSaver(  598): >> updateStatus
I/HtcPowerSaver(  598): currentStatus=8002, currentLevel=99, enableLevel=-1, enable=true, mAutoModeOn=false, popDialog=false, statusChangeTo=-1
I/HtcPowerSaver(  598): << updateStatus
D/PowerUI (  820): plugged = true, health = 2, mBatteryLevel = 99, mPluggedBatteryLevel = 81, mLowBatteryWarningLevel2 = 25, mshowLowChargingWarning2 = true
D/PowerManagerService(  598): releaseWakeLock(42d0f148): PARTIAL_WAKE_LOCK , tag=BatteryServiceUpdateStats, flags=0x1
I/ActivityManager(  598): Start proc com.htc.htcpowermanager:remote for broadcast com.htc.htcpowermanager/.powersaver.PowerSaverNotificationReceiver: pid=19247 uid=1000 gids={1015, 3002, 3001, 3003, 1028, 5006, 3007, 3006, 2001, 1007}
E/Trace   (19247): error opening trace file: No such file or directory (2)
I/ActivityThread(19247): Pub com.htc.htcpowermanager: com.htc.htcpowermanager.smartsync.SmartSyncProvider
D/SizeAdaptiveLayout(  820): com.android.internal.widget.SizeAdaptiveLayout@41bae180child view android.widget.LinearLayout@41bb0580 measured out of bounds at 95px clamped to 96px
D/CursorWindowStats(  968): Allocate Cursor Window larger than default value, size: 4194304, default:2097152
D/StateMachine(  598): handleMessage: E msg.what=131155
D/StateMachine(  598): processMsg: ConnectedState
D/WifiStateMachine(  598): ConnectedState{ what=131155 when=-3ms target=Handler (com.android.internal.util.StateMachine$SmHandler) {422da338} arg1=366 }
D/StateMachine(  598): processMsg: L2ConnectedState
D/WifiStateMachine(  598): L2ConnectedState{ what=131155 when=-4ms target=Handler (com.android.internal.util.StateMachine$SmHandler) {422da338} arg1=366 }
I/wpa_ctrl(  598): [wpa_ctrl_request] ctrl address = 50982678, ctrl_conn address = 0
D/WifiStateMachine(  598): fetchRssiAndLinkSpeedNative RSSI = -40
D/StateMachine(  598): handleMessage: X
D/ContactMessageStore(  968): clearContact1Table() <<<
D/ContactMessageStore(  968): delete/insert time: 61
D/ContactMessageStore(  968): insertContactsTable() <<
D/ContactMessageStore(  968): end time: 249034762(1047)
D/ContactMessageStore(  968): notify MmsSms
I/ActivityManager(  598): Start proc android.process.acore for content provider com.android.providers.contacts/.HtcContactsProvider2: pid=19267 uid=10018 gids={3003, 1015, 5002, 1028}
E/Trace   (19267): error opening trace file: No such file or directory (2)
I/ActivityThread(19267): Pub contacts;com.android.contacts: com.android.providers.contacts.HtcContactsProvider2
I/ActivityThread(19267): Pub com.android.voicemail: com.android.providers.contacts.VoicemailContentProvider
I/ActivityThread(19267): Pub applications: com.android.providers.applications.ApplicationsProvider
D/ContactsEventQueueProcessor(19267): ContactsEventQueueProcessor.run() - [sleepThread()], waiting for new request coming...
D/ContactsEventQueueProcessor(19267): ContactsEventQueueProcessor.sleepThread() - mWakeUpLock.wait()
I/ActivityThread(19267): Pub com.htc.provider.settings: com.htc.provider.settings.NotificationFlashLightProvider
I/ActivityThread(19267): Pub call_log: com.android.providers.contacts.CallLogProvider
I/ActivityThread(19267): Pub user_dictionary: com.android.providers.userdictionary.UserDictionaryProvider
D/NotifyDialerScheduler(19267): ACTION_CONTACTS_DB_READY
D/NotifyDialerScheduler(19267): DialerService connected !
D/COpenHelper(19267): onOpen E
D/COpenHelper(19267): onOpen X
D/COpenHelper(19267): onOpen E
D/COpenHelper(19267): onOpen X
D/CursorWindowStats(  968): Allocate Cursor Window larger than default value, size: 4194304, default:2097152
D/CursorWindowStats(  968): Allocate Cursor Window larger than default value, size: 4194304, default:2097152
D/CursorWindowStats(  968): Allocate Cursor Window larger than default value, size: 4194304, default:2097152
D/PhoneApp(  968): ACTION_CONTACTS_DB_READY
D/NotifyDialerScheduler(19267): ACTION_CONTACTS_DB_READY
W/CallNotifier(  968): bindDialerService
D/NOTE    (19267): checkSsoFacebookLogin sso_facebook_mimetype_id: 14
D/NOTE    (19267): checkSsoFacebookLogin mOriginalFacebookLogin: true
D/PowerManagerService(  598): acquireWakeLock(42575b20): PARTIAL_WAKE_LOCK , tag=AlarmManager, flags=0x1, pid=598, uid=1000, mUserState=0x3
V/AlarmManager(  598): sending alarm PendingIntent{423f6718: PendingIntentRecord{423d2d00 com.android.providers.calendar broadcastIntent}}, intent=com.android.providers.calendar.intent.CalendarProvider2, type=ELAPSED_REALTIME_WAKEUP, count=1, when=249035864, repeateInterval=0
D/PowerManagerService(  598): acquireWakeLock(427b1390): PARTIAL_WAKE_LOCK , tag=ScheduleNextAlarmWakeLock, flags=0x1, pid=32324, uid=10014, mUserState=0x3
D/PowerManagerService(  598): releaseWakeLock(42575b20): PARTIAL_WAKE_LOCK , tag=AlarmManager, flags=0x1
D/PowerManagerService(  598): releaseWakeLock(427b1390): PARTIAL_WAKE_LOCK , tag=ScheduleNextAlarmWakeLock, flags=0x1
D/HtcCustomOpenHelper(19267): cacheMyContactIds mMyContactCardRawId: 9223372034707292161
D/HtcCustomOpenHelper(19267): cacheMyContactIds mMyContactCardId: 9223372034707292161
D/StateMachine(  598): handleMessage: E msg.what=131155
D/StateMachine(  598): processMsg: ConnectedState
D/WifiStateMachine(  598): ConnectedState{ what=131155 when=-3ms target=Handler (com.android.internal.util.StateMachine$SmHandler) {422da338} arg1=366 }
D/StateMachine(  598): processMsg: L2ConnectedState
D/WifiStateMachine(  598): L2ConnectedState{ what=131155 when=-3ms target=Handler (com.android.internal.util.StateMachine$SmHandler) {422da338} arg1=366 }
I/wpa_ctrl(  598): [wpa_ctrl_request] ctrl address = 50982678, ctrl_conn address = 0
D/WifiStateMachine(  598): fetchRssiAndLinkSpeedNative RSSI = -40
D/StateMachine(  598): handleMessage: X
I/ActivityManager(  598): Recipient 18996
I/ActivityManager(  598): Process com.google.android.tts (pid 18996) has died.
I/ActivityManager(  598): Recipient 18975
I/ActivityManager(  598): Process nz.barees.android.cachesensedemo (pid 18975) has died.
I/ActivityManager(  598): Recipient 19069
I/ActivityManager(  598): Process com.htc.android.htcime:provider_latin (pid 19069) has died.
D/StateMachine(  598): handleMessage: E msg.what=131155
D/StateMachine(  598): processMsg: ConnectedState
D/WifiStateMachine(  598): ConnectedState{ what=131155 when=-4ms target=Handler (com.android.internal.util.StateMachine$SmHandler) {422da338} arg1=366 }
D/StateMachine(  598): processMsg: L2ConnectedState
D/WifiStateMachine(  598): L2ConnectedState{ what=131155 when=-4ms target=Handler (com.android.internal.util.StateMachine$SmHandler) {422da338} arg1=366 }
I/wpa_ctrl(  598): [wpa_ctrl_request] ctrl address = 50982678, ctrl_conn address = 0
D/WifiStateMachine(  598): fetchRssiAndLinkSpeedNative RSSI = -40
D/StateMachine(  598): handleMessage: X
V/ContactsDate(19267): get now date :20150322
V/ContactsDate(19267): get now date :20150322
I/ActivityManager(  598): Recipient 19182
I/ActivityManager(  598): Process com.htc.task (pid 19182) has died.
I/ActivityManager(  598): Recipient 19200
I/ActivityManager(  598): Process com.htc.android.worldclock (pid 19200) has died.
I/ActivityManager(  598): Recipient 19215
I/ActivityManager(  598): Process com.vkontakte.android (pid 19215) has died.
D/StateMachine(  598): handleMessage: E msg.what=131155
D/StateMachine(  598): processMsg: ConnectedState
D/WifiStateMachine(  598): ConnectedState{ what=131155 when=-4ms target=Handler (com.android.internal.util.StateMachine$SmHandler) {422da338} arg1=366 }
D/StateMachine(  598): processMsg: L2ConnectedState
D/WifiStateMachine(  598): L2ConnectedState{ what=131155 when=-5ms target=Handler (com.android.internal.util.StateMachine$SmHandler) {422da338} arg1=366 }
I/wpa_ctrl(  598): [wpa_ctrl_request] ctrl address = 50982678, ctrl_conn address = 0
D/WifiStateMachine(  598): fetchRssiAndLinkSpeedNative RSSI = -40
D/StateMachine(  598): handleMessage: X
D/StateMachine(  598): handleMessage: E msg.what=131155
D/StateMachine(  598): processMsg: ConnectedState
D/WifiStateMachine(  598): ConnectedState{ what=131155 when=-3ms target=Handler (com.android.internal.util.StateMachine$SmHandler) {422da338} arg1=366 }
D/StateMachine(  598): processMsg: L2ConnectedState
D/WifiStateMachine(  598): L2ConnectedState{ what=131155 when=-4ms target=Handler (com.android.internal.util.StateMachine$SmHandler) {422da338} arg1=366 }
I/wpa_ctrl(  598): [wpa_ctrl_request] ctrl address = 50982678, ctrl_conn address = 0
D/WifiStateMachine(  598): fetchRssiAndLinkSpeedNative RSSI = -40
D/StateMachine(  598): handleMessage: X
D/StateMachine(  598): handleMessage: E msg.what=131155
D/StateMachine(  598): processMsg: ConnectedState
D/WifiStateMachine(  598): ConnectedState{ what=131155 when=-3ms target=Handler (com.android.internal.util.StateMachine$SmHandler) {422da338} arg1=366 }
D/StateMachine(  598): processMsg: L2ConnectedState
D/WifiStateMachine(  598): L2ConnectedState{ what=131155 when=-3ms target=Handler (com.android.internal.util.StateMachine$SmHandler) {422da338} arg1=366 }
I/wpa_ctrl(  598): [wpa_ctrl_request] ctrl address = 50982678, ctrl_conn address = 0
D/WifiStateMachine(  598): fetchRssiAndLinkSpeedNative RSSI = -40
D/StateMachine(  598): handleMessage: X
D/StateMachine(  598): handleMessage: E msg.what=131155
D/StateMachine(  598): processMsg: ConnectedState
D/WifiStateMachine(  598): ConnectedState{ what=131155 when=-4ms target=Handler (com.android.internal.util.StateMachine$SmHandler) {422da338} arg1=366 }
D/StateMachine(  598): processMsg: L2ConnectedState
D/WifiStateMachine(  598): L2ConnectedState{ what=131155 when=-5ms target=Handler (com.android.internal.util.StateMachine$SmHandler) {422da338} arg1=366 }
I/wpa_ctrl(  598): [wpa_ctrl_request] ctrl address = 50982678, ctrl_conn address = 0
D/WifiStateMachine(  598): fetchRssiAndLinkSpeedNative RSSI = -40
D/StateMachine(  598): handleMessage: X
D/TELEPHONY_CALLBACK(  820): @onSignalStrengthChanged: SignalStrength: 7 -1 -1 -1 -1 -1 -1 -1 -1 -1 2147483647 -1 gsm|lte
D/StatusBar.NetworkController(  820): dumpState[hasService=true ServiceState=0 home 3 3 27202  EDGE CSS not supported -1 -1 RoamInd=-1 DefRoamInd=-1EriInd= -1EriMode= -1RadioPowerSv: false EmergOnly=false PhoneType: 1 IsCdma=false SimState=UNKNOWN GprsState=0 DataState=Disconnected DataActivity=NONE NetworkType=EDGE HtcModemLinkOn=false HspaDataDistinquishable=true]
D/SIGNAL_ICON(  820): updateTelephonySignalStrength
D/SIGNAL_ICON(  820): fakeui srv=0 mTimerEnabled=false asu=7
D/SIGNAL_ICON(  820): asu=7
D/SIGNAL_ICON(  820): SUPPORT_5_LEVEL_SIGNAL
D/SIGNAL_ICON(  820): mapTelephonySignalStrength
D/SIGNAL_ICON(  820): maxLevel=5 asu=7 networkType=EDGE
D/SIGNAL_ICON(  820): return iconLevel=2
D/SIGNAL_ICON(  820): refreshViews: mPhoneSignalIconId -> stat_sys_5signal_2
D/StatusBar.NetworkController(  820): dumpIconState[dataVisible=false dataIconId=stat_sys_data_connected_e signalIconId=stat_sys_5signal_2 wifiVisible=true wifiIconId=stat_sys_wifi_signal_4 airplaneMode=false]
D/StateMachine(  598): handleMessage: E msg.what=131155
D/StateMachine(  598): processMsg: ConnectedState
D/WifiStateMachine(  598): ConnectedState{ what=131155 when=-9ms target=Handler (com.android.internal.util.StateMachine$SmHandler) {422da338} arg1=366 }
D/StateMachine(  598): processMsg: L2ConnectedState
D/WifiStateMachine(  598): L2ConnectedState{ what=131155 when=-10ms target=Handler (com.android.internal.util.StateMachine$SmHandler) {422da338} arg1=366 }
I/wpa_ctrl(  598): [wpa_ctrl_request] ctrl address = 50982678, ctrl_conn address = 0
D/WifiStateMachine(  598): fetchRssiAndLinkSpeedNative RSSI = -40
D/StateMachine(  598): handleMessage: X
D/StateMachine(  598): handleMessage: E msg.what=131155
D/StateMachine(  598): processMsg: ConnectedState
D/WifiStateMachine(  598): ConnectedState{ what=131155 when=-4ms target=Handler (com.android.internal.util.StateMachine$SmHandler) {422da338} arg1=366 }
D/StateMachine(  598): processMsg: L2ConnectedState
D/WifiStateMachine(  598): L2ConnectedState{ what=131155 when=-5ms target=Handler (com.android.internal.util.StateMachine$SmHandler) {422da338} arg1=366 }
I/wpa_ctrl(  598): [wpa_ctrl_request] ctrl address = 50982678, ctrl_conn address = 0
D/WifiStateMachine(  598): fetchRssiAndLinkSpeedNative RSSI = -40
D/StateMachine(  598): handleMessage: X
D/AutoSetting(32324): service - handleMessage() incoming message, what:50
D/AutoSetting(32324): service - handleMessage() stop self
D/AutoSetting(32324): service - stop self, saving info!
D/AutoSetting(32324): service - stop self, saving info! Done
D/AutoSetting(32324): service - onDestroy()
D/AutoSetting(32324): service - handleMessage() incoming message, what:100
D/AutoSetting(32324): service - handleMessage() quit looper
D/LocationManagerService(  598): [LPS] In removeUpdatesLocked.p.setMinTime:
D/AutoSetting(32324): service - onDestroy() END
D/LocationManagerService(  598): _removeUpdates: listener = Receiver{4208fad8 Listener android.os.BinderProxy@42110980}mUpdateRecords: {network=UpdateRecord{41ead9e8 mProvider: network mUid: 10014}}
I/LocationManagerService(  598): remove network (pid 32324), next minTime = 86400000
D/TELEPHONY_CALLBACK(  820): @onSignalStrengthChanged: SignalStrength: 7 -1 -1 -1 -1 -1 -1 -1 -1 -1 2147483647 -1 gsm|lte
D/StatusBar.NetworkController(  820): dumpState[hasService=true ServiceState=0 home 3 3 27202  EDGE CSS not supported -1 -1 RoamInd=-1 DefRoamInd=-1EriInd= -1EriMode= -1RadioPowerSv: false EmergOnly=false PhoneType: 1 IsCdma=false SimState=UNKNOWN GprsState=0 DataState=Disconnected DataActivity=NONE NetworkType=EDGE HtcModemLinkOn=false HspaDataDistinquishable=true]
D/SIGNAL_ICON(  820): updateTelephonySignalStrength
D/SIGNAL_ICON(  820): fakeui srv=0 mTimerEnabled=false asu=7
D/SIGNAL_ICON(  820): asu=7
D/SIGNAL_ICON(  820): SUPPORT_5_LEVEL_SIGNAL
D/SIGNAL_ICON(  820): mapTelephonySignalStrength
D/SIGNAL_ICON(  820): maxLevel=5 asu=7 networkType=EDGE
D/SIGNAL_ICON(  820): return iconLevel=2
D/StatusBar.NetworkController(  820): dumpIconState[dataVisible=false dataIconId=stat_sys_data_connected_e signalIconId=stat_sys_5signal_2 wifiVisible=true wifiIconId=stat_sys_wifi_signal_4 airplaneMode=false]
D/StateMachine(  598): handleMessage: E msg.what=131155
D/StateMachine(  598): processMsg: ConnectedState
D/WifiStateMachine(  598): ConnectedState{ what=131155 when=-3ms target=Handler (com.android.internal.util.StateMachine$SmHandler) {422da338} arg1=366 }
D/StateMachine(  598): processMsg: L2ConnectedState
D/WifiStateMachine(  598): L2ConnectedState{ what=131155 when=-4ms target=Handler (com.android.internal.util.StateMachine$SmHandler) {422da338} arg1=366 }
I/wpa_ctrl(  598): [wpa_ctrl_request] ctrl address = 50982678, ctrl_conn address = 0
D/WifiStateMachine(  598): fetchRssiAndLinkSpeedNative RSSI = -40
D/StateMachine(  598): handleMessage: X
D/StateMachine(  598): handleMessage: E msg.what=131155
D/StateMachine(  598): processMsg: ConnectedState
D/WifiStateMachine(  598): ConnectedState{ what=131155 when=-1ms target=Handler (com.android.internal.util.StateMachine$SmHandler) {422da338} arg1=366 }
D/StateMachine(  598): processMsg: L2ConnectedState
D/WifiStateMachine(  598): L2ConnectedState{ what=131155 when=-2ms target=Handler (com.android.internal.util.StateMachine$SmHandler) {422da338} arg1=366 }
I/wpa_ctrl(  598): [wpa_ctrl_request] ctrl address = 50982678, ctrl_conn address = 0
D/WifiStateMachine(  598): fetchRssiAndLinkSpeedNative RSSI = -39
D/StateMachine(  598): handleMessage: X
D/PowerManagerService(  598): acquireWakeLock(42837820): PARTIAL_WAKE_LOCK , tag=AlarmManager, flags=0x1, pid=598, uid=1000, mUserState=0x3
V/AlarmManager(  598): sending alarm PendingIntent{41e71340: PendingIntentRecord{41e349f0 android broadcastIntent}}, intent=android.intent.action.TIME_TICK, type=RTC, count=1, when=1427053980000, repeateInterval=0
W/ManagedEGLContext(11581): doTerminate failed: EGL count is 2 but managed count is 1
D/PowerManagerService(  598): releaseWakeLock(42837820): PARTIAL_WAKE_LOCK , tag=AlarmManager, flags=0x1
W/ManagedEGLContext(11581): doTerminate failed: EGL count is 2 but managed count is 1
D/StateMachine(  598): handleMessage: E msg.what=131155
D/StateMachine(  598): processMsg: ConnectedState
D/WifiStateMachine(  598): ConnectedState{ what=131155 when=-4ms target=Handler (com.android.internal.util.StateMachine$SmHandler) {422da338} arg1=366 }
D/StateMachine(  598): processMsg: L2ConnectedState
D/WifiStateMachine(  598): L2ConnectedState{ what=131155 when=-5ms target=Handler (com.android.internal.util.StateMachine$SmHandler) {422da338} arg1=366 }
I/wpa_ctrl(  598): [wpa_ctrl_request] ctrl address = 50982678, ctrl_conn address = 0
D/WifiStateMachine(  598): fetchRssiAndLinkSpeedNative RSSI = -39
D/StateMachine(  598): handleMessage: X
D/TELEPHONY_CALLBACK(  820): @onSignalStrengthChanged: SignalStrength: 7 -1 -1 -1 -1 -1 -1 -1 -1 -1 2147483647 -1 gsm|lte
D/StatusBar.NetworkController(  820): dumpState[hasService=true ServiceState=0 home 3 3 27202  EDGE CSS not supported -1 -1 RoamInd=-1 DefRoamInd=-1EriInd= -1EriMode= -1RadioPowerSv: false EmergOnly=false PhoneType: 1 IsCdma=false SimState=UNKNOWN GprsState=0 DataState=Disconnected DataActivity=NONE NetworkType=EDGE HtcModemLinkOn=false HspaDataDistinquishable=true]
D/SIGNAL_ICON(  820): updateTelephonySignalStrength
D/SIGNAL_ICON(  820): fakeui srv=0 mTimerEnabled=false asu=7
D/SIGNAL_ICON(  820): asu=7
D/SIGNAL_ICON(  820): SUPPORT_5_LEVEL_SIGNAL
D/SIGNAL_ICON(  820): mapTelephonySignalStrength
D/SIGNAL_ICON(  820): maxLevel=5 asu=7 networkType=EDGE
D/SIGNAL_ICON(  820): return iconLevel=2
D/StatusBar.NetworkController(  820): dumpIconState[dataVisible=false dataIconId=stat_sys_data_connected_e signalIconId=stat_sys_5signal_2 wifiVisible=true wifiIconId=stat_sys_wifi_signal_4 airplaneMode=false]
D/PowerManagerService(  598): acquireWakeLock(4274acd8): PARTIAL_WAKE_LOCK , tag=AlarmManager, flags=0x1, pid=598, uid=1000, mUserState=0x3
V/AlarmManager(  598): sending alarm PendingIntent{42860788: PendingIntentRecord{42564750 com.whatsapp broadcastIntent}}, intent=com.whatsapp.messaging.MessageService.CLIENT_PINGER_ACTION, type=ELAPSED_REALTIME_WAKEUP, count=1, when=249308769, repeateInterval=240000
D/PowerManagerService(  598): releaseWakeLock(4274acd8): PARTIAL_WAKE_LOCK , tag=AlarmManager, flags=0x1
D/StateMachine(  598): handleMessage: E msg.what=131155
D/StateMachine(  598): processMsg: ConnectedState
D/WifiStateMachine(  598): ConnectedState{ what=131155 when=-3ms target=Handler (com.android.internal.util.StateMachine$SmHandler) {422da338} arg1=366 }
D/StateMachine(  598): processMsg: L2ConnectedState
D/WifiStateMachine(  598): L2ConnectedState{ what=131155 when=-3ms target=Handler (com.android.internal.util.StateMachine$SmHandler) {422da338} arg1=366 }
I/wpa_ctrl(  598): [wpa_ctrl_request] ctrl address = 50982678, ctrl_conn address = 0
D/WifiStateMachine(  598): fetchRssiAndLinkSpeedNative RSSI = -39
D/StateMachine(  598): handleMessage: X
D/TELEPHONY_CALLBACK(  820): @onSignalStrengthChanged: SignalStrength: 8 -1 -1 -1 -1 -1 -1 -1 -1 -1 2147483647 -1 gsm|lte
D/StatusBar.NetworkController(  820): dumpState[hasService=true ServiceState=0 home 3 3 27202  EDGE CSS not supported -1 -1 RoamInd=-1 DefRoamInd=-1EriInd= -1EriMode= -1RadioPowerSv: false EmergOnly=false PhoneType: 1 IsCdma=false SimState=UNKNOWN GprsState=0 DataState=Disconnected DataActivity=NONE NetworkType=EDGE HtcModemLinkOn=false HspaDataDistinquishable=true]
D/SIGNAL_ICON(  820): updateTelephonySignalStrength
D/SIGNAL_ICON(  820): fakeui srv=0 mTimerEnabled=false asu=8
D/SIGNAL_ICON(  820): asu=8
D/SIGNAL_ICON(  820): SUPPORT_5_LEVEL_SIGNAL
D/SIGNAL_ICON(  820): mapTelephonySignalStrength
D/SIGNAL_ICON(  820): maxLevel=5 asu=8 networkType=EDGE
D/SIGNAL_ICON(  820): return iconLevel=3
D/SIGNAL_ICON(  820): refreshViews: mPhoneSignalIconId -> stat_sys_5signal_3
D/StatusBar.NetworkController(  820): dumpIconState[dataVisible=false dataIconId=stat_sys_data_connected_e signalIconId=stat_sys_5signal_3 wifiVisible=true wifiIconId=stat_sys_wifi_signal_4 airplaneMode=false]
D/StateMachine(  598): handleMessage: E msg.what=131155
D/StateMachine(  598): processMsg: ConnectedState
D/WifiStateMachine(  598): ConnectedState{ what=131155 when=-4ms target=Handler (com.android.internal.util.StateMachine$SmHandler) {422da338} arg1=366 }
D/StateMachine(  598): processMsg: L2ConnectedState
D/WifiStateMachine(  598): L2ConnectedState{ what=131155 when=-5ms target=Handler (com.android.internal.util.StateMachine$SmHandler) {422da338} arg1=366 }
I/wpa_ctrl(  598): [wpa_ctrl_request] ctrl address = 50982678, ctrl_conn address = 0
D/WifiStateMachine(  598): fetchRssiAndLinkSpeedNative RSSI = -39
D/StateMachine(  598): handleMessage: X
D/StateMachine(  598): handleMessage: E msg.what=131155
D/StateMachine(  598): processMsg: ConnectedState
D/WifiStateMachine(  598): ConnectedState{ what=131155 when=-4ms target=Handler (com.android.internal.util.StateMachine$SmHandler) {422da338} arg1=366 }
D/StateMachine(  598): processMsg: L2ConnectedState
D/WifiStateMachine(  598): L2ConnectedState{ what=131155 when=-5ms target=Handler (com.android.internal.util.StateMachine$SmHandler) {422da338} arg1=366 }
I/wpa_ctrl(  598): [wpa_ctrl_request] ctrl address = 50982678, ctrl_conn address = 0
D/WifiStateMachine(  598): fetchRssiAndLinkSpeedNative RSSI = -39
D/StateMachine(  598): handleMessage: X
D/StateMachine(  598): handleMessage: E msg.what=131155
D/StateMachine(  598): processMsg: ConnectedState
D/WifiStateMachine(  598): ConnectedState{ what=131155 when=-4ms target=Handler (com.android.internal.util.StateMachine$SmHandler) {422da338} arg1=366 }
D/StateMachine(  598): processMsg: L2ConnectedState
D/WifiStateMachine(  598): L2ConnectedState{ what=131155 when=-5ms target=Handler (com.android.internal.util.StateMachine$SmHandler) {422da338} arg1=366 }
I/wpa_ctrl(  598): [wpa_ctrl_request] ctrl address = 50982678, ctrl_conn address = 0
D/WifiStateMachine(  598): fetchRssiAndLinkSpeedNative RSSI = -39
D/StateMachine(  598): handleMessage: X
D/StateMachine(  598): handleMessage: E msg.what=131155
D/StateMachine(  598): processMsg: ConnectedState
D/WifiStateMachine(  598): ConnectedState{ what=131155 when=-3ms target=Handler (com.android.internal.util.StateMachine$SmHandler) {422da338} arg1=366 }
D/StateMachine(  598): processMsg: L2ConnectedState
D/WifiStateMachine(  598): L2ConnectedState{ what=131155 when=-3ms target=Handler (com.android.internal.util.StateMachine$SmHandler) {422da338} arg1=366 }
I/wpa_ctrl(  598): [wpa_ctrl_request] ctrl address = 50982678, ctrl_conn address = 0
D/WifiStateMachine(  598): fetchRssiAndLinkSpeedNative RSSI = -39
D/StateMachine(  598): handleMessage: X
D/StateMachine(  598): handleMessage: E msg.what=131155
D/StateMachine(  598): processMsg: ConnectedState
D/WifiStateMachine(  598): ConnectedState{ what=131155 when=-4ms target=Handler (com.android.internal.util.StateMachine$SmHandler) {422da338} arg1=366 }
D/StateMachine(  598): processMsg: L2ConnectedState
D/WifiStateMachine(  598): L2ConnectedState{ what=131155 when=-4ms target=Handler (com.android.internal.util.StateMachine$SmHandler) {422da338} arg1=366 }
I/wpa_ctrl(  598): [wpa_ctrl_request] ctrl address = 50982678, ctrl_conn address = 0
D/WifiStateMachine(  598): fetchRssiAndLinkSpeedNative RSSI = -39
D/StateMachine(  598): handleMessage: X
D/TELEPHONY_CALLBACK(  820): @onSignalStrengthChanged: SignalStrength: 7 -1 -1 -1 -1 -1 -1 -1 -1 -1 2147483647 -1 gsm|lte
D/StatusBar.NetworkController(  820): dumpState[hasService=true ServiceState=0 home 3 3 27202  EDGE CSS not supported -1 -1 RoamInd=-1 DefRoamInd=-1EriInd= -1EriMode= -1RadioPowerSv: false EmergOnly=false PhoneType: 1 IsCdma=false SimState=UNKNOWN GprsState=0 DataState=Disconnected DataActivity=NONE NetworkType=EDGE HtcModemLinkOn=false HspaDataDistinquishable=true]
D/SIGNAL_ICON(  820): updateTelephonySignalStrength
D/SIGNAL_ICON(  820): fakeui srv=0 mTimerEnabled=false asu=7
D/SIGNAL_ICON(  820): asu=7
D/SIGNAL_ICON(  820): SUPPORT_5_LEVEL_SIGNAL
D/SIGNAL_ICON(  820): mapTelephonySignalStrength
D/SIGNAL_ICON(  820): maxLevel=5 asu=7 networkType=EDGE
D/SIGNAL_ICON(  820): return iconLevel=2
D/SIGNAL_ICON(  820): refreshViews: mPhoneSignalIconId -> stat_sys_5signal_2
D/StatusBar.NetworkController(  820): dumpIconState[dataVisible=false dataIconId=stat_sys_data_connected_e signalIconId=stat_sys_5signal_2 wifiVisible=true wifiIconId=stat_sys_wifi_signal_4 airplaneMode=false]
D/StateMachine(  598): handleMessage: E msg.what=131155
D/StateMachine(  598): processMsg: ConnectedState
D/WifiStateMachine(  598): ConnectedState{ what=131155 when=-4ms target=Handler (com.android.internal.util.StateMachine$SmHandler) {422da338} arg1=366 }
D/StateMachine(  598): processMsg: L2ConnectedState
D/WifiStateMachine(  598): L2ConnectedState{ what=131155 when=-5ms target=Handler (com.android.internal.util.StateMachine$SmHandler) {422da338} arg1=366 }
I/wpa_ctrl(  598): [wpa_ctrl_request] ctrl address = 50982678, ctrl_conn address = 0
D/WifiStateMachine(  598): fetchRssiAndLinkSpeedNative RSSI = -39
D/StateMachine(  598): handleMessage: X
D/TELEPHONY_CALLBACK(  820): @onSignalStrengthChanged: SignalStrength: 8 -1 -1 -1 -1 -1 -1 -1 -1 -1 2147483647 -1 gsm|lte
D/StatusBar.NetworkController(  820): dumpState[hasService=true ServiceState=0 home 3 3 27202  EDGE CSS not supported -1 -1 RoamInd=-1 DefRoamInd=-1EriInd= -1EriMode= -1RadioPowerSv: false EmergOnly=false PhoneType: 1 IsCdma=false SimState=UNKNOWN GprsState=0 DataState=Disconnected DataActivity=NONE NetworkType=EDGE HtcModemLinkOn=false HspaDataDistinquishable=true]
D/SIGNAL_ICON(  820): updateTelephonySignalStrength
D/SIGNAL_ICON(  820): fakeui srv=0 mTimerEnabled=false asu=8
D/SIGNAL_ICON(  820): asu=8
D/SIGNAL_ICON(  820): SUPPORT_5_LEVEL_SIGNAL
D/SIGNAL_ICON(  820): mapTelephonySignalStrength
D/SIGNAL_ICON(  820): maxLevel=5 asu=8 networkType=EDGE
D/SIGNAL_ICON(  820): return iconLevel=3
D/SIGNAL_ICON(  820): refreshViews: mPhoneSignalIconId -> stat_sys_5signal_3
D/StatusBar.NetworkController(  820): dumpIconState[dataVisible=false dataIconId=stat_sys_data_connected_e signalIconId=stat_sys_5signal_3 wifiVisible=true wifiIconId=stat_sys_wifi_signal_4 airplaneMode=false]
D/StateMachine(  598): handleMessage: E msg.what=131155
D/StateMachine(  598): processMsg: ConnectedState
D/WifiStateMachine(  598): ConnectedState{ what=131155 when=-4ms target=Handler (com.android.internal.util.StateMachine$SmHandler) {422da338} arg1=366 }
D/StateMachine(  598): processMsg: L2ConnectedState
D/WifiStateMachine(  598): L2ConnectedState{ what=131155 when=-5ms target=Handler (com.android.internal.util.StateMachine$SmHandler) {422da338} arg1=366 }
I/wpa_ctrl(  598): [wpa_ctrl_request] ctrl address = 50982678, ctrl_conn address = 0
D/WifiStateMachine(  598): fetchRssiAndLinkSpeedNative RSSI = -39
D/StateMachine(  598): handleMessage: X
D/BatteryService(  598): updateBatteryStats: auto update.
D/PowerManagerService(  598): acquireWakeLock(4277a1e0): PARTIAL_WAKE_LOCK , tag=BatteryServiceUpdateStats, flags=0x1, pid=598, uid=1000, mUserState=0x3
D/PowerManagerService(  598): releaseWakeLock(4277a1e0): PARTIAL_WAKE_LOCK , tag=BatteryServiceUpdateStats, flags=0x1
D/BatteryService(  598): updateBatteryStats: update triggered by UEvent.
D/PowerManagerService(  598): acquireWakeLock(41c09010): PARTIAL_WAKE_LOCK , tag=BatteryServiceUpdateStats, flags=0x1, pid=598, uid=1000, mUserState=0x3
D/HtcPowerSaver(  598): Received battery changed intent.
D/UsbnetService(  598): BroadcastReceiver::onReceive+
D/UsbnetService(  598): onReceive BATTERY_CHANGED
D/UsbnetService(  598):  --> pluggedType = 2, mPluggedType = 0, mScreenOff = false
D/UsbnetService(  598): BroadcastReceiver::onReceive-
D/WifiService(  598): ACTION_BATTERY_CHANGED pluggedType: 2
D/NotificationService(  598): mIntentReceiver() Intent.ACTION_BATTERY_CHANGED
D/HtcPowerSaver(  598): Checking...
I/HtcPowerSaver(  598): >> updateStatus
D/PowerManagerService(  598): runHtcPowerSaverCheck ======================================
D/PowerUI (  820): closing low battery warning: level=99
D/PowerUI (  820): plugged = true, health = 2, mBatteryLevel = 99, mPluggedBatteryLevel = 81, mLowBatteryWarningLevel2 = 25, mshowLowChargingWarning2 = true
I/HtcPowerSaver(  598): currentStatus=8002, currentLevel=99, enableLevel=-1, enable=true, mAutoModeOn=false, popDialog=false, statusChangeTo=-1
I/HtcPowerSaver(  598): << updateStatus
D/PowerManagerService(  598): releaseWakeLock(41c09010): PARTIAL_WAKE_LOCK , tag=BatteryServiceUpdateStats, flags=0x1
D/SizeAdaptiveLayout(  820): com.android.internal.widget.SizeAdaptiveLayout@41bae180child view android.widget.LinearLayout@41bb0580 measured out of bounds at 95px clamped to 96px
D/StateMachine(  598): handleMessage: E msg.what=131155
D/StateMachine(  598): processMsg: ConnectedState
D/WifiStateMachine(  598): ConnectedState{ what=131155 when=-4ms target=Handler (com.android.internal.util.StateMachine$SmHandler) {422da338} arg1=366 }
D/StateMachine(  598): processMsg: L2ConnectedState
D/WifiStateMachine(  598): L2ConnectedState{ what=131155 when=-5ms target=Handler (com.android.internal.util.StateMachine$SmHandler) {422da338} arg1=366 }
I/wpa_ctrl(  598): [wpa_ctrl_request] ctrl address = 50982678, ctrl_conn address = 0
D/WifiStateMachine(  598): fetchRssiAndLinkSpeedNative RSSI = -39
D/StateMachine(  598): handleMessage: X
D/StateMachine(  598): handleMessage: E msg.what=131155
D/StateMachine(  598): processMsg: ConnectedState
D/WifiStateMachine(  598): ConnectedState{ what=131155 when=-4ms target=Handler (com.android.internal.util.StateMachine$SmHandler) {422da338} arg1=366 }
D/StateMachine(  598): processMsg: L2ConnectedState
D/WifiStateMachine(  598): L2ConnectedState{ what=131155 when=-5ms target=Handler (com.android.internal.util.StateMachine$SmHandler) {422da338} arg1=366 }
I/wpa_ctrl(  598): [wpa_ctrl_request] ctrl address = 50982678, ctrl_conn address = 0
D/WifiStateMachine(  598): fetchRssiAndLinkSpeedNative RSSI = -39
D/StateMachine(  598): handleMessage: X
D/StateMachine(  598): handleMessage: E msg.what=131155
D/StateMachine(  598): processMsg: ConnectedState
D/WifiStateMachine(  598): ConnectedState{ what=131155 when=-3ms target=Handler (com.android.internal.util.StateMachine$SmHandler) {422da338} arg1=366 }
D/StateMachine(  598): processMsg: L2ConnectedState
D/WifiStateMachine(  598): L2ConnectedState{ what=131155 when=-3ms target=Handler (com.android.internal.util.StateMachine$SmHandler) {422da338} arg1=366 }
I/wpa_ctrl(  598): [wpa_ctrl_request] ctrl address = 50982678, ctrl_conn address = 0
D/WifiStateMachine(  598): fetchRssiAndLinkSpeedNative RSSI = -39
D/StateMachine(  598): handleMessage: X
D/PowerManagerService(  598): acquireWakeLock(425b3bc0): PARTIAL_WAKE_LOCK , tag=AlarmManager, flags=0x1, pid=598, uid=1000, mUserState=0x3
V/AlarmManager(  598): sending alarm PendingIntent{42e5ab98: PendingIntentRecord{42e5ab38 com.whatsapp broadcastIntent}}, intent=com.whatsapp.alarm.CLIENT_PING_TIMEOUT, type=ELAPSED_REALTIME_WAKEUP, count=1, when=249100812, repeateInterval=0
D/PowerManagerService(  598): releaseWakeLock(425b3bc0): PARTIAL_WAKE_LOCK , tag=AlarmManager, flags=0x1
D/StateMachine(  598): handleMessage: E msg.what=131155
D/StateMachine(  598): processMsg: ConnectedState
D/WifiStateMachine(  598): ConnectedState{ what=131155 when=-4ms target=Handler (com.android.internal.util.StateMachine$SmHandler) {422da338} arg1=366 }
D/StateMachine(  598): processMsg: L2ConnectedState
D/WifiStateMachine(  598): L2ConnectedState{ what=131155 when=-5ms target=Handler (com.android.internal.util.StateMachine$SmHandler) {422da338} arg1=366 }
I/wpa_ctrl(  598): [wpa_ctrl_request] ctrl address = 50982678, ctrl_conn address = 0
D/WifiStateMachine(  598): fetchRssiAndLinkSpeedNative RSSI = -39
D/StateMachine(  598): handleMessage: X
D/StateMachine(  598): handleMessage: E msg.what=131155
D/StateMachine(  598): processMsg: ConnectedState
D/WifiStateMachine(  598): ConnectedState{ what=131155 when=-2ms target=Handler (com.android.internal.util.StateMachine$SmHandler) {422da338} arg1=366 }
D/StateMachine(  598): processMsg: L2ConnectedState
D/WifiStateMachine(  598): L2ConnectedState{ what=131155 when=-3ms target=Handler (com.android.internal.util.StateMachine$SmHandler) {422da338} arg1=366 }
I/wpa_ctrl(  598): [wpa_ctrl_request] ctrl address = 50982678, ctrl_conn address = 0
D/WifiStateMachine(  598): fetchRssiAndLinkSpeedNative RSSI = -38
D/StateMachine(  598): handleMessage: X
D/StateMachine(  598): handleMessage: E msg.what=131155
D/StateMachine(  598): processMsg: ConnectedState
D/WifiStateMachine(  598): ConnectedState{ what=131155 when=-4ms target=Handler (com.android.internal.util.StateMachine$SmHandler) {422da338} arg1=366 }
D/StateMachine(  598): processMsg: L2ConnectedState
D/WifiStateMachine(  598): L2ConnectedState{ what=131155 when=-4ms target=Handler (com.android.internal.util.StateMachine$SmHandler) {422da338} arg1=366 }
I/wpa_ctrl(  598): [wpa_ctrl_request] ctrl address = 50982678, ctrl_conn address = 0
D/WifiStateMachine(  598): fetchRssiAndLinkSpeedNative RSSI = -38
D/StateMachine(  598): handleMessage: X
D/StateMachine(  598): handleMessage: E msg.what=131155
D/StateMachine(  598): processMsg: ConnectedState
D/WifiStateMachine(  598): ConnectedState{ what=131155 when=-4ms target=Handler (com.android.internal.util.StateMachine$SmHandler) {422da338} arg1=366 }
D/StateMachine(  598): processMsg: L2ConnectedState
D/WifiStateMachine(  598): L2ConnectedState{ what=131155 when=-4ms target=Handler (com.android.internal.util.StateMachine$SmHandler) {422da338} arg1=366 }
I/wpa_ctrl(  598): [wpa_ctrl_request] ctrl address = 50982678, ctrl_conn address = 0
D/WifiStateMachine(  598): fetchRssiAndLinkSpeedNative RSSI = -39
D/StateMachine(  598): handleMessage: X
D/PowerManagerService(  598): acquireWakeLock(4216fcf8): PARTIAL_WAKE_LOCK , tag=AlarmManager, flags=0x1, pid=598, uid=1000, mUserState=0x3
V/AlarmManager(  598): sending alarm PendingIntent{42356040: PendingIntentRecord{42360088 com.google.android.gms broadcastIntent}}, intent=null, type=RTC_WAKEUP, count=1, when=1427055829876, repeateInterval=1800000
D/PowerManagerService(  598): acquireWakeLock(426db270): PARTIAL_WAKE_LOCK , tag=Event Log Handoff, flags=0x1, pid=31280, uid=10017, mUserState=0x3
D/PowerManagerService(  598): releaseWakeLock(4216fcf8): PARTIAL_WAKE_LOCK , tag=AlarmManager, flags=0x1
D/PowerManagerService(  598): acquireWakeLock(42867af8): PARTIAL_WAKE_LOCK , tag=Event Log Service, flags=0x1, pid=31280, uid=10017, mUserState=0x3
D/PowerManagerService(  598): releaseWakeLock(426db270): PARTIAL_WAKE_LOCK , tag=Event Log Handoff, flags=0x1
I/EventLogService(31280): Aggregate from 1427052229791 (log), 1427052229791 (data)
D/PowerManagerService(  598): releaseWakeLock(42867af8): PARTIAL_WAKE_LOCK , tag=Event Log Service, flags=0x1
D/StateMachine(  598): handleMessage: E msg.what=131155
D/StateMachine(  598): processMsg: ConnectedState
D/WifiStateMachine(  598): ConnectedState{ what=131155 when=-4ms target=Handler (com.android.internal.util.StateMachine$SmHandler) {422da338} arg1=366 }
D/StateMachine(  598): processMsg: L2ConnectedState
D/WifiStateMachine(  598): L2ConnectedState{ what=131155 when=-5ms target=Handler (com.android.internal.util.StateMachine$SmHandler) {422da338} arg1=366 }
I/wpa_ctrl(  598): [wpa_ctrl_request] ctrl address = 50982678, ctrl_conn address = 0
D/WifiStateMachine(  598): fetchRssiAndLinkSpeedNative RSSI = -39
D/StateMachine(  598): handleMessage: X
D/StateMachine(  598): handleMessage: E msg.what=131155
D/StateMachine(  598): processMsg: ConnectedState
D/WifiStateMachine(  598): ConnectedState{ what=131155 when=-3ms target=Handler (com.android.internal.util.StateMachine$SmHandler) {422da338} arg1=366 }
D/StateMachine(  598): processMsg: L2ConnectedState
D/WifiStateMachine(  598): L2ConnectedState{ what=131155 when=-4ms target=Handler (com.android.internal.util.StateMachine$SmHandler) {422da338} arg1=366 }
I/wpa_ctrl(  598): [wpa_ctrl_request] ctrl address = 50982678, ctrl_conn address = 0
D/WifiStateMachine(  598): fetchRssiAndLinkSpeedNative RSSI = -39
D/StateMachine(  598): handleMessage: X
D/StateMachine(  598): handleMessage: E msg.what=131155
D/StateMachine(  598): processMsg: ConnectedState
D/WifiStateMachine(  598): ConnectedState{ what=131155 when=-4ms target=Handler (com.android.internal.util.StateMachine$SmHandler) {422da338} arg1=366 }
D/StateMachine(  598): processMsg: L2ConnectedState
D/WifiStateMachine(  598): L2ConnectedState{ what=131155 when=-6ms target=Handler (com.android.internal.util.StateMachine$SmHandler) {422da338} arg1=366 }
I/wpa_ctrl(  598): [wpa_ctrl_request] ctrl address = 50982678, ctrl_conn address = 0
D/WifiStateMachine(  598): fetchRssiAndLinkSpeedNative RSSI = -39
D/StateMachine(  598): handleMessage: X
D/StateMachine(  598): handleMessage: E msg.what=131155
D/StateMachine(  598): processMsg: ConnectedState
D/WifiStateMachine(  598): ConnectedState{ what=131155 when=-4ms target=Handler (com.android.internal.util.StateMachine$SmHandler) {422da338} arg1=366 }
D/StateMachine(  598): processMsg: L2ConnectedState
D/WifiStateMachine(  598): L2ConnectedState{ what=131155 when=-5ms target=Handler (com.android.internal.util.StateMachine$SmHandler) {422da338} arg1=366 }
I/wpa_ctrl(  598): [wpa_ctrl_request] ctrl address = 50982678, ctrl_conn address = 0
D/WifiStateMachine(  598): fetchRssiAndLinkSpeedNative RSSI = -39
D/StateMachine(  598): handleMessage: X
D/PowerManagerService(  598): acquireWakeLock(4269f358): PARTIAL_WAKE_LOCK , tag=AlarmManager, flags=0x1, pid=598, uid=1000, mUserState=0x3
V/AlarmManager(  598): sending alarm PendingIntent{41e71340: PendingIntentRecord{41e349f0 android broadcastIntent}}, intent=android.intent.action.TIME_TICK, type=RTC, count=1, when=1427054040000, repeateInterval=0
D/PowerManagerService(  598): releaseWakeLock(4269f358): PARTIAL_WAKE_LOCK , tag=AlarmManager, flags=0x1
W/ManagedEGLContext(11581): doTerminate failed: EGL count is 2 but managed count is 1
D/StateMachine(  598): handleMessage: E msg.what=131155
D/StateMachine(  598): processMsg: ConnectedState
D/WifiStateMachine(  598): ConnectedState{ what=131155 when=-4ms target=Handler (com.android.internal.util.StateMachine$SmHandler) {422da338} arg1=366 }
D/StateMachine(  598): processMsg: L2ConnectedState
D/WifiStateMachine(  598): L2ConnectedState{ what=131155 when=-6ms target=Handler (com.android.internal.util.StateMachine$SmHandler) {422da338} arg1=366 }
I/wpa_ctrl(  598): [wpa_ctrl_request] ctrl address = 50982678, ctrl_conn address = 0
D/WifiStateMachine(  598): fetchRssiAndLinkSpeedNative RSSI = -39
D/StateMachine(  598): handleMessage: X
D/StateMachine(  598): handleMessage: E msg.what=131155
D/StateMachine(  598): processMsg: ConnectedState
D/WifiStateMachine(  598): ConnectedState{ what=131155 when=-5ms target=Handler (com.android.internal.util.StateMachine$SmHandler) {422da338} arg1=366 }
D/StateMachine(  598): processMsg: L2ConnectedState
D/WifiStateMachine(  598): L2ConnectedState{ what=131155 when=-6ms target=Handler (com.android.internal.util.StateMachine$SmHandler) {422da338} arg1=366 }
I/wpa_ctrl(  598): [wpa_ctrl_request] ctrl address = 50982678, ctrl_conn address = 0
D/WifiStateMachine(  598): fetchRssiAndLinkSpeedNative RSSI = -39
D/StateMachine(  598): handleMessage: X
D/StateMachine(  598): handleMessage: E msg.what=131155
D/StateMachine(  598): processMsg: ConnectedState
D/WifiStateMachine(  598): ConnectedState{ what=131155 when=-4ms target=Handler (com.android.internal.util.StateMachine$SmHandler) {422da338} arg1=366 }
D/StateMachine(  598): processMsg: L2ConnectedState
D/WifiStateMachine(  598): L2ConnectedState{ what=131155 when=-4ms target=Handler (com.android.internal.util.StateMachine$SmHandler) {422da338} arg1=366 }
I/wpa_ctrl(  598): [wpa_ctrl_request] ctrl address = 50982678, ctrl_conn address = 0
D/WifiStateMachine(  598): fetchRssiAndLinkSpeedNative RSSI = -39
D/StateMachine(  598): handleMessage: X
D/PowerManagerService(  598): mTPEAlgorithmTimeoutTask: TPE algorithm. restore.
D/PowerManagerService(  598): ALG=2, lsvalue=90(2th)->90(2th), last_level=0, lValue=64->64, bValue=255, kValue=0, mPowerState=0x3, mSkippedScreenOn=false, mInitialAnimation=false, immediate=false
D/StateMachine(  598): handleMessage: E msg.what=131155
D/StateMachine(  598): processMsg: ConnectedState
D/WifiStateMachine(  598): ConnectedState{ what=131155 when=-3ms target=Handler (com.android.internal.util.StateMachine$SmHandler) {422da338} arg1=366 }
D/StateMachine(  598): processMsg: L2ConnectedState
D/WifiStateMachine(  598): L2ConnectedState{ what=131155 when=-3ms target=Handler (com.android.internal.util.StateMachine$SmHandler) {422da338} arg1=366 }
I/wpa_ctrl(  598): [wpa_ctrl_request] ctrl address = 50982678, ctrl_conn address = 0
D/WifiStateMachine(  598): fetchRssiAndLinkSpeedNative RSSI = -39
D/StateMachine(  598): handleMessage: X
I/wpa_supplicant(  798): wlan0: State: COMPLETED -> GROUP_HANDSHAKE
I/wpa_supplicant(  798): wpa_supplicant_set_state -
I/wpa_supplicant(  798): wlan0: WPA: Group rekeying completed with 70:54:d2:ae:26:93 [GTK=TKIP]
I/wpa_supplicant(  798): wlan0: State: GROUP_HANDSHAKE -> COMPLETED
I/wpa_supplicant(  798): wpa_supplicant_set_state -
D/StateMachine(  598): handleMessage: E msg.what=147462
D/StateMachine(  598): processMsg: ConnectedState
D/WifiStateMachine(  598): ConnectedState{ what=147462 when=-1ms target=Handler (com.android.internal.util.StateMachine$SmHandler) {422da338} obj=android.net.wifi.StateChangeResult@426fea08 }
D/StateMachine(  598): processMsg: L2ConnectedState
D/WifiStateMachine(  598): L2ConnectedState{ what=147462 when=-2ms target=Handler (com.android.internal.util.StateMachine$SmHandler) {422da338} obj=android.net.wifi.StateChangeResult@426fea08 }
D/StateMachine(  598): processMsg: ConnectModeState
D/WifiStateMachine(  598): ConnectModeState{ what=147462 when=-2ms target=Handler (com.android.internal.util.StateMachine$SmHandler) {422da338} obj=android.net.wifi.StateChangeResult@426fea08 }
D/StateMachine(  598): handleMessage: X
D/StateMachine(  598): handleMessage: E msg.what=147462
D/StateMachine(  598): processMsg: ConnectedState
D/WifiStateMachine(  598): ConnectedState{ what=147462 when=-2ms target=Handler (com.android.internal.util.StateMachine$SmHandler) {422da338} obj=android.net.wifi.StateChangeResult@429cc318 }
D/StateMachine(  598): processMsg: L2ConnectedState
D/WifiStateMachine(  598): L2ConnectedState{ what=147462 when=-2ms target=Handler (com.android.internal.util.StateMachine$SmHandler) {422da338} obj=android.net.wifi.StateChangeResult@429cc318 }
D/StateMachine(  598): processMsg: ConnectModeState
D/WifiStateMachine(  598): ConnectModeState{ what=147462 when=-2ms target=Handler (com.android.internal.util.StateMachine$SmHandler) {422da338} obj=android.net.wifi.StateChangeResult@429cc318 }
D/StateMachine(  598): handleMessage: X
D/StateMachine(  598): handleMessage: E msg.what=131155
D/StateMachine(  598): processMsg: ConnectedState
D/WifiStateMachine(  598): ConnectedState{ what=131155 when=-1ms target=Handler (com.android.internal.util.StateMachine$SmHandler) {422da338} arg1=366 }
D/StateMachine(  598): processMsg: L2ConnectedState
D/WifiStateMachine(  598): L2ConnectedState{ what=131155 when=-2ms target=Handler (com.android.internal.util.StateMachine$SmHandler) {422da338} arg1=366 }
I/wpa_ctrl(  598): [wpa_ctrl_request] ctrl address = 50982678, ctrl_conn address = 0
D/WifiStateMachine(  598): fetchRssiAndLinkSpeedNative RSSI = -39
D/StateMachine(  598): handleMessage: X
D/StateMachine(  598): handleMessage: E msg.what=131155
D/StateMachine(  598): processMsg: ConnectedState
D/WifiStateMachine(  598): ConnectedState{ what=131155 when=-5ms target=Handler (com.android.internal.util.StateMachine$SmHandler) {422da338} arg1=366 }
D/StateMachine(  598): processMsg: L2ConnectedState
