V/AlarmManager(  584): sending alarm PendingIntent{42c01090: PendingIntentRecord{42bd3038 com.facebook.orca broadcastIntent}}, intent=com.facebook.push.mqtt.keepalive.b.ACTION_INEXACT_ALARM.com.facebook.orca, type=ELAPSED_REALTIME_WAKEUP, count=1, when=6300000, repeateInterval=900000
V/AlarmManager(  584): sending alarm PendingIntent{433f3338: PendingIntentRecord{42e90248 com.facebook.katana broadcastIntent}}, intent=com.facebook.push.mqtt.keepalive.KeepaliveManager.ACTION_INEXACT_ALARM.com.facebook.katana, type=ELAPSED_REALTIME_WAKEUP, count=1, when=6300000, repeateInterval=900000
D/PowerManagerService(  584): releaseWakeLock(42ff7948): PARTIAL_WAKE_LOCK , tag=AlarmManager, flags=0x1
D/PowerManagerService(  584): acquireWakeLock(42dbc380): PARTIAL_WAKE_LOCK , tag=AlarmManager, flags=0x1, pid=584, uid=1000, mUserState=0x0
V/AlarmManager(  584): sending alarm PendingIntent{429db508: PendingIntentRecord{42d0af18 android broadcastIntent}}, intent=android.intent.action.TIME_TICK, type=RTC, count=1, when=1427234820000, repeateInterval=0
D/PowerManagerService(  584): releaseWakeLock(42dbc380): PARTIAL_WAKE_LOCK , tag=AlarmManager, flags=0x1
D/BatteryService(  584): updateBatteryStats: auto update.
D/PowerManagerService(  584): acquireWakeLock(42ffa0c0): PARTIAL_WAKE_LOCK , tag=BatteryServiceUpdateStats, flags=0x1, pid=584, uid=1000, mUserState=0x0
D/PowerManagerService(  584): releaseWakeLock(42ffa0c0): PARTIAL_WAKE_LOCK , tag=BatteryServiceUpdateStats, flags=0x1
D/BatteryService(  584): updateBatteryStats: update triggered by UEvent.
D/PowerManagerService(  584): acquireWakeLock(42dfee98): PARTIAL_WAKE_LOCK , tag=BatteryServiceUpdateStats, flags=0x1, pid=584, uid=1000, mUserState=0x0
D/WifiService(  584): ACTION_BATTERY_CHANGED pluggedType: 2
D/NotificationService(  584): mIntentReceiver() Intent.ACTION_BATTERY_CHANGED
D/PowerManagerService(  584): runHtcPowerSaverCheck ======================================
D/PowerUI (  840): closing low battery warning: level=48
D/PowerUI (  840): plugged = true, health = 2, mBatteryLevel = 48, mPluggedBatteryLevel = 34, mLowBatteryWarningLevel2 = 25, mshowLowChargingWarning2 = true
D/PowerManagerService(  584): releaseWakeLock(42dfee98): PARTIAL_WAKE_LOCK , tag=BatteryServiceUpdateStats, flags=0x1
D/PowerManagerService(  584): acquireWakeLock(43019cd0): PARTIAL_WAKE_LOCK , tag=AlarmManager, flags=0x1, pid=584, uid=1000, mUserState=0x0
V/AlarmManager(  584): sending alarm PendingIntent{42c8b9d0: PendingIntentRecord{42c33380 com.google.android.gms broadcastIntent}}, intent=com.google.android.intent.action.MCS_HEARTBEAT, type=ELAPSED_REALTIME_WAKEUP, count=1, when=5411532, repeateInterval=0
D/PowerManagerService(  584): acquireWakeLock(42faa188): PARTIAL_WAKE_LOCK , tag=GCM_HB_ALARM, flags=0x1, pid=1061, uid=10017, mUserState=0x0
D/PowerManagerService(  584): releaseWakeLock(42faa188): PARTIAL_WAKE_LOCK , tag=GCM_HB_ALARM, flags=0x1
D/PowerManagerService(  584): releaseWakeLock(43019cd0): PARTIAL_WAKE_LOCK , tag=AlarmManager, flags=0x1
D/PowerManagerService(  584): acquireWakeLock(42c01898): PARTIAL_WAKE_LOCK , tag=*net_scheduler*, flags=0x1, pid=1061, uid=10017, mUserState=0x0
D/PowerManagerService(  584): releaseWakeLock(42c01898): PARTIAL_WAKE_LOCK , tag=*net_scheduler*, flags=0x1
D/PowerManagerService(  584): acquireWakeLock(429b9f28): PARTIAL_WAKE_LOCK , tag=GCM_CONN, flags=0x1, pid=1061, uid=10017, mUserState=0x0
D/ConnectivityService(  584): reportInetCondition for net 1, percentage: 100 by 1061/10017
D/ConnectivityService(  584): handleInetConditionChange: net=1, condition=100,mActiveDefaultNetwork=1
D/ConnectivityService(  584): handleInetConditionChange: starting a change hold
D/PowerManagerService(  584): acquireWakeLock(43220d08): PARTIAL_WAKE_LOCK , tag=*net_scheduler*, flags=0x1, pid=1061, uid=10017, mUserState=0x0
D/PowerManagerService(  584): releaseWakeLock(43220d08): PARTIAL_WAKE_LOCK , tag=*net_scheduler*, flags=0x1
D/PowerManagerService(  584): releaseWakeLock(429b9f28): PARTIAL_WAKE_LOCK , tag=GCM_CONN, flags=0x1
D/ConnectivityService(  584): handleInetConditionHoldEnd: net=1, condition=100, published condition=100
D/ConnectivityService(  584): sendStickyBroadcast: action=android.net.conn.INET_CONDITION_ACTION
D/WIFI_ICON(  840): updateConnectivity: type=1 connected=true
D/StatusBar.NetworkController(  840): dumpState[hasService=true ServiceState=0 home 3 3 27202  HSPA CSS not supported -1 -1 RoamInd=-1 DefRoamInd=-1EriInd= -1EriMode= -1RadioPowerSv: false EmergOnly=false PhoneType: 1 IsCdma=false SimState=UNKNOWN GprsState=0 DataState=Disconnected DataActivity=NONE NetworkType=HSPA HtcModemLinkOn=false HspaDataDistinquishable=true]
D/StatusBar.NetworkController(  840): dumpIconState[dataVisible=false dataIconId=stat_sys_data_connected_hplus signalIconId=stat_sys_5signal_2 wifiVisible=true wifiIconId=stat_sys_wifi_signal_4 airplaneMode=false]
D/PowerManagerService(  584): acquireWakeLock(42dff618): PARTIAL_WAKE_LOCK , tag=AlarmManager, flags=0x1, pid=584, uid=1000, mUserState=0x0
V/AlarmManager(  584): sending alarm PendingIntent{42bc1bd0: PendingIntentRecord{4341c950 com.facebook.katana broadcastIntent}}, intent=com.facebook.common.executors.WakingExecutorService.ACTION_ALARM.com.facebook.katana, type=ELAPSED_REALTIME_WAKEUP, count=1, when=5459198, repeateInterval=0
D/PowerManagerService(  584): releaseWakeLock(42dff618): PARTIAL_WAKE_LOCK , tag=AlarmManager, flags=0x1
D/PowerManagerService(  584): acquireWakeLock(42d48be0): PARTIAL_WAKE_LOCK , tag=AlarmManager, flags=0x1, pid=584, uid=1000, mUserState=0x0
V/AlarmManager(  584): sending alarm PendingIntent{429db508: PendingIntentRecord{42d0af18 android broadcastIntent}}, intent=android.intent.action.TIME_TICK, type=RTC, count=1, when=1427234880000, repeateInterval=0
D/PowerManagerService(  584): releaseWakeLock(42d48be0): PARTIAL_WAKE_LOCK , tag=AlarmManager, flags=0x1
D/BatteryService(  584): updateBatteryStats: auto update.
D/PowerManagerService(  584): acquireWakeLock(431eb2d0): PARTIAL_WAKE_LOCK , tag=BatteryServiceUpdateStats, flags=0x1, pid=584, uid=1000, mUserState=0x0
D/PowerManagerService(  584): releaseWakeLock(431eb2d0): PARTIAL_WAKE_LOCK , tag=BatteryServiceUpdateStats, flags=0x1
D/BatteryService(  584): updateBatteryStats: update triggered by UEvent.
D/PowerManagerService(  584): acquireWakeLock(43040090): PARTIAL_WAKE_LOCK , tag=BatteryServiceUpdateStats, flags=0x1, pid=584, uid=1000, mUserState=0x0
D/WifiService(  584): ACTION_BATTERY_CHANGED pluggedType: 2
D/NotificationService(  584): mIntentReceiver() Intent.ACTION_BATTERY_CHANGED
D/PowerUI (  840): closing low battery warning: level=48
D/PowerUI (  840): plugged = true, health = 2, mBatteryLevel = 48, mPluggedBatteryLevel = 34, mLowBatteryWarningLevel2 = 25, mshowLowChargingWarning2 = true
D/PowerManagerService(  584): runHtcPowerSaverCheck ======================================
D/PowerManagerService(  584): releaseWakeLock(43040090): PARTIAL_WAKE_LOCK , tag=BatteryServiceUpdateStats, flags=0x1
D/PowerManagerService(  584): acquireWakeLock(43119738): PARTIAL_WAKE_LOCK , tag=AlarmManager, flags=0x1, pid=584, uid=1000, mUserState=0x0
V/AlarmManager(  584): sending alarm PendingIntent{430a5890: PendingIntentRecord{433380a0 com.whatsapp broadcastIntent}}, intent=com.whatsapp.messaging.MessageService.CLIENT_PINGER_ACTION, type=ELAPSED_REALTIME_WAKEUP, count=1, when=5728558, repeateInterval=240000
D/PowerManagerService(  584): releaseWakeLock(43119738): PARTIAL_WAKE_LOCK , tag=AlarmManager, flags=0x1
D/PowerManagerService(  584): acquireWakeLock(42e56c58): PARTIAL_WAKE_LOCK , tag=AlarmManager, flags=0x1, pid=584, uid=1000, mUserState=0x0
V/AlarmManager(  584): sending alarm PendingIntent{42e5dc48: PendingIntentRecord{4312c9e0 com.whatsapp broadcastIntent}}, intent=com.whatsapp.alarm.CLIENT_PING_TIMEOUT, type=ELAPSED_REALTIME_WAKEUP, count=1, when=5520572, repeateInterval=0
D/PowerManagerService(  584): releaseWakeLock(42e56c58): PARTIAL_WAKE_LOCK , tag=AlarmManager, flags=0x1
D/PowerManagerService(  584): acquireWakeLock(431ae418): PARTIAL_WAKE_LOCK , tag=AlarmManager, flags=0x1, pid=584, uid=1000, mUserState=0x0
V/AlarmManager(  584): sending alarm PendingIntent{429db508: PendingIntentRecord{42d0af18 android broadcastIntent}}, intent=android.intent.action.TIME_TICK, type=RTC, count=1, when=1427234940000, repeateInterval=0
D/PowerManagerService(  584): releaseWakeLock(431ae418): PARTIAL_WAKE_LOCK , tag=AlarmManager, flags=0x1
D/BatteryService(  584): updateBatteryStats: auto update.
D/PowerManagerService(  584): acquireWakeLock(42e8f540): PARTIAL_WAKE_LOCK , tag=BatteryServiceUpdateStats, flags=0x1, pid=584, uid=1000, mUserState=0x0
D/PowerManagerService(  584): releaseWakeLock(42e8f540): PARTIAL_WAKE_LOCK , tag=BatteryServiceUpdateStats, flags=0x1
D/BatteryService(  584): updateBatteryStats: update triggered by UEvent.
D/PowerManagerService(  584): acquireWakeLock(431cd698): PARTIAL_WAKE_LOCK , tag=BatteryServiceUpdateStats, flags=0x1, pid=584, uid=1000, mUserState=0x0
D/WifiService(  584): ACTION_BATTERY_CHANGED pluggedType: 2
D/NotificationService(  584): mIntentReceiver() Intent.ACTION_BATTERY_CHANGED
D/PowerUI (  840): closing low battery warning: level=49
D/PowerUI (  840): plugged = true, health = 2, mBatteryLevel = 49, mPluggedBatteryLevel = 34, mLowBatteryWarningLevel2 = 25, mshowLowChargingWarning2 = true
D/PowerManagerService(  584): runHtcPowerSaverCheck ======================================
D/PowerManagerService(  584): releaseWakeLock(431cd698): PARTIAL_WAKE_LOCK , tag=BatteryServiceUpdateStats, flags=0x1
D/PowerManagerService(  584): acquireWakeLock(430a94c8): PARTIAL_WAKE_LOCK , tag=AlarmManager, flags=0x1, pid=584, uid=1000, mUserState=0x0
W/ThrottleService(  584): unable to find stats for iface rmnet0
V/AlarmManager(  584): sending alarm PendingIntent{42d6d9e0: PendingIntentRecord{42d6d8a8 android broadcastIntent}}, intent=com.android.server.ThrottleManager.action.POLL, type=ELAPSED_REALTIME, count=1, when=5555773, repeateInterval=0
D/PowerManagerService(  584): releaseWakeLock(430a94c8): PARTIAL_WAKE_LOCK , tag=AlarmManager, flags=0x1
D/PowerManagerService(  584): acquireWakeLock(433bf8f0): PARTIAL_WAKE_LOCK , tag=AlarmManager, flags=0x1, pid=584, uid=1000, mUserState=0x0
V/AlarmManager(  584): sending alarm PendingIntent{42ded360: PendingIntentRecord{43183b88 com.viber.voip broadcastIntent}}, intent=com.viber.voip.action.KEEP_ALIVE_RECEIVE, type=RTC_WAKEUP, count=1, when=1427234972417, repeateInterval=0
D/PowerManagerService(  584): releaseWakeLock(433bf8f0): PARTIAL_WAKE_LOCK , tag=AlarmManager, flags=0x1
D/PowerManagerService(  584): acquireWakeLock(433e60b0): PARTIAL_WAKE_LOCK , tag=AlarmManager, flags=0x1, pid=584, uid=1000, mUserState=0x0
V/AlarmManager(  584): sending alarm PendingIntent{42fe76e0: PendingIntentRecord{42bff060 nz.barees.android.cachesensedemo broadcastIntent}}, intent=null, type=RTC_WAKEUP, count=1, when=1427235600000, repeateInterval=600000
I/ActivityManager(  584): Start proc nz.barees.android.cachesensedemo for broadcast nz.barees.android.cachesensedemo/.BackupReceiver: pid=12375 uid=10175 gids={3003, 1015, 1006, 1028}
V/AlarmManager(  584): sending alarm PendingIntent{429db508: PendingIntentRecord{42d0af18 android broadcastIntent}}, intent=android.intent.action.TIME_TICK, type=RTC, count=1, when=1427235000000, repeateInterval=0
D/PowerManagerService(  584): releaseWakeLock(433e60b0): PARTIAL_WAKE_LOCK , tag=AlarmManager, flags=0x1
D/BatteryService(  584): updateBatteryStats: auto update.
D/PowerManagerService(  584): acquireWakeLock(43259970): PARTIAL_WAKE_LOCK , tag=BatteryServiceUpdateStats, flags=0x1, pid=584, uid=1000, mUserState=0x0
D/PowerManagerService(  584): releaseWakeLock(43259970): PARTIAL_WAKE_LOCK , tag=BatteryServiceUpdateStats, flags=0x1
D/BatteryService(  584): updateBatteryStats: update triggered by UEvent.
D/PowerManagerService(  584): acquireWakeLock(431974f8): PARTIAL_WAKE_LOCK , tag=BatteryServiceUpdateStats, flags=0x1, pid=584, uid=1000, mUserState=0x0
D/PowerManagerService(  584): runHtcPowerSaverCheck ======================================
D/WifiService(  584): ACTION_BATTERY_CHANGED pluggedType: 2
D/NotificationService(  584): mIntentReceiver() Intent.ACTION_BATTERY_CHANGED
D/PowerUI (  840): closing low battery warning: level=49
D/PowerUI (  840): plugged = true, health = 2, mBatteryLevel = 49, mPluggedBatteryLevel = 34, mLowBatteryWarningLevel2 = 25, mshowLowChargingWarning2 = true
D/PowerManagerService(  584): releaseWakeLock(431974f8): PARTIAL_WAKE_LOCK , tag=BatteryServiceUpdateStats, flags=0x1
D/PowerManagerService(  584): acquireWakeLock(42fedfa8): PARTIAL_WAKE_LOCK , tag=RILJ, flags=0x1, pid=984, uid=1001, mUserState=0x0
D/PowerManagerService(  584): releaseWakeLock(42fedfa8): PARTIAL_WAKE_LOCK , tag=RILJ, flags=0x1
D/TELEPHONY_CALLBACK(  840): @onServiceStateChanged: 0 home 3 3 27202  EDGE CSS not supported -1 -1 RoamInd=-1 DefRoamInd=-1EriInd= -1EriMode= -1RadioPowerSv: false EmergOnly=false PhoneType: 1
D/StatusBar.NetworkController(  840): dumpState[hasService=true ServiceState=0 home 3 3 27202  EDGE CSS not supported -1 -1 RoamInd=-1 DefRoamInd=-1EriInd= -1EriMode= -1RadioPowerSv: false EmergOnly=false PhoneType: 1 IsCdma=false SimState=UNKNOWN GprsState=0 DataState=Disconnected DataActivity=NONE NetworkType=HSPA HtcModemLinkOn=false HspaDataDistinquishable=true]
D/SIGNAL_ICON(  840): updateTelephonySignalStrength
D/SIGNAL_ICON(  840): fakeui srv=0 mTimerEnabled=false asu=5
D/SIGNAL_ICON(  840): asu=5
D/SIGNAL_ICON(  840): SUPPORT_5_LEVEL_SIGNAL
D/SIGNAL_ICON(  840): mapTelephonySignalStrength
D/SIGNAL_ICON(  840): maxLevel=5 asu=5 networkType=HSPA
D/SIGNAL_ICON(  840): return iconLevel=2
D/DATA_ICON(  840): updateDataNetType: networkType=HSPA
D/DATA_ICON(  840): updateDataIcon
D/MobileDataStateTracker(  584): default: Broadcast received: ignore android.intent.action.SERVICE_STATE
D/DATA_ICON(  840): NOP
D/StatusBar.NetworkController(  840): dumpIconState[dataVisible=false dataIconId=stat_sys_data_connected_hplus signalIconId=stat_sys_5signal_2 wifiVisible=true wifiIconId=stat_sys_wifi_signal_4 airplaneMode=false]
D/MobileDataStateTracker(  584): mms: Broadcast received: ignore android.intent.action.SERVICE_STATE
D/MobileDataStateTracker(  584): supl: Broadcast received: ignore android.intent.action.SERVICE_STATE
D/MobileDataStateTracker(  584): dun: Broadcast received: ignore android.intent.action.SERVICE_STATE
D/MobileDataStateTracker(  584): hipri: Broadcast received: ignore android.intent.action.SERVICE_STATE
D/MobileDataStateTracker(  584): fota: Broadcast received: ignore android.intent.action.SERVICE_STATE
I/TelephonyRegistry(  584): notifyDataConnection: state=0 isDataConnectivityPossible=true reason='nwTypeChanged' apn='null' apnType=default networkType=2 roaming=false errorCause=0preConn = []
D/TELEPHONY_CALLBACK(  840): @onDataConnectionStateChanged: dataState=0 networkType=EDGE
D/StatusBar.NetworkController(  840): dumpState[hasService=true ServiceState=0 home 3 3 27202  EDGE CSS not supported -1 -1 RoamInd=-1 DefRoamInd=-1EriInd= -1EriMode= -1RadioPowerSv: false EmergOnly=false PhoneType: 1 IsCdma=false SimState=UNKNOWN GprsState=0 DataState=Disconnected DataActivity=NONE NetworkType=EDGE HtcModemLinkOn=false HspaDataDistinquishable=true]
D/DATA_ICON(  840): updateDataNetType: networkType=EDGE
D/DATA_ICON(  840): updateDataIcon
D/MobileDataStateTracker(  584): ims: Broadcast received: ignore android.intent.action.SERVICE_STATE
D/DATA_ICON(  840): NOP
D/StatusBar.NetworkController(  840): dumpIconState[dataVisible=false dataIconId=stat_sys_data_connected_hplus signalIconId=stat_sys_5signal_2 wifiVisible=true wifiIconId=stat_sys_wifi_signal_4 airplaneMode=false]
D/MobileDataStateTracker(  584): null: Broadcast received: ignore android.intent.action.SERVICE_STATE
D/MobileDataStateTracker(  584): httpproxy: Broadcast received: ignore android.intent.action.SERVICE_STATE
D/MobileDataStateTracker(  584): admin: Broadcast received: ignore android.intent.action.SERVICE_STATE
D/MobileDataStateTracker(  584): internet: Broadcast received: ignore android.intent.action.SERVICE_STATE
D/MobileDataStateTracker(  584): null: Broadcast received: ignore android.intent.action.SERVICE_STATE
D/MobileDataStateTracker(  584): cmmail: Broadcast received: ignore android.intent.action.SERVICE_STATE
D/PowerManagerService(  584): acquireWakeLock(42fde6d8): PARTIAL_WAKE_LOCK , tag=RILJ, flags=0x1, pid=984, uid=1001, mUserState=0x0
D/PowerManagerService(  584): releaseWakeLock(42fde6d8): PARTIAL_WAKE_LOCK , tag=RILJ, flags=0x1
D/MobileDataStateTracker(  584): null: Broadcast received: ignore android.intent.action.SERVICE_STATE
D/PowerManagerService(  584): acquireWakeLock(4343bed0): PARTIAL_WAKE_LOCK , tag=RILJ, flags=0x1, pid=984, uid=1001, mUserState=0x0
D/MobileDataStateTracker(  584): cmail: Broadcast received: ignore android.intent.action.SERVICE_STATE
D/PowerManagerService(  584): releaseWakeLock(4343bed0): PARTIAL_WAKE_LOCK , tag=RILJ, flags=0x1
D/MobileDataStateTracker(  584): entitle: Broadcast received: ignore android.intent.action.SERVICE_STATE
D/MobileDataStateTracker(  584): null: Broadcast received: ignore android.intent.action.SERVICE_STATE
D/MobileDataStateTracker(  584): bip: Broadcast received: ignore android.intent.action.SERVICE_STATE
D/MobileDataStateTracker(  584): default: Broadcast received: ACTION_ANY_DATA_CONNECTION_STATE_CHANGED mApnType=default == received apnType=default
D/MobileDataStateTracker(  584): default: Received state=DISCONNECTED, old=DISCONNECTED, reason=nwTypeChanged
D/MobileDataStateTracker(  584): default: mMobileDataState=DISCONNECTED mTeardownRequested=true got [AnyDataCSC] : type=default state=DISCONNECTED reason=nwTypeChanged apn=null roaming=false unavailable=false NetworkType=2 NetworkTypeName=EDGE entitleError=0
D/PowerManagerService(  584): acquireWakeLock(434556d0): PARTIAL_WAKE_LOCK , tag=SWITCH_NETWORK_MODE_WAKE_LOCK, flags=0x1, pid=917, uid=10014, mUserState=0x0
D/PowerManagerService(  584): releaseWakeLock(434556d0): PARTIAL_WAKE_LOCK , tag=SWITCH_NETWORK_MODE_WAKE_LOCK, flags=0x1
V/LocationManagerService(  584): In requestLocationUpdates. provider passiveminTime: 5000single shot: false Receiver: Receiver{4333aef0 Intent PendingIntent{4301e9a0: PendingIntentRecord{42c76c50 com.htc.htclocationservice startService}}}mUpdateRecords: {passive=UpdateRecord{42ce8928 mProvider: passive mUid: 10014}}
V/LocationManagerService(  584): In requestLocationUpdatesLocked. provider: passive requiredPermissions: android.permission.ACCESS_FINE_LOCATION
I/LocationManagerService(  584): request passive (pid 917) 5000 0
V/LocationManagerService(  584): [LGPS] _requestLocationUpdates: enableLocationTracking(true)
D/LocationManagerService(  584): _requestLocationUpdates: provider = passive listener = Receiver{4333aef0 Intent PendingIntent{4301e9a0: PendingIntentRecord{42c76c50 com.htc.htclocationservice startService}}}mUpdateRecords: {passive=UpdateRecord{43092ed8 mProvider: passive mUid: 10014}}
D/PowerManagerService(  584): acquireWakeLock(430aea50): PARTIAL_WAKE_LOCK , tag=RILJ, flags=0x1, pid=984, uid=1001, mUserState=0x0
D/PowerManagerService(  584): releaseWakeLock(430aea50): PARTIAL_WAKE_LOCK , tag=RILJ, flags=0x1
D/PowerManagerService(  584): acquireWakeLock(42df5838): PARTIAL_WAKE_LOCK , tag=RILJ, flags=0x1, pid=984, uid=1001, mUserState=0x0
D/PowerManagerService(  584): releaseWakeLock(42df5838): PARTIAL_WAKE_LOCK , tag=RILJ, flags=0x1
V/AlarmManager(  584): hookRadio - sign: false offset:0
D/PowerManagerService(  584): acquireWakeLock(42ce4958): PARTIAL_WAKE_LOCK , tag=RILJ, flags=0x1, pid=984, uid=1001, mUserState=0x0
D/PowerManagerService(  584): releaseWakeLock(42ce4958): PARTIAL_WAKE_LOCK , tag=RILJ, flags=0x1
D/LocationManagerService(  584): _removeUpdates: listener = Receiver{42bc0328 Listener android.location.LocationManager$ListenerTransport@430ead08}mUpdateRecords: {network=UpdateRecord{42c3b330 mProvider: network mUid: 1000}}
V/LocationManagerService(  584): [LGPS] removeUpdatesLocked: enableLocationTracking(false)
I/LocationManagerService(  584): remove network (pid 584), disabled
D/PowerManagerService(  584): acquireWakeLock(4312e4b0): PARTIAL_WAKE_LOCK , tag=NetworkLocationLocator, flags=0x1, pid=1061, uid=10017, mUserState=0x0
D/WifiService(  584): acquireWifiLockLocked: WifiLock{NetworkLocationLocator type=2 binder=android.os.BinderProxy@43089448}
D/WifiService(  584): updateWifiState(): wifiApEnabled: false, wifiApAirplaneMode: falsegetWifiEnabledState(): 3, getWifiApEnabledState: 11
D/WifiService(  584): updateWifiState(): mAirplaneModeOn.get(): false, mPersistWifiState.get(): 1
D/WifiService(  584): updateWifiState(): mEmergencyCallbackMode: false, mDeviceIdle: false, lockHeld: true, mStopWifiRequested:false
D/WifiService(  584): updateWifiState(): enable and start wifi
V/LocationManagerService(  584): In removeUpdatesLocked. Stop naviagation
V/LocationManagerService(  584): In requestLocationUpdates. provider networkminTime: 86400000single shot: false Listener: android.location.LocationManager$ListenerTransport@4310db00
V/LocationManagerService(  584): In requestLocationUpdatesLocked. provider: network requiredPermissions: android.permission.ACCESS_COARSE_LOCATION
I/LocationManagerService(  584): request network (pid 584) 86400000 86400000
V/LocationManagerService(  584): [LGPS] _requestLocationUpdates: enableLocationTracking(true)
D/LocationManagerService(  584): _requestLocationUpdates: provider = network listener = Receiver{4334d640 Listener android.location.LocationManager$ListenerTransport@4310db00}mUpdateRecords: {network=UpdateRecord{42e04558 mProvider: network mUid: 1000}}
I/ActivityManager(  584): Start proc com.htc.calendar for broadcast com.htc.calendar/.CalendarSettingReceiver: pid=12404 uid=10014 gids={2001, 3003, 1015, 1028, 1006, 5005, 3002, 3001, 5003}
D/PowerManagerService(  584): acquireWakeLock(431ce5d8): PARTIAL_WAKE_LOCK , tag=ServiceStateTracker, flags=0x1, pid=984, uid=1001, mUserState=0x0
D/PowerManagerService(  584): releaseWakeLock(431ce5d8): PARTIAL_WAKE_LOCK , tag=ServiceStateTracker, flags=0x1
D/PowerManagerService(  584): acquireWakeLock(42e23050): PARTIAL_WAKE_LOCK , tag=RILJ, flags=0x1, pid=984, uid=1001, mUserState=0x0
D/PowerManagerService(  584): releaseWakeLock(42e23050): PARTIAL_WAKE_LOCK , tag=RILJ, flags=0x1
D/PowerManagerService(  584): acquireWakeLock(432c6c08): PARTIAL_WAKE_LOCK , tag=RILJ, flags=0x1, pid=984, uid=1001, mUserState=0x0
D/PowerManagerService(  584): releaseWakeLock(432c6c08): PARTIAL_WAKE_LOCK , tag=RILJ, flags=0x1
D/PowerManagerService(  584): acquireWakeLock(430320c8): PARTIAL_WAKE_LOCK , tag=RILJ, flags=0x1, pid=984, uid=1001, mUserState=0x0
D/PowerManagerService(  584): releaseWakeLock(430320c8): PARTIAL_WAKE_LOCK , tag=RILJ, flags=0x1
I/ActivityManager(  584): No longer want com.qualcomm.wiper (pid 10894): hidden #16, adj=15
I/ActivityManager(  584): Start proc com.htc.task for broadcast com.htc.task/.TodoReceiverTimeZone: pid=12423 uid=10126 gids={3003, 1015, 1028}
I/ActivityManager(  584): Recipient 10894
W/ActivityManager(  584): Scheduling restart of crashed service com.qualcomm.wiper/.Wiper in 5000ms
D/PowerManagerService(  584): acquireWakeLock(4336c1e8): PARTIAL_WAKE_LOCK , tag=GpsLocationProvider, flags=0x1, pid=584, uid=1000, mUserState=0x0
V/LocationManagerService(  584): In handleLocationChangedLocked.For provider: network
D/PowerManagerService(  584): releaseWakeLock(4336c1e8): PARTIAL_WAKE_LOCK , tag=GpsLocationProvider, flags=0x1
D/PowerManagerService(  584): acquireWakeLock(43429a70): PARTIAL_WAKE_LOCK , tag=LocationManagerService, flags=0x1, pid=584, uid=1000, mUserState=0x0
D/QMI_FW  (  584): QCCI: QMI_CCI_TX: cntl_flag - 00, txn_id - 002f, msg_id - 0039, msg_len - 0021
D/QMI_FW  (  584): QCCI: Sent[254]: 40 bytes to port 2816
V/LocationManagerService(  584): In handleLocationChangedLocked.For provider: passive
D/QMI_FW  (  584): QCCI: reader_thread: Received 14 bytes from 254
D/QMI_FW  (  584): QCCI: QMI_CCI_RX: cntl_flag - 02, txn_id - 002f, msg_id - 0039, msg_len - 0007
D/QMI_FW  (  584): QCCI: reader_thread: Received 14 bytes from 254
D/QMI_FW  (  584): QCCI: QMI_CCI_RX: cntl_flag - 04, txn_id - 0000, msg_id - 0039, msg_len - 0007
D/PowerManagerService(  584): releaseWakeLock(43429a70): PARTIAL_WAKE_LOCK , tag=LocationManagerService, flags=0x1
D/PowerManagerService(  584): acquireWakeLock(42cc0250): PARTIAL_WAKE_LOCK , tag=LocationManagerService, flags=0x1, pid=584, uid=1000, mUserState=0x0
D/WifiService(  584): releaseWifiLockLocked: WifiLock{NetworkLocationLocator type=2 binder=android.os.BinderProxy@43089448}
D/WifiService(  584): updateWifiState(): wifiApEnabled: false, wifiApAirplaneMode: falsegetWifiEnabledState(): 3, getWifiApEnabledState: 11
D/WifiService(  584): updateWifiState(): mAirplaneModeOn.get(): false, mPersistWifiState.get(): 1
D/WifiService(  584): updateWifiState(): mEmergencyCallbackMode: false, mDeviceIdle: false, lockHeld: true, mStopWifiRequested:false
D/WifiService(  584): updateWifiState(): enable and start wifi
D/PowerManagerService(  584): releaseWakeLock(4312e4b0): PARTIAL_WAKE_LOCK , tag=NetworkLocationLocator, flags=0x1
D/Socket_Alarm(12423): registerHTCSocketMonitorCallBack
D/Socket_Alarm(12423): set mSocketMonitor
D/Socket_Alarm(12423): HTCSocketMonitorImpl::HTCSocketMonitorImpl
I/ActivityManager(  584): Start proc ru.mail.mailapp for broadcast ru.mail.mailapp/ru.mail.timezone.TimeZoneChangedReceiver: pid=12439 uid=10139 gids={3003, 1015, 1028}
I/ActivityManager(  584): Recipient 11592
I/ActivityManager(  584): Process com.google.android.talk (pid 11592) has died.
I/ActivityManager(  584): Recipient 11935
I/ActivityManager(  584): Process com.google.android.apps.maps (pid 11935) has died.
V/LocationManagerService(  584): getAllProviders
V/LocationManagerService(  584): getLastKnownLocation: network
V/LocationManagerService(  584): getLastKnownLocation: passive
V/LocationManagerService(  584): getLastKnownLocation: hybrid
V/LocationManagerService(  584): getLastKnownLocation: gps
V/LocationManagerService(  584): getAllProviders
V/LocationManagerService(  584): getLastKnownLocation: network
V/LocationManagerService(  584): getLastKnownLocation: passive
V/LocationManagerService(  584): getLastKnownLocation: hybrid
V/LocationManagerService(  584): getLastKnownLocation: gps
V/LocationManagerService(  584): getAllProviders
V/LocationManagerService(  584): getLastKnownLocation: network
V/LocationManagerService(  584): getLastKnownLocation: passive
V/LocationManagerService(  584): getLastKnownLocation: hybrid
V/LocationManagerService(  584): getLastKnownLocation: gps
D/Socket_Alarm(12439): registerHTCSocketMonitorCallBack
D/Socket_Alarm(12439): set mSocketMonitor
D/Socket_Alarm(12439): HTCSocketMonitorImpl::HTCSocketMonitorImpl
D/webcoreglue(12439): netstack: Memory Cache feature is ON
D/PowerManagerService(  584): acquireWakeLock(4319d528): PARTIAL_WAKE_LOCK , tag=SyncLoopWakeLock, flags=0x1, pid=584, uid=1000, mUserState=0x0
D/PowerManagerService(  584): acquireWakeLock(43404110): PARTIAL_WAKE_LOCK , tag=*sync*_ru.mail.mailbox.content_Account {name=muw**********u, type=ru.mail}, flags=0x1, pid=584, uid=1000, mUserState=0x0
D/PowerManagerService(  584): releaseWakeLock(4319d528): PARTIAL_WAKE_LOCK , tag=SyncLoopWakeLock, flags=0x1
D/PowerManagerService(  584): acquireWakeLock(431e3018): PARTIAL_WAKE_LOCK , tag=SyncLoopWakeLock, flags=0x1, pid=584, uid=1000, mUserState=0x0
D/PowerManagerService(  584): releaseWakeLock(431e3018): PARTIAL_WAKE_LOCK , tag=SyncLoopWakeLock, flags=0x1
D/PowerManagerService(  584): acquireWakeLock(4342caa8): PARTIAL_WAKE_LOCK , tag=SyncLoopWakeLock, flags=0x1, pid=584, uid=1000, mUserState=0x0
D/PowerManagerService(  584): releaseWakeLock(4342caa8): PARTIAL_WAKE_LOCK , tag=SyncLoopWakeLock, flags=0x1
D/PowerManagerService(  584): acquireWakeLock(4313d358): PARTIAL_WAKE_LOCK , tag=SyncLoopWakeLock, flags=0x1, pid=584, uid=1000, mUserState=0x0
D/PowerManagerService(  584): releaseWakeLock(43404110): PARTIAL_WAKE_LOCK , tag=*sync*_ru.mail.mailbox.content_Account {name=muw**********u, type=ru.mail}, flags=0x1
D/PowerManagerService(  584): acquireWakeLock(432de0b0): PARTIAL_WAKE_LOCK , tag=TaskNotification_3, flags=0x1, pid=12423, uid=10126, mUserState=0x0
D/PowerManagerService(  584): acquireWakeLock(432c9aa8): PARTIAL_WAKE_LOCK , tag=*sync*_ru.mail.mailbox.content_Account {name=muw**********u, type=ru.mail}, flags=0x1, pid=584, uid=1000, mUserState=0x0
D/PowerManagerService(  584): acquireWakeLock(43417988): PARTIAL_WAKE_LOCK , tag=Checkin Handoff, flags=0x1, pid=1189, uid=10017, mUserState=0x0
D/PowerManagerService(  584): releaseWakeLock(4313d358): PARTIAL_WAKE_LOCK , tag=SyncLoopWakeLock, flags=0x1
D/PowerManagerService(  584): acquireWakeLock(43275378): PARTIAL_WAKE_LOCK , tag=SyncLoopWakeLock, flags=0x1, pid=584, uid=1000, mUserState=0x0
D/PowerManagerService(  584): releaseWakeLock(43275378): PARTIAL_WAKE_LOCK , tag=SyncLoopWakeLock, flags=0x1
D/PowerManagerService(  584): acquireWakeLock(43368cc0): PARTIAL_WAKE_LOCK , tag=SyncLoopWakeLock, flags=0x1, pid=584, uid=1000, mUserState=0x0
D/PowerManagerService(  584): acquireWakeLock(4333e0d0): PARTIAL_WAKE_LOCK , tag=Checkin Service, flags=0x1, pid=1189, uid=10017, mUserState=0x0
D/PowerManagerService(  584): releaseWakeLock(43417988): PARTIAL_WAKE_LOCK , tag=Checkin Handoff, flags=0x1
D/PowerManagerService(  584): releaseWakeLock(4333e0d0): PARTIAL_WAKE_LOCK , tag=Checkin Service, flags=0x1
D/PowerManagerService(  584): releaseWakeLock(432de0b0): PARTIAL_WAKE_LOCK , tag=TaskNotification_3, flags=0x1
D/PowerManagerService(  584): releaseWakeLock(432c9aa8): PARTIAL_WAKE_LOCK , tag=*sync*_ru.mail.mailbox.content_Account {name=muw**********u, type=ru.mail}, flags=0x1
D/PowerManagerService(  584): releaseWakeLock(43368cc0): PARTIAL_WAKE_LOCK , tag=SyncLoopWakeLock, flags=0x1
D/PowerManagerService(  584): releaseWakeLock(42cc0250): PARTIAL_WAKE_LOCK , tag=LocationManagerService, flags=0x1
W/AlarmManager(  584): RXTXtriggerAlarmsLocked
D/PowerManagerService(  584): acquireWakeLock(434497c0): PARTIAL_WAKE_LOCK , tag=AlarmManager, flags=0x1, pid=584, uid=1000, mUserState=0x0
V/AlarmManager(  584): sending alarm PendingIntent{42a39c50: PendingIntentRecord{42d0b2c0 android broadcastIntent}}, intent=com.htc.intent.action.Socket_RXTXGrouping, type=RTC_WAKEUP, count=1, when=1427235054687, repeateInterval=0
D/PowerManagerService(  584): releaseWakeLock(434497c0): PARTIAL_WAKE_LOCK , tag=AlarmManager, flags=0x1
D/PowerManagerService(  584): acquireWakeLock(4305b590): PARTIAL_WAKE_LOCK , tag=AlarmManager, flags=0x1, pid=584, uid=1000, mUserState=0x0
V/AlarmManager(  584): sending alarm PendingIntent{428d8d00: PendingIntentRecord{4311b120 com.android.providers.calendar broadcastIntent}}, intent=com.android.providers.calendar.intent.CalendarProvider2, type=ELAPSED_REALTIME_WAKEUP, count=1, when=5639433, repeateInterval=0
D/PowerManagerService(  584): acquireWakeLock(43307468): PARTIAL_WAKE_LOCK , tag=ScheduleNextAlarmWakeLock, flags=0x1, pid=917, uid=10014, mUserState=0x0
D/PowerManagerService(  584): releaseWakeLock(4305b590): PARTIAL_WAKE_LOCK , tag=AlarmManager, flags=0x1
I/ActivityManager(  584): Start proc com.qualcomm.wiper for service com.qualcomm.wiper/.Wiper: pid=12497 uid=10163 gids={3003, 1028}
I/ActivityManager(  584): Recipient 11898
I/ActivityManager(  584): Process com.google.android.apps.uploader (pid 11898) has died.
I/ActivityManager(  584): Recipient 12009
I/ActivityManager(  584): Process com.hailocab.consumer (pid 12009) has died.
D/PowerManagerService(  584): releaseWakeLock(43307468): PARTIAL_WAKE_LOCK , tag=ScheduleNextAlarmWakeLock, flags=0x1
D/PowerManagerService(  584): acquireWakeLock(432d06a0): PARTIAL_WAKE_LOCK , tag=AlarmManager, flags=0x1, pid=584, uid=1000, mUserState=0x0
V/AlarmManager(  584): sending alarm PendingIntent{429db508: PendingIntentRecord{42d0af18 android broadcastIntent}}, intent=android.intent.action.TIME_TICK, type=RTC, count=1, when=1427235060000, repeateInterval=0
D/PowerManagerService(  584): releaseWakeLock(432d06a0): PARTIAL_WAKE_LOCK , tag=AlarmManager, flags=0x1
D/BatteryService(  584): updateBatteryStats: auto update.
D/PowerManagerService(  584): acquireWakeLock(43426310): PARTIAL_WAKE_LOCK , tag=BatteryServiceUpdateStats, flags=0x1, pid=584, uid=1000, mUserState=0x0
D/PowerManagerService(  584): releaseWakeLock(43426310): PARTIAL_WAKE_LOCK , tag=BatteryServiceUpdateStats, flags=0x1
D/BatteryService(  584): updateBatteryStats: update triggered by UEvent.
D/PowerManagerService(  584): acquireWakeLock(432d23a0): PARTIAL_WAKE_LOCK , tag=BatteryServiceUpdateStats, flags=0x1, pid=584, uid=1000, mUserState=0x0
D/PowerUI (  840): closing low battery warning: level=49
D/PowerUI (  840): plugged = true, health = 2, mBatteryLevel = 49, mPluggedBatteryLevel = 34, mLowBatteryWarningLevel2 = 25, mshowLowChargingWarning2 = true
D/WifiService(  584): ACTION_BATTERY_CHANGED pluggedType: 2
D/NotificationService(  584): mIntentReceiver() Intent.ACTION_BATTERY_CHANGED
D/PowerManagerService(  584): runHtcPowerSaverCheck ======================================
D/PowerManagerService(  584): releaseWakeLock(432d23a0): PARTIAL_WAKE_LOCK , tag=BatteryServiceUpdateStats, flags=0x1
D/PowerManagerService(  584): acquireWakeLock(4334deb0): PARTIAL_WAKE_LOCK , tag=AlarmManager, flags=0x1, pid=584, uid=1000, mUserState=0x0
V/AlarmManager(  584): sending alarm PendingIntent{42dc9760: PendingIntentRecord{42c33380 com.google.android.gms broadcastIntent}}, intent=com.google.android.intent.action.MCS_HEARTBEAT, type=ELAPSED_REALTIME_WAKEUP, count=1, when=5651653, repeateInterval=0
D/PowerManagerService(  584): acquireWakeLock(4334f970): PARTIAL_WAKE_LOCK , tag=GCM_HB_ALARM, flags=0x1, pid=1061, uid=10017, mUserState=0x0
D/PowerManagerService(  584): releaseWakeLock(4334deb0): PARTIAL_WAKE_LOCK , tag=AlarmManager, flags=0x1
D/PowerManagerService(  584): acquireWakeLock(43351fe0): PARTIAL_WAKE_LOCK , tag=*net_scheduler*, flags=0x1, pid=1061, uid=10017, mUserState=0x0
D/PowerManagerService(  584): releaseWakeLock(4334f970): PARTIAL_WAKE_LOCK , tag=GCM_HB_ALARM, flags=0x1
D/PowerManagerService(  584): releaseWakeLock(43351fe0): PARTIAL_WAKE_LOCK , tag=*net_scheduler*, flags=0x1
D/PowerManagerService(  584): acquireWakeLock(43353578): PARTIAL_WAKE_LOCK , tag=GCM_CONN, flags=0x1, pid=1061, uid=10017, mUserState=0x0
D/ConnectivityService(  584): reportInetCondition for net 1, percentage: 100 by 1061/10017
D/ConnectivityService(  584): handleInetConditionChange: net=1, condition=100,mActiveDefaultNetwork=1
D/ConnectivityService(  584): handleInetConditionChange: starting a change hold
D/PowerManagerService(  584): releaseWakeLock(43353578): PARTIAL_WAKE_LOCK , tag=GCM_CONN, flags=0x1
D/PowerManagerService(  584): acquireWakeLock(43354f28): PARTIAL_WAKE_LOCK , tag=*net_scheduler*, flags=0x1, pid=1061, uid=10017, mUserState=0x0
D/PowerManagerService(  584): releaseWakeLock(43354f28): PARTIAL_WAKE_LOCK , tag=*net_scheduler*, flags=0x1
D/ConnectivityService(  584): handleInetConditionHoldEnd: net=1, condition=100, published condition=100
D/ConnectivityService(  584): sendStickyBroadcast: action=android.net.conn.INET_CONDITION_ACTION
D/WIFI_ICON(  840): updateConnectivity: type=1 connected=true
D/StatusBar.NetworkController(  840): dumpState[hasService=true ServiceState=0 home 3 3 27202  EDGE CSS not supported -1 -1 RoamInd=-1 DefRoamInd=-1EriInd= -1EriMode= -1RadioPowerSv: false EmergOnly=false PhoneType: 1 IsCdma=false SimState=UNKNOWN GprsState=0 DataState=Disconnected DataActivity=NONE NetworkType=EDGE HtcModemLinkOn=false HspaDataDistinquishable=true]
D/StatusBar.NetworkController(  840): dumpIconState[dataVisible=false dataIconId=stat_sys_data_connected_hplus signalIconId=stat_sys_5signal_2 wifiVisible=true wifiIconId=stat_sys_wifi_signal_4 airplaneMode=false]
D/PowerManagerService(  584): acquireWakeLock(432b0038): PARTIAL_WAKE_LOCK , tag=RILJ, flags=0x1, pid=984, uid=1001, mUserState=0x0
D/PowerManagerService(  584): releaseWakeLock(432b0038): PARTIAL_WAKE_LOCK , tag=RILJ, flags=0x1
D/PowerManagerService(  584): acquireWakeLock(432b0e70): PARTIAL_WAKE_LOCK , tag=RILJ, flags=0x1, pid=984, uid=1001, mUserState=0x0
D/PowerManagerService(  584): releaseWakeLock(432b0e70): PARTIAL_WAKE_LOCK , tag=RILJ, flags=0x1
D/PowerManagerService(  584): acquireWakeLock(432b1f78): PARTIAL_WAKE_LOCK , tag=RILJ, flags=0x1, pid=984, uid=1001, mUserState=0x0
D/PowerManagerService(  584): releaseWakeLock(432b1f78): PARTIAL_WAKE_LOCK , tag=RILJ, flags=0x1
D/PowerManagerService(  584): acquireWakeLock(432b6d38): PARTIAL_WAKE_LOCK , tag=RILJ, flags=0x1, pid=984, uid=1001, mUserState=0x0
D/PowerManagerService(  584): releaseWakeLock(432b6d38): PARTIAL_WAKE_LOCK , tag=RILJ, flags=0x1
D/TELEPHONY_CALLBACK(  840): @onServiceStateChanged: 0 home 3 3 27202  UMTS CSS not supported -1 -1 RoamInd=-1 DefRoamInd=-1EriInd= -1EriMode= -1RadioPowerSv: false EmergOnly=false PhoneType: 1
D/StatusBar.NetworkController(  840): dumpState[hasService=true ServiceState=0 home 3 3 27202  UMTS CSS not supported -1 -1 RoamInd=-1 DefRoamInd=-1EriInd= -1EriMode= -1RadioPowerSv: false EmergOnly=false PhoneType: 1 IsCdma=false SimState=UNKNOWN GprsState=0 DataState=Disconnected DataActivity=NONE NetworkType=EDGE HtcModemLinkOn=false HspaDataDistinquishable=true]
D/SIGNAL_ICON(  840): updateTelephonySignalStrength
D/SIGNAL_ICON(  840): fakeui srv=0 mTimerEnabled=false asu=5
D/SIGNAL_ICON(  840): asu=5
D/SIGNAL_ICON(  840): SUPPORT_5_LEVEL_SIGNAL
D/SIGNAL_ICON(  840): mapTelephonySignalStrength
D/SIGNAL_ICON(  840): maxLevel=5 asu=5 networkType=EDGE
D/SIGNAL_ICON(  840): return iconLevel=2
D/DATA_ICON(  840): updateDataNetType: networkType=EDGE
D/DATA_ICON(  840): updateDataIcon
D/DATA_ICON(  840): NOP
D/StatusBar.NetworkController(  840): dumpIconState[dataVisible=false dataIconId=stat_sys_data_connected_hplus signalIconId=stat_sys_5signal_2 wifiVisible=true wifiIconId=stat_sys_wifi_signal_4 airplaneMode=false]
I/TelephonyRegistry(  584): notifyDataConnection: state=0 isDataConnectivityPossible=true reason='nwTypeChanged' apn='null' apnType=default networkType=3 roaming=false errorCause=0preConn = []
D/TELEPHONY_CALLBACK(  840): @onDataConnectionStateChanged: dataState=0 networkType=UMTS
D/MobileDataStateTracker(  584): default: Broadcast received: ignore android.intent.action.SERVICE_STATE
D/StatusBar.NetworkController(  840): dumpState[hasService=true ServiceState=0 home 3 3 27202  UMTS CSS not supported -1 -1 RoamInd=-1 DefRoamInd=-1EriInd= -1EriMode= -1RadioPowerSv: false EmergOnly=false PhoneType: 1 IsCdma=false SimState=UNKNOWN GprsState=0 DataState=Disconnected DataActivity=NONE NetworkType=UMTS HtcModemLinkOn=false HspaDataDistinquishable=true]
D/DATA_ICON(  840): updateDataNetType: networkType=UMTS
D/DATA_ICON(  840): updateDataIcon
D/MobileDataStateTracker(  584): mms: Broadcast received: ignore android.intent.action.SERVICE_STATE
D/PowerManagerService(  584): acquireWakeLock(432c0790): PARTIAL_WAKE_LOCK , tag=RILJ, flags=0x1, pid=984, uid=1001, mUserState=0x0
D/DATA_ICON(  840): NOP
D/MobileDataStateTracker(  584): supl: Broadcast received: ignore android.intent.action.SERVICE_STATE
D/PowerManagerService(  584): releaseWakeLock(432c0790): PARTIAL_WAKE_LOCK , tag=RILJ, flags=0x1
D/StatusBar.NetworkController(  840): dumpIconState[dataVisible=false dataIconId=stat_sys_data_connected_hplus signalIconId=stat_sys_5signal_2 wifiVisible=true wifiIconId=stat_sys_wifi_signal_4 airplaneMode=false]
D/MobileDataStateTracker(  584): dun: Broadcast received: ignore android.intent.action.SERVICE_STATE
D/MobileDataStateTracker(  584): hipri: Broadcast received: ignore android.intent.action.SERVICE_STATE
D/MobileDataStateTracker(  584): fota: Broadcast received: ignore android.intent.action.SERVICE_STATE
D/PowerManagerService(  584): acquireWakeLock(43263918): PARTIAL_WAKE_LOCK , tag=RILJ, flags=0x1, pid=984, uid=1001, mUserState=0x0
V/LocationManagerService(  584): In requestLocationUpdates. provider passiveminTime: 5000single shot: false Receiver: Receiver{4333aef0 Intent PendingIntent{4301e9a0: PendingIntentRecord{42c76c50 com.htc.htclocationservice startService}}}mUpdateRecords: {passive=UpdateRecord{43092ed8 mProvider: passive mUid: 10014}}
V/LocationManagerService(  584): In requestLocationUpdatesLocked. provider: passive requiredPermissions: android.permission.ACCESS_FINE_LOCATION
I/LocationManagerService(  584): request passive (pid 917) 5000 0
V/LocationManagerService(  584): [LGPS] _requestLocationUpdates: enableLocationTracking(true)
D/LocationManagerService(  584): _requestLocationUpdates: provider = passive listener = Receiver{4333aef0 Intent PendingIntent{4301e9a0: PendingIntentRecord{42c76c50 com.htc.htclocationservice startService}}}mUpdateRecords: {passive=UpdateRecord{43266030 mProvider: passive mUid: 10014}}
D/PowerManagerService(  584): releaseWakeLock(43263918): PARTIAL_WAKE_LOCK , tag=RILJ, flags=0x1
D/PowerManagerService(  584): acquireWakeLock(43269088): PARTIAL_WAKE_LOCK , tag=SWITCH_NETWORK_MODE_WAKE_LOCK, flags=0x1, pid=917, uid=10014, mUserState=0x0
D/MobileDataStateTracker(  584): ims: Broadcast received: ignore android.intent.action.SERVICE_STATE
D/MobileDataStateTracker(  584): null: Broadcast received: ignore android.intent.action.SERVICE_STATE
D/MobileDataStateTracker(  584): httpproxy: Broadcast received: ignore android.intent.action.SERVICE_STATE
D/MobileDataStateTracker(  584): admin: Broadcast received: ignore android.intent.action.SERVICE_STATE
D/PowerManagerService(  584): releaseWakeLock(43269088): PARTIAL_WAKE_LOCK , tag=SWITCH_NETWORK_MODE_WAKE_LOCK, flags=0x1
D/MobileDataStateTracker(  584): internet: Broadcast received: ignore android.intent.action.SERVICE_STATE
D/MobileDataStateTracker(  584): null: Broadcast received: ignore android.intent.action.SERVICE_STATE
D/MobileDataStateTracker(  584): cmmail: Broadcast received: ignore android.intent.action.SERVICE_STATE
D/MobileDataStateTracker(  584): null: Broadcast received: ignore android.intent.action.SERVICE_STATE
D/MobileDataStateTracker(  584): cmail: Broadcast received: ignore android.intent.action.SERVICE_STATE
D/MobileDataStateTracker(  584): entitle: Broadcast received: ignore android.intent.action.SERVICE_STATE
D/MobileDataStateTracker(  584): null: Broadcast received: ignore android.intent.action.SERVICE_STATE
D/MobileDataStateTracker(  584): bip: Broadcast received: ignore android.intent.action.SERVICE_STATE
D/MobileDataStateTracker(  584): default: Broadcast received: ACTION_ANY_DATA_CONNECTION_STATE_CHANGED mApnType=default == received apnType=default
D/PowerManagerService(  584): acquireWakeLock(430ccab8): PARTIAL_WAKE_LOCK , tag=RILJ, flags=0x1, pid=984, uid=1001, mUserState=0x0
D/MobileDataStateTracker(  584): default: Received state=DISCONNECTED, old=DISCONNECTED, reason=nwTypeChanged
D/MobileDataStateTracker(  584): default: mMobileDataState=DISCONNECTED mTeardownRequested=true got [AnyDataCSC] : type=default state=DISCONNECTED reason=nwTypeChanged apn=null roaming=false unavailable=false NetworkType=3 NetworkTypeName=UMTS entitleError=0
D/PowerManagerService(  584): releaseWakeLock(430ccab8): PARTIAL_WAKE_LOCK , tag=RILJ, flags=0x1
D/PowerManagerService(  584): acquireWakeLock(42de2868): PARTIAL_WAKE_LOCK , tag=AlarmManager, flags=0x1, pid=584, uid=1000, mUserState=0x0
D/PowerManagerService(  584): acquireWakeLock(42dbe5a0): PARTIAL_WAKE_LOCK , tag=SyncManagerHandleSyncAlarm, flags=0x1, pid=584, uid=1000, mUserState=0x0
V/AlarmManager(  584): sending alarm PendingIntent{42b57bb0: PendingIntentRecord{427e7dc0 android broadcastIntent}}, intent=android.content.syncmanager.SYNC_ALARM, type=ELAPSED_REALTIME_WAKEUP, count=1, when=5666799, repeateInterval=0
D/PowerManagerService(  584): releaseWakeLock(42de2868): PARTIAL_WAKE_LOCK , tag=AlarmManager, flags=0x1
D/PowerManagerService(  584): acquireWakeLock(42d90870): PARTIAL_WAKE_LOCK , tag=SyncLoopWakeLock, flags=0x1, pid=584, uid=1000, mUserState=0x0
D/PowerManagerService(  584): releaseWakeLock(42dbe5a0): PARTIAL_WAKE_LOCK , tag=SyncManagerHandleSyncAlarm, flags=0x1
D/PowerManagerService(  584): releaseWakeLock(42d90870): PARTIAL_WAKE_LOCK , tag=SyncLoopWakeLock, flags=0x1
D/PowerManagerService(  584): acquireWakeLock(43417268): PARTIAL_WAKE_LOCK , tag=wake:com.google.android.gms/com.google.android.libraries.social.mediamonitor.MediaMonitorIntentService, flags=0x1, pid=1189, uid=10017, mUserState=0x0
D/PowerManagerService(  584): releaseWakeLock(43417268): PARTIAL_WAKE_LOCK , tag=wake:com.google.android.gms/com.google.android.libraries.social.mediamonitor.MediaMonitorIntentService, flags=0x1
D/PowerManagerService(  584): acquireWakeLock(43306778): PARTIAL_WAKE_LOCK , tag=keyguardWakeAndHandOff, flags=0x1, pid=584, uid=1000, mUserState=0x0
D/PowerManagerService(  584): nativeSetScreenState: on=true
D/PowerManagerService(  584): nativeSetScreenState: err=0
D/PowerManagerService(  584): button light setOrientation:-1
D/PowerManagerService(  584): acquireWakeLock(431d3958): PARTIAL_WAKE_LOCK , tag=sleep_broadcast, flags=0x1, pid=584, uid=1000, mUserState=0x0
D/PowerManagerService(  584): acquireWakeLock(43275b50): FULL_WAKE_LOCK ACQUIRE_CAUSES_WAKEUP , tag=keyguard, flags=0x1000001a, pid=584, uid=1000, mUserState=0x0
D/PowerManagerService(  584): ALG=2, lsvalue=10(0th)->10(0th), last_level=1, lValue=64->64, bValue=255, kValue=0, mPowerState=0x3, mSkippedScreenOn=true, mInitialAnimation=false, immediate=false
V/LightsService(  584): setLight #2: color=#ffffffff
D/lights  (  584): set_light_buttons_func: on=16777215 brightness=255
V/LightsService(  584): setLight #1: color=#ff000000
D/PowerManagerService(  584): releaseWakeLock(43306778): PARTIAL_WAKE_LOCK , tag=keyguardWakeAndHandOff, flags=0x1
D/PowerManagerService(  584): ActivityManagerNative.getDefault().wakingUp();
I/InputMethodManagerService(  584): screenObserver: isScreenOn=true
I/InputMethodManagerService(  584): Enable input method client.
D/PowerManagerService(  584): acquireWakeLock(430420c8): PARTIAL_WAKE_LOCK , tag=IdleScreen:command_15, flags=0x1, pid=912, uid=10102, mUserState=0x0
I/WindowManager(  584): Lock screen displayed!
V/LightsService(  584): setLight #0: color=#ff1e1e1e
D/BatteryService(  584): updateBatteryStats: update triggered by UEvent.
D/PowerManagerService(  584): acquireWakeLock(42fe0eb0): PARTIAL_WAKE_LOCK , tag=BatteryServiceUpdateStats, flags=0x1, pid=584, uid=1000, mUserState=0x0
D/PowerManagerService(  584): releaseWakeLock(430420c8): PARTIAL_WAKE_LOCK , tag=IdleScreen:command_15, flags=0x1
D/WifiService(  584): ACTION_BATTERY_CHANGED pluggedType: 2
D/NotificationService(  584): mIntentReceiver() Intent.ACTION_BATTERY_CHANGED
D/PowerManagerService(  584): runHtcPowerSaverCheck ======================================
D/PowerUI (  840): closing low battery warning: level=50
D/PowerUI (  840): plugged = true, health = 2, mBatteryLevel = 50, mPluggedBatteryLevel = 34, mLowBatteryWarningLevel2 = 25, mshowLowChargingWarning2 = true
D/PowerManagerService(  584): releaseWakeLock(42fe0eb0): PARTIAL_WAKE_LOCK , tag=BatteryServiceUpdateStats, flags=0x1
D/PowerManagerService(  584): acquireWakeLock(42d8e7f8): PARTIAL_WAKE_LOCK , tag=NlpCollectorWakeLock, flags=0x1, pid=1390, uid=10017, mUserState=0x0
D/WifiService(  584): acquireWifiLockLocked: WifiLock{NlpWifiLock type=2 binder=android.os.BinderProxy@432ea1b0}
D/AlarmManager(  584): ACTION_SCREEN_ON
D/WifiService(  584): ACTION_SCREEN_ON
D/WifiService(  584): updateWifiState(): wifiApEnabled: false, wifiApAirplaneMode: falsegetWifiEnabledState(): 3, getWifiApEnabledState: 11
D/WifiService(  584): updateWifiState(): mAirplaneModeOn.get(): false, mPersistWifiState.get(): 1
D/WifiService(  584): updateWifiState(): mEmergencyCallbackMode: false, mDeviceIdle: false, lockHeld: true, mStopWifiRequested:false
D/WifiService(  584): updateWifiState(): enable and start wifi
D/PowerManagerService(  584): acquireWakeLock(42c4e1c0): PARTIAL_WAKE_LOCK , tag=AlarmManager, flags=0x1, pid=584, uid=1000, mUserState=0x0
V/AlarmManager(  584): sending alarm PendingIntent{42d2e3c8: PendingIntentRecord{42d2e328 android broadcastIntent}}, intent=com.android.server.WifiManager.action.UPDATE_WIFI_STATE, type=RTC_WAKEUP, count=1, when=1427235106370, repeateInterval=0
D/WifiStateMachine(  584): fetchRssiAndLinkSpeedNative send RSSIChange intent, newSignalLevel =3mLastSignalLevel = -1
D/WIFI_ICON(  840): updateWifiState: action=android.net.wifi.RSSI_CHANGED newRssi=-49 freq=2412 newLevel=3 lastWifiLevel=3
D/StatusBar.NetworkController(  840): dumpIconState[dataVisible=false dataIconId=stat_sys_data_connected_hplus signalIconId=stat_sys_5signal_2 wifiVisible=true wifiIconId=stat_sys_wifi_signal_4 airplaneMode=false]
D/PowerManagerService(  584): acquireWakeLock(422cec60): PARTIAL_WAKE_LOCK , tag=RILJ, flags=0x1, pid=984, uid=1001, mUserState=0x0
D/PowerManagerService(  584): acquireWakeLock(42cdfa00): PARTIAL_WAKE_LOCK , tag=Wakeful StateMachine: GeofencerStateMachine, flags=0x1, pid=1390, uid=10017, mUserState=0x0
D/PowerManagerService(  584): acquireWakeLock(42c55d60): PARTIAL_WAKE_LOCK , tag=NlpWakeLock, flags=0x1, pid=1390, uid=10017, mUserState=0x0
D/PowerManagerService(  584): acquireWakeLock(42bae0e0): PARTIAL_WAKE_LOCK , tag=GCoreFlp, flags=0x1, pid=1390, uid=10017, mUserState=0x0
D/PowerManagerService(  584): releaseWakeLock(42cdfa00): PARTIAL_WAKE_LOCK , tag=Wakeful StateMachine: GeofencerStateMachine, flags=0x1
D/PowerManagerService(  584): releaseWakeLock(42bae0e0): PARTIAL_WAKE_LOCK , tag=GCoreFlp, flags=0x1
D/PowerManagerService(  584): releaseWakeLock(431d3958): PARTIAL_WAKE_LOCK , tag=sleep_broadcast, flags=0x1
D/TELEPHONY_CALLBACK(  840): @onSignalStrengthChanged: SignalStrength: 6 -1 -1 -1 -1 -1 -1 -1 -1 -1 2147483647 -1 gsm|lte
