D/memalloc(  951): ion: Mapped buffer base:0x54c2f000 size:114688 offset:0 fd:102
D/memalloc(  951): ion: Mapped buffer base:0x5443f000 size:4096 offset:0 fd:110
D/memalloc(  951): ion: Unmapping buffer  base:0x54bfb000 size:114688
D/memalloc(  951): ion: Unmapping buffer  base:0x5443e000 size:4096
D/memalloc(  241): ion: Freeing buffer base:0x421fb000 size:114688 fd:103
D/memalloc(  241): ion: Unmapping buffer  base:0x421fb000 size:114688
D/memalloc(  241): ion: Freeing buffer base:0x40065000 size:4096 fd:107
D/memalloc(  241): ion: Unmapping buffer  base:0x40065000 size:4096
D/memalloc(  951): ion: Unmapping buffer  base:0x54c2f000 size:114688
D/memalloc(  951): ion: Unmapping buffer  base:0x5443f000 size:4096
D/memalloc(  241): ion: Freeing buffer base:0x42220000 size:114688 fd:130
D/memalloc(  241): ion: Unmapping buffer  base:0x42220000 size:114688
D/memalloc(  241): ion: Freeing buffer base:0x4006d000 size:4096 fd:131
D/memalloc(  241): ion: Unmapping buffer  base:0x4006d000 size:4096
D/PowerManagerService(  598): acquireWakeLock(4203b4f8): PARTIAL_WAKE_LOCK , tag=RILJ, flags=0x1, pid=968, uid=1001, mUserState=0x3
D/PowerManagerService(  598): releaseWakeLock(4203b4f8): PARTIAL_WAKE_LOCK , tag=RILJ, flags=0x1
W/dalvikvm(15920): disableGcForExternalAlloc: true
D/PowerManagerService(  598): acquireWakeLock(4240f410): PARTIAL_WAKE_LOCK , tag=RILJ, flags=0x1, pid=968, uid=1001, mUserState=0x3
D/PowerManagerService(  598): releaseWakeLock(4240f410): PARTIAL_WAKE_LOCK , tag=RILJ, flags=0x1
W/dalvikvm(15920): disableGcForExternalAlloc: false
W/dalvikvm(15920): disableGcForExternalAlloc: true
W/dalvikvm(15920): disableGcForExternalAlloc: false
D/StateMachine(  598): handleMessage: E msg.what=131155
D/StateMachine(  598): processMsg: ConnectedState
D/WifiStateMachine(  598): ConnectedState{ what=131155 when=-4ms target=Handler (com.android.internal.util.StateMachine$SmHandler) {422da338} arg1=366 }
D/StateMachine(  598): processMsg: L2ConnectedState
D/WifiStateMachine(  598): L2ConnectedState{ what=131155 when=-5ms target=Handler (com.android.internal.util.StateMachine$SmHandler) {422da338} arg1=366 }
I/wpa_supplicant(  798): Change stage from stage0 to stage3
I/wpa_supplicant(  798): wlan0: Background scan every 600 seconds
I/wpa_ctrl(  598): [wpa_ctrl_request] ctrl address = 50982678, ctrl_conn address = 0
D/WifiStateMachine(  598): fetchRssiAndLinkSpeedNative RSSI = -51
D/StateMachine(  598): handleMessage: X
D/StateMachine(  598): handleMessage: E msg.what=131155
D/StateMachine(  598): processMsg: ConnectedState
D/WifiStateMachine(  598): ConnectedState{ what=131155 when=-4ms target=Handler (com.android.internal.util.StateMachine$SmHandler) {422da338} arg1=366 }
D/StateMachine(  598): processMsg: L2ConnectedState
D/WifiStateMachine(  598): L2ConnectedState{ what=131155 when=-6ms target=Handler (com.android.internal.util.StateMachine$SmHandler) {422da338} arg1=366 }
I/wpa_ctrl(  598): [wpa_ctrl_request] ctrl address = 50982678, ctrl_conn address = 0
D/WifiStateMachine(  598): fetchRssiAndLinkSpeedNative RSSI = -49
D/StateMachine(  598): handleMessage: X
I/ActivityManager(  598): Recipient 19436
I/ActivityManager(  598): Process com.vkontakte.android (pid 19436) has died.
V/LightsService(  598): setLight #8: color=#c8c800
D/lights  (  598): set_color_led color=13158400, mode=255, off_min=0, off_sec=0
D/lights  (  598): [LedInfo] without indicator attribute, red:c80000, green:c800, blue:0
V/NotificationService(  598): Charging...
V/LightsService(  598): setLight #8: color=#c80000
D/lights  (  598): set_color_led color=13107200, mode=1, off_min=0, off_sec=0
D/lights  (  598): [LedInfo] without indicator attribute, red:c80000, green:0, blue:0
D/lights  (  598): [LedInfo] write attr ok name=/sys/class/leds/amber/brightness string=1,len=1
D/lights  (  598): [LedInfo] write attr ok name=/sys/class/leds/amber/blink string=0,len=1
D/lights  (  598): [LedInfo] write attr ok name=/sys/class/leds/amber/off_timer string=0 0,len=3
D/lights  (  598): [LedInfo] write attr ok name=/sys/class/leds/green/brightness string=0,len=1
D/lights  (  598): [LedInfo] write attr ok name=/sys/class/leds/green/blink string=0,len=1
I/CVW     (  951): Dismiss CandidateViewWindow WCLID:0
D/memalloc(  951): ion: Unmapping buffer  base:0x54cd7000 size:139264
D/memalloc(  951): ion: Unmapping buffer  base:0x5420b000 size:4096
D/lights  (  598): [LedInfo] write attr ok name=/sys/class/leds/green/off_timer string=0 0,len=3
D/memalloc(  241): ion: Freeing buffer base:0x426e5000 size:139264 fd:116
D/memalloc(  241): ion: Unmapping buffer  base:0x426e5000 size:139264
D/memalloc(  241): ion: Freeing buffer base:0x40093000 size:4096 fd:127
D/memalloc(  241): ion: Unmapping buffer  base:0x40093000 size:4096
I/XT9_C   (  951): [T9_ReleaseBuffer] Release memory of LDB#0
D/memalloc(  951): ion: Unmapping buffer  base:0x55bf5000 size:1044480
D/memalloc(  951): ion: Unmapping buffer  base:0x50036000 size:4096
D/memalloc(  951): ion: Unmapping buffer  base:0x563a4000 size:1044480
D/memalloc(  951): ion: Unmapping buffer  base:0x50d01000 size:4096
D/memalloc(  951): ion: Unmapping buffer  base:0x56604000 size:1044480
D/memalloc(  951): ion: Unmapping buffer  base:0x5420c000 size:4096
D/memalloc(  241): ion: Freeing buffer base:0x4516d000 size:1044480 fd:122
D/memalloc(  241): ion: Unmapping buffer  base:0x4516d000 size:1044480
D/memalloc(  241): ion: Freeing buffer base:0x400b6000 size:4096 fd:123
D/memalloc(  241): ion: Unmapping buffer  base:0x400b6000 size:4096
D/memalloc(  241): ion: Freeing buffer base:0x4526c000 size:1044480 fd:110
D/memalloc(  241): ion: Unmapping buffer  base:0x4526c000 size:1044480
D/memalloc(  241): ion: Freeing buffer base:0x400bc000 size:4096 fd:111
D/memalloc(  241): ion: Unmapping buffer  base:0x400bc000 size:4096
D/SoftKeyboardDetect(15920): Ignore this event
D/memalloc(  241): ion: Freeing buffer base:0x4506e000 size:1044480 fd:117
D/memalloc(  241): ion: Unmapping buffer  base:0x4506e000 size:1044480
D/memalloc(  241): ion: Freeing buffer base:0x4006b000 size:4096 fd:118
D/memalloc(  241): ion: Unmapping buffer  base:0x4006b000 size:4096
D/CordovaWebViewClient(15920): onPageStarted(file:///android_asset/www/index.html#wishlist/)
D/JsMessageQueue(15920): Set native->JS mode to null
D/CordovaActivity(15920): onMessage(onPageStarted,file:///android_asset/www/index.html#wishlist/)
D/JsMessageQueue(15920): Set native->JS mode to OnlineEventsBridgeMode
D/CordovaLog(15920): file:///android_asset/www/js/openfb.js: Line 38 : file:///android_asset/oauthcallback.html
I/Web Console(15920): file:///android_asset/oauthcallback.html at file:///android_asset/www/js/openfb.js:38
D/CordovaLog(15920): file:///android_asset/www/js/openfb.js: Line 39 : file:///android_asset/logoutcallback.html
I/Web Console(15920): file:///android_asset/logoutcallback.html at file:///android_asset/www/js/openfb.js:39
D/CordovaLog(15920): file:///android_asset/www/js/app.js: Line 17 : Service initialized
I/Web Console(15920): Service initialized at file:///android_asset/www/js/app.js:17
D/CordovaWebViewClient(15920): onPageFinished(file:///android_asset/www/index.html#wishlist/)
D/CordovaActivity(15920): onMessage(onPageFinished,file:///android_asset/www/index.html#wishlist/)
D/CordovaActivity(15920): onMessage(spinner,stop)
D/CordovaLog(15920): file:///android_asset/www/js/app.js: Line 59 : Uncaught ReferenceError: StatusBar is not defined
E/Web Console(15920): Uncaught ReferenceError: StatusBar is not defined at file:///android_asset/www/js/app.js:59
D/StateMachine(  598): handleMessage: E msg.what=131155
D/StateMachine(  598): processMsg: ConnectedState
D/WifiStateMachine(  598): ConnectedState{ what=131155 when=-4ms target=Handler (com.android.internal.util.StateMachine$SmHandler) {422da338} arg1=366 }
D/StateMachine(  598): processMsg: L2ConnectedState
D/WifiStateMachine(  598): L2ConnectedState{ what=131155 when=-5ms target=Handler (com.android.internal.util.StateMachine$SmHandler) {422da338} arg1=366 }
I/wpa_ctrl(  598): [wpa_ctrl_request] ctrl address = 50982678, ctrl_conn address = 0
D/WifiStateMachine(  598): fetchRssiAndLinkSpeedNative RSSI = -59
D/StateMachine(  598): handleMessage: X
D/TELEPHONY_CALLBACK(  820): @onSignalStrengthChanged: SignalStrength: 10 -1 -1 -1 -1 -1 -1 -1 -1 -1 2147483647 -1 gsm|lte
D/StatusBar.NetworkController(  820): dumpState[hasService=true ServiceState=0 home 3 3 27202  EDGE CSS not supported -1 -1 RoamInd=-1 DefRoamInd=-1EriInd= -1EriMode= -1RadioPowerSv: false EmergOnly=false PhoneType: 1 IsCdma=false SimState=UNKNOWN GprsState=0 DataState=Disconnected DataActivity=NONE NetworkType=EDGE HtcModemLinkOn=false HspaDataDistinquishable=true]
D/SIGNAL_ICON(  820): updateTelephonySignalStrength
D/SIGNAL_ICON(  820): fakeui srv=0 mTimerEnabled=false asu=10
D/SIGNAL_ICON(  820): asu=10
D/SIGNAL_ICON(  820): SUPPORT_5_LEVEL_SIGNAL
D/SIGNAL_ICON(  820): mapTelephonySignalStrength
D/SIGNAL_ICON(  820): maxLevel=5 asu=10 networkType=EDGE
D/SIGNAL_ICON(  820): return iconLevel=3
D/StatusBar.NetworkController(  820): dumpIconState[dataVisible=false dataIconId=stat_sys_data_connected_e signalIconId=stat_sys_5signal_3 wifiVisible=true wifiIconId=stat_sys_wifi_signal_4 airplaneMode=false]
