D/dalvikvm(13099): Trying to load lib /data/app-lib/com.facebook.orca-2/libfb_dalvik-internals.so 0x41fae670
D/dalvikvm(13099): Added shared lib /data/app-lib/com.facebook.orca-2/libfb_dalvik-internals.so 0x41fae670
V/DexLibLoader(13099): about to lock: /data/user/0/com.facebook.orca/mdex_lock
V/DexLibLoader(13099): locking /data/user/0/com.facebook.orca/mdex_lock took 1 ms
V/DexLibLoader(13099): Secondary program dex metadata: secondary-1.dex.jar 790183d1fb728678b0d8546ed8e9eaef90404089 secondary.dex01.Canary
V/DexLibLoader(13099): Secondary program dex metadata: secondary-2.dex.jar 03b795797c6ded9e8b3df575980b7d37d9ca8dad secondary.dex02.Canary
V/DexLibLoader(13099): Secondary program dex metadata: secondary-3.dex.jar 5ccf73e2daa6156653af1c6485ad6053f38846b9 secondary.dex03.Canary
V/DexLibLoader(13099): directory "/data/user/0/com.facebook.orca/app_secondary_program_dex" contains "program-790183d1fb728678b0d8546ed8e9eaef904040896661a1c7.dex.jar" as expected
V/DexLibLoader(13099): directory "/data/user/0/com.facebook.orca/app_secondary_program_dex" contains "program-03b795797c6ded9e8b3df575980b7d37d9ca8dad6661a1c7.dex.jar" as expected
V/DexLibLoader(13099): directory "/data/user/0/com.facebook.orca/app_secondary_program_dex" contains "program-5ccf73e2daa6156653af1c6485ad6053f38846b96661a1c7.dex.jar" as expected
D/DexLibLoader(13099): ignoring file "program-790183d1fb728678b0d8546ed8e9eaef904040896661a1c7.dex.odex" in "/data/user/0/com.facebook.orca/app_secondary_program_dex"
D/DexLibLoader(13099): ignoring file "program-03b795797c6ded9e8b3df575980b7d37d9ca8dad6661a1c7.dex.odex" in "/data/user/0/com.facebook.orca/app_secondary_program_dex"
D/DexLibLoader(13099): ignoring file "program-5ccf73e2daa6156653af1c6485ad6053f38846b96661a1c7.dex.odex" in "/data/user/0/com.facebook.orca/app_secondary_program_dex"
D/DexLibLoader(13099): directory "/data/user/0/com.facebook.orca/app_secondary_program_dex" is valid
D/DexLibLoader(13099): ignoring file "primary_deps" in "/data/user/0/com.facebook.orca/app_secondary_program_dex_opt"
V/DexLibLoader(13099): directory "/data/user/0/com.facebook.orca/app_secondary_program_dex_opt" contains "program-790183d1fb728678b0d8546ed8e9eaef904040896661a1c7.dex.dex" as expected
V/DexLibLoader(13099): directory "/data/user/0/com.facebook.orca/app_secondary_program_dex_opt" contains "program-03b795797c6ded9e8b3df575980b7d37d9ca8dad6661a1c7.dex.dex" as expected
V/DexLibLoader(13099): directory "/data/user/0/com.facebook.orca/app_secondary_program_dex_opt" contains "program-5ccf73e2daa6156653af1c6485ad6053f38846b96661a1c7.dex.dex" as expected
D/DexLibLoader(13099): directory "/data/user/0/com.facebook.orca/app_secondary_program_dex_opt" is valid
D/DexLibLoader(13099): loading pre-built cross-dex opt odex files
V/dalvik-internals(13099): hooked dvmResolveClass using jump ()
V/dalvik-internals(13099): hooked dvmFlushBreakpoints using jump ()
V/MultiDexClassLoader(13099): installing MultiDexClassLoader before application classloader
I/dalvikvm(13099): Could not find method dalvik.system.DexFile.loadClassBinaryName, referenced from method com.facebook.common.l.g.a
W/dalvikvm(13099): VFY: unable to resolve virtual method 1453: Ldalvik/system/DexFile;.loadClassBinaryName (Ljava/lang/String;Ljava/lang/ClassLoader;)Ljava/lang/Class;
D/dalvikvm(13099): VFY: replacing opcode 0x6e at 0x0000
D/DexLibLoader(13099): released odex store lock
D/DexLibLoader(13099): DexLibLoader.loadAll took 82 ms
W/bp      (13099): Verify
D/WifiStateMachine( 1025): handleMessage: E msg.what=151572
D/WifiStateMachine( 1025): processMsg: ConnectedState
D/WifiStateMachine( 1025): processMsg: L2ConnectedState
D/WifiStateMachine( 1025): handleMessage: X
D/zipro   (12979): Zip: EOCD not found, /storage/emulated/0/Download/GiftMe-release.apk is not zip
D/asset   (12979): failed to open Zip archive '/storage/emulated/0/Download/GiftMe-release.apk'
W/PackageParser(12979): Unable to read AndroidManifest.xml of /storage/emulated/0/Download/GiftMe-release.apk
W/PackageParser(12979): java.io.FileNotFoundException: AndroidManifest.xml
W/PackageParser(12979): 	at android.content.res.AssetManager.openXmlAssetNative(Native Method)
W/PackageParser(12979): 	at android.content.res.AssetManager.openXmlBlockAsset(AssetManager.java:488)
W/PackageParser(12979): 	at android.content.res.AssetManager.openXmlResourceParser(AssetManager.java:456)
W/PackageParser(12979): 	at android.content.pm.PackageParser.parsePackage(PackageParser.java:528)
W/PackageParser(12979): 	at android.content.pm.PackageManager.getPackageArchiveInfo(PackageManager.java:2629)
W/PackageParser(12979): 	at com.ghisler.android.TotalCommander.bs.run(SourceFile:482)
W/PackageParser(12979): 	at java.lang.Thread.run(Thread.java:841)
D/dalvikvm(12809): GC_CONCURRENT freed 7079K, 34% free 14059K/21176K, paused 7ms+8ms, total 91ms
E/dalvikvm(13099): Could not find class 'org.apache.harmony.xnet.provider.jsse.OpenSSLSocketImpl', referenced from method com.facebook.ssl.openssl.a.b.<clinit>
W/dalvikvm(13099): VFY: unable to resolve const-class 10658 (Lorg/apache/harmony/xnet/provider/jsse/OpenSSLSocketImpl;) in Lcom/facebook/ssl/openssl/a/b;
D/dalvikvm(13099): VFY: replacing opcode 0x1c at 0x000d
E/dalvikvm(13099): Could not find class 'org.apache.harmony.xnet.provider.jsse.OpenSSLSocketFactoryImpl', referenced from method com.facebook.ssl.openssl.b.b.<clinit>
W/dalvikvm(13099): VFY: unable to resolve const-class 10657 (Lorg/apache/harmony/xnet/provider/jsse/OpenSSLSocketFactoryImpl;) in Lcom/facebook/ssl/openssl/b/b;
D/dalvikvm(13099): VFY: replacing opcode 0x1c at 0x000d
E/dalvikvm(13099): Could not find class 'org.apache.harmony.xnet.provider.jsse.SSLParametersImpl', referenced from method com.facebook.ssl.openssl.b.b.a
W/dalvikvm(13099): VFY: unable to resolve check-cast 10660 (Lorg/apache/harmony/xnet/provider/jsse/SSLParametersImpl;) in Lcom/facebook/ssl/openssl/b/b;
D/dalvikvm(13099): VFY: replacing opcode 0x1f at 0x0006
E/dalvikvm(13099): Could not find class 'org.apache.harmony.xnet.provider.jsse.SSLParametersImpl', referenced from method com.facebook.ssl.openssl.b.c.<clinit>
W/dalvikvm(13099): VFY: unable to resolve const-class 10660 (Lorg/apache/harmony/xnet/provider/jsse/SSLParametersImpl;) in Lcom/facebook/ssl/openssl/b/c;
D/dalvikvm(13099): VFY: replacing opcode 0x1c at 0x000d
W/dalvikvm(13099): VFY: unable to find class referenced in signature (Lorg/apache/harmony/xnet/provider/jsse/SSLParametersImpl;)
E/dalvikvm(13099): Could not find class 'org.apache.harmony.xnet.provider.jsse.ClientSessionContext', referenced from method com.facebook.ssl.openssl.b.c.a
W/dalvikvm(13099): VFY: unable to resolve check-cast 10656 (Lorg/apache/harmony/xnet/provider/jsse/ClientSessionContext;) in Lcom/facebook/ssl/openssl/b/c;
D/dalvikvm(13099): VFY: replacing opcode 0x1f at 0x0006
W/dalvikvm(13099): VFY: unable to find class referenced in signature (Lorg/apache/harmony/xnet/provider/jsse/SSLParametersImpl;)
W/dalvikvm(13099): Unable to resolve superclass of Lcom/facebook/ssl/openssl/TicketEnabledOpenSSLSocketImplWrapper; (10659)
W/dalvikvm(13099): Link of class 'Lcom/facebook/ssl/openssl/TicketEnabledOpenSSLSocketImplWrapper;' failed
E/dalvikvm(13099): Could not find class 'com.facebook.ssl.openssl.TicketEnabledOpenSSLSocketImplWrapper', referenced from method com.facebook.ssl.openssl.b.a
W/dalvikvm(13099): VFY: unable to resolve new-instance 7258 (Lcom/facebook/ssl/openssl/TicketEnabledOpenSSLSocketImplWrapper;) in Lcom/facebook/ssl/openssl/b;
D/dalvikvm(13099): VFY: replacing opcode 0x22 at 0x0000
W/dalvikvm(13099): Unable to resolve superclass of Lcom/facebook/ssl/openssl/TicketEnabledOpenSSLSocketImplWrapper; (10659)
W/dalvikvm(13099): Link of class 'Lcom/facebook/ssl/openssl/TicketEnabledOpenSSLSocketImplWrapper;' failed
D/dalvikvm(13099): DexOpt: unable to opt direct call 0x9f40 at 0x08 in Lcom/facebook/ssl/openssl/b;.a
W/msgr(:<default>):a(13099): Attempt to start service that is already started
D/dalvikvm(13099): Trying to load lib /data/app-lib/com.facebook.orca-2/libfbjni.so 0x41fae670
D/dalvikvm(13099): Added shared lib /data/app-lib/com.facebook.orca-2/libfbjni.so 0x41fae670
D/dalvikvm(13099): Trying to load lib /data/app-lib/com.facebook.orca-2/libheartbleed.so 0x41fae670
D/dalvikvm(13099): Added shared lib /data/app-lib/com.facebook.orca-2/libheartbleed.so 0x41fae670
I/SFPerfTracer(  274):      triggers: (rate: 1115:446246) (338845 sw vsyncs) (1044189 skipped) (16:3311705 vsyncs) (18:4149335)
I/dalvikvm(12809): Total arena pages for JIT: 11
D/WifiStateMachine( 1025): handleMessage: E msg.what=151572
D/WifiStateMachine( 1025): processMsg: ConnectedState
D/WifiStateMachine( 1025): processMsg: L2ConnectedState
D/WifiStateMachine( 1025): handleMessage: X
D/zipro   (12979): Zip: EOCD not found, /storage/emulated/0/Download/GiftMe-release.apk is not zip
D/asset   (12979): failed to open Zip archive '/storage/emulated/0/Download/GiftMe-release.apk'
W/PackageParser(12979): Unable to read AndroidManifest.xml of /storage/emulated/0/Download/GiftMe-release.apk
W/PackageParser(12979): java.io.FileNotFoundException: AndroidManifest.xml
W/PackageParser(12979): 	at android.content.res.AssetManager.openXmlAssetNative(Native Method)
W/PackageParser(12979): 	at android.content.res.AssetManager.openXmlBlockAsset(AssetManager.java:488)
W/PackageParser(12979): 	at android.content.res.AssetManager.openXmlResourceParser(AssetManager.java:456)
W/PackageParser(12979): 	at android.content.pm.PackageParser.parsePackage(PackageParser.java:528)
W/PackageParser(12979): 	at android.content.pm.PackageManager.getPackageArchiveInfo(PackageManager.java:2629)
W/PackageParser(12979): 	at com.ghisler.android.TotalCommander.bs.run(SourceFile:482)
W/PackageParser(12979): 	at java.lang.Thread.run(Thread.java:841)
D/zipro   (12979): Zip: EOCD not found, /storage/emulated/0/Download/GiftMe-release.apk is not zip
D/asset   (12979): failed to open Zip archive '/storage/emulated/0/Download/GiftMe-release.apk'
W/PackageParser(12979): Unable to read AndroidManifest.xml of /storage/emulated/0/Download/GiftMe-release.apk
W/PackageParser(12979): java.io.FileNotFoundException: AndroidManifest.xml
W/PackageParser(12979): 	at android.content.res.AssetManager.openXmlAssetNative(Native Method)
W/PackageParser(12979): 	at android.content.res.AssetManager.openXmlBlockAsset(AssetManager.java:488)
W/PackageParser(12979): 	at android.content.res.AssetManager.openXmlResourceParser(AssetManager.java:456)
W/PackageParser(12979): 	at android.content.pm.PackageParser.parsePackage(PackageParser.java:528)
W/PackageParser(12979): 	at android.content.pm.PackageManager.getPackageArchiveInfo(PackageManager.java:2629)
W/PackageParser(12979): 	at com.ghisler.android.TotalCommander.bs.run(SourceFile:482)
W/PackageParser(12979): 	at java.lang.Thread.run(Thread.java:841)
I/dalvikvm(12809): Total arena pages for JIT: 12
I/dalvikvm(12809): Total arena pages for JIT: 13
I/dalvikvm(12809): Total arena pages for JIT: 14
I/dalvikvm(12809): Total arena pages for JIT: 15
D/dalvikvm(12809): Trying to load lib /data/app-lib/com.facebook.katana-1/libmemchunk.so 0x41fbb810
D/dalvikvm(12809): Added shared lib /data/app-lib/com.facebook.katana-1/libmemchunk.so 0x41fbb810
D/WifiStateMachine( 1025): handleMessage: E msg.what=131155
D/WifiStateMachine( 1025): processMsg: ConnectedState
D/WifiStateMachine( 1025): processMsg: L2ConnectedState
D/dalvikvm(12809): Trying to load lib /data/app-lib/com.facebook.katana-1/libfb_png.so 0x41fbb810
D/dalvikvm(12809): Added shared lib /data/app-lib/com.facebook.katana-1/libfb_png.so 0x41fbb810
D/dalvikvm(12809): No JNI_OnLoad found in /data/app-lib/com.facebook.katana-1/libfb_png.so 0x41fbb810, skipping init
D/dalvikvm(12809): Trying to load lib /data/app-lib/com.facebook.katana-1/libwebp.so 0x41fbb810
D/dalvikvm(12809): Added shared lib /data/app-lib/com.facebook.katana-1/libwebp.so 0x41fbb810
D/dalvikvm(12809): No JNI_OnLoad found in /data/app-lib/com.facebook.katana-1/libwebp.so 0x41fbb810, skipping init
D/WifiStateMachine( 1025): handleMessage: X
D/dalvikvm(12809): Trying to load lib /data/app-lib/com.facebook.katana-1/libfb_jpegturbo.so 0x41fbb810
D/WifiStateMachine( 1025): handleMessage: E msg.what=151572
D/WifiStateMachine( 1025): processMsg: ConnectedState
D/WifiStateMachine( 1025): processMsg: L2ConnectedState
D/dalvikvm(12809): Added shared lib /data/app-lib/com.facebook.katana-1/libfb_jpegturbo.so 0x41fbb810
D/dalvikvm(12809): No JNI_OnLoad found in /data/app-lib/com.facebook.katana-1/libfb_jpegturbo.so 0x41fbb810, skipping init
D/dalvikvm(12809): Trying to load lib /data/app-lib/com.facebook.katana-1/libimagepipeline.so 0x41fbb810
D/dalvikvm(12809): Added shared lib /data/app-lib/com.facebook.katana-1/libimagepipeline.so 0x41fbb810
D/WifiStateMachine( 1025): handleMessage: X
I/dalvikvm(12809): Jit: resizing JitTable from 4096 to 8192
D/zipro   (12979): Zip: EOCD not found, /storage/emulated/0/Download/GiftMe-release.apk is not zip
D/asset   (12979): failed to open Zip archive '/storage/emulated/0/Download/GiftMe-release.apk'
W/PackageParser(12979): Unable to read AndroidManifest.xml of /storage/emulated/0/Download/GiftMe-release.apk
W/PackageParser(12979): java.io.FileNotFoundException: AndroidManifest.xml
W/PackageParser(12979): 	at android.content.res.AssetManager.openXmlAssetNative(Native Method)
W/PackageParser(12979): 	at android.content.res.AssetManager.openXmlBlockAsset(AssetManager.java:488)
W/PackageParser(12979): 	at android.content.res.AssetManager.openXmlResourceParser(AssetManager.java:456)
W/PackageParser(12979): 	at android.content.pm.PackageParser.parsePackage(PackageParser.java:528)
W/PackageParser(12979): 	at android.content.pm.PackageManager.getPackageArchiveInfo(PackageManager.java:2629)
W/PackageParser(12979): 	at com.ghisler.android.TotalCommander.bs.run(SourceFile:482)
W/PackageParser(12979): 	at java.lang.Thread.run(Thread.java:841)
I/SFPerfTracer(  274):      triggers: (rate: 1248:49529) (compose: 0:251) (post: 0:20) (render: 84:10545) (0:778428 frames) (1:3293818)
D/SFPerfTracer(  274):        layers: (3:9) (DimLayer: 0:158)* (DimLayer: 0:124)* (FocusedStackFrame: 0:21419)* (StatusBar: 0:263169) (NavigationBar: 0:202040) (DimLayer: 0:24233)* (DimLayer: 0:4642)* (com.android.wallpaper.fall.FallWallpaper: 0:8996)* (com.ghisler.android.TotalCommander/com.ghisler.android.TotalCommander.TotalCommander: 1:164) 
D/dalvikvm(12809): GC_EXPLICIT freed 5505K, 30% free 14875K/21176K, paused 7ms+8ms, total 101ms
D/WifiStateMachine( 1025): handleMessage: E msg.what=151572
D/WifiStateMachine( 1025): processMsg: ConnectedState
D/WifiStateMachine( 1025): processMsg: L2ConnectedState
D/WifiStateMachine( 1025): handleMessage: X
D/zipro   (12979): Zip: EOCD not found, /storage/emulated/0/Download/GiftMe-release.apk is not zip
D/asset   (12979): failed to open Zip archive '/storage/emulated/0/Download/GiftMe-release.apk'
W/PackageParser(12979): Unable to read AndroidManifest.xml of /storage/emulated/0/Download/GiftMe-release.apk
W/PackageParser(12979): java.io.FileNotFoundException: AndroidManifest.xml
W/PackageParser(12979): 	at android.content.res.AssetManager.openXmlAssetNative(Native Method)
W/PackageParser(12979): 	at android.content.res.AssetManager.openXmlBlockAsset(AssetManager.java:488)
W/PackageParser(12979): 	at android.content.res.AssetManager.openXmlResourceParser(AssetManager.java:456)
W/PackageParser(12979): 	at android.content.pm.PackageParser.parsePackage(PackageParser.java:528)
W/PackageParser(12979): 	at android.content.pm.PackageManager.getPackageArchiveInfo(PackageManager.java:2629)
W/PackageParser(12979): 	at com.ghisler.android.TotalCommander.bs.run(SourceFile:482)
W/PackageParser(12979): 	at java.lang.Thread.run(Thread.java:841)
I/SFPerfTracer(  274):      triggers: (rate: 1115:446246) (338845 sw vsyncs) (1044189 skipped) (34:3311814 vsyncs) (36:4149460)
D/WifiStateMachine( 1025): handleMessage: E msg.what=151572
D/WifiStateMachine( 1025): processMsg: ConnectedState
D/WifiStateMachine( 1025): processMsg: L2ConnectedState
D/WifiStateMachine( 1025): handleMessage: X
D/zipro   (12979): Zip: EOCD not found, /storage/emulated/0/Download/GiftMe-release.apk is not zip
D/asset   (12979): failed to open Zip archive '/storage/emulated/0/Download/GiftMe-release.apk'
W/PackageParser(12979): Unable to read AndroidManifest.xml of /storage/emulated/0/Download/GiftMe-release.apk
W/PackageParser(12979): java.io.FileNotFoundException: AndroidManifest.xml
W/PackageParser(12979): 	at android.content.res.AssetManager.openXmlAssetNative(Native Method)
W/PackageParser(12979): 	at android.content.res.AssetManager.openXmlBlockAsset(AssetManager.java:488)
W/PackageParser(12979): 	at android.content.res.AssetManager.openXmlResourceParser(AssetManager.java:456)
W/PackageParser(12979): 	at android.content.pm.PackageParser.parsePackage(PackageParser.java:528)
W/PackageParser(12979): 	at android.content.pm.PackageManager.getPackageArchiveInfo(PackageManager.java:2629)
W/PackageParser(12979): 	at com.ghisler.android.TotalCommander.bs.run(SourceFile:482)
W/PackageParser(12979): 	at java.lang.Thread.run(Thread.java:841)
I/ActivityManager( 1025): Process com.paypal.android.p2pmobile (pid 12996) has died.
W/ActivityManager( 1025): Scheduling restart of crashed service com.paypal.android.p2pmobile/.services.WalletService in 4000ms
W/ActivityManager( 1025): Scheduling restart of crashed service com.paypal.android.p2pmobile/.services.AtoService in 44000ms
D/zipro   (12979): Zip: EOCD not found, /storage/emulated/0/Download/GiftMe-release.apk is not zip
D/asset   (12979): failed to open Zip archive '/storage/emulated/0/Download/GiftMe-release.apk'
W/PackageParser(12979): Unable to read AndroidManifest.xml of /storage/emulated/0/Download/GiftMe-release.apk
W/PackageParser(12979): java.io.FileNotFoundException: AndroidManifest.xml
W/PackageParser(12979): 	at android.content.res.AssetManager.openXmlAssetNative(Native Method)
W/PackageParser(12979): 	at android.content.res.AssetManager.openXmlBlockAsset(AssetManager.java:488)
W/PackageParser(12979): 	at android.content.res.AssetManager.openXmlResourceParser(AssetManager.java:456)
W/PackageParser(12979): 	at android.content.pm.PackageParser.parsePackage(PackageParser.java:528)
W/PackageParser(12979): 	at android.content.pm.PackageManager.getPackageArchiveInfo(PackageManager.java:2629)
W/PackageParser(12979): 	at com.ghisler.android.TotalCommander.bs.run(SourceFile:482)
W/PackageParser(12979): 	at java.lang.Thread.run(Thread.java:841)
W/BroadcastQueue( 1025): Permission Denial: broadcasting Intent { act=android.net.conn.INET_CONDITION_ACTION flg=0x4000010 (has extras) } from null (pid=-1, uid=-1) requires com.facebook.permission.prod.FB_APP_COMMUNICATION due to registered receiver BroadcastFilter{42be3d00 u0 ReceiverList{42881708 13099 com.facebook.orca/10147/u0 remote:42015fd0}}
W/BroadcastQueue( 1025): Permission Denial: broadcasting Intent { act=android.net.conn.CONNECTIVITY_CHANGE flg=0x4000010 (has extras) } from null (pid=-1, uid=-1) requires com.facebook.permission.prod.FB_APP_COMMUNICATION due to registered receiver BroadcastFilter{42be3d00 u0 ReceiverList{42881708 13099 com.facebook.orca/10147/u0 remote:42015fd0}}
W/dalvikvm(13099): Unable to resolve superclass of Lcom/facebook/push/adm/ADMBroadcastReceiver; (566)
W/dalvikvm(13099): Link of class 'Lcom/facebook/push/adm/ADMBroadcastReceiver;' failed
E/dalvikvm(13099): Could not find class 'com.facebook.push.adm.ADMBroadcastReceiver', referenced from method com.facebook.push.adm.a.b
W/dalvikvm(13099): VFY: unable to resolve const-class 6907 (Lcom/facebook/push/adm/ADMBroadcastReceiver;) in Lcom/facebook/push/adm/a;
D/dalvikvm(13099): VFY: replacing opcode 0x1c at 0x000e
W/msgr(:<default>):a(13099): Attempt to start service that is already started
W/msgr(:<default>):a(13099): Attempt to start service that is already started
D/WifiStateMachine( 1025): handleMessage: E msg.what=131155
D/WifiStateMachine( 1025): processMsg: ConnectedState
D/WifiStateMachine( 1025): processMsg: L2ConnectedState
D/WifiStateMachine( 1025): handleMessage: X
D/WifiStateMachine( 1025): handleMessage: E msg.what=151572
D/WifiStateMachine( 1025): processMsg: ConnectedState
D/WifiStateMachine( 1025): processMsg: L2ConnectedState
D/WifiStateMachine( 1025): handleMessage: X
W/BroadcastQueue( 1025): Permission Denial: broadcasting Intent { act=android.net.conn.CONNECTIVITY_CHANGE flg=0x4000010 (has extras) } from null (pid=-1, uid=-1) requires com.facebook.permission.prod.FB_APP_COMMUNICATION due to registered receiver BroadcastFilter{42c261e8 u0 ReceiverList{42c281d8 13099 com.facebook.orca/10147/u0 remote:42c33f28}}
I/SFPerfTracer(  274):      triggers: (rate: 1248:49529) (compose: 0:251) (post: 0:20) (render: 84:10545) (0:778428 frames) (1:3293918)
D/SFPerfTracer(  274):        layers: (3:9) (DimLayer: 0:158)* (DimLayer: 0:124)* (FocusedStackFrame: 0:21419)* (StatusBar: 0:263172) (NavigationBar: 0:202040) (DimLayer: 0:24233)* (DimLayer: 0:4642)* (com.android.wallpaper.fall.FallWallpaper: 0:8996)* (com.ghisler.android.TotalCommander/com.ghisler.android.TotalCommander.TotalCommander: 1:263) 
D/zipro   (12979): Zip: EOCD not found, /storage/emulated/0/Download/GiftMe-release.apk is not zip
D/asset   (12979): failed to open Zip archive '/storage/emulated/0/Download/GiftMe-release.apk'
W/PackageParser(12979): Unable to read AndroidManifest.xml of /storage/emulated/0/Download/GiftMe-release.apk
W/PackageParser(12979): java.io.FileNotFoundException: AndroidManifest.xml
W/PackageParser(12979): 	at android.content.res.AssetManager.openXmlAssetNative(Native Method)
W/PackageParser(12979): 	at android.content.res.AssetManager.openXmlBlockAsset(AssetManager.java:488)
W/PackageParser(12979): 	at android.content.res.AssetManager.openXmlResourceParser(AssetManager.java:456)
W/PackageParser(12979): 	at android.content.pm.PackageParser.parsePackage(PackageParser.java:528)
W/PackageParser(12979): 	at android.content.pm.PackageManager.getPackageArchiveInfo(PackageManager.java:2629)
W/PackageParser(12979): 	at com.ghisler.android.TotalCommander.bs.run(SourceFile:482)
W/PackageParser(12979): 	at java.lang.Thread.run(Thread.java:841)
D/WifiStateMachine( 1025): handleMessage: E msg.what=151572
D/WifiStateMachine( 1025): processMsg: ConnectedState
D/WifiStateMachine( 1025): processMsg: L2ConnectedState
D/WifiStateMachine( 1025): handleMessage: X
D/zipro   (12979): Zip: EOCD not found, /storage/emulated/0/Download/GiftMe-release.apk is not zip
D/asset   (12979): failed to open Zip archive '/storage/emulated/0/Download/GiftMe-release.apk'
W/PackageParser(12979): Unable to read AndroidManifest.xml of /storage/emulated/0/Download/GiftMe-release.apk
W/PackageParser(12979): java.io.FileNotFoundException: AndroidManifest.xml
W/PackageParser(12979): 	at android.content.res.AssetManager.openXmlAssetNative(Native Method)
W/PackageParser(12979): 	at android.content.res.AssetManager.openXmlBlockAsset(AssetManager.java:488)
W/PackageParser(12979): 	at android.content.res.AssetManager.openXmlResourceParser(AssetManager.java:456)
W/PackageParser(12979): 	at android.content.pm.PackageParser.parsePackage(PackageParser.java:528)
W/PackageParser(12979): 	at android.content.pm.PackageManager.getPackageArchiveInfo(PackageManager.java:2629)
W/PackageParser(12979): 	at com.ghisler.android.TotalCommander.bs.run(SourceFile:482)
W/PackageParser(12979): 	at java.lang.Thread.run(Thread.java:841)
W/PackageParser(12979): No actions in intent filter at /storage/emulated/0/Download/GiftMe-release.apk Binary XML file line #15
I/SFPerfTracer(  274):      triggers: (rate: 1115:446246) (338845 sw vsyncs) (1044189 skipped) (20:3311917 vsyncs) (22:4149580)
D/WifiStateMachine( 1025): handleMessage: E msg.what=151572
D/WifiStateMachine( 1025): processMsg: ConnectedState
D/WifiStateMachine( 1025): processMsg: L2ConnectedState
I/SBar.NetworkController( 1119): refreshSignalCluster: mobile: Signal=zz_moto_stat_sys_signal_3_fully_wide Roaming=(none) mSimIconId=(none) Accessibility="Phone three bars.","Not roaming.",""
D/WifiStateMachine( 1025): handleMessage: X
I/SFPerfTracer(  274):      triggers: (rate: 1248:49529) (compose: 0:251) (post: 0:20) (render: 84:10545) (0:778428 frames) (1:3294018)
D/SFPerfTracer(  274):        layers: (3:9) (DimLayer: 0:158)* (DimLayer: 0:124)* (FocusedStackFrame: 0:21419)* (StatusBar: 0:263174) (NavigationBar: 0:202040) (DimLayer: 0:24233)* (DimLayer: 0:4642)* (com.android.wallpaper.fall.FallWallpaper: 0:8996)* (com.ghisler.android.TotalCommander/com.ghisler.android.TotalCommander.TotalCommander: 1:362) 
D/WifiStateMachine( 1025): handleMessage: E msg.what=131155
D/WifiStateMachine( 1025): processMsg: ConnectedState
D/WifiStateMachine( 1025): processMsg: L2ConnectedState
D/WifiStateMachine( 1025): handleMessage: X
D/WifiStateMachine( 1025): handleMessage: E msg.what=151572
D/WifiStateMachine( 1025): processMsg: ConnectedState
D/WifiStateMachine( 1025): processMsg: L2ConnectedState
D/Ulp_jni ( 1025): Location CB invoked
D/WifiStateMachine( 1025): handleMessage: X
I/ActivityManager( 1025): Start proc com.paypal.android.p2pmobile for service com.paypal.android.p2pmobile/.services.WalletService: pid=13256 uid=10156 gids={50156, 3003, 1028, 1015}
I/ActivityManager( 1025): Process com.bambuna.podcastaddict (pid 31631) has died.
W/ActivityManager( 1025): Scheduling restart of crashed service com.bambuna.podcastaddict/.service.PodcastAddictService in 1000ms
I/Crashlytics(13256): Initializing Crashlytics 1.1.13.29
W/Settings(13256): Setting airplane_mode_on has moved from android.provider.Settings.System to android.provider.Settings.Global, returning read-only value.
W/PackageParser(12979): No actions in intent filter at /storage/emulated/0/Download/GiftMe-release.apk Binary XML file line #15
D/WifiStateMachine( 1025): handleMessage: E msg.what=151572
D/WifiStateMachine( 1025): processMsg: ConnectedState
D/WifiStateMachine( 1025): processMsg: L2ConnectedState
D/WifiStateMachine( 1025): handleMessage: X
W/dalvikvm(13256): VFY: unable to find class referenced in signature (Ljava/nio/file/Path;)
W/dalvikvm(13256): VFY: unable to find class referenced in signature ([Ljava/nio/file/OpenOption;)
I/dalvikvm(13256): Could not find method java.nio.file.Files.newOutputStream, referenced from method okio.Okio.sink
W/dalvikvm(13256): VFY: unable to resolve static method 47781: Ljava/nio/file/Files;.newOutputStream (Ljava/nio/file/Path;[Ljava/nio/file/OpenOption;)Ljava/io/OutputStream;
D/dalvikvm(13256): VFY: replacing opcode 0x71 at 0x000a
D/WifiService( 1025): Client connection lost with reason: 4
I/ActivityManager( 1025): Start proc com.bambuna.podcastaddict for service com.bambuna.podcastaddict/.service.PodcastAddictService: pid=13313 uid=10113 gids={50113, 3003, 1028, 1015, 3002}
I/ActivityManager( 1025): Process com.facebook.katana (pid 12809) has died.
W/ActivityManager( 1025): Scheduling restart of crashed service com.facebook.katana/com.facebook.push.mqtt.service.MqttPushService in 85487616ms
W/ActivityManager( 1025): Scheduling restart of crashed service com.facebook.katana/com.facebook.analytics.service.AnalyticsService in 1000ms
W/dalvikvm(13256): VFY: unable to find class referenced in signature (Ljava/nio/file/Path;)
W/dalvikvm(13256): VFY: unable to find class referenced in signature ([Ljava/nio/file/OpenOption;)
I/dalvikvm(13256): Could not find method java.nio.file.Files.newInputStream, referenced from method okio.Okio.source
W/dalvikvm(13256): VFY: unable to resolve static method 47780: Ljava/nio/file/Files;.newInputStream (Ljava/nio/file/Path;[Ljava/nio/file/OpenOption;)Ljava/io/InputStream;
D/dalvikvm(13256): VFY: replacing opcode 0x71 at 0x000a
I/Fabric  (13313): Initializing Crashlytics 2.0.0.15
E/cutils  (  261): Failed to mkdirat(/storage/sdcard1/Android): Read-only file system
W/Vold    (  261): Returning OperationFailed - no handler for errno 30
W/ContextImpl(13313): Failed to ensure directory: /storage/sdcard1/Android/data/com.bambuna.podcastaddict/files
W/ServerHelper(13313): sendServerDataAsync()
E/PodcastAddictService(13313): starting service: #695
I/CleanupHelper(13313): setupAutoTrashCleanerService()
W/GAV2    (13313): Thread[z,1,main]: Need to call initialize() and be in fallback mode to start dispatch.
W/GAV2    (13313): Thread[z,1,main]: dispatch call queued.  Need to call GAServiceManager.getInstance().initialize().
I/ActivityManager( 1025): START u0 {act=android.intent.action.VIEW dat=file:///storage/emulated/0/Download/GiftMe-release.apk typ=application/vnd.android.package-archive flg=0x10000000 cmp=com.android.packageinstaller/.PackageInstallerActivity} from pid 12979
W/ActivityManager( 1025): Activity is launching as a new task, so cancelling activity result.
W/ContextImpl( 1295): Calling a method in the system process without a qualified user: android.app.ContextImpl.sendBroadcast:1252 android.content.ContextWrapper.sendBroadcast:365 com.motorola.motocare.util.TriggerHelper$TriggerBuilder.send:76 com.motorola.motocare.internal.frameworkevents.PauseResumeTrigger.handleFrameworkEvent:53 com.motorola.motocare.internal.frameworkevents.FwEventMonitor$FrameworkListener.processFrameworkEvent:114 
D/WifiStateMachine( 1025): handleMessage: E msg.what=151572
D/WifiStateMachine( 1025): processMsg: ConnectedState
D/WifiStateMachine( 1025): processMsg: L2ConnectedState
I/ActivityManager( 1025): Start proc com.android.packageinstaller for activity com.android.packageinstaller/.PackageInstallerActivity: pid=13378 uid=10085 gids={50085, 1028}
D/WifiStateMachine( 1025): handleMessage: X
W/ContextImpl( 1295): Calling a method in the system process without a qualified user: android.app.ContextImpl.sendBroadcast:1252 android.content.ContextWrapper.sendBroadcast:365 com.motorola.motocare.util.TriggerHelper$TriggerBuilder.send:76 com.motorola.motocare.internal.frameworkevents.PauseResumeTrigger.handleFrameworkEvent:53 com.motorola.motocare.internal.frameworkevents.FwEventMonitor$FrameworkListener.processFrameworkEvent:114 
W/PackageParser(13378): No actions in intent filter at /storage/emulated/0/Download/GiftMe-release.apk Binary XML file line #15
D/Volley  (13256): [439757] DiskBasedCache.put: Could not clean up file /dev/null/2104200534-2080476595
E/cutils  (  261): Failed to mkdirat(/storage/sdcard1/Android): Read-only file system
W/Vold    (  261): Returning OperationFailed - no handler for errno 30
W/ContextImpl(12979): Failed to ensure directory: /storage/sdcard1/Android/data/com.ghisler.android.TotalCommander/files
D/Util    (13256): Just stored value eyJhbGciOiJIUzI1NiIsInR5cCI6IkpXVCJ9.eyJhdXRoX3RpbWUiOjE0Mjk4MTU2NTEsImV4cCI6MTQyOTgxNjU1MSwic3ViIjoiaHR0cHM6Ly93d3cucGF5cGFsLmNvbS93ZWJhcHBzL2F1dGgvaWRlbnRpdHkvdXNlci9Gd1VHb0M5Um5waWFnTHltYTktWVV5cmo4Tkw3T3RyVEh1QlJtYWgtbzFNIiwibm9uY2UiOiIyMDE1LTA0LTIzVDE5OjAwOjUxWlotRlEwSEdWLUVVdmxXV0dNQldKUGciLCJhdWQiOiJBVjhoZEJCTTgweGxnS3NELU9hT1F4ZWVIWEpsWmxhQ3ZYV2dWcHZVcVpNVGRUWHk5cG1mRVh0RTFsQ3EiLCJpc3MiOiJodHRwczovL2FwaS5wYXlwYWwuY29tIn0.kGCK_-tlEyWu4eDlKYuzQGi2Rge
I/Adreno-EGL(13378): <qeglDrvAPI_eglInitialize:410>: EGL 1.4 QUALCOMM build: AU_LINUX_ANDROID_LNX.LA.3.5.1_RB1.04.04.02.048.018_msm8226_LNX.LA.3.5.1_RB1__release_AU ()
I/Adreno-EGL(13378): OpenGL ES Shader Compiler Version: E031.24.00.08
I/Adreno-EGL(13378): Build Date: 03/07/14 Fri
I/Adreno-EGL(13378): Local Branch: 
I/Adreno-EGL(13378): Remote Branch: quic/LNX.LA.3.5.1_RB1.1
I/Adreno-EGL(13378): Local Patches: NONE
I/Adreno-EGL(13378): Reconstruct Branch: AU_LINUX_ANDROID_LNX.LA.3.5.1_RB1.04.04.02.048.018 + f2fd134 +  NOTHING
I/SFPerfTracer(  274):      triggers: (rate: 1115:446246) (338845 sw vsyncs) (1044189 skipped) (41:3312031 vsyncs) (43:4149715)
D/OpenGLRenderer(13378): Enabling debug mode 0
V/RenderScript(13378): 0x6055aa80 Launching thread(s), CPUs 4
I/LaunchCheckinHandler( 1025): Displayed com.android.packageinstaller/.PackageInstallerActivity,cp,ca,875
I/ActivityManager( 1025): Displayed com.android.packageinstaller/.PackageInstallerActivity: +875ms
D/WifiStateMachine( 1025): handleMessage: E msg.what=151572
D/WifiStateMachine( 1025): processMsg: ConnectedState
D/WifiStateMachine( 1025): processMsg: L2ConnectedState
D/WifiStateMachine( 1025): handleMessage: X
D/WifiStateMachine( 1025): handleMessage: E msg.what=131155
D/WifiStateMachine( 1025): processMsg: ConnectedState
D/WifiStateMachine( 1025): processMsg: L2ConnectedState
D/WifiStateMachine( 1025): handleMessage: X
I/SFPerfTracer(  274):      triggers: (rate: 1248:49531) (compose: 0:251) (post: 0:20) (render: 84:10545) (0:778495 frames) (1:3294118)
D/SFPerfTracer(  274):        layers: (3:12) (DimLayer: 0:158)* (DimLayer: 0:124)* (FocusedStackFrame: 0:21427)* (StatusBar: 0:263176) (NavigationBar: 0:202040) (DimLayer: 0:24258)* (DimLayer: 0:4644)* (com.android.wallpaper.fall.FallWallpaper: 0:8996)* (com.ghisler.android.TotalCommander/com.ghisler.android.TotalCommander.TotalCommander: 0:385)* (GiftMe-release.apk: 0:33)* (Starting com.android.packageinstaller: 0:40)* (com.android.packageinstaller/com.android.packageinstaller.PackageInstallerActivity: 1:17) 
D/WifiStateMachine( 1025): handleMessage: E msg.what=151572
D/WifiStateMachine( 1025): processMsg: ConnectedState
D/WifiStateMachine( 1025): processMsg: L2ConnectedState
D/WifiStateMachine( 1025): handleMessage: X
I/ActivityManager( 1025): START u0 {dat=file:///storage/emulated/0/Download/GiftMe-release.apk cmp=com.android.packageinstaller/.InstallAppProgress (has extras)} from pid 13378
W/ContextImpl( 1295): Calling a method in the system process without a qualified user: android.app.ContextImpl.sendBroadcast:1252 android.content.ContextWrapper.sendBroadcast:365 com.motorola.motocare.util.TriggerHelper$TriggerBuilder.send:76 com.motorola.motocare.internal.frameworkevents.PauseResumeTrigger.handleFrameworkEvent:53 com.motorola.motocare.internal.frameworkevents.FwEventMonitor$FrameworkListener.processFrameworkEvent:114 
W/ContextImpl( 1295): Calling a method in the system process without a qualified user: android.app.ContextImpl.sendBroadcast:1252 android.content.ContextWrapper.sendBroadcast:365 com.motorola.motocare.util.TriggerHelper$TriggerBuilder.send:76 com.motorola.motocare.internal.frameworkevents.PauseResumeTrigger.handleFrameworkEvent:53 com.motorola.motocare.internal.frameworkevents.FwEventMonitor$FrameworkListener.processFrameworkEvent:114 
W/InstallAppProgress(13378): Replacing package:co.giftmeapp.gift_me
I/ActivityManager( 1025): Start proc com.android.defcontainer for service com.android.defcontainer/.DefaultContainerService: pid=13429 uid=10013 gids={50013, 1028, 1015, 1023, 2001, 1035}
I/LaunchCheckinHandler( 1025): Displayed com.android.packageinstaller/.InstallAppProgress,wp,ca,157
I/ActivityManager( 1025): Displayed com.android.packageinstaller/.InstallAppProgress: +157ms
W/ActivityManager( 1025): No content provider found for permission revoke: file:///storage/emulated/0/Download/GiftMe-release.apk
I/ActivityManager( 1025): Start proc com.android.vending for broadcast com.android.vending/com.google.android.vending.verifier.PackageVerificationReceiver: pid=13452 uid=10039 gids={50039, 3003, 1028, 1015}
D/Finsky  (13452): [1] FinskyApp.onCreate: Initializing network with DFE https://android.clients.google.com/fdfe/
D/Finsky  (13452): [1] DailyHygiene.goMakeHygieneIfDirty: No need to run daily hygiene.
W/Settings(13452): Setting download_manager_max_bytes_over_mobile has moved from android.provider.Settings.Secure to android.provider.Settings.Global.
W/Settings(13452): Setting download_manager_recommended_max_bytes_over_mobile has moved from android.provider.Settings.Secure to android.provider.Settings.Global.
I/dalvikvm(13452): Could not find method com.google.android.play.layout.PlayCardViewBase.setTransitionName, referenced from method com.google.android.finsky.utils.PlayCardUtils.bindCard
W/dalvikvm(13452): VFY: unable to resolve virtual method 42705: Lcom/google/android/play/layout/PlayCardViewBase;.setTransitionName (Ljava/lang/String;)V
D/dalvikvm(13452): VFY: replacing opcode 0x6e at 0x00d9
I/dalvikvm(13452): Could not find method com.google.android.play.layout.PlayCardViewBase.setTransitionGroup, referenced from method com.google.android.finsky.utils.PlayCardUtils.bindCard
W/dalvikvm(13452): VFY: unable to resolve virtual method 42704: Lcom/google/android/play/layout/PlayCardViewBase;.setTransitionGroup (Z)V
D/dalvikvm(13452): VFY: replacing opcode 0x6e at 0x0246
I/dalvikvm(13452): Could not find method android.view.View.getTransitionName, referenced from method com.google.android.finsky.navigationmanager.NavigationManager.showPage
W/dalvikvm(13452): VFY: unable to resolve virtual method 9352: Landroid/view/View;.getTransitionName ()Ljava/lang/String;
D/dalvikvm(13452): VFY: replacing opcode 0x6e at 0x001a
D/Finsky  (13452): [1] PackageVerificationReceiver.onReceive: Verification requested, id = 211
D/Finsky  (13452): [1] 2.run: Loaded library for account: [gKXbJhL8NA2nPUzZyFpjB6tKi7U]
D/Finsky  (13452): [1] 2.run: Finished loading 1 libraries.
D/Finsky  (13452): [1] WorkerTask.onPreExecute: Verification Requested for id = 211, data=file:///storage/emulated/0/Download/GiftMe-release.apk flags=18 fromVerificationActivity=false
W/PackageParser(13452): No actions in intent filter at /storage/emulated/0/Download/GiftMe-release.apk Binary XML file line #15
D/WifiStateMachine( 1025): handleMessage: E msg.what=151572
D/WifiStateMachine( 1025): processMsg: ConnectedState
D/WifiStateMachine( 1025): processMsg: L2ConnectedState
D/WifiStateMachine( 1025): handleMessage: X
D/dalvikvm( 1025): JIT code cache reset in 3 ms (1535944 bytes 398/0)
D/dalvikvm( 1025): GC_EXPLICIT freed 2075K, 41% free 30186K/50444K, paused 5ms+22ms, total 175ms
D/Finsky  (13452): [1] GmsCoreHelper.cleanupNlp: result=false type=4
D/Finsky  (13452): [1] RestoreTracker.stopServiceIfDone: Restore complete with 0 success and 0 failed.
D/dalvikvm(10730): GC_EXPLICIT freed 490K, 46% free 9451K/17224K, paused 2ms+5ms, total 31ms
I/SFPerfTracer(  274):      triggers: (rate: 1115:446246) (338845 sw vsyncs) (1044189 skipped) (21:3312123 vsyncs) (23:4149823)
D/WifiStateMachine( 1025): handleMessage: E msg.what=151572
D/WifiStateMachine( 1025): processMsg: ConnectedState
D/WifiStateMachine( 1025): processMsg: L2ConnectedState
D/WifiStateMachine( 1025): handleMessage: X
D/WifiStateMachine( 1025): handleMessage: E msg.what=131155
D/WifiStateMachine( 1025): processMsg: ConnectedState
D/WifiStateMachine( 1025): processMsg: L2ConnectedState
D/WifiStateMachine( 1025): handleMessage: X
W/ContextImpl(13313): Implicit intents with startService are not safe: Intent { act=com.google.android.gms.analytics.service.START (has extras) } android.content.ContextWrapper.bindService:517 com.google.analytics.tracking.android.AnalyticsGmsCoreClient.b:82 com.google.analytics.tracking.android.GAServiceProxy.j:279 
I/GAV2    (13313): Thread[GAThread,1,main]: No campaign data found.
D/WifiStateMachine( 1025): handleMessage: E msg.what=151572
D/WifiStateMachine( 1025): processMsg: ConnectedState
D/WifiStateMachine( 1025): processMsg: L2ConnectedState
D/WifiStateMachine( 1025): handleMessage: X
I/SFPerfTracer(  274):      triggers: (rate: 1248:49531) (compose: 0:251) (post: 0:20) (render: 84:10545) (0:778513 frames) (1:3294218)
D/SFPerfTracer(  274):        layers: (3:10) (DimLayer: 0:158)* (DimLayer: 0:124)* (FocusedStackFrame: 0:21432)* (StatusBar: 0:263179) (NavigationBar: 0:202040) (DimLayer: 0:24258)* (DimLayer: 0:4646)* (com.android.wallpaper.fall.FallWallpaper: 0:8996)* (com.android.packageinstaller/com.android.packageinstaller.PackageInstallerActivity: 0:49)* (com.android.packageinstaller/com.android.packageinstaller.InstallAppProgress: 1:85) 
I/SFPerfTracer(  274):      triggers: (rate: 1115:446246) (338845 sw vsyncs) (1044189 skipped) (0:3312141 vsyncs) (2:4149925)
D/WifiStateMachine( 1025): handleMessage: E msg.what=151572
D/WifiStateMachine( 1025): processMsg: ConnectedState
D/WifiStateMachine( 1025): processMsg: L2ConnectedState
D/WifiStateMachine( 1025): handleMessage: X
D/dalvikvm(13452): GC_CONCURRENT freed 6388K, 38% free 10718K/17224K, paused 3ms+7ms, total 43ms
I/qtaguid (13452): Failed write_ctrl(u 64) res=-1 errno=22
I/qtaguid (13452): Untagging socket 64 failed errno=-22
W/NetworkManagementSocketTagger(13452): untagSocket(64) failed with errno -22
D/Finsky  (13452): [1] 2.onResponse: Verification id=211 response=0
D/Finsky  (13452): [1] PackageVerificationReceiver.onReceive: Verification requested, id = 211
D/WifiStateMachine( 1025): handleMessage: E msg.what=151572
D/WifiStateMachine( 1025): processMsg: ConnectedState
D/WifiStateMachine( 1025): processMsg: L2ConnectedState
D/WifiStateMachine( 1025): handleMessage: X
D/WifiStateMachine( 1025): handleMessage: E msg.what=131155
D/WifiStateMachine( 1025): processMsg: ConnectedState
D/WifiStateMachine( 1025): processMsg: L2ConnectedState
D/WifiStateMachine( 1025): handleMessage: X
I/ActivityManager( 1025): Process com.android.vending (pid 13452) has died.
W/ActivityManager( 1025): No content provider found for permission revoke: file:///storage/emulated/0/Download/GiftMe-release.apk
I/PackageManager( 1025): Copying native libraries to /data/app-lib/vmdl167669100
W/PackageParser( 1025): No actions in intent filter at /data/app/vmdl167669100.tmp Binary XML file line #15
D/WifiStateMachine( 1025): handleMessage: E msg.what=151572
D/WifiStateMachine( 1025): processMsg: ConnectedState
D/WifiStateMachine( 1025): processMsg: L2ConnectedState
D/Ulp_jni ( 1025): Location CB invoked
D/WifiStateMachine( 1025): handleMessage: X
I/SFPerfTracer(  274):      triggers: (rate: 1115:446246) (338845 sw vsyncs) (1044189 skipped) (21:3312180 vsyncs) (23:4150042)
D/WifiStateMachine( 1025): handleMessage: E msg.what=151572
D/WifiStateMachine( 1025): processMsg: ConnectedState
D/WifiStateMachine( 1025): processMsg: L2ConnectedState
D/WifiStateMachine( 1025): handleMessage: X
V/AlarmManager( 1025): sending alarm Alarm{42c73eb8 type 3 android}
I/SFPerfTracer(  274):      triggers: (rate: 1248:49531) (compose: 0:251) (post: 0:20) (render: 84:10545) (0:778513 frames) (1:3294318)
D/SFPerfTracer(  274):        layers: (3:9) (DimLayer: 0:158)* (DimLayer: 0:124)* (FocusedStackFrame: 0:21432)* (StatusBar: 0:263184) (NavigationBar: 0:202040) (DimLayer: 0:24258)* (DimLayer: 0:4646)* (com.android.wallpaper.fall.FallWallpaper: 0:8996)* (com.android.packageinstaller/com.android.packageinstaller.InstallAppProgress: 1:180) 
D/WifiStateMachine( 1025): handleMessage: E msg.what=151572
D/WifiStateMachine( 1025): processMsg: ConnectedState
D/WifiStateMachine( 1025): processMsg: L2ConnectedState
D/WifiStateMachine( 1025): handleMessage: X
I/ActivityManager( 1025): Force stopping co.giftmeapp.gift_me appid=10155 user=-1: uninstall pkg
D/WifiStateMachine( 1025): handleMessage: E msg.what=131155
D/WifiStateMachine( 1025): processMsg: ConnectedState
D/WifiStateMachine( 1025): processMsg: L2ConnectedState
D/WifiStateMachine( 1025): handleMessage: X
I/PackageManager( 1025): Package co.giftmeapp.gift_me codePath changed from /data/app/co.giftmeapp.gift_me-2.apk to /data/app/co.giftmeapp.gift_me-1.apk; Retaining data and using new
I/PackageManager( 1025): Running dexopt on: co.giftmeapp.gift_me
I/SFPerfTracer(  274):      triggers: (rate: 1115:446246) (338845 sw vsyncs) (1044189 skipped) (0:3312180 vsyncs) (2:4150144)
D/WifiStateMachine( 1025): handleMessage: E msg.what=151572
D/WifiStateMachine( 1025): processMsg: ConnectedState
D/WifiStateMachine( 1025): processMsg: L2ConnectedState
D/WifiStateMachine( 1025): handleMessage: X
D/WifiStateMachine( 1025): handleMessage: E msg.what=151572
D/WifiStateMachine( 1025): processMsg: ConnectedState
D/WifiStateMachine( 1025): processMsg: L2ConnectedState
D/WifiStateMachine( 1025): handleMessage: X
D/dalvikvm(13506): DexOpt: load 185ms, verify+opt 706ms, 2178868 bytes
I/ActivityManager( 1025): Force stopping co.giftmeapp.gift_me appid=10155 user=-1: update pkg
W/PackageManager( 1025): Code path for pkg : co.giftmeapp.gift_me changing from /data/app/co.giftmeapp.gift_me-2.apk to /data/app/co.giftmeapp.gift_me-1.apk
W/PackageManager( 1025): Resource path for pkg : co.giftmeapp.gift_me changing from /data/app/co.giftmeapp.gift_me-2.apk to /data/app/co.giftmeapp.gift_me-1.apk
D/dalvikvm( 1025): GC_CONCURRENT freed 4928K, 40% free 30563K/50444K, paused 6ms+18ms, total 158ms
D/dalvikvm( 1025): WAIT_FOR_CONCURRENT_GC blocked 90ms
I/ActivityManager( 1025): Force stopping co.giftmeapp.gift_me appid=10155 user=0: pkg removed
D/dalvikvm( 2458): GC_EXPLICIT freed 1459K, 45% free 9529K/17224K, paused 3ms+7ms, total 43ms
D/dalvikvm( 2206): GC_EXPLICIT freed 1948K, 18% free 14597K/17708K, paused 3ms+3ms, total 75ms
D/dalvikvm(12979): GC_EXPLICIT freed 2322K, 39% free 10626K/17224K, paused 3ms+13ms, total 96ms
I/PackageManager( 1025): Adding preferred activity ComponentInfo{com.android.mms/com.android.mms.ui.ComposeMessageActivity} for user 0 :
I/PackageManager( 1025):   Action: "android.intent.action.SENDTO"
I/PackageManager( 1025):   Category: "android.intent.category.DEFAULT"
I/PackageManager( 1025):   Scheme: "sms"
I/InputReader( 1025): Reconfiguring input devices.  changes=0x00000010
D/dalvikvm( 1119): GC_EXPLICIT freed 1986K, 35% free 13546K/20540K, paused 2ms+15ms, total 60ms
I/PackageManager( 1025): Adding preferred activity ComponentInfo{com.android.mms/com.android.mms.ui.ComposeMessageActivity} for user 0 :
I/PackageManager( 1025):   Action: "android.intent.action.SENDTO"
I/PackageManager( 1025):   Category: "android.intent.category.DEFAULT"
I/PackageManager( 1025):   Scheme: "smsto"
I/PackageManager( 1025): Adding preferred activity ComponentInfo{com.android.mms/com.android.mms.ui.ComposeMessageActivity} for user 0 :
I/PackageManager( 1025):   Action: "android.intent.action.SENDTO"
I/PackageManager( 1025):   Category: "android.intent.category.DEFAULT"
I/PackageManager( 1025):   Scheme: "mms"
I/InputReader( 1025): Reconfiguring input devices.  changes=0x00000010
I/Launcher( 2206): Deferring update until onResume
I/InputReader( 1025): Reconfiguring input devices.  changes=0x00000010
I/PackageManager( 1025): Adding preferred activity ComponentInfo{com.android.mms/com.android.mms.ui.ComposeMessageActivity} for user 0 :
I/PackageManager( 1025):   Action: "android.intent.action.SENDTO"
I/PackageManager( 1025):   Category: "android.intent.category.DEFAULT"
I/PackageManager( 1025):   Scheme: "mmsto"
D/WifiStateMachine( 1025): handleMessage: E msg.what=151572
D/WifiStateMachine( 1025): processMsg: ConnectedState
D/WifiStateMachine( 1025): processMsg: L2ConnectedState
D/WifiStateMachine( 1025): handleMessage: X
D/WifiStateMachine( 1025): handleMessage: E msg.what=131155
D/WifiStateMachine( 1025): processMsg: ConnectedState
D/WifiStateMachine( 1025): processMsg: L2ConnectedState
D/WifiStateMachine( 1025): handleMessage: X
I/PackageManager( 1025): Adding preferred activity ComponentInfo{com.android.mms/com.android.mms.ui.ComposeMessageActivity} for user 0 :
I/PackageManager( 1025):   Action: "android.intent.action.SENDTO"
I/PackageManager( 1025):   Category: "android.intent.category.DEFAULT"
I/PackageManager( 1025):   Scheme: "sms"
I/ActivityManager( 1025): Start proc com.android.keychain for broadcast com.android.keychain/.KeyChainBroadcastReceiver: pid=13517 uid=1000 gids={41000, 1028, 1015, 3002, 3001, 3003, 1021, 3004, 3005, 1000, 3009, 1023, 1010, 1004, 2002, 3006}
D/dalvikvm( 1025): GC_EXPLICIT freed 1116K, 41% free 30109K/50444K, paused 9ms+19ms, total 233ms
I/PackageManager( 1025): Adding preferred activity ComponentInfo{com.android.mms/com.android.mms.ui.ComposeMessageActivity} for user 0 :
I/PackageManager( 1025):   Action: "android.intent.action.SENDTO"
I/PackageManager( 1025):   Category: "android.intent.category.DEFAULT"
I/PackageManager( 1025):   Scheme: "smsto"
W/InputMethodInfo( 1025): Duplicated subtype definition found: , voice
I/SFPerfTracer(  274):      triggers: (rate: 1115:446246) (338845 sw vsyncs) (1044189 skipped) (0:3312180 vsyncs) (2:4150246)
I/PackageManager( 1025): Adding preferred activity ComponentInfo{com.android.mms/com.android.mms.ui.ComposeMessageActivity} for user 0 :
I/PackageManager( 1025):   Action: "android.intent.action.SENDTO"
I/PackageManager( 1025):   Category: "android.intent.category.DEFAULT"
I/PackageManager( 1025):   Scheme: "mms"
I/PackageManager( 1025): Adding preferred activity ComponentInfo{com.android.mms/com.android.mms.ui.ComposeMessageActivity} for user 0 :
I/PackageManager( 1025):   Action: "android.intent.action.SENDTO"
I/PackageManager( 1025):   Category: "android.intent.category.DEFAULT"
I/PackageManager( 1025):   Scheme: "mmsto"
W/ContextImpl(13517): Calling a method in the system process without a qualified user: android.app.ContextImpl.startService:1608 android.content.ContextWrapper.startService:494 android.content.ContextWrapper.startService:494 com.android.keychain.KeyChainBroadcastReceiver.onReceive:12 android.app.ActivityThread.handleReceiver:2434 
I/PackageManager( 1025): Adding preferred activity ComponentInfo{com.android.mms/com.android.mms.ui.ComposeMessageActivity} for user 0 :
I/PackageManager( 1025):   Action: "android.intent.action.SENDTO"
I/PackageManager( 1025):   Category: "android.intent.category.DEFAULT"
I/PackageManager( 1025):   Scheme: "sms"
I/ActivityManager( 1025): Start proc com.android.vending for broadcast com.android.vending/com.google.android.finsky.receivers.PackageMonitorReceiver$RegisteredReceiver: pid=13533 uid=10039 gids={50039, 3003, 1028, 1015}
D/dalvikvm(  275): GC_EXPLICIT freed 43K, 48% free 9011K/17224K, paused 2ms+3ms, total 24ms
D/dalvikvm(  275): GC_EXPLICIT freed <1K, 48% free 9011K/17224K, paused 2ms+7ms, total 23ms
I/PackageManager( 1025): Adding preferred activity ComponentInfo{com.android.mms/com.android.mms.ui.ComposeMessageActivity} for user 0 :
I/PackageManager( 1025):   Action: "android.intent.action.SENDTO"
I/PackageManager( 1025):   Category: "android.intent.category.DEFAULT"
