W/dalvikvm(11674): VFY: unable to resolve new-instance 414 (Landroid/app/RemoteInput$Builder;) in Lf;
E/dalvikvm(11674): Could not find class 'android.transition.Transition', referenced from method f.a
W/dalvikvm(11674): VFY: unable to resolve check-cast 791 (Landroid/transition/Transition;) in Lf;
E/dalvikvm(11674): Could not find class 'android.app.Notification$Action$Builder', referenced from method f.a
W/dalvikvm(11674): VFY: unable to resolve new-instance 402 (Landroid/app/Notification$Action$Builder;) in Lf;
E/dalvikvm(11674): Could not find class 'android.transition.Transition', referenced from method f.a
W/dalvikvm(11674): VFY: unable to resolve check-cast 791 (Landroid/transition/Transition;) in Lf;
E/dalvikvm(11674): Could not find class 'android.transition.Transition', referenced from method f.a
W/dalvikvm(11674): VFY: unable to resolve check-cast 791 (Landroid/transition/Transition;) in Lf;
E/dalvikvm(11674): Could not find class 'android.transition.Transition', referenced from method f.a
W/dalvikvm(11674): VFY: unable to resolve check-cast 791 (Landroid/transition/Transition;) in Lf;
E/dalvikvm(11674): Could not find class 'android.transition.Transition', referenced from method f.a
W/dalvikvm(11674): VFY: unable to resolve check-cast 791 (Landroid/transition/Transition;) in Lf;
W/dalvikvm(11674): VFY: unable to resolve virtual method 5345: Landroid/view/ViewGroup;.isTransitionGroup ()Z
W/dalvikvm(11674): VFY: unable to resolve virtual method 5199: Landroid/view/View;.getTransitionName ()Ljava/lang/String;
W/dalvikvm(11674): VFY: unable to find class referenced in signature ([Landroid/app/RemoteInput;)
E/dalvikvm(11674): Could not find class 'android.app.RemoteInput[]', referenced from method f.a
W/dalvikvm(11674): VFY: unable to resolve new-array 6957 ([Landroid/app/RemoteInput;) in Lf;
E/dalvikvm(11674): Could not find class 'android.transition.Transition', referenced from method f.b
W/dalvikvm(11674): VFY: unable to resolve check-cast 791 (Landroid/transition/Transition;) in Lf;
W/dalvikvm(11674): VFY: unable to resolve static field 1486 (SUPPORTED_ABIS) in Landroid/os/Build;
W/dalvikvm(11674): VFY: unable to resolve static method 4853: Landroid/text/TextUtils;.getLayoutDirectionFromLocale (Ljava/util/Locale;)I
W/dalvikvm(11674): Unable to resolve superclass of Law; (790)
W/dalvikvm(11674): Link of class 'Law;' failed
W/dalvikvm(11674): Unable to resolve superclass of Lay; (790)
W/dalvikvm(11674): Link of class 'Lay;' failed
W/dalvikvm(11674): VFY: unable to resolve static method 3931: Landroid/provider/Telephony$Sms;.getDefaultSmsPackage (Landroid/content/Context;)Ljava/lang/String;
W/dalvikvm(11674): VFY: unable to resolve virtual method 2839: Landroid/content/Context;.getDrawable (I)Landroid/graphics/drawable/Drawable;
W/dalvikvm(11674): VFY: unable to resolve virtual method 4789: Landroid/telephony/TelephonyManager;.getMmsUserAgent ()Ljava/lang/String;
I/Babel   (11674): MmsConfig: mnc/mcc: 272/2
I/Babel   (11674): MmsConfig.loadMmsSettings
I/Babel   (11674): MmsConfig.loadFromDatabase
I/PackageManager(  588):  setEnabledSetting(), pkgName=com.google.android.talk, clsName=com.google.android.apps.hangouts.phone.ShareIntentSmsOnlyActivity, state=2, flag=1, pid=11674, uid=10148
D/Socket_Alarm(11674): registerHTCSocketMonitorCallBack
D/Socket_Alarm(11674): set mSocketMonitor
D/Socket_Alarm(11674): HTCSocketMonitorImpl::HTCSocketMonitorImpl
E/SQLiteLog(11674): (1) no such table: mmsconfig
I/Babel   (11674): MmsConfig: no mmsconfig table android.database.sqlite.SQLiteException: no such table: mmsconfig (code 1): , while compiling: SELECT key, value, type FROM mmsconfig WHERE numeric=?
I/Babel   (11674): MmsConfig.loadFromResources
E/Babel   (11674): canonicalizeMccMnc: invalid mccmnc nullnull
I/Babel   (11674): MmsConfig.loadMmsSettings: mUserAgent=Hangouts/3.0.87531466, mUaProfUrl=https://ssl.gstatic.com/android/hangouts/hangouts_mms_ua_profile.xml
I/PackageManager(  588):  setEnabledSetting(), pkgName=com.google.android.talk, clsName=com.google.android.apps.hangouts.sms.SmsReceiver, state=2, flag=1, pid=11674, uid=10148
I/PackageManager(  588):  setEnabledSetting(), pkgName=com.google.android.talk, clsName=com.google.android.apps.hangouts.sms.MmsWapPushReceiver, state=2, flag=1, pid=11674, uid=10148
I/PackageManager(  588):  setEnabledSetting(), pkgName=com.google.android.talk, clsName=com.google.android.apps.hangouts.sms.AbortSmsReceiver, state=2, flag=1, pid=11674, uid=10148
I/PackageManager(  588):  setEnabledSetting(), pkgName=com.google.android.talk, clsName=com.google.android.apps.hangouts.sms.AbortMmsWapPushReceiver, state=2, flag=1, pid=11674, uid=10148
I/PackageManager(  588):  setEnabledSetting(), pkgName=com.google.android.talk, clsName=com.google.android.apps.hangouts.service.NoConfirmationSmsSendService, state=2, flag=1, pid=11674, uid=10148
I/Babel_StickerModule(11674): App launched.
I/ActivityManager(  588): Recipient 11603
I/ActivityManager(  588): Process com.android.packageinstaller (pid 11603) has died.
I/ActivityManager(  588): Recipient 11234
I/ActivityManager(  588): Process com.whatsapp (pid 11234) has died.
W/ActivityManager(  588): Scheduling restart of crashed service com.whatsapp/.messaging.MessageService in 5000ms
I/dalvikvm-heap(11674): Grow heap (frag case) to 13.219MB for 244947-byte allocation
W/ManagedEGLContext( 1222): doTerminate failed: EGL count is 2 but managed count is 1
E/dalvikvm(11674): Could not find class 'android.hardware.display.DisplayManager', referenced from method com.google.android.libraries.hangouts.video.ScreenCaptureVideoSource.<init>
W/dalvikvm(11674): VFY: unable to resolve check-cast 563 (Landroid/hardware/display/DisplayManager;) in Lcom/google/android/libraries/hangouts/video/ScreenCaptureVideoSource;
W/dalvikvm(11674): VFY: unable to find class referenced in signature (Landroid/hardware/display/VirtualDisplay;)
W/dalvikvm(11674): VFY: unable to find class referenced in signature (Landroid/media/projection/MediaProjection;)
W/dalvikvm(11674): VFY: unable to find class referenced in signature (Landroid/media/projection/MediaProjection;)
W/dalvikvm(11674): VFY: unable to find class referenced in signature (Landroid/media/projection/MediaProjection;)
W/dalvikvm(11674): VFY: unable to find class referenced in signature (Landroid/media/projection/MediaProjectionManager;)
W/dalvikvm(11674): VFY: unable to resolve virtual method 3518: Landroid/media/projection/MediaProjection;.createVirtualDisplay (Ljava/lang/String;IIIILandroid/view/Surface;Landroid/hardware/display/VirtualDisplay$Callback;Landroid/os/Handler;)Landroid/hardware/display/VirtualDisplay;
W/dalvikvm(11674): VFY: unable to resolve virtual method 3393: Landroid/hardware/display/VirtualDisplay;.release ()V
W/dalvikvm(11674): VFY: unable to resolve virtual method 3392: Landroid/hardware/display/DisplayManager;.unregisterDisplayListener (Landroid/hardware/display/DisplayManager$DisplayListener;)V
W/dalvikvm(11674): VFY: unable to resolve virtual method 3522: Landroid/media/projection/MediaProjectionManager;.createScreenCaptureIntent ()Landroid/content/Intent;
W/dalvikvm(11674): Unable to resolve superclass of Lcom/google/android/libraries/hangouts/video/ScreenCaptureVideoSource$2; (596)
W/dalvikvm(11674): Link of class 'Lcom/google/android/libraries/hangouts/video/ScreenCaptureVideoSource$2;' failed
W/dalvikvm(11674): Link of class 'Lcom/google/android/libraries/hangouts/video/ScreenCaptureVideoSource$4;' failed
W/dalvikvm(11674): VFY: unable to resolve virtual method 3454: Landroid/media/MediaCodecInfo$CodecCapabilities;.getVideoCapabilities ()Landroid/media/MediaCodecInfo$VideoCapabilities;
I/ActivityManager(  588): Start proc com.google.android.apps.plus for broadcast com.google.android.apps.plus/.service.PackagesMediaMonitor: pid=11710 uid=10133 gids={3003, 3002, 1015, 1006, 1028}
E/Trace   (11710): error opening trace file: No such file or directory (2)
E/dalvikvm(11710): Could not find class 'android.app.Notification$Action$Builder', referenced from method b.a
W/dalvikvm(11710): VFY: unable to resolve new-instance 302 (Landroid/app/Notification$Action$Builder;) in Lb;
D/StateMachine(  588): handleMessage: E msg.what=131155
D/StateMachine(  588): processMsg: ConnectedState
D/WifiStateMachine(  588): ConnectedState{ what=131155 when=-4ms target=Handler (com.android.internal.util.StateMachine$SmHandler) {42568e58} arg1=259 }
D/StateMachine(  588): processMsg: L2ConnectedState
D/WifiStateMachine(  588): L2ConnectedState{ what=131155 when=-10ms target=Handler (com.android.internal.util.StateMachine$SmHandler) {42568e58} arg1=259 }
I/wpa_ctrl(  588): [wpa_ctrl_request] ctrl address = 51174668, ctrl_conn address = 0
D/WifiStateMachine(  588): fetchRssiAndLinkSpeedNative RSSI = -42
D/StateMachine(  588): handleMessage: X
E/dalvikvm(11710): Could not find class 'android.graphics.drawable.RippleDrawable', referenced from method b.a
W/dalvikvm(11710): VFY: unable to resolve new-instance 462 (Landroid/graphics/drawable/RippleDrawable;) in Lb;
W/dalvikvm(11710): VFY: unable to find class referenced in signature (Lzt;)
W/dalvikvm(11710): VFY: unable to find class referenced in signature (Lzt;)
W/dalvikvm(11710): VFY: unable to find class referenced in signature (Lzt;)
W/dalvikvm(11710): VFY: unable to find class referenced in signature (Lzt;)
W/dalvikvm(11710): VFY: unable to find class referenced in signature (Lzt;)
W/dalvikvm(11710): VFY: unable to find class referenced in signature (Lzt;)
W/dalvikvm(11710): VFY: unable to find class referenced in signature (Lzt;)
W/dalvikvm(11710): VFY: unable to resolve static method 2837: Landroid/os/Trace;.beginSection (Ljava/lang/String;)V
W/dalvikvm(11710): VFY: unable to resolve static method 2838: Landroid/os/Trace;.endSection ()V
E/dalvikvm(11710): Could not find class 'android.app.Notification$Action$Builder', referenced from method b.a
W/dalvikvm(11710): VFY: unable to resolve new-instance 302 (Landroid/app/Notification$Action$Builder;) in Lb;
E/dalvikvm(11710): Could not find class 'android.transition.Transition', referenced from method b.a
W/dalvikvm(11710): VFY: unable to resolve check-cast 691 (Landroid/transition/Transition;) in Lb;
E/dalvikvm(11710): Could not find class 'android.transition.Transition', referenced from method b.a
W/dalvikvm(11710): VFY: unable to resolve check-cast 691 (Landroid/transition/Transition;) in Lb;
E/dalvikvm(11710): Could not find class 'android.transition.Transition', referenced from method b.a
W/dalvikvm(11710): VFY: unable to resolve check-cast 691 (Landroid/transition/Transition;) in Lb;
W/dalvikvm(11710): VFY: unable to resolve virtual method 4388: Landroid/view/ViewGroup;.isTransitionGroup ()Z
W/dalvikvm(11710): VFY: unable to resolve virtual method 4205: Landroid/view/View;.getTransitionName ()Ljava/lang/String;
W/dalvikvm(11710): VFY: unable to find class referenced in signature ([Landroid/app/RemoteInput;)
E/dalvikvm(11710): Could not find class 'android.app.RemoteInput[]', referenced from method b.a
W/dalvikvm(11710): VFY: unable to resolve new-array 12606 ([Landroid/app/RemoteInput;) in Lb;
E/dalvikvm(11710): Could not find class 'android.transition.Transition', referenced from method b.b
W/dalvikvm(11710): VFY: unable to resolve check-cast 691 (Landroid/transition/Transition;) in Lb;
V/AlarmManager(  588): sending alarm PendingIntent{42b60738: PendingIntentRecord{42a86c48 com.google.android.gms broadcastIntent}}, intent=com.google.android.intent.action.MCS_HEARTBEAT, type=ELAPSED_REALTIME_WAKEUP, count=1, when=167607828, repeateInterval=0
W/dalvikvm(11710): VFY: unable to resolve virtual method 1740: Landroid/content/res/Configuration;.getLayoutDirection ()I
W/dalvikvm(11710): Unable to resolve superclass of Lar; (689)
W/dalvikvm(11710): Link of class 'Lar;' failed
W/dalvikvm(11710): Unable to resolve superclass of Lat; (689)
W/dalvikvm(11710): Link of class 'Lat;' failed
I/ActivityThread(11710): Pub com.google.android.apps.photos.content: com.google.android.apps.photos.content.GooglePhotosImageProvider
I/ActivityThread(11710): Pub com.google.android.apps.plus.content.EsPicasaStoreProvider: com.google.android.libraries.social.picasalegacy.PicasaPhotoContentProvider
I/ActivityThread(11710): Pub com.google.android.apps.photos.GooglePhotoDownsyncProvider: com.google.android.apps.photos.content.GooglePhotoDownsyncProvider
I/ActivityThread(11710): Pub com.google.plus.platform: com.google.android.libraries.social.adsprovider.AdsProvider
I/ActivityThread(11710): Pub com.google.android.apps.plus.iu.EsGoogleIuProvider: com.google.android.libraries.social.autobackup.AutoBackupProvider
I/ActivityThread(11710): Pub com.google.android.apps.plus.content.EsProvider: com.google.android.apps.plus.content.EsProvider
I/ActivityThread(11710): Pub com.google.android.apps.plus.mediapicker: android.support.v4.content.FileProvider
I/ConfigService(27794): onDestroy
D/PowerManagerService(  588): acquireWakeLock(426940a8): PARTIAL_WAKE_LOCK , tag=AsyncService, flags=0x1, pid=11710, uid=10133, mUserState=0x3
D/PowerManagerService(  588): releaseWakeLock(426940a8): PARTIAL_WAKE_LOCK , tag=AsyncService, flags=0x1
D/Socket_Alarm(11473): registerHTCSocketMonitorCallBack
D/Socket_Alarm(11473): set mSocketMonitor
D/Socket_Alarm(11473): HTCSocketMonitorImpl::HTCSocketMonitorImpl
I/ActivityManager(  588): Start proc com.google.android.googlequicksearchbox:search for broadcast com.google.android.googlequicksearchbox/com.google.android.search.core.icingsync.IcingCorporaChangedReceiver: pid=11743 uid=10038 gids={3003, 3001, 1028, 3002, 1015, 1006}
I/ActivityManager(  588): Recipient 11616
I/ActivityManager(  588): Recipient 11657
I/ActivityManager(  588): Process com.google.android.partnersetup (pid 11616) has died.
I/ActivityManager(  588): Process com.android.settings (pid 11657) has died.
E/Trace   (11743): error opening trace file: No such file or directory (2)
D/Socket_Alarm(11710): registerHTCSocketMonitorCallBack
D/Socket_Alarm(11710): set mSocketMonitor
D/Socket_Alarm(11710): HTCSocketMonitorImpl::HTCSocketMonitorImpl
I/dalvikvm-heap(11710): Grow heap (frag case) to 13.776MB for 1024768-byte allocation
D/StateMachine(  588): handleMessage: E msg.what=131155
D/StateMachine(  588): processMsg: ConnectedState
D/WifiStateMachine(  588): ConnectedState{ what=131155 when=-31ms target=Handler (com.android.internal.util.StateMachine$SmHandler) {42568e58} arg1=259 }
D/StateMachine(  588): processMsg: L2ConnectedState
D/WifiStateMachine(  588): L2ConnectedState{ what=131155 when=-39ms target=Handler (com.android.internal.util.StateMachine$SmHandler) {42568e58} arg1=259 }
I/wpa_ctrl(  588): [wpa_ctrl_request] ctrl address = 51174668, ctrl_conn address = 0
D/WifiStateMachine(  588): fetchRssiAndLinkSpeedNative RSSI = -43
D/StateMachine(  588): handleMessage: X
I/ActivityManager(  588): Recipient 11633
I/ActivityManager(  588): Process com.htc.opensense.social (pid 11633) has died.
I/ActivityThread(11743): Pub com.google.android.googlequicksearchbox.google: com.google.android.search.core.google.GoogleSuggestionProvider
I/ActivityThread(11743): Pub com.google.android.googlequicksearchbox.AudioProvider: com.google.android.speech.audio.AudioProvider
I/ActivityThread(11743): Pub com.google.android.googlequicksearchbox.icing: com.google.android.search.core.icingsync.InternalIcingCorporaProvider
W/dalvikvm(11743): VFY: unable to resolve static field 219 (CONTENT_URI) in Landroid/provider/ContactsContract$DeletedContacts;
W/dalvikvm(11743): VFY: unable to resolve virtual method 260: Landroid/app/ActivityManager;.isLowRamDevice ()Z
W/dalvikvm(11743): VFY: unable to resolve static method 1963: Landroid/provider/Settings$Global;.getInt (Landroid/content/ContentResolver;Ljava/lang/String;I)I
W/dalvikvm(11743): VFY: unable to resolve virtual method 5445: Landroid/view/View;.isInLayout ()Z
D/StateMachine(  588): handleMessage: E msg.what=131218
D/StateMachine(  588): processMsg: ConnectedState
D/WifiStateMachine(  588): ConnectedState{ what=131218 when=-1ms target=Handler (com.android.internal.util.StateMachine$SmHandler) {42568e58} }
D/StateMachine(  588): processMsg: L2ConnectedState
D/WifiStateMachine(  588): L2ConnectedState{ what=131218 when=-1ms target=Handler (com.android.internal.util.StateMachine$SmHandler) {42568e58} }
D/StateMachine(  588): processMsg: ConnectModeState
D/WifiStateMachine(  588): ConnectModeState{ what=131218 when=-2ms target=Handler (com.android.internal.util.StateMachine$SmHandler) {42568e58} }
D/StateMachine(  588): processMsg: DriverStartedState
D/WifiStateMachine(  588): DriverStartedState{ what=131218 when=-2ms target=Handler (com.android.internal.util.StateMachine$SmHandler) {42568e58} }
I/wpa_ctrl(  588): [wpa_ctrl_request] ctrl address = 51174668, ctrl_conn address = 0
D/StateMachine(  588): handleMessage: X
I/ActivityThread(11743): Pub com.google.android.googlequicksearchbox.NetworkImageLoaderContentProvider: com.google.android.search.core.imageloader.NetworkImageLoaderContentProvider
I/ActivityThread(11743): Pub com.google.android.velvet.extradex.ExtraDexHostProvider: com.google.android.velvet.extradex.ExtraDexHostProvider
I/ActivityThread(11743): Pub com.google.android.velvet.util.statedumpprovider: com.google.android.velvet.util.StateDumpProvider
I/ActivityThread(11743): Pub com.google.android.projection.CarAudioProvider: com.google.android.projection.CarAudioProvider
I/UpdateIcingCorporaServi(11743): Updating corpora: APPS=co.giftmeapp.gift_me, CONTACTS=MAYBE
D/PackageBroadcastService(27853): Received broadcast action=android.intent.action.PACKAGE_ADDED and uri=co.giftmeapp.gift_me
I/ActivityManager(  588): Start proc ru.yandex.translate for broadcast ru.yandex.translate/com.yandex.metrica.MetricaEventHandler: pid=11761 uid=10181 gids={3003, 1015, 1028}
I/ActivityManager(  588): Recipient 11674
I/ActivityManager(  588): Process com.google.android.talk (pid 11674) has died.
E/Trace   (11761): error opening trace file: No such file or directory (2)
D/PowerManagerService(  588): acquireWakeLock(422740b8): PARTIAL_WAKE_LOCK , tag=wake:com.google.android.gms/.config.ConfigFetchService, flags=0x1, pid=27853, uid=10017, mUserState=0x3
I/ConfigService(27794): onCreate
I/ConfigService(27794): onBind for Intent { act=com.google.android.gms.config.UPDATE pkg=com.google.android.gms } action com.google.android.gms.config.UPDATE
I/ConfigFetchService(27853): onStartCommand Intent { act=android.intent.action.PACKAGE_ADDED dat=package cmp=com.google.android.gms/.config.ConfigFetchService (has extras) }
D/PowerManagerService(  588): acquireWakeLock(429230f8): PARTIAL_WAKE_LOCK , tag=Config Service fetch, flags=0x1, pid=27853, uid=10017, mUserState=0x3
I/ConfigFetchService(27853): launchTask
I/ActivityManager(  588): Start proc com.google.android.partnersetup for content provider com.google.android.partnersetup/.RlzAppProvider: pid=11778 uid=10037 gids={3003, 1028}
W/dalvikvm(11743): VFY: unable to resolve virtual method 268: Landroid/app/AlarmManager;.setExact (IJLandroid/app/PendingIntent;)V
D/Socket_Alarm(11743): registerHTCSocketMonitorCallBack
D/Socket_Alarm(11743): set mSocketMonitor
D/Socket_Alarm(11743): HTCSocketMonitorImpl::HTCSocketMonitorImpl
E/Trace   (11778): error opening trace file: No such file or directory (2)
I/ActivityThread(11761): Pub ru.yandex.translate.MetricaContentProvider: ru.yandex.translate.core.MetricaContentProvider
W/dalvikvm(11743): VFY: unable to resolve virtual method 902: Landroid/content/pm/PackageManager;.getPackageInstaller ()Landroid/content/pm/PackageInstaller;
I/ConfigService(27794): onBind returning update interface
I/ActivityThread(11778): Pub com.google.android.partnersetup.rlzprovider: com.google.android.partnersetup.RlzProvider
I/ActivityThread(11778): Pub com.google.android.partnersetup.rlzappprovider: com.google.android.partnersetup.RlzAppProvider
W/dalvikvm(11473): VFY: unable to resolve virtual method 72: Landroid/app/PendingIntent;.getCreatorPackage ()Ljava/lang/String;
W/dalvikvm(11473): VFY: unable to resolve virtual method 352: Landroid/content/res/Configuration;.getLayoutDirection ()I
I/ActivityManager(  588): Start proc com.whatsapp for service com.whatsapp/.messaging.MessageService: pid=11793 uid=10060 gids={3002, 1006, 3003, 1015, 1028}
I/PackageManager(  588):  setEnabledSetting(), pkgName=com.google.android.gms, clsName=com.google.android.gms.people.pub.PeopleProfileActionGatewayActivity, state=2, flag=1, pid=27853, uid=10017
D/StateMachine(  588): handleMessage: E msg.what=131218
D/StateMachine(  588): processMsg: ConnectedState
D/WifiStateMachine(  588): ConnectedState{ what=131218 when=-2ms target=Handler (com.android.internal.util.StateMachine$SmHandler) {42568e58} }
I/ConfigService(27794): onBind for Intent { act=com.google.android.gms.config.START pkg=com.google.android.gms } action com.google.android.gms.config.START
I/ConfigService(27794): onBind returning service broker
D/StateMachine(  588): processMsg: L2ConnectedState
D/WifiStateMachine(  588): L2ConnectedState{ what=131218 when=-3ms target=Handler (com.android.internal.util.StateMachine$SmHandler) {42568e58} }
D/StateMachine(  588): processMsg: ConnectModeState
D/WifiStateMachine(  588): ConnectModeState{ what=131218 when=-3ms target=Handler (com.android.internal.util.StateMachine$SmHandler) {42568e58} }
D/StateMachine(  588): processMsg: DriverStartedState
D/WifiStateMachine(  588): DriverStartedState{ what=131218 when=-4ms target=Handler (com.android.internal.util.StateMachine$SmHandler) {42568e58} }
I/wpa_ctrl(  588): [wpa_ctrl_request] ctrl address = 51174668, ctrl_conn address = 0
D/StateMachine(  588): handleMessage: X
I/{Metrica for Apps}:{Log}(11761): Initializing of Metrica, Release type, Version 1.60, API Level 16, Dated 28.10.2014.
I/ConfigFetchService(27853): service connected
D/PowerManagerService(  588): acquireWakeLock(42b64f70): PARTIAL_WAKE_LOCK , tag=Icing, flags=0x1, pid=27853, uid=10017, mUserState=0x3
V/LocationManagerService(  588): getProviders
E/Trace   (11793): error opening trace file: No such file or directory (2)
D/HybridProvider(  588): getName
D/ConfigFetchService(27853): ConfigApi connection successful.
D/libc    (  251): _resolv_cache_lookup: lookup
D/libc    (  251): [SMD]bl_level = 125
D/libc    (  251): [SMD][Mode1]: Screen on and original TTL is expired
D/libc    (  251):  Cache EXPIRED (STALE ENTRY 0x402c0e00 DISCARDED) or need renew
D/libc    (  251): [SMD][v0913] Extended TTL = 43200, original TTL = 61
I/ActivityManager(  588): Recipient 11778
I/ActivityManager(  588): Process com.google.android.partnersetup (pid 11778) has died.
E/ActivityThread(11761): Failed to find provider info for co.giftmeapp.gift_me.MetricaContentProvider
I/ActivityManager(  588): Start proc com.htc.opensense.social for broadcast com.htc.opensense/.pluginmanager.RegisterReceiver: pid=11814 uid=10014 gids={2001, 3003, 1015, 1028, 1006, 5005, 3002, 3001, 5003}
I/ActivityManager(  588): Recipient 11761
E/Trace   (11814): error opening trace file: No such file or directory (2)
I/ActivityManager(  588): Process ru.yandex.translate (pid 11761) has died.
I/ActivityThread(11814): Pub com.htc.opensense.social: com.htc.opensense.social.provider.SocialProvider
I/ActivityThread(11814): Pub com.htc.settings.accountsync.SYNC: com.htc.opensense.syncprovider.SyncProvider
W/dalvikvm(11793): VFY: unable to resolve static method 1604: Landroid/provider/Telephony$Sms;.getDefaultSmsPackage (Landroid/content/Context;)Ljava/lang/String;
E/dalvikvm(11793): Could not find class 'com.amazon.device.messaging.ADM', referenced from method com.whatsapp.App.av
W/dalvikvm(11793): VFY: unable to resolve new-instance 1189 (Lcom/amazon/device/messaging/ADM;) in Lcom/whatsapp/App;
W/dalvikvm(11793): VFY: unable to resolve static method 1599: Landroid/provider/Settings$Global;.getInt (Landroid/content/ContentResolver;Ljava/lang/String;I)I
E/dalvikvm(11793): Could not find class 'com.amazon.device.messaging.ADM', referenced from method com.whatsapp.App.t
W/dalvikvm(11793): VFY: unable to resolve new-instance 1189 (Lcom/amazon/device/messaging/ADM;) in Lcom/whatsapp/App;
D/SyncProvider(11814): onCreate
I/ActivityThread(11814): Pub com.htc.providers.uploads: com.htc.providers.uploads.UploadProvider
W/dalvikvm(11793): VFY: unable to resolve virtual method 136: Landroid/app/AlarmManager;.setExact (IJLandroid/app/PendingIntent;)V
W/dalvikvm(11793): VFY: unable to resolve virtual method 136: Landroid/app/AlarmManager;.setExact (IJLandroid/app/PendingIntent;)V
D/UploadProvider(11814): UploadProvider is running
I/ActivityThread(11814): Pub com.twitter.android.auth.login.login_status: com.htc.htctwitter.SSOProvider
I/ActivityThread(11814): Pub com.htc.htctwitter.Users: com.htc.htctwitter.FriendProvider
I/ActivityThread(11814): Pub com.htc.opensense.snprovider: com.htc.opensense.snprovider.SocialNetworkProvider
D/SocialNetworkProvider(11814): onCreate
I/ActivityThread(11814): Pub com.htc.htctwitter: com.htc.htctwitter.TwitterProvider
D/SyncManager(  588): setIsSyncable: Account {name=Mas********y, type=com.twitter.android.auth.login}, provider com.htc.htctwitter, user 0 -> 0
D/SyncManager(  588): setIsSyncable: already set to 0, doing nothing
D/SyncManager(  588): setIsSyncable: Account {name=Mas********y, type=com.twitter.android.auth.login}, provider com.htc.htctwitter.Users, user 0 -> 0
D/SyncManager(  588): setIsSyncable: already set to 0, doing nothing
D/SyncManager(  588): setSyncAutomatically:  provider com.twitter.android.auth.login.login_status, user 0 -> false
W/dalvikvm(11793): VFY: unable to resolve virtual method 136: Landroid/app/AlarmManager;.setExact (IJLandroid/app/PendingIntent;)V
W/dalvikvm(11793): VFY: unable to resolve virtual method 136: Landroid/app/AlarmManager;.setExact (IJLandroid/app/PendingIntent;)V
E/ContentService(  588): Content Service Crash
E/ContentService(  588): java.lang.NullPointerException
E/ContentService(  588): 	at android.accounts.AccountAndUser.hashCode(AccountAndUser.java:43)
E/ContentService(  588): 	at java.util.HashMap.get(HashMap.java:298)
E/ContentService(  588): 	at android.content.SyncStorageEngine.getOrCreateAuthorityLocked(SyncStorageEngine.java:1389)
E/ContentService(  588): 	at android.content.SyncStorageEngine.setSyncAutomatically(SyncStorageEngine.java:488)
E/ContentService(  588): 	at android.content.ContentService.setSyncAutomatically(ContentService.java:318)
E/ContentService(  588): 	at android.content.IContentService$Stub.onTransact(IContentService.java:165)
E/ContentService(  588): 	at android.content.ContentService.onTransact(ContentService.java:121)
E/ContentService(  588): 	at android.os.Binder.execTransact(Binder.java:367)
E/ContentService(  588): 	at dalvik.system.NativeStart.run(Native Method)
W/System.err(11814): java.lang.NullPointerException
W/System.err(11814): 	at android.os.Parcel.readException(Parcel.java:1436)
W/System.err(11814): 	at android.os.Parcel.readException(Parcel.java:1384)
W/System.err(11814): 	at android.content.IContentService$Stub$Proxy.setSyncAutomatically(IContentService.java:562)
I/ActivityManager(  588): Recipient 11491
I/ActivityManager(  588): Process android.process.acore (pid 11491) has died.
W/System.err(11814): 	at android.content.ContentResolver.setSyncAutomatically(ContentResolver.java:1478)
W/System.err(11814): 	at com.htc.htctwitter.TwitterProvider.onCreate(TwitterProvider.java:128)
W/System.err(11814): 	at android.content.ContentProvider.attachInfo(ContentProvider.java:1085)
W/System.err(11814): 	at android.app.ActivityThread.installProvider(ActivityThread.java:5256)
W/System.err(11814): 	at android.app.ActivityThread.installContentProviders(ActivityThread.java:4864)
W/System.err(11814): 	at android.app.ActivityThread.handleBindApplication(ActivityThread.java:4803)
W/System.err(11814): 	at android.app.ActivityThread.access$1300(ActivityThread.java:151)
W/System.err(11814): 	at android.app.ActivityThread$H.handleMessage(ActivityThread.java:1397)
W/System.err(11814): 	at android.os.Handler.dispatchMessage(Handler.java:99)
W/System.err(11814): 	at android.os.Looper.loop(Looper.java:155)
W/System.err(11814): 	at android.app.ActivityThread.main(ActivityThread.java:5454)
W/System.err(11814): 	at java.lang.reflect.Method.invokeNative(Native Method)
W/System.err(11814): 	at java.lang.reflect.Method.invoke(Method.java:511)
W/System.err(11814): 	at com.android.internal.os.ZygoteInit$MethodAndArgsCaller.run(ZygoteInit.java:1029)
W/System.err(11814): 	at com.android.internal.os.ZygoteInit.main(ZygoteInit.java:796)
W/System.err(11814): 	at dalvik.system.NativeStart.main(Native Method)
I/ActivityThread(11814): Pub com.htc.cachemanager: com.htc.opensense.cachemanager.CacheProvider
I/ActivityThread(11814): Pub com.htc.htctwitter.provider.CacheImageProvider: com.htc.htctwitter.provider.TwitterCacheImageProvider
I/ActivityThread(11814): Pub com.htc.socialnetwork.facebook: com.htc.socialnetwork.facebook.FacebookDB
W/dalvikvm(11793): Unable to resolve superclass of Lcom/whatsapp/adm/ADMMessageHandler; (1190)
W/dalvikvm(11793): Link of class 'Lcom/whatsapp/adm/ADMMessageHandler;' failed
E/dalvikvm(11793): Could not find class 'com.whatsapp.adm.ADMMessageHandler', referenced from method com.whatsapp.vw.f
W/dalvikvm(11793): VFY: unable to resolve new-instance 2839 (Lcom/whatsapp/adm/ADMMessageHandler;) in Lcom/whatsapp/vw;
W/dalvikvm(11793): Unable to resolve superclass of Lcom/whatsapp/adm/ADMMessageHandler; (1190)
W/dalvikvm(11793): Link of class 'Lcom/whatsapp/adm/ADMMessageHandler;' failed
E/dalvikvm(11793): Could not find class 'com.whatsapp.adm.ADMMessageHandler', referenced from method com.whatsapp.vw.f
W/dalvikvm(11793): VFY: unable to resolve new-instance 2839 (Lcom/whatsapp/adm/ADMMessageHandler;) in Lcom/whatsapp/vw;
W/dalvikvm(11793): Unable to resolve superclass of Lcom/whatsapp/adm/ADMMessageHandler; (1190)
W/dalvikvm(11793): Link of class 'Lcom/whatsapp/adm/ADMMessageHandler;' failed
W/dalvikvm(11793): Unable to resolve superclass of Lcom/whatsapp/adm/ADMMessageHandler; (1190)
W/dalvikvm(11793): Link of class 'Lcom/whatsapp/adm/ADMMessageHandler;' failed
I/ActivityThread(11793): Pub com.whatsapp.provider.contact: com.whatsapp.contact.ContactProvider
I/ActivityThread(11793): Pub com.whatsapp.provider.media: com.whatsapp.MediaProvider
W/dalvikvm(11793): VFY: unable to resolve virtual method 1506: Landroid/os/PowerManager;.isPowerSaveMode ()Z
D/Event   (11793): No subscribers registered for event class com.whatsapp.ah3
D/Event   (11793): No subscribers registered for event class de.greenrobot.event.a
I/WhatsApp(11793): LL_I W [1:main]App.java:1142 ntp update processed; device time: Tue Mar 31 19:23:53 GMT+01:00 2015 ntp time: Tue Mar 31 19:23:53 GMT+01:00 2015
D/Event   (11793): No subscribers registered for event class com.whatsapp.alk
D/Event   (11793): No subscribers registered for event class de.greenrobot.event.a
I/[PluginManager]RegisterService(11814): onHandleIntent, action: android.intent.action.PACKAGE_REPLACED, data: package:co.giftmeapp.gift_me
I/ActivityManager(  588): Start proc android.process.acore for broadcast com.android.providers.contacts/.PackageIntentReceiver: pid=11830 uid=10018 gids={3003, 1015, 5002, 1028}
E/Trace   (11830): error opening trace file: No such file or directory (2)
I/ActivityThread(11830): Pub contacts;com.android.contacts: com.android.providers.contacts.HtcContactsProvider2
I/ApplicationLogger(11743): canRun() : Opted Out
I/UpdateIcingCorporaServi(11743): UpdateCorporaTask done [took 1470 ms] updated apps [took 1470 ms] 
I/WhatsApp(11793): LL_I W [1:main]Runtime.java:368 19:23:53.655 os_core_unix.c !pjlib 2.2.1 for POSIX initialized
I/WhatsApp(11793): LL_I W [1:main]Runtime.java:368 19:23:53.675 wa_audio_dev.c !WA Audio sound library initialized
I/WhatsApp(11793): LL_I W [1:main]Runtime.java:368 19:23:53.677          pjlib  select() I/O Queue created (0x4ffe815c)
I/WhatsApp(11793): LL_I W [1:main]Runtime.java:368 19:23:53.678      wa_opus.c  pjmedia_codec_opus_init start
I/WhatsApp(11793): LL_I W [1:main]Runtime.java:368 19:23:53.680      wa_opus.c  pjmedia_codec_opus_init success
I/WhatsApp(11793): LL_I W [1:main]WhatsAppLibLoader.java:77 native library usability testing in progress
I/WhatsApp(11793): LL_I W [1:main]WhatsAppLibLoader.java:77 native library usability testing complete
D/libc    (  251): _resolv_cache_lookup: lookup
D/libc    (  251): [SMD]bl_level = 125
D/libc    (  251): [SMD][Mode1]: Screen on and original TTL is expired
D/libc    (  251):  Cache EXPIRED (STALE ENTRY 0x4026ddd0 DISCARDED) or need renew
D/Socket_Alarm(11793): registerHTCSocketMonitorCallBack
D/Socket_Alarm(11793): set mSocketMonitor
D/Socket_Alarm(11793): HTCSocketMonitorImpl::HTCSocketMonitorImpl
V/AlarmManager(  588): sending alarm PendingIntent{426daff0: PendingIntentRecord{429f8200 com.whatsapp broadcastIntent}}, intent=com.whatsapp.alarm.NTP_UPDATE, type=ELAPSED_REALTIME, count=4, when=172800000, repeateInterval=43200000
I/ActivityThread(11830): Pub com.android.voicemail: com.android.providers.contacts.VoicemailContentProvider
D/ContactsEventQueueProcessor(11830): ContactsEventQueueProcessor.run() - [sleepThread()], waiting for new request coming...
D/ContactsEventQueueProcessor(11830): ContactsEventQueueProcessor.sleepThread() - mWakeUpLock.wait()
I/ActivityThread(11830): Pub applications: com.android.providers.applications.ApplicationsProvider
D/COpenHelper(11830): onOpen E
I/ActivityThread(11830): Pub com.htc.provider.settings: com.htc.provider.settings.NotificationFlashLightProvider
I/ActivityThread(11830): Pub call_log: com.android.providers.contacts.CallLogProvider
I/ActivityThread(11830): Pub user_dictionary: com.android.providers.userdictionary.UserDictionaryProvider
D/NotifyDialerScheduler(11830): ACTION_CONTACTS_DB_READY
D/COpenHelper(11830): onOpen X
I/ActivityManager(  588): Start proc com.google.android.talk for broadcast com.google.android.talk/com.google.android.apps.hangouts.phone.PackageReplacedReceiver: pid=11861 uid=10148 gids={3003, 1015, 1006, 3002, 1028}
D/NotifyDialerScheduler(11830): DialerService connected !
E/Trace   (11861): error opening trace file: No such file or directory (2)
D/StateMachine(  588): handleMessage: E msg.what=131155
D/StateMachine(  588): processMsg: ConnectedState
D/WifiStateMachine(  588): ConnectedState{ what=131155 when=-2ms target=Handler (com.android.internal.util.StateMachine$SmHandler) {42568e58} arg1=259 }
D/StateMachine(  588): processMsg: L2ConnectedState
D/WifiStateMachine(  588): L2ConnectedState{ what=131155 when=-2ms target=Handler (com.android.internal.util.StateMachine$SmHandler) {42568e58} arg1=259 }
I/wpa_ctrl(  588): [wpa_ctrl_request] ctrl address = 51174668, ctrl_conn address = 0
D/WifiStateMachine(  588): fetchRssiAndLinkSpeedNative RSSI = -49
D/StateMachine(  588): handleMessage: X
D/libc    (  251): [SMD][v0913] Extended TTL = 43200, original TTL = 125
D/COpenHelper(11830): onOpen E
D/libc    (  251): _resolv_cache_lookup: lookup
D/libc    (  251): NOT IN CACHE
D/COpenHelper(11830): onOpen X
D/libc    (  251): [SMD][v0913] Extended TTL = 43200, original TTL = 3477
W/dalvikvm(11861): VFY: unable to resolve virtual method 2585: Landroid/app/ActivityManager;.isLowRamDevice ()Z
I/ActivityThread(11861): Pub com.google.android.apps.hangouts.content.EsProvider: com.google.android.apps.hangouts.content.EsProvider
E/dalvikvm(11861): Could not find class 'android.app.Notification$Action$Builder', referenced from method f.a
W/dalvikvm(11861): VFY: unable to resolve new-instance 402 (Landroid/app/Notification$Action$Builder;) in Lf;
E/dalvikvm(11861): Could not find class 'android.app.RemoteInput$Builder', referenced from method f.a
W/dalvikvm(11861): VFY: unable to resolve new-instance 414 (Landroid/app/RemoteInput$Builder;) in Lf;
W/dalvikvm(11793): VFY: unable to resolve virtual method 136: Landroid/app/AlarmManager;.setExact (IJLandroid/app/PendingIntent;)V
W/dalvikvm(11793): VFY: unable to resolve virtual method 136: Landroid/app/AlarmManager;.setExact (IJLandroid/app/PendingIntent;)V
W/dalvikvm(11793): VFY: unable to resolve virtual method 136: Landroid/app/AlarmManager;.setExact (IJLandroid/app/PendingIntent;)V
W/dalvikvm(11793): VFY: unable to resolve virtual method 136: Landroid/app/AlarmManager;.setExact (IJLandroid/app/PendingIntent;)V
W/dalvikvm(11793): VFY: unable to resolve virtual method 136: Landroid/app/AlarmManager;.setExact (IJLandroid/app/PendingIntent;)V
E/dalvikvm(11861): Could not find class 'android.transition.Transition', referenced from method f.a
W/dalvikvm(11861): VFY: unable to resolve check-cast 791 (Landroid/transition/Transition;) in Lf;
E/dalvikvm(11861): Could not find class 'android.app.Notification$Action$Builder', referenced from method f.a
W/dalvikvm(11861): VFY: unable to resolve new-instance 402 (Landroid/app/Notification$Action$Builder;) in Lf;
E/dalvikvm(11861): Could not find class 'android.transition.Transition', referenced from method f.a
W/dalvikvm(11861): VFY: unable to resolve check-cast 791 (Landroid/transition/Transition;) in Lf;
E/dalvikvm(11861): Could not find class 'android.transition.Transition', referenced from method f.a
W/dalvikvm(11861): VFY: unable to resolve check-cast 791 (Landroid/transition/Transition;) in Lf;
E/dalvikvm(11861): Could not find class 'android.transition.Transition', referenced from method f.a
W/dalvikvm(11861): VFY: unable to resolve check-cast 791 (Landroid/transition/Transition;) in Lf;
E/dalvikvm(11861): Could not find class 'android.transition.Transition', referenced from method f.a
W/dalvikvm(11861): VFY: unable to resolve check-cast 791 (Landroid/transition/Transition;) in Lf;
W/dalvikvm(11861): VFY: unable to resolve virtual method 5345: Landroid/view/ViewGroup;.isTransitionGroup ()Z
W/dalvikvm(11861): VFY: unable to resolve virtual method 5199: Landroid/view/View;.getTransitionName ()Ljava/lang/String;
W/dalvikvm(11861): VFY: unable to find class referenced in signature ([Landroid/app/RemoteInput;)
E/dalvikvm(11861): Could not find class 'android.app.RemoteInput[]', referenced from method f.a
W/dalvikvm(11861): VFY: unable to resolve new-array 6957 ([Landroid/app/RemoteInput;) in Lf;
E/dalvikvm(11861): Could not find class 'android.transition.Transition', referenced from method f.b
W/dalvikvm(11861): VFY: unable to resolve check-cast 791 (Landroid/transition/Transition;) in Lf;
E/dalvikvm(11473): Could not find class 'android.telephony.CellInfoCdma', referenced from method com.facebook.common.hardware.CellDiagnosticsSerializer.c
W/dalvikvm(11473): VFY: unable to resolve instanceof 697 (Landroid/telephony/CellInfoCdma;) in Lcom/facebook/common/hardware/CellDiagnosticsSerializer;
W/dalvikvm(11861): VFY: unable to resolve static field 1486 (SUPPORTED_ABIS) in Landroid/os/Build;
W/dalvikvm(11861): VFY: unable to resolve static method 4853: Landroid/text/TextUtils;.getLayoutDirectionFromLocale (Ljava/util/Locale;)I
W/dalvikvm(11861): Unable to resolve superclass of Law; (790)
W/dalvikvm(11861): Link of class 'Law;' failed
W/dalvikvm(11861): Unable to resolve superclass of Lay; (790)
W/dalvikvm(11861): Link of class 'Lay;' failed
I/Icing   (27853): Indexing CEC82479CB4A988E6F3D9B8FDA0B7FB285E14631 from com.google.android.googlequicksearchbox
I/Icing   (27853): Not enough disk space for indexing trimmable
W/dalvikvm(11861): VFY: unable to resolve static method 3931: Landroid/provider/Telephony$Sms;.getDefaultSmsPackage (Landroid/content/Context;)Ljava/lang/String;
W/dalvikvm(11861): VFY: unable to resolve virtual method 2839: Landroid/content/Context;.getDrawable (I)Landroid/graphics/drawable/Drawable;
W/dalvikvm(11473): VFY: unable to resolve virtual method 579: Landroid/os/Looper;.quitSafely ()V
W/dalvikvm(11861): VFY: unable to resolve virtual method 4789: Landroid/telephony/TelephonyManager;.getMmsUserAgent ()Ljava/lang/String;
I/Babel   (11861): MmsConfig: mnc/mcc: 272/2
I/Babel   (11861): MmsConfig.loadMmsSettings
I/Babel   (11861): MmsConfig.loadFromDatabase
I/PackageManager(  588):  setEnabledSetting(), pkgName=com.google.android.talk, clsName=com.google.android.apps.hangouts.phone.ShareIntentSmsOnlyActivity, state=2, flag=1, pid=11861, uid=10148
E/SQLiteLog(11861): (1) no such table: mmsconfig
I/Babel   (11861): MmsConfig: no mmsconfig table android.database.sqlite.SQLiteException: no such table: mmsconfig (code 1): , while compiling: SELECT key, value, type FROM mmsconfig WHERE numeric=?
I/Babel   (11861): MmsConfig.loadFromResources
E/Babel   (11861): canonicalizeMccMnc: invalid mccmnc nullnull
I/Babel   (11861): MmsConfig.loadMmsSettings: mUserAgent=Hangouts/3.0.87531466, mUaProfUrl=https://ssl.gstatic.com/android/hangouts/hangouts_mms_ua_profile.xml
D/Socket_Alarm(11861): registerHTCSocketMonitorCallBack
D/Socket_Alarm(11861): set mSocketMonitor
D/Socket_Alarm(11861): HTCSocketMonitorImpl::HTCSocketMonitorImpl
I/PackageManager(  588):  setEnabledSetting(), pkgName=com.google.android.talk, clsName=com.google.android.apps.hangouts.sms.SmsReceiver, state=2, flag=1, pid=11861, uid=10148
I/PackageManager(  588):  setEnabledSetting(), pkgName=com.google.android.talk, clsName=com.google.android.apps.hangouts.sms.MmsWapPushReceiver, state=2, flag=1, pid=11861, uid=10148
I/PackageManager(  588):  setEnabledSetting(), pkgName=com.google.android.talk, clsName=com.google.android.apps.hangouts.sms.AbortSmsReceiver, state=2, flag=1, pid=11861, uid=10148
I/PackageManager(  588):  setEnabledSetting(), pkgName=com.google.android.talk, clsName=com.google.android.apps.hangouts.sms.AbortMmsWapPushReceiver, state=2, flag=1, pid=11861, uid=10148
I/PackageManager(  588):  setEnabledSetting(), pkgName=com.google.android.talk, clsName=com.google.android.apps.hangouts.service.NoConfirmationSmsSendService, state=2, flag=1, pid=11861, uid=10148
E/SQLiteLog(11793): (5) statement aborts at 1: [PRAGMA journal_mode=TRUNCATE;] 
I/Babel_StickerModule(11861): App launched.
I/dalvikvm-heap(11861): Grow heap (frag case) to 12.986MB for 245000-byte allocation
V/AlarmManager(  588): sending alarm PendingIntent{420798f0: PendingIntentRecord{4249f7d0 com.whatsapp broadcastIntent}}, intent=DEVICE_INFO_ALARM_ACTION, type=ELAPSED_REALTIME, count=47, when=169200000, repeateInterval=3600000
W/dalvikvm(11793): VFY: unable to resolve virtual method 136: Landroid/app/AlarmManager;.setExact (IJLandroid/app/PendingIntent;)V
E/dalvikvm(11861): Could not find class 'android.hardware.display.DisplayManager', referenced from method com.google.android.libraries.hangouts.video.ScreenCaptureVideoSource.<init>
W/dalvikvm(11861): VFY: unable to resolve check-cast 563 (Landroid/hardware/display/DisplayManager;) in Lcom/google/android/libraries/hangouts/video/ScreenCaptureVideoSource;
W/dalvikvm(11861): VFY: unable to find class referenced in signature (Landroid/hardware/display/VirtualDisplay;)
W/dalvikvm(11861): VFY: unable to find class referenced in signature (Landroid/media/projection/MediaProjection;)
W/dalvikvm(11861): VFY: unable to find class referenced in signature (Landroid/media/projection/MediaProjection;)
W/dalvikvm(11861): VFY: unable to find class referenced in signature (Landroid/media/projection/MediaProjection;)
W/dalvikvm(11861): VFY: unable to find class referenced in signature (Landroid/media/projection/MediaProjectionManager;)
W/dalvikvm(11861): VFY: unable to resolve virtual method 3518: Landroid/media/projection/MediaProjection;.createVirtualDisplay (Ljava/lang/String;IIIILandroid/view/Surface;Landroid/hardware/display/VirtualDisplay$Callback;Landroid/os/Handler;)Landroid/hardware/display/VirtualDisplay;
W/dalvikvm(11861): VFY: unable to resolve virtual method 3393: Landroid/hardware/display/VirtualDisplay;.release ()V
W/dalvikvm(11861): VFY: unable to resolve virtual method 3392: Landroid/hardware/display/DisplayManager;.unregisterDisplayListener (Landroid/hardware/display/DisplayManager$DisplayListener;)V
W/dalvikvm(11861): VFY: unable to resolve virtual method 3522: Landroid/media/projection/MediaProjectionManager;.createScreenCaptureIntent ()Landroid/content/Intent;
W/dalvikvm(11861): Unable to resolve superclass of Lcom/google/android/libraries/hangouts/video/ScreenCaptureVideoSource$2; (596)
W/dalvikvm(11861): Link of class 'Lcom/google/android/libraries/hangouts/video/ScreenCaptureVideoSource$2;' failed
W/dalvikvm(11861): Link of class 'Lcom/google/android/libraries/hangouts/video/ScreenCaptureVideoSource$4;' failed
E/NetworkScheduler.SchedulerReceiver(27794): Invalid parameter app
E/NetworkScheduler.SchedulerReceiver(27794): Invalid package name : Perhaps you didn't include a PendingIntent in the extras?
W/dalvikvm(11861): VFY: unable to resolve virtual method 3454: Landroid/media/MediaCodecInfo$CodecCapabilities;.getVideoCapabilities ()Landroid/media/MediaCodecInfo$VideoCapabilities;
D/PowerManagerService(  588): acquireWakeLock(42212d98): PARTIAL_WAKE_LOCK , tag=*net_scheduler*, flags=0x1, pid=27794, uid=10017, mUserState=0x3
D/StateMachine(  588): handleMessage: E msg.what=131218
D/StateMachine(  588): processMsg: ConnectedState
D/WifiStateMachine(  588): ConnectedState{ what=131218 when=-1ms target=Handler (com.android.internal.util.StateMachine$SmHandler) {42568e58} }
D/StateMachine(  588): processMsg: L2ConnectedState
D/WifiStateMachine(  588): L2ConnectedState{ what=131218 when=-2ms target=Handler (com.android.internal.util.StateMachine$SmHandler) {42568e58} }
D/StateMachine(  588): processMsg: ConnectModeState
D/WifiStateMachine(  588): ConnectModeState{ what=131218 when=-4ms target=Handler (com.android.internal.util.StateMachine$SmHandler) {42568e58} }
D/StateMachine(  588): processMsg: DriverStartedState
D/WifiStateMachine(  588): DriverStartedState{ what=131218 when=-6ms target=Handler (com.android.internal.util.StateMachine$SmHandler) {42568e58} }
I/wpa_ctrl(  588): [wpa_ctrl_request] ctrl address = 51174668, ctrl_conn address = 0
D/StateMachine(  588): handleMessage: X
D/PackageBroadcastService(27853): Received broadcast action=android.intent.action.PACKAGE_REPLACED and uri=co.giftmeapp.gift_me
D/PowerManagerService(  588): releaseWakeLock(42212d98): PARTIAL_WAKE_LOCK , tag=*net_scheduler*, flags=0x1
I/ActivityManager(  588): Start proc com.instagram.android for broadcast com.instagram.android/com.instagram.selfupdate.SelfUpdateUpgradeEventReceiver: pid=11898 uid=10218 gids={1006, 3003, 1015, 1028}
I/PackageManager(  588):  setEnabledSetting(), pkgName=com.google.android.gms, clsName=com.google.android.gms.people.pub.PeopleProfileActionGatewayActivity, state=2, flag=1, pid=27853, uid=10017
E/Trace   (11898): error opening trace file: No such file or directory (2)
D/PhoneApp(  946): ACTION_CONTACTS_DB_READY
D/NotifyDialerScheduler(11830): ACTION_CONTACTS_DB_READY
W/CallNotifier(  946): bindDialerService
W/dalvikvm(11793): VFY: unable to resolve virtual method 136: Landroid/app/AlarmManager;.setExact (IJLandroid/app/PendingIntent;)V
D/libc    (  251): _resolv_cache_lookup: lookup
D/libc    (  251): [SMD]bl_level = 125
D/libc    (  251): [SMD][Mode1]: Screen on and original TTL is expired
D/libc    (  251):  Cache EXPIRED (STALE ENTRY 0x4026a548 DISCARDED) or need renew
D/TELEPHONY_CALLBACK(  811): @onSignalStrengthChanged: SignalStrength: 5 -1 -1 -1 -1 -1 -1 -1 -1 -1 2147483647 -1 gsm|lte
D/StatusBar.NetworkController(  811): dumpState[hasService=true ServiceState=0 home 3 3 27202  HSPA CSS not supported -1 -1 RoamInd=-1 DefRoamInd=-1EriInd= -1EriMode= -1RadioPowerSv: false EmergOnly=false PhoneType: 1 IsCdma=false SimState=UNKNOWN GprsState=0 DataState=Disconnected DataActivity=NONE NetworkType=HSPA HtcModemLinkOn=false HspaDataDistinquishable=true]
D/SIGNAL_ICON(  811): updateTelephonySignalStrength
D/SIGNAL_ICON(  811): fakeui srv=0 mTimerEnabled=false asu=5
D/SIGNAL_ICON(  811): asu=5
D/SIGNAL_ICON(  811): SUPPORT_5_LEVEL_SIGNAL
D/SIGNAL_ICON(  811): mapTelephonySignalStrength
D/SIGNAL_ICON(  811): maxLevel=5 asu=5 networkType=HSPA
D/SIGNAL_ICON(  811): return iconLevel=2
D/StatusBar.NetworkController(  811): dumpIconState[dataVisible=false dataIconId=stat_sys_data_out_3g_plus signalIconId=stat_sys_5signal_2 wifiVisible=true wifiIconId=stat_sys_wifi_signal_4 airplaneMode=false]
D/libc    (  251): _resolv_cache_lookup: lookup
D/libc    (  251): [SMD]bl_level = 125
D/libc    (  251): [SMD][Mode1]: Screen on and original TTL is not expired
D/libc    (  251): FOUND IN CACHE entry=0x40061158
I/ActivityThread(11898): Pub com.instagram.contentprovider.CurrentUserProvider: com.instagram.contentprovider.CurrentUserProvider
D/Finsky  (11407): [10119] InAppBillingUtils.pickAccount: com.whatsapp: Account determined from installer data - [QkPhrvKtIaKRqB497nnNqDpM2h0]
D/libc    (  251): [SMD][v0913] Extended TTL = 43200, original TTL = 297
W/dalvikvm(11898): VFY: unable to resolve virtual method 84: Landroid/app/ActivityManager;.isLowRamDevice ()Z
I/NativeImageProcessor(11473): == read 42 bytes ==
I/NativeImageProcessor(11473): == read -1 bytes ==
D/Finsky  (11407): [10144] InAppBillingUtils.pickAccount: com.whatsapp: Account determined from installer data - [QkPhrvKtIaKRqB497nnNqDpM2h0]
D/Finsky  (11407): [10143] InAppBillingUtils.pickAccount: com.whatsapp: Account determined from installer data - [QkPhrvKtIaKRqB497nnNqDpM2h0]
I/dalvikvm-heap(11710): Grow heap (frag case) to 15.740MB for 1024768-byte allocation
D/Socket_Alarm(11898): registerHTCSocketMonitorCallBack
D/Socket_Alarm(11898): set mSocketMonitor
D/Socket_Alarm(11898): HTCSocketMonitorImpl::HTCSocketMonitorImpl
W/dalvikvm(11898): VFY: unable to resolve static method 1218: Landroid/provider/Settings$Global;.getInt (Landroid/content/ContentResolver;Ljava/lang/String;I)I
I/ActivityManager(  588): Start proc vivino.web.app for broadcast vivino.web.app/com.android.vivino.receivers.UpgradeBroadcastReceiver: pid=11933 uid=10180 gids={1015, 1006, 3003, 1028}
E/Trace   (11933): error opening trace file: No such file or directory (2)
