I/OMXNodeInstance(  277): OMX_FreeBuffer for buffer header 0xb9034a20 successful
I/OMXNodeInstance(  277): OMX_FreeBuffer for buffer header 0xb9034950 successful
I/OMXNodeInstance(  277): OMX_FreeBuffer for buffer header 0xb9034810 successful
I/OMXNodeInstance(  277): OMX_FreeBuffer for buffer header 0xb90350d8 successful
I/OMXNodeInstance(  277): OMX_FreeBuffer for buffer header 0xb9034fb0 successful
I/OMXNodeInstance(  277): OMX_FreeBuffer for buffer header 0xb9034e70 successful
I/OMXNodeInstance(  277): OMX_FreeBuffer for buffer header 0xb9034c60 successful
E/mm-camera(  422): c2d_module_stop_session:323, info: stopping session 2 ...
E/mm-camera(  422): c2d_thread_process_pipe_message:714, C2D_THREAD_MSG_ABORT: c2d_thread exiting..
W/libutils.threads(  277): Thread (this=0xb90344c8): don't call join() from this Thread object's thread. It's a guaranteed deadlock!
E/mm-camera(  422): c2d_module_stop_session:365, info: session 2 stopped.
I/OMXNodeInstance(  277): OMX_FreeBuffer for buffer header 0xb9035b20 successful
I/OMXNodeInstance(  277): OMX_FreeBuffer for buffer header 0xb9035c18 successful
I/OMXNodeInstance(  277): OMX_FreeBuffer for buffer header 0xb9036b88 successful
I/OMXNodeInstance(  277): OMX_FreeBuffer for buffer header 0xb9035650 successful
I/OMXNodeInstance(  277): OMX_FreeBuffer for buffer header 0xb90373e0 successful
I/OMXNodeInstance(  277): OMX_FreeBuffer for buffer header 0xb90372b8 successful
I/OMXNodeInstance(  277): OMX_FreeBuffer for buffer header 0xb9037178 successful
I/OMXNodeInstance(  277): OMX_FreeBuffer for buffer header 0xb9036f68 successful
I/dalvikvm(14484): Total arena pages for JIT: 11
D/BluetoothManagerService( 1025): Message: 20
D/BluetoothManagerService( 1025): Added callback: android.bluetooth.IBluetoothManagerCallback$Stub$Proxy@4381a148:true
D/BluetoothManagerService( 1025): Message: 30
D/BluetoothHeadset(14292): Proxy object connected
E/mm-camera-sensor(  422): Got some events
E/mm-camera-sensor(  422): sensor_thread_func:152 sensor_thread_func:Sensor thread is exiting
D/AwesomePlayer(  277): Before reset_l
I/AwesomePlayer(  277): setDataSource(FD URL suppressed)
D/QCUtils (  277): extended extractor not needed, return default
I/OMXNodeInstance(  277): OMX_FreeBuffer for buffer header 0xb90554d0 successful
I/OMXNodeInstance(  277): OMX_FreeBuffer for buffer header 0xb9055018 successful
I/OMXNodeInstance(  277): OMX_FreeBuffer for buffer header 0xb9054a88 successful
I/OMXNodeInstance(  277): OMX_FreeBuffer for buffer header 0xb8f45568 successful
I/OMXNodeInstance(  277): OMX_FreeBuffer for buffer header 0xb9055ad0 successful
I/OMXNodeInstance(  277): OMX_FreeBuffer for buffer header 0xb90559a8 successful
I/OMXNodeInstance(  277): OMX_FreeBuffer for buffer header 0xb9055868 successful
I/OMXNodeInstance(  277): OMX_FreeBuffer for buffer header 0xb9055658 successful
D/AwesomePlayer(  277): Before reset_l
I/AwesomePlayer(  277): setDataSource(FD URL suppressed)
D/QCUtils (  277): extended extractor not needed, return default
I/OMXNodeInstance(  277): OMX_FreeBuffer for buffer header 0xb9057068 successful
I/OMXNodeInstance(  277): OMX_FreeBuffer for buffer header 0xb9056fb0 successful
I/OMXNodeInstance(  277): OMX_FreeBuffer for buffer header 0xb9056b20 successful
I/OMXNodeInstance(  277): OMX_FreeBuffer for buffer header 0xb9056568 successful
I/OMXNodeInstance(  277): OMX_FreeBuffer for buffer header 0xb9057668 successful
I/OMXNodeInstance(  277): OMX_FreeBuffer for buffer header 0xb9057540 successful
I/OMXNodeInstance(  277): OMX_FreeBuffer for buffer header 0xb9057400 successful
I/OMXNodeInstance(  277): OMX_FreeBuffer for buffer header 0xb90571f0 successful
D/AwesomePlayer(  277): Before reset_l
I/AwesomePlayer(  277): setDataSource(FD URL suppressed)
D/QCUtils (  277): extended extractor not needed, return default
I/OMXNodeInstance(  277): OMX_FreeBuffer for buffer header 0xb9060248 successful
I/OMXNodeInstance(  277): OMX_FreeBuffer for buffer header 0xb9060190 successful
I/OMXNodeInstance(  277): OMX_FreeBuffer for buffer header 0xb905fd38 successful
I/OMXNodeInstance(  277): OMX_FreeBuffer for buffer header 0xb9058b10 successful
I/OMXNodeInstance(  277): OMX_FreeBuffer for buffer header 0xb9060848 successful
I/OMXNodeInstance(  277): OMX_FreeBuffer for buffer header 0xb9060720 successful
I/OMXNodeInstance(  277): OMX_FreeBuffer for buffer header 0xb90605e0 successful
I/OMXNodeInstance(  277): OMX_FreeBuffer for buffer header 0xb90603d0 successful
D/AwesomePlayer(  277): Before reset_l
I/AwesomePlayer(  277): setDataSource(FD URL suppressed)
D/QCUtils (  277): extended extractor not needed, return default
I/OMXNodeInstance(  277): OMX_FreeBuffer for buffer header 0xb9060d90 successful
I/OMXNodeInstance(  277): OMX_FreeBuffer for buffer header 0xb9060cd8 successful
I/OMXNodeInstance(  277): OMX_FreeBuffer for buffer header 0xb9060880 successful
I/OMXNodeInstance(  277): OMX_FreeBuffer for buffer header 0xb9060300 successful
I/OMXNodeInstance(  277): OMX_FreeBuffer for buffer header 0xb9061390 successful
I/OMXNodeInstance(  277): OMX_FreeBuffer for buffer header 0xb9061268 successful
I/OMXNodeInstance(  277): OMX_FreeBuffer for buffer header 0xb9061128 successful
I/OMXNodeInstance(  277): OMX_FreeBuffer for buffer header 0xb9060f18 successful
W/libutils.threads(  277): Thread (this=0xb90607c0): don't call join() from this Thread object's thread. It's a guaranteed deadlock!
D/AwesomePlayer(  277): Before reset_l
I/AwesomePlayer(  277): setDataSource(FD URL suppressed)
D/QCUtils (  277): extended extractor not needed, return default
I/OMXNodeInstance(  277): OMX_FreeBuffer for buffer header 0xb9025f68 successful
I/OMXNodeInstance(  277): OMX_FreeBuffer for buffer header 0xb9025eb0 successful
I/OMXNodeInstance(  277): OMX_FreeBuffer for buffer header 0xb9025a20 successful
I/OMXNodeInstance(  277): OMX_FreeBuffer for buffer header 0xb8ecba50 successful
I/OMXNodeInstance(  277): OMX_FreeBuffer for buffer header 0xb8f813d0 successful
I/OMXNodeInstance(  277): OMX_FreeBuffer for buffer header 0xb9025d40 successful
I/OMXNodeInstance(  277): OMX_FreeBuffer for buffer header 0xb9025c00 successful
I/OMXNodeInstance(  277): OMX_FreeBuffer for buffer header 0xb90260f0 successful
D/AwesomePlayer(  277): Before reset_l
I/AwesomePlayer(  277): setDataSource(FD URL suppressed)
D/QCUtils (  277): extended extractor not needed, return default
I/OMXNodeInstance(  277): OMX_FreeBuffer for buffer header 0xb8f77470 successful
I/OMXNodeInstance(  277): OMX_FreeBuffer for buffer header 0xb8f773b8 successful
I/OMXNodeInstance(  277): OMX_FreeBuffer for buffer header 0xb8f772e8 successful
I/OMXNodeInstance(  277): OMX_FreeBuffer for buffer header 0xb8f77130 successful
I/OMXNodeInstance(  277): OMX_FreeBuffer for buffer header 0xb8edecb0 successful
I/OMXNodeInstance(  277): OMX_FreeBuffer for buffer header 0xb8f454c8 successful
I/OMXNodeInstance(  277): OMX_FreeBuffer for buffer header 0xb9037908 successful
I/OMXNodeInstance(  277): OMX_FreeBuffer for buffer header 0xb8f775f8 successful
D/AwesomePlayer(  277): Before reset_l
I/AwesomePlayer(  277): setDataSource(FD URL suppressed)
D/QCUtils (  277): extended extractor not needed, return default
I/OMXNodeInstance(  277): OMX_FreeBuffer for buffer header 0xb9025a50 successful
I/OMXNodeInstance(  277): OMX_FreeBuffer for buffer header 0xb9025998 successful
I/OMXNodeInstance(  277): OMX_FreeBuffer for buffer header 0xb90258f8 successful
I/OMXNodeInstance(  277): OMX_FreeBuffer for buffer header 0xb8f44c20 successful
I/OMXNodeInstance(  277): OMX_FreeBuffer for buffer header 0xb9025d20 successful
I/OMXNodeInstance(  277): OMX_FreeBuffer for buffer header 0xb9025bf8 successful
I/OMXNodeInstance(  277): OMX_FreeBuffer for buffer header 0xb9025ad8 successful
I/OMXNodeInstance(  277): OMX_FreeBuffer for buffer header 0xb9025fb0 successful
D/AwesomePlayer(  277): Before reset_l
I/AwesomePlayer(  277): setDataSource(FD URL suppressed)
D/QCUtils (  277): extended extractor not needed, return default
I/OMXNodeInstance(  277): OMX_FreeBuffer for buffer header 0xb8ecb948 successful
I/OMXNodeInstance(  277): OMX_FreeBuffer for buffer header 0xb8ecb890 successful
I/OMXNodeInstance(  277): OMX_FreeBuffer for buffer header 0xb8ecb7d8 successful
I/OMXNodeInstance(  277): OMX_FreeBuffer for buffer header 0xb90258f8 successful
I/OMXNodeInstance(  277): OMX_FreeBuffer for buffer header 0xb8f814c8 successful
I/OMXNodeInstance(  277): OMX_FreeBuffer for buffer header 0xb8f813d0 successful
I/OMXNodeInstance(  277): OMX_FreeBuffer for buffer header 0xb9026070 successful
I/OMXNodeInstance(  277): OMX_FreeBuffer for buffer header 0xb9025e98 successful
D/AwesomePlayer(  277): Before reset_l
I/AwesomePlayer(  277): setDataSource(FD URL suppressed)
D/QCUtils (  277): extended extractor not needed, return default
I/OMXNodeInstance(  277): OMX_FreeBuffer for buffer header 0xb9026068 successful
I/OMXNodeInstance(  277): OMX_FreeBuffer for buffer header 0xb9025fb0 successful
I/OMXNodeInstance(  277): OMX_FreeBuffer for buffer header 0xb9025ee0 successful
I/OMXNodeInstance(  277): OMX_FreeBuffer for buffer header 0xb9025958 successful
I/OMXNodeInstance(  277): OMX_FreeBuffer for buffer header 0xb8f814c8 successful
I/OMXNodeInstance(  277): OMX_FreeBuffer for buffer header 0xb8f813d0 successful
I/OMXNodeInstance(  277): OMX_FreeBuffer for buffer header 0xb9025d00 successful
I/OMXNodeInstance(  277): OMX_FreeBuffer for buffer header 0xb9025af0 successful
D/AwesomePlayer(  277): Before reset_l
I/AwesomePlayer(  277): setDataSource(FD URL suppressed)
D/QCUtils (  277): extended extractor not needed, return default
I/OMXNodeInstance(  277): OMX_FreeBuffer for buffer header 0xb90375d8 successful
I/OMXNodeInstance(  277): OMX_FreeBuffer for buffer header 0xb9037520 successful
I/OMXNodeInstance(  277): OMX_FreeBuffer for buffer header 0xb90259d0 successful
I/OMXNodeInstance(  277): OMX_FreeBuffer for buffer header 0xb9037980 successful
I/OMXNodeInstance(  277): OMX_FreeBuffer for buffer header 0xb9025b20 successful
I/OMXNodeInstance(  277): OMX_FreeBuffer for buffer header 0xb8ecba20 successful
I/OMXNodeInstance(  277): OMX_FreeBuffer for buffer header 0xb9026118 successful
I/OMXNodeInstance(  277): OMX_FreeBuffer for buffer header 0xb9037760 successful
W/libutils.threads(  277): Thread (this=0xb90328a8): don't call join() from this Thread object's thread. It's a guaranteed deadlock!
D/AwesomePlayer(  277): Before reset_l
I/AwesomePlayer(  277): setDataSource(FD URL suppressed)
D/QCUtils (  277): extended extractor not needed, return default
I/OMXNodeInstance(  277): OMX_FreeBuffer for buffer header 0xb9026068 successful
I/OMXNodeInstance(  277): OMX_FreeBuffer for buffer header 0xb9025fb0 successful
I/OMXNodeInstance(  277): OMX_FreeBuffer for buffer header 0xb9025ee0 successful
I/OMXNodeInstance(  277): OMX_FreeBuffer for buffer header 0xb9025958 successful
I/OMXNodeInstance(  277): OMX_FreeBuffer for buffer header 0xb8f814c8 successful
I/OMXNodeInstance(  277): OMX_FreeBuffer for buffer header 0xb8f813d0 successful
I/OMXNodeInstance(  277): OMX_FreeBuffer for buffer header 0xb9025d00 successful
I/OMXNodeInstance(  277): OMX_FreeBuffer for buffer header 0xb9025af0 successful
D/AwesomePlayer(  277): Before reset_l
I/AwesomePlayer(  277): setDataSource(FD URL suppressed)
D/QCUtils (  277): extended extractor not needed, return default
I/OMXNodeInstance(  277): OMX_FreeBuffer for buffer header 0xb8fc1360 successful
I/OMXNodeInstance(  277): OMX_FreeBuffer for buffer header 0xb8fc12a8 successful
I/OMXNodeInstance(  277): OMX_FreeBuffer for buffer header 0xb8fc0f40 successful
I/OMXNodeInstance(  277): OMX_FreeBuffer for buffer header 0xb8fc09f0 successful
I/OMXNodeInstance(  277): OMX_FreeBuffer for buffer header 0xb8f18788 successful
I/OMXNodeInstance(  277): OMX_FreeBuffer for buffer header 0xb8fc1838 successful
I/OMXNodeInstance(  277): OMX_FreeBuffer for buffer header 0xb8fc16f8 successful
I/OMXNodeInstance(  277): OMX_FreeBuffer for buffer header 0xb8fc14e8 successful
D/WifiStateMachine( 1025): handleMessage: E msg.what=151572
D/WifiStateMachine( 1025): processMsg: ConnectedState
D/WifiStateMachine( 1025): processMsg: L2ConnectedState
I/ActivityManager( 1025): Start proc android.process.acore for content provider com.android.providers.contacts/.CallLogProvider: pid=14691 uid=10010 gids={50010, 3003, 1028, 1015, 1023}
D/WifiStateMachine( 1025): handleMessage: X
I/ActivityManager( 1025): Process free.reddit.news (pid 14484) has died.
D/WifiService( 1025): acquireWifiLockLocked: WifiLock{VoipServiceWifiLock type=1 binder=android.os.BinderProxy@43046378}
D/AwesomePlayer(  277): Before reset_l
I/AwesomePlayer(  277): setDataSource(FD URL suppressed)
D/QCUtils (  277): extended extractor not needed, return default
I/OMXNodeInstance(  277): OMX_FreeBuffer for buffer header 0xb9025f68 successful
I/OMXNodeInstance(  277): OMX_FreeBuffer for buffer header 0xb9025eb0 successful
I/OMXNodeInstance(  277): OMX_FreeBuffer for buffer header 0xb9025a20 successful
I/OMXNodeInstance(  277): OMX_FreeBuffer for buffer header 0xb8f44d20 successful
I/OMXNodeInstance(  277): OMX_FreeBuffer for buffer header 0xb8f813d0 successful
I/OMXNodeInstance(  277): OMX_FreeBuffer for buffer header 0xb9025d10 successful
I/OMXNodeInstance(  277): OMX_FreeBuffer for buffer header 0xb9025c08 successful
I/OMXNodeInstance(  277): OMX_FreeBuffer for buffer header 0xb90260f0 successful
W/libutils.threads(  277): Thread (this=0xb90377a0): don't call join() from this Thread object's thread. It's a guaranteed deadlock!
D/AwesomePlayer(  277): Before reset_l
I/AwesomePlayer(  277): setDataSource(FD URL suppressed)
D/QCUtils (  277): extended extractor not needed, return default
I/OMXNodeInstance(  277): OMX_FreeBuffer for buffer header 0xb9025928 successful
I/OMXNodeInstance(  277): OMX_FreeBuffer for buffer header 0xb8f44d50 successful
I/OMXNodeInstance(  277): OMX_FreeBuffer for buffer header 0xb8f44c80 successful
I/OMXNodeInstance(  277): OMX_FreeBuffer for buffer header 0xb9037898 successful
I/OMXNodeInstance(  277): OMX_FreeBuffer for buffer header 0xb9025c00 successful
I/OMXNodeInstance(  277): OMX_FreeBuffer for buffer header 0xb9025ad8 successful
I/OMXNodeInstance(  277): OMX_FreeBuffer for buffer header 0xb9026090 successful
I/OMXNodeInstance(  277): OMX_FreeBuffer for buffer header 0xb9025e98 successful
I/ContactLocale(14691): AddressBook Labels [en_GB]: [, A, B, C, D, E, F, G, H, I, J, K, L, M, N, O, P, Q, R, S, T, U, V, W, X, Y, Z, , , , , , , , , , , , , , , , , , , , , , , , , , , , , , , , , , , , , , , , , , , , , , , , , , , , , , , , , , , , , , , , , , , , , , , , , , , , , , , , , , , , , , , , , , , , , , , , , , , , , , , , , , , , , , , , , , , , , , , , , , , , , , , , , , , , , , , , , , , , , , , , , , , , , , , , , , , , , , , , , , , , , , , , , , , , , , , , , , , , , , #, ]
D/AwesomePlayer(  277): Before reset_l
I/AwesomePlayer(  277): setDataSource(FD URL suppressed)
D/QCUtils (  277): extended extractor not needed, return default
I/OMXNodeInstance(  277): OMX_FreeBuffer for buffer header 0xb9025d18 successful
I/OMXNodeInstance(  277): OMX_FreeBuffer for buffer header 0xb8eded50 successful
I/OMXNodeInstance(  277): OMX_FreeBuffer for buffer header 0xb8edec80 successful
I/OMXNodeInstance(  277): OMX_FreeBuffer for buffer header 0xb8f45468 successful
I/OMXNodeInstance(  277): OMX_FreeBuffer for buffer header 0xb9025ad8 successful
I/OMXNodeInstance(  277): OMX_FreeBuffer for buffer header 0xb8f44cb0 successful
I/OMXNodeInstance(  277): OMX_FreeBuffer for buffer header 0xb9037958 successful
I/OMXNodeInstance(  277): OMX_FreeBuffer for buffer header 0xb9032800 successful
D/WifiStateMachine( 1025): handleMessage: E msg.what=131155
D/WifiStateMachine( 1025): processMsg: ConnectedState
D/WifiStateMachine( 1025): processMsg: L2ConnectedState
D/WifiStateMachine( 1025): handleMessage: X
D/AwesomePlayer(  277): Before reset_l
I/AwesomePlayer(  277): setDataSource(FD URL suppressed)
D/QCUtils (  277): extended extractor not needed, return default
I/OMXNodeInstance(  277): OMX_FreeBuffer for buffer header 0xb90327d0 successful
I/OMXNodeInstance(  277): OMX_FreeBuffer for buffer header 0xb8edecf8 successful
I/OMXNodeInstance(  277): OMX_FreeBuffer for buffer header 0xb8f45558 successful
I/OMXNodeInstance(  277): OMX_FreeBuffer for buffer header 0xb8f17ea8 successful
I/OMXNodeInstance(  277): OMX_FreeBuffer for buffer header 0xb9025a08 successful
I/OMXNodeInstance(  277): OMX_FreeBuffer for buffer header 0xb90258f8 successful
I/OMXNodeInstance(  277): OMX_FreeBuffer for buffer header 0xb8f44c80 successful
I/OMXNodeInstance(  277): OMX_FreeBuffer for buffer header 0xb9037868 successful
W/libutils.threads(  277): Thread (this=0xb8f6d558): don't call join() from this Thread object's thread. It's a guaranteed deadlock!
D/WifiStateMachine( 1025): handleMessage: E msg.what=151572
D/WifiStateMachine( 1025): processMsg: ConnectedState
D/WifiStateMachine( 1025): processMsg: L2ConnectedState
D/WifiStateMachine( 1025): handleMessage: X
E/JavaBinder(14292): !!! FAILED BINDER TRANSACTION !!!
I/ActivityManager( 1025): Process android.process.acore (pid 14691) has died.
D/dalvikvm(14292): GC_CONCURRENT freed 4762K, 28% free 12470K/17224K, paused 3ms+4ms, total 69ms
I/ActivityManager( 1025): Start proc android.process.acore for content provider com.android.providers.contacts/.ContactsProvider2: pid=14743 uid=10010 gids={50010, 3003, 1028, 1015, 1023}
I/SFPerfTracer(  274):      triggers: (rate: 1142:450684) (345731 sw vsyncs) (1058236 skipped) (5:3391955 vsyncs) (7:4251825)
D/dalvikvm( 1025): GC_EXPLICIT freed 3332K, 36% free 32378K/50444K, paused 5ms+22ms, total 194ms
D/WifiStateMachine( 1025): handleMessage: E msg.what=151572
D/WifiStateMachine( 1025): processMsg: ConnectedState
D/WifiStateMachine( 1025): processMsg: L2ConnectedState
D/WifiStateMachine( 1025): handleMessage: X
I/ContactLocale(14743): AddressBook Labels [en_GB]: [, A, B, C, D, E, F, G, H, I, J, K, L, M, N, O, P, Q, R, S, T, U, V, W, X, Y, Z, , , , , , , , , , , , , , , , , , , , , , , , , , , , , , , , , , , , , , , , , , , , , , , , , , , , , , , , , , , , , , , , , , , , , , , , , , , , , , , , , , , , , , , , , , , , , , , , , , , , , , , , , , , , , , , , , , , , , , , , , , , , , , , , , , , , , , , , , , , , , , , , , , , , , , , , , , , , , , , , , , , , , , , , , , , , , , , , , , , , , , #, ]
D/dalvikvm(14292): GC_CONCURRENT freed 1931K, 28% free 12494K/17224K, paused 3ms+2ms, total 28ms
I/ActivityManager( 1025): Process android.process.acore (pid 14743) has died.
D/dalvikvm(14292): GC_CONCURRENT freed 1483K, 25% free 13057K/17224K, paused 3ms+2ms, total 28ms
D/dalvikvm(14292): WAIT_FOR_CONCURRENT_GC blocked 12ms
D/WifiStateMachine( 1025): handleMessage: E msg.what=151572
D/WifiStateMachine( 1025): processMsg: ConnectedState
D/WifiStateMachine( 1025): processMsg: L2ConnectedState
D/WifiStateMachine( 1025): handleMessage: X
D/WifiStateMachine( 1025): handleMessage: E msg.what=131155
D/WifiStateMachine( 1025): processMsg: ConnectedState
D/WifiStateMachine( 1025): processMsg: L2ConnectedState
D/WifiStateMachine( 1025): handleMessage: X
D/WifiStateMachine( 1025): handleMessage: E msg.what=151572
D/WifiStateMachine( 1025): processMsg: ConnectedState
D/WifiStateMachine( 1025): processMsg: L2ConnectedState
D/WifiStateMachine( 1025): handleMessage: X
I/SFPerfTracer(  274):      triggers: (rate: 1272:50676) (compose: 0:256) (post: 0:21) (render: 90:10665) (0:797737 frames) (1:3354986)
D/SFPerfTracer(  274):        layers: (3:11) (DimLayer: 0:158)* (DimLayer: 0:142)* (FocusedStackFrame: 0:22404)* (StatusBar: 1:269135) (NavigationBar: 0:207248) (DimLayer: 0:25920)* (DimLayer: 0:4909)* (com.android.wallpaper.fall.FallWallpaper: 0:1402)* (co.giftmeapp.gift_me/com.paypal.android.sdk.payments.PaymentConfirmActivity: 0:47)* (Processing: 0:67)* (co.giftmeapp.gift_me/co.giftmeapp.gift_me.GiftMe: 0:21) 
D/WifiStateMachine( 1025): handleMessage: E msg.what=151572
D/WifiStateMachine( 1025): processMsg: ConnectedState
D/WifiStateMachine( 1025): processMsg: L2ConnectedState
D/WifiStateMachine( 1025): handleMessage: X
D/Ulp_jni ( 1025): Location CB invoked
D/WifiStateMachine( 1025): handleMessage: E msg.what=151572
D/WifiStateMachine( 1025): processMsg: ConnectedState
D/WifiStateMachine( 1025): processMsg: L2ConnectedState
D/WifiStateMachine( 1025): handleMessage: X
D/WifiStateMachine( 1025): handleMessage: E msg.what=131155
D/WifiStateMachine( 1025): processMsg: ConnectedState
D/WifiStateMachine( 1025): processMsg: L2ConnectedState
D/WifiStateMachine( 1025): handleMessage: X
D/WifiStateMachine( 1025): handleMessage: E msg.what=151572
D/WifiStateMachine( 1025): processMsg: ConnectedState
D/WifiStateMachine( 1025): processMsg: L2ConnectedState
D/WifiStateMachine( 1025): handleMessage: X
D/WifiStateMachine( 1025): handleMessage: E msg.what=151572
D/WifiStateMachine( 1025): processMsg: ConnectedState
D/WifiStateMachine( 1025): processMsg: L2ConnectedState
D/WifiStateMachine( 1025): handleMessage: X
D/WifiStateMachine( 1025): handleMessage: E msg.what=151572
D/WifiStateMachine( 1025): processMsg: ConnectedState
D/WifiStateMachine( 1025): processMsg: L2ConnectedState
D/WifiStateMachine( 1025): handleMessage: X
D/WifiStateMachine( 1025): handleMessage: E msg.what=131155
D/WifiStateMachine( 1025): processMsg: ConnectedState
D/WifiStateMachine( 1025): processMsg: L2ConnectedState
D/WifiStateMachine( 1025): handleMessage: X
D/CordovaLog(12933): file:///android_asset/www/js/GiveGiftView.js: Line 17 : GIFTME - buy now clicked
I/chromium(12933): [INFO:CONSOLE(17)] "GIFTME - buy now clicked", source: file:///android_asset/www/js/GiveGiftView.js (17)
I/ActivityManager( 1025): START u0 {cmp=co.giftmeapp.gift_me/com.paypal.android.sdk.payments.PaymentActivity (has extras)} from pid 12933
W/ContextImpl( 1295): Calling a method in the system process without a qualified user: android.app.ContextImpl.sendBroadcast:1252 android.content.ContextWrapper.sendBroadcast:365 com.motorola.motocare.util.TriggerHelper$TriggerBuilder.send:76 com.motorola.motocare.internal.frameworkevents.PauseResumeTrigger.handleFrameworkEvent:53 com.motorola.motocare.internal.frameworkevents.FwEventMonitor$FrameworkListener.processFrameworkEvent:114 
D/CordovaActivity(12933): Paused the application!
D/CordovaWebView(12933): Handle the pause
W/ContextImpl( 1295): Calling a method in the system process without a qualified user: android.app.ContextImpl.sendBroadcast:1252 android.content.ContextWrapper.sendBroadcast:365 com.motorola.motocare.util.TriggerHelper$TriggerBuilder.send:76 com.motorola.motocare.internal.frameworkevents.PauseResumeTrigger.handleFrameworkEvent:53 com.motorola.motocare.internal.frameworkevents.FwEventMonitor$FrameworkListener.processFrameworkEvent:114 
D/dalvikvm(12933): GC_FOR_ALLOC freed 1994K, 33% free 11801K/17548K, paused 42ms, total 43ms
W/PluginManager(12933): THREAD WARNING: exec() call to PayPalMobile.renderSinglePaymentUI blocked the main thread for 74ms. Plugin should use CordovaInterface.getThreadPool().
W/PaymentActivity(12933): Please add PayPalService.EXTRA_PAYPAL_CONFIGURATION to this activity for restart resiliency.
I/ActivityManager( 1025): START u0 {cmp=co.giftmeapp.gift_me/com.paypal.android.sdk.payments.PaymentMethodActivity (has extras)} from pid 12933
W/ContextImpl( 1295): Calling a method in the system process without a qualified user: android.app.ContextImpl.sendBroadcast:1252 android.content.ContextWrapper.sendBroadcast:365 com.motorola.motocare.util.TriggerHelper$TriggerBuilder.send:76 com.motorola.motocare.internal.frameworkevents.PauseResumeTrigger.handleFrameworkEvent:53 com.motorola.motocare.internal.frameworkevents.FwEventMonitor$FrameworkListener.processFrameworkEvent:114 
W/ContextImpl( 1295): Calling a method in the system process without a qualified user: android.app.ContextImpl.sendBroadcast:1252 android.content.ContextWrapper.sendBroadcast:365 com.motorola.motocare.util.TriggerHelper$TriggerBuilder.send:76 com.motorola.motocare.internal.frameworkevents.PauseResumeTrigger.handleFrameworkEvent:53 com.motorola.motocare.internal.frameworkevents.FwEventMonitor$FrameworkListener.processFrameworkEvent:114 
V/PhoneStatusBar( 1119): setLightsOn(true)
I/LaunchCheckinHandler( 1025): Displayed co.giftmeapp.gift_me/com.paypal.android.sdk.payments.PaymentActivity,wp,ca,320
I/LaunchCheckinHandler( 1025): Displayed co.giftmeapp.gift_me/com.paypal.android.sdk.payments.PaymentMethodActivity,wp,ca,262
I/LaunchCheckinHandler( 1025): Displayed co.giftmeapp.gift_me/com.paypal.android.sdk.payments.PaymentActivity,wp,ca,413 (total)
I/ActivityManager( 1025): Displayed co.giftmeapp.gift_me/com.paypal.android.sdk.payments.PaymentMethodActivity: +262ms (total +413ms)
D/dalvikvm( 3392): GC_CONCURRENT freed 3316K, 37% free 11818K/18668K, paused 3ms+7ms, total 69ms
I/ActivityManager( 1025): Process com.facebook.orca (pid 14355) has died.
W/ActivityManager( 1025): Scheduling restart of crashed service com.facebook.orca/com.facebook.push.mqtt.service.MqttPushService in 140092ms
D/WifiStateMachine( 1025): handleMessage: E msg.what=151572
D/WifiStateMachine( 1025): processMsg: ConnectedState
D/WifiStateMachine( 1025): processMsg: L2ConnectedState
D/WifiStateMachine( 1025): handleMessage: X
I/ActivityManager( 1025): START u0 {cmp=co.giftmeapp.gift_me/com.paypal.android.sdk.payments.PaymentConfirmActivity (has extras)} from pid 12933
W/ContextImpl( 1295): Calling a method in the system process without a qualified user: android.app.ContextImpl.sendBroadcast:1252 android.content.ContextWrapper.sendBroadcast:365 com.motorola.motocare.util.TriggerHelper$TriggerBuilder.send:76 com.motorola.motocare.internal.frameworkevents.PauseResumeTrigger.handleFrameworkEvent:53 com.motorola.motocare.internal.frameworkevents.FwEventMonitor$FrameworkListener.processFrameworkEvent:114 
W/ContextImpl( 1295): Calling a method in the system process without a qualified user: android.app.ContextImpl.sendBroadcast:1252 android.content.ContextWrapper.sendBroadcast:365 com.motorola.motocare.util.TriggerHelper$TriggerBuilder.send:76 com.motorola.motocare.internal.frameworkevents.PauseResumeTrigger.handleFrameworkEvent:53 com.motorola.motocare.internal.frameworkevents.FwEventMonitor$FrameworkListener.processFrameworkEvent:114 
W/InputMethodManagerService( 1025): Focus gain on non-focused client com.android.internal.view.IInputMethodClient$Stub$Proxy@431bc170 (uid=10155 pid=12933)
I/wpa_supplicant( 1113): wlan0: WPA: Group rekeying completed with 70:54:d2:ae:26:93 [GTK=TKIP]
D/MDMCTBK (  273): reply_len: 40 reply is = IFNAME=wlan0 <3>CTRL-EVENT-STATE-CHANGE 
D/MDMCTBK (  273): Event received = CTRL-EVENT-STATE-CHANGE 
D/MDMCTBK (  273): reply_len: 40 reply is = IFNAME=wlan0 <3>WPA: Group rekeying comp
D/MDMCTBK (  273): Event received = WPA: Group rekeying comp
D/MDMCTBK (  273): reply_len: 40 reply is = IFNAME=wlan0 <3>CTRL-EVENT-STATE-CHANGE 
D/MDMCTBK (  273): Event received = CTRL-EVENT-STATE-CHANGE 
D/WifiStateMachine( 1025): handleMessage: E msg.what=147462
D/WifiStateMachine( 1025): processMsg: ConnectedState
D/WifiStateMachine( 1025): processMsg: L2ConnectedState
D/WifiStateMachine( 1025): processMsg: ConnectModeState
D/WifiStateMachine( 1025): handleMessage: X
D/WifiStateMachine( 1025): handleMessage: E msg.what=147462
D/WifiStateMachine( 1025): processMsg: ConnectedState
D/WifiStateMachine( 1025): processMsg: L2ConnectedState
D/WifiStateMachine( 1025): processMsg: ConnectModeState
D/WifiStateMachine( 1025): handleMessage: X
V/PhoneStatusBar( 1119): setLightsOn(true)
I/SFPerfTracer(  274):      triggers: (rate: 1142:450684) (345731 sw vsyncs) (1058236 skipped) (62:3392090 vsyncs) (64:4251974)
D/WifiStateMachine( 1025): handleMessage: E msg.what=151572
D/WifiStateMachine( 1025): processMsg: ConnectedState
D/WifiStateMachine( 1025): processMsg: L2ConnectedState
D/WifiStateMachine( 1025): handleMessage: X
D/dalvikvm(12933): GC_CONCURRENT freed 835K, 27% free 12891K/17548K, paused 3ms+3ms, total 32ms
I/LaunchCheckinHandler( 1025): Displayed co.giftmeapp.gift_me/com.paypal.android.sdk.payments.PaymentConfirmActivity,wp,ca,289
I/ActivityManager( 1025): Displayed co.giftmeapp.gift_me/com.paypal.android.sdk.payments.PaymentConfirmActivity: +290ms
I/SFPerfTracer(  274):      triggers: (rate: 1272:50676) (compose: 0:256) (post: 0:21) (render: 90:10668) (2:797772 frames) (3:3355086)
D/SFPerfTracer(  274):        layers: (6:14) (DimLayer: 0:158)* (DimLayer: 0:142)* (FocusedStackFrame: 0:22413)* (StatusBar: 0:269137) (NavigationBar: 0:207248) (DimLayer: 3:25957) (DimLayer: 0:4912) (com.android.wallpaper.fall.FallWallpaper: 0:1402)* (co.giftmeapp.gift_me/co.giftmeapp.gift_me.GiftMe: 0:42)* (co.giftmeapp.gift_me/com.paypal.android.sdk.payments.PaymentActivity: 0:12)* (co.giftmeapp.gift_me/com.paypal.android.sdk.payments.PaymentMethodActivity: 3:44)* (Authenticating: 0:69)* (co.giftmeapp.gift_me/com.paypal.android.sdk.payments.PaymentConfirmActivity: 3:20) (Processing: 3:16) 
I/ActivityManager( 1025): Start proc com.paypal.android.p2pmobile for service com.paypal.android.p2pmobile/.services.WalletService: pid=14826 uid=10156 gids={50156, 3003, 1028, 1015}
W/InputMethodManagerService( 1025): Window already focused, ignoring focus gain of: com.android.internal.view.IInputMethodClient$Stub$Proxy@42c9e1d0 attribute=null, token = android.os.BinderProxy@429ab9e0
D/WifiStateMachine( 1025): handleMessage: E msg.what=151572
D/WifiStateMachine( 1025): processMsg: ConnectedState
D/WifiStateMachine( 1025): processMsg: L2ConnectedState
I/Crashlytics(14826): Initializing Crashlytics 1.1.13.29
D/WifiStateMachine( 1025): handleMessage: X
W/Settings(14826): Setting airplane_mode_on has moved from android.provider.Settings.System to android.provider.Settings.Global, returning read-only value.
I/I18nManager(14826): Checking locale sv
I/I18nManager(14826): Checking locale en
I/I18nManager(14826): Checking locale fr
I/I18nManager(14826): Checking locale fr_FR
I/I18nManager(14826): Checking locale tr_TR
I/I18nManager(14826): Checking locale zh_XC
I/I18nManager(14826): Checking locale en_AU
I/I18nManager(14826): Checking locale es_ES
I/I18nManager(14826): Checking locale pt
I/I18nManager(14826): Checking locale it
I/I18nManager(14826): Checking locale es_XC
I/I18nManager(14826): Checking locale tr
I/I18nManager(14826): Checking locale da_DK
I/I18nManager(14826): Checking locale no
I/I18nManager(14826): Checking locale de
I/I18nManager(14826): Checking locale ru
I/I18nManager(14826): Checking locale zh_CN
I/I18nManager(14826): Checking locale tw
I/I18nManager(14826): Checking locale sv_SE
I/I18nManager(14826): Checking locale da
I/I18nManager(14826): Checking locale pl_PL
I/I18nManager(14826): Checking locale ja_JP
I/I18nManager(14826): Checking locale en_GB
I/I18nManager(14826): Checking locale nb_NO
I/I18nManager(14826): Checking locale pl
I/I18nManager(14826): Checking locale es
I/I18nManager(14826): Checking locale hk
I/I18nManager(14826): Checking locale ru_RU
I/I18nManager(14826): Checking locale nb
I/I18nManager(14826): Checking locale no_NO
I/I18nManager(14826): Checking locale il
I/I18nManager(14826): Checking locale de_DE
I/I18nManager(14826): Checking locale au
I/I18nManager(14826): Checking locale pt_PT
I/I18nManager(14826): Checking locale he_IL
I/I18nManager(14826): Checking locale zh_TW
I/I18nManager(14826): Checking locale it_IT
I/I18nManager(14826): Checking locale gb
I/I18nManager(14826): Checking locale zh_HK
I/I18nManager(14826): Checking locale nl
I/I18nManager(14826): Checking locale ja
I/I18nManager(14826): Checking locale pt_BR
I/I18nManager(14826): Checking locale nl_NL
I/I18nManager(14826): Checking locale br
I/I18nManager(14826): Checking locale zh
D/I18nManager(14826): setLanguage(null)
D/I18nManager(14826): null not found.  Attempting to look for en_GB
D/I18nManager(14826): setting locale to:en_GB
D/I18nManager(14826): setLanguage(en_GB)
D/I18nManager(14826): setting locale to:en_GB
D/I18nManager(14826): setLanguage(en_GB)
D/I18nManager(14826): setting locale to:en_GB
D/I18nManager(14826): setLanguage(en_GB)
D/I18nManager(14826): setting locale to:en_GB
D/AuthManager(14826): Log out non-Remember Me user.
D/WifiStateMachine( 1025): handleMessage: E msg.what=131155
D/WifiStateMachine( 1025): processMsg: ConnectedState
D/WifiStateMachine( 1025): processMsg: L2ConnectedState
D/WifiStateMachine( 1025): handleMessage: X
W/dalvikvm(14826): VFY: unable to find class referenced in signature (Ljava/nio/file/Path;)
W/dalvikvm(14826): VFY: unable to find class referenced in signature ([Ljava/nio/file/OpenOption;)
I/dalvikvm(14826): Could not find method java.nio.file.Files.newOutputStream, referenced from method okio.Okio.sink
W/dalvikvm(14826): VFY: unable to resolve static method 47781: Ljava/nio/file/Files;.newOutputStream (Ljava/nio/file/Path;[Ljava/nio/file/OpenOption;)Ljava/io/OutputStream;
D/dalvikvm(14826): VFY: replacing opcode 0x71 at 0x000a
W/dalvikvm(14826): VFY: unable to find class referenced in signature (Ljava/nio/file/Path;)
W/dalvikvm(14826): VFY: unable to find class referenced in signature ([Ljava/nio/file/OpenOption;)
I/dalvikvm(14826): Could not find method java.nio.file.Files.newInputStream, referenced from method okio.Okio.source
W/dalvikvm(14826): VFY: unable to resolve static method 47780: Ljava/nio/file/Files;.newInputStream (Ljava/nio/file/Path;[Ljava/nio/file/OpenOption;)Ljava/io/InputStream;
D/dalvikvm(14826): VFY: replacing opcode 0x71 at 0x000a
D/WifiStateMachine( 1025): handleMessage: E msg.what=151572
D/WifiStateMachine( 1025): processMsg: ConnectedState
D/WifiStateMachine( 1025): processMsg: L2ConnectedState
D/WifiStateMachine( 1025): handleMessage: X
W/ContextImpl( 1295): Calling a method in the system process without a qualified user: android.app.ContextImpl.sendBroadcast:1252 android.content.ContextWrapper.sendBroadcast:365 com.motorola.motocare.util.TriggerHelper$TriggerBuilder.send:76 com.motorola.motocare.internal.frameworkevents.PauseResumeTrigger.handleFrameworkEvent:53 com.motorola.motocare.internal.frameworkevents.FwEventMonitor$FrameworkListener.processFrameworkEvent:114 
W/ContextImpl( 1295): Calling a method in the system process without a qualified user: android.app.ContextImpl.sendBroadcast:1252 android.content.ContextWrapper.sendBroadcast:365 com.motorola.motocare.util.TriggerHelper$TriggerBuilder.send:76 com.motorola.motocare.internal.frameworkevents.PauseResumeTrigger.handleFrameworkEvent:53 com.motorola.motocare.internal.frameworkevents.FwEventMonitor$FrameworkListener.processFrameworkEvent:114 
W/ContextImpl( 1295): Calling a method in the system process without a qualified user: android.app.ContextImpl.sendBroadcast:1252 android.content.ContextWrapper.sendBroadcast:365 com.motorola.motocare.util.TriggerHelper$TriggerBuilder.send:76 com.motorola.motocare.internal.frameworkevents.PauseResumeTrigger.handleFrameworkEvent:53 com.motorola.motocare.internal.frameworkevents.FwEventMonitor$FrameworkListener.processFrameworkEvent:114 
W/ContextImpl( 1295): Calling a method in the system process without a qualified user: android.app.ContextImpl.sendBroadcast:1252 android.content.ContextWrapper.sendBroadcast:365 com.motorola.motocare.util.TriggerHelper$TriggerBuilder.send:76 com.motorola.motocare.internal.frameworkevents.PauseResumeTrigger.handleFrameworkEvent:53 com.motorola.motocare.internal.frameworkevents.FwEventMonitor$FrameworkListener.processFrameworkEvent:114 
W/ContextImpl( 1295): Calling a method in the system process without a qualified user: android.app.ContextImpl.sendBroadcast:1252 android.content.ContextWrapper.sendBroadcast:365 com.motorola.motocare.util.TriggerHelper$TriggerBuilder.send:76 com.motorola.motocare.internal.frameworkevents.PauseResumeTrigger.handleFrameworkEvent:53 com.motorola.motocare.internal.frameworkevents.FwEventMonitor$FrameworkListener.processFrameworkEvent:114 
W/ContextImpl( 1295): Calling a method in the system process without a qualified user: android.app.ContextImpl.sendBroadcast:1252 android.content.ContextWrapper.sendBroadcast:365 com.motorola.motocare.util.TriggerHelper$TriggerBuilder.send:76 com.motorola.motocare.internal.frameworkevents.PauseResumeTrigger.handleFrameworkEvent:53 com.motorola.motocare.internal.frameworkevents.FwEventMonitor$FrameworkListener.processFrameworkEvent:114 
D/CordovaActivity(12933): Incoming Result. Request code = 1
D/CordovaActivity(12933): We have a callback to send this result to
D/CordovaActivity(12933): Resuming the App
V/PhoneStatusBar( 1119): setLightsOn(true)
D/CordovaLog(12933): file:///android_asset/www/js/paypal_giftme.js: Line 13 : payment success: {
D/CordovaLog(12933):     "response": {
D/CordovaLog(12933):         "state": "approved",
D/CordovaLog(12933):         "id": "PAY-6PU626847B294842SKPEWXHY",
D/CordovaLog(12933):         "create_time": "2014-07-18T18:46:55Z",
D/CordovaLog(12933):         "intent": "sale"
D/CordovaLog(12933):     },
D/CordovaLog(12933):     "client": {
D/CordovaLog(12933):         "platform": "Android",
D/CordovaLog(12933):         "paypal_sdk_version": "2.8.8",
D/CordovaLog(12933):         "product_name": "PayPal-Android-SDK",
D/CordovaLog(12933):         "environment": "mock"
D/CordovaLog(12933):     },
D/CordovaLog(12933):     "response_type": "payment"
D/CordovaLog(12933): }
I/chromium(12933): [INFO:CONSOLE(13)] "payment success: {
I/chromium(12933):     "response": {
I/chromium(12933):         "state": "approved",
I/chromium(12933):         "id": "PAY-6PU626847B294842SKPEWXHY",
I/chromium(12933):         "create_time": "2014-07-18T18:46:55Z",
I/chromium(12933):         "intent": "sale"
I/chromium(12933):     },
I/chromium(12933):     "client": {
I/chromium(12933):         "platform": "Android",
I/chromium(12933):         "paypal_sdk_version": "2.8.8",
I/chromium(12933):         "product_name": "PayPal-Android-SDK",
I/chromium(12933):         "environment": "mock"
I/chromium(12933):     },
I/chromium(12933):     "response_type": "payment"
I/chromium(12933): }", source: file:///android_asset/www/js/paypal_giftme.js (13)
D/CordovaLog(12933): file:///android_asset/www/js/paypal_giftme.js: Line 14 : payment ID: undefined
I/chromium(12933): [INFO:CONSOLE(14)] "payment ID: undefined", source: file:///android_asset/www/js/paypal_giftme.js (14)
D/CordovaLog(12933): file:///android_asset/www/js/paypal_giftme.js: Line 48 : Error
I/chromium(12933): [INFO:CONSOLE(48)] "Error", source: file:///android_asset/www/js/paypal_giftme.js (48)
D/Volley  (14826): [450156] DiskBasedCache.put: Could not clean up file /dev/null/2104200534-2080476595
I/SFPerfTracer(  274):      triggers: (rate: 1272:50676) (compose: 0:256) (post: 0:21) (render: 90:10668) (5:797841 frames) (6:3355191)
D/SFPerfTracer(  274):        layers: (5:12) (DimLayer: 0:158)* (DimLayer: 0:142)* (FocusedStackFrame: 0:22418)* (StatusBar: 0:269137) (NavigationBar: 0:207248) (DimLayer: 6:25999) (DimLayer: 0:4913)* (com.android.wallpaper.fall.FallWallpaper: 0:1402)* (co.giftmeapp.gift_me/com.paypal.android.sdk.payments.PaymentConfirmActivity: 6:58) (Processing: 0:39)* (Processing: 6:60)* (co.giftmeapp.gift_me/co.giftmeapp.gift_me.GiftMe: 0:5) 
D/dalvikvm(12933): GC_CONCURRENT freed 1968K, 27% free 12917K/17548K, paused 4ms+3ms, total 42ms
D/WifiStateMachine( 1025): handleMessage: E msg.what=151572
D/WifiStateMachine( 1025): processMsg: ConnectedState
D/WifiStateMachine( 1025): processMsg: L2ConnectedState
D/WifiStateMachine( 1025): handleMessage: X
D/Util    (14826): Just stored value eyJhbGciOiJIUzI1NiIsInR5cCI6IkpXVCJ9.eyJhdXRoX3RpbWUiOjE0Mjk4NjAzMzIsImV4cCI6MTQyOTg2MTIzMiwic3ViIjoiaHR0cHM6Ly93d3cucGF5cGFsLmNvbS93ZWJhcHBzL2F1dGgvaWRlbnRpdHkvdXNlci9Gd1VHb0M5Um5waWFnTHltYTktWVV5cmo4Tkw3T3RyVEh1QlJtYWgtbzFNIiwibm9uY2UiOiIyMDE1LTA0LTI0VDA3OjI1OjMyWldtQ0haeEZNRU9WblU2VGF6OVZtR2ciLCJhdWQiOiJBVjhoZEJCTTgweGxnS3NELU9hT1F4ZWVIWEpsWmxhQ3ZYV2dWcHZVcVpNVGRUWHk5cG1mRVh0RTFsQ3EiLCJpc3MiOiJodHRwczovL2FwaS5wYXlwYWwuY29tIn0.GG2qcBbf2xqtNzegyIIodvEF3fe
I/SFPerfTracer(  274):      triggers: (rate: 1142:450684) (345731 sw vsyncs) (1058236 skipped) (70:3392215 vsyncs) (72:4252111)
D/WifiStateMachine( 1025): handleMessage: E msg.what=151572
D/WifiStateMachine( 1025): processMsg: ConnectedState
D/WifiStateMachine( 1025): processMsg: L2ConnectedState
D/WifiStateMachine( 1025): handleMessage: X
D/WifiStateMachine( 1025): handleMessage: E msg.what=131155
D/WifiStateMachine( 1025): processMsg: ConnectedState
D/WifiStateMachine( 1025): processMsg: L2ConnectedState
D/WifiStateMachine( 1025): handleMessage: X
D/Ulp_jni ( 1025): Location CB invoked
