W/dalvikvm(14154): Link of class 'Lcom/facebook/ssl/openssl/TicketEnabledOpenSSLSocketImplWrapper;' failed
D/dalvikvm(14154): DexOpt: unable to opt direct call 0x9f40 at 0x08 in Lcom/facebook/ssl/openssl/b;.a
W/msgr(:<default>):a(14154): Attempt to start service that is already started
D/dalvikvm(14154): Trying to load lib /data/app-lib/com.facebook.orca-2/libfbjni.so 0x41fab7c8
D/dalvikvm(14154): Added shared lib /data/app-lib/com.facebook.orca-2/libfbjni.so 0x41fab7c8
D/dalvikvm(14154): Trying to load lib /data/app-lib/com.facebook.orca-2/libheartbleed.so 0x41fab7c8
D/dalvikvm(14154): Added shared lib /data/app-lib/com.facebook.orca-2/libheartbleed.so 0x41fab7c8
I/SFPerfTracer(  274):      triggers: (rate: 896:373421) (264806 sw vsyncs) (856874 skipped) (146:2671981 vsyncs) (148:3346252)
D/WifiStateMachine( 1025): handleMessage: E msg.what=151572
D/WifiStateMachine( 1025): processMsg: ConnectedState
D/WifiStateMachine( 1025): processMsg: L2ConnectedState
D/WifiStateMachine( 1025): handleMessage: X
I/SFPerfTracer(  274):      triggers: (rate: 1022:41322) (compose: 0:186) (post: 0:19) (render: 59:9380) (0:614285 frames) (1:2750827)
D/SFPerfTracer(  274):        layers: (3:9) (DimLayer: 0:158)* (DimLayer: 0:68)* (FocusedStackFrame: 0:16389)* (StatusBar: 0:204138) (NavigationBar: 0:153076) (DimLayer: 0:20279)* (DimLayer: 0:3225)* (com.android.wallpaper.fall.FallWallpaper: 0:13905)* (co.giftmeapp.gift_me/co.giftmeapp.gift_me.GiftMe: 1:178) 
D/WifiStateMachine( 1025): handleMessage: E msg.what=131155
D/WifiStateMachine( 1025): processMsg: ConnectedState
D/WifiStateMachine( 1025): processMsg: L2ConnectedState
D/WifiStateMachine( 1025): handleMessage: X
I/ActivityManager( 1025): Process com.facebook.orca (pid 14154) has died.
W/ActivityManager( 1025): Scheduling restart of crashed service com.facebook.orca/com.facebook.push.mqtt.service.MqttPushService in 4000ms
D/WifiStateMachine( 1025): handleMessage: E msg.what=151572
D/WifiStateMachine( 1025): processMsg: ConnectedState
D/WifiStateMachine( 1025): processMsg: L2ConnectedState
D/WifiStateMachine( 1025): handleMessage: X
D/WifiStateMachine( 1025): handleMessage: E msg.what=151572
D/WifiStateMachine( 1025): processMsg: ConnectedState
D/WifiStateMachine( 1025): processMsg: L2ConnectedState
D/WifiStateMachine( 1025): handleMessage: X
V/AlarmManager( 1025): sending alarm Alarm{42cc1260 type 2 com.facebook.katana}
V/AlarmManager( 1025): sending alarm Alarm{42cc0800 type 2 com.facebook.orca}
V/AlarmManager( 1025): sending alarm Alarm{42cbfd30 type 0 com.android.vending}
I/ActivityManager( 1025): Start proc com.android.vending for service com.android.vending/com.google.android.finsky.services.ContentSyncService: pid=14227 uid=10039 gids={50039, 3003, 1028, 1015}
D/Finsky  (14227): [1] FinskyApp.onCreate: Initializing network with DFE https://android.clients.google.com/fdfe/
D/Finsky  (14227): [1] DailyHygiene.goMakeHygieneIfDirty: No need to run daily hygiene.
W/Settings(14227): Setting download_manager_max_bytes_over_mobile has moved from android.provider.Settings.Secure to android.provider.Settings.Global.
W/Settings(14227): Setting download_manager_recommended_max_bytes_over_mobile has moved from android.provider.Settings.Secure to android.provider.Settings.Global.
D/Ulp_jni ( 1025): Location CB invoked
I/SFPerfTracer(  274):      triggers: (rate: 1022:41322) (compose: 0:186) (post: 0:19) (render: 59:9380) (0:614285 frames) (1:2750927)
D/SFPerfTracer(  274):        layers: (3:9) (DimLayer: 0:158)* (DimLayer: 0:68)* (FocusedStackFrame: 0:16389)* (StatusBar: 0:204138) (NavigationBar: 0:153076) (DimLayer: 0:20279)* (DimLayer: 0:3225)* (com.android.wallpaper.fall.FallWallpaper: 0:13905)* (co.giftmeapp.gift_me/co.giftmeapp.gift_me.GiftMe: 1:278) 
I/dalvikvm(14227): Could not find method com.google.android.play.layout.PlayCardViewBase.setTransitionName, referenced from method com.google.android.finsky.utils.PlayCardUtils.bindCard
W/dalvikvm(14227): VFY: unable to resolve virtual method 42705: Lcom/google/android/play/layout/PlayCardViewBase;.setTransitionName (Ljava/lang/String;)V
D/dalvikvm(14227): VFY: replacing opcode 0x6e at 0x00d9
I/dalvikvm(14227): Could not find method com.google.android.play.layout.PlayCardViewBase.setTransitionGroup, referenced from method com.google.android.finsky.utils.PlayCardUtils.bindCard
W/dalvikvm(14227): VFY: unable to resolve virtual method 42704: Lcom/google/android/play/layout/PlayCardViewBase;.setTransitionGroup (Z)V
D/dalvikvm(14227): VFY: replacing opcode 0x6e at 0x0246
I/dalvikvm(14227): Could not find method android.view.View.getTransitionName, referenced from method com.google.android.finsky.navigationmanager.NavigationManager.showPage
W/dalvikvm(14227): VFY: unable to resolve virtual method 9352: Landroid/view/View;.getTransitionName ()Ljava/lang/String;
D/dalvikvm(14227): VFY: replacing opcode 0x6e at 0x001a
D/Finsky  (14227): [1] 2.run: Loaded library for account: [gKXbJhL8NA2nPUzZyFpjB6tKi7U]
D/Finsky  (14227): [1] 2.run: Finished loading 1 libraries.
I/dalvikvm(14227): Total arena pages for JIT: 11
I/dalvikvm(14227): Total arena pages for JIT: 12
I/dalvikvm(14227): Total arena pages for JIT: 13
I/dalvikvm(14227): Total arena pages for JIT: 14
D/Finsky  (14227): [1] GmsCoreHelper.cleanupNlp: result=false type=4
D/Finsky  (14227): [1] RestoreTracker.stopServiceIfDone: Restore complete with 0 success and 0 failed.
D/WifiStateMachine( 1025): handleMessage: E msg.what=151572
D/WifiStateMachine( 1025): processMsg: ConnectedState
D/WifiStateMachine( 1025): processMsg: L2ConnectedState
I/SBar.NetworkController( 1119): onSignalStrengthsChanged SignalStrength: 3 0 -120 -160 -120 -1 -1 99 2147483647 2147483647 2147483647 2147483647 2147483647 gsm|lte 0 -108 -1 false 1 1 0 0 0 99 99 99 4 level=1
D/WifiStateMachine( 1025): handleMessage: X
I/SBar.NetworkController( 1119): refreshSignalCluster: mobile: Signal=zz_moto_stat_sys_signal_1_fully_wide Roaming=(none) mSimIconId=(none) Accessibility="Phone one bar.","Not roaming.",""
D/WifiStateMachine( 1025): handleMessage: E msg.what=131155
D/WifiStateMachine( 1025): processMsg: ConnectedState
D/WifiStateMachine( 1025): processMsg: L2ConnectedState
D/WifiStateMachine( 1025): handleMessage: X
D/Finsky  (14227): [1] 5.onFinished: Installation state replication succeeded.
D/WifiStateMachine( 1025): handleMessage: E msg.what=151572
D/WifiStateMachine( 1025): processMsg: ConnectedState
D/WifiStateMachine( 1025): processMsg: L2ConnectedState
I/ActivityManager( 1025): Process com.android.vending (pid 14227) has died.
D/WifiStateMachine( 1025): handleMessage: X
I/SFPerfTracer(  274):      triggers: (rate: 896:373421) (264806 sw vsyncs) (856874 skipped) (174:2672173 vsyncs) (176:3346448)
D/WifiStateMachine( 1025): handleMessage: E msg.what=151572
D/WifiStateMachine( 1025): processMsg: ConnectedState
D/WifiStateMachine( 1025): processMsg: L2ConnectedState
I/ActivityManager( 1025): Start proc com.facebook.orca for service com.facebook.orca/com.facebook.push.mqtt.service.MqttPushService: pid=14286 uid=10147 gids={50147, 3003, 1028, 1015}
D/WifiStateMachine( 1025): handleMessage: X
D/ACRA    (14286): ACRA is enabled for com.facebook.orca, intializing...
D/ACRA    (14286): Looking for error files in /data/data/com.facebook.orca/app_acra-reports
D/ACRA    (14286): Looking for error files in /data/data/com.facebook.orca/app_minidumps
D/dalvikvm(14286): Trying to load lib /data/app-lib/com.facebook.orca-2/libgnustl_shared.so 0x41fad5e8
D/dalvikvm(14286): Added shared lib /data/app-lib/com.facebook.orca-2/libgnustl_shared.so 0x41fad5e8
D/dalvikvm(14286): No JNI_OnLoad found in /data/app-lib/com.facebook.orca-2/libgnustl_shared.so 0x41fad5e8, skipping init
D/dalvikvm(14286): Trying to load lib /data/app-lib/com.facebook.orca-2/libfb_breakpad_client.so 0x41fad5e8
D/dalvikvm(14286): Added shared lib /data/app-lib/com.facebook.orca-2/libfb_breakpad_client.so 0x41fad5e8
D/dalvikvm(14286): Trying to load lib /data/app-lib/com.facebook.orca-2/libfb_dalvik-internals.so 0x41fad5e8
D/dalvikvm(14286): Added shared lib /data/app-lib/com.facebook.orca-2/libfb_dalvik-internals.so 0x41fad5e8
V/DexLibLoader(14286): about to lock: /data/data/com.facebook.orca/mdex_lock
V/DexLibLoader(14286): locking /data/data/com.facebook.orca/mdex_lock took 1 ms
V/DexLibLoader(14286): Secondary program dex metadata: secondary-1.dex.jar 790183d1fb728678b0d8546ed8e9eaef90404089 secondary.dex01.Canary
V/DexLibLoader(14286): Secondary program dex metadata: secondary-2.dex.jar 03b795797c6ded9e8b3df575980b7d37d9ca8dad secondary.dex02.Canary
V/DexLibLoader(14286): Secondary program dex metadata: secondary-3.dex.jar 5ccf73e2daa6156653af1c6485ad6053f38846b9 secondary.dex03.Canary
V/DexLibLoader(14286): directory "/data/data/com.facebook.orca/app_secondary_program_dex" contains "program-790183d1fb728678b0d8546ed8e9eaef904040896661a1c7.dex.jar" as expected
V/DexLibLoader(14286): directory "/data/data/com.facebook.orca/app_secondary_program_dex" contains "program-03b795797c6ded9e8b3df575980b7d37d9ca8dad6661a1c7.dex.jar" as expected
V/DexLibLoader(14286): directory "/data/data/com.facebook.orca/app_secondary_program_dex" contains "program-5ccf73e2daa6156653af1c6485ad6053f38846b96661a1c7.dex.jar" as expected
D/DexLibLoader(14286): ignoring file "program-790183d1fb728678b0d8546ed8e9eaef904040896661a1c7.dex.odex" in "/data/data/com.facebook.orca/app_secondary_program_dex"
D/DexLibLoader(14286): ignoring file "program-03b795797c6ded9e8b3df575980b7d37d9ca8dad6661a1c7.dex.odex" in "/data/data/com.facebook.orca/app_secondary_program_dex"
D/DexLibLoader(14286): ignoring file "program-5ccf73e2daa6156653af1c6485ad6053f38846b96661a1c7.dex.odex" in "/data/data/com.facebook.orca/app_secondary_program_dex"
D/DexLibLoader(14286): directory "/data/data/com.facebook.orca/app_secondary_program_dex" is valid
D/DexLibLoader(14286): ignoring file "primary_deps" in "/data/data/com.facebook.orca/app_secondary_program_dex_opt"
V/DexLibLoader(14286): directory "/data/data/com.facebook.orca/app_secondary_program_dex_opt" contains "program-790183d1fb728678b0d8546ed8e9eaef904040896661a1c7.dex.dex" as expected
V/DexLibLoader(14286): directory "/data/data/com.facebook.orca/app_secondary_program_dex_opt" contains "program-03b795797c6ded9e8b3df575980b7d37d9ca8dad6661a1c7.dex.dex" as expected
V/DexLibLoader(14286): directory "/data/data/com.facebook.orca/app_secondary_program_dex_opt" contains "program-5ccf73e2daa6156653af1c6485ad6053f38846b96661a1c7.dex.dex" as expected
D/DexLibLoader(14286): directory "/data/data/com.facebook.orca/app_secondary_program_dex_opt" is valid
D/DexLibLoader(14286): loading pre-built cross-dex opt odex files
V/dalvik-internals(14286): hooked dvmResolveClass using jump ()
V/dalvik-internals(14286): hooked dvmFlushBreakpoints using jump ()
V/MultiDexClassLoader(14286): installing MultiDexClassLoader before application classloader
I/dalvikvm(14286): Could not find method dalvik.system.DexFile.loadClassBinaryName, referenced from method com.facebook.common.l.g.a
W/dalvikvm(14286): VFY: unable to resolve virtual method 1453: Ldalvik/system/DexFile;.loadClassBinaryName (Ljava/lang/String;Ljava/lang/ClassLoader;)Ljava/lang/Class;
D/dalvikvm(14286): VFY: replacing opcode 0x6e at 0x0000
D/DexLibLoader(14286): released odex store lock
D/DexLibLoader(14286): DexLibLoader.loadAll took 15 ms
W/bp      (14286): Verify
E/dalvikvm(14286): Could not find class 'org.apache.harmony.xnet.provider.jsse.OpenSSLSocketImpl', referenced from method com.facebook.ssl.openssl.a.b.<clinit>
W/dalvikvm(14286): VFY: unable to resolve const-class 10658 (Lorg/apache/harmony/xnet/provider/jsse/OpenSSLSocketImpl;) in Lcom/facebook/ssl/openssl/a/b;
D/dalvikvm(14286): VFY: replacing opcode 0x1c at 0x000d
E/dalvikvm(14286): Could not find class 'org.apache.harmony.xnet.provider.jsse.OpenSSLSocketFactoryImpl', referenced from method com.facebook.ssl.openssl.b.b.<clinit>
W/dalvikvm(14286): VFY: unable to resolve const-class 10657 (Lorg/apache/harmony/xnet/provider/jsse/OpenSSLSocketFactoryImpl;) in Lcom/facebook/ssl/openssl/b/b;
D/dalvikvm(14286): VFY: replacing opcode 0x1c at 0x000d
E/dalvikvm(14286): Could not find class 'org.apache.harmony.xnet.provider.jsse.SSLParametersImpl', referenced from method com.facebook.ssl.openssl.b.b.a
W/dalvikvm(14286): VFY: unable to resolve check-cast 10660 (Lorg/apache/harmony/xnet/provider/jsse/SSLParametersImpl;) in Lcom/facebook/ssl/openssl/b/b;
D/dalvikvm(14286): VFY: replacing opcode 0x1f at 0x0006
E/dalvikvm(14286): Could not find class 'org.apache.harmony.xnet.provider.jsse.SSLParametersImpl', referenced from method com.facebook.ssl.openssl.b.c.<clinit>
W/dalvikvm(14286): VFY: unable to resolve const-class 10660 (Lorg/apache/harmony/xnet/provider/jsse/SSLParametersImpl;) in Lcom/facebook/ssl/openssl/b/c;
D/dalvikvm(14286): VFY: replacing opcode 0x1c at 0x000d
W/dalvikvm(14286): VFY: unable to find class referenced in signature (Lorg/apache/harmony/xnet/provider/jsse/SSLParametersImpl;)
E/dalvikvm(14286): Could not find class 'org.apache.harmony.xnet.provider.jsse.ClientSessionContext', referenced from method com.facebook.ssl.openssl.b.c.a
W/dalvikvm(14286): VFY: unable to resolve check-cast 10656 (Lorg/apache/harmony/xnet/provider/jsse/ClientSessionContext;) in Lcom/facebook/ssl/openssl/b/c;
D/dalvikvm(14286): VFY: replacing opcode 0x1f at 0x0006
W/dalvikvm(14286): VFY: unable to find class referenced in signature (Lorg/apache/harmony/xnet/provider/jsse/SSLParametersImpl;)
W/dalvikvm(14286): Unable to resolve superclass of Lcom/facebook/ssl/openssl/TicketEnabledOpenSSLSocketImplWrapper; (10659)
W/dalvikvm(14286): Link of class 'Lcom/facebook/ssl/openssl/TicketEnabledOpenSSLSocketImplWrapper;' failed
E/dalvikvm(14286): Could not find class 'com.facebook.ssl.openssl.TicketEnabledOpenSSLSocketImplWrapper', referenced from method com.facebook.ssl.openssl.b.a
W/dalvikvm(14286): VFY: unable to resolve new-instance 7258 (Lcom/facebook/ssl/openssl/TicketEnabledOpenSSLSocketImplWrapper;) in Lcom/facebook/ssl/openssl/b;
D/dalvikvm(14286): VFY: replacing opcode 0x22 at 0x0000
W/dalvikvm(14286): Unable to resolve superclass of Lcom/facebook/ssl/openssl/TicketEnabledOpenSSLSocketImplWrapper; (10659)
W/dalvikvm(14286): Link of class 'Lcom/facebook/ssl/openssl/TicketEnabledOpenSSLSocketImplWrapper;' failed
D/dalvikvm(14286): DexOpt: unable to opt direct call 0x9f40 at 0x08 in Lcom/facebook/ssl/openssl/b;.a
W/msgr(:<default>):a(14286): Attempt to start service that is already started
D/dalvikvm(14286): Trying to load lib /data/app-lib/com.facebook.orca-2/libfbjni.so 0x41fad5e8
D/dalvikvm(14286): Added shared lib /data/app-lib/com.facebook.orca-2/libfbjni.so 0x41fad5e8
D/dalvikvm(14286): Trying to load lib /data/app-lib/com.facebook.orca-2/libheartbleed.so 0x41fad5e8
D/dalvikvm(14286): Added shared lib /data/app-lib/com.facebook.orca-2/libheartbleed.so 0x41fad5e8
D/KInfoc  (32603): clear batch timer
D/KInfoc  (32603): set batch timer
D/KInfoc  (32603):  BATCH REPORTER STARTED ........
D/WifiStateMachine( 1025): handleMessage: E msg.what=151572
D/WifiStateMachine( 1025): processMsg: ConnectedState
D/WifiStateMachine( 1025): processMsg: L2ConnectedState
D/WifiStateMachine( 1025): handleMessage: X
D/WifiStateMachine( 1025): handleMessage: E msg.what=131155
D/WifiStateMachine( 1025): processMsg: ConnectedState
D/WifiStateMachine( 1025): processMsg: L2ConnectedState
D/WifiStateMachine( 1025): handleMessage: X
D/WifiStateMachine( 1025): handleMessage: E msg.what=151572
D/WifiStateMachine( 1025): processMsg: ConnectedState
D/WifiStateMachine( 1025): processMsg: L2ConnectedState
D/WifiStateMachine( 1025): handleMessage: X
I/ActivityManager( 1025): Process com.whatsapp (pid 11434) has died.
W/ActivityManager( 1025): Scheduling restart of crashed service com.whatsapp/.messaging.MessageService in 1000ms
D/WifiStateMachine( 1025): handleMessage: E msg.what=151572
D/WifiStateMachine( 1025): processMsg: ConnectedState
D/WifiStateMachine( 1025): processMsg: L2ConnectedState
D/WifiStateMachine( 1025): handleMessage: X
I/ActivityManager( 1025): Start proc com.whatsapp for service com.whatsapp/.messaging.MessageService: pid=14333 uid=10107 gids={50107, 3002, 3003, 1028, 1015}
E/dalvikvm(14333): Could not find class 'com.amazon.device.messaging.ADM', referenced from method com.whatsapp.App.av
W/dalvikvm(14333): VFY: unable to resolve new-instance 1189 (Lcom/amazon/device/messaging/ADM;) in Lcom/whatsapp/App;
D/dalvikvm(14333): VFY: replacing opcode 0x22 at 0x0000
E/dalvikvm(14333): Could not find class 'com.amazon.device.messaging.ADM', referenced from method com.whatsapp.App.t
W/dalvikvm(14333): VFY: unable to resolve new-instance 1189 (Lcom/amazon/device/messaging/ADM;) in Lcom/whatsapp/App;
D/dalvikvm(14333): VFY: replacing opcode 0x22 at 0x000e
D/dalvikvm(14333): DexOpt: unable to opt direct call 0x2075 at 0x04 in Lcom/whatsapp/App;.av
D/dalvikvm(14333): DexOpt: unable to opt direct call 0x2075 at 0x10 in Lcom/whatsapp/App;.t
W/dalvikvm(14333): Unable to resolve superclass of Lcom/whatsapp/adm/ADMMessageHandler; (1190)
W/dalvikvm(14333): Link of class 'Lcom/whatsapp/adm/ADMMessageHandler;' failed
E/dalvikvm(14333): Could not find class 'com.whatsapp.adm.ADMMessageHandler', referenced from method com.whatsapp.vw.f
W/dalvikvm(14333): VFY: unable to resolve new-instance 2839 (Lcom/whatsapp/adm/ADMMessageHandler;) in Lcom/whatsapp/vw;
D/dalvikvm(14333): VFY: replacing opcode 0x22 at 0x0027
W/dalvikvm(14333): Unable to resolve superclass of Lcom/whatsapp/adm/ADMMessageHandler; (1190)
W/dalvikvm(14333): Link of class 'Lcom/whatsapp/adm/ADMMessageHandler;' failed
E/dalvikvm(14333): Could not find class 'com.whatsapp.adm.ADMMessageHandler', referenced from method com.whatsapp.vw.f
W/dalvikvm(14333): VFY: unable to resolve new-instance 2839 (Lcom/whatsapp/adm/ADMMessageHandler;) in Lcom/whatsapp/vw;
D/dalvikvm(14333): VFY: replacing opcode 0x22 at 0x0040
W/dalvikvm(14333): Unable to resolve superclass of Lcom/whatsapp/adm/ADMMessageHandler; (1190)
W/dalvikvm(14333): Link of class 'Lcom/whatsapp/adm/ADMMessageHandler;' failed
D/dalvikvm(14333): DexOpt: unable to opt direct call 0x6231 at 0x2b in Lcom/whatsapp/vw;.f
W/dalvikvm(14333): Unable to resolve superclass of Lcom/whatsapp/adm/ADMMessageHandler; (1190)
W/dalvikvm(14333): Link of class 'Lcom/whatsapp/adm/ADMMessageHandler;' failed
D/dalvikvm(14333): DexOpt: unable to opt direct call 0x6231 at 0x44 in Lcom/whatsapp/vw;.f
I/dalvikvm(14333): Could not find method android.os.PowerManager.isPowerSaveMode, referenced from method com.whatsapp.BatteryReceiver.a
W/dalvikvm(14333): VFY: unable to resolve virtual method 1506: Landroid/os/PowerManager;.isPowerSaveMode ()Z
D/dalvikvm(14333): VFY: replacing opcode 0x6e at 0x000d
D/Event   (14333): No subscribers registered for event class com.whatsapp.ah3
D/Event   (14333): No subscribers registered for event class de.greenrobot.event.a
I/WhatsApp(14333): LL_I W [1:main]App.java:1142 ntp update processed; device time: Sun Apr 19 19:02:52 GMT+01:00 2015 ntp time: Sun Apr 19 19:02:52 GMT+01:00 2015
D/Event   (14333): No subscribers registered for event class com.whatsapp.alk
D/Event   (14333): No subscribers registered for event class de.greenrobot.event.a
D/dalvikvm(14333): Trying to load lib /data/app-lib/com.whatsapp-1/libvlc.so 0x41faa0a0
D/dalvikvm(14333): Added shared lib /data/app-lib/com.whatsapp-1/libvlc.so 0x41faa0a0
D/dalvikvm(14333): No JNI_OnLoad found in /data/app-lib/com.whatsapp-1/libvlc.so 0x41faa0a0, skipping init
D/dalvikvm(14333): Trying to load lib /data/app-lib/com.whatsapp-1/libresample.so 0x41faa0a0
D/dalvikvm(14333): Added shared lib /data/app-lib/com.whatsapp-1/libresample.so 0x41faa0a0
D/dalvikvm(14333): No JNI_OnLoad found in /data/app-lib/com.whatsapp-1/libresample.so 0x41faa0a0, skipping init
D/dalvikvm(14333): Trying to load lib /data/app-lib/com.whatsapp-1/libwhatsapp.so 0x41faa0a0
D/dalvikvm(14333): Added shared lib /data/app-lib/com.whatsapp-1/libwhatsapp.so 0x41faa0a0
I/WhatsApp(14333): LL_I W [1:main]Runtime.java:421 19:02:52.985 os_core_unix.c !pjlib 2.2.1 for POSIX initialized
I/WhatsApp(14333): LL_I W [1:main]Runtime.java:421 19:02:52.991 wa_audio_dev.c !WA Audio sound library initialized
I/WhatsApp(14333): LL_I W [1:main]Runtime.java:421 19:02:52.992          pjlib  select() I/O Queue created (0x5fe1ac3c)
I/WhatsApp(14333): LL_I W [1:main]Runtime.java:421 19:02:52.993      wa_opus.c  pjmedia_codec_opus_init start
I/WhatsApp(14333): LL_I W [1:main]Runtime.java:421 19:02:52.994      wa_opus.c  pjmedia_codec_opus_init success
D/dalvikvm(14333): Trying to load lib /data/app-lib/com.whatsapp-1/libcurve25519.so 0x41faa0a0
D/dalvikvm(14333): Added shared lib /data/app-lib/com.whatsapp-1/libcurve25519.so 0x41faa0a0
D/dalvikvm(14333): No JNI_OnLoad found in /data/app-lib/com.whatsapp-1/libcurve25519.so 0x41faa0a0, skipping init
I/WhatsApp(14333): LL_I W [1:main]WhatsAppLibLoader.java:77 native library usability testing in progress
I/WhatsApp(14333): LL_I W [1:main]WhatsAppLibLoader.java:77 native library usability testing complete
V/AlarmManager( 1025): sending alarm Alarm{421695b0 type 3 com.whatsapp}
I/ActivityManager( 1025): Start proc android.process.acore for content provider com.android.providers.contacts/.ContactsProvider2: pid=14363 uid=10010 gids={50010, 3003, 1028, 1015, 1023}
I/ActivityManager( 1025): Start proc com.android.vending for service com.android.vending/com.google.android.finsky.billing.iab.InAppBillingService: pid=14378 uid=10039 gids={50039, 3003, 1028, 1015}
V/AlarmManager( 1025): sending alarm Alarm{42931408 type 3 com.whatsapp}
D/WifiStateMachine( 1025): handleMessage: E msg.what=151572
D/WifiStateMachine( 1025): processMsg: ConnectedState
D/WifiStateMachine( 1025): processMsg: L2ConnectedState
D/WifiStateMachine( 1025): handleMessage: X
D/Finsky  (14378): [1] FinskyApp.onCreate: Initializing network with DFE https://android.clients.google.com/fdfe/
D/Finsky  (14378): [1] DailyHygiene.goMakeHygieneIfDirty: No need to run daily hygiene.
W/Settings(14378): Setting download_manager_max_bytes_over_mobile has moved from android.provider.Settings.Secure to android.provider.Settings.Global.
W/Settings(14378): Setting download_manager_recommended_max_bytes_over_mobile has moved from android.provider.Settings.Secure to android.provider.Settings.Global.
I/dalvikvm(14378): Could not find method com.google.android.play.layout.PlayCardViewBase.setTransitionName, referenced from method com.google.android.finsky.utils.PlayCardUtils.bindCard
W/dalvikvm(14378): VFY: unable to resolve virtual method 42705: Lcom/google/android/play/layout/PlayCardViewBase;.setTransitionName (Ljava/lang/String;)V
D/dalvikvm(14378): VFY: replacing opcode 0x6e at 0x00d9
I/dalvikvm(14378): Could not find method com.google.android.play.layout.PlayCardViewBase.setTransitionGroup, referenced from method com.google.android.finsky.utils.PlayCardUtils.bindCard
W/dalvikvm(14378): VFY: unable to resolve virtual method 42704: Lcom/google/android/play/layout/PlayCardViewBase;.setTransitionGroup (Z)V
D/dalvikvm(14378): VFY: replacing opcode 0x6e at 0x0246
I/ContactLocale(14363): AddressBook Labels [en_GB]: [, A, B, C, D, E, F, G, H, I, J, K, L, M, N, O, P, Q, R, S, T, U, V, W, X, Y, Z, , , , , , , , , , , , , , , , , , , , , , , , , , , , , , , , , , , , , , , , , , , , , , , , , , , , , , , , , , , , , , , , , , , , , , , , , , , , , , , , , , , , , , , , , , , , , , , , , , , , , , , , , , , , , , , , , , , , , , , , , , , , , , , , , , , , , , , , , , , , , , , , , , , , , , , , , , , , , , , , , , , , , , , , , , , , , , , , , , , , , , #, ]
I/dalvikvm(14378): Could not find method android.view.View.getTransitionName, referenced from method com.google.android.finsky.navigationmanager.NavigationManager.showPage
W/dalvikvm(14378): VFY: unable to resolve virtual method 9352: Landroid/view/View;.getTransitionName ()Ljava/lang/String;
D/dalvikvm(14378): VFY: replacing opcode 0x6e at 0x001a
D/Finsky  (14378): [1] 2.run: Loaded library for account: [gKXbJhL8NA2nPUzZyFpjB6tKi7U]
D/Finsky  (14378): [1] 2.run: Finished loading 1 libraries.
D/WifiStateMachine( 1025): handleMessage: E msg.what=131155
D/WifiStateMachine( 1025): processMsg: ConnectedState
D/WifiStateMachine( 1025): processMsg: L2ConnectedState
D/WifiStateMachine( 1025): handleMessage: X
D/Finsky  (14378): [330651] InAppBillingUtils.pickAccount: com.whatsapp: Account determined from installer data - [gKXbJhL8NA2nPUzZyFpjB6tKi7U]
D/Finsky  (14378): [330652] InAppBillingUtils.pickAccount: com.whatsapp: Account determined from installer data - [gKXbJhL8NA2nPUzZyFpjB6tKi7U]
D/Finsky  (14378): [1] GmsCoreHelper.cleanupNlp: result=false type=4
I/ActivityManager( 1025): Process android.process.acore (pid 14363) has died.
D/Finsky  (14378): [1] RestoreTracker.stopServiceIfDone: Restore complete with 0 success and 0 failed.
D/Finsky  (14378): [330651] InAppBillingUtils.pickAccount: com.whatsapp: Account determined from installer data - [gKXbJhL8NA2nPUzZyFpjB6tKi7U]
D/Event   (14333): No subscribers registered for event class com.whatsapp.alk
D/Event   (14333): No subscribers registered for event class de.greenrobot.event.a
I/ActivityManager( 1025): Process com.facebook.katana (pid 14028) has died.
D/WifiService( 1025): Client connection lost with reason: 4
W/ActivityManager( 1025): Scheduling restart of crashed service com.facebook.katana/com.facebook.push.mqtt.service.MqttPushService in 16000ms
W/BroadcastQueue( 1025): Permission Denial: broadcasting Intent { act=android.net.conn.INET_CONDITION_ACTION flg=0x4000010 (has extras) } from null (pid=-1, uid=-1) requires com.facebook.permission.prod.FB_APP_COMMUNICATION due to registered receiver BroadcastFilter{41fc8010 u0 ReceiverList{4323b9a0 14286 com.facebook.orca/10147/u0 remote:430c3108}}
W/BroadcastQueue( 1025): Permission Denial: broadcasting Intent { act=android.net.conn.CONNECTIVITY_CHANGE flg=0x4000010 (has extras) } from null (pid=-1, uid=-1) requires com.facebook.permission.prod.FB_APP_COMMUNICATION due to registered receiver BroadcastFilter{41fc8010 u0 ReceiverList{4323b9a0 14286 com.facebook.orca/10147/u0 remote:430c3108}}
W/dalvikvm(14286): Unable to resolve superclass of Lcom/facebook/push/adm/ADMBroadcastReceiver; (566)
W/dalvikvm(14286): Link of class 'Lcom/facebook/push/adm/ADMBroadcastReceiver;' failed
E/dalvikvm(14286): Could not find class 'com.facebook.push.adm.ADMBroadcastReceiver', referenced from method com.facebook.push.adm.a.b
W/dalvikvm(14286): VFY: unable to resolve const-class 6907 (Lcom/facebook/push/adm/ADMBroadcastReceiver;) in Lcom/facebook/push/adm/a;
D/dalvikvm(14286): VFY: replacing opcode 0x1c at 0x000e
W/msgr(:<default>):a(14286): Attempt to start service that is already started
W/msgr(:<default>):a(14286): Attempt to start service that is already started
W/BroadcastQueue( 1025): Permission Denial: broadcasting Intent { act=android.net.conn.CONNECTIVITY_CHANGE flg=0x4000010 (has extras) } from null (pid=-1, uid=-1) requires com.facebook.permission.prod.FB_APP_COMMUNICATION due to registered receiver BroadcastFilter{42c09338 u0 ReceiverList{42c0e398 14286 com.facebook.orca/10147/u0 remote:42c62db8}}
I/MDMCTBK (  273): NetlinkHandler, power_supply subsys
I/MDMCTBK (  273): NetlinkHandler, usbChargerStateChanged
I/MDMCTBK (  273): checkDefaultInst, current pid is = 273
I/MDMCTBK (  273): checkDefaultInst, pid match
I/MDMCTBK (  273): MdmCutbackHndler,readFromFile = /sys/class/power_supply/usb/online
I/MDMCTBK (  273): MdmCutbackHndler,readFromFile = 
E/MDMCTBK (  273): MdmCutbackHndler,Could not open ''
D/WifiStateMachine( 1025): handleMessage: E msg.what=151572
D/WifiStateMachine( 1025): processMsg: ConnectedState
D/WifiStateMachine( 1025): processMsg: L2ConnectedState
D/WifiStateMachine( 1025): handleMessage: X
I/MDMCTBK (  273): NetlinkHandler, power_supply subsys
I/MDMCTBK (  273): NetlinkHandler, usbChargerStateChanged
I/MDMCTBK (  273): checkDefaultInst, current pid is = 273
I/MDMCTBK (  273): checkDefaultInst, pid match
I/MDMCTBK (  273): MdmCutbackHndler,readFromFile = /sys/class/power_supply/usb/online
I/MDMCTBK (  273): MdmCutbackHndler,readFromFile = 
E/MDMCTBK (  273): MdmCutbackHndler,Could not open ''
D/WifiStateMachine( 1025): handleMessage: E msg.what=151572
D/WifiStateMachine( 1025): processMsg: ConnectedState
D/WifiStateMachine( 1025): processMsg: L2ConnectedState
D/WifiStateMachine( 1025): handleMessage: X
D/WifiStateMachine( 1025): handleMessage: E msg.what=151572
D/WifiStateMachine( 1025): processMsg: ConnectedState
D/WifiStateMachine( 1025): processMsg: L2ConnectedState
D/WifiStateMachine( 1025): handleMessage: X
D/WifiStateMachine( 1025): handleMessage: E msg.what=131155
D/WifiStateMachine( 1025): processMsg: ConnectedState
D/WifiStateMachine( 1025): processMsg: L2ConnectedState
D/WifiStateMachine( 1025): handleMessage: X
D/Ulp_jni ( 1025): Location CB invoked
D/WifiStateMachine( 1025): handleMessage: E msg.what=151572
D/WifiStateMachine( 1025): processMsg: ConnectedState
D/WifiStateMachine( 1025): processMsg: L2ConnectedState
D/WifiStateMachine( 1025): handleMessage: X
D/WifiStateMachine( 1025): handleMessage: E msg.what=151572
D/WifiStateMachine( 1025): processMsg: ConnectedState
D/WifiStateMachine( 1025): processMsg: L2ConnectedState
D/WifiStateMachine( 1025): handleMessage: X
D/WifiStateMachine( 1025): handleMessage: E msg.what=151572
D/WifiStateMachine( 1025): processMsg: ConnectedState
D/WifiStateMachine( 1025): processMsg: L2ConnectedState
D/WifiStateMachine( 1025): handleMessage: X
D/WifiStateMachine( 1025): handleMessage: E msg.what=131155
D/WifiStateMachine( 1025): processMsg: ConnectedState
D/WifiStateMachine( 1025): processMsg: L2ConnectedState
D/WifiStateMachine( 1025): handleMessage: X
V/AlarmManager( 1025): sending alarm Alarm{42b35398 type 3 android}
D/WifiStateMachine( 1025): handleMessage: E msg.what=151572
D/WifiStateMachine( 1025): processMsg: ConnectedState
D/WifiStateMachine( 1025): processMsg: L2ConnectedState
D/WifiStateMachine( 1025): handleMessage: X
D/WifiStateMachine( 1025): handleMessage: E msg.what=151572
D/WifiStateMachine( 1025): processMsg: ConnectedState
D/WifiStateMachine( 1025): processMsg: L2ConnectedState
D/WifiStateMachine( 1025): handleMessage: X
D/WifiStateMachine( 1025): handleMessage: E msg.what=151572
D/WifiStateMachine( 1025): processMsg: ConnectedState
D/WifiStateMachine( 1025): processMsg: L2ConnectedState
D/WifiStateMachine( 1025): handleMessage: X
D/WifiStateMachine( 1025): handleMessage: E msg.what=131155
D/WifiStateMachine( 1025): processMsg: ConnectedState
D/WifiStateMachine( 1025): processMsg: L2ConnectedState
D/WifiStateMachine( 1025): handleMessage: X
D/dalvikvm( 1119): GC_FOR_ALLOC freed 1017K, 29% free 14510K/20188K, paused 25ms, total 25ms
I/ActivityManager( 1025): START u0 {act=com.android.systemui.recent.action.TOGGLE_RECENTS flg=0x10800000 cmp=com.android.systemui/.recent.RecentsActivity (has extras)} from pid 1119
W/ContextImpl( 1295): Calling a method in the system process without a qualified user: android.app.ContextImpl.sendBroadcast:1252 android.content.ContextWrapper.sendBroadcast:365 com.motorola.motocare.util.TriggerHelper$TriggerBuilder.send:76 com.motorola.motocare.internal.frameworkevents.PauseResumeTrigger.handleFrameworkEvent:53 com.motorola.motocare.internal.frameworkevents.FwEventMonitor$FrameworkListener.processFrameworkEvent:114 
D/CordovaActivity(13343): Paused the application!
D/CordovaWebView(13343): Handle the pause
W/ContextImpl( 1295): Calling a method in the system process without a qualified user: android.app.ContextImpl.sendBroadcast:1252 android.content.ContextWrapper.sendBroadcast:365 com.motorola.motocare.util.TriggerHelper$TriggerBuilder.send:76 com.motorola.motocare.internal.frameworkevents.PauseResumeTrigger.handleFrameworkEvent:53 com.motorola.motocare.internal.frameworkevents.FwEventMonitor$FrameworkListener.processFrameworkEvent:114 
I/SFPerfTracer(  274):      triggers: (rate: 1022:41322) (compose: 0:186) (post: 0:19) (render: 59:9380) (1:614286 frames) (2:2751027)
D/SFPerfTracer(  274):        layers: (3:10) (DimLayer: 0:158)* (DimLayer: 0:68)* (FocusedStackFrame: 0:16390)* (StatusBar: 0:204148) (NavigationBar: 1:153084) (DimLayer: 0:20279)* (DimLayer: 0:3225)* (com.android.wallpaper.fall.FallWallpaper: 0:13905)* (co.giftmeapp.gift_me/co.giftmeapp.gift_me.GiftMe: 0:356) (com.android.systemui/com.android.systemui.recent.RecentsActivity: 2:2)* 
D/WifiStateMachine( 1025): handleMessage: E msg.what=151572
D/WifiStateMachine( 1025): processMsg: ConnectedState
D/WifiStateMachine( 1025): processMsg: L2ConnectedState
I/LaunchCheckinHandler( 1025): Displayed com.android.systemui/.recent.RecentsActivity,wp,wa,126
W/IInputConnectionWrapper(13343): showStatusIcon on inactive InputConnection
D/WifiStateMachine( 1025): handleMessage: X
W/ManagedEGLContext(13343): doTerminate failed: EGL count is 2 but managed count is 1
I/ActivityManager( 1025): Process com.ghisler.android.TotalCommander (pid 13039) has died.
I/WindowState( 1025): WIN DEATH: Window{42200540 u0 com.ghisler.android.TotalCommander/com.ghisler.android.TotalCommander.TotalCommander}
W/InputDispatcher( 1025): channel '42200540 com.ghisler.android.TotalCommander/com.ghisler.android.TotalCommander.TotalCommander (server)' ~ Consumer closed input channel or an error occurred.  events=0x9
E/InputDispatcher( 1025): channel '42200540 com.ghisler.android.TotalCommander/com.ghisler.android.TotalCommander.TotalCommander (server)' ~ Channel is unrecoverably broken and will be disposed!
W/InputDispatcher( 1025): Attempted to unregister already unregistered input channel '42200540 com.ghisler.android.TotalCommander/com.ghisler.android.TotalCommander.TotalCommander (server)'
D/CordovaActivity(13343): CordovaActivity.onDestroy()
D/CordovaWebView(13343): >>> loadUrlNow()
I/ActivityManager( 1025): Killing 13343:co.giftmeapp.gift_me/u0a104 (adj 9): remove task
W/ContextImpl( 1295): Calling a method in the system process without a qualified user: android.app.ContextImpl.sendBroadcast:1252 android.content.ContextWrapper.sendBroadcast:365 com.motorola.motocare.util.TriggerHelper$TriggerBuilder.send:76 com.motorola.motocare.internal.frameworkevents.ProcessKillTrigger.sendTrigger:147 com.motorola.motocare.internal.frameworkevents.ProcessKillTrigger.handleFrameworkEvent:164 
I/WindowState( 1025): WIN DEATH: Window{4208cd40 u0 co.giftmeapp.gift_me/co.giftmeapp.gift_me.GiftMe}
D/WifiStateMachine( 1025): handleMessage: E msg.what=151572
D/WifiStateMachine( 1025): processMsg: ConnectedState
D/WifiStateMachine( 1025): processMsg: L2ConnectedState
D/WifiStateMachine( 1025): handleMessage: X
I/SFPerfTracer(  274):      triggers: (rate: 896:373421) (264806 sw vsyncs) (856874 skipped) (71:2672313 vsyncs) (73:3346606)
I/ActivityManager( 1025): START u0 {act=android.intent.action.MAIN cat=[android.intent.category.HOME] flg=0x10200000 cmp=com.android.launcher/com.android.launcher2.Launcher} from pid 1025
W/ContextImpl( 1295): Calling a method in the system process without a qualified user: android.app.ContextImpl.sendBroadcast:1252 android.content.ContextWrapper.sendBroadcast:365 com.motorola.motocare.util.TriggerHelper$TriggerBuilder.send:76 com.motorola.motocare.internal.frameworkevents.PauseResumeTrigger.handleFrameworkEvent:53 com.motorola.motocare.internal.frameworkevents.FwEventMonitor$FrameworkListener.processFrameworkEvent:114 
W/ContextImpl( 1295): Calling a method in the system process without a qualified user: android.app.ContextImpl.sendBroadcast:1252 android.content.ContextWrapper.sendBroadcast:365 com.motorola.motocare.util.TriggerHelper$TriggerBuilder.send:76 com.motorola.motocare.internal.frameworkevents.PauseResumeTrigger.handleFrameworkEvent:53 com.motorola.motocare.internal.frameworkevents.FwEventMonitor$FrameworkListener.processFrameworkEvent:114 
E/AppsCustomizePagedView( 8139): Widget ComponentInfo{com.devexpert.weather/com.devexpert.weather.view.WidgetWeather5x1Cur} can not fit on this device (736, 80)
E/AppsCustomizePagedView( 8139): Widget ComponentInfo{com.devexpert.weather/com.devexpert.weather.view.WidgetWeather5x1} can not fit on this device (736, 80)
E/AppsCustomizePagedView( 8139): Widget ComponentInfo{com.devexpert.weather/com.devexpert.weather.view.WidgetWeather5x2LC} can not fit on this device (736, 220)
E/AppsCustomizePagedView( 8139): Widget ComponentInfo{com.devexpert.weather/com.devexpert.weather.view.WidgetWeather5x2} can not fit on this device (736, 220)
E/AppsCustomizePagedView( 8139): Widget ComponentInfo{com.devexpert.weather/com.devexpert.weather.view.WidgetWeather5x3} can not fit on this device (736, 330)
I/SBar.NetworkController( 1119): onSignalStrengthsChanged SignalStrength: 2 0 -120 -160 -120 -1 -1 99 2147483647 2147483647 2147483647 2147483647 2147483647 gsm|lte 0 -108 -1 false 0 0 0 0 0 99 99 99 4 level=0
D/dalvikvm( 8139): GC_CONCURRENT freed 2224K, 15% free 14889K/17388K, paused 2ms+4ms, total 30ms
D/dalvikvm( 1025): GC_EXPLICIT freed 2773K, 42% free 29597K/50444K, paused 5ms+17ms, total 173ms
I/Adreno-EGL( 8139): <qeglDrvAPI_eglInitialize:410>: EGL 1.4 QUALCOMM build: AU_LINUX_ANDROID_LNX.LA.3.5.1_RB1.04.04.02.048.018_msm8226_LNX.LA.3.5.1_RB1__release_AU ()
I/Adreno-EGL( 8139): OpenGL ES Shader Compiler Version: E031.24.00.08
I/Adreno-EGL( 8139): Build Date: 03/07/14 Fri
I/Adreno-EGL( 8139): Local Branch: 
I/Adreno-EGL( 8139): Remote Branch: quic/LNX.LA.3.5.1_RB1.1
I/Adreno-EGL( 8139): Local Patches: NONE
I/Adreno-EGL( 8139): Reconstruct Branch: AU_LINUX_ANDROID_LNX.LA.3.5.1_RB1.04.04.02.048.018 + f2fd134 +  NOTHING
W/InputMethodManagerService( 1025): Starting input on non-focused client com.android.internal.view.IInputMethodClient$Stub$Proxy@42a44c48 (uid=10027 pid=1119)
V/RenderScript( 8139): 0x628483a0 Launching thread(s), CPUs 4
W/ResourceType( 1025): Skipping entry 0x7f05000e in package table 0 because it is not complex!
W/ResourceType( 1025): Skipping entry 0x7f05000f in package table 0 because it is not complex!
I/LaunchCheckinHandler( 1025): Displayed com.android.launcher/com.android.launcher2.Launcher,wp,wa,547
D/WifiStateMachine( 1025): handleMessage: E msg.what=151572
D/WifiStateMachine( 1025): processMsg: ConnectedState
D/WifiStateMachine( 1025): processMsg: L2ConnectedState
D/WifiStateMachine( 1025): handleMessage: X
I/SFPerfTracer(  274):      triggers: (rate: 1022:41322) (compose: 0:186) (post: 0:19) (render: 59:9381) (12:614320 frames) (13:2751132)
D/SFPerfTracer(  274):        layers: (5:12) (DimLayer: 0:158)* (DimLayer: 0:68)* (FocusedStackFrame: 0:16390)* (StatusBar: 12:204162) (NavigationBar: 12:153144) (DimLayer: 0:20279)* (DimLayer: 0:3225)* (com.android.wallpaper.fall.FallWallpaper: 3:13910) (co.giftmeapp.gift_me/co.giftmeapp.gift_me.GiftMe: 0:373)* (com.android.systemui/com.android.systemui.recent.RecentsActivity: 13:64) (thumbnail anim: 0:17)* (com.android.launcher/com.android.launcher2.Launcher: 13:23) 
D/WifiStateMachine( 1025): handleMessage: E msg.what=131155
D/WifiStateMachine( 1025): processMsg: ConnectedState
D/WifiStateMachine( 1025): processMsg: L2ConnectedState
D/WifiStateMachine( 1025): handleMessage: X
D/WifiStateMachine( 1025): handleMessage: E msg.what=151572
D/WifiStateMachine( 1025): processMsg: ConnectedState
D/WifiStateMachine( 1025): processMsg: L2ConnectedState
D/WifiStateMachine( 1025): handleMessage: X
D/Ulp_jni ( 1025): Location CB invoked
D/WifiStateMachine( 1025): handleMessage: E msg.what=151572
D/WifiStateMachine( 1025): processMsg: ConnectedState
D/WifiStateMachine( 1025): processMsg: L2ConnectedState
D/WifiStateMachine( 1025): handleMessage: X
D/WifiStateMachine( 1025): handleMessage: E msg.what=151572
D/WifiStateMachine( 1025): processMsg: ConnectedState
D/WifiStateMachine( 1025): processMsg: L2ConnectedState
D/WifiStateMachine( 1025): handleMessage: X
D/WifiStateMachine( 1025): handleMessage: E msg.what=131155
D/WifiStateMachine( 1025): processMsg: ConnectedState
D/WifiStateMachine( 1025): processMsg: L2ConnectedState
D/WifiStateMachine( 1025): handleMessage: X
D/WifiStateMachine( 1025): handleMessage: E msg.what=151572
D/WifiStateMachine( 1025): processMsg: ConnectedState
D/WifiStateMachine( 1025): processMsg: L2ConnectedState
D/WifiStateMachine( 1025): handleMessage: X
I/SFPerfTracer(  274):      triggers: (rate: 1022:41322) (compose: 0:186) (post: 0:19) (render: 59:9381) (0:614322 frames) (1:2751232)
D/SFPerfTracer(  274):        layers: (4:10) (DimLayer: 0:158)* (DimLayer: 0:68)* (FocusedStackFrame: 0:16390)* (StatusBar: 0:204173) (NavigationBar: 0:153151) (DimLayer: 0:20279)* (DimLayer: 0:3225)* (com.android.wallpaper.fall.FallWallpaper: 1:13973) (com.android.systemui/com.android.systemui.recent.RecentsActivity: 0:67)* (com.android.launcher/com.android.launcher2.Launcher: 0:67) 
I/SBar.NetworkController( 1119): onSignalStrengthsChanged SignalStrength: 10 0 -120 -160 -120 -1 -1 99 2147483647 2147483647 2147483647 2147483647 2147483647 gsm|lte 0 -108 -1 false 3 3 0 0 0 99 99 99 4 level=3
I/SBar.NetworkController( 1119): refreshSignalCluster: mobile: Signal=zz_moto_stat_sys_signal_2_fully_wide Roaming=(none) mSimIconId=(none) Accessibility="Phone two bars.","Not roaming.",""
I/ActivityManager( 1025): Start proc com.facebook.katana for service com.facebook.katana/com.facebook.push.mqtt.service.MqttPushService: pid=14546 uid=10110 gids={50110, 1028, 1015, 3003}
W/dalvikvm(14546): VFY: unable to resolve static field 29078 (a) in Lcom/facebook/katana/app/WorkAppTypes;
D/dalvikvm(14546): VFY: replacing opcode 0x62 at 0x0013
W/dalvikvm(14546): VFY: unable to resolve static field 29079 (b) in Lcom/facebook/katana/app/WorkAppTypes;
D/dalvikvm(14546): VFY: replacing opcode 0x62 at 0x001d
E/dalvikvm(14546): Could not find class 'com.facebook.katana.app.WallpaperFacebookApplicationImpl', referenced from method com.facebook.katana.app.FacebookApplication.a
W/dalvikvm(14546): VFY: unable to resolve new-instance 379 (Lcom/facebook/katana/app/WallpaperFacebookApplicationImpl;) in Lcom/facebook/katana/app/FacebookApplication;
D/dalvikvm(14546): VFY: replacing opcode 0x22 at 0x00a9
D/dalvikvm(14546): DexOpt: unable to opt direct call 0x055f at 0xab in Lcom/facebook/katana/app/FacebookApplication;.a
D/CatchMeIfYouCan(14546): Process (<default>) ca: '/data/data/com.facebook.katana/app_cmiyc/A1657CCD543F12E66E587EE52ED9D802E22AAC4701'
D/CatchMeIfYouCan(14546): Process (<default>) fc: '/data/data/com.facebook.katana/app_cmiyc/A1657CCD543F12E66E587EE52ED9D802E22AAC4702'
D/CatchMeIfYouCan(14546): Process (<default>) cp: '('default', 3, 120000, silent [true], restart [false], logout [false])'
D/ACRA    (14546): ACRA is enabled for com.facebook.katana, intializing...
D/ACRA    (14546): Looking for error files in /data/data/com.facebook.katana/app_acra-reports
D/ACRA    (14546): Looking for error files in /data/data/com.facebook.katana/app_minidumps
D/dalvikvm(14546): Trying to load lib /data/app-lib/com.facebook.katana-1/libgnustl_shared.so 0x41fb8858
D/dalvikvm(14546): Added shared lib /data/app-lib/com.facebook.katana-1/libgnustl_shared.so 0x41fb8858
D/dalvikvm(14546): No JNI_OnLoad found in /data/app-lib/com.facebook.katana-1/libgnustl_shared.so 0x41fb8858, skipping init
D/dalvikvm(14546): Trying to load lib /data/app-lib/com.facebook.katana-1/libfb_breakpad_client.so 0x41fb8858
D/dalvikvm(14546): Added shared lib /data/app-lib/com.facebook.katana-1/libfb_breakpad_client.so 0x41fb8858
D/dalvikvm(14546): Trying to load lib /data/app-lib/com.facebook.katana-1/libfb_dalvik-internals.so 0x41fb8858
D/dalvikvm(14546): Added shared lib /data/app-lib/com.facebook.katana-1/libfb_dalvik-internals.so 0x41fb8858
V/DexLibLoader(14546): about to lock: /data/data/com.facebook.katana/mdex_lock
V/DexLibLoader(14546): locking /data/data/com.facebook.katana/mdex_lock took 0 ms
V/DexLibLoader(14546): Secondary program dex metadata: secondary-1.dex.jar.xz 15ef54b77950d1e6c1cbc3342a20571a9fd8050d secondary.dex01.Canary
V/DexLibLoader(14546): Secondary program dex metadata: secondary-2.dex.jar.xz 14bcaeed5ad488eaf139a59d22cf00efbde5948b secondary.dex02.Canary
V/DexLibLoader(14546): Secondary program dex metadata: secondary-3.dex.jar.xz e8acf246c92474061a3e0f7dafec5559e33da2c5 secondary.dex03.Canary
V/DexLibLoader(14546): Secondary program dex metadata: secondary-4.dex.jar.xz 1d7a13e77be07efb41a2c80160a9aec6fff27ad1 secondary.dex04.Canary
V/DexLibLoader(14546): Secondary program dex metadata: secondary-5.dex.jar.xz 42761fa3dedc1f1a9503bece4f2db80adf01f775 secondary.dex05.Canary
V/DexLibLoader(14546): Secondary program dex metadata: secondary-6.dex.jar.xz 1b4455e1ba1ff38a86723e24cd334fa1062519f1 secondary.dex06.Canary
V/DexLibLoader(14546): Secondary program dex metadata: secondary-7.dex.jar.xz a54de6ef97459e1e5b5c8f874a889a38965d3446 secondary.dex07.Canary
V/DexLibLoader(14546): directory "/data/data/com.facebook.katana/app_secondary_program_dex" contains "program-15ef54b77950d1e6c1cbc3342a20571a9fd8050d6661a1c7.dex.jar" as expected
V/DexLibLoader(14546): directory "/data/data/com.facebook.katana/app_secondary_program_dex" contains "program-14bcaeed5ad488eaf139a59d22cf00efbde5948b6661a1c7.dex.jar" as expected
V/DexLibLoader(14546): directory "/data/data/com.facebook.katana/app_secondary_program_dex" contains "program-e8acf246c92474061a3e0f7dafec5559e33da2c56661a1c7.dex.jar" as expected
V/DexLibLoader(14546): directory "/data/data/com.facebook.katana/app_secondary_program_dex" contains "program-1d7a13e77be07efb41a2c80160a9aec6fff27ad16661a1c7.dex.jar" as expected
V/DexLibLoader(14546): directory "/data/data/com.facebook.katana/app_secondary_program_dex" contains "program-42761fa3dedc1f1a9503bece4f2db80adf01f7756661a1c7.dex.jar" as expected
V/DexLibLoader(14546): directory "/data/data/com.facebook.katana/app_secondary_program_dex" contains "program-1b4455e1ba1ff38a86723e24cd334fa1062519f16661a1c7.dex.jar" as expected
V/DexLibLoader(14546): directory "/data/data/com.facebook.katana/app_secondary_program_dex" contains "program-a54de6ef97459e1e5b5c8f874a889a38965d34466661a1c7.dex.jar" as expected
D/DexLibLoader(14546): ignoring file "program-15ef54b77950d1e6c1cbc3342a20571a9fd8050d6661a1c7.dex.odex" in "/data/data/com.facebook.katana/app_secondary_program_dex"
D/DexLibLoader(14546): ignoring file "program-14bcaeed5ad488eaf139a59d22cf00efbde5948b6661a1c7.dex.odex" in "/data/data/com.facebook.katana/app_secondary_program_dex"
D/DexLibLoader(14546): ignoring file "program-e8acf246c92474061a3e0f7dafec5559e33da2c56661a1c7.dex.odex" in "/data/data/com.facebook.katana/app_secondary_program_dex"
D/DexLibLoader(14546): ignoring file "program-1d7a13e77be07efb41a2c80160a9aec6fff27ad16661a1c7.dex.odex" in "/data/data/com.facebook.katana/app_secondary_program_dex"
D/DexLibLoader(14546): ignoring file "program-42761fa3dedc1f1a9503bece4f2db80adf01f7756661a1c7.dex.odex" in "/data/data/com.facebook.katana/app_secondary_program_dex"
D/DexLibLoader(14546): ignoring file "program-1b4455e1ba1ff38a86723e24cd334fa1062519f16661a1c7.dex.odex" in "/data/data/com.facebook.katana/app_secondary_program_dex"
D/DexLibLoader(14546): ignoring file "program-a54de6ef97459e1e5b5c8f874a889a38965d34466661a1c7.dex.odex" in "/data/data/com.facebook.katana/app_secondary_program_dex"
D/DexLibLoader(14546): directory "/data/data/com.facebook.katana/app_secondary_program_dex" is valid
D/DexLibLoader(14546): ignoring file "primary_deps" in "/data/data/com.facebook.katana/app_secondary_program_dex_opt"
V/DexLibLoader(14546): directory "/data/data/com.facebook.katana/app_secondary_program_dex_opt" contains "program-15ef54b77950d1e6c1cbc3342a20571a9fd8050d6661a1c7.dex.dex" as expected
V/DexLibLoader(14546): directory "/data/data/com.facebook.katana/app_secondary_program_dex_opt" contains "program-14bcaeed5ad488eaf139a59d22cf00efbde5948b6661a1c7.dex.dex" as expected
V/DexLibLoader(14546): directory "/data/data/com.facebook.katana/app_secondary_program_dex_opt" contains "program-e8acf246c92474061a3e0f7dafec5559e33da2c56661a1c7.dex.dex" as expected
V/DexLibLoader(14546): directory "/data/data/com.facebook.katana/app_secondary_program_dex_opt" contains "program-1d7a13e77be07efb41a2c80160a9aec6fff27ad16661a1c7.dex.dex" as expected
V/DexLibLoader(14546): directory "/data/data/com.facebook.katana/app_secondary_program_dex_opt" contains "program-42761fa3dedc1f1a9503bece4f2db80adf01f7756661a1c7.dex.dex" as expected
V/DexLibLoader(14546): directory "/data/data/com.facebook.katana/app_secondary_program_dex_opt" contains "program-1b4455e1ba1ff38a86723e24cd334fa1062519f16661a1c7.dex.dex" as expected
V/DexLibLoader(14546): directory "/data/data/com.facebook.katana/app_secondary_program_dex_opt" contains "program-a54de6ef97459e1e5b5c8f874a889a38965d34466661a1c7.dex.dex" as expected
D/DexLibLoader(14546): directory "/data/data/com.facebook.katana/app_secondary_program_dex_opt" is valid
D/DexLibLoader(14546): loading pre-built cross-dex opt odex files
V/dalvik-internals(14546): hooked dvmResolveClass using jump ()
V/dalvik-internals(14546): hooked dvmFlushBreakpoints using jump ()
V/MultiDexClassLoader(14546): installing MultiDexClassLoader before application classloader
I/dalvikvm(14546): Could not find method dalvik.system.DexFile.loadClassBinaryName, referenced from method com.facebook.common.dextricks.DexFileLoadOld.a
W/dalvikvm(14546): VFY: unable to resolve virtual method 2073: Ldalvik/system/DexFile;.loadClassBinaryName (Ljava/lang/String;Ljava/lang/ClassLoader;)Ljava/lang/Class;
D/dalvikvm(14546): VFY: replacing opcode 0x6e at 0x0000
D/DexLibLoader(14546): released odex store lock
D/DexLibLoader(14546): DexLibLoader.loadAll took 24 ms
D/MemoryReductionHack(14546): Marked as initialized entry corresponding to path /data/app/com.facebook.katana-1.apk
D/GcOptimizer(14546): Enabled
V/dalvik-internals(14546): hooked dvmLinearAlloc using jump ()
V/dalvik-internals(14546): hooked dvmLinearRealloc using jump ()
V/dalvik-internals(14546): hooked dvmLinearFree using jump ()
V/dalvik-internals(14546): hooked dvmLinearStrdup using jump ()
