* daemon not running. starting it now on port 5037 *
* daemon started successfully *
--------- beginning of /dev/log/system
W/ContextImpl( 1295): Calling a method in the system process without a qualified user: android.app.ContextImpl.sendBroadcast:1252 android.content.ContextWrapper.sendBroadcast:365 com.motorola.motocare.util.TriggerHelper$TriggerBuilder.send:76 com.motorola.motocare.internal.frameworkevents.PauseResumeTrigger.handleFrameworkEvent:53 com.motorola.motocare.internal.frameworkevents.FwEventMonitor$FrameworkListener.processFrameworkEvent:114 
I/LaunchCheckinHandler( 1025): Displayed com.android.settings/.SubSettings,wp,ca,237
I/ActivityManager( 1025): Start proc com.facebook.katana for service com.facebook.katana/com.facebook.push.mqtt.service.MqttPushService: pid=9931 uid=10110 gids={50110, 1028, 1015, 3003}
D/WifiService( 1025): New client listening to asynchronous messages
I/SFPerfTracer(  274):      triggers: (rate: 886:365761) (263454 sw vsyncs) (842569 skipped) (0:2652525 vsyncs) (1:3322919)
W/ContextImpl( 1295): Calling a method in the system process without a qualified user: android.app.ContextImpl.sendBroadcast:1252 android.content.ContextWrapper.sendBroadcast:365 com.motorola.motocare.internal.settings.SettingsTrigger$1.onChange:395 android.database.ContentObserver.onChange:129 android.database.ContentObserver$NotificationRunnable.run:180 
W/ContextImpl( 1295): Calling a method in the system process without a qualified user: android.app.ContextImpl.sendBroadcast:1252 android.content.ContextWrapper.sendBroadcast:365 com.motorola.motocare.internal.settings.SettingsTrigger$1.onChange:395 android.database.ContentObserver.onChange:129 android.database.ContentObserver$NotificationRunnable.run:180 
I/ActivityManager( 1025): START u0 {act=android.intent.action.MAIN cat=[android.intent.category.HOME] flg=0x10200000 cmp=com.android.launcher/com.android.launcher2.Launcher} from pid 1025
W/ContextImpl( 1295): Calling a method in the system process without a qualified user: android.app.ContextImpl.sendBroadcast:1252 android.content.ContextWrapper.sendBroadcast:365 com.motorola.motocare.util.TriggerHelper$TriggerBuilder.send:76 com.motorola.motocare.internal.frameworkevents.PauseResumeTrigger.handleFrameworkEvent:53 com.motorola.motocare.internal.frameworkevents.FwEventMonitor$FrameworkListener.processFrameworkEvent:114 
W/ContextImpl( 1295): Calling a method in the system process without a qualified user: android.app.ContextImpl.sendBroadcast:1252 android.content.ContextWrapper.sendBroadcast:365 com.motorola.motocare.util.TriggerHelper$TriggerBuilder.send:76 com.motorola.motocare.internal.frameworkevents.PauseResumeTrigger.handleFrameworkEvent:53 com.motorola.motocare.internal.frameworkevents.FwEventMonitor$FrameworkListener.processFrameworkEvent:114 
I/LaunchCheckinHandler( 1025): Displayed com.android.launcher/com.android.launcher2.Launcher,wp,wa,7560
I/LaunchCheckinHandler( 1025): Displayed com.android.launcher/com.android.launcher2.Launcher,cp,ca,5622 (total)
I/SFPerfTracer(  274):      triggers: (rate: 1017:41151) (compose: 0:186) (post: 0:19) (render: 59:9370) (7:611522 frames) (8:2736554)
D/SFPerfTracer(  274):        layers: (3:12) (DimLayer: 0:158)* (DimLayer: 0:68)* (FocusedStackFrame: 0:16253)* (StatusBar: 0:201691) (NavigationBar: 8:151510) (DimLayer: 0:20130)* (DimLayer: 0:3179)* (com.android.wallpaper.fall.FallWallpaper: 1:8794)* (Starting com.android.settings: 0:32)* (com.android.settings/com.android.settings.Settings: 0:42)* (com.android.settings/com.android.settings.SubSettings: 1:51) (com.android.launcher/com.android.launcher2.Launcher: 8:8)* 
I/ActivityManager( 1025): Process co.giftmeapp.gift_me (pid 8695) has died.
I/WindowState( 1025): WIN DEATH: Window{42be7190 u0 co.giftmeapp.gift_me/co.giftmeapp.gift_me.GiftMe}
I/ActivityManager( 1025): START u0 {act=com.android.systemui.recent.action.TOGGLE_RECENTS flg=0x10800000 cmp=com.android.systemui/.recent.RecentsActivity} from pid 1119
W/ContextImpl( 1295): Calling a method in the system process without a qualified user: android.app.ContextImpl.sendBroadcast:1252 android.content.ContextWrapper.sendBroadcast:365 com.motorola.motocare.util.TriggerHelper$TriggerBuilder.send:76 com.motorola.motocare.internal.frameworkevents.PauseResumeTrigger.handleFrameworkEvent:53 com.motorola.motocare.internal.frameworkevents.FwEventMonitor$FrameworkListener.processFrameworkEvent:114 
W/ContextImpl( 1295): Calling a method in the system process without a qualified user: android.app.ContextImpl.sendBroadcast:1252 android.content.ContextWrapper.sendBroadcast:365 com.motorola.motocare.util.TriggerHelper$TriggerBuilder.send:76 com.motorola.motocare.internal.frameworkevents.PauseResumeTrigger.handleFrameworkEvent:53 com.motorola.motocare.internal.frameworkevents.FwEventMonitor$FrameworkListener.processFrameworkEvent:114 
I/LaunchCheckinHandler( 1025): Displayed com.android.systemui/.recent.RecentsActivity,wp,wa,111
I/SFPerfTracer(  274):      triggers: (rate: 1017:41151) (compose: 0:186) (post: 0:19) (render: 59:9370) (0:611561 frames) (1:2736654)
D/SFPerfTracer(  274):        layers: (3:11) (DimLayer: 0:158)* (DimLayer: 0:68)* (FocusedStackFrame: 0:16253)* (StatusBar: 1:201711) (NavigationBar: 1:151556) (DimLayer: 0:20130)* (DimLayer: 0:3179)* (com.android.wallpaper.fall.FallWallpaper: 0:8823)* (com.android.settings/com.android.settings.SubSettings: 0:75)* (com.android.launcher/com.android.launcher2.Launcher: 0:68)* (com.android.systemui/com.android.systemui.recent.RecentsActivity: 0:4) 
I/SFPerfTracer(  274):      triggers: (rate: 886:365765) (263454 sw vsyncs) (842653 skipped) (122:2652649 vsyncs) (124:3323048)
W/ContextImpl( 1295): Calling a method in the system process without a qualified user: android.app.ContextImpl.sendBroadcast:1252 android.content.ContextWrapper.sendBroadcast:365 com.motorola.motocare.util.TriggerHelper$TriggerBuilder.send:76 com.motorola.motocare.internal.frameworkevents.PauseResumeTrigger.handleFrameworkEvent:53 com.motorola.motocare.internal.frameworkevents.FwEventMonitor$FrameworkListener.processFrameworkEvent:114 
I/ActivityManager( 1025): Start proc co.giftmeapp.gift_me for activity co.giftmeapp.gift_me/.GiftMe: pid=10015 uid=10104 gids={50104, 3003, 1028, 1015}
W/ContextImpl( 1295): Calling a method in the system process without a qualified user: android.app.ContextImpl.sendBroadcast:1252 android.content.ContextWrapper.sendBroadcast:365 com.motorola.motocare.util.TriggerHelper$TriggerBuilder.send:76 com.motorola.motocare.internal.frameworkevents.PauseResumeTrigger.handleFrameworkEvent:53 com.motorola.motocare.internal.frameworkevents.FwEventMonitor$FrameworkListener.processFrameworkEvent:114 
W/BroadcastQueue( 1025): Permission Denial: broadcasting Intent { act=android.net.conn.INET_CONDITION_ACTION flg=0x4000010 (has extras) } from null (pid=-1, uid=-1) requires com.facebook.permission.prod.FB_APP_COMMUNICATION due to registered receiver BroadcastFilter{42b4fa48 u0 ReceiverList{42445ff0 9931 com.facebook.katana/10110/u0 remote:42864518}}
W/BroadcastQueue( 1025): Permission Denial: broadcasting Intent { act=android.net.conn.CONNECTIVITY_CHANGE flg=0x4000010 (has extras) } from null (pid=-1, uid=-1) requires com.facebook.permission.prod.FB_APP_COMMUNICATION due to registered receiver BroadcastFilter{42b4fa48 u0 ReceiverList{42445ff0 9931 com.facebook.katana/10110/u0 remote:42864518}}
W/BroadcastQueue( 1025): Permission Denial: broadcasting Intent { act=android.net.conn.CONNECTIVITY_CHANGE flg=0x4000010 (has extras) } from null (pid=-1, uid=-1) requires com.facebook.permission.prod.FB_APP_COMMUNICATION due to registered receiver BroadcastFilter{4248f6a8 u0 ReceiverList{424a2420 9931 com.facebook.katana/10110/u0 remote:424f0bd8}}
I/ActivityManager( 1025): Process com.android.settings (pid 9857) has died.
I/WindowState( 1025): WIN DEATH: Window{4305bfa8 u0 com.android.settings/com.android.settings.Settings}
D/WifiService( 1025): Client connection lost with reason: 4
I/WindowState( 1025): WIN DEATH: Window{430c42a0 u0 com.android.settings/com.android.settings.SubSettings}
I/ActivityManager( 1025): Start proc com.facebook.orca for content provider com.facebook.orca/.notify.MessengerLoggedInUserProvider: pid=10113 uid=10147 gids={50147, 3003, 1028, 1015}
I/ActivityManager( 1025): Config changes=480 {1.0 272mcc3mnc en_GB ldltr sw360dp w598dp h335dp 320dpi nrml land finger -keyb/v/h -nav/h s.215?spn}
I/ActivityManager( 1025): Start proc android.process.acore for content provider com.android.providers.contacts/.ContactsProvider2: pid=10136 uid=10010 gids={50010, 3003, 1028, 1015, 1023}
I/WindowManager( 1025): Screen frozen for +341ms due to Window{428c7110 u0 StatusBar}
I/SFPerfTracer(  274):      triggers: (rate: 1017:41154) (compose: 0:186) (post: 0:19) (render: 59:9371) (14:611604 frames) (15:2736739)
D/SFPerfTracer(  274):        layers: (8:17) (DimLayer: 0:158)* (DimLayer: 0:68)* (FocusedStackFrame: 0:16255)* (StatusBar: 15:201751) (NavigationBar: 15:151619) (DimLayer: 0:20130)* (DimLayer: 0:3179)* (com.android.wallpaper.fall.FallWallpaper: 15:8840)* (com.android.systemui/com.android.systemui.recent.RecentsActivity: 0:6)* (Starting co.giftmeapp.gift_me: 0:31)* (thumbnail anim: 0:17)* (co.giftmeapp.gift_me/co.giftmeapp.gift_me.GiftMe: 15:33) (ScreenshotSurface: 15:19) (BlackSurface: 15:18) (BlackSurface: 15:18) (BlackSurface: 15:18) (BlackSurface: 15:18) 
I/ActivityManager( 1025): Process com.android.vending (pid 9544) has died.
I/ActivityManager( 1025): Process android.process.acore (pid 10136) has died.
I/SFPerfTracer(  274):      triggers: (rate: 886:365765) (263454 sw vsyncs) (842653 skipped) (30:2652737 vsyncs) (32:3323152)
W/BroadcastQueue( 1025): Permission Denial: broadcasting Intent { act=android.net.conn.INET_CONDITION_ACTION flg=0x4000010 (has extras) } from null (pid=-1, uid=-1) requires com.facebook.permission.prod.FB_APP_COMMUNICATION due to registered receiver BroadcastFilter{439656c0 u0 ReceiverList{4386ae30 10113 com.facebook.orca/10147/u0 remote:43791b10}}
W/BroadcastQueue( 1025): Permission Denial: broadcasting Intent { act=android.net.conn.CONNECTIVITY_CHANGE flg=0x4000010 (has extras) } from null (pid=-1, uid=-1) requires com.facebook.permission.prod.FB_APP_COMMUNICATION due to registered receiver BroadcastFilter{439656c0 u0 ReceiverList{4386ae30 10113 com.facebook.orca/10147/u0 remote:43791b10}}
W/BroadcastQueue( 1025): Permission Denial: broadcasting Intent { act=android.net.conn.CONNECTIVITY_CHANGE flg=0x4000010 (has extras) } from null (pid=-1, uid=-1) requires com.facebook.permission.prod.FB_APP_COMMUNICATION due to registered receiver BroadcastFilter{43056488 u0 ReceiverList{43390340 10113 com.facebook.orca/10147/u0 remote:42c33a20}}
V/AlarmManager( 1025): sending alarm Alarm{42fd27f8 type 2 com.facebook.katana}
V/AlarmManager( 1025): sending alarm Alarm{42fcf038 type 2 com.facebook.orca}
V/AlarmManager( 1025): sending alarm Alarm{42fcae40 type 2 com.whatsapp}
V/AlarmManager( 1025): sending alarm Alarm{427ee4f8 type 3 android}
I/SFPerfTracer(  274):      triggers: (rate: 886:365765) (263454 sw vsyncs) (842653 skipped) (64:2652847 vsyncs) (66:3323280)
I/SFPerfTracer(  274):      triggers: (rate: 886:365765) (263454 sw vsyncs) (842653 skipped) (20:2652940 vsyncs) (22:3323382)
V/AlarmManager( 1025): sending alarm Alarm{427e4ce8 type 3 com.devexpert.weather}
V/AlarmManager( 1025): sending alarm Alarm{427dbf70 type 2 com.google.android.gms}
I/ActivityManager( 1025): Start proc com.devexpert.weather for broadcast com.devexpert.weather/.view.WidgetWeather2x1: pid=10247 uid=10112 gids={50112, 3003, 1028, 1015}
D/ConnectivityService( 1025): handleInetConditionHoldEnd: net=1, condition=100, published condition=100
W/ContextImpl( 1295): Calling a method in the system process without a qualified user: android.app.ContextImpl.sendBroadcast:1252 android.content.ContextWrapper.sendBroadcast:365 com.motorola.motocare.util.TriggerHelper$TriggerBuilder.send:76 com.motorola.motocare.internal.frameworkevents.ProcessKillTrigger.sendTrigger:147 com.motorola.motocare.internal.frameworkevents.ProcessKillTrigger.handleLmkKill:337 
W/ContextImpl( 1295): Calling a method in the system process without a qualified user: android.app.ContextImpl.sendBroadcast:1252 android.content.ContextWrapper.sendBroadcast:365 com.motorola.motocare.util.TriggerHelper$TriggerBuilder.send:76 com.motorola.motocare.internal.frameworkevents.ProcessKillTrigger.sendTrigger:147 com.motorola.motocare.internal.frameworkevents.ProcessKillTrigger.handleLmkKill:337 
W/ContextImpl( 1295): Calling a method in the system process without a qualified user: android.app.ContextImpl.sendBroadcast:1252 android.content.ContextWrapper.sendBroadcast:365 com.motorola.motocare.util.TriggerHelper$TriggerBuilder.send:76 com.motorola.motocare.internal.frameworkevents.ProcessKillTrigger.sendTrigger:147 com.motorola.motocare.internal.frameworkevents.ProcessKillTrigger.handleLmkKill:337 
W/ContextImpl( 1295): Calling a method in the system process without a qualified user: android.app.ContextImpl.sendBroadcast:1252 android.content.ContextWrapper.sendBroadcast:365 com.motorola.motocare.util.TriggerHelper$TriggerBuilder.send:76 com.motorola.motocare.internal.frameworkevents.ProcessKillTrigger.sendTrigger:147 com.motorola.motocare.internal.frameworkevents.ProcessKillTrigger.handleLmkKill:337 
W/ContextImpl( 1295): Calling a method in the system process without a qualified user: android.app.ContextImpl.sendBroadcast:1252 android.content.ContextWrapper.sendBroadcast:365 com.motorola.motocare.util.TriggerHelper$TriggerBuilder.send:76 com.motorola.motocare.internal.frameworkevents.ProcessKillTrigger.sendTrigger:147 com.motorola.motocare.internal.frameworkevents.ProcessKillTrigger.handleLmkKill:337 
I/SFPerfTracer(  274):      triggers: (rate: 886:365765) (263454 sw vsyncs) (842653 skipped) (17:2653023 vsyncs) (19:3323489)
V/AlarmManager( 1025): sending alarm Alarm{427f65b0 type 3 android}
I/ActivityManager( 1025): Process com.motorola.audioeffects (pid 27833) has died.
W/ActivityManager( 1025): Scheduling restart of crashed service com.motorola.audioeffects/.AudioEffectsService in 1000ms
I/ActivityManager( 1025): Start proc com.motorola.audioeffects for service com.motorola.audioeffects/.AudioEffectsService: pid=10288 uid=10002 gids={50002}
V/AlarmManager( 1025): sending alarm Alarm{427f0940 type 2 com.google.android.gms}
V/AlarmManager( 1025): sending alarm Alarm{427ec7a8 type 2 com.google.android.gms}
V/AlarmManager( 1025): sending alarm Alarm{427c0488 type 3 com.devexpert.weather}
D/WifiService( 1025): acquireWifiLockLocked: WifiLock{NlpWifiLock type=2 binder=android.os.BinderProxy@42069ba0}
D/WifiService( 1025): releaseWifiLockLocked: WifiLock{NlpWifiLock type=2 binder=android.os.BinderProxy@42069ba0}
I/SFPerfTracer(  274):      triggers: (rate: 886:365765) (263454 sw vsyncs) (842653 skipped) (17:2653110 vsyncs) (19:3323602)
I/PowerManagerService( 1025): Nap time...
I/PowerManagerService( 1025): Going to sleep due to screen timeout...
I/SFPerfTracer(  274):      triggers: (rate: 1017:41156) (compose: 0:186) (post: 0:19) (render: 59:9371) (22:611638 frames) (23:2736843)
D/SFPerfTracer(  274):        layers: (4:15) (DimLayer: 0:158)* (DimLayer: 0:68)* (FocusedStackFrame: 0:16255)* (StatusBar: 0:201804) (NavigationBar: 0:151630) (DimLayer: 0:20130)* (DimLayer: 0:3179)* (com.android.wallpaper.fall.FallWallpaper: 0:8845)* (co.giftmeapp.gift_me/co.giftmeapp.gift_me.GiftMe: 0:42) (ScreenshotSurface: 0:26)* (BlackSurface: 0:25)* (BlackSurface: 0:25)* (BlackSurface: 0:25)* (BlackSurface: 0:25)* (ElectronBeam: 23:25) 
W/ContextImpl( 1295): Calling a method in the system process without a qualified user: android.app.ContextImpl.sendBroadcast:1252 android.content.ContextWrapper.sendBroadcast:365 com.motorola.motocare.util.TriggerHelper$TriggerBuilder.send:76 com.motorola.motocare.internal.frameworkevents.PauseResumeTrigger.handleFrameworkEvent:53 com.motorola.motocare.internal.frameworkevents.FwEventMonitor$FrameworkListener.processFrameworkEvent:114 
I/ActivityManager( 1025): Process com.google.android.music:main (pid 27901) has died.
W/ActivityManager( 1025): Service ServiceRecord{43e23698 u0 com.google.android.music/.net.NetworkMonitor} in process ProcessRecord{42be5cd8 27901:com.google.android.music:main/u0a82} not same as in map: null
W/ActivityManager( 1025): Service ServiceRecord{43e21590 u0 com.google.android.music/.preferences.MusicPreferenceService$MusicPreferenceServiceBinder} in process ProcessRecord{42be5cd8 27901:com.google.android.music:main/u0a82} not same as in map: null
W/ActivityManager( 1025): Service ServiceRecord{43e19a18 u0 com.google.android.music/.download.artwork.ArtDownloadService} in process ProcessRecord{42be5cd8 27901:com.google.android.music:main/u0a82} not same as in map: null
W/ActivityManager( 1025): Service ServiceRecord{43db22e0 u0 com.google.android.music/.download.cache.TrackCacheService} in process ProcessRecord{42be5cd8 27901:com.google.android.music:main/u0a82} not same as in map: null
W/ActivityManager( 1025): Service ServiceRecord{43daee78 u0 com.google.android.music/.download.TrackDownloadQueueService} in process ProcessRecord{42be5cd8 27901:com.google.android.music:main/u0a82} not same as in map: null
W/ActivityManager( 1025): Scheduling restart of crashed service com.google.android.music/.wear.WearDataTransferConnectionService in 1000ms
W/ActivityManager( 1025): Scheduling restart of crashed service com.google.android.music/.playback.MusicPlaybackService in 11000ms
I/ActivityManager( 1025): Process com.devexpert.weather (pid 10247) has died.
I/ActivityManager( 1025): Start proc com.google.android.music:main for service com.google.android.music/.wear.WearDataTransferConnectionService: pid=10354 uid=10082 gids={50082, 3003, 1028, 1015}
I/PowerManagerService( 1025): Waking up from sleep...
I/WindowManager( 1025): No lock screen! windowToken=null
W/ContextImpl( 1295): Calling a method in the system process without a qualified user: android.app.ContextImpl.sendBroadcast:1252 android.content.ContextWrapper.sendBroadcast:365 com.motorola.motocare.util.TriggerHelper$TriggerBuilder.send:76 com.motorola.motocare.internal.frameworkevents.PauseResumeTrigger.handleFrameworkEvent:53 com.motorola.motocare.internal.frameworkevents.FwEventMonitor$FrameworkListener.processFrameworkEvent:114 
D/DisplayPowerController( 1025): Unblocked screen on after 1159837878 ms
I/SFPerfTracer(  274):      triggers: (rate: 886:365765) (263507 sw vsyncs) (842653 skipped) (0:2653170 vsyncs) (53:3323722)
W/Vold    (  261): Returning OperationFailed - no handler for errno 30
W/Vold    (  261): Returning OperationFailed - no handler for errno 30
W/Vold    (  261): Returning OperationFailed - no handler for errno 30
W/Vold    (  261): Returning OperationFailed - no handler for errno 30
W/Vold    (  261): Returning OperationFailed - no handler for errno 30
W/ContextImpl( 1295): Calling a method in the system process without a qualified user: android.app.ContextImpl.startService:1608 android.content.ContextWrapper.startService:494 android.content.ContextWrapper.startService:494 com.motorola.motocare.internal.batterystats.BatteryStatsAction.onReceive:33 android.app.ActivityThread.handleReceiver:2434 
W/Vold    (  261): Returning OperationFailed - no handler for errno 30
W/Vold    (  261): Returning OperationFailed - no handler for errno 30
W/ContextImpl( 1295): Calling a method in the system process without a qualified user: android.app.ContextImpl.startService:1608 android.content.ContextWrapper.startService:494 android.content.ContextWrapper.startService:494 com.motorola.motocare.internal.batterystats.BatteryStatsAction.onReceive:33 android.app.ActivityThread.handleReceiver:2434 
V/AlarmManager( 1025): sending alarm Alarm{42bf2670 type 2 com.android.keyguard}
V/AlarmManager( 1025): sending alarm Alarm{437cf930 type 3 android}
I/ActivityManager( 1025): Config changes=480 {1.0 272mcc3mnc en_GB ldltr sw360dp w360dp h567dp 320dpi nrml port finger -keyb/v/h -nav/h s.216?spn}
I/ActivityManager( 1025): Start proc android.process.acore for content provider com.android.providers.contacts/.ContactsProvider2: pid=10488 uid=10010 gids={50010, 3003, 1028, 1015, 1023}
I/WindowManager( 1025): Screen frozen for +332ms due to Window{428c7110 u0 StatusBar}
I/ActivityManager( 1025): Process android.process.acore (pid 10488) has died.
I/SFPerfTracer(  274):      triggers: (rate: 886:365765) (263507 sw vsyncs) (842653 skipped) (3:2653258 vsyncs) (5:3323826)
I/ActivityManager( 1025): START u0 {act=android.intent.action.MAIN cat=[android.intent.category.HOME] flg=0x10200000 cmp=com.android.launcher/com.android.launcher2.Launcher} from pid 1025
I/LaunchCheckinHandler( 1025): Displayed com.android.launcher/com.android.launcher2.Launcher,wp,wa,257
I/SFPerfTracer(  274):      triggers: (rate: 1017:41157) (compose: 0:186) (post: 0:19) (render: 59:9371) (0:611692 frames) (1:2736943)
D/SFPerfTracer(  274):        layers: (4:16) (DimLayer: 0:158)* (DimLayer: 0:68)* (FocusedStackFrame: 0:16255)* (StatusBar: 0:201856) (NavigationBar: 0:151696) (DimLayer: 0:20130)* (DimLayer: 0:3179)* (com.android.wallpaper.fall.FallWallpaper: 1:8877) (co.giftmeapp.gift_me/co.giftmeapp.gift_me.GiftMe: 0:95)* (ElectronBeam: 0:27)* (ScreenshotSurface: 0:26)* (BlackSurface: 0:26)* (BlackSurface: 0:26)* (BlackSurface: 0:26)* (BlackSurface: 0:26)* (com.android.launcher/com.android.launcher2.Launcher: 1:14) 
W/ContextImpl( 1295): Calling a method in the system process without a qualified user: android.app.ContextImpl.sendBroadcast:1252 android.content.ContextWrapper.sendBroadcast:365 com.motorola.motocare.util.TriggerHelper$TriggerBuilder.send:76 com.motorola.motocare.internal.frameworkevents.ProcessKillTrigger.sendTrigger:147 com.motorola.motocare.internal.frameworkevents.ProcessKillTrigger.handleLmkKill:337 
W/ContextImpl( 1295): Calling a method in the system process without a qualified user: android.app.ContextImpl.sendBroadcast:1252 android.content.ContextWrapper.sendBroadcast:365 com.motorola.motocare.util.TriggerHelper$TriggerBuilder.send:76 com.motorola.motocare.internal.frameworkevents.ProcessKillTrigger.sendTrigger:147 com.motorola.motocare.internal.frameworkevents.ProcessKillTrigger.handleLmkKill:337 
W/ContextImpl( 1295): Calling a method in the system process without a qualified user: android.app.ContextImpl.sendBroadcast:1252 android.content.ContextWrapper.sendBroadcast:365 com.motorola.motocare.util.TriggerHelper$TriggerBuilder.send:76 com.motorola.motocare.internal.frameworkevents.ProcessKillTrigger.sendTrigger:147 com.motorola.motocare.internal.frameworkevents.ProcessKillTrigger.handleLmkKill:337 
W/ContextImpl( 1295): Calling a method in the system process without a qualified user: android.app.ContextImpl.sendBroadcast:1252 android.content.ContextWrapper.sendBroadcast:365 com.motorola.motocare.util.TriggerHelper$TriggerBuilder.send:76 com.motorola.motocare.internal.frameworkevents.ProcessKillTrigger.sendTrigger:147 com.motorola.motocare.internal.frameworkevents.ProcessKillTrigger.handleLmkKill:337 
W/ContextImpl( 1295): Calling a method in the system process without a qualified user: android.app.ContextImpl.sendBroadcast:1252 android.content.ContextWrapper.sendBroadcast:365 com.motorola.motocare.util.TriggerHelper$TriggerBuilder.send:76 com.motorola.motocare.internal.frameworkevents.PauseResumeTrigger.handleFrameworkEvent:53 com.motorola.motocare.internal.frameworkevents.FwEventMonitor$FrameworkListener.processFrameworkEvent:114 
W/ContextImpl( 1295): Calling a method in the system process without a qualified user: android.app.ContextImpl.sendBroadcast:1252 android.content.ContextWrapper.sendBroadcast:365 com.motorola.motocare.util.TriggerHelper$TriggerBuilder.send:76 com.motorola.motocare.internal.frameworkevents.PauseResumeTrigger.handleFrameworkEvent:53 com.motorola.motocare.internal.frameworkevents.FwEventMonitor$FrameworkListener.processFrameworkEvent:114 
I/ActivityManager( 1025): Process com.facebook.katana (pid 9931) has died.
D/WifiService( 1025): Client connection lost with reason: 4
W/ActivityManager( 1025): Scheduling restart of crashed service com.facebook.katana/com.facebook.push.mqtt.service.MqttPushService in 1000ms
I/ActivityManager( 1025): Start proc com.facebook.katana for service com.facebook.katana/com.facebook.push.mqtt.service.MqttPushService: pid=10531 uid=10110 gids={50110, 1028, 1015, 3003}
I/ActivityManager( 1025): START u0 {act=android.intent.action.MAIN cat=[android.intent.category.LAUNCHER] flg=0x10200000 cmp=co.giftmeapp.gift_me/.GiftMe bnds=[520,385][680,585]} from pid 8139
W/ContextImpl( 1295): Calling a method in the system process without a qualified user: android.app.ContextImpl.sendBroadcast:1252 android.content.ContextWrapper.sendBroadcast:365 com.motorola.motocare.util.TriggerHelper$TriggerBuilder.send:76 com.motorola.motocare.internal.frameworkevents.PauseResumeTrigger.handleFrameworkEvent:53 com.motorola.motocare.internal.frameworkevents.FwEventMonitor$FrameworkListener.processFrameworkEvent:114 
W/ContextImpl( 1295): Calling a method in the system process without a qualified user: android.app.ContextImpl.sendBroadcast:1252 android.content.ContextWrapper.sendBroadcast:365 com.motorola.motocare.util.TriggerHelper$TriggerBuilder.send:76 com.motorola.motocare.internal.frameworkevents.PauseResumeTrigger.handleFrameworkEvent:53 com.motorola.motocare.internal.frameworkevents.FwEventMonitor$FrameworkListener.processFrameworkEvent:114 
I/LaunchCheckinHandler( 1025): Displayed co.giftmeapp.gift_me/.GiftMe,wp,ca,122
I/SFPerfTracer(  274):      triggers: (rate: 886:365777) (263507 sw vsyncs) (842754 skipped) (141:2653399 vsyncs) (143:3323969)
D/WifiService( 1025): New client listening to asynchronous messages
I/SFPerfTracer(  274):      triggers: (rate: 1017:41157) (compose: 0:186) (post: 0:19) (render: 59:9371) (0:611711 frames) (1:2737043)
D/SFPerfTracer(  274):        layers: (3:10) (DimLayer: 0:158)* (DimLayer: 0:68)* (FocusedStackFrame: 0:16258)* (StatusBar: 0:201872) (NavigationBar: 0:151728) (DimLayer: 0:20130)* (DimLayer: 0:3179)* (com.android.wallpaper.fall.FallWallpaper: 0:8903)* (com.android.launcher/com.android.launcher2.Launcher: 0:56)* (co.giftmeapp.gift_me/co.giftmeapp.gift_me.GiftMe: 1:34) 
I/ActivityManager( 1025): START u0 {act=android.intent.action.MAIN cat=[android.intent.category.HOME] flg=0x10200000 cmp=com.android.launcher/com.android.launcher2.Launcher} from pid 1025
W/ContextImpl( 1295): Calling a method in the system process without a qualified user: android.app.ContextImpl.sendBroadcast:1252 android.content.ContextWrapper.sendBroadcast:365 com.motorola.motocare.util.TriggerHelper$TriggerBuilder.send:76 com.motorola.motocare.internal.frameworkevents.PauseResumeTrigger.handleFrameworkEvent:53 com.motorola.motocare.internal.frameworkevents.FwEventMonitor$FrameworkListener.processFrameworkEvent:114 
W/ContextImpl( 1295): Calling a method in the system process without a qualified user: android.app.ContextImpl.sendBroadcast:1252 android.content.ContextWrapper.sendBroadcast:365 com.motorola.motocare.util.TriggerHelper$TriggerBuilder.send:76 com.motorola.motocare.internal.frameworkevents.PauseResumeTrigger.handleFrameworkEvent:53 com.motorola.motocare.internal.frameworkevents.FwEventMonitor$FrameworkListener.processFrameworkEvent:114 
I/LaunchCheckinHandler( 1025): Displayed com.android.launcher/com.android.launcher2.Launcher,wp,wa,275
W/BroadcastQueue( 1025): Permission Denial: broadcasting Intent { act=android.net.conn.INET_CONDITION_ACTION flg=0x4000010 (has extras) } from null (pid=-1, uid=-1) requires com.facebook.permission.prod.FB_APP_COMMUNICATION due to registered receiver BroadcastFilter{430985c0 u0 ReceiverList{42d04820 10531 com.facebook.katana/10110/u0 remote:42a0e310}}
W/BroadcastQueue( 1025): Permission Denial: broadcasting Intent { act=android.net.conn.CONNECTIVITY_CHANGE flg=0x4000010 (has extras) } from null (pid=-1, uid=-1) requires com.facebook.permission.prod.FB_APP_COMMUNICATION due to registered receiver BroadcastFilter{430985c0 u0 ReceiverList{42d04820 10531 com.facebook.katana/10110/u0 remote:42a0e310}}
I/SFPerfTracer(  274):      triggers: (rate: 1017:41157) (compose: 0:186) (post: 0:19) (render: 59:9371) (0:611742 frames) (1:2737143)
D/SFPerfTracer(  274):        layers: (4:10) (DimLayer: 0:158)* (DimLayer: 0:68)* (FocusedStackFrame: 0:16259)* (StatusBar: 0:201895) (NavigationBar: 0:151764) (DimLayer: 0:20130)* (DimLayer: 0:3179)* (com.android.wallpaper.fall.FallWallpaper: 1:8922) (co.giftmeapp.gift_me/co.giftmeapp.gift_me.GiftMe: 0:72)* (com.android.launcher/com.android.launcher2.Launcher: 1:52) 
W/BroadcastQueue( 1025): Permission Denial: broadcasting Intent { act=android.net.conn.CONNECTIVITY_CHANGE flg=0x4000010 (has extras) } from null (pid=-1, uid=-1) requires com.facebook.permission.prod.FB_APP_COMMUNICATION due to registered receiver BroadcastFilter{42c75ab0 u0 ReceiverList{42c72570 10531 com.facebook.katana/10110/u0 remote:427f01e8}}
I/ActivityManager( 1025): Process com.facebook.orca (pid 10113) has died.
W/ActivityManager( 1025): Scheduling restart of crashed service com.facebook.orca/com.facebook.push.mqtt.service.MqttPushService in 1000ms
I/ActivityManager( 1025): Start proc com.facebook.orca for service com.facebook.orca/com.facebook.push.mqtt.service.MqttPushService: pid=10720 uid=10147 gids={50147, 3003, 1028, 1015}
I/SFPerfTracer(  274):      triggers: (rate: 1017:41157) (compose: 0:186) (post: 0:19) (render: 59:9371) (0:611742 frames) (1:2737243)
D/SFPerfTracer(  274):        layers: (4:9) (DimLayer: 0:158)* (DimLayer: 0:68)* (FocusedStackFrame: 0:16259)* (StatusBar: 0:201898) (NavigationBar: 0:151764) (DimLayer: 0:20130)* (DimLayer: 0:3179)* (com.android.wallpaper.fall.FallWallpaper: 1:9021) (com.android.launcher/com.android.launcher2.Launcher: 0:52) 
W/BroadcastQueue( 1025): Permission Denial: broadcasting Intent { act=android.net.conn.INET_CONDITION_ACTION flg=0x4000010 (has extras) } from null (pid=-1, uid=-1) requires com.facebook.permission.prod.FB_APP_COMMUNICATION due to registered receiver BroadcastFilter{426750e8 u0 ReceiverList{42a35bd0 10720 com.facebook.orca/10147/u0 remote:426ca288}}
W/BroadcastQueue( 1025): Permission Denial: broadcasting Intent { act=android.net.conn.CONNECTIVITY_CHANGE flg=0x4000010 (has extras) } from null (pid=-1, uid=-1) requires com.facebook.permission.prod.FB_APP_COMMUNICATION due to registered receiver BroadcastFilter{426750e8 u0 ReceiverList{42a35bd0 10720 com.facebook.orca/10147/u0 remote:426ca288}}
W/BroadcastQueue( 1025): Permission Denial: broadcasting Intent { act=android.net.conn.CONNECTIVITY_CHANGE flg=0x4000010 (has extras) } from null (pid=-1, uid=-1) requires com.facebook.permission.prod.FB_APP_COMMUNICATION due to registered receiver BroadcastFilter{4214e6a8 u0 ReceiverList{4291fcb8 10720 com.facebook.orca/10147/u0 remote:42c61378}}
I/ActivityManager( 1025): Process com.whatsapp (pid 9468) has died.
W/ActivityManager( 1025): Scheduling restart of crashed service com.whatsapp/.messaging.MessageService in 1000ms
I/ActivityManager( 1025): Start proc com.whatsapp for service com.whatsapp/.messaging.MessageService: pid=10808 uid=10107 gids={50107, 3002, 3003, 1028, 1015}
V/AlarmManager( 1025): sending alarm Alarm{42b3f868 type 3 com.whatsapp}
I/ActivityManager( 1025): Start proc android.process.acore for content provider com.android.providers.contacts/.ContactsProvider2: pid=10844 uid=10010 gids={50010, 3003, 1028, 1015, 1023}
I/ActivityManager( 1025): Start proc com.android.vending for service com.android.vending/com.google.android.finsky.billing.iab.InAppBillingService: pid=10860 uid=10039 gids={50039, 3003, 1028, 1015}
V/AlarmManager( 1025): sending alarm Alarm{429cf8e0 type 3 com.whatsapp}
I/ActivityManager( 1025): Process android.process.acore (pid 10844) has died.
I/ActivityManager( 1025): Process com.facebook.katana (pid 10531) has died.
D/WifiService( 1025): Client connection lost with reason: 4
W/ActivityManager( 1025): Scheduling restart of crashed service com.facebook.katana/com.facebook.push.mqtt.service.MqttPushService in 4000ms
I/SFPerfTracer(  274):      triggers: (rate: 1017:41157) (compose: 0:186) (post: 0:19) (render: 59:9371) (0:611742 frames) (1:2737343)
D/SFPerfTracer(  274):        layers: (4:9) (DimLayer: 0:158)* (DimLayer: 0:68)* (FocusedStackFrame: 0:16259)* (StatusBar: 0:201906) (NavigationBar: 0:151764) (DimLayer: 0:20130)* (DimLayer: 0:3179)* (com.android.wallpaper.fall.FallWallpaper: 1:9113) (com.android.launcher/com.android.launcher2.Launcher: 0:52) 
I/ActivityManager( 1025): Start proc com.facebook.katana for service com.facebook.katana/com.facebook.push.mqtt.service.MqttPushService: pid=10948 uid=10110 gids={50110, 1028, 1015, 3003}
D/WifiService( 1025): New client listening to asynchronous messages
I/ActivityManager( 1025): Process com.facebook.orca (pid 10720) has died.
W/ActivityManager( 1025): Scheduling restart of crashed service com.facebook.orca/com.facebook.push.mqtt.service.MqttPushService in 4000ms
I/SFPerfTracer(  274):      triggers: (rate: 1017:41157) (compose: 0:186) (post: 0:19) (render: 59:9371) (0:611742 frames) (1:2737443)
D/SFPerfTracer(  274):        layers: (4:9) (DimLayer: 0:158)* (DimLayer: 0:68)* (FocusedStackFrame: 0:16259)* (StatusBar: 0:201909) (NavigationBar: 0:151764) (DimLayer: 0:20130)* (DimLayer: 0:3179)* (com.android.wallpaper.fall.FallWallpaper: 1:9210) (com.android.launcher/com.android.launcher2.Launcher: 0:52) 
W/BroadcastQueue( 1025): Permission Denial: broadcasting Intent { act=android.net.conn.INET_CONDITION_ACTION flg=0x4000010 (has extras) } from null (pid=-1, uid=-1) requires com.facebook.permission.prod.FB_APP_COMMUNICATION due to registered receiver BroadcastFilter{42daf5b0 u0 ReceiverList{42c405d0 10948 com.facebook.katana/10110/u0 remote:42b011e0}}
W/BroadcastQueue( 1025): Permission Denial: broadcasting Intent { act=android.net.conn.CONNECTIVITY_CHANGE flg=0x4000010 (has extras) } from null (pid=-1, uid=-1) requires com.facebook.permission.prod.FB_APP_COMMUNICATION due to registered receiver BroadcastFilter{42daf5b0 u0 ReceiverList{42c405d0 10948 com.facebook.katana/10110/u0 remote:42b011e0}}
W/BroadcastQueue( 1025): Permission Denial: broadcasting Intent { act=android.net.conn.CONNECTIVITY_CHANGE flg=0x4000010 (has extras) } from null (pid=-1, uid=-1) requires com.facebook.permission.prod.FB_APP_COMMUNICATION due to registered receiver BroadcastFilter{42c37570 u0 ReceiverList{42bc8cb0 10948 com.facebook.katana/10110/u0 remote:428c4db0}}
I/ActivityManager( 1025): Start proc com.facebook.orca for service com.facebook.orca/com.facebook.push.mqtt.service.MqttPushService: pid=11009 uid=10147 gids={50147, 3003, 1028, 1015}
I/ActivityManager( 1025): Process com.android.vending (pid 10860) has died.
W/ActivityManager( 1025): Scheduling restart of crashed service com.android.vending/com.google.android.finsky.billing.iab.InAppBillingService in 1000ms
I/ActivityManager( 1025): Process com.bambuna.podcastaddict (pid 6591) has died.
W/ActivityManager( 1025): Scheduling restart of crashed service com.bambuna.podcastaddict/.service.PodcastAddictService in 10813ms
I/ActivityManager( 1025): Start proc com.android.vending for service com.android.vending/com.google.android.finsky.billing.iab.InAppBillingService: pid=11075 uid=10039 gids={50039, 3003, 1028, 1015}
I/ActivityManager( 1025): Process com.facebook.orca (pid 11009) has died.
W/ActivityManager( 1025): Scheduling restart of crashed service com.facebook.orca/com.facebook.push.mqtt.service.MqttPushService in 19474ms
I/SFPerfTracer(  274):      triggers: (rate: 1017:41157) (compose: 0:186) (post: 0:19) (render: 59:9371) (0:611742 frames) (1:2737543)
D/SFPerfTracer(  274):        layers: (4:9) (DimLayer: 0:158)* (DimLayer: 0:68)* (FocusedStackFrame: 0:16259)* (StatusBar: 1:201913) (NavigationBar: 0:151764) (DimLayer: 0:20130)* (DimLayer: 0:3179)* (com.android.wallpaper.fall.FallWallpaper: 1:9307) (com.android.launcher/com.android.launcher2.Launcher: 0:52) 
V/AlarmManager( 1025): sending alarm Alarm{4258f918 type 3 com.devexpert.weather}
V/AlarmManager( 1025): sending alarm Alarm{4258f318 type 2 com.facebook.katana}
I/ActivityManager( 1025): Start proc com.devexpert.weather for broadcast com.devexpert.weather/.view.WidgetWeather2x1: pid=11133 uid=10112 gids={50112, 3003, 1028, 1015}
V/AlarmManager( 1025): sending alarm Alarm{42580ea8 type 2 com.facebook.orca}
V/AlarmManager( 1025): sending alarm Alarm{4257cc48 type 2 com.whatsapp}
I/SFPerfTracer(  274):      triggers: (rate: 1017:41157) (compose: 0:186) (post: 0:19) (render: 59:9371) (0:611742 frames) (1:2737643)
D/SFPerfTracer(  274):        layers: (4:9) (DimLayer: 0:158)* (DimLayer: 0:68)* (FocusedStackFrame: 0:16259)* (StatusBar: 0:201917) (NavigationBar: 0:151764) (DimLayer: 0:20130)* (DimLayer: 0:3179)* (com.android.wallpaper.fall.FallWallpaper: 1:9403) (com.android.launcher/com.android.launcher2.Launcher: 0:52) 
I/ActivityManager( 1025): Start proc com.bambuna.podcastaddict for service com.bambuna.podcastaddict/.service.PodcastAddictService: pid=11156 uid=10113 gids={50113, 3003, 1028, 1015, 3002}
W/Vold    (  261): Returning OperationFailed - no handler for errno 30
I/ActivityManager( 1025): Process com.devexpert.weather (pid 11133) has died.
I/ActivityManager( 1025): START u0 {act=com.android.systemui.recent.action.TOGGLE_RECENTS flg=0x10800000 cmp=com.android.systemui/.recent.RecentsActivity} from pid 1119
W/ContextImpl( 1295): Calling a method in the system process without a qualified user: android.app.ContextImpl.sendBroadcast:1252 android.content.ContextWrapper.sendBroadcast:365 com.motorola.motocare.util.TriggerHelper$TriggerBuilder.send:76 com.motorola.motocare.internal.frameworkevents.PauseResumeTrigger.handleFrameworkEvent:53 com.motorola.motocare.internal.frameworkevents.FwEventMonitor$FrameworkListener.processFrameworkEvent:114 
W/ContextImpl( 1295): Calling a method in the system process without a qualified user: android.app.ContextImpl.sendBroadcast:1252 android.content.ContextWrapper.sendBroadcast:365 com.motorola.motocare.util.TriggerHelper$TriggerBuilder.send:76 com.motorola.motocare.internal.frameworkevents.PauseResumeTrigger.handleFrameworkEvent:53 com.motorola.motocare.internal.frameworkevents.FwEventMonitor$FrameworkListener.processFrameworkEvent:114 
I/LaunchCheckinHandler( 1025): Displayed com.android.systemui/.recent.RecentsActivity,wp,wa,139
I/SFPerfTracer(  274):      triggers: (rate: 1017:41157) (compose: 0:186) (post: 0:19) (render: 59:9371) (13:611759 frames) (14:2737755)
D/SFPerfTracer(  274):        layers: (4:10) (DimLayer: 0:158)* (DimLayer: 0:68)* (FocusedStackFrame: 0:16259)* (StatusBar: 0:201920) (NavigationBar: 13:151783) (DimLayer: 0:20130)* (DimLayer: 0:3179)* (com.android.wallpaper.fall.FallWallpaper: 4:9497) (com.android.launcher/com.android.launcher2.Launcher: 14:66) (com.android.systemui/com.android.systemui.recent.RecentsActivity: 1:6)* 
I/SFPerfTracer(  274):       trigger: vsync rate (-63.238%)	(22.057 vps)	(45.337 ms)* 	(993 drops)	(878 vsyncs)
I/SFPerfTracer(  274):      triggers: (rate: 887:366770) (263507 sw vsyncs) (844533 skipped) (878:2654315 vsyncs) (880:3324904)
W/ContextImpl( 1295): Calling a method in the system process without a qualified user: android.app.ContextImpl.sendBroadcast:1252 android.content.ContextWrapper.sendBroadcast:365 com.motorola.motocare.util.TriggerHelper$TriggerBuilder.send:76 com.motorola.motocare.internal.frameworkevents.PauseResumeTrigger.handleFrameworkEvent:53 com.motorola.motocare.internal.frameworkevents.FwEventMonitor$FrameworkListener.processFrameworkEvent:114 
W/ContextImpl( 1295): Calling a method in the system process without a qualified user: android.app.ContextImpl.sendBroadcast:1252 android.content.ContextWrapper.sendBroadcast:365 com.motorola.motocare.util.TriggerHelper$TriggerBuilder.send:76 com.motorola.motocare.internal.frameworkevents.PauseResumeTrigger.handleFrameworkEvent:53 com.motorola.motocare.internal.frameworkevents.FwEventMonitor$FrameworkListener.processFrameworkEvent:114 
I/ActivityManager( 1025): Start proc com.facebook.orca for service com.facebook.orca/com.facebook.push.mqtt.service.MqttPushService: pid=11303 uid=10147 gids={50147, 3003, 1028, 1015}
I/ActivityManager( 1025): Process com.facebook.katana (pid 10948) has died.
W/ActivityManager( 1025): Scheduling restart of crashed service com.facebook.katana/com.facebook.push.mqtt.service.MqttPushService in 16000ms
D/WifiService( 1025): Client connection lost with reason: 4
I/ActivityManager( 1025): Process com.android.vending (pid 11075) has died.
W/ActivityManager( 1025): Scheduling restart of crashed service com.android.vending/com.google.android.finsky.billing.iab.InAppBillingService in 4000ms
V/AlarmManager( 1025): sending alarm Alarm{4376ea38 type 3 android}
I/SFPerfTracer(  274):      triggers: (rate: 887:366770) (263507 sw vsyncs) (844533 skipped) (17:2654411 vsyncs) (19:3325013)
W/BroadcastQueue( 1025): Permission Denial: broadcasting Intent { act=android.net.conn.INET_CONDITION_ACTION flg=0x4000010 (has extras) } from null (pid=-1, uid=-1) requires com.facebook.permission.prod.FB_APP_COMMUNICATION due to registered receiver BroadcastFilter{437f2350 u0 ReceiverList{438642e0 11303 com.facebook.orca/10147/u0 remote:433ae670}}
W/BroadcastQueue( 1025): Permission Denial: broadcasting Intent { act=android.net.conn.CONNECTIVITY_CHANGE flg=0x4000010 (has extras) } from null (pid=-1, uid=-1) requires com.facebook.permission.prod.FB_APP_COMMUNICATION due to registered receiver BroadcastFilter{437f2350 u0 ReceiverList{438642e0 11303 com.facebook.orca/10147/u0 remote:433ae670}}
W/BroadcastQueue( 1025): Permission Denial: broadcasting Intent { act=android.net.conn.CONNECTIVITY_CHANGE flg=0x4000010 (has extras) } from null (pid=-1, uid=-1) requires com.facebook.permission.prod.FB_APP_COMMUNICATION due to registered receiver BroadcastFilter{430a43e0 u0 ReceiverList{433d6620 11303 com.facebook.orca/10147/u0 remote:42c1d500}}
I/ActivityManager( 1025): Start proc com.android.vending for service com.android.vending/com.google.android.finsky.billing.iab.InAppBillingService: pid=11401 uid=10039 gids={50039, 3003, 1028, 1015}
W/ContextImpl( 1295): Calling a method in the system process without a qualified user: android.app.ContextImpl.sendBroadcast:1252 android.content.ContextWrapper.sendBroadcast:365 com.motorola.motocare.util.TriggerHelper$TriggerBuilder.send:76 com.motorola.motocare.internal.frameworkevents.ProcessKillTrigger.sendTrigger:147 com.motorola.motocare.internal.frameworkevents.ProcessKillTrigger.handleLmkKill:337 
W/ContextImpl( 1295): Calling a method in the system process without a qualified user: android.app.ContextImpl.sendBroadcast:1252 android.content.ContextWrapper.sendBroadcast:365 com.motorola.motocare.util.TriggerHelper$TriggerBuilder.send:76 com.motorola.motocare.internal.frameworkevents.ProcessKillTrigger.sendTrigger:147 com.motorola.motocare.internal.frameworkevents.ProcessKillTrigger.handleLmkKill:337 
W/ContextImpl( 1295): Calling a method in the system process without a qualified user: android.app.ContextImpl.sendBroadcast:1252 android.content.ContextWrapper.sendBroadcast:365 com.motorola.motocare.util.TriggerHelper$TriggerBuilder.send:76 com.motorola.motocare.internal.frameworkevents.ProcessKillTrigger.sendTrigger:147 com.motorola.motocare.internal.frameworkevents.ProcessKillTrigger.handleLmkKill:337 
W/ContextImpl( 1295): Calling a method in the system process without a qualified user: android.app.ContextImpl.sendBroadcast:1252 android.content.ContextWrapper.sendBroadcast:365 com.motorola.motocare.util.TriggerHelper$TriggerBuilder.send:76 com.motorola.motocare.internal.frameworkevents.ProcessKillTrigger.sendTrigger:147 com.motorola.motocare.internal.frameworkevents.ProcessKillTrigger.handleLmkKill:337 
W/ContextImpl( 1295): Calling a method in the system process without a qualified user: android.app.ContextImpl.sendBroadcast:1252 android.content.ContextWrapper.sendBroadcast:365 com.motorola.motocare.util.TriggerHelper$TriggerBuilder.send:76 com.motorola.motocare.internal.frameworkevents.ProcessKillTrigger.sendTrigger:147 com.motorola.motocare.internal.frameworkevents.ProcessKillTrigger.handleLmkKill:337 
W/ContextImpl( 1295): Calling a method in the system process without a qualified user: android.app.ContextImpl.sendBroadcast:1252 android.content.ContextWrapper.sendBroadcast:365 com.motorola.motocare.util.TriggerHelper$TriggerBuilder.send:76 com.motorola.motocare.internal.frameworkevents.ProcessKillTrigger.sendTrigger:147 com.motorola.motocare.internal.frameworkevents.ProcessKillTrigger.handleLmkKill:337 
W/ContextImpl( 1295): Calling a method in the system process without a qualified user: android.app.ContextImpl.sendBroadcast:1252 android.content.ContextWrapper.sendBroadcast:365 com.motorola.motocare.util.TriggerHelper$TriggerBuilder.send:76 com.motorola.motocare.internal.frameworkevents.ProcessKillTrigger.sendTrigger:147 com.motorola.motocare.internal.frameworkevents.ProcessKillTrigger.handleLmkKill:337 
W/ContextImpl( 1295): Calling a method in the system process without a qualified user: android.app.ContextImpl.sendBroadcast:1252 android.content.ContextWrapper.sendBroadcast:365 com.motorola.motocare.util.TriggerHelper$TriggerBuilder.send:76 com.motorola.motocare.internal.frameworkevents.ProcessKillTrigger.sendTrigger:147 com.motorola.motocare.internal.frameworkevents.ProcessKillTrigger.handleLmkKill:337 
W/ContextImpl( 1295): Calling a method in the system process without a qualified user: android.app.ContextImpl.sendBroadcast:1252 android.content.ContextWrapper.sendBroadcast:365 com.motorola.motocare.util.TriggerHelper$TriggerBuilder.send:76 com.motorola.motocare.internal.frameworkevents.ProcessKillTrigger.sendTrigger:147 com.motorola.motocare.internal.frameworkevents.ProcessKillTrigger.handleLmkKill:337 
W/ContextImpl( 1295): Calling a method in the system process without a qualified user: android.app.ContextImpl.sendBroadcast:1252 android.content.ContextWrapper.sendBroadcast:365 com.motorola.motocare.util.TriggerHelper$TriggerBuilder.send:76 com.motorola.motocare.internal.frameworkevents.ProcessKillTrigger.sendTrigger:147 com.motorola.motocare.internal.frameworkevents.ProcessKillTrigger.handleLmkKill:337 
W/ContextImpl( 1295): Calling a method in the system process without a qualified user: android.app.ContextImpl.sendBroadcast:1252 android.content.ContextWrapper.sendBroadcast:365 com.motorola.motocare.util.TriggerHelper$TriggerBuilder.send:76 com.motorola.motocare.internal.frameworkevents.ProcessKillTrigger.sendTrigger:147 com.motorola.motocare.internal.frameworkevents.ProcessKillTrigger.handleLmkKill:337 
W/ContextImpl( 1295): Calling a method in the system process without a qualified user: android.app.ContextImpl.sendBroadcast:1252 android.content.ContextWrapper.sendBroadcast:365 com.motorola.motocare.util.TriggerHelper$TriggerBuilder.send:76 com.motorola.motocare.internal.frameworkevents.ProcessKillTrigger.sendTrigger:147 com.motorola.motocare.internal.frameworkevents.ProcessKillTrigger.handleLmkKill:337 
V/AlarmManager( 1025): sending alarm Alarm{42d2e030 type 2 com.facebook.orca}
V/AlarmManager( 1025): sending alarm Alarm{42d28dd0 type 2 com.whatsapp}
I/ActivityManager( 1025): Start proc com.facebook.katana for service com.facebook.katana/com.facebook.push.mqtt.service.MqttPushService: pid=11461 uid=10110 gids={50110, 1028, 1015, 3003}
D/WifiService( 1025): New client listening to asynchronous messages
I/ActivityManager( 1025): Process com.facebook.orca (pid 11303) has died.
W/ActivityManager( 1025): Scheduling restart of crashed service com.facebook.orca/com.facebook.push.mqtt.service.MqttPushService in 77896ms
I/SFPerfTracer(  274):      triggers: (rate: 887:366770) (263507 sw vsyncs) (844533 skipped) (17:2654499 vsyncs) (19:3325128)
W/BroadcastQueue( 1025): Permission Denial: broadcasting Intent { act=android.net.conn.INET_CONDITION_ACTION flg=0x4000010 (has extras) } from null (pid=-1, uid=-1) requires com.facebook.permission.prod.FB_APP_COMMUNICATION due to registered receiver BroadcastFilter{42332c70 u0 ReceiverList{423ca418 11461 com.facebook.katana/10110/u0 remote:42a704f8}}
W/BroadcastQueue( 1025): Permission Denial: broadcasting Intent { act=android.net.conn.CONNECTIVITY_CHANGE flg=0x4000010 (has extras) } from null (pid=-1, uid=-1) requires com.facebook.permission.prod.FB_APP_COMMUNICATION due to registered receiver BroadcastFilter{42332c70 u0 ReceiverList{423ca418 11461 com.facebook.katana/10110/u0 remote:42a704f8}}
W/BroadcastQueue( 1025): Permission Denial: broadcasting Intent { act=android.net.conn.CONNECTIVITY_CHANGE flg=0x4000010 (has extras) } from null (pid=-1, uid=-1) requires com.facebook.permission.prod.FB_APP_COMMUNICATION due to registered receiver BroadcastFilter{4202f510 u0 ReceiverList{421a46c8 11461 com.facebook.katana/10110/u0 remote:42915360}}
I/ActivityManager( 1025): Start proc com.facebook.orca for content provider com.facebook.orca/.notify.MessengerLoggedInUserProvider: pid=11551 uid=10147 gids={50147, 3003, 1028, 1015}
I/ActivityManager( 1025): Process com.android.vending (pid 11401) has died.
W/ActivityManager( 1025): Scheduling restart of crashed service com.android.vending/com.google.android.finsky.billing.iab.InAppBillingService in 16000ms
W/BroadcastQueue( 1025): Permission Denial: broadcasting Intent { act=android.net.conn.INET_CONDITION_ACTION flg=0x4000010 (has extras) } from null (pid=-1, uid=-1) requires com.facebook.permission.prod.FB_APP_COMMUNICATION due to registered receiver BroadcastFilter{42c75f70 u0 ReceiverList{42a7de50 11551 com.facebook.orca/10147/u0 remote:42b87ef0}}
