W/PluginManager(23350): THREAD WARNING: exec() call to PayPalMobile.renderSinglePaymentUI blocked the main thread for 49ms. Plugin should use CordovaInterface.getThreadPool().
W/ContextImpl( 1295): Calling a method in the system process without a qualified user: android.app.ContextImpl.sendBroadcast:1252 android.content.ContextWrapper.sendBroadcast:365 com.motorola.motocare.util.TriggerHelper$TriggerBuilder.send:76 com.motorola.motocare.internal.frameworkevents.PauseResumeTrigger.handleFrameworkEvent:53 com.motorola.motocare.internal.frameworkevents.FwEventMonitor$FrameworkListener.processFrameworkEvent:114 
W/msgr(:<default>):a(23845): Attempt to start service that is already started
D/WifiStateMachine( 1025): handleMessage: E msg.what=151572
D/WifiStateMachine( 1025): processMsg: ConnectedState
D/WifiStateMachine( 1025): processMsg: L2ConnectedState
D/dalvikvm(23350): GC_FOR_ALLOC freed 861K, 34% free 11536K/17224K, paused 26ms, total 26ms
I/dalvikvm-heap(23350): Grow heap (frag case) to 13.614MB for 330016-byte allocation
D/WifiStateMachine( 1025): handleMessage: X
D/WifiStateMachine( 1025): handleMessage: E msg.what=131155
D/WifiStateMachine( 1025): processMsg: ConnectedState
D/WifiStateMachine( 1025): processMsg: L2ConnectedState
D/WifiStateMachine( 1025): handleMessage: X
D/dalvikvm(23845): Trying to load lib /data/app-lib/com.facebook.orca-2/libfbjni.so 0x41fad6d8
D/dalvikvm(23845): Added shared lib /data/app-lib/com.facebook.orca-2/libfbjni.so 0x41fad6d8
D/dalvikvm(23845): Trying to load lib /data/app-lib/com.facebook.orca-2/libheartbleed.so 0x41fad6d8
D/dalvikvm(23845): Added shared lib /data/app-lib/com.facebook.orca-2/libheartbleed.so 0x41fad6d8
V/PhoneStatusBar( 1119): setLightsOn(true)
W/PaymentActivity(23350): Please add PayPalService.EXTRA_PAYPAL_CONFIGURATION to this activity for restart resiliency.
I/ActivityManager( 1025): START u0 {cmp=co.giftmeapp.gift_me/com.paypal.android.sdk.payments.PaymentMethodActivity (has extras)} from pid 23350
W/ContextImpl( 1295): Calling a method in the system process without a qualified user: android.app.ContextImpl.sendBroadcast:1252 android.content.ContextWrapper.sendBroadcast:365 com.motorola.motocare.util.TriggerHelper$TriggerBuilder.send:76 com.motorola.motocare.internal.frameworkevents.PauseResumeTrigger.handleFrameworkEvent:53 com.motorola.motocare.internal.frameworkevents.FwEventMonitor$FrameworkListener.processFrameworkEvent:114 
I/ActivityManager( 1025): Start proc com.viber.voip for service com.viber.voip/com.viber.service.VoipConnectorService: pid=23905 uid=10108 gids={50108, 3003, 1028, 1015, 3002, 3001}
W/ContextImpl( 1295): Calling a method in the system process without a qualified user: android.app.ContextImpl.sendBroadcast:1252 android.content.ContextWrapper.sendBroadcast:365 com.motorola.motocare.util.TriggerHelper$TriggerBuilder.send:76 com.motorola.motocare.internal.frameworkevents.PauseResumeTrigger.handleFrameworkEvent:53 com.motorola.motocare.internal.frameworkevents.FwEventMonitor$FrameworkListener.processFrameworkEvent:114 
I/ActivityManager( 1025): Process com.facebook.orca (pid 23845) has died.
W/ActivityManager( 1025): Scheduling restart of crashed service com.facebook.orca/com.facebook.push.mqtt.service.MqttPushService in 256000ms
I/ActivityManager( 1025): Process com.google.android.gms (pid 21548) has died.
W/ActivityManager( 1025): Scheduling restart of crashed service com.google.android.gms/.analytics.service.AnalyticsService in 1000ms
V/GAV3    ( 8968): Thread[main,5,main]: service disconnected: ComponentInfo{com.google.android.gms/com.google.android.gms.analytics.service.AnalyticsService}
V/GAV3    ( 8968): Thread[main,5,main]: Unexpected disconnect.
V/GAV3    ( 8968): Thread[main,5,main]: service disconnected: ComponentInfo{com.google.android.gms/com.google.android.gms.analytics.service.AnalyticsService}
V/GAV3    ( 8968): Thread[main,5,main]: Unexpected disconnect.
V/GAV3    ( 8968): Thread[main,5,main]: service disconnected: ComponentInfo{com.google.android.gms/com.google.android.gms.analytics.service.AnalyticsService}
V/GAV3    ( 8968): Thread[main,5,main]: Unexpected disconnect.
V/GAV3    ( 8968): Thread[main,5,main]: service disconnected: ComponentInfo{com.google.android.gms/com.google.android.gms.analytics.service.AnalyticsService}
V/GAV3    ( 8968): Thread[main,5,main]: Unexpected disconnect.
V/GAV3    ( 8968): Thread[main,5,main]: service disconnected: ComponentInfo{com.google.android.gms/com.google.android.gms.analytics.service.AnalyticsService}
V/GAV3    ( 8968): Thread[main,5,main]: Unexpected disconnect.
V/GAV3    ( 8968): Thread[main,5,main]: service disconnected: ComponentInfo{com.google.android.gms/com.google.android.gms.analytics.service.AnalyticsService}
V/GAV3    ( 8968): Thread[main,5,main]: Unexpected disconnect.
D/dalvikvm(23350): Trying to load lib /data/app-lib/co.giftmeapp.gift_me-1/libcardioDecider.so 0x41fa6170
V/PhoneStatusBar( 1119): setLightsOn(true)
D/dalvikvm(23350): Added shared lib /data/app-lib/co.giftmeapp.gift_me-1/libcardioDecider.so 0x41fa6170
D/dalvikvm(23350): Trying to load lib /data/app-lib/co.giftmeapp.gift_me-1/libopencv_core.so 0x41fa6170
W/linker  (23350): libopencv_core.so has text relocations. This is wasting memory and is a security risk. Please fix.
I/SFPerfTracer(  274):      triggers: (rate: 1130:449183) (342155 sw vsyncs) (1052784 skipped) (26:3348514 vsyncs) (28:4200073)
D/dalvikvm(23350): Added shared lib /data/app-lib/co.giftmeapp.gift_me-1/libopencv_core.so 0x41fa6170
D/dalvikvm(23350): No JNI_OnLoad found in /data/app-lib/co.giftmeapp.gift_me-1/libopencv_core.so 0x41fa6170, skipping init
D/dalvikvm(23350): Trying to load lib /data/app-lib/co.giftmeapp.gift_me-1/libopencv_imgproc.so 0x41fa6170
W/linker  (23350): libopencv_imgproc.so has text relocations. This is wasting memory and is a security risk. Please fix.
D/dalvikvm(27213): GC_CONCURRENT freed 2058K, 46% free 11130K/20348K, paused 3ms+7ms, total 64ms
D/dalvikvm(27213): WAIT_FOR_CONCURRENT_GC blocked 12ms
D/dalvikvm(23350): Added shared lib /data/app-lib/co.giftmeapp.gift_me-1/libopencv_imgproc.so 0x41fa6170
D/dalvikvm(23350): No JNI_OnLoad found in /data/app-lib/co.giftmeapp.gift_me-1/libopencv_imgproc.so 0x41fa6170, skipping init
D/dalvikvm(23350): Trying to load lib /data/app-lib/co.giftmeapp.gift_me-1/libcardioRecognizer.so 0x41fa6170
D/dalvikvm(23350): Added shared lib /data/app-lib/co.giftmeapp.gift_me-1/libcardioRecognizer.so 0x41fa6170
I/LaunchCheckinHandler( 1025): Displayed co.giftmeapp.gift_me/com.paypal.android.sdk.payments.PaymentMethodActivity,wp,ca,326
I/LaunchCheckinHandler( 1025): Displayed co.giftmeapp.gift_me/com.paypal.android.sdk.payments.PaymentActivity,wp,ca,644 (total)
I/ActivityManager( 1025): Displayed co.giftmeapp.gift_me/com.paypal.android.sdk.payments.PaymentMethodActivity: +326ms (total +644ms)
W/AppOps  ( 1025): Bad call: specified package qcamera under uid 1013 but it is really -1
W/AppOps  ( 1025): Bad call: specified package qcamera under uid 1013 but it is really -1
W/AppOps  ( 1025): Bad call: specified package qcamera under uid 1013 but it is really -1
W/AppOps  ( 1025): Bad call: specified package qcamera under uid 1013 but it is really -1
W/AppOps  ( 1025): Bad call: specified package qcamera under uid 1013 but it is really -1
W/AppOps  ( 1025): Bad call: specified package qcamera under uid 1013 but it is really -1
D/Logger  (23905): creating log dir /storage/emulated/0/viber/.logs/trace/
I/AwesomePlayer(  277): setDataSource_l(URL suppressed)
D/Logger  (23905): oldFilesNames :[]
D/Logger  (23905): main_4.clg deleted=false
D/Logger  (23905): main_3.clg renamedTo=false main_4.clg
D/Logger  (23905): main_2.clg renamedTo=false main_3.clg
D/Logger  (23905): main_1.clg renamedTo=false main_2.clg
D/Logger  (23905): main.clg renamedTo=false main_1.clg
D/QCUtils (  277): extended extractor not needed, return default
I/AwesomePlayer(  277): setDataSource_l(URL suppressed)
I/dalvikvm(23905): Could not find method android.os.PowerManager.isInteractive, referenced from method com.viber.voip.util.hf.b
W/dalvikvm(23905): VFY: unable to resolve virtual method 1673: Landroid/os/PowerManager;.isInteractive ()Z
D/dalvikvm(23905): VFY: replacing opcode 0x6e at 0x003c
D/QCUtils (  277): extended extractor not needed, return default
I/CameraClient(  277): Opening camera 0
D/QCameraStateMachine(  277): static void* qcamera::QCameraStateMachine::smEvtProcRoutine(void*): E
D/MotISP_GPU(  277): int MotISP_GPU::Init(int, int): GPU resolution: 1280x720
D/QCamera2HWI(  277): static void* qcamera::QCamera2HardwareInterface::defferedWorkRoutine(void*): start data proc
E/QCamera2HWI(  277): [KPI Perf] int qcamera::QCamera2HardwareInterface::openCamera(hw_device_t**): E PROFILE_OPEN_CAMERA camera id 0
I/QCameraHalWatchdog(  277): Starting Watchdog Thread...
E/mm-camera-intf(  277): mm_camera_open: dev name = /dev/video1, cam_idx = 1
I/Adreno-EGL(  277): <qeglDrvAPI_eglInitialize:410>: EGL 1.4 QUALCOMM build: AU_LINUX_ANDROID_LNX.LA.3.5.1_RB1.04.04.02.048.018_msm8226_LNX.LA.3.5.1_RB1__release_AU ()
I/Adreno-EGL(  277): OpenGL ES Shader Compiler Version: E031.24.00.08
I/Adreno-EGL(  277): Build Date: 03/07/14 Fri
I/Adreno-EGL(  277): Local Branch: 
I/Adreno-EGL(  277): Remote Branch: quic/LNX.LA.3.5.1_RB1.1
I/Adreno-EGL(  277): Local Patches: NONE
I/Adreno-EGL(  277): Reconstruct Branch: AU_LINUX_ANDROID_LNX.LA.3.5.1_RB1.04.04.02.048.018 + f2fd134 +  NOTHING
E/mm-camera-sensor(  422): module_sensor_start_session:658 session 1
E/mm-camera(  422): module_drsd_start_session:1189] E
E/mm-camera(  422): isp_tintless_open: E: b6d0cd81
E/hdr     (  422): Session id 0x1 started
E/mm-camera(  422): af_fdprio_process: Processing frame 0 cmd: 0
E/mm-camera(  422): is_module_start_session: Enter
E/mm-camera(  422): is_module_start_session: Exit successful
E/mm-camera(  422): is_module_get_port: Exit successful
E/mm-camera(  422): isp_tintless_get_version: lib returned version 3.61 err=0
I/SFPerfTracer(  274):      triggers: (rate: 1259:50136) (compose: 0:251) (post: 0:21) (render: 89:10638) (12:788943 frames) (13:3324797)
D/SFPerfTracer(  274):        layers: (5:11) (DimLayer: 0:158)* (DimLayer: 0:134)* (FocusedStackFrame: 0:22124)* (StatusBar: 0:266882) (NavigationBar: 0:204687) (DimLayer: 0:25566)* (DimLayer: 0:4856) (com.android.wallpaper.fall.FallWallpaper: 0:11902)* (co.giftmeapp.gift_me/co.giftmeapp.gift_me.GiftMe: 13:121) (co.giftmeapp.gift_me/com.paypal.android.sdk.payments.PaymentActivity: 0:26)* (co.giftmeapp.gift_me/com.paypal.android.sdk.payments.PaymentMethodActivity: 13:27) 
E/mm-camera(  422): c2d_module_start_session:238, info: starting session 1
E/mm-camera(  422): c2d_module_start_session:285, info: c2d_thread created.
E/mm-camera(  422): c2d_thread_func:41: c2d_thread entering the polling loop...
E/mm-camera(  422): c2d_module_start_session:307, info: session 1 started.
D/dalvikvm(23905): DexOpt: couldn't find field Landroid/app/Notification;.category
W/dalvikvm(23905): VFY: unable to resolve instance field 19
D/dalvikvm(23905): VFY: replacing opcode 0x5b at 0x001e
D/dalvikvm(23905): DexOpt: couldn't find field Landroid/app/Notification;.category
W/dalvikvm(23905): VFY: unable to resolve instance field 19
D/dalvikvm(23905): VFY: replacing opcode 0x5b at 0x0193
D/dalvikvm(23905): Trying to load lib /data/app-lib/com.viber.voip-2/libCrossUnblocker.so 0x41fab0e8
D/dalvikvm(23905): Added shared lib /data/app-lib/com.viber.voip-2/libCrossUnblocker.so 0x41fab0e8
D/WifiStateMachine( 1025): handleMessage: E msg.what=151572
D/WifiStateMachine( 1025): processMsg: ConnectedState
D/WifiStateMachine( 1025): processMsg: L2ConnectedState
D/WifiStateMachine( 1025): handleMessage: X
I/Crashlytics(23905): Initializing Crashlytics 1.1.11.10
D/dalvikvm(27213): GC_CONCURRENT freed 1657K, 44% free 11424K/20348K, paused 3ms+7ms, total 41ms
E/mm-camera-sensor(  422): sensor_write_lsc:268 using default or module LSC
E/mm-camera-sensor(  422): module_sensor_start_session:702 failed
E/mm-camera-sensor(  422): module_sensor_start_session:708 failed
E/mm-camera-intf(  277): mm_camera_open:  opened, break out while loop
D/QCamera2HWI(  277): int qcamera::QCamera2HardwareInterface::openCamera(): enable_4k2k is 0
E/qomx_image_core(  277): OMX_Init:94] Complete 2
E/QCameraHWI_Mem(  277): int qcamera::QCameraMemory::alloc(int, int, int) : No memory pool available
D/QCameraHWI_Mem(  277): static int qcamera::QCameraMemory::allocOneBuffer(qcamera::QCameraMemory::QCameraMemInfo&, int, int, bool) : ION buffer 0x1 with size 297192 allocated
E/QCameraHWI_Mem(  277): int qcamera::QCameraMemory::alloc(int, int, int) : No memory pool available
D/QCameraHWI_Mem(  277): static int qcamera::QCameraMemory::allocOneBuffer(qcamera::QCameraMemory::QCameraMemInfo&, int, int, bool) : ION buffer 0x1 with size 65544 allocated
D/QCameraParameters(  277): int32_t qcamera::QCameraParameters::initDefaultParameters(): supported preview sizes: 1280x720,864x480,800x480,768x432,720x480,640x480,576x432,480x320,384x288,352x288,320x240,240x160,176x144
D/QCameraParameters(  277): int32_t qcamera::QCameraParameters::initDefaultParameters(): supported video sizes: 1280x720,864x480,800x480,720x480,640x480,480x320,352x288,320x240,176x144
D/QCameraParameters(  277): int32_t qcamera::QCameraParameters::initDefaultParameters(): supported pic sizes: 2592x1944,2592x1456,2048x1536,1920x1080,1600x1200,1440x1080,1280x960,1280x768,1280x720,1024x768,800x600,800x480,720x480,640x480
I/QCameraParameters(  277): int32_t qcamera::QCameraParameters::initDefaultParameters(): supported live snapshot sizes: 1280x768,1280x720,1024x768,800x600,864x480,800x480,720x480,640x480,352x288,320x240,176x144
D/QCameraParameters(  277): int32_t qcamera::QCameraParameters::initDefaultParameters(): supported fps ranges: (15000,15000),(15000,30000)
E/QCameraParameters(  277): int32_t qcamera::QCameraParameters::setPreviewFpsRange(int, int): Setting preview fps range 15000,30000
D/QCameraParameters(  277): int32_t qcamera::QCameraParameters::initDefaultParameters(): supported fps rates: 15,16,17,18,19,20,21,22,23,24,25,26,27,28,29,30
D/QCameraParameters(  277): int32_t qcamera::QCameraParameters::setAEBracket(const char*), EXP_BRACKETING_OFF
D/QCameraParameters(  277): int32_t qcamera::QCameraParameters::initDefaultParameters(): Supported WNR:ON/OFF default:ON
D/QCameraParameters(  277): int32_t qcamera::QCameraParameters::initDefaultParameters(): Supported TINTLESS:ON/OFF default:ON
D/QCameraParameters(  277): int32_t qcamera::QCameraParameters::setNumOfSnapshot(): nBurstNum = 1, nExpnum = 1
E/Thermal-Lib(  277): Thermal-Lib-Client: thermal_client_register_callback: Client Registration failed
E/Thermal-Lib(  277): Thermal-Lib-Client: thermal_client_register_callback: Client Registration failed
I/QCameraHalWatchdog(  277): Stopped Watchdog Thread...
E/Thermal-Lib(  277): Thermal-Lib-Client: thermal_client_register_callback: Client Registration failed
E/Thermal-Lib(  277): Thermal-Lib-Client: thermal_client_register_callback: Client Registration failed
I/QCamera2HWI(  277): getParameters standard
I/QCameraHalWatchdog(  277): Starting Watchdog Thread...
E/QCamera2HWI(  277): [KPI Perf] static void qcamera::QCamera2HardwareInterface::stop_preview(camera_device*): E PROFILE_STOP_PREVIEW
D/QCameraStateMachine(  277): int32_t qcamera::QCameraStateMachine::procEvtPreviewStoppedState(qcamera::qcamera_sm_evt_enum_t, void*): already in preview stopped state, do nothing
D/QCamera2HWI(  277): [KPI Perf] static void qcamera::QCamera2HardwareInterface::stop_preview(camera_device*): X
I/QCameraHalWatchdog(  277): Stopped Watchdog Thread...
I/QCameraHalWatchdog(  277): Starting Watchdog Thread...
D/QCameraStateMachine(  277): int32_t qcamera::QCameraStateMachine::procEvtPreviewStoppedState(qcamera::qcamera_sm_evt_enum_t, void*): No ops for evt(20) in state(0)
I/QCameraHalWatchdog(  277): Stopped Watchdog Thread...
I/QCameraHalWatchdog(  277): Starting Watchdog Thread...
I/QCameraHalWatchdog(  277): Stopped Watchdog Thread...
I/CameraClient(  277): Destroying camera 0
I/QCameraHalWatchdog(  277): Starting Watchdog Thread...
D/QCamera2HWI(  277): [KPI Perf] static int qcamera::QCamera2HardwareInterface::close_camera_device(hw_device_t*): E
D/QCamera2HWI(  277): static void* qcamera::QCamera2HardwareInterface::defferedWorkRoutine(void*): stop data proc
E/qomx_image_core(  277): OMX_Deinit:118] Complete
E/QCameraPostProc(  277): int32_t qcamera::QCameraPostProcessor::deinit(): Jpeg closed, rc = 0, mJpegClientHandle = 28600
E/mm-camera(  422): mct_pipeline_get_stream: no children
E/mm-camera(  422): mct_pipeline_process_set:1824: Couldn't find stream
E/mm-camera-sensor(  422): module_sensor_stop_session:727 session 1
D/QCameraStateMachine(  277): static void* qcamera::QCameraStateMachine::smEvtProcRoutine(void*): X
E/mm-camera(  422): stats_module_stop_session: list =0xb7887258, remove port =0xb7886c00 name=stats_sink from module=0xb766da98, name=stats
E/mm-camera(  422): stats_module_stop_session: 1 port =0xb7886c00 name=stats_sink 
E/mm-camera(  422): stats_module_stop_session: 2 port =0xb7886c00 name=stats_sink 
D/QCamera2HWI(  277): [KPI Perf] static int qcamera::QCamera2HardwareInterface::close_camera_device(hw_device_t*): X
I/QCameraHalWatchdog(  277): Stopped Watchdog Thread...
E/mm-camera-CORE(  422): mot_af_deinit: E
E/hdr     (  422): Session id 0x1 stopped
E/mm-camera(  422): is_module_stop_session: Enter
E/mm-camera(  422): is_module_stop_session: Exit successful
E/mm-camera(  422): stats_module_stop_session: 3 port =0xb7886c00 name=stats_sink 
E/mm-camera(  422): c2d_module_stop_session:323, info: stopping session 1 ...
E/mm-camera(  422): c2d_thread_process_pipe_message:714, C2D_THREAD_MSG_ABORT: c2d_thread exiting..
E/mm-camera(  422): c2d_module_stop_session:365, info: session 1 stopped.
E/mm-camera-sensor(  422): Got some events
E/mm-camera-sensor(  422): sensor_thread_func:152 sensor_thread_func:Sensor thread is exiting
I/ActivityManager( 1025): Start proc com.google.android.gms for service com.google.android.gms/.analytics.service.AnalyticsService: pid=24662 uid=10022 gids={50022, 3003, 1007, 1028, 1015, 3002, 3001, 3007, 2001, 3006}
W/dalvikvm(24662): VFY: unable to resolve static field 658 (PR_SET_DUMPABLE) in Landroid/system/OsConstants;
D/dalvikvm(24662): VFY: replacing opcode 0x60 at 0x000b
I/MultiDex(24662): VM with version 1.6.0 does not have multidex support
I/MultiDex(24662): install
I/MultiDex(24662): MultiDexExtractor.load(/data/app/com.google.android.gms-1.apk, false)
I/MultiDex(24662): loading existing secondary dex files
I/MultiDex(24662): load found 3 secondary dex files
I/MultiDex(24662): install done
D/WifiStateMachine( 1025): handleMessage: E msg.what=151572
D/WifiStateMachine( 1025): processMsg: ConnectedState
D/WifiStateMachine( 1025): processMsg: L2ConnectedState
D/WifiStateMachine( 1025): handleMessage: X
D/dalvikvm( 1025): GC_EXPLICIT freed 1024K, 38% free 31356K/50444K, paused 5ms+20ms, total 200ms
I/ActivityManager( 1025): START u0 {cmp=co.giftmeapp.gift_me/com.paypal.android.sdk.payments.PaymentConfirmActivity (has extras)} from pid 23350
W/ContextImpl( 1295): Calling a method in the system process without a qualified user: android.app.ContextImpl.sendBroadcast:1252 android.content.ContextWrapper.sendBroadcast:365 com.motorola.motocare.util.TriggerHelper$TriggerBuilder.send:76 com.motorola.motocare.internal.frameworkevents.PauseResumeTrigger.handleFrameworkEvent:53 com.motorola.motocare.internal.frameworkevents.FwEventMonitor$FrameworkListener.processFrameworkEvent:114 
W/ContextImpl( 1295): Calling a method in the system process without a qualified user: android.app.ContextImpl.sendBroadcast:1252 android.content.ContextWrapper.sendBroadcast:365 com.motorola.motocare.util.TriggerHelper$TriggerBuilder.send:76 com.motorola.motocare.internal.frameworkevents.PauseResumeTrigger.handleFrameworkEvent:53 com.motorola.motocare.internal.frameworkevents.FwEventMonitor$FrameworkListener.processFrameworkEvent:114 
I/ProviderInstaller(24662): Insert disabled by gate 'gms:security:enable_conscrypt_in_gms_application'
D/GCM     (31010): GcmService start Intent { act=com.google.android.gms.INITIALIZE flg=0x10 pkg=com.google.android.gms cmp=com.google.android.gms/.gcm.GcmService } com.google.android.gms.INITIALIZE
D/dalvikvm(23350): GC_FOR_ALLOC freed 366K, 30% free 12327K/17548K, paused 24ms, total 25ms
I/dalvikvm-heap(23350): Grow heap (frag case) to 14.256MB for 193132-byte allocation
V/GAV3    ( 8968): Thread[main,5,main]: service connected, binder: android.os.BinderProxy@42043de0
V/GAV3    ( 8968): Thread[main,5,main]: bound to service
V/GAV3    ( 8968): Thread[main,5,main]: Connected to service
V/GAV3    ( 8968): Thread[main,5,main]: service connected, binder: android.os.BinderProxy@42043de0
V/GAV3    ( 8968): Thread[main,5,main]: bound to service
V/GAV3    ( 8968): Thread[main,5,main]: Connected to service
V/GAV3    ( 8968): Thread[main,5,main]: service connected, binder: android.os.BinderProxy@42043de0
V/GAV3    ( 8968): Thread[main,5,main]: bound to service
V/GAV3    ( 8968): Thread[main,5,main]: Connected to service
V/GAV3    ( 8968): Thread[main,5,main]: service connected, binder: android.os.BinderProxy@42043de0
V/GAV3    ( 8968): Thread[main,5,main]: bound to service
V/GAV3    ( 8968): Thread[main,5,main]: Connected to service
V/GAV3    ( 8968): Thread[main,5,main]: service connected, binder: android.os.BinderProxy@42043de0
V/GAV3    ( 8968): Thread[main,5,main]: bound to service
V/GAV3    ( 8968): Thread[main,5,main]: Connected to service
V/GAV3    ( 8968): Thread[main,5,main]: service connected, binder: android.os.BinderProxy@42043de0
V/GAV3    ( 8968): Thread[main,5,main]: bound to service
V/GAV3    ( 8968): Thread[main,5,main]: Connected to service
V/PhoneStatusBar( 1119): setLightsOn(true)
I/ActivityManager( 1025): START u0 {cmp=co.giftmeapp.gift_me/com.paypal.android.sdk.payments.LoginActivity (has extras)} from pid 23350
W/ContextImpl( 1295): Calling a method in the system process without a qualified user: android.app.ContextImpl.sendBroadcast:1252 android.content.ContextWrapper.sendBroadcast:365 com.motorola.motocare.util.TriggerHelper$TriggerBuilder.send:76 com.motorola.motocare.internal.frameworkevents.PauseResumeTrigger.handleFrameworkEvent:53 com.motorola.motocare.internal.frameworkevents.FwEventMonitor$FrameworkListener.processFrameworkEvent:114 
D/AuthorizationBluetoothService(31010): Received GmsCore event: Intent { act=com.google.android.gms.INITIALIZE flg=0x10 pkg=com.google.android.gms cmp=com.google.android.gms/.auth.be.proximity.authorization.bt.AuthorizationBluetoothService$AutoStarter }.
E/AuthorizationBluetoothService(31010): Proximity feature is not enabled.
V/GmsCoreStatsServiceLauncher(24662): Received broadcast intent Intent { act=com.google.android.gms.INITIALIZE flg=0x10 pkg=com.google.android.gms cmp=com.google.android.gms/.common.stats.GmsCoreStatsServiceLauncher }
W/ContextImpl( 1295): Calling a method in the system process without a qualified user: android.app.ContextImpl.sendBroadcast:1252 android.content.ContextWrapper.sendBroadcast:365 com.motorola.motocare.util.TriggerHelper$TriggerBuilder.send:76 com.motorola.motocare.internal.frameworkevents.PauseResumeTrigger.handleFrameworkEvent:53 com.motorola.motocare.internal.frameworkevents.FwEventMonitor$FrameworkListener.processFrameworkEvent:114 
E/MDM     (31342): [421079] b.run: Couldn't connect to Google API client: ConnectionResult{statusCode=API_UNAVAILABLE, resolution=null}
D/dalvikvm(23350): GC_FOR_ALLOC freed 221K, 29% free 12656K/17740K, paused 26ms, total 26ms
I/dalvikvm-heap(23350): Grow heap (frag case) to 14.578MB for 193132-byte allocation
D/LocationInitializer(24662): Restart initialization of location
D/dalvikvm(27213): GC_EXPLICIT freed 1332K, 44% free 11522K/20348K, paused 2ms+6ms, total 43ms
V/PhoneStatusBar( 1119): setLightsOn(true)
I/ActivityManager( 1025): Start proc com.google.android.inputmethod.latin for service com.google.android.inputmethod.latin/com.android.inputmethod.latin.spellcheck.AndroidSpellCheckerService: pid=25030 uid=10074 gids={50074, 3003, 1028, 1015}
I/LaunchCheckinHandler( 1025): Displayed co.giftmeapp.gift_me/com.paypal.android.sdk.payments.LoginActivity,wp,ca,302
I/LaunchCheckinHandler( 1025): Displayed co.giftmeapp.gift_me/com.paypal.android.sdk.payments.PaymentConfirmActivity,wp,ca,587 (total)
I/ActivityManager( 1025): Displayed co.giftmeapp.gift_me/com.paypal.android.sdk.payments.LoginActivity: +302ms (total +587ms)
D/dalvikvm(27213): GC_EXPLICIT freed 844K, 44% free 11424K/20348K, paused 10ms+6ms, total 55ms
I/Adreno-EGL(20316): <qeglDrvAPI_eglInitialize:410>: EGL 1.4 QUALCOMM build: AU_LINUX_ANDROID_LNX.LA.3.5.1_RB1.04.04.02.048.018_msm8226_LNX.LA.3.5.1_RB1__release_AU ()
I/Adreno-EGL(20316): OpenGL ES Shader Compiler Version: E031.24.00.08
I/Adreno-EGL(20316): Build Date: 03/07/14 Fri
I/Adreno-EGL(20316): Local Branch: 
I/Adreno-EGL(20316): Remote Branch: quic/LNX.LA.3.5.1_RB1.1
I/Adreno-EGL(20316): Local Patches: NONE
I/Adreno-EGL(20316): Reconstruct Branch: AU_LINUX_ANDROID_LNX.LA.3.5.1_RB1.04.04.02.048.018 + f2fd134 +  NOTHING
D/dalvikvm(20316): GC_CONCURRENT freed 1945K, 30% free 12223K/17228K, paused 7ms+8ms, total 57ms
D/WifiStateMachine( 1025): handleMessage: E msg.what=151572
D/WifiStateMachine( 1025): processMsg: ConnectedState
D/WifiStateMachine( 1025): processMsg: L2ConnectedState
D/WifiStateMachine( 1025): handleMessage: X
D/WifiStateMachine( 1025): handleMessage: E msg.what=131155
D/WifiStateMachine( 1025): processMsg: ConnectedState
D/WifiStateMachine( 1025): processMsg: L2ConnectedState
D/WifiStateMachine( 1025): handleMessage: X
I/ActivityManager( 1025): Process com.facebook.katana (pid 23287) has died.
D/WifiService( 1025): Client connection lost with reason: 4
W/ActivityManager( 1025): Scheduling restart of crashed service com.facebook.katana/com.facebook.push.mqtt.service.MqttPushService in 65536000ms
D/dalvikvm(27213): GC_EXPLICIT freed 726K, 44% free 11429K/20348K, paused 4ms+5ms, total 50ms
D/dalvikvm(20316): GC_FOR_ALLOC freed 46K, 30% free 12196K/17228K, paused 42ms, total 42ms
I/dalvikvm-heap(20316): Grow heap (frag case) to 15.353MB for 1477456-byte allocation
I/SFPerfTracer(  274):      triggers: (rate: 1130:449183) (342155 sw vsyncs) (1052784 skipped) (26:3348608 vsyncs) (28:4200182)
D/WifiStateMachine( 1025): handleMessage: E msg.what=151572
D/WifiStateMachine( 1025): processMsg: ConnectedState
D/WifiStateMachine( 1025): processMsg: L2ConnectedState
D/WifiStateMachine( 1025): handleMessage: X
D/Ulp_jni ( 1025): Location CB invoked
I/SFPerfTracer(  274):      triggers: (rate: 1259:50137) (compose: 0:251) (post: 0:21) (render: 89:10638) (16:789012 frames) (17:3324906)
D/SFPerfTracer(  274):        layers: (5:14) (DimLayer: 0:158)* (DimLayer: 0:134)* (FocusedStackFrame: 0:22131)* (StatusBar: 0:266884) (NavigationBar: 0:204688) (DimLayer: 0:25566)* (DimLayer: 0:4859)* (com.android.wallpaper.fall.FallWallpaper: 0:11902)* (co.giftmeapp.gift_me/co.giftmeapp.gift_me.GiftMe: 0:124)* (co.giftmeapp.gift_me/com.paypal.android.sdk.payments.PaymentMethodActivity: 0:71)* (co.giftmeapp.gift_me/com.paypal.android.sdk.payments.PaymentConfirmActivity: 0:21)* (co.giftmeapp.gift_me/com.paypal.android.sdk.payments.LoginActivity: 17:68) (SurfaceView: 0:17) (InputMethod: 0:24) 
D/WifiStateMachine( 1025): handleMessage: E msg.what=151572
D/WifiStateMachine( 1025): processMsg: ConnectedState
D/WifiStateMachine( 1025): processMsg: L2ConnectedState
D/WifiStateMachine( 1025): handleMessage: X
V/GAV3    ( 8968): Thread[Service Reconnect,5,main]: connecting to Analytics service
V/GAV3    ( 8968): Thread[main,5,main]: service connected, binder: android.os.BinderProxy@42043de0
V/GAV3    ( 8968): Thread[main,5,main]: bound to service
V/GAV3    ( 8968): Thread[Service Reconnect,5,main]: connect: bindService returned true for Intent { act=com.google.android.gms.analytics.service.START cmp=com.google.android.gms/.analytics.service.AnalyticsService (has extras) }
V/GAV3    ( 8968): Thread[main,5,main]: Connected to service
W/ContextImpl(23044): Implicit intents with startService are not safe: Intent { act=com.google.android.gms.analytics.service.START (has extras) } android.content.ContextWrapper.bindService:517 com.google.analytics.tracking.android.AnalyticsGmsCoreClient.b:82 com.google.analytics.tracking.android.GAServiceProxy.j:279 
D/WifiStateMachine( 1025): handleMessage: E msg.what=151572
D/WifiStateMachine( 1025): processMsg: ConnectedState
D/WifiStateMachine( 1025): processMsg: L2ConnectedState
D/WifiStateMachine( 1025): handleMessage: X
D/WifiStateMachine( 1025): handleMessage: E msg.what=131155
D/WifiStateMachine( 1025): processMsg: ConnectedState
D/WifiStateMachine( 1025): processMsg: L2ConnectedState
D/WifiStateMachine( 1025): handleMessage: X
V/AlarmManager( 1025): sending alarm Alarm{42d508e8 type 2 com.facebook.katana}
V/AlarmManager( 1025): sending alarm Alarm{42d54548 type 2 com.facebook.orca}
V/AlarmManager( 1025): sending alarm Alarm{42d4ca38 type 0 com.android.vending}
I/ActivityManager( 1025): Start proc com.android.vending for service com.android.vending/com.google.android.finsky.services.ContentSyncService: pid=25412 uid=10039 gids={50039, 3003, 1028, 1015}
D/Finsky  (25412): [1] FinskyApp.onCreate: Initializing network with DFE https://android.clients.google.com/fdfe/
D/Finsky  (25412): [1] DailyHygiene.goMakeHygieneIfDirty: No need to run daily hygiene.
W/Settings(25412): Setting download_manager_max_bytes_over_mobile has moved from android.provider.Settings.Secure to android.provider.Settings.Global.
W/Settings(25412): Setting download_manager_recommended_max_bytes_over_mobile has moved from android.provider.Settings.Secure to android.provider.Settings.Global.
I/dalvikvm(25412): Could not find method com.google.android.play.layout.PlayCardViewBase.setTransitionName, referenced from method com.google.android.finsky.utils.PlayCardUtils.bindCard
W/dalvikvm(25412): VFY: unable to resolve virtual method 42705: Lcom/google/android/play/layout/PlayCardViewBase;.setTransitionName (Ljava/lang/String;)V
D/dalvikvm(25412): VFY: replacing opcode 0x6e at 0x00d9
I/dalvikvm(25412): Could not find method com.google.android.play.layout.PlayCardViewBase.setTransitionGroup, referenced from method com.google.android.finsky.utils.PlayCardUtils.bindCard
W/dalvikvm(25412): VFY: unable to resolve virtual method 42704: Lcom/google/android/play/layout/PlayCardViewBase;.setTransitionGroup (Z)V
D/dalvikvm(25412): VFY: replacing opcode 0x6e at 0x0246
I/dalvikvm(25412): Could not find method android.view.View.getTransitionName, referenced from method com.google.android.finsky.navigationmanager.NavigationManager.showPage
W/dalvikvm(25412): VFY: unable to resolve virtual method 9352: Landroid/view/View;.getTransitionName ()Ljava/lang/String;
D/dalvikvm(25412): VFY: replacing opcode 0x6e at 0x001a
D/Finsky  (25412): [1] 2.run: Loaded library for account: [gKXbJhL8NA2nPUzZyFpjB6tKi7U]
D/Finsky  (25412): [1] 2.run: Finished loading 1 libraries.
D/Finsky  (25412): [1] GmsCoreHelper.cleanupNlp: result=false type=4
I/dalvikvm(25412): Total arena pages for JIT: 11
I/dalvikvm(25412): Total arena pages for JIT: 12
I/dalvikvm(25412): Total arena pages for JIT: 13
I/dalvikvm(25412): Total arena pages for JIT: 14
D/Finsky  (25412): [1] RestoreTracker.stopServiceIfDone: Restore complete with 0 success and 0 failed.
D/WifiStateMachine( 1025): handleMessage: E msg.what=151572
D/WifiStateMachine( 1025): processMsg: ConnectedState
D/WifiStateMachine( 1025): processMsg: L2ConnectedState
D/WifiStateMachine( 1025): handleMessage: X
D/Finsky  (25412): [1] 5.onFinished: Installation state replication succeeded.
D/WifiStateMachine( 1025): handleMessage: E msg.what=151572
D/WifiStateMachine( 1025): processMsg: ConnectedState
D/WifiStateMachine( 1025): processMsg: L2ConnectedState
D/WifiStateMachine( 1025): handleMessage: X
I/ActivityManager( 1025): Process com.android.vending (pid 25412) has died.
D/dalvikvm(20316): GC_CONCURRENT freed 465K, 27% free 13706K/18668K, paused 6ms+5ms, total 40ms
D/WifiStateMachine( 1025): handleMessage: E msg.what=151572
D/WifiStateMachine( 1025): processMsg: ConnectedState
D/WifiStateMachine( 1025): processMsg: L2ConnectedState
D/WifiStateMachine( 1025): handleMessage: X
D/WifiStateMachine( 1025): handleMessage: E msg.what=131155
D/WifiStateMachine( 1025): processMsg: ConnectedState
D/WifiStateMachine( 1025): processMsg: L2ConnectedState
D/WifiStateMachine( 1025): handleMessage: X
I/SFPerfTracer(  274):      triggers: (rate: 1130:449183) (342155 sw vsyncs) (1052784 skipped) (4:3348673 vsyncs) (6:4200283)
D/WifiStateMachine( 1025): handleMessage: E msg.what=151572
D/WifiStateMachine( 1025): processMsg: ConnectedState
D/WifiStateMachine( 1025): processMsg: L2ConnectedState
D/WifiStateMachine( 1025): handleMessage: X
D/WifiStateMachine( 1025): handleMessage: E msg.what=151572
D/WifiStateMachine( 1025): processMsg: ConnectedState
D/WifiStateMachine( 1025): processMsg: L2ConnectedState
D/WifiStateMachine( 1025): handleMessage: X
D/WifiStateMachine( 1025): handleMessage: E msg.what=151572
D/WifiStateMachine( 1025): processMsg: ConnectedState
D/WifiStateMachine( 1025): processMsg: L2ConnectedState
D/WifiStateMachine( 1025): handleMessage: X
D/WifiStateMachine( 1025): handleMessage: E msg.what=131155
D/WifiStateMachine( 1025): processMsg: ConnectedState
D/WifiStateMachine( 1025): processMsg: L2ConnectedState
D/WifiStateMachine( 1025): handleMessage: X
D/WifiStateMachine( 1025): handleMessage: E msg.what=151572
D/WifiStateMachine( 1025): processMsg: ConnectedState
D/WifiStateMachine( 1025): processMsg: L2ConnectedState
D/WifiStateMachine( 1025): handleMessage: X
D/WifiStateMachine( 1025): handleMessage: E msg.what=151572
D/WifiStateMachine( 1025): processMsg: ConnectedState
D/WifiStateMachine( 1025): processMsg: L2ConnectedState
D/WifiStateMachine( 1025): handleMessage: X
D/Ulp_jni ( 1025): Location CB invoked
D/WifiStateMachine( 1025): handleMessage: E msg.what=151572
D/WifiStateMachine( 1025): processMsg: ConnectedState
D/WifiStateMachine( 1025): processMsg: L2ConnectedState
D/WifiStateMachine( 1025): handleMessage: X
D/WifiStateMachine( 1025): handleMessage: E msg.what=131155
D/WifiStateMachine( 1025): processMsg: ConnectedState
D/WifiStateMachine( 1025): processMsg: L2ConnectedState
D/WifiStateMachine( 1025): handleMessage: X
I/SFPerfTracer(  274):      triggers: (rate: 1130:449183) (342155 sw vsyncs) (1052784 skipped) (17:3348747 vsyncs) (19:4200392)
D/WifiStateMachine( 1025): handleMessage: E msg.what=151572
D/WifiStateMachine( 1025): processMsg: ConnectedState
D/WifiStateMachine( 1025): processMsg: L2ConnectedState
D/WifiStateMachine( 1025): handleMessage: X
D/KInfoc  (13976): clear batch timer
D/KInfoc  (13976): set batch timer
D/KInfoc  (13976):  BATCH REPORTER STARTED ........
D/WifiStateMachine( 1025): handleMessage: E msg.what=151572
D/WifiStateMachine( 1025): processMsg: ConnectedState
D/WifiStateMachine( 1025): processMsg: L2ConnectedState
D/WifiStateMachine( 1025): handleMessage: X
D/WifiStateMachine( 1025): handleMessage: E msg.what=151572
D/WifiStateMachine( 1025): processMsg: ConnectedState
D/WifiStateMachine( 1025): processMsg: L2ConnectedState
D/WifiStateMachine( 1025): handleMessage: X
D/WifiStateMachine( 1025): handleMessage: E msg.what=131155
D/WifiStateMachine( 1025): processMsg: ConnectedState
D/WifiStateMachine( 1025): processMsg: L2ConnectedState
D/WifiStateMachine( 1025): handleMessage: X
I/SFPerfTracer(  274):      triggers: (rate: 1259:50139) (compose: 0:251) (post: 0:21) (render: 89:10638) (2:789027 frames) (3:3325007)
D/SFPerfTracer(  274):        layers: (5:20) (DimLayer: 0:158)* (DimLayer: 0:134)* (FocusedStackFrame: 0:22131)* (StatusBar: 0:266891) (NavigationBar: 0:204688) (DimLayer: 0:25566)* (DimLayer: 0:4859)* (com.android.wallpaper.fall.FallWallpaper: 0:11902)* (co.giftmeapp.gift_me/com.paypal.android.sdk.payments.LoginActivity: 0:113) (SurfaceView: 0:17) (InputMethod: 1:49) (PopupWindow:424c0b98: 0:3)* (PopupWindow:424c0b98: 0:3)* (PopupWindow:424c0b98: 0:4)* (PopupWindow:424c0b98: 0:3)* (PopupWindow:424c0b98: 0:4)* (PopupWindow:424c0b98: 0:4)* (PopupWindow:424c0b98: 0:3)* (PopupWindow:424c0b98: 0:4)* (PopupWindow:424c0b98: 3:3)* 
D/WifiStateMachine( 1025): handleMessage: E msg.what=151572
D/WifiStateMachine( 1025): processMsg: ConnectedState
D/WifiStateMachine( 1025): processMsg: L2ConnectedState
D/WifiStateMachine( 1025): handleMessage: X
D/WifiStateMachine( 1025): handleMessage: E msg.what=151572
D/WifiStateMachine( 1025): processMsg: ConnectedState
D/WifiStateMachine( 1025): processMsg: L2ConnectedState
D/WifiStateMachine( 1025): handleMessage: X
W/IInputConnectionWrapper(23350): getExtractedText on inactive InputConnection
W/IInputConnectionWrapper(23350): getTextBeforeCursor on inactive InputConnection
W/IInputConnectionWrapper(23350): getSelectedText on inactive InputConnection
W/IInputConnectionWrapper(23350): getTextAfterCursor on inactive InputConnection
E/bo      (20316): onStartInput event aborted: com.touchtype.keyboard.c.ag: could not obtain extracted text (class com.touchtype.keyboard.c.ag)
W/IInputConnectionWrapper(23350): getExtractedText on inactive InputConnection
W/IInputConnectionWrapper(23350): getTextBeforeCursor on inactive InputConnection
W/IInputConnectionWrapper(23350): getSelectedText on inactive InputConnection
W/IInputConnectionWrapper(23350): getTextAfterCursor on inactive InputConnection
E/bo      (20316): onStartInputView event aborted: com.touchtype.keyboard.c.ag: Could not create reset composing text event (class com.touchtype.keyboard.c.ag)
W/IInputConnectionWrapper(23350): getExtractedText on inactive InputConnection
W/IInputConnectionWrapper(23350): getTextBeforeCursor on inactive InputConnection
W/IInputConnectionWrapper(23350): getSelectedText on inactive InputConnection
W/IInputConnectionWrapper(23350): getTextAfterCursor on inactive InputConnection
E/bo      (20316): selectionUpdated event aborted: com.touchtype.keyboard.c.ag: Could not create selection changed event (class com.touchtype.keyboard.c.ag)
W/ContextImpl( 1295): Calling a method in the system process without a qualified user: android.app.ContextImpl.sendBroadcast:1252 android.content.ContextWrapper.sendBroadcast:365 com.motorola.motocare.util.TriggerHelper$TriggerBuilder.send:76 com.motorola.motocare.internal.frameworkevents.PauseResumeTrigger.handleFrameworkEvent:53 com.motorola.motocare.internal.frameworkevents.FwEventMonitor$FrameworkListener.processFrameworkEvent:114 
W/ContextImpl( 1295): Calling a method in the system process without a qualified user: android.app.ContextImpl.sendBroadcast:1252 android.content.ContextWrapper.sendBroadcast:365 com.motorola.motocare.util.TriggerHelper$TriggerBuilder.send:76 com.motorola.motocare.internal.frameworkevents.PauseResumeTrigger.handleFrameworkEvent:53 com.motorola.motocare.internal.frameworkevents.FwEventMonitor$FrameworkListener.processFrameworkEvent:114 
V/PhoneStatusBar( 1119): setLightsOn(true)
D/WifiStateMachine( 1025): handleMessage: E msg.what=151572
D/WifiStateMachine( 1025): processMsg: ConnectedState
D/WifiStateMachine( 1025): processMsg: L2ConnectedState
D/WifiStateMachine( 1025): handleMessage: X
D/WifiStateMachine( 1025): handleMessage: E msg.what=131155
D/WifiStateMachine( 1025): processMsg: ConnectedState
D/WifiStateMachine( 1025): processMsg: L2ConnectedState
D/WifiStateMachine( 1025): handleMessage: X
I/SFPerfTracer(  274):      triggers: (rate: 1130:449183) (342155 sw vsyncs) (1052784 skipped) (28:3348826 vsyncs) (30:4200506)
W/IInputConnectionWrapper(23350): finishComposingText on inactive InputConnection
D/dalvikvm(23350): GC_CONCURRENT freed 1380K, 27% free 13199K/17932K, paused 4ms+9ms, total 60ms
D/WifiStateMachine( 1025): handleMessage: E msg.what=151572
D/WifiStateMachine( 1025): processMsg: ConnectedState
D/WifiStateMachine( 1025): processMsg: L2ConnectedState
D/WifiStateMachine( 1025): handleMessage: X
I/SFPerfTracer(  274):      triggers: (rate: 1259:50139) (compose: 0:251) (post: 0:21) (render: 89:10638) (0:789069 frames) (1:3325107)
D/SFPerfTracer(  274):        layers: (3:15) (DimLayer: 0:158)* (DimLayer: 0:134)* (FocusedStackFrame: 0:22136)* (StatusBar: 0:266892) (NavigationBar: 0:204689) (DimLayer: 0:25597)* (DimLayer: 0:4859)* (com.android.wallpaper.fall.FallWallpaper: 0:11902)* (co.giftmeapp.gift_me/com.paypal.android.sdk.payments.LoginActivity: 0:167)* (SurfaceView: 0:17)* (InputMethod: 0:62)* (PopupWindow:424c0b98: 0:4)* (Authenticating: 0:59)* (co.giftmeapp.gift_me/com.paypal.android.sdk.payments.PaymentConfirmActivity: 1:10) (Processing: 0:37)* 
D/WifiStateMachine( 1025): handleMessage: E msg.what=151572
D/WifiStateMachine( 1025): processMsg: ConnectedState
D/WifiStateMachine( 1025): processMsg: L2ConnectedState
D/WifiStateMachine( 1025): handleMessage: X
W/ContextImpl( 1295): Calling a method in the system process without a qualified user: android.app.ContextImpl.sendBroadcast:1252 android.content.ContextWrapper.sendBroadcast:365 com.motorola.motocare.util.TriggerHelper$TriggerBuilder.send:76 com.motorola.motocare.internal.frameworkevents.PauseResumeTrigger.handleFrameworkEvent:53 com.motorola.motocare.internal.frameworkevents.FwEventMonitor$FrameworkListener.processFrameworkEvent:114 
W/ContextImpl( 1295): Calling a method in the system process without a qualified user: android.app.ContextImpl.sendBroadcast:1252 android.content.ContextWrapper.sendBroadcast:365 com.motorola.motocare.util.TriggerHelper$TriggerBuilder.send:76 com.motorola.motocare.internal.frameworkevents.PauseResumeTrigger.handleFrameworkEvent:53 com.motorola.motocare.internal.frameworkevents.FwEventMonitor$FrameworkListener.processFrameworkEvent:114 
W/ContextImpl( 1295): Calling a method in the system process without a qualified user: android.app.ContextImpl.sendBroadcast:1252 android.content.ContextWrapper.sendBroadcast:365 com.motorola.motocare.util.TriggerHelper$TriggerBuilder.send:76 com.motorola.motocare.internal.frameworkevents.PauseResumeTrigger.handleFrameworkEvent:53 com.motorola.motocare.internal.frameworkevents.FwEventMonitor$FrameworkListener.processFrameworkEvent:114 
W/ContextImpl( 1295): Calling a method in the system process without a qualified user: android.app.ContextImpl.sendBroadcast:1252 android.content.ContextWrapper.sendBroadcast:365 com.motorola.motocare.util.TriggerHelper$TriggerBuilder.send:76 com.motorola.motocare.internal.frameworkevents.PauseResumeTrigger.handleFrameworkEvent:53 com.motorola.motocare.internal.frameworkevents.FwEventMonitor$FrameworkListener.processFrameworkEvent:114 
W/ContextImpl( 1295): Calling a method in the system process without a qualified user: android.app.ContextImpl.sendBroadcast:1252 android.content.ContextWrapper.sendBroadcast:365 com.motorola.motocare.util.TriggerHelper$TriggerBuilder.send:76 com.motorola.motocare.internal.frameworkevents.PauseResumeTrigger.handleFrameworkEvent:53 com.motorola.motocare.internal.frameworkevents.FwEventMonitor$FrameworkListener.processFrameworkEvent:114 
W/ContextImpl( 1295): Calling a method in the system process without a qualified user: android.app.ContextImpl.sendBroadcast:1252 android.content.ContextWrapper.sendBroadcast:365 com.motorola.motocare.util.TriggerHelper$TriggerBuilder.send:76 com.motorola.motocare.internal.frameworkevents.PauseResumeTrigger.handleFrameworkEvent:53 com.motorola.motocare.internal.frameworkevents.FwEventMonitor$FrameworkListener.processFrameworkEvent:114 
D/CordovaActivity(23350): Incoming Result. Request code = 1
D/CordovaActivity(23350): We have a callback to send this result to
D/CordovaActivity(23350): Resuming the App
V/PhoneStatusBar( 1119): setLightsOn(true)
D/CordovaLog(23350): file:///android_asset/www/js/paypal_giftme.js: Line 13 : payment success: {
D/CordovaLog(23350):     "response": {
D/CordovaLog(23350):         "state": "approved",
D/CordovaLog(23350):         "id": "PAY-6PU626847B294842SKPEWXHY",
D/CordovaLog(23350):         "create_time": "2014-07-18T18:46:55Z",
D/CordovaLog(23350):         "intent": "sale"
D/CordovaLog(23350):     },
D/CordovaLog(23350):     "client": {
D/CordovaLog(23350):         "platform": "Android",
D/CordovaLog(23350):         "paypal_sdk_version": "2.8.8",
D/CordovaLog(23350):         "product_name": "PayPal-Android-SDK",
D/CordovaLog(23350):         "environment": "mock"
D/CordovaLog(23350):     },
D/CordovaLog(23350):     "response_type": "payment"
D/CordovaLog(23350): }
I/chromium(23350): [INFO:CONSOLE(13)] "payment success: {
I/chromium(23350):     "response": {
I/chromium(23350):         "state": "approved",
I/chromium(23350):         "id": "PAY-6PU626847B294842SKPEWXHY",
I/chromium(23350):         "create_time": "2014-07-18T18:46:55Z",
I/chromium(23350):         "intent": "sale"
I/chromium(23350):     },
I/chromium(23350):     "client": {
I/chromium(23350):         "platform": "Android",
I/chromium(23350):         "paypal_sdk_version": "2.8.8",
I/chromium(23350):         "product_name": "PayPal-Android-SDK",
I/chromium(23350):         "environment": "mock"
I/chromium(23350):     },
I/chromium(23350):     "response_type": "payment"
I/chromium(23350): }", source: file:///android_asset/www/js/paypal_giftme.js (13)
I/ActivityManager( 1025): Start proc com.facebook.katana for content provider com.facebook.katana/.provider.AttributionIdProvider: pid=25577 uid=10110 gids={50110, 1028, 1015, 3003}
I/OMXNodeInstance(  277): OMX_FreeBuffer for buffer header 0xb8ecd358 successful
I/OMXNodeInstance(  277): OMX_FreeBuffer for buffer header 0xb8ecd2a0 successful
I/OMXNodeInstance(  277): OMX_FreeBuffer for buffer header 0xb8ff23a0 successful
I/OMXNodeInstance(  277): OMX_FreeBuffer for buffer header 0xb8f77830 successful
I/OMXNodeInstance(  277): OMX_FreeBuffer for buffer header 0xb8f361a8 successful
I/OMXNodeInstance(  277): OMX_FreeBuffer for buffer header 0xb8f36080 successful
I/OMXNodeInstance(  277): OMX_FreeBuffer for buffer header 0xb8f35f40 successful
I/OMXNodeInstance(  277): OMX_FreeBuffer for buffer header 0xb8ecd4e0 successful
W/libutils.threads(  277): Thread (this=0xb8ff6cd0): don't call join() from this Thread object's thread. It's a guaranteed deadlock!
I/OMXNodeInstance(  277): OMX_FreeBuffer for buffer header 0xb8f72ec8 successful
I/OMXNodeInstance(  277): OMX_FreeBuffer for buffer header 0xb8f72e10 successful
I/OMXNodeInstance(  277): OMX_FreeBuffer for buffer header 0xb8f72d40 successful
I/OMXNodeInstance(  277): OMX_FreeBuffer for buffer header 0xb8edf320 successful
I/OMXNodeInstance(  277): OMX_FreeBuffer for buffer header 0xb8e85c18 successful
I/OMXNodeInstance(  277): OMX_FreeBuffer for buffer header 0xb8e85af0 successful
I/OMXNodeInstance(  277): OMX_FreeBuffer for buffer header 0xb8e859b0 successful
I/OMXNodeInstance(  277): OMX_FreeBuffer for buffer header 0xb8e857a0 successful
D/WifiStateMachine( 1025): handleMessage: E msg.what=151572
D/WifiStateMachine( 1025): processMsg: ConnectedState
D/WifiStateMachine( 1025): processMsg: L2ConnectedState
D/WifiStateMachine( 1025): handleMessage: X
D/WifiStateMachine( 1025): handleMessage: E msg.what=131155
D/WifiStateMachine( 1025): processMsg: ConnectedState
D/WifiStateMachine( 1025): processMsg: L2ConnectedState
D/WifiStateMachine( 1025): handleMessage: X
I/ActivityManager( 1025): Process com.google.android.inputmethod.latin (pid 25030) has died.
W/dalvikvm(25577): VFY: unable to resolve static field 29078 (a) in Lcom/facebook/katana/app/WorkAppTypes;
D/dalvikvm(25577): VFY: replacing opcode 0x62 at 0x0013
W/dalvikvm(25577): VFY: unable to resolve static field 29079 (b) in Lcom/facebook/katana/app/WorkAppTypes;
D/dalvikvm(25577): VFY: replacing opcode 0x62 at 0x001d
E/dalvikvm(25577): Could not find class 'com.facebook.katana.app.WallpaperFacebookApplicationImpl', referenced from method com.facebook.katana.app.FacebookApplication.a
W/dalvikvm(25577): VFY: unable to resolve new-instance 379 (Lcom/facebook/katana/app/WallpaperFacebookApplicationImpl;) in Lcom/facebook/katana/app/FacebookApplication;
D/dalvikvm(25577): VFY: replacing opcode 0x22 at 0x00a9
D/dalvikvm(25577): DexOpt: unable to opt direct call 0x055f at 0xab in Lcom/facebook/katana/app/FacebookApplication;.a
D/Ulp_jni ( 1025): Location CB invoked
D/CatchMeIfYouCan(25577): Process (<default>) ca: '/data/user/0/com.facebook.katana/app_cmiyc/A1657CCD543F12E66E587EE52ED9D802E22AAC4701'
D/CatchMeIfYouCan(25577): Process (<default>) fc: '/data/user/0/com.facebook.katana/app_cmiyc/A1657CCD543F12E66E587EE52ED9D802E22AAC4702'
D/CatchMeIfYouCan(25577): Process (<default>) cp: '('default', 3, 120000, silent [true], restart [false], logout [false])'
D/ACRA    (25577): ACRA is enabled for com.facebook.katana, intializing...
D/ACRA    (25577): Looking for error files in /data/user/0/com.facebook.katana/app_acra-reports
D/ACRA    (25577): Looking for error files in /data/user/0/com.facebook.katana/app_minidumps
D/dalvikvm(25577): Trying to load lib /data/app-lib/com.facebook.katana-1/libgnustl_shared.so 0x41fb9928
D/dalvikvm(25577): Added shared lib /data/app-lib/com.facebook.katana-1/libgnustl_shared.so 0x41fb9928
D/dalvikvm(25577): No JNI_OnLoad found in /data/app-lib/com.facebook.katana-1/libgnustl_shared.so 0x41fb9928, skipping init
D/dalvikvm(25577): Trying to load lib /data/app-lib/com.facebook.katana-1/libfb_breakpad_client.so 0x41fb9928
D/dalvikvm(25577): Added shared lib /data/app-lib/com.facebook.katana-1/libfb_breakpad_client.so 0x41fb9928
D/dalvikvm(25577): Trying to load lib /data/app-lib/com.facebook.katana-1/libfb_dalvik-internals.so 0x41fb9928
D/dalvikvm(25577): Added shared lib /data/app-lib/com.facebook.katana-1/libfb_dalvik-internals.so 0x41fb9928
V/DexLibLoader(25577): about to lock: /data/user/0/com.facebook.katana/mdex_lock
V/DexLibLoader(25577): locking /data/user/0/com.facebook.katana/mdex_lock took 0 ms
