I/chromium(14936): [INFO:library_loader_hooks.cc(116)] Chromium logging enabled: level = 0, default verbosity = 0
I/BrowserStartupController(14936): Initializing chromium process, renderers=0
E/AudioManagerAndroid(14936): BLUETOOTH permission is missing!
I/Adreno-EGL(14936): <qeglDrvAPI_eglInitialize:410>: EGL 1.4 QUALCOMM build: AU_LINUX_ANDROID_LNX.LA.3.5.1_RB1.04.04.02.048.018_msm8226_LNX.LA.3.5.1_RB1__release_AU ()
I/Adreno-EGL(14936): OpenGL ES Shader Compiler Version: E031.24.00.08
I/Adreno-EGL(14936): Build Date: 03/07/14 Fri
I/Adreno-EGL(14936): Local Branch: 
I/Adreno-EGL(14936): Remote Branch: quic/LNX.LA.3.5.1_RB1.1
I/Adreno-EGL(14936): Local Patches: NONE
I/Adreno-EGL(14936): Reconstruct Branch: AU_LINUX_ANDROID_LNX.LA.3.5.1_RB1.04.04.02.048.018 + f2fd134 +  NOTHING
W/chromium(14936): [WARNING:proxy_service.cc(890)] PAC support disabled because there is no system implementation
D/CordovaActivity(14936): CordovaActivity.createViews()
W/dalvikvm(14936): VFY: unable to find class referenced in signature (Landroid/webkit/ClientCertRequest;)
W/dalvikvm(14936): VFY: unable to find class referenced in signature (Landroid/webkit/ClientCertRequest;)
I/dalvikvm(14936): Could not find method android.webkit.WebViewClient.onReceivedClientCertRequest, referenced from method org.apache.cordova.CordovaWebViewClient.onReceivedClientCertRequest
W/dalvikvm(14936): VFY: unable to resolve virtual method 6462: Landroid/webkit/WebViewClient;.onReceivedClientCertRequest (Landroid/webkit/WebView;Landroid/webkit/ClientCertRequest;)V
D/dalvikvm(14936): VFY: replacing opcode 0x6f at 0x001c
I/dalvikvm(14936): Could not find method android.webkit.WebChromeClient$FileChooserParams.createIntent, referenced from method org.apache.cordova.CordovaChromeClient.onShowFileChooser
W/dalvikvm(14936): VFY: unable to resolve virtual method 6406: Landroid/webkit/WebChromeClient$FileChooserParams;.createIntent ()Landroid/content/Intent;
D/dalvikvm(14936): VFY: replacing opcode 0x6e at 0x0000
D/PluginManager(14936): init()
D/Ulp_jni ( 1025): Location CB invoked
D/CordovaWebView(14936): CordovaWebView is running on device made by: motorola
D/CordovaWebView(14936): >>> loadUrl(file:///android_asset/www/index.html)
D/CordovaWebView(14936): >>> loadUrlNow()
D/CordovaActivity(14936): Resuming the App
W/SyncWapiModule(14918): isPlayServicesEnabled=
D/AudioManagerAndroid(14936): ==> onReceive: s=0, m=1, n=h2w, sb=true
D/AudioManagerAndroid(14936): reportUpdate: state=0, devices=[Speakerphone, Headset earpiece]
W/SyncWapiModule(14918): isPlayServicesEnabled=
D/SoftKeyboardDetect(14936): Ignore this event
D/OpenGLRenderer(14936): Enabling debug mode 0
W/GAV2    (14918): Thread[main,5,main]: Need to call initialize() and be in fallback mode to start dispatch.
I/ActivityManager( 1025): Start proc com.motorola.MotGallery2 for broadcast com.motorola.MotGallery2/com.android.gallery3d.app.PackagesMonitor: pid=15003 uid=10034 gids={50034, 3003, 1028, 1015}
I/ActivityManager( 1025): Process com.mobisystems.ubreader_west (pid 20011) has died.
W/ActivityManager( 1025): Scheduling restart of crashed service com.mobisystems.ubreader_west/com.mobisystems.ubreader.launcher.service.NetworkService in 1000ms
I/LaunchCheckinHandler( 1025): Displayed co.giftmeapp.gift_me/.GiftMe,cp,ca,766
I/ActivityManager( 1025): Displayed co.giftmeapp.gift_me/.GiftMe: +766ms
D/SoftKeyboardDetect(14936): Ignore this event
I/ActivityManager( 1025): Start proc com.google.android.googlequicksearchbox:search for broadcast com.google.android.googlequicksearchbox/com.google.android.search.core.icingsync.IcingCorporaChangedReceiver: pid=15021 uid=10045 gids={50045, 3003, 3001, 1028, 3002, 1015}
F/ProcessStats( 1025): Starting service ServiceState{43399718 com.paypal.android.p2pmobile.services.AtoService pkg=com.paypal.android.p2pmobile proc=43399718} without owner
I/SFPerfTracer(  274):      triggers: (rate: 1290:51210) (compose: 0:259) (post: 0:21) (render: 91:10727) (0:809474 frames) (1:3390487)
D/SFPerfTracer(  274):        layers: (4:12) (DimLayer: 0:158)* (DimLayer: 0:146)* (FocusedStackFrame: 1:22678)* (StatusBar: 0:272291) (NavigationBar: 0:210213) (DimLayer: 0:26155)* (DimLayer: 0:5000) (com.android.wallpaper.fall.FallWallpaper: 0:5169)* (com.google.android.gm/com.google.android.gm.ConversationListActivityGmail: 0:51)* (com.android.packageinstaller/com.android.packageinstaller.InstallAppProgress: 0:196)* (Starting co.giftmeapp.gift_me: 1:25) (co.giftmeapp.gift_me/co.giftmeapp.gift_me.GiftMe: 1:16)* 
D/dalvikvm(  275): GC_EXPLICIT freed 44K, 48% free 9011K/17224K, paused 2ms+2ms, total 24ms
D/dalvikvm(  275): GC_EXPLICIT freed <1K, 48% free 9011K/17224K, paused 2ms+3ms, total 20ms
F/ProcessStats( 1025): Starting service ServiceState{43231e48 com.paypal.android.p2pmobile.services.WalletService pkg=com.paypal.android.p2pmobile proc=43231e48} without owner
F/ProcessStats( 1025): Starting service ServiceState{422b0fe8 com.mobisystems.ubreader.launcher.service.NetworkService pkg=com.mobisystems.ubreader_west proc=422b0fe8} without owner
D/dalvikvm(  275): GC_EXPLICIT freed <1K, 48% free 9011K/17224K, paused 1ms+3ms, total 19ms
F/ProcessStats( 1025): Starting service ServiceState{42a4cec0 com.facebook.push.mqtt.service.MqttPushService pkg=com.facebook.katana proc=42a4cec0} without owner
F/ProcessStats( 1025): Starting service ServiceState{428fdff0 com.facebook.push.mqtt.service.MqttPushService pkg=com.facebook.orca proc=428fdff0} without owner
E/rsC++   (14723): RS Message thread exiting.
I/ActivityManager( 1025): Process com.android.defcontainer (pid 14774) has died.
F/ProcessStats( 1025): Starting service ServiceState{43399718 com.paypal.android.p2pmobile.services.AtoService pkg=com.paypal.android.p2pmobile proc=43399718} without owner
F/ProcessStats( 1025): Starting service ServiceState{43231e48 com.paypal.android.p2pmobile.services.WalletService pkg=com.paypal.android.p2pmobile proc=43231e48} without owner
F/ProcessStats( 1025): Starting service ServiceState{422b0fe8 com.mobisystems.ubreader.launcher.service.NetworkService pkg=com.mobisystems.ubreader_west proc=422b0fe8} without owner
F/ProcessStats( 1025): Starting service ServiceState{42a4cec0 com.facebook.push.mqtt.service.MqttPushService pkg=com.facebook.katana proc=42a4cec0} without owner
F/ProcessStats( 1025): Starting service ServiceState{428fdff0 com.facebook.push.mqtt.service.MqttPushService pkg=com.facebook.orca proc=428fdff0} without owner
F/ProcessStats( 1025): Starting service ServiceState{43399718 com.paypal.android.p2pmobile.services.AtoService pkg=com.paypal.android.p2pmobile proc=43399718} without owner
F/ProcessStats( 1025): Starting service ServiceState{43231e48 com.paypal.android.p2pmobile.services.WalletService pkg=com.paypal.android.p2pmobile proc=43231e48} without owner
F/ProcessStats( 1025): Starting service ServiceState{422b0fe8 com.mobisystems.ubreader.launcher.service.NetworkService pkg=com.mobisystems.ubreader_west proc=422b0fe8} without owner
F/ProcessStats( 1025): Starting service ServiceState{42a4cec0 com.facebook.push.mqtt.service.MqttPushService pkg=com.facebook.katana proc=42a4cec0} without owner
F/ProcessStats( 1025): Starting service ServiceState{428fdff0 com.facebook.push.mqtt.service.MqttPushService pkg=com.facebook.orca proc=428fdff0} without owner
I/ActivityManager( 1025): Process com.android.vending (pid 14873) has died.
F/ProcessStats( 1025): Starting service ServiceState{43399718 com.paypal.android.p2pmobile.services.AtoService pkg=com.paypal.android.p2pmobile proc=43399718} without owner
F/ProcessStats( 1025): Starting service ServiceState{43231e48 com.paypal.android.p2pmobile.services.WalletService pkg=com.paypal.android.p2pmobile proc=43231e48} without owner
F/ProcessStats( 1025): Starting service ServiceState{422b0fe8 com.mobisystems.ubreader.launcher.service.NetworkService pkg=com.mobisystems.ubreader_west proc=422b0fe8} without owner
F/ProcessStats( 1025): Starting service ServiceState{42a4cec0 com.facebook.push.mqtt.service.MqttPushService pkg=com.facebook.katana proc=42a4cec0} without owner
F/ProcessStats( 1025): Starting service ServiceState{428fdff0 com.facebook.push.mqtt.service.MqttPushService pkg=com.facebook.orca proc=428fdff0} without owner
D/WifiStateMachine( 1025): handleMessage: E msg.what=151572
D/WifiStateMachine( 1025): processMsg: ConnectedState
D/WifiStateMachine( 1025): processMsg: L2ConnectedState
D/CordovaWebViewClient(14936): onPageStarted(file:///android_asset/www/index.html)
D/CordovaActivity(14936): onMessage(onPageStarted,file:///android_asset/www/index.html)
I/ActivityManager( 1025): Process com.android.keychain (pid 14852) has died.
D/WifiStateMachine( 1025): handleMessage: X
I/ActivityManager( 1025): Start proc com.evernote for broadcast com.evernote/.util.WidgetTracker: pid=15035 uid=10134 gids={50134, 3003, 1028, 1015}
W/GAV2    (14918): Thread[main,5,main]: dispatch call queued.  Need to call GAServiceManager.getInstance().initialize().
F/ProcessStats( 1025): Starting service ServiceState{43399718 com.paypal.android.p2pmobile.services.AtoService pkg=com.paypal.android.p2pmobile proc=43399718} without owner
F/ProcessStats( 1025): Starting service ServiceState{43231e48 com.paypal.android.p2pmobile.services.WalletService pkg=com.paypal.android.p2pmobile proc=43231e48} without owner
F/ProcessStats( 1025): Starting service ServiceState{422b0fe8 com.mobisystems.ubreader.launcher.service.NetworkService pkg=com.mobisystems.ubreader_west proc=422b0fe8} without owner
F/ProcessStats( 1025): Starting service ServiceState{42a4cec0 com.facebook.push.mqtt.service.MqttPushService pkg=com.facebook.katana proc=42a4cec0} without owner
F/ProcessStats( 1025): Starting service ServiceState{428fdff0 com.facebook.push.mqtt.service.MqttPushService pkg=com.facebook.orca proc=428fdff0} without owner
I/ActivityManager( 1025): Process com.google.android.apps.docs (pid 14918) has died.
F/ProcessStats( 1025): Starting service ServiceState{43399718 com.paypal.android.p2pmobile.services.AtoService pkg=com.paypal.android.p2pmobile proc=43399718} without owner
F/ProcessStats( 1025): Starting service ServiceState{43231e48 com.paypal.android.p2pmobile.services.WalletService pkg=com.paypal.android.p2pmobile proc=43231e48} without owner
I/MultiDex(15035): VM with version 1.6.0 does not have multidex support
I/MultiDex(15035): install
F/ProcessStats( 1025): Starting service ServiceState{422b0fe8 com.mobisystems.ubreader.launcher.service.NetworkService pkg=com.mobisystems.ubreader_west proc=422b0fe8} without owner
I/MultiDex(15035): MultiDexExtractor.load(/data/app/com.evernote-1.apk, false)
F/ProcessStats( 1025): Starting service ServiceState{42a4cec0 com.facebook.push.mqtt.service.MqttPushService pkg=com.facebook.katana proc=42a4cec0} without owner
F/ProcessStats( 1025): Starting service ServiceState{428fdff0 com.facebook.push.mqtt.service.MqttPushService pkg=com.facebook.orca proc=428fdff0} without owner
I/MultiDex(15035): loading existing secondary dex files
I/MultiDex(15035): load found 0 secondary dex files
I/MultiDex(15035): install done
D/JsMessageQueue(14936): Set native->JS mode to OnlineEventsBridgeMode
D/EN      (15035): MemoryMapAppender.ctor()
D/EN      (15035): MemoryMapAppender.ctor-end()
D/EN      (15035): [EvernoteProvider] - Provider+++++onCreate()
D/EN      (15035): [d] - AccountManager()::userIds=102703026
D/EN      (15035): [b] - creating new AccountInfo()::userId102703026
I/ActivityManager( 1025): Start proc com.mobisystems.ubreader_west for service com.mobisystems.ubreader_west/com.mobisystems.ubreader.launcher.service.NetworkService: pid=15066 uid=10117 gids={50117, 3003, 1028, 1015}
I/MDMCTBK (  273): NetlinkHandler, power_supply subsys
I/MDMCTBK (  273): NetlinkHandler, usbChargerStateChanged
I/MDMCTBK (  273): checkDefaultInst, current pid is = 273
I/MDMCTBK (  273): checkDefaultInst, pid match
I/MDMCTBK (  273): MdmCutbackHndler,readFromFile = /sys/class/power_supply/usb/online
I/MDMCTBK (  273): MdmCutbackHndler,readFromFile = 
E/MDMCTBK (  273): MdmCutbackHndler,Could not open ''
D/EN      (15035): [d] - AccountManager()::adding account::102703026::timcallagy
D/EN      (15035): [d] - AccountManager()::count=1
D/EN      (15035): [d] - initialized:
D/EN      (15035): [a] - getInstance()::
D/EN      (15035): [al] - Register SD Card Receiver ++++++++++++++++++++
D/EN      (15035): [al] - checkForRecentUnmount() end
D/EN      (15035): [a] - locale is set=en_GB
D/EN      (15035): [a] - isDBONSDcard()=true
I/EN      (15035): [al] - getSDCardStatus()::mounted::noStorageText=null
D/EN      (15035): [a] - isDBFileChanged()::lastFilePath in pref=/data/data/com.evernote/files/user-102703026/.external-1428259012787-Evernote.db
E/EN      (15035): [a] - isDBFileChanged()::+++++++++lastFilePath exists/data/data/com.evernote/files/user-102703026/.external-1428259012787-Evernote.db
D/EN      (15035): [a] - getInstance()::DBFile NOT Changed
D/EN      (15035): [a] - isDBONSDcard()=true
D/EN      (15035): [a] - moveToSDcard()::start::Evernote.DB_ON_SDCARD=true
D/EN      (15035): [a] - isDBONSDcard()=true
E/EN      (15035): [a] - isLastDBFileOnSDCard()::+++++++++++lastFilePath exists/data/data/com.evernote/files/user-102703026/.external-1428259012787-Evernote.db
D/EN      (15035): [a] - isDBONSDcard()=true
D/EN      (15035): [a] - getDBfilePath()::++++++++++++++++lastFilePath from preferences/data/data/com.evernote/files/user-102703026/.external-1428259012787-Evernote.db
E/EN      (15035): [a] - getDBfilePath()::++++++++++++++++lastFilePath exists/data/data/com.evernote/files/user-102703026/.external-1428259012787-Evernote.db
D/EN      (15035): [EvernoteProvider] - cleanupOldThumbnailsIfNeeded()
I/ReleaseProperties(15035): Current app is: evernote
I/MDMCTBK (  273): NetlinkHandler, power_supply subsys
I/MDMCTBK (  273): NetlinkHandler, usbChargerStateChanged
I/MDMCTBK (  273): checkDefaultInst, current pid is = 273
I/MDMCTBK (  273): checkDefaultInst, pid match
I/MDMCTBK (  273): MdmCutbackHndler,readFromFile = /sys/class/power_supply/usb/online
I/MDMCTBK (  273): MdmCutbackHndler,readFromFile = 
E/MDMCTBK (  273): MdmCutbackHndler,Could not open ''
I/ReleaseProperties(15035): propFile: release is now loaded
I/ReleaseProperties(15035): propFile: play is now loaded
I/ReleaseProperties(15035): propFile: base is now loaded
D/WifiService( 1025): acquireWifiLockLocked: WifiLock{NlpWifiLock type=2 binder=android.os.BinderProxy@43e12570}
I/ReleaseProperties(15035): propFile: override is now loaded
D/MarketUtils(15035): isPackageInstalled() - com.android.vending is installed
D/MarketUtils(15035): isPackageInstalled() - com.android.vending is installed
D/ReleaseProperties(15035): getReferralPersistencePath():: old=false:: path=/storage/emulated/0/.enref
D/MarketUtils(15035): isPackageInstalled() - com.android.vending is installed
D/MarketUtils(15035): isPackageInstalled() - com.android.vending is installed
I/ReleaseProperties(15035): ReleaseProperties: 
I/ReleaseProperties(15035):   bundleName=google-play
I/ReleaseProperties(15035):   revision=AM_702_524
I/ReleaseProperties(15035):   type=public
I/ReleaseProperties(15035):   gitHash=313f54a11431af98d659728265b72cfcf9ec527e
I/ReleaseProperties(15035):   baseSearchUri=market://search?q=
D/MarketUtils(15035): isPackageInstalled() - com.android.vending is installed
D/MarketUtils(15035): isPackageInstalled() - com.android.vending is installed
I/ReleaseProperties(15035): From file referralCode=android
D/EN      (15035): [a] - isDBONSDcard()=true
D/EN      (15035): [Evernote] - VERSION_CODE: 1070243
D/MarketUtils(15035): isPackageInstalled() - com.android.vending is installed
D/MarketUtils(15035): isPackageInstalled() - com.android.vending is installed
I/dalvikvm(15035): Could not find method android.content.pm.PackageManager.getActivityBanner, referenced from method com.evernote.d.b.getActivityBanner
W/dalvikvm(15035): VFY: unable to resolve virtual method 793: Landroid/content/pm/PackageManager;.getActivityBanner (Landroid/content/ComponentName;)Landroid/graphics/drawable/Drawable;
D/dalvikvm(15035): VFY: replacing opcode 0x6e at 0x0002
I/dalvikvm(15035): Could not find method android.content.pm.PackageManager.getActivityBanner, referenced from method com.evernote.d.b.getActivityBanner
W/dalvikvm(15035): VFY: unable to resolve virtual method 794: Landroid/content/pm/PackageManager;.getActivityBanner (Landroid/content/Intent;)Landroid/graphics/drawable/Drawable;
D/dalvikvm(15035): VFY: replacing opcode 0x6e at 0x0002
I/dalvikvm(15035): Could not find method android.content.pm.PackageManager.getApplicationBanner, referenced from method com.evernote.d.b.getApplicationBanner
W/dalvikvm(15035): VFY: unable to resolve virtual method 801: Landroid/content/pm/PackageManager;.getApplicationBanner (Landroid/content/pm/ApplicationInfo;)Landroid/graphics/drawable/Drawable;
D/dalvikvm(15035): VFY: replacing opcode 0x6e at 0x0002
I/dalvikvm(15035): Could not find method android.content.pm.PackageManager.getApplicationBanner, referenced from method com.evernote.d.b.getApplicationBanner
W/dalvikvm(15035): VFY: unable to resolve virtual method 802: Landroid/content/pm/PackageManager;.getApplicationBanner (Ljava/lang/String;)Landroid/graphics/drawable/Drawable;
D/dalvikvm(15035): VFY: replacing opcode 0x6e at 0x0002
I/dalvikvm(15035): Could not find method android.content.pm.PackageManager.getLeanbackLaunchIntentForPackage, referenced from method com.evernote.d.b.getLeanbackLaunchIntentForPackage
W/dalvikvm(15035): VFY: unable to resolve virtual method 818: Landroid/content/pm/PackageManager;.getLeanbackLaunchIntentForPackage (Ljava/lang/String;)Landroid/content/Intent;
D/dalvikvm(15035): VFY: replacing opcode 0x6e at 0x0002
I/dalvikvm(15035): Could not find method android.content.pm.PackageManager.getPackageInstaller, referenced from method com.evernote.d.b.getPackageInstaller
W/dalvikvm(15035): VFY: unable to resolve virtual method 823: Landroid/content/pm/PackageManager;.getPackageInstaller ()Landroid/content/pm/PackageInstaller;
D/dalvikvm(15035): VFY: replacing opcode 0x6e at 0x0002
I/dalvikvm(15035): Could not find method android.content.pm.PackageManager.getUserBadgedDrawableForDensity, referenced from method com.evernote.d.b.getUserBadgedDrawableForDensity
W/dalvikvm(15035): VFY: unable to resolve virtual method 839: Landroid/content/pm/PackageManager;.getUserBadgedDrawableForDensity (Landroid/graphics/drawable/Drawable;Landroid/os/UserHandle;Landroid/graphics/Rect;I)Landroid/graphics/drawable/Drawable;
D/dalvikvm(15035): VFY: replacing opcode 0x6e at 0x0002
I/dalvikvm(15035): Could not find method android.content.pm.PackageManager.getUserBadgedIcon, referenced from method com.evernote.d.b.getUserBadgedIcon
W/dalvikvm(15035): VFY: unable to resolve virtual method 840: Landroid/content/pm/PackageManager;.getUserBadgedIcon (Landroid/graphics/drawable/Drawable;Landroid/os/UserHandle;)Landroid/graphics/drawable/Drawable;
D/dalvikvm(15035): VFY: replacing opcode 0x6e at 0x0002
I/dalvikvm(15035): Could not find method android.content.pm.PackageManager.getUserBadgedLabel, referenced from method com.evernote.d.b.getUserBadgedLabel
W/dalvikvm(15035): VFY: unable to resolve virtual method 841: Landroid/content/pm/PackageManager;.getUserBadgedLabel (Ljava/lang/CharSequence;Landroid/os/UserHandle;)Ljava/lang/CharSequence;
D/dalvikvm(15035): VFY: replacing opcode 0x6e at 0x0002
I/Crashlytics(15035): Initializing Crashlytics 1.1.8.10
D/CordovaLog(14936): https://js.stripe.com/v2/: Line 2 : You are using Stripe.js in live mode over an insecure connection. This is considered unsafe. Please conduct live requests only on sites served over https. For more info, see https://stripe.com/help/ssl
I/chromium(14936): [INFO:CONSOLE(2)] "You are using Stripe.js in live mode over an insecure connection. This is considered unsafe. Please conduct live requests only on sites served over https. For more info, see https://stripe.com/help/ssl", source: https://js.stripe.com/v2/ (2)
I/App     (14936): WARNING: Back Button Default Behavior will be overridden.  The backbutton event will be fired!
D/CordovaLog(14936): file:///android_asset/www/js/app.js: Line 24 : Service initialized
I/chromium(14936): [INFO:CONSOLE(24)] "Service initialized", source: file:///android_asset/www/js/app.js (24)
D/CordovaLog(14936): file:///android_asset/www/js/app.js: Line 197 : facebookConnectPlugin not ready
I/chromium(14936): [INFO:CONSOLE(197)] "facebookConnectPlugin not ready", source: file:///android_asset/www/js/app.js (197)
I/SFPerfTracer(  274):      triggers: (rate: 1154:453046) (353457 sw vsyncs) (1069282 skipped) (5:3428767 vsyncs) (7:4300984)
D/CordovaActivity(14936): onMessage(spinner,stop)
D/CordovaLog(14936): file:///android_asset/www/js/paypal_giftme.js: Line 4 : GIFTME - paypal init
I/chromium(14936): [INFO:CONSOLE(4)] "GIFTME - paypal init", source: file:///android_asset/www/js/paypal_giftme.js (4)
D/CordovaLog(14936): file:///android_asset/www/js/app.js: Line 208 : Uncaught ReferenceError: StatusBar is not defined
I/chromium(14936): [INFO:CONSOLE(208)] "Uncaught ReferenceError: StatusBar is not defined", source: file:///android_asset/www/js/app.js (208)
D/CordovaLog(14936): file:///android_asset/www/js/paypal_giftme.js: Line 86 : GIFTME - Preparing to Render
I/chromium(14936): [INFO:CONSOLE(86)] "GIFTME - Preparing to Render", source: file:///android_asset/www/js/paypal_giftme.js (86)
D/CordovaLog(14936): file:///android_asset/www/js/paypal_giftme.js: Line 65 : GIFTME - config
I/chromium(14936): [INFO:CONSOLE(65)] "GIFTME - config", source: file:///android_asset/www/js/paypal_giftme.js (65)
D/CordovaLog(14936): file:///android_asset/www/js/paypal_giftme.js: Line 71 : GIFTME - on prepare render
I/chromium(14936): [INFO:CONSOLE(71)] "GIFTME - on prepare render", source: file:///android_asset/www/js/paypal_giftme.js (71)
W/paypal.sdk(14936): PayPalService created. PayPalSDK/PayPal-Android-SDK 2.8.8 (Android 4.4.4; motorola XT1039; )
D/WifiService( 1025): releaseWifiLockLocked: WifiLock{NlpWifiLock type=2 binder=android.os.BinderProxy@43e12570}
I/dalvikvm(14936): Could not find method com.google.android.gms.common.GooglePlayServicesUtil.isGooglePlayServicesAvailable, referenced from method com.paypal.android.sdk.bA.a
W/dalvikvm(14936): VFY: unable to resolve static method 9706: Lcom/google/android/gms/common/GooglePlayServicesUtil;.isGooglePlayServicesAvailable (Landroid/content/Context;)I
D/dalvikvm(14936): VFY: replacing opcode 0x71 at 0x0006
D/WifiStateMachine( 1025): handleMessage: E msg.what=151572
D/WifiStateMachine( 1025): processMsg: ConnectedState
D/WifiStateMachine( 1025): processMsg: L2ConnectedState
D/WifiStateMachine( 1025): handleMessage: X
D/WifiStateMachine( 1025): handleMessage: E msg.what=131155
D/WifiStateMachine( 1025): processMsg: ConnectedState
D/WifiStateMachine( 1025): processMsg: L2ConnectedState
D/WifiStateMachine( 1025): handleMessage: X
I/ActivityManager( 1025): Process com.motorola.MotGallery2 (pid 15003) has died.
D/CordovaLog(14936): file:///android_asset/www/cordova.js: Line 305 : Error in Success callbackId: PayPalMobile1818505200 : TypeError: Cannot set property 'onclick' of null
I/chromium(14936): [INFO:CONSOLE(305)] "Error in Success callbackId: PayPalMobile1818505200 : TypeError: Cannot set property 'onclick' of null", source: file:///android_asset/www/cordova.js (305)
D/CordovaLog(14936): file:///android_asset/www/cordova.js: Line 1075 : processMessage failed: Error: TypeError: Cannot set property 'onclick' of null
I/chromium(14936): [INFO:CONSOLE(1075)] "processMessage failed: Error: TypeError: Cannot set property 'onclick' of null", source: file:///android_asset/www/cordova.js (1075)
D/CordovaLog(14936): file:///android_asset/www/cordova.js: Line 1076 : processMessage failed: Stack: TypeError: Cannot set property 'onclick' of null
D/CordovaLog(14936):     at ppApp.onPrepareRender (file:///android_asset/www/js/paypal_giftme.js:79:27)
D/CordovaLog(14936):     at Object.cordova.callbackFromNative (file:///android_asset/www/cordova.js:286:58)
D/CordovaLog(14936):     at processMessage (file:///android_asset/www/cordova.js:1070:21)
D/CordovaLog(14936):     at androidExec.processMessages (file:///android_asset/www/cordova.js:1107:13)
I/chromium(14936): [INFO:CONSOLE(1076)] "processMessage failed: Stack: TypeError: Cannot set property 'onclick' of null
I/chromium(14936):     at ppApp.onPrepareRender (file:///android_asset/www/js/paypal_giftme.js:79:27)
I/chromium(14936):     at Object.cordova.callbackFromNative (file:///android_asset/www/cordova.js:286:58)
I/chromium(14936):     at processMessage (file:///android_asset/www/cordova.js:1070:21)
I/chromium(14936):     at androidExec.processMessages (file:///android_asset/www/cordova.js:1107:13)", source: file:///android_asset/www/cordova.js (1076)
D/CordovaLog(14936): file:///android_asset/www/cordova.js: Line 1077 : processMessage failed: Message: S01 PayPalMobile1818505200 sOK
I/chromium(14936): [INFO:CONSOLE(1077)] "processMessage failed: Message: S01 PayPalMobile1818505200 sOK", source: file:///android_asset/www/cordova.js (1077)
D/CordovaWebViewClient(14936): onPageFinished(file:///android_asset/www/index.html)
D/CordovaActivity(14936): onMessage(onPageFinished,file:///android_asset/www/index.html)
I/ActivityManager( 1025): Process com.android.packageinstaller (pid 14723) has died.
D/ConnectPlugin(14936): onSessionStateChange:OPENED
D/ConnectPlugin(14936): onSessionStateChange:OPENED
D/MarketUtils(15035): isPackageInstalled() - com.android.vending is installed
D/HockeyApp(15035): Looking for exceptions in: /data/data/com.evernote/files
D/HockeyApp(15035): Current handler class = com.evernote.k
D/EN      (15035): [ee] - registered crash manager
D/EN      (15035): [c] - onApplicationStart()
D/EN      (15035): [c] - onApplicationStart() -- loader thread
D/EN      (15035): [c] - pushUserIDToDataLayer(), pushing user-id ending in 6
D/MarketUtils(15035): isPackageInstalled() - com.android.vending is installed
D/MarketUtils(15035): isPackageInstalled() - com.android.vending is installed
I/ActivityManager( 1025): Start proc com.evernote.widget for broadcast com.evernote.widget/.WidgetStateReceiver: pid=15123 uid=10135 gids={50135, 3003, 1028, 1015}
D/EN      (15035): [c] - 	loading saved values from internal storage
I/ReleaseProperties(15123): Current app is: evernoteWidget
I/ReleaseProperties(15123): propFile: release is now loaded
I/ReleaseProperties(15123): propFile: play is now loaded
I/ReleaseProperties(15123): propFile: base is now loaded
I/ReleaseProperties(15123): propFile: override is now loaded
I/ActivityManager( 1025): Process com.google.android.googlequicksearchbox:search (pid 15021) has died.
I/ReleaseProperties(15123): ReleaseProperties: 
I/ReleaseProperties(15123):   bundleName=none
I/ReleaseProperties(15123):   revision=unknown
I/ReleaseProperties(15123):   type=development
I/ReleaseProperties(15123):   gitHash=?
I/ReleaseProperties(15123):   baseSearchUri=market://search?q=
D/ReleaseProperties(15123): getReferralPersistencePath():: old=false:: path=/storage/emulated/0/.enref
I/ReleaseProperties(15123): From file referralCode=android
I/ActivityManager( 1025): Start proc com.facebook.katana:dash for broadcast com.facebook.katana/com.facebook.dash.receivers.DashPackageUninstallReceiver: pid=15141 uid=10110 gids={50110, 1028, 1015, 3003}
D/dalvikvm(14936): GC_CONCURRENT freed 5491K, 33% free 11613K/17224K, paused 4ms+12ms, total 59ms
I/ActivityManager( 1025): Process com.evernote (pid 15035) has died.
I/ActivityManager( 1025): Process com.evernote.widget (pid 15123) has died.
D/WifiStateMachine( 1025): handleMessage: E msg.what=151572
D/WifiStateMachine( 1025): processMsg: ConnectedState
D/WifiStateMachine( 1025): processMsg: L2ConnectedState
D/WifiStateMachine( 1025): handleMessage: X
W/dalvikvm(15141): VFY: unable to resolve static field 29078 (a) in Lcom/facebook/katana/app/WorkAppTypes;
D/dalvikvm(15141): VFY: replacing opcode 0x62 at 0x0013
W/dalvikvm(15141): VFY: unable to resolve static field 29079 (b) in Lcom/facebook/katana/app/WorkAppTypes;
D/dalvikvm(15141): VFY: replacing opcode 0x62 at 0x001d
E/dalvikvm(15141): Could not find class 'com.facebook.katana.app.WallpaperFacebookApplicationImpl', referenced from method com.facebook.katana.app.FacebookApplication.a
W/dalvikvm(15141): VFY: unable to resolve new-instance 379 (Lcom/facebook/katana/app/WallpaperFacebookApplicationImpl;) in Lcom/facebook/katana/app/FacebookApplication;
D/dalvikvm(15141): VFY: replacing opcode 0x22 at 0x00a9
D/dalvikvm(15141): DexOpt: unable to opt direct call 0x055f at 0xab in Lcom/facebook/katana/app/FacebookApplication;.a
D/CatchMeIfYouCan(15141): Process (dash) ca: '/data/data/com.facebook.katana/app_cmiyc/0C66B38F48468E96F8008B6D5A2AE33B4A60265E01'
D/CatchMeIfYouCan(15141): Process (dash) fc: '/data/data/com.facebook.katana/app_cmiyc/0C66B38F48468E96F8008B6D5A2AE33B4A60265E02'
D/CatchMeIfYouCan(15141): Process (dash) cp: '('dash', 6, 60000, silent [true], restart [true], logout [true])'
D/ACRA    (15141): ACRA is enabled for com.facebook.katana, intializing...
D/ACRA    (15141): Looking for error files in /data/data/com.facebook.katana/app_acra-reports
D/ACRA    (15141): Looking for error files in /data/data/com.facebook.katana/app_minidumps
D/dalvikvm(15141): Trying to load lib /data/app-lib/com.facebook.katana-1/libgnustl_shared.so 0x41faabe8
D/dalvikvm(15141): Added shared lib /data/app-lib/com.facebook.katana-1/libgnustl_shared.so 0x41faabe8
D/dalvikvm(15141): No JNI_OnLoad found in /data/app-lib/com.facebook.katana-1/libgnustl_shared.so 0x41faabe8, skipping init
D/dalvikvm(15141): Trying to load lib /data/app-lib/com.facebook.katana-1/libfb_breakpad_client.so 0x41faabe8
D/dalvikvm(15141): Added shared lib /data/app-lib/com.facebook.katana-1/libfb_breakpad_client.so 0x41faabe8
D/dalvikvm(15141): Trying to load lib /data/app-lib/com.facebook.katana-1/libfb_dalvik-internals.so 0x41faabe8
D/dalvikvm(15141): Added shared lib /data/app-lib/com.facebook.katana-1/libfb_dalvik-internals.so 0x41faabe8
V/DexLibLoader(15141): about to lock: /data/data/com.facebook.katana/mdex_lock
V/DexLibLoader(15141): locking /data/data/com.facebook.katana/mdex_lock took 1 ms
V/DexLibLoader(15141): Secondary program dex metadata: secondary-1.dex.jar.xz 15ef54b77950d1e6c1cbc3342a20571a9fd8050d secondary.dex01.Canary
V/DexLibLoader(15141): Secondary program dex metadata: secondary-2.dex.jar.xz 14bcaeed5ad488eaf139a59d22cf00efbde5948b secondary.dex02.Canary
V/DexLibLoader(15141): Secondary program dex metadata: secondary-3.dex.jar.xz e8acf246c92474061a3e0f7dafec5559e33da2c5 secondary.dex03.Canary
V/DexLibLoader(15141): Secondary program dex metadata: secondary-4.dex.jar.xz 1d7a13e77be07efb41a2c80160a9aec6fff27ad1 secondary.dex04.Canary
V/DexLibLoader(15141): Secondary program dex metadata: secondary-5.dex.jar.xz 42761fa3dedc1f1a9503bece4f2db80adf01f775 secondary.dex05.Canary
V/DexLibLoader(15141): Secondary program dex metadata: secondary-6.dex.jar.xz 1b4455e1ba1ff38a86723e24cd334fa1062519f1 secondary.dex06.Canary
V/DexLibLoader(15141): Secondary program dex metadata: secondary-7.dex.jar.xz a54de6ef97459e1e5b5c8f874a889a38965d3446 secondary.dex07.Canary
V/DexLibLoader(15141): directory "/data/data/com.facebook.katana/app_secondary_program_dex" contains "program-15ef54b77950d1e6c1cbc3342a20571a9fd8050d6661a1c7.dex.jar" as expected
V/DexLibLoader(15141): directory "/data/data/com.facebook.katana/app_secondary_program_dex" contains "program-14bcaeed5ad488eaf139a59d22cf00efbde5948b6661a1c7.dex.jar" as expected
V/DexLibLoader(15141): directory "/data/data/com.facebook.katana/app_secondary_program_dex" contains "program-e8acf246c92474061a3e0f7dafec5559e33da2c56661a1c7.dex.jar" as expected
V/DexLibLoader(15141): directory "/data/data/com.facebook.katana/app_secondary_program_dex" contains "program-1d7a13e77be07efb41a2c80160a9aec6fff27ad16661a1c7.dex.jar" as expected
V/DexLibLoader(15141): directory "/data/data/com.facebook.katana/app_secondary_program_dex" contains "program-42761fa3dedc1f1a9503bece4f2db80adf01f7756661a1c7.dex.jar" as expected
V/DexLibLoader(15141): directory "/data/data/com.facebook.katana/app_secondary_program_dex" contains "program-1b4455e1ba1ff38a86723e24cd334fa1062519f16661a1c7.dex.jar" as expected
V/DexLibLoader(15141): directory "/data/data/com.facebook.katana/app_secondary_program_dex" contains "program-a54de6ef97459e1e5b5c8f874a889a38965d34466661a1c7.dex.jar" as expected
D/DexLibLoader(15141): ignoring file "program-15ef54b77950d1e6c1cbc3342a20571a9fd8050d6661a1c7.dex.odex" in "/data/data/com.facebook.katana/app_secondary_program_dex"
D/DexLibLoader(15141): ignoring file "program-14bcaeed5ad488eaf139a59d22cf00efbde5948b6661a1c7.dex.odex" in "/data/data/com.facebook.katana/app_secondary_program_dex"
D/DexLibLoader(15141): ignoring file "program-e8acf246c92474061a3e0f7dafec5559e33da2c56661a1c7.dex.odex" in "/data/data/com.facebook.katana/app_secondary_program_dex"
D/DexLibLoader(15141): ignoring file "program-1d7a13e77be07efb41a2c80160a9aec6fff27ad16661a1c7.dex.odex" in "/data/data/com.facebook.katana/app_secondary_program_dex"
D/DexLibLoader(15141): ignoring file "program-42761fa3dedc1f1a9503bece4f2db80adf01f7756661a1c7.dex.odex" in "/data/data/com.facebook.katana/app_secondary_program_dex"
D/DexLibLoader(15141): ignoring file "program-1b4455e1ba1ff38a86723e24cd334fa1062519f16661a1c7.dex.odex" in "/data/data/com.facebook.katana/app_secondary_program_dex"
D/DexLibLoader(15141): ignoring file "program-a54de6ef97459e1e5b5c8f874a889a38965d34466661a1c7.dex.odex" in "/data/data/com.facebook.katana/app_secondary_program_dex"
D/DexLibLoader(15141): directory "/data/data/com.facebook.katana/app_secondary_program_dex" is valid
D/DexLibLoader(15141): ignoring file "primary_deps" in "/data/data/com.facebook.katana/app_secondary_program_dex_opt"
V/DexLibLoader(15141): directory "/data/data/com.facebook.katana/app_secondary_program_dex_opt" contains "program-15ef54b77950d1e6c1cbc3342a20571a9fd8050d6661a1c7.dex.dex" as expected
V/DexLibLoader(15141): directory "/data/data/com.facebook.katana/app_secondary_program_dex_opt" contains "program-14bcaeed5ad488eaf139a59d22cf00efbde5948b6661a1c7.dex.dex" as expected
V/DexLibLoader(15141): directory "/data/data/com.facebook.katana/app_secondary_program_dex_opt" contains "program-e8acf246c92474061a3e0f7dafec5559e33da2c56661a1c7.dex.dex" as expected
V/DexLibLoader(15141): directory "/data/data/com.facebook.katana/app_secondary_program_dex_opt" contains "program-1d7a13e77be07efb41a2c80160a9aec6fff27ad16661a1c7.dex.dex" as expected
V/DexLibLoader(15141): directory "/data/data/com.facebook.katana/app_secondary_program_dex_opt" contains "program-42761fa3dedc1f1a9503bece4f2db80adf01f7756661a1c7.dex.dex" as expected
V/DexLibLoader(15141): directory "/data/data/com.facebook.katana/app_secondary_program_dex_opt" contains "program-1b4455e1ba1ff38a86723e24cd334fa1062519f16661a1c7.dex.dex" as expected
V/DexLibLoader(15141): directory "/data/data/com.facebook.katana/app_secondary_program_dex_opt" contains "program-a54de6ef97459e1e5b5c8f874a889a38965d34466661a1c7.dex.dex" as expected
D/DexLibLoader(15141): directory "/data/data/com.facebook.katana/app_secondary_program_dex_opt" is valid
D/DexLibLoader(15141): loading pre-built cross-dex opt odex files
V/dalvik-internals(15141): hooked dvmResolveClass using jump ()
V/dalvik-internals(15141): hooked dvmFlushBreakpoints using jump ()
V/MultiDexClassLoader(15141): installing MultiDexClassLoader before application classloader
I/dalvikvm(15141): Could not find method dalvik.system.DexFile.loadClassBinaryName, referenced from method com.facebook.common.dextricks.DexFileLoadOld.a
W/dalvikvm(15141): VFY: unable to resolve virtual method 2073: Ldalvik/system/DexFile;.loadClassBinaryName (Ljava/lang/String;Ljava/lang/ClassLoader;)Ljava/lang/Class;
D/dalvikvm(15141): VFY: replacing opcode 0x6e at 0x0000
D/DexLibLoader(15141): released odex store lock
D/DexLibLoader(15141): DexLibLoader.loadAll took 177 ms
D/MemoryReductionHack(15141): Marked as initialized entry corresponding to path /data/app/com.facebook.katana-1.apk
V/dalvik-internals(15141): hooked dvmLinearAlloc using jump ()
V/dalvik-internals(15141): hooked dvmLinearRealloc using jump ()
V/dalvik-internals(15141): hooked dvmLinearFree using jump ()
V/dalvik-internals(15141): hooked dvmLinearStrdup using jump ()
V/dalvik-internals(15141): hooked dvmLinearAllocContains using jump ()
I/dalvik-internals(15141): enlarged linearalloc buffer to 33554432 bytes
W/StaticBindingVerifier(15141): Verify
D/WifiStateMachine( 1025): handleMessage: E msg.what=151572
D/WifiStateMachine( 1025): processMsg: ConnectedState
D/WifiStateMachine( 1025): processMsg: L2ConnectedState
D/WifiStateMachine( 1025): handleMessage: X
I/dalvikvm(15141): Could not find method com.facebook.resources.FbResources.getDrawable, referenced from method com.facebook.resources.impl.DownloadedFbResources.getDrawable
W/dalvikvm(15141): VFY: unable to resolve virtual method 48479: Lcom/facebook/resources/FbResources;.getDrawable (ILandroid/content/res/Resources$Theme;)Landroid/graphics/drawable/Drawable;
D/dalvikvm(15141): VFY: replacing opcode 0x6f at 0x0031
I/ActivityManager( 1025): Start proc com.facebook.katana for content provider com.facebook.katana/.provider.orca.FbSharedPreferencesContentProvider: pid=15171 uid=10110 gids={50110, 1028, 1015, 3003}
D/WifiService( 1025): New client listening to asynchronous messages
W/dalvikvm(15171): VFY: unable to resolve static field 29078 (a) in Lcom/facebook/katana/app/WorkAppTypes;
D/dalvikvm(15171): VFY: replacing opcode 0x62 at 0x0013
W/dalvikvm(15171): VFY: unable to resolve static field 29079 (b) in Lcom/facebook/katana/app/WorkAppTypes;
D/dalvikvm(15171): VFY: replacing opcode 0x62 at 0x001d
E/dalvikvm(15171): Could not find class 'com.facebook.katana.app.WallpaperFacebookApplicationImpl', referenced from method com.facebook.katana.app.FacebookApplication.a
W/dalvikvm(15171): VFY: unable to resolve new-instance 379 (Lcom/facebook/katana/app/WallpaperFacebookApplicationImpl;) in Lcom/facebook/katana/app/FacebookApplication;
D/dalvikvm(15171): VFY: replacing opcode 0x22 at 0x00a9
D/dalvikvm(15171): DexOpt: unable to opt direct call 0x055f at 0xab in Lcom/facebook/katana/app/FacebookApplication;.a
D/CatchMeIfYouCan(15171): Process (<default>) ca: '/data/user/0/com.facebook.katana/app_cmiyc/A1657CCD543F12E66E587EE52ED9D802E22AAC4701'
D/CatchMeIfYouCan(15171): Process (<default>) fc: '/data/user/0/com.facebook.katana/app_cmiyc/A1657CCD543F12E66E587EE52ED9D802E22AAC4702'
D/CatchMeIfYouCan(15171): Process (<default>) cp: '('default', 3, 120000, silent [true], restart [false], logout [false])'
D/ACRA    (15171): ACRA is enabled for com.facebook.katana, intializing...
D/WifiService( 1025): Client connection lost with reason: 4
I/ActivityManager( 1025): Start proc com.google.android.partnersetup for broadcast com.google.android.partnersetup/.RlzPingBroadcastReceiver: pid=15201 uid=10025 gids={50025, 3003}
I/ActivityManager( 1025): Process com.facebook.katana:dash (pid 15141) has died.
D/ACRA    (15171): Looking for error files in /data/user/0/com.facebook.katana/app_acra-reports
D/ACRA    (15171): Looking for error files in /data/user/0/com.facebook.katana/app_minidumps
D/dalvikvm(15171): Trying to load lib /data/app-lib/com.facebook.katana-1/libgnustl_shared.so 0x41fb73c8
D/dalvikvm(15171): Added shared lib /data/app-lib/com.facebook.katana-1/libgnustl_shared.so 0x41fb73c8
D/dalvikvm(15171): No JNI_OnLoad found in /data/app-lib/com.facebook.katana-1/libgnustl_shared.so 0x41fb73c8, skipping init
D/dalvikvm(15171): Trying to load lib /data/app-lib/com.facebook.katana-1/libfb_breakpad_client.so 0x41fb73c8
D/dalvikvm(15171): Added shared lib /data/app-lib/com.facebook.katana-1/libfb_breakpad_client.so 0x41fb73c8
D/dalvikvm(15171): Trying to load lib /data/app-lib/com.facebook.katana-1/libfb_dalvik-internals.so 0x41fb73c8
D/dalvikvm(15171): Added shared lib /data/app-lib/com.facebook.katana-1/libfb_dalvik-internals.so 0x41fb73c8
V/DexLibLoader(15171): about to lock: /data/user/0/com.facebook.katana/mdex_lock
V/DexLibLoader(15171): locking /data/user/0/com.facebook.katana/mdex_lock took 0 ms
V/DexLibLoader(15171): Secondary program dex metadata: secondary-1.dex.jar.xz 15ef54b77950d1e6c1cbc3342a20571a9fd8050d secondary.dex01.Canary
V/DexLibLoader(15171): Secondary program dex metadata: secondary-2.dex.jar.xz 14bcaeed5ad488eaf139a59d22cf00efbde5948b secondary.dex02.Canary
V/DexLibLoader(15171): Secondary program dex metadata: secondary-3.dex.jar.xz e8acf246c92474061a3e0f7dafec5559e33da2c5 secondary.dex03.Canary
V/DexLibLoader(15171): Secondary program dex metadata: secondary-4.dex.jar.xz 1d7a13e77be07efb41a2c80160a9aec6fff27ad1 secondary.dex04.Canary
V/DexLibLoader(15171): Secondary program dex metadata: secondary-5.dex.jar.xz 42761fa3dedc1f1a9503bece4f2db80adf01f775 secondary.dex05.Canary
V/DexLibLoader(15171): Secondary program dex metadata: secondary-6.dex.jar.xz 1b4455e1ba1ff38a86723e24cd334fa1062519f1 secondary.dex06.Canary
V/DexLibLoader(15171): Secondary program dex metadata: secondary-7.dex.jar.xz a54de6ef97459e1e5b5c8f874a889a38965d3446 secondary.dex07.Canary
V/DexLibLoader(15171): directory "/data/user/0/com.facebook.katana/app_secondary_program_dex" contains "program-15ef54b77950d1e6c1cbc3342a20571a9fd8050d6661a1c7.dex.jar" as expected
V/DexLibLoader(15171): directory "/data/user/0/com.facebook.katana/app_secondary_program_dex" contains "program-14bcaeed5ad488eaf139a59d22cf00efbde5948b6661a1c7.dex.jar" as expected
V/DexLibLoader(15171): directory "/data/user/0/com.facebook.katana/app_secondary_program_dex" contains "program-e8acf246c92474061a3e0f7dafec5559e33da2c56661a1c7.dex.jar" as expected
V/DexLibLoader(15171): directory "/data/user/0/com.facebook.katana/app_secondary_program_dex" contains "program-1d7a13e77be07efb41a2c80160a9aec6fff27ad16661a1c7.dex.jar" as expected
V/DexLibLoader(15171): directory "/data/user/0/com.facebook.katana/app_secondary_program_dex" contains "program-42761fa3dedc1f1a9503bece4f2db80adf01f7756661a1c7.dex.jar" as expected
V/DexLibLoader(15171): directory "/data/user/0/com.facebook.katana/app_secondary_program_dex" contains "program-1b4455e1ba1ff38a86723e24cd334fa1062519f16661a1c7.dex.jar" as expected
V/DexLibLoader(15171): directory "/data/user/0/com.facebook.katana/app_secondary_program_dex" contains "program-a54de6ef97459e1e5b5c8f874a889a38965d34466661a1c7.dex.jar" as expected
D/DexLibLoader(15171): ignoring file "program-15ef54b77950d1e6c1cbc3342a20571a9fd8050d6661a1c7.dex.odex" in "/data/user/0/com.facebook.katana/app_secondary_program_dex"
D/DexLibLoader(15171): ignoring file "program-14bcaeed5ad488eaf139a59d22cf00efbde5948b6661a1c7.dex.odex" in "/data/user/0/com.facebook.katana/app_secondary_program_dex"
D/DexLibLoader(15171): ignoring file "program-e8acf246c92474061a3e0f7dafec5559e33da2c56661a1c7.dex.odex" in "/data/user/0/com.facebook.katana/app_secondary_program_dex"
D/DexLibLoader(15171): ignoring file "program-1d7a13e77be07efb41a2c80160a9aec6fff27ad16661a1c7.dex.odex" in "/data/user/0/com.facebook.katana/app_secondary_program_dex"
D/DexLibLoader(15171): ignoring file "program-42761fa3dedc1f1a9503bece4f2db80adf01f7756661a1c7.dex.odex" in "/data/user/0/com.facebook.katana/app_secondary_program_dex"
D/DexLibLoader(15171): ignoring file "program-1b4455e1ba1ff38a86723e24cd334fa1062519f16661a1c7.dex.odex" in "/data/user/0/com.facebook.katana/app_secondary_program_dex"
D/DexLibLoader(15171): ignoring file "program-a54de6ef97459e1e5b5c8f874a889a38965d34466661a1c7.dex.odex" in "/data/user/0/com.facebook.katana/app_secondary_program_dex"
D/DexLibLoader(15171): directory "/data/user/0/com.facebook.katana/app_secondary_program_dex" is valid
D/DexLibLoader(15171): ignoring file "primary_deps" in "/data/user/0/com.facebook.katana/app_secondary_program_dex_opt"
V/DexLibLoader(15171): directory "/data/user/0/com.facebook.katana/app_secondary_program_dex_opt" contains "program-15ef54b77950d1e6c1cbc3342a20571a9fd8050d6661a1c7.dex.dex" as expected
V/DexLibLoader(15171): directory "/data/user/0/com.facebook.katana/app_secondary_program_dex_opt" contains "program-14bcaeed5ad488eaf139a59d22cf00efbde5948b6661a1c7.dex.dex" as expected
V/DexLibLoader(15171): directory "/data/user/0/com.facebook.katana/app_secondary_program_dex_opt" contains "program-e8acf246c92474061a3e0f7dafec5559e33da2c56661a1c7.dex.dex" as expected
V/DexLibLoader(15171): directory "/data/user/0/com.facebook.katana/app_secondary_program_dex_opt" contains "program-1d7a13e77be07efb41a2c80160a9aec6fff27ad16661a1c7.dex.dex" as expected
V/DexLibLoader(15171): directory "/data/user/0/com.facebook.katana/app_secondary_program_dex_opt" contains "program-42761fa3dedc1f1a9503bece4f2db80adf01f7756661a1c7.dex.dex" as expected
V/DexLibLoader(15171): directory "/data/user/0/com.facebook.katana/app_secondary_program_dex_opt" contains "program-1b4455e1ba1ff38a86723e24cd334fa1062519f16661a1c7.dex.dex" as expected
V/DexLibLoader(15171): directory "/data/user/0/com.facebook.katana/app_secondary_program_dex_opt" contains "program-a54de6ef97459e1e5b5c8f874a889a38965d34466661a1c7.dex.dex" as expected
D/DexLibLoader(15171): directory "/data/user/0/com.facebook.katana/app_secondary_program_dex_opt" is valid
D/DexLibLoader(15171): loading pre-built cross-dex opt odex files
V/dalvik-internals(15171): hooked dvmResolveClass using jump ()
V/dalvik-internals(15171): hooked dvmFlushBreakpoints using jump ()
V/MultiDexClassLoader(15171): installing MultiDexClassLoader before application classloader
I/dalvikvm(15171): Could not find method dalvik.system.DexFile.loadClassBinaryName, referenced from method com.facebook.common.dextricks.DexFileLoadOld.a
W/dalvikvm(15171): VFY: unable to resolve virtual method 2073: Ldalvik/system/DexFile;.loadClassBinaryName (Ljava/lang/String;Ljava/lang/ClassLoader;)Ljava/lang/Class;
D/dalvikvm(15171): VFY: replacing opcode 0x6e at 0x0000
D/DexLibLoader(15171): released odex store lock
D/DexLibLoader(15171): DexLibLoader.loadAll took 31 ms
D/MemoryReductionHack(15171): Marked as initialized entry corresponding to path /data/app/com.facebook.katana-1.apk
D/GcOptimizer(15171): Enabled
V/dalvik-internals(15171): hooked dvmLinearAlloc using jump ()
V/dalvik-internals(15171): hooked dvmLinearRealloc using jump ()
V/dalvik-internals(15171): hooked dvmLinearFree using jump ()
V/dalvik-internals(15171): hooked dvmLinearStrdup using jump ()
V/dalvik-internals(15171): hooked dvmLinearAllocContains using jump ()
I/dalvik-internals(15171): enlarged linearalloc buffer to 33554432 bytes
I/ActivityManager( 1025): Start proc com.android.vending for broadcast com.android.vending/com.google.android.finsky.receivers.PackageMonitorReceiver$RegisteredReceiver: pid=15217 uid=10039 gids={50039, 3003, 1028, 1015}
D/Finsky  (15217): [1] FinskyApp.onCreate: Initializing network with DFE https://android.clients.google.com/fdfe/
I/ActivityManager( 1025): Process com.google.android.partnersetup (pid 15201) has died.
W/StaticBindingVerifier(15171): Verify
D/dalvikvm( 1025): GC_EXPLICIT freed 3415K, 38% free 31484K/50444K, paused 6ms+22ms, total 189ms
D/Finsky  (15217): [1] DailyHygiene.goMakeHygieneIfDirty: No need to run daily hygiene.
I/dalvikvm(15171): Could not find method com.facebook.resources.FbResources.getDrawable, referenced from method com.facebook.resources.impl.DownloadedFbResources.getDrawable
W/dalvikvm(15171): VFY: unable to resolve virtual method 48479: Lcom/facebook/resources/FbResources;.getDrawable (ILandroid/content/res/Resources$Theme;)Landroid/graphics/drawable/Drawable;
D/dalvikvm(15171): VFY: replacing opcode 0x6f at 0x0031
W/Settings(15217): Setting download_manager_max_bytes_over_mobile has moved from android.provider.Settings.Secure to android.provider.Settings.Global.
W/Settings(15217): Setting download_manager_recommended_max_bytes_over_mobile has moved from android.provider.Settings.Secure to android.provider.Settings.Global.
I/dalvikvm(15217): Could not find method com.google.android.play.layout.PlayCardViewBase.setTransitionName, referenced from method com.google.android.finsky.utils.PlayCardUtils.bindCard
W/dalvikvm(15217): VFY: unable to resolve virtual method 42705: Lcom/google/android/play/layout/PlayCardViewBase;.setTransitionName (Ljava/lang/String;)V
D/dalvikvm(15217): VFY: replacing opcode 0x6e at 0x00d9
I/dalvikvm(15217): Could not find method com.google.android.play.layout.PlayCardViewBase.setTransitionGroup, referenced from method com.google.android.finsky.utils.PlayCardUtils.bindCard
W/dalvikvm(15217): VFY: unable to resolve virtual method 42704: Lcom/google/android/play/layout/PlayCardViewBase;.setTransitionGroup (Z)V
D/dalvikvm(15217): VFY: replacing opcode 0x6e at 0x0246
I/dalvikvm(15217): Could not find method android.view.View.getTransitionName, referenced from method com.google.android.finsky.navigationmanager.NavigationManager.showPage
W/dalvikvm(15217): VFY: unable to resolve virtual method 9352: Landroid/view/View;.getTransitionName ()Ljava/lang/String;
D/dalvikvm(15217): VFY: replacing opcode 0x6e at 0x001a
D/WifiService( 1025): New client listening to asynchronous messages
I/ConfigService(20136): onDestroy
D/Finsky  (15217): [1] 2.run: Loaded library for account: [gKXbJhL8NA2nPUzZyFpjB6tKi7U]
D/Finsky  (15217): [1] 2.run: Finished loading 1 libraries.
D/PackageBroadcastService(20810): Received broadcast action=android.intent.action.PACKAGE_ADDED and uri=co.giftmeapp.gift_me
I/ActivityManager( 1025): Process com.android.vending (pid 15217) has died.
D/dalvikvm(27213): GC_CONCURRENT freed 2232K, 44% free 11408K/20348K, paused 3ms+4ms, total 47ms
D/dalvikvm(27213): WAIT_FOR_CONCURRENT_GC blocked 28ms
I/ActivityManager( 1025): Start proc com.google.android.apps.docs for broadcast com.google.android.apps.docs/.receivers.AppPackageAddRemoveReceiver: pid=15265 uid=10060 gids={50060, 3003, 1028, 1015}
I/ConfigService(20136): onCreate
