W/ActivityManager( 1025): Service ServiceRecord{43a611f8 u0 com.google.android.music/.download.cache.TrackCacheService} in process ProcessRecord{438934b8 8232:com.google.android.music:main/u0a82} not same as in map: null
W/ActivityManager( 1025): Scheduling restart of crashed service com.google.android.music/.wear.WearDataTransferConnectionService in 1000ms
W/ActivityManager( 1025): Service ServiceRecord{43975d58 u0 com.google.android.music/.download.TrackDownloadQueueService} in process ProcessRecord{438934b8 8232:com.google.android.music:main/u0a82} not same as in map: null
W/ActivityManager( 1025): Scheduling restart of crashed service com.google.android.music/.playback.MusicPlaybackService in 11000ms
I/ActivityManager( 1025): Process com.rhmsoft.fm:service (pid 12459) has died.
W/ActivityManager( 1025): Scheduling restart of crashed service com.rhmsoft.fm/com.cleanmaster.fm.service.BackgroundService in 83596ms
D/WifiStateMachine( 1025): handleMessage: E msg.what=151572
D/WifiStateMachine( 1025): processMsg: ConnectedState
D/WifiStateMachine( 1025): processMsg: L2ConnectedState
D/WifiStateMachine( 1025): handleMessage: X
I/ActivityManager( 1025): Start proc com.google.android.music:main for service com.google.android.music/.wear.WearDataTransferConnectionService: pid=14934 uid=10082 gids={50082, 3003, 1028, 1015}
I/MusicStore(14934): Database version: 107
D/dalvikvm(14934): Trying to load lib /data/app-lib/com.google.android.gms-1/libgmscore.so 0x4204a1a8
D/dalvikvm(14934): Added shared lib /data/app-lib/com.google.android.gms-1/libgmscore.so 0x4204a1a8
D/dalvikvm(14934): No JNI_OnLoad found in /data/app-lib/com.google.android.gms-1/libgmscore.so 0x4204a1a8, skipping init
D/dalvikvm(14934): Trying to load lib /data/app-lib/com.google.android.gms-1/libconscrypt_gmscore_jni.so 0x4204a1a8
D/dalvikvm(14934): Added shared lib /data/app-lib/com.google.android.gms-1/libconscrypt_gmscore_jni.so 0x4204a1a8
V/JNIHelp (14934): Registering com/google/android/gms/org/conscrypt/NativeCrypto's 235 native methods...
D/dalvikvm(14934): Trying to load lib /data/app-lib/com.google.android.gms-1/libgmscore.so 0x4204a1a8
D/dalvikvm(14934): Shared lib '/data/app-lib/com.google.android.gms-1/libgmscore.so' already loaded in same CL 0x4204a1a8
D/dalvikvm(14934): Trying to load lib /data/app-lib/com.google.android.gms-1/libconscrypt_gmscore_jni.so 0x4204a1a8
D/dalvikvm(14934): Shared lib '/data/app-lib/com.google.android.gms-1/libconscrypt_gmscore_jni.so' already loaded in same CL 0x4204a1a8
D/Ulp_jni ( 1025): Location CB invoked
I/ProviderInstaller(14934): Installed default security provider GmsCore_OpenSSL
D/AndroidMusic(14934): GMSCore installation verified
I/ConfigStore(14934): Config Database version: 1
E/cutils  (  261): Failed to mkdirat(/storage/sdcard1/Android): Read-only file system
W/Vold    (  261): Returning OperationFailed - no handler for errno 30
W/ContextImpl(14934): Failed to ensure directory: /storage/sdcard1/Android/data/com.google.android.music/files
E/cutils  (  261): Failed to mkdirat(/storage/sdcard1/Android): Read-only file system
W/Vold    (  261): Returning OperationFailed - no handler for errno 30
W/ContextImpl(14934): Failed to ensure directory: /storage/sdcard1/Android/data/com.google.android.music/files
E/cutils  (  261): Failed to mkdirat(/storage/sdcard1/Android): Read-only file system
W/Vold    (  261): Returning OperationFailed - no handler for errno 30
W/ContextImpl(14934): Failed to ensure directory: /storage/sdcard1/Android/data/com.google.android.music/files
I/MediaRouter(14934): Found default route: MediaRouter.RouteInfo{ uniqueId=android/.support.v7.media.SystemMediaRouteProvider:DEFAULT_ROUTE, name=Phone, description=null, enabled=true, connecting=false, canDisconnect=false, playbackType=0, playbackStream=3, volumeHandling=1, volume=2, volumeMax=15, presentationDisplayId=-1, extras=null, settingsIntent=null, providerPackageName=android }
E/dalvikvm(14934): Could not find class 'android.app.Notification$MediaStyle', referenced from method com.google.android.music.playback.MusicPlaybackService.buildLNotification
W/dalvikvm(14934): VFY: unable to resolve new-instance 54 (Landroid/app/Notification$MediaStyle;) in Lcom/google/android/music/playback/MusicPlaybackService;
D/dalvikvm(14934): VFY: replacing opcode 0x22 at 0x001d
D/dalvikvm(14934): DexOpt: couldn't find field Landroid/app/Notification;.visibility
W/dalvikvm(14934): VFY: unable to resolve instance field 27
D/dalvikvm(14934): VFY: replacing opcode 0x59 at 0x0059
D/dalvikvm(14934): DexOpt: unable to opt direct call 0x0203 at 0x1f in Lcom/google/android/music/playback/MusicPlaybackService;.buildLNotification
I/dalvikvm(14934): Could not find method android.view.View.setClipToOutline, referenced from method com.google.android.music.leanback.LeanbackUtils.clipToOutline
W/dalvikvm(14934): VFY: unable to resolve virtual method 15104: Landroid/view/View;.setClipToOutline (Z)V
D/dalvikvm(14934): VFY: replacing opcode 0x6e at 0x0007
D/WifiStateMachine( 1025): handleMessage: E msg.what=151572
D/WifiStateMachine( 1025): processMsg: ConnectedState
D/WifiStateMachine( 1025): processMsg: L2ConnectedState
D/WifiStateMachine( 1025): handleMessage: X
I/SBar.NetworkController( 1119): onSignalStrengthsChanged SignalStrength: 7 0 -120 -160 -120 -1 -1 99 2147483647 2147483647 2147483647 2147483647 2147483647 gsm|lte 0 -108 -1 false 2 2 0 0 0 99 99 99 4 level=2
D/dalvikvm( 1025): GC_EXPLICIT freed 582K, 39% free 31010K/50444K, paused 5ms+20ms, total 162ms
I/GHttpClientFactory(14934): Using the GMSCore's GoogleHttpClient
I/NetworkMonitor(14934): type=WIFI subType= reason=null isConnected=true
D/SystemUtils(14934): getSystemProperty: lpa.decode=true
D/LocalDevicePlayback(14934): LPAPlayer detected. Disabling gapless.
E/cutils  (  261): Failed to mkdirat(/storage/sdcard1/Android): Read-only file system
W/Vold    (  261): Returning OperationFailed - no handler for errno 30
W/ContextImpl(14934): Failed to ensure directory: /storage/sdcard1/Android/data/com.google.android.music/files
E/cutils  (  261): Failed to mkdirat(/storage/sdcard1/Android): Read-only file system
W/Vold    (  261): Returning OperationFailed - no handler for errno 30
W/ContextImpl(14934): Failed to ensure directory: /storage/sdcard1/Android/data/com.google.android.music/files
I/NetworkMonitor(14934): type=WIFI subType= reason=null isConnected=true
E/ConnectionService(14934): Failed to connect to GoogleApiClient: ConnectionResult{statusCode=unknown status code 16, resolution=null}
I/LocalDevicePlayback(14934): Streaming client created.
W/ArtDownloadService(14934): Setting cache size 0
E/cutils  (  261): Failed to mkdirat(/storage/sdcard1/Android): Read-only file system
W/Vold    (  261): Returning OperationFailed - no handler for errno 30
W/ContextImpl(14934): Failed to ensure directory: /storage/sdcard1/Android/data/com.google.android.music/cache
E/cutils  (  261): Failed to mkdirat(/storage/sdcard1/Android): Read-only file system
W/Vold    (  261): Returning OperationFailed - no handler for errno 30
W/ContextImpl(14934): Failed to ensure directory: /storage/sdcard1/Android/data/com.google.android.music/cache
I/ActivityManager( 1025): Process com.facebook.katana (pid 14837) has died.
W/ActivityManager( 1025): Scheduling restart of crashed service com.facebook.katana/com.facebook.push.mqtt.service.MqttPushService in 157064101888ms
D/WifiService( 1025): Client connection lost with reason: 4
D/WifiStateMachine( 1025): handleMessage: E msg.what=151572
D/WifiStateMachine( 1025): processMsg: ConnectedState
D/WifiStateMachine( 1025): processMsg: L2ConnectedState
D/WifiStateMachine( 1025): handleMessage: X
D/WifiStateMachine( 1025): handleMessage: E msg.what=131155
D/WifiStateMachine( 1025): processMsg: ConnectedState
D/WifiStateMachine( 1025): processMsg: L2ConnectedState
D/WifiStateMachine( 1025): handleMessage: X
I/SBar.NetworkController( 1119): refreshSignalCluster: mobile: Signal=zz_moto_stat_sys_signal_2_fully_wide Roaming=(none) mSimIconId=(none) Accessibility="Phone two bars.","Not roaming.",""
D/WifiStateMachine( 1025): handleMessage: E msg.what=151572
D/WifiStateMachine( 1025): processMsg: ConnectedState
D/WifiStateMachine( 1025): processMsg: L2ConnectedState
D/WifiStateMachine( 1025): handleMessage: X
D/CordovaLog(12774): file:///android_asset/www/js/GiveGiftView.js: Line 17 : GIFTME - buy now clicked
I/chromium(12774): [INFO:CONSOLE(17)] "GIFTME - buy now clicked", source: file:///android_asset/www/js/GiveGiftView.js (17)
D/ConnectPlugin(12774): activity result in plugin: requestCode(0), resultCode(0)
I/ActivityManager( 1025): START u0 {cmp=co.giftmeapp.gift_me/com.paypal.android.sdk.payments.PaymentActivity (has extras)} from pid 12774
D/CordovaActivity(12774): Paused the application!
D/CordovaWebView(12774): Handle the pause
W/ContextImpl( 1295): Calling a method in the system process without a qualified user: android.app.ContextImpl.sendBroadcast:1252 android.content.ContextWrapper.sendBroadcast:365 com.motorola.motocare.util.TriggerHelper$TriggerBuilder.send:76 com.motorola.motocare.internal.frameworkevents.PauseResumeTrigger.handleFrameworkEvent:53 com.motorola.motocare.internal.frameworkevents.FwEventMonitor$FrameworkListener.processFrameworkEvent:114 
W/PluginManager(12774): THREAD WARNING: exec() call to PayPalMobile.renderSinglePaymentUI blocked the main thread for 53ms. Plugin should use CordovaInterface.getThreadPool().
W/ContextImpl( 1295): Calling a method in the system process without a qualified user: android.app.ContextImpl.sendBroadcast:1252 android.content.ContextWrapper.sendBroadcast:365 com.motorola.motocare.util.TriggerHelper$TriggerBuilder.send:76 com.motorola.motocare.internal.frameworkevents.PauseResumeTrigger.handleFrameworkEvent:53 com.motorola.motocare.internal.frameworkevents.FwEventMonitor$FrameworkListener.processFrameworkEvent:114 
D/dalvikvm(12774): GC_FOR_ALLOC freed 823K, 34% free 11534K/17224K, paused 40ms, total 41ms
I/dalvikvm-heap(12774): Grow heap (frag case) to 13.612MB for 330016-byte allocation
V/PhoneStatusBar( 1119): setLightsOn(true)
W/PaymentActivity(12774): Please add PayPalService.EXTRA_PAYPAL_CONFIGURATION to this activity for restart resiliency.
I/ActivityManager( 1025): START u0 {cmp=co.giftmeapp.gift_me/com.paypal.android.sdk.payments.PaymentMethodActivity (has extras)} from pid 12774
W/ContextImpl( 1295): Calling a method in the system process without a qualified user: android.app.ContextImpl.sendBroadcast:1252 android.content.ContextWrapper.sendBroadcast:365 com.motorola.motocare.util.TriggerHelper$TriggerBuilder.send:76 com.motorola.motocare.internal.frameworkevents.PauseResumeTrigger.handleFrameworkEvent:53 com.motorola.motocare.internal.frameworkevents.FwEventMonitor$FrameworkListener.processFrameworkEvent:114 
W/ContextImpl( 1295): Calling a method in the system process without a qualified user: android.app.ContextImpl.sendBroadcast:1252 android.content.ContextWrapper.sendBroadcast:365 com.motorola.motocare.util.TriggerHelper$TriggerBuilder.send:76 com.motorola.motocare.internal.frameworkevents.PauseResumeTrigger.handleFrameworkEvent:53 com.motorola.motocare.internal.frameworkevents.FwEventMonitor$FrameworkListener.processFrameworkEvent:114 
D/dalvikvm(12774): Trying to load lib /data/app-lib/co.giftmeapp.gift_me-1/libcardioDecider.so 0x41fa97c8
D/dalvikvm(12774): Added shared lib /data/app-lib/co.giftmeapp.gift_me-1/libcardioDecider.so 0x41fa97c8
D/dalvikvm(12774): Trying to load lib /data/app-lib/co.giftmeapp.gift_me-1/libopencv_core.so 0x41fa97c8
W/linker  (12774): libopencv_core.so has text relocations. This is wasting memory and is a security risk. Please fix.
V/PhoneStatusBar( 1119): setLightsOn(true)
D/dalvikvm(12774): Added shared lib /data/app-lib/co.giftmeapp.gift_me-1/libopencv_core.so 0x41fa97c8
D/dalvikvm(12774): No JNI_OnLoad found in /data/app-lib/co.giftmeapp.gift_me-1/libopencv_core.so 0x41fa97c8, skipping init
D/dalvikvm(12774): Trying to load lib /data/app-lib/co.giftmeapp.gift_me-1/libopencv_imgproc.so 0x41fa97c8
W/linker  (12774): libopencv_imgproc.so has text relocations. This is wasting memory and is a security risk. Please fix.
D/dalvikvm(12774): Added shared lib /data/app-lib/co.giftmeapp.gift_me-1/libopencv_imgproc.so 0x41fa97c8
D/dalvikvm(12774): No JNI_OnLoad found in /data/app-lib/co.giftmeapp.gift_me-1/libopencv_imgproc.so 0x41fa97c8, skipping init
D/dalvikvm(12774): Trying to load lib /data/app-lib/co.giftmeapp.gift_me-1/libcardioRecognizer.so 0x41fa97c8
D/dalvikvm(12774): Added shared lib /data/app-lib/co.giftmeapp.gift_me-1/libcardioRecognizer.so 0x41fa97c8
W/AppOps  ( 1025): Bad call: specified package qcamera under uid 1013 but it is really -1
W/AppOps  ( 1025): Bad call: specified package qcamera under uid 1013 but it is really -1
W/AppOps  ( 1025): Bad call: specified package qcamera under uid 1013 but it is really -1
I/LaunchCheckinHandler( 1025): Displayed co.giftmeapp.gift_me/com.paypal.android.sdk.payments.PaymentMethodActivity,wp,ca,226
I/LaunchCheckinHandler( 1025): Displayed co.giftmeapp.gift_me/com.paypal.android.sdk.payments.PaymentActivity,wp,ca,549 (total)
I/ActivityManager( 1025): Displayed co.giftmeapp.gift_me/com.paypal.android.sdk.payments.PaymentMethodActivity: +226ms (total +549ms)
D/WifiStateMachine( 1025): handleMessage: E msg.what=151572
D/WifiStateMachine( 1025): processMsg: ConnectedState
D/WifiStateMachine( 1025): processMsg: L2ConnectedState
W/AppOps  ( 1025): Bad call: specified package qcamera under uid 1013 but it is really -1
W/AppOps  ( 1025): Bad call: specified package qcamera under uid 1013 but it is really -1
D/WifiStateMachine( 1025): handleMessage: X
W/AppOps  ( 1025): Bad call: specified package qcamera under uid 1013 but it is really -1
I/AwesomePlayer(  277): setDataSource_l(URL suppressed)
D/QCUtils (  277): extended extractor not needed, return default
I/AwesomePlayer(  277): setDataSource_l(URL suppressed)
D/QCUtils (  277): extended extractor not needed, return default
I/CameraClient(  277): Opening camera 0
D/QCameraStateMachine(  277): static void* qcamera::QCameraStateMachine::smEvtProcRoutine(void*): E
D/QCamera2HWI(  277): static void* qcamera::QCamera2HardwareInterface::defferedWorkRoutine(void*): start data proc
D/MotISP_GPU(  277): int MotISP_GPU::Init(int, int): GPU resolution: 1280x720
E/QCamera2HWI(  277): [KPI Perf] int qcamera::QCamera2HardwareInterface::openCamera(hw_device_t**): E PROFILE_OPEN_CAMERA camera id 0
I/QCameraHalWatchdog(  277): Starting Watchdog Thread...
E/mm-camera-intf(  277): mm_camera_open: dev name = /dev/video1, cam_idx = 1
I/Adreno-EGL(  277): <qeglDrvAPI_eglInitialize:410>: EGL 1.4 QUALCOMM build: AU_LINUX_ANDROID_LNX.LA.3.5.1_RB1.04.04.02.048.018_msm8226_LNX.LA.3.5.1_RB1__release_AU ()
I/Adreno-EGL(  277): OpenGL ES Shader Compiler Version: E031.24.00.08
I/Adreno-EGL(  277): Build Date: 03/07/14 Fri
I/Adreno-EGL(  277): Local Branch: 
I/Adreno-EGL(  277): Remote Branch: quic/LNX.LA.3.5.1_RB1.1
I/Adreno-EGL(  277): Local Patches: NONE
I/Adreno-EGL(  277): Reconstruct Branch: AU_LINUX_ANDROID_LNX.LA.3.5.1_RB1.04.04.02.048.018 + f2fd134 +  NOTHING
E/mm-camera-sensor(  422): module_sensor_start_session:658 session 1
E/mm-camera(  422): module_drsd_start_session:1189] E
E/mm-camera(  422): isp_tintless_open: E: b6d0cd81
E/mm-camera(  422): af_fdprio_process: Processing frame 0 cmd: 0
E/mm-camera(  422): is_module_start_session: Enter
E/hdr     (  422): Session id 0x1 started
E/mm-camera(  422): is_module_start_session: Exit successful
E/mm-camera(  422): is_module_get_port: Exit successful
E/mm-camera(  422): isp_tintless_get_version: lib returned version 3.61 err=0
E/mm-camera(  422): c2d_module_start_session:238, info: starting session 1
E/mm-camera(  422): c2d_module_start_session:285, info: c2d_thread created.
E/mm-camera(  422): c2d_thread_func:41: c2d_thread entering the polling loop...
E/mm-camera(  422): c2d_module_start_session:307, info: session 1 started.
E/mm-camera-sensor(  422): sensor_write_lsc:268 using default or module LSC
E/mm-camera-sensor(  422): module_sensor_start_session:702 failed
E/mm-camera-sensor(  422): module_sensor_start_session:708 failed
E/mm-camera-intf(  277): mm_camera_open:  opened, break out while loop
D/QCamera2HWI(  277): int qcamera::QCamera2HardwareInterface::openCamera(): enable_4k2k is 0
E/qomx_image_core(  277): OMX_Init:94] Complete 2
E/QCameraHWI_Mem(  277): int qcamera::QCameraMemory::alloc(int, int, int) : No memory pool available
D/QCameraHWI_Mem(  277): static int qcamera::QCameraMemory::allocOneBuffer(qcamera::QCameraMemory::QCameraMemInfo&, int, int, bool) : ION buffer 0x1 with size 297192 allocated
E/QCameraHWI_Mem(  277): int qcamera::QCameraMemory::alloc(int, int, int) : No memory pool available
D/QCameraHWI_Mem(  277): static int qcamera::QCameraMemory::allocOneBuffer(qcamera::QCameraMemory::QCameraMemInfo&, int, int, bool) : ION buffer 0x1 with size 65544 allocated
D/QCameraParameters(  277): int32_t qcamera::QCameraParameters::initDefaultParameters(): supported preview sizes: 1280x720,864x480,800x480,768x432,720x480,640x480,576x432,480x320,384x288,352x288,320x240,240x160,176x144
D/QCameraParameters(  277): int32_t qcamera::QCameraParameters::initDefaultParameters(): supported video sizes: 1280x720,864x480,800x480,720x480,640x480,480x320,352x288,320x240,176x144
D/QCameraParameters(  277): int32_t qcamera::QCameraParameters::initDefaultParameters(): supported pic sizes: 2592x1944,2592x1456,2048x1536,1920x1080,1600x1200,1440x1080,1280x960,1280x768,1280x720,1024x768,800x600,800x480,720x480,640x480
I/QCameraParameters(  277): int32_t qcamera::QCameraParameters::initDefaultParameters(): supported live snapshot sizes: 1280x768,1280x720,1024x768,800x600,864x480,800x480,720x480,640x480,352x288,320x240,176x144
D/QCameraParameters(  277): int32_t qcamera::QCameraParameters::initDefaultParameters(): supported fps ranges: (15000,15000),(15000,30000)
E/QCameraParameters(  277): int32_t qcamera::QCameraParameters::setPreviewFpsRange(int, int): Setting preview fps range 15000,30000
D/QCameraParameters(  277): int32_t qcamera::QCameraParameters::initDefaultParameters(): supported fps rates: 15,16,17,18,19,20,21,22,23,24,25,26,27,28,29,30
D/QCameraParameters(  277): int32_t qcamera::QCameraParameters::setAEBracket(const char*), EXP_BRACKETING_OFF
D/QCameraParameters(  277): int32_t qcamera::QCameraParameters::initDefaultParameters(): Supported WNR:ON/OFF default:ON
D/QCameraParameters(  277): int32_t qcamera::QCameraParameters::initDefaultParameters(): Supported TINTLESS:ON/OFF default:ON
D/QCameraParameters(  277): int32_t qcamera::QCameraParameters::setNumOfSnapshot(): nBurstNum = 1, nExpnum = 1
E/Thermal-Lib(  277): Thermal-Lib-Client: thermal_client_register_callback: Client Registration failed
E/Thermal-Lib(  277): Thermal-Lib-Client: thermal_client_register_callback: Client Registration failed
I/QCameraHalWatchdog(  277): Stopped Watchdog Thread...
E/Thermal-Lib(  277): Thermal-Lib-Client: thermal_client_register_callback: Client Registration failed
E/Thermal-Lib(  277): Thermal-Lib-Client: thermal_client_register_callback: Client Registration failed
I/QCamera2HWI(  277): getParameters standard
I/QCameraHalWatchdog(  277): Starting Watchdog Thread...
E/QCamera2HWI(  277): [KPI Perf] static void qcamera::QCamera2HardwareInterface::stop_preview(camera_device*): E PROFILE_STOP_PREVIEW
D/QCameraStateMachine(  277): int32_t qcamera::QCameraStateMachine::procEvtPreviewStoppedState(qcamera::qcamera_sm_evt_enum_t, void*): already in preview stopped state, do nothing
D/QCamera2HWI(  277): [KPI Perf] static void qcamera::QCamera2HardwareInterface::stop_preview(camera_device*): X
I/QCameraHalWatchdog(  277): Stopped Watchdog Thread...
I/QCameraHalWatchdog(  277): Starting Watchdog Thread...
D/QCameraStateMachine(  277): int32_t qcamera::QCameraStateMachine::procEvtPreviewStoppedState(qcamera::qcamera_sm_evt_enum_t, void*): No ops for evt(20) in state(0)
I/QCameraHalWatchdog(  277): Stopped Watchdog Thread...
I/QCameraHalWatchdog(  277): Starting Watchdog Thread...
I/QCameraHalWatchdog(  277): Stopped Watchdog Thread...
I/CameraClient(  277): Destroying camera 0
I/QCameraHalWatchdog(  277): Starting Watchdog Thread...
D/QCamera2HWI(  277): [KPI Perf] static int qcamera::QCamera2HardwareInterface::close_camera_device(hw_device_t*): E
D/QCamera2HWI(  277): static void* qcamera::QCamera2HardwareInterface::defferedWorkRoutine(void*): stop data proc
E/qomx_image_core(  277): OMX_Deinit:118] Complete
E/QCameraPostProc(  277): int32_t qcamera::QCameraPostProcessor::deinit(): Jpeg closed, rc = 0, mJpegClientHandle = 2a800
E/mm-camera(  422): mct_pipeline_get_stream: no children
E/mm-camera(  422): mct_pipeline_process_set:1824: Couldn't find stream
E/mm-camera-sensor(  422): module_sensor_stop_session:727 session 1
D/QCameraStateMachine(  277): static void* qcamera::QCameraStateMachine::smEvtProcRoutine(void*): X
D/QCamera2HWI(  277): [KPI Perf] static int qcamera::QCamera2HardwareInterface::close_camera_device(hw_device_t*): X
I/QCameraHalWatchdog(  277): Stopped Watchdog Thread...
E/mm-camera(  422): stats_module_stop_session: list =0xb7887250, remove port =0xb7886c00 name=stats_sink from module=0xb766da98, name=stats
E/mm-camera(  422): stats_module_stop_session: 1 port =0xb7886c00 name=stats_sink 
E/mm-camera(  422): stats_module_stop_session: 2 port =0xb7886c00 name=stats_sink 
E/mm-camera-CORE(  422): mot_af_deinit: E
E/mm-camera(  422): is_module_stop_session: Enter
E/mm-camera(  422): is_module_stop_session: Exit successful
E/mm-camera(  422): stats_module_stop_session: 3 port =0xb7886c00 name=stats_sink 
E/hdr     (  422): Session id 0x1 stopped
E/mm-camera(  422): c2d_module_stop_session:323, info: stopping session 1 ...
E/mm-camera(  422): c2d_thread_process_pipe_message:714, C2D_THREAD_MSG_ABORT: c2d_thread exiting..
E/mm-camera(  422): c2d_module_stop_session:365, info: session 1 stopped.
I/SFPerfTracer(  274):      triggers: (rate: 1155:453236) (353965 sw vsyncs) (1070099 skipped) (52:3431481 vsyncs) (54:4304853)
I/ActivityManager( 1025): Process com.google.android.gms (pid 13341) has died.
W/ActivityManager( 1025): Scheduling restart of crashed service com.google.android.gms/.analytics.service.AnalyticsService in 1000ms
E/mm-camera-sensor(  422): Got some events
E/mm-camera-sensor(  422): sensor_thread_func:152 sensor_thread_func:Sensor thread is exiting
D/dalvikvm(27213): GC_CONCURRENT freed 1619K, 34% free 13450K/20348K, paused 3ms+7ms, total 42ms
I/ActivityManager( 1025): START u0 {cmp=co.giftmeapp.gift_me/com.paypal.android.sdk.payments.PaymentConfirmActivity (has extras)} from pid 12774
W/ContextImpl( 1295): Calling a method in the system process without a qualified user: android.app.ContextImpl.sendBroadcast:1252 android.content.ContextWrapper.sendBroadcast:365 com.motorola.motocare.util.TriggerHelper$TriggerBuilder.send:76 com.motorola.motocare.internal.frameworkevents.PauseResumeTrigger.handleFrameworkEvent:53 com.motorola.motocare.internal.frameworkevents.FwEventMonitor$FrameworkListener.processFrameworkEvent:114 
W/ContextImpl( 1295): Calling a method in the system process without a qualified user: android.app.ContextImpl.sendBroadcast:1252 android.content.ContextWrapper.sendBroadcast:365 com.motorola.motocare.util.TriggerHelper$TriggerBuilder.send:76 com.motorola.motocare.internal.frameworkevents.PauseResumeTrigger.handleFrameworkEvent:53 com.motorola.motocare.internal.frameworkevents.FwEventMonitor$FrameworkListener.processFrameworkEvent:114 
D/WifiStateMachine( 1025): handleMessage: E msg.what=151572
D/WifiStateMachine( 1025): processMsg: ConnectedState
D/WifiStateMachine( 1025): processMsg: L2ConnectedState
D/WifiStateMachine( 1025): handleMessage: X
V/PhoneStatusBar( 1119): setLightsOn(true)
D/WifiStateMachine( 1025): handleMessage: E msg.what=131155
D/WifiStateMachine( 1025): processMsg: ConnectedState
D/WifiStateMachine( 1025): processMsg: L2ConnectedState
I/ActivityManager( 1025): START u0 {cmp=co.giftmeapp.gift_me/com.paypal.android.sdk.payments.LoginActivity (has extras)} from pid 12774
W/ContextImpl( 1295): Calling a method in the system process without a qualified user: android.app.ContextImpl.sendBroadcast:1252 android.content.ContextWrapper.sendBroadcast:365 com.motorola.motocare.util.TriggerHelper$TriggerBuilder.send:76 com.motorola.motocare.internal.frameworkevents.PauseResumeTrigger.handleFrameworkEvent:53 com.motorola.motocare.internal.frameworkevents.FwEventMonitor$FrameworkListener.processFrameworkEvent:114 
D/WifiStateMachine( 1025): handleMessage: X
W/ContextImpl( 1295): Calling a method in the system process without a qualified user: android.app.ContextImpl.sendBroadcast:1252 android.content.ContextWrapper.sendBroadcast:365 com.motorola.motocare.util.TriggerHelper$TriggerBuilder.send:76 com.motorola.motocare.internal.frameworkevents.PauseResumeTrigger.handleFrameworkEvent:53 com.motorola.motocare.internal.frameworkevents.FwEventMonitor$FrameworkListener.processFrameworkEvent:114 
D/dalvikvm(12774): GC_FOR_ALLOC freed 483K, 28% free 12666K/17548K, paused 24ms, total 24ms
I/dalvikvm-heap(12774): Grow heap (frag case) to 14.587MB for 193132-byte allocation
I/ActivityManager( 1025): Start proc com.google.android.inputmethod.latin for service com.google.android.inputmethod.latin/com.android.inputmethod.latin.spellcheck.AndroidSpellCheckerService: pid=15769 uid=10074 gids={50074, 3003, 1028, 1015}
V/PhoneStatusBar( 1119): setLightsOn(true)
I/LaunchCheckinHandler( 1025): Displayed co.giftmeapp.gift_me/com.paypal.android.sdk.payments.LoginActivity,wp,ca,298
I/LaunchCheckinHandler( 1025): Displayed co.giftmeapp.gift_me/com.paypal.android.sdk.payments.PaymentConfirmActivity,wp,ca,430 (total)
I/ActivityManager( 1025): Displayed co.giftmeapp.gift_me/com.paypal.android.sdk.payments.LoginActivity: +298ms (total +430ms)
D/dalvikvm(15769): Trying to load lib /data/app-lib/com.google.android.inputmethod.latin-1/libjni_unbundled_latinimegoogle.so 0x41faaec8
D/dalvikvm(15769): Added shared lib /data/app-lib/com.google.android.inputmethod.latin-1/libjni_unbundled_latinimegoogle.so 0x41faaec8
I/LatinIME:LogUtils(15769): Dictionary info: dictionary = spellcheck_userunigram.en_GB ; version = 1429896625 ; date = ?
I/ActivityManager( 1025): Process com.bambuna.podcastaddict (pid 3533) has died.
W/ActivityManager( 1025): Scheduling restart of crashed service com.bambuna.podcastaddict/.service.PodcastAddictService in 10002ms
I/LatinIME:LogUtils(15769): Dictionary info: dictionary = spellcheck_contacts.en_GB ; version = 1428508210 ; date = 1428508210
I/ActivityManager( 1025): Start proc com.google.android.gms for service com.google.android.gms/.analytics.service.AnalyticsService: pid=15793 uid=10022 gids={50022, 3003, 1007, 1028, 1015, 3002, 3001, 3007, 2001, 3006}
I/LatinIME:LogUtils(15769): Dictionary info: dictionary = main:en_gb ; version = 52 ; date = 1412572953
I/LatinIME:LogUtils(15769): Dictionary info: dictionary = main:en_gb ; version = 52 ; date = 1412572953
W/dalvikvm(15793): VFY: unable to resolve static field 658 (PR_SET_DUMPABLE) in Landroid/system/OsConstants;
D/dalvikvm(15793): VFY: replacing opcode 0x60 at 0x000b
I/MultiDex(15793): VM with version 1.6.0 does not have multidex support
I/MultiDex(15793): install
I/MultiDex(15793): MultiDexExtractor.load(/data/app/com.google.android.gms-1.apk, false)
I/MultiDex(15793): loading existing secondary dex files
I/MultiDex(15793): load found 3 secondary dex files
I/MultiDex(15793): install done
D/dalvikvm( 9630): GC_FOR_ALLOC freed 1302K, 31% free 11950K/17228K, paused 35ms, total 35ms
I/dalvikvm-heap( 9630): Grow heap (frag case) to 15.113MB for 1477456-byte allocation
I/SFPerfTracer(  274):      triggers: (rate: 1291:51281) (compose: 0:259) (post: 0:21) (render: 91:10734) (1:810486 frames) (2:3392686)
D/SFPerfTracer(  274):        layers: (3:15) (DimLayer: 0:158)* (DimLayer: 0:146)* (FocusedStackFrame: 1:22739)* (StatusBar: 1:272648) (NavigationBar: 0:210409) (DimLayer: 0:26238)* (DimLayer: 1:5019)* (com.android.wallpaper.fall.FallWallpaper: 0:5444)* (com.google.android.gm/com.google.android.gm.ConversationListActivityGmail: 0:51)* (co.giftmeapp.gift_me/co.giftmeapp.gift_me.GiftMe: 0:173)* (co.giftmeapp.gift_me/com.paypal.android.sdk.payments.PaymentActivity: 0:20)* (co.giftmeapp.gift_me/com.paypal.android.sdk.payments.PaymentMethodActivity: 0:55)* (co.giftmeapp.gift_me/com.paypal.android.sdk.payments.PaymentConfirmActivity: 0:21)* (co.giftmeapp.gift_me/com.paypal.android.sdk.payments.LoginActivity: 1:28) (InputMethod: 2:9)* 
I/ProviderInstaller(15793): Insert disabled by gate 'gms:security:enable_conscrypt_in_gms_application'
D/WifiStateMachine( 1025): handleMessage: E msg.what=151572
D/WifiStateMachine( 1025): processMsg: ConnectedState
D/WifiStateMachine( 1025): processMsg: L2ConnectedState
D/WifiStateMachine( 1025): handleMessage: X
V/AlarmManager( 1025): sending alarm Alarm{42fb8128 type 3 com.devexpert.weather}
V/AlarmManager( 1025): sending alarm Alarm{42fb7f10 type 2 com.facebook.katana}
V/AlarmManager( 1025): sending alarm Alarm{42fb7a48 type 2 com.whatsapp}
V/AlarmManager( 1025): sending alarm Alarm{42fb7280 type 1 com.rhmsoft.fm}
V/AlarmManager( 1025): sending alarm Alarm{42fb1740 type 0 com.android.vending}
I/ActivityManager( 1025): Start proc com.android.vending for service com.android.vending/com.google.android.finsky.services.ContentSyncService: pid=15825 uid=10039 gids={50039, 3003, 1028, 1015}
I/MusicLeanback(14934): Conditions not met for autocaching.
I/MusicLeanback(14934): Stop autocaching.
D/GCM     (20136): GcmService start Intent { act=com.google.android.gms.INITIALIZE flg=0x10 pkg=com.google.android.gms cmp=com.google.android.gms/.gcm.GcmService } com.google.android.gms.INITIALIZE
E/GmsUtils(14934): Failed to connect to Google API client: ConnectionResult{statusCode=unknown status code 16, resolution=null}
E/GmsUtils(14934): Failed to connect to Google API client: ConnectionResult{statusCode=unknown status code 16, resolution=null}
D/dalvikvm(27213): GC_CONCURRENT freed 1868K, 34% free 13627K/20348K, paused 3ms+13ms, total 87ms
D/AuthorizationBluetoothService(20136): Received GmsCore event: Intent { act=com.google.android.gms.INITIALIZE flg=0x10 pkg=com.google.android.gms cmp=com.google.android.gms/.auth.be.proximity.authorization.bt.AuthorizationBluetoothService$AutoStarter }.
E/AuthorizationBluetoothService(20136): Proximity feature is not enabled.
D/Finsky  (15825): [1] FinskyApp.onCreate: Initializing network with DFE https://android.clients.google.com/fdfe/
V/GmsCoreStatsServiceLauncher(15793): Received broadcast intent Intent { act=com.google.android.gms.INITIALIZE flg=0x10 pkg=com.google.android.gms cmp=com.google.android.gms/.common.stats.GmsCoreStatsServiceLauncher }
E/MDM     (23032): [445927] b.run: Couldn't connect to Google API client: ConnectionResult{statusCode=API_UNAVAILABLE, resolution=null}
I/ActivityManager( 1025): Start proc com.devexpert.weather for broadcast com.devexpert.weather/.view.WidgetWeather2x1: pid=15984 uid=10112 gids={50112, 3003, 1028, 1015}
D/LocationInitializer(15793): Restart initialization of location
I/SFPerfTracer(  274):      triggers: (rate: 1291:51282) (compose: 0:259) (post: 0:21) (render: 91:10735) (18:810504 frames) (19:3392705)
D/SFPerfTracer(  274):        layers: (4:11) (DimLayer: 0:158)* (DimLayer: 0:146)* (FocusedStackFrame: 0:22739)* (StatusBar: 0:272648) (NavigationBar: 0:210409) (DimLayer: 0:26238)* (DimLayer: 0:5019)* (com.android.wallpaper.fall.FallWallpaper: 0:5444)* (com.google.android.gm/com.google.android.gm.ConversationListActivityGmail: 0:51)* (co.giftmeapp.gift_me/com.paypal.android.sdk.payments.LoginActivity: 19:47) (InputMethod: 13:22) 
D/Finsky  (15825): [1] DailyHygiene.goMakeHygieneIfDirty: No need to run daily hygiene.
W/Settings(15825): Setting download_manager_max_bytes_over_mobile has moved from android.provider.Settings.Secure to android.provider.Settings.Global.
W/Settings(15825): Setting download_manager_recommended_max_bytes_over_mobile has moved from android.provider.Settings.Secure to android.provider.Settings.Global.
I/dalvikvm(15825): Could not find method com.google.android.play.layout.PlayCardViewBase.setTransitionName, referenced from method com.google.android.finsky.utils.PlayCardUtils.bindCard
W/dalvikvm(15825): VFY: unable to resolve virtual method 42705: Lcom/google/android/play/layout/PlayCardViewBase;.setTransitionName (Ljava/lang/String;)V
D/dalvikvm(15825): VFY: replacing opcode 0x6e at 0x00d9
I/dalvikvm(15825): Could not find method com.google.android.play.layout.PlayCardViewBase.setTransitionGroup, referenced from method com.google.android.finsky.utils.PlayCardUtils.bindCard
W/dalvikvm(15825): VFY: unable to resolve virtual method 42704: Lcom/google/android/play/layout/PlayCardViewBase;.setTransitionGroup (Z)V
D/dalvikvm(15825): VFY: replacing opcode 0x6e at 0x0246
I/dalvikvm(15825): Could not find method android.view.View.getTransitionName, referenced from method com.google.android.finsky.navigationmanager.NavigationManager.showPage
W/dalvikvm(15825): VFY: unable to resolve virtual method 9352: Landroid/view/View;.getTransitionName ()Ljava/lang/String;
D/dalvikvm(15825): VFY: replacing opcode 0x6e at 0x001a
D/dalvikvm(27213): GC_EXPLICIT freed 1014K, 35% free 13344K/20348K, paused 3ms+5ms, total 40ms
D/Finsky  (15825): [1] 2.run: Loaded library for account: [gKXbJhL8NA2nPUzZyFpjB6tKi7U]
D/Finsky  (15825): [1] 2.run: Finished loading 1 libraries.
D/Finsky  (15825): [1] GmsCoreHelper.cleanupNlp: result=false type=4
I/dalvikvm(15825): Total arena pages for JIT: 11
I/dalvikvm(15825): Total arena pages for JIT: 12
I/dalvikvm(15825): Total arena pages for JIT: 13
I/dalvikvm(15825): Total arena pages for JIT: 14
D/Finsky  (15825): [1] RestoreTracker.stopServiceIfDone: Restore complete with 0 success and 0 failed.
D/dalvikvm(27213): GC_EXPLICIT freed 724K, 35% free 13351K/20348K, paused 4ms+6ms, total 41ms
I/ActivityManager( 1025): Process com.devexpert.weather (pid 15984) has died.
D/dalvikvm(20136): GC_EXPLICIT freed 201K, 41% free 10303K/17224K, paused 3ms+6ms, total 47ms
D/WifiStateMachine( 1025): handleMessage: E msg.what=151572
D/WifiStateMachine( 1025): processMsg: ConnectedState
D/WifiStateMachine( 1025): processMsg: L2ConnectedState
D/WifiStateMachine( 1025): handleMessage: X
D/dalvikvm(27213): GC_EXPLICIT freed 723K, 35% free 13361K/20348K, paused 2ms+5ms, total 38ms
D/Finsky  (15825): [1] 5.onFinished: Installation state replication succeeded.
I/ActivityManager( 1025): Process com.android.vending (pid 15825) has died.
D/WifiStateMachine( 1025): handleMessage: E msg.what=151572
D/WifiStateMachine( 1025): processMsg: ConnectedState
D/WifiStateMachine( 1025): processMsg: L2ConnectedState
D/WifiStateMachine( 1025): handleMessage: X
D/WifiStateMachine( 1025): handleMessage: E msg.what=131155
D/WifiStateMachine( 1025): processMsg: ConnectedState
D/WifiStateMachine( 1025): processMsg: L2ConnectedState
D/WifiStateMachine( 1025): handleMessage: X
I/SFPerfTracer(  274):      triggers: (rate: 1155:453236) (353965 sw vsyncs) (1070099 skipped) (0:3431565 vsyncs) (2:4304954)
D/WifiStateMachine( 1025): handleMessage: E msg.what=151572
D/WifiStateMachine( 1025): processMsg: ConnectedState
D/WifiStateMachine( 1025): processMsg: L2ConnectedState
D/WifiStateMachine( 1025): handleMessage: X
I/MDMCTBK (  273): NetlinkHandler, power_supply subsys
I/MDMCTBK (  273): NetlinkHandler, usbChargerStateChanged
I/MDMCTBK (  273): checkDefaultInst, current pid is = 273
I/MDMCTBK (  273): checkDefaultInst, pid match
I/MDMCTBK (  273): MdmCutbackHndler,readFromFile = /sys/class/power_supply/usb/online
I/MDMCTBK (  273): MdmCutbackHndler,readFromFile = 
E/MDMCTBK (  273): MdmCutbackHndler,Could not open ''
I/ActivityManager( 1025): Process android.process.media (pid 11666) has died.
W/ActivityManager( 1025): Scheduling restart of crashed service com.android.providers.media/.MtpService in 16185ms
I/MDMCTBK (  273): NetlinkHandler, power_supply subsys
I/MDMCTBK (  273): NetlinkHandler, usbChargerStateChanged
I/MDMCTBK (  273): checkDefaultInst, current pid is = 273
I/MDMCTBK (  273): checkDefaultInst, pid match
I/MDMCTBK (  273): MdmCutbackHndler,readFromFile = /sys/class/power_supply/usb/online
I/MDMCTBK (  273): MdmCutbackHndler,readFromFile = 
E/MDMCTBK (  273): MdmCutbackHndler,Could not open ''
D/dalvikvm( 1295): GC_CONCURRENT freed 1916K, 46% free 9342K/17224K, paused 1ms+1ms, total 17ms
I/ActivityManager( 1025): Process com.mobisystems.ubreader_west (pid 2586) has died.
W/ActivityManager( 1025): Scheduling restart of crashed service com.mobisystems.ubreader_west/com.mobisystems.ubreader.launcher.service.NetworkService in 25756ms
D/dalvikvm( 1025): GC_EXPLICIT freed 728K, 39% free 31039K/50444K, paused 5ms+17ms, total 174ms
D/dalvikvm( 9630): GC_CONCURRENT freed 485K, 29% free 13433K/18672K, paused 3ms+5ms, total 34ms
W/ContextImpl( 1295): Calling a method in the system process without a qualified user: android.app.ContextImpl.sendBroadcast:1252 android.content.ContextWrapper.sendBroadcast:365 com.motorola.motocare.util.TriggerHelper$TriggerBuilder.send:76 com.motorola.motocare.internal.frameworkevents.ProcessKillTrigger.sendTrigger:147 com.motorola.motocare.internal.frameworkevents.ProcessKillTrigger.handleLmkKill:337 
W/ContextImpl( 1295): Calling a method in the system process without a qualified user: android.app.ContextImpl.sendBroadcast:1252 android.content.ContextWrapper.sendBroadcast:365 com.motorola.motocare.util.TriggerHelper$TriggerBuilder.send:76 com.motorola.motocare.internal.frameworkevents.ProcessKillTrigger.sendTrigger:147 com.motorola.motocare.internal.frameworkevents.ProcessKillTrigger.handleLmkKill:337 
W/ContextImpl( 1295): Calling a method in the system process without a qualified user: android.app.ContextImpl.sendBroadcast:1252 android.content.ContextWrapper.sendBroadcast:365 com.motorola.motocare.util.TriggerHelper$TriggerBuilder.send:76 com.motorola.motocare.internal.frameworkevents.ProcessKillTrigger.sendTrigger:147 com.motorola.motocare.internal.frameworkevents.ProcessKillTrigger.handleLmkKill:337 
W/ContextImpl( 1295): Calling a method in the system process without a qualified user: android.app.ContextImpl.sendBroadcast:1252 android.content.ContextWrapper.sendBroadcast:365 com.motorola.motocare.util.TriggerHelper$TriggerBuilder.send:76 com.motorola.motocare.internal.frameworkevents.ProcessKillTrigger.sendTrigger:147 com.motorola.motocare.internal.frameworkevents.ProcessKillTrigger.handleLmkKill:337 
W/ContextImpl( 1295): Calling a method in the system process without a qualified user: android.app.ContextImpl.sendBroadcast:1252 android.content.ContextWrapper.sendBroadcast:365 com.motorola.motocare.util.TriggerHelper$TriggerBuilder.send:76 com.motorola.motocare.internal.frameworkevents.ProcessKillTrigger.sendTrigger:147 com.motorola.motocare.internal.frameworkevents.ProcessKillTrigger.handleLmkKill:337 
W/ContextImpl( 1295): Calling a method in the system process without a qualified user: android.app.ContextImpl.sendBroadcast:1252 android.content.ContextWrapper.sendBroadcast:365 com.motorola.motocare.util.TriggerHelper$TriggerBuilder.send:76 com.motorola.motocare.internal.frameworkevents.ProcessKillTrigger.sendTrigger:147 com.motorola.motocare.internal.frameworkevents.ProcessKillTrigger.handleLmkKill:337 
W/ContextImpl( 1295): Calling a method in the system process without a qualified user: android.app.ContextImpl.sendBroadcast:1252 android.content.ContextWrapper.sendBroadcast:365 com.motorola.motocare.util.TriggerHelper$TriggerBuilder.send:76 com.motorola.motocare.internal.frameworkevents.ProcessKillTrigger.sendTrigger:147 com.motorola.motocare.internal.frameworkevents.ProcessKillTrigger.handleLmkKill:337 
W/ContextImpl( 1295): Calling a method in the system process without a qualified user: android.app.ContextImpl.sendBroadcast:1252 android.content.ContextWrapper.sendBroadcast:365 com.motorola.motocare.util.TriggerHelper$TriggerBuilder.send:76 com.motorola.motocare.internal.frameworkevents.ProcessKillTrigger.sendTrigger:147 com.motorola.motocare.internal.frameworkevents.ProcessKillTrigger.handleLmkKill:337 
W/ContextImpl( 1295): Calling a method in the system process without a qualified user: android.app.ContextImpl.sendBroadcast:1252 android.content.ContextWrapper.sendBroadcast:365 com.motorola.motocare.util.TriggerHelper$TriggerBuilder.send:76 com.motorola.motocare.internal.frameworkevents.ProcessKillTrigger.sendTrigger:147 com.motorola.motocare.internal.frameworkevents.ProcessKillTrigger.handleLmkKill:337 
W/ContextImpl( 1295): Calling a method in the system process without a qualified user: android.app.ContextImpl.sendBroadcast:1252 android.content.ContextWrapper.sendBroadcast:365 com.motorola.motocare.util.TriggerHelper$TriggerBuilder.send:76 com.motorola.motocare.internal.frameworkevents.ProcessKillTrigger.sendTrigger:147 com.motorola.motocare.internal.frameworkevents.ProcessKillTrigger.handleLmkKill:337 
W/ContextImpl( 1295): Calling a method in the system process without a qualified user: android.app.ContextImpl.sendBroadcast:1252 android.content.ContextWrapper.sendBroadcast:365 com.motorola.motocare.util.TriggerHelper$TriggerBuilder.send:76 com.motorola.motocare.internal.frameworkevents.ProcessKillTrigger.sendTrigger:147 com.motorola.motocare.internal.frameworkevents.ProcessKillTrigger.handleLmkKill:337 
W/ContextImpl( 1295): Calling a method in the system process without a qualified user: android.app.ContextImpl.sendBroadcast:1252 android.content.ContextWrapper.sendBroadcast:365 com.motorola.motocare.util.TriggerHelper$TriggerBuilder.send:76 com.motorola.motocare.internal.frameworkevents.ProcessKillTrigger.sendTrigger:147 com.motorola.motocare.internal.frameworkevents.ProcessKillTrigger.handleLmkKill:337 
W/ContextImpl( 1295): Calling a method in the system process without a qualified user: android.app.ContextImpl.sendBroadcast:1252 android.content.ContextWrapper.sendBroadcast:365 com.motorola.motocare.util.TriggerHelper$TriggerBuilder.send:76 com.motorola.motocare.internal.frameworkevents.ProcessKillTrigger.sendTrigger:147 com.motorola.motocare.internal.frameworkevents.ProcessKillTrigger.handleLmkKill:337 
W/ContextImpl( 1295): Calling a method in the system process without a qualified user: android.app.ContextImpl.sendBroadcast:1252 android.content.ContextWrapper.sendBroadcast:365 com.motorola.motocare.util.TriggerHelper$TriggerBuilder.send:76 com.motorola.motocare.internal.frameworkevents.ProcessKillTrigger.sendTrigger:147 com.motorola.motocare.internal.frameworkevents.ProcessKillTrigger.handleLmkKill:337 
I/ServiceManager(  260): service 'AtCmdFwd' died
I/ActivityManager( 1025): Process com.qualcomm.atfwd (pid 2667) has died.
W/ActivityManager( 1025): Scheduling restart of crashed service com.qualcomm.atfwd/.AtFwdService in 35522ms
W/ContextImpl( 1295): Calling a method in the system process without a qualified user: android.app.ContextImpl.sendBroadcast:1252 android.content.ContextWrapper.sendBroadcast:365 com.motorola.motocare.util.TriggerHelper$TriggerBuilder.send:76 com.motorola.motocare.internal.frameworkevents.ProcessKillTrigger.sendTrigger:147 com.motorola.motocare.internal.frameworkevents.ProcessKillTrigger.handleLmkKill:337 
W/ContextImpl( 1295): Calling a method in the system process without a qualified user: android.app.ContextImpl.sendBroadcast:1252 android.content.ContextWrapper.sendBroadcast:365 com.motorola.motocare.util.TriggerHelper$TriggerBuilder.send:76 com.motorola.motocare.internal.frameworkevents.ProcessKillTrigger.sendTrigger:147 com.motorola.motocare.internal.frameworkevents.ProcessKillTrigger.handleLmkKill:337 
W/ContextImpl( 1295): Calling a method in the system process without a qualified user: android.app.ContextImpl.sendBroadcast:1252 android.content.ContextWrapper.sendBroadcast:365 com.motorola.motocare.util.TriggerHelper$TriggerBuilder.send:76 com.motorola.motocare.internal.frameworkevents.ProcessKillTrigger.sendTrigger:147 com.motorola.motocare.internal.frameworkevents.ProcessKillTrigger.handleLmkKill:337 
W/ContextImpl( 1295): Calling a method in the system process without a qualified user: android.app.ContextImpl.sendBroadcast:1252 android.content.ContextWrapper.sendBroadcast:365 com.motorola.motocare.util.TriggerHelper$TriggerBuilder.send:76 com.motorola.motocare.internal.frameworkevents.ProcessKillTrigger.sendTrigger:147 com.motorola.motocare.internal.frameworkevents.ProcessKillTrigger.handleLmkKill:337 
W/ContextImpl( 1295): Calling a method in the system process without a qualified user: android.app.ContextImpl.sendBroadcast:1252 android.content.ContextWrapper.sendBroadcast:365 com.motorola.motocare.util.TriggerHelper$TriggerBuilder.send:76 com.motorola.motocare.internal.frameworkevents.ProcessKillTrigger.sendTrigger:147 com.motorola.motocare.internal.frameworkevents.ProcessKillTrigger.handleLmkKill:337 
W/ContextImpl( 1295): Calling a method in the system process without a qualified user: android.app.ContextImpl.sendBroadcast:1252 android.content.ContextWrapper.sendBroadcast:365 com.motorola.motocare.util.TriggerHelper$TriggerBuilder.send:76 com.motorola.motocare.internal.frameworkevents.ProcessKillTrigger.sendTrigger:147 com.motorola.motocare.internal.frameworkevents.ProcessKillTrigger.handleLmkKill:337 
W/ContextImpl( 1295): Calling a method in the system process without a qualified user: android.app.ContextImpl.sendBroadcast:1252 android.content.ContextWrapper.sendBroadcast:365 com.motorola.motocare.util.TriggerHelper$TriggerBuilder.send:76 com.motorola.motocare.internal.frameworkevents.ProcessKillTrigger.sendTrigger:147 com.motorola.motocare.internal.frameworkevents.ProcessKillTrigger.handleLmkKill:337 
W/ContextImpl( 1295): Calling a method in the system process without a qualified user: android.app.ContextImpl.sendBroadcast:1252 android.content.ContextWrapper.sendBroadcast:365 com.motorola.motocare.util.TriggerHelper$TriggerBuilder.send:76 com.motorola.motocare.internal.frameworkevents.ProcessKillTrigger.sendTrigger:147 com.motorola.motocare.internal.frameworkevents.ProcessKillTrigger.handleLmkKill:337 
W/ContextImpl( 1295): Calling a method in the system process without a qualified user: android.app.ContextImpl.sendBroadcast:1252 android.content.ContextWrapper.sendBroadcast:365 com.motorola.motocare.util.TriggerHelper$TriggerBuilder.send:76 com.motorola.motocare.internal.frameworkevents.ProcessKillTrigger.sendTrigger:147 com.motorola.motocare.internal.frameworkevents.ProcessKillTrigger.handleLmkKill:337 
W/ContextImpl( 1295): Calling a method in the system process without a qualified user: android.app.ContextImpl.sendBroadcast:1252 android.content.ContextWrapper.sendBroadcast:36