W/ContextImpl( 1295): Calling a method in the system process without a qualified user: android.app.ContextImpl.sendBroadcast:1252 android.content.ContextWrapper.sendBroadcast:365 com.motorola.motocare.util.TriggerHelper$TriggerBuilder.send:76 com.motorola.motocare.internal.frameworkevents.ProcessKillTrigger.sendTrigger:147 com.motorola.motocare.internal.frameworkevents.ProcessKillTrigger.handleLmkKill:337 
W/ContextImpl( 1295): Calling a method in the system process without a qualified user: android.app.ContextImpl.sendBroadcast:1252 android.content.ContextWrapper.sendBroadcast:365 com.motorola.motocare.util.TriggerHelper$TriggerBuilder.send:76 com.motorola.motocare.internal.frameworkevents.ProcessKillTrigger.sendTrigger:147 com.motorola.motocare.internal.frameworkevents.ProcessKillTrigger.handleLmkKill:337 
W/ContextImpl( 1295): Calling a method in the system process without a qualified user: android.app.ContextImpl.sendBroadcast:1252 android.content.ContextWrapper.sendBroadcast:365 com.motorola.motocare.util.TriggerHelper$TriggerBuilder.send:76 com.motorola.motocare.internal.frameworkevents.ProcessKillTrigger.sendTrigger:147 com.motorola.motocare.internal.frameworkevents.ProcessKillTrigger.handleLmkKill:337 
W/ContextImpl( 1295): Calling a method in the system process without a qualified user: android.app.ContextImpl.sendBroadcast:1252 android.content.ContextWrapper.sendBroadcast:365 com.motorola.motocare.util.TriggerHelper$TriggerBuilder.send:76 com.motorola.motocare.internal.frameworkevents.ProcessKillTrigger.sendTrigger:147 com.motorola.motocare.internal.frameworkevents.ProcessKillTrigger.handleLmkKill:337 
W/ContextImpl( 1295): Calling a method in the system process without a qualified user: android.app.ContextImpl.sendBroadcast:1252 android.content.ContextWrapper.sendBroadcast:365 com.motorola.motocare.util.TriggerHelper$TriggerBuilder.send:76 com.motorola.motocare.internal.frameworkevents.ProcessKillTrigger.sendTrigger:147 com.motorola.motocare.internal.frameworkevents.ProcessKillTrigger.handleLmkKill:337 
W/ContextImpl( 1295): Calling a method in the system process without a qualified user: android.app.ContextImpl.sendBroadcast:1252 android.content.ContextWrapper.sendBroadcast:365 com.motorola.motocare.util.TriggerHelper$TriggerBuilder.send:76 com.motorola.motocare.internal.frameworkevents.ProcessKillTrigger.sendTrigger:147 com.motorola.motocare.internal.frameworkevents.ProcessKillTrigger.handleLmkKill:337 
W/ContextImpl( 1295): Calling a method in the system process without a qualified user: android.app.ContextImpl.sendBroadcast:1252 android.content.ContextWrapper.sendBroadcast:365 com.motorola.motocare.util.TriggerHelper$TriggerBuilder.send:76 com.motorola.motocare.internal.frameworkevents.ProcessKillTrigger.sendTrigger:147 com.motorola.motocare.internal.frameworkevents.ProcessKillTrigger.handleLmkKill:337 
W/ContextImpl( 1295): Calling a method in the system process without a qualified user: android.app.ContextImpl.sendBroadcast:1252 android.content.ContextWrapper.sendBroadcast:365 com.motorola.motocare.util.TriggerHelper$TriggerBuilder.send:76 com.motorola.motocare.internal.frameworkevents.ProcessKillTrigger.sendTrigger:147 com.motorola.motocare.internal.frameworkevents.ProcessKillTrigger.handleLmkKill:337 
W/ContextImpl( 1295): Calling a method in the system process without a qualified user: android.app.ContextImpl.sendBroadcast:1252 android.content.ContextWrapper.sendBroadcast:365 com.motorola.motocare.util.TriggerHelper$TriggerBuilder.send:76 com.motorola.motocare.internal.frameworkevents.ProcessKillTrigger.sendTrigger:147 com.motorola.motocare.internal.frameworkevents.ProcessKillTrigger.handleLmkKill:337 
W/ContextImpl( 1295): Calling a method in the system process without a qualified user: android.app.ContextImpl.sendBroadcast:1252 android.content.ContextWrapper.sendBroadcast:365 com.motorola.motocare.util.TriggerHelper$TriggerBuilder.send:76 com.motorola.motocare.internal.frameworkevents.ProcessKillTrigger.sendTrigger:147 com.motorola.motocare.internal.frameworkevents.ProcessKillTrigger.handleLmkKill:337 
W/ContextImpl( 1295): Calling a method in the system process without a qualified user: android.app.ContextImpl.sendBroadcast:1252 android.content.ContextWrapper.sendBroadcast:365 com.motorola.motocare.util.TriggerHelper$TriggerBuilder.send:76 com.motorola.motocare.internal.frameworkevents.ProcessKillTrigger.sendTrigger:147 com.motorola.motocare.internal.frameworkevents.ProcessKillTrigger.handleLmkKill:337 
W/ContextImpl( 1295): Calling a method in the system process without a qualified user: android.app.ContextImpl.sendBroadcast:1252 android.content.ContextWrapper.sendBroadcast:365 com.motorola.motocare.util.TriggerHelper$TriggerBuilder.send:76 com.motorola.motocare.internal.frameworkevents.ProcessKillTrigger.sendTrigger:147 com.motorola.motocare.internal.frameworkevents.ProcessKillTrigger.handleLmkKill:337 
W/ContextImpl( 1295): Calling a method in the system process without a qualified user: android.app.ContextImpl.sendBroadcast:1252 android.content.ContextWrapper.sendBroadcast:365 com.motorola.motocare.util.TriggerHelper$TriggerBuilder.send:76 com.motorola.motocare.internal.frameworkevents.ProcessKillTrigger.sendTrigger:147 com.motorola.motocare.internal.frameworkevents.ProcessKillTrigger.handleLmkKill:337 
W/ContextImpl( 1295): Calling a method in the system process without a qualified user: android.app.ContextImpl.sendBroadcast:1252 android.content.ContextWrapper.sendBroadcast:365 com.motorola.motocare.util.TriggerHelper$TriggerBuilder.send:76 com.motorola.motocare.internal.frameworkevents.ProcessKillTrigger.sendTrigger:147 com.motorola.motocare.internal.frameworkevents.ProcessKillTrigger.handleLmkKill:337 
W/ContextImpl( 1295): Calling a method in the system process without a qualified user: android.app.ContextImpl.sendBroadcast:1252 android.content.ContextWrapper.sendBroadcast:365 com.motorola.motocare.util.TriggerHelper$TriggerBuilder.send:76 com.motorola.motocare.internal.frameworkevents.ProcessKillTrigger.sendTrigger:147 com.motorola.motocare.internal.frameworkevents.ProcessKillTrigger.handleLmkKill:337 
W/ContextImpl( 1295): Calling a method in the system process without a qualified user: android.app.ContextImpl.sendBroadcast:1252 android.content.ContextWrapper.sendBroadcast:365 com.motorola.motocare.util.TriggerHelper$TriggerBuilder.send:76 com.motorola.motocare.internal.frameworkevents.ProcessKillTrigger.sendTrigger:147 com.motorola.motocare.internal.frameworkevents.ProcessKillTrigger.handleLmkKill:337 
W/ContextImpl( 1295): Calling a method in the system process without a qualified user: android.app.ContextImpl.sendBroadcast:1252 android.content.ContextWrapper.sendBroadcast:365 com.motorola.motocare.util.TriggerHelper$TriggerBuilder.send:76 com.motorola.motocare.internal.frameworkevents.ProcessKillTrigger.sendTrigger:147 com.motorola.motocare.internal.frameworkevents.ProcessKillTrigger.handleLmkKill:337 
W/ContextImpl( 1295): Calling a method in the system process without a qualified user: android.app.ContextImpl.sendBroadcast:1252 android.content.ContextWrapper.sendBroadcast:365 com.motorola.motocare.util.TriggerHelper$TriggerBuilder.send:76 com.motorola.motocare.internal.frameworkevents.ProcessKillTrigger.sendTrigger:147 com.motorola.motocare.internal.frameworkevents.ProcessKillTrigger.handleLmkKill:337 
W/ContextImpl( 1295): Calling a method in the system process without a qualified user: android.app.ContextImpl.sendBroadcast:1252 android.content.ContextWrapper.sendBroadcast:365 com.motorola.motocare.util.TriggerHelper$TriggerBuilder.send:76 com.motorola.motocare.internal.frameworkevents.ProcessKillTrigger.sendTrigger:147 com.motorola.motocare.internal.frameworkevents.ProcessKillTrigger.handleLmkKill:337 
W/ContextImpl( 1295): Calling a method in the system process without a qualified user: android.app.ContextImpl.sendBroadcast:1252 android.content.ContextWrapper.sendBroadcast:365 com.motorola.motocare.util.TriggerHelper$TriggerBuilder.send:76 com.motorola.motocare.internal.frameworkevents.ProcessKillTrigger.sendTrigger:147 com.motorola.motocare.internal.frameworkevents.ProcessKillTrigger.handleLmkKill:337 
W/ContextImpl( 1295): Calling a method in the system process without a qualified user: android.app.ContextImpl.sendBroadcast:1252 android.content.ContextWrapper.sendBroadcast:365 com.motorola.motocare.util.TriggerHelper$TriggerBuilder.send:76 com.motorola.motocare.internal.frameworkevents.ProcessKillTrigger.sendTrigger:147 com.motorola.motocare.internal.frameworkevents.ProcessKillTrigger.handleLmkKill:337 
W/ContextImpl( 1295): Calling a method in the system process without a qualified user: android.app.ContextImpl.sendBroadcast:1252 android.content.ContextWrapper.sendBroadcast:365 com.motorola.motocare.util.TriggerHelper$TriggerBuilder.send:76 com.motorola.motocare.internal.frameworkevents.ProcessKillTrigger.sendTrigger:147 com.motorola.motocare.internal.frameworkevents.ProcessKillTrigger.handleLmkKill:337 
V/AlarmManager( 1025): sending alarm Alarm{42b678f8 type 2 com.facebook.katana}
V/AlarmManager( 1025): sending alarm Alarm{42b66e50 type 2 com.facebook.orca}
V/AlarmManager( 1025): sending alarm Alarm{42b5d1f8 type 3 com.devexpert.weather}
V/AlarmManager( 1025): sending alarm Alarm{42b5cba8 type 2 free.reddit.news}
I/ActivityManager( 1025): Start proc free.reddit.news for service free.reddit.news/reddit.news.services.InboxServiceFree: pid=2379 uid=10115 gids={50115, 3003, 1028, 1015}
V/AlarmManager( 1025): sending alarm Alarm{42b58938 type 0 com.rhmsoft.fm}
V/AlarmManager( 1025): sending alarm Alarm{42b733e0 type 1 com.rhmsoft.fm}
I/ActivityManager( 1025): Start proc com.devexpert.weather for broadcast com.devexpert.weather/.view.WidgetWeather2x1: pid=2392 uid=10112 gids={50112, 3003, 1028, 1015}
W/Vold    (  261): Returning OperationFailed - no handler for errno 30
I/ActivityManager( 1025): Process com.devexpert.weather (pid 2392) has died.
I/ActivityManager( 1025): Process free.reddit.news (pid 2379) has died.
I/ActivityManager( 1025): Start proc com.whatsapp for service com.whatsapp/.messaging.MessageService: pid=2444 uid=10107 gids={50107, 3002, 3003, 1028, 1015}
V/AlarmManager( 1025): sending alarm Alarm{424bffa0 type 3 com.whatsapp}
I/ActivityManager( 1025): Start proc android.process.acore for content provider com.android.providers.contacts/.ContactsProvider2: pid=2486 uid=10010 gids={50010, 3003, 1028, 1015, 1023}
I/ActivityManager( 1025): Start proc com.android.vending for service com.android.vending/com.google.android.finsky.billing.iab.InAppBillingService: pid=2503 uid=10039 gids={50039, 3003, 1028, 1015}
V/AlarmManager( 1025): sending alarm Alarm{42df9c50 type 3 com.whatsapp}
I/ActivityManager( 1025): Process android.process.acore (pid 2486) has died.
V/AlarmManager( 1025): sending alarm Alarm{427f0940 type 3 android}
W/ContextImpl( 1295): Calling a method in the system process without a qualified user: android.app.ContextImpl.sendBroadcast:1252 android.content.ContextWrapper.sendBroadcast:365 com.motorola.motocare.util.TriggerHelper$TriggerBuilder.send:76 com.motorola.motocare.internal.frameworkevents.ProcessKillTrigger.sendTrigger:147 com.motorola.motocare.internal.frameworkevents.ProcessKillTrigger.handleLmkKill:337 
W/ContextImpl( 1295): Calling a method in the system process without a qualified user: android.app.ContextImpl.sendBroadcast:1252 android.content.ContextWrapper.sendBroadcast:365 com.motorola.motocare.util.TriggerHelper$TriggerBuilder.send:76 com.motorola.motocare.internal.frameworkevents.ProcessKillTrigger.sendTrigger:147 com.motorola.motocare.internal.frameworkevents.ProcessKillTrigger.handleLmkKill:337 
W/ContextImpl( 1295): Calling a method in the system process without a qualified user: android.app.ContextImpl.sendBroadcast:1252 android.content.ContextWrapper.sendBroadcast:365 com.motorola.motocare.util.TriggerHelper$TriggerBuilder.send:76 com.motorola.motocare.internal.frameworkevents.ProcessKillTrigger.sendTrigger:147 com.motorola.motocare.internal.frameworkevents.ProcessKillTrigger.handleLmkKill:337 
V/AlarmManager( 1025): sending alarm Alarm{429dc300 type 3 android}
V/AlarmManager( 1025): sending alarm Alarm{42ba8640 type 2 com.whatsapp}
V/AlarmManager( 1025): sending alarm Alarm{427e4978 type 3 com.devexpert.weather}
V/AlarmManager( 1025): sending alarm Alarm{427de758 type 2 com.google.android.gms}
V/AlarmManager( 1025): sending alarm Alarm{427de580 type 1 com.android.chrome}
I/ActivityManager( 1025): Start proc com.android.chrome for service com.android.chrome/com.google.android.apps.chrome.omaha.OmahaClient: pid=2607 uid=10057 gids={50057, 3003, 1028, 1015}
I/ActivityManager( 1025): Start proc com.devexpert.weather for broadcast com.devexpert.weather/.view.WidgetWeather2x1: pid=2621 uid=10112 gids={50112, 3003, 1028, 1015}
I/ActivityManager( 1025): Process com.android.vending (pid 2503) has died.
D/ConnectivityService( 1025): handleInetConditionHoldEnd: net=1, condition=100, published condition=100
V/AlarmManager( 1025): sending alarm Alarm{42014128 type 3 com.devexpert.weather}
V/AlarmManager( 1025): sending alarm Alarm{42009e90 type 2 com.whatsapp}
V/AlarmManager( 1025): sending alarm Alarm{41ff2d00 type 3 android}
D/WifiService( 1025): acquireWifiLockLocked: WifiLock{NlpWifiLock type=2 binder=android.os.BinderProxy@42a235d8}
D/ConnectivityService( 1025): startUsingNetworkFeature reconnecting to 0: enableSUPL
D/ConnectivityService( 1025): startUsingNetworkFeature X: return APN_REQUEST_STARTED
D/MobileDataStateTracker( 1025): supl: Broadcast received: android.intent.action.ANY_DATA_STATE apnType=supl
D/MobileDataStateTracker( 1025): supl: Received state=CONNECTING, old=DISCONNECTED, reason=dataEnabled
D/MobileDataStateTracker( 1025): supl: setDetailed state, old =IDLE and new state=CONNECTING
I/ActivityManager( 1025): Start proc com.android.mms for broadcast com.android.mms/.transaction.MmsSystemEventReceiver: pid=2660 uid=10031 gids={50031, 3003, 1028, 1015}
I/ActivityManager( 1025): Start proc android.process.acore for content provider com.android.providers.contacts/.ContactsProvider2: pid=2687 uid=10010 gids={50010, 3003, 1028, 1015, 1023}
F/ProcessStats( 1025): Starting service ServiceState{42a4cec0 com.facebook.push.mqtt.service.MqttPushService pkg=com.facebook.katana proc=42a4cec0} without owner
I/ActivityManager( 1025): Process com.android.chrome (pid 2607) has died.
F/ProcessStats( 1025): Starting service ServiceState{42a4cec0 com.facebook.push.mqtt.service.MqttPushService pkg=com.facebook.katana proc=42a4cec0} without owner
D/WifiService( 1025): releaseWifiLockLocked: WifiLock{NlpWifiLock type=2 binder=android.os.BinderProxy@42a235d8}
I/ActivityManager( 1025): Process com.devexpert.weather (pid 2621) has died.
D/ConnectivityService( 1025): stopUsingNetworkFeature: teardown net 0: enableSUPL
I/ActivityManager( 1025): Process com.android.mms (pid 2660) has died.
I/ActivityManager( 1025): Process android.process.acore (pid 2687) has died.
D/MobileDataStateTracker( 1025): supl: Broadcast received: android.intent.action.ANY_DATA_STATE apnType=supl
D/MobileDataStateTracker( 1025): supl: Received state=DISCONNECTED, old=CONNECTING, reason=connected
D/MobileDataStateTracker( 1025): supl: setDetailed state, old =CONNECTING and new state=DISCONNECTED
D/ConnectivityService( 1025): ConnectivityChange for mobile_supl: DISCONNECTED/DISCONNECTED
D/Nat464Xlat( 1025): requiresClat: netType=3, hasIPv4Address=true
I/ActivityManager( 1025): Start proc com.android.mms for broadcast com.android.mms/.transaction.MmsSystemEventReceiver: pid=2734 uid=10031 gids={50031, 3003, 1028, 1015}
D/MobileDataStateTracker( 1025): default: setPolicyDataEnable(enabled=true)
D/MobileDataStateTracker( 1025): default: setPolicyDataEnable(enabled=true)
D/MobileDataStateTracker( 1025): default: setPolicyDataEnable(enabled=true)
D/MobileDataStateTracker( 1025): default: setPolicyDataEnable(enabled=true)
I/ActivityManager( 1025): Start proc android.process.acore for content provider com.android.providers.contacts/.ContactsProvider2: pid=2764 uid=10010 gids={50010, 3003, 1028, 1015, 1023}
I/ActivityManager( 1025): Process com.android.mms (pid 2734) has died.
I/ActivityManager( 1025): Process android.process.acore (pid 2764) has died.
E/ActivityThread(18647): Failed to find provider info for com.motorola.blur.setupprovider
E/ActivityThread(18647): Failed to find provider info for com.motorola.blur.setupprovider
I/openssl (31349): Crypto mode not selected, openssl will run on its regular mode.
I/openssl (31349): Crypto mode 0 already enabled
I/ActivityManager( 1025): Start proc com.android.mms for broadcast com.android.mms/.transaction.MmsSystemEventReceiver: pid=2814 uid=10031 gids={50031, 3003, 1028, 1015}
I/ActivityManager( 1025): Start proc com.google.android.setupwizard for broadcast com.google.android.setupwizard/.MobileConnectivityChangeReceiver: pid=2834 uid=10042 gids={50042, 3003}
I/ActivityManager( 1025): Process com.android.mms (pid 2814) has died.
I/ActivityManager( 1025): Start proc com.google.android.apps.magazines for broadcast com.google.android.apps.magazines/com.google.apps.dots.android.newsstand.appwidget.NewsWidgetProvider: pid=2852 uid=10077 gids={50077, 3003, 1028, 1015}
I/ActivityManager( 1025): Process com.google.android.setupwizard (pid 2834) has died.
W/Vold    (  261): Returning OperationFailed - no handler for errno 30
W/Vold    (  261): Returning OperationFailed - no handler for errno 30
W/Vold    (  261): Returning OperationFailed - no handler for errno 30
W/Vold    (  261): Returning OperationFailed - no handler for errno 30
I/ActivityManager( 1025): Start proc com.google.android.gms.unstable for service com.google.android.gms/.droidguard.DroidGuardService: pid=2886 uid=10022 gids={50022, 3003, 1007, 1028, 1015, 3002, 3001, 3007, 2001, 3006}
D/ConnectivityService( 1025): handleInetConditionHoldEnd: net=1, condition=100, published condition=100
--------- beginning of /dev/log/main
I/ModemStatsDSDetect( 1327): INET_CONDITION=100 ,activeNet=NetworkInfo: type: WIFI[], state: CONNECTED/CONNECTED, reason: (unspecified), extra: "Moulin Rouge", roaming: false, failover: false, isAvailable: true, isConnectedToProvisioningNetwork: false
I/ModemStatsDSDetect( 1327): onReceive() - done, currentInetCondition=100
D/dalvikvm( 1025): GC_EXPLICIT freed 1254K, 40% free 30432K/50444K, paused 6ms+16ms, total 162ms
I/NSApplication( 2852): Starting up...
I/ProviderInstaller( 2886): Insert disabled by gate 'gms:security:enable_conscrypt_in_gms_application'
I/ActivityManager( 1025): Start proc com.google.android.talk for broadcast com.google.android.talk/com.google.android.apps.hangouts.service.NetworkStateReceiver: pid=2917 uid=10071 gids={50071, 3003, 1028, 1015, 3002}
D/AudioManagerAndroid( 2852): ==> onReceive: s=0, m=1, n=h2w, sb=true
D/AudioManagerAndroid( 2852): reportUpdate: state=0, devices=[Speakerphone, Headset earpiece]
I/ActivityManager( 1025): Process com.google.android.apps.magazines (pid 2852) has died.
D/dalvikvm( 2917): Trying to load lib /data/app-lib/com.google.android.talk-2/libcrashreporterer.so 0x41fa99f8
I/dalvikvm( 2886): Could not find method android.content.pm.PackageManager.getPackageInstaller, referenced from method com.google.android.gms.common.ff.a
W/dalvikvm( 2886): VFY: unable to resolve virtual method 479: Landroid/content/pm/PackageManager;.getPackageInstaller ()Landroid/content/pm/PackageInstaller;
D/dalvikvm( 2886): VFY: replacing opcode 0x6e at 0x000d
D/dalvikvm( 2917): Added shared lib /data/app-lib/com.google.android.talk-2/libcrashreporterer.so 0x41fa99f8
D/WVCdm   (  277): Instantiating CDM.
I/WVCdm   (  277): Level3 Library Nov 20 2013 18:09:31
E/dalvikvm( 2917): Could not find class 'android.app.Notification$Action$Builder', referenced from method f.a
W/dalvikvm( 2917): VFY: unable to resolve new-instance 402 (Landroid/app/Notification$Action$Builder;) in Lf;
D/dalvikvm( 2917): VFY: replacing opcode 0x22 at 0x0000
E/dalvikvm( 2917): Could not find class 'android.app.RemoteInput$Builder', referenced from method f.a
W/dalvikvm( 2917): VFY: unable to resolve new-instance 414 (Landroid/app/RemoteInput$Builder;) in Lf;
D/dalvikvm( 2917): VFY: replacing opcode 0x22 at 0x003d
D/DrmWidevineDash(  277): calling OEMCrypto_Initialize, g_qsee_apps_version = 7
D/DrmWidevineDash(  277): Service_Initialize: widevine DASH app is already open!
D/DrmWidevineDash(  277): OEMCrypto_Initialize sion_buffer g_wv_fhandle->ion_sbuffer  0x0xb5150000
E/DrmWidevineDash(  277): sion_buffer g_wv_fhandle->ion_sbuffer  0x0xb5150000
D/DrmWidevineDash(  277): OEMCrypto_Initialize exit returns 0
D/DrmWidevineDash(  277): calling OEMCrypto_APIVersion...
D/DrmWidevineDash(  277): OEMCrypto_APIVersion = 8
D/DrmWidevineDash(  277): calling OEMCrypto_IsKeyboxValid...
D/DrmWidevineDash(  277): OEMCrypto_IsKeyboxValid returns 0
D/WVCdm   (  277): OEMCrypto_Initialize Level 1 success. I will use level 1.
I/WVCdm   (  277): CdmEngine::OpenSession
D/DrmWidevineDash(  277): calling OEMCrypto_OpenSession...
D/DrmWidevineDash(  277): OEMCrypto_OpenSession SID = 1
D/DrmWidevineDash(  277): OEMCrypto_OpenSession returns 0
D/DrmWidevineDash(  277): calling OEMCrypto_GetRandom...
D/DrmWidevineDash(  277): OEMCrypto_GetRandom returns 0
I/WVCdm   (  277): CdmEngine::QueryKeyControlInfo
I/WVCdm   (  277): CdmEngine::CloseSession
D/DrmWidevineDash(  277): calling OEMCrypto_CloseSession. SID = 1
D/DrmWidevineDash(  277): OEMCrypto_CloseSession returns 0
E/dalvikvm( 2917): Could not find class 'android.app.Notification$Action$Builder', referenced from method f.a
W/dalvikvm( 2917): VFY: unable to resolve new-instance 402 (Landroid/app/Notification$Action$Builder;) in Lf;
D/dalvikvm( 2917): VFY: replacing opcode 0x22 at 0x0000
W/dalvikvm( 2917): Unable to resolve superclass of Law; (790)
W/dalvikvm( 2917): Link of class 'Law;' failed
E/dalvikvm( 2917): Could not find class 'aw', referenced from method f.a
W/dalvikvm( 2917): VFY: unable to resolve new-instance 1214 (Law;) in Lf;
D/dalvikvm( 2917): VFY: replacing opcode 0x22 at 0x0006
W/dalvikvm( 2917): Unable to resolve superclass of Lay; (790)
W/dalvikvm( 2917): Link of class 'Lay;' failed
E/dalvikvm( 2917): Could not find class 'ay', referenced from method f.a
W/dalvikvm( 2917): VFY: unable to resolve new-instance 1268 (Lay;) in Lf;
D/dalvikvm( 2917): VFY: replacing opcode 0x22 at 0x002a
I/dalvikvm( 2917): Could not find method android.view.ViewGroup.isTransitionGroup, referenced from method f.a
W/dalvikvm( 2917): VFY: unable to resolve virtual method 5345: Landroid/view/ViewGroup;.isTransitionGroup ()Z
D/dalvikvm( 2917): VFY: replacing opcode 0x6e at 0x000c
I/dalvikvm( 2917): Could not find method android.view.View.getTransitionName, referenced from method f.a
W/dalvikvm( 2917): VFY: unable to resolve virtual method 5199: Landroid/view/View;.getTransitionName ()Ljava/lang/String;
D/dalvikvm( 2917): VFY: replacing opcode 0x6e at 0x0006
W/dalvikvm( 2917): VFY: unable to find class referenced in signature ([Landroid/app/RemoteInput;)
E/dalvikvm( 2917): Could not find class 'android.app.RemoteInput[]', referenced from method f.a
W/dalvikvm( 2917): VFY: unable to resolve new-array 6957 ([Landroid/app/RemoteInput;) in Lf;
D/dalvikvm( 2917): VFY: replacing opcode 0x23 at 0x0005
D/dalvikvm( 2917): DexOpt: couldn't find static field Landroid/os/Build;.SUPPORTED_ABIS
W/dalvikvm( 2917): VFY: unable to resolve static field 1486 (SUPPORTED_ABIS) in Landroid/os/Build;
D/dalvikvm( 2917): VFY: replacing opcode 0x62 at 0x0006
D/dalvikvm( 2917): DexOpt: unable to opt direct call 0x0a62 at 0x0e in Lf;.a
D/dalvikvm( 2917): DexOpt: unable to opt direct call 0x0ab7 at 0x43 in Lf;.a
D/dalvikvm( 2917): DexOpt: unable to opt direct call 0x0a62 at 0x0e in Lf;.a
W/dalvikvm( 2917): Unable to resolve superclass of Law; (790)
W/dalvikvm( 2917): Link of class 'Law;' failed
D/dalvikvm( 2917): DexOpt: unable to opt direct call 0x1d53 at 0x08 in Lf;.a
W/dalvikvm( 2917): Unable to resolve superclass of Lay; (790)
W/dalvikvm( 2917): Link of class 'Lay;' failed
D/dalvikvm( 2917): DexOpt: unable to opt direct call 0x1e94 at 0x2c in Lf;.a
D/dalvikvm( 2917): DexOpt: unable to opt direct call 0x0ab7 at 0x13 in Lf;.a
I/dalvikvm( 2917): Could not find method android.content.Context.getDrawable, referenced from method i.a
W/dalvikvm( 2917): VFY: unable to resolve virtual method 2839: Landroid/content/Context;.getDrawable (I)Landroid/graphics/drawable/Drawable;
D/dalvikvm( 2917): VFY: replacing opcode 0x6e at 0x0006
I/Babel   ( 2917): MmsConfig: mnc/mcc: 272/3
I/Babel   ( 2917): MmsConfig.loadMmsSettings
I/Babel   ( 2917): MmsConfig.loadDeviceMmsSettings from API: mUserAgent=motoxt1039, mUaProfUrl=http://uaprof.motorola.com/phoneconfig/motoxt1039/Profile/motoxt1039.rdf
I/Babel   ( 2917): MmsConfig.loadFromDatabase
E/SQLiteLog( 2917): (1) no such table: mmsconfig
I/Babel   ( 2917): MmsConfig: no mmsconfig table android.database.sqlite.SQLiteException: no such table: mmsconfig (code 1): , while compiling: SELECT key, value, type FROM mmsconfig WHERE numeric=?
I/Babel   ( 2917): MmsConfig.loadFromResources
E/Babel   ( 2917): canonicalizeMccMnc: invalid mccmnc nullnull
I/Babel   ( 2917): MmsConfig.loadMmsSettings: mUserAgent=motoxt1039, mUaProfUrl=http://uaprof.motorola.com/phoneconfig/motoxt1039/Profile/motoxt1039.rdf
W/Settings( 2917): Setting airplane_mode_on has moved from android.provider.Settings.System to android.provider.Settings.Global, returning read-only value.
I/Babel_StickerModule( 2917): App launched.
I/ActivityManager( 1025): Start proc com.android.chrome for broadcast com.android.chrome/com.google.android.apps.chrome.precache.PrecacheServiceLauncher: pid=2947 uid=10057 gids={50057, 3003, 1028, 1015}
W/AppOps  ( 1025): Bad call: specified package qcamera under uid 1013 but it is really -1
D/dalvikvm( 2886): Trying to load lib /data/data/com.google.android.gms/app_dg_cache/681C2F668DCBE4CF20940E2F93EF45FBED1401FE/lib/libdD11BC7B78B49.so 0x42021c98
D/dalvikvm( 2886): Added shared lib /data/data/com.google.android.gms/app_dg_cache/681C2F668DCBE4CF20940E2F93EF45FBED1401FE/lib/libdD11BC7B78B49.so 0x42021c98
D/dalvikvm( 2886): No JNI_OnLoad found in /data/data/com.google.android.gms/app_dg_cache/681C2F668DCBE4CF20940E2F93EF45FBED1401FE/lib/libdD11BC7B78B49.so 0x42021c98, skipping init
W/AppOps  ( 1025): Bad call: specified package qcamera under uid 1013 but it is really -1
W/AppOps  ( 1025): Bad call: specified package qcamera under uid 1013 but it is really -1
W/AppOps  ( 1025): Bad call: specified package qcamera under uid 1013 but it is really -1
W/dalvikvm( 2917): Unable to resolve superclass of Lcom/google/android/libraries/hangouts/video/ScreenCaptureVideoSource$2; (596)
W/dalvikvm( 2917): Link of class 'Lcom/google/android/libraries/hangouts/video/ScreenCaptureVideoSource$2;' failed
E/dalvikvm( 2917): Could not find class 'com.google.android.libraries.hangouts.video.ScreenCaptureVideoSource$2', referenced from method com.google.android.libraries.hangouts.video.ScreenCaptureVideoSource.<init>
W/dalvikvm( 2917): VFY: unable to resolve new-instance 2878 (Lcom/google/android/libraries/hangouts/video/ScreenCaptureVideoSource$2;) in Lcom/google/android/libraries/hangouts/video/ScreenCaptureVideoSource;
D/dalvikvm( 2917): VFY: replacing opcode 0x22 at 0x0044
W/dalvikvm( 2917): VFY: unable to find class referenced in signature (Landroid/media/projection/MediaProjection;)
W/dalvikvm( 2917): VFY: unable to find class referenced in signature (Landroid/media/projection/MediaProjection;)
W/dalvikvm( 2917): VFY: unable to find class referenced in signature (Landroid/media/projection/MediaProjection;)
W/dalvikvm( 2917): VFY: unable to find class referenced in signature (Landroid/media/projection/MediaProjectionManager;)
I/dalvikvm( 2917): Could not find method android.media.projection.MediaProjection.createVirtualDisplay, referenced from method com.google.android.libraries.hangouts.video.ScreenCaptureVideoSource.createVirtualDisplay
W/dalvikvm( 2917): VFY: unable to resolve virtual method 3518: Landroid/media/projection/MediaProjection;.createVirtualDisplay (Ljava/lang/String;IIIILandroid/view/Surface;Landroid/hardware/display/VirtualDisplay$Callback;Landroid/os/Handler;)Landroid/hardware/display/VirtualDisplay;
D/dalvikvm( 2917): VFY: replacing opcode 0x74 at 0x0053
D/PodcastAddictBroadcastReceiver( 2226): Connectivity changed... (android.net.conn.CONNECTIVITY_CHANGE)
D/PodcastAddictBroadcastReceiver( 2226): resumeService() - connected
I/dalvikvm( 2917): Could not find method android.media.projection.MediaProjection.stop, referenced from method com.google.android.libraries.hangouts.video.ScreenCaptureVideoSource.release
W/dalvikvm( 2917): VFY: unable to resolve virtual method 3520: Landroid/media/projection/MediaProjection;.stop ()V
D/dalvikvm( 2917): VFY: replacing opcode 0x6e at 0x002d
D/PodcastAddictBroadcastReceiver( 2226): resumeService() - starting connection change process
I/dalvikvm( 2917): Could not find method android.media.projection.MediaProjectionManager.createScreenCaptureIntent, referenced from method com.google.android.libraries.hangouts.video.ScreenCaptureVideoSource.startCapture
W/dalvikvm( 2917): VFY: unable to resolve virtual method 3522: Landroid/media/projection/MediaProjectionManager;.createScreenCaptureIntent ()Landroid/content/Intent;
D/dalvikvm( 2917): VFY: replacing opcode 0x6e at 0x0023
I/ActivityManager( 1025): Process com.android.chrome (pid 2947) has died.
W/dalvikvm( 2917): Unable to resolve superclass of Lcom/google/android/libraries/hangouts/video/ScreenCaptureVideoSource$2; (596)
W/dalvikvm( 2917): Link of class 'Lcom/google/android/libraries/hangouts/video/ScreenCaptureVideoSource$2;' failed
D/dalvikvm( 2917): DexOpt: unable to opt direct call 0x4a49 at 0x46 in Lcom/google/android/libraries/hangouts/video/ScreenCaptureVideoSource;.<init>
I/openssl (31349): Crypto mode not selected, openssl will run on its regular mode.
I/openssl (31349): Crypto mode 0 already enabled
I/dalvikvm( 2917): Could not find method android.media.MediaCodecInfo$CodecCapabilities.getVideoCapabilities, referenced from method com.google.android.libraries.hangouts.video.EncoderManager.isHardwareAcceleratedCodec
W/dalvikvm( 2917): VFY: unable to resolve virtual method 3454: Landroid/media/MediaCodecInfo$CodecCapabilities;.getVideoCapabilities ()Landroid/media/MediaCodecInfo$VideoCapabilities;
D/dalvikvm( 2917): VFY: replacing opcode 0x6e at 0x001f
I/ActivityManager( 1025): Start proc com.android.mms for broadcast com.android.mms/.transaction.MmsSystemEventReceiver: pid=2971 uid=10031 gids={50031, 3003, 1028, 1015}
W/PodcastAddictBroadcastReceiver( 2226): Network modification detected but ignored... (0)
D/PodcastAddictBroadcastReceiver( 2226): resumeService() - finishing connection change process
V/MmsConfig( 2971): mnc/mcc: 27203
V/MmsConfig( 2971): tag: bool value: enabledMMS - true
V/MmsConfig( 2971): tag: int value: maxMessageSize - 307200
V/MmsConfig( 2971): tag: int value: maxImageHeight - 1944
V/MmsConfig( 2971): tag: int value: maxImageWidth - 2592
V/MmsConfig( 2971): tag: int value: defaultSMSMessagesPerThread - 500
V/MmsConfig( 2971): tag: int value: defaultMMSMessagesPerThread - 50
V/MmsConfig( 2971): tag: int value: minMessageCountPerThread - 10
V/MmsConfig( 2971): tag: int value: maxMessageCountPerThread - 5000
V/MmsConfig( 2971): tag: int value: recipientLimit - 20
V/MmsConfig( 2971): tag: bool value: enableMultipartSMS - true
V/MmsConfig( 2971): tag: int value: smsToMmsTextThreshold - 6
V/MmsConfig( 2971): tag: bool value: enableSlideDuration - true
V/MmsConfig( 2971): tag: int value: maxMessageTextSize - -1
V/MmsConfig( 2971): tag: int value: maxSubjectLength - 80
V/MmsConfig( 2971): tag: bool value: smsForceShowEncodingMenu - true
V/MmsConfig( 2971): tag: bool value: smsForce7BitEncoding - false
V/MmsConfig( 2971): tag: bool value: enableGroupMms - false
E/MmsConfig( 2971): MmsConfig.loadMmsSettings mms_config.xml missing uaProfUrl setting
I/ActivityManager( 1025): Start proc com.google.android.setupwizard for broadcast com.google.android.setupwizard/.MobileConnectivityChangeReceiver: pid=2991 uid=10042 gids={50042, 3003}
D/MobileConnectivityChangeReceiver( 2991): onReceive Intent { act=android.net.conn.CONNECTIVITY_CHANGE flg=0x4000010 cmp=com.google.android.setupwizard/.MobileConnectivityChangeReceiver (has extras) }
D/MobileConnectivityChangeReceiver( 2991): onReceive CONNECTIVITY_CHANGE networkType=1
E/PhoneMonitor( 2991): onOtaspChanged old =0, new =3
V/PhoneMonitor( 2991): mOtaspPhoneStateListener#onOtaspChanged, mOtaspMode=3
D/GCM     (16934): GcmService start Intent { act=android.net.conn.CONNECTIVITY_CHANGE flg=0x4000010 cmp=com.google.android.gms/.gcm.GcmService (has extras) } android.net.conn.CONNECTIVITY_CHANGE
I/iu.Environment(32741): update connectivity state; isNetworkMetered? false, isRoaming? false, isBackgroundDataAllowed? true
I/ActivityManager( 1025): Process com.google.android.talk (pid 2917) has died.
W/ActivityManager( 1025): Service ServiceRecord{44032ca0 u0 com.google.android.talk/com.google.android.libraries.hangouts.video.CallService} in process ProcessRecord{427bd128 2917:com.google.android.talk/u0a71} not same as in map: null
I/ActivityManager( 1025): Start proc com.google.android.apps.magazines for broadcast com.google.android.apps.magazines/com.google.apps.dots.android.newsstand.appwidget.NewsWidgetProvider: pid=3007 uid=10077 gids={50077, 3003, 1028, 1015}
I/WVCdm   (  277): CdmEngine::OpenSession
D/DrmWidevineDash(  277): calling OEMCrypto_OpenSession...
D/DrmWidevineDash(  277): OEMCrypto_OpenSession SID = 1
D/DrmWidevineDash(  277): OEMCrypto_OpenSession returns 0
D/DrmWidevineDash(  277): calling OEMCrypto_GetRandom...
D/DrmWidevineDash(  277): OEMCrypto_GetRandom returns 0
I/WVCdm   (  277): CdmEngine::QueryKeyControlInfo
I/WVCdm   (  277): CdmEngine::GenerateKeyRequest
D/DrmWidevineDash(  277): calling OEMCrypto_LoadDeviceRSAKey. SID = 1
D/DrmWidevineDash(  277): OEMCrypto_LoadDeviceRSAKey returns 0
D/DrmWidevineDash(  277): calling OEMCrypto_GetDeviceID...
D/dalvikvm(27213): GC_CONCURRENT freed 1729K, 44% free 11350K/20100K, paused 10ms+3ms, total 41ms
I/ActivityManager( 1025): Process com.android.mms (pid 2971) has died.
D/DrmWidevineDash(  277): OEMCrypto_GetDeviceID returns 0
D/DrmWidevineDash(  277): calling OEMCrypto_GenerateNonce. SID = 1
D/DrmWidevineDash(  277): OEMCrypto_GenerateNonce returns 0
D/WVCdm   (  277): PrepareKeyRequest: nonce=263659777
D/DrmWidevineDash(  277): calling OEMCrypto_GenerateRSASignature. SID = 1
D/DrmWidevineDash(  277): OEMCrypto_GenerateRSASignature needs buffer size = 256
D/DrmWidevineDash(  277): OEMCrypto_GenerateRSASignature returns 7
D/DrmWidevineDash(  277): calling OEMCrypto_GenerateRSASignature. SID = 1
I/dalvikvm( 3007): Could not find method android.accounts.AccountManager.getPreviousName, referenced from method com.google.apps.dots.android.newsstand.auth.AccountManagerDelegate.getPreviousName
W/dalvikvm( 3007): VFY: unable to resolve virtual method 7: Landroid/accounts/AccountManager;.getPreviousName (Landroid/accounts/Account;)Ljava/lang/String;
D/dalvikvm( 3007): VFY: replacing opcode 0x6e at 0x0002
E/cutils  (  261): Failed to mkdirat(/storage/sdcard1/Android): Read-only file system
W/Vold    (  261): Returning OperationFailed - no handler for errno 30
W/ContextImpl( 3007): Failed to ensure directory: /storage/sdcard1/Android/data/com.google.android.apps.magazines/cache
E/cutils  (  261): Failed to mkdirat(/storage/sdcard1/Android): Read-only file system
W/Vold    (  261): Returning OperationFailed - no handler for errno 30
W/ContextImpl( 3007): Failed to ensure directory: /storage/sdcard1/Android/data/com.google.android.apps.magazines/files
E/cutils  (  261): Failed to mkdirat(/storage/sdcard1/Android): Read-only file system
W/Vold    (  261): Returning OperationFailed - no handler for errno 30
W/ContextImpl( 3007): Failed to ensure directory: /storage/sdcard1/Android/data/com.google.android.apps.magazines/cache
E/cutils  (  261): Failed to mkdirat(/storage/sdcard1/Android): Read-only file system
W/Vold    (  261): Returning OperationFailed - no handler for errno 30
W/ContextImpl( 3007): Failed to ensure directory: /storage/sdcard1/Android/data/com.google.android.apps.magazines/files
V/WebViewChromiumFactoryProvider( 3007): Binding Chromium to main looper Looper (main, tid 1) {41fa7f00}
I/LibraryLoader( 3007): Expected native library version number "",actual native library version number ""
I/chromium( 3007): [INFO:library_loader_hooks.cc(116)] Chromium logging enabled: level = 0, default verbosity = 0
I/ActivityManager( 1025): Process com.google.android.setupwizard (pid 2991) has died.
I/BrowserStartupController( 3007): Initializing chromium process, renderers=0
E/AudioManagerAndroid( 3007): BLUETOOTH permission is missing!
I/Adreno-EGL( 3007): <qeglDrvAPI_eglInitialize:410>: EGL 1.4 QUALCOMM build: AU_LINUX_ANDROID_LNX.LA.3.5.1_RB1.04.04.02.048.018_msm8226_LNX.LA.3.5.1_RB1__release_AU ()
I/Adreno-EGL( 3007): OpenGL ES Shader Compiler Version: E031.24.00.08
I/Adreno-EGL( 3007): Build Date: 03/07/14 Fri
I/Adreno-EGL( 3007): Local Branch: 
I/Adreno-EGL( 3007): Remote Branch: quic/LNX.LA.3.5.1_RB1.1
I/Adreno-EGL( 3007): Local Patches: NONE
I/Adreno-EGL( 3007): Reconstruct Branch: AU_LINUX_ANDROID_LNX.LA.3.5.1_RB1.04.04.02.048.018 + f2fd134 +  NOTHING
D/DrmWidevineDash(  277): OEMCrypto_GenerateRSASignature returns 0
I/WVCdm   (  277): CdmEngine::CloseSession
D/DrmWidevineDash(  277): calling OEMCrypto_CloseSession. SID = 1
D/DrmWidevineDash(  277): OEMCrypto_CloseSession returns 0
I/NSApplication( 3007): Starting up...
D/dalvikvm( 2886): DexOpt: --- BEGIN 'f.apk' (bootstrap=0) ---
I/ActivityManager( 1025): Start proc com.google.android.talk for broadcast com.google.android.talk/com.google.android.apps.hangouts.service.NetworkStateReceiver: pid=3058 uid=10071 gids={50071, 3003, 1028, 1015, 3002}
I/ActivityManager( 1025): Process com.facebook.orca (pid 2143) has died.
W/ActivityManager( 1025): Scheduling restart of crashed service com.facebook.orca/com.facebook.push.mqtt.service.MqttPushService in 1000ms
D/AudioManagerAndroid( 3007): ==> onReceive: s=0, m=1, n=h2w, sb=true
D/AudioManagerAndroid( 3007): reportUpdate: state=0, devices=[Speakerphone, Headset earpiece]
D/dalvikvm( 3058): Trying to load lib /data/app-lib/com.google.android.talk-2/libcrashreporterer.so 0x41fae6b8
D/dalvikvm( 3058): Added shared lib /data/app-lib/com.google.android.talk-2/libcrashreporterer.so 0x41fae6b8
E/dalvikvm( 3058): Could not find class 'android.app.Notification$Action$Builder', referenced from method f.a
W/dalvikvm( 3058): VFY: unable to resolve new-instance 402 (Landroid/app/Notification$Action$Builder;) in Lf;
D/dalvikvm( 3058): VFY: replacing opcode 0x22 at 0x0000
E/dalvikvm( 3058): Could not find class 'android.app.RemoteInput$Builder', referenced from method f.a
W/dalvikvm( 3058): VFY: unable to resolve new-instance 414 (Landroid/app/RemoteInput$Builder;) in Lf;
D/dalvikvm( 3058): VFY: replacing opcode 0x22 at 0x003d
E/dalvikvm( 3058): Could not find class 'android.app.Notification$Action$Builder', referenced from method f.a
W/dalvikvm( 3058): VFY: unable to resolve new-instance 402 (Landroid/app/Notification$Action$Builder;) in Lf;
D/dalvikvm( 3058): VFY: replacing opcode 0x22 at 0x0000
W/dalvikvm( 3058): Unable to resolve superclass of Law; (790)
W/dalvikvm( 3058): Link of class 'Law;' failed
E/dalvikvm( 3058): Could not find class 'aw', referenced from method f.a
W/dalvikvm( 3058): VFY: unable to resolve new-instance 1214 (Law;) in Lf;
D/dalvikvm( 3058): VFY: replacing opcode 0x22 at 0x0006
W/dalvikvm( 3058): Unable to resolve superclass of Lay; (790)
W/dalvikvm( 3058): Link of class 'Lay;' failed
E/dalvikvm( 3058): Could not find class 'ay', referenced from method f.a
W/dalvikvm( 3058): VFY: unable to resolve new-instance 1268 (Lay;) in Lf;
D/dalvikvm( 3058): VFY: replacing opcode 0x22 at 0x002a
I/dalvikvm( 3058): Could not find method android.view.ViewGroup.isTransitionGroup, referenced from method f.a
W/dalvikvm( 3058): VFY: unable to resolve virtual method 5345: Landroid/view/ViewGroup;.isTransitionGroup ()Z
D/dalvikvm( 3058): VFY: replacing opcode 0x6e at 0x000c
I/dalvikvm( 3058): Could not find method android.view.View.getTransitionName, referenced from method f.a
W/dalvikvm( 3058): VFY: unable to resolve virtual method 5199: Landroid/view/View;.getTransitionName ()Ljava/lang/String;
D/dalvikvm( 3058): VFY: replacing opcode 0x6e at 0x0006
W/dalvikvm( 3058): VFY: unable to find class referenced in signature ([Landroid/app/RemoteInput;)
E/dalvikvm( 3058): Could not find class 'android.app.RemoteInput[]', referenced from method f.a
W/dalvikvm( 3058): VFY: unable to resolve new-array 6957 ([Landroid/app/RemoteInput;) in Lf;
D/dalvikvm( 3058): VFY: replacing opcode 0x23 at 0x0005
D/dalvikvm( 3058): DexOpt: couldn't find static field Landroid/os/Build;.SUPPORTED_ABIS
W/dalvikvm( 3058): VFY: unable to resolve static field 1486 (SUPPORTED_ABIS) in Landroid/os/Build;
D/dalvikvm( 3058): VFY: replacing opcode 0x62 at 0x0006
D/ConnectivityService( 1025): handleInetConditionHoldEnd: net=1, condition=100, published condition=100
I/ModemStatsDSDetect( 1327): onReceive() -Intent { act=android.net.conn.INET_CONDITION_ACTION flg=0x4000010 (has extras) }
I/SBar.NetworkController( 1119): onReceive: ConnectivityManager.INET_CONDITION_ACTION Received
I/ModemStatsDSDetect( 1327): INET_CONDITION=100 ,activeNet=NetworkInfo: type: WIFI[], state: CONNECTED/CONNECTED, reason: (unspecified), extra: "Moulin Rouge", roaming: false, failover: false, isAvailable: true, isConnectedToProvisioningNetwork: false
I/ModemStatsDSDetect( 1327): onReceive() - done, currentInetCondition=100
I/SBar.NetworkController( 1119): updateConnectivity: NetworkInfo: NetworkInfo: type: WIFI[], state: CONNECTED/CONNECTED, reason: (unspecified), extra: "Moulin Rouge", roaming: false, failover: false, isAvailable: true, isConnectedToProvisioningNetwork: false, inetCondition= 1
D/dalvikvm( 3057): DexOpt: load 4ms, verify+opt 13ms, 128132 bytes
D/dalvikvm( 3058): DexOpt: unable to opt direct call 0x0a62 at 0x0e in Lf;.a
D/dalvikvm( 3058): DexOpt: unable to opt direct call 0x0ab7 at 0x43 in Lf;.a
D/dalvikvm( 3058): DexOpt: unable to opt direct call 0x0a62 at 0x0e in Lf;.a
W/dalvikvm( 3058): Unable to resolve superclass of Law; (790)
W/dalvikvm( 3058): Link of class 'Law;' failed
D/dalvikvm( 3058): DexOpt: unable to opt direct call 0x1d53 at 0x08 in Lf;.a
W/dalvikvm( 3058): Unable to resolve superclass of Lay; (790)
W/dalvikvm( 3058): Link of class 'Lay;' failed
D/dalvikvm( 3058): DexOpt: unable to opt direct call 0x1e94 at 0x2c in Lf;.a
D/dalvikvm( 3058): DexOpt: unable to opt direct call 0x0ab7 at 0x13 in Lf;.a
D/dalvikvm( 2886): DexOpt: --- END 'f.apk' (success) ---
D/dalvikvm( 2886): DEX prep '/data/data/com.google.android.gms/app_fb/f.apk': unzip in 0ms, rewrite 200ms
I/Adreno-EGL( 2886): <qeglDrvAPI_eglInitialize:410>: EGL 1.4 QUALCOMM build: AU_LINUX_ANDROID_LNX.LA.3.5.1_RB1.04.04.02.048.018_msm8226_LNX.LA.3.5.1_RB1__release_AU ()
I/Adreno-EGL( 2886): OpenGL ES Shader Compiler Version: E031.24.00.08
I/Adreno-EGL( 2886): Build Date: 03/07/14 Fri
I/Adreno-EGL( 2886): Local Branch: 
I/Adreno-EGL( 2886): Remote Branch: quic/LNX.LA.3.5.1_RB1.1
I/Adreno-EGL( 2886): Local Patches: NONE
I/Adreno-EGL( 2886): Reconstruct Branch: AU_LINUX_ANDROID_LNX.LA.3.5.1_RB1.04.04.02.048.018 + f2fd134 +  NOTHING
I/dalvikvm( 3058): Could not find method android.content.Context.getDrawable, referenced from method i.a
W/dalvikvm( 3058): VFY: unable to resolve virtual method 2839: Landroid/content/Context;.getDrawable (I)Landroid/graphics/drawable/Drawable;
D/dalvikvm( 3058): VFY: replacing opcode 0x6e at 0x0006
I/Babel   ( 3058): MmsConfig: mnc/mcc: 272/3
I/Babel   ( 3058): MmsConfig.loadMmsSettings
I/Babel   ( 3058): MmsConfig.loadDeviceMmsSettings from API: mUserAgent=motoxt1039, mUaProfUrl=http://uaprof.motorola.com/phoneconfig/motoxt1039/Profile/motoxt1039.rdf
I/Babel   ( 3058): MmsConfig.loadFromDatabase
W/Settings( 3058): Setting airplane_mode_on has moved from android.provider.Settings.System to android.provider.Settings.Global, returning read-only value.
E/SQLiteLog( 3058): (1) no such table: mmsconfig
I/Babel   ( 3058): MmsConfig: no mmsconfig table android.database.sqlite.SQLiteException: no such table: mmsconfig (code 1): , while compiling: SELECT key, value, type FROM mmsconfig WHERE numeric=?
I/Babel   ( 3058): MmsConfig.loadFromResources
E/Babel   ( 3058): canonicalizeMccMnc: invalid mccmnc nullnull
I/Babel   ( 3058): MmsConfig.loadMmsSettings: mUserAgent=motoxt1039, mUaProfUrl=http://uaprof.motorola.com/phoneconfig/motoxt1039/Profile/motoxt1039.rdf
I/Babel_StickerModule( 3058): App launched.
I/ActivityManager( 1025): Start proc com.android.chrome for broadcast com.android.chrome/com.google.android.apps.chrome.precache.PrecacheServiceLauncher: pid=3088 uid=10057 gids={50057, 3003, 1028, 1015}
W/AppOps  ( 1025): Bad call: specified package qcamera under uid 1013 but it is really -1
W/AppOps  ( 1025): Bad call: specified package qcamera under uid 1013 but it is really -1
W/AppOps  ( 1025): Bad call: specified package qcamera under uid 1013 but it is really -1
I/CheckinRequestBuilder(32741): Classify the device as Phone.
D/DEBUG   (18647): Received intent : com.motorola.blur.service.blur.Actions.POLLINGMGR_CONNECTIVITY
W/AppOps  ( 1025): Bad call: specified package qcamera under uid 1013 but it is really -1
W/ContextImpl(18647): Implicit intents with startService are not safe: Intent { act=com.motorola.blur.service.blur.Actions.BIND_WSPROXY_SVC } android.content.ContextWrapper.bindService:517 com.motorola.ccc.notification.GetNotificationsWS.bindWebServices:65 com.motorola.ccc.notification.SundryService.onCreate:1039 
D/GetNotificationsWS(18647): bindWebServices(): registering our AIDL callback...
W/dalvikvm( 3058): Unable to resolve superclass of Lcom/google/android/libraries/hangouts/video/ScreenCaptureVideoSource$2; (596)
W/dalvikvm( 3058): Link of class 'Lcom/google/android/libraries/hangouts/video/ScreenCaptureVideoSource$2;' failed
E/dalvikvm( 3058): Could not find class 'com.google.android.libraries.hangouts.video.ScreenCaptureVideoSource$2', referenced from method com.google.android.libraries.hangouts.video.ScreenCaptureVideoSource.<init>
W/dalvikvm( 3058): VFY: unable to resolve new-instance 2878 (Lcom/google/android/libraries/hangouts/video/ScreenCaptureVideoSource$2;) in Lcom/google/android/libraries/hangouts/video/ScreenCaptureVideoSource;
D/dalvikvm( 3058): VFY: replacing opcode 0x22 at 0x0044
W/dalvikvm( 3058): VFY: unable to find class referenced in signature (Landroid/media/projection/MediaProjection;)
D/EmailService.MarketingOptInSetter(18647): received com.motorola.blur.service.blur.Actions.POLLINGMGR_CONNECTIVITY
I/SundryService(18647): onHandleIntent(): action=com.motorola.blur.service.blur.Actions.POLLINGMGR_CONNECTIVITY
W/dalvikvm( 3058): VFY: unable to find class referenced in signature (Landroid/media/projection/MediaProjection;)
D/GetNotificationsWS(18647): onServiceConnected()
W/dalvikvm( 3058): VFY: unable to find class referenced in signature (Landroid/media/projection/MediaProjection;)
W/dalvikvm( 3058): VFY: unable to find class referenced in signature (Landroid/media/projection/MediaProjectionManager;)
D/WaitableIntentService(18647): ServiceHandler.handleMessage: mWaitCount=0
D/GetNotificationsWS(18647): onServiceConnected(): Registered for remote service callbacks...
D/GetNotificationsWS(18647): unbindWebServices(): un-registering our AIDL callback...
D/GCM     (16934): GcmService start Intent { act=com.google.android.gms.INITIALIZE flg=0x10 pkg=com.google.android.gms cmp=com.google.android.gms/.gcm.GcmService } com.google.android.gms.INITIALIZE
I/dalvikvm( 3058): Could not find method android.media.projection.MediaProjection.createVirtualDisplay, referenced from method com.google.android.libraries.hangouts.video.ScreenCaptureVideoSource.createVirtualDisplay
W/dalvikvm( 3058): VFY: unable to resolve virtual method 3518: Landroid/media/projection/MediaProjection;.createVirtualDisplay (Ljava/lang/String;IIIILandroid/view/Surface;Landroid/hardware/display/VirtualDisplay$Callback;Landroid/os/Handler;)Landroid/hardware/display/VirtualDisplay;
D/dalvikvm( 3058): VFY: replacing opcode 0x74 at 0x0053
I/dalvikvm( 3058): Could not find method android.media.projection.MediaProjection.stop, referenced from method com.google.android.libraries.hangouts.video.ScreenCaptureVideoSource.release
W/dalvikvm( 3058): VFY: unable to resolve virtual method 3520: Landroid/media/projection/MediaProjection;.stop ()V
D/dalvikvm( 3058): VFY: replacing opcode 0x6e at 0x002d
I/dalvikvm( 3058): Could not find method android.media.projection.MediaProjectionManager.createScreenCaptureIntent, referenced from method com.google.android.libraries.hangouts.video.ScreenCaptureVideoSource.startCapture
W/dalvikvm( 3058): VFY: unable to resolve virtual method 3522: Landroid/media/projection/MediaProjectionManager;.createScreenCaptureIntent ()Landroid/content/Intent;
D/dalvikvm( 3058): VFY: replacing opcode 0x6e at 0x0023
W/dalvikvm( 3058): Unable to resolve superclass of Lcom/google/android/libraries/hangouts/video/ScreenCaptureVideoSource$2; (596)
W/dalvikvm( 3058): Link of class 'Lcom/google/android/libraries/hangouts/video/ScreenCaptureVideoSource$2;' failed
D/dalvikvm( 3058): DexOpt: unable to opt direct call 0x4a49 at 0x46 in Lcom/google/android/libraries/hangouts/video/ScreenCaptureVideoSource;.<init>
I/dalvikvm( 3058): Could not find method android.media.MediaCodecInfo$CodecCapabilities.getVideoCapabilities, referenced from method com.google.android.libraries.hangouts.video.EncoderManager.isHardwareAcceleratedCodec
