W/ContextImpl( 1295): Calling a method in the system process without a qualified user: android.app.ContextImpl.sendBroadcast:1252 android.content.ContextWrapper.sendBroadcast:365 com.motorola.motocare.util.TriggerHelper$TriggerBuilder.send:76 com.motorola.motocare.internal.frameworkevents.ProcessKillTrigger.sendTrigger:147 com.motorola.motocare.internal.frameworkevents.ProcessKillTrigger.handleLmkKill:337 
V/AlarmManager( 1025): sending alarm Alarm{427e3ca8 type 3 android}
V/AlarmManager( 1025): sending alarm Alarm{42aeb670 type 2 com.google.android.talk}
V/AlarmManager( 1025): sending alarm Alarm{42ae9a80 type 2 com.google.android.talk}
V/AlarmManager( 1025): sending alarm Alarm{42ae5a18 type 2 com.motorola.ccc.cce}
V/AlarmManager( 1025): sending alarm Alarm{42adfd30 type 2 com.google.android.talk}
V/AlarmManager( 1025): sending alarm Alarm{42adc250 type 2 com.google.android.talk}
V/AlarmManager( 1025): sending alarm Alarm{42ad07d8 type 2 com.google.android.talk}
V/AlarmManager( 1025): sending alarm Alarm{427e1360 type 3 com.devexpert.weather}
V/AlarmManager( 1025): sending alarm Alarm{42ac86b0 type 2 com.google.android.gms}
V/AlarmManager( 1025): sending alarm Alarm{42ac7a80 type 0 com.viber.voip}
D/ConnectivityService( 1025): handleInetConditionHoldEnd: net=1, condition=100, published condition=100
V/AlarmManager( 1025): sending alarm Alarm{42cbf638 type 3 android}
V/AlarmManager( 1025): sending alarm Alarm{42cbef28 type 3 com.devexpert.weather}
V/AlarmManager( 1025): sending alarm Alarm{427b4a40 type 3 android}
V/AlarmManager( 1025): sending alarm Alarm{42cb6380 type 1 com.android.deskclock}
I/ActivityManager( 1025): Start proc com.android.deskclock for broadcast com.android.deskclock/com.android.alarmclock.DigitalAppWidgetProvider: pid=2877 uid=10015 gids={50015, 1028}
I/ActivityManager( 1025): Process com.devexpert.weather (pid 2810) has died.
V/AlarmManager( 1025): sending alarm Alarm{4223fe60 type 3 com.devexpert.weather}
I/ActivityManager( 1025): Start proc com.devexpert.weather for broadcast com.devexpert.weather/.view.WidgetWeather2x1: pid=2904 uid=10112 gids={50112, 3003, 1028, 1015}
V/AlarmManager( 1025): sending alarm Alarm{437d6850 type 3 android}
W/ContextImpl( 1295): Calling a method in the system process without a qualified user: android.app.ContextImpl.sendBroadcast:1252 android.content.ContextWrapper.sendBroadcast:365 com.motorola.motocare.util.TriggerHelper$TriggerBuilder.send:76 com.motorola.motocare.internal.frameworkevents.ProcessKillTrigger.sendTrigger:147 com.motorola.motocare.internal.frameworkevents.ProcessKillTrigger.handleLmkKill:337 
I/ActivityManager( 1025): Process com.android.deskclock (pid 2877) has died.
I/ActivityManager( 1025): Process com.devexpert.weather (pid 2904) has died.
V/AlarmManager( 1025): sending alarm Alarm{42cb4588 type 2 com.google.android.talk}
V/AlarmManager( 1025): sending alarm Alarm{42caffa8 type 2 com.google.android.talk}
V/AlarmManager( 1025): sending alarm Alarm{42cacaa8 type 2 com.google.android.talk}
V/AlarmManager( 1025): sending alarm Alarm{42c9bfd8 type 2 com.google.android.gms}
V/AlarmManager( 1025): sending alarm Alarm{42bc7510 type 3 com.devexpert.weather}
V/AlarmManager( 1025): sending alarm Alarm{42c99218 type 2 com.google.android.talk}
I/ActivityManager( 1025): Start proc com.devexpert.weather for broadcast com.devexpert.weather/.view.WidgetWeather2x1: pid=2947 uid=10112 gids={50112, 3003, 1028, 1015}
V/AlarmManager( 1025): sending alarm Alarm{42c990d8 type 2 com.google.android.talk}
V/AlarmManager( 1025): sending alarm Alarm{42c98f00 type 2 com.google.android.talk}
V/AlarmManager( 1025): sending alarm Alarm{432297a8 type 3 android}
W/ContextImpl( 1295): Calling a method in the system process without a qualified user: android.app.ContextImpl.sendBroadcast:1252 android.content.ContextWrapper.sendBroadcast:365 com.motorola.motocare.util.TriggerHelper$TriggerBuilder.send:76 com.motorola.motocare.internal.frameworkevents.ProcessKillTrigger.sendTrigger:147 com.motorola.motocare.internal.frameworkevents.ProcessKillTrigger.handleLmkKill:337 
W/ContextImpl( 1295): Calling a method in the system process without a qualified user: android.app.ContextImpl.sendBroadcast:1252 android.content.ContextWrapper.sendBroadcast:365 com.motorola.motocare.util.TriggerHelper$TriggerBuilder.send:76 com.motorola.motocare.internal.frameworkevents.ProcessKillTrigger.sendTrigger:147 com.motorola.motocare.internal.frameworkevents.ProcessKillTrigger.handleLmkKill:337 
V/AlarmManager( 1025): sending alarm Alarm{43215608 type 3 com.devexpert.weather}
V/AlarmManager( 1025): sending alarm Alarm{43215228 type 2 com.google.android.talk}
V/AlarmManager( 1025): sending alarm Alarm{431e6318 type 2 com.google.android.gms}
D/ConnectivityService( 1025): handleInetConditionHoldEnd: net=1, condition=100, published condition=100
V/AlarmManager( 1025): sending alarm Alarm{43b639a8 type 3 android}
V/AlarmManager( 1025): sending alarm Alarm{43b4f910 type 3 com.devexpert.weather}
V/AlarmManager( 1025): sending alarm Alarm{42ca0470 type 3 android}
I/ActivityManager( 1025): Process com.devexpert.weather (pid 2947) has died.
V/AlarmManager( 1025): sending alarm Alarm{4370b560 type 3 com.devexpert.weather}
I/ActivityManager( 1025): Start proc com.devexpert.weather for broadcast com.devexpert.weather/.view.WidgetWeather2x1: pid=3011 uid=10112 gids={50112, 3003, 1028, 1015}
V/AlarmManager( 1025): sending alarm Alarm{437044d0 type 3 android}
D/ConnectivityService( 1025): startUsingNetworkFeature reconnecting to 0: enableSUPL
D/ConnectivityService( 1025): startUsingNetworkFeature X: return APN_REQUEST_STARTED
D/MobileDataStateTracker( 1025): supl: Broadcast received: android.intent.action.ANY_DATA_STATE apnType=supl
I/ActivityManager( 1025): Start proc com.android.mms for broadcast com.android.mms/.transaction.MmsSystemEventReceiver: pid=3032 uid=10031 gids={50031, 3003, 1028, 1015}
D/MobileDataStateTracker( 1025): supl: Received state=CONNECTING, old=DISCONNECTED, reason=dataEnabled
D/MobileDataStateTracker( 1025): supl: setDetailed state, old =IDLE and new state=CONNECTING
D/WifiService( 1025): acquireWifiLockLocked: WifiLock{NlpWifiLock type=2 binder=android.os.BinderProxy@42c37e88}
I/ProcessStatsService( 1025): Prepared write state in 18ms
I/ActivityManager( 1025): Process com.devexpert.weather (pid 3011) has died.
D/ConnectivityService( 1025): stopUsingNetworkFeature: teardown net 0: enableSUPL
D/WifiService( 1025): releaseWifiLockLocked: WifiLock{NlpWifiLock type=2 binder=android.os.BinderProxy@42c37e88}
W/ContextImpl( 1295): Calling a method in the system process without a qualified user: android.app.ContextImpl.sendBroadcast:1252 android.content.ContextWrapper.sendBroadcast:365 com.motorola.motocare.util.TriggerHelper$TriggerBuilder.send:76 com.motorola.motocare.internal.frameworkevents.ProcessKillTrigger.sendTrigger:147 com.motorola.motocare.internal.frameworkevents.ProcessKillTrigger.handleLmkKill:337 
W/ContextImpl( 1295): Calling a method in the system process without a qualified user: android.app.ContextImpl.sendBroadcast:1252 android.content.ContextWrapper.sendBroadcast:365 com.motorola.motocare.util.TriggerHelper$TriggerBuilder.send:76 com.motorola.motocare.internal.frameworkevents.ProcessKillTrigger.sendTrigger:147 com.motorola.motocare.internal.frameworkevents.ProcessKillTrigger.handleLmkKill:337 
D/MobileDataStateTracker( 1025): supl: Broadcast received: android.intent.action.ANY_DATA_STATE apnType=supl
D/MobileDataStateTracker( 1025): supl: Received state=DISCONNECTED, old=CONNECTING, reason=connected
D/MobileDataStateTracker( 1025): supl: setDetailed state, old =CONNECTING and new state=DISCONNECTED
D/ConnectivityService( 1025): ConnectivityChange for mobile_supl: DISCONNECTED/DISCONNECTED
D/Nat464Xlat( 1025): requiresClat: netType=3, hasIPv4Address=true
D/MobileDataStateTracker( 1025): default: setPolicyDataEnable(enabled=true)
D/MobileDataStateTracker( 1025): default: setPolicyDataEnable(enabled=true)
D/MobileDataStateTracker( 1025): default: setPolicyDataEnable(enabled=true)
D/MobileDataStateTracker( 1025): default: setPolicyDataEnable(enabled=true)
E/ActivityThread(18647): Failed to find provider info for com.motorola.blur.setupprovider
I/openssl ( 2461): Crypto mode not selected, openssl will run on its regular mode.
I/openssl ( 2461): Crypto mode 0 already enabled
E/ActivityThread(18647): Failed to find provider info for com.motorola.blur.setupprovider
I/ActivityManager( 1025): Start proc com.google.android.setupwizard for broadcast com.google.android.setupwizard/.MobileConnectivityChangeReceiver: pid=3132 uid=10042 gids={50042, 3003}
I/ActivityManager( 1025): Process com.android.mms (pid 3032) has died.
I/ActivityManager( 1025): Start proc com.google.android.apps.magazines for broadcast com.google.android.apps.magazines/com.google.apps.dots.android.newsstand.appwidget.NewsWidgetProvider: pid=3153 uid=10077 gids={50077, 3003, 1028, 1015}
D/WifiService( 1025): New client listening to asynchronous messages
I/ActivityManager( 1025): Process com.google.android.setupwizard (pid 3132) has died.
W/Vold    (  261): Returning OperationFailed - no handler for errno 30
W/Vold    (  261): Returning OperationFailed - no handler for errno 30
W/Vold    (  261): Returning OperationFailed - no handler for errno 30
W/Vold    (  261): Returning OperationFailed - no handler for errno 30
D/ConnectivityService( 1025): handleInetConditionHoldEnd: net=1, condition=100, published condition=100
I/ActivityManager( 1025): Start proc com.google.android.talk for broadcast com.google.android.talk/com.google.android.apps.hangouts.service.NetworkStateReceiver: pid=3210 uid=10071 gids={50071, 3003, 1028, 1015, 3002}
I/ActivityManager( 1025): Process com.google.android.apps.magazines (pid 3153) has died.
I/ActivityManager( 1025): Start proc com.google.android.gms.unstable for service com.google.android.gms/.droidguard.DroidGuardService: pid=3222 uid=10022 gids={50022, 3003, 1007, 1028, 1015, 3002, 3001, 3007, 2001, 3006}
I/ActivityManager( 1025): Start proc com.android.chrome for broadcast com.android.chrome/com.google.android.apps.chrome.precache.PrecacheServiceLauncher: pid=3246 uid=10057 gids={50057, 3003, 1028, 1015}
W/AppOps  ( 1025): Bad call: specified package qcamera under uid 1013 but it is really -1
W/AppOps  ( 1025): Bad call: specified package qcamera under uid 1013 but it is really -1
W/AppOps  ( 1025): Bad call: specified package qcamera under uid 1013 but it is really -1
W/AppOps  ( 1025): Bad call: specified package qcamera under uid 1013 but it is really -1
I/ActivityManager( 1025): Process com.android.chrome (pid 3246) has died.
I/openssl ( 2461): Crypto mode not selected, openssl will run on its regular mode.
I/openssl ( 2461): Crypto mode 0 already enabled
I/ActivityManager( 1025): Start proc com.android.mms for broadcast com.android.mms/.transaction.MmsSystemEventReceiver: pid=3271 uid=10031 gids={50031, 3003, 1028, 1015}
I/ActivityManager( 1025): Process com.google.android.talk (pid 3210) has died.
W/ActivityManager( 1025): Service ServiceRecord{43941c58 u0 com.google.android.talk/com.google.android.libraries.hangouts.video.CallService} in process ProcessRecord{42be7c40 3210:com.google.android.talk/u0a71} not same as in map: null
I/ActivityManager( 1025): Start proc com.google.android.setupwizard for broadcast com.google.android.setupwizard/.MobileConnectivityChangeReceiver: pid=3291 uid=10042 gids={50042, 3003}
I/ActivityManager( 1025): Start proc com.google.android.apps.magazines for broadcast com.google.android.apps.magazines/com.google.apps.dots.android.newsstand.appwidget.NewsWidgetProvider: pid=3306 uid=10077 gids={50077, 3003, 1028, 1015}
I/ActivityManager( 1025): Process com.android.mms (pid 3271) has died.
W/Vold    (  261): Returning OperationFailed - no handler for errno 30
W/Vold    (  261): Returning OperationFailed - no handler for errno 30
W/Vold    (  261): Returning OperationFailed - no handler for errno 30
W/Vold    (  261): Returning OperationFailed - no handler for errno 30
I/ActivityManager( 1025): Process com.google.android.setupwizard (pid 3291) has died.
I/ActivityManager( 1025): Start proc com.google.android.talk for broadcast com.google.android.talk/com.google.android.apps.hangouts.service.NetworkStateReceiver: pid=3361 uid=10071 gids={50071, 3003, 1028, 1015, 3002}
I/ActivityManager( 1025): Process com.google.android.apps.magazines (pid 3306) has died.
D/ConnectivityService( 1025): handleInetConditionHoldEnd: net=1, condition=100, published condition=100
I/ActivityManager( 1025): Start proc com.android.chrome for broadcast com.android.chrome/com.google.android.apps.chrome.precache.PrecacheServiceLauncher: pid=3387 uid=10057 gids={50057, 3003, 1028, 1015}
I/ActivityManager( 1025): Process com.whatsapp (pid 32483) has died.
W/ActivityManager( 1025): Scheduling restart of crashed service com.whatsapp/.messaging.MessageService in 1000ms
W/AppOps  ( 1025): Bad call: specified package qcamera under uid 1013 but it is really -1
W/AppOps  ( 1025): Bad call: specified package qcamera under uid 1013 but it is really -1
W/AppOps  ( 1025): Bad call: specified package qcamera under uid 1013 but it is really -1
W/AppOps  ( 1025): Bad call: specified package qcamera under uid 1013 but it is really -1
I/ActivityManager( 1025): Process com.google.android.talk (pid 3361) has died.
W/ActivityManager( 1025): Service ServiceRecord{4393ee60 u0 com.google.android.talk/com.google.android.libraries.hangouts.video.CallService} in process ProcessRecord{42cbe548 3361:com.google.android.talk/u0a71} not same as in map: null
W/ActivityThread( 1136): ClassLoader.loadClass: The class loader returned by Thread.getContextClassLoader() may fail for processes that host multiple applications. You should explicitly specify a context class loader. For example: Thread.setContextClassLoader(getClass().getClassLoader());
I/ActivityManager( 1025): Start proc com.whatsapp for service com.whatsapp/.messaging.MessageService: pid=3430 uid=10107 gids={50107, 3002, 3003, 1028, 1015}
I/ActivityManager( 1025): Process com.android.chrome (pid 3387) has died.
V/AlarmManager( 1025): sending alarm Alarm{43895860 type 3 com.whatsapp}
I/ActivityManager( 1025): Start proc com.android.vending for service com.android.vending/com.google.android.finsky.billing.iab.InAppBillingService: pid=3468 uid=10039 gids={50039, 3003, 1028, 1015}
V/AlarmManager( 1025): sending alarm Alarm{42662308 type 3 com.whatsapp}
I/ActivityManager( 1025): Process com.bambuna.podcastaddict (pid 2513) has died.
W/ActivityManager( 1025): Scheduling restart of crashed service com.bambuna.podcastaddict/.service.PodcastAddictService in 1000ms
I/ActivityManager( 1025): Process com.rhmsoft.fm:service (pid 2432) has died.
W/ActivityManager( 1025): Scheduling restart of crashed service com.rhmsoft.fm/com.cleanmaster.fm.service.BackgroundService in 10430ms
I/ActivityManager( 1025): Start proc com.bambuna.podcastaddict for service com.bambuna.podcastaddict/.service.PodcastAddictService: pid=3533 uid=10113 gids={50113, 3003, 1028, 1015, 3002}
W/Vold    (  261): Returning OperationFailed - no handler for errno 30
I/ActivityManager( 1025): Process com.android.vending (pid 3468) has died.
W/ActivityManager( 1025): Scheduling restart of crashed service com.android.vending/com.google.android.finsky.billing.iab.InAppBillingService in 19376ms
I/ActivityManager( 1025): Process com.whatsapp (pid 3430) has died.
W/ActivityManager( 1025): Scheduling restart of crashed service com.whatsapp/.messaging.MessageService in 18426ms
I/ActivityManager( 1025): Start proc com.google.android.talk for broadcast com.google.android.talk/com.google.android.apps.hangouts.phone.PackageReplacedReceiver: pid=3600 uid=10071 gids={50071, 3003, 1028, 1015, 3002}
I/PackageManager( 1025): Adding preferred activity ComponentInfo{com.android.mms/com.android.mms.ui.ComposeMessageActivity} for user 0 :
I/PackageManager( 1025): Adding preferred activity ComponentInfo{com.android.mms/com.android.mms.ui.ComposeMessageActivity} for user 0 :
I/PackageManager( 1025): Adding preferred activity ComponentInfo{com.android.mms/com.android.mms.ui.ComposeMessageActivity} for user 0 :
I/PackageManager( 1025): Adding preferred activity ComponentInfo{com.android.mms/com.android.mms.ui.ComposeMessageActivity} for user 0 :
I/PackageManager( 1025): Adding preferred activity ComponentInfo{com.android.mms/com.android.mms.ui.ComposeMessageActivity} for user 0 :
I/PackageManager( 1025): Adding preferred activity ComponentInfo{com.android.mms/com.android.mms.ui.ComposeMessageActivity} for user 0 :
I/PackageManager( 1025): Adding preferred activity ComponentInfo{com.android.mms/com.android.mms.ui.ComposeMessageActivity} for user 0 :
I/PackageManager( 1025): Adding preferred activity ComponentInfo{com.android.mms/com.android.mms.ui.ComposeMessageActivity} for user 0 :
I/ActivityManager( 1025): Process com.google.android.gms.unstable (pid 3222) has died.
I/ActivityManager( 1025): Start proc com.google.android.googlequicksearchbox:search for broadcast com.google.android.googlequicksearchbox/com.google.android.search.core.GooglePlayServicesHelper$GmsPackageWatcher: pid=3635 uid=10045 gids={50045, 3003, 3001, 1028, 3002, 1015}
W/AppOps  ( 1025): Bad call: specified package qcamera under uid 1013 but it is really -1
W/AppOps  ( 1025): Bad call: specified package qcamera under uid 1013 but it is really -1
W/AppOps  ( 1025): Bad call: specified package qcamera under uid 1013 but it is really -1
W/AppOps  ( 1025): Bad call: specified package qcamera under uid 1013 but it is really -1
I/ActivityManager( 1025): Start proc com.google.android.partnersetup for content provider com.google.android.partnersetup/.RlzAppProvider: pid=3655 uid=10025 gids={50025, 3003}
I/ActivityManager( 1025): Start proc com.android.vending for broadcast com.android.vending/com.google.android.finsky.receivers.PackageMonitorReceiver$RegisteredReceiver: pid=3682 uid=10039 gids={50039, 3003, 1028, 1015}
D/WifiService( 1025): acquireWifiLockLocked: WifiLock{NlpWifiLock type=2 binder=android.os.BinderProxy@428bc820}
I/ActivityManager( 1025): Process com.google.android.talk (pid 3600) has died.
W/ActivityManager( 1025): Service ServiceRecord{43857108 u0 com.google.android.talk/com.google.android.libraries.hangouts.video.CallService} in process ProcessRecord{430966d8 3600:com.google.android.talk/u0a71} not same as in map: null
I/ActivityManager( 1025): Start proc com.motorola.MotGallery2 for broadcast com.motorola.MotGallery2/com.android.gallery3d.app.PackagesMonitor: pid=3720 uid=10034 gids={50034, 3003, 1028, 1015}
F/ProcessStats( 1025): Starting service ServiceState{42abda10 com.cleanmaster.fm.service.BackgroundService pkg=com.rhmsoft.fm proc=42abda10} without owner
F/ProcessStats( 1025): Starting service ServiceState{42c48c08 com.whatsapp.messaging.MessageService pkg=com.whatsapp proc=42c48c08} without owner
F/ProcessStats( 1025): Starting service ServiceState{43399718 com.paypal.android.p2pmobile.services.AtoService pkg=com.paypal.android.p2pmobile proc=43399718} without owner
F/ProcessStats( 1025): Starting service ServiceState{43231e48 com.paypal.android.p2pmobile.services.WalletService pkg=com.paypal.android.p2pmobile proc=43231e48} without owner
F/ProcessStats( 1025): Starting service ServiceState{42a4cec0 com.facebook.push.mqtt.service.MqttPushService pkg=com.facebook.katana proc=42a4cec0} without owner
F/ProcessStats( 1025): Starting service ServiceState{428fdff0 com.facebook.push.mqtt.service.MqttPushService pkg=com.facebook.orca proc=428fdff0} without owner
I/ActivityManager( 1025): Process com.google.android.partnersetup (pid 3655) has died.
F/ProcessStats( 1025): Starting service ServiceState{42abda10 com.cleanmaster.fm.service.BackgroundService pkg=com.rhmsoft.fm proc=42abda10} without owner
F/ProcessStats( 1025): Starting service ServiceState{42c48c08 com.whatsapp.messaging.MessageService pkg=com.whatsapp proc=42c48c08} without owner
F/ProcessStats( 1025): Starting service ServiceState{43399718 com.paypal.android.p2pmobile.services.AtoService pkg=com.paypal.android.p2pmobile proc=43399718} without owner
F/ProcessStats( 1025): Starting service ServiceState{43231e48 com.paypal.android.p2pmobile.services.WalletService pkg=com.paypal.android.p2pmobile proc=43231e48} without owner
F/ProcessStats( 1025): Starting service ServiceState{42a4cec0 com.facebook.push.mqtt.service.MqttPushService pkg=com.facebook.katana proc=42a4cec0} without owner
F/ProcessStats( 1025): Starting service ServiceState{428fdff0 com.facebook.push.mqtt.service.MqttPushService pkg=com.facebook.orca proc=428fdff0} without owner
I/ActivityManager( 1025): Process com.android.vending (pid 3682) has died.
D/WifiService( 1025): releaseWifiLockLocked: WifiLock{NlpWifiLock type=2 binder=android.os.BinderProxy@428bc820}
I/ActivityManager( 1025): Process com.motorola.MotGallery2 (pid 3720) has died.
I/ActivityManager( 1025): Start proc com.rhmsoft.fm:service for service com.rhmsoft.fm/com.cleanmaster.fm.service.BackgroundService: pid=3749 uid=10105 gids={50105, 3003, 1028, 1015}
I/ActivityManager( 1025): Process com.google.android.googlequicksearchbox:search (pid 3635) has died.
I/ActivityManager( 1025): Start proc com.whatsapp for service com.whatsapp/.messaging.MessageService: pid=3776 uid=10107 gids={50107, 3002, 3003, 1028, 1015}
V/AlarmManager( 1025): sending alarm Alarm{4291faf0 type 3 com.whatsapp}
I/ActivityManager( 1025): Start proc com.android.vending for service com.android.vending/com.google.android.finsky.billing.iab.InAppBillingService: pid=3806 uid=10039 gids={50039, 3003, 1028, 1015}
V/AlarmManager( 1025): sending alarm Alarm{423b6380 type 3 com.whatsapp}
V/AlarmManager( 1025): sending alarm Alarm{421c3768 type 3 com.devexpert.weather}
V/AlarmManager( 1025): sending alarm Alarm{4219c5a0 type 2 com.google.android.gms}
I/ActivityManager( 1025): Start proc com.devexpert.weather for broadcast com.devexpert.weather/.view.WidgetWeather2x1: pid=3883 uid=10112 gids={50112, 3003, 1028, 1015}
V/AlarmManager( 1025): sending alarm Alarm{42199a38 type 2 com.facebook.katana}
V/AlarmManager( 1025): sending alarm Alarm{421518e8 type 2 com.facebook.orca}
V/AlarmManager( 1025): sending alarm Alarm{42120500 type 0 com.rhmsoft.fm}
V/AlarmManager( 1025): sending alarm Alarm{4210b0e0 type 1 com.rhmsoft.fm}
V/AlarmManager( 1025): sending alarm Alarm{4210abc8 type 3 android}
D/WifiService( 1025): acquireWifiLockLocked: WifiLock{NlpWifiLock type=2 binder=android.os.BinderProxy@42e414d8}
D/ConnectivityService( 1025): startUsingNetworkFeature reconnecting to 0: enableSUPL
D/ConnectivityService( 1025): startUsingNetworkFeature X: return APN_REQUEST_STARTED
D/MobileDataStateTracker( 1025): supl: Broadcast received: android.intent.action.ANY_DATA_STATE apnType=supl
D/MobileDataStateTracker( 1025): supl: Received state=CONNECTING, old=DISCONNECTED, reason=dataEnabled
D/MobileDataStateTracker( 1025): supl: setDetailed state, old =IDLE and new state=CONNECTING
I/ActivityManager( 1025): Start proc com.android.mms for broadcast com.android.mms/.transaction.MmsSystemEventReceiver: pid=3930 uid=10031 gids={50031, 3003, 1028, 1015}
I/ActivityManager( 1025): Process com.devexpert.weather (pid 3883) has died.
D/ConnectivityService( 1025): stopUsingNetworkFeature: teardown net 0: enableSUPL
D/WifiService( 1025): releaseWifiLockLocked: WifiLock{NlpWifiLock type=2 binder=android.os.BinderProxy@42e414d8}
I/ActivityManager( 1025): Process com.android.mms (pid 3930) has died.
D/MobileDataStateTracker( 1025): supl: Broadcast received: android.intent.action.ANY_DATA_STATE apnType=supl
D/MobileDataStateTracker( 1025): supl: Received state=DISCONNECTED, old=CONNECTING, reason=connected
D/MobileDataStateTracker( 1025): supl: setDetailed state, old =CONNECTING and new state=DISCONNECTED
D/ConnectivityService( 1025): ConnectivityChange for mobile_supl: DISCONNECTED/DISCONNECTED
D/Nat464Xlat( 1025): requiresClat: netType=3, hasIPv4Address=true
I/ActivityManager( 1025): Start proc com.android.mms for broadcast com.android.mms/.transaction.MmsSystemEventReceiver: pid=3968 uid=10031 gids={50031, 3003, 1028, 1015}
D/MobileDataStateTracker( 1025): default: setPolicyDataEnable(enabled=true)
D/MobileDataStateTracker( 1025): default: setPolicyDataEnable(enabled=true)
I/ActivityManager( 1025): Process com.android.mms (pid 3968) has died.
D/MobileDataStateTracker( 1025): default: setPolicyDataEnable(enabled=true)
D/MobileDataStateTracker( 1025): default: setPolicyDataEnable(enabled=true)
E/ActivityThread(18647): Failed to find provider info for com.motorola.blur.setupprovider
E/ActivityThread(18647): Failed to find provider info for com.motorola.blur.setupprovider
I/openssl ( 2461): Crypto mode not selected, openssl will run on its regular mode.
I/openssl ( 2461): Crypto mode 0 already enabled
I/ActivityManager( 1025): Start proc com.android.mms for broadcast com.android.mms/.transaction.MmsSystemEventReceiver: pid=4044 uid=10031 gids={50031, 3003, 1028, 1015}
I/ActivityManager( 1025): Start proc com.google.android.setupwizard for broadcast com.google.android.setupwizard/.MobileConnectivityChangeReceiver: pid=4064 uid=10042 gids={50042, 3003}
I/ActivityManager( 1025): Start proc com.google.android.apps.magazines for broadcast com.google.android.apps.magazines/com.google.apps.dots.android.newsstand.appwidget.NewsWidgetProvider: pid=4080 uid=10077 gids={50077, 3003, 1028, 1015}
I/ActivityManager( 1025): Process com.android.mms (pid 4044) has died.
I/ActivityManager( 1025): Process com.google.android.setupwizard (pid 4064) has died.
W/Vold    (  261): Returning OperationFailed - no handler for errno 30
W/Vold    (  261): Returning OperationFailed - no handler for errno 30
W/Vold    (  261): Returning OperationFailed - no handler for errno 30
W/Vold    (  261): Returning OperationFailed - no handler for errno 30
I/ActivityManager( 1025): Start proc com.google.android.talk for broadcast com.google.android.talk/com.google.android.apps.hangouts.service.NetworkStateReceiver: pid=4127 uid=10071 gids={50071, 3003, 1028, 1015, 3002}
I/ActivityManager( 1025): Process com.whatsapp (pid 3776) has died.
W/ActivityManager( 1025): Scheduling restart of crashed service com.whatsapp/.messaging.MessageService in 73704ms
I/ActivityManager( 1025): Start proc com.google.android.gms.unstable for service com.google.android.gms/.droidguard.DroidGuardService: pid=4139 uid=10022 gids={50022, 3003, 1007, 1028, 1015, 3002, 3001, 3007, 2001, 3006}
D/ConnectivityService( 1025): handleInetConditionHoldEnd: net=1, condition=100, published condition=100
I/ActivityManager( 1025): Start proc com.android.chrome for broadcast com.android.chrome/com.google.android.apps.chrome.precache.PrecacheServiceLauncher: pid=4163 uid=10057 gids={50057, 3003, 1028, 1015}
I/ActivityManager( 1025): Process com.google.android.apps.magazines (pid 4080) has died.
W/AppOps  ( 1025): Bad call: specified package qcamera under uid 1013 but it is really -1
W/AppOps  ( 1025): Bad call: specified package qcamera under uid 1013 but it is really -1
W/AppOps  ( 1025): Bad call: specified package qcamera under uid 1013 but it is really -1
W/AppOps  ( 1025): Bad call: specified package qcamera under uid 1013 but it is really -1
I/openssl ( 2461): Crypto mode not selected, openssl will run on its regular mode.
I/openssl ( 2461): Crypto mode 0 already enabled
I/ActivityManager( 1025): Start proc com.android.mms for broadcast com.android.mms/.transaction.MmsSystemEventReceiver: pid=4181 uid=10031 gids={50031, 3003, 1028, 1015}
I/ActivityManager( 1025): Process com.android.vending (pid 3806) has died.
I/ActivityManager( 1025): Start proc com.google.android.setupwizard for broadcast com.google.android.setupwizard/.MobileConnectivityChangeReceiver: pid=4202 uid=10042 gids={50042, 3003}
F/ProcessStats( 1025): Starting service ServiceState{42c48c08 com.whatsapp.messaging.MessageService pkg=com.whatsapp proc=42c48c08} without owner
F/ProcessStats( 1025): Starting service ServiceState{43399718 com.paypal.android.p2pmobile.services.AtoService pkg=com.paypal.android.p2pmobile proc=43399718} without owner
F/ProcessStats( 1025): Starting service ServiceState{43231e48 com.paypal.android.p2pmobile.services.WalletService pkg=com.paypal.android.p2pmobile proc=43231e48} without owner
F/ProcessStats( 1025): Starting service ServiceState{42a4cec0 com.facebook.push.mqtt.service.MqttPushService pkg=com.facebook.katana proc=42a4cec0} without owner
F/ProcessStats( 1025): Starting service ServiceState{428fdff0 com.facebook.push.mqtt.service.MqttPushService pkg=com.facebook.orca proc=428fdff0} without owner
I/ActivityManager( 1025): Process com.google.android.talk (pid 4127) has died.
W/ActivityManager( 1025): Service ServiceRecord{43ebd448 u0 com.google.android.talk/com.google.android.libraries.hangouts.video.CallService} in process ProcessRecord{43e14558 4127:com.google.android.talk/u0a71} not same as in map: null
F/ProcessStats( 1025): Starting service ServiceState{42c48c08 com.whatsapp.messaging.MessageService pkg=com.whatsapp proc=42c48c08} without owner
F/ProcessStats( 1025): Starting service ServiceState{43399718 com.paypal.android.p2pmobile.services.AtoService pkg=com.paypal.android.p2pmobile proc=43399718} without owner
F/ProcessStats( 1025): Starting service ServiceState{43231e48 com.paypal.android.p2pmobile.services.WalletService pkg=com.paypal.android.p2pmobile proc=43231e48} without owner
F/ProcessStats( 1025): Starting service ServiceState{42a4cec0 com.facebook.push.mqtt.service.MqttPushService pkg=com.facebook.katana proc=42a4cec0} without owner
F/ProcessStats( 1025): Starting service ServiceState{428fdff0 com.facebook.push.mqtt.service.MqttPushService pkg=com.facebook.orca proc=428fdff0} without owner
I/ActivityManager( 1025): Start proc com.google.android.apps.magazines for broadcast com.google.android.apps.magazines/com.google.apps.dots.android.newsstand.appwidget.NewsWidgetProvider: pid=4219 uid=10077 gids={50077, 3003, 1028, 1015}
W/Vold    (  261): Returning OperationFailed - no handler for errno 30
W/Vold    (  261): Returning OperationFailed - no handler for errno 30
W/Vold    (  261): Returning OperationFailed - no handler for errno 30
W/Vold    (  261): Returning OperationFailed - no handler for errno 30
I/ActivityManager( 1025): Process com.android.chrome (pid 4163) has died.
I/ActivityManager( 1025): Process com.android.mms (pid 4181) has died.
I/ActivityManager( 1025): Start proc com.google.android.talk for broadcast com.google.android.talk/com.google.android.apps.hangouts.service.NetworkStateReceiver: pid=4271 uid=10071 gids={50071, 3003, 1028, 1015, 3002}
D/ConnectivityService( 1025): handleInetConditionHoldEnd: net=1, condition=100, published condition=100
I/ActivityManager( 1025): Process com.google.android.setupwizard (pid 4202) has died.
W/ContextImpl( 1295): Calling a method in the system process without a qualified user: android.app.ContextImpl.sendBroadcast:1252 android.content.ContextWrapper.sendBroadcast:365 com.motorola.motocare.util.TriggerHelper$TriggerBuilder.send:76 com.motorola.motocare.internal.frameworkevents.ProcessKillTrigger.sendTrigger:147 com.motorola.motocare.internal.frameworkevents.ProcessKillTrigger.handleLmkKill:337 
W/ContextImpl( 1295): Calling a method in the system process without a qualified user: android.app.ContextImpl.sendBroadcast:1252 android.content.ContextWrapper.sendBroadcast:365 com.motorola.motocare.util.TriggerHelper$TriggerBuilder.send:76 com.motorola.motocare.internal.frameworkevents.ProcessKillTrigger.sendTrigger:147 com.motorola.motocare.internal.frameworkevents.ProcessKillTrigger.handleLmkKill:337 
W/ContextImpl( 1295): Calling a method in the system process without a qualified user: android.app.ContextImpl.sendBroadcast:1252 android.content.ContextWrapper.sendBroadcast:365 com.motorola.motocare.util.TriggerHelper$TriggerBuilder.send:76 com.motorola.motocare.internal.frameworkevents.ProcessKillTrigger.sendTrigger:147 com.motorola.motocare.internal.frameworkevents.ProcessKillTrigger.handleLmkKill:337 
W/ContextImpl( 1295): Calling a method in the system process without a qualified user: android.app.ContextImpl.sendBroadcast:1252 android.content.ContextWrapper.sendBroadcast:365 com.motorola.motocare.util.TriggerHelper$TriggerBuilder.send:76 com.motorola.motocare.internal.frameworkevents.ProcessKillTrigger.sendTrigger:147 com.motorola.motocare.internal.frameworkevents.ProcessKillTrigger.handleLmkKill:337 
W/ContextImpl( 1295): Calling a method in the system process without a qualified user: android.app.ContextImpl.sendBroadcast:1252 android.content.ContextWrapper.sendBroadcast:365 com.motorola.motocare.util.TriggerHelper$TriggerBuilder.send:76 com.motorola.motocare.internal.frameworkevents.ProcessKillTrigger.sendTrigger:147 com.motorola.motocare.internal.frameworkevents.ProcessKillTrigger.handleLmkKill:337 
W/ContextImpl( 1295): Calling a method in the system process without a qualified user: android.app.ContextImpl.sendBroadcast:1252 android.content.ContextWrapper.sendBroadcast:365 com.motorola.motocare.util.TriggerHelper$TriggerBuilder.send:76 com.motorola.motocare.internal.frameworkevents.ProcessKillTrigger.sendTrigger:147 com.motorola.motocare.internal.frameworkevents.ProcessKillTrigger.handleLmkKill:337 
I/ActivityManager( 1025): Process com.google.android.apps.magazines (pid 4219) has died.
W/ContextImpl( 1295): Calling a method in the system process without a qualified user: android.app.ContextImpl.sendBroadcast:1252 android.content.ContextWrapper.sendBroadcast:365 com.motorola.motocare.util.TriggerHelper$TriggerBuilder.send:76 com.motorola.motocare.internal.frameworkevents.ProcessKillTrigger.sendTrigger:147 com.motorola.motocare.internal.frameworkevents.ProcessKillTrigger.handleLmkKill:337 
W/ContextImpl( 1295): Calling a method in the system process without a qualified user: android.app.ContextImpl.sendBroadcast:1252 android.content.ContextWrapper.sendBroadcast:365 com.motorola.motocare.util.TriggerHelper$TriggerBuilder.send:76 com.motorola.motocare.internal.frameworkevents.ProcessKillTrigger.sendTrigger:147 com.motorola.motocare.internal.frameworkevents.ProcessKillTrigger.handleLmkKill:337 
W/ContextImpl( 1295): Calling a method in the system process without a qualified user: android.app.ContextImpl.sendBroadcast:1252 android.content.ContextWrapper.sendBroadcast:365 com.motorola.motocare.util.TriggerHelper$TriggerBuilder.send:76 com.motorola.motocare.internal.frameworkevents.ProcessKillTrigger.sendTrigger:147 com.motorola.motocare.internal.frameworkevents.ProcessKillTrigger.handleLmkKill:337 
W/ContextImpl( 1295): Calling a method in the system process without a qualified user: android.app.ContextImpl.sendBroadcast:1252 android.content.ContextWrapper.sendBroadcast:365 com.motorola.motocare.util.TriggerHelper$TriggerBuilder.send:76 com.motorola.motocare.internal.frameworkevents.ProcessKillTrigger.sendTrigger:147 com.motorola.motocare.internal.frameworkevents.ProcessKillTrigger.handleLmkKill:337 
W/ContextImpl( 1295): Calling a method in the system process without a qualified user: android.app.ContextImpl.sendBroadcast:1252 android.content.ContextWrapper.sendBroadcast:365 com.motorola.motocare.util.TriggerHelper$TriggerBuilder.send:76 com.motorola.motocare.internal.frameworkevents.ProcessKillTrigger.sendTrigger:147 com.motorola.motocare.internal.frameworkevents.ProcessKillTrigger.handleLmkKill:337 
W/ContextImpl( 1295): Calling a method in the system process without a qualified user: android.app.ContextImpl.sendBroadcast:1252 android.content.ContextWrapper.sendBroadcast:365 com.motorola.motocare.util.TriggerHelper$TriggerBuilder.send:76 com.motorola.motocare.internal.frameworkevents.ProcessKillTrigger.sendTrigger:147 com.motorola.motocare.internal.frameworkevents.ProcessKillTrigger.handleLmkKill:337 
W/ContextImpl( 1295): Calling a method in the system process without a qualified user: android.app.ContextImpl.sendBroadcast:1252 android.content.ContextWrapper.sendBroadcast:365 com.motorola.motocare.util.TriggerHelper$TriggerBuilder.send:76 com.motorola.motocare.internal.frameworkevents.ProcessKillTrigger.sendTrigger:147 com.motorola.motocare.internal.frameworkevents.ProcessKillTrigger.handleLmkKill:337 
W/ContextImpl( 1295): Calling a method in the system process without a qualified user: android.app.ContextImpl.sendBroadcast:1252 android.content.ContextWrapper.sendBroadcast:365 com.motorola.motocare.util.TriggerHelper$TriggerBuilder.send:76 com.motorola.motocare.internal.frameworkevents.ProcessKillTrigger.sendTrigger:147 com.motorola.motocare.internal.frameworkevents.ProcessKillTrigger.handleLmkKill:337 
W/ContextImpl( 1295): Calling a method in the system process without a qualified user: android.app.ContextImpl.sendBroadcast:1252 android.content.ContextWrapper.sendBroadcast:365 com.motorola.motocare.util.TriggerHelper$TriggerBuilder.send:76 com.motorola.motocare.internal.frameworkevents.ProcessKillTrigger.sendTrigger:147 com.motorola.motocare.internal.frameworkevents.ProcessKillTrigger.handleLmkKill:337 
W/ContextImpl( 1295): Calling a method in the system process without a qualified user: android.app.ContextImpl.sendBroadcast:1252 android.content.ContextWrapper.sendBroadcast:365 com.motorola.motocare.util.TriggerHelper$TriggerBuilder.send:76 com.motorola.motocare.internal.frameworkevents.ProcessKillTrigger.sendTrigger:147 com.motorola.motocare.internal.frameworkevents.ProcessKillTrigger.handleLmkKill:337 
I/ActivityManager( 1025): Start proc com.android.chrome for broadcast com.android.chrome/com.google.android.apps.chrome.precache.PrecacheServiceLauncher: pid=4296 uid=10057 gids={50057, 3003, 1028, 1015}
W/ContextImpl( 1295): Calling a method in the system process without a qualified user: android.app.ContextImpl.sendBroadcast:1252 android.content.ContextWrapper.sendBroadcast:365 com.motorola.motocare.util.TriggerHelper$TriggerBuilder.send:76 com.motorola.motocare.internal.frameworkevents.ProcessKillTrigger.sendTrigger:147 com.motorola.motocare.internal.frameworkevents.ProcessKillTrigger.handleLmkKill:337 
W/ContextImpl( 1295): Calling a method in the system process without a qualified user: android.app.ContextImpl.sendBroadcast:1252 android.content.ContextWrapper.sendBroadcast:365 com.motorola.motocare.util.TriggerHelper$TriggerBuilder.send:76 com.motorola.motocare.internal.frameworkevents.ProcessKillTrigger.sendTrigger:147 com.motorola.motocare.internal.frameworkevents.ProcessKillTrigger.handleLmkKill:337 
W/ContextImpl( 1295): Calling a method in the system process without a qualified user: android.app.ContextImpl.sendBroadcast:1252 android.content.ContextWrapper.sendBroadcast:365 com.motorola.motocare.util.TriggerHelper$TriggerBuilder.send:76 com.motorola.motocare.internal.frameworkevents.ProcessKillTrigger.sendTrigger:147 com.motorola.motocare.internal.frameworkevents.ProcessKillTrigger.handleLmkKill:337 
W/ContextImpl( 1295): Calling a method in the system process without a qualified user: android.app.ContextImpl.sendBroadcast:1252 android.content.ContextWrapper.sendBroadcast:365 com.motorola.motocare.util.TriggerHelper$TriggerBuilder.send:76 com.motorola.motocare.internal.frameworkevents.ProcessKillTrigger.sendTrigger:147 com.motorola.motocare.internal.frameworkevents.ProcessKillTrigger.handleLmkKill:337 
W/AppOps  ( 1025): Bad call: specified package qcamera under uid 1013 but it is really -1
W/ContextImpl( 1295): Calling a method in the system process without a qualified user: android.app.ContextImpl.sendBroadcast:1252 android.content.ContextWrapper.sendBroadcast:365 com.motorola.motocare.util.TriggerHelper$TriggerBuilder.send:76 com.motorola.motocare.internal.frameworkevents.ProcessKillTrigger.sendTrigger:147 com.motorola.motocare.internal.frameworkevents.ProcessKillTrigger.handleLmkKill:337 
W/ContextImpl( 1295): Calling a method in the system process without a qualified user: android.app.ContextImpl.sendBroadcast:1252 android.content.ContextWrapper.sendBroadcast:365 com.motorola.motocare.util.TriggerHelper$TriggerBuilder.send:76 com.motorola.motocare.internal.frameworkevents.ProcessKillTrigger.sendTrigger:147 com.motorola.motocare.internal.frameworkevents.ProcessKillTrigger.handleLmkKill:337 
W/ContextImpl( 1295): Calling a method in the system process without a qualified user: android.app.ContextImpl.sendBroadcast:1252 android.content.ContextWrapper.sendBroadcast:365 com.motorola.motocare.util.TriggerHelper$TriggerBuilder.send:76 com.motorola.motocare.internal.frameworkevents.ProcessKillTrigger.sendTrigger:147 com.motorola.motocare.internal.frameworkevents.ProcessKillTrigger.handleLmkKill:337 
W/ContextImpl( 1295): Calling a method in the system process without a qualified user: android.app.ContextImpl.sendBroadcast:1252 android.content.ContextWrapper.sendBroadcast:365 com.motorola.motocare.util.TriggerHelper$TriggerBuilder.send:76 com.motorola.motocare.internal.frameworkevents.ProcessKillTrigger.sendTrigger:147 com.motorola.motocare.internal.frameworkevents.ProcessKillTrigger.handleLmkKill:337 
W/ContextImpl( 1295): Calling a method in the system process without a qualified user: android.app.ContextImpl.sendBroadcast:1252 android.content.ContextWrapper.sendBroadcast:365 com.motorola.motocare.util.TriggerHelper$TriggerBuilder.send:76 com.motorola.motocare.internal.frameworkevents.ProcessKillTrigger.sendTrigger:147 com.motorola.motocare.internal.frameworkevents.ProcessKillTrigger.handleLmkKill:337 
W/ContextImpl( 1295): Calling a method in the system process without a qualified user: android.app.ContextImpl.sendBroadcast:1252 android.content.ContextWrapper.sendBroadcast:365 com.motorola.motocare.util.TriggerHelper$TriggerBuilder.send:76 com.motorola.motocare.internal.frameworkevents.ProcessKillTrigger.sendTrigger:147 com.motorola.motocare.internal.frameworkevents.ProcessKillTrigger.handleLmkKill:337 
W/AppOps  ( 1025): Bad call: specified package qcamera under uid 1013 but it is really -1
W/AppOps  ( 1025): Bad call: specified package qcamera under uid 1013 but it is really -1
W/AppOps  ( 1025): Bad call: specified package qcamera under uid 1013 but it is really -1
I/ActivityManager( 1025): Process com.android.chrome (pid 4296) has died.
I/PackageManager( 1025): Adding preferred activity ComponentInfo{com.android.mms/com.android.mms.ui.ComposeMessageActivity} for user 0 :
I/PackageManager( 1025): Adding preferred activity ComponentInfo{com.android.mms/com.android.mms.ui.ComposeMessageActivity} for user 0 :
I/PackageManager( 1025): Adding preferred activity ComponentInfo{com.android.mms/com.android.mms.ui.ComposeMessageActivity} for user 0 :
I/PackageManager( 1025): Adding preferred activity ComponentInfo{com.android.mms/com.android.mms.ui.ComposeMessageActivity} for user 0 :
I/ActivityManager( 1025): Start proc com.google.android.googlequicksearchbox:search for broadcast com.google.android.googlequicksearchbox/com.google.android.search.core.GooglePlayServicesHelper$GmsPackageWatcher: pid=4349 uid=10045 gids={50045, 3003, 3001, 1028, 3002, 1015}
I/PackageManager( 1025): Adding preferred activity ComponentInfo{com.android.mms/com.android.mms.ui.ComposeMessageActivity} for user 0 :
I/PackageManager( 1025): Adding preferred activity ComponentInfo{com.android.mms/com.android.mms.ui.ComposeMessageActivity} for user 0 :
I/ActivityManager( 1025): Process com.google.android.gms.unstable (pid 4139) has died.
I/PackageManager( 1025): Adding preferred activity ComponentInfo{com.android.mms/com.android.mms.ui.ComposeMessageActivity} for user 0 :
I/PackageManager( 1025): Adding preferred activity ComponentInfo{com.android.mms/com.android.mms.ui.ComposeMessageActivity} for user 0 :
I/ActivityManager( 1025): Start proc com.google.android.partnersetup for content provider com.google.android.partnersetup/.RlzAppProvider: pid=4370 uid=10025 gids={50025, 3003}
I/ActivityManager( 1025): Process com.google.android.talk (pid 4271) has died.
W/ActivityManager( 1025): Service ServiceRecord{4389c508 u0 com.google.android.talk/com.google.android.libraries.hangouts.video.CallService} in process ProcessRecord{43aa3ef0 4271:com.google.android.talk/u0a71} not same as in map: null
I/ActivityManager( 1025): Start proc com.android.vending for broadcast com.android.vending/com.google.android.finsky.receivers.PackageMonitorReceiver$RegisteredReceiver: pid=4389 uid=10039 gids={50039, 3003, 1028, 1015}
I/ActivityManager( 1025): Process com.google.android.googlequicksearchbox:search (pid 4349) has died.
I/ActivityManager( 1025): Process com.google.android.partnersetup (pid 4370) has died.
D/WifiService( 1025): acquireWifiLockLocked: WifiLock{NlpWifiLock type=2 binder=android.os.BinderProxy@433e5e20}
I/ActivityManager( 1025): Start proc com.motorola.MotGallery2 for broadcast com.motorola.MotGallery2/com.android.gallery3d.app.PackagesMonitor: pid=4431 uid=10034 gids={50034, 3003, 1028, 1015}
I/ActivityManager( 1025): Process com.android.vending (pid 4389) has died.
I/ActivityManager( 1025): Start proc com.google.android.googlequicksearchbox:search for broadcast com.google.android.googlequicksearchbox/com.google.android.search.core.icingsync.IcingCorporaChangedReceiver: pid=4446 uid=10045 gids={50045, 3003, 3001, 1028, 3002, 1015}
I/ActivityManager( 1025): Start proc com.google.android.partnersetup for content provider com.google.android.partnersetup/.RlzAppProvider: pid=4464 uid=10025 gids={50025, 3003}
I/ActivityManager( 1025): Process com.motorola.MotGallery2 (pid 4431) has died.
D/WifiService( 1025): releaseWifiLockLocked: WifiLock{NlpWifiLock type=2 binder=android.os.BinderProxy@433e5e20}
I/ActivityManager( 1025): Process com.google.android.partnersetup (pid 4464) has died.
I/ActivityManager( 1025): Process com.google.android.googlequicksearchbox:search (pid 4446) has died.
V/AlarmManager( 1025): sending alarm Alarm{42cf0d80 type 2 com.whatsapp}
V/AlarmManager( 1025): sending alarm Alarm{42fb17a0 type 3 com.devexpert.weather}
V/AlarmManager( 1025): sending alarm Alarm{42fb17f0 type 2 com.whatsapp}
V/AlarmManager( 1025): sending alarm Alarm{42fb1840 type 0 com.twitter.android}
I/ActivityManager( 1025): Start proc com.twitter.android for service com.twitter.android/com.twitter.library.platform.TwitterDataSyncService: pid=4499 uid=10132 gids={50132, 3003, 1028, 1015}
I/ActivityManager( 1025): Start proc com.devexpert.weather for broadcast com.devexpert.weather/.view.WidgetWeather2x1: pid=4510 uid=10112 gids={50112, 3003, 1028, 1015}
W/Vold    (  261): Returning OperationFailed - no handler for errno 30
I/ActivityManager( 1025): Process com.devexpert.weather (pid 4510) has died.
W/ActivityManager( 1025): Unable to start service Intent { act=com.twitter.intent.action.GET_OEM cmp=com.twitter.twitteroemhelper/.OemHelperService } U=0: not found
W/Vold    (  261): Returning OperationFailed - no handler for errno 30
I/ActivityManager( 1025): Process com.twitter.android (pid 4499) has died.
W/ActivityManager( 1025): Service ServiceRecord{43b48ad0 u0 com.twitter.android/com.twitter.internal.android.service.AsyncService} in process ProcessRecord{42549fe8 4499:com.twitter.android/u0a132} not same as in map: null
V/AlarmManager( 1025): sending alarm Alarm{42fb1890 type 2 com.google.android.gms}
D/ConnectivityService( 1025): handleInetConditionHoldEnd: net=1, condition=100, published condition=100
V/AlarmManager( 1025): sending alarm Alarm{430ea608 type 3 android}
V/AlarmManager( 1025): sending alarm Alarm{430ea2f0 type 3 com.devexpert.weather}
I/ActivityManager( 1025): Start proc com.devexpert.weather for broadcast com.devexpert.weather/.view.WidgetWeather2x1: pid=4593 uid=10112 gids={50112, 3003, 1028, 1015}
W/ContextImpl( 1295): Calling a method in the system process without a qualified user: android.app.ContextImpl.sendBroadcast:1252 android.content.ContextWrapper.sendBroadcast:365 com.motorola.motocare.util.TriggerHelper$TriggerBuilder.send:76 com.motorola.motocare.internal.frameworkevents.ProcessKillTrigger.sendTrigger:147 com.motorola.motocare.internal.frameworkevents.ProcessKillTrigger.handleLmkKill:337 
W/ContextImpl( 1295): Calling a method in the system process without a qualified user: android.app.ContextImpl.sendBroadcast:1252 android.content.ContextWrapper.sendBroadcast:365 com.motorola.motocare.util.TriggerHelper$TriggerBuilder.send:76 com.motorola.motocare.internal.frameworkevents.ProcessKillTrigger.sendTrigger:147 com.motorola.motocare.internal.frameworkevents.ProcessKillTrigger.handleLmkKill:337 
W/ContextImpl( 1295): Calling a method in the system process without a qualified user: android.app.ContextImpl.sendBroadcast:1252 android.content.ContextWrapper.sendBroadcast:365 com.motorola.motocare.util.TriggerHelper$TriggerBuilder.send:76 com.motorola.motocare.internal.frameworkevents.ProcessKillTrigger.sendTrigger:147 com.motorola.motocare.internal.frameworkevents.ProcessKillTrigger.handleLmkKill:337 
W/ContextImpl( 1295): Calling a method in the system process without a qualified user: android.app.ContextImpl.sendBroadcast:1252 android.content.ContextWrapper.sendBroadcast:365 com.motorola.motocare.util.TriggerHelper$TriggerBuilder.send:76 com.motorola.motocare.internal.frameworkevents.ProcessKillTrigger.sendTrigger:147 com.motorola.motocare.internal.frameworkevents.ProcessKillTrigger.handleLmkKill:337 
W/ContextImpl( 1295): Calling a method in the system process without a qualified user: android.app.ContextImpl.sendBroadcast:1252 android.content.ContextWrapper.sendBroadcast:365 com.motorola.motocare.util.TriggerHelper$TriggerBuilder.send:76 com.motorola.motocare.internal.frameworkevents.ProcessKillTrigger.sendTrigger:147 com.motorola.motocare.internal.frameworkevents.ProcessKillTrigger.handleLmkKill:337 
