I/GLSUser (25095): [GLSUser] getTokenFromCache: [account: <ELLIDED:-21584>, callingPkg: com.google.android.gm, service: mail]
D/InputReader(  909): Input event: value=1
I/InputReader(  909): Touch event's action is 0x0 (deviceType=0) [pCnt=1, s=0.13310 ] when=106701384934000
I/InputDispatcher(  909): Delivering touch to (1204): action: 0x4, toolType: 1
I/InputDispatcher(  909): Delivering touch to (26458): action: 0x4, toolType: 1
I/InputDispatcher(  909): Delivering touch to (25172): action: 0x0, toolType: 1
D/ViewRootImpl(25172): ViewPostImeInputStage ACTION_DOWN
D/AndroidHttpClient(24142): [NALSECURITY EXCEPTION] isMmsRequest() : CoreProtocolPNames.USER_AGENT = Android-GmailProvider/51001817 (sw360dp; 480dpi) (klte LRX21T); gzip
D/AndroidHttpClient(24142): [NALSECURITY EXCEPTION] checkMmsSendPermission() : isMmsRequest() = false method = POST
I/qtaguid (24142): Tagging socket 62 with tag 1010000000000000{269484032,0} uid -1, pid: 24142, getuid(): 10116
I/SamsungIME(25172): getNextShiftState() cursorCapsMode : 0
I/SamsungIME(25172): getNextShiftState() cursorCapsMode : 0
D/SamsungIME(25172): SwiftkeyWrapper-checkCurrentSequence : use IC
E/SamsungIME(25172): AbstractCandidateLayout-setCandidates suggestions count : 9
E/SamsungIME(25172): AbstractCandidateLayout-setCandidates fontSize : 19.0
E/SamsungIME(25172): AbstractCandidateLayout-setCandidates typeFace : class android.graphics.Typeface
E/SamsungIME(25172): AbstractCandidateLayout-setCandidates topPadding : 33
E/SamsungIME(25172): AbstractCandidateLayout-setCandidates bottomPadding : 33
E/SamsungIME(25172): AbstractCandidateLayout-setCandidates height : 126
E/SamsungIME(25172): AbstractCandidateLayout-setCandidates maxWidth : 1080
E/SamsungIME(25172): AbstractCandidateLayout-setCandidates finished : 3
D/SamsungIME(25172): Skip dismiss ExpandCandidate. it will be post-invalidated later
D/InputReader(  909): Input event: value=0
I/InputReader(  909): Touch event's action is 0x1 (deviceType=0) [pCnt=1, s=] when=106701473537000
I/InputDispatcher(  909): Delivering touch to (25172): action: 0x1, toolType: 1
D/InputReader(  909): Input event: value=1
I/InputReader(  909): Touch event's action is 0x0 (deviceType=0) [pCnt=1, s=0.13311 ] when=106701506490000
I/InputDispatcher(  909): Delivering touch to (1204): action: 0x4, toolType: 1
I/InputDispatcher(  909): Delivering touch to (26458): action: 0x4, toolType: 1
I/InputDispatcher(  909): Delivering touch to (25172): action: 0x0, toolType: 1
D/ViewRootImpl(25172): ViewPostImeInputStage ACTION_DOWN
D/SamsungIME(25172): [AbstractSwiftkeyManager-getMostLikelyCharacter]
I/qtaguid (24142): Untagging socket 62
I/System.out(24142): SyncAdapterThread-5 calls detatch()
D/InputReader(  909): Input event: value=0
I/InputReader(  909): Touch event's action is 0x1 (deviceType=0) [pCnt=1, s=] when=106701603600000
I/InputDispatcher(  909): Delivering touch to (25172): action: 0x1, toolType: 1
E/SamsungIME(25172): SwiftkeyWrapper-inputKey
I/Gmail   (24142): MainSyncRequestProto: lowestBkwdConvoId: 0, highestHandledServerOp: 5673359, normalSync: true
D/ConnectivityService(  909): returning getActiveNetworkInfo :[type: WIFI[] - WIFI, state: CONNECTED/CONNECTED, reason: (unspecified), extra: "UPC624261", roaming: false, failover: false, isAvailable: true, isConnectedToProvisioningNetwork: false]
I/GLSUser (25095): [GLSUser] getTokenFromCache: [account: <ELLIDED:-21584>, callingPkg: com.google.android.gm, service: mail]
D/AndroidHttpClient(24142): [NALSECURITY EXCEPTION] isMmsRequest() : CoreProtocolPNames.USER_AGENT = Android-GmailProvider/51001817 (sw360dp; 480dpi) (klte LRX21T); gzip
D/AndroidHttpClient(24142): [NALSECURITY EXCEPTION] checkMmsSendPermission() : isMmsRequest() = false method = POST
I/qtaguid (24142): Tagging socket 62 with tag 1010000000000000{269484032,0} uid -1, pid: 24142, getuid(): 10116
D/InputReader(  909): Input event: value=1
I/InputReader(  909): Touch event's action is 0x0 (deviceType=0) [pCnt=1, s=0.13312 ] when=106701778654000
I/InputDispatcher(  909): Delivering touch to (1204): action: 0x4, toolType: 1
I/InputDispatcher(  909): Delivering touch to (26458): action: 0x4, toolType: 1
I/InputDispatcher(  909): Delivering touch to (25172): action: 0x0, toolType: 1
D/ViewRootImpl(25172): ViewPostImeInputStage ACTION_DOWN
E/SamsungIME(25172): AbstractCandidateLayout-setCandidates suggestions count : 9
E/SamsungIME(25172): AbstractCandidateLayout-setCandidates fontSize : 19.0
E/SamsungIME(25172): AbstractCandidateLayout-setCandidates typeFace : class android.graphics.Typeface
E/SamsungIME(25172): AbstractCandidateLayout-setCandidates topPadding : 33
E/SamsungIME(25172): AbstractCandidateLayout-setCandidates bottomPadding : 33
E/SamsungIME(25172): AbstractCandidateLayout-setCandidates height : 126
E/SamsungIME(25172): AbstractCandidateLayout-setCandidates maxWidth : 1080
E/SamsungIME(25172): AbstractCandidateLayout-setCandidates finished : 3
D/SamsungIME(25172): Skip dismiss ExpandCandidate. it will be post-invalidated later
D/InputReader(  909): Input event: value=0
I/InputReader(  909): Touch event's action is 0x1 (deviceType=0) [pCnt=1, s=] when=106701877408000
I/InputDispatcher(  909): Delivering touch to (25172): action: 0x1, toolType: 1
I/SamsungIME(25172): getNextShiftState() cursorCapsMode : 0
D/SamsungIME(25172): SwiftkeyWrapper-checkCurrentSequence : use IC
E/SamsungIME(25172): AbstractCandidateLayout-setCandidates suggestions count : 9
E/SamsungIME(25172): AbstractCandidateLayout-setCandidates fontSize : 19.0
E/SamsungIME(25172): AbstractCandidateLayout-setCandidates typeFace : class android.graphics.Typeface
E/SamsungIME(25172): AbstractCandidateLayout-setCandidates topPadding : 33
E/SamsungIME(25172): AbstractCandidateLayout-setCandidates bottomPadding : 33
E/SamsungIME(25172): AbstractCandidateLayout-setCandidates height : 126
E/SamsungIME(25172): AbstractCandidateLayout-setCandidates maxWidth : 1080
E/SamsungIME(25172): AbstractCandidateLayout-setCandidates finished : 3
D/SamsungIME(25172): Skip dismiss ExpandCandidate. it will be post-invalidated later
I/qtaguid (24142): Untagging socket 62
I/System.out(24142): SyncAdapterThread-5 calls detatch()
D/ConnectivityService(  909): returning getActiveNetworkInfo :[type: WIFI[] - WIFI, state: CONNECTED/CONNECTED, reason: (unspecified), extra: "UPC624261", roaming: false, failover: false, isAvailable: true, isConnectedToProvisioningNetwork: false]
I/Gmail   (24142): MainSyncRequestProto: lowestBkwdConvoId: 0, highestHandledServerOp: 5673359, normalSync: true
I/Gmail   (24142): lowestBackward conversation id 0
D/InputReader(  909): Input event: value=1
I/InputReader(  909): Touch event's action is 0x0 (deviceType=0) [pCnt=1, s=0.13313 ] when=106702128493000
I/InputDispatcher(  909): Delivering touch to (1204): action: 0x4, toolType: 1
I/InputDispatcher(  909): Delivering touch to (26458): action: 0x4, toolType: 1
I/InputDispatcher(  909): Delivering touch to (25172): action: 0x0, toolType: 1
D/ViewRootImpl(25172): ViewPostImeInputStage ACTION_DOWN
D/InputReader(  909): Input event: value=0
I/InputReader(  909): Touch event's action is 0x1 (deviceType=0) [pCnt=1, s=] when=106702215581000
I/InputDispatcher(  909): Delivering touch to (25172): action: 0x1, toolType: 1
E/SamsungIME(25172): SwiftkeyWrapper-inputKey
I/Gmail   (24142): Sending provider changed intent: Intent { act=android.intent.action.PROVIDER_CHANGED dat=content://gmail-ls/unread/^sq_ig_i_personal (has extras) }
I/Gmail   (24142): notifyAccountChanged
W/Gmail   (24142): Sync complete for account: account:-607185658
I/Gmail   (24142): getAccountsCursor
I/NotifUtils(24142): Validating Notification, mapSize: 1 getAttention: true ignoreUnobtrusive: true
D/ConnectivityService(  909): returning getActiveNetworkInfo :[type: WIFI[] - WIFI, state: CONNECTED/CONNECTED, reason: (unspecified), extra: "UPC624261", roaming: false, failover: false, isAvailable: true, isConnectedToProvisioningNetwork: false]
I/NotifUtils(24142): Showing notification with unreadCount of 1368 and unseenCount of 1
D/InputReader(  909): Input event: value=1
I/InputReader(  909): Touch event's action is 0x0 (deviceType=0) [pCnt=1, s=0.13314 ] when=106702402162000
I/InputDispatcher(  909): Delivering touch to (1204): action: 0x4, toolType: 1
I/InputDispatcher(  909): Delivering touch to (26458): action: 0x4, toolType: 1
I/InputDispatcher(  909): Delivering touch to (25172): action: 0x0, toolType: 1
D/ViewRootImpl(25172): ViewPostImeInputStage ACTION_DOWN
D/SamsungIME(25172): [AbstractSwiftkeyManager-getMostLikelyCharacter]
V/BitmapFactory(24142): DecodeImagePath(decodeResourceStream3) : res/drawable-xxhdpi-v4/ic_anonymous_avatar_40dp.png
V/BitmapFactory(24142): DecodeImagePath(decodeResourceStream3) : res/drawable-nodpi-v4/bg_email.png
E/SamsungIME(25172): AbstractCandidateLayout-setCandidates suggestions count : 10
E/SamsungIME(25172): AbstractCandidateLayout-setCandidates fontSize : 19.0
E/SamsungIME(25172): AbstractCandidateLayout-setCandidates typeFace : class android.graphics.Typeface
E/SamsungIME(25172): AbstractCandidateLayout-setCandidates topPadding : 33
E/SamsungIME(25172): AbstractCandidateLayout-setCandidates bottomPadding : 33
E/SamsungIME(25172): AbstractCandidateLayout-setCandidates height : 126
E/SamsungIME(25172): AbstractCandidateLayout-setCandidates maxWidth : 1080
E/SamsungIME(25172): AbstractCandidateLayout-setCandidates finished : 3
D/SamsungIME(25172): Skip dismiss ExpandCandidate. it will be post-invalidated later
I/InputReader(  909): Touch event's action is 0x1 (deviceType=0) [pCnt=1, s=1.13315 ] when=106702500585000
I/InputReader(  909): Touch event's action is 0x0 (deviceType=0) [pCnt=1, s=1.13315 ] when=106702500585000
I/InputDispatcher(  909): Delivering touch to (25172): action: 0x1, toolType: 1
I/InputDispatcher(  909): Delivering touch to (1204): action: 0x4, toolType: 1
I/InputDispatcher(  909): Delivering touch to (26458): action: 0x4, toolType: 1
I/InputDispatcher(  909): Delivering touch to (25172): action: 0x0, toolType: 1
E/SamsungIME(25172): SwiftkeyWrapper-inputKey
D/ViewRootImpl(25172): ViewPostImeInputStage ACTION_DOWN
D/SamsungIME(25172): [AbstractSwiftkeyManager-getMostLikelyCharacter]
D/InputReader(  909): Input event: value=0
I/InputReader(  909): Touch event's action is 0x1 (deviceType=0) [pCnt=1, s=] when=106702609369000
I/InputDispatcher(  909): Delivering touch to (25172): action: 0x1, toolType: 1
E/SamsungIME(25172): SwiftkeyWrapper-inputKey
I/NotifUtils(24142): Account: -607185658 vibrate: false
I/NotifUtils(24142): New email in -607185658 vibrateWhen: false, playing notification: content://settings/system/notification_sound
D/InputReader(  909): Input event: value=1
I/InputReader(  909): Touch event's action is 0x0 (deviceType=0) [pCnt=1, s=0.13316 ] when=106702620069000
I/InputDispatcher(  909): Delivering touch to (1204): action: 0x4, toolType: 1
I/InputDispatcher(  909): Delivering touch to (26458): action: 0x4, toolType: 1
I/InputDispatcher(  909): Delivering touch to (25172): action: 0x0, toolType: 1
D/ViewRootImpl(25172): ViewPostImeInputStage ACTION_DOWN
D/SecContentProvider2(  909): uri = 14 selection = getSealedState
D/SecContentProvider2(  909): mCursor = null
D/SecContentProvider2(  909): KnoxCustomManagerService offline: service is not available
D/ApplicationPolicy(  909): isStatusBarNotificationAllowedAsUser: packageName = com.google.android.gm,userId = 0
V/ApplicationPolicy(  909): isApplicationStateBlocked userId 0 pkgname com.google.android.gm
I/ValidateNoPeople(  909): Validating: 0|com.google.android.gm|-704764231|null|10116
D/WindowManager(  909): showStatusBarByNotification() mOpenByNotification=false
I/ValidateNoPeople(  909): Executing: validation for: 0|com.google.android.gm|-704764231|null|10116
V/AudioPolicyManager(  292): getOutputsForDevice device 0002 -> 0002
I/AudioService(  909): getStreamVolume 5 index 20
D/InputReader(  909): Input event: value=0
I/InputReader(  909): Touch event's action is 0x1 (deviceType=0) [pCnt=1, s=] when=106702707179000
I/InputDispatcher(  909): Delivering touch to (25172): action: 0x1, toolType: 1
E/SamsungIME(25172): SwiftkeyWrapper-inputKey
D/LightsService(  909): [api] [SvcLED] turnOff:: id = 4 (uid: 1000 pid: 909) 
D/LightsService(  909): [SvcLED] setSvcLedStateLocked:: SvcLEDState : 0x0 -> 0x0 | SvcLED(id=4) set Off
D/LightsService(  909): [SvcLED] Lux failed to be updated in 700ms. -> handleForcedSvcLEDTasK
D/LightsService(  909): [SvcLED]  setSvcLedLightLocked :: Current SvcLED(id=4) maintains its priority right
D/ResourcesManager( 1204): creating new AssetManager and set to /data/app/com.google.android.gm-1/base.apk
V/BitmapFactory( 1204): DecodeImagePath(decodeResourceStream3) : res/drawable-xxhdpi-v4/ic_notification_mail_24dp.png
V/MediaPlayer-JNI( 1204): native_setup
V/MediaPlayer( 1204): constructor
I/ValidateNoPeople(  909): final affinity: 0.0
V/MediaPlayer( 1204): setListener
E/MediaPlayer-JNI( 1204): QCMediaPlayer mediaplayer NOT present
V/MediaPlayer-JNI( 1204): setParameter: key 1400
V/MediaPlayer( 1204): MediaPlayer::setParameter(1400)
V/MediaPlayer-JNI( 1204): setAudioStreamType: 5
V/MediaPlayer( 1204): MediaPlayer::setAudioStreamType
V/BitmapFactory( 1204): DecodeImagePath(decodeResourceStream3) : res/drawable-xxhdpi-v4/ic_notification_mail_24dp.png
D/RingtoneManager(  909): getActualDefaultRingtoneUri  type    :2
D/RingtoneManager(  909): checkDefaultRingtoneProperUri : InternalMediaAudio uriString not null    type:2
E/ActivityManager(  909): checkUser: useridlist=null, currentuser=0
E/ActivityManager(  909): checkUser: useridlist=null, currentuser=0
E/ActivityManager(  909): checkUser: useridlist=null, currentuser=0
E/ActivityManager(  909): checkUser: useridlist=null, currentuser=0
E/Zygote  (30882): MountEmulatedStorage()
E/Zygote  (30882): v2
I/libpersona(30882): KNOX_SDCARD checking this for 10048
I/libpersona(30882): KNOX_SDCARD not a persona
I/ActivityManager(  909): Start proc android.process.media for content provider com.android.providers.media/.MediaProvider: pid=30882 uid=10048 gids={50048, 9997, 2001, 3003, 1028, 1015, 1023, 3007, 3001, 3002, 1024} abi=armeabi-v7a
I/SELinux (30882): Function: selinux_compare_spd_ram, SPD-policy is existed. and_ver=SEPF_SM-G900F_4.4.2 ver=40
I/SELinux (30882): Function: selinux_compare_spd_ram , priority [2] , priority version is VE=SEPF_SM-G900F_5.0_0007
E/SELinux (30882): [DEBUG] get_category: variable seinfo: media sensitivity: NULL, cateogry: NULL
D/KnoxNotification( 1204): ----- inflateViews : modified KnoxViewLocal -----
D/PersonaManager( 1204): PersonaID is invalid or persona doesn't exists. : 0
D/SecContentProvider2(  909): uri = 14 selection = getSealedState
D/SecContentProvider2(  909): mCursor = null
D/SecContentProvider2(  909): KnoxCustomManagerService offline: service is not available
D/PhoneStatusBar( 1204): tick(): knoxCustomManager = android.app.enterprise.knoxcustom.KnoxCustomManager@35d5fa01
D/InputReader(  909): Input event: value=1
I/InputReader(  909): Touch event's action is 0x0 (deviceType=0) [pCnt=1, s=0.13317 ] when=106702871938000
I/InputDispatcher(  909): Delivering touch to (1204): action: 0x4, toolType: 1
I/InputDispatcher(  909): Delivering touch to (26458): action: 0x4, toolType: 1
I/InputDispatcher(  909): Delivering touch to (25172): action: 0x0, toolType: 1
D/ViewRootImpl(25172): ViewPostImeInputStage ACTION_DOWN
D/TimaKeyStoreProvider(30882): TimaSignature is unavailable
D/ActivityThread(30882): Added TimaKeyStore provider
D/ResourcesManager(30882): creating new AssetManager and set to /system/priv-app/SecMediaProvider/SecMediaProvider.apk
E/SamsungIME(25172): AbstractCandidateLayout-setCandidates suggestions count : 9
E/SamsungIME(25172): AbstractCandidateLayout-setCandidates fontSize : 19.0
E/SamsungIME(25172): AbstractCandidateLayout-setCandidates typeFace : class android.graphics.Typeface
E/SamsungIME(25172): AbstractCandidateLayout-setCandidates topPadding : 33
E/SamsungIME(25172): AbstractCandidateLayout-setCandidates bottomPadding : 33
E/SamsungIME(25172): AbstractCandidateLayout-setCandidates height : 126
E/SamsungIME(25172): AbstractCandidateLayout-setCandidates maxWidth : 1080
E/SamsungIME(25172): AbstractCandidateLayout-setCandidates finished : 3
D/SamsungIME(25172): Skip dismiss ExpandCandidate. it will be post-invalidated later
I/art     (30882): Created application space /data/dalvik-cache/arm/system@priv-app@SecMediaProvider@SecMediaProvider.apk@classes.dex.art at 0x76faf000~0x77007040
I/art     (30882): Loaded art file: /data/dalvik-cache/arm/system@priv-app@SecMediaProvider@SecMediaProvider.apk@classes.dex.art
D/LockPatternUtilsCache( 1204): getCarrierLockPlusMode()
D/LockPatternUtilsCache( 1204): value : false
D/ResourcesManager(30882): creating new AssetManager and set to /system/priv-app/SecDownloadProvider/SecDownloadProvider.apk
D/LockPatternUtilsCache( 1204): getCarrierLockPlusMode()
D/LockPatternUtilsCache( 1204): value : false
D/PanelView( 1204): There is/are notification(s) 
D/LockPatternUtilsCache( 1204): getCarrierLockPlusMode()
D/LockPatternUtilsCache( 1204): value : false
D/PanelView( 1204): There is/are notification(s) 
D/InputReader(  909): Input event: value=0
I/InputReader(  909): Touch event's action is 0x1 (deviceType=0) [pCnt=1, s=] when=106702936550000
I/InputDispatcher(  909): Delivering touch to (25172): action: 0x1, toolType: 1
W/ResourcesManager(30882): Asset path '/system/framework/secsmartcard.jar' does not exist or contains no resources.
I/SamsungIME(25172): getNextShiftState() cursorCapsMode : 0
D/StatusBar.NetworkController( 1204): refreshViews connected={ wifi } level=2 combinedSignalIconId=0x7f020495/com.android.systemui:drawable/stat_sys_wifi_signal_4 mobileLabel=3 wifiLabel="UPC624261"xxxxXXXXxxxxXXXX emergencyOnly=false combinedLabel="UPC624261"xxxxXXXXxxxxXXXX mAirplaneMode=false mDataActivity=0 mPhoneSignalIconId=0x7f0203ee/com.android.systemui:drawable/stat_sys_signal_2_auto_rotate mQSPhoneSignalIconId=0x7f020112/com.android.systemui:drawable/ic_qs_signal_2 mDataDirectionIconId=0x0/(null) mDataSignalIconId=0x7f0203ee/com.android.systemui:drawable/stat_sys_signal_2_auto_rotate mDataTypeIconId=0x7f0202c9/com.android.systemui:drawable/stat_sys_data_connected_h mQSDataTypeIconId=0x7f02011f/com.android.systemui:drawable/ic_qs_signal_h mNoSimIconId=0x0/(null) mWifiIconId=0x7f020495/com.android.systemui:drawable/stat_sys_wifi_signal_4 mQSWifiIconId=0x7f02012b/com.android.systemui:drawable/ic_qs_wifi_4 mWifiActivityIconId=0x7f020468/com.android.systemui:drawable/stat_sys_signal_no_inout mBluetoothTetherIconId=0x1080907/android:drawable/stat_sys_tether_bluetooth
D/StatusBar.NetworkController( 1204): refreshSignalCluster - setNWBoosterIndicators(false)
D/StatusBar.NetworkController( 1204): applyOpen
D/StatusBar.NetworkController( 1204): refreshSignalCluster - setNWBoosterIndicators(false)
D/StatusBar.NetworkController( 1204): applyOpen
D/SamsungIME(25172): SwiftkeyWrapper-checkCurrentSequence : use IC
D/StatusBar.NetworkController( 1204): refreshSignalCluster - setNWBoosterIndicators(false)
D/StatusBar.NetworkController( 1204): applyOpen
D/StatusBar.NetworkController( 1204): refreshSignalCluster - setNWBoosterIndicators(false)
D/StatusBar.NetworkController( 1204): applyOpen
E/SamsungIME(25172): AbstractCandidateLayout-setCandidates suggestions count : 9
E/SamsungIME(25172): AbstractCandidateLayout-setCandidates fontSize : 19.0
E/SamsungIME(25172): AbstractCandidateLayout-setCandidates typeFace : class android.graphics.Typeface
E/SamsungIME(25172): AbstractCandidateLayout-setCandidates topPadding : 33
E/SamsungIME(25172): AbstractCandidateLayout-setCandidates bottomPadding : 33
E/SamsungIME(25172): AbstractCandidateLayout-setCandidates height : 126
E/SamsungIME(25172): AbstractCandidateLayout-setCandidates maxWidth : 1080
E/SamsungIME(25172): AbstractCandidateLayout-setCandidates finished : 3
D/SamsungIME(25172): Skip dismiss ExpandCandidate. it will be post-invalidated later
D/SensorManager(25317): unregisterListener ::   
D/ContentApp(30882): ContentApp()
D/InputReader(  909): Input event: value=1
I/InputReader(  909): Touch event's action is 0x0 (deviceType=0) [pCnt=1, s=0.13318 ] when=106703101121000
I/InputDispatcher(  909): Delivering touch to (1204): action: 0x4, toolType: 1
I/InputDispatcher(  909): Delivering touch to (26458): action: 0x4, toolType: 1
I/InputDispatcher(  909): Delivering touch to (25172): action: 0x0, toolType: 1
D/ViewRootImpl(25172): ViewPostImeInputStage ACTION_DOWN
D/SamsungIME(25172): [AbstractSwiftkeyManager-getMostLikelyCharacter]
D/ContentApp(30882): create cache if media mounted.. media : mounted
D/MediaProvider(30882): Attached volume: internal
W/linker  (30882): libfacerecognition.so has text relocations. This is wasting memory and prevents security hardening. Please fix.
D/MediaProvider(30882): new PersonDataBaseHelper()
D/MediaScanner(30882): Scanner initMutex res = 0
E/SQLiteLog(30882): (283) recovered 169 frames from WAL file /data/user/0/com.android.providers.media/databases/external.db-wal
I/Icing   (13528): Indexing BE88EE6B823626C7A90306B7E2B80B8B718AB1DA from com.google.android.gm
I/InputReader(  909): Touch event's action is 0x1 (deviceType=0) [pCnt=1, s=1.13319 ] when=106703211020000
I/InputReader(  909): Touch event's action is 0x0 (deviceType=0) [pCnt=1, s=1.13319 ] when=106703211020000
I/InputDispatcher(  909): Delivering touch to (25172): action: 0x1, toolType: 1
I/InputDispatcher(  909): Delivering touch to (1204): action: 0x4, toolType: 1
I/InputDispatcher(  909): Delivering touch to (26458): action: 0x4, toolType: 1
I/InputDispatcher(  909): Delivering touch to (25172): action: 0x0, toolType: 1
E/SamsungIME(25172): SwiftkeyWrapper-inputKey
D/ViewRootImpl(25172): ViewPostImeInputStage ACTION_DOWN
D/SamsungIME(25172): [AbstractSwiftkeyManager-getMostLikelyCharacter]
D/MediaProvider(30882): Attached volume: external
E/SQLiteLog(30882): (283) recovered 67 frames from WAL file /data/user/0/com.android.providers.media/databases/internal.db-wal
V/MediaPlayer-JNI( 1204): setDataSourceFD: fd 89
V/MediaPlayer( 1204): setDataSource(89, 0, 576460752303423487)
V/MediaPlayerService(  292): Create new client(319) from pid 1204, uid 10021, 
V/MediaPlayerService(  292): setDataSource fd=32, offset=0, length=576460752303423487
V/MediaPlayerService(  292): st_dev  = 45847
V/MediaPlayerService(  292): st_mode = 33188
V/MediaPlayerService(  292): st_uid  = 0
V/MediaPlayerService(  292): st_gid  = 0
V/MediaPlayerService(  292): st_size = 15757
V/MediaPlayerService(  292): calculated length = 15757
D/ContentApp(30882):  LEVEL : -1
V/MediaPlayerService(  292): player type = 3
I/Icing   (13528): Not enough disk space for indexing trimmable
I/Icing   (13528): Cannot sync trimmable corpus: no trimmable
I/Icing   (13528): Indexing done BE88EE6B823626C7A90306B7E2B80B8B718AB1DA
E/Icing   (13528): Aborting indexing of corpus BE88EE6B823626C7A90306B7E2B80B8B718AB1DA
V/AwesomePlayer(  292): setDefault
V/AwesomePlayer(  292): constructor
V/AwesomePlayer(  292): setDefault
V/AwesomePlayer(  292): reset_l()
V/AwesomePlayer(  292): notifyListner_l() msg (8-MEDIA_STOPPED), ext1 (0), ext2 (0)
V/AwesomePlayer(  292): cancelPlayerEvents (keepNotifications=0)
V/AwesomePlayer(  292): mAudioTrackVector clear
V/AwesomePlayer(  292): reset_l() mAudioPlayer successfully deleted
V/AwesomePlayer(  292): mSecCapture clear
V/AwesomePlayer(  292): mSecMediaClock clear
V/StagefrightPlayer(  292): StagefrightPlayer
V/AwesomePlayer(  292): setListener
V/StagefrightPlayer(  292): initCheck
V/AwesomePlayer(  292): AwesomePlayer running on behalf of uid 10021
V/AudioSink(  292): AudioOutput(1231)
V/AwesomePlayer(  292): setAudioSink
V/StagefrightPlayer(  292): setDataSource(32, 0, 15757)
V/AwesomePlayer(  292): reset_l()
V/AwesomePlayer(  292): notifyListner_l() msg (8-MEDIA_STOPPED), ext1 (0), ext2 (0)
V/MediaPlayerService(  292): [319] notify (0xb0511980, 8, 0, 0)
V/AwesomePlayer(  292): cancelPlayerEvents (keepNotifications=0)
V/AwesomePlayer(  292): mAudioTrackVector clear
V/AwesomePlayer(  292): reset_l() mAudioPlayer successfully deleted
V/AwesomePlayer(  292): mSecCapture clear
V/AwesomePlayer(  292): mSecMediaClock clear
V/MediaPlayer( 1204): message received msg=8, ext1=0, ext2=0
V/MediaPlayer( 1204): notify(8, 0, 0) callback on disconnected mediaplayer
D/Utils   (  292): printFileName fd(35) -> /system/media/audio/notifications/S_Knock.ogg
V/AwesomePlayer(  292): track of type 'audio/vorbis' does not publish bitrate
V/AwesomePlayer(  292): mBitrate = -1 bits/sec
I/OggExtractor(  292): OggSource::OggSource() mExtractor ref count = 4
V/AwesomePlayer(  292): current audio track index (0) is added to vector
V/AwesomePlayer(  292): setDataSource_l: Audio(1), Video(0)
I/AwesomePlayer(  292): checkRightsStatus is not necessary - AwesomePlayer::setDataSource_l
V/MediaPlayerService(  292): [319] setParameter(1604)
V/StagefrightPlayer(  292): setParameter(key=1604)
V/AwesomePlayer(  292): setParameter key (1604)
V/AwesomePlayer(  292): Current Contet PID : 1204
V/MediaPlayerService(  292): [319] getParameter(1700)
V/MediaPlayer-JNI( 1204): setLooping: 0
V/MediaPlayer( 1204): MediaPlayer::setLooping
V/MediaPlayerService(  292): [319] setLooping(0)
V/StagefrightPlayer(  292): setLooping
V/AwesomePlayer(  292): setLooping (0)
V/MediaPlayer( 1204): setVideoSurfaceTexture
V/MediaPlayerService(  292): [319] setVideoSurfaceTexture(0x0)
V/MediaPlayer( 1204): prepare
V/MediaPlayerService(  292): [319] setAudioStreamType(5)
V/MediaPlayerService(  292): [319] setParameter(1400)
V/MediaPlayerService(  292): setAudioAttributes_l() usage=5 content=4 flags=0x0 tags=
V/MediaPlayerService(  292): [319] prepareAsync
V/AwesomePlayer(  292): prepareAsync
V/AwesomePlayer(  292): onPrepareAsyncEvent
I/SecMediaClock(  292): SecMediaClock constructor
I/SecMediaClock(  292): reset
I/SecVideoCapture(  292): SecVideoCapture constructor
I/SecVideoCapture(  292): reset
V/AwesomePlayer(  292): initAudioDecoder
V/AwesomePlayer(  292): checkOffloadExceptions is true
V/AudioPolicyManager(  292): isOffloadSupported: SR=44100, CM=0x1, Format=0x7000000, StreamType=5, BitRate=4294967295, duration=968163 us, has_video=0
V/AudioPolicyManager(  292): isOffloadSupported: stream_type != MUSIC, returning false
I/OMXCodec(  292): Attempting to allocate OMX node 'OMX.google.vorbis.decoder'
I/OMXCodec(  292): Successfully allocated OMX node 'OMX.google.vorbis.decoder'
I/OMXCodec(  292): >>>UHQA initOutputFormat 16
I/AwesomePlayer(  292): Could not offload audio decode, try pcm offload
V/AudioPolicyManager(  292): isOffloadSupported: SR=44100, CM=0x1, Format=0x1c000001, StreamType=5, BitRate=4294967295, duration=968163 us, has_video=0
V/AudioPolicyManager(  292): isOffloadSupported: stream_type != MUSIC, returning false
I/OMXCodec(  292): [OMX.google.vorbis.decoder] OMXCodec::start mState=1
I/OMXCodec(  292): [OMX.google.vorbis.decoder] allocating 4 buffers of size 8192 on input port
I/OMXCodec(  292): [OMX.google.vorbis.decoder] allocating 4 buffers of size 32768 on output port
I/OMXCodec(  292): [OMX.google.vorbis.decoder] Now Idle. Component sends idle done Event 
V/AwesomePlayer(  292): finishAsyncPrepare_l
V/AwesomePlayer(  292): notifyListner_l() msg (200-MEDIA_INFO), ext1 (973), ext2 (0)
V/MediaPlayerService(  292): [319] notify (0xb0511980, 200, 973, 0)
V/AwesomePlayer(  292): notifyListner_l() msg (5-MEDIA_SET_VIDEO_SIZE), ext1 (0), ext2 (0)
V/MediaPlayerService(  292): [319] notify (0xb0511980, 5, 0, 0)
V/AwesomePlayer(  292): notifyListner_l() msg (1-MEDIA_PREPARED), ext1 (0), ext2 (0)
V/MediaPlayerService(  292): [319] notify (0xb0511980, 1, 0, 0)
V/MediaPlayer( 1204): message received msg=200, ext1=973, ext2=0
W/MediaPlayer( 1204): info/warning (973, 0)
V/MediaPlayer( 1204): callback application
V/MediaPlayer( 1204): back from callback
V/MediaPlayer( 1204): message received msg=5, ext1=0, ext2=0
V/MediaPlayer( 1204): New video size 0 x 0
V/MediaPlayer( 1204): callback application
V/MediaPlayer( 1204): back from callback
V/MediaPlayer( 1204): message received msg=1, ext1=0, ext2=0
V/MediaPlayer( 1204): prepared
V/MediaPlayer( 1204): signal application thread
V/MediaPlayer( 1204): callback application
V/MediaPlayer( 1204): back from callback
V/MediaPlayer( 1204): prepare complete - status=0
E/MediaPlayer( 1204): Should have subtitle controller already set
I/MediaFocusControl(  909):  AudioFocus  requestAudioFocus() from android.media.AudioManager$2a14bc29 hint:3
V/MediaPlayer-JNI( 1204): start
V/MediaPlayer( 1204): start
V/MediaPlayerService(  292): [319] setLooping(0)
V/StagefrightPlayer(  292): setLooping
V/AwesomePlayer(  292): setLooping (0)
V/MediaPlayerService(  292): [319] setVolume(1.000000, 1.000000)
V/AudioSink(  292): setVolume(1.000000, 1.000000)
V/MediaPlayerService(  292): [319] setAuxEffectSendLevel(0.000000)
V/AudioSink(  292): setAuxEffectSendLevel(0.000000)
V/MediaPlayerService(  292): [319] start
V/StagefrightPlayer(  292): setLooping
V/AwesomePlayer(  292): setLooping (0)
E/MediaPlayerService(  292): WFD client is not created 
V/StagefrightPlayer(  292): start
V/AwesomePlayer(  292): play
V/AwesomePlayer(  292): AwesomePlayer::play_l():: This is not a DRM content
V/AwesomePlayer(  292): startAudioPlayer_l, sendErrorNotification (0)
D/AudioPlayer(  292): start of Playback, useOffload 0
I/OMXCodec(  292): [OMX.google.vorbis.decoder] 0onCmdComplete  mState =  7
I/OMXCodec(  292): [OMX.google.vorbis.decoder] PORT_DISABLED(1)
I/OMXCodec(  292): >>>UHQA initOutputFormat 16
I/OMXCodec(  292): [OMX.google.vorbis.decoder] allocating 4 buffers of size 32768 on output port
I/AudioPlayer(  292): Audio channels(1)
I/AudioPlayer(  292): Audioplayer kKeyAudioPCMFormat:0, 1, 0
I/AudioPlayer(  292): Audioplayer kKeyAudioPCMFormat read fail(1, 1)
V/AudioSink(  292): open(44100, 1, 0x0, 0x1, 0, 4 0x4cf)
V/AudioPolicyManager(  292): getOutput() device 2, stream 5, samplingRate 0, format 0, channelMask 0, flags 3
V/AudioPolicyManager(  292): getOutputsForDevice device 0002 -> 0002
V/AudioPolicyManager(  292): getOutput() returns output 2
V/AudioPolicyManager(  292): getOutput() device 2, stream 5, samplingRate 0, format 0, channelMask 0, flags 3
V/AudioPolicyManager(  292): getOutputsForDevice device 0002 -> 0002
V/AudioPolicyManager(  292): getOutput() returns output 2
V/AudioSink(  292): no track available to recycle
V/AudioSink(  292): creating new AudioTrack
V/AudioPolicyManager(  292): getOutputForAttr() usage=5, content=4, tag= flags=00000000
V/AudioPolicyManager(  292): getOutputForAttr() device 2, samplingRate 44100, format 1, channelMask 1, flags 40000
V/AudioPolicyManager(  292): getOutputsForDevice device 0002 -> 0002
V/AudioPolicyManager(  292): getOutput() returns output 2
D/InputReader(  909): Input event: value=0
I/InputReader(  909): Touch event's action is 0x1 (deviceType=0) [pCnt=1, s=] when=106703330473000
I/InputDispatcher(  909): Delivering touch to (25172): action: 0x1, toolType: 1
E/SamsungIME(25172): SwiftkeyWrapper-inputKey
V/AudioSink(  292): deleteRecycledTrack
V/AudioSink(  292): setVolume
V/AudioPolicyManager(  292): getOutputForAttr() usage=5, content=4, tag= flags=00000000
V/AudioPolicyManager(  292): getOutputForAttr() device 2, samplingRate 0, format 0, channelMask 3, flags 0
V/AudioPolicyManager(  292): getOutputsForDevice device 0002 -> 0002
V/AudioPolicyManager(  292): getOutput() returns output 2
V/AudioSink(  292): open() DONE status 0
V/AudioSink(  292): start
V/AudioPolicyManager(  292): startOutput() output 2, stream 5, session 1231
V/AudioPolicyManager(  292): changeRefCount() stream 5, count 1
V/AudioPolicyManager(  292): getNewOutputDevice() selected device 2
V/AudioPolicyManager(  292): setOutputDevice() output 2 device 0002 delayMs 0
V/AudioPolicyManager(  292): setOutputDevice() prevDevice 0002
V/AudioPolicyManager(  292): setOutputDevice() setting same device 0002 or null device for output 2
V/AwesomePlayer(  292): notifyListner_l() msg (6-MEDIA_STARTED), ext1 (0), ext2 (0)
V/MediaPlayerService(  292): [319] notify (0xb0511980, 6, 0, 0)
V/AwesomePlayer(  292): addBatteryData
V/MediaPlayer( 1204): message received msg=6, ext1=0, ext2=0
V/MediaPlayer( 1204): Received MEDIA_STARTED
V/MediaPlayer( 1204): callback application
V/MediaPlayer( 1204): back from callback
I/AudioPlayer(  292): First fillBuffer call!!
I/AudioPlayer(  292): >>> setAudioEffect Read mAudioFormat : 1, event : 741947443, value : 741620019
E/AudioPlayer(  292): >>> setAudioEffect Error mAudioFormat : 1, event : 741947443, value : 741620019
V/audio_hw_primary(  292): start_output_stream: enter: usecase(0: deep-buffer-playback) devices(0x2)
V/audio_hw_primary(  292): select_devices: ENTER
V/audio_hw_primary(  292): select_devices: usecase(normal)
V/audio_hw_primary(  292): select_devices: usecase(PCM_PLAYBACK)
V/msm8974_platform(  292): platform_get_output_snd_device: enter: output devices(0x2)
V/msm8974_platform(  292): get_OUTPUT_snd_device: for Normal Playback
V/msm8974_platform(  292): platform_get_output_snd_device: exit: snd_device(speaker)
D/audio_hw_primary(  292): select_devices: out_snd_device(2: speaker)
D/audio_hw_primary(  292): select_devices: in_snd_device(0: dummy)
D/ACDB-LOADER(  292): ACDB -> send_audio_cal, acdb_id = 15, path =  0
D/ACDB-LOADER(  292): ACDB -> send_adm_topology
D/ACDB-LOADER(  292): ACDB -> ACDB_CMD_GET_AUDPROC_COMMON_TOPOLOGY_ID
D/ACDB-LOADER(  292): ACDB -> send_asm_topology
D/ACDB-LOADER(  292): ACDB -> ACDB_CMD_GET_AUDPROC_STREAM_TOPOLOGY_ID
D/ACDB-LOADER(  292): ACDB -> send_audtable
D/ACDB-LOADER(  292): ACDB -> ACDB_CMD_GET_AUDPROC_COMMON_TABLE
D/        (  292): ACDBFILE_MGR:Read the devices count as zero, please check the acdb file
D/ACDB-LOADER(  292): ACDB -> AUDIO_SET_AUDPROC_CAL
D/ACDB-LOADER(  292): ACDB -> send_audvoltable
D/ACDB-LOADER(  292): ACDB -> ACDB_CMD_GET_AUDPROC_GAIN_DEP_STEP_TABLE
D/        (  292): ACDBFILE_MGR:Read the devices count as zero, please check the acdb file
D/ACDB-LOADER(  292): ACDB -> AUDIO_SET_AUDPROC_VOL_CAL
D/ACDB-LOADER(  292): ACDB -> send_afe_cal
D/ACDB-LOADER(  292): ACDB -> ACDB_CMD_GET_AFE_COMMON_TABLE
D/        (  292): ACDBFILE_MGR:Read the devices count as zero, please check the acdb file
D/ACDB-LOADER(  292): ACDB -> AUDIO_SET_AFE_CAL
V/audio_hw_primary(  292): enable_snd_device: snd_device(2: speaker, speaker)
D/audio_route(  292): ++++ audio_route_update_mixer ==============
D/audio_route(  292): Setting mixer control: SPK DRV Volume
D/audio_route(  292): Setting mixer control: value: 8
D/audio_route(  292): Setting mixer control: RX7 Digital Volume
D/audio_route(  292): Setting mixer control: value: 79
D/audio_route(  292): Setting mixer control: COMP0 Switch
D/audio_route(  292): Setting mixer control: value: 1
D/audio_route(  292): Setting mixer control: RX7 MIX1 INP1, value: 5
D/audio_route(  292): Setting mixer control: DAC1 Switch
D/audio_route(  292): Setting mixer control: value: 1
D/audio_route(  292): ------ audio_route_update_mixer ==============
V/audio_hw_primary(  292): enable_audio_route: enter: usecase(0)
V/audio_hw_primary(  292): enable_audio_route: apply mixer path: deep-buffer-playback
D/audio_route(  292): ++++ audio_route_update_mixer ==============
D/audio_route(  292): Setting mixer control: SLIMBUS_0_RX Audio Mixer MultiMedia1
D/audio_route(  292): Setting mixer control: value: 1
D/audio_route(  292): ------ audio_route_update_mixer ==============
V/audio_hw_primary(  292): enable_audio_route: exit
V/audio_hw_primary(  292): start_output_stream: Opening PCM device card_id(0) device_id(0)
V/audio_hw_primary(  292): start_output_stream: exit
I/MediaPlayer( 1204): Don't send intent. msg.arg1 = 0, msg.arg2 = 0
E/MediaPlayer( 1204): Should have subtitle controller already set
V/MediaPlayer-JNI( 1204): getCurrentPosition: 83 (msec)
V/MediaPlayer-JNI( 1204): isPlaying: 1
D/SoundAliveResampler(  292): [SoundAliveResampler] Init+++
E/AudioSink(  292): received unknown event type: 1 inside CallbackWrapper !
D/InputReader(  909): Input event: value=1
I/InputReader(  909): Touch event's action is 0x0 (deviceType=0) [pCnt=1, s=0.13320 ] when=106703462233000
I/InputDispatcher(  909): Delivering touch to (1204): action: 0x4, toolType: 1
I/InputDispatcher(  909): Delivering touch to (26458): action: 0x4, toolType: 1
I/InputDispatcher(  909): Delivering touch to (25172): action: 0x0, toolType: 1
D/ViewRootImpl(25172): ViewPostImeInputStage ACTION_DOWN
I/InputReader(  909): Touch event's action (MT) is 0x105 (deviceType=0) [pCnt=2, s=0.13320 1.13321 ] when=106703528787000
I/InputDispatcher(  909): Delivering touch to (25172): action: 0x105, toolType: 1
E/SamsungIME(25172): SwiftkeyWrapper-inputKey
I/ActivityManager(  909): Process nz.barees.android.cachesense (pid 30503)(adj 15) has died(92,160)
V/SamsungIME(25172): onTrimMeomory Level = 15
I/InputReader(  909): Touch event's action (MT) is 0x6 (deviceType=0) [pCnt=2, s=1.13321 ] when=106703571959000
I/InputDispatcher(  909): Delivering touch to (25172): action: 0x6, toolType: 1
D/HeadlinesChannelApplication(11300): HeadlinesChannelApplication.onTrimMemory(). level : 15
D/HeadlinesService(11300): HeadlinesService.onTrimMemory(). level : 15
D/InputReader(  909): Input event: value=0
I/InputReader(  909): Touch event's action is 0x1 (deviceType=0) [pCnt=1, s=] when=106703648848000
I/InputDispatcher(  909): Delivering touch to (25172): action: 0x1, toolType: 1
E/SamsungIME(25172): SwiftkeyWrapper-inputKey
I/WifiStateMachine(  909): CMD_RSSI_POLL : calculateWifiScore in!
I/WifiStateMachine(  909): CMD_RSSI_POLL : calculateWifiScore out!
I/WifiStateMachine(  909): CMD_RSSI_POLL : out!
E/SamsungIME(25172): AbstractCandidateLayout-setCandidates suggestions count : 10
E/SamsungIME(25172): AbstractCandidateLayout-setCandidates fontSize : 19.0
E/SamsungIME(25172): AbstractCandidateLayout-setCandidates typeFace : class android.graphics.Typeface
E/SamsungIME(25172): AbstractCandidateLayout-setCandidates topPadding : 33
E/SamsungIME(25172): AbstractCandidateLayout-setCandidates bottomPadding : 33
E/SamsungIME(25172): AbstractCandidateLayout-setCandidates height : 126
E/SamsungIME(25172): AbstractCandidateLayout-setCandidates maxWidth : 1080
E/SamsungIME(25172): AbstractCandidateLayout-setCandidates finished : 3
D/SamsungIME(25172): Skip dismiss ExpandCandidate. it will be post-invalidated later
D/StatusBar.NetworkController( 1204): refreshViews connected={ wifi } level=2 combinedSignalIconId=0x7f020495/com.android.systemui:drawable/stat_sys_wifi_signal_4 mobileLabel=3 wifiLabel="UPC624261"xxxxXXXXxxxxXXXX emergencyOnly=false combinedLabel="UPC624261"xxxxXXXXxxxxXXXX mAirplaneMode=false mDataActivity=0 mPhoneSignalIconId=0x7f0203ee/com.android.systemui:drawable/stat_sys_signal_2_auto_rotate mQSPhoneSignalIconId=0x7f020112/com.android.systemui:drawable/ic_qs_signal_2 mDataDirectionIconId=0x0/(null) mDataSignalIconId=0x7f0203ee/com.android.systemui:drawable/stat_sys_signal_2_auto_rotate mDataTypeIconId=0x7f0202c9/com.android.systemui:drawable/stat_sys_data_connected_h mQSDataTypeIconId=0x7f02011f/com.android.systemui:drawable/ic_qs_signal_h mNoSimIconId=0x0/(null) mWifiIconId=0x7f020495/com.android.systemui:drawable/stat_sys_wifi_signal_4 mQSWifiIconId=0x7f02012b/com.android.systemui:drawable/ic_qs_wifi_4 mWifiActivityIconId=0x7f020464/com.android.systemui:drawable/stat_sys_signal_in mBluetoothTetherIconId=0x1080907/android:drawable/stat_sys_tether_bluetooth
D/StatusBar.NetworkController( 1204): refreshSignalCluster - setNWBoosterIndicators(false)
D/StatusBar.NetworkController( 1204): applyOpen
D/StatusBar.NetworkController( 1204): refreshSignalCluster - setNWBoosterIndicators(false)
D/StatusBar.NetworkController( 1204): applyOpen
D/StatusBar.NetworkController( 1204): refreshSignalCluster - setNWBoosterIndicators(false)
D/StatusBar.NetworkController( 1204): applyOpen
D/StatusBar.NetworkController( 1204): refreshSignalCluster - setNWBoosterIndicators(false)
D/StatusBar.NetworkController( 1204): applyOpen
I/OMXCodec(  292): [OMX.google.vorbis.decoder] End Of Stream
I/AudioPlayer(  292): getNumFramesPendingPlayout() mNumFramesPlayed (42336), numFramesPlayedOut (40392)
V/AwesomePlayer(  292): postAudioEOS delayUs (212244)
V/AwesomePlayer(  292): onCheckAudioStatus
V/AwesomePlayer(  292): onCheckAudioStatus() set AUDIO_AT_EOS flag
V/AwesomePlayer(  292): onStreamDone
V/AwesomePlayer(  292): MEDIA_PLAYBACK_COMPLETE
V/AwesomePlayer(  292): notifyListner_l() msg (2-MEDIA_PLAYBACK_COMPLETE), ext1 (0), ext2 (0)
V/MediaPlayerService(  292): [319] notify (0xb0511980, 2, 0, 0)
V/AwesomePlayer(  292): notifyListner_l() msg (7-MEDIA_PAUSED), ext1 (0), ext2 (0)
V/MediaPlayerService(  292): [319] notify (0xb0511980, 7, 0, 0)
V/AwesomePlayer(  292): cancelPlayerEvents (keepNotifications=1)
V/AudioSink(  292): stop
V/AwesomePlayer(  292): addBatteryData
V/MediaPlayer( 1204): message received msg=2, ext1=0, ext2=0
V/MediaPlayer( 1204): playback complete
V/MediaPlayer( 1204): callback application
V/MediaPlayer( 1204): back from callback
V/MediaPlayer( 1204): message received msg=7, ext1=0, ext2=0
I/MediaFocusControl(  909):  AudioFocus  abandonAudioFocus() from android.media.AudioManager$2a14bc29
V/MediaPlayer( 1204): unrecognized message: (7, 0, 0)
V/MediaPlayer( 1204): callback application
V/MediaPlayer( 1204): back from callback
V/AudioPolicyManager(  292): stopOutput() output 2, stream 5, session 1231
V/AudioPolicyManager(  292): changeRefCount() stream 5, count 0
V/AudioPolicyManager(  292): getNewOutputDevice() selected device 0
V/AudioPolicyManager(  292): setOutputDevice() output 2 device 0000 delayMs 160
V/AudioPolicyManager(  292): setOutputDevice() prevDevice 0002
V/AudioPolicyManager(  292): setOutputDevice() setting same device 0000 or null device for output 2
D/StatusBar.NetworkController( 1204): refreshViews connected={ wifi } level=2 combinedSignalIconId=0x7f020495/com.android.systemui:drawable/stat_sys_wifi_signal_4 mobileLabel=3 wifiLabel="UPC624261"xxxxXXXXxxxxXXXX emergencyOnly=false combinedLabel="UPC624261"xxxxXXXXxxxxXXXX mAirplaneMode=false mDataActivity=0 mPhoneSignalIconId=0x7f0203ee/com.android.systemui:drawable/stat_sys_signal_2_auto_rotate mQSPhoneSignalIconId=0x7f020112/com.android.systemui:drawable/ic_qs_signal_2 mDataDirectionIconId=0x0/(null) mDataSignalIconId=0x7f0203ee/com.android.systemui:drawable/stat_sys_signal_2_auto_rotate mDataTypeIconId=0x7f0202c9/com.android.systemui:drawable/stat_sys_data_connected_h mQSDataTypeIconId=0x7f02011f/com.android.systemui:drawable/ic_qs_signal_h mNoSimIconId=0x0/(null) mWifiIconId=0x7f020495/com.android.systemui:drawable/stat_sys_wifi_signal_4 mQSWifiIconId=0x7f02012b/com.android.systemui:drawable/ic_qs_wifi_4 mWifiActivityIconId=0x7f020471/com.android.systemui:drawable/stat_sys_signal_out mBluetoothTetherIconId=0x1080907/android:drawable/stat_sys_tether_bluetooth
D/StatusBar.NetworkController( 1204): refreshSignalCluster - setNWBoosterIndicators(false)
D/StatusBar.NetworkController( 1204): applyOpen
D/StatusBar.NetworkController( 1204): refreshSignalCluster - setNWBoosterIndicators(false)
D/StatusBar.NetworkController( 1204): applyOpen
D/StatusBar.NetworkController( 1204): refreshSignalCluster - setNWBoosterIndicators(false)
D/StatusBar.NetworkController( 1204): applyOpen
D/StatusBar.NetworkController( 1204): refreshSignalCluster - setNWBoosterIndicators(false)
D/StatusBar.NetworkController( 1204): applyOpen
D/InputReader(  909): Input event: value=1
I/InputReader(  909): Touch event's action is 0x0 (deviceType=0) [pCnt=1, s=0.13322 ] when=106705037730000
I/InputDispatcher(  909): Delivering touch to (1204): action: 0x4, toolType: 1
I/InputDispatcher(  909): Delivering touch to (26458): action: 0x4, toolType: 1
I/InputDispatcher(  909): Delivering touch to (25172): action: 0x0, toolType: 1
D/ViewRootImpl(25172): ViewPostImeInputStage ACTION_DOWN
D/InputReader(  909): Input event: value=0
I/InputReader(  909): Touch event's action is 0x1 (deviceType=0) [pCnt=1, s=] when=106705168333000
I/InputDispatcher(  909): Delivering touch to (25172): action: 0x1, toolType: 1
D/InputReader(  909): Input event: value=1
I/InputReader(  909): Touch event's action is 0x0 (deviceType=0) [pCnt=1, s=0.13323 ] when=106705255810000
I/InputDispatcher(  909): Delivering touch to (1204): action: 0x4, toolType: 1
I/InputDispatcher(  909): Delivering touch to (26458): action: 0x4, toolType: 1
I/InputDispatcher(  909): Delivering touch to (25172): action: 0x0, toolType: 1
E/SamsungIME(25172): AbstractCandidateLayout-setCandidates suggestions count : 10
E/SamsungIME(25172): AbstractCandidateLayout-setCandidates fontSize : 19.0
E/SamsungIME(25172): AbstractCandidateLayout-setCandidates typeFace : class android.graphics.Typeface
E/SamsungIME(25172): AbstractCandidateLayout-setCandidates topPadding : 33
E/SamsungIME(25172): AbstractCandidateLayout-setCandidates bottomPadding : 33
E/SamsungIME(25172): AbstractCandidateLayout-setCandidates height : 126
E/SamsungIME(25172): AbstractCandidateLayout-setCandidates maxWidth : 1080
E/SamsungIME(25172): AbstractCandidateLayout-setCandidates finished : 3
D/SamsungIME(25172): Skip dismiss ExpandCandidate. it will be post-invalidated later
D/ViewRootImpl(25172): ViewPostImeInputStage ACTION_DOWN
D/InputReader(  909): Input event: value=0
I/InputReader(  909): Touch event's action is 0x1 (deviceType=0) [pCnt=1, s=] when=106705353380000
I/InputDispatcher(  909): Delivering touch to (25172): action: 0x1, toolType: 1
D/InputReader(  909): Input event: value=1
I/InputReader(  909): Touch event's action is 0x0 (deviceType=0) [pCnt=1, s=0.13324 ] when=106705462454000
I/InputDispatcher(  909): Delivering touch to (1204): action: 0x4, toolType: 1
I/InputDispatcher(  909): Delivering touch to (26458): action: 0x4, toolType: 1
I/InputDispatcher(  909): Delivering touch to (25172): action: 0x0, toolType: 1
D/ViewRootImpl(25172): ViewPostImeInputStage ACTION_DOWN
D/InputReader(  909): Input event: value=0
I/InputReader(  909): Touch event's action is 0x1 (deviceType=0) [pCnt=1, s=] when=106705605424000
I/InputDispatcher(  909): Delivering touch to (25172): action: 0x1, toolType: 1
D/SSRM:m  (  909): SIOP:: AP = 350, PST = 320, CUR = 450
E/SamsungIME(25172): AbstractCandidateLayout-setCandidates suggestions count : 9
E/SamsungIME(25172): AbstractCandidateLayout-setCandidates fontSize : 19.0
E/SamsungIME(25172): AbstractCandidateLayout-setCandidates typeFace : class android.graphics.Typeface
E/SamsungIME(25172): AbstractCandidateLayout-setCandidates topPadding : 33
E/SamsungIME(25172): AbstractCandidateLayout-setCandidates bottomPadding : 33
E/SamsungIME(25172): AbstractCandidateLayout-setCandidates height : 126
E/SamsungIME(25172): AbstractCandidateLayout-setCandidates maxWidth : 1080
E/SamsungIME(25172): AbstractCandidateLayout-setCandidates finished : 3
D/SamsungIME(25172): Skip dismiss ExpandCandidate. it will be post-invalidated later
V/AlarmManager(  909): waitForAlarm result :4
D/StatusBar.NetworkController( 1204): refreshViews connected={ wifi } level=2 combinedSignalIconId=0x7f020495/com.android.systemui:drawable/stat_sys_wifi_signal_4 mobileLabel=3 wifiLabel="UPC624261"xxxxXXXXxxxxXXXX emergencyOnly=false combinedLabel="UPC624261"xxxxXXXXxxxxXXXX mAirplaneMode=false mDataActivity=0 mPhoneSignalIconId=0x7f0203ee/com.android.systemui:drawable/stat_sys_signal_2_auto_rotate mQSPhoneSignalIconId=0x7f020112/com.android.systemui:drawable/ic_qs_signal_2 mDataDirectionIconId=0x0/(null) mDataSignalIconId=0x7f0203ee/com.android.systemui:drawable/stat_sys_signal_2_auto_rotate mDataTypeIconId=0x7f0202c9/com.android.systemui:drawable/stat_sys_data_connected_h mQSDataTypeIconId=0x7f02011f/com.android.systemui:drawable/ic_qs_signal_h mNoSimIconId=0x0/(null) mWifiIconId=0x7f020495/com.android.systemui:drawable/stat_sys_wifi_signal_4 mQSWifiIconId=0x7f02012b/com.android.systemui:drawable/ic_qs_wifi_4 mWifiActivityIconId=0x7f020468/com.android.systemui:drawable/stat_sys_signal_no_inout mBluetoothTetherIconId=0x1080907/android:drawable/stat_sys_tether_bluetooth
D/StatusBar.NetworkController( 1204): refreshSignalCluster - setNWBoosterIndicators(false)
D/StatusBar.NetworkController( 1204): applyOpen
D/StatusBar.NetworkController( 1204): refreshSignalCluster - setNWBoosterIndicators(false)
D/StatusBar.NetworkController( 1204): applyOpen
D/StatusBar.NetworkController( 1204): refreshSignalCluster - setNWBoosterIndicators(false)
D/StatusBar.NetworkController( 1204): applyOpen
D/StatusBar.NetworkController( 1204): refreshSignalCluster - setNWBoosterIndicators(false)
D/StatusBar.NetworkController( 1204): applyOpen
D/InputReader(  909): Input event: value=1
I/InputReader(  909): Touch event's action is 0x0 (deviceType=0) [pCnt=1, s=0.13325 ] when=106706043355000
I/InputDispatcher(  909): Delivering touch to (1204): action: 0x4, toolType: 1
I/InputDispatcher(  909): Delivering touch to (26458): action: 0x4, toolType: 1
I/InputDispatcher(  909): Delivering touch to (25172): action: 0x0, toolType: 1
D/ViewRootImpl(25172): ViewPostImeInputStage ACTION_DOWN
D/InputReader(  909): Input event: value=0
I/InputReader(  909): Touch event's action is 0x1 (deviceType=0) [pCnt=1, s=] when=106706141379000
I/InputDispatcher(  909): Delivering touch to (25172): action: 0x1, toolType: 1
E/SamsungIME(25172): SwiftkeyWrapper-inputKey
D/StatusBar.NetworkController( 1204): onSignalStrengthsChanged signalStrength=SignalStrength: 9 99 -120 -160 -120 -1 -1 99 2147483647 2147483647 2147483647 -1 2147483647 0x2 gsm|lte level=2
D/StatusBar.NetworkController( 1204): updateTelephonySignalStrength: hasService=true ss=SignalStrength: 9 99 -120 -160 -120 -1 -1 99 2147483647 2147483647 2147483647 -1 2147483647 0x2 gsm|lte
D/StatusBar.NetworkController( 1204): updateTelephonySignalStrength: iconLevel=2
