D/WifiStateMachine( 1025): handleMessage: E msg.what=131155
D/WifiStateMachine( 1025): processMsg: ConnectedState
D/WifiStateMachine( 1025): processMsg: L2ConnectedState
D/WifiStateMachine( 1025): handleMessage: X
D/WifiStateMachine( 1025): handleMessage: E msg.what=151572
D/WifiStateMachine( 1025): processMsg: ConnectedState
D/WifiStateMachine( 1025): processMsg: L2ConnectedState
D/WifiStateMachine( 1025): handleMessage: X
D/WifiStateMachine( 1025): handleMessage: E msg.what=151572
D/WifiStateMachine( 1025): processMsg: ConnectedState
D/WifiStateMachine( 1025): processMsg: L2ConnectedState
D/WifiStateMachine( 1025): handleMessage: X
D/WifiStateMachine( 1025): handleMessage: E msg.what=151572
D/WifiStateMachine( 1025): processMsg: ConnectedState
D/WifiStateMachine( 1025): processMsg: L2ConnectedState
D/WifiStateMachine( 1025): handleMessage: X
D/WifiStateMachine( 1025): handleMessage: E msg.what=131155
D/WifiStateMachine( 1025): processMsg: ConnectedState
D/WifiStateMachine( 1025): processMsg: L2ConnectedState
D/WifiStateMachine( 1025): handleMessage: X
D/WifiStateMachine( 1025): handleMessage: E msg.what=151572
D/WifiStateMachine( 1025): processMsg: ConnectedState
D/WifiStateMachine( 1025): processMsg: L2ConnectedState
D/WifiStateMachine( 1025): handleMessage: X
D/WifiStateMachine( 1025): handleMessage: E msg.what=151572
D/WifiStateMachine( 1025): processMsg: ConnectedState
D/WifiStateMachine( 1025): processMsg: L2ConnectedState
D/WifiStateMachine( 1025): handleMessage: X
D/WifiStateMachine( 1025): handleMessage: E msg.what=151572
D/WifiStateMachine( 1025): processMsg: ConnectedState
D/WifiStateMachine( 1025): processMsg: L2ConnectedState
D/WifiStateMachine( 1025): handleMessage: X
D/WifiStateMachine( 1025): handleMessage: E msg.what=131155
D/WifiStateMachine( 1025): processMsg: ConnectedState
D/WifiStateMachine( 1025): processMsg: L2ConnectedState
D/WifiStateMachine( 1025): handleMessage: X
D/Ulp_jni ( 1025): Location CB invoked
D/WifiStateMachine( 1025): handleMessage: E msg.what=151572
D/WifiStateMachine( 1025): processMsg: ConnectedState
D/WifiStateMachine( 1025): processMsg: L2ConnectedState
D/WifiStateMachine( 1025): handleMessage: X
D/WifiStateMachine( 1025): handleMessage: E msg.what=151572
D/WifiStateMachine( 1025): processMsg: ConnectedState
D/WifiStateMachine( 1025): processMsg: L2ConnectedState
D/WifiStateMachine( 1025): handleMessage: X
D/WifiStateMachine( 1025): handleMessage: E msg.what=151572
D/WifiStateMachine( 1025): processMsg: ConnectedState
D/WifiStateMachine( 1025): processMsg: L2ConnectedState
D/WifiStateMachine( 1025): handleMessage: X
D/WifiStateMachine( 1025): handleMessage: E msg.what=131155
D/WifiStateMachine( 1025): processMsg: ConnectedState
D/WifiStateMachine( 1025): processMsg: L2ConnectedState
D/WifiStateMachine( 1025): handleMessage: X
D/WifiStateMachine( 1025): handleMessage: E msg.what=151572
D/WifiStateMachine( 1025): processMsg: ConnectedState
D/WifiStateMachine( 1025): processMsg: L2ConnectedState
D/WifiStateMachine( 1025): handleMessage: X
D/WifiStateMachine( 1025): handleMessage: E msg.what=151572
D/WifiStateMachine( 1025): processMsg: ConnectedState
D/WifiStateMachine( 1025): processMsg: L2ConnectedState
D/WifiStateMachine( 1025): handleMessage: X
D/WifiStateMachine( 1025): handleMessage: E msg.what=151572
D/WifiStateMachine( 1025): processMsg: ConnectedState
D/WifiStateMachine( 1025): processMsg: L2ConnectedState
D/WifiStateMachine( 1025): handleMessage: X
D/WifiStateMachine( 1025): handleMessage: E msg.what=131155
D/WifiStateMachine( 1025): processMsg: ConnectedState
D/WifiStateMachine( 1025): processMsg: L2ConnectedState
D/WifiStateMachine( 1025): handleMessage: X
D/WifiStateMachine( 1025): handleMessage: E msg.what=151572
D/WifiStateMachine( 1025): processMsg: ConnectedState
D/WifiStateMachine( 1025): processMsg: L2ConnectedState
D/WifiStateMachine( 1025): handleMessage: X
D/WifiStateMachine( 1025): handleMessage: E msg.what=151572
D/WifiStateMachine( 1025): processMsg: ConnectedState
D/WifiStateMachine( 1025): processMsg: L2ConnectedState
D/WifiStateMachine( 1025): handleMessage: X
D/WifiStateMachine( 1025): handleMessage: E msg.what=151572
D/WifiStateMachine( 1025): processMsg: ConnectedState
D/WifiStateMachine( 1025): processMsg: L2ConnectedState
D/WifiStateMachine( 1025): handleMessage: X
D/WifiStateMachine( 1025): handleMessage: E msg.what=131155
D/WifiStateMachine( 1025): processMsg: ConnectedState
D/WifiStateMachine( 1025): processMsg: L2ConnectedState
D/WifiStateMachine( 1025): handleMessage: X
D/WifiStateMachine( 1025): handleMessage: E msg.what=151572
D/WifiStateMachine( 1025): processMsg: ConnectedState
D/WifiStateMachine( 1025): processMsg: L2ConnectedState
D/WifiStateMachine( 1025): handleMessage: X
D/Ulp_jni ( 1025): Location CB invoked
D/WifiStateMachine( 1025): handleMessage: E msg.what=151572
D/WifiStateMachine( 1025): processMsg: ConnectedState
D/WifiStateMachine( 1025): processMsg: L2ConnectedState
D/WifiStateMachine( 1025): handleMessage: X
D/WifiStateMachine( 1025): handleMessage: E msg.what=151572
D/WifiStateMachine( 1025): processMsg: ConnectedState
D/WifiStateMachine( 1025): processMsg: L2ConnectedState
D/WifiStateMachine( 1025): handleMessage: X
V/AlarmManager( 1025): sending alarm Alarm{429cac20 type 3 android}
D/WifiStateMachine( 1025): handleMessage: E msg.what=131155
D/WifiStateMachine( 1025): processMsg: ConnectedState
D/WifiStateMachine( 1025): processMsg: L2ConnectedState
D/WifiStateMachine( 1025): handleMessage: X
I/ActivityManager( 1025): Process com.devexpert.weather (pid 20688) has died.
D/WifiStateMachine( 1025): handleMessage: E msg.what=151572
D/WifiStateMachine( 1025): processMsg: ConnectedState
D/WifiStateMachine( 1025): processMsg: L2ConnectedState
D/WifiStateMachine( 1025): handleMessage: X
V/AlarmManager( 1025): sending alarm Alarm{437379f0 type 1 com.android.deskclock}
I/ActivityManager( 1025): Start proc com.android.deskclock for broadcast com.android.deskclock/com.android.alarmclock.DigitalAppWidgetProvider: pid=20726 uid=10015 gids={50015, 1028}
D/WifiStateMachine( 1025): handleMessage: E msg.what=151572
D/WifiStateMachine( 1025): processMsg: ConnectedState
D/WifiStateMachine( 1025): processMsg: L2ConnectedState
D/WifiStateMachine( 1025): handleMessage: X
D/WifiStateMachine( 1025): handleMessage: E msg.what=151572
D/WifiStateMachine( 1025): processMsg: ConnectedState
D/WifiStateMachine( 1025): processMsg: L2ConnectedState
D/WifiStateMachine( 1025): handleMessage: X
D/WifiStateMachine( 1025): handleMessage: E msg.what=131155
D/WifiStateMachine( 1025): processMsg: ConnectedState
D/WifiStateMachine( 1025): processMsg: L2ConnectedState
D/WifiStateMachine( 1025): handleMessage: X
D/WifiStateMachine( 1025): handleMessage: E msg.what=151572
D/WifiStateMachine( 1025): processMsg: ConnectedState
D/WifiStateMachine( 1025): processMsg: L2ConnectedState
D/WifiStateMachine( 1025): handleMessage: X
D/WifiStateMachine( 1025): handleMessage: E msg.what=151572
D/WifiStateMachine( 1025): processMsg: ConnectedState
D/WifiStateMachine( 1025): processMsg: L2ConnectedState
D/WifiStateMachine( 1025): handleMessage: X
D/WifiStateMachine( 1025): handleMessage: E msg.what=151572
D/WifiStateMachine( 1025): processMsg: ConnectedState
D/WifiStateMachine( 1025): processMsg: L2ConnectedState
D/WifiStateMachine( 1025): handleMessage: X
D/WifiStateMachine( 1025): handleMessage: E msg.what=131155
D/WifiStateMachine( 1025): processMsg: ConnectedState
D/WifiStateMachine( 1025): processMsg: L2ConnectedState
D/WifiStateMachine( 1025): handleMessage: X
D/WifiStateMachine( 1025): handleMessage: E msg.what=151572
D/WifiStateMachine( 1025): processMsg: ConnectedState
D/WifiStateMachine( 1025): processMsg: L2ConnectedState
D/WifiStateMachine( 1025): handleMessage: X
D/WifiStateMachine( 1025): handleMessage: E msg.what=151572
D/WifiStateMachine( 1025): processMsg: ConnectedState
D/WifiStateMachine( 1025): processMsg: L2ConnectedState
D/WifiStateMachine( 1025): handleMessage: X
D/Ulp_jni ( 1025): Location CB invoked
D/WifiStateMachine( 1025): handleMessage: E msg.what=151572
D/WifiStateMachine( 1025): processMsg: ConnectedState
D/WifiStateMachine( 1025): processMsg: L2ConnectedState
D/WifiStateMachine( 1025): handleMessage: X
D/WifiStateMachine( 1025): handleMessage: E msg.what=131155
D/WifiStateMachine( 1025): processMsg: ConnectedState
D/WifiStateMachine( 1025): processMsg: L2ConnectedState
D/WifiStateMachine( 1025): handleMessage: X
V/AlarmManager( 1025): sending alarm Alarm{427a0080 type 3 com.devexpert.weather}
I/ActivityManager( 1025): Start proc com.devexpert.weather for broadcast com.devexpert.weather/.view.WidgetWeather2x1: pid=20739 uid=10112 gids={50112, 3003, 1028, 1015}
D/WifiStateMachine( 1025): handleMessage: E msg.what=151572
D/WifiStateMachine( 1025): processMsg: ConnectedState
D/WifiStateMachine( 1025): processMsg: L2ConnectedState
D/WifiStateMachine( 1025): handleMessage: X
D/WifiStateMachine( 1025): handleMessage: E msg.what=151572
D/WifiStateMachine( 1025): processMsg: ConnectedState
D/WifiStateMachine( 1025): processMsg: L2ConnectedState
D/WifiStateMachine( 1025): handleMessage: X
D/WifiStateMachine( 1025): handleMessage: E msg.what=151572
D/WifiStateMachine( 1025): processMsg: ConnectedState
D/WifiStateMachine( 1025): processMsg: L2ConnectedState
D/WifiStateMachine( 1025): handleMessage: X
D/WifiStateMachine( 1025): handleMessage: E msg.what=131155
D/WifiStateMachine( 1025): processMsg: ConnectedState
D/WifiStateMachine( 1025): processMsg: L2ConnectedState
D/WifiStateMachine( 1025): handleMessage: X
I/PowerManagerService( 1025): Nap time...
I/PowerManagerService( 1025): Going to sleep due to screen timeout...
D/WifiStateMachine( 1025): handleMessage: E msg.what=151572
D/WifiStateMachine( 1025): processMsg: ConnectedState
D/WifiStateMachine( 1025): processMsg: L2ConnectedState
D/WifiStateMachine( 1025): handleMessage: X
D/SurfaceFlinger(  274): Screen released, type=0 flinger=0xb769f450
D/qdhwcomposer(  274): hwc_blank: Blanking display: 0
D/qdhwcomposer(  274): hwc_blank: Done blanking display: 0
D/SurfaceControl( 1025): Excessive delay in blankDisplay() while turning screen off: 200ms
I/AonLTInterfaceService( 1295): AodLT package version: 1000000
D/CordovaActivity(19850): Paused the application!
D/CordovaWebView(19850): Handle the pause
W/ContextImpl( 1295): Calling a method in the system process without a qualified user: android.app.ContextImpl.sendBroadcast:1252 android.content.ContextWrapper.sendBroadcast:365 com.motorola.motocare.util.TriggerHelper$TriggerBuilder.send:76 com.motorola.motocare.internal.frameworkevents.PauseResumeTrigger.handleFrameworkEvent:53 com.motorola.motocare.internal.frameworkevents.FwEventMonitor$FrameworkListener.processFrameworkEvent:114 
F/ProcessStats( 1025): Starting service ServiceState{42abda10 com.cleanmaster.fm.service.BackgroundService pkg=com.rhmsoft.fm proc=42abda10} without owner
F/ProcessStats( 1025): Starting service ServiceState{42c48c08 com.whatsapp.messaging.MessageService pkg=com.whatsapp proc=42c48c08} without owner
F/ProcessStats( 1025): Starting service ServiceState{42a4cec0 com.facebook.push.mqtt.service.MqttPushService pkg=com.facebook.katana proc=42a4cec0} without owner
F/ProcessStats( 1025): Starting service ServiceState{428fdff0 com.facebook.push.mqtt.service.MqttPushService pkg=com.facebook.orca proc=428fdff0} without owner
D/WifiStateMachine( 1025): handleScreenStateChanged: false
D/WifiStateMachine( 1025): handleMessage: E msg.what=131154
D/WifiStateMachine( 1025): processMsg: ConnectedState
D/WifiStateMachine( 1025): processMsg: L2ConnectedState
D/WifiStateMachine( 1025): handleMessage: X
D/WifiStateMachine( 1025): handleMessage: E msg.what=131163
D/WifiStateMachine( 1025): processMsg: ConnectedState
D/WifiStateMachine( 1025): processMsg: L2ConnectedState
D/WifiStateMachine( 1025): processMsg: ConnectModeState
D/WifiStateMachine( 1025): processMsg: DriverStartedState
D/WifiStateMachine( 1025): processMsg: SupplicantStartedState
D/WifiStateMachine( 1025): processMsg: DefaultState
D/WifiStateMachine( 1025): handleMessage: X
D/WifiStateMachine( 1025): handleMessage: E msg.what=131158
D/WifiStateMachine( 1025): processMsg: ConnectedState
D/WifiStateMachine( 1025): processMsg: L2ConnectedState
D/WifiStateMachine( 1025): processMsg: ConnectModeState
D/WifiStateMachine( 1025): processMsg: DriverStartedState
D/WifiStateMachine( 1025): setSuspendOptimizationsNative: 4 true
D/Sensors ( 1025): AccelerationSensor: Set Sensors state 0x0
D/audio_hw_primary(  277): adev_set_parameters: enter: screen_state=off
V/msm8974_platform(  277): platform_set_parameters: enter: screen_state=off
V/msm8974_platform(  277): platform_set_parameters: exit with code(-2)
E/audio_a2dp_hw(  277): adev_set_parameters: ERROR: set param called even when stream out is null
W/IInputConnectionWrapper(19850): getExtractedText on inactive InputConnection
W/IInputConnectionWrapper(19850): getTextBeforeCursor on inactive InputConnection
W/IInputConnectionWrapper(19850): getSelectedText on inactive InputConnection
W/IInputConnectionWrapper(19850): getTextAfterCursor on inactive InputConnection
D/WifiStateMachine( 1025): handleMessage: X
E/bo      (20316): onStartInput event aborted: com.touchtype.keyboard.c.ag: could not obtain extracted text (class com.touchtype.keyboard.c.ag)
V/AlarmManager( 1025): sending alarm Alarm{424739f0 type 2 com.google.android.gms}
D/GCM     (31010): Message class com.google.f.a.a.i
D/dalvikvm(20316): GC_CONCURRENT freed 1990K, 28% free 12549K/17228K, paused 18ms+5ms, total 62ms
D/ConnectivityService( 1025): handleInetConditionHoldEnd: net=1, condition=100, published condition=100
I/ModemStatsDSDetect( 1327): onReceive() -Intent { act=android.net.conn.INET_CONDITION_ACTION flg=0x4000010 (has extras) }
I/SBar.NetworkController( 1119): onReceive: ConnectivityManager.INET_CONDITION_ACTION Received
I/SBar.NetworkController( 1119): updateConnectivity: NetworkInfo: NetworkInfo: type: WIFI[], state: CONNECTED/CONNECTED, reason: (unspecified), extra: "Moulin Rouge", roaming: false, failover: false, isAvailable: true, isConnectedToProvisioningNetwork: false, inetCondition= 1
I/ModemStatsDSDetect( 1327): INET_CONDITION=100 ,activeNet=NetworkInfo: type: WIFI[], state: CONNECTED/CONNECTED, reason: (unspecified), extra: "Moulin Rouge", roaming: false, failover: false, isAvailable: true, isConnectedToProvisioningNetwork: false
I/ModemStatsDSDetect( 1327): onReceive() - done, currentInetCondition=100
D/WifiStateMachine( 1025): handleMessage: E msg.what=131155
D/WifiStateMachine( 1025): processMsg: ConnectedState
D/WifiStateMachine( 1025): processMsg: L2ConnectedState
D/WifiStateMachine( 1025): handleMessage: X
W/ContextImpl( 1295): Calling a method in the system process without a qualified user: android.app.ContextImpl.startService:1608 android.content.ContextWrapper.startService:494 android.content.ContextWrapper.startService:494 com.motorola.motocare.internal.batterystats.BatteryStatsAction.onReceive:33 android.app.ActivityThread.handleReceiver:2434 
V/AlarmManager( 1025): sending alarm Alarm{42e247f0 type 0 com.viber.voip}
V/AlarmManager( 1025): sending alarm Alarm{42e08ac0 type 2 com.android.keyguard}
V/KeyguardHostView( 1119): Initial transport state: 0, pbstate=1
D/KeyguardHostView( 1119): showSecurityScreen(None)
D/KeyguardHostView( 1119): getSecurityView(Invalid)
D/KeyguardHostView( 1119): getSecurityView(None)
D/dalvikvm( 1119): GC_FOR_ALLOC freed 551K, 27% free 14814K/20224K, paused 23ms, total 23ms
V/KeyguardHostView( 1119): hide transport, gen:296
V/KeyguardHostView( 1119): music state changed: 1
D/KeyguardHostView( 1119): showSecurityScreen(None)
W/View    ( 1119): requestLayout() improperly called by android.widget.TextClock{42530248 V.ED.... ......ID 104,0-484,213 #7f0a004b app:id/clock_view} during layout: running second layout pass
W/View    ( 1119): requestLayout() improperly called by android.widget.TextClock{423ab848 V.ED.... ......ID 141,0-290,38 #7f0a0050 app:id/date_view} during layout: running second layout pass
W/View    ( 1119): requestLayout() improperly called by android.widget.TextView{42286540 V.ED.... ......ID 306,0-446,38 #7f0a0051 app:id/alarm_status} during layout: running second layout pass
D/PhoneStatusBar( 1119): disable: < expand icons alerts ticker system_info BACK* HOME* RECENT* CLOCK* search >
D/Ulp_jni ( 1025): Location CB invoked
I/ActivityManager( 1025): Process com.motorola.audioeffects (pid 16530) has died.
W/ActivityManager( 1025): Scheduling restart of crashed service com.motorola.audioeffects/.AudioEffectsService in 1000ms
I/ActivityManager( 1025): Start proc com.motorola.audioeffects for service com.motorola.audioeffects/.AudioEffectsService: pid=20812 uid=10002 gids={50002}
D/MDnsDS  (  270): MDnsSdListener::Monitor poll timed out
D/MDnsDS  (  270): Going to poll with pollCount 1
I/MDMCTBK (  273): NetlinkHandler, power_supply subsys
I/MDMCTBK (  273): NetlinkHandler, usbChargerStateChanged
I/MDMCTBK (  273): checkDefaultInst, current pid is = 273
I/MDMCTBK (  273): checkDefaultInst, pid match
I/MDMCTBK (  273): MdmCutbackHndler,readFromFile = /sys/class/power_supply/usb/online
I/MDMCTBK (  273): MdmCutbackHndler,readFromFile = 
E/MDMCTBK (  273): MdmCutbackHndler,Could not open ''
I/MDMCTBK (  273): NetlinkHandler, power_supply subsys
I/MDMCTBK (  273): NetlinkHandler, usbChargerStateChanged
I/MDMCTBK (  273): checkDefaultInst, current pid is = 273
I/MDMCTBK (  273): checkDefaultInst, pid match
I/MDMCTBK (  273): MdmCutbackHndler,readFromFile = /sys/class/power_supply/usb/online
I/MDMCTBK (  273): MdmCutbackHndler,readFromFile = 
E/MDMCTBK (  273): MdmCutbackHndler,Could not open ''
D/Ulp_jni ( 1025): Location CB invoked
D/Ulp_jni ( 1025): Location CB invoked
I/MDMCTBK (  273): NetlinkHandler, power_supply subsys
I/MDMCTBK (  273): NetlinkHandler, usbChargerStateChanged
I/MDMCTBK (  273): checkDefaultInst, current pid is = 273
I/MDMCTBK (  273): checkDefaultInst, pid match
I/MDMCTBK (  273): MdmCutbackHndler,readFromFile = /sys/class/power_supply/usb/online
I/MDMCTBK (  273): MdmCutbackHndler,readFromFile = 
E/MDMCTBK (  273): MdmCutbackHndler,Could not open ''
I/MDMCTBK (  273): NetlinkHandler, power_supply subsys
I/MDMCTBK (  273): NetlinkHandler, usbChargerStateChanged
I/MDMCTBK (  273): checkDefaultInst, current pid is = 273
I/MDMCTBK (  273): checkDefaultInst, pid match
I/MDMCTBK (  273): MdmCutbackHndler,readFromFile = /sys/class/power_supply/usb/online
I/MDMCTBK (  273): MdmCutbackHndler,readFromFile = 
E/MDMCTBK (  273): MdmCutbackHndler,Could not open ''
D/Ulp_jni ( 1025): Location CB invoked
V/AlarmManager( 1025): sending alarm Alarm{42df9c10 type 2 com.google.android.gms}
V/AlarmManager( 1025): sending alarm Alarm{42debb98 type 1 com.rhmsoft.fm}
I/ActivityManager( 1025): Start proc com.rhmsoft.fm:service for service com.rhmsoft.fm/com.cleanmaster.fm.service.BackgroundService: pid=20844 uid=10105 gids={50105, 3003, 1028, 1015}
I/ActivityManager( 1025): Process com.android.deskclock (pid 20726) has died.
W/Settings(20844): Setting android_id has moved from android.provider.Settings.System to android.provider.Settings.Secure, returning read-only value.
I/ActivityManager( 1025): Process com.devexpert.weather (pid 20739) has died.
D/filesDir(20844): /data/data/com.rhmsoft.fm/files
D/dalvikvm(20844): Trying to load lib /data/data/com.rhmsoft.fm/lib/libkcmutil.so 0x41faa538
W/linker  (20844): libkcmutil.so has text relocations. This is wasting memory and is a security risk. Please fix.
D/dalvikvm(20844): Added shared lib /data/data/com.rhmsoft.fm/lib/libkcmutil.so 0x41faa538
W/Settings(20844): Setting android_id has moved from android.provider.Settings.System to android.provider.Settings.Secure, returning read-only value.
W/System.err(20844): Commons.readAssetsFileLineString :cn2
W/Settings(20844): Setting android_id has moved from android.provider.Settings.System to android.provider.Settings.Secure, returning read-only value.
W/Settings(20844): Setting android_id has moved from android.provider.Settings.System to android.provider.Settings.Secure, returning read-only value.
W/Settings(20844): Setting android_id has moved from android.provider.Settings.System to android.provider.Settings.Secure, returning read-only value.
W/Settings(20844): Setting android_id has moved from android.provider.Settings.System to android.provider.Settings.Secure, returning read-only value.
D/KInfoc  (20844): tableName: fm_act_srv_1 dataString: inhours=0&i=1&uptime2=1429819251
W/KInfoc  (20844): The data section count is not equal! table:fm_public, count in format:13, count in data:14.
W/KInfoc  (20844): The data section count is not equal! table:fm_public, count in format:13, count in data:14.
D/KInfoc  (20844): SAVE ICH : ALL=105 startOffset=87 HL=87 DL=18
D/bksvc   (20844): newPhoto.getNotification entered
D/bksvc   (20844): newScreenshot.getNotification entered
W/KInfoc  (20844): The data section count is not equal! table:fm_public, count in format:13, count in data:14.
D/KInfoc  (20844): SAVE ICH : ALL=105 startOffset=87 HL=87 DL=18
D/Ulp_jni ( 1025): Location CB invoked
V/AlarmManager( 1025): sending alarm Alarm{433a2a18 type 3 android}
D/dalvikvm( 1295): GC_CONCURRENT freed 1904K, 46% free 9350K/17224K, paused 3ms+2ms, total 24ms
W/ContextImpl( 1295): Calling a method in the system process without a qualified user: android.app.ContextImpl.sendBroadcast:1252 android.content.ContextWrapper.sendBroadcast:365 com.motorola.motocare.util.TriggerHelper$TriggerBuilder.send:76 com.motorola.motocare.internal.frameworkevents.ProcessKillTrigger.sendTrigger:147 com.motorola.motocare.internal.frameworkevents.ProcessKillTrigger.handleLmkKill:337 
W/ContextImpl( 1295): Calling a method in the system process without a qualified user: android.app.ContextImpl.sendBroadcast:1252 android.content.ContextWrapper.sendBroadcast:365 com.motorola.motocare.util.TriggerHelper$TriggerBuilder.send:76 com.motorola.motocare.internal.frameworkevents.ProcessKillTrigger.sendTrigger:147 com.motorola.motocare.internal.frameworkevents.ProcessKillTrigger.handleLmkKill:337 
W/ContextImpl( 1295): Calling a method in the system process without a qualified user: android.app.ContextImpl.sendBroadcast:1252 android.content.ContextWrapper.sendBroadcast:365 com.motorola.motocare.util.TriggerHelper$TriggerBuilder.send:76 com.motorola.motocare.internal.frameworkevents.ProcessKillTrigger.sendTrigger:147 com.motorola.motocare.internal.frameworkevents.ProcessKillTrigger.handleLmkKill:337 
W/ContextImpl( 1295): Calling a method in the system process without a qualified user: android.app.ContextImpl.sendBroadcast:1252 android.content.ContextWrapper.sendBroadcast:365 com.motorola.motocare.util.TriggerHelper$TriggerBuilder.send:76 com.motorola.motocare.internal.frameworkevents.ProcessKillTrigger.sendTrigger:147 com.motorola.motocare.internal.frameworkevents.ProcessKillTrigger.handleLmkKill:337 
D/dalvikvm( 1295): GC_EXPLICIT freed 1351K, 46% free 9320K/17224K, paused 9ms+4ms, total 44ms
D/Ulp_jni ( 1025): Location CB invoked
V/AlarmManager( 1025): sending alarm Alarm{433d9d18 type 3 com.devexpert.weather}
V/AlarmManager( 1025): sending alarm Alarm{433d9dd8 type 0 com.rhmsoft.fm}
I/ActivityManager( 1025): Start proc com.devexpert.weather for broadcast com.devexpert.weather/.view.WidgetWeather2x1: pid=20887 uid=10112 gids={50112, 3003, 1028, 1015}
V/AlarmManager( 1025): sending alarm Alarm{434d1e48 type 0 com.google.android.gms}
V/AlarmManager( 1025): sending alarm Alarm{433a29b0 type 1 com.rhmsoft.fm}
D/PWM     (20844): url=http://up.cm.ksmobile.com/filemanager//controller/CloudCfg.php
I/ActivityManager( 1025): Start proc com.google.android.gms:snet for service com.google.android.gms/.security.snet.SnetLaunchService: pid=20924 uid=10022 gids={50022, 3003, 1007, 1028, 1015, 3002, 3001, 3007, 2001, 3006}
D/SnetService(11661): snet destroyed
I/KInfoc  (20844): Auto Post
W/Settings(20844): Setting android_id has moved from android.provider.Settings.System to android.provider.Settings.Secure, returning read-only value.
D/KInfoc  (20844): clear batch timer
D/KInfoc  (20844): set batch timer
D/KInfoc  (20844):  BATCH REPORTER STARTED ........
D/KInfoc  (20844):  -> ICH DIR : /data/data/com.rhmsoft.fm/files/infoc_1
W/KInfoc  (20844): The data section count is not equal! table:fm_public, count in format:13, count in data:14.
D/KInfoc  (20844):  * ENCODED HEADER : 87 LIMIT=3072
D/KInfoc  (20844):  [ BATCH REPORT ]
D/KInfoc  (20844): com.cm.kinfoc.l@420aa138
I/ActivityManager( 1025): Process com.devexpert.weather (pid 20887) has died.
W/dalvikvm(20924): VFY: unable to resolve static field 658 (PR_SET_DUMPABLE) in Landroid/system/OsConstants;
D/dalvikvm(20924): VFY: replacing opcode 0x60 at 0x000b
I/MultiDex(20924): VM with version 1.6.0 does not have multidex support
I/MultiDex(20924): install
I/MultiDex(20924): MultiDexExtractor.load(/data/app/com.google.android.gms-1.apk, false)
I/MultiDex(20924): loading existing secondary dex files
I/MultiDex(20924): load found 3 secondary dex files
I/MultiDex(20924): install done
I/ProviderInstaller(20924): Insert disabled by gate 'gms:security:enable_conscrypt_in_gms_application'
D/GCM     (31010): GcmService start Intent { act=com.google.android.gms.INITIALIZE flg=0x10 pkg=com.google.android.gms cmp=com.google.android.gms/.gcm.GcmService } com.google.android.gms.INITIALIZE
D/AuthorizationBluetoothService(31010): Received GmsCore event: Intent { act=com.google.android.gms.INITIALIZE flg=0x10 pkg=com.google.android.gms cmp=com.google.android.gms/.auth.be.proximity.authorization.bt.AuthorizationBluetoothService$AutoStarter }.
E/AuthorizationBluetoothService(31010): Proximity feature is not enabled.
V/GmsCoreStatsServiceLauncher(11661): Received broadcast intent Intent { act=com.google.android.gms.INITIALIZE flg=0x10 pkg=com.google.android.gms cmp=com.google.android.gms/.common.stats.GmsCoreStatsServiceLauncher }
I/dalvikvm(20924): Could not find method android.content.pm.PackageManager.getPackageInstaller, referenced from method com.google.android.gms.common.ff.a
W/dalvikvm(20924): VFY: unable to resolve virtual method 479: Landroid/content/pm/PackageManager;.getPackageInstaller ()Landroid/content/pm/PackageInstaller;
D/dalvikvm(20924): VFY: replacing opcode 0x6e at 0x000d
D/LocationInitializer(11661): Restart initialization of location
E/MDM     (31342): [421079] b.run: Couldn't connect to Google API client: ConnectionResult{statusCode=API_UNAVAILABLE, resolution=null}
D/dalvikvm(20924): DexOpt: --- BEGIN 'snet.jar' (bootstrap=0) ---
D/KInfoc  (20844):     * SUCCESS
D/KInfoc  (20844):  * REPORT SUCCESS : DC+H=2 DC=1 SIZE=105
E/AdwareHttpConnector(20844): 200
D/dalvikvm(20954): DexOpt: load 8ms, verify+opt 88ms, 410444 bytes
D/dalvikvm(20924): DexOpt: --- END 'snet.jar' (success) ---
D/dalvikvm(20924): DEX prep '/data/data/com.google.android.gms/snet/installed/snet.jar': unzip in 5ms, rewrite 284ms
D/com.google.android.snet.Snet(20924): Hi Snet!
I/ActivityManager( 1025): Process com.google.android.gms:snet (pid 20924) has died.
D/KInfoc  (20844):  -> ICH DIR : /data/data/com.rhmsoft.fm/files/infoc_2
W/KInfoc  (20844): The data section count is not equal! table:fm_public, count in format:13, count in data:14.
D/KInfoc  (20844):  * ENCODED HEADER : 87 LIMIT=3072
D/KInfoc  (20844):  [ BATCH REPORT ]
D/KInfoc  (20844): com.cm.kinfoc.l@421a8df8
D/KInfoc  (20844):     * SUCCESS
D/KInfoc  (20844):  * REPORT SUCCESS : DC+H=2 DC=1 SIZE=105
D/Ulp_jni ( 1025): Location CB invoked
I/KInfoc  (20844): Auto Post
W/Settings(20844): Setting android_id has moved from android.provider.Settings.System to android.provider.Settings.Secure, returning read-only value.
D/Ulp_jni ( 1025): Location CB invoked
D/Ulp_jni ( 1025): Location CB invoked
I/MDMCTBK (  273): NetlinkHandler, power_supply subsys
I/MDMCTBK (  273): NetlinkHandler, usbChargerStateChanged
I/MDMCTBK (  273): checkDefaultInst, current pid is = 273
I/MDMCTBK (  273): checkDefaultInst, pid match
I/MDMCTBK (  273): MdmCutbackHndler,readFromFile = /sys/class/power_supply/usb/online
I/MDMCTBK (  273): MdmCutbackHndler,readFromFile = 
E/MDMCTBK (  273): MdmCutbackHndler,Could not open ''
I/MDMCTBK (  273): NetlinkHandler, power_supply subsys
I/MDMCTBK (  273): NetlinkHandler, usbChargerStateChanged
I/MDMCTBK (  273): checkDefaultInst, current pid is = 273
I/MDMCTBK (  273): checkDefaultInst, pid match
I/MDMCTBK (  273): MdmCutbackHndler,readFromFile = /sys/class/power_supply/usb/online
I/MDMCTBK (  273): MdmCutbackHndler,readFromFile = 
E/MDMCTBK (  273): MdmCutbackHndler,Could not open ''
I/MDMCTBK (  273): NetlinkHandler, power_supply subsys
I/MDMCTBK (  273): NetlinkHandler, usbChargerStateChanged
I/MDMCTBK (  273): checkDefaultInst, current pid is = 273
I/MDMCTBK (  273): checkDefaultInst, pid match
I/MDMCTBK (  273): MdmCutbackHndler,readFromFile = /sys/class/power_supply/usb/online
I/MDMCTBK (  273): MdmCutbackHndler,readFromFile = 
E/MDMCTBK (  273): MdmCutbackHndler,Could not open ''
D/Ulp_jni ( 1025): Location CB invoked
D/Ulp_jni ( 1025): Location CB invoked
V/AlarmManager( 1025): sending alarm Alarm{433a3750 type 3 android}
D/Ulp_jni ( 1025): Location CB invoked
V/AlarmManager( 1025): sending alarm Alarm{433e7878 type 2 com.whatsapp}
V/AlarmManager( 1025): sending alarm Alarm{433e78c8 type 2 com.google.android.gms}
V/AlarmManager( 1025): sending alarm Alarm{433b0a00 type 3 com.devexpert.weather}
D/WifiService( 1025): acquireWifiLockLocked: WifiLock{NlpWifiLock type=2 binder=android.os.BinderProxy@436d10e0}
I/ActivityManager( 1025): Start proc com.devexpert.weather for broadcast com.devexpert.weather/.view.WidgetWeather2x1: pid=20965 uid=10112 gids={50112, 3003, 1028, 1015}
D/dalvikvm( 1025): GC_EXPLICIT freed 2068K, 40% free 30606K/50444K, paused 6ms+19ms, total 170ms
D/WifiService( 1025): releaseWifiLockLocked: WifiLock{NlpWifiLock type=2 binder=android.os.BinderProxy@436d10e0}
D/Sensors ( 1025): AccelerationSensor: Set Sensors state 0x1
D/Sensors ( 1025): AccelerationSensor: set delay 200
D/Sensors ( 1025): AccelerationSensor: set delay 20
D/Sensors ( 1025): AccelerationSensor: Set Sensors state 0x0
D/dalvikvm( 1295): GC_CONCURRENT freed 1920K, 46% free 9345K/17224K, paused 3ms+2ms, total 18ms
W/ContextImpl( 1295): Calling a method in the system process without a qualified user: android.app.ContextImpl.sendBroadcast:1252 android.content.ContextWrapper.sendBroadcast:365 com.motorola.motocare.util.TriggerHelper$TriggerBuilder.send:76 com.motorola.motocare.internal.frameworkevents.ProcessKillTrigger.sendTrigger:147 com.motorola.motocare.internal.frameworkevents.ProcessKillTrigger.handleLmkKill:337 
W/ContextImpl( 1295): Calling a method in the system process without a qualified user: android.app.ContextImpl.sendBroadcast:1252 android.content.ContextWrapper.sendBroadcast:365 com.motorola.motocare.util.TriggerHelper$TriggerBuilder.send:76 com.motorola.motocare.internal.frameworkevents.ProcessKillTrigger.sendTrigger:147 com.motorola.motocare.internal.frameworkevents.ProcessKillTrigger.handleLmkKill:337 
D/dalvikvm( 1295): GC_EXPLICIT freed 392K, 46% free 9319K/17224K, paused 2ms+3ms, total 24ms
D/Ulp_jni ( 1025): Location CB invoked
I/MDMCTBK (  273): NetlinkHandler, power_supply subsys
I/MDMCTBK (  273): NetlinkHandler, usbChargerStateChanged
I/MDMCTBK (  273): checkDefaultInst, current pid is = 273
I/MDMCTBK (  273): checkDefaultInst, pid match
I/MDMCTBK (  273): MdmCutbackHndler,readFromFile = /sys/class/power_supply/usb/online
I/MDMCTBK (  273): MdmCutbackHndler,readFromFile = 
E/MDMCTBK (  273): MdmCutbackHndler,Could not open ''
I/MDMCTBK (  273): NetlinkHandler, power_supply subsys
I/MDMCTBK (  273): NetlinkHandler, usbChargerStateChanged
I/MDMCTBK (  273): checkDefaultInst, current pid is = 273
I/MDMCTBK (  273): checkDefaultInst, pid match
I/MDMCTBK (  273): MdmCutbackHndler,readFromFile = /sys/class/power_supply/usb/online
I/MDMCTBK (  273): MdmCutbackHndler,readFromFile = 
E/MDMCTBK (  273): MdmCutbackHndler,Could not open ''
D/Ulp_jni ( 1025): Location CB invoked
D/Ulp_jni ( 1025): Location CB invoked
D/Ulp_jni ( 1025): Location CB invoked
D/Ulp_jni ( 1025): Location CB invoked
V/AlarmManager( 1025): sending alarm Alarm{436cf4c0 type 3 android}
D/MtpServer(18306): path: /storage/emulated/0/Download/GiftMe-release.apk parent: 8 storageID: 00010001
D/Ulp_jni ( 1025): Location CB invoked
V/AlarmManager( 1025): sending alarm Alarm{436cc518 type 3 com.devexpert.weather}
I/ActivityManager( 1025): Process com.devexpert.weather (pid 20965) has died.
D/Ulp_jni ( 1025): Location CB invoked
D/Ulp_jni ( 1025): Location CB invoked
D/Ulp_jni ( 1025): Location CB invoked
I/AonLTInterfaceService( 1295): AodLT package version: 1000000
I/PowerManagerService( 1025): Waking up from sleep...
I/AonLTInterfaceService( 1295): AodLT package version: 1000000
V/KeyguardServiceDelegate( 1025): onScreenTurnedOn(showListener = com.android.internal.policy.impl.PhoneWindowManager$20@42a2c798)
D/KeyguardHostView( 1119): showSecurityScreen(None)
D/KeyguardHostView( 1119): getSecurityView(None)
E/Sensors ( 1025): CT406 set ALS poll interval: 1000
D/SurfaceFlinger(  274): Screen acquired, type=0 flinger=0xb769f450
D/qdhwcomposer(  274): hwc_blank: Unblanking display: 0
D/WifiStateMachine( 1025): handleScreenStateChanged: true
D/WifiStateMachine( 1025): handleMessage: E msg.what=131154
D/WifiStateMachine( 1025): processMsg: ConnectedState
D/WifiStateMachine( 1025): processMsg: L2ConnectedState
D/WifiStateMachine( 1025): handleMessage: X
D/WifiStateMachine( 1025): handleMessage: E msg.what=131163
D/WifiStateMachine( 1025): processMsg: ConnectedState
D/WifiStateMachine( 1025): processMsg: L2ConnectedState
D/WifiStateMachine( 1025): processMsg: ConnectModeState
D/WifiStateMachine( 1025): processMsg: DriverStartedState
D/WifiStateMachine( 1025): processMsg: SupplicantStartedState
D/WifiStateMachine( 1025): processMsg: DefaultState
D/WifiStateMachine( 1025): handleMessage: X
D/WifiStateMachine( 1025): handleMessage: E msg.what=131127
D/WifiStateMachine( 1025): processMsg: ConnectedState
D/WifiStateMachine( 1025): processMsg: L2ConnectedState
D/WifiStateMachine( 1025): processMsg: ConnectModeState
D/WifiStateMachine( 1025): handleMessage: X
D/WifiStateMachine( 1025): handleMessage: E msg.what=131158
D/WifiStateMachine( 1025): processMsg: ConnectedState
D/WifiStateMachine( 1025): processMsg: L2ConnectedState
D/WifiStateMachine( 1025): processMsg: ConnectModeState
D/WifiStateMachine( 1025): processMsg: DriverStartedState
D/WifiStateMachine( 1025): setSuspendOptimizationsNative: 4 false
D/WifiStateMachine( 1025): handleMessage: X
I/AonLTInterfaceService( 1295): AodLT package version: 1000000
D/WifiStateMachine( 1025): handleMessage: E msg.what=151572
D/WifiStateMachine( 1025): processMsg: ConnectedState
D/WifiStateMachine( 1025): processMsg: L2ConnectedState
V/KeyguardServiceDelegate( 1025): **** SHOWN CALLED ****
I/WindowManager( 1025): Lock screen displayed!
D/DisplayPowerController( 1025): Unblocked screen on after 1517202167 ms
I/SBar.NetworkController( 1119): refreshSignalCluster: wifi: mWifiConnected=true Wifi=zz_moto_stat_sys_wifi_signal_4_fully_wide Activity=zz_moto_stat_sys_wifi_inout_wide in=false out=false Accessibility="Wi-Fi signal full."
I/SBar.NetworkController( 1119): refreshSignalCluster: mobile: Signal=zz_moto_stat_sys_signal_3_fully_wide Roaming=(none) mSimIconId=(none) Accessibility="Phone three bars.","Not roaming.",""
I/SBar.NetworkController( 1119): refreshSignalCluster: mobile: mHasMobileDataFeature=true DataTypeShown=(none) Activity=(none) in=false out=false Accessibility="3G"
D/WifiStateMachine( 1025): handleMessage: X
D/qdhwcomposer(  274): hwc_blank: Done unblanking display: 0
D/SurfaceControl( 1025): Excessive delay in unblankDisplay() while turning screen on: 193ms
I/SFPerfTracer(  274):      triggers: (rate: 1116:446493) (339450 sw vsyncs) (1044958 skipped) (0:3314739 vsyncs) (133:4154021)
D/Sensors ( 1025): AccelerationSensor: Set Sensors state 0x1
D/Sensors ( 1025): AccelerationSensor: set delay 20
D/Sensors ( 1025): AccelerationSensor: set delay 200
D/audio_hw_primary(  277): adev_set_parameters: enter: screen_state=on
V/msm8974_platform(  277): platform_set_parameters: enter: screen_state=on
V/msm8974_platform(  277): platform_set_parameters: exit with code(-2)
E/audio_a2dp_hw(  277): adev_set_parameters: ERROR: set param called even when stream out is null
D/Ulp_jni ( 1025): JNI:system_update. Event-0
F/ProcessStats( 1025): Starting service ServiceState{42c48c08 com.whatsapp.messaging.MessageService pkg=com.whatsapp proc=42c48c08} without owner
F/ProcessStats( 1025): Starting service ServiceState{42a4cec0 com.facebook.push.mqtt.service.MqttPushService pkg=com.facebook.katana proc=42a4cec0} without owner
F/ProcessStats( 1025): Starting service ServiceState{428fdff0 com.facebook.push.mqtt.service.MqttPushService pkg=com.facebook.orca proc=428fdff0} without owner
D/CordovaActivity(19850): Resuming the App
W/ContextImpl( 1295): Calling a method in the system process without a qualified user: android.app.ContextImpl.sendBroadcast:1252 android.content.ContextWrapper.sendBroadcast:365 com.motorola.motocare.util.TriggerHelper$TriggerBuilder.send:76 com.motorola.motocare.internal.frameworkevents.PauseResumeTrigger.handleFrameworkEvent:53 com.motorola.motocare.internal.frameworkevents.FwEventMonitor$FrameworkListener.processFrameworkEvent:114 
D/3CDM.DeviceAdminPushReceiver(18647): Received an Intent - Action: android.intent.action.USER_PRESENT
D/3CDM.DeviceAdminPushReceiver(18647): Type: null
D/3CDM.DeviceAdminPushReceiver(18647): Data: null
I/ActivityManager( 1025): Start proc com.facebook.katana for content provider com.facebook.katana/.provider.AttributionIdProvider: pid=21030 uid=10110 gids={50110, 1028, 1015, 3003}
D/PhoneStatusBar( 1119): disable: < expand icons alerts ticker system_info back* home* recent* clock* search >
D/3CDM.Service(18647): android.intent.action.USER_PRESENT
D/3CDM.Service(18647): Phone was locked and now it is unlocked now.
I/SFPerfTracer(  274):       trigger: frame rate (-34.201%)	(39.479 fps)	(25.330 ms) 	(6 drops)	(20 frames)
I/SFPerfTracer(  274):      triggers: (rate: 1250:49593) (compose: 0:251) (post: 0:20) (render: 84:10545) (20:779104 frames) (21:3296226)
D/SFPerfTracer(  274):        layers: (4:11) (DimLayer: 0:158)* (DimLayer: 0:126)* (FocusedStackFrame: 0:21460)* (StatusBar: 1:263494) (NavigationBar: 1:202150) (DimLayer: 0:24283)* (DimLayer: 0:4662)* (com.android.wallpaper.fall.FallWallpaper: 7:9261) (co.giftmeapp.gift_me/co.giftmeapp.gift_me.GiftMe: 0:270)* (ElectronBeam: 0:26)* (Keyguard: 18:23) 
I/ActivityManager( 1025): Start proc com.linkedin.android for broadcast com.linkedin.android/.appwidget.ResponsiveWidgetService$ActiveUserListener: pid=21049 uid=10123 gids={50123, 3003, 1028, 1015}
W/InputMethodManagerService( 1025): Window already focused, ignoring focus gain of: com.android.internal.view.IInputMethodClient$Stub$Proxy@4200f588 attribute=android.view.inputmethod.EditorInfo@42c151e8, token = android.os.BinderProxy@43852858
D/UsbDeviceManager( 1025): MSG_USER_PRESENT
V/PhoneStatusBar( 1119): setLightsOn(true)
W/dalvikvm(21030): VFY: unable to resolve static field 29078 (a) in Lcom/facebook/katana/app/WorkAppTypes;
D/dalvikvm(21030): VFY: replacing opcode 0x62 at 0x0013
W/dalvikvm(21030): VFY: unable to resolve static field 29079 (b) in Lcom/facebook/katana/app/WorkAppTypes;
D/dalvikvm(21030): VFY: replacing opcode 0x62 at 0x001d
E/dalvikvm(21030): Could not find class 'com.facebook.katana.app.WallpaperFacebookApplicationImpl', referenced from method com.facebook.katana.app.FacebookApplication.a
W/dalvikvm(21030): VFY: unable to resolve new-instance 379 (Lcom/facebook/katana/app/WallpaperFacebookApplicationImpl;) in Lcom/facebook/katana/app/FacebookApplication;
D/dalvikvm(21030): VFY: replacing opcode 0x22 at 0x00a9
D/dalvikvm(21030): DexOpt: unable to opt direct call 0x055f at 0xab in Lcom/facebook/katana/app/FacebookApplication;.a
D/WifiStateMachine( 1025): handleMessage: E msg.what=151572
D/WifiStateMachine( 1025): processMsg: ConnectedState
D/WifiStateMachine( 1025): processMsg: L2ConnectedState
D/WifiStateMachine( 1025): handleMessage: X
D/CatchMeIfYouCan(21030): Process (<default>) ca: '/data/user/0/com.facebook.katana/app_cmiyc/A1657CCD543F12E66E587EE52ED9D802E22AAC4701'
D/CatchMeIfYouCan(21030): Process (<default>) fc: '/data/user/0/com.facebook.katana/app_cmiyc/A1657CCD543F12E66E587EE52ED9D802E22AAC4702'
D/CatchMeIfYouCan(21030): Process (<default>) cp: '('default', 3, 120000, silent [true], restart [false], logout [false])'
D/ACRA    (21030): ACRA is enabled for com.facebook.katana, intializing...
D/ACRA    (21030): Looking for error files in /data/user/0/com.facebook.katana/app_acra-reports
D/ACRA    (21030): Looking for error files in /data/user/0/com.facebook.katana/app_minidumps
D/dalvikvm(21030): Trying to load lib /data/app-lib/com.facebook.katana-1/libgnustl_shared.so 0x41fba708
D/dalvikvm(21030): Added shared lib /data/app-lib/com.facebook.katana-1/libgnustl_shared.so 0x41fba708
D/dalvikvm(21030): No JNI_OnLoad found in /data/app-lib/com.facebook.katana-1/libgnustl_shared.so 0x41fba708, skipping init
D/dalvikvm(21030): Trying to load lib /data/app-lib/com.facebook.katana-1/libfb_breakpad_client.so 0x41fba708
D/dalvikvm(21030): Added shared lib /data/app-lib/com.facebook.katana-1/libfb_breakpad_client.so 0x41fba708
D/dalvikvm(21030): Trying to load lib /data/app-lib/com.facebook.katana-1/libfb_dalvik-internals.so 0x41fba708
D/dalvikvm(21030): Added shared lib /data/app-lib/com.facebook.katana-1/libfb_dalvik-internals.so 0x41fba708
V/DexLibLoader(21030): about to lock: /data/user/0/com.facebook.katana/mdex_lock
V/DexLibLoader(21030): locking /data/user/0/com.facebook.katana/mdex_lock took 1 ms
V/DexLibLoader(21030): Secondary program dex metadata: secondary-1.dex.jar.xz 15ef54b77950d1e6c1cbc3342a20571a9fd8050d secondary.dex01.Canary
V/DexLibLoader(21030): Secondary program dex metadata: secondary-2.dex.jar.xz 14bcaeed5ad488eaf139a59d22cf00efbde5948b secondary.dex02.Canary
V/DexLibLoader(21030): Secondary program dex metadata: secondary-3.dex.jar.xz e8acf246c92474061a3e0f7dafec5559e33da2c5 secondary.dex03.Canary
V/DexLibLoader(21030): Secondary program dex metadata: secondary-4.dex.jar.xz 1d7a13e77be07efb41a2c80160a9aec6fff27ad1 secondary.dex04.Canary
V/DexLibLoader(21030): Secondary program dex metadata: secondary-5.dex.jar.xz 42761fa3dedc1f1a9503bece4f2db80adf01f775 secondary.dex05.Canary
V/DexLibLoader(21030): Secondary program dex metadata: secondary-6.dex.jar.xz 1b4455e1ba1ff38a86723e24cd334fa1062519f1 secondary.dex06.Canary
V/DexLibLoader(21030): Secondary program dex metadata: secondary-7.dex.jar.xz a54de6ef97459e1e5b5c8f874a889a38965d3446 secondary.dex07.Canary
V/DexLibLoader(21030): directory "/data/user/0/com.facebook.katana/app_secondary_program_dex" contains "program-15ef54b77950d1e6c1cbc3342a20571a9fd8050d6661a1c7.dex.jar" as expected
V/DexLibLoader(21030): directory "/data/user/0/com.facebook.katana/app_secondary_program_dex" contains "program-14bcaeed5ad488eaf139a59d22cf00efbde5948b6661a1c7.dex.jar" as expected
V/DexLibLoader(21030): directory "/data/user/0/com.facebook.katana/app_secondary_program_dex" contains "program-e8acf246c92474061a3e0f7dafec5559e33da2c56661a1c7.dex.jar" as expected
V/DexLibLoader(21030): directory "/data/user/0/com.facebook.katana/app_secondary_program_dex" contains "program-1d7a13e77be07efb41a2c80160a9aec6fff27ad16661a1c7.dex.jar" as expected
V/DexLibLoader(21030): directory "/data/user/0/com.facebook.katana/app_secondary_program_dex" contains "program-42761fa3dedc1f1a9503bece4f2db80adf01f7756661a1c7.dex.jar" as expected
V/DexLibLoader(21030): directory "/data/user/0/com.facebook.katana/app_secondary_program_dex" contains "program-1b4455e1ba1ff38a86723e24cd334fa1062519f16661a1c7.dex.jar" as expected
V/DexLibLoader(21030): directory "/data/user/0/com.facebook.katana/app_secondary_program_dex" contains "program-a54de6ef97459e1e5b5c8f874a889a38965d34466661a1c7.dex.jar" as expected
D/DexLibLoader(21030): ignoring file "program-15ef54b77950d1e6c1cbc3342a20571a9fd8050d6661a1c7.dex.odex" in "/data/user/0/com.facebook.katana/app_secondary_program_dex"
D/DexLibLoader(21030): ignoring file "program-14bcaeed5ad488eaf139a59d22cf00efbde5948b6661a1c7.dex.odex" in "/data/user/0/com.facebook.katana/app_secondary_program_dex"
D/DexLibLoader(21030): ignoring file "program-e8acf246c92474061a3e0f7dafec5559e33da2c56661a1c7.dex.odex" in "/data/user/0/com.facebook.katana/app_secondary_program_dex"
D/DexLibLoader(21030): ignoring file "program-1d7a13e77be07efb41a2c80160a9aec6fff27ad16661a1c7.dex.odex" in "/data/user/0/com.facebook.katana/app_secondary_program_dex"
D/DexLibLoader(21030): ignoring file "program-42761fa3dedc1f1a9503bece4f2db80adf01f7756661a1c7.dex.odex" in "/data/user/0/com.facebook.katana/app_secondary_program_dex"
D/DexLibLoader(21030): ignoring file "program-1b4455e1ba1ff38a86723e24cd334fa1062519f16661a1c7.dex.odex" in "/data/user/0/com.facebook.katana/app_secondary_program_dex"
D/DexLibLoader(21030): ignoring file "program-a54de6ef97459e1e5b5c8f874a889a38965d34466661a1c7.dex.odex" in "/data/user/0/com.facebook.katana/app_secondary_program_dex"
D/DexLibLoader(21030): directory "/data/user/0/com.facebook.katana/app_secondary_program_dex" is valid
D/DexLibLoader(21030): ignoring file "primary_deps" in "/data/user/0/com.facebook.katana/app_secondary_program_dex_opt"
V/DexLibLoader(21030): directory "/data/user/0/com.facebook.katana/app_secondary_program_dex_opt" contains "program-15ef54b77950d1e6c1cbc3342a20571a9fd8050d6661a1c7.dex.dex" as expected
V/DexLibLoader(21030): directory "/data/user/0/com.facebook.katana/app_secondary_program_dex_opt" contains "program-14bcaeed5ad488eaf139a59d22cf00efbde5948b6661a1c7.dex.dex" as expected
V/DexLibLoader(21030): directory "/data/user/0/com.facebook.katana/app_secondary_program_dex_opt" contains "program-e8acf246c92474061a3e0f7dafec5559e33da2c56661a1c7.dex.dex" as expected
V/DexLibLoader(21030): directory "/data/user/0/com.facebook.katana/app_secondary_program_dex_opt" contains "program-1d7a13e77be07efb41a2c80160a9aec6fff27ad16661a1c7.dex.dex" as expected
V/DexLibLoader(21030): directory "/data/user/0/com.facebook.katana/app_secondary_program_dex_opt" contains "program-42761fa3dedc1f1a9503bece4f2db80adf01f7756661a1c7.dex.dex" as expected
V/DexLibLoader(21030): directory "/data/user/0/com.facebook.katana/app_secondary_program_dex_opt" contains "program-1b4455e1ba1ff38a86723e24cd334fa1062519f16661a1c7.dex.dex" as expected
V/DexLibLoader(21030): directory "/data/user/0/com.facebook.katana/app_secondary_program_dex_opt" contains "program-a54de6ef97459e1e5b5c8f874a889a38965d34466661a1c7.dex.dex" as expected
D/DexLibLoader(21030): directory "/data/user/0/com.facebook.katana/app_secondary_program_dex_opt" is valid
D/DexLibLoader(21030): loading pre-built cross-dex opt odex files
V/dalvik-internals(21030): hooked dvmResolveClass using jump ()
V/dalvik-internals(21030): hooked dvmFlushBreakpoints using jump ()
V/MultiDexClassLoader(21030): installing MultiDexClassLoader before application classloader
I/dalvikvm(21030): Could not find method dalvik.system.DexFile.loadClassBinaryName, referenced from method com.facebook.common.dextricks.DexFileLoadOld.a
W/dalvikvm(21030): VFY: unable to resolve virtual method 2073: Ldalvik/system/DexFile;.loadClassBinaryName (Ljava/lang/String;Ljava/lang/ClassLoader;)Ljava/lang/Class;
D/dalvikvm(21030): VFY: replacing opcode 0x6e at 0x0000
D/perfTimingLib(21049): logTimeStamp for linkedin_android_app_oncreate_time
D/DexLibLoader(21030): released odex store lock
D/DexLibLoader(21030): DexLibLoader.loadAll took 130 ms
D/MemoryReductionHack(21030): Marked as initialized entry corresponding to path /data/app/com.facebook.katana-1.apk
D/GcOptimizer(21030): Enabled
V/dalvik-internals(21030): hooked dvmLinearAlloc using jump ()
V/dalvik-internals(21030): hooked dvmLinearRealloc using jump ()
V/dalvik-internals(21030): hooked dvmLinearFree using jump ()
V/dalvik-internals(21030): hooked dvmLinearStrdup using jump ()
V/dalvik-internals(21030): hooked dvmLinearAllocContains using jump ()
I/dalvik-internals(21030): enlarged linearalloc buffer to 33554432 bytes
I/LiConfigParser(21049): Avail updated for feature [bluesteel_profile_easter] to:true
I/LiConfigParser(21049): Avail updated for feature [bluesteel_profile_caching] to:true
I/LiConfigParser(21049): Avail updated for feature [bluesteel_profile_background_animation] to:true
I/DefaultLiHttpClient(21049): Current retry config is:UseLiExceptionRetry
I/PersistentCookieStore(21049): Get Persistent Cookie Store
I/PersistentCookieStore(21049): mInstance == null. init mInstance
I/PersistentCookieStore(21049): no migration
I/MobileClient(21049): Mobile server: https://touch.www.linkedin.com
V/WebViewChromiumFactoryProvider(21049): Binding Chromium to main looper Looper (main, tid 1) {41faa908}
I/LibraryLoader(21049): Expected native library version number "",actual native library version number ""
I/chromium(21049): [INFO:library_loader_hooks.cc(116)] Chromium logging enabled: level = 0, default verbosity = 0
I/BrowserStartupController(21049): Initializing chromium process, renderers=0
E/AudioManagerAndroid(21049): BLUETOOTH permission is missing!
I/Adreno-EGL(21049): <qeglDrvAPI_eglInitialize:410>: EGL 1.4 QUALCOMM build: AU_LINUX_ANDROID_LNX.LA.3.5.1_RB1.04.04.02.048.018_msm8226_LNX.LA.3.5.1_RB1__release_AU ()
I/Adreno-EGL(21049): OpenGL ES Shader Compiler Version: E031.24.00.08
I/Adreno-EGL(21049): Build Date: 03/07/14 Fri
I/Adreno-EGL(21049): Local Branch: 
I/Adreno-EGL(21049): Remote Branch: quic/LNX.LA.3.5.1_RB1.1
I/Adreno-EGL(21049): Local Patches: NONE
I/Adreno-EGL(21049): Reconstruct Branch: AU_LINUX_ANDROID_LNX.LA.3.5.1_RB1.04.04.02.048.018 + f2fd134 +  NOTHING
W/chromium(21049): [WARNING:proxy_service.cc(890)] PAC support disabled because there is no system implementation
