W/ContextImpl( 1295): Calling a method in the system process without a qualified user: android.app.ContextImpl.startService:1608 android.content.ContextWrapper.startService:494 android.content.ContextWrapper.startService:494 com.motorola.motocare.internal.batterystats.BatteryStatsAction.onReceive:33 android.app.ActivityThread.handleReceiver:2434 
V/AlarmManager( 1025): sending alarm Alarm{42c86400 type 3 android}
V/AlarmManager( 1025): sending alarm Alarm{42c844b8 type 2 com.android.keyguard}
W/ContextImpl( 1295): Calling a method in the system process without a qualified user: android.app.ContextImpl.sendBroadcast:1252 android.content.ContextWrapper.sendBroadcast:365 com.motorola.motocare.util.TriggerHelper$TriggerBuilder.send:76 com.motorola.motocare.internal.frameworkevents.ProcessKillTrigger.sendTrigger:147 com.motorola.motocare.internal.frameworkevents.ProcessKillTrigger.handleLmkKill:337 
W/ContextImpl( 1295): Calling a method in the system process without a qualified user: android.app.ContextImpl.sendBroadcast:1252 android.content.ContextWrapper.sendBroadcast:365 com.motorola.motocare.util.TriggerHelper$TriggerBuilder.send:76 com.motorola.motocare.internal.frameworkevents.ProcessKillTrigger.sendTrigger:147 com.motorola.motocare.internal.frameworkevents.ProcessKillTrigger.handleLmkKill:337 
W/ContextImpl( 1295): Calling a method in the system process without a qualified user: android.app.ContextImpl.sendBroadcast:1252 android.content.ContextWrapper.sendBroadcast:365 com.motorola.motocare.util.TriggerHelper$TriggerBuilder.send:76 com.motorola.motocare.internal.frameworkevents.ProcessKillTrigger.sendTrigger:147 com.motorola.motocare.internal.frameworkevents.ProcessKillTrigger.handleLmkKill:337 
W/ContextImpl( 1295): Calling a method in the system process without a qualified user: android.app.ContextImpl.sendBroadcast:1252 android.content.ContextWrapper.sendBroadcast:365 com.motorola.motocare.util.TriggerHelper$TriggerBuilder.send:76 com.motorola.motocare.internal.frameworkevents.ProcessKillTrigger.sendTrigger:147 com.motorola.motocare.internal.frameworkevents.ProcessKillTrigger.handleLmkKill:337 
W/ContextImpl( 1295): Calling a method in the system process without a qualified user: android.app.ContextImpl.sendBroadcast:1252 android.content.ContextWrapper.sendBroadcast:365 com.motorola.motocare.util.TriggerHelper$TriggerBuilder.send:76 com.motorola.motocare.internal.frameworkevents.ProcessKillTrigger.sendTrigger:147 com.motorola.motocare.internal.frameworkevents.ProcessKillTrigger.handleLmkKill:337 
W/ContextImpl( 1295): Calling a method in the system process without a qualified user: android.app.ContextImpl.sendBroadcast:1252 android.content.ContextWrapper.sendBroadcast:365 com.motorola.motocare.util.TriggerHelper$TriggerBuilder.send:76 com.motorola.motocare.internal.frameworkevents.ProcessKillTrigger.sendTrigger:147 com.motorola.motocare.internal.frameworkevents.ProcessKillTrigger.handleLmkKill:337 
W/ContextImpl( 1295): Calling a method in the system process without a qualified user: android.app.ContextImpl.sendBroadcast:1252 android.content.ContextWrapper.sendBroadcast:365 com.motorola.motocare.util.TriggerHelper$TriggerBuilder.send:76 com.motorola.motocare.internal.frameworkevents.ProcessKillTrigger.sendTrigger:147 com.motorola.motocare.internal.frameworkevents.ProcessKillTrigger.handleLmkKill:337 
W/ContextImpl( 1295): Calling a method in the system process without a qualified user: android.app.ContextImpl.sendBroadcast:1252 android.content.ContextWrapper.sendBroadcast:365 com.motorola.motocare.util.TriggerHelper$TriggerBuilder.send:76 com.motorola.motocare.internal.frameworkevents.ProcessKillTrigger.sendTrigger:147 com.motorola.motocare.internal.frameworkevents.ProcessKillTrigger.handleLmkKill:337 
W/ContextImpl( 1295): Calling a method in the system process without a qualified user: android.app.ContextImpl.sendBroadcast:1252 android.content.ContextWrapper.sendBroadcast:365 com.motorola.motocare.util.TriggerHelper$TriggerBuilder.send:76 com.motorola.motocare.internal.frameworkevents.ProcessKillTrigger.sendTrigger:147 com.motorola.motocare.internal.frameworkevents.ProcessKillTrigger.handleLmkKill:337 
W/ContextImpl( 1295): Calling a method in the system process without a qualified user: android.app.ContextImpl.sendBroadcast:1252 android.content.ContextWrapper.sendBroadcast:365 com.motorola.motocare.util.TriggerHelper$TriggerBuilder.send:76 com.motorola.motocare.internal.frameworkevents.ProcessKillTrigger.sendTrigger:147 com.motorola.motocare.internal.frameworkevents.ProcessKillTrigger.handleLmkKill:337 
W/ContextImpl( 1295): Calling a method in the system process without a qualified user: android.app.ContextImpl.sendBroadcast:1252 android.content.ContextWrapper.sendBroadcast:365 com.motorola.motocare.util.TriggerHelper$TriggerBuilder.send:76 com.motorola.motocare.internal.frameworkevents.ProcessKillTrigger.sendTrigger:147 com.motorola.motocare.internal.frameworkevents.ProcessKillTrigger.handleLmkKill:337 
W/ContextImpl( 1295): Calling a method in the system process without a qualified user: android.app.ContextImpl.sendBroadcast:1252 android.content.ContextWrapper.sendBroadcast:365 com.motorola.motocare.util.TriggerHelper$TriggerBuilder.send:76 com.motorola.motocare.internal.frameworkevents.ProcessKillTrigger.sendTrigger:147 com.motorola.motocare.internal.frameworkevents.ProcessKillTrigger.handleLmkKill:337 
W/ContextImpl( 1295): Calling a method in the system process without a qualified user: android.app.ContextImpl.sendBroadcast:1252 android.content.ContextWrapper.sendBroadcast:365 com.motorola.motocare.util.TriggerHelper$TriggerBuilder.send:76 com.motorola.motocare.internal.frameworkevents.ProcessKillTrigger.sendTrigger:147 com.motorola.motocare.internal.frameworkevents.ProcessKillTrigger.handleLmkKill:337 
W/ContextImpl( 1295): Calling a method in the system process without a qualified user: android.app.ContextImpl.sendBroadcast:1252 android.content.ContextWrapper.sendBroadcast:365 com.motorola.motocare.util.TriggerHelper$TriggerBuilder.send:76 com.motorola.motocare.internal.frameworkevents.ProcessKillTrigger.sendTrigger:147 com.motorola.motocare.internal.frameworkevents.ProcessKillTrigger.handleLmkKill:337 
W/ContextImpl( 1295): Calling a method in the system process without a qualified user: android.app.ContextImpl.sendBroadcast:1252 android.content.ContextWrapper.sendBroadcast:365 com.motorola.motocare.util.TriggerHelper$TriggerBuilder.send:76 com.motorola.motocare.internal.frameworkevents.ProcessKillTrigger.sendTrigger:147 com.motorola.motocare.internal.frameworkevents.ProcessKillTrigger.handleLmkKill:337 
W/ContextImpl( 1295): Calling a method in the system process without a qualified user: android.app.ContextImpl.sendBroadcast:1252 android.content.ContextWrapper.sendBroadcast:365 com.motorola.motocare.util.TriggerHelper$TriggerBuilder.send:76 com.motorola.motocare.internal.frameworkevents.ProcessKillTrigger.sendTrigger:147 com.motorola.motocare.internal.frameworkevents.ProcessKillTrigger.handleLmkKill:337 
W/ContextImpl( 1295): Calling a method in the system process without a qualified user: android.app.ContextImpl.sendBroadcast:1252 android.content.ContextWrapper.sendBroadcast:365 com.motorola.motocare.util.TriggerHelper$TriggerBuilder.send:76 com.motorola.motocare.internal.frameworkevents.ProcessKillTrigger.sendTrigger:147 com.motorola.motocare.internal.frameworkevents.ProcessKillTrigger.handleLmkKill:337 
W/ContextImpl( 1295): Calling a method in the system process without a qualified user: android.app.ContextImpl.sendBroadcast:1252 android.content.ContextWrapper.sendBroadcast:365 com.motorola.motocare.util.TriggerHelper$TriggerBuilder.send:76 com.motorola.motocare.internal.frameworkevents.ProcessKillTrigger.sendTrigger:147 com.motorola.motocare.internal.frameworkevents.ProcessKillTrigger.handleLmkKill:337 
W/ContextImpl( 1295): Calling a method in the system process without a qualified user: android.app.ContextImpl.sendBroadcast:1252 android.content.ContextWrapper.sendBroadcast:365 com.motorola.motocare.util.TriggerHelper$TriggerBuilder.send:76 com.motorola.motocare.internal.frameworkevents.ProcessKillTrigger.sendTrigger:147 com.motorola.motocare.internal.frameworkevents.ProcessKillTrigger.handleLmkKill:337 
W/ContextImpl( 1295): Calling a method in the system process without a qualified user: android.app.ContextImpl.sendBroadcast:1252 android.content.ContextWrapper.sendBroadcast:365 com.motorola.motocare.util.TriggerHelper$TriggerBuilder.send:76 com.motorola.motocare.internal.frameworkevents.ProcessKillTrigger.sendTrigger:147 com.motorola.motocare.internal.frameworkevents.ProcessKillTrigger.handleLmkKill:337 
W/ContextImpl( 1295): Calling a method in the system process without a qualified user: android.app.ContextImpl.sendBroadcast:1252 android.content.ContextWrapper.sendBroadcast:365 com.motorola.motocare.util.TriggerHelper$TriggerBuilder.send:76 com.motorola.motocare.internal.frameworkevents.ProcessKillTrigger.sendTrigger:147 com.motorola.motocare.internal.frameworkevents.ProcessKillTrigger.handleLmkKill:337 
W/ContextImpl( 1295): Calling a method in the system process without a qualified user: android.app.ContextImpl.sendBroadcast:1252 android.content.ContextWrapper.sendBroadcast:365 com.motorola.motocare.util.TriggerHelper$TriggerBuilder.send:76 com.motorola.motocare.internal.frameworkevents.ProcessKillTrigger.sendTrigger:147 com.motorola.motocare.internal.frameworkevents.ProcessKillTrigger.handleLmkKill:337 
W/ContextImpl( 1295): Calling a method in the system process without a qualified user: android.app.ContextImpl.sendBroadcast:1252 android.content.ContextWrapper.sendBroadcast:365 com.motorola.motocare.util.TriggerHelper$TriggerBuilder.send:76 com.motorola.motocare.internal.frameworkevents.ProcessKillTrigger.sendTrigger:147 com.motorola.motocare.internal.frameworkevents.ProcessKillTrigger.handleLmkKill:337 
W/ContextImpl( 1295): Calling a method in the system process without a qualified user: android.app.ContextImpl.sendBroadcast:1252 android.content.ContextWrapper.sendBroadcast:365 com.motorola.motocare.util.TriggerHelper$TriggerBuilder.send:76 com.motorola.motocare.internal.frameworkevents.ProcessKillTrigger.sendTrigger:147 com.motorola.motocare.internal.frameworkevents.ProcessKillTrigger.handleLmkKill:337 
W/ContextImpl( 1295): Calling a method in the system process without a qualified user: android.app.ContextImpl.sendBroadcast:1252 android.content.ContextWrapper.sendBroadcast:365 com.motorola.motocare.util.TriggerHelper$TriggerBuilder.send:76 com.motorola.motocare.internal.frameworkevents.ProcessKillTrigger.sendTrigger:147 com.motorola.motocare.internal.frameworkevents.ProcessKillTrigger.handleLmkKill:337 
V/AlarmManager( 1025): sending alarm Alarm{42c82960 type 3 com.devexpert.weather}
V/AlarmManager( 1025): sending alarm Alarm{42c81310 type 2 com.google.android.gms}
I/ActivityManager( 1025): Start proc com.devexpert.weather for broadcast com.devexpert.weather/.view.WidgetWeather2x1: pid=12148 uid=10112 gids={50112, 3003, 1028, 1015}
V/AlarmManager( 1025): sending alarm Alarm{42a66838 type 3 android}
V/AlarmManager( 1025): sending alarm Alarm{42a5bbd0 type 1 com.android.deskclock}
I/ActivityManager( 1025): Start proc com.android.deskclock for broadcast com.android.deskclock/com.android.alarmclock.DigitalAppWidgetProvider: pid=12171 uid=10015 gids={50015, 1028}
V/AlarmManager( 1025): sending alarm Alarm{42a57210 type 3 com.devexpert.weather}
V/AlarmManager( 1025): sending alarm Alarm{42a50050 type 2 com.google.android.gms}
V/AlarmManager( 1025): sending alarm Alarm{42a4f408 type 1 com.touchtype.swiftkey}
V/AlarmManager( 1025): sending alarm Alarm{42245940 type 3 android}
V/AlarmManager( 1025): sending alarm Alarm{42804300 type 3 com.devexpert.weather}
W/BroadcastQueue( 1025): Permission Denial: receiving Intent { act=android.intent.action.PHONE_STATE flg=0x10 (has extras) } to ProcessRecord{43a88a58 1221:co.giftmeapp.gift_me/u0a155} (pid=1221, uid=10155) requires android.permission.READ_PHONE_STATE due to sender android (uid 1001)
I/ActivityManager( 1025): Start proc com.google.android.talk for broadcast com.google.android.talk/com.google.android.apps.hangouts.phone.PhoneStateReceiver: pid=12217 uid=10071 gids={50071, 3003, 1028, 1015, 3002}
I/ActivityManager( 1025): Start proc android.process.acore for content provider com.android.providers.contacts/.ContactsProvider2: pid=12238 uid=10010 gids={50010, 3003, 1028, 1015, 1023}
W/AppOps  ( 1025): Bad call: specified package qcamera under uid 1013 but it is really -1
W/AppOps  ( 1025): Bad call: specified package qcamera under uid 1013 but it is really -1
W/AppOps  ( 1025): Bad call: specified package qcamera under uid 1013 but it is really -1
I/PackageManager( 1025): Adding preferred activity ComponentInfo{com.android.mms/com.android.mms.ui.ComposeMessageActivity} for user 0 :
W/AppOps  ( 1025): Bad call: specified package qcamera under uid 1013 but it is really -1
I/PackageManager( 1025): Adding preferred activity ComponentInfo{com.android.mms/com.android.mms.ui.ComposeMessageActivity} for user 0 :
I/PackageManager( 1025): Adding preferred activity ComponentInfo{com.android.mms/com.android.mms.ui.ComposeMessageActivity} for user 0 :
I/PackageManager( 1025): Adding preferred activity ComponentInfo{com.android.mms/com.android.mms.ui.ComposeMessageActivity} for user 0 :
I/ActivityManager( 1025): Start proc com.android.incallui for service com.android.dialer/com.android.incallui.CallHandlerService: pid=12275 uid=10017 gids={50017, 3003, 1028, 1015, 1023}
F/ProcessStats( 1025): Starting service ServiceState{42c48c08 com.whatsapp.messaging.MessageService pkg=com.whatsapp proc=42c48c08} without owner
F/ProcessStats( 1025): Starting service ServiceState{43399718 com.paypal.android.p2pmobile.services.AtoService pkg=com.paypal.android.p2pmobile proc=43399718} without owner
F/ProcessStats( 1025): Starting service ServiceState{43231e48 com.paypal.android.p2pmobile.services.WalletService pkg=com.paypal.android.p2pmobile proc=43231e48} without owner
F/ProcessStats( 1025): Starting service ServiceState{42a4cec0 com.facebook.push.mqtt.service.MqttPushService pkg=com.facebook.katana proc=42a4cec0} without owner
F/ProcessStats( 1025): Starting service ServiceState{428fdff0 com.facebook.push.mqtt.service.MqttPushService pkg=com.facebook.orca proc=428fdff0} without owner
I/ActivityManager( 1025): Process com.android.deskclock (pid 12171) has died.
F/ProcessStats( 1025): Starting service ServiceState{42c48c08 com.whatsapp.messaging.MessageService pkg=com.whatsapp proc=42c48c08} without owner
F/ProcessStats( 1025): Starting service ServiceState{43399718 com.paypal.android.p2pmobile.services.AtoService pkg=com.paypal.android.p2pmobile proc=43399718} without owner
F/ProcessStats( 1025): Starting service ServiceState{43231e48 com.paypal.android.p2pmobile.services.WalletService pkg=com.paypal.android.p2pmobile proc=43231e48} without owner
F/ProcessStats( 1025): Starting service ServiceState{42a4cec0 com.facebook.push.mqtt.service.MqttPushService pkg=com.facebook.katana proc=42a4cec0} without owner
F/ProcessStats( 1025): Starting service ServiceState{428fdff0 com.facebook.push.mqtt.service.MqttPushService pkg=com.facebook.orca proc=428fdff0} without owner
I/ActivityManager( 1025): START u0 {act=android.intent.action.MAIN flg=0x10840000 cmp=com.android.dialer/com.android.incallui.InCallActivity} from pid -1
W/WindowManager( 1025): Not okToDisplay, so not showing Starting Window
F/ProcessStats( 1025): Starting service ServiceState{42c48c08 com.whatsapp.messaging.MessageService pkg=com.whatsapp proc=42c48c08} without owner
F/ProcessStats( 1025): Starting service ServiceState{43399718 com.paypal.android.p2pmobile.services.AtoService pkg=com.paypal.android.p2pmobile proc=43399718} without owner
F/ProcessStats( 1025): Starting service ServiceState{43231e48 com.paypal.android.p2pmobile.services.WalletService pkg=com.paypal.android.p2pmobile proc=43231e48} without owner
F/ProcessStats( 1025): Starting service ServiceState{42a4cec0 com.facebook.push.mqtt.service.MqttPushService pkg=com.facebook.katana proc=42a4cec0} without owner
F/ProcessStats( 1025): Starting service ServiceState{428fdff0 com.facebook.push.mqtt.service.MqttPushService pkg=com.facebook.orca proc=428fdff0} without owner
W/ContextImpl( 1295): Calling a method in the system process without a qualified user: android.app.ContextImpl.sendBroadcast:1252 android.content.ContextWrapper.sendBroadcast:365 com.motorola.motocare.util.TriggerHelper$TriggerBuilder.send:76 com.motorola.motocare.internal.frameworkevents.PauseResumeTrigger.handleFrameworkEvent:53 com.motorola.motocare.internal.frameworkevents.FwEventMonitor$FrameworkListener.processFrameworkEvent:114 
W/ContextImpl( 1295): Calling a method in the system process without a qualified user: android.app.ContextImpl.sendBroadcast:1252 android.content.ContextWrapper.sendBroadcast:365 com.motorola.motocare.util.TriggerHelper$TriggerBuilder.send:76 com.motorola.motocare.internal.frameworkevents.PauseResumeTrigger.handleFrameworkEvent:53 com.motorola.motocare.internal.frameworkevents.FwEventMonitor$FrameworkListener.processFrameworkEvent:114 
I/ActivityManager( 1025): Start proc com.android.contacts for service com.android.contacts/.ViewNotificationService: pid=12296 uid=10010 gids={50010, 3003, 1028, 1015, 1023}
I/LaunchCheckinHandler( 1025): Displayed com.android.dialer/com.android.incallui.InCallActivity,wp,ca,691
I/PowerManagerService( 1025): Waking up from sleep...
F/ProcessStats( 1025): Starting service ServiceState{42c48c08 com.whatsapp.messaging.MessageService pkg=com.whatsapp proc=42c48c08} without owner
F/ProcessStats( 1025): Starting service ServiceState{43399718 com.paypal.android.p2pmobile.services.AtoService pkg=com.paypal.android.p2pmobile proc=43399718} without owner
F/ProcessStats( 1025): Starting service ServiceState{43231e48 com.paypal.android.p2pmobile.services.WalletService pkg=com.paypal.android.p2pmobile proc=43231e48} without owner
F/ProcessStats( 1025): Starting service ServiceState{42a4cec0 com.facebook.push.mqtt.service.MqttPushService pkg=com.facebook.katana proc=42a4cec0} without owner
F/ProcessStats( 1025): Starting service ServiceState{428fdff0 com.facebook.push.mqtt.service.MqttPushService pkg=com.facebook.orca proc=428fdff0} without owner
I/WindowManager( 1025): No lock screen! windowToken=android.os.BinderProxy@428626e0
W/ContextImpl( 1295): Calling a method in the system process without a qualified user: android.app.ContextImpl.sendBroadcast:1252 android.content.ContextWrapper.sendBroadcast:365 com.motorola.motocare.util.TriggerHelper$TriggerBuilder.send:76 com.motorola.motocare.internal.frameworkevents.PauseResumeTrigger.handleFrameworkEvent:53 com.motorola.motocare.internal.frameworkevents.FwEventMonitor$FrameworkListener.processFrameworkEvent:114 
D/DisplayPowerController( 1025): Unblocked screen on after 1506299734 ms
I/SFPerfTracer(  274):      triggers: (rate: 1110:445102) (336917 sw vsyncs) (1039311 skipped) (0:3302672 vsyncs) (152:4137031)
I/ActivityManager( 1025): Process com.devexpert.weather (pid 12148) has died.
F/ProcessStats( 1025): Starting service ServiceState{42c48c08 com.whatsapp.messaging.MessageService pkg=com.whatsapp proc=42c48c08} without owner
I/SFPerfTracer(  274):      triggers: (rate: 1243:49317) (compose: 0:251) (post: 0:20) (render: 84:10541) (0:774639 frames) (1:3286768)
D/SFPerfTracer(  274):        layers: (0:12) (DimLayer: 0:158)* (DimLayer: 0:124)* (FocusedStackFrame: 0:21358)* (StatusBar: 1:261947)* (NavigationBar: 1:201688)* (DimLayer: 0:24181)* (DimLayer: 0:4618)* (com.android.wallpaper.fall.FallWallpaper: 0:7364)* (co.giftmeapp.gift_me/co.giftmeapp.gift_me.GiftMe: 0:170)* (ElectronBeam: 0:26)* (Keyguard: 1:6)* (com.android.dialer/com.android.incallui.InCallActivity: 1:5)* 
F/ProcessStats( 1025): Starting service ServiceState{43399718 com.paypal.android.p2pmobile.services.AtoService pkg=com.paypal.android.p2pmobile proc=43399718} without owner
F/ProcessStats( 1025): Starting service ServiceState{43231e48 com.paypal.android.p2pmobile.services.WalletService pkg=com.paypal.android.p2pmobile proc=43231e48} without owner
F/ProcessStats( 1025): Starting service ServiceState{42a4cec0 com.facebook.push.mqtt.service.MqttPushService pkg=com.facebook.katana proc=42a4cec0} without owner
F/ProcessStats( 1025): Starting service ServiceState{428fdff0 com.facebook.push.mqtt.service.MqttPushService pkg=com.facebook.orca proc=428fdff0} without owner
I/ActivityManager( 1025): Process com.google.android.talk (pid 12217) has died.
W/ActivityManager( 1025): Service ServiceRecord{43b889f0 u0 com.google.android.talk/com.google.android.libraries.hangouts.video.CallService} in process ProcessRecord{42904598 12217:com.google.android.talk/u0a71} not same as in map: null
W/BroadcastQueue( 1025): Failure sending broadcast Intent { act=android.intent.action.SCREEN_ON flg=0x50000010 }
W/BroadcastQueue( 1025): android.os.DeadObjectException
W/BroadcastQueue( 1025): 	at android.os.BinderProxy.transact(Native Method)
W/BroadcastQueue( 1025): 	at android.content.IIntentReceiver$Stub$Proxy.performReceive(IIntentReceiver.java:124)
W/BroadcastQueue( 1025): 	at com.android.server.am.BroadcastQueue.performReceiveLocked(BroadcastQueue.java:424)
W/BroadcastQueue( 1025): 	at com.android.server.am.BroadcastQueue.deliverToRegisteredReceiverLocked(BroadcastQueue.java:507)
W/BroadcastQueue( 1025): 	at com.android.server.am.BroadcastQueue.processNextBroadcast(BroadcastQueue.java:714)
W/BroadcastQueue( 1025): 	at com.android.server.am.ActivityManagerService.finishReceiver(ActivityManagerService.java:14032)
W/BroadcastQueue( 1025): 	at android.app.ActivityManagerNative.onTransact(ActivityManagerNative.java:394)
W/BroadcastQueue( 1025): 	at com.android.server.am.ActivityManagerService.onTransact(ActivityManagerService.java:2140)
W/BroadcastQueue( 1025): 	at android.os.Binder.execTransact(Binder.java:404)
W/BroadcastQueue( 1025): 	at dalvik.system.NativeStart.run(Native Method)
D/WifiService( 1025): acquireWifiLockLocked: WifiLock{NlpWifiLock type=2 binder=android.os.BinderProxy@4200ea88}
I/ActivityManager( 1025): Process co.giftmeapp.gift_me (pid 1221) has died.
I/WindowState( 1025): WIN DEATH: Window{41ff3690 u0 co.giftmeapp.gift_me/co.giftmeapp.gift_me.GiftMe}
I/SFPerfTracer(  274):      triggers: (rate: 1243:49317) (compose: 0:251) (post: 0:20) (render: 84:10541) (0:774639 frames) (1:3286868)
D/SFPerfTracer(  274):        layers: (3:10) (DimLayer: 0:158)* (DimLayer: 0:124)* (FocusedStackFrame: 0:21359)* (StatusBar: 0:261950) (NavigationBar: 0:201696) (DimLayer: 0:24181)* (DimLayer: 0:4618)* (com.android.wallpaper.fall.FallWallpaper: 0:7364)* (Keyguard: 0:57)* (com.android.dialer/com.android.incallui.InCallActivity: 1:72) 
V/AlarmManager( 1025): sending alarm Alarm{42ced210 type 3 android}
I/SFPerfTracer(  274):      triggers: (rate: 1110:445102) (336917 sw vsyncs) (1039311 skipped) (116:3302788 vsyncs) (118:4137149)
W/ContextImpl( 1295): Calling a method in the system process without a qualified user: android.app.ContextImpl.startService:1608 android.content.ContextWrapper.startService:494 android.content.ContextWrapper.startService:494 com.motorola.motocare.internal.batterystats.BatteryStatsAction.onReceive:33 android.app.ActivityThread.handleReceiver:2434 
I/ActivityManager( 1025): Start proc com.google.android.talk for broadcast com.google.android.talk/com.google.android.apps.hangouts.phone.PhoneStateReceiver: pid=12352 uid=10071 gids={50071, 3003, 1028, 1015, 3002}
D/UsbDeviceManager( 1025): MSG_USER_PRESENT
W/AppOps  ( 1025): Bad call: specified package qcamera under uid 1013 but it is really -1
I/ActivityManager( 1025): Start proc com.linkedin.android for broadcast com.linkedin.android/.appwidget.ResponsiveWidgetService$ActiveUserListener: pid=12387 uid=10123 gids={50123, 3003, 1028, 1015}
W/AppOps  ( 1025): Bad call: specified package qcamera under uid 1013 but it is really -1
W/AppOps  ( 1025): Bad call: specified package qcamera under uid 1013 but it is really -1
W/AppOps  ( 1025): Bad call: specified package qcamera under uid 1013 but it is really -1
I/SFPerfTracer(  274):      triggers: (rate: 1243:49317) (compose: 0:251) (post: 0:20) (render: 84:10541) (0:774642 frames) (1:3286968)
D/SFPerfTracer(  274):        layers: (3:10) (DimLayer: 0:158)* (DimLayer: 0:124)* (FocusedStackFrame: 0:21359)* (StatusBar: 0:261955) (NavigationBar: 1:201702) (DimLayer: 0:24181)* (DimLayer: 0:4618)* (com.android.wallpaper.fall.FallWallpaper: 0:7364)* (Keyguard: 0:62)* (com.android.dialer/com.android.incallui.InCallActivity: 0:167) 
I/SFPerfTracer(  274):      triggers: (rate: 1110:445102) (336917 sw vsyncs) (1039311 skipped) (74:3302913 vsyncs) (76:4137278)
I/ActivityManager( 1025): Start proc com.distilledmedia.thescore for broadcast com.distilledmedia.thescore/com.parse.ParseBroadcastReceiver: pid=12440 uid=10138 gids={50138, 3003, 1028, 1015}
I/ActivityManager( 1025): Process com.android.contacts (pid 12296) has died.
I/ActivityManager( 1025): Start proc com.devexpert.weather for broadcast com.devexpert.weather/.view.WidgetWeather2x1: pid=12516 uid=10112 gids={50112, 3003, 1028, 1015}
I/ActivityManager( 1025): Process com.linkedin.android (pid 12387) has died.
V/AlarmManager( 1025): sending alarm Alarm{42a48470 type 2 com.google.android.gms}
I/ActivityManager( 1025): Process com.distilledmedia.thescore (pid 12440) has died.
D/WifiService( 1025): releaseWifiLockLocked: WifiLock{NlpWifiLock type=2 binder=android.os.BinderProxy@4200ea88}
V/AlarmManager( 1025): sending alarm Alarm{42a30818 type 3 com.devexpert.weather}
V/AlarmManager( 1025): sending alarm Alarm{42a241a8 type 2 com.whatsapp}
I/SFPerfTracer(  274):      triggers: (rate: 1110:445102) (337092 sw vsyncs) (1039311 skipped) (0:3302913 vsyncs) (174:4137454)
I/PowerManagerService( 1025): Going to sleep by user request...
I/SFPerfTracer(  274):      triggers: (rate: 1243:49321) (compose: 0:251) (post: 0:20) (render: 84:10541) (19:774668 frames) (20:3287087)
D/SFPerfTracer(  274):        layers: (3:9) (DimLayer: 0:158)* (DimLayer: 0:124)* (FocusedStackFrame: 0:21359)* (StatusBar: 1:261986) (NavigationBar: 0:201720) (DimLayer: 0:24181)* (DimLayer: 0:4618)* (com.android.wallpaper.fall.FallWallpaper: 0:7364)* (com.android.dialer/com.android.incallui.InCallActivity: 19:235) 
W/ContextImpl( 1295): Calling a method in the system process without a qualified user: android.app.ContextImpl.sendBroadcast:1252 android.content.ContextWrapper.sendBroadcast:365 com.motorola.motocare.util.TriggerHelper$TriggerBuilder.send:76 com.motorola.motocare.internal.frameworkevents.PauseResumeTrigger.handleFrameworkEvent:53 com.motorola.motocare.internal.frameworkevents.FwEventMonitor$FrameworkListener.processFrameworkEvent:114 
F/ProcessStats( 1025): Starting service ServiceState{42c48c08 com.whatsapp.messaging.MessageService pkg=com.whatsapp proc=42c48c08} without owner
F/ProcessStats( 1025): Starting service ServiceState{43399718 com.paypal.android.p2pmobile.services.AtoService pkg=com.paypal.android.p2pmobile proc=43399718} without owner
F/ProcessStats( 1025): Starting service ServiceState{43231e48 com.paypal.android.p2pmobile.services.WalletService pkg=com.paypal.android.p2pmobile proc=43231e48} without owner
F/ProcessStats( 1025): Starting service ServiceState{42a4cec0 com.facebook.push.mqtt.service.MqttPushService pkg=com.facebook.katana proc=42a4cec0} without owner
F/ProcessStats( 1025): Starting service ServiceState{428fdff0 com.facebook.push.mqtt.service.MqttPushService pkg=com.facebook.orca proc=428fdff0} without owner
W/WindowManager( 1025): Not okToDisplay, so not showing Starting Window
I/ActivityManager( 1025): Start proc co.giftmeapp.gift_me for activity co.giftmeapp.gift_me/.GiftMe: pid=12621 uid=10155 gids={50155, 3003, 1028, 1015}
W/ContextImpl( 1295): Calling a method in the system process without a qualified user: android.app.ContextImpl.sendBroadcast:1252 android.content.ContextWrapper.sendBroadcast:365 com.motorola.motocare.util.TriggerHelper$TriggerBuilder.send:76 com.motorola.motocare.internal.frameworkevents.PauseResumeTrigger.handleFrameworkEvent:53 com.motorola.motocare.internal.frameworkevents.FwEventMonitor$FrameworkListener.processFrameworkEvent:114 
W/ContextImpl( 1295): Calling a method in the system process without a qualified user: android.app.ContextImpl.sendBroadcast:1252 android.content.ContextWrapper.sendBroadcast:365 com.motorola.motocare.util.TriggerHelper$TriggerBuilder.send:76 com.motorola.motocare.internal.frameworkevents.PauseResumeTrigger.handleFrameworkEvent:53 com.motorola.motocare.internal.frameworkevents.FwEventMonitor$FrameworkListener.processFrameworkEvent:114 
W/ContextImpl( 1295): Calling a method in the system process without a qualified user: android.app.ContextImpl.startService:1608 android.content.ContextWrapper.startService:494 android.content.ContextWrapper.startService:494 com.motorola.motocare.internal.batterystats.BatteryStatsAction.onReceive:33 android.app.ActivityThread.handleReceiver:2434 
I/ActivityManager( 1025): Process com.devexpert.weather (pid 12516) has died.
I/ActivityManager( 1025): Process com.android.incallui (pid 12275) has died.
V/AlarmManager( 1025): sending alarm Alarm{433d9008 type 2 com.google.android.gms}
D/ConnectivityService( 1025): handleInetConditionHoldEnd: net=1, condition=100, published condition=100
W/ContextImpl( 1295): Calling a method in the system process without a qualified user: android.app.ContextImpl.sendBroadcast:1252 android.content.ContextWrapper.sendBroadcast:365 com.motorola.motocare.util.TriggerHelper$TriggerBuilder.send:76 com.motorola.motocare.internal.frameworkevents.ProcessKillTrigger.sendTrigger:147 com.motorola.motocare.internal.frameworkevents.ProcessKillTrigger.handleLmkKill:337 
W/ContextImpl( 1295): Calling a method in the system process without a qualified user: android.app.ContextImpl.sendBroadcast:1252 android.content.ContextWrapper.sendBroadcast:365 com.motorola.motocare.util.TriggerHelper$TriggerBuilder.send:76 com.motorola.motocare.internal.frameworkevents.ProcessKillTrigger.sendTrigger:147 com.motorola.motocare.internal.frameworkevents.ProcessKillTrigger.handleLmkKill:337 
W/ContextImpl( 1295): Calling a method in the system process without a qualified user: android.app.ContextImpl.sendBroadcast:1252 android.content.ContextWrapper.sendBroadcast:365 com.motorola.motocare.util.TriggerHelper$TriggerBuilder.send:76 com.motorola.motocare.internal.frameworkevents.ProcessKillTrigger.sendTrigger:147 com.motorola.motocare.internal.frameworkevents.ProcessKillTrigger.handleLmkKill:337 
W/ContextImpl( 1295): Calling a method in the system process without a qualified user: android.app.ContextImpl.sendBroadcast:1252 android.content.ContextWrapper.sendBroadcast:365 com.motorola.motocare.util.TriggerHelper$TriggerBuilder.send:76 com.motorola.motocare.internal.frameworkevents.ProcessKillTrigger.sendTrigger:147 com.motorola.motocare.internal.frameworkevents.ProcessKillTrigger.handleLmkKill:337 
W/ContextImpl( 1295): Calling a method in the system process without a qualified user: android.app.ContextImpl.sendBroadcast:1252 android.content.ContextWrapper.sendBroadcast:365 com.motorola.motocare.util.TriggerHelper$TriggerBuilder.send:76 com.motorola.motocare.internal.frameworkevents.ProcessKillTrigger.sendTrigger:147 com.motorola.motocare.internal.frameworkevents.ProcessKillTrigger.handleLmkKill:337 
W/ContextImpl( 1295): Calling a method in the system process without a qualified user: android.app.ContextImpl.sendBroadcast:1252 android.content.ContextWrapper.sendBroadcast:365 com.motorola.motocare.util.TriggerHelper$TriggerBuilder.send:76 com.motorola.motocare.internal.frameworkevents.ProcessKillTrigger.sendTrigger:147 com.motorola.motocare.internal.frameworkevents.ProcessKillTrigger.handleLmkKill:337 
W/ContextImpl( 1295): Calling a method in the system process without a qualified user: android.app.ContextImpl.sendBroadcast:1252 android.content.ContextWrapper.sendBroadcast:365 com.motorola.motocare.util.TriggerHelper$TriggerBuilder.send:76 com.motorola.motocare.internal.frameworkevents.ProcessKillTrigger.sendTrigger:147 com.motorola.motocare.internal.frameworkevents.ProcessKillTrigger.handleLmkKill:337 
W/ContextImpl( 1295): Calling a method in the system process without a qualified user: android.app.ContextImpl.sendBroadcast:1252 android.content.ContextWrapper.sendBroadcast:365 com.motorola.motocare.util.TriggerHelper$TriggerBuilder.send:76 com.motorola.motocare.internal.frameworkevents.ProcessKillTrigger.sendTrigger:147 com.motorola.motocare.internal.frameworkevents.ProcessKillTrigger.handleLmkKill:337 
W/ContextImpl( 1295): Calling a method in the system process without a qualified user: android.app.ContextImpl.sendBroadcast:1252 android.content.ContextWrapper.sendBroadcast:365 com.motorola.motocare.util.TriggerHelper$TriggerBuilder.send:76 com.motorola.motocare.internal.frameworkevents.ProcessKillTrigger.sendTrigger:147 com.motorola.motocare.internal.frameworkevents.ProcessKillTrigger.handleLmkKill:337 
V/AlarmManager( 1025): sending alarm Alarm{42cf98f8 type 3 android}
V/AlarmManager( 1025): sending alarm Alarm{42ceae88 type 3 com.devexpert.weather}
V/AlarmManager( 1025): sending alarm Alarm{42ce1b08 type 2 com.google.android.gms}
I/ActivityManager( 1025): Start proc com.devexpert.weather for broadcast com.devexpert.weather/.view.WidgetWeather2x1: pid=12732 uid=10112 gids={50112, 3003, 1028, 1015}
V/AlarmManager( 1025): sending alarm Alarm{42cdab08 type 0 com.facebook.katana}
V/AlarmManager( 1025): sending alarm Alarm{42405820 type 3 android}
V/AlarmManager( 1025): sending alarm Alarm{42403cf0 type 3 com.devexpert.weather}
V/AlarmManager( 1025): sending alarm Alarm{423fec28 type 2 com.google.android.gms}
V/AlarmManager( 1025): sending alarm Alarm{43251998 type 3 android}
V/AlarmManager( 1025): sending alarm Alarm{41fdd2c8 type 3 com.devexpert.weather}
V/AlarmManager( 1025): sending alarm Alarm{42c3cf80 type 3 android}
V/AlarmManager( 1025): sending alarm Alarm{41fcda38 type 3 com.devexpert.weather}
V/AlarmManager( 1025): sending alarm Alarm{42a87f40 type 3 android}
V/AlarmManager( 1025): sending alarm Alarm{423fb4b0 type 2 com.google.android.talk}
V/AlarmManager( 1025): sending alarm Alarm{423eb810 type 2 com.whatsapp}
V/AlarmManager( 1025): sending alarm Alarm{423bde10 type 2 com.google.android.gms}
V/AlarmManager( 1025): sending alarm Alarm{422d41f8 type 2 com.google.android.gms}
V/AlarmManager( 1025): sending alarm Alarm{4373bf58 type 2 com.google.android.gms}
V/AlarmManager( 1025): sending alarm Alarm{431ebb88 type 3 com.devexpert.weather}
V/AlarmManager( 1025): sending alarm Alarm{422bafa8 type 2 android}
D/WifiService( 1025): acquireWifiLockLocked: WifiLock{NlpWifiLock type=2 binder=android.os.BinderProxy@4200ea88}
D/ConnectivityService( 1025): Sampling interval elapsed, updating statistics ..
D/ConnectivityService( 1025): Done.
D/ConnectivityService( 1025): Setting timer for 720seconds
D/ConnectivityService( 1025): handleInetConditionHoldEnd: net=1, condition=100, published condition=100
V/AlarmManager( 1025): sending alarm Alarm{42c37090 type 2 com.google.android.gms}
D/WifiService( 1025): releaseWifiLockLocked: WifiLock{NlpWifiLock type=2 binder=android.os.BinderProxy@4200ea88}
V/AlarmManager( 1025): sending alarm Alarm{43770b60 type 0 com.viber.voip}
V/AlarmManager( 1025): sending alarm Alarm{4374c108 type 3 android}
V/AlarmManager( 1025): sending alarm Alarm{4372af68 type 3 android}
V/AlarmManager( 1025): sending alarm Alarm{43723dc8 type 2 com.google.android.talk}
V/AlarmManager( 1025): sending alarm Alarm{43723e18 type 2 com.google.android.talk}
V/AlarmManager( 1025): sending alarm Alarm{43723188 type 2 com.google.android.talk}
V/AlarmManager( 1025): sending alarm Alarm{437231d8 type 2 com.google.android.talk}
V/AlarmManager( 1025): sending alarm Alarm{436f2a38 type 2 com.whatsapp}
D/MobileDataStateTracker( 1025): default: setPolicyDataEnable(enabled=true)
I/ProcessStatsService( 1025): Prepared write state in 35ms
I/ProcessStatsService( 1025): Pruning old procstats: /data/system/procstats/state-2015-04-21-21-00-54.bin
V/AlarmManager( 1025): sending alarm Alarm{430b4208 type 3 com.devexpert.weather}
V/AlarmManager( 1025): sending alarm Alarm{430b40a8 type 2 com.google.android.talk}
V/AlarmManager( 1025): sending alarm Alarm{430a9388 type 2 com.google.android.talk}
V/AlarmManager( 1025): sending alarm Alarm{430a6ed8 type 2 com.google.android.apps.maps}
I/ActivityManager( 1025): Start proc com.google.android.apps.maps for service com.google.android.apps.maps/com.google.android.apps.gmm.prefetch.PrefetcherService: pid=12814 uid=10064 gids={50064, 3003, 1028, 1015, 3002, 3001}
D/WifiService( 1025): New client listening to asynchronous messages
W/ActivityThread(12814): ClassLoader.loadClass: The class loader returned by Thread.getContextClassLoader() may fail for processes that host multiple applications. You should explicitly specify a context class loader. For example: Thread.setContextClassLoader(getClass().getClassLoader());
I/ActivityManager( 1025): Process com.google.android.talk (pid 12352) has died.
W/ActivityManager( 1025): Service ServiceRecord{43e43df0 u0 com.google.android.talk/com.google.android.libraries.hangouts.video.CallService} in process ProcessRecord{42be88e8 12352:com.google.android.talk/u0a71} not same as in map: null
V/AlarmManager( 1025): sending alarm Alarm{4285cd40 type 3 android}
V/AlarmManager( 1025): sending alarm Alarm{4285c808 type 3 com.devexpert.weather}
V/AlarmManager( 1025): sending alarm Alarm{4285bd48 type 2 com.facebook.orca}
W/ContextImpl( 1295): Calling a method in the system process without a qualified user: android.app.ContextImpl.sendBroadcast:1252 android.content.ContextWrapper.sendBroadcast:365 com.motorola.motocare.util.TriggerHelper$TriggerBuilder.send:76 com.motorola.motocare.internal.frameworkevents.ProcessKillTrigger.sendTrigger:147 com.motorola.motocare.internal.frameworkevents.ProcessKillTrigger.handleLmkKill:337 
V/AlarmManager( 1025): sending alarm Alarm{424df808 type 3 android}
V/AlarmManager( 1025): sending alarm Alarm{424a33f0 type 3 com.devexpert.weather}
D/WifiService( 1025): acquireWifiLockLocked: WifiLock{NlpWifiLock type=2 binder=android.os.BinderProxy@4213c098}
D/WifiService( 1025): releaseWifiLockLocked: WifiLock{NlpWifiLock type=2 binder=android.os.BinderProxy@4213c098}
V/AlarmManager( 1025): sending alarm Alarm{42219920 type 3 android}
V/AlarmManager( 1025): sending alarm Alarm{422191a0 type 2 free.reddit.news}
I/ActivityManager( 1025): Start proc free.reddit.news for service free.reddit.news/reddit.news.services.InboxServiceFree: pid=12871 uid=10115 gids={50115, 3003, 1028, 1015}
V/AlarmManager( 1025): sending alarm Alarm{42218eb0 type 2 com.whatsapp}
V/AlarmManager( 1025): sending alarm Alarm{42218460 type 2 com.facebook.katana}
V/AlarmManager( 1025): sending alarm Alarm{42214600 type 3 com.devexpert.weather}
V/AlarmManager( 1025): sending alarm Alarm{4220f7c8 type 2 com.google.android.gms}
V/AlarmManager( 1025): sending alarm Alarm{4220ecd0 type 2 com.google.android.gms}
W/Vold    (  261): Returning OperationFailed - no handler for errno 30
D/ConnectivityService( 1025): handleInetConditionHoldEnd: net=1, condition=100, published condition=100
I/ActivityManager( 1025): Start proc com.whatsapp for service com.whatsapp/.messaging.MessageService: pid=12911 uid=10107 gids={50107, 3002, 3003, 1028, 1015}
V/AlarmManager( 1025): sending alarm Alarm{42bcd5d8 type 3 com.whatsapp}
I/ActivityManager( 1025): Start proc com.android.vending for service com.android.vending/com.google.android.finsky.billing.iab.InAppBillingService: pid=12946 uid=10039 gids={50039, 3003, 1028, 1015}
V/AlarmManager( 1025): sending alarm Alarm{42b7bd40 type 3 com.whatsapp}
D/WifiService( 1025): Client connection lost with reason: 4
I/ActivityManager( 1025): Process com.google.android.apps.maps (pid 12814) has died.
I/ActivityManager( 1025): Process free.reddit.news (pid 12871) has died.
I/ActivityManager( 1025): Process com.devexpert.weather (pid 12732) has died.
V/AlarmManager( 1025): sending alarm Alarm{42c24340 type 3 android}
V/AlarmManager( 1025): sending alarm Alarm{427aece0 type 2 com.whatsapp}
V/AlarmManager( 1025): sending alarm Alarm{42c19da8 type 3 com.devexpert.weather}
I/ActivityManager( 1025): Start proc com.devexpert.weather for broadcast com.devexpert.weather/.view.WidgetWeather2x1: pid=13023 uid=10112 gids={50112, 3003, 1028, 1015}
W/ContextImpl( 1295): Calling a method in the system process without a qualified user: android.app.ContextImpl.sendBroadcast:1252 android.content.ContextWrapper.sendBroadcast:365 com.motorola.motocare.util.TriggerHelper$TriggerBuilder.send:76 com.motorola.motocare.internal.frameworkevents.ProcessKillTrigger.sendTrigger:147 com.motorola.motocare.internal.frameworkevents.ProcessKillTrigger.handleLmkKill:337 
W/ContextImpl( 1295): Calling a method in the system process without a qualified user: android.app.ContextImpl.sendBroadcast:1252 android.content.ContextWrapper.sendBroadcast:365 com.motorola.motocare.util.TriggerHelper$TriggerBuilder.send:76 com.motorola.motocare.internal.frameworkevents.ProcessKillTrigger.sendTrigger:147 com.motorola.motocare.internal.frameworkevents.ProcessKillTrigger.handleLmkKill:337 
W/ContextImpl( 1295): Calling a method in the system process without a qualified user: android.app.ContextImpl.sendBroadcast:1252 android.content.ContextWrapper.sendBroadcast:365 com.motorola.motocare.util.TriggerHelper$TriggerBuilder.send:76 com.motorola.motocare.internal.frameworkevents.ProcessKillTrigger.sendTrigger:147 com.motorola.motocare.internal.frameworkevents.ProcessKillTrigger.handleLmkKill:337 
V/AlarmManager( 1025): sending alarm Alarm{42b5f2b0 type 2 com.whatsapp}
V/AlarmManager( 1025): sending alarm Alarm{434b3bd0 type 3 android}
V/AlarmManager( 1025): sending alarm Alarm{42cf3fe0 type 3 com.devexpert.weather}
V/AlarmManager( 1025): sending alarm Alarm{4339f9b0 type 3 android}
V/AlarmManager( 1025): sending alarm Alarm{438955d0 type 3 com.devexpert.weather}
V/AlarmManager( 1025): sending alarm Alarm{4388dc30 type 3 android}
V/AlarmManager( 1025): sending alarm Alarm{42c0f200 type 1 com.android.deskclock}
I/ActivityManager( 1025): Start proc com.android.deskclock for broadcast com.android.deskclock/com.android.alarmclock.DigitalAppWidgetProvider: pid=13060 uid=10015 gids={50015, 1028}
V/AlarmManager( 1025): sending alarm Alarm{42800f90 type 3 com.devexpert.weather}
V/AlarmManager( 1025): sending alarm Alarm{42c09fb8 type 2 com.google.android.gms}
V/AlarmManager( 1025): sending alarm Alarm{42c03298 type 2 com.google.android.gms}
D/ConnectivityService( 1025): handleInetConditionHoldEnd: net=1, condition=100, published condition=100
V/AlarmManager( 1025): sending alarm Alarm{43822528 type 3 android}
V/AlarmManager( 1025): sending alarm Alarm{437fc1a8 type 2 com.whatsapp}
V/AlarmManager( 1025): sending alarm Alarm{437f2088 type 3 com.devexpert.weather}
V/AlarmManager( 1025): sending alarm Alarm{437f20d8 type 0 android}
V/BackupManagerService( 1025): Running a backup pass
V/BackupManagerService( 1025): clearing pending backups
V/PerformBackupTask( 1025): Beginning backup of 5 targets
D/PerformBackupTask( 1025): invokeAgentForBackup on @pm@
D/BackupManagerService( 1025): Now staging backup of android
D/BackupManagerService( 1025): Now staging backup of com.android.providers.settings
D/BackupManagerService( 1025): Now staging backup of com.google.android.googlequicksearchbox
D/BackupManagerService( 1025): Now staging backup of com.google.android.calendar
D/BackupManagerService( 1025): Now staging backup of com.google.android.gm
V/AlarmManager( 1025): sending alarm Alarm{4384ce00 type 0 android}
I/BackupManagerService( 1025): Backup time but one already running
I/PerformBackupTask( 1025): Backup pass finished.
I/ActivityManager( 1025): Process com.google.android.music:main (pid 15974) has died.
W/ActivityManager( 1025): Service ServiceRecord{4429ab10 u0 com.google.android.music/.download.artwork.ArtDownloadService} in process ProcessRecord{42be9870 15974:com.google.android.music:main/u0a82} not same as in map: null
W/ActivityManager( 1025): Service ServiceRecord{441db980 u0 com.google.android.music/.download.cache.TrackCacheService} in process ProcessRecord{42be9870 15974:com.google.android.music:main/u0a82} not same as in map: null
W/ActivityManager( 1025): Service ServiceRecord{43ed9078 u0 com.google.android.music/.download.TrackDownloadQueueService} in process ProcessRecord{42be9870 15974:com.google.android.music:main/u0a82} not same as in map: null
W/ActivityManager( 1025): Scheduling restart of crashed service com.google.android.music/.wear.WearDataTransferConnectionService in 1000ms
W/ActivityManager( 1025): Service ServiceRecord{4393ff48 u0 com.google.android.music/.net.NetworkMonitor} in process ProcessRecord{42be9870 15974:com.google.android.music:main/u0a82} not same as in map: null
W/ActivityManager( 1025): Service ServiceRecord{43920218 u0 com.google.android.music/.preferences.MusicPreferenceService$MusicPreferenceServiceBinder} in process ProcessRecord{42be9870 15974:com.google.android.music:main/u0a82} not same as in map: null
W/ActivityManager( 1025): Scheduling restart of crashed service com.google.android.music/.playback.MusicPlaybackService in 11000ms
I/ActivityManager( 1025): Start proc com.google.android.music:main for service com.google.android.music/.wear.WearDataTransferConnectionService: pid=13107 uid=10082 gids={50082, 3003, 1028, 1015}
I/ActivityManager( 1025): Process com.mobisystems.ubreader_west (pid 16170) has died.
W/ActivityManager( 1025): Scheduling restart of crashed service com.mobisystems.ubreader_west/com.mobisystems.ubreader.launcher.service.NetworkService in 1000ms
W/Vold    (  261): Returning OperationFailed - no handler for errno 30
W/Vold    (  261): Returning OperationFailed - no handler for errno 30
W/Vold    (  261): Returning OperationFailed - no handler for errno 30
W/Vold    (  261): Returning OperationFailed - no handler for errno 30
W/Vold    (  261): Returning OperationFailed - no handler for errno 30
I/ActivityManager( 1025): Process com.motorola.audioeffects (pid 18203) has died.
W/ActivityManager( 1025): Scheduling restart of crashed service com.motorola.audioeffects/.AudioEffectsService in 10675ms
I/ActivityManager( 1025): Process com.qualcomm.atfwd (pid 19220) has died.
W/ActivityManager( 1025): Scheduling restart of crashed service com.qualcomm.atfwd/.AtFwdService in 20636ms
W/Vold    (  261): Returning OperationFailed - no handler for errno 30
W/Vold    (  261): Returning OperationFailed - no handler for errno 30
I/ActivityManager( 1025): Start proc com.mobisystems.ubreader_west for service com.mobisystems.ubreader_west/com.mobisystems.ubreader.launcher.service.NetworkService: pid=13152 uid=10117 gids={50117, 3003, 1028, 1015}
V/AlarmManager( 1025): sending alarm Alarm{4384ce50 type 2 com.whatsapp}
I/ActivityManager( 1025): Start proc com.motorola.audioeffects for service com.motorola.audioeffects/.AudioEffectsService: pid=13186 uid=10002 gids={50002}
I/ActivityManager( 1025): Start proc com.qualcomm.atfwd for service com.qualcomm.atfwd/.AtFwdService: pid=13201 uid=1000 gids={41000, 1028, 1015, 3002, 3001, 3003, 1021, 3004, 3005, 1000, 3009, 1023, 1010, 1004, 2002, 3006}
V/AlarmManager( 1025): sending alarm Alarm{4387a7b0 type 3 android}
V/AlarmManager( 1025): sending alarm Alarm{438a9160 type 3 com.devexpert.weather}
V/AlarmManager( 1025): sending alarm Alarm{438a95f8 type 0 com.viber.voip}
V/AlarmManager( 1025): sending alarm Alarm{438a9648 type 0 com.google.android.gms}
W/ContextImpl( 1295): Calling a method in the system process without a qualified user: android.app.ContextImpl.sendBroadcast:1252 android.content.ContextWrapper.sendBroadcast:365 com.motorola.motocare.util.TriggerHelper$TriggerBuilder.send:76 com.motorola.motocare.internal.frameworkevents.ProcessKillTrigger.sendTrigger:147 com.motorola.motocare.internal.frameworkevents.ProcessKillTrigger.handleLmkKill:337 
W/ContextImpl( 1295): Calling a method in the system process without a qualified user: android.app.ContextImpl.sendBroadcast:1252 android.content.ContextWrapper.sendBroadcast:365 com.motorola.motocare.util.TriggerHelper$TriggerBuilder.send:76 com.motorola.motocare.internal.frameworkevents.ProcessKillTrigger.sendTrigger:147 com.motorola.motocare.internal.frameworkevents.ProcessKillTrigger.handleLmkKill:337 
W/ContextImpl( 1295): Calling a method in the system process without a qualified user: android.app.ContextImpl.sendBroadcast:1252 android.content.ContextWrapper.sendBroadcast:365 com.motorola.motocare.util.TriggerHelper$TriggerBuilder.send:76 com.motorola.motocare.internal.frameworkevents.ProcessKillTrigger.sendTrigger:147 com.motorola.motocare.internal.frameworkevents.ProcessKillTrigger.handleLmkKill:337 
W/ContextImpl( 1295): Calling a method in the system process without a qualified user: android.app.ContextImpl.sendBroadcast:1252 android.content.ContextWrapper.sendBroadcast:365 com.motorola.motocare.util.TriggerHelper$TriggerBuilder.send:76 com.motorola.motocare.internal.frameworkevents.ProcessKillTrigger.sendTrigger:147 com.motorola.motocare.internal.frameworkevents.ProcessKillTrigger.handleLmkKill:337 
V/AlarmManager( 1025): sending alarm Alarm{437e4bc8 type 3 android}
V/AlarmManager( 1025): sending alarm Alarm{437e4370 type 3 com.devexpert.weather}
V/AlarmManager( 1025): sending alarm Alarm{43532700 type 3 android}
V/AlarmManager( 1025): sending alarm Alarm{434fb310 type 3 com.devexpert.weather}
V/AlarmManager( 1025): sending alarm Alarm{437e4048 type 2 com.google.android.gms}
V/AlarmManager( 1025): sending alarm Alarm{437e3810 type 2 android}
V/AlarmManager( 1025): sending alarm Alarm{437d7198 type 2 com.google.android.gms}
