D/dalvikvm(12933): Trying to load lib /data/app-lib/co.giftmeapp.gift_me-2/libcardioDecider.so 0x41fb0308
D/dalvikvm(12933): Added shared lib /data/app-lib/co.giftmeapp.gift_me-2/libcardioDecider.so 0x41fb0308
D/dalvikvm(12933): Trying to load lib /data/app-lib/co.giftmeapp.gift_me-2/libopencv_core.so 0x41fb0308
W/linker  (12933): libopencv_core.so has text relocations. This is wasting memory and is a security risk. Please fix.
V/PhoneStatusBar( 1119): setLightsOn(true)
I/ActivityManager( 1025): Process com.facebook.orca (pid 13393) has died.
W/ActivityManager( 1025): Scheduling restart of crashed service com.facebook.orca/com.facebook.push.mqtt.service.MqttPushService in 4000ms
D/dalvikvm(12933): Added shared lib /data/app-lib/co.giftmeapp.gift_me-2/libopencv_core.so 0x41fb0308
D/dalvikvm(12933): No JNI_OnLoad found in /data/app-lib/co.giftmeapp.gift_me-2/libopencv_core.so 0x41fb0308, skipping init
D/dalvikvm(12933): Trying to load lib /data/app-lib/co.giftmeapp.gift_me-2/libopencv_imgproc.so 0x41fb0308
W/linker  (12933): libopencv_imgproc.so has text relocations. This is wasting memory and is a security risk. Please fix.
D/WifiStateMachine( 1025): handleMessage: E msg.what=151572
D/WifiStateMachine( 1025): processMsg: ConnectedState
D/WifiStateMachine( 1025): processMsg: L2ConnectedState
D/WifiStateMachine( 1025): handleMessage: X
D/dalvikvm(12933): Added shared lib /data/app-lib/co.giftmeapp.gift_me-2/libopencv_imgproc.so 0x41fb0308
D/dalvikvm(12933): No JNI_OnLoad found in /data/app-lib/co.giftmeapp.gift_me-2/libopencv_imgproc.so 0x41fb0308, skipping init
D/dalvikvm(12933): Trying to load lib /data/app-lib/co.giftmeapp.gift_me-2/libcardioRecognizer.so 0x41fb0308
I/ActivityManager( 1025): Activity reported stop, but no longer stopping: ActivityRecord{42b7e860 u0 co.giftmeapp.gift_me/com.paypal.android.sdk.payments.PaymentActivity t1483}
D/dalvikvm(12933): Added shared lib /data/app-lib/co.giftmeapp.gift_me-2/libcardioRecognizer.so 0x41fb0308
W/AppOps  ( 1025): Bad call: specified package qcamera under uid 1013 but it is really -1
W/BroadcastQueue( 1025): Permission Denial: broadcasting Intent { act=android.net.conn.CONNECTIVITY_CHANGE flg=0x4000010 (has extras) } from null (pid=-1, uid=-1) requires com.facebook.permission.prod.FB_APP_COMMUNICATION due to registered receiver BroadcastFilter{42ac8a48 u0 ReceiverList{42ab1e40 13159 com.facebook.katana/10110/u0 remote:41fbec40}}
I/LaunchCheckinHandler( 1025): Displayed co.giftmeapp.gift_me/com.paypal.android.sdk.payments.PaymentMethodActivity,wp,ca,317
I/LaunchCheckinHandler( 1025): Displayed co.giftmeapp.gift_me/com.paypal.android.sdk.payments.PaymentActivity,wp,ca,764 (total)
I/ActivityManager( 1025): Displayed co.giftmeapp.gift_me/com.paypal.android.sdk.payments.PaymentMethodActivity: +317ms (total +764ms)
W/AppOps  ( 1025): Bad call: specified package qcamera under uid 1013 but it is really -1
W/AppOps  ( 1025): Bad call: specified package qcamera under uid 1013 but it is really -1
W/AppOps  ( 1025): Bad call: specified package qcamera under uid 1013 but it is really -1
W/AppOps  ( 1025): Bad call: specified package qcamera under uid 1013 but it is really -1
D/GcOptimizer(13159): Configure for next cold start: enable
I/Economist(13687): User is not logged in
W/AppOps  ( 1025): Bad call: specified package qcamera under uid 1013 but it is really -1
I/AwesomePlayer(  277): setDataSource_l(URL suppressed)
I/com.newrelic.agent.android(13687): Loaded configuration: HarvestConfiguration{collect_network_errors=true, cross_process_id='UAUCV1NACgsEVlZRBA==', data_report_period=60, data_token=[2842733, 13762828], error_limit=50, report_max_transaction_age=600, report_max_transaction_count=1000, response_body_limit=2048, server_timestamp=1417568805, stack_trace_limit=100, activity_trace_max_size=65534, activity_trace_max_report_attempts=1, activity_trace_min_utilization=0.30000001192092896, at_capture=ActivityTraceConfiguration{maxTotalTraceCount=1}}
D/WifiStateMachine( 1025): handleMessage: E msg.what=131155
D/WifiStateMachine( 1025): processMsg: ConnectedState
D/WifiStateMachine( 1025): processMsg: L2ConnectedState
D/WifiStateMachine( 1025): handleMessage: X
I/com.newrelic.agent.android(13687): Application state monitor has started
I/com.newrelic.agent.android(13687): Measurement Engine initialized.
I/com.newrelic.agent.android(13687): New Relic Agent v4.178.0
D/QCUtils (  277): extended extractor not needed, return default
I/AwesomePlayer(  277): setDataSource_l(URL suppressed)
D/QCUtils (  277): extended extractor not needed, return default
I/CameraClient(  277): Opening camera 0
D/QCameraStateMachine(  277): static void* qcamera::QCameraStateMachine::smEvtProcRoutine(void*): E
D/QCamera2HWI(  277): static void* qcamera::QCamera2HardwareInterface::defferedWorkRoutine(void*): start data proc
D/MotISP_GPU(  277): int MotISP_GPU::Init(int, int): GPU resolution: 1280x720
E/QCamera2HWI(  277): [KPI Perf] int qcamera::QCamera2HardwareInterface::openCamera(hw_device_t**): E PROFILE_OPEN_CAMERA camera id 0
I/QCameraHalWatchdog(  277): Starting Watchdog Thread...
I/Adreno-EGL(  277): <qeglDrvAPI_eglInitialize:410>: EGL 1.4 QUALCOMM build: AU_LINUX_ANDROID_LNX.LA.3.5.1_RB1.04.04.02.048.018_msm8226_LNX.LA.3.5.1_RB1__release_AU ()
I/Adreno-EGL(  277): OpenGL ES Shader Compiler Version: E031.24.00.08
I/Adreno-EGL(  277): Build Date: 03/07/14 Fri
I/Adreno-EGL(  277): Local Branch: 
I/Adreno-EGL(  277): Remote Branch: quic/LNX.LA.3.5.1_RB1.1
I/Adreno-EGL(  277): Local Patches: NONE
I/Adreno-EGL(  277): Reconstruct Branch: AU_LINUX_ANDROID_LNX.LA.3.5.1_RB1.04.04.02.048.018 + f2fd134 +  NOTHING
E/mm-camera-intf(  277): mm_camera_open: dev name = /dev/video1, cam_idx = 1
E/mm-camera-sensor(  422): module_sensor_start_session:658 session 1
E/mm-camera(  422): module_drsd_start_session:1189] E
I/com.newrelic.agent.android(13687): Harvester: connected
I/com.newrelic.agent.android(13687): Harvester: Sending 0 HTTP transactions.
I/com.newrelic.agent.android(13687): Harvester: Sending 0 HTTP errors.
I/com.newrelic.agent.android(13687): Harvester: Sending 0 activity traces.
E/mm-camera(  422): af_fdprio_process: Processing frame 0 cmd: 0
E/mm-camera(  422): is_module_start_session: Enter
E/mm-camera(  422): is_module_start_session: Exit successful
E/mm-camera(  422): is_module_get_port: Exit successful
E/hdr     (  422): Session id 0x1 started
E/mm-camera(  422): isp_tintless_open: E: b6d0cd81
E/mm-camera(  422): isp_tintless_get_version: lib returned version 3.61 err=0
E/mm-camera(  422): c2d_module_start_session:238, info: starting session 1
E/mm-camera(  422): c2d_module_start_session:285, info: c2d_thread created.
E/mm-camera(  422): c2d_thread_func:41: c2d_thread entering the polling loop...
E/mm-camera(  422): c2d_module_start_session:307, info: session 1 started.
E/ActivityThread(12933): Performing stop of activity that is not resumed: {co.giftmeapp.gift_me/com.paypal.android.sdk.payments.PaymentActivity}
E/ActivityThread(12933): java.lang.RuntimeException: Performing stop of activity that is not resumed: {co.giftmeapp.gift_me/com.paypal.android.sdk.payments.PaymentActivity}
E/ActivityThread(12933): 	at android.app.ActivityThread.performStopActivityInner(ActivityThread.java:3214)
E/ActivityThread(12933): 	at android.app.ActivityThread.handleStopActivity(ActivityThread.java:3301)
E/ActivityThread(12933): 	at android.app.ActivityThread.access$1100(ActivityThread.java:139)
E/ActivityThread(12933): 	at android.app.ActivityThread$H.handleMessage(ActivityThread.java:1237)
E/ActivityThread(12933): 	at android.os.Handler.dispatchMessage(Handler.java:102)
E/ActivityThread(12933): 	at android.os.Looper.loop(Looper.java:136)
E/ActivityThread(12933): 	at android.app.ActivityThread.main(ActivityThread.java:5086)
E/ActivityThread(12933): 	at java.lang.reflect.Method.invokeNative(Native Method)
E/ActivityThread(12933): 	at java.lang.reflect.Method.invoke(Method.java:515)
E/ActivityThread(12933): 	at com.android.internal.os.ZygoteInit$MethodAndArgsCaller.run(ZygoteInit.java:785)
E/ActivityThread(12933): 	at com.android.internal.os.ZygoteInit.main(ZygoteInit.java:601)
E/ActivityThread(12933): 	at dalvik.system.NativeStart.main(Native Method)
D/The Economist APID(13687): 6855de6b-02a2-4126-88af-261db5a37b30
I/Crittercism(13687): Initializing Crittercism 5.0.6 for App ID 541be4a1d478bc3b68000001
E/mm-camera-sensor(  422): sensor_write_lsc:268 using default or module LSC
E/mm-camera-sensor(  422): module_sensor_start_session:702 failed
E/mm-camera-sensor(  422): module_sensor_start_session:708 failed
E/mm-camera-intf(  277): mm_camera_open:  opened, break out while loop
D/QCamera2HWI(  277): int qcamera::QCamera2HardwareInterface::openCamera(): enable_4k2k is 0
W/Crittercism(13687): Crittercism should be initialized in onCreate() of MainActivity
I/ActivityManager( 1025): Process com.viber.voip (pid 13490) has died.
W/ActivityManager( 1025): Scheduling restart of crashed service com.viber.voip/com.viber.service.VoipConnectorService in 42640ms
W/ActivityManager( 1025): Scheduling restart of crashed service com.viber.voip/.api.billing.InAppBillingService in 82640ms
E/qomx_image_core(  277): OMX_Init:94] Complete 2
E/QCameraHWI_Mem(  277): int qcamera::QCameraMemory::alloc(int, int, int) : No memory pool available
D/QCameraHWI_Mem(  277): static int qcamera::QCameraMemory::allocOneBuffer(qcamera::QCameraMemory::QCameraMemInfo&, int, int, bool) : ION buffer 0x1 with size 297192 allocated
E/QCameraHWI_Mem(  277): int qcamera::QCameraMemory::alloc(int, int, int) : No memory pool available
D/QCameraHWI_Mem(  277): static int qcamera::QCameraMemory::allocOneBuffer(qcamera::QCameraMemory::QCameraMemInfo&, int, int, bool) : ION buffer 0x1 with size 65544 allocated
D/QCameraParameters(  277): int32_t qcamera::QCameraParameters::initDefaultParameters(): supported preview sizes: 1280x720,864x480,800x480,768x432,720x480,640x480,576x432,480x320,384x288,352x288,320x240,240x160,176x144
D/QCameraParameters(  277): int32_t qcamera::QCameraParameters::initDefaultParameters(): supported video sizes: 1280x720,864x480,800x480,720x480,640x480,480x320,352x288,320x240,176x144
D/QCameraParameters(  277): int32_t qcamera::QCameraParameters::initDefaultParameters(): supported pic sizes: 2592x1944,2592x1456,2048x1536,1920x1080,1600x1200,1440x1080,1280x960,1280x768,1280x720,1024x768,800x600,800x480,720x480,640x480
I/QCameraParameters(  277): int32_t qcamera::QCameraParameters::initDefaultParameters(): supported live snapshot sizes: 1280x768,1280x720,1024x768,800x600,864x480,800x480,720x480,640x480,352x288,320x240,176x144
D/QCameraParameters(  277): int32_t qcamera::QCameraParameters::initDefaultParameters(): supported fps ranges: (15000,15000),(15000,30000)
E/QCameraParameters(  277): int32_t qcamera::QCameraParameters::setPreviewFpsRange(int, int): Setting preview fps range 15000,30000
D/QCameraParameters(  277): int32_t qcamera::QCameraParameters::initDefaultParameters(): supported fps rates: 15,16,17,18,19,20,21,22,23,24,25,26,27,28,29,30
D/QCameraParameters(  277): int32_t qcamera::QCameraParameters::setAEBracket(const char*), EXP_BRACKETING_OFF
D/QCameraParameters(  277): int32_t qcamera::QCameraParameters::initDefaultParameters(): Supported WNR:ON/OFF default:ON
D/QCameraParameters(  277): int32_t qcamera::QCameraParameters::initDefaultParameters(): Supported TINTLESS:ON/OFF default:ON
W/Crittercism(13687): Application context not provided. Automatic breadcrumbs will not be recorded.
D/QCameraParameters(  277): int32_t qcamera::QCameraParameters::setNumOfSnapshot(): nBurstNum = 1, nExpnum = 1
E/Thermal-Lib(  277): Thermal-Lib-Client: thermal_client_register_callback: Client Registration failed
E/Thermal-Lib(  277): Thermal-Lib-Client: thermal_client_register_callback: Client Registration failed
I/QCameraHalWatchdog(  277): Stopped Watchdog Thread...
E/Thermal-Lib(  277): Thermal-Lib-Client: thermal_client_register_callback: Client Registration failed
E/Thermal-Lib(  277): Thermal-Lib-Client: thermal_client_register_callback: Client Registration failed
I/QCamera2HWI(  277): getParameters standard
I/QCameraHalWatchdog(  277): Starting Watchdog Thread...
E/QCamera2HWI(  277): [KPI Perf] static void qcamera::QCamera2HardwareInterface::stop_preview(camera_device*): E PROFILE_STOP_PREVIEW
D/QCameraStateMachine(  277): int32_t qcamera::QCameraStateMachine::procEvtPreviewStoppedState(qcamera::qcamera_sm_evt_enum_t, void*): already in preview stopped state, do nothing
D/QCamera2HWI(  277): [KPI Perf] static void qcamera::QCamera2HardwareInterface::stop_preview(camera_device*): X
I/QCameraHalWatchdog(  277): Stopped Watchdog Thread...
I/QCameraHalWatchdog(  277): Starting Watchdog Thread...
D/QCameraStateMachine(  277): int32_t qcamera::QCameraStateMachine::procEvtPreviewStoppedState(qcamera::qcamera_sm_evt_enum_t, void*): No ops for evt(20) in state(0)
I/QCameraHalWatchdog(  277): Stopped Watchdog Thread...
I/QCameraHalWatchdog(  277): Starting Watchdog Thread...
I/QCameraHalWatchdog(  277): Stopped Watchdog Thread...
I/CameraClient(  277): Destroying camera 0
I/QCameraHalWatchdog(  277): Starting Watchdog Thread...
D/QCamera2HWI(  277): [KPI Perf] static int qcamera::QCamera2HardwareInterface::close_camera_device(hw_device_t*): E
D/QCamera2HWI(  277): static void* qcamera::QCamera2HardwareInterface::defferedWorkRoutine(void*): stop data proc
D/dalvikvm( 1025): GC_EXPLICIT freed 679K, 36% free 32307K/50444K, paused 6ms+20ms, total 178ms
D/Sensors ( 1025): AccelerationSensor: set delay 20
D/GCM     (20136): Message class com.google.f.a.a.i
D/ConnectivityService( 1025): Sampling interval elapsed, updating statistics ..
E/qomx_image_core(  277): OMX_Deinit:118] Complete
E/QCameraPostProc(  277): int32_t qcamera::QCameraPostProcessor::deinit(): Jpeg closed, rc = 0, mJpegClientHandle = 29000
D/ConnectivityService( 1025): Done.
D/ConnectivityService( 1025): Setting timer for 720seconds
E/mm-camera(  422): mct_pipeline_get_stream: no children
E/mm-camera(  422): mct_pipeline_process_set:1824: Couldn't find stream
E/mm-camera-sensor(  422): module_sensor_stop_session:727 session 1
E/mm-camera(  422): stats_module_stop_session: list =0xb7887208, remove port =0xb7886b30 name=stats_sink from module=0xb766da98, name=stats
E/mm-camera(  422): stats_module_stop_session: 1 port =0xb7886b30 name=stats_sink 
E/mm-camera(  422): stats_module_stop_session: 2 port =0xb7886b30 name=stats_sink 
D/QCameraStateMachine(  277): static void* qcamera::QCameraStateMachine::smEvtProcRoutine(void*): X
D/QCamera2HWI(  277): [KPI Perf] static int qcamera::QCamera2HardwareInterface::close_camera_device(hw_device_t*): X
I/QCameraHalWatchdog(  277): Stopped Watchdog Thread...
E/hdr     (  422): Session id 0x1 stopped
E/mm-camera-CORE(  422): mot_af_deinit: E
E/mm-camera(  422): is_module_stop_session: Enter
E/mm-camera(  422): is_module_stop_session: Exit successful
E/mm-camera(  422): stats_module_stop_session: 3 port =0xb7886b30 name=stats_sink 
E/mm-camera(  422): c2d_module_stop_session:323, info: stopping session 1 ...
E/mm-camera(  422): c2d_thread_process_pipe_message:714, C2D_THREAD_MSG_ABORT: c2d_thread exiting..
E/mm-camera(  422): c2d_module_stop_session:365, info: session 1 stopped.
I/ActivityManager( 1025): Process com.paypal.android.p2pmobile (pid 12134) has died.
W/ActivityManager( 1025): Scheduling restart of crashed service com.paypal.android.p2pmobile/.services.WalletService in 109936ms
W/ActivityManager( 1025): Scheduling restart of crashed service com.paypal.android.p2pmobile/.services.AtoService in 176000ms
E/mm-camera-sensor(  422): Got some events
E/mm-camera-sensor(  422): sensor_thread_func:152 sensor_thread_func:Sensor thread is exiting
D/WifiStateMachine( 1025): handleMessage: E msg.what=151572
D/WifiStateMachine( 1025): processMsg: ConnectedState
D/WifiStateMachine( 1025): processMsg: L2ConnectedState
D/WifiStateMachine( 1025): handleMessage: X
D/ConnectivityService( 1025): handleInetConditionHoldEnd: net=1, condition=100, published condition=100
I/SBar.NetworkController( 1119): onReceive: ConnectivityManager.INET_CONDITION_ACTION Received
I/ModemStatsDSDetect( 1327): onReceive() -Intent { act=android.net.conn.INET_CONDITION_ACTION flg=0x4000010 (has extras) }
I/ModemStatsDSDetect( 1327): INET_CONDITION=100 ,activeNet=NetworkInfo: type: WIFI[], state: CONNECTED/CONNECTED, reason: (unspecified), extra: "Moulin Rouge", roaming: false, failover: false, isAvailable: true, isConnectedToProvisioningNetwork: false
I/ModemStatsDSDetect( 1327): onReceive() - done, currentInetCondition=100
I/SBar.NetworkController( 1119): updateConnectivity: NetworkInfo: NetworkInfo: type: WIFI[], state: CONNECTED/CONNECTED, reason: (unspecified), extra: "Moulin Rouge", roaming: false, failover: false, isAvailable: true, isConnectedToProvisioningNetwork: false, inetCondition= 1
D/Sensors ( 1025): AccelerationSensor: set delay 200
D/Sensors ( 1025): AccelerationSensor: set delay 20
I/SBar.NetworkController( 1119): onSignalStrengthsChanged SignalStrength: 10 0 -120 -160 -120 -1 -1 99 2147483647 2147483647 2147483647 2147483647 2147483647 gsm|lte 0 -108 -1 false 3 3 0 0 0 99 99 99 4 level=3
I/ActivityManager( 1025): Start proc com.facebook.orca for content provider com.facebook.orca/.notify.MessengerLoggedInUserProvider: pid=13815 uid=10147 gids={50147, 3003, 1028, 1015}
I/ActivityManager( 1025): Process uk.co.economist (pid 13687) has died.
W/ActivityManager( 1025): Service ServiceRecord{42dc05d8 u0 uk.co.economist/.service.APIService} in process ProcessRecord{43aa3ef0 13687:uk.co.economist/u0a130} not same as in map: null
D/ACRA    (13815): ACRA is enabled for com.facebook.orca, intializing...
D/ACRA    (13815): Looking for error files in /data/user/0/com.facebook.orca/app_acra-reports
D/ACRA    (13815): Looking for error files in /data/user/0/com.facebook.orca/app_minidumps
D/dalvikvm(13815): Trying to load lib /data/app-lib/com.facebook.orca-2/libgnustl_shared.so 0x41faf648
D/dalvikvm(13815): Added shared lib /data/app-lib/com.facebook.orca-2/libgnustl_shared.so 0x41faf648
D/dalvikvm(13815): No JNI_OnLoad found in /data/app-lib/com.facebook.orca-2/libgnustl_shared.so 0x41faf648, skipping init
D/dalvikvm(13815): Trying to load lib /data/app-lib/com.facebook.orca-2/libfb_breakpad_client.so 0x41faf648
D/dalvikvm(13815): Added shared lib /data/app-lib/com.facebook.orca-2/libfb_breakpad_client.so 0x41faf648
D/dalvikvm(13815): Trying to load lib /data/app-lib/com.facebook.orca-2/libfb_dalvik-internals.so 0x41faf648
D/dalvikvm(13815): Added shared lib /data/app-lib/com.facebook.orca-2/libfb_dalvik-internals.so 0x41faf648
V/DexLibLoader(13815): about to lock: /data/user/0/com.facebook.orca/mdex_lock
V/DexLibLoader(13815): locking /data/user/0/com.facebook.orca/mdex_lock took 1 ms
V/DexLibLoader(13815): Secondary program dex metadata: secondary-1.dex.jar 790183d1fb728678b0d8546ed8e9eaef90404089 secondary.dex01.Canary
V/DexLibLoader(13815): Secondary program dex metadata: secondary-2.dex.jar 03b795797c6ded9e8b3df575980b7d37d9ca8dad secondary.dex02.Canary
V/DexLibLoader(13815): Secondary program dex metadata: secondary-3.dex.jar 5ccf73e2daa6156653af1c6485ad6053f38846b9 secondary.dex03.Canary
V/DexLibLoader(13815): directory "/data/user/0/com.facebook.orca/app_secondary_program_dex" contains "program-790183d1fb728678b0d8546ed8e9eaef904040896661a1c7.dex.jar" as expected
V/DexLibLoader(13815): directory "/data/user/0/com.facebook.orca/app_secondary_program_dex" contains "program-03b795797c6ded9e8b3df575980b7d37d9ca8dad6661a1c7.dex.jar" as expected
V/DexLibLoader(13815): directory "/data/user/0/com.facebook.orca/app_secondary_program_dex" contains "program-5ccf73e2daa6156653af1c6485ad6053f38846b96661a1c7.dex.jar" as expected
D/DexLibLoader(13815): ignoring file "program-790183d1fb728678b0d8546ed8e9eaef904040896661a1c7.dex.odex" in "/data/user/0/com.facebook.orca/app_secondary_program_dex"
D/DexLibLoader(13815): ignoring file "program-03b795797c6ded9e8b3df575980b7d37d9ca8dad6661a1c7.dex.odex" in "/data/user/0/com.facebook.orca/app_secondary_program_dex"
D/DexLibLoader(13815): ignoring file "program-5ccf73e2daa6156653af1c6485ad6053f38846b96661a1c7.dex.odex" in "/data/user/0/com.facebook.orca/app_secondary_program_dex"
D/DexLibLoader(13815): directory "/data/user/0/com.facebook.orca/app_secondary_program_dex" is valid
D/DexLibLoader(13815): ignoring file "primary_deps" in "/data/user/0/com.facebook.orca/app_secondary_program_dex_opt"
V/DexLibLoader(13815): directory "/data/user/0/com.facebook.orca/app_secondary_program_dex_opt" contains "program-790183d1fb728678b0d8546ed8e9eaef904040896661a1c7.dex.dex" as expected
V/DexLibLoader(13815): directory "/data/user/0/com.facebook.orca/app_secondary_program_dex_opt" contains "program-03b795797c6ded9e8b3df575980b7d37d9ca8dad6661a1c7.dex.dex" as expected
V/DexLibLoader(13815): directory "/data/user/0/com.facebook.orca/app_secondary_program_dex_opt" contains "program-5ccf73e2daa6156653af1c6485ad6053f38846b96661a1c7.dex.dex" as expected
D/DexLibLoader(13815): directory "/data/user/0/com.facebook.orca/app_secondary_program_dex_opt" is valid
D/DexLibLoader(13815): loading pre-built cross-dex opt odex files
V/dalvik-internals(13815): hooked dvmResolveClass using jump ()
V/dalvik-internals(13815): hooked dvmFlushBreakpoints using jump ()
V/MultiDexClassLoader(13815): installing MultiDexClassLoader before application classloader
I/dalvikvm(13815): Could not find method dalvik.system.DexFile.loadClassBinaryName, referenced from method com.facebook.common.l.g.a
W/dalvikvm(13815): VFY: unable to resolve virtual method 1453: Ldalvik/system/DexFile;.loadClassBinaryName (Ljava/lang/String;Ljava/lang/ClassLoader;)Ljava/lang/Class;
D/dalvikvm(13815): VFY: replacing opcode 0x6e at 0x0000
I/ActivityManager( 1025): Process com.google.android.music:main (pid 4179) has died.
W/ActivityManager( 1025): Service ServiceRecord{4420cc18 u0 com.google.android.music/.net.NetworkMonitor} in process ProcessRecord{41fff3b0 4179:com.google.android.music:main/u0a82} not same as in map: null
W/ActivityManager( 1025): Service ServiceRecord{43ece528 u0 com.google.android.music/.preferences.MusicPreferenceService$MusicPreferenceServiceBinder} in process ProcessRecord{41fff3b0 4179:com.google.android.music:main/u0a82} not same as in map: null
W/ActivityManager( 1025): Service ServiceRecord{43e974b8 u0 com.google.android.music/.download.artwork.ArtDownloadService} in process ProcessRecord{41fff3b0 4179:com.google.android.music:main/u0a82} not same as in map: null
W/ActivityManager( 1025): Service ServiceRecord{43e26358 u0 com.google.android.music/.download.cache.TrackCacheService} in process ProcessRecord{41fff3b0 4179:com.google.android.music:main/u0a82} not same as in map: null
W/ActivityManager( 1025): Service ServiceRecord{43e1e4a8 u0 com.google.android.music/.download.TrackDownloadQueueService} in process ProcessRecord{41fff3b0 4179:com.google.android.music:main/u0a82} not same as in map: null
W/ActivityManager( 1025): Scheduling restart of crashed service com.google.android.music/.wear.WearDataTransferConnectionService in 1000ms
W/ActivityManager( 1025): Scheduling restart of crashed service com.google.android.music/.playback.MusicPlaybackService in 10999ms
D/DexLibLoader(13815): released odex store lock
D/DexLibLoader(13815): DexLibLoader.loadAll took 74 ms
D/WifiStateMachine( 1025): handleMessage: E msg.what=151572
D/WifiStateMachine( 1025): processMsg: ConnectedState
D/WifiStateMachine( 1025): processMsg: L2ConnectedState
D/WifiStateMachine( 1025): handleMessage: X
W/bp      (13815): Verify
I/SBar.NetworkController( 1119): refreshSignalCluster: mobile: Signal=zz_moto_stat_sys_signal_3_fully_wide Roaming=(none) mSimIconId=(none) Accessibility="Phone three bars.","Not roaming.",""
I/SFPerfTracer(  274):      triggers: (rate: 1142:450684) (345731 sw vsyncs) (1058236 skipped) (15:3390878 vsyncs) (17:4250541)
E/dalvikvm(13815): Could not find class 'org.apache.harmony.xnet.provider.jsse.OpenSSLSocketImpl', referenced from method com.facebook.ssl.openssl.a.b.<clinit>
W/dalvikvm(13815): VFY: unable to resolve const-class 10658 (Lorg/apache/harmony/xnet/provider/jsse/OpenSSLSocketImpl;) in Lcom/facebook/ssl/openssl/a/b;
D/dalvikvm(13815): VFY: replacing opcode 0x1c at 0x000d
E/dalvikvm(13815): Could not find class 'org.apache.harmony.xnet.provider.jsse.OpenSSLSocketFactoryImpl', referenced from method com.facebook.ssl.openssl.b.b.<clinit>
W/dalvikvm(13815): VFY: unable to resolve const-class 10657 (Lorg/apache/harmony/xnet/provider/jsse/OpenSSLSocketFactoryImpl;) in Lcom/facebook/ssl/openssl/b/b;
D/dalvikvm(13815): VFY: replacing opcode 0x1c at 0x000d
E/dalvikvm(13815): Could not find class 'org.apache.harmony.xnet.provider.jsse.SSLParametersImpl', referenced from method com.facebook.ssl.openssl.b.b.a
W/dalvikvm(13815): VFY: unable to resolve check-cast 10660 (Lorg/apache/harmony/xnet/provider/jsse/SSLParametersImpl;) in Lcom/facebook/ssl/openssl/b/b;
D/dalvikvm(13815): VFY: replacing opcode 0x1f at 0x0006
E/dalvikvm(13815): Could not find class 'org.apache.harmony.xnet.provider.jsse.SSLParametersImpl', referenced from method com.facebook.ssl.openssl.b.c.<clinit>
W/dalvikvm(13815): VFY: unable to resolve const-class 10660 (Lorg/apache/harmony/xnet/provider/jsse/SSLParametersImpl;) in Lcom/facebook/ssl/openssl/b/c;
D/dalvikvm(13815): VFY: replacing opcode 0x1c at 0x000d
W/dalvikvm(13815): VFY: unable to find class referenced in signature (Lorg/apache/harmony/xnet/provider/jsse/SSLParametersImpl;)
E/dalvikvm(13815): Could not find class 'org.apache.harmony.xnet.provider.jsse.ClientSessionContext', referenced from method com.facebook.ssl.openssl.b.c.a
W/dalvikvm(13815): VFY: unable to resolve check-cast 10656 (Lorg/apache/harmony/xnet/provider/jsse/ClientSessionContext;) in Lcom/facebook/ssl/openssl/b/c;
D/dalvikvm(13815): VFY: replacing opcode 0x1f at 0x0006
W/dalvikvm(13815): VFY: unable to find class referenced in signature (Lorg/apache/harmony/xnet/provider/jsse/SSLParametersImpl;)
W/dalvikvm(13815): Unable to resolve superclass of Lcom/facebook/ssl/openssl/TicketEnabledOpenSSLSocketImplWrapper; (10659)
W/dalvikvm(13815): Link of class 'Lcom/facebook/ssl/openssl/TicketEnabledOpenSSLSocketImplWrapper;' failed
E/dalvikvm(13815): Could not find class 'com.facebook.ssl.openssl.TicketEnabledOpenSSLSocketImplWrapper', referenced from method com.facebook.ssl.openssl.b.a
W/dalvikvm(13815): VFY: unable to resolve new-instance 7258 (Lcom/facebook/ssl/openssl/TicketEnabledOpenSSLSocketImplWrapper;) in Lcom/facebook/ssl/openssl/b;
D/dalvikvm(13815): VFY: replacing opcode 0x22 at 0x0000
W/dalvikvm(13815): Unable to resolve superclass of Lcom/facebook/ssl/openssl/TicketEnabledOpenSSLSocketImplWrapper; (10659)
W/dalvikvm(13815): Link of class 'Lcom/facebook/ssl/openssl/TicketEnabledOpenSSLSocketImplWrapper;' failed
D/dalvikvm(13815): DexOpt: unable to opt direct call 0x9f40 at 0x08 in Lcom/facebook/ssl/openssl/b;.a
W/msgr(:<default>):a(13815): Attempt to start service that is already started
D/dalvikvm(13815): Trying to load lib /data/app-lib/com.facebook.orca-2/libfbjni.so 0x41faf648
D/dalvikvm(13815): Added shared lib /data/app-lib/com.facebook.orca-2/libfbjni.so 0x41faf648
D/dalvikvm(13815): Trying to load lib /data/app-lib/com.facebook.orca-2/libheartbleed.so 0x41faf648
D/dalvikvm(13815): Added shared lib /data/app-lib/com.facebook.orca-2/libheartbleed.so 0x41faf648
I/ActivityManager( 1025): Start proc com.google.android.music:main for service com.google.android.music/.wear.WearDataTransferConnectionService: pid=13871 uid=10082 gids={50082, 3003, 1028, 1015}
D/WifiStateMachine( 1025): handleMessage: E msg.what=151572
D/WifiStateMachine( 1025): processMsg: ConnectedState
D/WifiStateMachine( 1025): processMsg: L2ConnectedState
D/WifiStateMachine( 1025): handleMessage: X
D/dalvikvm(13159): GC_CONCURRENT freed 7016K, 34% free 14085K/21140K, paused 3ms+9ms, total 91ms
I/MusicStore(13871): Database version: 107
D/WifiStateMachine( 1025): handleMessage: E msg.what=131155
D/WifiStateMachine( 1025): processMsg: ConnectedState
D/WifiStateMachine( 1025): processMsg: L2ConnectedState
D/WifiStateMachine( 1025): handleMessage: X
D/dalvikvm(13871): Trying to load lib /data/app-lib/com.google.android.gms-1/libgmscore.so 0x4204b9d8
D/dalvikvm(13871): Added shared lib /data/app-lib/com.google.android.gms-1/libgmscore.so 0x4204b9d8
D/dalvikvm(13871): No JNI_OnLoad found in /data/app-lib/com.google.android.gms-1/libgmscore.so 0x4204b9d8, skipping init
D/dalvikvm(13871): Trying to load lib /data/app-lib/com.google.android.gms-1/libconscrypt_gmscore_jni.so 0x4204b9d8
D/dalvikvm(13871): Added shared lib /data/app-lib/com.google.android.gms-1/libconscrypt_gmscore_jni.so 0x4204b9d8
V/JNIHelp (13871): Registering com/google/android/gms/org/conscrypt/NativeCrypto's 235 native methods...
W/ContextImpl( 1295): Calling a method in the system process without a qualified user: android.app.ContextImpl.sendBroadcast:1252 android.content.ContextWrapper.sendBroadcast:365 com.motorola.motocare.util.TriggerHelper$TriggerBuilder.send:76 com.motorola.motocare.internal.frameworkevents.PauseResumeTrigger.handleFrameworkEvent:53 com.motorola.motocare.internal.frameworkevents.FwEventMonitor$FrameworkListener.processFrameworkEvent:114 
W/ContextImpl( 1295): Calling a method in the system process without a qualified user: android.app.ContextImpl.sendBroadcast:1252 android.content.ContextWrapper.sendBroadcast:365 com.motorola.motocare.util.TriggerHelper$TriggerBuilder.send:76 com.motorola.motocare.internal.frameworkevents.PauseResumeTrigger.handleFrameworkEvent:53 com.motorola.motocare.internal.frameworkevents.FwEventMonitor$FrameworkListener.processFrameworkEvent:114 
W/ContextImpl( 1295): Calling a method in the system process without a qualified user: android.app.ContextImpl.sendBroadcast:1252 android.content.ContextWrapper.sendBroadcast:365 com.motorola.motocare.util.TriggerHelper$TriggerBuilder.send:76 com.motorola.motocare.internal.frameworkevents.PauseResumeTrigger.handleFrameworkEvent:53 com.motorola.motocare.internal.frameworkevents.FwEventMonitor$FrameworkListener.processFrameworkEvent:114 
W/ContextImpl( 1295): Calling a method in the system process without a qualified user: android.app.ContextImpl.sendBroadcast:1252 android.content.ContextWrapper.sendBroadcast:365 com.motorola.motocare.util.TriggerHelper$TriggerBuilder.send:76 com.motorola.motocare.internal.frameworkevents.PauseResumeTrigger.handleFrameworkEvent:53 com.motorola.motocare.internal.frameworkevents.FwEventMonitor$FrameworkListener.processFrameworkEvent:114 
D/CordovaActivity(12933): Incoming Result. Request code = 1
D/dalvikvm(13871): Trying to load lib /data/app-lib/com.google.android.gms-1/libgmscore.so 0x4204b9d8
D/dalvikvm(13871): Shared lib '/data/app-lib/com.google.android.gms-1/libgmscore.so' already loaded in same CL 0x4204b9d8
D/CordovaActivity(12933): We have a callback to send this result to
D/CordovaActivity(12933): Resuming the App
D/dalvikvm(13871): Trying to load lib /data/app-lib/com.google.android.gms-1/libconscrypt_gmscore_jni.so 0x4204b9d8
D/dalvikvm(13871): Shared lib '/data/app-lib/com.google.android.gms-1/libconscrypt_gmscore_jni.so' already loaded in same CL 0x4204b9d8
V/PhoneStatusBar( 1119): setLightsOn(true)
D/CordovaLog(12933): file:///android_asset/www/js/paypal_giftme.js: Line 90 : payment cancelled
I/chromium(12933): [INFO:CONSOLE(90)] "payment cancelled", source: file:///android_asset/www/js/paypal_giftme.js (90)
I/ProviderInstaller(13871): Installed default security provider GmsCore_OpenSSL
D/AndroidMusic(13871): GMSCore installation verified
I/ConfigStore(13871): Config Database version: 1
E/cutils  (  261): Failed to mkdirat(/storage/sdcard1/Android): Read-only file system
W/Vold    (  261): Returning OperationFailed - no handler for errno 30
W/ContextImpl(13871): Failed to ensure directory: /storage/sdcard1/Android/data/com.google.android.music/files
E/cutils  (  261): Failed to mkdirat(/storage/sdcard1/Android): Read-only file system
W/Vold    (  261): Returning OperationFailed - no handler for errno 30
W/ContextImpl(13871): Failed to ensure directory: /storage/sdcard1/Android/data/com.google.android.music/files
E/cutils  (  261): Failed to mkdirat(/storage/sdcard1/Android): Read-only file system
W/Vold    (  261): Returning OperationFailed - no handler for errno 30
W/ContextImpl(13871): Failed to ensure directory: /storage/sdcard1/Android/data/com.google.android.music/files
I/MediaRouter(13871): Found default route: MediaRouter.RouteInfo{ uniqueId=android/.support.v7.media.SystemMediaRouteProvider:DEFAULT_ROUTE, name=Phone, description=null, enabled=true, connecting=false, canDisconnect=false, playbackType=0, playbackStream=3, volumeHandling=1, volume=2, volumeMax=15, presentationDisplayId=-1, extras=null, settingsIntent=null, providerPackageName=android }
E/dalvikvm(13871): Could not find class 'android.app.Notification$MediaStyle', referenced from method com.google.android.music.playback.MusicPlaybackService.buildLNotification
W/dalvikvm(13871): VFY: unable to resolve new-instance 54 (Landroid/app/Notification$MediaStyle;) in Lcom/google/android/music/playback/MusicPlaybackService;
D/dalvikvm(13871): VFY: replacing opcode 0x22 at 0x001d
D/dalvikvm(13871): DexOpt: couldn't find field Landroid/app/Notification;.visibility
W/dalvikvm(13871): VFY: unable to resolve instance field 27
D/dalvikvm(13871): VFY: replacing opcode 0x59 at 0x0059
D/dalvikvm(13871): DexOpt: unable to opt direct call 0x0203 at 0x1f in Lcom/google/android/music/playback/MusicPlaybackService;.buildLNotification
D/WifiStateMachine( 1025): handleMessage: E msg.what=151572
D/WifiStateMachine( 1025): processMsg: ConnectedState
D/WifiStateMachine( 1025): processMsg: L2ConnectedState
I/dalvikvm(13871): Could not find method android.view.View.setClipToOutline, referenced from method com.google.android.music.leanback.LeanbackUtils.clipToOutline
W/dalvikvm(13871): VFY: unable to resolve virtual method 15104: Landroid/view/View;.setClipToOutline (Z)V
D/dalvikvm(13871): VFY: replacing opcode 0x6e at 0x0007
D/WifiStateMachine( 1025): handleMessage: X
V/ConfigFetchTask( 1567): ConfigFetchTask getDeviceDataVersionInfo(): ABFEt1VSL6KtTFf3DItxlOXTIQG324n0YkBMnxvyNbGSV9O0U_w3eVOpYCDTvFSWQSMTokIHsQY7Sobb9X20a6OFFtdUTXJMVP0Yzb0VdGXz9n_NdTW-4xKhHlLkW0XlbYISGpVgDAl65gRL0Ua80alchpoeigKlSJDAFySUcs6T3XDvcz8KkohBIusvL8mwGLsOFXRmjM707T-FTKodPSmgdYydOigw4-BZZTh5MzxR2vyR7SRQjfs2yL8Vjn4lW442PcuBvuwDzHq2zc1REBglFfLvLNws4wt1yovPB2E-5cdEntbiAaM
I/GoogleURLConnFactory( 1567): Using platform SSLCertificateSocketFactory
I/GHttpClientFactory(13871): Using the GMSCore's GoogleHttpClient
I/NetworkMonitor(13871): type=WIFI subType= reason=null isConnected=true
D/SystemUtils(13871): getSystemProperty: lpa.decode=true
D/LocalDevicePlayback(13871): LPAPlayer detected. Disabling gapless.
E/cutils  (  261): Failed to mkdirat(/storage/sdcard1/Android): Read-only file system
W/Vold    (  261): Returning OperationFailed - no handler for errno 30
W/ContextImpl(13871): Failed to ensure directory: /storage/sdcard1/Android/data/com.google.android.music/files
E/cutils  (  261): Failed to mkdirat(/storage/sdcard1/Android): Read-only file system
W/Vold    (  261): Returning OperationFailed - no handler for errno 30
W/ContextImpl(13871): Failed to ensure directory: /storage/sdcard1/Android/data/com.google.android.music/files
W/ArtDownloadService(13871): Setting cache size 0
D/dalvikvm(20136): GC_EXPLICIT freed 244K, 41% free 10191K/17224K, paused 2ms+4ms, total 52ms
I/NetworkMonitor(13871): type=WIFI subType= reason=null isConnected=true
E/ConnectionService(13871): Failed to connect to GoogleApiClient: ConnectionResult{statusCode=unknown status code 16, resolution=null}
I/LocalDevicePlayback(13871): Streaming client created.
I/ConfigFetchService( 1567): fetch service done; releasing wakelock
I/ConfigFetchService( 1567): stopping self
E/cutils  (  261): Failed to mkdirat(/storage/sdcard1/Android): Read-only file system
W/Vold    (  261): Returning OperationFailed - no handler for errno 30
W/ContextImpl(13871): Failed to ensure directory: /storage/sdcard1/Android/data/com.google.android.music/cache
E/cutils  (  261): Failed to mkdirat(/storage/sdcard1/Android): Read-only file system
W/Vold    (  261): Returning OperationFailed - no handler for errno 30
W/ContextImpl(13871): Failed to ensure directory: /storage/sdcard1/Android/data/com.google.android.music/cache
I/SFPerfTracer(  274):      triggers: (rate: 1272:50668) (compose: 0:256) (post: 0:21) (render: 90:10664) (0:797523 frames) (1:3354288)
D/SFPerfTracer(  274):        layers: (3:12) (DimLayer: 0:158)* (DimLayer: 0:142)* (FocusedStackFrame: 0:22386)* (StatusBar: 0:269068) (NavigationBar: 0:207211) (DimLayer: 0:25861)* (DimLayer: 0:4905)* (com.android.wallpaper.fall.FallWallpaper: 0:1402)* (co.giftmeapp.gift_me/co.giftmeapp.gift_me.GiftMe: 0:112)* (co.giftmeapp.gift_me/com.paypal.android.sdk.payments.PaymentActivity: 0:23)* (co.giftmeapp.gift_me/com.paypal.android.sdk.payments.PaymentMethodActivity: 0:66)* (co.giftmeapp.gift_me/co.giftmeapp.gift_me.GiftMe: 1:7) 
D/Ulp_jni ( 1025): Location CB invoked
W/UnimplementedWebViewApi(12933): Unimplemented WebView method onKeyDown called from: android.webkit.WebView.onKeyDown(WebView.java:2178)
D/Sensors ( 1025): AccelerationSensor: set delay 200
D/WifiStateMachine( 1025): handleMessage: E msg.what=151572
D/WifiStateMachine( 1025): processMsg: ConnectedState
D/WifiStateMachine( 1025): processMsg: L2ConnectedState
D/dalvikvm(23032): GC_CONCURRENT freed 1989K, 38% free 10822K/17224K, paused 7ms+4ms, total 86ms
D/dalvikvm(23032): WAIT_FOR_CONCURRENT_GC blocked 57ms
D/WifiStateMachine( 1025): handleMessage: X
I/SFPerfTracer(  274):      triggers: (rate: 1142:450684) (345731 sw vsyncs) (1058236 skipped) (70:3390982 vsyncs) (72:4250650)
D/WifiStateMachine( 1025): handleMessage: E msg.what=151572
D/WifiStateMachine( 1025): processMsg: ConnectedState
D/WifiStateMachine( 1025): processMsg: L2ConnectedState
D/WifiStateMachine( 1025): handleMessage: X
D/WifiStateMachine( 1025): handleMessage: E msg.what=131155
D/WifiStateMachine( 1025): processMsg: ConnectedState
D/WifiStateMachine( 1025): processMsg: L2ConnectedState
D/WifiStateMachine( 1025): handleMessage: X
I/SFPerfTracer(  274):      triggers: (rate: 1272:50668) (compose: 0:256) (post: 0:21) (render: 90:10664) (0:797523 frames) (1:3354388)
D/SFPerfTracer(  274):        layers: (3:9) (DimLayer: 0:158)* (DimLayer: 0:142)* (FocusedStackFrame: 0:22386)* (StatusBar: 0:269068) (NavigationBar: 0:207246) (DimLayer: 0:25861)* (DimLayer: 0:4905)* (com.android.wallpaper.fall.FallWallpaper: 0:1402)* (co.giftmeapp.gift_me/co.giftmeapp.gift_me.GiftMe: 1:99) 
I/SBar.NetworkController( 1119): onSignalStrengthsChanged SignalStrength: 13 0 -120 -160 -120 -1 -1 99 2147483647 2147483647 2147483647 2147483647 2147483647 gsm|lte 0 -108 -1 false 4 4 0 0 0 99 99 99 4 level=4
I/SBar.NetworkController( 1119): refreshSignalCluster: mobile: Signal=zz_moto_stat_sys_signal_4_fully_wide Roaming=(none) mSimIconId=(none) Accessibility="Phone signal full.","Not roaming.",""
W/BroadcastQueue( 1025): Permission Denial: broadcasting Intent { act=android.net.conn.INET_CONDITION_ACTION flg=0x4000010 (has extras) } from null (pid=-1, uid=-1) requires com.facebook.permission.prod.FB_APP_COMMUNICATION due to registered receiver BroadcastFilter{427de908 u0 ReceiverList{42879370 13815 com.facebook.orca/10147/u0 remote:421d8378}}
W/BroadcastQueue( 1025): Permission Denial: broadcasting Intent { act=android.net.conn.CONNECTIVITY_CHANGE flg=0x4000010 (has extras) } from null (pid=-1, uid=-1) requires com.facebook.permission.prod.FB_APP_COMMUNICATION due to registered receiver BroadcastFilter{427de908 u0 ReceiverList{42879370 13815 com.facebook.orca/10147/u0 remote:421d8378}}
W/dalvikvm(13815): Unable to resolve superclass of Lcom/facebook/push/adm/ADMBroadcastReceiver; (566)
W/dalvikvm(13815): Link of class 'Lcom/facebook/push/adm/ADMBroadcastReceiver;' failed
E/dalvikvm(13815): Could not find class 'com.facebook.push.adm.ADMBroadcastReceiver', referenced from method com.facebook.push.adm.a.b
W/dalvikvm(13815): VFY: unable to resolve const-class 6907 (Lcom/facebook/push/adm/ADMBroadcastReceiver;) in Lcom/facebook/push/adm/a;
D/dalvikvm(13815): VFY: replacing opcode 0x1c at 0x000e
D/WifiStateMachine( 1025): handleMessage: E msg.what=151572
D/WifiStateMachine( 1025): processMsg: ConnectedState
D/WifiStateMachine( 1025): processMsg: L2ConnectedState
D/WifiStateMachine( 1025): handleMessage: X
D/dalvikvm( 1025): GC_EXPLICIT freed 776K, 36% free 32323K/50444K, paused 7ms+20ms, total 228ms
W/msgr(:<default>):a(13815): Attempt to start service that is already started
W/msgr(:<default>):a(13815): Attempt to start service that is already started
W/BroadcastQueue( 1025): Permission Denial: broadcasting Intent { act=android.net.conn.CONNECTIVITY_CHANGE flg=0x4000010 (has extras) } from null (pid=-1, uid=-1) requires com.facebook.permission.prod.FB_APP_COMMUNICATION due to registered receiver BroadcastFilter{434b39c0 u0 ReceiverList{438820d0 13815 com.facebook.orca/10147/u0 remote:4341f900}}
I/SFPerfTracer(  274):      triggers: (rate: 1142:450684) (345731 sw vsyncs) (1058236 skipped) (107:3391089 vsyncs) (109:4250759)
I/ActivityManager( 1025): Process com.facebook.katana (pid 13159) has died.
W/ActivityManager( 1025): Scheduling restart of crashed service com.facebook.katana/com.facebook.push.mqtt.service.MqttPushService in 1428096ms
D/WifiService( 1025): Client connection lost with reason: 4
D/WifiStateMachine( 1025): handleMessage: E msg.what=151572
D/WifiStateMachine( 1025): processMsg: ConnectedState
D/WifiStateMachine( 1025): processMsg: L2ConnectedState
D/WifiStateMachine( 1025): handleMessage: X
V/AlarmManager( 1025): sending alarm Alarm{43230e00 type 2 com.facebook.katana}
V/AlarmManager( 1025): sending alarm Alarm{4322ffc0 type 2 com.facebook.orca}
V/AlarmManager( 1025): sending alarm Alarm{432297c0 type 0 com.android.vending}
I/ActivityManager( 1025): Start proc com.android.vending for service com.android.vending/com.google.android.finsky.services.ContentSyncService: pid=13989 uid=10039 gids={50039, 3003, 1028, 1015}
D/Finsky  (13989): [1] FinskyApp.onCreate: Initializing network with DFE https://android.clients.google.com/fdfe/
D/WifiStateMachine( 1025): handleMessage: E msg.what=151572
D/WifiStateMachine( 1025): processMsg: ConnectedState
D/WifiStateMachine( 1025): processMsg: L2ConnectedState
D/WifiStateMachine( 1025): handleMessage: X
E/GmsUtils(13871): Failed to connect to Google API client: ConnectionResult{statusCode=unknown status code 16, resolution=null}
E/GmsUtils(13871): Failed to connect to Google API client: ConnectionResult{statusCode=unknown status code 16, resolution=null}
I/MusicLeanback(13871): Conditions not met for autocaching.
I/MusicLeanback(13871): Stop autocaching.
D/Finsky  (13989): [1] DailyHygiene.goMakeHygieneIfDirty: No need to run daily hygiene.
W/Settings(13989): Setting download_manager_max_bytes_over_mobile has moved from android.provider.Settings.Secure to android.provider.Settings.Global.
W/Settings(13989): Setting download_manager_recommended_max_bytes_over_mobile has moved from android.provider.Settings.Secure to android.provider.Settings.Global.
I/dalvikvm(13989): Could not find method com.google.android.play.layout.PlayCardViewBase.setTransitionName, referenced from method com.google.android.finsky.utils.PlayCardUtils.bindCard
W/dalvikvm(13989): VFY: unable to resolve virtual method 42705: Lcom/google/android/play/layout/PlayCardViewBase;.setTransitionName (Ljava/lang/String;)V
D/dalvikvm(13989): VFY: replacing opcode 0x6e at 0x00d9
I/dalvikvm(13989): Could not find method com.google.android.play.layout.PlayCardViewBase.setTransitionGroup, referenced from method com.google.android.finsky.utils.PlayCardUtils.bindCard
W/dalvikvm(13989): VFY: unable to resolve virtual method 42704: Lcom/google/android/play/layout/PlayCardViewBase;.setTransitionGroup (Z)V
D/dalvikvm(13989): VFY: replacing opcode 0x6e at 0x0246
I/dalvikvm(13989): Could not find method android.view.View.getTransitionName, referenced from method com.google.android.finsky.navigationmanager.NavigationManager.showPage
W/dalvikvm(13989): VFY: unable to resolve virtual method 9352: Landroid/view/View;.getTransitionName ()Ljava/lang/String;
D/dalvikvm(13989): VFY: replacing opcode 0x6e at 0x001a
D/Finsky  (13989): [1] 2.run: Loaded library for account: [gKXbJhL8NA2nPUzZyFpjB6tKi7U]
D/Finsky  (13989): [1] 2.run: Finished loading 1 libraries.
D/WifiStateMachine( 1025): handleMessage: E msg.what=131155
D/WifiStateMachine( 1025): processMsg: ConnectedState
D/WifiStateMachine( 1025): processMsg: L2ConnectedState
D/WifiStateMachine( 1025): handleMessage: X
I/ConfigService(20136): onDestroy
D/Finsky  (13989): [1] GmsCoreHelper.cleanupNlp: result=false type=4
D/Finsky  (13989): [1] RestoreTracker.stopServiceIfDone: Restore complete with 0 success and 0 failed.
D/CordovaLog(12933): file:///android_asset/www/js/ratchet.min.js: Line 10 : Uncaught SyntaxError: Failed to execute 'querySelector' on 'Document': '#give-gift/10205162835322984/147/' is not a valid selector.
I/chromium(12933): [INFO:CONSOLE(10)] "Uncaught SyntaxError: Failed to execute 'querySelector' on 'Document': '#give-gift/10205162835322984/147/' is not a valid selector.", source: file:///android_asset/www/js/ratchet.min.js (10)
I/dalvikvm(13989): Total arena pages for JIT: 11
I/dalvikvm(13989): Total arena pages for JIT: 12
I/dalvikvm(13989): Total arena pages for JIT: 13
I/dalvikvm(13989): Total arena pages for JIT: 14
D/WifiStateMachine( 1025): handleMessage: E msg.what=151572
D/WifiStateMachine( 1025): processMsg: ConnectedState
D/WifiStateMachine( 1025): processMsg: L2ConnectedState
D/WifiStateMachine( 1025): handleMessage: X
V/AlarmManager( 1025): sending alarm Alarm{42a1f5d0 type 2 com.google.android.gms}
D/Sensors ( 1025): AccelerationSensor: set delay 20
D/Finsky  (13989): [1] 5.onFinished: Installation state replication succeeded.
D/WifiStateMachine( 1025): handleMessage: E msg.what=151572
D/WifiStateMachine( 1025): processMsg: ConnectedState
D/WifiStateMachine( 1025): processMsg: L2ConnectedState
D/WifiStateMachine( 1025): handleMessage: X
D/CordovaLog(12933): file:///android_asset/www/js/GiveGiftView.js: Line 17 : GIFTME - buy now clicked
I/chromium(12933): [INFO:CONSOLE(17)] "GIFTME - buy now clicked", source: file:///android_asset/www/js/GiveGiftView.js (17)
I/ActivityManager( 1025): START u0 {cmp=co.giftmeapp.gift_me/com.paypal.android.sdk.payments.PaymentActivity (has extras)} from pid 12933
D/CordovaActivity(12933): Paused the application!
D/CordovaWebView(12933): Handle the pause
W/ContextImpl( 1295): Calling a method in the system process without a qualified user: android.app.ContextImpl.sendBroadcast:1252 android.content.ContextWrapper.sendBroadcast:365 com.motorola.motocare.util.TriggerHelper$TriggerBuilder.send:76 com.motorola.motocare.internal.frameworkevents.PauseResumeTrigger.handleFrameworkEvent:53 com.motorola.motocare.internal.frameworkevents.FwEventMonitor$FrameworkListener.processFrameworkEvent:114 
W/ContextImpl( 1295): Calling a method in the system process without a qualified user: android.app.ContextImpl.sendBroadcast:1252 android.content.ContextWrapper.sendBroadcast:365 com.motorola.motocare.util.TriggerHelper$TriggerBuilder.send:76 com.motorola.motocare.internal.frameworkevents.PauseResumeTrigger.handleFrameworkEvent:53 com.motorola.motocare.internal.frameworkevents.FwEventMonitor$FrameworkListener.processFrameworkEvent:114 
D/LightsService( 1025): Excessive delay setting light: 63ms
D/dalvikvm(12933): GC_FOR_ALLOC freed 1023K, 29% free 12305K/17224K, paused 39ms, total 40ms
I/dalvikvm-heap(12933): Grow heap (frag case) to 14.366MB for 330016-byte allocation
W/PluginManager(12933): THREAD WARNING: exec() call to PayPalMobile.renderSinglePaymentUI blocked the main thread for 82ms. Plugin should use CordovaInterface.getThreadPool().
W/PaymentActivity(12933): Please add PayPalService.EXTRA_PAYPAL_CONFIGURATION to this activity for restart resiliency.
I/ActivityManager( 1025): START u0 {cmp=co.giftmeapp.gift_me/com.paypal.android.sdk.payments.PaymentMethodActivity (has extras)} from pid 12933
W/ContextImpl( 1295): Calling a method in the system process without a qualified user: android.app.ContextImpl.sendBroadcast:1252 android.content.ContextWrapper.sendBroadcast:365 com.motorola.motocare.util.TriggerHelper$TriggerBuilder.send:76 com.motorola.motocare.internal.frameworkevents.PauseResumeTrigger.handleFrameworkEvent:53 com.motorola.motocare.internal.frameworkevents.FwEventMonitor$FrameworkListener.processFrameworkEvent:114 
W/ContextImpl( 1295): Calling a method in the system process without a qualified user: android.app.ContextImpl.sendBroadcast:1252 android.content.ContextWrapper.sendBroadcast:365 com.motorola.motocare.util.TriggerHelper$TriggerBuilder.send:76 com.motorola.motocare.internal.frameworkevents.PauseResumeTrigger.handleFrameworkEvent:53 com.motorola.motocare.internal.frameworkevents.FwEventMonitor$FrameworkListener.processFrameworkEvent:114 
I/SFPerfTracer(  274):      triggers: (rate: 1272:50668) (compose: 0:256) (post: 0:21) (render: 90:10664) (4:797527 frames) (5:3354488)
D/SFPerfTracer(  274):        layers: (3:10) (DimLayer: 0:158)* (DimLayer: 0:142)* (FocusedStackFrame: 0:22387)* (StatusBar: 0:269072) (NavigationBar: 0:207246) (DimLayer: 0:25861)* (DimLayer: 0:4905)* (com.android.wallpaper.fall.FallWallpaper: 0:1402)* (co.giftmeapp.gift_me/co.giftmeapp.gift_me.GiftMe: 0:190) (co.giftmeapp.gift_me/com.paypal.android.sdk.payments.PaymentActivity: 5:5)* 
V/PhoneStatusBar( 1119): setLightsOn(true)
D/WifiStateMachine( 1025): handleMessage: E msg.what=151572
D/WifiStateMachine( 1025): processMsg: ConnectedState
D/WifiStateMachine( 1025): processMsg: L2ConnectedState
D/WifiStateMachine( 1025): handleMessage: X
