V/AlarmManager(  588): sending alarm PendingIntent{425d74d0: PendingIntentRecord{425d7430 android broadcastIntent}}, intent=com.android.server.WifiManager.action.UPDATE_WIFI_STATE, type=RTC_WAKEUP, count=1, when=1427826179372, repeateInterval=0
D/BatteryService(  588): updateBatteryStats: update triggered by UEvent.
D/PowerManagerService(  588): acquireWakeLock(429cc2c8): PARTIAL_WAKE_LOCK , tag=BatteryServiceUpdateStats, flags=0x1, pid=588, uid=1000, mUserState=0x0
D/PowerUI (  811): closing low battery warning: level=20
D/WifiService(  588): ACTION_BATTERY_CHANGED pluggedType: 2
D/NotificationService(  588): mIntentReceiver() Intent.ACTION_BATTERY_CHANGED
D/PowerManagerService(  588): runHtcPowerSaverCheck ======================================
D/PowerUI (  811): plugged = true, health = 2, mBatteryLevel = 20, mPluggedBatteryLevel = 12, mLowBatteryWarningLevel2 = 25, mshowLowChargingWarning2 = true
D/PowerManagerService(  588): releaseWakeLock(429cc2c8): PARTIAL_WAKE_LOCK , tag=BatteryServiceUpdateStats, flags=0x1
D/PowerManagerService(  588): acquireWakeLock(426b4680): PARTIAL_WAKE_LOCK , tag=RILJ, flags=0x1, pid=946, uid=1001, mUserState=0x0
I/WindowManager(  588): Lock screen displayed!
V/LightsService(  588): setLight #0: color=#ff7d7d7d
D/PowerManagerService(  588): acquireWakeLock(4229afb0): PARTIAL_WAKE_LOCK , tag=GCoreFlp, flags=0x1, pid=27811, uid=10017, mUserState=0x0
D/PowerManagerService(  588): releaseWakeLock(4229afb0): PARTIAL_WAKE_LOCK , tag=GCoreFlp, flags=0x1
D/TELEPHONY_CALLBACK(  811): @onSignalStrengthChanged: SignalStrength: 7 -1 -1 -1 -1 -1 -1 -1 -1 -1 2147483647 -1 gsm|lte
D/StatusBar.NetworkController(  811): dumpState[hasService=true ServiceState=0 home 3 3 27202  UMTS CSS not supported -1 -1 RoamInd=-1 DefRoamInd=-1EriInd= -1EriMode= -1RadioPowerSv: false EmergOnly=false PhoneType: 1 IsCdma=false SimState=UNKNOWN GprsState=0 DataState=Disconnected DataActivity=NONE NetworkType=UMTS HtcModemLinkOn=false HspaDataDistinquishable=true]
D/SIGNAL_ICON(  811): updateTelephonySignalStrength
D/SIGNAL_ICON(  811): fakeui srv=0 mTimerEnabled=false asu=7
D/SIGNAL_ICON(  811): asu=7
D/SIGNAL_ICON(  811): SUPPORT_5_LEVEL_SIGNAL
D/SIGNAL_ICON(  811): mapTelephonySignalStrength
D/SIGNAL_ICON(  811): maxLevel=5 asu=7 networkType=UMTS
D/SIGNAL_ICON(  811): return iconLevel=2
D/PowerManagerService(  588): releaseWakeLock(426b4680): PARTIAL_WAKE_LOCK , tag=RILJ, flags=0x1
I/TelephonyRegistry(  588): notifyDataConnection: state=0 isDataConnectivityPossible=true reason='nwTypeChanged' apn='null' apnType=default networkType=10 roaming=false errorCause=0preConn = []
D/SIGNAL_ICON(  811): refreshViews: mPhoneSignalIconId -> stat_sys_5signal_2
D/StatusBar.NetworkController(  811): dumpIconState[dataVisible=false dataIconId=stat_sys_data_out_3g_plus signalIconId=stat_sys_5signal_2 wifiVisible=true wifiIconId=stat_sys_wifi_signal_4 airplaneMode=false]
D/TELEPHONY_CALLBACK(  811): @onServiceStateChanged: 0 home 3 3 27202  HSPA CSS not supported -1 -1 RoamInd=-1 DefRoamInd=-1EriInd= -1EriMode= -1RadioPowerSv: false EmergOnly=false PhoneType: 1
D/PowerManagerService(  588): acquireWakeLock(425295e8): PARTIAL_WAKE_LOCK , tag=Wakeful StateMachine: GeofencerStateMachine, flags=0x1, pid=27811, uid=10017, mUserState=0x0
D/MobileDataStateTracker(  588): default: Broadcast received: ignore android.intent.action.SERVICE_STATE
D/StatusBar.NetworkController(  811): dumpState[hasService=true ServiceState=0 home 3 3 27202  HSPA CSS not supported -1 -1 RoamInd=-1 DefRoamInd=-1EriInd= -1EriMode= -1RadioPowerSv: false EmergOnly=false PhoneType: 1 IsCdma=false SimState=UNKNOWN GprsState=0 DataState=Disconnected DataActivity=NONE NetworkType=UMTS HtcModemLinkOn=false HspaDataDistinquishable=true]
D/SIGNAL_ICON(  811): updateTelephonySignalStrength
D/SIGNAL_ICON(  811): fakeui srv=0 mTimerEnabled=false asu=7
D/SIGNAL_ICON(  811): asu=7
D/SIGNAL_ICON(  811): SUPPORT_5_LEVEL_SIGNAL
D/SIGNAL_ICON(  811): mapTelephonySignalStrength
D/SIGNAL_ICON(  811): maxLevel=5 asu=7 networkType=UMTS
D/SIGNAL_ICON(  811): return iconLevel=2
D/DATA_ICON(  811): updateDataNetType: networkType=UMTS
D/DATA_ICON(  811): updateDataIcon
D/MobileDataStateTracker(  588): mms: Broadcast received: ignore android.intent.action.SERVICE_STATE
D/DATA_ICON(  811): NOP
D/StatusBar.NetworkController(  811): dumpIconState[dataVisible=false dataIconId=stat_sys_data_out_3g_plus signalIconId=stat_sys_5signal_2 wifiVisible=true wifiIconId=stat_sys_wifi_signal_4 airplaneMode=false]
D/TELEPHONY_CALLBACK(  811): @onDataConnectionStateChanged: dataState=0 networkType=HSPA
D/PowerManagerService(  588): releaseWakeLock(425295e8): PARTIAL_WAKE_LOCK , tag=Wakeful StateMachine: GeofencerStateMachine, flags=0x1
D/StatusBar.NetworkController(  811): dumpState[hasService=true ServiceState=0 home 3 3 27202  HSPA CSS not supported -1 -1 RoamInd=-1 DefRoamInd=-1EriInd= -1EriMode= -1RadioPowerSv: false EmergOnly=false PhoneType: 1 IsCdma=false SimState=UNKNOWN GprsState=0 DataState=Disconnected DataActivity=NONE NetworkType=HSPA HtcModemLinkOn=false HspaDataDistinquishable=true]
D/DATA_ICON(  811): updateDataNetType: networkType=HSPA
D/DATA_ICON(  811): updateDataIcon
D/MobileDataStateTracker(  588): supl: Broadcast received: ignore android.intent.action.SERVICE_STATE
D/DATA_ICON(  811): NOP
D/StatusBar.NetworkController(  811): dumpIconState[dataVisible=false dataIconId=stat_sys_data_out_3g_plus signalIconId=stat_sys_5signal_2 wifiVisible=true wifiIconId=stat_sys_wifi_signal_4 airplaneMode=false]
D/MobileDataStateTracker(  588): dun: Broadcast received: ignore android.intent.action.SERVICE_STATE
D/MobileDataStateTracker(  588): hipri: Broadcast received: ignore android.intent.action.SERVICE_STATE
D/WifiService(  588): Got ACTION_UPDATE_WIFI_STATE
D/WifiService(  588): updateWifiState(): wifiApEnabled: false, wifiApAirplaneMode: falsegetWifiEnabledState(): 3, getWifiApEnabledState: 11
D/WifiService(  588): updateWifiState(): mAirplaneModeOn.get(): false, mPersistWifiState.get(): 1
D/WifiService(  588): updateWifiState(): mEmergencyCallbackMode: false, mDeviceIdle: false, lockHeld: true, mStopWifiRequested:false
D/WifiService(  588): updateWifiState(): enable and start wifi
D/PowerManagerService(  588): releaseWakeLock(42a16b60): PARTIAL_WAKE_LOCK , tag=AlarmManager, flags=0x1
D/MobileDataStateTracker(  588): fota: Broadcast received: ignore android.intent.action.SERVICE_STATE
D/MobileDataStateTracker(  588): ims: Broadcast received: ignore android.intent.action.SERVICE_STATE
D/MobileDataStateTracker(  588): null: Broadcast received: ignore android.intent.action.SERVICE_STATE
D/PowerManagerService(  588): acquireWakeLock(424d7268): PARTIAL_WAKE_LOCK , tag=RILJ, flags=0x1, pid=946, uid=1001, mUserState=0x0
D/MobileDataStateTracker(  588): httpproxy: Broadcast received: ignore android.intent.action.SERVICE_STATE
D/PowerManagerService(  588): releaseWakeLock(424d7268): PARTIAL_WAKE_LOCK , tag=RILJ, flags=0x1
D/WifiStateMachine(  588): fetchRssiAndLinkSpeedNative send RSSIChange intent, newSignalLevel =3mLastSignalLevel = -1
D/MobileDataStateTracker(  588): admin: Broadcast received: ignore android.intent.action.SERVICE_STATE
D/MobileDataStateTracker(  588): internet: Broadcast received: ignore android.intent.action.SERVICE_STATE
D/MobileDataStateTracker(  588): null: Broadcast received: ignore android.intent.action.SERVICE_STATE
D/MobileDataStateTracker(  588): cmmail: Broadcast received: ignore android.intent.action.SERVICE_STATE
D/WIFI_ICON(  811): updateWifiState: action=android.net.wifi.RSSI_CHANGED newRssi=-43 freq=2412 newLevel=3 lastWifiLevel=3
D/StatusBar.NetworkController(  811): dumpIconState[dataVisible=false dataIconId=stat_sys_data_out_3g_plus signalIconId=stat_sys_5signal_2 wifiVisible=true wifiIconId=stat_sys_wifi_signal_4 airplaneMode=false]
D/MobileDataStateTracker(  588): null: Broadcast received: ignore android.intent.action.SERVICE_STATE
D/MobileDataStateTracker(  588): cmail: Broadcast received: ignore android.intent.action.SERVICE_STATE
D/PowerManagerService(  588): releaseWakeLock(42b74fa8): PARTIAL_WAKE_LOCK , tag=sleep_broadcast, flags=0x1
D/MobileDataStateTracker(  588): entitle: Broadcast received: ignore android.intent.action.SERVICE_STATE
D/MobileDataStateTracker(  588): null: Broadcast received: ignore android.intent.action.SERVICE_STATE
D/MobileDataStateTracker(  588): bip: Broadcast received: ignore android.intent.action.SERVICE_STATE
D/MobileDataStateTracker(  588): default: Broadcast received: ACTION_ANY_DATA_CONNECTION_STATE_CHANGED mApnType=default == received apnType=default
D/MobileDataStateTracker(  588): default: Received state=DISCONNECTED, old=DISCONNECTED, reason=nwTypeChanged
D/MobileDataStateTracker(  588): default: mMobileDataState=DISCONNECTED mTeardownRequested=true got [AnyDataCSC] : type=default state=DISCONNECTED reason=nwTypeChanged apn=null roaming=false unavailable=false NetworkType=10 NetworkTypeName=HSPA entitleError=0
D/PowerManagerService(  588): acquireWakeLock(42adf600): PARTIAL_WAKE_LOCK , tag=NlpWakeLock, flags=0x1, pid=27811, uid=10017, mUserState=0x0
D/PowerManagerService(  588): acquireWakeLock(42446de0): PARTIAL_WAKE_LOCK , tag=SWITCH_NETWORK_MODE_WAKE_LOCK, flags=0x1, pid=897, uid=10014, mUserState=0x0
D/WifiService(  588): acquireWifiLockLocked: WifiLock{NlpWifiLock type=2 binder=android.os.BinderProxy@426c42d8}
D/WifiService(  588): updateWifiState(): wifiApEnabled: false, wifiApAirplaneMode: falsegetWifiEnabledState(): 3, getWifiApEnabledState: 11
D/WifiService(  588): updateWifiState(): mAirplaneModeOn.get(): false, mPersistWifiState.get(): 1
D/WifiService(  588): updateWifiState(): mEmergencyCallbackMode: false, mDeviceIdle: false, lockHeld: true, mStopWifiRequested:false
D/WifiService(  588): updateWifiState(): enable and start wifi
D/PowerManagerService(  588): releaseWakeLock(42446de0): PARTIAL_WAKE_LOCK , tag=SWITCH_NETWORK_MODE_WAKE_LOCK, flags=0x1
D/PowerManagerService(  588): acquireWakeLock(420a3920): PARTIAL_WAKE_LOCK , tag=RILJ, flags=0x1, pid=946, uid=1001, mUserState=0x0
D/PowerManagerService(  588): releaseWakeLock(420a3920): PARTIAL_WAKE_LOCK , tag=RILJ, flags=0x1
D/PowerManagerService(  588): acquireWakeLock(42a3f150): PARTIAL_WAKE_LOCK , tag=AlarmManager, flags=0x1, pid=588, uid=1000, mUserState=0x0
V/AlarmManager(  588): sending alarm PendingIntent{422c63f8: PendingIntentRecord{42482cd0 android broadcastIntent}}, intent=android.intent.action.TIME_TICK, type=RTC, count=1, when=1427826180000, repeateInterval=0
D/PowerManagerService(  588): releaseWakeLock(42a3f150): PARTIAL_WAKE_LOCK , tag=AlarmManager, flags=0x1
D/PowerManagerService(  588): releaseWakeLock(42efadb0): FULL_WAKE_LOCK ACQUIRE_CAUSES_WAKEUP , tag=keyguard, flags=0x1000001a
D/PhoneStatusBar(  811): disable: < expand icons alerts ticker system_info back home recent* clock >
D/PowerManagerService(  588): acquireWakeLock(42816250): PARTIAL_WAKE_LOCK , tag=IdleScreen:command_15, flags=0x1, pid=885, uid=10102, mUserState=0x3
D/PowerManagerService(  588): acquireWakeLock(4293b828): PARTIAL_WAKE_LOCK , tag=IdleScreen:event_15, flags=0x1, pid=885, uid=10102, mUserState=0x3
D/PowerManagerService(  588): acquireWakeLock(42278ef0): PARTIAL_WAKE_LOCK , tag=IdleScreen_base:remote_15, flags=0x1, pid=885, uid=10102, mUserState=0x3
D/PowerManagerService(  588): releaseWakeLock(42816250): PARTIAL_WAKE_LOCK , tag=IdleScreen:command_15, flags=0x1
D/PowerManagerService(  588): acquireWakeLock(426e3ea8): PARTIAL_WAKE_LOCK , tag=*net_scheduler*, flags=0x1, pid=27794, uid=10017, mUserState=0x3
D/PowerManagerService(  588): releaseWakeLock(426e3ea8): PARTIAL_WAKE_LOCK , tag=*net_scheduler*, flags=0x1
V/LocationManagerService(  588): In requestLocationUpdates. provider passiveminTime: 5000single shot: false Receiver: Receiver{42096a60 Intent PendingIntent{422c9948: PendingIntentRecord{42b6b310 com.htc.htclocationservice startService}}}mUpdateRecords: {passive=UpdateRecord{427cf9e0 mProvider: passive mUid: 10014}}
V/LocationManagerService(  588): In requestLocationUpdatesLocked. provider: passive requiredPermissions: android.permission.ACCESS_FINE_LOCATION
I/LocationManagerService(  588): request passive (pid 897) 5000 0
V/LocationManagerService(  588): [LGPS] _requestLocationUpdates: enableLocationTracking(true)
D/LocationManagerService(  588): _requestLocationUpdates: provider = passive listener = Receiver{42096a60 Intent PendingIntent{422c9948: PendingIntentRecord{42b6b310 com.htc.htclocationservice startService}}}mUpdateRecords: {passive=UpdateRecord{42bbf3c0 mProvider: passive mUid: 10014}}
D/PowerManagerService(  588): releaseWakeLock(4293b828): PARTIAL_WAKE_LOCK , tag=IdleScreen:event_15, flags=0x1
D/PowerManagerService(  588): releaseWakeLock(42278ef0): PARTIAL_WAKE_LOCK , tag=IdleScreen_base:remote_15, flags=0x1
D/PowerManagerService(  588): acquireWakeLock(42d37298): PARTIAL_WAKE_LOCK , tag=NlpWakeLock, flags=0x1, pid=27811, uid=10017, mUserState=0x3
W/InputMethodManagerService(  588): Window already focused, ignoring focus gain of: com.android.internal.view.IInputMethodClient$Stub$Proxy@42d3e460 attribute=android.view.inputmethod.EditorInfo@42296010
D/PowerManagerService(  588): acquireWakeLock(42295fd8): PARTIAL_WAKE_LOCK , tag=NlpWakeLock, flags=0x1, pid=27811, uid=10017, mUserState=0x3
D/PowerManagerService(  588): acquireWakeLock(4267e950): PARTIAL_WAKE_LOCK , tag=GCoreFlp, flags=0x1, pid=27811, uid=10017, mUserState=0x3
D/PowerManagerService(  588): releaseWakeLock(42d37298): PARTIAL_WAKE_LOCK , tag=NlpWakeLock, flags=0x1
D/PowerManagerService(  588): acquireWakeLock(428ca568): PARTIAL_WAKE_LOCK , tag=GCoreFlp, flags=0x1, pid=27811, uid=10017, mUserState=0x3
D/PowerManagerService(  588): releaseWakeLock(4267e950): PARTIAL_WAKE_LOCK , tag=GCoreFlp, flags=0x1
D/PowerManagerService(  588): releaseWakeLock(42295fd8): PARTIAL_WAKE_LOCK , tag=NlpWakeLock, flags=0x1
D/PowerManagerService(  588): acquireWakeLock(42bce0e8): PARTIAL_WAKE_LOCK , tag=GCoreFlp, flags=0x1, pid=27811, uid=10017, mUserState=0x3
D/PowerManagerService(  588): releaseWakeLock(42bce0e8): PARTIAL_WAKE_LOCK , tag=GCoreFlp, flags=0x1
D/PowerManagerService(  588): releaseWakeLock(428ca568): PARTIAL_WAKE_LOCK , tag=GCoreFlp, flags=0x1
D/WifiService(  588): releaseWifiLockLocked: WifiLock{NlpWifiLock type=2 binder=android.os.BinderProxy@426c42d8}
D/WifiService(  588): updateWifiState(): wifiApEnabled: false, wifiApAirplaneMode: falsegetWifiEnabledState(): 3, getWifiApEnabledState: 11
D/WifiService(  588): updateWifiState(): mAirplaneModeOn.get(): false, mPersistWifiState.get(): 1
D/WifiService(  588): updateWifiState(): mEmergencyCallbackMode: false, mDeviceIdle: false, lockHeld: true, mStopWifiRequested:false
D/WifiService(  588): updateWifiState(): enable and start wifi
D/PowerManagerService(  588): releaseWakeLock(42adf600): PARTIAL_WAKE_LOCK , tag=NlpWakeLock, flags=0x1
D/Socket_Alarm(10945): registerHTCSocketMonitorCallBack
D/Socket_Alarm(10945): set mSocketMonitor
D/Socket_Alarm(10945): HTCSocketMonitorImpl::HTCSocketMonitorImpl
D/PowerManagerService(  588): acquireWakeLock(42696098): PARTIAL_WAKE_LOCK , tag=AlarmManager, flags=0x1, pid=588, uid=1000, mUserState=0x3
V/AlarmManager(  588): sending alarm PendingIntent{43019070: PendingIntentRecord{42642f70 nz.barees.android.cachesensedemo broadcastIntent}}, intent=null, type=RTC_WAKEUP, count=2379711, when=1427826600000, repeateInterval=600000
V/AlarmManager(  588): sending alarm PendingIntent{422bb430: PendingIntentRecord{42b53818 nz.barees.android.cachesensedemo broadcastIntent}}, intent=null, type=ELAPSED_REALTIME, count=12, when=172800000, repeateInterval=14400000
I/ActivityManager(  588): Start proc com.google.android.tts for service com.google.android.tts/.service.GoogleTTSService: pid=11024 uid=10039 gids={3003, 1015, 1028}
D/PowerManagerService(  588): acquireWakeLock(426274c8): PARTIAL_WAKE_LOCK , tag=wake:nz.barees.android.cachesensedemo/.WakefulSyncService, flags=0x1, pid=10945, uid=10175, mUserState=0x3
D/PowerManagerService(  588): releaseWakeLock(42696098): PARTIAL_WAKE_LOCK , tag=AlarmManager, flags=0x1
D/PowerManagerService(  588): acquireWakeLock(423371d0): PARTIAL_WAKE_LOCK , tag=CacheSenseWakelock, flags=0x1, pid=10945, uid=10175, mUserState=0x3
D/PowerManagerService(  588): releaseWakeLock(426274c8): PARTIAL_WAKE_LOCK , tag=wake:nz.barees.android.cachesensedemo/.WakefulSyncService, flags=0x1
D/PowerManagerService(  588): releaseWakeLock(423371d0): PARTIAL_WAKE_LOCK , tag=CacheSenseWakelock, flags=0x1
D/TELEPHONY_CALLBACK(  811): @onSignalStrengthChanged: SignalStrength: 7 -1 -1 -1 -1 -1 -1 -1 -1 -1 2147483647 -1 gsm|lte
D/StatusBar.NetworkController(  811): dumpState[hasService=true ServiceState=0 home 3 3 27202  HSPA CSS not supported -1 -1 RoamInd=-1 DefRoamInd=-1EriInd= -1EriMode= -1RadioPowerSv: false EmergOnly=false PhoneType: 1 IsCdma=false SimState=UNKNOWN GprsState=0 DataState=Disconnected DataActivity=NONE NetworkType=HSPA HtcModemLinkOn=false HspaDataDistinquishable=true]
D/SIGNAL_ICON(  811): updateTelephonySignalStrength
D/SIGNAL_ICON(  811): fakeui srv=0 mTimerEnabled=false asu=7
D/SIGNAL_ICON(  811): asu=7
D/SIGNAL_ICON(  811): SUPPORT_5_LEVEL_SIGNAL
D/SIGNAL_ICON(  811): mapTelephonySignalStrength
D/SIGNAL_ICON(  811): maxLevel=5 asu=7 networkType=HSPA
D/SIGNAL_ICON(  811): return iconLevel=2
D/StatusBar.NetworkController(  811): dumpIconState[dataVisible=false dataIconId=stat_sys_data_out_3g_plus signalIconId=stat_sys_5signal_2 wifiVisible=true wifiIconId=stat_sys_wifi_signal_4 airplaneMode=false]
W/CpuWake (  588): >>nativeAcquireCpuPerfWakeLock()
W/CpuWake (  588): <<nativeAcquireCpuPerfWakeLock()
I/ActivityManager(  588): START {flg=0x10c00000 cmp=com.android.systemui/.recent.RecentAppFxActivity u=0} from pid 811
D/PowerManagerService(  588): acquireWakeLock(429561a8): PARTIAL_WAKE_LOCK , tag=ActivityManager-Launch, flags=0x1, pid=588, uid=1000, mUserState=0x3
D/PowerManagerService(  588): acquireWakeLock(42b729d8): CPU_MIN_NUM , tag=mode10, flags=0x400, pid=811, uid=10216, mUserState=0x3
D/PowerManagerService(  588): acquireWakeLock(42df0520): CPU_MIN_FREQ , tag=mode10, flags=0x100, pid=811, uid=10216, mUserState=0x3
V/InputMethodManagerService(  588): unbindCurrentInputLocked: client = android.os.BinderProxy@4207ab30
I/InputMethodManagerService(  588): Disable input method client.
V/InputMethodManagerService(  588): switching to client: client = android.os.BinderProxy@426023f8
I/InputMethodManagerService(  588): Enable input method client.
D/PowerManagerService(  588): releaseWakeLock(429561a8): PARTIAL_WAKE_LOCK , tag=ActivityManager-Launch, flags=0x1
I/ActivityManager(  588): Recipient 24738
I/ActivityManager(  588): Process com.bambuna.podcastaddict (pid 24738) has died.
W/ActivityManager(  588): Scheduling restart of crashed service com.bambuna.podcastaddict/.service.PodcastAddictService in 5000ms
D/PowerManagerService(  588): releaseWakeLock(42b729d8): CPU_MIN_NUM , tag=mode10, flags=0x400
D/PowerManagerService(  588): releaseWakeLock(42df0520): CPU_MIN_FREQ , tag=mode10, flags=0x100
D/WifiStateMachine(  588): fetchRssiAndLinkSpeedNative send RSSIChange intent, SameSignalLevelCount =1
D/WIFI_ICON(  811): updateWifiState: action=android.net.wifi.RSSI_CHANGED newRssi=-48 freq=2412 newLevel=3 lastWifiLevel=3
D/StatusBar.NetworkController(  811): dumpIconState[dataVisible=false dataIconId=stat_sys_data_out_3g_plus signalIconId=stat_sys_5signal_2 wifiVisible=true wifiIconId=stat_sys_wifi_signal_4 airplaneMode=false]
D/PowerManagerService(  588): acquireWakeLock(425f2748): CPU_MIN_NUM , tag=mode10, flags=0x400, pid=811, uid=10216, mUserState=0x3
D/PowerManagerService(  588): acquireWakeLock(427fd518): CPU_MIN_FREQ , tag=mode10, flags=0x100, pid=811, uid=10216, mUserState=0x3
W/CpuWake (  588): >>nativeReleaseCpuPerfWakeLock()
W/CpuWake (  588): <<nativeReleaseCpuPerfWakeLock()
I/ActivityManager(  588): Recipient 10727
I/ActivityManager(  588): Process com.htc.android.rosie.widget (pid 10727) has died.
I/ActivityManager(  588): Recipient 10875
I/ActivityManager(  588): Process com.instagram.android (pid 10875) has died.
D/PowerManagerService(  588): releaseWakeLock(425f2748): CPU_MIN_NUM , tag=mode10, flags=0x400
D/PowerManagerService(  588): releaseWakeLock(427fd518): CPU_MIN_FREQ , tag=mode10, flags=0x100
D/PowerManagerService(  588): TPE algorithm. remove timeout.
D/PowerManagerService(  588): ALG=2, lsvalue=320(5th)->640(6th), last_level=6, lValue=125->125, bValue=0, kValue=0, mPowerState=0x3, mSkippedScreenOn=false, mInitialAnimation=false, immediate=false
D/PowerManagerService(  588): acquireWakeLock(42b4a5d0): CPU_MIN_NUM , tag=mode10, flags=0x400, pid=811, uid=10216, mUserState=0x3
D/PowerManagerService(  588): acquireWakeLock(42b89c30): CPU_MIN_FREQ , tag=mode10, flags=0x100, pid=811, uid=10216, mUserState=0x3
D/TELEPHONY_CALLBACK(  811): @onSignalStrengthChanged: SignalStrength: 6 -1 -1 -1 -1 -1 -1 -1 -1 -1 2147483647 -1 gsm|lte
D/StatusBar.NetworkController(  811): dumpState[hasService=true ServiceState=0 home 3 3 27202  HSPA CSS not supported -1 -1 RoamInd=-1 DefRoamInd=-1EriInd= -1EriMode= -1RadioPowerSv: false EmergOnly=false PhoneType: 1 IsCdma=false SimState=UNKNOWN GprsState=0 DataState=Disconnected DataActivity=NONE NetworkType=HSPA HtcModemLinkOn=false HspaDataDistinquishable=true]
D/SIGNAL_ICON(  811): updateTelephonySignalStrength
D/SIGNAL_ICON(  811): fakeui srv=0 mTimerEnabled=false asu=6
D/SIGNAL_ICON(  811): asu=6
D/SIGNAL_ICON(  811): SUPPORT_5_LEVEL_SIGNAL
D/SIGNAL_ICON(  811): mapTelephonySignalStrength
D/SIGNAL_ICON(  811): maxLevel=5 asu=6 networkType=HSPA
D/SIGNAL_ICON(  811): return iconLevel=2
D/StatusBar.NetworkController(  811): dumpIconState[dataVisible=false dataIconId=stat_sys_data_out_3g_plus signalIconId=stat_sys_5signal_2 wifiVisible=true wifiIconId=stat_sys_wifi_signal_4 airplaneMode=false]
D/PowerManagerService(  588): releaseWakeLock(42b4a5d0): CPU_MIN_NUM , tag=mode10, flags=0x400
D/PowerManagerService(  588): releaseWakeLock(42b89c30): CPU_MIN_FREQ , tag=mode10, flags=0x100
D/PowerManagerService(  588): acquireWakeLock(42ae4f68): PARTIAL_WAKE_LOCK , tag=ActivityManager-Launch, flags=0x1, pid=588, uid=1000, mUserState=0x3
I/ActivityManager(  588): Start proc com.rhmsoft.fm for activity com.rhmsoft.fm/.FileManager: pid=11053 uid=10220 gids={3003, 1015, 1028}
--------- beginning of /dev/log/main
D/StateMachine(  588): processMsg: L2ConnectedState
D/WifiStateMachine(  588): L2ConnectedState{ what=131155 when=-3ms target=Handler (com.android.internal.util.StateMachine$SmHandler) {42568e58} arg1=259 }
I/wpa_ctrl(  588): [wpa_ctrl_request] ctrl address = 51174668, ctrl_conn address = 0
D/WifiStateMachine(  588): fetchRssiAndLinkSpeedNative RSSI = -48
D/StateMachine(  588): handleMessage: X
D/WifiStateMachine(  588): fetchRssiAndLinkSpeedNative send RSSIChange intent, SameSignalLevelCount =2
D/WIFI_ICON(  811): updateWifiState: action=android.net.wifi.RSSI_CHANGED newRssi=-48 freq=2412 newLevel=3 lastWifiLevel=3
D/StatusBar.NetworkController(  811): dumpIconState[dataVisible=false dataIconId=stat_sys_data_out_3g_plus signalIconId=stat_sys_5signal_2 wifiVisible=true wifiIconId=stat_sys_wifi_signal_4 airplaneMode=false]
D/WirelessDisplayService(  588): getMirrorDisplayStatus:falsecurState:1
E/Trace   (11053): error opening trace file: No such file or directory (2)
W/Settings(11053): Setting android_id has moved from android.provider.Settings.System to android.provider.Settings.Secure, returning read-only value.
D/SimpleCloudSwitchManager(11053): Local switch loaded
I/ActivityManager(  588): Start proc com.android.vending for service com.android.vending/com.google.android.finsky.billing.iab.InAppBillingService: pid=11080 uid=10132 gids={3003, 1015, 1028}
E/Trace   (11080): error opening trace file: No such file or directory (2)
I/decoder (11024): INFO: Voice information: description: "Blaze-generated patts1_hmm_phone voice for en_us (speaker sfg; sample rate 22050; size android)"
I/decoder (11024): language: "en"
I/decoder (11024): region: "us"
I/decoder (11024): speaker: "sfg"
I/decoder (11024): gender: "female"
I/decoder (11024): quality: "normal"
I/decoder (11024): sample_rate: 22050
I/decoder (11024): server_voice_name: "sfg-phone-hmm"
I/decoder (11024): INFO: LinearLseqRanker: using FarmHash32
W/Settings( 2782): Setting android_id has moved from android.provider.Settings.System to android.provider.Settings.Secure, returning read-only value.
I/ActivityThread(11080): Pub com.google.android.finsky.QSBSuggestionsProvider2: com.google.android.finsky.providers.QSBSuggestionsProvider
I/ActivityThread(11080): Pub com.google.android.finsky.AppIconProvider: com.google.android.finsky.providers.AppIconProvider
D/NativeAdManager(11053): start worker
D/SimpleCloudSwitchManager(11053): update()
D/SimpleCloudSwitchManager(11053): too soon to update cloud switch
D/SimpleCloudSwitchManager(11053): Cloud switch ready.
I/ActivityThread(11080): Pub com.google.android.finsky.RecentSuggestionsProvider: com.google.android.finsky.providers.RecentSuggestionsProvider
D/FileManagerHD(11053): ADs in pool: 0
I/PackageManager(  588):  setEnabledSetting(), pkgName=com.android.vending, clsName=com.android.vending.AssetBrowserActivity, state=1, flag=1, pid=11080, uid=10132
I/Adreno200-EGL(11053): <qeglDrvAPI_eglInitialize:294>: EGL 1.4 QUALCOMM build: Nondeterministic AU_msm8960_JB_REL_RB3.1_CL2814726_release_AU (CL2814726)
I/Adreno200-EGL(11053): Build Date: 10/07/12 Sun
I/Adreno200-EGL(11053): Local Branch: 
I/Adreno200-EGL(11053): Remote Branch: m/jb_rel_rb3.1
I/Adreno200-EGL(11053): Local Patches: NONE
I/Adreno200-EGL(11053): Reconstruct Branch: NOTHING
D/Finsky  (11080): [1] FinskyApp.onCreate: Initializing network with DFE https://android.clients.google.com/fdfe/
D/memalloc(  242): ion: Allocated buffer base:0x4371e000 size:2088960 fd:42
D/memalloc(  242): ion: Allocated buffer base:0x40243000 size:4096 fd:74
D/memalloc(11053): ion: Mapped buffer base:0x5417f000 size:2088960 offset:0 fd:62
D/memalloc(11053): ion: Mapped buffer base:0x40061000 size:4096 offset:0 fd:64
D/FacebookNativeAdUpdater(11053): update ad:com.facebook.ads.NativeAd@41f0ec70
I/ActivityManager(  588): Recipient 10807
I/ActivityManager(  588): Process com.htc.htcpowermanager:remote (pid 10807) has died.
D/AdSettings(11053): Test mode device hash: a4b34af2ca7ac8cbf45534a9b4754ca3
D/AdSettings(11053): When testing your app with Facebook's ad units you must specify the device hashed ID to ensure the delivery of test ads, add the following code before loading an ad: AdSettings.addTestDevice("a4b34af2ca7ac8cbf45534a9b4754ca3");
W/dalvikvm(11053): VFY: unable to resolve static method 6304: Landroid/webkit/WebSettings;.getDefaultUserAgent (Landroid/content/Context;)Ljava/lang/String;
I/ActivityManager(  588): Recipient 10131
I/WindowState(  588): WIN DEATH: Window{42507658 com.whatsapp/com.whatsapp.SmsDefaultAppWarning paused=false}
I/ActivityManager(  588): Process com.whatsapp (pid 10131) has died.
W/ActivityManager(  588): Scheduling restart of crashed service com.whatsapp/.messaging.MessageService in 10477ms
D/PowerManagerService(  588): acquireWakeLock(42feed00): PARTIAL_WAKE_LOCK , tag=RILJ, flags=0x1, pid=946, uid=1001, mUserState=0x3
W/dalvikvm(11080): VFY: unable to resolve static method 1276: Landroid/provider/Settings$Global;.getInt (Landroid/content/ContentResolver;Ljava/lang/String;I)I
D/Finsky  (11080): [1] DailyHygiene.goMakeHygieneIfDirty: No need to run daily hygiene.
D/PowerManagerService(  588): releaseWakeLock(42feed00): PARTIAL_WAKE_LOCK , tag=RILJ, flags=0x1
W/dalvikvm(11080): VFY: unable to resolve static method 1276: Landroid/provider/Settings$Global;.getInt (Landroid/content/ContentResolver;Ljava/lang/String;I)I
D/PowerManagerService(  588): acquireWakeLock(42a61f90): PARTIAL_WAKE_LOCK , tag=RILJ, flags=0x1, pid=946, uid=1001, mUserState=0x3
D/PowerManagerService(  588): releaseWakeLock(42a61f90): PARTIAL_WAKE_LOCK , tag=RILJ, flags=0x1
W/dalvikvm(11080): VFY: unable to resolve virtual method 1241: Landroid/os/StatFs;.getAvailableBytes ()J
W/dalvikvm(11080): VFY: unable to resolve virtual method 42705: Lcom/google/android/play/layout/PlayCardViewBase;.setTransitionName (Ljava/lang/String;)V
W/dalvikvm(11080): VFY: unable to resolve virtual method 42704: Lcom/google/android/play/layout/PlayCardViewBase;.setTransitionGroup (Z)V
D/FacebookNativeAdUpdater(11053): update ad:com.facebook.ads.NativeAd@41f28680
D/FacebookNativeAdUpdater(11053): update ad:com.facebook.ads.NativeAd@41f2f188
D/PicksNativeAdUpdater(11053): update()
W/Settings(11053): Setting android_id has moved from android.provider.Settings.System to android.provider.Settings.Secure, returning read-only value.
W/Settings(11053): Setting android_id has moved from android.provider.Settings.System to android.provider.Settings.Secure, returning read-only value.
W/dalvikvm(11080): VFY: unable to resolve virtual method 9352: Landroid/view/View;.getTransitionName ()Ljava/lang/String;
W/Settings(11053): Setting android_id has moved from android.provider.Settings.System to android.provider.Settings.Secure, returning read-only value.
D/KInfoc  (11053): tableName: fm_ads_nativerequest dataString: adstype=1&adsstatus=1&uptime2=1427826187
W/KInfoc  (11053): The data section count is not equal! table:fm_public, count in format:13, count in data:14.
D/KInfoc  (11053): Post data via network.
D/KInfoc  (11053): Post data on http://infoc2.duba.net/c/
D/KInfoc  (11053): Post data on https://cmdts.ksmobile.com/c/
W/Settings(11053): Setting android_id has moved from android.provider.Settings.System to android.provider.Settings.Secure, returning read-only value.
D/KInfoc  (11053): tableName: fm_ads_nativerequest dataString: adstype=1&adsstatus=1&uptime2=1427826187
W/KInfoc  (11053): The data section count is not equal! table:fm_public, count in format:13, count in data:14.
D/KInfoc  (11053): Post data via network.
D/KInfoc  (11053): Post data on http://infoc2.duba.net/c/
D/KInfoc  (11053): Post data on https://cmdts.ksmobile.com/c/
D/libc    (  251): _resolv_cache_lookup: lookup
D/libc    (  251): [SMD]bl_level = 125
D/libc    (  251): [SMD][Mode1]: Screen on and original TTL is expired
D/libc    (  251):  Cache EXPIRED (STALE ENTRY 0x40066c50 DISCARDED) or need renew
I/PackageManager(  588):  setEnabledSetting(), pkgName=com.android.vending, clsName=com.google.android.finsky.activities.DebugActivity, state=2, flag=1, pid=11080, uid=10132
W/Settings(11053): Setting android_id has moved from android.provider.Settings.System to android.provider.Settings.Secure, returning read-only value.
D/KInfoc  (11053): tableName: fm_ads_nativerequest dataString: adstype=1&adsstatus=1&uptime2=1427826187
W/KInfoc  (11053): The data section count is not equal! table:fm_public, count in format:13, count in data:14.
D/KInfoc  (11053): Post data via network.
D/KInfoc  (11053): Post data on http://infoc2.duba.net/c/
D/KInfoc  (11053): Post data on https://cmdts.ksmobile.com/c/
D/libc    (  251): _resolv_cache_lookup: lookup
D/libc    (  251): [SMD]bl_level = 125
D/libc    (  251): [SMD][Mode1]: Screen on and original TTL is expired
D/libc    (  251):  Cache EXPIRED (STALE ENTRY 0x40062cf0 DISCARDED) or need renew
W/Settings(11053): Setting android_id has moved from android.provider.Settings.System to android.provider.Settings.Secure, returning read-only value.
D/KInfoc  (11053): tableName: fm_ads_nativerequest dataString: adstype=2&adsstatus=1&uptime2=1427826187
W/KInfoc  (11053): The data section count is not equal! table:fm_public, count in format:13, count in data:14.
D/KInfoc  (11053): Post data via network.
D/KInfoc  (11053): Post data on http://infoc2.duba.net/c/
D/KInfoc  (11053): Post data on https://cmdts.ksmobile.com/c/
D/libc    (  251): _resolv_cache_lookup: lookup
D/libc    (  251): [SMD]bl_level = 125
D/libc    (  251): [SMD][Mode1]: Screen on and original TTL is expired
D/libc    (  251):  Cache EXPIRED (STALE ENTRY 0x402e9970 DISCARDED) or need renew
D/libc    (  251): _resolv_cache_lookup: lookup
D/libc    (  251): [SMD]bl_level = 125
D/libc    (  251): [SMD][Mode1]: Screen on and original TTL is expired
D/libc    (  251):  Cache EXPIRED (STALE ENTRY 0x40065240 DISCARDED) or need renew
D/libc    (  251): [SMD][v0913] Extended TTL = 43200, original TTL = 445
D/libc    (  251): [SMD][v0913] Extended TTL = 43200, original TTL = 43
D/libc    (  251): [SMD][v0913] Extended TTL = 43200, original TTL = 54
D/libc    (  251): [SMD][v0913] Extended TTL = 43200, original TTL = 1
I/global  (11053): call createSocket() return a new socket.
D/memalloc(  242): ion: Allocated buffer base:0x446e9000 size:2088960 fd:54
D/memalloc(  242): ion: Allocated buffer base:0x408fd000 size:4096 fd:103
D/memalloc(11053): ion: Mapped buffer base:0x554ea000 size:2088960 offset:0 fd:76
D/memalloc(11053): ion: Mapped buffer base:0x54f7e000 size:4096 offset:0 fd:78
I/global  (11053): call createSocket() return a new socket.
I/ActivityManager(  588): Displayed com.rhmsoft.fm/.FileManager: +1s607ms
W/ResourceType(  588): Skipping entry 0x7f04000b in package table 0 because it is not complex!
V/InputMethodManagerService(  588): unbindCurrentInputLocked: client = android.os.BinderProxy@426023f8
I/InputMethodManagerService(  588): Disable input method client.
V/InputMethodManagerService(  588): switching to client: client = android.os.BinderProxy@426c97a0
I/InputMethodManagerService(  588): Enable input method client.
D/mode10  (  811): FxSurfaceView.surfaceDestroyed, mViewObject:com.htc.fusion.fx.FxViewObject@645838ce
D/memalloc(  811): ion: Unmapping buffer  base:0x58335000 size:2088960
D/memalloc(  811): ion: Unmapping buffer  base:0x50d1e000 size:4096
D/memalloc(  811): ion: Unmapping buffer  base:0x5927a000 size:2088960
D/memalloc(  811): ion: Unmapping buffer  base:0x50d1f000 size:4096
D/memalloc(  811): ion: Unmapping buffer  base:0x59478000 size:2088960
D/memalloc(  811): ion: Unmapping buffer  base:0x50df6000 size:4096
D/memalloc(  242): ion: Freeing buffer base:0x4391c000 size:2088960 fd:64
D/memalloc(  242): ion: Unmapping buffer  base:0x4391c000 size:2088960
D/memalloc(  242): ion: Freeing buffer base:0x4009c000 size:4096 fd:70
D/memalloc(  242): ion: Unmapping buffer  base:0x4009c000 size:4096
D/memalloc(  242): ion: Freeing buffer base:0x43b1a000 size:2088960 fd:78
D/memalloc(  242): ion: Unmapping buffer  base:0x43b1a000 size:2088960
D/memalloc(  242): ion: Freeing buffer base:0x400ad000 size:4096 fd:79
D/memalloc(  242): ion: Unmapping buffer  base:0x400ad000 size:4096
D/memalloc(  811): ion: Unmapping buffer  base:0x58037000 size:2088960
D/memalloc(  811): ion: Unmapping buffer  base:0x50b40000 size:4096
D/memalloc(  811): ion: Unmapping buffer  base:0x59676000 size:2088960
D/memalloc(  811): ion: Unmapping buffer  base:0x5212f000 size:4096
D/memalloc(  811): ion: Unmapping buffer  base:0x59874000 size:2088960
D/memalloc(  811): ion: Unmapping buffer  base:0x52130000 size:4096
D/memalloc(  242): ion: Freeing buffer base:0x444eb000 size:2088960 fd:96
D/memalloc(  242): ion: Unmapping buffer  base:0x444eb000 size:2088960
D/memalloc(  242): ion: Freeing buffer base:0x40209000 size:4096 fd:97
D/memalloc(  242): ion: Unmapping buffer  base:0x40209000 size:4096
D/memalloc(  242): ion: Freeing buffer base:0x42ec2000 size:2088960 fd:44
D/memalloc(  242): ion: Unmapping buffer  base:0x42ec2000 size:2088960
D/memalloc(  242): ion: Freeing buffer base:0x4008f000 size:4096 fd:55
D/memalloc(  242): ion: Unmapping buffer  base:0x4008f000 size:4096
I/ActivityManager(  588): Start proc com.bambuna.podcastaddict for service com.bambuna.podcastaddict/.service.PodcastAddictService: pid=11134 uid=10186 gids={3003, 1028, 1015, 3002}
E/Trace   (11134): error opening trace file: No such file or directory (2)
W/dalvikvm(11080): VFY: unable to resolve virtual method 585: Landroid/content/res/Configuration;.getLayoutDirection ()I
W/dalvikvm(11080): VFY: unable to resolve virtual method 539: Landroid/content/pm/PackageManager;.extendVerificationTimeout (IIJ)V
D/Finsky  (11080): [1] 2.run: Loaded library for account: [QkPhrvKtIaKRqB497nnNqDpM2h0]
D/memalloc(  242): ion: Allocated buffer base:0x42ec2000 size:2088960 fd:45
D/memalloc(  242): ion: Allocated buffer base:0x4003f000 size:4096 fd:46
D/memalloc(11053): ion: Mapped buffer base:0x558e8000 size:2088960 offset:0 fd:84
D/memalloc(11053): ion: Mapped buffer base:0x54e20000 size:4096 offset:0 fd:86
D/Finsky  (11080): [1] 2.run: Loaded library for account: [gKXbJhL8NA2nPUzZyFpjB6tKi7U]
D/Finsky  (11080): [1] 2.run: Finished loading 2 libraries.
D/TELEPHONY_CALLBACK(  811): @onSignalStrengthChanged: SignalStrength: 6 -1 -1 -1 -1 -1 -1 -1 -1 -1 2147483647 -1 gsm|lte
D/StatusBar.NetworkController(  811): dumpState[hasService=true ServiceState=0 home 3 3 27202  HSPA CSS not supported -1 -1 RoamInd=-1 DefRoamInd=-1EriInd= -1EriMode= -1RadioPowerSv: false EmergOnly=false PhoneType: 1 IsCdma=false SimState=UNKNOWN GprsState=0 DataState=Disconnected DataActivity=NONE NetworkType=HSPA HtcModemLinkOn=false HspaDataDistinquishable=true]
D/SIGNAL_ICON(  811): updateTelephonySignalStrength
D/SIGNAL_ICON(  811): fakeui srv=0 mTimerEnabled=false asu=6
D/SIGNAL_ICON(  811): asu=6
D/SIGNAL_ICON(  811): SUPPORT_5_LEVEL_SIGNAL
D/SIGNAL_ICON(  811): mapTelephonySignalStrength
D/SIGNAL_ICON(  811): maxLevel=5 asu=6 networkType=HSPA
D/SIGNAL_ICON(  811): return iconLevel=2
D/StatusBar.NetworkController(  811): dumpIconState[dataVisible=false dataIconId=stat_sys_data_out_3g_plus signalIconId=stat_sys_5signal_2 wifiVisible=true wifiIconId=stat_sys_wifi_signal_4 airplaneMode=false]
D/Finsky  (11080): [10083] InAppBillingUtils.pickAccount: com.rhmsoft.fm: Account determined from installer data - [gKXbJhL8NA2nPUzZyFpjB6tKi7U]
I/Fabric  (11134): Initializing Crashlytics 2.0.0.15
I/FxActivity(  811): FxActivity.onStop()
D/Finsky  (11080): [10083] InAppBillingUtils.pickAccount: com.rhmsoft.fm: Account determined from installer data - [gKXbJhL8NA2nPUzZyFpjB6tKi7U]
D/PowerManagerService(  588): releaseWakeLock(42ae4f68): PARTIAL_WAKE_LOCK , tag=ActivityManager-Launch, flags=0x1
D/memalloc(  242): ion: Freeing buffer base:0x442ed000 size:2088960 fd:92
D/memalloc(  242): ion: Unmapping buffer  base:0x442ed000 size:2088960
D/memalloc(  242): ion: Freeing buffer base:0x40208000 size:4096 fd:93
D/memalloc(  242): ion: Unmapping buffer  base:0x40208000 size:4096
D/memalloc(  242): ion: Freeing buffer base:0x43520000 size:2088960 fd:59
D/memalloc(  242): ion: Unmapping buffer  base:0x43520000 size:2088960
D/memalloc(  242): ion: Freeing buffer base:0x40090000 size:4096 fd:60
D/memalloc(  242): ion: Unmapping buffer  base:0x40090000 size:4096
I/KInfoc  (11053): Post successed, server Priority: 1, table: fm_ads_nativerequest, last time: 1427826189
I/KInfoc  (11053): Post successed, server Priority: 2, table: fm_ads_nativerequest, last time: 1427826189
D/libc    (  251): _resolv_cache_lookup: lookup
D/libc    (  251): [SMD]bl_level = 125
D/libc    (  251): [SMD][Mode1]: Screen on and original TTL is not expired
D/libc    (  251): FOUND IN CACHE entry=0x40062cf0
I/global  (11053): call createSocket() return a new socket.
W/dalvikvm(11134): VFY: unable to resolve virtual method 1244: Landroid/content/Context;.getExternalFilesDirs (Ljava/lang/String;)[Ljava/io/File;
W/dalvikvm(11134): VFY: unable to resolve virtual method 2140: Landroid/os/StatFs;.getAvailableBlocksLong ()J
D/HybridProvider(  588): getName
D/Finsky  (11080): [1] GmsCoreHelper.cleanupNlp: result=false type=1
V/LocationManagerService(  588): getAllProviders
W/ServerHelper(11134): sendServerDataAsync()
D/Finsky  (11080): [1] RestoreTracker.stopServiceIfDone: Restore complete with 0 success and 0 failed.
I/KInfoc  (11053): Post successed, server Priority: 1, table: fm_ads_nativerequest, last time: 1427826189
E/PodcastAddictService(11134): starting service: #7
D/Socket_Alarm(11134): registerHTCSocketMonitorCallBack
D/Socket_Alarm(11134): set mSocketMonitor
I/CleanupHelper(11134): setupAutoTrashCleanerService()
D/Socket_Alarm(11134): HTCSocketMonitorImpl::HTCSocketMonitorImpl
I/KInfoc  (11053): Post successed, server Priority: 1, table: fm_ads_nativerequest, last time: 1427826190
W/GAV2    (11134): Thread[z,1,main]: Need to call initialize() and be in fallback mode to start dispatch.
D/libc    (  251): _resolv_cache_lookup: lookup
D/libc    (  251): [SMD]bl_level = 125
D/libc    (  251): [SMD][Mode1]: Screen on and original TTL is expired
D/libc    (  251):  Cache EXPIRED (STALE ENTRY 0x402c2bf0 DISCARDED) or need renew
D/libc    (  251): [SMD][v0913] Extended TTL = 43200, original TTL = 12
I/KInfoc  (11053): Post successed, server Priority: 1, table: fm_ads_nativerequest, last time: 1427826190
W/GAV2    (11134): Thread[z,1,main]: dispatch call queued.  Need to call GAServiceManager.getInstance().initialize().
D/StateMachine(  588): handleMessage: E msg.what=131218
D/StateMachine(  588): processMsg: ConnectedState
D/WifiStateMachine(  588): ConnectedState{ what=131218 when=0 target=Handler (com.android.internal.util.StateMachine$SmHandler) {42568e58} }
D/StateMachine(  588): processMsg: L2ConnectedState
D/WifiStateMachine(  588): L2ConnectedState{ what=131218 when=0 target=Handler (com.android.internal.util.StateMachine$SmHandler) {42568e58} }
D/StateMachine(  588): processMsg: ConnectModeState
D/WifiStateMachine(  588): ConnectModeState{ what=131218 when=-1ms target=Handler (com.android.internal.util.StateMachine$SmHandler) {42568e58} }
D/StateMachine(  588): processMsg: DriverStartedState
D/WifiStateMachine(  588): DriverStartedState{ what=131218 when=-1ms target=Handler (com.android.internal.util.StateMachine$SmHandler) {42568e58} }
I/wpa_ctrl(  588): [wpa_ctrl_request] ctrl address = 51174668, ctrl_conn address = 0
D/StateMachine(  588): handleMessage: X
D/libc    (  251): _resolv_cache_lookup: lookup
D/libc    (  251): [SMD]bl_level = 125
D/libc    (  251): [SMD][Mode1]: Screen on and original TTL is expired
D/libc    (  251):  Cache EXPIRED (STALE ENTRY 0x4026a548 DISCARDED) or need renew
D/StateMachine(  588): handleMessage: E msg.what=131155
D/StateMachine(  588): processMsg: ConnectedState
D/WifiStateMachine(  588): ConnectedState{ what=131155 when=0 target=Handler (com.android.internal.util.StateMachine$SmHandler) {42568e58} arg1=259 }
D/StateMachine(  588): processMsg: L2ConnectedState
D/WifiStateMachine(  588): L2ConnectedState{ what=131155 when=0 target=Handler (com.android.internal.util.StateMachine$SmHandler) {42568e58} arg1=259 }
I/wpa_ctrl(  588): [wpa_ctrl_request] ctrl address = 51174668, ctrl_conn address = 0
D/WifiStateMachine(  588): fetchRssiAndLinkSpeedNative RSSI = -46
D/StateMachine(  588): handleMessage: X
D/libc    (  251): [SMD][v0913] Extended TTL = 43200, original TTL = 44
I/KInfoc  (11053): Post successed, server Priority: 2, table: fm_ads_nativerequest, last time: 1427826190
D/libc    (  251): _resolv_cache_lookup: lookup
D/libc    (  251): [SMD]bl_level = 125
D/libc    (  251): [SMD][Mode1]: Screen on and original TTL is not expired
D/libc    (  251): FOUND IN CACHE entry=0x40062cf0
I/global  (11053): call createSocket() return a new socket.
D/StateMachine(  588): handleMessage: E msg.what=131218
D/StateMachine(  588): processMsg: ConnectedState
D/WifiStateMachine(  588): ConnectedState{ what=131218 when=-1ms target=Handler (com.android.internal.util.StateMachine$SmHandler) {42568e58} }
D/StateMachine(  588): processMsg: L2ConnectedState
D/WifiStateMachine(  588): L2ConnectedState{ what=131218 when=-1ms target=Handler (com.android.internal.util.StateMachine$SmHandler) {42568e58} }
D/StateMachine(  588): processMsg: ConnectModeState
D/WifiStateMachine(  588): ConnectModeState{ what=131218 when=-2ms target=Handler (com.android.internal.util.StateMachine$SmHandler) {42568e58} }
D/StateMachine(  588): processMsg: DriverStartedState
D/WifiStateMachine(  588): DriverStartedState{ what=131218 when=-2ms target=Handler (com.android.internal.util.StateMachine$SmHandler) {42568e58} }
I/wpa_ctrl(  588): [wpa_ctrl_request] ctrl address = 51174668, ctrl_conn address = 0
D/StateMachine(  588): handleMessage: X
W/dalvikvm(  588): disableGcForExternalAlloc: true
W/dalvikvm(  588): disableGcForExternalAlloc: false
W/dalvikvm(  588): disableGcForExternalAlloc: true
D/PowerManagerService(  588): acquireWakeLock(428eb9a8): CPU_MIN_FREQ , tag=AbsListViewScroll_5.0, flags=0x100, pid=11053, uid=10220, mUserState=0x3
W/dalvikvm(  588): disableGcForExternalAlloc: false
D/PowerManagerService(  588): acquireWakeLock(428d6bf0): CPU_MIN_NUM , tag=AbsListViewScroll_5.0, flags=0x400, pid=11053, uid=10220, mUserState=0x3
I/KInfoc  (11053): Post successed, server Priority: 2, table: fm_ads_nativerequest, last time: 1427826191
D/libc    (  251): _resolv_cache_lookup: lookup
D/libc    (  251): [SMD]bl_level = 125
D/libc    (  251): [SMD][Mode1]: Screen on and original TTL is not expired
D/libc    (  251): FOUND IN CACHE entry=0x40062cf0
I/global  (11053): call createSocket() return a new socket.
D/PowerManagerService(  588): TPE algorithm. schedule timeout.
D/PowerManagerService(  588): ALG=2, lsvalue=640(6th)->320(5th), last_level=6, lValue=125->125, bValue=0, kValue=0, mPowerState=0x3, mSkippedScreenOn=false, mInitialAnimation=false, immediate=false
W/PackageParser(11053): No actions in intent filter at /storage/sdcard0/Download/GiftMe-release.apk Binary XML file line #33
D/PowerManagerService(  588): releaseWakeLock(428eb9a8): CPU_MIN_FREQ , tag=AbsListViewScroll_5.0, flags=0x100
D/PowerManagerService(  588): releaseWakeLock(428d6bf0): CPU_MIN_NUM , tag=AbsListViewScroll_5.0, flags=0x400
D/skia    (11053): --- SkImageDecoder::Factory returned null
D/skia    (11053): --- SkImageDecoder::Factory returned null
D/skia    (11053): --- SkImageDecoder::Factory returned null
D/skia    (11053): --- SkImageDecoder::Factory returned null
D/skia    (11053): --- SkImageDecoder::Factory returned null
D/skia    (11053): --- SkImageDecoder::Factory returned null
D/PicksNativeAdUpdater(11053): onLoadSuccess
D/PicksNativeAdUpdater(11053): onLoadSuccess. 9 ADs
W/Settings(11053): Setting android_id has moved from android.provider.Settings.System to android.provider.Settings.Secure, returning read-only value.
D/KInfoc  (11053): tableName: fm_ads_nativerequest dataString: adstype=2&adsstatus=2&uptime2=1427826190
W/KInfoc  (11053): The data section count is not equal! table:fm_public, count in format:13, count in data:14.
D/KInfoc  (11053): Post data via network.
D/KInfoc  (11053): Post data on http://infoc2.duba.net/c/
D/KInfoc  (11053): Post data on https://cmdts.ksmobile.com/c/
D/FacebookNativeAdUpdater(11053): onAdLoaded, ad:com.facebook.ads.NativeAd@41f0ec70
D/FileManagerHD(11053): ADs in pool: 1
D/FileManagerHD(11053): New AD coming! ADs in pool: 1
D/FileManagerHD(11053): ADs in pool: 2
D/FileManagerHD(11053): New AD coming! ADs in pool: 2
D/FileManagerHD(11053): ADs in pool: 3
D/FileManagerHD(11053): New AD coming! ADs in pool: 3
D/FileManagerHD(11053): ADs in pool: 4
D/FileManagerHD(11053): New AD coming! ADs in pool: 4
D/FileManagerHD(11053): ADs in pool: 5
D/FileManagerHD(11053): New AD coming! ADs in pool: 5
D/FileManagerHD(11053): ADs in pool: 6
D/FileManagerHD(11053): New AD coming! ADs in pool: 6
D/FileManagerHD(11053): ADs in pool: 7
D/FileManagerHD(11053): New AD coming! ADs in pool: 7
D/FileManagerHD(11053): ADs in pool: 8
D/FileManagerHD(11053): New AD coming! ADs in pool: 8
D/FileManagerHD(11053): ADs in pool: 9
D/FileManagerHD(11053): New AD coming! ADs in pool: 9
D/FileManagerHD(11053): ADs in pool: 10
D/FileManagerHD(11053): New AD coming! ADs in pool: 10
W/Settings(11053): Setting android_id has moved from android.provider.Settings.System to android.provider.Settings.Secure, returning read-only value.
D/KInfoc  (11053): tableName: fm_ads_nativerequest dataString: adstype=1&adsstatus=2&uptime2=1427826190
W/KInfoc  (11053): The data section count is not equal! table:fm_public, count in format:13, count in data:14.
D/KInfoc  (11053): Post data via network.
D/KInfoc  (11053): Post data on http://infoc2.duba.net/c/
D/KInfoc  (11053): Post data on https://cmdts.ksmobile.com/c/
D/Performance(11134): BitmapHelper.dbQueries(): 1915ms
D/libc    (  251): _resolv_cache_lookup: lookup
D/libc    (  251): [SMD]bl_level = 125
D/libc    (  251): [SMD][Mode1]: Screen on and original TTL is not expired
D/libc    (  251): FOUND IN CACHE entry=0x402e9970
W/dalvikvm(  588): disableGcForExternalAlloc: true
W/dalvikvm(  588): disableGcForExternalAlloc: false
W/dalvikvm(  588): disableGcForExternalAlloc: true
W/dalvikvm(  588): disableGcForExternalAlloc: false
D/PowerManagerService(  588): acquireWakeLock(421d49b0): CPU_MIN_FREQ , tag=AbsListViewScroll_5.0, flags=0x100, pid=11053, uid=10220, mUserState=0x3
D/PowerManagerService(  588): acquireWakeLock(4219aa30): CPU_MIN_NUM , tag=AbsListViewScroll_5.0, flags=0x400, pid=11053, uid=10220, mUserState=0x3
D/PowerManagerService(  588): acquireWakeLock(4294d030): PARTIAL_WAKE_LOCK , tag=RILJ, flags=0x1, pid=946, uid=1001, mUserState=0x3
D/PowerManagerService(  588): releaseWakeLock(4294d030): PARTIAL_WAKE_LOCK , tag=RILJ, flags=0x1
I/KInfoc  (11053): Post successed, server Priority: 1, table: fm_ads_nativerequest, last time: 1427826191
D/AutoSetting(  897): service - mRequestRunnable: screen on delay 10s, request NLP now
D/AutoSetting(  897): service - mHandler: request location update
V/LocationManagerService(  588): In requestLocationUpdates. provider networkminTime: 1000single shot: false Listener: android.location.ILocationListener$Stub$Proxy@429b8380
V/LocationManagerService(  588): In requestLocationUpdatesLocked. provider: network requiredPermissions: android.permission.ACCESS_COARSE_LOCATION
D/LocationManagerService(  588): [requestLocationUpdatesLocked] package_name[com.htc.bg.uid.shared:10014] Uid[10014
I/LocationManagerService(  588): request network (pid 897) 1000 1000
