W/ContextImpl(25172): Calling a method in the system process without a qualified user: android.app.ContextImpl.sendBroadcast:1629 android.content.ContextWrapper.sendBroadcast:391 android.inputmethodservice.InputMethodService.sendInputViewShownState:417 android.inputmethodservice.InputMethodService.showWindow:1921 android.inputmethodservice.InputMethodService$InputMethodImpl.showSoftInput:617 
W/ContextImpl(25172): Calling a method in the system process without a qualified user: android.app.ContextImpl.sendBroadcast:1629 android.content.ContextWrapper.sendBroadcast:391 com.diotek.ime.framework.common.InputManagerImpl.sendBroadcaseSIPShownByThread:8909 com.diotek.ime.framework.common.InputManagerImpl.access$6600:199 com.diotek.ime.framework.common.InputManagerImpl$31.run:8900 
D/SSRM:a  (  909): DeviceInfo:: 000000000000
D/SSRM:a  (  909): SettingsAirViewInfo:: 000010000
I/ValidateNoPeople(  909): skipping global notification
D/LightsService(  909): [api] [SvcLED] turnOff:: id = 4 (uid: 1000 pid: 909) 
D/LightsService(  909): [SvcLED] setSvcLedStateLocked:: SvcLEDState : 0x0 -> 0x0 | SvcLED(id=4) set Off
D/LightsService(  909): [SvcLED] Lux failed to be updated in 700ms. -> handleForcedSvcLEDTasK
D/LightsService(  909): [SvcLED]  setSvcLedLightLocked :: Current SvcLED(id=4) maintains its priority right
W/ContextImpl(25172): Calling a method in the system process without a qualified user: android.app.ContextImpl.sendBroadcast:1629 android.content.ContextWrapper.sendBroadcast:391 android.inputmethodservice.InputMethodService.sendInputViewShownState:417 android.inputmethodservice.InputMethodService.hideWindow:2093 android.inputmethodservice.InputMethodService.doHideWindow:2071 
D/SSRM:a  (  909): DeviceInfo:: 000000000000
D/SSRM:a  (  909): SettingsAirViewInfo:: 000010000
W/InputMethodManagerService(  909): Window already focused, ignoring focus gain of: com.android.internal.view.IInputMethodClient$Stub$Proxy@2d4180ce attribute=null, token = android.os.BinderProxy@32b4b178
W/InputMethodManagerService(  909): Window already focused, ignoring focus gain of: com.android.internal.view.IInputMethodClient$Stub$Proxy@2991d6fc attribute=null, token = android.os.BinderProxy@32b4b178
D/SSRM:m  (  909): SIOP:: AP = 380, PST = 409, CUR = 450
D/SystemGestures(  909): detectEasyOneHandGesture() isRunning=false, mStartFromLeft=true, MoveDistanceX=2, MoveDistanceY=3, mFirstDownX=93, mFirstDownY=613, upX=95, upY=610, width=216, mMaxX=95, mMinX=93, upX-DownX=2, upY-DownY=3
I/MultiPhoneWindowManager(  909): Changed -> mCurrentInputMethodTarget : Window{1fd25051 u0 co.giftmeapp.gift_me/com.paypal.android.sdk.payments.LoginActivity}
D/CustomFrequencyManagerService(  909): acquireDVFSLockLocked : type : DVFS_MIN_LIMIT  frequency : 1958400  uid : 1000  pid : 909  pkgName : com.sec.android.inputmethod@93
W/ContextImpl(25172): Calling a method in the system process without a qualified user: android.app.ContextImpl.sendBroadcast:1629 android.content.ContextWrapper.sendBroadcast:391 com.diotek.ime.framework.common.InputManagerImpl.sendInputLanguageByThread:9101 com.diotek.ime.framework.common.InputManagerImpl.access$6700:199 com.diotek.ime.framework.common.InputManagerImpl$32.run:9063 
W/ContextImpl(25172): Calling a method in the system process without a qualified user: android.app.ContextImpl.sendBroadcast:1629 android.content.ContextWrapper.sendBroadcast:391 com.diotek.ime.framework.common.InputManagerImpl.sendInputLanguageByThread:9101 com.diotek.ime.framework.common.InputManagerImpl.access$6700:199 com.diotek.ime.framework.common.InputManagerImpl$32.run:9063 
W/ContextImpl(25172): Calling a method in the system process without a qualified user: android.app.ContextImpl.sendBroadcast:1629 android.content.ContextWrapper.sendBroadcast:391 com.diotek.ime.framework.common.InputManagerImpl.sendBroadcaseSIPShownByThread:8909 com.diotek.ime.framework.common.InputManagerImpl.access$6600:199 com.diotek.ime.framework.common.InputManagerImpl$31.run:8900 
W/ContextImpl(25172): Calling a method in the system process without a qualified user: android.app.ContextImpl.sendBroadcast:1629 android.content.ContextWrapper.sendBroadcast:391 android.inputmethodservice.InputMethodService.sendInputViewShownState:417 android.inputmethodservice.InputMethodService.showWindow:1921 android.inputmethodservice.InputMethodService$InputMethodImpl.showSoftInput:617 
D/SSRM:a  (  909): DeviceInfo:: 000000000000
D/SSRM:a  (  909): SettingsAirViewInfo:: 000010000
I/ValidateNoPeople(  909): skipping global notification
D/PhoneStatusBar( 1204): tick(): knoxCustomManager = android.app.enterprise.knoxcustom.KnoxCustomManager@35d5fa01
D/CustomFrequencyManagerService(  909): releaseDVFSLockLocked : Getting Lock type frm List : DVFS_MIN_LIMIT  frequency : 1958400  uid : 1000  pid : 909  tag : com.sec.android.inputmethod@93
D/AutomaticBrightnessController(  909): applyLightSensorMeasurementSEC : mIsLockZone = false
V/AlarmManager(  909): waitForAlarm result :4
D/ConnectivityService(  909): returning getActiveNetworkInfo :[type: WIFI[] - WIFI, state: CONNECTED/CONNECTED, reason: (unspecified), extra: "UPC624261", roaming: false, failover: false, isAvailable: true, isConnectedToProvisioningNetwork: false]
D/SSRM:m  (  909): SIOP:: AP = 340, PST = 409, CUR = 450
V/AlarmManager(  909): waitForAlarm result :4
V/AlarmManager(  909): waitForAlarm result :8
D/BatteryService(  909): level:95, scale:100, status:3, health:2, present:true, voltage: 4267, temperature: 305, technology: Li-ion, AC powered:false, USB powered:false, Wireless powered:false, icon:17303735, invalid charger:0
D/BatteryService(  909): online:1, current avg:450, charge type:0, power sharing:false, high voltage charger:false, capacity:280000
D/BatteryService(  909): Sending ACTION_BATTERY_CHANGED.
D/MotionRecognitionService(  909):   mReceiver.onReceive : ACTION_BATTERY_CHANGED
I/MotionRecognitionService(  909): Unplugged
D/STATUSBAR-PhoneStatusBar( 1204):  mBrightnessEnablebySettings = true mBrightnessEnablebyBattery = true mBrightnessEnablebyDisableFlag = true mPmsBrightnessEnablebySettings = true
D/BatteryMeterView( 1204): ACTION_BATTERY_CHANGED : level:95 status:3 health:2
D/BatteryMeterView( 1204): ACTION_BATTERY_CHANGED : level:95 status:3 health:2
D/BatteryMeterView( 1204): ACTION_BATTERY_CHANGED : level:95 status:3 health:2
D/SSRM:m  (  909): SIOP:: AP = 330, PST = 402, CUR = 450
E/Watchdog(  909): !@Sync 3549
I/ActivityManager(  909): Killing 29704:com.sec.chaton/u0a89 (adj 11): BG,  14854K, hotnessAdj=3, XmlFlag=false, oom_adj=11
I/ActivityManager_SDHA(  909): F:059M, C:186M, ProcCnt:059, avgU:-----K, mgn:113M, nF:61396K, fd:14854K, thd:180M, wm:05M, c:00, e:08, lmkIdx:15, emS:00, rsmd:T_, lstCrt:chaton, TOP:co.giftmegift_me, ear:0, car:0
I/ProcessStatsService(  909): Prepared write state in 34ms
W/libprocessgroup(  909): failed to open /acct/uid_10089/pid_29704/cgroup.procs: No such file or directory
D/PowerManagerService(  909): [s] UserActivityState : 1 -> 2
D/DisplayPowerController(  909): getFinalBrightness : 15 -> 15
D/PowerManagerService(  909): [s] DisplayPowerCallbacks : onStateChanged()
D/DisplayPowerController(  909): getFinalBrightness : 15 -> 15
D/DisplayPowerController(  909): getFinalBrightness : 15 -> 15
D/PowerManagerService(  909): [s] UserActivityState : 2 -> 1
D/DisplayPowerController(  909): getFinalBrightness : 177 -> 177
D/PowerManagerService(  909): [s] DisplayPowerCallbacks : onStateChanged()
D/SystemGestures(  909): detectEasyOneHandGesture() isRunning=false, mStartFromLeft=true, MoveDistanceX=6, MoveDistanceY=20, mFirstDownX=32, mFirstDownY=677, upX=26, upY=696, width=216, mMaxX=32, mMinX=26, upX-DownX=6, upY-DownY=19
D/DisplayPowerController(  909): getFinalBrightness : 177 -> 177
D/DisplayPowerController(  909): getFinalBrightness : 177 -> 177
D/SSRM:m  (  909): SIOP:: AP = 330, PST = 394, CUR = 450
D/AutomaticBrightnessController(  909): applyLightSensorMeasurementSEC : mIsLockZone = true
W/ContextImpl(25172): Calling a method in the system process without a qualified user: android.app.ContextImpl.sendBroadcast:1629 android.content.ContextWrapper.sendBroadcast:391 com.diotek.ime.framework.common.InputManagerImpl.sendInputLanguageByThread:9101 com.diotek.ime.framework.common.InputManagerImpl.access$6700:199 com.diotek.ime.framework.common.InputManagerImpl$32.run:9063 
W/ContextImpl(25172): Calling a method in the system process without a qualified user: android.app.ContextImpl.sendBroadcast:1629 android.content.ContextWrapper.sendBroadcast:391 com.diotek.ime.framework.common.InputManagerImpl.sendInputLanguageByThread:9101 com.diotek.ime.framework.common.InputManagerImpl.access$6700:199 com.diotek.ime.framework.common.InputManagerImpl$32.run:9063 
W/ContextImpl(25172): Calling a method in the system process without a qualified user: android.app.ContextImpl.sendBroadcast:1629 android.content.ContextWrapper.sendBroadcast:391 android.inputmethodservice.InputMethodService.sendInputViewShownState:417 android.inputmethodservice.InputMethodService.showWindow:1921 android.inputmethodservice.InputMethodService$InputMethodImpl.showSoftInput:617 
D/SSRM:a  (  909): DeviceInfo:: 000000000000
D/SSRM:a  (  909): SettingsAirViewInfo:: 000010000
W/ContextImpl(25172): Calling a method in the system process without a qualified user: android.app.ContextImpl.sendBroadcast:1629 android.content.ContextWrapper.sendBroadcast:391 com.diotek.ime.framework.common.InputManagerImpl.sendBroadcaseSIPShownByThread:8909 com.diotek.ime.framework.common.InputManagerImpl.access$6600:199 com.diotek.ime.framework.common.InputManagerImpl$31.run:8900 
I/ValidateNoPeople(  909): skipping global notification
W/ContextImpl(25172): Calling a method in the system process without a qualified user: android.app.ContextImpl.sendBroadcast:1629 android.content.ContextWrapper.sendBroadcast:391 android.inputmethodservice.InputMethodService.sendInputViewShownState:417 android.inputmethodservice.InputMethodService.showWindow:1921 android.inputmethodservice.InputMethodService$InputMethodImpl.showSoftInput:617 
D/SSRM:a  (  909): DeviceInfo:: 000000000000
D/SSRM:a  (  909): SettingsAirViewInfo:: 000010000
I/ValidateNoPeople(  909): skipping global notification
I/ActivityManager(  909): Process com.sec.android.app.shealth (pid 28751)(adj 15) has died(91,174)
D/SystemGestures(  909): detectEasyOneHandGesture() isRunning=false, mStartFromLeft=true, MoveDistanceX=2, MoveDistanceY=0, mFirstDownX=136, mFirstDownY=607, upX=134, upY=607, width=216, mMaxX=136, mMinX=134, upX-DownX=2, upY-DownY=0
W/ContextImpl(25172): Calling a method in the system process without a qualified user: android.app.ContextImpl.sendBroadcast:1629 android.content.ContextWrapper.sendBroadcast:391 com.diotek.ime.framework.common.InputManagerImpl.sendInputLanguageByThread:9101 com.diotek.ime.framework.common.InputManagerImpl.access$6700:199 com.diotek.ime.framework.common.InputManagerImpl$32.run:9063 
W/ContextImpl(25172): Calling a method in the system process without a qualified user: android.app.ContextImpl.sendBroadcast:1629 android.content.ContextWrapper.sendBroadcast:391 com.diotek.ime.framework.common.InputManagerImpl.sendInputLanguageByThread:9101 com.diotek.ime.framework.common.InputManagerImpl.access$6700:199 com.diotek.ime.framework.common.InputManagerImpl$32.run:9063 
W/ContextImpl(25172): Calling a method in the system process without a qualified user: android.app.ContextImpl.sendBroadcast:1629 android.content.ContextWrapper.sendBroadcast:391 android.inputmethodservice.InputMethodService.sendInputViewShownState:417 android.inputmethodservice.InputMethodService.showWindow:1921 android.inputmethodservice.InputMethodService$InputMethodImpl.showSoftInput:617 
D/SSRM:a  (  909): DeviceInfo:: 000000000000
D/SSRM:a  (  909): SettingsAirViewInfo:: 000010000
W/ContextImpl(25172): Calling a method in the system process without a qualified user: android.app.ContextImpl.sendBroadcast:1629 android.content.ContextWrapper.sendBroadcast:391 com.diotek.ime.framework.common.InputManagerImpl.sendBroadcaseSIPShownByThread:8909 com.diotek.ime.framework.common.InputManagerImpl.access$6600:199 com.diotek.ime.framework.common.InputManagerImpl$31.run:8900 
I/ValidateNoPeople(  909): skipping global notification
W/ContextImpl(25172): Calling a method in the system process without a qualified user: android.app.ContextImpl.sendBroadcast:1629 android.content.ContextWrapper.sendBroadcast:391 android.inputmethodservice.InputMethodService.sendInputViewShownState:417 android.inputmethodservice.InputMethodService.showWindow:1921 android.inputmethodservice.InputMethodService$InputMethodImpl.showSoftInput:617 
D/SSRM:a  (  909): DeviceInfo:: 000000000000
D/SSRM:a  (  909): SettingsAirViewInfo:: 000010000
I/ValidateNoPeople(  909): skipping global notification
D/SSRM:m  (  909): SIOP:: AP = 330, PST = 385, CUR = 450
V/AlarmManager(  909): waitForAlarm result :4
E/ActivityManager(  909): checkUser: useridlist=null, currentuser=0
E/ActivityManager(  909): checkUser: useridlist=null, currentuser=0
E/ActivityManager(  909): checkUser: useridlist=null, currentuser=0
E/ActivityManager(  909): checkUser: useridlist=null, currentuser=0
I/libpersona(29934): KNOX_SDCARD checking this for 10145
I/libpersona(29934): KNOX_SDCARD not a persona
I/ActivityManager(  909): Start proc com.google.android.apps.plus for service com.google.android.apps.plus/com.google.android.apps.moviemaker.service.PluggedInAnalyzerService: pid=29934 uid=10145 gids={50145, 9997, 3003, 3002, 1028, 1015} abi=armeabi-v7a
E/ActivityManager(  909): checkUser: useridlist=null, currentuser=0
E/ActivityManager(  909): checkUser: useridlist=null, currentuser=0
E/ActivityManager(  909): checkUser: useridlist=null, currentuser=0
E/ActivityManager(  909): checkUser: useridlist=null, currentuser=0
D/WifiService(  909): acquireWifiLockLocked: WifiLock{NlpWifiLock type=2 binder=android.os.BinderProxy@1360a8a9}
I/libpersona(29946): KNOX_SDCARD checking this for 10314
I/libpersona(29946): KNOX_SDCARD not a persona
I/ActivityManager(  909): Start proc net.eagin.software.android.dejaloYa for broadcast net.eagin.software.android.dejaloYa/com.EAGINsoftware.dejaloYa.receivers.StartServiceReciever: pid=29946 uid=10314 gids={50314, 9997, 3003, 1028, 1015} abi=armeabi-v7a
D/WifiService(  909): startScan by pid=25317, uid=10014
I/ActivityManager(  909): Process com.osp.app.signin (pid 29183)(adj 15) has died(86,177)
W/ResourcesManager(29934): Asset path '/system/framework/com.google.android.maps.jar' does not exist or contains no resources.
E/ActivityManager(  909): checkUser: useridlist=null, currentuser=0
E/ActivityManager(  909): checkUser: useridlist=null, currentuser=0
E/ActivityManager(  909): checkUser: useridlist=null, currentuser=0
E/ActivityManager(  909): checkUser: useridlist=null, currentuser=0
I/libpersona(29984): KNOX_SDCARD checking this for 10048
I/libpersona(29984): KNOX_SDCARD not a persona
I/ActivityManager(  909): Start proc android.process.media for content provider com.android.providers.media/.MediaProvider: pid=29984 uid=10048 gids={50048, 9997, 2001, 3003, 1028, 1015, 1023, 3007, 3001, 3002, 1024} abi=armeabi-v7a
W/ResourcesManager(29984): Asset path '/system/framework/secsmartcard.jar' does not exist or contains no resources.
E/ActivityManager(  909): checkUser: useridlist=null, currentuser=0
E/ActivityManager(  909): checkUser: useridlist=null, currentuser=0
E/ActivityManager(  909): checkUser: useridlist=null, currentuser=0
E/ActivityManager(  909): checkUser: useridlist=null, currentuser=0
I/libpersona(30013): KNOX_SDCARD checking this for 10203
I/libpersona(30013): KNOX_SDCARD not a persona
I/ActivityManager(  909): Start proc com.EAGINsoftware.dejaloYa for broadcast com.EAGINsoftware.dejaloYa/.receivers.StartServiceReciever: pid=30013 uid=10203 gids={50203, 9997, 3003, 1028, 1015} abi=armeabi-v7a
I/ActivityManager(  909): Process com.google.android.apps.magazines (pid 29290)(adj 15) has died(82,174)
D/MediaProvider(29984): Attached volume: internal
D/MediaProvider(29984): Attached volume: external
I/ActivityManager(  909): Killing 29946:net.eagin.software.android.dejaloYa/u0a314 (adj 11): BG,  15888K, hotnessAdj=0, XmlFlag=false, oom_adj=11
I/ActivityManager_SDHA(  909): F:058M, C:181M, ProcCnt:059, avgU:-----K, mgn:113M, nF:62776K, fd:15888K, thd:180M, wm:05M, c:00, e:08, lmkIdx:15, emS:00, rsmd:T_, lstCrt:EAGINsoftware.dejaloYa, TOP:co.giftmegift_me, ear:0, car:0
W/libprocessgroup(  909): failed to open /acct/uid_10314/pid_29946/cgroup.procs: No such file or directory
D/SystemGestures(  909): detectEasyOneHandGesture() isRunning=false, mStartFromLeft=true, MoveDistanceX=1, MoveDistanceY=3, mFirstDownX=43, mFirstDownY=1215, upX=44, upY=1212, width=216, mMaxX=44, mMinX=43, upX-DownX=1, upY-DownY=3
I/CLocInfoService(  909): External Intent Received android.net.wifi.SCAN_RESULTS
I/CLocInfoCtrl(  909): isWifiMeasurementAvailable
I/CLocInfoCtrl(  909): Last Measure : 201504251546 New : 201504261305
I/CLocInfoCtrl(  909): available result : 1
D/WifiService(  909): releaseWifiLockLocked: WifiLock{NlpWifiLock type=2 binder=android.os.BinderProxy@1360a8a9}
I/PassiveLocTracker(  909): Location Changed
I/PassiveLocTracker(  909): Send Location
W/ContextImpl(25172): Calling a method in the system process without a qualified user: android.app.ContextImpl.sendBroadcast:1629 android.content.ContextWrapper.sendBroadcast:391 com.diotek.ime.framework.common.InputManagerImpl.sendInputLanguageByThread:9101 com.diotek.ime.framework.common.InputManagerImpl.access$6700:199 com.diotek.ime.framework.common.InputManagerImpl$32.run:9063 
W/ContextImpl(25172): Calling a method in the system process without a qualified user: android.app.ContextImpl.sendBroadcast:1629 android.content.ContextWrapper.sendBroadcast:391 com.diotek.ime.framework.common.InputManagerImpl.sendInputLanguageByThread:9101 com.diotek.ime.framework.common.InputManagerImpl.access$6700:199 com.diotek.ime.framework.common.InputManagerImpl$32.run:9063 
W/ContextImpl(25172): Calling a method in the system process without a qualified user: android.app.ContextImpl.sendBroadcast:1629 android.content.ContextWrapper.sendBroadcast:391 android.inputmethodservice.InputMethodService.sendInputViewShownState:417 android.inputmethodservice.InputMethodService.showWindow:1921 android.inputmethodservice.InputMethodService$InputMethodImpl.showSoftInput:617 
D/SSRM:a  (  909): DeviceInfo:: 000000000000
D/SSRM:a  (  909): SettingsAirViewInfo:: 000010000
W/ContextImpl(25172): Calling a method in the system process without a qualified user: android.app.ContextImpl.sendBroadcast:1629 android.content.ContextWrapper.sendBroadcast:391 com.diotek.ime.framework.common.InputManagerImpl.sendBroadcaseSIPShownByThread:8909 com.diotek.ime.framework.common.InputManagerImpl.access$6600:199 com.diotek.ime.framework.common.InputManagerImpl$31.run:8900 
I/ValidateNoPeople(  909): skipping global notification
W/ContextImpl(25172): Calling a method in the system process without a qualified user: android.app.ContextImpl.sendBroadcast:1629 android.content.ContextWrapper.sendBroadcast:391 android.inputmethodservice.InputMethodService.sendInputViewShownState:417 android.inputmethodservice.InputMethodService.showWindow:1921 android.inputmethodservice.InputMethodService$InputMethodImpl.showSoftInput:617 
D/SSRM:a  (  909): DeviceInfo:: 000000000000
D/SSRM:a  (  909): SettingsAirViewInfo:: 000010000
I/ValidateNoPeople(  909): skipping global notification
D/BatteryService(  909): level:95, scale:100, status:3, health:2, present:true, voltage: 4251, temperature: 304, technology: Li-ion, AC powered:false, USB powered:false, Wireless powered:false, icon:17303735, invalid charger:0
D/BatteryService(  909): online:1, current avg:450, charge type:0, power sharing:false, high voltage charger:false, capacity:280000
D/BatteryService(  909): Sending ACTION_BATTERY_CHANGED.
D/MotionRecognitionService(  909):   mReceiver.onReceive : ACTION_BATTERY_CHANGED
I/MotionRecognitionService(  909): Unplugged
D/STATUSBAR-PhoneStatusBar( 1204):  mBrightnessEnablebySettings = true mBrightnessEnablebyBattery = true mBrightnessEnablebyDisableFlag = true mPmsBrightnessEnablebySettings = true
D/BatteryMeterView( 1204): ACTION_BATTERY_CHANGED : level:95 status:3 health:2
D/BatteryMeterView( 1204): ACTION_BATTERY_CHANGED : level:95 status:3 health:2
D/BatteryMeterView( 1204): ACTION_BATTERY_CHANGED : level:95 status:3 health:2
D/SSRM:m  (  909): SIOP:: AP = 340, PST = 376, CUR = 450
E/Watchdog(  909): !@Sync 3550
D/SystemGestures(  909): detectEasyOneHandGesture() isRunning=false, mStartFromLeft=true, MoveDistanceX=2, MoveDistanceY=1, mFirstDownX=203, mFirstDownY=1102, upX=201, upY=1101, width=216, mMaxX=203, mMinX=201, upX-DownX=2, upY-DownY=1
D/SystemGestures(  909): detectEasyOneHandGesture() isRunning=false, mStartFromLeft=true, MoveDistanceX=1, MoveDistanceY=2, mFirstDownX=131, mFirstDownY=801, upX=130, upY=799, width=216, mMaxX=131, mMinX=130, upX-DownX=1, upY-DownY=2
I/MultiPhoneWindowManager(  909): Changed -> mCurrentInputMethodTarget : null
W/ContextImpl(25172): Calling a method in the system process without a qualified user: android.app.ContextImpl.sendBroadcast:1629 android.content.ContextWrapper.sendBroadcast:391 com.diotek.ime.framework.common.InputManagerImpl.sendInputLanguageByThread:9101 com.diotek.ime.framework.common.InputManagerImpl.access$6700:199 com.diotek.ime.framework.common.InputManagerImpl$32.run:9063 
W/ContextImpl(  909): Calling a method in the system process without a qualified user: android.app.ContextImpl.sendBroadcast:1629 com.android.server.InputMethodManagerService$6.run:2728 java.lang.Thread.run:818 <bottom of call stack> <bottom of call stack> 
D/ConnectivityService(  909): returning getActiveNetworkInfo :[type: WIFI[] - WIFI, state: CONNECTED/CONNECTED, reason: (unspecified), extra: "UPC624261", roaming: false, failover: false, isAvailable: true, isConnectedToProvisioningNetwork: false]
W/ContextImpl(25172): Calling a method in the system process without a qualified user: android.app.ContextImpl.sendBroadcast:1629 android.content.ContextWrapper.sendBroadcast:391 com.diotek.ime.framework.common.InputManagerImpl.sendInputLanguageByThread:9101 com.diotek.ime.framework.common.InputManagerImpl.access$6700:199 com.diotek.ime.framework.common.InputManagerImpl$32.run:9063 
W/ContextImpl(25172): Calling a method in the system process without a qualified user: android.app.ContextImpl.sendBroadcast:1629 android.content.ContextWrapper.sendBroadcast:391 android.inputmethodservice.InputMethodService.sendInputViewShownState:417 android.inputmethodservice.InputMethodService.showWindow:1921 android.inputmethodservice.InputMethodService$InputMethodImpl.showSoftInput:617 
W/ContextImpl(25172): Calling a method in the system process without a qualified user: android.app.ContextImpl.sendBroadcast:1629 android.content.ContextWrapper.sendBroadcast:391 com.diotek.ime.framework.common.InputManagerImpl.sendBroadcaseSIPShownByThread:8909 com.diotek.ime.framework.common.InputManagerImpl.access$6600:199 com.diotek.ime.framework.common.InputManagerImpl$31.run:8900 
D/SSRM:a  (  909): DeviceInfo:: 000000000000
D/SSRM:a  (  909): SettingsAirViewInfo:: 000010000
I/ValidateNoPeople(  909): skipping global notification
W/ContextImpl(25172): Calling a method in the system process without a qualified user: android.app.ContextImpl.sendBroadcast:1629 android.content.ContextWrapper.sendBroadcast:391 com.diotek.ime.framework.common.InputManagerImpl.sendInputLanguageByThread:9101 com.diotek.ime.framework.common.InputManagerImpl.access$6700:199 com.diotek.ime.framework.common.InputManagerImpl$32.run:9063 
W/ContextImpl(25172): Calling a method in the system process without a qualified user: android.app.ContextImpl.sendBroadcast:1629 android.content.ContextWrapper.sendBroadcast:391 com.diotek.ime.framework.common.InputManagerImpl.sendInputLanguageByThread:9101 com.diotek.ime.framework.common.InputManagerImpl.access$6700:199 com.diotek.ime.framework.common.InputManagerImpl$32.run:9063 
W/ContextImpl(25172): Calling a method in the system process without a qualified user: android.app.ContextImpl.sendBroadcast:1629 android.content.ContextWrapper.sendBroadcast:391 android.inputmethodservice.InputMethodService.sendInputViewShownState:417 android.inputmethodservice.InputMethodService.showWindow:1921 android.inputmethodservice.InputMethodService$InputMethodImpl.showSoftInput:617 
W/ContextImpl(25172): Calling a method in the system process without a qualified user: android.app.ContextImpl.sendBroadcast:1629 android.content.ContextWrapper.sendBroadcast:391 com.diotek.ime.framework.common.InputManagerImpl.sendBroadcaseSIPShownByThread:8909 com.diotek.ime.framework.common.InputManagerImpl.access$6600:199 com.diotek.ime.framework.common.InputManagerImpl$31.run:8900 
D/SSRM:a  (  909): DeviceInfo:: 000000000000
D/SSRM:a  (  909): SettingsAirViewInfo:: 000010000
I/ValidateNoPeople(  909): skipping global notification
D/LightsService(  909): [api] [SvcLED] turnOff:: id = 4 (uid: 1000 pid: 909) 
D/LightsService(  909): [SvcLED] setSvcLedStateLocked:: SvcLEDState : 0x0 -> 0x0 | SvcLED(id=4) set Off
D/LightsService(  909): [SvcLED] Lux failed to be updated in 700ms. -> handleForcedSvcLEDTasK
D/LightsService(  909): [SvcLED]  setSvcLedLightLocked :: Current SvcLED(id=4) maintains its priority right
W/ContextImpl(25172): Calling a method in the system process without a qualified user: android.app.ContextImpl.sendBroadcast:1629 android.content.ContextWrapper.sendBroadcast:391 android.inputmethodservice.InputMethodService.sendInputViewShownState:417 android.inputmethodservice.InputMethodService.hideWindow:2093 android.inputmethodservice.InputMethodService.doHideWindow:2071 
D/SSRM:a  (  909): DeviceInfo:: 000000000000
D/SSRM:a  (  909): SettingsAirViewInfo:: 000010000
D/CustomFrequencyManagerService(  909): acquireDVFSLockLocked : type : DVFS_MIN_LIMIT  frequency : 1958400  uid : 1000  pid : 909  pkgName : ACTIVITY_RESUME_BOOSTER@6
W/ActivityManager(  909): mDVFSHelper.acquire()
D/StatusBarManagerService(  909): manageDisableList userId=0 what=0x0 pkg=WindowManager.LayoutParams
D/ConnectivityService(  909): returning getActiveNetworkInfo :[type: WIFI[] - WIFI, state: CONNECTED/CONNECTED, reason: (unspecified), extra: "UPC624261", roaming: false, failover: false, isAvailable: true, isConnectedToProvisioningNetwork: false]
D/CustomFrequencyManagerService(  909): releaseDVFSLockLocked : Getting Lock type frm List : DVFS_MIN_LIMIT  frequency : 1958400  uid : 1000  pid : 909  tag : ACTIVITY_RESUME_BOOSTER@6
W/ActivityManager(  909): mDVFSHelper.release()
D/CustomFrequencyManagerService(  909): acquireDVFSLockLocked : type : DVFS_MIN_LIMIT  frequency : 1958400  uid : 1000  pid : 909  pkgName : ACTIVITY_RESUME_BOOSTER@10
D/CustomFrequencyManagerService(  909): releaseDVFSLockLocked : Getting Lock type frm List : DVFS_MIN_LIMIT  frequency : 1958400  uid : 1000  pid : 909  tag : ACTIVITY_RESUME_BOOSTER@10
W/ContextImpl(  909): Calling a method in the system process without a qualified user: android.app.ContextImpl.sendBroadcast:1629 com.android.server.InputMethodManagerService$6.run:2728 java.lang.Thread.run:818 <bottom of call stack> <bottom of call stack> 
D/SSRM:m  (  909): SIOP:: AP = 330, PST = 366, CUR = 450
D/ConnectivityService(  909): returning getActiveNetworkInfo :[type: WIFI[] - WIFI, state: CONNECTED/CONNECTED, reason: (unspecified), extra: "UPC624261", roaming: false, failover: false, isAvailable: true, isConnectedToProvisioningNetwork: false]
W/InputMethodManagerService(  909): Window already focused, ignoring focus gain of: com.android.internal.view.IInputMethodClient$Stub$Proxy@24dbb505 attribute=null, token = android.os.BinderProxy@3e4c5ef4
D/AutomaticBrightnessController(  909): applyLightSensorMeasurementSEC : mIsLockZone = false
D/SSRM:m  (  909): SIOP:: AP = 320, PST = 354, CUR = 450
V/AlarmManager(  909): waitForAlarm result :8
D/BatteryService(  909): level:95, scale:100, status:3, health:2, present:true, voltage: 4281, temperature: 303, technology: Li-ion, AC powered:false, USB powered:false, Wireless powered:false, icon:17303735, invalid charger:0
D/BatteryService(  909): online:1, current avg:450, charge type:0, power sharing:false, high voltage charger:false, capacity:280000
D/BatteryService(  909): Sending ACTION_BATTERY_CHANGED.
D/MotionRecognitionService(  909):   mReceiver.onReceive : ACTION_BATTERY_CHANGED
I/MotionRecognitionService(  909): Unplugged
D/STATUSBAR-PhoneStatusBar( 1204):  mBrightnessEnablebySettings = true mBrightnessEnablebyBattery = true mBrightnessEnablebyDisableFlag = true mPmsBrightnessEnablebySettings = true
D/BatteryMeterView( 1204): ACTION_BATTERY_CHANGED : level:95 status:3 health:2
D/BatteryMeterView( 1204): ACTION_BATTERY_CHANGED : level:95 status:3 health:2
D/BatteryMeterView( 1204): ACTION_BATTERY_CHANGED : level:95 status:3 health:2
D/SSRM:m  (  909): SIOP:: AP = 320, PST = 342, CUR = 450
E/Watchdog(  909): !@Sync 3551
D/PowerManagerService(  909): [s] UserActivityState : 1 -> 2
D/DisplayPowerController(  909): getFinalBrightness : 15 -> 15
D/PowerManagerService(  909): [s] DisplayPowerCallbacks : onStateChanged()
I/ActivityManager(  909): Process com.tripit (pid 29428)(adj 15) has died(86,175)
D/DisplayPowerController(  909): getFinalBrightness : 15 -> 15
D/DisplayPowerController(  909): getFinalBrightness : 15 -> 15
I/ActivityManager(  909): Process com.android.contacts (pid 29596)(adj 15) has died(84,175)
D/SSRM:m  (  909): SIOP:: AP = 310, PST = 333, CUR = 450
D/PowerManagerService(  909): [s] UserActivityState : 2 -> 4
I/PowerManagerService(  909): Nap time (uid 1000)...
I/PowerManagerService(  909): !@[ps] Screen__Off(2) : 
I/PowerManagerService(  909): Going to sleep due to screen timeout (uid 1000)...
D/PowerManagerService(  909): [PWL] sb acquire: PowerManagerService.Broadcasts
D/PowerManagerService(  909): handleSandman : startDream()
E/PowerManagerService(  909): handleSandman : startDreaming, but isDreaming false
I/PowerManagerService(  909): Sleeping (uid 1000)...
D/PowerManagerService(  909): [s] UserActivityState : 4 -> 0
D/PowerManagerService(  909): SecHardwareInterface.setBatteryADC : false
D/PowerManagerService(  909): [input device light] setInputDeviceLightOn is called : 0
D/PowerManagerService(  909): [input device light] handleInputDeviceLightOff
D/DisplayPowerController(  909): ColorFade: onAnimationStart
D/DisplayPowerController(  909): getFinalBrightness : 177 -> 0
D/DisplayPowerController(  909): getFinalBrightness : 177 -> 0
V/AlarmManager(  909): waitForAlarm result :8
V/AlarmManager(  909): waitForAlarm result :8
D/DisplayPowerState(  909): !@ ColorFade entry
D/DisplayPowerController(  909): ColorFade: onAnimationEnd
D/MotionRecognitionService(  909):   mReceiver.onReceive : ACTION_SCREEN_OFF
D/NotificationService(  909): ACTION_SCREEN_OFF
D/LightsService(  909): [api] [SvcLED] turnOff:: id = 4 (uid: 1000 pid: 909) 
D/LightsService(  909): [SvcLED] setSvcLedStateLocked:: SvcLEDState : 0x0 -> 0x0 | SvcLED(id=4) set Off
V/AlarmManager(  909): waitForAlarm result :8
D/LightsService(  909): [SvcLED] Lux failed to be updated in 700ms. -> handleForcedSvcLEDTasK
D/LightsService(  909): [SvcLED]  setSvcLedLightLocked :: Current SvcLED(id=4) maintains its priority right
D/AutomaticBrightnessController(  909): [DAB] setLightSensorEnabled : Send Update unregisterListener mLightSensor
I/AutomaticBrightnessController(  909): [DAB] fileWriteInt : /sys/class/tcon/tcon/auto_br  value : 0
D/AutomaticBrightnessController(  909): [DAB] setLightSensorEnabled : unregisterListener mLightSensor
E/MotionRecognitionService(  909):  handler : SCREEN_OFF end 
I/AutomaticBrightnessController(  909): [DAB] fileWriteInt : /sys/class/backlight/panel/auto_brightness  value : 0
V/AlarmManager(  909): waitForAlarm result :8
V/AlarmManager(  909): waitForAlarm result :8
D/DisplayPowerController(  909): getFinalBrightness : 0 -> 0
D/DisplayPowerController(  909): getFinalBrightness : 0 -> 0
I/DisplayManagerService(  909): Display device changed: DisplayDeviceInfo{"Built-in Screen": 1080 x 1920, 60.0 fps, supportedRefreshRates [60.0], density 480, 422.03 x 424.069 dpi, appVsyncOff 0, presDeadline 17666667, touch INTERNAL, rotation 0, type BUILT_IN, state OFF, FLAG_DEFAULT_DISPLAY, FLAG_ROTATES_WITH_CONTENT, FLAG_SECURE, FLAG_SUPPORTS_PROTECTED_BUFFERS}
V/ActivityManager(  909): Display changed displayId=0
D/IpRemoteDisplayController(  909): intent received android.intent.action.SCREEN_OFF
D/IpRemoteDisplayController(  909): Bridge Server is not available
V/AlarmManager(  909): waitForAlarm result :8
D/STATUSBAR-PhoneStatusBar( 1204):      ACTION_SCREEN_OFF is finished!!!! 
D/ConnectivityService(  909): returning getNetworkInfo(networkType - 1) :[type: WIFI[] - WIFI, state: CONNECTED/CONNECTED, reason: (unspecified), extra: "UPC624261", roaming: false, failover: false, isAvailable: true, isConnectedToProvisioningNetwork: false]
D/ConnectivityService(  909): returning getNetworkInfo(networkType - 1) :[type: WIFI[] - WIFI, state: CONNECTED/CONNECTED, reason: (unspecified), extra: "UPC624261", roaming: false, failover: false, isAvailable: true, isConnectedToProvisioningNetwork: false]
D/SSRM:m  (  909): SIOP:: AP = 310, PST = 326, CUR = 450
I/ActivityManager(  909): Process com.google.android.gms.wearable (pid 28984)(adj 13) has died(142,158)
D/PowerManagerService(  909): !@[s] blankAllDisplays() : blankAllDisplaysFromPowerManage
I/PowerManagerService(  909): [PWL] Off : 0s ago
I/PowerManagerService(  909): [PWL]   PowerManagerService.WakeLocks: ref count=1
I/PowerManagerService(  909): [PWL]     mWakeLockSummary : 0x1
I/PowerManagerService(  909): [PWL]       PARTIAL_WAKE_LOCK              'UlrDispatchingService' (uid=10014, pid=25317, ws=WorkSource{10014 com.google.android.gms}) (elapsedTime=75)
I/PowerManagerService(  909): [PWL]   PowerManagerService.Display: ref count=2
I/PowerManagerService(  909): [PWL]     mDisplayReady : false
I/PowerManagerService(  909): [PWL]   PowerManagerService.Broadcasts: ref count=1
D/DisplayPowerController(  909): getFinalBrightness : 0 -> 0
D/PowerManagerService(  909): [s] DisplayPowerCallbacks : onStateChanged()
D/PowerManagerService(  909): [PWL] sb release: PowerManagerService.Display
D/ConnectivityService(  909): returning getNetworkInfo(networkType - 1) :[type: WIFI[] - WIFI, state: CONNECTED/CONNECTED, reason: (unspecified), extra: "UPC624261", roaming: false, failover: false, isAvailable: true, isConnectedToProvisioningNetwork: false]
D/PowerManagerService(  909): [PWL] sb release: PowerManagerService.Broadcasts
I/ActivityManager(  909): Process com.sec.spp.push:RemoteDlcProcess (pid 29562)(adj 13) has died(150,155)
V/AlarmManager(  909): waitForAlarm result :4
D/MotionRecognitionService(  909): try start thread -1
I/ActivityManager(  909): Process com.android.vending (pid 28544)(adj 15) has died(166,157)
D/STATUSBAR-PhoneStatusBar( 1204):  mBrightnessEnablebySettings = true mBrightnessEnablebyBattery = true mBrightnessEnablebyDisableFlag = true mPmsBrightnessEnablebySettings = true
D/STATUSBAR-PhoneStatusBar( 1204): showHideQConnectLayout userID : 0 emMode:false mQconnectEnable:true QconnectService:true
D/VibratorService(  909): Turning vibrator off - ImmVibe.
D/StatusBar-DoNotDistrub( 1204): isDisableAlert isDormantModeOn:false isNotificationDisabled:true
D/StatusBarManagerService(  909): manageDisableList userId=0 what=0x3200000 pkg=com.android.systemui
D/PowerManagerService(  909): [api] [s] userActivity : event: 0 flags: 0 (uid: 10021 pid: 1204) eventTime = 106646622
V/KeyguardDisplayManager( 1204): show
D/StatusBarManagerService(  909): manageDisableList userId=0 what=0x200000 pkg=WindowManager.LayoutParams
V/WindowManager(  909): rotationForOrientationLw(orient=1, last=0); user=0  sensorRotation=-1 mLidState=-1 mDockMode=0 mHdmiPlugged=false
D/PowerManagerService(  909): [api] setUserActivityTimeoutOverrideFromWindowManagerInternal: timeoutMillis: 10000
D/PowerManagerService(  909): [api] setScreenDimDurationOverrideFromWindowManagerInternal: timeoutMillis: 0
D/SmartBondingService(  909): SmartBondingReceiver: onReceive action=com.android.systemui.statusbar.EXPANDED
D/SSRM:a  (  909): DeviceInfo:: 001000000000
D/SSRM:a  (  909): SettingsAirViewInfo:: 000010000
D/StatusBar-DoNotDistrub( 1204): isDisableAlert isDormantModeOn:false isNotificationDisabled:true
D/MotionRecognitionService(  909): try start thread -1
D/BatteryMeterView( 1204): onDraw batteryColor : -1
V/AlarmManager(  909): waitForAlarm result :4
D/Recents_AlternateRecentsComponent( 1204): isRecentsTopMost is getting called
E/ActivityManager(  909): checkUser: useridlist=null, currentuser=0
E/ActivityManager(  909): checkUser: useridlist=null, currentuser=0
E/ActivityManager(  909): checkUser: useridlist=null, currentuser=0
E/ActivityManager(  909): checkUser: useridlist=null, currentuser=0
D/WifiService(  909): acquireWifiLockLocked: WifiLock{NlpWifiLock type=2 binder=android.os.BinderProxy@ffc1fd6}
D/WifiService(  909): startScan by pid=25317, uid=10014
I/libpersona(30283): KNOX_SDCARD checking this for 10314
I/libpersona(30283): KNOX_SDCARD not a persona
I/ActivityManager(  909): Start proc net.eagin.software.android.dejaloYa for broadcast net.eagin.software.android.dejaloYa/com.EAGINsoftware.dejaloYa.receivers.StartServiceReciever: pid=30283 uid=10314 gids={50314, 9997, 3003, 1028, 1015} abi=armeabi-v7a
I/ActivityManager(  909): Process com.google.android.apps.plus (pid 29934)(adj 13) has died(181,154)
D/ConnectivityService(  909): returning getActiveNetworkInfo :[type: WIFI[] - WIFI, state: CONNECTED/CONNECTED, reason: (unspecified), extra: "UPC624261", roaming: false, failover: false, isAvailable: true, isConnectedToProvisioningNetwork: false]
D/ConnectivityService(  909): returning getActiveNetworkInfo :[type: WIFI[] - WIFI, state: CONNECTED/CONNECTED, reason: (unspecified), extra: "UPC624261", roaming: false, failover: false, isAvailable: true, isConnectedToProvisioningNetwork: false]
D/ConnectivityService(  909): returning getActiveNetworkInfo :[type: WIFI[] - WIFI, state: CONNECTED/CONNECTED, reason: (unspecified), extra: "UPC624261", roaming: false, failover: false, isAvailable: true, isConnectedToProvisioningNetwork: false]
D/ConnectivityService(  909): returning getActiveNetworkInfo :[type: WIFI[] - WIFI, state: CONNECTED/CONNECTED, reason: (unspecified), extra: "UPC624261", roaming: false, failover: false, isAvailable: true, isConnectedToProvisioningNetwork: false]
D/ConnectivityService(  909): returning getActiveNetworkInfo :[type: WIFI[] - WIFI, state: CONNECTED/CONNECTED, reason: (unspecified), extra: "UPC624261", roaming: false, failover: false, isAvailable: true, isConnectedToProvisioningNetwork: false]
D/ConnectivityService(  909): returning getActiveNetworkInfo :[type: WIFI[] - WIFI, state: CONNECTED/CONNECTED, reason: (unspecified), extra: "UPC624261", roaming: false, failover: false, isAvailable: true, isConnectedToProvisioningNetwork: false]
D/ConnectivityService(  909): returning getActiveNetworkInfo :[type: WIFI[] - WIFI, state: CONNECTED/CONNECTED, reason: (unspecified), extra: "UPC624261", roaming: false, failover: false, isAvailable: true, isConnectedToProvisioningNetwork: false]
D/ConnectivityService(  909): returning getActiveNetworkInfo :[type: WIFI[] - WIFI, state: CONNECTED/CONNECTED, reason: (unspecified), extra: "UPC624261", roaming: false, failover: false, isAvailable: true, isConnectedToProvisioningNetwork: false]
D/ConnectivityService(  909): returning getActiveNetworkInfo :[type: WIFI[] - WIFI, state: CONNECTED/CONNECTED, reason: (unspecified), extra: "UPC624261", roaming: false, failover: false, isAvailable: true, isConnectedToProvisioningNetwork: false]
D/ConnectivityService(  909): returning getActiveNetworkInfo :[type: WIFI[] - WIFI, state: CONNECTED/CONNECTED, reason: (unspecified), extra: "UPC624261", roaming: false, failover: false, isAvailable: true, isConnectedToProvisioningNetwork: false]
D/ConnectivityService(  909): returning getActiveNetworkInfo :[type: WIFI[] - WIFI, state: CONNECTED/CONNECTED, reason: (unspecified), extra: "UPC624261", roaming: false, failover: false, isAvailable: true, isConnectedToProvisioningNetwork: false]
D/ConnectivityService(  909): returning getActiveNetworkInfo :[type: WIFI[] - WIFI, state: CONNECTED/CONNECTED, reason: (unspecified), extra: "UPC624261", roaming: false, failover: false, isAvailable: true, isConnectedToProvisioningNetwork: false]
D/ConnectivityService(  909): returning getActiveNetworkInfo :[type: WIFI[] - WIFI, state: CONNECTED/CONNECTED, reason: (unspecified), extra: "UPC624261", roaming: false, failover: false, isAvailable: true, isConnectedToProvisioningNetwork: false]
D/ConnectivityService(  909): returning getActiveNetworkInfo :[type: WIFI[] - WIFI, state: CONNECTED/CONNECTED, reason: (unspecified), extra: "UPC624261", roaming: false, failover: false, isAvailable: true, isConnectedToProvisioningNetwork: false]
D/ConnectivityService(  909): returning getActiveNetworkInfo :[type: WIFI[] - WIFI, state: CONNECTED/CONNECTED, reason: (unspecified), extra: "UPC624261", roaming: false, failover: false, isAvailable: true, isConnectedToProvisioningNetwork: false]
D/ConnectivityService(  909): returning getActiveNetworkInfo :[type: WIFI[] - WIFI, state: CONNECTED/CONNECTED, reason: (unspecified), extra: "UPC624261", roaming: false, failover: false, isAvailable: true, isConnectedToProvisioningNetwork: false]
D/ConnectivityService(  909): returning getActiveNetworkInfo :[type: WIFI[] - WIFI, state: CONNECTED/CONNECTED, reason: (unspecified), extra: "UPC624261", roaming: false, failover: false, isAvailable: true, isConnectedToProvisioningNetwork: false]
D/ConnectivityService(  909): returning getActiveNetworkInfo :[type: WIFI[] - WIFI, state: CONNECTED/CONNECTED, reason: (unspecified), extra: "UPC624261", roaming: false, failover: false, isAvailable: true, isConnectedToProvisioningNetwork: false]
D/ConnectivityService(  909): returning getActiveNetworkInfo :[type: WIFI[] - WIFI, state: CONNECTED/CONNECTED, reason: (unspecified), extra: "UPC624261", roaming: false, failover: false, isAvailable: true, isConnectedToProvisioningNetwork: false]
D/ConnectivityService(  909): returning getActiveNetworkInfo :[type: WIFI[] - WIFI, state: CONNECTED/CONNECTED, reason: (unspecified), extra: "UPC624261", roaming: false, failover: false, isAvailable: true, isConnectedToProvisioningNetwork: false]
D/ConnectivityService(  909): returning getActiveNetworkInfo :[type: WIFI[] - WIFI, state: CONNECTED/CONNECTED, reason: (unspecified), extra: "UPC624261", roaming: false, failover: false, isAvailable: true, isConnectedToProvisioningNetwork: false]
D/ConnectivityService(  909): returning getActiveNetworkInfo :[type: WIFI[] - WIFI, state: CONNECTED/CONNECTED, reason: (unspecified), extra: "UPC624261", roaming: false, failover: false, isAvailable: true, isConnectedToProvisioningNetwork: false]
D/ConnectivityService(  909): returning getActiveNetworkInfo :[type: WIFI[] - WIFI, state: CONNECTED/CONNECTED, reason: (unspecified), extra: "UPC624261", roaming: false, failover: false, isAvailable: true, isConnectedToProvisioningNetwork: false]
D/ConnectivityService(  909): returning getActiveNetworkInfo :[type: WIFI[] - WIFI, state: CONNECTED/CONNECTED, reason: (unspecified), extra: "UPC624261", roaming: false, failover: false, isAvailable: true, isConnectedToProvisioningNetwork: false]
D/ConnectivityService(  909): returning getActiveNetworkInfo :[type: WIFI[] - WIFI, state: CONNECTED/CONNECTED, reason: (unspecified), extra: "UPC624261", roaming: false, failover: false, isAvailable: true, isConnectedToProvisioningNetwork: false]
D/ConnectivityService(  909): returning getActiveNetworkInfo :[type: WIFI[] - WIFI, state: CONNECTED/CONNECTED, reason: (unspecified), extra: "UPC624261", roaming: false, failover: false, isAvailable: true, isConnectedToProvisioningNetwork: false]
D/ConnectivityService(  909): returning getActiveNetworkInfo :[type: WIFI[] - WIFI, state: CONNECTED/CONNECTED, reason: (unspecified), extra: "UPC624261", roaming: false, failover: false, isAvailable: true, isConnectedToProvisioningNetwork: false]
D/ConnectivityService(  909): returning getActiveNetworkInfo :[type: WIFI[] - WIFI, state: CONNECTED/CONNECTED, reason: (unspecified), extra: "UPC624261", roaming: false, failover: false, isAvailable: true, isConnectedToProvisioningNetwork: false]
D/ConnectivityService(  909): returning getActiveNetworkInfo :[type: WIFI[] - WIFI, state: CONNECTED/CONNECTED, reason: (unspecified), extra: "UPC624261", roaming: false, failover: false, isAvailable: true, isConnectedToProvisioningNetwork: false]
D/ConnectivityService(  909): returning getActiveNetworkInfo :[type: WIFI[] - WIFI, state: CONNECTED/CONNECTED, reason: (unspecified), extra: "UPC624261", roaming: false, failover: false, isAvailable: true, isConnectedToProvisioningNetwork: false]
D/ConnectivityService(  909): returning getActiveNetworkInfo :[type: WIFI[] - WIFI, state: CONNECTED/CONNECTED, reason: (unspecified), extra: "UPC624261", roaming: false, failover: false, isAvailable: true, isConnectedToProvisioningNetwork: false]
D/ConnectivityService(  909): returning getActiveNetworkInfo :[type: WIFI[] - WIFI, state: CONNECTED/CONNECTED, reason: (unspecified), extra: "UPC624261", roaming: false, failover: false, isAvailable: true, isConnectedToProvisioningNetwork: false]
D/ConnectivityService(  909): returning getActiveNetworkInfo :[type: WIFI[] - WIFI, state: CONNECTED/CONNECTED, reason: (unspecified), extra: "UPC624261", roaming: false, failover: false, isAvailable: true, isConnectedToProvisioningNetwork: false]
D/ConnectivityService(  909): returning getActiveNetworkInfo :[type: WIFI[] - WIFI, state: CONNECTED/CONNECTED, reason: (unspecified), extra: "UPC624261", roaming: false, failover: false, isAvailable: true, isConnectedToProvisioningNetwork: false]
D/ConnectivityService(  909): returning getActiveNetworkInfo :[type: WIFI[] - WIFI, state: CONNECTED/CONNECTED, reason: (unspecified), extra: "UPC624261", roaming: false, failover: false, isAvailable: true, isConnectedToProvisioningNetwork: false]
D/ConnectivityService(  909): returning getActiveNetworkInfo :[type: WIFI[] - WIFI, state: CONNECTED/CONNECTED, reason: (unspecified), extra: "UPC624261", roaming: false, failover: false, isAvailable: true, isConnectedToProvisioningNetwork: false]
D/ConnectivityService(  909): returning getActiveNetworkInfo :[type: WIFI[] - WIFI, state: CONNECTED/CONNECTED, reason: (unspecified), extra: "UPC624261", roaming: false, failover: false, isAvailable: true, isConnectedToProvisioningNetwork: false]
D/ConnectivityService(  909): returning getActiveNetworkInfo :[type: WIFI[] - WIFI, state: CONNECTED/CONNECTED, reason: (unspecified), extra: "UPC624261", roaming: false, failover: false, isAvailable: true, isConnectedToProvisioningNetwork: false]
D/ConnectivityService(  909): returning getActiveNetworkInfo :[type: WIFI[] - WIFI, state: CONNECTED/CONNECTED, reason: (unspecified), extra: "UPC624261", roaming: false, failover: false, isAvailable: true, isConnectedToProvisioningNetwork: false]
D/ConnectivityService(  909): returning getActiveNetworkInfo :[type: WIFI[] - WIFI, state: CONNECTED/CONNECTED, reason: (unspecified), extra: "UPC624261", roaming: false, failover: false, isAvailable: true, isConnectedToProvisioningNetwork: false]
D/ConnectivityService(  909): returning getActiveNetworkInfo :[type: WIFI[] - WIFI, state: CONNECTED/CONNECTED, reason: (unspecified), extra: "UPC624261", roaming: false, failover: false, isAvailable: true, isConnectedToProvisioningNetwork: false]
D/ConnectivityService(  909): returning getActiveNetworkInfo :[type: WIFI[] - WIFI, state: CONNECTED/CONNECTED, reason: (unspecified), extra: "UPC624261", roaming: false, failover: false, isAvailable: true, isConnectedToProvisioningNetwork: false]
D/ConnectivityService(  909): returning getActiveNetworkInfo :[type: WIFI[] - WIFI, state: CONNECTED/CONNECTED, reason: (unspecified), extra: "UPC624261", roaming: false, failover: false, isAvailable: true, isConnectedToProvisioningNetwork: false]
D/ConnectivityService(  909): returning getActiveNetworkInfo :[type: WIFI[] - WIFI, state: CONNECTED/CONNECTED, reason: (unspecified), extra: "UPC624261", roaming: false, failover: false, isAvailable: true, isConnectedToProvisioningNetwork: false]
D/ConnectivityService(  909): returning getActiveNetworkInfo :[type: WIFI[] - WIFI, state: CONNECTED/CONNECTED, reason: (unspecified), extra: "UPC624261", roaming: false, failover: false, isAvailable: true, isConnectedToProvisioningNetwork: false]
D/ConnectivityService(  909): returning getActiveNetworkInfo :[type: WIFI[] - WIFI, state: CONNECTED/CONNECTED, reason: (unspecified), extra: "UPC624261", roaming: false, failover: false, isAvailable: true, isConnectedToProvisioningNetwork: false]
D/ConnectivityService(  909): returning getActiveNetworkInfo :[type: WIFI[] - WIFI, state: CONNECTED/CONNECTED, reason: (unspecified), extra: "UPC624261", roaming: false, failover: false, isAvailable: true, isConnectedToProvisioningNetwork: false]
D/ConnectivityService(  909): returning getActiveNetworkInfo :[type: WIFI[] - WIFI, state: CONNECTED/CONNECTED, reason: (unspecified), extra: "UPC624261", roaming: false, failover: false, isAvailable: true, isConnectedToProvisioningNetwork: false]
D/ConnectivityService(  909): returning getActiveNetworkInfo :[type: WIFI[] - WIFI, state: CONNECTED/CONNECTED, reason: (unspecified), extra: "UPC624261", roaming: false, failover: false, isAvailable: true, isConnectedToProvisioningNetwork: false]
