D/DexLibLoader(13159): ignoring file "program-e8acf246c92474061a3e0f7dafec5559e33da2c56661a1c7.dex.odex" in "/data/user/0/com.facebook.katana/app_secondary_program_dex"
D/DexLibLoader(13159): ignoring file "program-1d7a13e77be07efb41a2c80160a9aec6fff27ad16661a1c7.dex.odex" in "/data/user/0/com.facebook.katana/app_secondary_program_dex"
D/DexLibLoader(13159): ignoring file "program-42761fa3dedc1f1a9503bece4f2db80adf01f7756661a1c7.dex.odex" in "/data/user/0/com.facebook.katana/app_secondary_program_dex"
D/DexLibLoader(13159): ignoring file "program-1b4455e1ba1ff38a86723e24cd334fa1062519f16661a1c7.dex.odex" in "/data/user/0/com.facebook.katana/app_secondary_program_dex"
D/DexLibLoader(13159): ignoring file "program-a54de6ef97459e1e5b5c8f874a889a38965d34466661a1c7.dex.odex" in "/data/user/0/com.facebook.katana/app_secondary_program_dex"
D/DexLibLoader(13159): directory "/data/user/0/com.facebook.katana/app_secondary_program_dex" is valid
D/DexLibLoader(13159): ignoring file "primary_deps" in "/data/user/0/com.facebook.katana/app_secondary_program_dex_opt"
V/DexLibLoader(13159): directory "/data/user/0/com.facebook.katana/app_secondary_program_dex_opt" contains "program-15ef54b77950d1e6c1cbc3342a20571a9fd8050d6661a1c7.dex.dex" as expected
V/DexLibLoader(13159): directory "/data/user/0/com.facebook.katana/app_secondary_program_dex_opt" contains "program-14bcaeed5ad488eaf139a59d22cf00efbde5948b6661a1c7.dex.dex" as expected
V/DexLibLoader(13159): directory "/data/user/0/com.facebook.katana/app_secondary_program_dex_opt" contains "program-e8acf246c92474061a3e0f7dafec5559e33da2c56661a1c7.dex.dex" as expected
V/DexLibLoader(13159): directory "/data/user/0/com.facebook.katana/app_secondary_program_dex_opt" contains "program-1d7a13e77be07efb41a2c80160a9aec6fff27ad16661a1c7.dex.dex" as expected
V/DexLibLoader(13159): directory "/data/user/0/com.facebook.katana/app_secondary_program_dex_opt" contains "program-42761fa3dedc1f1a9503bece4f2db80adf01f7756661a1c7.dex.dex" as expected
V/DexLibLoader(13159): directory "/data/user/0/com.facebook.katana/app_secondary_program_dex_opt" contains "program-1b4455e1ba1ff38a86723e24cd334fa1062519f16661a1c7.dex.dex" as expected
V/DexLibLoader(13159): directory "/data/user/0/com.facebook.katana/app_secondary_program_dex_opt" contains "program-a54de6ef97459e1e5b5c8f874a889a38965d34466661a1c7.dex.dex" as expected
D/DexLibLoader(13159): directory "/data/user/0/com.facebook.katana/app_secondary_program_dex_opt" is valid
D/DexLibLoader(13159): loading pre-built cross-dex opt odex files
V/dalvik-internals(13159): hooked dvmResolveClass using jump ()
V/dalvik-internals(13159): hooked dvmFlushBreakpoints using jump ()
D/WifiStateMachine( 1025): handleMessage: E msg.what=151572
D/WifiStateMachine( 1025): processMsg: ConnectedState
D/WifiStateMachine( 1025): processMsg: L2ConnectedState
D/WifiStateMachine( 1025): handleMessage: X
V/MultiDexClassLoader(13159): installing MultiDexClassLoader before application classloader
I/dalvikvm(13159): Could not find method dalvik.system.DexFile.loadClassBinaryName, referenced from method com.facebook.common.dextricks.DexFileLoadOld.a
W/dalvikvm(13159): VFY: unable to resolve virtual method 2073: Ldalvik/system/DexFile;.loadClassBinaryName (Ljava/lang/String;Ljava/lang/ClassLoader;)Ljava/lang/Class;
D/dalvikvm(13159): VFY: replacing opcode 0x6e at 0x0000
D/DexLibLoader(13159): released odex store lock
D/DexLibLoader(13159): DexLibLoader.loadAll took 33 ms
D/MemoryReductionHack(13159): Marked as initialized entry corresponding to path /data/app/com.facebook.katana-1.apk
D/GcOptimizer(13159): Enabled
V/dalvik-internals(13159): hooked dvmLinearAlloc using jump ()
V/dalvik-internals(13159): hooked dvmLinearRealloc using jump ()
V/dalvik-internals(13159): hooked dvmLinearFree using jump ()
V/dalvik-internals(13159): hooked dvmLinearStrdup using jump ()
V/dalvik-internals(13159): hooked dvmLinearAllocContains using jump ()
I/dalvik-internals(13159): enlarged linearalloc buffer to 33554432 bytes
D/WifiService( 1025): Client connection lost with reason: 4
I/ActivityManager( 1025): Start proc com.google.android.partnersetup for broadcast com.google.android.partnersetup/.RlzPingBroadcastReceiver: pid=13193 uid=10025 gids={50025, 3003}
I/ActivityManager( 1025): Process com.facebook.katana:dash (pid 13118) has died.
I/ActivityManager( 1025): Start proc com.android.vending for broadcast com.android.vending/com.google.android.finsky.receivers.PackageMonitorReceiver$RegisteredReceiver: pid=13218 uid=10039 gids={50039, 3003, 1028, 1015}
I/ActivityManager( 1025): Process android.process.acore (pid 13176) has died.
W/StaticBindingVerifier(13159): Verify
I/dalvikvm(13159): Could not find method com.facebook.resources.FbResources.getDrawable, referenced from method com.facebook.resources.impl.DownloadedFbResources.getDrawable
W/dalvikvm(13159): VFY: unable to resolve virtual method 48479: Lcom/facebook/resources/FbResources;.getDrawable (ILandroid/content/res/Resources$Theme;)Landroid/graphics/drawable/Drawable;
D/dalvikvm(13159): VFY: replacing opcode 0x6f at 0x0031
I/ActivityManager( 1025): Process com.google.android.partnersetup (pid 13193) has died.
D/WifiService( 1025): New client listening to asynchronous messages
D/dalvikvm( 1025): GC_EXPLICIT freed 2660K, 36% free 32523K/50444K, paused 6ms+23ms, total 196ms
D/Finsky  (13218): [1] FinskyApp.onCreate: Initializing network with DFE https://android.clients.google.com/fdfe/
D/Finsky  (13218): [1] DailyHygiene.goMakeHygieneIfDirty: No need to run daily hygiene.
W/Settings(13218): Setting download_manager_max_bytes_over_mobile has moved from android.provider.Settings.Secure to android.provider.Settings.Global.
W/Settings(13218): Setting download_manager_recommended_max_bytes_over_mobile has moved from android.provider.Settings.Secure to android.provider.Settings.Global.
I/dalvikvm(13218): Could not find method com.google.android.play.layout.PlayCardViewBase.setTransitionName, referenced from method com.google.android.finsky.utils.PlayCardUtils.bindCard
W/dalvikvm(13218): VFY: unable to resolve virtual method 42705: Lcom/google/android/play/layout/PlayCardViewBase;.setTransitionName (Ljava/lang/String;)V
D/dalvikvm(13218): VFY: replacing opcode 0x6e at 0x00d9
I/dalvikvm(13218): Could not find method com.google.android.play.layout.PlayCardViewBase.setTransitionGroup, referenced from method com.google.android.finsky.utils.PlayCardUtils.bindCard
W/dalvikvm(13218): VFY: unable to resolve virtual method 42704: Lcom/google/android/play/layout/PlayCardViewBase;.setTransitionGroup (Z)V
D/dalvikvm(13218): VFY: replacing opcode 0x6e at 0x0246
I/dalvikvm(13218): Could not find method android.view.View.getTransitionName, referenced from method com.google.android.finsky.navigationmanager.NavigationManager.showPage
W/dalvikvm(13218): VFY: unable to resolve virtual method 9352: Landroid/view/View;.getTransitionName ()Ljava/lang/String;
D/dalvikvm(13218): VFY: replacing opcode 0x6e at 0x001a
V/AlarmManager( 1025): sending alarm Alarm{43dbdff8 type 2 com.google.android.gms}
V/AlarmManager( 1025): sending alarm Alarm{43db3230 type 2 com.google.android.gms}
V/AlarmManager( 1025): sending alarm Alarm{43db1dc8 type 2 android}
D/PackageBroadcastService( 1567): Received broadcast action=android.intent.action.PACKAGE_ADDED and uri=co.giftmeapp.gift_me
I/ActivityManager( 1025): Process com.android.vending (pid 13218) has died.
I/ActivityManager( 1025): Start proc com.google.android.apps.docs for broadcast com.google.android.apps.docs/.receivers.AppPackageAddRemoveReceiver: pid=13269 uid=10060 gids={50060, 3003, 1028, 1015}
D/dalvikvm(  275): GC_EXPLICIT freed 42K, 48% free 9011K/17224K, paused 2ms+2ms, total 25ms
D/dalvikvm(  275): GC_EXPLICIT freed <1K, 48% free 9011K/17224K, paused 2ms+3ms, total 19ms
D/dalvikvm(  275): GC_EXPLICIT freed <1K, 48% free 9011K/17224K, paused 2ms+2ms, total 20ms
I/ConfigFetchService( 1567): onStartCommand Intent { act=android.intent.action.PACKAGE_ADDED dat=package:co.giftmeapp.gift_me cmp=com.google.android.gms/.config.ConfigFetchService (has extras) }
I/ConfigFetchService( 1567): launchTask
D/WifiStateMachine( 1025): handleMessage: E msg.what=151572
D/WifiStateMachine( 1025): processMsg: ConnectedState
D/WifiStateMachine( 1025): processMsg: L2ConnectedState
D/WifiStateMachine( 1025): handleMessage: X
I/ConfigFetchService( 1567): service connected
D/ConfigFetchService( 1567): ConfigApi connection successful.
D/WifiStateMachine( 1025): handleMessage: E msg.what=131155
D/WifiStateMachine( 1025): processMsg: ConnectedState
D/WifiStateMachine( 1025): processMsg: L2ConnectedState
D/WifiStateMachine( 1025): handleMessage: X
W/GmsApplication( 1567): Using Auth Proxy for data requests.
I/dalvikvm(13269): Could not find method android.app.Activity.finishAfterTransition, referenced from method r.c_
W/dalvikvm(13269): VFY: unable to resolve virtual method 2773: Landroid/app/Activity;.finishAfterTransition ()V
D/dalvikvm(13269): VFY: replacing opcode 0x6e at 0x0006
I/GoogleURLConnFactory( 1567): Using platform SSLCertificateSocketFactory
I/GLSUser ( 1567): [ ChannelManager ] Attempting to channel bind connection HttpClient.
I/GLSUser ( 1567): [ ChannelManager ] Skip channel binding on pre-KLP devices.
W/GmsApplication( 1567): Using Auth Proxy for data requests.
W/GmsApplication( 1567): Using Auth Proxy for data requests.
W/GmsApplication( 1567): Using Auth Proxy for data requests.
W/GmsApplication( 1567): Using Auth Proxy for data requests.
W/GmsApplication( 1567): Using Auth Proxy for data requests.
I/SBar.NetworkController( 1119): refreshSignalCluster: mobile: Signal=zz_moto_stat_sys_signal_1_fully_wide Roaming=(none) mSimIconId=(none) Accessibility="Phone one bar.","Not roaming.",""
E/dalvikvm(13159): Could not find class 'org.apache.harmony.xnet.provider.jsse.OpenSSLSocketImpl', referenced from method com.facebook.ssl.openssl.check.CheckOpenSSLImplHasRequiredMethods.<clinit>
W/dalvikvm(13159): VFY: unable to resolve const-class 13808 (Lorg/apache/harmony/xnet/provider/jsse/OpenSSLSocketImpl;) in Lcom/facebook/ssl/openssl/check/CheckOpenSSLImplHasRequiredMethods;
D/dalvikvm(13159): VFY: replacing opcode 0x1c at 0x000d
E/dalvikvm(13159): Could not find class 'org.apache.harmony.xnet.provider.jsse.OpenSSLSocketFactoryImpl', referenced from method com.facebook.ssl.openssl.reflect.SSLParametersGetter.<clinit>
W/dalvikvm(13159): VFY: unable to resolve const-class 13807 (Lorg/apache/harmony/xnet/provider/jsse/OpenSSLSocketFactoryImpl;) in Lcom/facebook/ssl/openssl/reflect/SSLParametersGetter;
D/dalvikvm(13159): VFY: replacing opcode 0x1c at 0x000d
E/dalvikvm(13159): Could not find class 'org.apache.harmony.xnet.provider.jsse.SSLParametersImpl', referenced from method com.facebook.ssl.openssl.reflect.SSLParametersGetter.a
W/dalvikvm(13159): VFY: unable to resolve check-cast 13809 (Lorg/apache/harmony/xnet/provider/jsse/SSLParametersImpl;) in Lcom/facebook/ssl/openssl/reflect/SSLParametersGetter;
D/dalvikvm(13159): VFY: replacing opcode 0x1f at 0x0006
E/dalvikvm(13159): Could not find class 'org.apache.harmony.xnet.provider.jsse.SSLParametersImpl', referenced from method com.facebook.ssl.openssl.reflect.SSLSessionTimeoutSetter.<clinit>
W/dalvikvm(13159): VFY: unable to resolve const-class 13809 (Lorg/apache/harmony/xnet/provider/jsse/SSLParametersImpl;) in Lcom/facebook/ssl/openssl/reflect/SSLSessionTimeoutSetter;
D/dalvikvm(13159): VFY: replacing opcode 0x1c at 0x000d
W/dalvikvm(13159): VFY: unable to find class referenced in signature (Lorg/apache/harmony/xnet/provider/jsse/SSLParametersImpl;)
E/dalvikvm(13159): Could not find class 'org.apache.harmony.xnet.provider.jsse.ClientSessionContext', referenced from method com.facebook.ssl.openssl.reflect.SSLSessionTimeoutSetter.a
W/dalvikvm(13159): VFY: unable to resolve check-cast 13806 (Lorg/apache/harmony/xnet/provider/jsse/ClientSessionContext;) in Lcom/facebook/ssl/openssl/reflect/SSLSessionTimeoutSetter;
D/dalvikvm(13159): VFY: replacing opcode 0x1f at 0x0006
W/dalvikvm(13159): VFY: unable to find class referenced in signature (Lorg/apache/harmony/xnet/provider/jsse/SSLParametersImpl;)
W/dalvikvm(13159): Unable to resolve superclass of Lcom/facebook/ssl/openssl/TicketEnabledOpenSSLSocketImplWrapper; (11243)
W/dalvikvm(13159): Link of class 'Lcom/facebook/ssl/openssl/TicketEnabledOpenSSLSocketImplWrapper;' failed
E/dalvikvm(13159): Could not find class 'com.facebook.ssl.openssl.TicketEnabledOpenSSLSocketImplWrapper', referenced from method com.facebook.ssl.openssl.TicketEnabledOpenSSLSocketFactoryHelper.a
W/dalvikvm(13159): VFY: unable to resolve new-instance 10681 (Lcom/facebook/ssl/openssl/TicketEnabledOpenSSLSocketImplWrapper;) in Lcom/facebook/ssl/openssl/TicketEnabledOpenSSLSocketFactoryHelper;
D/dalvikvm(13159): VFY: replacing opcode 0x22 at 0x0000
W/dalvikvm(13159): Unable to resolve superclass of Lcom/facebook/ssl/openssl/TicketEnabledOpenSSLSocketImplWrapper; (11243)
W/dalvikvm(13159): Link of class 'Lcom/facebook/ssl/openssl/TicketEnabledOpenSSLSocketImplWrapper;' failed
D/dalvikvm(13159): DexOpt: unable to opt direct call 0xc22f at 0x08 in Lcom/facebook/ssl/openssl/TicketEnabledOpenSSLSocketFactoryHelper;.a
D/dalvikvm(13159): Trying to load lib /data/app-lib/com.facebook.katana-1/libfbjni.so 0x41fb9450
D/dalvikvm(13159): Added shared lib /data/app-lib/com.facebook.katana-1/libfbjni.so 0x41fb9450
D/dalvikvm(13159): Trying to load lib /data/app-lib/com.facebook.katana-1/libcares.so 0x41fb9450
D/dalvikvm(13159): Added shared lib /data/app-lib/com.facebook.katana-1/libcares.so 0x41fb9450
D/dalvikvm(13159): No JNI_OnLoad found in /data/app-lib/com.facebook.katana-1/libcares.so 0x41fb9450, skipping init
D/dalvikvm(13159): Trying to load lib /data/app-lib/com.facebook.katana-1/libdouble-conversion.so 0x41fb9450
D/dalvikvm(13159): Added shared lib /data/app-lib/com.facebook.katana-1/libdouble-conversion.so 0x41fb9450
D/dalvikvm(13159): No JNI_OnLoad found in /data/app-lib/com.facebook.katana-1/libdouble-conversion.so 0x41fb9450, skipping init
D/dalvikvm(13159): Trying to load lib /data/app-lib/com.facebook.katana-1/libevent.so 0x41fb9450
I/ActivityManager( 1025): Process com.facebook.orca (pid 11543) has died.
W/ActivityManager( 1025): Scheduling restart of crashed service com.facebook.orca/com.facebook.push.mqtt.service.MqttPushService in 1000ms
D/dalvikvm(13159): Added shared lib /data/app-lib/com.facebook.katana-1/libevent.so 0x41fb9450
D/dalvikvm(13159): No JNI_OnLoad found in /data/app-lib/com.facebook.katana-1/libevent.so 0x41fb9450, skipping init
D/dalvikvm(13159): Trying to load lib /data/app-lib/com.facebook.katana-1/libliger.so 0x41fb9450
D/Ulp_jni ( 1025): Location CB invoked
D/dalvikvm(13159): Added shared lib /data/app-lib/com.facebook.katana-1/libliger.so 0x41fb9450
W/SyncWapiModule(13269): isPlayServicesEnabled=
W/fb4a(:<default>):AbstractMqttPushService(13159): Attempt to start service that is already started
W/SyncWapiModule(13269): isPlayServicesEnabled=
I/ActivityManager( 1025): Process com.viber.voip (pid 4815) has died.
D/WifiService( 1025): releaseWifiLockLocked: WifiLock{VoipServiceWifiLock type=1 binder=android.os.BinderProxy@4291ff28}
W/ActivityManager( 1025): Scheduling restart of crashed service com.viber.voip/com.viber.service.VoipConnectorService in 10660ms
W/ActivityManager( 1025): Scheduling restart of crashed service com.viber.voip/.api.billing.InAppBillingService in 20660ms
D/WifiStateMachine( 1025): handleMessage: E msg.what=151572
D/WifiStateMachine( 1025): processMsg: ConnectedState
D/WifiStateMachine( 1025): processMsg: L2ConnectedState
D/WifiStateMachine( 1025): handleMessage: X
D/dalvikvm(13159): Trying to load lib /data/app-lib/com.facebook.katana-1/libheartbleed.so 0x41fb9450
I/ActivityManager( 1025): Start proc com.motorola.MotGallery2 for broadcast com.motorola.MotGallery2/com.android.gallery3d.app.PackagesMonitor: pid=13320 uid=10034 gids={50034, 3003, 1028, 1015}
D/dalvikvm(13159): Added shared lib /data/app-lib/com.facebook.katana-1/libheartbleed.so 0x41fb9450
W/GAV2    (13269): Thread[main,5,main]: Need to call initialize() and be in fallback mode to start dispatch.
I/ActivityManager( 1025): Start proc com.google.android.googlequicksearchbox:search for broadcast com.google.android.googlequicksearchbox/com.google.android.search.core.icingsync.IcingCorporaChangedReceiver: pid=13341 uid=10045 gids={50045, 3003, 3001, 1028, 3002, 1015}
I/ActivityManager( 1025): Start proc com.evernote for broadcast com.evernote/.util.WidgetTracker: pid=13358 uid=10134 gids={50134, 3003, 1028, 1015}
I/UpdateIcingCorporaServi(13341): Updating corpora: APPS=co.giftmeapp.gift_me, CONTACTS=MAYBE
I/ActivityManager( 1025): Process com.motorola.MotGallery2 (pid 13320) has died.
I/SFPerfTracer(  274):      triggers: (rate: 1142:450684) (345731 sw vsyncs) (1058236 skipped) (45:3390780 vsyncs) (47:4250428)
I/ActivityManager( 1025): Start proc com.google.android.partnersetup for content provider com.google.android.partnersetup/.RlzAppProvider: pid=13374 uid=10025 gids={50025, 3003}
I/MultiDex(13358): VM with version 1.6.0 does not have multidex support
I/MultiDex(13358): install
I/MultiDex(13358): MultiDexExtractor.load(/data/app/com.evernote-1.apk, false)
D/CordovaLog(12933): file:///android_asset/www/js/ratchet.min.js: Line 10 : Uncaught SyntaxError: Failed to execute 'querySelector' on 'Document': '#give-gift/10152911418808392/156/' is not a valid selector.
I/chromium(12933): [INFO:CONSOLE(10)] "Uncaught SyntaxError: Failed to execute 'querySelector' on 'Document': '#give-gift/10152911418808392/156/' is not a valid selector.", source: file:///android_asset/www/js/ratchet.min.js (10)
I/MultiDex(13358): loading existing secondary dex files
I/MultiDex(13358): load found 0 secondary dex files
I/MultiDex(13358): install done
I/ActivityManager( 1025): Start proc com.facebook.orca for service com.facebook.orca/com.facebook.push.mqtt.service.MqttPushService: pid=13393 uid=10147 gids={50147, 3003, 1028, 1015}
I/dalvikvm(13341): Could not find method android.content.pm.PackageManager.getPackageInstaller, referenced from method com.google.android.gms.common.e.p
W/dalvikvm(13341): VFY: unable to resolve virtual method 901: Landroid/content/pm/PackageManager;.getPackageInstaller ()Landroid/content/pm/PackageInstaller;
D/dalvikvm(13341): VFY: replacing opcode 0x6e at 0x000b
W/GAV2    (13269): Thread[main,5,main]: dispatch call queued.  Need to call GAServiceManager.getInstance().initialize().
I/ActivityManager( 1025): Process com.google.android.apps.docs (pid 13269) has died.
D/WifiStateMachine( 1025): handleMessage: E msg.what=151572
D/WifiStateMachine( 1025): processMsg: ConnectedState
D/WifiStateMachine( 1025): processMsg: L2ConnectedState
I/ActivityManager( 1025): Process com.google.android.partnersetup (pid 13374) has died.
D/WifiStateMachine( 1025): handleMessage: X
D/EN      (13358): MemoryMapAppender.ctor()
D/EN      (13358): MemoryMapAppender.ctor-end()
D/ACRA    (13393): ACRA is enabled for com.facebook.orca, intializing...
D/EN      (13358): [EvernoteProvider] - Provider+++++onCreate()
D/EN      (13358): [d] - AccountManager()::userIds=102703026
D/EN      (13358): [b] - creating new AccountInfo()::userId102703026
D/ACRA    (13393): Looking for error files in /data/data/com.facebook.orca/app_acra-reports
D/ACRA    (13393): Looking for error files in /data/data/com.facebook.orca/app_minidumps
D/dalvikvm(13393): Trying to load lib /data/app-lib/com.facebook.orca-2/libgnustl_shared.so 0x41faf540
D/EN      (13358): [d] - AccountManager()::adding account::102703026::timcallagy
D/EN      (13358): [d] - AccountManager()::count=1
D/EN      (13358): [d] - initialized:
D/EN      (13358): [a] - getInstance()::
D/EN      (13358): [al] - Register SD Card Receiver ++++++++++++++++++++
D/EN      (13358): [al] - checkForRecentUnmount() end
D/EN      (13358): [a] - locale is set=en_GB
D/EN      (13358): [a] - isDBONSDcard()=true
I/EN      (13358): [al] - getSDCardStatus()::mounted::noStorageText=null
D/EN      (13358): [a] - isDBFileChanged()::lastFilePath in pref=/data/data/com.evernote/files/user-102703026/.external-1428259012787-Evernote.db
E/EN      (13358): [a] - isDBFileChanged()::+++++++++lastFilePath exists/data/data/com.evernote/files/user-102703026/.external-1428259012787-Evernote.db
D/EN      (13358): [a] - getInstance()::DBFile NOT Changed
D/EN      (13358): [a] - isDBONSDcard()=true
D/dalvikvm(13393): Added shared lib /data/app-lib/com.facebook.orca-2/libgnustl_shared.so 0x41faf540
D/dalvikvm(13393): No JNI_OnLoad found in /data/app-lib/com.facebook.orca-2/libgnustl_shared.so 0x41faf540, skipping init
D/EN      (13358): [a] - moveToSDcard()::start::Evernote.DB_ON_SDCARD=true
D/dalvikvm(13393): Trying to load lib /data/app-lib/com.facebook.orca-2/libfb_breakpad_client.so 0x41faf540
D/EN      (13358): [a] - isDBONSDcard()=true
E/EN      (13358): [a] - isLastDBFileOnSDCard()::+++++++++++lastFilePath exists/data/data/com.evernote/files/user-102703026/.external-1428259012787-Evernote.db
D/EN      (13358): [a] - isDBONSDcard()=true
D/EN      (13358): [a] - getDBfilePath()::++++++++++++++++lastFilePath from preferences/data/data/com.evernote/files/user-102703026/.external-1428259012787-Evernote.db
E/EN      (13358): [a] - getDBfilePath()::++++++++++++++++lastFilePath exists/data/data/com.evernote/files/user-102703026/.external-1428259012787-Evernote.db
D/EN      (13358): [EvernoteProvider] - cleanupOldThumbnailsIfNeeded()
D/dalvikvm(13393): Added shared lib /data/app-lib/com.facebook.orca-2/libfb_breakpad_client.so 0x41faf540
D/dalvikvm(13393): Trying to load lib /data/app-lib/com.facebook.orca-2/libfb_dalvik-internals.so 0x41faf540
D/dalvikvm(13393): Added shared lib /data/app-lib/com.facebook.orca-2/libfb_dalvik-internals.so 0x41faf540
V/DexLibLoader(13393): about to lock: /data/data/com.facebook.orca/mdex_lock
V/DexLibLoader(13393): locking /data/data/com.facebook.orca/mdex_lock took 1 ms
I/ReleaseProperties(13358): Current app is: evernote
V/DexLibLoader(13393): Secondary program dex metadata: secondary-1.dex.jar 790183d1fb728678b0d8546ed8e9eaef90404089 secondary.dex01.Canary
V/DexLibLoader(13393): Secondary program dex metadata: secondary-2.dex.jar 03b795797c6ded9e8b3df575980b7d37d9ca8dad secondary.dex02.Canary
V/DexLibLoader(13393): Secondary program dex metadata: secondary-3.dex.jar 5ccf73e2daa6156653af1c6485ad6053f38846b9 secondary.dex03.Canary
I/ReleaseProperties(13358): propFile: release is now loaded
V/DexLibLoader(13393): directory "/data/data/com.facebook.orca/app_secondary_program_dex" contains "program-790183d1fb728678b0d8546ed8e9eaef904040896661a1c7.dex.jar" as expected
V/DexLibLoader(13393): directory "/data/data/com.facebook.orca/app_secondary_program_dex" contains "program-03b795797c6ded9e8b3df575980b7d37d9ca8dad6661a1c7.dex.jar" as expected
V/DexLibLoader(13393): directory "/data/data/com.facebook.orca/app_secondary_program_dex" contains "program-5ccf73e2daa6156653af1c6485ad6053f38846b96661a1c7.dex.jar" as expected
D/DexLibLoader(13393): ignoring file "program-790183d1fb728678b0d8546ed8e9eaef904040896661a1c7.dex.odex" in "/data/data/com.facebook.orca/app_secondary_program_dex"
I/ReleaseProperties(13358): propFile: play is now loaded
D/DexLibLoader(13393): ignoring file "program-03b795797c6ded9e8b3df575980b7d37d9ca8dad6661a1c7.dex.odex" in "/data/data/com.facebook.orca/app_secondary_program_dex"
D/DexLibLoader(13393): ignoring file "program-5ccf73e2daa6156653af1c6485ad6053f38846b96661a1c7.dex.odex" in "/data/data/com.facebook.orca/app_secondary_program_dex"
D/DexLibLoader(13393): directory "/data/data/com.facebook.orca/app_secondary_program_dex" is valid
D/DexLibLoader(13393): ignoring file "primary_deps" in "/data/data/com.facebook.orca/app_secondary_program_dex_opt"
V/DexLibLoader(13393): directory "/data/data/com.facebook.orca/app_secondary_program_dex_opt" contains "program-790183d1fb728678b0d8546ed8e9eaef904040896661a1c7.dex.dex" as expected
V/DexLibLoader(13393): directory "/data/data/com.facebook.orca/app_secondary_program_dex_opt" contains "program-03b795797c6ded9e8b3df575980b7d37d9ca8dad6661a1c7.dex.dex" as expected
V/DexLibLoader(13393): directory "/data/data/com.facebook.orca/app_secondary_program_dex_opt" contains "program-5ccf73e2daa6156653af1c6485ad6053f38846b96661a1c7.dex.dex" as expected
D/DexLibLoader(13393): directory "/data/data/com.facebook.orca/app_secondary_program_dex_opt" is valid
I/ReleaseProperties(13358): propFile: base is now loaded
I/ReleaseProperties(13358): propFile: override is now loaded
D/DexLibLoader(13393): loading pre-built cross-dex opt odex files
V/dalvik-internals(13393): hooked dvmResolveClass using jump ()
V/dalvik-internals(13393): hooked dvmFlushBreakpoints using jump ()
D/MarketUtils(13358): isPackageInstalled() - com.android.vending is installed
D/MarketUtils(13358): isPackageInstalled() - com.android.vending is installed
D/MarketUtils(13358): isPackageInstalled() - com.android.vending is installed
D/MarketUtils(13358): isPackageInstalled() - com.android.vending is installed
I/ReleaseProperties(13358): ReleaseProperties: 
I/ReleaseProperties(13358):   bundleName=google-play
I/ReleaseProperties(13358):   revision=AM_702_524
I/ReleaseProperties(13358):   type=public
I/ReleaseProperties(13358):   gitHash=313f54a11431af98d659728265b72cfcf9ec527e
I/ReleaseProperties(13358):   baseSearchUri=market://search?q=
D/MarketUtils(13358): isPackageInstalled() - com.android.vending is installed
D/MarketUtils(13358): isPackageInstalled() - com.android.vending is installed
D/ReleaseProperties(13358): getReferralPersistencePath():: old=false:: path=/storage/emulated/0/.enref
I/ReleaseProperties(13358): From file referralCode=android
D/dalvikvm( 1567): GC_CONCURRENT freed 1707K, 37% free 10991K/17224K, paused 4ms+18ms, total 74ms
D/EN      (13358): [a] - isDBONSDcard()=true
D/EN      (13358): [Evernote] - VERSION_CODE: 1070243
D/MarketUtils(13358): isPackageInstalled() - com.android.vending is installed
D/MarketUtils(13358): isPackageInstalled() - com.android.vending is installed
I/dalvikvm(13358): Could not find method android.content.pm.PackageManager.getActivityBanner, referenced from method com.evernote.d.b.getActivityBanner
W/dalvikvm(13358): VFY: unable to resolve virtual method 793: Landroid/content/pm/PackageManager;.getActivityBanner (Landroid/content/ComponentName;)Landroid/graphics/drawable/Drawable;
D/dalvikvm(13358): VFY: replacing opcode 0x6e at 0x0002
I/dalvikvm(13358): Could not find method android.content.pm.PackageManager.getActivityBanner, referenced from method com.evernote.d.b.getActivityBanner
W/dalvikvm(13358): VFY: unable to resolve virtual method 794: Landroid/content/pm/PackageManager;.getActivityBanner (Landroid/content/Intent;)Landroid/graphics/drawable/Drawable;
D/dalvikvm(13358): VFY: replacing opcode 0x6e at 0x0002
I/dalvikvm(13358): Could not find method android.content.pm.PackageManager.getApplicationBanner, referenced from method com.evernote.d.b.getApplicationBanner
W/dalvikvm(13358): VFY: unable to resolve virtual method 801: Landroid/content/pm/PackageManager;.getApplicationBanner (Landroid/content/pm/ApplicationInfo;)Landroid/graphics/drawable/Drawable;
D/dalvikvm(13358): VFY: replacing opcode 0x6e at 0x0002
I/dalvikvm(13358): Could not find method android.content.pm.PackageManager.getApplicationBanner, referenced from method com.evernote.d.b.getApplicationBanner
W/dalvikvm(13358): VFY: unable to resolve virtual method 802: Landroid/content/pm/PackageManager;.getApplicationBanner (Ljava/lang/String;)Landroid/graphics/drawable/Drawable;
D/dalvikvm(13358): VFY: replacing opcode 0x6e at 0x0002
I/dalvikvm(13358): Could not find method android.content.pm.PackageManager.getLeanbackLaunchIntentForPackage, referenced from method com.evernote.d.b.getLeanbackLaunchIntentForPackage
W/dalvikvm(13358): VFY: unable to resolve virtual method 818: Landroid/content/pm/PackageManager;.getLeanbackLaunchIntentForPackage (Ljava/lang/String;)Landroid/content/Intent;
D/dalvikvm(13358): VFY: replacing opcode 0x6e at 0x0002
I/dalvikvm(13358): Could not find method android.content.pm.PackageManager.getPackageInstaller, referenced from method com.evernote.d.b.getPackageInstaller
W/dalvikvm(13358): VFY: unable to resolve virtual method 823: Landroid/content/pm/PackageManager;.getPackageInstaller ()Landroid/content/pm/PackageInstaller;
D/dalvikvm(13358): VFY: replacing opcode 0x6e at 0x0002
I/ApplicationLogger(13341): canRun() : Opted Out
I/dalvikvm(13358): Could not find method android.content.pm.PackageManager.getUserBadgedDrawableForDensity, referenced from method com.evernote.d.b.getUserBadgedDrawableForDensity
W/dalvikvm(13358): VFY: unable to resolve virtual method 839: Landroid/content/pm/PackageManager;.getUserBadgedDrawableForDensity (Landroid/graphics/drawable/Drawable;Landroid/os/UserHandle;Landroid/graphics/Rect;I)Landroid/graphics/drawable/Drawable;
D/dalvikvm(13358): VFY: replacing opcode 0x6e at 0x0002
I/dalvikvm(13358): Could not find method android.content.pm.PackageManager.getUserBadgedIcon, referenced from method com.evernote.d.b.getUserBadgedIcon
W/dalvikvm(13358): VFY: unable to resolve virtual method 840: Landroid/content/pm/PackageManager;.getUserBadgedIcon (Landroid/graphics/drawable/Drawable;Landroid/os/UserHandle;)Landroid/graphics/drawable/Drawable;
D/dalvikvm(13358): VFY: replacing opcode 0x6e at 0x0002
I/dalvikvm(13358): Could not find method android.content.pm.PackageManager.getUserBadgedLabel, referenced from method com.evernote.d.b.getUserBadgedLabel
W/dalvikvm(13358): VFY: unable to resolve virtual method 841: Landroid/content/pm/PackageManager;.getUserBadgedLabel (Ljava/lang/CharSequence;Landroid/os/UserHandle;)Ljava/lang/CharSequence;
D/dalvikvm(13358): VFY: replacing opcode 0x6e at 0x0002
V/MultiDexClassLoader(13393): installing MultiDexClassLoader before application classloader
I/UpdateIcingCorporaServi(13341): UpdateCorporaTask done [took 388 ms] updated apps [took 388 ms] 
I/dalvikvm(13393): Could not find method dalvik.system.DexFile.loadClassBinaryName, referenced from method com.facebook.common.l.g.a
W/dalvikvm(13393): VFY: unable to resolve virtual method 1453: Ldalvik/system/DexFile;.loadClassBinaryName (Ljava/lang/String;Ljava/lang/ClassLoader;)Ljava/lang/Class;
D/dalvikvm(13393): VFY: replacing opcode 0x6e at 0x0000
I/Crashlytics(13358): Initializing Crashlytics 1.1.8.10
D/DexLibLoader(13393): released odex store lock
D/DexLibLoader(13393): DexLibLoader.loadAll took 94 ms
W/bp      (13393): Verify
I/ActivityManager( 1025): Process com.google.android.googlequicksearchbox:search (pid 13341) has died.
E/dalvikvm(13393): Could not find class 'org.apache.harmony.xnet.provider.jsse.OpenSSLSocketImpl', referenced from method com.facebook.ssl.openssl.a.b.<clinit>
W/dalvikvm(13393): VFY: unable to resolve const-class 10658 (Lorg/apache/harmony/xnet/provider/jsse/OpenSSLSocketImpl;) in Lcom/facebook/ssl/openssl/a/b;
D/dalvikvm(13393): VFY: replacing opcode 0x1c at 0x000d
E/dalvikvm(13393): Could not find class 'org.apache.harmony.xnet.provider.jsse.OpenSSLSocketFactoryImpl', referenced from method com.facebook.ssl.openssl.b.b.<clinit>
W/dalvikvm(13393): VFY: unable to resolve const-class 10657 (Lorg/apache/harmony/xnet/provider/jsse/OpenSSLSocketFactoryImpl;) in Lcom/facebook/ssl/openssl/b/b;
D/dalvikvm(13393): VFY: replacing opcode 0x1c at 0x000d
E/dalvikvm(13393): Could not find class 'org.apache.harmony.xnet.provider.jsse.SSLParametersImpl', referenced from method com.facebook.ssl.openssl.b.b.a
W/dalvikvm(13393): VFY: unable to resolve check-cast 10660 (Lorg/apache/harmony/xnet/provider/jsse/SSLParametersImpl;) in Lcom/facebook/ssl/openssl/b/b;
D/dalvikvm(13393): VFY: replacing opcode 0x1f at 0x0006
E/dalvikvm(13393): Could not find class 'org.apache.harmony.xnet.provider.jsse.SSLParametersImpl', referenced from method com.facebook.ssl.openssl.b.c.<clinit>
W/dalvikvm(13393): VFY: unable to resolve const-class 10660 (Lorg/apache/harmony/xnet/provider/jsse/SSLParametersImpl;) in Lcom/facebook/ssl/openssl/b/c;
D/dalvikvm(13393): VFY: replacing opcode 0x1c at 0x000d
W/dalvikvm(13393): VFY: unable to find class referenced in signature (Lorg/apache/harmony/xnet/provider/jsse/SSLParametersImpl;)
E/dalvikvm(13393): Could not find class 'org.apache.harmony.xnet.provider.jsse.ClientSessionContext', referenced from method com.facebook.ssl.openssl.b.c.a
W/dalvikvm(13393): VFY: unable to resolve check-cast 10656 (Lorg/apache/harmony/xnet/provider/jsse/ClientSessionContext;) in Lcom/facebook/ssl/openssl/b/c;
D/dalvikvm(13393): VFY: replacing opcode 0x1f at 0x0006
W/dalvikvm(13393): VFY: unable to find class referenced in signature (Lorg/apache/harmony/xnet/provider/jsse/SSLParametersImpl;)
W/dalvikvm(13393): Unable to resolve superclass of Lcom/facebook/ssl/openssl/TicketEnabledOpenSSLSocketImplWrapper; (10659)
W/dalvikvm(13393): Link of class 'Lcom/facebook/ssl/openssl/TicketEnabledOpenSSLSocketImplWrapper;' failed
E/dalvikvm(13393): Could not find class 'com.facebook.ssl.openssl.TicketEnabledOpenSSLSocketImplWrapper', referenced from method com.facebook.ssl.openssl.b.a
W/dalvikvm(13393): VFY: unable to resolve new-instance 7258 (Lcom/facebook/ssl/openssl/TicketEnabledOpenSSLSocketImplWrapper;) in Lcom/facebook/ssl/openssl/b;
D/dalvikvm(13393): VFY: replacing opcode 0x22 at 0x0000
W/dalvikvm(13393): Unable to resolve superclass of Lcom/facebook/ssl/openssl/TicketEnabledOpenSSLSocketImplWrapper; (10659)
W/dalvikvm(13393): Link of class 'Lcom/facebook/ssl/openssl/TicketEnabledOpenSSLSocketImplWrapper;' failed
D/dalvikvm(13393): DexOpt: unable to opt direct call 0x9f40 at 0x08 in Lcom/facebook/ssl/openssl/b;.a
W/msgr(:<default>):a(13393): Attempt to start service that is already started
D/dalvikvm(13393): Trying to load lib /data/app-lib/com.facebook.orca-2/libfbjni.so 0x41faf540
D/dalvikvm(13393): Added shared lib /data/app-lib/com.facebook.orca-2/libfbjni.so 0x41faf540
D/dalvikvm(13393): Trying to load lib /data/app-lib/com.facebook.orca-2/libheartbleed.so 0x41faf540
D/dalvikvm(13393): Added shared lib /data/app-lib/com.facebook.orca-2/libheartbleed.so 0x41faf540
D/WifiStateMachine( 1025): handleMessage: E msg.what=151572
D/WifiStateMachine( 1025): processMsg: ConnectedState
D/WifiStateMachine( 1025): processMsg: L2ConnectedState
D/WifiStateMachine( 1025): handleMessage: X
D/MarketUtils(13358): isPackageInstalled() - com.android.vending is installed
D/HockeyApp(13358): Looking for exceptions in: /data/data/com.evernote/files
D/HockeyApp(13358): Current handler class = com.evernote.k
D/EN      (13358): [ee] - registered crash manager
D/EN      (13358): [c] - onApplicationStart()
D/EN      (13358): [c] - onApplicationStart() -- loader thread
D/EN      (13358): [c] - pushUserIDToDataLayer(), pushing user-id ending in 6
D/MarketUtils(13358): isPackageInstalled() - com.android.vending is installed
D/MarketUtils(13358): isPackageInstalled() - com.android.vending is installed
I/ActivityManager( 1025): Start proc com.evernote.widget for broadcast com.evernote.widget/.WidgetStateReceiver: pid=13459 uid=10135 gids={50135, 3003, 1028, 1015}
I/Icing   ( 1567): Indexing D11140B64A23ADCF9607D6E17FA4854A5443BF22 from com.google.android.googlequicksearchbox
D/EN      (13358): [c] - 	loading saved values from internal storage
I/ReleaseProperties(13459): Current app is: evernoteWidget
I/ReleaseProperties(13459): propFile: release is now loaded
D/WifiStateMachine( 1025): handleMessage: E msg.what=131155
D/WifiStateMachine( 1025): processMsg: ConnectedState
D/WifiStateMachine( 1025): processMsg: L2ConnectedState
I/ReleaseProperties(13459): propFile: play is now loaded
D/WifiStateMachine( 1025): handleMessage: X
I/ReleaseProperties(13459): propFile: base is now loaded
I/ReleaseProperties(13459): propFile: override is now loaded
I/ActivityManager( 1025): Start proc com.google.android.googlequicksearchbox:search for content provider com.google.android.googlequicksearchbox/com.google.android.search.core.icingsync.InternalIcingCorporaProvider: pid=13472 uid=10045 gids={50045, 3003, 3001, 1028, 3002, 1015}
I/ReleaseProperties(13459): ReleaseProperties: 
I/ReleaseProperties(13459):   bundleName=none
I/ReleaseProperties(13459):   revision=unknown
I/ReleaseProperties(13459):   type=development
I/ReleaseProperties(13459):   gitHash=?
I/ReleaseProperties(13459):   baseSearchUri=market://search?q=
D/ReleaseProperties(13459): getReferralPersistencePath():: old=false:: path=/storage/emulated/0/.enref
I/ReleaseProperties(13459): From file referralCode=android
I/ActivityManager( 1025): Start proc com.viber.voip for broadcast com.viber.voip/.util.PackageReplacedReceiver: pid=13490 uid=10108 gids={50108, 3003, 1028, 1015, 3002, 3001}
I/ActivityManager( 1025): Process com.evernote (pid 13358) has died.
D/dalvikvm( 1025): GC_EXPLICIT freed 773K, 36% free 32334K/50444K, paused 5ms+19ms, total 189ms
I/ActivityManager( 1025): Process com.evernote.widget (pid 13459) has died.
I/dalvikvm(13472): Could not find method android.content.pm.PackageManager.getPackageInstaller, referenced from method com.google.android.gms.common.e.p
W/dalvikvm(13472): VFY: unable to resolve virtual method 901: Landroid/content/pm/PackageManager;.getPackageInstaller ()Landroid/content/pm/PackageInstaller;
D/dalvikvm(13472): VFY: replacing opcode 0x6e at 0x000b
I/Icing   ( 1567): Indexing done D11140B64A23ADCF9607D6E17FA4854A5443BF22
I/ActivityManager( 1025): Process com.google.android.googlequicksearchbox:search (pid 13472) has died.
D/Logger  (13490): creating log dir /storage/emulated/0/viber/.logs/trace/
D/Logger  (13490): oldFilesNames :[]
D/Logger  (13490): main_4.clg deleted=false
D/Logger  (13490): main_3.clg renamedTo=false main_4.clg
D/Logger  (13490): main_2.clg renamedTo=false main_3.clg
D/Logger  (13490): main_1.clg renamedTo=false main_2.clg
D/Logger  (13490): main.clg renamedTo=false main_1.clg
I/dalvikvm(13490): Could not find method android.os.PowerManager.isInteractive, referenced from method com.viber.voip.util.hf.b
W/dalvikvm(13490): VFY: unable to resolve virtual method 1673: Landroid/os/PowerManager;.isInteractive ()Z
D/dalvikvm(13490): VFY: replacing opcode 0x6e at 0x003c
D/dalvikvm(13490): DexOpt: couldn't find field Landroid/app/Notification;.category
W/dalvikvm(13490): VFY: unable to resolve instance field 19
D/dalvikvm(13490): VFY: replacing opcode 0x5b at 0x001e
D/dalvikvm(13490): DexOpt: couldn't find field Landroid/app/Notification;.category
W/dalvikvm(13490): VFY: unable to resolve instance field 19
D/dalvikvm(13490): VFY: replacing opcode 0x5b at 0x0193
D/dalvikvm(13490): Trying to load lib /data/app-lib/com.viber.voip-2/libCrossUnblocker.so 0x41fafae8
D/WifiStateMachine( 1025): handleMessage: E msg.what=151572
D/WifiStateMachine( 1025): processMsg: ConnectedState
D/WifiStateMachine( 1025): processMsg: L2ConnectedState
D/dalvikvm(13490): Added shared lib /data/app-lib/com.viber.voip-2/libCrossUnblocker.so 0x41fafae8
D/WifiStateMachine( 1025): handleMessage: X
I/ActivityManager( 1025): Start proc android.process.acore for broadcast com.android.providers.contacts/.PackageIntentReceiver: pid=13534 uid=10010 gids={50010, 3003, 1028, 1015, 1023}
I/Crashlytics(13490): Initializing Crashlytics 1.1.11.10
E/NetworkScheduler.SchedulerReceiver(20136): Invalid parameter app
E/NetworkScheduler.SchedulerReceiver(20136): Invalid package name : Perhaps you didn't include a PendingIntent in the extras?
D/PackageBroadcastService( 1567): Received broadcast action=android.intent.action.PACKAGE_REPLACED and uri=co.giftmeapp.gift_me
I/ActivityManager( 1025): Start proc com.google.android.apps.magazines for broadcast com.google.android.apps.magazines/com.google.apps.dots.android.app.receiver.FirstInstallNotificationReceiver: pid=13561 uid=10077 gids={50077, 3003, 1028, 1015}
I/ActivityManager( 1025): Process android.process.acore (pid 13534) has died.
I/dalvikvm(13561): Could not find method android.accounts.AccountManager.getPreviousName, referenced from method com.google.apps.dots.android.newsstand.auth.AccountManagerDelegate.getPreviousName
W/dalvikvm(13561): VFY: unable to resolve virtual method 7: Landroid/accounts/AccountManager;.getPreviousName (Landroid/accounts/Account;)Ljava/lang/String;
D/dalvikvm(13561): VFY: replacing opcode 0x6e at 0x0002
E/cutils  (  261): Failed to mkdirat(/storage/sdcard1/Android): Read-only file system
W/Vold    (  261): Returning OperationFailed - no handler for errno 30
W/ContextImpl(13561): Failed to ensure directory: /storage/sdcard1/Android/data/com.google.android.apps.magazines/cache
E/cutils  (  261): Failed to mkdirat(/storage/sdcard1/Android): Read-only file system
W/Vold    (  261): Returning OperationFailed - no handler for errno 30
W/ContextImpl(13561): Failed to ensure directory: /storage/sdcard1/Android/data/com.google.android.apps.magazines/files
E/cutils  (  261): Failed to mkdirat(/storage/sdcard1/Android): Read-only file system
W/Vold    (  261): Returning OperationFailed - no handler for errno 30
W/ContextImpl(13561): Failed to ensure directory: /storage/sdcard1/Android/data/com.google.android.apps.magazines/cache
E/cutils  (  261): Failed to mkdirat(/storage/sdcard1/Android): Read-only file system
W/Vold    (  261): Returning OperationFailed - no handler for errno 30
W/ContextImpl(13561): Failed to ensure directory: /storage/sdcard1/Android/data/com.google.android.apps.magazines/files
V/WebViewChromiumFactoryProvider(13561): Binding Chromium to main looper Looper (main, tid 1) {41faad18}
I/LibraryLoader(13561): Expected native library version number "",actual native library version number ""
I/chromium(13561): [INFO:library_loader_hooks.cc(116)] Chromium logging enabled: level = 0, default verbosity = 0
I/BrowserStartupController(13561): Initializing chromium process, renderers=0
E/AudioManagerAndroid(13561): BLUETOOTH permission is missing!
I/Adreno-EGL(13561): <qeglDrvAPI_eglInitialize:410>: EGL 1.4 QUALCOMM build: AU_LINUX_ANDROID_LNX.LA.3.5.1_RB1.04.04.02.048.018_msm8226_LNX.LA.3.5.1_RB1__release_AU ()
I/Adreno-EGL(13561): OpenGL ES Shader Compiler Version: E031.24.00.08
I/Adreno-EGL(13561): Build Date: 03/07/14 Fri
I/Adreno-EGL(13561): Local Branch: 
I/Adreno-EGL(13561): Remote Branch: quic/LNX.LA.3.5.1_RB1.1
I/Adreno-EGL(13561): Local Patches: NONE
I/Adreno-EGL(13561): Reconstruct Branch: AU_LINUX_ANDROID_LNX.LA.3.5.1_RB1.04.04.02.048.018 + f2fd134 +  NOTHING
I/NSApplication(13561): Starting up...
I/ActivityManager( 1025): Start proc com.google.android.apps.cloudprint for broadcast com.google.android.apps.cloudprint/.printdialog.receivers.UpgradeBroadcastReceiver: pid=13621 uid=10058 gids={50058, 3003, 1028}
D/AudioManagerAndroid(13561): ==> onReceive: s=0, m=1, n=h2w, sb=true
D/AudioManagerAndroid(13561): reportUpdate: state=0, devices=[Speakerphone, Headset earpiece]
I/ActivityManager( 1025): Process com.google.android.apps.magazines (pid 13561) has died.
D/dalvikvm(  275): GC_EXPLICIT freed 42K, 48% free 9011K/17224K, paused 2ms+2ms, total 38ms
D/dalvikvm(  275): GC_EXPLICIT freed <1K, 48% free 9011K/17224K, paused 2ms+3ms, total 19ms
D/dalvikvm(  275): GC_EXPLICIT freed <1K, 48% free 9011K/17224K, paused 2ms+3ms, total 18ms
I/ActivityManager( 1025): Start proc com.motorola.context for broadcast com.motorola.context/.engine.mediator.MediatorReceiver: pid=13636 uid=10011 gids={50011, 3001, 3002, 3003}
D/WifiStateMachine( 1025): handleMessage: E msg.what=151572
D/WifiStateMachine( 1025): processMsg: ConnectedState
D/WifiStateMachine( 1025): processMsg: L2ConnectedState
D/WifiStateMachine( 1025): handleMessage: X
W/BroadcastQueue( 1025): Permission Denial: broadcasting Intent { act=android.net.conn.INET_CONDITION_ACTION flg=0x4000010 (has extras) } from null (pid=-1, uid=-1) requires com.facebook.permission.prod.FB_APP_COMMUNICATION due to registered receiver BroadcastFilter{42c9cb98 u0 ReceiverList{42d27df0 13159 com.facebook.katana/10110/u0 remote:42932280}}
W/BroadcastQueue( 1025): Permission Denial: broadcasting Intent { act=android.net.conn.CONNECTIVITY_CHANGE flg=0x4000010 (has extras) } from null (pid=-1, uid=-1) requires com.facebook.permission.prod.FB_APP_COMMUNICATION due to registered receiver BroadcastFilter{42c9cb98 u0 ReceiverList{42d27df0 13159 com.facebook.katana/10110/u0 remote:42932280}}
D/CordovaLog(12933): file:///android_asset/www/js/GiveGiftView.js: Line 17 : GIFTME - buy now clicked
I/chromium(12933): [INFO:CONSOLE(17)] "GIFTME - buy now clicked", source: file:///android_asset/www/js/GiveGiftView.js (17)
I/SBar.NetworkController( 1119): onSignalStrengthsChanged SignalStrength: 5 0 -120 -160 -120 -1 -1 99 2147483647 2147483647 2147483647 2147483647 2147483647 gsm|lte 0 -108 -1 false 2 2 0 0 0 99 99 99 4 level=2
I/SBar.NetworkController( 1119): refreshSignalCluster: mobile: Signal=zz_moto_stat_sys_signal_2_fully_wide Roaming=(none) mSimIconId=(none) Accessibility="Phone two bars.","Not roaming.",""
I/ActivityManager( 1025): Start proc com.motorola.MotGallery2 for broadcast com.motorola.MotGallery2/com.motorola.blur.service.blur.StartupReceiver: pid=13651 uid=10034 gids={50034, 3003, 1028, 1015}
I/ActivityManager( 1025): Process com.google.android.apps.cloudprint (pid 13621) has died.
D/ConnectPlugin(12933): activity result in plugin: requestCode(0), resultCode(0)
I/ActivityManager( 1025): START u0 {cmp=co.giftmeapp.gift_me/com.paypal.android.sdk.payments.PaymentActivity (has extras)} from pid 12933
W/ContextImpl( 1295): Calling a method in the system process without a qualified user: android.app.ContextImpl.sendBroadcast:1252 android.content.ContextWrapper.sendBroadcast:365 com.motorola.motocare.util.TriggerHelper$TriggerBuilder.send:76 com.motorola.motocare.internal.frameworkevents.PauseResumeTrigger.handleFrameworkEvent:53 com.motorola.motocare.internal.frameworkevents.FwEventMonitor$FrameworkListener.processFrameworkEvent:114 
D/CordovaActivity(12933): Paused the application!
D/CordovaWebView(12933): Handle the pause
I/ActivityManager( 1025): Process com.motorola.context (pid 13636) has died.
W/PluginManager(12933): THREAD WARNING: exec() call to PayPalMobile.renderSinglePaymentUI blocked the main thread for 159ms. Plugin should use CordovaInterface.getThreadPool().
W/ContextImpl( 1295): Calling a method in the system process without a qualified user: android.app.ContextImpl.sendBroadcast:1252 android.content.ContextWrapper.sendBroadcast:365 com.motorola.motocare.util.TriggerHelper$TriggerBuilder.send:76 com.motorola.motocare.internal.frameworkevents.PauseResumeTrigger.handleFrameworkEvent:53 com.motorola.motocare.internal.frameworkevents.FwEventMonitor$FrameworkListener.processFrameworkEvent:114 
W/dalvikvm(13159): Unable to resolve superclass of Lcom/facebook/push/adm/ADMBroadcastReceiver; (505)
W/dalvikvm(13159): Link of class 'Lcom/facebook/push/adm/ADMBroadcastReceiver;' failed
E/dalvikvm(13159): Could not find class 'com.facebook.push.adm.ADMBroadcastReceiver', referenced from method com.facebook.push.adm.ADMPushManager.b
W/dalvikvm(13159): VFY: unable to resolve const-class 8355 (Lcom/facebook/push/adm/ADMBroadcastReceiver;) in Lcom/facebook/push/adm/ADMPushManager;
D/dalvikvm(13159): VFY: replacing opcode 0x1c at 0x000e
D/dalvikvm(12933): GC_FOR_ALLOC freed 817K, 34% free 11535K/17224K, paused 27ms, total 27ms
I/CCEUtils(13651): device type: OLDMOTO
I/ActivityManager( 1025): Start proc com.google.android.googlequicksearchbox:search for broadcast com.google.android.googlequicksearchbox/.GelStubAppWatcher: pid=13670 uid=10045 gids={50045, 3003, 3001, 1028, 3002, 1015}
V/PhoneStatusBar( 1119): setLightsOn(true)
I/SFPerfTracer(  274):      triggers: (rate: 1272:50668) (compose: 0:256) (post: 0:21) (render: 90:10664) (0:797471 frames) (1:3354188)
D/SFPerfTracer(  274):        layers: (3:10) (DimLayer: 0:158)* (DimLayer: 0:142)* (FocusedStackFrame: 1:22379)* (StatusBar: 0:269063) (NavigationBar: 0:207176) (DimLayer: 0:25861)* (DimLayer: 0:4903)* (com.android.wallpaper.fall.FallWallpaper: 0:1402)* (Starting co.giftmeapp.gift_me: 0:40)* (co.giftmeapp.gift_me/co.giftmeapp.gift_me.GiftMe: 0:92) 
W/fb4a(:<default>):AbstractMqttPushService(13159): Attempt to start service that is already started
W/PaymentActivity(12933): Please add PayPalService.EXTRA_PAYPAL_CONFIGURATION to this activity for restart resiliency.
I/ActivityManager( 1025): START u0 {cmp=co.giftmeapp.gift_me/com.paypal.android.sdk.payments.PaymentMethodActivity (has extras)} from pid 12933
W/ContextImpl( 1295): Calling a method in the system process without a qualified user: android.app.ContextImpl.sendBroadcast:1252 android.content.ContextWrapper.sendBroadcast:365 com.motorola.motocare.util.TriggerHelper$TriggerBuilder.send:76 com.motorola.motocare.internal.frameworkevents.PauseResumeTrigger.handleFrameworkEvent:53 com.motorola.motocare.internal.frameworkevents.FwEventMonitor$FrameworkListener.processFrameworkEvent:114 
W/fb4a(:<default>):AbstractMqttPushService(13159): Attempt to start service that is already started
I/ActivityManager( 1025): Start proc uk.co.economist for broadcast uk.co.economist/com.urbanairship.push.GCMPushReceiver: pid=13687 uid=10130 gids={50130, 3003, 1028, 1015}
I/ActivityManager( 1025): Process com.motorola.MotGallery2 (pid 13651) has died.
D/dalvikvm(13159): GC_CONCURRENT freed 4177K, 25% free 13010K/17224K, paused 15ms+6ms, total 155ms
D/dalvikvm(13159): WAIT_FOR_CONCURRENT_GC blocked 51ms
D/dalvikvm(13159): WAIT_FOR_CONCURRENT_GC blocked 41ms
W/ContextImpl( 1295): Calling a method in the system process without a qualified user: android.app.ContextImpl.sendBroadcast:1252 android.content.ContextWrapper.sendBroadcast:365 com.motorola.motocare.util.TriggerHelper$TriggerBuilder.send:76 com.motorola.motocare.internal.frameworkevents.PauseResumeTrigger.handleFrameworkEvent:53 com.motorola.motocare.internal.frameworkevents.FwEventMonitor$FrameworkListener.processFrameworkEvent:114 
I/ActivityManager( 1025): Process com.google.android.googlequicksearchbox:search (pid 13670) has died.
