--------- beginning of /dev/log/system
W/ThrottleService(  584): unable to find stats for iface rmnet0
V/AlarmManager(  584): sending alarm PendingIntent{42d6d9e0: PendingIntentRecord{42d6d8a8 android broadcastIntent}}, intent=com.android.server.ThrottleManager.action.POLL, type=ELAPSED_REALTIME, count=1, when=4955764, repeateInterval=0
D/PowerManagerService(  584): releaseWakeLock(43440f18): PARTIAL_WAKE_LOCK , tag=AlarmManager, flags=0x1
D/PowerManagerService(  584): acquireWakeLock(434500f0): PARTIAL_WAKE_LOCK , tag=AlarmManager, flags=0x1, pid=584, uid=1000, mUserState=0x0
V/AlarmManager(  584): sending alarm PendingIntent{42c64110: PendingIntentRecord{43183b88 com.viber.voip broadcastIntent}}, intent=com.viber.voip.action.KEEP_ALIVE_RECEIVE, type=RTC_WAKEUP, count=1, when=1427234372348, repeateInterval=0
D/PowerManagerService(  584): releaseWakeLock(434500f0): PARTIAL_WAKE_LOCK , tag=AlarmManager, flags=0x1
D/PowerManagerService(  584): acquireWakeLock(4344e6d8): PARTIAL_WAKE_LOCK , tag=AlarmManager, flags=0x1, pid=584, uid=1000, mUserState=0x0
V/AlarmManager(  584): sending alarm PendingIntent{4334b248: PendingIntentRecord{4324c1d8 com.whatsapp broadcastIntent}}, intent=com.whatsapp.alarm.CLIENT_PING_TIMEOUT, type=ELAPSED_REALTIME_WAKEUP, count=1, when=4978875, repeateInterval=0
D/PowerManagerService(  584): releaseWakeLock(4344e6d8): PARTIAL_WAKE_LOCK , tag=AlarmManager, flags=0x1
D/PowerManagerService(  584): acquireWakeLock(43369eb0): PARTIAL_WAKE_LOCK , tag=AlarmManager, flags=0x1, pid=584, uid=1000, mUserState=0x0
V/AlarmManager(  584): sending alarm PendingIntent{426a7560: PendingIntentRecord{430a21e0 com.android.phone broadcastIntent}}, intent=com.android.internal.telephony.gprs-data-stall, type=ELAPSED_REALTIME, count=1, when=4982212, repeateInterval=0
D/PowerManagerService(  584): releaseWakeLock(43369eb0): PARTIAL_WAKE_LOCK , tag=AlarmManager, flags=0x1
D/PowerManagerService(  584): acquireWakeLock(431e2ca0): PARTIAL_WAKE_LOCK , tag=AlarmManager, flags=0x1, pid=584, uid=1000, mUserState=0x0
V/AlarmManager(  584): sending alarm PendingIntent{42fe76e0: PendingIntentRecord{42bff060 nz.barees.android.cachesensedemo broadcastIntent}}, intent=null, type=RTC_WAKEUP, count=1, when=1427235000000, repeateInterval=600000
V/AlarmManager(  584): sending alarm PendingIntent{429db508: PendingIntentRecord{42d0af18 android broadcastIntent}}, intent=android.intent.action.TIME_TICK, type=RTC, count=1, when=1427234400000, repeateInterval=0
D/PowerManagerService(  584): releaseWakeLock(431e2ca0): PARTIAL_WAKE_LOCK , tag=AlarmManager, flags=0x1
D/BatteryService(  584): updateBatteryStats: auto update.
D/PowerManagerService(  584): acquireWakeLock(43238cc0): PARTIAL_WAKE_LOCK , tag=BatteryServiceUpdateStats, flags=0x1, pid=584, uid=1000, mUserState=0x0
D/PowerManagerService(  584): releaseWakeLock(43238cc0): PARTIAL_WAKE_LOCK , tag=BatteryServiceUpdateStats, flags=0x1
D/BatteryService(  584): updateBatteryStats: update triggered by UEvent.
D/PowerManagerService(  584): acquireWakeLock(42fa6170): PARTIAL_WAKE_LOCK , tag=BatteryServiceUpdateStats, flags=0x1, pid=584, uid=1000, mUserState=0x0
D/PowerManagerService(  584): runHtcPowerSaverCheck ======================================
D/PowerUI (  840): closing low battery warning: level=46
D/PowerUI (  840): plugged = true, health = 2, mBatteryLevel = 46, mPluggedBatteryLevel = 34, mLowBatteryWarningLevel2 = 25, mshowLowChargingWarning2 = true
D/WifiService(  584): ACTION_BATTERY_CHANGED pluggedType: 2
D/NotificationService(  584): mIntentReceiver() Intent.ACTION_BATTERY_CHANGED
D/PowerManagerService(  584): releaseWakeLock(42fa6170): PARTIAL_WAKE_LOCK , tag=BatteryServiceUpdateStats, flags=0x1
D/PowerManagerService(  584): acquireWakeLock(430dc840): PARTIAL_WAKE_LOCK , tag=AlarmManager, flags=0x1, pid=584, uid=1000, mUserState=0x0
V/AlarmManager(  584): sending alarm PendingIntent{429db508: PendingIntentRecord{42d0af18 android broadcastIntent}}, intent=android.intent.action.TIME_TICK, type=RTC, count=1, when=1427234460000, repeateInterval=0
D/PowerManagerService(  584): releaseWakeLock(430dc840): PARTIAL_WAKE_LOCK , tag=AlarmManager, flags=0x1
D/BatteryService(  584): updateBatteryStats: auto update.
D/PowerManagerService(  584): acquireWakeLock(43097c00): PARTIAL_WAKE_LOCK , tag=BatteryServiceUpdateStats, flags=0x1, pid=584, uid=1000, mUserState=0x0
D/PowerManagerService(  584): releaseWakeLock(43097c00): PARTIAL_WAKE_LOCK , tag=BatteryServiceUpdateStats, flags=0x1
D/BatteryService(  584): updateBatteryStats: update triggered by UEvent.
D/PowerManagerService(  584): acquireWakeLock(4332bc40): PARTIAL_WAKE_LOCK , tag=BatteryServiceUpdateStats, flags=0x1, pid=584, uid=1000, mUserState=0x0
D/PowerManagerService(  584): runHtcPowerSaverCheck ======================================
D/PowerUI (  840): closing low battery warning: level=46
D/PowerUI (  840): plugged = true, health = 2, mBatteryLevel = 46, mPluggedBatteryLevel = 34, mLowBatteryWarningLevel2 = 25, mshowLowChargingWarning2 = true
D/WifiService(  584): ACTION_BATTERY_CHANGED pluggedType: 2
D/NotificationService(  584): mIntentReceiver() Intent.ACTION_BATTERY_CHANGED
D/PowerManagerService(  584): releaseWakeLock(4332bc40): PARTIAL_WAKE_LOCK , tag=BatteryServiceUpdateStats, flags=0x1
D/PowerManagerService(  584): acquireWakeLock(4342dad0): PARTIAL_WAKE_LOCK , tag=AlarmManager, flags=0x1, pid=584, uid=1000, mUserState=0x0
V/AlarmManager(  584): sending alarm PendingIntent{429db508: PendingIntentRecord{42d0af18 android broadcastIntent}}, intent=android.intent.action.TIME_TICK, type=RTC, count=1, when=1427234520000, repeateInterval=0
D/PowerManagerService(  584): releaseWakeLock(4342dad0): PARTIAL_WAKE_LOCK , tag=AlarmManager, flags=0x1
D/PowerManagerService(  584): acquireWakeLock(431dcdc8): PARTIAL_WAKE_LOCK , tag=AlarmManager, flags=0x1, pid=584, uid=1000, mUserState=0x0
V/AlarmManager(  584): sending alarm PendingIntent{43245160: PendingIntentRecord{42d779b8 com.google.android.gms broadcastIntent}}, intent=com.google.android.gms.nlp.ALARM_WAKEUP_LOCATOR, type=ELAPSED_REALTIME_WAKEUP, count=1, when=5108086, repeateInterval=0
D/PowerManagerService(  584): acquireWakeLock(42d980d8): PARTIAL_WAKE_LOCK , tag=NlpWakeLock, flags=0x1, pid=1390, uid=10017, mUserState=0x0
D/PowerManagerService(  584): releaseWakeLock(431dcdc8): PARTIAL_WAKE_LOCK , tag=AlarmManager, flags=0x1
D/PowerManagerService(  584): acquireWakeLock(42e75bb8): PARTIAL_WAKE_LOCK , tag=NlpWakeLock, flags=0x1, pid=1390, uid=10017, mUserState=0x0
D/WifiService(  584): acquireWifiLockLocked: WifiLock{NlpWifiLock type=2 binder=android.os.BinderProxy@42e76400}
D/WifiService(  584): updateWifiState(): wifiApEnabled: false, wifiApAirplaneMode: falsegetWifiEnabledState(): 3, getWifiApEnabledState: 11
D/WifiService(  584): updateWifiState(): mAirplaneModeOn.get(): false, mPersistWifiState.get(): 1
D/WifiService(  584): updateWifiState(): mEmergencyCallbackMode: false, mDeviceIdle: false, lockHeld: true, mStopWifiRequested:false
D/WifiService(  584): updateWifiState(): enable and start wifi
D/PowerManagerService(  584): releaseWakeLock(42d980d8): PARTIAL_WAKE_LOCK , tag=NlpWakeLock, flags=0x1
D/PowerManagerService(  584): acquireWakeLock(4340fda0): PARTIAL_WAKE_LOCK , tag=RILJ, flags=0x1, pid=984, uid=1001, mUserState=0x0
D/PowerManagerService(  584): releaseWakeLock(4340fda0): PARTIAL_WAKE_LOCK , tag=RILJ, flags=0x1
D/PowerManagerService(  584): acquireWakeLock(4319cc40): PARTIAL_WAKE_LOCK , tag=NlpWakeLock, flags=0x1, pid=1390, uid=10017, mUserState=0x0
D/PowerManagerService(  584): releaseWakeLock(4319cc40): PARTIAL_WAKE_LOCK , tag=NlpWakeLock, flags=0x1
D/PowerManagerService(  584): acquireWakeLock(43123088): PARTIAL_WAKE_LOCK , tag=GCoreFlp, flags=0x1, pid=1390, uid=10017, mUserState=0x0
D/PowerManagerService(  584): acquireWakeLock(42e45708): PARTIAL_WAKE_LOCK , tag=GCoreFlp, flags=0x1, pid=1390, uid=10017, mUserState=0x0
D/PowerManagerService(  584): releaseWakeLock(43123088): PARTIAL_WAKE_LOCK , tag=GCoreFlp, flags=0x1
D/PowerManagerService(  584): releaseWakeLock(42e45708): PARTIAL_WAKE_LOCK , tag=GCoreFlp, flags=0x1
D/WifiService(  584): releaseWifiLockLocked: WifiLock{NlpWifiLock type=2 binder=android.os.BinderProxy@42e76400}
D/WifiService(  584): updateWifiState(): wifiApEnabled: false, wifiApAirplaneMode: falsegetWifiEnabledState(): 3, getWifiApEnabledState: 11
D/WifiService(  584): updateWifiState(): mAirplaneModeOn.get(): false, mPersistWifiState.get(): 1
D/WifiService(  584): updateWifiState(): mEmergencyCallbackMode: false, mDeviceIdle: false, lockHeld: true, mStopWifiRequested:false
D/WifiService(  584): updateWifiState(): enable and start wifi
D/PowerManagerService(  584): releaseWakeLock(42e75bb8): PARTIAL_WAKE_LOCK , tag=NlpWakeLock, flags=0x1
D/BatteryService(  584): updateBatteryStats: auto update.
D/PowerManagerService(  584): acquireWakeLock(433dd928): PARTIAL_WAKE_LOCK , tag=BatteryServiceUpdateStats, flags=0x1, pid=584, uid=1000, mUserState=0x0
D/PowerManagerService(  584): releaseWakeLock(433dd928): PARTIAL_WAKE_LOCK , tag=BatteryServiceUpdateStats, flags=0x1
D/BatteryService(  584): updateBatteryStats: update triggered by UEvent.
D/PowerManagerService(  584): acquireWakeLock(431a10e8): PARTIAL_WAKE_LOCK , tag=BatteryServiceUpdateStats, flags=0x1, pid=584, uid=1000, mUserState=0x0
D/PowerUI (  840): closing low battery warning: level=46
D/PowerUI (  840): plugged = true, health = 2, mBatteryLevel = 46, mPluggedBatteryLevel = 34, mLowBatteryWarningLevel2 = 25, mshowLowChargingWarning2 = true
D/WifiService(  584): ACTION_BATTERY_CHANGED pluggedType: 2
D/NotificationService(  584): mIntentReceiver() Intent.ACTION_BATTERY_CHANGED
D/PowerManagerService(  584): runHtcPowerSaverCheck ======================================
D/PowerManagerService(  584): releaseWakeLock(431a10e8): PARTIAL_WAKE_LOCK , tag=BatteryServiceUpdateStats, flags=0x1
D/PowerManagerService(  584): acquireWakeLock(42e05a48): PARTIAL_WAKE_LOCK , tag=AlarmManager, flags=0x1, pid=584, uid=1000, mUserState=0x0
D/PowerManagerService(  584): acquireWakeLock(43174650): PARTIAL_WAKE_LOCK , tag=SyncManagerHandleSyncAlarm, flags=0x1, pid=584, uid=1000, mUserState=0x0
V/AlarmManager(  584): sending alarm PendingIntent{42b57bb0: PendingIntentRecord{427e7dc0 android broadcastIntent}}, intent=android.content.syncmanager.SYNC_ALARM, type=ELAPSED_REALTIME_WAKEUP, count=1, when=5139940, repeateInterval=0
D/PowerManagerService(  584): releaseWakeLock(42e05a48): PARTIAL_WAKE_LOCK , tag=AlarmManager, flags=0x1
D/PowerManagerService(  584): acquireWakeLock(4336ff60): PARTIAL_WAKE_LOCK , tag=SyncLoopWakeLock, flags=0x1, pid=584, uid=1000, mUserState=0x0
D/PowerManagerService(  584): releaseWakeLock(43174650): PARTIAL_WAKE_LOCK , tag=SyncManagerHandleSyncAlarm, flags=0x1
D/PowerManagerService(  584): releaseWakeLock(4336ff60): PARTIAL_WAKE_LOCK , tag=SyncLoopWakeLock, flags=0x1
D/PowerManagerService(  584): acquireWakeLock(431fef10): PARTIAL_WAKE_LOCK , tag=AlarmManager, flags=0x1, pid=584, uid=1000, mUserState=0x0
V/AlarmManager(  584): sending alarm PendingIntent{429db508: PendingIntentRecord{42d0af18 android broadcastIntent}}, intent=android.intent.action.TIME_TICK, type=RTC, count=1, when=1427234580000, repeateInterval=0
D/PowerManagerService(  584): releaseWakeLock(431fef10): PARTIAL_WAKE_LOCK , tag=AlarmManager, flags=0x1
D/BatteryService(  584): updateBatteryStats: auto update.
D/PowerManagerService(  584): acquireWakeLock(431634d8): PARTIAL_WAKE_LOCK , tag=BatteryServiceUpdateStats, flags=0x1, pid=584, uid=1000, mUserState=0x0
D/PowerManagerService(  584): releaseWakeLock(431634d8): PARTIAL_WAKE_LOCK , tag=BatteryServiceUpdateStats, flags=0x1
D/BatteryService(  584): updateBatteryStats: update triggered by UEvent.
D/PowerManagerService(  584): acquireWakeLock(43091750): PARTIAL_WAKE_LOCK , tag=BatteryServiceUpdateStats, flags=0x1, pid=584, uid=1000, mUserState=0x0
D/PowerManagerService(  584): releaseWakeLock(43091750): PARTIAL_WAKE_LOCK , tag=BatteryServiceUpdateStats, flags=0x1
D/PowerManagerService(  584): runHtcPowerSaverCheck ======================================
D/WifiService(  584): ACTION_BATTERY_CHANGED pluggedType: 2
D/NotificationService(  584): mIntentReceiver() Intent.ACTION_BATTERY_CHANGED
D/PowerUI (  840): closing low battery warning: level=47
D/PowerUI (  840): plugged = true, health = 2, mBatteryLevel = 47, mPluggedBatteryLevel = 34, mLowBatteryWarningLevel2 = 25, mshowLowChargingWarning2 = true
D/PowerManagerService(  584): acquireWakeLock(433f10d8): PARTIAL_WAKE_LOCK , tag=AlarmManager, flags=0x1, pid=584, uid=1000, mUserState=0x0
V/AlarmManager(  584): sending alarm PendingIntent{42cbde58: PendingIntentRecord{42c33380 com.google.android.gms broadcastIntent}}, intent=com.google.android.intent.action.MCS_HEARTBEAT, type=ELAPSED_REALTIME_WAKEUP, count=1, when=5171426, repeateInterval=0
D/PowerManagerService(  584): acquireWakeLock(4323f198): PARTIAL_WAKE_LOCK , tag=GCM_HB_ALARM, flags=0x1, pid=1061, uid=10017, mUserState=0x0
D/PowerManagerService(  584): releaseWakeLock(4323f198): PARTIAL_WAKE_LOCK , tag=GCM_HB_ALARM, flags=0x1
D/PowerManagerService(  584): releaseWakeLock(433f10d8): PARTIAL_WAKE_LOCK , tag=AlarmManager, flags=0x1
D/PowerManagerService(  584): acquireWakeLock(43444590): PARTIAL_WAKE_LOCK , tag=*net_scheduler*, flags=0x1, pid=1061, uid=10017, mUserState=0x0
D/PowerManagerService(  584): releaseWakeLock(43444590): PARTIAL_WAKE_LOCK , tag=*net_scheduler*, flags=0x1
D/PowerManagerService(  584): acquireWakeLock(4323d140): PARTIAL_WAKE_LOCK , tag=GCM_CONN, flags=0x1, pid=1061, uid=10017, mUserState=0x0
D/ConnectivityService(  584): reportInetCondition for net 1, percentage: 100 by 1061/10017
D/ConnectivityService(  584): handleInetConditionChange: net=1, condition=100,mActiveDefaultNetwork=1
D/ConnectivityService(  584): handleInetConditionChange: starting a change hold
D/PowerManagerService(  584): acquireWakeLock(43105610): PARTIAL_WAKE_LOCK , tag=*net_scheduler*, flags=0x1, pid=1061, uid=10017, mUserState=0x0
D/PowerManagerService(  584): releaseWakeLock(43105610): PARTIAL_WAKE_LOCK , tag=*net_scheduler*, flags=0x1
D/PowerManagerService(  584): releaseWakeLock(4323d140): PARTIAL_WAKE_LOCK , tag=GCM_CONN, flags=0x1
D/ConnectivityService(  584): handleInetConditionHoldEnd: net=1, condition=100, published condition=100
D/ConnectivityService(  584): sendStickyBroadcast: action=android.net.conn.INET_CONDITION_ACTION
D/WIFI_ICON(  840): updateConnectivity: type=1 connected=true
D/StatusBar.NetworkController(  840): dumpState[hasService=true ServiceState=0 home 3 3 27202  HSPA CSS not supported -1 -1 RoamInd=-1 DefRoamInd=-1EriInd= -1EriMode= -1RadioPowerSv: false EmergOnly=false PhoneType: 1 IsCdma=false SimState=UNKNOWN GprsState=0 DataState=Disconnected DataActivity=NONE NetworkType=HSPA HtcModemLinkOn=false HspaDataDistinquishable=true]
D/StatusBar.NetworkController(  840): dumpIconState[dataVisible=false dataIconId=stat_sys_data_connected_hplus signalIconId=stat_sys_5signal_2 wifiVisible=true wifiIconId=stat_sys_wifi_signal_4 airplaneMode=false]
D/PowerManagerService(  584): acquireWakeLock(431e4958): PARTIAL_WAKE_LOCK , tag=AlarmManager, flags=0x1, pid=584, uid=1000, mUserState=0x0
V/AlarmManager(  584): sending alarm PendingIntent{42bbb5f0: PendingIntentRecord{433380a0 com.whatsapp broadcastIntent}}, intent=com.whatsapp.messaging.MessageService.CLIENT_PINGER_ACTION, type=ELAPSED_REALTIME_WAKEUP, count=1, when=5426799, repeateInterval=240000
D/PowerManagerService(  584): releaseWakeLock(431e4958): PARTIAL_WAKE_LOCK , tag=AlarmManager, flags=0x1
D/PowerManagerService(  584): acquireWakeLock(431035b8): PARTIAL_WAKE_LOCK , tag=AlarmManager, flags=0x1, pid=584, uid=1000, mUserState=0x0
V/AlarmManager(  584): sending alarm PendingIntent{42bc2c18: PendingIntentRecord{434027f8 com.whatsapp broadcastIntent}}, intent=com.whatsapp.alarm.CLIENT_PING_TIMEOUT, type=ELAPSED_REALTIME_WAKEUP, count=1, when=5218831, repeateInterval=0
D/PowerManagerService(  584): releaseWakeLock(431035b8): PARTIAL_WAKE_LOCK , tag=AlarmManager, flags=0x1
D/PowerManagerService(  584): acquireWakeLock(4343ee88): PARTIAL_WAKE_LOCK , tag=AlarmManager, flags=0x1, pid=584, uid=1000, mUserState=0x0
V/AlarmManager(  584): sending alarm PendingIntent{422f55f8: PendingIntentRecord{42620fd8 android broadcastIntent}}, intent=android.net.wifi.DHCP_RENEW, type=ELAPSED_REALTIME_WAKEUP, count=1, when=5220587, repeateInterval=0
D/PowerManagerService(  584): acquireWakeLock(434047a8): PARTIAL_WAKE_LOCK , tag=DHCP, flags=0x1, pid=584, uid=1000, mUserState=0x0
D/WifiStateMachine(  584): handlePreDhcpSetup Held wake lock during DHCP
D/PowerManagerService(  584): acquireWakeLock(434065b0): PARTIAL_WAKE_LOCK , tag=WifiStateMachine, flags=0x1, pid=584, uid=1000, mUserState=0x0
D/PowerManagerService(  584): releaseWakeLock(4343ee88): PARTIAL_WAKE_LOCK , tag=AlarmManager, flags=0x1
D/WifiStateMachine(  584): handlePostDhcpSetup release wake lock during DHCP
D/PowerManagerService(  584): releaseWakeLock(434065b0): PARTIAL_WAKE_LOCK , tag=WifiStateMachine, flags=0x1
D/PowerManagerService(  584): releaseWakeLock(434047a8): PARTIAL_WAKE_LOCK , tag=DHCP, flags=0x1
D/ConnectivityService(  584): requestNetworkTransitionWakelock for WifiStateMachine  by WifiStateMachine
D/PowerManagerService(  584): acquireWakeLock(42d7fd90): PARTIAL_WAKE_LOCK , tag=ConnectivityService, flags=0x1, pid=584, uid=1000, mUserState=0x0
D/ConnectivityService(  584): ConnectivityChange for WIFI/: CONNECTING/VERIFYING_POOR_LINK, default=1
D/WifiStateMachine(  584): VerifyingLinkState: enableIpv6
D/ConnectivityService(  584): ConnectivityChange for WIFI/: CONNECTED/CONNECTED, default=1
V/ConnectivityService(  584): Policy requires mobile_dun/HSPA teardown quickly
D/MobileDataStateTracker(  584): dun: setTeardownRequested(true)
D/MobileDataStateTracker(  584): dun: setTeardownRequested(true)
V/ConnectivityService(  584): Policy requires mobile/HSPA teardown quickly
D/MobileDataStateTracker(  584): default: setTeardownRequested(true)
D/MobileDataStateTracker(  584): default: setTeardownRequested(true)
D/ConnectivityService(  584): Setting TCP values: [524288,1048576,2097152,262144,524288,1048576] which comes from [net.tcp.buffersize.wifi]
D/ConnectivityService(  584): handleConnectivityChange: address are the same reset per doReset linkProperty[1]: resetMask=0
D/ConnectivityService(  584): Removing 192.168.1.1/32 -> 0.0.0.0 for interface wlan0
D/ConnectivityService(  584): Removing 0.0.0.0/0 -> 192.168.1.1 for interface wlan0
D/ConnectivityService(  584): Adding 192.168.1.1/32 -> 0.0.0.0 for interface wlan0
D/ConnectivityService(  584): Adding 0.0.0.0/0 -> 192.168.1.1 for interface wlan0
D/ConnectivityService(  584): sendStickyBroadcast: action=android.net.conn.CONNECTIVITY_CHANGE_IMMEDIATE
D/PowerManagerService(  584): acquireWakeLock(43069b28): PARTIAL_WAKE_LOCK , tag=NetworkStats, flags=0x1, pid=584, uid=1000, mUserState=0x0
D/ConnectivityService(  584): sendStickyBroadcastDelayed: delayMs=1000, action=android.net.conn.CONNECTIVITY_CHANGE
D/PowerManagerService(  584): releaseWakeLock(43069b28): PARTIAL_WAKE_LOCK , tag=NetworkStats, flags=0x1
W/AlarmManager(  584): RXTXtriggerAlarmsLocked
D/PowerManagerService(  584): acquireWakeLock(4344bbb8): PARTIAL_WAKE_LOCK , tag=AlarmManager, flags=0x1, pid=584, uid=1000, mUserState=0x0
V/AlarmManager(  584): sending alarm PendingIntent{42a39c50: PendingIntentRecord{42d0b2c0 android broadcastIntent}}, intent=com.htc.intent.action.Socket_RXTXGrouping, type=RTC_WAKEUP, count=1, when=1427234639095, repeateInterval=0
D/PowerManagerService(  584): releaseWakeLock(4344bbb8): PARTIAL_WAKE_LOCK , tag=AlarmManager, flags=0x1
D/PowerManagerService(  584): acquireWakeLock(433cac30): PARTIAL_WAKE_LOCK , tag=UlrDispatchingService, flags=0x1, pid=1390, uid=10017, mUserState=0x0
D/PowerManagerService(  584): releaseWakeLock(42d7fd90): PARTIAL_WAKE_LOCK , tag=ConnectivityService, flags=0x1
D/ConnectivityService(  584): NetTransition Wakelock for WifiStateMachine released by timeout
D/ConnectivityService(  584): sendStickyBroadcast: action=android.net.conn.CONNECTIVITY_CHANGE
D/WifiService(  584): forceUpdateRSSI when title bar UI already can get RSSI change intent
D/WIFI_ICON(  840): updateConnectivity: type=1 connected=true
D/WifiStateMachine(  584): BroadcastRSSIForIMS, newrssi =-46 , oldRssi= -200
D/StatusBar.NetworkController(  840): dumpState[hasService=true ServiceState=0 home 3 3 27202  HSPA CSS not supported -1 -1 RoamInd=-1 DefRoamInd=-1EriInd= -1EriMode= -1RadioPowerSv: false EmergOnly=false PhoneType: 1 IsCdma=false SimState=UNKNOWN GprsState=0 DataState=Disconnected DataActivity=NONE NetworkType=HSPA HtcModemLinkOn=false HspaDataDistinquishable=true]
D/StatusBar.NetworkController(  840): dumpIconState[dataVisible=false dataIconId=stat_sys_data_connected_hplus signalIconId=stat_sys_5signal_2 wifiVisible=true wifiIconId=stat_sys_wifi_signal_4 airplaneMode=false]
D/WIFI_ICON(  840): updateWifiState: action=android.net.wifi.RSSI_CHANGED newRssi=-46 freq=2412 newLevel=3 lastWifiLevel=3
D/StatusBar.NetworkController(  840): dumpIconState[dataVisible=false dataIconId=stat_sys_data_connected_hplus signalIconId=stat_sys_5signal_2 wifiVisible=true wifiIconId=stat_sys_wifi_signal_4 airplaneMode=false]
D/ConnectivityService(  584): reportInetCondition for net 1, percentage: 0 by 1061/10017
D/ConnectivityService(  584): handleInetConditionChange: net=1, condition=0,mActiveDefaultNetwork=1
D/ConnectivityService(  584): handleInetConditionChange: starting a change hold
D/PowerManagerService(  584): acquireWakeLock(431a6180): PARTIAL_WAKE_LOCK , tag=SyncLoopWakeLock, flags=0x1, pid=584, uid=1000, mUserState=0x0
D/LocationManagerService(  584): LocationProvider is AVAILABLE
D/PowerManagerService(  584): acquireWakeLock(42cda4a0): PARTIAL_WAKE_LOCK , tag=GpsLocationProvider, flags=0x1, pid=584, uid=1000, mUserState=0x0
I/ActivityManager(  584): Start proc com.google.android.music:main for broadcast com.google.android.music/.homewidgets.IFLWidgetProvider: pid=11845 uid=10210 gids={3003, 1015, 1028}
D/PowerManagerService(  584): releaseWakeLock(433cac30): PARTIAL_WAKE_LOCK , tag=UlrDispatchingService, flags=0x1
D/PowerManagerService(  584): releaseWakeLock(431a6180): PARTIAL_WAKE_LOCK , tag=SyncLoopWakeLock, flags=0x1
D/PowerManagerService(  584): releaseWakeLock(42cda4a0): PARTIAL_WAKE_LOCK , tag=GpsLocationProvider, flags=0x1
D/PowerManagerService(  584): acquireWakeLock(43134d10): PARTIAL_WAKE_LOCK , tag=GCoreFlp, flags=0x1, pid=1390, uid=10017, mUserState=0x0
D/PowerManagerService(  584): releaseWakeLock(43134d10): PARTIAL_WAKE_LOCK , tag=GCoreFlp, flags=0x1
D/PowerManagerService(  584): acquireWakeLock(428aa480): PARTIAL_WAKE_LOCK , tag=AlarmManager, flags=0x1, pid=584, uid=1000, mUserState=0x0
V/AlarmManager(  584): sending alarm PendingIntent{429db508: PendingIntentRecord{42d0af18 android broadcastIntent}}, intent=android.intent.action.TIME_TICK, type=RTC, count=1, when=1427234640000, repeateInterval=0
I/PackageManager(  584):  setEnabledSetting(), pkgName=com.google.android.music, clsName=com.android.music.MediaAppWidgetProvider, state=1, flag=1, pid=11845, uid=10210
I/ActivityManager(  584): Start proc com.htc.cs.dm for broadcast com.htc.cs.dm/.receiver.NetworkChangeReceiver: pid=11870 uid=10192 gids={3003, 1028}
D/PowerManagerService(  584): acquireWakeLock(42dff5a8): PARTIAL_WAKE_LOCK , tag=SyncLoopWakeLock, flags=0x1, pid=584, uid=1000, mUserState=0x0
I/PackageManager(  584):  setEnabledSetting(), pkgName=com.google.android.music, clsName=com.google.android.music.Settings.NetworkUsage, state=1, flag=1, pid=11845, uid=10210
D/PowerManagerService(  584): releaseWakeLock(42dff5a8): PARTIAL_WAKE_LOCK , tag=SyncLoopWakeLock, flags=0x1
D/Socket_Alarm(11870): registerHTCSocketMonitorCallBack
D/Socket_Alarm(11870): set mSocketMonitor
D/Socket_Alarm(11870): HTCSocketMonitorImpl::HTCSocketMonitorImpl
I/ActivityManager(  584): Recipient 9366
I/ActivityManager(  584): Process com.whatsapp (pid 9366) has died.
W/ActivityManager(  584): Scheduling restart of crashed service com.whatsapp/.messaging.MessageService in 5000ms
I/ActivityManager(  584): Start proc com.google.android.apps.uploader for broadcast com.google.android.apps.uploader/com.google.android.picasasync.ConnectivityReceiver: pid=11898 uid=10115 gids={3003, 1015, 1028}
V/LocationManagerService(  584): In requestLocationUpdates. provider passiveminTime: 5000single shot: false Receiver: Receiver{4333aef0 Intent PendingIntent{4301e9a0: PendingIntentRecord{42c76c50 com.htc.htclocationservice startService}}}mUpdateRecords: {passive=UpdateRecord{43041c88 mProvider: passive mUid: 10014}}
V/LocationManagerService(  584): In requestLocationUpdatesLocked. provider: passive requiredPermissions: android.permission.ACCESS_FINE_LOCATION
I/LocationManagerService(  584): request passive (pid 917) 5000 0
V/LocationManagerService(  584): [LGPS] _requestLocationUpdates: enableLocationTracking(true)
D/LocationManagerService(  584): _requestLocationUpdates: provider = passive listener = Receiver{4333aef0 Intent PendingIntent{4301e9a0: PendingIntentRecord{42c76c50 com.htc.htclocationservice startService}}}mUpdateRecords: {passive=UpdateRecord{42ce8928 mProvider: passive mUid: 10014}}
I/ActivityManager(  584): Start proc com.htc.reportagent for broadcast com.htc.reportagent/.receiver.NetworkChangeReceiver: pid=11913 uid=10124 gids={3003, 1007, 1028}
I/ActivityManager(  584): No longer want com.google.android.tts (pid 11296): hidden #16, adj=15
I/ActivityManager(  584): Recipient 11296
D/PowerManagerService(  584): acquireWakeLock(42e888a0): PARTIAL_WAKE_LOCK , tag=SystemUpdateService, flags=0x1, pid=1189, uid=10017, mUserState=0x0
D/PowerManagerService(  584): releaseWakeLock(42e888a0): PARTIAL_WAKE_LOCK , tag=SystemUpdateService, flags=0x1
I/PackageManager(  584):  setEnabledSetting(), pkgName=com.htc.reportagent, clsName=com.htc.reportagent.receiver.PowerConnectedReceiver, state=2, flag=1, pid=11913, uid=10124
D/ConnectivityService(  584): reportInetCondition for net 1, percentage: 100 by 1061/10017
D/ConnectivityService(  584): handleInetConditionChange: net=1, condition=100,mActiveDefaultNetwork=1
D/ConnectivityService(  584): handleInetConditionChange: currently in hold - not setting new end evt
I/ActivityManager(  584): Start proc com.google.android.apps.maps for broadcast com.google.android.apps.maps/com.google.userfeedback.android.api.FeedbackConnectivityReceiver: pid=11935 uid=10032 gids={3003, 1015, 3002, 3001, 1028}
D/ConnectivityService(  584): handleInetConditionHoldEnd: net=1, condition=100, published condition=0
D/ConnectivityService(  584): sendStickyBroadcast: action=android.net.conn.INET_CONDITION_ACTION
D/WIFI_ICON(  840): updateConnectivity: type=1 connected=true
D/StatusBar.NetworkController(  840): dumpState[hasService=true ServiceState=0 home 3 3 27202  HSPA CSS not supported -1 -1 RoamInd=-1 DefRoamInd=-1EriInd= -1EriMode= -1RadioPowerSv: false EmergOnly=false PhoneType: 1 IsCdma=false SimState=UNKNOWN GprsState=0 DataState=Disconnected DataActivity=NONE NetworkType=HSPA HtcModemLinkOn=false HspaDataDistinquishable=true]
D/StatusBar.NetworkController(  840): dumpIconState[dataVisible=false dataIconId=stat_sys_data_connected_hplus signalIconId=stat_sys_5signal_2 wifiVisible=true wifiIconId=stat_sys_wifi_signal_4 airplaneMode=false]
I/ActivityManager(  584): Start proc com.rhmsoft.fm:crash.feedback for broadcast com.rhmsoft.fm/com.cleanmaster.fm.receiver.ConnectivityChangeBroadcastReceiver: pid=11960 uid=10220 gids={3003, 1015, 1028}
I/ActivityManager(  584): No longer want com.dropbox.android:crash_uploader (pid 11347): hidden #16, adj=15
I/ActivityManager(  584): Recipient 11347
I/ActivityManager(  584): Start proc com.vkontakte.android for broadcast com.vkontakte.android/.NetworkStateReceiver: pid=11987 uid=10172 gids={1006, 3003, 1015, 1028}
I/ActivityManager(  584): No longer want com.android.packageinstaller (pid 11545): hidden #16, adj=15
I/ActivityManager(  584): Recipient 11545
D/Socket_Alarm(11987): registerHTCSocketMonitorCallBack
D/Socket_Alarm(11987): set mSocketMonitor
D/Socket_Alarm(11987): HTCSocketMonitorImpl::HTCSocketMonitorImpl
I/ActivityManager(  584): Start proc com.hailocab.consumer for broadcast com.hailocab.consumer/.receivers.ConnectivityReceiver: pid=12009 uid=10091 gids={3003, 3002, 3001, 1015, 1028}
I/ActivityManager(  584): No longer want com.htc.opensense.social (pid 11558): hidden #16, adj=15
I/ActivityManager(  584): Recipient 11558
D/Socket_Alarm(12009): registerHTCSocketMonitorCallBack
D/Socket_Alarm(12009): set mSocketMonitor
D/Socket_Alarm(12009): HTCSocketMonitorImpl::HTCSocketMonitorImpl
V/LocationManagerService(  584): getProviders
V/LocationManagerService(  584): getProviders
V/LocationManagerService(  584): getLastKnownLocation: gps
V/LocationManagerService(  584): getLastKnownLocation: network
V/LocationManagerService(  584): getLastKnownLocation: hybrid
V/LocationManagerService(  584): In requestLocationUpdates. provider passiveminTime: 1800000single shot: false Receiver: Receiver{4307a968 Intent PendingIntent{43053f00: PendingIntentRecord{43234af8 com.hailocab.consumer broadcastIntent}}}mUpdateRecords: {passive=UpdateRecord{431ea9d0 mProvider: passive mUid: 10091}}
V/LocationManagerService(  584): In requestLocationUpdatesLocked. provider: passive requiredPermissions: android.permission.ACCESS_FINE_LOCATION
I/LocationManagerService(  584): request passive (pid 12009) 1800000 0
V/LocationManagerService(  584): [LGPS] _requestLocationUpdates: enableLocationTracking(true)
D/LocationManagerService(  584): _requestLocationUpdates: provider = passive listener = Receiver{4307a968 Intent PendingIntent{43053f00: PendingIntentRecord{43234af8 com.hailocab.consumer broadcastIntent}}}mUpdateRecords: {passive=UpdateRecord{431ad5e0 mProvider: passive mUid: 10091}}
V/LocationManagerService(  584): getProviders
V/LocationManagerService(  584): getLastKnownLocation: network
V/LocationManagerService(  584): getLastKnownLocation: passive
V/LocationManagerService(  584): getLastKnownLocation: hybrid
I/ActivityManager(  584): Start proc org.coursera.android for broadcast org.coursera.android/org.coursera.core.legacy.network.CourkitNetworkObservable: pid=12063 uid=10057 gids={3003, 1015, 1028}
I/ActivityManager(  584): No longer want com.htc.android.mail:sync (pid 10699): hidden #16, adj=15
D/webcoreglue(12009): netstack: Memory Cache feature is ON
I/ActivityManager(  584): Recipient 10699
D/PowerManagerService(  584): acquireWakeLock(433240b8): PARTIAL_WAKE_LOCK , tag=*net_scheduler*, flags=0x1, pid=1061, uid=10017, mUserState=0x0
D/PowerManagerService(  584): releaseWakeLock(433240b8): PARTIAL_WAKE_LOCK , tag=*net_scheduler*, flags=0x1
D/BatteryService(  584): updateBatteryStats: auto update.
D/PowerManagerService(  584): acquireWakeLock(42de0f40): PARTIAL_WAKE_LOCK , tag=BatteryServiceUpdateStats, flags=0x1, pid=584, uid=1000, mUserState=0x0
D/PowerManagerService(  584): releaseWakeLock(42de0f40): PARTIAL_WAKE_LOCK , tag=BatteryServiceUpdateStats, flags=0x1
D/BatteryService(  584): updateBatteryStats: update triggered by UEvent.
D/PowerManagerService(  584): acquireWakeLock(433609a0): PARTIAL_WAKE_LOCK , tag=BatteryServiceUpdateStats, flags=0x1, pid=584, uid=1000, mUserState=0x0
D/PowerUI (  840): closing low battery warning: level=47
D/PowerUI (  840): plugged = true, health = 2, mBatteryLevel = 47, mPluggedBatteryLevel = 34, mLowBatteryWarningLevel2 = 25, mshowLowChargingWarning2 = true
D/PowerManagerService(  584): releaseWakeLock(433609a0): PARTIAL_WAKE_LOCK , tag=BatteryServiceUpdateStats, flags=0x1
D/WifiService(  584): ACTION_BATTERY_CHANGED pluggedType: 2
D/NotificationService(  584): mIntentReceiver() Intent.ACTION_BATTERY_CHANGED
D/PowerManagerService(  584): runHtcPowerSaverCheck ======================================
I/ActivityManager(  584): Start proc com.whatsapp for service com.whatsapp/.messaging.MessageService: pid=12094 uid=10060 gids={3002, 1006, 3003, 1015, 1028}
I/ActivityManager(  584): No longer want com.android.vending (pid 11408): hidden #16, adj=15
V/LocationManagerService(  584): getProviders
I/ActivityManager(  584): Recipient 11408
D/PowerManagerService(  584): releaseWakeLock(428aa480): PARTIAL_WAKE_LOCK , tag=AlarmManager, flags=0x1
D/PowerManagerService(  584): acquireWakeLock(43072500): PARTIAL_WAKE_LOCK , tag=wake:com.google.android.music/.leanback.AutoCacheSchedulingService, flags=0x1, pid=11845, uid=10210, mUserState=0x0
V/LocationManagerService(  584): getProviders
V/LocationManagerService(  584): getProviders
V/LocationManagerService(  584): getProviders
I/PackageManager(  584):  setEnabledSetting(), pkgName=com.google.android.music, clsName=com.google.android.music.leanback.AutoCacheSchedulingService$ActionReceiver, state=2, flag=1, pid=11845, uid=10210
D/Socket_Alarm(11845): registerHTCSocketMonitorCallBack
D/Socket_Alarm(11845): set mSocketMonitor
D/Socket_Alarm(11845): HTCSocketMonitorImpl::HTCSocketMonitorImpl
D/PowerManagerService(  584): releaseWakeLock(43072500): PARTIAL_WAKE_LOCK , tag=wake:com.google.android.music/.leanback.AutoCacheSchedulingService, flags=0x1
D/Socket_Alarm(12094): registerHTCSocketMonitorCallBack
D/Socket_Alarm(12094): set mSocketMonitor
D/Socket_Alarm(12094): HTCSocketMonitorImpl::HTCSocketMonitorImpl
D/PowerManagerService(  584): acquireWakeLock(42fd20b8): PARTIAL_WAKE_LOCK , tag=AlarmManager, flags=0x1, pid=584, uid=1000, mUserState=0x0
V/AlarmManager(  584): sending alarm PendingIntent{42484c48: PendingIntentRecord{422cede0 com.whatsapp broadcastIntent}}, intent=com.whatsapp.alarm.NTP_UPDATE, type=ELAPSED_REALTIME, count=1, when=43200000, repeateInterval=43200000
I/ActivityManager(  584): Start proc com.android.vending for service com.android.vending/com.google.android.finsky.billing.iab.InAppBillingService: pid=12147 uid=10132 gids={3003, 1015, 1028}
V/AlarmManager(  584): sending alarm PendingIntent{424100a0: PendingIntentRecord{43055f88 com.whatsapp broadcastIntent}}, intent=DEVICE_INFO_ALARM_ACTION, type=ELAPSED_REALTIME, count=2, when=7200000, repeateInterval=3600000
D/PowerManagerService(  584): releaseWakeLock(42fd20b8): PARTIAL_WAKE_LOCK , tag=AlarmManager, flags=0x1
I/PackageManager(  584):  setEnabledSetting(), pkgName=com.android.vending, clsName=com.android.vending.AssetBrowserActivity, state=1, flag=1, pid=12147, uid=10132
I/ActivityManager(  584): Recipient 11619
I/ActivityManager(  584): Process com.google.android.googlequicksearchbox:search (pid 11619) has died.
I/PackageManager(  584):  setEnabledSetting(), pkgName=com.android.vending, clsName=com.google.android.finsky.activities.DebugActivity, state=2, flag=1, pid=12147, uid=10132
I/ActivityManager(  584): Recipient 11029
I/ActivityManager(  584): Process nz.barees.android.cachesensedemo (pid 11029) has died.
V/LocationManagerService(  584): getAllProviders
I/ActivityManager(  584): Recipient 11870
I/ActivityManager(  584): Process com.htc.cs.dm (pid 11870) has died.
D/PowerManagerService(  584): acquireWakeLock(42c94dd0): PARTIAL_WAKE_LOCK , tag=AlarmManager, flags=0x1, pid=584, uid=1000, mUserState=0x0
V/AlarmManager(  584): sending alarm PendingIntent{430a5890: PendingIntentRecord{433380a0 com.whatsapp broadcastIntent}}, intent=com.whatsapp.messaging.MessageService.CLIENT_PINGER_ACTION, type=ELAPSED_REALTIME_WAKEUP, count=1, when=5488558, repeateInterval=240000
D/PowerManagerService(  584): releaseWakeLock(42c94dd0): PARTIAL_WAKE_LOCK , tag=AlarmManager, flags=0x1
D/PowerManagerService(  584): acquireWakeLock(42c00a10): PARTIAL_WAKE_LOCK , tag=Icing, flags=0x1, pid=1189, uid=10017, mUserState=0x0
D/PowerManagerService(  584): releaseWakeLock(42c00a10): PARTIAL_WAKE_LOCK , tag=Icing, flags=0x1
D/PowerManagerService(  584): acquireWakeLock(42bc9d20): PARTIAL_WAKE_LOCK , tag=Icing, flags=0x1, pid=1189, uid=10017, mUserState=0x0
D/PowerManagerService(  584): releaseWakeLock(42bc9d20): PARTIAL_WAKE_LOCK , tag=Icing, flags=0x1
D/PowerManagerService(  584): acquireWakeLock(42d32590): PARTIAL_WAKE_LOCK , tag=Icing, flags=0x1, pid=1189, uid=10017, mUserState=0x0
D/PowerManagerService(  584): releaseWakeLock(42d32590): PARTIAL_WAKE_LOCK , tag=Icing, flags=0x1
D/PowerManagerService(  584): acquireWakeLock(43098420): PARTIAL_WAKE_LOCK , tag=AlarmManager, flags=0x1, pid=584, uid=1000, mUserState=0x0
V/AlarmManager(  584): sending alarm PendingIntent{42fa93d0: PendingIntentRecord{42e0e5c0 com.whatsapp broadcastIntent}}, intent=com.whatsapp.alarm.CLIENT_PING_TIMEOUT, type=ELAPSED_REALTIME_WAKEUP, count=1, when=5280602, repeateInterval=0
D/PowerManagerService(  584): releaseWakeLock(43098420): PARTIAL_WAKE_LOCK , tag=AlarmManager, flags=0x1
D/PowerManagerService(  584): acquireWakeLock(42bfc550): PARTIAL_WAKE_LOCK , tag=AlarmManager, flags=0x1, pid=584, uid=1000, mUserState=0x0
V/AlarmManager(  584): sending alarm PendingIntent{429db508: PendingIntentRecord{42d0af18 android broadcastIntent}}, intent=android.intent.action.TIME_TICK, type=RTC, count=1, when=1427234700000, repeateInterval=0
D/PowerManagerService(  584): releaseWakeLock(42bfc550): PARTIAL_WAKE_LOCK , tag=AlarmManager, flags=0x1
D/BatteryService(  584): updateBatteryStats: auto update.
D/PowerManagerService(  584): acquireWakeLock(4303b868): PARTIAL_WAKE_LOCK , tag=BatteryServiceUpdateStats, flags=0x1, pid=584, uid=1000, mUserState=0x0
D/PowerManagerService(  584): releaseWakeLock(4303b868): PARTIAL_WAKE_LOCK , tag=BatteryServiceUpdateStats, flags=0x1
D/BatteryService(  584): updateBatteryStats: update triggered by UEvent.
D/PowerManagerService(  584): acquireWakeLock(42f9b8d8): PARTIAL_WAKE_LOCK , tag=BatteryServiceUpdateStats, flags=0x1, pid=584, uid=1000, mUserState=0x0
D/WifiService(  584): ACTION_BATTERY_CHANGED pluggedType: 2
D/NotificationService(  584): mIntentReceiver() Intent.ACTION_BATTERY_CHANGED
D/PowerManagerService(  584): runHtcPowerSaverCheck ======================================
D/PowerUI (  840): closing low battery warning: level=47
D/PowerUI (  840): plugged = true, health = 2, mBatteryLevel = 47, mPluggedBatteryLevel = 34, mLowBatteryWarningLevel2 = 25, mshowLowChargingWarning2 = true
D/PowerManagerService(  584): releaseWakeLock(42f9b8d8): PARTIAL_WAKE_LOCK , tag=BatteryServiceUpdateStats, flags=0x1
I/ActivityManager(  584): Start proc com.htc.android.mail:sync for service com.htc.android.mail/.mailservice.MailService: pid=12235 uid=10112 gids={3003, 1015, 1028}
D/PowerManagerService(  584): acquireWakeLock(42b10da0): PARTIAL_WAKE_LOCK , tag=AlarmManager, flags=0x1, pid=584, uid=1000, mUserState=0x0
V/AlarmManager(  584): sending alarm PendingIntent{42bdf628: PendingIntentRecord{42c79920 com.htc.android.mail startService}}, intent=com.htc.android.mail.intent.action.MAIL_SERVICE_WAKEUP, type=ELAPSED_REALTIME_WAKEUP, count=1, when=5302878, repeateInterval=0
D/PowerManagerService(  584): releaseWakeLock(42b10da0): PARTIAL_WAKE_LOCK , tag=AlarmManager, flags=0x1
D/PowerManagerService(  584): acquireWakeLock(43183060): PARTIAL_WAKE_LOCK , tag=MAILSERVICE_PWR_LOCK, flags=0x1, pid=12235, uid=10112, mUserState=0x0
D/PowerManagerService(  584): acquireWakeLock(42ced490): PARTIAL_WAKE_LOCK , tag=SyncLoopWakeLock, flags=0x1, pid=584, uid=1000, mUserState=0x0
D/Socket_Alarm(12235): registerHTCSocketMonitorCallBack
D/Socket_Alarm(12235): set mSocketMonitor
D/Socket_Alarm(12235): HTCSocketMonitorImpl::HTCSocketMonitorImpl
D/PowerManagerService(  584): releaseWakeLock(43183060): PARTIAL_WAKE_LOCK , tag=MAILSERVICE_PWR_LOCK, flags=0x1
I/ActivityManager(  584): No longer want com.google.android.partnersetup (pid 11648): hidden #16, adj=15
D/PowerManagerService(  584): acquireWakeLock(42fed3a0): PARTIAL_WAKE_LOCK , tag=*sync*_mail_Account {name=ili****************m, type=com.htc.android.mail}, flags=0x1, pid=584, uid=1000, mUserState=0x0
I/ActivityManager(  584): No longer want com.orange.orangeetmoi (pid 10757): hidden #17, adj=15
I/ActivityManager(  584): Recipient 11648
D/PowerManagerService(  584): releaseWakeLock(42ced490): PARTIAL_WAKE_LOCK , tag=SyncLoopWakeLock, flags=0x1
I/ActivityManager(  584): Recipient 10757
W/ActivityManager(  584): Scheduling restart of crashed service com.orange.orangeetmoi/.service.phonestate.RoamingPhoneStateService in 5000ms
D/PowerManagerService(  584): acquireWakeLock(42c68ea8): PARTIAL_WAKE_LOCK , tag=SyncLoopWakeLock, flags=0x1, pid=584, uid=1000, mUserState=0x0
D/PowerManagerService(  584): releaseWakeLock(42c68ea8): PARTIAL_WAKE_LOCK , tag=SyncLoopWakeLock, flags=0x1
D/WifiService(  584): acquireWifiLockLocked: WifiLock{EmailServiceController_WIFI_LOCK type=1 binder=android.os.BinderProxy@430a8498}
D/WifiService(  584): updateWifiState(): wifiApEnabled: false, wifiApAirplaneMode: falsegetWifiEnabledState(): 3, getWifiApEnabledState: 11
D/WifiService(  584): updateWifiState(): mAirplaneModeOn.get(): false, mPersistWifiState.get(): 1
D/WifiService(  584): updateWifiState(): mEmergencyCallbackMode: false, mDeviceIdle: false, lockHeld: true, mStopWifiRequested:false
D/WifiService(  584): updateWifiState(): enable and start wifi
D/PowerManagerService(  584): acquireWakeLock(42ddf5b8): PARTIAL_WAKE_LOCK , tag=EmailServiceController_PWR_LOCK, flags=0x1, pid=12235, uid=10112, mUserState=0x0
D/PowerManagerService(  584): acquireWakeLock(42c88b88): PARTIAL_WAKE_LOCK , tag=SyncLoopWakeLock, flags=0x1, pid=584, uid=1000, mUserState=0x0
D/PowerManagerService(  584): releaseWakeLock(42fed3a0): PARTIAL_WAKE_LOCK , tag=*sync*_mail_Account {name=ili****************m, type=com.htc.android.mail}, flags=0x1
D/WifiService(  584): releaseWifiLockLocked: WifiLock{EmailServiceController_WIFI_LOCK type=1 binder=android.os.BinderProxy@430a8498}
D/WifiService(  584): updateWifiState(): wifiApEnabled: false, wifiApAirplaneMode: falsegetWifiEnabledState(): 3, getWifiApEnabledState: 11
D/WifiService(  584): updateWifiState(): mAirplaneModeOn.get(): false, mPersistWifiState.get(): 1
D/WifiService(  584): updateWifiState(): mEmergencyCallbackMode: false, mDeviceIdle: false, lockHeld: true, mStopWifiRequested:false
D/WifiService(  584): updateWifiState(): enable and start wifi
D/PowerManagerService(  584): releaseWakeLock(42ddf5b8): PARTIAL_WAKE_LOCK , tag=EmailServiceController_PWR_LOCK, flags=0x1
D/PowerManagerService(  584): releaseWakeLock(42c88b88): PARTIAL_WAKE_LOCK , tag=SyncLoopWakeLock, flags=0x1
V/LightsService(  584): setLight #8: color=#c8c800
D/lights  (  584): set_color_led color=13158400, mode=255, off_min=0, off_sec=0
D/lights  (  584): [LedInfo] without indicator attribute, red:c80000, green:c800, blue:0
V/NotificationService(  584): Charging...
V/LightsService(  584): setLight #8: color=#c80000
D/lights  (  584): set_color_led color=13107200, mode=1, off_min=0, off_sec=0
D/lights  (  584): [LedInfo] without indicator attribute, red:c80000, green:0, blue:0
D/lights  (  584): [LedInfo] write attr ok name=/sys/class/leds/amber/brightness string=1,len=1
D/lights  (  584): [LedInfo] write attr ok name=/sys/class/leds/amber/blink string=0,len=1
D/lights  (  584): [LedInfo] write attr ok name=/sys/class/leds/amber/off_timer string=0 0,len=3
D/lights  (  584): [LedInfo] write attr ok name=/sys/class/leds/green/brightness string=0,len=1
D/lights  (  584): [LedInfo] write attr ok name=/sys/class/leds/green/blink string=0,len=1
D/lights  (  584): [LedInfo] write attr ok name=/sys/class/leds/green/off_timer string=0 0,len=3
D/PhoneStatusBar(  840): addNotification score=0
I/ActivityManager(  584): Recipient 5873
I/ActivityManager(  584): Process com.facebook.orca (pid 5873) has died.
W/ActivityManager(  584): Scheduling restart of crashed service com.facebook.orca/com.facebook.push.mqtt.service.MqttPushService in 10067ms
I/ActivityManager(  584): Start proc com.orange.orangeetmoi for service com.orange.orangeetmoi/.service.phonestate.RoamingPhoneStateService: pid=12276 uid=10130 gids={1015, 3003, 1028}
I/ActivityManager(  584): Start proc com.facebook.orca for service com.facebook.orca/com.facebook.push.mqtt.service.MqttPushService: pid=12297 uid=10000 gids={3003, 1015, 1006, 1028}
D/Socket_Alarm(12297): registerHTCSocketMonitorCallBack
D/Socket_Alarm(12297): set mSocketMonitor
D/Socket_Alarm(12297): HTCSocketMonitorImpl::HTCSocketMonitorImpl
I/ActivityManager(  584): Recipient 11095
I/ActivityManager(  584): Process com.google.android.apps.plus (pid 11095) has died.
W/BroadcastQueue(  584): Permission Denial: broadcasting Intent { act=android.net.conn.INET_CONDITION_ACTION flg=0x8000010 (has extras) } from null (pid=-1, uid=-1) requires com.facebook.permission.prod.FB_APP_COMMUNICATION due to registered receiver BroadcastFilter{4340b3a0 ReceiverList{4340b348 12297 com.facebook.orca/10000 remote:433c0808}}
W/BroadcastQueue(  584): Permission Denial: broadcasting Intent { act=android.net.conn.CONNECTIVITY_CHANGE flg=0x8000010 (has extras) } from null (pid=-1, uid=-1) requires com.facebook.permission.prod.FB_APP_COMMUNICATION due to registered receiver BroadcastFilter{4340b3a0 ReceiverList{4340b348 12297 com.facebook.orca/10000 remote:433c0808}}
I/PackageManager(  584):  setEnabledSetting(), pkgName=com.facebook.orca, clsName=com.facebook.rti.orca.NetworkBroadcastReceiver, state=2, flag=1, pid=12297, uid=10000
I/PackageManager(  584):  setEnabledSetting(), pkgName=com.facebook.orca, clsName=com.facebook.rti.orca.UserPresentBroadcastReceiver, state=2, flag=1, pid=12297, uid=10000
I/PackageManager(  584):  setEnabledSetting(), pkgName=com.facebook.orca, clsName=com.facebook.rti.orca.KeepAliveBroadcastReceiver, state=2, flag=1, pid=12297, uid=10000
I/PackageManager(  584):  setEnabledSetting(), pkgName=com.facebook.orca, clsName=com.facebook.rti.orca.PackageReplacedBroadcastReceiver, state=2, flag=1, pid=12297, uid=10000
I/PackageManager(  584):  setEnabledSetting(), pkgName=com.facebook.orca, clsName=com.facebook.rti.orca.BootCompleteBroadcastReceiver, state=2, flag=1, pid=12297, uid=10000
W/BroadcastQueue(  584): Permission Denial: broadcasting Intent { act=android.net.conn.CONNECTIVITY_CHANGE flg=0x8000010 (has extras) } from null (pid=-1, uid=-1) requires com.facebook.permission.prod.FB_APP_COMMUNICATION due to registered receiver BroadcastFilter{430e1ed0 ReceiverList{430ad250 12297 com.facebook.orca/10000 remote:43075840}}
I/PackageManager(  584):  setEnabledSetting(), pkgName=com.facebook.orca, clsName=com.facebook.push.crossapp.PackageRemoveReceiverInManifest, state=2, flag=1, pid=12297, uid=10000
D/PowerManagerService(  584): acquireWakeLock(43184b58): PARTIAL_WAKE_LOCK , tag=SyncManagerHandleSyncAlarm, flags=0x1, pid=584, uid=1000, mUserState=0x0
D/PowerManagerService(  584): acquireWakeLock(42e192b0): PARTIAL_WAKE_LOCK , tag=AlarmManager, flags=0x1, pid=584, uid=1000, mUserState=0x0
V/AlarmManager(  584): sending alarm PendingIntent{42b57bb0: PendingIntentRecord{427e7dc0 android broadcastIntent}}, intent=android.content.syncmanager.SYNC_ALARM, type=ELAPSED_REALTIME_WAKEUP, count=1, when=5333593, repeateInterval=0
D/PowerManagerService(  584): acquireWakeLock(42e487f8): PARTIAL_WAKE_LOCK , tag=SyncLoopWakeLock, flags=0x1, pid=584, uid=1000, mUserState=0x0
D/PowerManagerService(  584): releaseWakeLock(42e192b0): PARTIAL_WAKE_LOCK , tag=AlarmManager, flags=0x1
D/PowerManagerService(  584): releaseWakeLock(43184b58): PARTIAL_WAKE_LOCK , tag=SyncManagerHandleSyncAlarm, flags=0x1
D/PowerManagerService(  584): releaseWakeLock(42e487f8): PARTIAL_WAKE_LOCK , tag=SyncLoopWakeLock, flags=0x1
D/PowerManagerService(  584): acquireWakeLock(4332c8b0): PARTIAL_WAKE_LOCK , tag=AlarmManager, flags=0x1, pid=584, uid=1000, mUserState=0x0
V/AlarmManager(  584): sending alarm PendingIntent{42f9ca88: PendingIntentRecord{430a21e0 com.android.phone broadcastIntent}}, intent=com.android.internal.telephony.gprs-data-stall, type=ELAPSED_REALTIME, count=1, when=5342240, repeateInterval=0
D/PowerManagerService(  584): releaseWakeLock(4332c8b0): PARTIAL_WAKE_LOCK , tag=AlarmManager, flags=0x1
D/PowerManagerService(  584): acquireWakeLock(434046e0): PARTIAL_WAKE_LOCK , tag=AlarmManager, flags=0x1, pid=584, uid=1000, mUserState=0x0
V/AlarmManager(  584): sending alarm PendingIntent{429db508: PendingIntentRecord{42d0af18 android broadcastIntent}}, intent=android.intent.action.TIME_TICK, type=RTC, count=1, when=1427234760000, repeateInterval=0
D/PowerManagerService(  584): releaseWakeLock(434046e0): PARTIAL_WAKE_LOCK , tag=AlarmManager, flags=0x1
D/BatteryService(  584): updateBatteryStats: auto update.
D/PowerManagerService(  584): acquireWakeLock(43455208): PARTIAL_WAKE_LOCK , tag=BatteryServiceUpdateStats, flags=0x1, pid=584, uid=1000, mUserState=0x0
D/PowerManagerService(  584): releaseWakeLock(43455208): PARTIAL_WAKE_LOCK , tag=BatteryServiceUpdateStats, flags=0x1
D/BatteryService(  584): updateBatteryStats: update triggered by UEvent.
D/PowerManagerService(  584): acquireWakeLock(433e9920): PARTIAL_WAKE_LOCK , tag=BatteryServiceUpdateStats, flags=0x1, pid=584, uid=1000, mUserState=0x0
D/PowerUI (  840): closing low battery warning: level=48
D/PowerUI (  840): plugged = true, health = 2, mBatteryLevel = 48, mPluggedBatteryLevel = 34, mLowBatteryWarningLevel2 = 25, mshowLowChargingWarning2 = true
D/WifiService(  584): ACTION_BATTERY_CHANGED pluggedType: 2
D/NotificationService(  584): mIntentReceiver() Intent.ACTION_BATTERY_CHANGED
D/PowerManagerService(  584): runHtcPowerSaverCheck ======================================
D/PowerManagerService(  584): releaseWakeLock(433e9920): PARTIAL_WAKE_LOCK , tag=BatteryServiceUpdateStats, flags=0x1
D/PowerManagerService(  584): acquireWakeLock(42ff7948): PARTIAL_WAKE_LOCK , tag=AlarmManager, flags=0x1, pid=584, uid=1000, mUserState=0x0
V/AlarmManager(  584): sending alarm PendingIntent{42bcee88: PendingIntentRecord{43255bf0 com.facebook.orca broadcastIntent}}, intent=com.facebook.analytics.service.a.ACTION_ALARM, type=RTC_WAKEUP, count=1, when=1427238416073, repeateInterval=3600000
