D/qdhwcomposer(  274): hwc_blank: Unblanking display: 0
V/KeyguardServiceDelegate( 1025): **** SHOWN CALLED ****
I/WindowManager( 1025): Lock screen displayed!
D/DisplayPowerController( 1025): Unblocked screen on after 905819936 ms
I/AonLTInterfaceService( 1295): AodLT package version: 1000000
D/WifiStateMachine( 1025): handleScreenStateChanged: true
D/WifiStateMachine( 1025): handleMessage: E msg.what=131154
D/WifiStateMachine( 1025): processMsg: ConnectedState
D/WifiStateMachine( 1025): processMsg: L2ConnectedState
D/WifiStateMachine( 1025): handleMessage: X
D/WifiStateMachine( 1025): handleMessage: E msg.what=131163
D/WifiStateMachine( 1025): processMsg: ConnectedState
D/WifiStateMachine( 1025): processMsg: L2ConnectedState
D/WifiStateMachine( 1025): processMsg: ConnectModeState
D/WifiStateMachine( 1025): processMsg: DriverStartedState
D/WifiStateMachine( 1025): processMsg: SupplicantStartedState
D/WifiStateMachine( 1025): processMsg: DefaultState
D/WifiStateMachine( 1025): handleMessage: X
D/WifiStateMachine( 1025): handleMessage: E msg.what=131127
D/WifiStateMachine( 1025): processMsg: ConnectedState
D/WifiStateMachine( 1025): processMsg: L2ConnectedState
D/WifiStateMachine( 1025): processMsg: ConnectModeState
D/WifiStateMachine( 1025): handleMessage: X
D/WifiStateMachine( 1025): handleMessage: E msg.what=131158
D/WifiStateMachine( 1025): processMsg: ConnectedState
D/WifiStateMachine( 1025): processMsg: L2ConnectedState
D/WifiStateMachine( 1025): processMsg: ConnectModeState
D/WifiStateMachine( 1025): processMsg: DriverStartedState
D/WifiStateMachine( 1025): setSuspendOptimizationsNative: 4 false
D/WifiStateMachine( 1025): handleMessage: X
D/WifiStateMachine( 1025): handleMessage: E msg.what=151572
D/WifiStateMachine( 1025): processMsg: ConnectedState
D/WifiStateMachine( 1025): processMsg: L2ConnectedState
D/WifiStateMachine( 1025): handleMessage: X
D/qdhwcomposer(  274): hwc_blank: Done unblanking display: 0
D/SurfaceControl( 1025): Excessive delay in unblankDisplay() while turning screen on: 179ms
D/Sensors ( 1025): AccelerationSensor: Set Sensors state 0x1
D/Sensors ( 1025): AccelerationSensor: set delay 200
D/Sensors ( 1025): AccelerationSensor: set delay 200
D/audio_hw_primary(  277): adev_set_parameters: enter: screen_state=on
V/msm8974_platform(  277): platform_set_parameters: enter: screen_state=on
V/msm8974_platform(  277): platform_set_parameters: exit with code(-2)
E/audio_a2dp_hw(  277): adev_set_parameters: ERROR: set param called even when stream out is null
I/SFPerfTracer(  274):      triggers: (rate: 733:303253) (217247 sw vsyncs) (695975 skipped) (0:2027700 vsyncs) (125:2557533)
D/Ulp_jni ( 1025): JNI:system_update. Event-0
D/WifiService( 1025): acquireWifiLockLocked: WifiLock{NlpWifiLock type=2 binder=android.os.BinderProxy@41fbd0c8}
D/WifiStateMachine( 1025): handleMessage: E msg.what=131143
D/WifiStateMachine( 1025): processMsg: ConnectedState
D/WifiStateMachine( 1025): processMsg: L2ConnectedState
D/WifiStateMachine( 1025): handleMessage: X
D/MDMCTBK (  273): reply_len: 40 reply is = IFNAME=wlan0 <3>CTRL-EVENT-BSS-ADDED 223
D/MDMCTBK (  273): Event received = CTRL-EVENT-BSS-ADDED 223
D/MDMCTBK (  273): reply_len: 40 reply is = IFNAME=wlan0 <3>CTRL-EVENT-BSS-ADDED 223
D/MDMCTBK (  273): Event received = CTRL-EVENT-BSS-ADDED 223
D/MDMCTBK (  273): reply_len: 40 reply is = IFNAME=wlan0 <3>CTRL-EVENT-BSS-ADDED 223
D/MDMCTBK (  273): Event received = CTRL-EVENT-BSS-ADDED 223
D/MDMCTBK (  273): reply_len: 40 reply is = IFNAME=wlan0 <3>CTRL-EVENT-SCAN-RESULTS 
D/MDMCTBK (  273): Event received = CTRL-EVENT-SCAN-RESULTS 
D/WifiStateMachine( 1025): handleMessage: E msg.what=147461
D/WifiStateMachine( 1025): processMsg: ConnectedState
D/WifiStateMachine( 1025): processMsg: L2ConnectedState
D/WifiStateMachine( 1025): processMsg: ConnectModeState
D/WifiStateMachine( 1025): processMsg: DriverStartedState
D/WifiStateMachine( 1025): processMsg: SupplicantStartedState
D/WifiStateMachine( 1025): handleMessage: X
D/TCMD    (  465): NL - Read 56 bytes from update socket.
D/TCMD    (  465): NL - message type is RTM_NEWLINK
D/TCMD    (  465): Listening for incoming client connection request
I/SBar.NetworkController( 1119): onSignalStrengthsChanged SignalStrength: 11 0 -120 -160 -120 -1 -1 99 2147483647 2147483647 2147483647 2147483647 2147483647 gsm|lte 0 -108 -1 false 3 3 0 0 0 99 99 99 4 level=3
D/dalvikvm( 6119): GC_CONCURRENT freed 1904K, 34% free 11413K/17224K, paused 3ms+4ms, total 60ms
D/dalvikvm( 6119): WAIT_FOR_CONCURRENT_GC blocked 34ms
D/WifiService( 1025): releaseWifiLockLocked: WifiLock{NlpWifiLock type=2 binder=android.os.BinderProxy@41fbd0c8}
D/WifiStateMachine( 1025): handleMessage: E msg.what=151572
D/WifiStateMachine( 1025): processMsg: ConnectedState
D/WifiStateMachine( 1025): processMsg: L2ConnectedState
D/WifiStateMachine( 1025): handleMessage: X
I/SBar.NetworkController( 1119): refreshSignalCluster: mobile: Signal=zz_moto_stat_sys_signal_3_fully_wide Roaming=(none) mSimIconId=(none) Accessibility="Phone three bars.","Not roaming.",""
F/ProcessStats( 1025): Starting service ServiceState{42a4cec0 com.facebook.push.mqtt.service.MqttPushService pkg=com.facebook.katana proc=42a4cec0} without owner
D/CordovaActivity( 5389): Resuming the App
W/ContextImpl( 1295): Calling a method in the system process without a qualified user: android.app.ContextImpl.sendBroadcast:1252 android.content.ContextWrapper.sendBroadcast:365 com.motorola.motocare.util.TriggerHelper$TriggerBuilder.send:76 com.motorola.motocare.internal.frameworkevents.PauseResumeTrigger.handleFrameworkEvent:53 com.motorola.motocare.internal.frameworkevents.FwEventMonitor$FrameworkListener.processFrameworkEvent:114 
D/3CDM.DeviceAdminPushReceiver( 8694): Received an Intent - Action: android.intent.action.USER_PRESENT
D/3CDM.DeviceAdminPushReceiver( 8694): Type: null
D/3CDM.DeviceAdminPushReceiver( 8694): Data: null
I/ActivityManager( 1025): Start proc com.facebook.katana for content provider com.facebook.katana/.provider.AttributionIdProvider: pid=7051 uid=10110 gids={50110, 1028, 1015, 3003}
D/3CDM.Service( 8694): android.intent.action.USER_PRESENT
D/3CDM.Service( 8694): Phone was locked and now it is unlocked now.
I/ActivityManager( 1025): Start proc com.linkedin.android for broadcast com.linkedin.android/.appwidget.ResponsiveWidgetService$ActiveUserListener: pid=7062 uid=10123 gids={50123, 3003, 1028, 1015}
I/SFPerfTracer(  274):       trigger: frame rate (-37.600%)	(37.440 fps)	(26.710 ms) 	(4 drops)	(10 frames)
I/SFPerfTracer(  274):      triggers: (rate: 853:34597) (compose: 0:141) (post: 0:13) (render: 49:8678) (10:476773 frames) (11:2245168)
D/SFPerfTracer(  274):        layers: (4:11) (DimLayer: 0:158)* (DimLayer: 0:44)* (FocusedStackFrame: 0:11369)* (StatusBar: 1:149184) (NavigationBar: 0:107070) (DimLayer: 0:7718)* (DimLayer: 0:1879)* (com.android.wallpaper.fall.FallWallpaper: 5:42867) (co.giftmeapp.gift_me/co.giftmeapp.gift_me.GiftMe: 0:134)* (ElectronBeam: 0:26)* (Keyguard: 9:72) 
W/InputMethodManagerService( 1025): Window already focused, ignoring focus gain of: com.android.internal.view.IInputMethodClient$Stub$Proxy@423f0b48 attribute=android.view.inputmethod.EditorInfo@424eae60, token = android.os.BinderProxy@428f6490
D/PhoneStatusBar( 1119): disable: < expand icons alerts ticker system_info back* home* recent* clock* search >
D/UsbDeviceManager( 1025): MSG_USER_PRESENT
V/PhoneStatusBar( 1119): setLightsOn(true)
D/WifiStateMachine( 1025): handleMessage: E msg.what=151572
D/WifiStateMachine( 1025): processMsg: ConnectedState
D/WifiStateMachine( 1025): processMsg: L2ConnectedState
D/WifiStateMachine( 1025): handleMessage: X
W/dalvikvm( 7051): VFY: unable to resolve static field 29078 (a) in Lcom/facebook/katana/app/WorkAppTypes;
D/dalvikvm( 7051): VFY: replacing opcode 0x62 at 0x0013
W/dalvikvm( 7051): VFY: unable to resolve static field 29079 (b) in Lcom/facebook/katana/app/WorkAppTypes;
D/dalvikvm( 7051): VFY: replacing opcode 0x62 at 0x001d
E/dalvikvm( 7051): Could not find class 'com.facebook.katana.app.WallpaperFacebookApplicationImpl', referenced from method com.facebook.katana.app.FacebookApplication.a
W/dalvikvm( 7051): VFY: unable to resolve new-instance 379 (Lcom/facebook/katana/app/WallpaperFacebookApplicationImpl;) in Lcom/facebook/katana/app/FacebookApplication;
D/dalvikvm( 7051): VFY: replacing opcode 0x22 at 0x00a9
D/dalvikvm( 7051): DexOpt: unable to opt direct call 0x055f at 0xab in Lcom/facebook/katana/app/FacebookApplication;.a
D/CatchMeIfYouCan( 7051): Process (<default>) ca: '/data/user/0/com.facebook.katana/app_cmiyc/A1657CCD543F12E66E587EE52ED9D802E22AAC4701'
D/CatchMeIfYouCan( 7051): Process (<default>) fc: '/data/user/0/com.facebook.katana/app_cmiyc/A1657CCD543F12E66E587EE52ED9D802E22AAC4702'
D/CatchMeIfYouCan( 7051): Process (<default>) cp: '('default', 3, 120000, silent [true], restart [false], logout [false])'
D/ACRA    ( 7051): ACRA is enabled for com.facebook.katana, intializing...
D/ACRA    ( 7051): Looking for error files in /data/user/0/com.facebook.katana/app_acra-reports
D/ACRA    ( 7051): Looking for error files in /data/user/0/com.facebook.katana/app_minidumps
D/dalvikvm( 7051): Trying to load lib /data/app-lib/com.facebook.katana-2/libgnustl_shared.so 0x41fb6940
D/dalvikvm( 7051): Added shared lib /data/app-lib/com.facebook.katana-2/libgnustl_shared.so 0x41fb6940
D/dalvikvm( 7051): No JNI_OnLoad found in /data/app-lib/com.facebook.katana-2/libgnustl_shared.so 0x41fb6940, skipping init
D/dalvikvm( 7051): Trying to load lib /data/app-lib/com.facebook.katana-2/libfb_breakpad_client.so 0x41fb6940
D/dalvikvm( 7051): Added shared lib /data/app-lib/com.facebook.katana-2/libfb_breakpad_client.so 0x41fb6940
D/dalvikvm( 7051): Trying to load lib /data/app-lib/com.facebook.katana-2/libfb_dalvik-internals.so 0x41fb6940
D/dalvikvm( 7051): Added shared lib /data/app-lib/com.facebook.katana-2/libfb_dalvik-internals.so 0x41fb6940
V/DexLibLoader( 7051): about to lock: /data/user/0/com.facebook.katana/mdex_lock
V/DexLibLoader( 7051): locking /data/user/0/com.facebook.katana/mdex_lock took 1 ms
V/DexLibLoader( 7051): Secondary program dex metadata: secondary-1.dex.jar.xz afe2a138e590c57cf300e34841fe1dd9dd68fd2b secondary.dex01.Canary
V/DexLibLoader( 7051): Secondary program dex metadata: secondary-2.dex.jar.xz 5c2d05284f9f504005e2320596a43ea99736ee47 secondary.dex02.Canary
V/DexLibLoader( 7051): Secondary program dex metadata: secondary-3.dex.jar.xz da411c2b21627234b41f697afcfff74dab56d7ab secondary.dex03.Canary
V/DexLibLoader( 7051): Secondary program dex metadata: secondary-4.dex.jar.xz afb90a3dbf193c2d7de2c054840ef1704ba30de8 secondary.dex04.Canary
V/DexLibLoader( 7051): Secondary program dex metadata: secondary-5.dex.jar.xz 1176d0bd5a64048bf9d67beca33e98455019d434 secondary.dex05.Canary
V/DexLibLoader( 7051): Secondary program dex metadata: secondary-6.dex.jar.xz f40f17ad4e6586d2a02c454ff59acb1d04a03476 secondary.dex06.Canary
V/DexLibLoader( 7051): Secondary program dex metadata: secondary-7.dex.jar.xz 1c58c0a11ce342a2c04fd0f1ee86872b85397931 secondary.dex07.Canary
V/DexLibLoader( 7051): directory "/data/user/0/com.facebook.katana/app_secondary_program_dex" contains "program-afe2a138e590c57cf300e34841fe1dd9dd68fd2b6661a1c7.dex.jar" as expected
V/DexLibLoader( 7051): directory "/data/user/0/com.facebook.katana/app_secondary_program_dex" contains "program-5c2d05284f9f504005e2320596a43ea99736ee476661a1c7.dex.jar" as expected
V/DexLibLoader( 7051): directory "/data/user/0/com.facebook.katana/app_secondary_program_dex" contains "program-da411c2b21627234b41f697afcfff74dab56d7ab6661a1c7.dex.jar" as expected
V/DexLibLoader( 7051): directory "/data/user/0/com.facebook.katana/app_secondary_program_dex" contains "program-afb90a3dbf193c2d7de2c054840ef1704ba30de86661a1c7.dex.jar" as expected
V/DexLibLoader( 7051): directory "/data/user/0/com.facebook.katana/app_secondary_program_dex" contains "program-1176d0bd5a64048bf9d67beca33e98455019d4346661a1c7.dex.jar" as expected
V/DexLibLoader( 7051): directory "/data/user/0/com.facebook.katana/app_secondary_program_dex" contains "program-f40f17ad4e6586d2a02c454ff59acb1d04a034766661a1c7.dex.jar" as expected
V/DexLibLoader( 7051): directory "/data/user/0/com.facebook.katana/app_secondary_program_dex" contains "program-1c58c0a11ce342a2c04fd0f1ee86872b853979316661a1c7.dex.jar" as expected
D/DexLibLoader( 7051): ignoring file "program-afe2a138e590c57cf300e34841fe1dd9dd68fd2b6661a1c7.dex.odex" in "/data/user/0/com.facebook.katana/app_secondary_program_dex"
D/DexLibLoader( 7051): ignoring file "program-5c2d05284f9f504005e2320596a43ea99736ee476661a1c7.dex.odex" in "/data/user/0/com.facebook.katana/app_secondary_program_dex"
D/DexLibLoader( 7051): ignoring file "program-da411c2b21627234b41f697afcfff74dab56d7ab6661a1c7.dex.odex" in "/data/user/0/com.facebook.katana/app_secondary_program_dex"
D/DexLibLoader( 7051): ignoring file "program-afb90a3dbf193c2d7de2c054840ef1704ba30de86661a1c7.dex.odex" in "/data/user/0/com.facebook.katana/app_secondary_program_dex"
D/DexLibLoader( 7051): ignoring file "program-1176d0bd5a64048bf9d67beca33e98455019d4346661a1c7.dex.odex" in "/data/user/0/com.facebook.katana/app_secondary_program_dex"
D/DexLibLoader( 7051): ignoring file "program-f40f17ad4e6586d2a02c454ff59acb1d04a034766661a1c7.dex.odex" in "/data/user/0/com.facebook.katana/app_secondary_program_dex"
D/DexLibLoader( 7051): ignoring file "program-1c58c0a11ce342a2c04fd0f1ee86872b853979316661a1c7.dex.odex" in "/data/user/0/com.facebook.katana/app_secondary_program_dex"
D/DexLibLoader( 7051): directory "/data/user/0/com.facebook.katana/app_secondary_program_dex" is valid
D/DexLibLoader( 7051): ignoring file "primary_deps" in "/data/user/0/com.facebook.katana/app_secondary_program_dex_opt"
V/DexLibLoader( 7051): directory "/data/user/0/com.facebook.katana/app_secondary_program_dex_opt" contains "program-afe2a138e590c57cf300e34841fe1dd9dd68fd2b6661a1c7.dex.dex" as expected
V/DexLibLoader( 7051): directory "/data/user/0/com.facebook.katana/app_secondary_program_dex_opt" contains "program-5c2d05284f9f504005e2320596a43ea99736ee476661a1c7.dex.dex" as expected
V/DexLibLoader( 7051): directory "/data/user/0/com.facebook.katana/app_secondary_program_dex_opt" contains "program-da411c2b21627234b41f697afcfff74dab56d7ab6661a1c7.dex.dex" as expected
V/DexLibLoader( 7051): directory "/data/user/0/com.facebook.katana/app_secondary_program_dex_opt" contains "program-afb90a3dbf193c2d7de2c054840ef1704ba30de86661a1c7.dex.dex" as expected
V/DexLibLoader( 7051): directory "/data/user/0/com.facebook.katana/app_secondary_program_dex_opt" contains "program-1176d0bd5a64048bf9d67beca33e98455019d4346661a1c7.dex.dex" as expected
V/DexLibLoader( 7051): directory "/data/user/0/com.facebook.katana/app_secondary_program_dex_opt" contains "program-f40f17ad4e6586d2a02c454ff59acb1d04a034766661a1c7.dex.dex" as expected
V/DexLibLoader( 7051): directory "/data/user/0/com.facebook.katana/app_secondary_program_dex_opt" contains "program-1c58c0a11ce342a2c04fd0f1ee86872b853979316661a1c7.dex.dex" as expected
D/DexLibLoader( 7051): directory "/data/user/0/com.facebook.katana/app_secondary_program_dex_opt" is valid
D/DexLibLoader( 7051): loading pre-built cross-dex opt odex files
V/dalvik-internals( 7051): hooked dvmResolveClass using jump ()
V/dalvik-internals( 7051): hooked dvmFlushBreakpoints using jump ()
V/MultiDexClassLoader( 7051): installing MultiDexClassLoader before application classloader
I/dalvikvm( 7051): Could not find method dalvik.system.DexFile.loadClassBinaryName, referenced from method com.facebook.common.dextricks.DexFileLoadOld.a
W/dalvikvm( 7051): VFY: unable to resolve virtual method 2073: Ldalvik/system/DexFile;.loadClassBinaryName (Ljava/lang/String;Ljava/lang/ClassLoader;)Ljava/lang/Class;
D/dalvikvm( 7051): VFY: replacing opcode 0x6e at 0x0000
D/DexLibLoader( 7051): released odex store lock
D/DexLibLoader( 7051): DexLibLoader.loadAll took 37 ms
D/MemoryReductionHack( 7051): Marked as initialized entry corresponding to path /data/app/com.facebook.katana-2.apk
D/GcOptimizer( 7051): Enabled
V/dalvik-internals( 7051): hooked dvmLinearAlloc using jump ()
V/dalvik-internals( 7051): hooked dvmLinearRealloc using jump ()
V/dalvik-internals( 7051): hooked dvmLinearFree using jump ()
V/dalvik-internals( 7051): hooked dvmLinearStrdup using jump ()
V/dalvik-internals( 7051): hooked dvmLinearAllocContains using jump ()
I/dalvik-internals( 7051): enlarged linearalloc buffer to 33554432 bytes
W/StaticBindingVerifier( 7051): Verify
I/dalvikvm( 7051): Could not find method com.facebook.resources.FbResources.getDrawable, referenced from method com.facebook.resources.impl.DownloadedFbResources.getDrawable
W/dalvikvm( 7051): VFY: unable to resolve virtual method 48479: Lcom/facebook/resources/FbResources;.getDrawable (ILandroid/content/res/Resources$Theme;)Landroid/graphics/drawable/Drawable;
D/dalvikvm( 7051): VFY: replacing opcode 0x6f at 0x0031
D/dalvikvm( 1025): GC_EXPLICIT freed 1077K, 36% free 31248K/48208K, paused 9ms+17ms, total 170ms
D/perfTimingLib( 7062): logTimeStamp for linkedin_android_app_oncreate_time
I/SFPerfTracer(  274):      triggers: (rate: 733:303262) (217247 sw vsyncs) (696063 skipped) (116:2027816 vsyncs) (118:2557651)
D/WifiService( 1025): New client listening to asynchronous messages
I/LiConfigParser( 7062): Avail updated for feature [bluesteel_profile_easter] to:true
I/LiConfigParser( 7062): Avail updated for feature [bluesteel_profile_caching] to:true
I/LiConfigParser( 7062): Avail updated for feature [bluesteel_profile_background_animation] to:true
I/DefaultLiHttpClient( 7062): Current retry config is:UseLiExceptionRetry
I/PersistentCookieStore( 7062): Get Persistent Cookie Store
I/PersistentCookieStore( 7062): mInstance == null. init mInstance
I/PersistentCookieStore( 7062): no migration
I/MobileClient( 7062): Mobile server: https://touch.www.linkedin.com
E/dalvikvm( 7051): Could not find class 'org.apache.harmony.xnet.provider.jsse.OpenSSLSocketImpl', referenced from method com.facebook.ssl.openssl.check.CheckOpenSSLImplHasRequiredMethods.<clinit>
W/dalvikvm( 7051): VFY: unable to resolve const-class 13808 (Lorg/apache/harmony/xnet/provider/jsse/OpenSSLSocketImpl;) in Lcom/facebook/ssl/openssl/check/CheckOpenSSLImplHasRequiredMethods;
D/dalvikvm( 7051): VFY: replacing opcode 0x1c at 0x000d
E/dalvikvm( 7051): Could not find class 'org.apache.harmony.xnet.provider.jsse.OpenSSLSocketFactoryImpl', referenced from method com.facebook.ssl.openssl.reflect.SSLParametersGetter.<clinit>
W/dalvikvm( 7051): VFY: unable to resolve const-class 13807 (Lorg/apache/harmony/xnet/provider/jsse/OpenSSLSocketFactoryImpl;) in Lcom/facebook/ssl/openssl/reflect/SSLParametersGetter;
D/dalvikvm( 7051): VFY: replacing opcode 0x1c at 0x000d
E/dalvikvm( 7051): Could not find class 'org.apache.harmony.xnet.provider.jsse.SSLParametersImpl', referenced from method com.facebook.ssl.openssl.reflect.SSLParametersGetter.a
W/dalvikvm( 7051): VFY: unable to resolve check-cast 13809 (Lorg/apache/harmony/xnet/provider/jsse/SSLParametersImpl;) in Lcom/facebook/ssl/openssl/reflect/SSLParametersGetter;
D/dalvikvm( 7051): VFY: replacing opcode 0x1f at 0x0006
E/dalvikvm( 7051): Could not find class 'org.apache.harmony.xnet.provider.jsse.SSLParametersImpl', referenced from method com.facebook.ssl.openssl.reflect.SSLSessionTimeoutSetter.<clinit>
W/dalvikvm( 7051): VFY: unable to resolve const-class 13809 (Lorg/apache/harmony/xnet/provider/jsse/SSLParametersImpl;) in Lcom/facebook/ssl/openssl/reflect/SSLSessionTimeoutSetter;
D/dalvikvm( 7051): VFY: replacing opcode 0x1c at 0x000d
W/dalvikvm( 7051): VFY: unable to find class referenced in signature (Lorg/apache/harmony/xnet/provider/jsse/SSLParametersImpl;)
E/dalvikvm( 7051): Could not find class 'org.apache.harmony.xnet.provider.jsse.ClientSessionContext', referenced from method com.facebook.ssl.openssl.reflect.SSLSessionTimeoutSetter.a
W/dalvikvm( 7051): VFY: unable to resolve check-cast 13806 (Lorg/apache/harmony/xnet/provider/jsse/ClientSessionContext;) in Lcom/facebook/ssl/openssl/reflect/SSLSessionTimeoutSetter;
D/dalvikvm( 7051): VFY: replacing opcode 0x1f at 0x0006
W/dalvikvm( 7051): VFY: unable to find class referenced in signature (Lorg/apache/harmony/xnet/provider/jsse/SSLParametersImpl;)
W/dalvikvm( 7051): Unable to resolve superclass of Lcom/facebook/ssl/openssl/TicketEnabledOpenSSLSocketImplWrapper; (11243)
W/dalvikvm( 7051): Link of class 'Lcom/facebook/ssl/openssl/TicketEnabledOpenSSLSocketImplWrapper;' failed
E/dalvikvm( 7051): Could not find class 'com.facebook.ssl.openssl.TicketEnabledOpenSSLSocketImplWrapper', referenced from method com.facebook.ssl.openssl.TicketEnabledOpenSSLSocketFactoryHelper.a
W/dalvikvm( 7051): VFY: unable to resolve new-instance 10681 (Lcom/facebook/ssl/openssl/TicketEnabledOpenSSLSocketImplWrapper;) in Lcom/facebook/ssl/openssl/TicketEnabledOpenSSLSocketFactoryHelper;
D/dalvikvm( 7051): VFY: replacing opcode 0x22 at 0x0000
W/dalvikvm( 7051): Unable to resolve superclass of Lcom/facebook/ssl/openssl/TicketEnabledOpenSSLSocketImplWrapper; (11243)
W/dalvikvm( 7051): Link of class 'Lcom/facebook/ssl/openssl/TicketEnabledOpenSSLSocketImplWrapper;' failed
D/dalvikvm( 7051): DexOpt: unable to opt direct call 0xc22f at 0x08 in Lcom/facebook/ssl/openssl/TicketEnabledOpenSSLSocketFactoryHelper;.a
D/dalvikvm( 7051): Trying to load lib /data/app-lib/com.facebook.katana-2/libfbjni.so 0x41fb6940
D/dalvikvm( 7051): Added shared lib /data/app-lib/com.facebook.katana-2/libfbjni.so 0x41fb6940
D/dalvikvm( 7051): Trying to load lib /data/app-lib/com.facebook.katana-2/libcares.so 0x41fb6940
D/dalvikvm( 7051): Added shared lib /data/app-lib/com.facebook.katana-2/libcares.so 0x41fb6940
D/dalvikvm( 7051): No JNI_OnLoad found in /data/app-lib/com.facebook.katana-2/libcares.so 0x41fb6940, skipping init
D/dalvikvm( 7051): Trying to load lib /data/app-lib/com.facebook.katana-2/libdouble-conversion.so 0x41fb6940
D/dalvikvm( 7051): Added shared lib /data/app-lib/com.facebook.katana-2/libdouble-conversion.so 0x41fb6940
D/dalvikvm( 7051): No JNI_OnLoad found in /data/app-lib/com.facebook.katana-2/libdouble-conversion.so 0x41fb6940, skipping init
D/dalvikvm( 7051): Trying to load lib /data/app-lib/com.facebook.katana-2/libevent.so 0x41fb6940
D/dalvikvm( 7051): Added shared lib /data/app-lib/com.facebook.katana-2/libevent.so 0x41fb6940
D/dalvikvm( 7051): No JNI_OnLoad found in /data/app-lib/com.facebook.katana-2/libevent.so 0x41fb6940, skipping init
D/dalvikvm( 7051): Trying to load lib /data/app-lib/com.facebook.katana-2/libliger.so 0x41fb6940
V/WebViewChromiumFactoryProvider( 7062): Binding Chromium to main looper Looper (main, tid 1) {41fa5db8}
I/LibraryLoader( 7062): Expected native library version number "",actual native library version number ""
I/chromium( 7062): [INFO:library_loader_hooks.cc(116)] Chromium logging enabled: level = 0, default verbosity = 0
I/BrowserStartupController( 7062): Initializing chromium process, renderers=0
D/dalvikvm( 7051): Added shared lib /data/app-lib/com.facebook.katana-2/libliger.so 0x41fb6940
E/AudioManagerAndroid( 7062): BLUETOOTH permission is missing!
I/Adreno-EGL( 7062): <qeglDrvAPI_eglInitialize:410>: EGL 1.4 QUALCOMM build: AU_LINUX_ANDROID_LNX.LA.3.5.1_RB1.04.04.02.048.018_msm8226_LNX.LA.3.5.1_RB1__release_AU ()
I/Adreno-EGL( 7062): OpenGL ES Shader Compiler Version: E031.24.00.08
I/Adreno-EGL( 7062): Build Date: 03/07/14 Fri
I/Adreno-EGL( 7062): Local Branch: 
I/Adreno-EGL( 7062): Remote Branch: quic/LNX.LA.3.5.1_RB1.1
I/Adreno-EGL( 7062): Local Patches: NONE
I/Adreno-EGL( 7062): Reconstruct Branch: AU_LINUX_ANDROID_LNX.LA.3.5.1_RB1.04.04.02.048.018 + f2fd134 +  NOTHING
D/WifiStateMachine( 1025): handleMessage: E msg.what=131155
D/WifiStateMachine( 1025): processMsg: ConnectedState
D/WifiStateMachine( 1025): processMsg: L2ConnectedState
D/WifiStateMachine( 1025): handleMessage: X
D/WifiStateMachine( 1025): handleMessage: E msg.what=151572
D/WifiStateMachine( 1025): processMsg: ConnectedState
D/WifiStateMachine( 1025): processMsg: L2ConnectedState
I/ActivityManager( 1025): Process com.facebook.orca (pid 6906) has died.
D/WifiStateMachine( 1025): handleMessage: X
W/ActivityManager( 1025): Scheduling restart of crashed service com.facebook.orca/com.facebook.push.mqtt.service.MqttPushService in 16000ms
W/fb4a(:<default>):AbstractMqttPushService( 7051): Attempt to start service that is already started
W/chromium( 7062): [WARNING:proxy_service.cc(890)] PAC support disabled because there is no system implementation
I/PersistentCookieStore( 7062): Get Persistent Cookie Store
I/PersistentCookieStore( 7062): Get Persistent Cookie Store
D/dalvikvm( 7051): Trying to load lib /data/app-lib/com.facebook.katana-2/libheartbleed.so 0x41fb6940
D/dalvikvm( 7051): Added shared lib /data/app-lib/com.facebook.katana-2/libheartbleed.so 0x41fb6940
I/ActivityManager( 1025): Start proc com.devexpert.weather for broadcast com.devexpert.weather/.view.WidgetWeather2x1: pid=7153 uid=10112 gids={50112, 3003, 1028, 1015}
D/ACRA    ( 7062): ACRA is enabled for com.linkedin.android, intializing...
I/RequestQueue( 7062): Init Network Client
I/RequestQueue( 7062): Network dispatcher has started
D/LI_AUTH_LIB( 7062): in init username=TimCallagy@gmail.com
I/PersistentCookieStore( 7062): All cookies cleared
D/ACRA    ( 7062): Looking for error files in /data/data/com.linkedin.android/files
D/com.linkedin.android.liauthlib.NetworkDispatcher( 7062): sending request https://www.linkedin.com/mob/sso/you
I/SBar.NetworkController( 1119): onSignalStrengthsChanged SignalStrength: 12 0 -120 -160 -120 -1 -1 99 2147483647 2147483647 2147483647 2147483647 2147483647 gsm|lte 0 -108 -1 false 4 4 0 0 0 99 99 99 4 level=4
I/LiApplication( 7062): Locale found in prefs: 
I/LiApplication( 7062): Updated language/locale to: en_GB
I/ActivityManager( 1025): Start proc com.distilledmedia.thescore for broadcast com.distilledmedia.thescore/com.parse.ParseBroadcastReceiver: pid=7172 uid=10138 gids={50138, 3003, 1028, 1015}
I/MultiDex( 7172): VM with version 1.6.0 does not have multidex support
I/MultiDex( 7172): install
I/MultiDex( 7172): MultiDexExtractor.load(/data/app/com.distilledmedia.thescore-2.apk, false)
I/MultiDex( 7172): loading existing secondary dex files
I/MultiDex( 7172): load found 0 secondary dex files
I/MultiDex( 7172): install done
D/[1]JournalApp( 7172): created
W/Settings( 7172): Setting airplane_mode_on has moved from android.provider.Settings.System to android.provider.Settings.Global, returning read-only value.
I/ActivityManager( 1025): Process com.linkedin.android (pid 7062) has died.
V/WebViewChromiumFactoryProvider( 7172): Binding Chromium to main looper Looper (main, tid 1) {41fa8ba8}
I/LibraryLoader( 7172): Expected native library version number "",actual native library version number ""
I/chromium( 7172): [INFO:library_loader_hooks.cc(116)] Chromium logging enabled: level = 0, default verbosity = 0
I/BrowserStartupController( 7172): Initializing chromium process, renderers=0
D/Ulp_jni ( 1025): Location CB invoked
E/AudioManagerAndroid( 7172): BLUETOOTH permission is missing!
I/Adreno-EGL( 7172): <qeglDrvAPI_eglInitialize:410>: EGL 1.4 QUALCOMM build: AU_LINUX_ANDROID_LNX.LA.3.5.1_RB1.04.04.02.048.018_msm8226_LNX.LA.3.5.1_RB1__release_AU ()
I/Adreno-EGL( 7172): OpenGL ES Shader Compiler Version: E031.24.00.08
I/Adreno-EGL( 7172): Build Date: 03/07/14 Fri
I/Adreno-EGL( 7172): Local Branch: 
I/Adreno-EGL( 7172): Remote Branch: quic/LNX.LA.3.5.1_RB1.1
I/Adreno-EGL( 7172): Local Patches: NONE
I/Adreno-EGL( 7172): Reconstruct Branch: AU_LINUX_ANDROID_LNX.LA.3.5.1_RB1.04.04.02.048.018 + f2fd134 +  NOTHING
I/ActivityManager( 1025): Process com.devexpert.weather (pid 7153) has died.
W/chromium( 7172): [WARNING:proxy_service.cc(890)] PAC support disabled because there is no system implementation
I/[396ed]com.distilledmedia.http.images.BitmapDiskCache( 7172):  starting up file cache 
I/[1]FacebookAccount( 7172): Restored session valid = false
I/[1]TheScoreApp( 7172): Live notifications enabled
W/ContextImpl( 1295): Calling a method in the system process without a qualified user: android.app.ContextImpl.startService:1608 android.content.ContextWrapper.startService:494 android.content.ContextWrapper.startService:494 com.motorola.motocare.internal.batterystats.BatteryStatsAction.onReceive:33 android.app.ActivityThread.handleReceiver:2434 
I/ActivityManager( 1025): Start proc com.devexpert.weather for broadcast com.devexpert.weather/.view.WidgetWeather2x1: pid=7238 uid=10112 gids={50112, 3003, 1028, 1015}
I/ActivityManager( 1025): Process com.distilledmedia.thescore (pid 7172) has died.
D/dalvikvm( 2458): GC_CONCURRENT freed 1798K, 45% free 9602K/17224K, paused 2ms+2ms, total 22ms
D/dalvikvm( 1295): GC_CONCURRENT freed 1958K, 45% free 9591K/17224K, paused 3ms+4ms, total 26ms
D/WifiStateMachine( 1025): handleMessage: E msg.what=151572
D/WifiStateMachine( 1025): processMsg: ConnectedState
D/WifiStateMachine( 1025): processMsg: L2ConnectedState
I/SBar.NetworkController( 1119): refreshSignalCluster: mobile: Signal=zz_moto_stat_sys_signal_4_fully_wide Roaming=(none) mSimIconId=(none) Accessibility="Phone signal full.","Not roaming.",""
D/WifiStateMachine( 1025): handleMessage: X
I/ActivityManager( 1025): Process com.devexpert.weather (pid 7238) has died.
D/WifiStateMachine( 1025): handleMessage: E msg.what=151572
D/WifiStateMachine( 1025): processMsg: ConnectedState
D/WifiStateMachine( 1025): processMsg: L2ConnectedState
D/WifiStateMachine( 1025): handleMessage: X
D/WifiStateMachine( 1025): handleMessage: E msg.what=131155
D/WifiStateMachine( 1025): processMsg: ConnectedState
D/WifiStateMachine( 1025): processMsg: L2ConnectedState
D/WifiStateMachine( 1025): handleMessage: X
D/WifiStateMachine( 1025): handleMessage: E msg.what=151572
D/WifiStateMachine( 1025): processMsg: ConnectedState
D/WifiStateMachine( 1025): processMsg: L2ConnectedState
I/SFPerfTracer(  274):      triggers: (rate: 733:303262) (217247 sw vsyncs) (696063 skipped) (49:2027925 vsyncs) (51:2557767)
D/WifiStateMachine( 1025): handleMessage: X
D/WifiStateMachine( 1025): handleMessage: E msg.what=151572
D/WifiStateMachine( 1025): processMsg: ConnectedState
D/WifiStateMachine( 1025): processMsg: L2ConnectedState
D/WifiStateMachine( 1025): handleMessage: X
W/BroadcastQueue( 1025): Permission Denial: broadcasting Intent { act=android.net.conn.INET_CONDITION_ACTION flg=0x4000010 (has extras) } from null (pid=-1, uid=-1) requires com.facebook.permission.prod.FB_APP_COMMUNICATION due to registered receiver BroadcastFilter{42c77590 u0 ReceiverList{42d41050 7051 com.facebook.katana/10110/u0 remote:427dacb0}}
W/BroadcastQueue( 1025): Permission Denial: broadcasting Intent { act=android.net.conn.CONNECTIVITY_CHANGE flg=0x4000010 (has extras) } from null (pid=-1, uid=-1) requires com.facebook.permission.prod.FB_APP_COMMUNICATION due to registered receiver BroadcastFilter{42c77590 u0 ReceiverList{42d41050 7051 com.facebook.katana/10110/u0 remote:427dacb0}}
W/dalvikvm( 7051): Unable to resolve superclass of Lcom/facebook/push/adm/ADMBroadcastReceiver; (505)
W/dalvikvm( 7051): Link of class 'Lcom/facebook/push/adm/ADMBroadcastReceiver;' failed
E/dalvikvm( 7051): Could not find class 'com.facebook.push.adm.ADMBroadcastReceiver', referenced from method com.facebook.push.adm.ADMPushManager.b
W/dalvikvm( 7051): VFY: unable to resolve const-class 8355 (Lcom/facebook/push/adm/ADMBroadcastReceiver;) in Lcom/facebook/push/adm/ADMPushManager;
D/dalvikvm( 7051): VFY: replacing opcode 0x1c at 0x000e
W/fb4a(:<default>):AbstractMqttPushService( 7051): Attempt to start service that is already started
W/fb4a(:<default>):AbstractMqttPushService( 7051): Attempt to start service that is already started
D/CordovaWebView( 5389): The current URL is: file:///android_asset/www/index.html#wishlist/
D/CordovaWebView( 5389): The URL at item 0 is: file:///android_asset/www/index.html
D/dalvikvm( 7051): GC_CONCURRENT freed 4147K, 25% free 13012K/17224K, paused 4ms+6ms, total 63ms
W/BroadcastQueue( 1025): Permission Denial: broadcasting Intent { act=android.net.conn.CONNECTIVITY_CHANGE flg=0x4000010 (has extras) } from null (pid=-1, uid=-1) requires com.facebook.permission.prod.FB_APP_COMMUNICATION due to registered receiver BroadcastFilter{42b82f08 u0 ReceiverList{42cc1440 7051 com.facebook.katana/10110/u0 remote:42230d60}}
D/GcOptimizer( 7051): Configure for next cold start: enable
D/WifiStateMachine( 1025): handleMessage: E msg.what=151572
D/WifiStateMachine( 1025): processMsg: ConnectedState
D/WifiStateMachine( 1025): processMsg: L2ConnectedState
D/WifiStateMachine( 1025): handleMessage: X
I/ActivityManager( 1025): Start proc com.facebook.orca for content provider com.facebook.orca/.notify.MessengerLoggedInUserProvider: pid=7304 uid=10147 gids={50147, 3003, 1028, 1015}
D/ACRA    ( 7304): ACRA is enabled for com.facebook.orca, intializing...
D/ACRA    ( 7304): Looking for error files in /data/user/0/com.facebook.orca/app_acra-reports
D/ACRA    ( 7304): Looking for error files in /data/user/0/com.facebook.orca/app_minidumps
D/dalvikvm( 7304): Trying to load lib /data/app-lib/com.facebook.orca-2/libgnustl_shared.so 0x41fb4090
D/dalvikvm( 7304): Added shared lib /data/app-lib/com.facebook.orca-2/libgnustl_shared.so 0x41fb4090
D/dalvikvm( 7304): No JNI_OnLoad found in /data/app-lib/com.facebook.orca-2/libgnustl_shared.so 0x41fb4090, skipping init
D/dalvikvm( 7304): Trying to load lib /data/app-lib/com.facebook.orca-2/libfb_breakpad_client.so 0x41fb4090
D/dalvikvm( 7304): Added shared lib /data/app-lib/com.facebook.orca-2/libfb_breakpad_client.so 0x41fb4090
D/dalvikvm( 7304): Trying to load lib /data/app-lib/com.facebook.orca-2/libfb_dalvik-internals.so 0x41fb4090
D/dalvikvm( 7304): Added shared lib /data/app-lib/com.facebook.orca-2/libfb_dalvik-internals.so 0x41fb4090
V/DexLibLoader( 7304): about to lock: /data/user/0/com.facebook.orca/mdex_lock
V/DexLibLoader( 7304): locking /data/user/0/com.facebook.orca/mdex_lock took 0 ms
V/DexLibLoader( 7304): Secondary program dex metadata: secondary-1.dex.jar 790183d1fb728678b0d8546ed8e9eaef90404089 secondary.dex01.Canary
V/DexLibLoader( 7304): Secondary program dex metadata: secondary-2.dex.jar 03b795797c6ded9e8b3df575980b7d37d9ca8dad secondary.dex02.Canary
V/DexLibLoader( 7304): Secondary program dex metadata: secondary-3.dex.jar 5ccf73e2daa6156653af1c6485ad6053f38846b9 secondary.dex03.Canary
V/DexLibLoader( 7304): directory "/data/user/0/com.facebook.orca/app_secondary_program_dex" contains "program-790183d1fb728678b0d8546ed8e9eaef904040896661a1c7.dex.jar" as expected
V/DexLibLoader( 7304): directory "/data/user/0/com.facebook.orca/app_secondary_program_dex" contains "program-03b795797c6ded9e8b3df575980b7d37d9ca8dad6661a1c7.dex.jar" as expected
V/DexLibLoader( 7304): directory "/data/user/0/com.facebook.orca/app_secondary_program_dex" contains "program-5ccf73e2daa6156653af1c6485ad6053f38846b96661a1c7.dex.jar" as expected
D/DexLibLoader( 7304): ignoring file "program-790183d1fb728678b0d8546ed8e9eaef904040896661a1c7.dex.odex" in "/data/user/0/com.facebook.orca/app_secondary_program_dex"
D/DexLibLoader( 7304): ignoring file "program-03b795797c6ded9e8b3df575980b7d37d9ca8dad6661a1c7.dex.odex" in "/data/user/0/com.facebook.orca/app_secondary_program_dex"
D/DexLibLoader( 7304): ignoring file "program-5ccf73e2daa6156653af1c6485ad6053f38846b96661a1c7.dex.odex" in "/data/user/0/com.facebook.orca/app_secondary_program_dex"
D/DexLibLoader( 7304): directory "/data/user/0/com.facebook.orca/app_secondary_program_dex" is valid
D/DexLibLoader( 7304): ignoring file "primary_deps" in "/data/user/0/com.facebook.orca/app_secondary_program_dex_opt"
V/DexLibLoader( 7304): directory "/data/user/0/com.facebook.orca/app_secondary_program_dex_opt" contains "program-790183d1fb728678b0d8546ed8e9eaef904040896661a1c7.dex.dex" as expected
V/DexLibLoader( 7304): directory "/data/user/0/com.facebook.orca/app_secondary_program_dex_opt" contains "program-03b795797c6ded9e8b3df575980b7d37d9ca8dad6661a1c7.dex.dex" as expected
V/DexLibLoader( 7304): directory "/data/user/0/com.facebook.orca/app_secondary_program_dex_opt" contains "program-5ccf73e2daa6156653af1c6485ad6053f38846b96661a1c7.dex.dex" as expected
D/DexLibLoader( 7304): directory "/data/user/0/com.facebook.orca/app_secondary_program_dex_opt" is valid
D/DexLibLoader( 7304): loading pre-built cross-dex opt odex files
V/dalvik-internals( 7304): hooked dvmResolveClass using jump ()
V/dalvik-internals( 7304): hooked dvmFlushBreakpoints using jump ()
V/MultiDexClassLoader( 7304): installing MultiDexClassLoader before application classloader
I/dalvikvm( 7304): Could not find method dalvik.system.DexFile.loadClassBinaryName, referenced from method com.facebook.common.l.g.a
W/dalvikvm( 7304): VFY: unable to resolve virtual method 1453: Ldalvik/system/DexFile;.loadClassBinaryName (Ljava/lang/String;Ljava/lang/ClassLoader;)Ljava/lang/Class;
D/dalvikvm( 7304): VFY: replacing opcode 0x6e at 0x0000
D/DexLibLoader( 7304): released odex store lock
D/DexLibLoader( 7304): DexLibLoader.loadAll took 15 ms
W/bp      ( 7304): Verify
I/ActivityManager( 1025): Process com.whatsapp (pid 4245) has died.
W/ActivityManager( 1025): Scheduling restart of crashed service com.whatsapp/.messaging.MessageService in 1000ms
E/dalvikvm( 7304): Could not find class 'org.apache.harmony.xnet.provider.jsse.OpenSSLSocketImpl', referenced from method com.facebook.ssl.openssl.a.b.<clinit>
W/dalvikvm( 7304): VFY: unable to resolve const-class 10658 (Lorg/apache/harmony/xnet/provider/jsse/OpenSSLSocketImpl;) in Lcom/facebook/ssl/openssl/a/b;
D/dalvikvm( 7304): VFY: replacing opcode 0x1c at 0x000d
E/dalvikvm( 7304): Could not find class 'org.apache.harmony.xnet.provider.jsse.OpenSSLSocketFactoryImpl', referenced from method com.facebook.ssl.openssl.b.b.<clinit>
W/dalvikvm( 7304): VFY: unable to resolve const-class 10657 (Lorg/apache/harmony/xnet/provider/jsse/OpenSSLSocketFactoryImpl;) in Lcom/facebook/ssl/openssl/b/b;
D/dalvikvm( 7304): VFY: replacing opcode 0x1c at 0x000d
E/dalvikvm( 7304): Could not find class 'org.apache.harmony.xnet.provider.jsse.SSLParametersImpl', referenced from method com.facebook.ssl.openssl.b.b.a
W/dalvikvm( 7304): VFY: unable to resolve check-cast 10660 (Lorg/apache/harmony/xnet/provider/jsse/SSLParametersImpl;) in Lcom/facebook/ssl/openssl/b/b;
D/dalvikvm( 7304): VFY: replacing opcode 0x1f at 0x0006
E/dalvikvm( 7304): Could not find class 'org.apache.harmony.xnet.provider.jsse.SSLParametersImpl', referenced from method com.facebook.ssl.openssl.b.c.<clinit>
W/dalvikvm( 7304): VFY: unable to resolve const-class 10660 (Lorg/apache/harmony/xnet/provider/jsse/SSLParametersImpl;) in Lcom/facebook/ssl/openssl/b/c;
D/dalvikvm( 7304): VFY: replacing opcode 0x1c at 0x000d
W/dalvikvm( 7304): VFY: unable to find class referenced in signature (Lorg/apache/harmony/xnet/provider/jsse/SSLParametersImpl;)
E/dalvikvm( 7304): Could not find class 'org.apache.harmony.xnet.provider.jsse.ClientSessionContext', referenced from method com.facebook.ssl.openssl.b.c.a
W/dalvikvm( 7304): VFY: unable to resolve check-cast 10656 (Lorg/apache/harmony/xnet/provider/jsse/ClientSessionContext;) in Lcom/facebook/ssl/openssl/b/c;
D/dalvikvm( 7304): VFY: replacing opcode 0x1f at 0x0006
W/dalvikvm( 7304): VFY: unable to find class referenced in signature (Lorg/apache/harmony/xnet/provider/jsse/SSLParametersImpl;)
W/dalvikvm( 7304): Unable to resolve superclass of Lcom/facebook/ssl/openssl/TicketEnabledOpenSSLSocketImplWrapper; (10659)
W/dalvikvm( 7304): Link of class 'Lcom/facebook/ssl/openssl/TicketEnabledOpenSSLSocketImplWrapper;' failed
E/dalvikvm( 7304): Could not find class 'com.facebook.ssl.openssl.TicketEnabledOpenSSLSocketImplWrapper', referenced from method com.facebook.ssl.openssl.b.a
W/dalvikvm( 7304): VFY: unable to resolve new-instance 7258 (Lcom/facebook/ssl/openssl/TicketEnabledOpenSSLSocketImplWrapper;) in Lcom/facebook/ssl/openssl/b;
D/dalvikvm( 7304): VFY: replacing opcode 0x22 at 0x0000
W/dalvikvm( 7304): Unable to resolve superclass of Lcom/facebook/ssl/openssl/TicketEnabledOpenSSLSocketImplWrapper; (10659)
W/dalvikvm( 7304): Link of class 'Lcom/facebook/ssl/openssl/TicketEnabledOpenSSLSocketImplWrapper;' failed
D/dalvikvm( 7304): DexOpt: unable to opt direct call 0x9f40 at 0x08 in Lcom/facebook/ssl/openssl/b;.a
W/msgr(:<default>):a( 7304): Attempt to start service that is already started
D/dalvikvm( 7304): Trying to load lib /data/app-lib/com.facebook.orca-2/libfbjni.so 0x41fb4090
D/dalvikvm( 7304): Added shared lib /data/app-lib/com.facebook.orca-2/libfbjni.so 0x41fb4090
D/dalvikvm( 7304): Trying to load lib /data/app-lib/com.facebook.orca-2/libheartbleed.so 0x41fb4090
D/dalvikvm( 7304): Added shared lib /data/app-lib/com.facebook.orca-2/libheartbleed.so 0x41fb4090
I/ActivityManager( 1025): Process uk.co.economist (pid 6842) has died.
W/ActivityManager( 1025): Service ServiceRecord{443c0838 u0 uk.co.economist/.service.APIService} in process ProcessRecord{43733248 6842:uk.co.economist/u0a130} not same as in map: null
W/ActivityManager( 1025): Scheduling restart of crashed service uk.co.economist/.service.EditionDownloadManager in 10654ms
D/WifiStateMachine( 1025): handleMessage: E msg.what=151572
D/WifiStateMachine( 1025): processMsg: ConnectedState
D/WifiStateMachine( 1025): processMsg: L2ConnectedState
D/WifiStateMachine( 1025): handleMessage: X
D/WifiStateMachine( 1025): handleMessage: E msg.what=131155
D/WifiStateMachine( 1025): processMsg: ConnectedState
D/WifiStateMachine( 1025): processMsg: L2ConnectedState
D/WifiStateMachine( 1025): handleMessage: X
D/dalvikvm( 7051): GC_CONCURRENT freed 7093K, 34% free 14095K/21228K, paused 8ms+6ms, total 67ms
I/ActivityManager( 1025): Process com.bambuna.podcastaddict (pid 3533) has died.
W/ActivityManager( 1025): Scheduling restart of crashed service com.bambuna.podcastaddict/.service.PodcastAddictService in 20373ms
I/ActivityManager( 1025): Start proc com.whatsapp for service com.whatsapp/.messaging.MessageService: pid=7373 uid=10107 gids={50107, 3002, 3003, 1028, 1015}
D/dalvikvm(  275): GC_EXPLICIT freed 42K, 48% free 9011K/17224K, paused 2ms+3ms, total 40ms
D/dalvikvm(  275): GC_EXPLICIT freed <1K, 48% free 9011K/17224K, paused 1ms+2ms, total 32ms
D/dalvikvm(  275): GC_EXPLICIT freed <1K, 48% free 9011K/17224K, paused 1ms+3ms, total 21ms
E/dalvikvm( 7373): Could not find class 'com.amazon.device.messaging.ADM', referenced from method com.whatsapp.App.av
W/dalvikvm( 7373): VFY: unable to resolve new-instance 1189 (Lcom/amazon/device/messaging/ADM;) in Lcom/whatsapp/App;
D/dalvikvm( 7373): VFY: replacing opcode 0x22 at 0x0000
E/dalvikvm( 7373): Could not find class 'com.amazon.device.messaging.ADM', referenced from method com.whatsapp.App.t
W/dalvikvm( 7373): VFY: unable to resolve new-instance 1189 (Lcom/amazon/device/messaging/ADM;) in Lcom/whatsapp/App;
D/dalvikvm( 7373): VFY: replacing opcode 0x22 at 0x000e
D/dalvikvm( 7373): DexOpt: unable to opt direct call 0x2075 at 0x04 in Lcom/whatsapp/App;.av
D/dalvikvm( 7373): DexOpt: unable to opt direct call 0x2075 at 0x10 in Lcom/whatsapp/App;.t
W/dalvikvm( 7373): Unable to resolve superclass of Lcom/whatsapp/adm/ADMMessageHandler; (1190)
W/dalvikvm( 7373): Link of class 'Lcom/whatsapp/adm/ADMMessageHandler;' failed
E/dalvikvm( 7373): Could not find class 'com.whatsapp.adm.ADMMessageHandler', referenced from method com.whatsapp.vw.f
W/dalvikvm( 7373): VFY: unable to resolve new-instance 2839 (Lcom/whatsapp/adm/ADMMessageHandler;) in Lcom/whatsapp/vw;
D/dalvikvm( 7373): VFY: replacing opcode 0x22 at 0x0027
W/dalvikvm( 7373): Unable to resolve superclass of Lcom/whatsapp/adm/ADMMessageHandler; (1190)
W/dalvikvm( 7373): Link of class 'Lcom/whatsapp/adm/ADMMessageHandler;' failed
E/dalvikvm( 7373): Could not find class 'com.whatsapp.adm.ADMMessageHandler', referenced from method com.whatsapp.vw.f
W/dalvikvm( 7373): VFY: unable to resolve new-instance 2839 (Lcom/whatsapp/adm/ADMMessageHandler;) in Lcom/whatsapp/vw;
D/dalvikvm( 7373): VFY: replacing opcode 0x22 at 0x0040
W/dalvikvm( 7373): Unable to resolve superclass of Lcom/whatsapp/adm/ADMMessageHandler; (1190)
W/dalvikvm( 7373): Link of class 'Lcom/whatsapp/adm/ADMMessageHandler;' failed
D/dalvikvm( 7373): DexOpt: unable to opt direct call 0x6231 at 0x2b in Lcom/whatsapp/vw;.f
W/dalvikvm( 7373): Unable to resolve superclass of Lcom/whatsapp/adm/ADMMessageHandler; (1190)
W/dalvikvm( 7373): Link of class 'Lcom/whatsapp/adm/ADMMessageHandler;' failed
D/dalvikvm( 7373): DexOpt: unable to opt direct call 0x6231 at 0x44 in Lcom/whatsapp/vw;.f
I/dalvikvm( 7373): Could not find method android.os.PowerManager.isPowerSaveMode, referenced from method com.whatsapp.BatteryReceiver.a
W/dalvikvm( 7373): VFY: unable to resolve virtual method 1506: Landroid/os/PowerManager;.isPowerSaveMode ()Z
D/dalvikvm( 7373): VFY: replacing opcode 0x6e at 0x000d
D/Event   ( 7373): No subscribers registered for event class com.whatsapp.ah3
D/Event   ( 7373): No subscribers registered for event class de.greenrobot.event.a
I/WhatsApp( 7373): LL_I W [1:main]App.java:1142 ntp update processed; device time: Thu Apr 16 19:14:32 GMT+01:00 2015 ntp time: Thu Apr 16 19:14:32 GMT+01:00 2015
D/Event   ( 7373): No subscribers registered for event class com.whatsapp.alk
D/Event   ( 7373): No subscribers registered for event class de.greenrobot.event.a
D/dalvikvm( 7373): Trying to load lib /data/app-lib/com.whatsapp-1/libvlc.so 0x41fb0b20
D/dalvikvm( 7373): Added shared lib /data/app-lib/com.whatsapp-1/libvlc.so 0x41fb0b20
D/dalvikvm( 7373): No JNI_OnLoad found in /data/app-lib/com.whatsapp-1/libvlc.so 0x41fb0b20, skipping init
D/dalvikvm( 7373): Trying to load lib /data/app-lib/com.whatsapp-1/libresample.so 0x41fb0b20
D/dalvikvm( 7373): Added shared lib /data/app-lib/com.whatsapp-1/libresample.so 0x41fb0b20
D/dalvikvm( 7373): No JNI_OnLoad found in /data/app-lib/com.whatsapp-1/libresample.so 0x41fb0b20, skipping init
D/dalvikvm( 7373): Trying to load lib /data/app-lib/com.whatsapp-1/libwhatsapp.so 0x41fb0b20
D/dalvikvm( 7373): Added shared lib /data/app-lib/com.whatsapp-1/libwhatsapp.so 0x41fb0b20
I/WhatsApp( 7373): LL_I W [1:main]Runtime.java:421 19:14:32.756 os_core_unix.c !pjlib 2.2.1 for POSIX initialized
I/WhatsApp( 7373): LL_I W [1:main]Runtime.java:421 19:14:32.763 wa_audio_dev.c !WA Audio sound library initialized
I/WhatsApp( 7373): LL_I W [1:main]Runtime.java:421 19:14:32.763          pjlib  select() I/O Queue created (0x5fe16e34)
I/WhatsApp( 7373): LL_I W [1:main]Runtime.java:421 19:14:32.764      wa_opus.c  pjmedia_codec_opus_init start
I/WhatsApp( 7373): LL_I W [1:main]Runtime.java:421 19:14:32.765      wa_opus.c  pjmedia_codec_opus_init success
D/dalvikvm( 7373): Trying to load lib /data/app-lib/com.whatsapp-1/libcurve25519.so 0x41fb0b20
D/dalvikvm( 7373): Added shared lib /data/app-lib/com.whatsapp-1/libcurve25519.so 0x41fb0b20
D/dalvikvm( 7373): No JNI_OnLoad found in /data/app-lib/com.whatsapp-1/libcurve25519.so 0x41fb0b20, skipping init
I/WhatsApp( 7373): LL_I W [1:main]WhatsAppLibLoader.java:77 native library usability testing in progress
I/WhatsApp( 7373): LL_I W [1:main]WhatsAppLibLoader.java:77 native library usability testing complete
D/WifiStateMachine( 1025): handleMessage: E msg.what=151572
D/WifiStateMachine( 1025): processMsg: ConnectedState
D/WifiStateMachine( 1025): processMsg: L2ConnectedState
D/WifiStateMachine( 1025): handleMessage: X
V/AlarmManager( 1025): sending alarm Alarm{4285ab08 type 3 com.whatsapp}
I/ActivityManager( 1025): Start proc android.process.acore for content provider com.android.providers.contacts/.ContactsProvider2: pid=7403 uid=10010 gids={50010, 3003, 1028, 1015, 1023}
I/ActivityManager( 1025): Start proc com.android.vending for service com.android.vending/com.google.android.finsky.billing.iab.InAppBillingService: pid=7418 uid=10039 gids={50039, 3003, 1028, 1015}
V/AlarmManager( 1025): sending alarm Alarm{4220b868 type 3 com.whatsapp}
D/dalvikvm( 1025): GC_EXPLICIT freed 1064K, 36% free 31241K/48208K, paused 10ms+16ms, total 170ms
I/ContactLocale( 7403): AddressBook Labels [en_GB]: [, A, B, C, D, E, F, G, H, I, J, K, L, M, N, O, P, Q, R, S, T, U, V, W, X, Y, Z, , , , , , , , , , , , , , , , , , , , , , , , , , , , , , , , , , , , , , , , , , , , , , , , , , , , , , , , , , , , , , , , , , , , , , , , , , , , , , , , , , , , , , , , , , , , , , , , , , , , , , , , , , , , , , , , , , , , , , , , , , , , , , , , , , , , , , , , , , , , , , , , , , , , , , , , , , , , , , , , , , , , , , , , , , , , , , , , , , , , , , #, ]
D/Finsky  ( 7418): [1] FinskyApp.onCreate: Initializing network with DFE https://android.clients.google.com/fdfe/
D/Finsky  ( 7418): [1] DailyHygiene.goMakeHygieneIfDirty: No need to run daily hygiene.
W/Settings( 7418): Setting download_manager_max_bytes_over_mobile has moved from android.provider.Settings.Secure to android.provider.Settings.Global.
W/Settings( 7418): Setting download_manager_recommended_max_bytes_over_mobile has moved from android.provider.Settings.Secure to android.provider.Settings.Global.
I/dalvikvm( 7418): Could not find method com.google.android.play.layout.PlayCardViewBase.setTransitionName, referenced from method com.google.android.finsky.utils.PlayCardUtils.bindCard
W/dalvikvm( 7418): VFY: unable to resolve virtual method 42705: Lcom/google/android/play/layout/PlayCardViewBase;.setTransitionName (Ljava/lang/String;)V
D/dalvikvm( 7418): VFY: replacing opcode 0x6e at 0x00d9
I/dalvikvm( 7418): Could not find method com.google.android.play.layout.PlayCardViewBase.setTransitionGroup, referenced from method com.google.android.finsky.utils.PlayCardUtils.bindCard
W/dalvikvm( 7418): VFY: unable to resolve virtual method 42704: Lcom/google/android/play/layout/PlayCardViewBase;.setTransitionGroup (Z)V
D/dalvikvm( 7418): VFY: replacing opcode 0x6e at 0x0246
