D/MobileDataStateTracker(  598): entitle: Broadcast received: ignore android.intent.action.SERVICE_STATE
D/MobileDataStateTracker(  598): null: Broadcast received: ignore android.intent.action.SERVICE_STATE
D/MobileDataStateTracker(  598): bip: Broadcast received: ignore android.intent.action.SERVICE_STATE
D/ConnectivityService(  598): handleInetConditionHoldEnd: net=1, condition=100, published condition=100
D/ConnectivityService(  598): sendStickyBroadcast: action=android.net.conn.INET_CONDITION_ACTION
D/WIFI_ICON(  820): updateConnectivity: type=1 connected=true
D/StatusBar.NetworkController(  820): dumpState[hasService=true ServiceState=0 home 3 3 27202  HSPA CSS not supported -1 -1 RoamInd=-1 DefRoamInd=-1EriInd= -1EriMode= -1RadioPowerSv: false EmergOnly=false PhoneType: 1 IsCdma=false SimState=UNKNOWN GprsState=0 DataState=Disconnected DataActivity=NONE NetworkType=HSPA HtcModemLinkOn=false HspaDataDistinquishable=true]
D/StatusBar.NetworkController(  820): dumpIconState[dataVisible=false dataIconId=stat_sys_data_connected_3g_plus signalIconId=stat_sys_5signal_2 wifiVisible=true wifiIconId=stat_sys_wifi_signal_4 airplaneMode=false]
D/MobileDataStateTracker(  598): default: Broadcast received: ACTION_ANY_DATA_CONNECTION_STATE_CHANGED mApnType=default == received apnType=default
D/MobileDataStateTracker(  598): default: Received state=DISCONNECTED, old=DISCONNECTED, reason=nwTypeChanged
D/MobileDataStateTracker(  598): default: mMobileDataState=DISCONNECTED mTeardownRequested=true got [AnyDataCSC] : type=default state=DISCONNECTED reason=nwTypeChanged apn=null roaming=false unavailable=false NetworkType=10 NetworkTypeName=HSPA entitleError=0
D/PowerManagerService(  598): acquireWakeLock(42778360): PARTIAL_WAKE_LOCK , tag=RILJ, flags=0x1, pid=968, uid=1001, mUserState=0x3
D/PowerManagerService(  598): releaseWakeLock(42778360): PARTIAL_WAKE_LOCK , tag=RILJ, flags=0x1
V/LocationManagerService(  598): getAllProviders
V/LocationManagerService(  598): getLastKnownLocation: network
V/LocationManagerService(  598): getLastKnownLocation: passive
V/LocationManagerService(  598): getLastKnownLocation: hybrid
V/LocationManagerService(  598): getLastKnownLocation: gps
V/LocationManagerService(  598): getAllProviders
V/LocationManagerService(  598): getLastKnownLocation: network
V/LocationManagerService(  598): getLastKnownLocation: passive
V/LocationManagerService(  598): getLastKnownLocation: hybrid
V/LocationManagerService(  598): getLastKnownLocation: gps
V/LocationManagerService(  598): getAllProviders
V/LocationManagerService(  598): getLastKnownLocation: network
V/LocationManagerService(  598): getLastKnownLocation: passive
V/LocationManagerService(  598): getLastKnownLocation: hybrid
V/LocationManagerService(  598): getLastKnownLocation: gps
D/Socket_Alarm( 2173): registerHTCSocketMonitorCallBack
I/ActivityManager(  598): Recipient 2016
I/ActivityManager(  598): Process com.android.vending (pid 2016) has died.
D/Socket_Alarm( 2173): set mSocketMonitor
D/Socket_Alarm( 2173): HTCSocketMonitorImpl::HTCSocketMonitorImpl
D/PowerManagerService(  598): acquireWakeLock(42863040): PARTIAL_WAKE_LOCK , tag=AlarmManager, flags=0x1, pid=598, uid=1000, mUserState=0x3
V/AlarmManager(  598): sending alarm PendingIntent{421960b8: PendingIntentRecord{42330c88 ru.mail.mailapp startService}}, intent=ru.mail.mailapp.ACTION_PUSH_TOKEN_CHECK, type=ELAPSED_REALTIME, count=20, when=226800000, repeateInterval=10800000
D/PowerManagerService(  598): releaseWakeLock(42863040): PARTIAL_WAKE_LOCK , tag=AlarmManager, flags=0x1
D/webcoreglue( 2173): netstack: Memory Cache feature is ON
D/PowerManagerService(  598): acquireWakeLock(429dd4e0): PARTIAL_WAKE_LOCK , tag=wake:ru.mail.mailapp/ru.mail.util.push.gcm.GcmProcessBroadcastService, flags=0x1, pid=2173, uid=10139, mUserState=0x3
D/PowerManagerService(  598): acquireWakeLock(42875060): PARTIAL_WAKE_LOCK , tag=SyncLoopWakeLock, flags=0x1, pid=598, uid=1000, mUserState=0x3
D/PowerManagerService(  598): acquireWakeLock(427a1e78): PARTIAL_WAKE_LOCK , tag=wake:ru.mail.mailapp/ru.mail.util.push.gcm.GcmProcessBroadcastService, flags=0x1, pid=2173, uid=10139, mUserState=0x3
D/PowerManagerService(  598): releaseWakeLock(42604bf8): PARTIAL_WAKE_LOCK , tag=GOOGLE_C2DM, flags=0x1
D/PowerManagerService(  598): acquireWakeLock(4267d2f8): PARTIAL_WAKE_LOCK , tag=*sync*_ru.mail.mailbox.content_Account {name=muw**********u, type=ru.mail}, flags=0x1, pid=598, uid=1000, mUserState=0x3
D/PowerManagerService(  598): acquireWakeLock(4266e8c0): PARTIAL_WAKE_LOCK , tag=SWITCH_NETWORK_MODE_WAKE_LOCK, flags=0x1, pid=28377, uid=10014, mUserState=0x3
D/PowerManagerService(  598): releaseWakeLock(4266e8c0): PARTIAL_WAKE_LOCK , tag=SWITCH_NETWORK_MODE_WAKE_LOCK, flags=0x1
D/PowerManagerService(  598): releaseWakeLock(429dd4e0): PARTIAL_WAKE_LOCK , tag=wake:ru.mail.mailapp/ru.mail.util.push.gcm.GcmProcessBroadcastService, flags=0x1
D/HostStatisticManager( 2173): netstack: DNS Host Prioritization is: ON, Version: 5.0.1
D/PowerManagerService(  598): releaseWakeLock(42875060): PARTIAL_WAKE_LOCK , tag=SyncLoopWakeLock, flags=0x1
D/PowerManagerService(  598): acquireWakeLock(425eea68): PARTIAL_WAKE_LOCK , tag=SyncLoopWakeLock, flags=0x1, pid=598, uid=1000, mUserState=0x3
D/        ( 2173): dl error message Cannot load library: link_image[1891]:   252 could not load needed library 'libcneapiclient.so' for 'libtcpfinaggr.so' (load_library[1093]: Library 'libcneapiclient.so' not found)
D/Socket_Pool( 2173): Failed to create TCP Fin Aggregation interface.
D/Socket_Pool( 2173): netstack: CloseUnusedSockets is ON
D/Socket_Pool( 2173): netstack: system net.statistics value: 0
D/Socket_Pool( 2173): Failed to create TCP Fin Aggregation interface.
D/Socket_Pool( 2173): netstack: CloseUnusedSockets is ON
D/Socket_Pool( 2173): netstack: system net.statistics value: 0
D/PowerManagerService(  598): releaseWakeLock(427a1e78): PARTIAL_WAKE_LOCK , tag=wake:ru.mail.mailapp/ru.mail.util.push.gcm.GcmProcessBroadcastService, flags=0x1
D/        ( 2173): external/chromium/net/http/http_getzip_factory.cc: libgetzip.so successfully loaded
D/        ( 2173): external/chromium/net/http/http_getzip_factory.cc,: GETzip initializing method was found in libgetzip.so
D/        ( 2173): netstack: Getzip is: ON, Version: 5.0.1
D/Socket_Pool( 2173): Failed to create TCP Fin Aggregation interface.
D/Socket_Pool( 2173): netstack: CloseUnusedSockets is ON
D/Socket_Pool( 2173): netstack: system net.statistics value: 0
D/Socket_Pool( 2173): Failed to create TCP Fin Aggregation interface.
D/Socket_Pool( 2173): netstack: CloseUnusedSockets is ON
D/Socket_Pool( 2173): netstack: system net.statistics value: 0
D/PowerManagerService(  598): releaseWakeLock(425eea68): PARTIAL_WAKE_LOCK , tag=SyncLoopWakeLock, flags=0x1
D/PowerManagerService(  598): acquireWakeLock(425177b8): PARTIAL_WAKE_LOCK , tag=SyncLoopWakeLock, flags=0x1, pid=598, uid=1000, mUserState=0x3
D/PowerManagerService(  598): releaseWakeLock(425177b8): PARTIAL_WAKE_LOCK , tag=SyncLoopWakeLock, flags=0x1
D/PowerManagerService(  598): acquireWakeLock(4231eb50): PARTIAL_WAKE_LOCK , tag=SyncLoopWakeLock, flags=0x1, pid=598, uid=1000, mUserState=0x3
D/PowerManagerService(  598): releaseWakeLock(4267d2f8): PARTIAL_WAKE_LOCK , tag=*sync*_ru.mail.mailbox.content_Account {name=muw**********u, type=ru.mail}, flags=0x1
D/PowerManagerService(  598): acquireWakeLock(42230d18): PARTIAL_WAKE_LOCK , tag=*sync*_ru.mail.mailbox.content_Account {name=muw**********u, type=ru.mail}, flags=0x1, pid=598, uid=1000, mUserState=0x3
D/PowerManagerService(  598): releaseWakeLock(4231eb50): PARTIAL_WAKE_LOCK , tag=SyncLoopWakeLock, flags=0x1
D/PowerManagerService(  598): acquireWakeLock(41ff6b88): PARTIAL_WAKE_LOCK , tag=SyncLoopWakeLock, flags=0x1, pid=598, uid=1000, mUserState=0x3
D/PowerManagerService(  598): releaseWakeLock(41ff6b88): PARTIAL_WAKE_LOCK , tag=SyncLoopWakeLock, flags=0x1
D/PowerManagerService(  598): acquireWakeLock(4274adc0): PARTIAL_WAKE_LOCK , tag=SyncLoopWakeLock, flags=0x1, pid=598, uid=1000, mUserState=0x3
D/PowerManagerService(  598): releaseWakeLock(42230d18): PARTIAL_WAKE_LOCK , tag=*sync*_ru.mail.mailbox.content_Account {name=muw**********u, type=ru.mail}, flags=0x1
D/PowerManagerService(  598): releaseWakeLock(4274adc0): PARTIAL_WAKE_LOCK , tag=SyncLoopWakeLock, flags=0x1
I/ActivityManager(  598): Recipient 2097
I/ActivityManager(  598): Process com.htc.task (pid 2097) has died.
D/LocationManagerService(  598): _removeUpdates: listener = Receiver{426dbdc0 Listener android.os.BinderProxy@423166d8}mUpdateRecords: {network=UpdateRecord{42763a38 mProvider: network mUid: 10014}}
I/LocationManagerService(  598): remove network (pid 28377), next minTime = 86400000
D/PowerManagerService(  598): acquireWakeLock(422124b0): PARTIAL_WAKE_LOCK , tag=NetworkLocationLocator, flags=0x1, pid=1065, uid=10017, mUserState=0x3
D/WifiService(  598): acquireWifiLockLocked: WifiLock{NetworkLocationLocator type=2 binder=android.os.BinderProxy@421b4f18}
D/WifiService(  598): updateWifiState(): wifiApEnabled: false, wifiApAirplaneMode: falsegetWifiEnabledState(): 3, getWifiApEnabledState: 11
D/WifiService(  598): updateWifiState(): mAirplaneModeOn.get(): false, mPersistWifiState.get(): 1
D/WifiService(  598): updateWifiState(): mEmergencyCallbackMode: false, mDeviceIdle: false, lockHeld: true, mStopWifiRequested:false
D/WifiService(  598): updateWifiState(): enable and start wifi
D/PowerManagerService(  598): acquireWakeLock(41e0f330): PARTIAL_WAKE_LOCK , tag=RILJ, flags=0x1, pid=968, uid=1001, mUserState=0x3
D/PowerManagerService(  598): releaseWakeLock(41e0f330): PARTIAL_WAKE_LOCK , tag=RILJ, flags=0x1
D/WifiService(  598): releaseWifiLockLocked: WifiLock{NetworkLocationLocator type=2 binder=android.os.BinderProxy@421b4f18}
D/WifiService(  598): updateWifiState(): wifiApEnabled: false, wifiApAirplaneMode: falsegetWifiEnabledState(): 3, getWifiApEnabledState: 11
D/WifiService(  598): updateWifiState(): mAirplaneModeOn.get(): false, mPersistWifiState.get(): 1
D/WifiService(  598): updateWifiState(): mEmergencyCallbackMode: false, mDeviceIdle: false, lockHeld: true, mStopWifiRequested:false
D/WifiService(  598): updateWifiState(): enable and start wifi
D/PowerManagerService(  598): releaseWakeLock(422124b0): PARTIAL_WAKE_LOCK , tag=NetworkLocationLocator, flags=0x1
D/PowerManagerService(  598): acquireWakeLock(4253d948): PARTIAL_WAKE_LOCK , tag=GpsLocationProvider, flags=0x1, pid=598, uid=1000, mUserState=0x3
V/LocationManagerService(  598): In handleLocationChangedLocked.For provider: network
D/QMI_FW  (  598): QCCI: QMI_CCI_TX: cntl_flag - 00, txn_id - 030d, msg_id - 0039, msg_len - 0021
D/QMI_FW  (  598): QCCI: Sent[258]: 40 bytes to port 2816
D/PowerManagerService(  598): releaseWakeLock(4253d948): PARTIAL_WAKE_LOCK , tag=GpsLocationProvider, flags=0x1
V/LocationManagerService(  598): In handleLocationChangedLocked.For provider: passive
D/QMI_FW  (  598): QCCI: reader_thread: Received 14 bytes from 258
D/QMI_FW  (  598): QCCI: QMI_CCI_RX: cntl_flag - 02, txn_id - 030d, msg_id - 0039, msg_len - 0007
D/QMI_FW  (  598): QCCI: reader_thread: Received 14 bytes from 258
D/QMI_FW  (  598): QCCI: QMI_CCI_RX: cntl_flag - 04, txn_id - 0000, msg_id - 0039, msg_len - 0007
D/PowerManagerService(  598): acquireWakeLock(422be5f8): PARTIAL_WAKE_LOCK , tag=LocationManagerService, flags=0x1, pid=598, uid=1000, mUserState=0x3
D/PowerManagerService(  598): releaseWakeLock(422be5f8): PARTIAL_WAKE_LOCK , tag=LocationManagerService, flags=0x1
D/PowerManagerService(  598): acquireWakeLock(4214c5e8): PARTIAL_WAKE_LOCK , tag=LocationManagerService, flags=0x1, pid=598, uid=1000, mUserState=0x3
D/PowerManagerService(  598): releaseWakeLock(4214c5e8): PARTIAL_WAKE_LOCK , tag=LocationManagerService, flags=0x1
D/PowerManagerService(  598): acquireWakeLock(429be6d8): PARTIAL_WAKE_LOCK , tag=LocationManagerService, flags=0x1, pid=598, uid=1000, mUserState=0x3
D/PowerManagerService(  598): releaseWakeLock(429be6d8): PARTIAL_WAKE_LOCK , tag=LocationManagerService, flags=0x1
D/PowerManagerService(  598): acquireWakeLock(427d62a0): PARTIAL_WAKE_LOCK , tag=AlarmManager, flags=0x1, pid=598, uid=1000, mUserState=0x3
V/AlarmManager(  598): sending alarm PendingIntent{42318340: PendingIntentRecord{42565268 nz.barees.android.cachesensedemo broadcastIntent}}, intent=null, type=RTC_WAKEUP, count=1, when=1427023200000, repeateInterval=600000
I/ActivityManager(  598): Start proc nz.barees.android.cachesensedemo for broadcast nz.barees.android.cachesensedemo/.BackupReceiver: pid=2230 uid=10175 gids={3003, 1015, 1006, 1028}
V/AlarmManager(  598): sending alarm PendingIntent{41e71340: PendingIntentRecord{41e349f0 android broadcastIntent}}, intent=android.intent.action.TIME_TICK, type=RTC, count=1, when=1427022600000, repeateInterval=0
V/AlarmManager(  598): sending alarm PendingIntent{425a3048: PendingIntentRecord{425f4860 com.whatsapp broadcastIntent}}, intent=com.whatsapp.messaging.MessageService.CLIENT_PINGER_ACTION, type=ELAPSED_REALTIME_WAKEUP, count=1, when=217926168, repeateInterval=240000
D/PowerManagerService(  598): releaseWakeLock(427d62a0): PARTIAL_WAKE_LOCK , tag=AlarmManager, flags=0x1
I/ActivityManager(  598): Recipient 1762
I/ActivityManager(  598): Process com.htc.android.worldclock (pid 1762) has died.
D/PowerManagerService(  598): acquireWakeLock(42813930): PARTIAL_WAKE_LOCK , tag=AlarmManager, flags=0x1, pid=598, uid=1000, mUserState=0x3
D/PowerManagerService(  598): acquireWakeLock(427b7638): PARTIAL_WAKE_LOCK , tag=SyncManagerHandleSyncAlarm, flags=0x1, pid=598, uid=1000, mUserState=0x3
V/AlarmManager(  598): sending alarm PendingIntent{41f20578: PendingIntentRecord{41bca4f0 android broadcastIntent}}, intent=android.content.syncmanager.SYNC_ALARM, type=ELAPSED_REALTIME_WAKEUP, count=1, when=217708435, repeateInterval=0
D/PowerManagerService(  598): releaseWakeLock(42813930): PARTIAL_WAKE_LOCK , tag=AlarmManager, flags=0x1
D/PowerManagerService(  598): acquireWakeLock(42559be0): PARTIAL_WAKE_LOCK , tag=SyncLoopWakeLock, flags=0x1, pid=598, uid=1000, mUserState=0x3
D/PowerManagerService(  598): releaseWakeLock(427b7638): PARTIAL_WAKE_LOCK , tag=SyncManagerHandleSyncAlarm, flags=0x1
D/PowerManagerService(  598): releaseWakeLock(42559be0): PARTIAL_WAKE_LOCK , tag=SyncLoopWakeLock, flags=0x1
D/TELEPHONY_CALLBACK(  820): @onSignalStrengthChanged: SignalStrength: 6 -1 -1 -1 -1 -1 -1 -1 -1 -1 2147483647 -1 gsm|lte
D/StatusBar.NetworkController(  820): dumpState[hasService=true ServiceState=0 home 3 3 27202  HSPA CSS not supported -1 -1 RoamInd=-1 DefRoamInd=-1EriInd= -1EriMode= -1RadioPowerSv: false EmergOnly=false PhoneType: 1 IsCdma=false SimState=UNKNOWN GprsState=0 DataState=Disconnected DataActivity=NONE NetworkType=HSPA HtcModemLinkOn=false HspaDataDistinquishable=true]
D/SIGNAL_ICON(  820): updateTelephonySignalStrength
D/SIGNAL_ICON(  820): fakeui srv=0 mTimerEnabled=false asu=6
D/SIGNAL_ICON(  820): asu=6
D/SIGNAL_ICON(  820): SUPPORT_5_LEVEL_SIGNAL
D/SIGNAL_ICON(  820): mapTelephonySignalStrength
D/SIGNAL_ICON(  820): maxLevel=5 asu=6 networkType=HSPA
D/SIGNAL_ICON(  820): return iconLevel=2
D/StatusBar.NetworkController(  820): dumpIconState[dataVisible=false dataIconId=stat_sys_data_connected_3g_plus signalIconId=stat_sys_5signal_2 wifiVisible=true wifiIconId=stat_sys_wifi_signal_4 airplaneMode=false]
D/PowerManagerService(  598): acquireWakeLock(427a3280): PARTIAL_WAKE_LOCK , tag=AlarmManager, flags=0x1, pid=598, uid=1000, mUserState=0x3
V/AlarmManager(  598): sending alarm PendingIntent{41f2d1e8: PendingIntentRecord{41e4ed68 com.whatsapp broadcastIntent}}, intent=com.whatsapp.alarm.CLIENT_PING_TIMEOUT, type=ELAPSED_REALTIME_WAKEUP, count=1, when=217718484, repeateInterval=0
D/PowerManagerService(  598): releaseWakeLock(427a3280): PARTIAL_WAKE_LOCK , tag=AlarmManager, flags=0x1
D/TELEPHONY_CALLBACK(  820): @onSignalStrengthChanged: SignalStrength: 6 -1 -1 -1 -1 -1 -1 -1 -1 -1 2147483647 -1 gsm|lte
D/StatusBar.NetworkController(  820): dumpState[hasService=true ServiceState=0 home 3 3 27202  HSPA CSS not supported -1 -1 RoamInd=-1 DefRoamInd=-1EriInd= -1EriMode= -1RadioPowerSv: false EmergOnly=false PhoneType: 1 IsCdma=false SimState=UNKNOWN GprsState=0 DataState=Disconnected DataActivity=NONE NetworkType=HSPA HtcModemLinkOn=false HspaDataDistinquishable=true]
D/SIGNAL_ICON(  820): updateTelephonySignalStrength
D/SIGNAL_ICON(  820): fakeui srv=0 mTimerEnabled=false asu=6
D/SIGNAL_ICON(  820): asu=6
D/SIGNAL_ICON(  820): SUPPORT_5_LEVEL_SIGNAL
D/SIGNAL_ICON(  820): mapTelephonySignalStrength
D/SIGNAL_ICON(  820): maxLevel=5 asu=6 networkType=HSPA
D/SIGNAL_ICON(  820): return iconLevel=2
D/StatusBar.NetworkController(  820): dumpIconState[dataVisible=false dataIconId=stat_sys_data_connected_3g_plus signalIconId=stat_sys_5signal_2 wifiVisible=true wifiIconId=stat_sys_wifi_signal_4 airplaneMode=false]
D/BatteryService(  598): updateBatteryStats: auto update.
D/PowerManagerService(  598): acquireWakeLock(421e5d70): PARTIAL_WAKE_LOCK , tag=BatteryServiceUpdateStats, flags=0x1, pid=598, uid=1000, mUserState=0x3
D/PowerManagerService(  598): releaseWakeLock(421e5d70): PARTIAL_WAKE_LOCK , tag=BatteryServiceUpdateStats, flags=0x1
D/BatteryService(  598): updateBatteryStats: update triggered by UEvent.
D/PowerManagerService(  598): acquireWakeLock(425c31f0): PARTIAL_WAKE_LOCK , tag=BatteryServiceUpdateStats, flags=0x1, pid=598, uid=1000, mUserState=0x3
D/WifiService(  598): ACTION_BATTERY_CHANGED pluggedType: 2
D/NotificationService(  598): mIntentReceiver() Intent.ACTION_BATTERY_CHANGED
D/PowerManagerService(  598): runHtcPowerSaverCheck ======================================
D/PowerUI (  820): closing low battery warning: level=94
D/PowerUI (  820): plugged = true, health = 2, mBatteryLevel = 94, mPluggedBatteryLevel = 64, mLowBatteryWarningLevel2 = 25, mshowLowChargingWarning2 = true
D/PowerManagerService(  598): releaseWakeLock(425c31f0): PARTIAL_WAKE_LOCK , tag=BatteryServiceUpdateStats, flags=0x1
D/TELEPHONY_CALLBACK(  820): @onSignalStrengthChanged: SignalStrength: 5 -1 -1 -1 -1 -1 -1 -1 -1 -1 2147483647 -1 gsm|lte
D/StatusBar.NetworkController(  820): dumpState[hasService=true ServiceState=0 home 3 3 27202  HSPA CSS not supported -1 -1 RoamInd=-1 DefRoamInd=-1EriInd= -1EriMode= -1RadioPowerSv: false EmergOnly=false PhoneType: 1 IsCdma=false SimState=UNKNOWN GprsState=0 DataState=Disconnected DataActivity=NONE NetworkType=HSPA HtcModemLinkOn=false HspaDataDistinquishable=true]
D/SIGNAL_ICON(  820): updateTelephonySignalStrength
D/SIGNAL_ICON(  820): fakeui srv=0 mTimerEnabled=false asu=5
D/SIGNAL_ICON(  820): asu=5
D/SIGNAL_ICON(  820): SUPPORT_5_LEVEL_SIGNAL
D/SIGNAL_ICON(  820): mapTelephonySignalStrength
D/SIGNAL_ICON(  820): maxLevel=5 asu=5 networkType=HSPA
D/SIGNAL_ICON(  820): return iconLevel=2
D/StatusBar.NetworkController(  820): dumpIconState[dataVisible=false dataIconId=stat_sys_data_connected_3g_plus signalIconId=stat_sys_5signal_2 wifiVisible=true wifiIconId=stat_sys_wifi_signal_4 airplaneMode=false]
D/PowerManagerService(  598): acquireWakeLock(428f29f0): PARTIAL_WAKE_LOCK , tag=RILJ, flags=0x1, pid=968, uid=1001, mUserState=0x3
D/PowerManagerService(  598): releaseWakeLock(428f29f0): PARTIAL_WAKE_LOCK , tag=RILJ, flags=0x1
D/PowerManagerService(  598): acquireWakeLock(427e00f0): PARTIAL_WAKE_LOCK , tag=RILJ, flags=0x1, pid=968, uid=1001, mUserState=0x3
D/PowerManagerService(  598): releaseWakeLock(427e00f0): PARTIAL_WAKE_LOCK , tag=RILJ, flags=0x1
D/PowerManagerService(  598): acquireWakeLock(426aa430): PARTIAL_WAKE_LOCK , tag=RILJ, flags=0x1, pid=968, uid=1001, mUserState=0x3
D/PowerManagerService(  598): releaseWakeLock(426aa430): PARTIAL_WAKE_LOCK , tag=RILJ, flags=0x1
D/PowerManagerService(  598): acquireWakeLock(42448be0): PARTIAL_WAKE_LOCK , tag=RILJ, flags=0x1, pid=968, uid=1001, mUserState=0x3
D/PowerManagerService(  598): releaseWakeLock(42448be0): PARTIAL_WAKE_LOCK , tag=RILJ, flags=0x1
D/PowerManagerService(  598): acquireWakeLock(423b47d0): PARTIAL_WAKE_LOCK , tag=RILJ, flags=0x1, pid=968, uid=1001, mUserState=0x3
D/PowerManagerService(  598): releaseWakeLock(423b47d0): PARTIAL_WAKE_LOCK , tag=RILJ, flags=0x1
D/PowerManagerService(  598): acquireWakeLock(421f7230): PARTIAL_WAKE_LOCK , tag=RILJ, flags=0x1, pid=968, uid=1001, mUserState=0x3
D/PowerManagerService(  598): releaseWakeLock(421f7230): PARTIAL_WAKE_LOCK , tag=RILJ, flags=0x1
D/PowerManagerService(  598): acquireWakeLock(42ad58e8): PARTIAL_WAKE_LOCK , tag=RILJ, flags=0x1, pid=968, uid=1001, mUserState=0x3
D/PowerManagerService(  598): releaseWakeLock(42ad58e8): PARTIAL_WAKE_LOCK , tag=RILJ, flags=0x1
D/PowerManagerService(  598): acquireWakeLock(429ab208): PARTIAL_WAKE_LOCK , tag=RILJ, flags=0x1, pid=968, uid=1001, mUserState=0x3
D/PowerManagerService(  598): releaseWakeLock(429ab208): PARTIAL_WAKE_LOCK , tag=RILJ, flags=0x1
D/PowerManagerService(  598): acquireWakeLock(427c9f88): PARTIAL_WAKE_LOCK , tag=RILJ, flags=0x1, pid=968, uid=1001, mUserState=0x3
D/PowerManagerService(  598): releaseWakeLock(427c9f88): PARTIAL_WAKE_LOCK , tag=RILJ, flags=0x1
D/PowerManagerService(  598): acquireWakeLock(426fc3b0): PARTIAL_WAKE_LOCK , tag=RILJ, flags=0x1, pid=968, uid=1001, mUserState=0x3
D/PowerManagerService(  598): releaseWakeLock(426fc3b0): PARTIAL_WAKE_LOCK , tag=RILJ, flags=0x1
D/PowerManagerService(  598): acquireWakeLock(426727f0): PARTIAL_WAKE_LOCK , tag=RILJ, flags=0x1, pid=968, uid=1001, mUserState=0x3
D/PowerManagerService(  598): releaseWakeLock(426727f0): PARTIAL_WAKE_LOCK , tag=RILJ, flags=0x1
D/PowerManagerService(  598): acquireWakeLock(42590870): PARTIAL_WAKE_LOCK , tag=RILJ, flags=0x1, pid=968, uid=1001, mUserState=0x3
D/PowerManagerService(  598): releaseWakeLock(42590870): PARTIAL_WAKE_LOCK , tag=RILJ, flags=0x1
D/TELEPHONY_CALLBACK(  820): @onServiceStateChanged: 0 home 3 3 27202  UMTS CSS not supported -1 -1 RoamInd=-1 DefRoamInd=-1EriInd= -1EriMode= -1RadioPowerSv: false EmergOnly=false PhoneType: 1
D/StatusBar.NetworkController(  820): dumpState[hasService=true ServiceState=0 home 3 3 27202  UMTS CSS not supported -1 -1 RoamInd=-1 DefRoamInd=-1EriInd= -1EriMode= -1RadioPowerSv: false EmergOnly=false PhoneType: 1 IsCdma=false SimState=UNKNOWN GprsState=0 DataState=Disconnected DataActivity=NONE NetworkType=HSPA HtcModemLinkOn=false HspaDataDistinquishable=true]
D/SIGNAL_ICON(  820): updateTelephonySignalStrength
D/SIGNAL_ICON(  820): fakeui srv=0 mTimerEnabled=false asu=5
D/SIGNAL_ICON(  820): asu=5
D/SIGNAL_ICON(  820): SUPPORT_5_LEVEL_SIGNAL
D/SIGNAL_ICON(  820): mapTelephonySignalStrength
D/SIGNAL_ICON(  820): maxLevel=5 asu=5 networkType=HSPA
D/SIGNAL_ICON(  820): return iconLevel=2
D/DATA_ICON(  820): updateDataNetType: networkType=HSPA
D/DATA_ICON(  820): updateDataIcon
D/DATA_ICON(  820): NOP
D/StatusBar.NetworkController(  820): dumpIconState[dataVisible=false dataIconId=stat_sys_data_connected_3g_plus signalIconId=stat_sys_5signal_2 wifiVisible=true wifiIconId=stat_sys_wifi_signal_4 airplaneMode=false]
D/MobileDataStateTracker(  598): default: Broadcast received: ignore android.intent.action.SERVICE_STATE
D/MobileDataStateTracker(  598): mms: Broadcast received: ignore android.intent.action.SERVICE_STATE
D/MobileDataStateTracker(  598): supl: Broadcast received: ignore android.intent.action.SERVICE_STATE
D/MobileDataStateTracker(  598): dun: Broadcast received: ignore android.intent.action.SERVICE_STATE
D/MobileDataStateTracker(  598): hipri: Broadcast received: ignore android.intent.action.SERVICE_STATE
I/TelephonyRegistry(  598): notifyDataConnection: state=0 isDataConnectivityPossible=true reason='nwTypeChanged' apn='null' apnType=default networkType=3 roaming=false errorCause=0preConn = []
D/TELEPHONY_CALLBACK(  820): @onDataConnectionStateChanged: dataState=0 networkType=UMTS
D/StatusBar.NetworkController(  820): dumpState[hasService=true ServiceState=0 home 3 3 27202  UMTS CSS not supported -1 -1 RoamInd=-1 DefRoamInd=-1EriInd= -1EriMode= -1RadioPowerSv: false EmergOnly=false PhoneType: 1 IsCdma=false SimState=UNKNOWN GprsState=0 DataState=Disconnected DataActivity=NONE NetworkType=UMTS HtcModemLinkOn=false HspaDataDistinquishable=true]
D/DATA_ICON(  820): updateDataNetType: networkType=UMTS
D/DATA_ICON(  820): updateDataIcon
D/DATA_ICON(  820): NOP
D/StatusBar.NetworkController(  820): dumpIconState[dataVisible=false dataIconId=stat_sys_data_connected_3g_plus signalIconId=stat_sys_5signal_2 wifiVisible=true wifiIconId=stat_sys_wifi_signal_4 airplaneMode=false]
D/MobileDataStateTracker(  598): fota: Broadcast received: ignore android.intent.action.SERVICE_STATE
D/PowerManagerService(  598): acquireWakeLock(42560ad0): PARTIAL_WAKE_LOCK , tag=RILJ, flags=0x1, pid=968, uid=1001, mUserState=0x3
D/MobileDataStateTracker(  598): ims: Broadcast received: ignore android.intent.action.SERVICE_STATE
D/PowerManagerService(  598): releaseWakeLock(42560ad0): PARTIAL_WAKE_LOCK , tag=RILJ, flags=0x1
D/PowerManagerService(  598): acquireWakeLock(42769de8): PARTIAL_WAKE_LOCK , tag=RILJ, flags=0x1, pid=968, uid=1001, mUserState=0x3
D/MobileDataStateTracker(  598): null: Broadcast received: ignore android.intent.action.SERVICE_STATE
D/PowerManagerService(  598): releaseWakeLock(42769de8): PARTIAL_WAKE_LOCK , tag=RILJ, flags=0x1
D/MobileDataStateTracker(  598): httpproxy: Broadcast received: ignore android.intent.action.SERVICE_STATE
D/MobileDataStateTracker(  598): admin: Broadcast received: ignore android.intent.action.SERVICE_STATE
D/PowerManagerService(  598): acquireWakeLock(424205e0): PARTIAL_WAKE_LOCK , tag=RILJ, flags=0x1, pid=968, uid=1001, mUserState=0x3
D/MobileDataStateTracker(  598): internet: Broadcast received: ignore android.intent.action.SERVICE_STATE
D/PowerManagerService(  598): releaseWakeLock(424205e0): PARTIAL_WAKE_LOCK , tag=RILJ, flags=0x1
D/MobileDataStateTracker(  598): null: Broadcast received: ignore android.intent.action.SERVICE_STATE
D/MobileDataStateTracker(  598): cmmail: Broadcast received: ignore android.intent.action.SERVICE_STATE
D/PowerManagerService(  598): acquireWakeLock(4266fbe8): PARTIAL_WAKE_LOCK , tag=SWITCH_NETWORK_MODE_WAKE_LOCK, flags=0x1, pid=28377, uid=10014, mUserState=0x3
D/MobileDataStateTracker(  598): null: Broadcast received: ignore android.intent.action.SERVICE_STATE
D/PowerManagerService(  598): acquireWakeLock(42890888): PARTIAL_WAKE_LOCK , tag=RILJ, flags=0x1, pid=968, uid=1001, mUserState=0x3
D/MobileDataStateTracker(  598): cmail: Broadcast received: ignore android.intent.action.SERVICE_STATE
D/PowerManagerService(  598): releaseWakeLock(42890888): PARTIAL_WAKE_LOCK , tag=RILJ, flags=0x1
D/MobileDataStateTracker(  598): entitle: Broadcast received: ignore android.intent.action.SERVICE_STATE
D/MobileDataStateTracker(  598): null: Broadcast received: ignore android.intent.action.SERVICE_STATE
D/MobileDataStateTracker(  598): bip: Broadcast received: ignore android.intent.action.SERVICE_STATE
D/MobileDataStateTracker(  598): default: Broadcast received: ACTION_ANY_DATA_CONNECTION_STATE_CHANGED mApnType=default == received apnType=default
D/MobileDataStateTracker(  598): default: Received state=DISCONNECTED, old=DISCONNECTED, reason=nwTypeChanged
D/PowerManagerService(  598): releaseWakeLock(4266fbe8): PARTIAL_WAKE_LOCK , tag=SWITCH_NETWORK_MODE_WAKE_LOCK, flags=0x1
D/MobileDataStateTracker(  598): default: mMobileDataState=DISCONNECTED mTeardownRequested=true got [AnyDataCSC] : type=default state=DISCONNECTED reason=nwTypeChanged apn=null roaming=false unavailable=false NetworkType=3 NetworkTypeName=UMTS entitleError=0
D/PowerManagerService(  598): acquireWakeLock(429b9c38): PARTIAL_WAKE_LOCK , tag=RILJ, flags=0x1, pid=968, uid=1001, mUserState=0x3
V/LocationManagerService(  598): In requestLocationUpdates. provider passiveminTime: 5000single shot: false Receiver: Receiver{426d5260 Intent PendingIntent{420dc1a8: PendingIntentRecord{42805de0 com.htc.htclocationservice startService}}}mUpdateRecords: {passive=UpdateRecord{425a7268 mProvider: passive mUid: 10014}}
D/PowerManagerService(  598): releaseWakeLock(429b9c38): PARTIAL_WAKE_LOCK , tag=RILJ, flags=0x1
V/LocationManagerService(  598): In requestLocationUpdatesLocked. provider: passive requiredPermissions: android.permission.ACCESS_FINE_LOCATION
I/LocationManagerService(  598): request passive (pid 28377) 5000 0
V/LocationManagerService(  598): [LGPS] _requestLocationUpdates: enableLocationTracking(true)
D/LocationManagerService(  598): _requestLocationUpdates: provider = passive listener = Receiver{426d5260 Intent PendingIntent{420dc1a8: PendingIntentRecord{42805de0 com.htc.htclocationservice startService}}}mUpdateRecords: {passive=UpdateRecord{42831be0 mProvider: passive mUid: 10014}}
V/LocationManagerService(  598): In requestLocationUpdates. provider networkminTime: 1000single shot: false Listener: android.location.ILocationListener$Stub$Proxy@42c13438
V/LocationManagerService(  598): In requestLocationUpdatesLocked. provider: network requiredPermissions: android.permission.ACCESS_COARSE_LOCATION
I/LocationManagerService(  598): request network (pid 28377) 1000 1000
V/LocationManagerService(  598): [LGPS] _requestLocationUpdates: enableLocationTracking(true)
D/LocationManagerService(  598): _requestLocationUpdates: provider = network listener = Receiver{41e55368 Listener android.os.BinderProxy@42bc4d58}mUpdateRecords: {network=UpdateRecord{4241afc0 mProvider: network mUid: 10014}}
D/PowerManagerService(  598): acquireWakeLock(429c47e0): PARTIAL_WAKE_LOCK , tag=NetworkLocationLocator, flags=0x1, pid=1065, uid=10017, mUserState=0x3
D/WifiService(  598): acquireWifiLockLocked: WifiLock{NetworkLocationLocator type=2 binder=android.os.BinderProxy@421b4f18}
D/WifiService(  598): updateWifiState(): wifiApEnabled: false, wifiApAirplaneMode: falsegetWifiEnabledState(): 3, getWifiApEnabledState: 11
D/WifiService(  598): updateWifiState(): mAirplaneModeOn.get(): false, mPersistWifiState.get(): 1
D/WifiService(  598): updateWifiState(): mEmergencyCallbackMode: false, mDeviceIdle: false, lockHeld: true, mStopWifiRequested:false
D/WifiService(  598): updateWifiState(): enable and start wifi
D/PowerManagerService(  598): acquireWakeLock(42a913f0): PARTIAL_WAKE_LOCK , tag=RILJ, flags=0x1, pid=968, uid=1001, mUserState=0x3
D/PowerManagerService(  598): releaseWakeLock(42a913f0): PARTIAL_WAKE_LOCK , tag=RILJ, flags=0x1
D/PowerManagerService(  598): acquireWakeLock(426f0f18): PARTIAL_WAKE_LOCK , tag=RILJ, flags=0x1, pid=968, uid=1001, mUserState=0x3
D/PowerManagerService(  598): releaseWakeLock(426f0f18): PARTIAL_WAKE_LOCK , tag=RILJ, flags=0x1
D/PowerManagerService(  598): acquireWakeLock(429a64f0): PARTIAL_WAKE_LOCK , tag=RILJ, flags=0x1, pid=968, uid=1001, mUserState=0x3
D/PowerManagerService(  598): releaseWakeLock(429a64f0): PARTIAL_WAKE_LOCK , tag=RILJ, flags=0x1
D/TELEPHONY_CALLBACK(  820): @onServiceStateChanged: 0 home 3 3 27202  HSPA CSS not supported -1 -1 RoamInd=-1 DefRoamInd=-1EriInd= -1EriMode= -1RadioPowerSv: false EmergOnly=false PhoneType: 1
D/StatusBar.NetworkController(  820): dumpState[hasService=true ServiceState=0 home 3 3 27202  HSPA CSS not supported -1 -1 RoamInd=-1 DefRoamInd=-1EriInd= -1EriMode= -1RadioPowerSv: false EmergOnly=false PhoneType: 1 IsCdma=false SimState=UNKNOWN GprsState=0 DataState=Disconnected DataActivity=NONE NetworkType=UMTS HtcModemLinkOn=false HspaDataDistinquishable=true]
D/SIGNAL_ICON(  820): updateTelephonySignalStrength
D/SIGNAL_ICON(  820): fakeui srv=0 mTimerEnabled=false asu=5
D/SIGNAL_ICON(  820): asu=5
D/SIGNAL_ICON(  820): SUPPORT_5_LEVEL_SIGNAL
D/SIGNAL_ICON(  820): mapTelephonySignalStrength
D/SIGNAL_ICON(  820): maxLevel=5 asu=5 networkType=UMTS
D/SIGNAL_ICON(  820): return iconLevel=2
D/DATA_ICON(  820): updateDataNetType: networkType=UMTS
D/DATA_ICON(  820): updateDataIcon
D/MobileDataStateTracker(  598): default: Broadcast received: ignore android.intent.action.SERVICE_STATE
I/TelephonyRegistry(  598): notifyDataConnection: state=0 isDataConnectivityPossible=true reason='nwTypeChanged' apn='null' apnType=default networkType=10 roaming=false errorCause=0preConn = []
D/DATA_ICON(  820): NOP
D/StatusBar.NetworkController(  820): dumpIconState[dataVisible=false dataIconId=stat_sys_data_connected_3g_plus signalIconId=stat_sys_5signal_2 wifiVisible=true wifiIconId=stat_sys_wifi_signal_4 airplaneMode=false]
D/TELEPHONY_CALLBACK(  820): @onDataConnectionStateChanged: dataState=0 networkType=HSPA
D/MobileDataStateTracker(  598): mms: Broadcast received: ignore android.intent.action.SERVICE_STATE
D/StatusBar.NetworkController(  820): dumpState[hasService=true ServiceState=0 home 3 3 27202  HSPA CSS not supported -1 -1 RoamInd=-1 DefRoamInd=-1EriInd= -1EriMode= -1RadioPowerSv: false EmergOnly=false PhoneType: 1 IsCdma=false SimState=UNKNOWN GprsState=0 DataState=Disconnected DataActivity=NONE NetworkType=HSPA HtcModemLinkOn=false HspaDataDistinquishable=true]
D/DATA_ICON(  820): updateDataNetType: networkType=HSPA
D/DATA_ICON(  820): updateDataIcon
D/MobileDataStateTracker(  598): supl: Broadcast received: ignore android.intent.action.SERVICE_STATE
D/DATA_ICON(  820): NOP
D/StatusBar.NetworkController(  820): dumpIconState[dataVisible=false dataIconId=stat_sys_data_connected_3g_plus signalIconId=stat_sys_5signal_2 wifiVisible=true wifiIconId=stat_sys_wifi_signal_4 airplaneMode=false]
D/PowerManagerService(  598): acquireWakeLock(42d14258): PARTIAL_WAKE_LOCK , tag=RILJ, flags=0x1, pid=968, uid=1001, mUserState=0x3
D/MobileDataStateTracker(  598): dun: Broadcast received: ignore android.intent.action.SERVICE_STATE
D/MobileDataStateTracker(  598): hipri: Broadcast received: ignore android.intent.action.SERVICE_STATE
D/MobileDataStateTracker(  598): fota: Broadcast received: ignore android.intent.action.SERVICE_STATE
D/MobileDataStateTracker(  598): ims: Broadcast received: ignore android.intent.action.SERVICE_STATE
D/MobileDataStateTracker(  598): null: Broadcast received: ignore android.intent.action.SERVICE_STATE
D/PowerManagerService(  598): releaseWakeLock(42d14258): PARTIAL_WAKE_LOCK , tag=RILJ, flags=0x1
D/MobileDataStateTracker(  598): httpproxy: Broadcast received: ignore android.intent.action.SERVICE_STATE
D/MobileDataStateTracker(  598): admin: Broadcast received: ignore android.intent.action.SERVICE_STATE
D/MobileDataStateTracker(  598): internet: Broadcast received: ignore android.intent.action.SERVICE_STATE
D/MobileDataStateTracker(  598): null: Broadcast received: ignore android.intent.action.SERVICE_STATE
D/PowerManagerService(  598): acquireWakeLock(421db190): PARTIAL_WAKE_LOCK , tag=SWITCH_NETWORK_MODE_WAKE_LOCK, flags=0x1, pid=28377, uid=10014, mUserState=0x3
D/MobileDataStateTracker(  598): cmmail: Broadcast received: ignore android.intent.action.SERVICE_STATE
D/MobileDataStateTracker(  598): null: Broadcast received: ignore android.intent.action.SERVICE_STATE
D/PowerManagerService(  598): acquireWakeLock(42798170): PARTIAL_WAKE_LOCK , tag=RILJ, flags=0x1, pid=968, uid=1001, mUserState=0x3
D/MobileDataStateTracker(  598): cmail: Broadcast received: ignore android.intent.action.SERVICE_STATE
D/MobileDataStateTracker(  598): entitle: Broadcast received: ignore android.intent.action.SERVICE_STATE
D/PowerManagerService(  598): releaseWakeLock(42798170): PARTIAL_WAKE_LOCK , tag=RILJ, flags=0x1
D/MobileDataStateTracker(  598): null: Broadcast received: ignore android.intent.action.SERVICE_STATE
D/MobileDataStateTracker(  598): bip: Broadcast received: ignore android.intent.action.SERVICE_STATE
D/MobileDataStateTracker(  598): default: Broadcast received: ACTION_ANY_DATA_CONNECTION_STATE_CHANGED mApnType=default == received apnType=default
D/PowerManagerService(  598): releaseWakeLock(421db190): PARTIAL_WAKE_LOCK , tag=SWITCH_NETWORK_MODE_WAKE_LOCK, flags=0x1
D/MobileDataStateTracker(  598): default: Received state=DISCONNECTED, old=DISCONNECTED, reason=nwTypeChanged
D/MobileDataStateTracker(  598): default: mMobileDataState=DISCONNECTED mTeardownRequested=true got [AnyDataCSC] : type=default state=DISCONNECTED reason=nwTypeChanged apn=null roaming=false unavailable=false NetworkType=10 NetworkTypeName=HSPA entitleError=0
D/PowerManagerService(  598): acquireWakeLock(42672548): PARTIAL_WAKE_LOCK , tag=GpsLocationProvider, flags=0x1, pid=598, uid=1000, mUserState=0x3
D/WifiService(  598): releaseWifiLockLocked: WifiLock{NetworkLocationLocator type=2 binder=android.os.BinderProxy@421b4f18}
D/WifiService(  598): updateWifiState(): wifiApEnabled: false, wifiApAirplaneMode: falsegetWifiEnabledState(): 3, getWifiApEnabledState: 11
D/WifiService(  598): updateWifiState(): mAirplaneModeOn.get(): false, mPersistWifiState.get(): 1
D/WifiService(  598): updateWifiState(): mEmergencyCallbackMode: false, mDeviceIdle: false, lockHeld: true, mStopWifiRequested:false
D/WifiService(  598): updateWifiState(): enable and start wifi
V/LocationManagerService(  598): In handleLocationChangedLocked.For provider: network
D/QMI_FW  (  598): QCCI: QMI_CCI_TX: cntl_flag - 00, txn_id - 030e, msg_id - 0039, msg_len - 0021
D/QMI_FW  (  598): QCCI: Sent[258]: 40 bytes to port 2816
D/PowerManagerService(  598): releaseWakeLock(42672548): PARTIAL_WAKE_LOCK , tag=GpsLocationProvider, flags=0x1
D/PowerManagerService(  598): releaseWakeLock(429c47e0): PARTIAL_WAKE_LOCK , tag=NetworkLocationLocator, flags=0x1
D/QMI_FW  (  598): QCCI: reader_thread: Received 14 bytes from 258
D/QMI_FW  (  598): QCCI: QMI_CCI_RX: cntl_flag - 02, txn_id - 030e, msg_id - 0039, msg_len - 0007
D/QMI_FW  (  598): QCCI: reader_thread: Received 14 bytes from 258
D/QMI_FW  (  598): QCCI: QMI_CCI_RX: cntl_flag - 04, txn_id - 0000, msg_id - 0039, msg_len - 0007
D/PowerManagerService(  598): acquireWakeLock(42812a98): PARTIAL_WAKE_LOCK , tag=LocationManagerService, flags=0x1, pid=598, uid=1000, mUserState=0x3
D/PowerManagerService(  598): releaseWakeLock(42812a98): PARTIAL_WAKE_LOCK , tag=LocationManagerService, flags=0x1
V/LocationManagerService(  598): In handleLocationChangedLocked.For provider: passive
D/PowerManagerService(  598): acquireWakeLock(41ea4dc0): PARTIAL_WAKE_LOCK , tag=LocationManagerService, flags=0x1, pid=598, uid=1000, mUserState=0x3
D/PowerManagerService(  598): releaseWakeLock(41ea4dc0): PARTIAL_WAKE_LOCK , tag=LocationManagerService, flags=0x1
D/PowerManagerService(  598): acquireWakeLock(426d8e00): PARTIAL_WAKE_LOCK , tag=LocationManagerService, flags=0x1, pid=598, uid=1000, mUserState=0x3
D/PowerManagerService(  598): releaseWakeLock(426d8e00): PARTIAL_WAKE_LOCK , tag=LocationManagerService, flags=0x1
D/PowerManagerService(  598): acquireWakeLock(4264c588): PARTIAL_WAKE_LOCK , tag=LocationManagerService, flags=0x1, pid=598, uid=1000, mUserState=0x3
D/PowerManagerService(  598): releaseWakeLock(4264c588): PARTIAL_WAKE_LOCK , tag=LocationManagerService, flags=0x1
D/PowerManagerService(  598): acquireWakeLock(427f7408): PARTIAL_WAKE_LOCK , tag=AlarmManager, flags=0x1, pid=598, uid=1000, mUserState=0x3
V/AlarmManager(  598): sending alarm PendingIntent{41e71340: PendingIntentRecord{41e349f0 android broadcastIntent}}, intent=android.intent.action.TIME_TICK, type=RTC, count=1, when=1427022660000, repeateInterval=0
D/PowerManagerService(  598): releaseWakeLock(427f7408): PARTIAL_WAKE_LOCK , tag=AlarmManager, flags=0x1
D/TELEPHONY_CALLBACK(  820): @onSignalStrengthChanged: SignalStrength: 5 -1 -1 -1 -1 -1 -1 -1 -1 -1 2147483647 -1 gsm|lte
D/StatusBar.NetworkController(  820): dumpState[hasService=true ServiceState=0 home 3 3 27202  HSPA CSS not supported -1 -1 RoamInd=-1 DefRoamInd=-1EriInd= -1EriMode= -1RadioPowerSv: false EmergOnly=false PhoneType: 1 IsCdma=false SimState=UNKNOWN GprsState=0 DataState=Disconnected DataActivity=NONE NetworkType=HSPA HtcModemLinkOn=false HspaDataDistinquishable=true]
D/SIGNAL_ICON(  820): updateTelephonySignalStrength
D/SIGNAL_ICON(  820): fakeui srv=0 mTimerEnabled=false asu=5
D/SIGNAL_ICON(  820): asu=5
D/SIGNAL_ICON(  820): SUPPORT_5_LEVEL_SIGNAL
D/SIGNAL_ICON(  820): mapTelephonySignalStrength
D/SIGNAL_ICON(  820): maxLevel=5 asu=5 networkType=HSPA
D/SIGNAL_ICON(  820): return iconLevel=2
D/StatusBar.NetworkController(  820): dumpIconState[dataVisible=false dataIconId=stat_sys_data_connected_3g_plus signalIconId=stat_sys_5signal_2 wifiVisible=true wifiIconId=stat_sys_wifi_signal_4 airplaneMode=false]
D/PowerManagerService(  598): acquireWakeLock(4275ac40): PARTIAL_WAKE_LOCK , tag=AlarmManager, flags=0x1, pid=598, uid=1000, mUserState=0x3
V/AlarmManager(  598): sending alarm PendingIntent{4214c6f0: PendingIntentRecord{4253b4a8 com.google.android.location broadcastIntent}}, intent=com.google.android.location.nlp.ALARM_WAKEUP_LOCATOR, type=ELAPSED_REALTIME_WAKEUP, count=1, when=217763890, repeateInterval=0
D/PowerManagerService(  598): acquireWakeLock(4251ff50): PARTIAL_WAKE_LOCK , tag=NetworkLocationCallbackRunner, flags=0x1, pid=1065, uid=10017, mUserState=0x3
D/PowerManagerService(  598): acquireWakeLock(42ce1df0): PARTIAL_WAKE_LOCK , tag=NetworkLocationLocator, flags=0x1, pid=1065, uid=10017, mUserState=0x3
D/WifiService(  598): acquireWifiLockLocked: WifiLock{NetworkLocationLocator type=2 binder=android.os.BinderProxy@421b4f18}
D/WifiService(  598): updateWifiState(): wifiApEnabled: false, wifiApAirplaneMode: falsegetWifiEnabledState(): 3, getWifiApEnabledState: 11
D/WifiService(  598): updateWifiState(): mAirplaneModeOn.get(): false, mPersistWifiState.get(): 1
D/WifiService(  598): updateWifiState(): mEmergencyCallbackMode: false, mDeviceIdle: false, lockHeld: true, mStopWifiRequested:false
D/WifiService(  598): updateWifiState(): enable and start wifi
D/PowerManagerService(  598): releaseWakeLock(4275ac40): PARTIAL_WAKE_LOCK , tag=AlarmManager, flags=0x1
D/PowerManagerService(  598): releaseWakeLock(4251ff50): PARTIAL_WAKE_LOCK , tag=NetworkLocationCallbackRunner, flags=0x1
D/PowerManagerService(  598): acquireWakeLock(42e65798): PARTIAL_WAKE_LOCK , tag=RILJ, flags=0x1, pid=968, uid=1001, mUserState=0x3
D/PowerManagerService(  598): releaseWakeLock(42e65798): PARTIAL_WAKE_LOCK , tag=RILJ, flags=0x1
D/WifiService(  598): releaseWifiLockLocked: WifiLock{NetworkLocationLocator type=2 binder=android.os.BinderProxy@421b4f18}
D/WifiService(  598): updateWifiState(): wifiApEnabled: false, wifiApAirplaneMode: falsegetWifiEnabledState(): 3, getWifiApEnabledState: 11
D/WifiService(  598): updateWifiState(): mAirplaneModeOn.get(): false, mPersistWifiState.get(): 1
D/WifiService(  598): updateWifiState(): mEmergencyCallbackMode: false, mDeviceIdle: false, lockHeld: true, mStopWifiRequested:false
D/WifiService(  598): updateWifiState(): enable and start wifi
D/PowerManagerService(  598): releaseWakeLock(42ce1df0): PARTIAL_WAKE_LOCK , tag=NetworkLocationLocator, flags=0x1
D/PowerManagerService(  598): acquireWakeLock(427b27b0): PARTIAL_WAKE_LOCK , tag=GpsLocationProvider, flags=0x1, pid=598, uid=1000, mUserState=0x3
V/LocationManagerService(  598): In handleLocationChangedLocked.For provider: network
D/QMI_FW  (  598): QCCI: QMI_CCI_TX: cntl_flag - 00, txn_id - 030f, msg_id - 0039, msg_len - 0021
D/QMI_FW  (  598): QCCI: Sent[258]: 40 bytes to port 2816
D/PowerManagerService(  598): releaseWakeLock(427b27b0): PARTIAL_WAKE_LOCK , tag=GpsLocationProvider, flags=0x1
D/PowerManagerService(  598): acquireWakeLock(42c112d0): PARTIAL_WAKE_LOCK , tag=LocationManagerService, flags=0x1, pid=598, uid=1000, mUserState=0x3
D/PowerManagerService(  598): releaseWakeLock(42c112d0): PARTIAL_WAKE_LOCK , tag=LocationManagerService, flags=0x1
V/LocationManagerService(  598): In handleLocationChangedLocked.For provider: passive
D/QMI_FW  (  598): QCCI: reader_thread: Received 14 bytes from 258
D/QMI_FW  (  598): QCCI: QMI_CCI_RX: cntl_flag - 02, txn_id - 030f, msg_id - 0039, msg_len - 0007
D/QMI_FW  (  598): QCCI: reader_thread: Received 14 bytes from 258
D/QMI_FW  (  598): QCCI: QMI_CCI_RX: cntl_flag - 04, txn_id - 0000, msg_id - 0039, msg_len - 0007
D/PowerManagerService(  598): acquireWakeLock(428e1498): PARTIAL_WAKE_LOCK , tag=LocationManagerService, flags=0x1, pid=598, uid=1000, mUserState=0x3
D/PowerManagerService(  598): releaseWakeLock(428e1498): PARTIAL_WAKE_LOCK , tag=LocationManagerService, flags=0x1
D/PowerManagerService(  598): acquireWakeLock(427c0448): PARTIAL_WAKE_LOCK , tag=LocationManagerService, flags=0x1, pid=598, uid=1000, mUserState=0x3
D/PowerManagerService(  598): releaseWakeLock(427c0448): PARTIAL_WAKE_LOCK , tag=LocationManagerService, flags=0x1
D/PowerManagerService(  598): acquireWakeLock(42c69590): PARTIAL_WAKE_LOCK , tag=LocationManagerService, flags=0x1, pid=598, uid=1000, mUserState=0x3
D/PowerManagerService(  598): releaseWakeLock(42c69590): PARTIAL_WAKE_LOCK , tag=LocationManagerService, flags=0x1
D/TELEPHONY_CALLBACK(  820): @onSignalStrengthChanged: SignalStrength: 5 -1 -1 -1 -1 -1 -1 -1 -1 -1 2147483647 -1 gsm|lte
D/StatusBar.NetworkController(  820): dumpState[hasService=true ServiceState=0 home 3 3 27202  HSPA CSS not supported -1 -1 RoamInd=-1 DefRoamInd=-1EriInd= -1EriMode= -1RadioPowerSv: false EmergOnly=false PhoneType: 1 IsCdma=false SimState=UNKNOWN GprsState=0 DataState=Disconnected DataActivity=NONE NetworkType=HSPA HtcModemLinkOn=false HspaDataDistinquishable=true]
D/SIGNAL_ICON(  820): updateTelephonySignalStrength
D/SIGNAL_ICON(  820): fakeui srv=0 mTimerEnabled=false asu=5
D/SIGNAL_ICON(  820): asu=5
D/SIGNAL_ICON(  820): SUPPORT_5_LEVEL_SIGNAL
D/SIGNAL_ICON(  820): mapTelephonySignalStrength
D/SIGNAL_ICON(  820): maxLevel=5 asu=5 networkType=HSPA
D/SIGNAL_ICON(  820): return iconLevel=2
D/StatusBar.NetworkController(  820): dumpIconState[dataVisible=false dataIconId=stat_sys_data_connected_3g_plus signalIconId=stat_sys_5signal_2 wifiVisible=true wifiIconId=stat_sys_wifi_signal_4 airplaneMode=false]
D/PowerManagerService(  598): acquireWakeLock(42c4af68): PARTIAL_WAKE_LOCK , tag=RILJ, flags=0x1, pid=968, uid=1001, mUserState=0x3
D/PowerManagerService(  598): releaseWakeLock(42c4af68): PARTIAL_WAKE_LOCK , tag=RILJ, flags=0x1
D/PowerManagerService(  598): acquireWakeLock(426dcf10): PARTIAL_WAKE_LOCK , tag=RILJ, flags=0x1, pid=968, uid=1001, mUserState=0x3
D/PowerManagerService(  598): releaseWakeLock(426dcf10): PARTIAL_WAKE_LOCK , tag=RILJ, flags=0x1
D/PowerManagerService(  598): acquireWakeLock(42915488): PARTIAL_WAKE_LOCK , tag=RILJ, flags=0x1, pid=968, uid=1001, mUserState=0x3
D/PowerManagerService(  598): releaseWakeLock(42915488): PARTIAL_WAKE_LOCK , tag=RILJ, flags=0x1
D/PowerManagerService(  598): acquireWakeLock(429d2260): PARTIAL_WAKE_LOCK , tag=RILJ, flags=0x1, pid=968, uid=1001, mUserState=0x3
D/PowerManagerService(  598): releaseWakeLock(429d2260): PARTIAL_WAKE_LOCK , tag=RILJ, flags=0x1
D/TELEPHONY_CALLBACK(  820): @onSignalStrengthChanged: SignalStrength: 7 -1 -1 -1 -1 -1 -1 -1 -1 -1 2147483647 -1 gsm|lte
D/StatusBar.NetworkController(  820): dumpState[hasService=true ServiceState=0 home 3 3 27202  HSPA CSS not supported -1 -1 RoamInd=-1 DefRoamInd=-1EriInd= -1EriMode= -1RadioPowerSv: false EmergOnly=false PhoneType: 1 IsCdma=false SimState=UNKNOWN GprsState=0 DataState=Disconnected DataActivity=NONE NetworkType=HSPA HtcModemLinkOn=false HspaDataDistinquishable=true]
D/SIGNAL_ICON(  820): updateTelephonySignalStrength
D/SIGNAL_ICON(  820): fakeui srv=0 mTimerEnabled=false asu=7
D/SIGNAL_ICON(  820): asu=7
D/SIGNAL_ICON(  820): SUPPORT_5_LEVEL_SIGNAL
D/SIGNAL_ICON(  820): mapTelephonySignalStrength
D/SIGNAL_ICON(  820): maxLevel=5 asu=7 networkType=HSPA
D/SIGNAL_ICON(  820): return iconLevel=2
D/StatusBar.NetworkController(  820): dumpIconState[dataVisible=false dataIconId=stat_sys_data_connected_3g_plus signalIconId=stat_sys_5signal_2 wifiVisible=true wifiIconId=stat_sys_wifi_signal_4 airplaneMode=false]
D/PowerManagerService(  598): acquireWakeLock(4270d2b0): PARTIAL_WAKE_LOCK , tag=RILJ, flags=0x1, pid=968, uid=1001, mUserState=0x3
D/PowerManagerService(  598): releaseWakeLock(4270d2b0): PARTIAL_WAKE_LOCK , tag=RILJ, flags=0x1
D/PowerManagerService(  598): acquireWakeLock(427fb330): PARTIAL_WAKE_LOCK , tag=RILJ, flags=0x1, pid=968, uid=1001, mUserState=0x3
D/PowerManagerService(  598): releaseWakeLock(427fb330): PARTIAL_WAKE_LOCK , tag=RILJ, flags=0x1
D/PowerManagerService(  598): acquireWakeLock(424dade8): PARTIAL_WAKE_LOCK , tag=RILJ, flags=0x1, pid=968, uid=1001, mUserState=0x3
D/PowerManagerService(  598): releaseWakeLock(424dade8): PARTIAL_WAKE_LOCK , tag=RILJ, flags=0x1
D/PowerManagerService(  598): acquireWakeLock(4262b988): PARTIAL_WAKE_LOCK , tag=AlarmManager, flags=0x1, pid=598, uid=1000, mUserState=0x3
V/AlarmManager(  598): sending alarm PendingIntent{4283a0e0: PendingIntentRecord{4253b4a8 com.google.android.location broadcastIntent}}, intent=com.google.android.location.nlp.ALARM_WAKEUP_LOCATOR, type=ELAPSED_REALTIME_WAKEUP, count=1, when=217783925, repeateInterval=0
D/PowerManagerService(  598): acquireWakeLock(426ea378): PARTIAL_WAKE_LOCK , tag=NetworkLocationCallbackRunner, flags=0x1, pid=1065, uid=10017, mUserState=0x3
D/PowerManagerService(  598): releaseWakeLock(4262b988): PARTIAL_WAKE_LOCK , tag=AlarmManager, flags=0x1
D/PowerManagerService(  598): acquireWakeLock(428a71c8): PARTIAL_WAKE_LOCK , tag=NetworkLocationLocator, flags=0x1, pid=1065, uid=10017, mUserState=0x3
D/WifiService(  598): acquireWifiLockLocked: WifiLock{NetworkLocationLocator type=2 binder=android.os.BinderProxy@421b4f18}
D/WifiService(  598): updateWifiState(): wifiApEnabled: false, wifiApAirplaneMode: falsegetWifiEnabledState(): 3, getWifiApEnabledState: 11
D/WifiService(  598): updateWifiState(): mAirplaneModeOn.get(): false, mPersistWifiState.get(): 1
D/WifiService(  598): updateWifiState(): mEmergencyCallbackMode: false, mDeviceIdle: false, lockHeld: true, mStopWifiRequested:false
D/WifiService(  598): updateWifiState(): enable and start wifi
D/PowerManagerService(  598): releaseWakeLock(426ea378): PARTIAL_WAKE_LOCK , tag=NetworkLocationCallbackRunner, flags=0x1
D/PowerManagerService(  598): acquireWakeLock(421ccff8): PARTIAL_WAKE_LOCK , tag=RILJ, flags=0x1, pid=968, uid=1001, mUserState=0x3
