W/dalvikvm(11965): VFY: unable to resolve virtual method 48479: Lcom/facebook/resources/FbResources;.getDrawable (ILandroid/content/res/Resources$Theme;)Landroid/graphics/drawable/Drawable;
D/dalvikvm(11965): VFY: replacing opcode 0x6f at 0x0031
I/ActivityManager( 1025): Start proc com.facebook.katana for content provider com.facebook.katana/.provider.orca.FbSharedPreferencesContentProvider: pid=11997 uid=10110 gids={50110, 1028, 1015, 3003}
D/WifiService( 1025): New client listening to asynchronous messages
W/dalvikvm(11997): VFY: unable to resolve static field 29078 (a) in Lcom/facebook/katana/app/WorkAppTypes;
D/dalvikvm(11997): VFY: replacing opcode 0x62 at 0x0013
W/dalvikvm(11997): VFY: unable to resolve static field 29079 (b) in Lcom/facebook/katana/app/WorkAppTypes;
D/dalvikvm(11997): VFY: replacing opcode 0x62 at 0x001d
E/dalvikvm(11997): Could not find class 'com.facebook.katana.app.WallpaperFacebookApplicationImpl', referenced from method com.facebook.katana.app.FacebookApplication.a
W/dalvikvm(11997): VFY: unable to resolve new-instance 379 (Lcom/facebook/katana/app/WallpaperFacebookApplicationImpl;) in Lcom/facebook/katana/app/FacebookApplication;
D/dalvikvm(11997): VFY: replacing opcode 0x22 at 0x00a9
D/dalvikvm(11997): DexOpt: unable to opt direct call 0x055f at 0xab in Lcom/facebook/katana/app/FacebookApplication;.a
I/ActivityManager( 1025): Start proc android.process.acore for broadcast com.android.providers.contacts/.PackageIntentReceiver: pid=12014 uid=10010 gids={50010, 3003, 1028, 1015, 1023}
I/ActivityManager( 1025): Process com.evernote.widget (pid 11947) has died.
D/CatchMeIfYouCan(11997): Process (<default>) ca: '/data/user/0/com.facebook.katana/app_cmiyc/A1657CCD543F12E66E587EE52ED9D802E22AAC4701'
D/CatchMeIfYouCan(11997): Process (<default>) fc: '/data/user/0/com.facebook.katana/app_cmiyc/A1657CCD543F12E66E587EE52ED9D802E22AAC4702'
D/CatchMeIfYouCan(11997): Process (<default>) cp: '('default', 3, 120000, silent [true], restart [false], logout [false])'
D/WifiStateMachine( 1025): handleMessage: E msg.what=151572
D/WifiStateMachine( 1025): processMsg: ConnectedState
D/WifiStateMachine( 1025): processMsg: L2ConnectedState
D/ACRA    (11997): ACRA is enabled for com.facebook.katana, intializing...
D/WifiStateMachine( 1025): handleMessage: X
D/ACRA    (11997): Looking for error files in /data/user/0/com.facebook.katana/app_acra-reports
D/ACRA    (11997): Looking for error files in /data/user/0/com.facebook.katana/app_minidumps
D/dalvikvm(11997): Trying to load lib /data/app-lib/com.facebook.katana-1/libgnustl_shared.so 0x41fba198
D/dalvikvm(11997): Added shared lib /data/app-lib/com.facebook.katana-1/libgnustl_shared.so 0x41fba198
D/dalvikvm(11997): No JNI_OnLoad found in /data/app-lib/com.facebook.katana-1/libgnustl_shared.so 0x41fba198, skipping init
D/dalvikvm(11997): Trying to load lib /data/app-lib/com.facebook.katana-1/libfb_breakpad_client.so 0x41fba198
D/dalvikvm(11997): Added shared lib /data/app-lib/com.facebook.katana-1/libfb_breakpad_client.so 0x41fba198
D/dalvikvm(11997): Trying to load lib /data/app-lib/com.facebook.katana-1/libfb_dalvik-internals.so 0x41fba198
D/dalvikvm(11997): Added shared lib /data/app-lib/com.facebook.katana-1/libfb_dalvik-internals.so 0x41fba198
V/DexLibLoader(11997): about to lock: /data/user/0/com.facebook.katana/mdex_lock
V/DexLibLoader(11997): locking /data/user/0/com.facebook.katana/mdex_lock took 0 ms
V/DexLibLoader(11997): Secondary program dex metadata: secondary-1.dex.jar.xz 15ef54b77950d1e6c1cbc3342a20571a9fd8050d secondary.dex01.Canary
V/DexLibLoader(11997): Secondary program dex metadata: secondary-2.dex.jar.xz 14bcaeed5ad488eaf139a59d22cf00efbde5948b secondary.dex02.Canary
V/DexLibLoader(11997): Secondary program dex metadata: secondary-3.dex.jar.xz e8acf246c92474061a3e0f7dafec5559e33da2c5 secondary.dex03.Canary
V/DexLibLoader(11997): Secondary program dex metadata: secondary-4.dex.jar.xz 1d7a13e77be07efb41a2c80160a9aec6fff27ad1 secondary.dex04.Canary
V/DexLibLoader(11997): Secondary program dex metadata: secondary-5.dex.jar.xz 42761fa3dedc1f1a9503bece4f2db80adf01f775 secondary.dex05.Canary
V/DexLibLoader(11997): Secondary program dex metadata: secondary-6.dex.jar.xz 1b4455e1ba1ff38a86723e24cd334fa1062519f1 secondary.dex06.Canary
V/DexLibLoader(11997): Secondary program dex metadata: secondary-7.dex.jar.xz a54de6ef97459e1e5b5c8f874a889a38965d3446 secondary.dex07.Canary
V/DexLibLoader(11997): directory "/data/user/0/com.facebook.katana/app_secondary_program_dex" contains "program-15ef54b77950d1e6c1cbc3342a20571a9fd8050d6661a1c7.dex.jar" as expected
V/DexLibLoader(11997): directory "/data/user/0/com.facebook.katana/app_secondary_program_dex" contains "program-14bcaeed5ad488eaf139a59d22cf00efbde5948b6661a1c7.dex.jar" as expected
V/DexLibLoader(11997): directory "/data/user/0/com.facebook.katana/app_secondary_program_dex" contains "program-e8acf246c92474061a3e0f7dafec5559e33da2c56661a1c7.dex.jar" as expected
V/DexLibLoader(11997): directory "/data/user/0/com.facebook.katana/app_secondary_program_dex" contains "program-1d7a13e77be07efb41a2c80160a9aec6fff27ad16661a1c7.dex.jar" as expected
V/DexLibLoader(11997): directory "/data/user/0/com.facebook.katana/app_secondary_program_dex" contains "program-42761fa3dedc1f1a9503bece4f2db80adf01f7756661a1c7.dex.jar" as expected
V/DexLibLoader(11997): directory "/data/user/0/com.facebook.katana/app_secondary_program_dex" contains "program-1b4455e1ba1ff38a86723e24cd334fa1062519f16661a1c7.dex.jar" as expected
V/DexLibLoader(11997): directory "/data/user/0/com.facebook.katana/app_secondary_program_dex" contains "program-a54de6ef97459e1e5b5c8f874a889a38965d34466661a1c7.dex.jar" as expected
D/DexLibLoader(11997): ignoring file "program-15ef54b77950d1e6c1cbc3342a20571a9fd8050d6661a1c7.dex.odex" in "/data/user/0/com.facebook.katana/app_secondary_program_dex"
D/DexLibLoader(11997): ignoring file "program-14bcaeed5ad488eaf139a59d22cf00efbde5948b6661a1c7.dex.odex" in "/data/user/0/com.facebook.katana/app_secondary_program_dex"
D/DexLibLoader(11997): ignoring file "program-e8acf246c92474061a3e0f7dafec5559e33da2c56661a1c7.dex.odex" in "/data/user/0/com.facebook.katana/app_secondary_program_dex"
D/DexLibLoader(11997): ignoring file "program-1d7a13e77be07efb41a2c80160a9aec6fff27ad16661a1c7.dex.odex" in "/data/user/0/com.facebook.katana/app_secondary_program_dex"
D/DexLibLoader(11997): ignoring file "program-42761fa3dedc1f1a9503bece4f2db80adf01f7756661a1c7.dex.odex" in "/data/user/0/com.facebook.katana/app_secondary_program_dex"
D/DexLibLoader(11997): ignoring file "program-1b4455e1ba1ff38a86723e24cd334fa1062519f16661a1c7.dex.odex" in "/data/user/0/com.facebook.katana/app_secondary_program_dex"
D/DexLibLoader(11997): ignoring file "program-a54de6ef97459e1e5b5c8f874a889a38965d34466661a1c7.dex.odex" in "/data/user/0/com.facebook.katana/app_secondary_program_dex"
D/DexLibLoader(11997): directory "/data/user/0/com.facebook.katana/app_secondary_program_dex" is valid
D/DexLibLoader(11997): ignoring file "primary_deps" in "/data/user/0/com.facebook.katana/app_secondary_program_dex_opt"
V/DexLibLoader(11997): directory "/data/user/0/com.facebook.katana/app_secondary_program_dex_opt" contains "program-15ef54b77950d1e6c1cbc3342a20571a9fd8050d6661a1c7.dex.dex" as expected
V/DexLibLoader(11997): directory "/data/user/0/com.facebook.katana/app_secondary_program_dex_opt" contains "program-14bcaeed5ad488eaf139a59d22cf00efbde5948b6661a1c7.dex.dex" as expected
V/DexLibLoader(11997): directory "/data/user/0/com.facebook.katana/app_secondary_program_dex_opt" contains "program-e8acf246c92474061a3e0f7dafec5559e33da2c56661a1c7.dex.dex" as expected
V/DexLibLoader(11997): directory "/data/user/0/com.facebook.katana/app_secondary_program_dex_opt" contains "program-1d7a13e77be07efb41a2c80160a9aec6fff27ad16661a1c7.dex.dex" as expected
V/DexLibLoader(11997): directory "/data/user/0/com.facebook.katana/app_secondary_program_dex_opt" contains "program-42761fa3dedc1f1a9503bece4f2db80adf01f7756661a1c7.dex.dex" as expected
V/DexLibLoader(11997): directory "/data/user/0/com.facebook.katana/app_secondary_program_dex_opt" contains "program-1b4455e1ba1ff38a86723e24cd334fa1062519f16661a1c7.dex.dex" as expected
V/DexLibLoader(11997): directory "/data/user/0/com.facebook.katana/app_secondary_program_dex_opt" contains "program-a54de6ef97459e1e5b5c8f874a889a38965d34466661a1c7.dex.dex" as expected
D/DexLibLoader(11997): directory "/data/user/0/com.facebook.katana/app_secondary_program_dex_opt" is valid
D/DexLibLoader(11997): loading pre-built cross-dex opt odex files
V/dalvik-internals(11997): hooked dvmResolveClass using jump ()
V/dalvik-internals(11997): hooked dvmFlushBreakpoints using jump ()
V/MultiDexClassLoader(11997): installing MultiDexClassLoader before application classloader
I/dalvikvm(11997): Could not find method dalvik.system.DexFile.loadClassBinaryName, referenced from method com.facebook.common.dextricks.DexFileLoadOld.a
W/dalvikvm(11997): VFY: unable to resolve virtual method 2073: Ldalvik/system/DexFile;.loadClassBinaryName (Ljava/lang/String;Ljava/lang/ClassLoader;)Ljava/lang/Class;
D/dalvikvm(11997): VFY: replacing opcode 0x6e at 0x0000
D/DexLibLoader(11997): released odex store lock
D/DexLibLoader(11997): DexLibLoader.loadAll took 21 ms
D/MemoryReductionHack(11997): Marked as initialized entry corresponding to path /data/app/com.facebook.katana-1.apk
D/GcOptimizer(11997): Enabled
V/dalvik-internals(11997): hooked dvmLinearAlloc using jump ()
V/dalvik-internals(11997): hooked dvmLinearRealloc using jump ()
V/dalvik-internals(11997): hooked dvmLinearFree using jump ()
V/dalvik-internals(11997): hooked dvmLinearStrdup using jump ()
V/dalvik-internals(11997): hooked dvmLinearAllocContains using jump ()
I/dalvik-internals(11997): enlarged linearalloc buffer to 33554432 bytes
D/CordovaLog(11801): file:///android_asset/www/js/app.js: Line 129 : success...
I/chromium(11801): [INFO:CONSOLE(129)] "success...", source: file:///android_asset/www/js/app.js (129)
I/ActivityManager( 1025): Start proc com.google.android.partnersetup for broadcast com.google.android.partnersetup/.RlzPingBroadcastReceiver: pid=12028 uid=10025 gids={50025, 3003}
D/WifiStateMachine( 1025): handleMessage: E msg.what=131155
D/WifiStateMachine( 1025): processMsg: ConnectedState
D/WifiStateMachine( 1025): processMsg: L2ConnectedState
D/WifiStateMachine( 1025): handleMessage: X
I/ActivityManager( 1025): Start proc com.android.vending for broadcast com.android.vending/com.google.android.finsky.receivers.PackageMonitorReceiver$RegisteredReceiver: pid=12047 uid=10039 gids={50039, 3003, 1028, 1015}
D/dalvikvm(  275): GC_EXPLICIT freed 42K, 48% free 9011K/17224K, paused 4ms+2ms, total 25ms
D/dalvikvm(  275): GC_EXPLICIT freed <1K, 48% free 9011K/17224K, paused 3ms+3ms, total 19ms
D/dalvikvm(  275): GC_EXPLICIT freed <1K, 48% free 9011K/17224K, paused 2ms+2ms, total 18ms
D/WifiService( 1025): Client connection lost with reason: 4
I/ActivityManager( 1025): Process com.facebook.katana:dash (pid 11965) has died.
W/StaticBindingVerifier(11997): Verify
I/ContactLocale(12014): AddressBook Labels [en_GB]: [, A, B, C, D, E, F, G, H, I, J, K, L, M, N, O, P, Q, R, S, T, U, V, W, X, Y, Z, , , , , , , , , , , , , , , , , , , , , , , , , , , , , , , , , , , , , , , , , , , , , , , , , , , , , , , , , , , , , , , , , , , , , , , , , , , , , , , , , , , , , , , , , , , , , , , , , , , , , , , , , , , , , , , , , , , , , , , , , , , , , , , , , , , , , , , , , , , , , , , , , , , , , , , , , , , , , , , , , , , , , , , , , , , , , , , , , , , , , , #, ]
I/dalvikvm(11997): Could not find method com.facebook.resources.FbResources.getDrawable, referenced from method com.facebook.resources.impl.DownloadedFbResources.getDrawable
W/dalvikvm(11997): VFY: unable to resolve virtual method 48479: Lcom/facebook/resources/FbResources;.getDrawable (ILandroid/content/res/Resources$Theme;)Landroid/graphics/drawable/Drawable;
D/dalvikvm(11997): VFY: replacing opcode 0x6f at 0x0031
D/dalvikvm( 1025): GC_EXPLICIT freed 2272K, 41% free 30045K/50444K, paused 5ms+20ms, total 173ms
I/ActivityManager( 1025): Process android.process.acore (pid 12014) has died.
D/WifiService( 1025): New client listening to asynchronous messages
D/Finsky  (12047): [1] FinskyApp.onCreate: Initializing network with DFE https://android.clients.google.com/fdfe/
I/SFPerfTracer(  274):      triggers: (rate: 867:355546) (256271 sw vsyncs) (819401 skipped) (15:2555487 vsyncs) (17:3201301)
D/Finsky  (12047): [1] DailyHygiene.goMakeHygieneIfDirty: No need to run daily hygiene.
W/Settings(12047): Setting download_manager_max_bytes_over_mobile has moved from android.provider.Settings.Secure to android.provider.Settings.Global.
W/Settings(12047): Setting download_manager_recommended_max_bytes_over_mobile has moved from android.provider.Settings.Secure to android.provider.Settings.Global.
I/dalvikvm(12047): Could not find method com.google.android.play.layout.PlayCardViewBase.setTransitionName, referenced from method com.google.android.finsky.utils.PlayCardUtils.bindCard
W/dalvikvm(12047): VFY: unable to resolve virtual method 42705: Lcom/google/android/play/layout/PlayCardViewBase;.setTransitionName (Ljava/lang/String;)V
D/dalvikvm(12047): VFY: replacing opcode 0x6e at 0x00d9
I/dalvikvm(12047): Could not find method com.google.android.play.layout.PlayCardViewBase.setTransitionGroup, referenced from method com.google.android.finsky.utils.PlayCardUtils.bindCard
W/dalvikvm(12047): VFY: unable to resolve virtual method 42704: Lcom/google/android/play/layout/PlayCardViewBase;.setTransitionGroup (Z)V
D/dalvikvm(12047): VFY: replacing opcode 0x6e at 0x0246
I/ActivityManager( 1025): Process com.google.android.partnersetup (pid 12028) has died.
I/dalvikvm(12047): Could not find method android.view.View.getTransitionName, referenced from method com.google.android.finsky.navigationmanager.NavigationManager.showPage
W/dalvikvm(12047): VFY: unable to resolve virtual method 9352: Landroid/view/View;.getTransitionName ()Ljava/lang/String;
D/dalvikvm(12047): VFY: replacing opcode 0x6e at 0x001a
D/Finsky  (12047): [1] 2.run: Loaded library for account: [gKXbJhL8NA2nPUzZyFpjB6tKi7U]
D/Finsky  (12047): [1] 2.run: Finished loading 1 libraries.
D/PackageBroadcastService(32741): Received broadcast action=android.intent.action.PACKAGE_ADDED and uri=co.giftmeapp.gift_me
V/AlarmManager( 1025): sending alarm Alarm{43e46e98 type 3 com.devexpert.weather}
V/AlarmManager( 1025): sending alarm Alarm{43e21838 type 2 com.whatsapp}
I/ActivityManager( 1025): Process com.android.vending (pid 12047) has died.
I/ConfigFetchService(32741): onStartCommand Intent { act=android.intent.action.PACKAGE_ADDED dat=package:co.giftmeapp.gift_me cmp=com.google.android.gms/.config.ConfigFetchService (has extras) }
I/ConfigFetchService(32741): launchTask
I/ConfigFetchService(32741): service connected
I/ActivityManager( 1025): Start proc com.google.android.apps.docs for broadcast com.google.android.apps.docs/.receivers.AppPackageAddRemoveReceiver: pid=12109 uid=10060 gids={50060, 3003, 1028, 1015}
D/ConfigFetchService(32741): ConfigApi connection successful.
V/ConfigFetchTask(32741): ConfigFetchTask getDeviceDataVersionInfo(): ABFEt1VH25QIOQG5aZuuULEsmJXZnngSFT059BtfDgEy_umiJhu1ydHCRODMaBkNuPXb_wusZ8N58yNFSgmY5-8GLVr28AXXs2SMecrNWWToFO9TrZRPslBHhXbWmlvp2nFLJUII7LpI4UShrJGIxhHG9wABIQ5xGj6AXoWTn4j5RnBWJej-hqxmigyTv16SBdCSfyN473Mrt3QjK1PBVUVM5OS_cPmYCls577bEvFCLzUlfWXVnO52c2dEDRUVOHZEDkkr_sx7hePk5gl9rXPzPv84zsknF_N9O6wzxXQjX-noEMJhWJqk
I/GoogleURLConnFactory(32741): Using platform SSLCertificateSocketFactory
D/WifiStateMachine( 1025): handleMessage: E msg.what=151572
D/WifiStateMachine( 1025): processMsg: ConnectedState
D/WifiStateMachine( 1025): processMsg: L2ConnectedState
D/WifiStateMachine( 1025): handleMessage: X
E/dalvikvm(11997): Could not find class 'org.apache.harmony.xnet.provider.jsse.OpenSSLSocketImpl', referenced from method com.facebook.ssl.openssl.check.CheckOpenSSLImplHasRequiredMethods.<clinit>
W/dalvikvm(11997): VFY: unable to resolve const-class 13808 (Lorg/apache/harmony/xnet/provider/jsse/OpenSSLSocketImpl;) in Lcom/facebook/ssl/openssl/check/CheckOpenSSLImplHasRequiredMethods;
D/dalvikvm(11997): VFY: replacing opcode 0x1c at 0x000d
E/dalvikvm(11997): Could not find class 'org.apache.harmony.xnet.provider.jsse.OpenSSLSocketFactoryImpl', referenced from method com.facebook.ssl.openssl.reflect.SSLParametersGetter.<clinit>
W/dalvikvm(11997): VFY: unable to resolve const-class 13807 (Lorg/apache/harmony/xnet/provider/jsse/OpenSSLSocketFactoryImpl;) in Lcom/facebook/ssl/openssl/reflect/SSLParametersGetter;
D/dalvikvm(11997): VFY: replacing opcode 0x1c at 0x000d
E/dalvikvm(11997): Could not find class 'org.apache.harmony.xnet.provider.jsse.SSLParametersImpl', referenced from method com.facebook.ssl.openssl.reflect.SSLParametersGetter.a
W/dalvikvm(11997): VFY: unable to resolve check-cast 13809 (Lorg/apache/harmony/xnet/provider/jsse/SSLParametersImpl;) in Lcom/facebook/ssl/openssl/reflect/SSLParametersGetter;
D/dalvikvm(11997): VFY: replacing opcode 0x1f at 0x0006
E/dalvikvm(11997): Could not find class 'org.apache.harmony.xnet.provider.jsse.SSLParametersImpl', referenced from method com.facebook.ssl.openssl.reflect.SSLSessionTimeoutSetter.<clinit>
W/dalvikvm(11997): VFY: unable to resolve const-class 13809 (Lorg/apache/harmony/xnet/provider/jsse/SSLParametersImpl;) in Lcom/facebook/ssl/openssl/reflect/SSLSessionTimeoutSetter;
D/dalvikvm(11997): VFY: replacing opcode 0x1c at 0x000d
W/dalvikvm(11997): VFY: unable to find class referenced in signature (Lorg/apache/harmony/xnet/provider/jsse/SSLParametersImpl;)
E/dalvikvm(11997): Could not find class 'org.apache.harmony.xnet.provider.jsse.ClientSessionContext', referenced from method com.facebook.ssl.openssl.reflect.SSLSessionTimeoutSetter.a
W/dalvikvm(11997): VFY: unable to resolve check-cast 13806 (Lorg/apache/harmony/xnet/provider/jsse/ClientSessionContext;) in Lcom/facebook/ssl/openssl/reflect/SSLSessionTimeoutSetter;
D/dalvikvm(11997): VFY: replacing opcode 0x1f at 0x0006
W/dalvikvm(11997): VFY: unable to find class referenced in signature (Lorg/apache/harmony/xnet/provider/jsse/SSLParametersImpl;)
W/dalvikvm(11997): Unable to resolve superclass of Lcom/facebook/ssl/openssl/TicketEnabledOpenSSLSocketImplWrapper; (11243)
W/dalvikvm(11997): Link of class 'Lcom/facebook/ssl/openssl/TicketEnabledOpenSSLSocketImplWrapper;' failed
E/dalvikvm(11997): Could not find class 'com.facebook.ssl.openssl.TicketEnabledOpenSSLSocketImplWrapper', referenced from method com.facebook.ssl.openssl.TicketEnabledOpenSSLSocketFactoryHelper.a
W/dalvikvm(11997): VFY: unable to resolve new-instance 10681 (Lcom/facebook/ssl/openssl/TicketEnabledOpenSSLSocketImplWrapper;) in Lcom/facebook/ssl/openssl/TicketEnabledOpenSSLSocketFactoryHelper;
D/dalvikvm(11997): VFY: replacing opcode 0x22 at 0x0000
W/dalvikvm(11997): Unable to resolve superclass of Lcom/facebook/ssl/openssl/TicketEnabledOpenSSLSocketImplWrapper; (11243)
W/dalvikvm(11997): Link of class 'Lcom/facebook/ssl/openssl/TicketEnabledOpenSSLSocketImplWrapper;' failed
D/dalvikvm(11997): DexOpt: unable to opt direct call 0xc22f at 0x08 in Lcom/facebook/ssl/openssl/TicketEnabledOpenSSLSocketFactoryHelper;.a
I/ConfigFetchService(32741): fetch service done; releasing wakelock
I/ConfigFetchService(32741): stopping self
D/dalvikvm(11997): Trying to load lib /data/app-lib/com.facebook.katana-1/libfbjni.so 0x41fba198
D/dalvikvm(11997): Added shared lib /data/app-lib/com.facebook.katana-1/libfbjni.so 0x41fba198
D/dalvikvm(11997): Trying to load lib /data/app-lib/com.facebook.katana-1/libcares.so 0x41fba198
I/dalvikvm(12109): Could not find method android.app.Activity.finishAfterTransition, referenced from method r.c_
W/dalvikvm(12109): VFY: unable to resolve virtual method 2773: Landroid/app/Activity;.finishAfterTransition ()V
D/dalvikvm(12109): VFY: replacing opcode 0x6e at 0x0006
D/dalvikvm(11997): Added shared lib /data/app-lib/com.facebook.katana-1/libcares.so 0x41fba198
D/dalvikvm(11997): No JNI_OnLoad found in /data/app-lib/com.facebook.katana-1/libcares.so 0x41fba198, skipping init
D/dalvikvm(11997): Trying to load lib /data/app-lib/com.facebook.katana-1/libdouble-conversion.so 0x41fba198
D/dalvikvm(11997): Added shared lib /data/app-lib/com.facebook.katana-1/libdouble-conversion.so 0x41fba198
D/dalvikvm(11997): No JNI_OnLoad found in /data/app-lib/com.facebook.katana-1/libdouble-conversion.so 0x41fba198, skipping init
D/dalvikvm(11997): Trying to load lib /data/app-lib/com.facebook.katana-1/libevent.so 0x41fba198
D/dalvikvm(11997): Added shared lib /data/app-lib/com.facebook.katana-1/libevent.so 0x41fba198
D/dalvikvm(11997): No JNI_OnLoad found in /data/app-lib/com.facebook.katana-1/libevent.so 0x41fba198, skipping init
D/dalvikvm(11997): Trying to load lib /data/app-lib/com.facebook.katana-1/libliger.so 0x41fba198
D/dalvikvm(11997): Added shared lib /data/app-lib/com.facebook.katana-1/libliger.so 0x41fba198
W/fb4a(:<default>):AbstractMqttPushService(11997): Attempt to start service that is already started
D/dalvikvm(11997): Trying to load lib /data/app-lib/com.facebook.katana-1/libheartbleed.so 0x41fba198
D/dalvikvm(11997): Added shared lib /data/app-lib/com.facebook.katana-1/libheartbleed.so 0x41fba198
W/SyncWapiModule(12109): isPlayServicesEnabled=
W/SyncWapiModule(12109): isPlayServicesEnabled=
I/ActivityManager( 1025): Start proc com.motorola.MotGallery2 for broadcast com.motorola.MotGallery2/com.android.gallery3d.app.PackagesMonitor: pid=12152 uid=10034 gids={50034, 3003, 1028, 1015}
W/GAV2    (12109): Thread[main,5,main]: Need to call initialize() and be in fallback mode to start dispatch.
I/ActivityManager( 1025): Process com.facebook.katana (pid 11997) has died.
D/WifiService( 1025): Client connection lost with reason: 4
W/ActivityManager( 1025): Scheduling restart of crashed service com.facebook.katana/com.facebook.push.mqtt.service.MqttPushService in 2810085376ms
I/ActivityManager( 1025): Start proc com.google.android.googlequicksearchbox:search for broadcast com.google.android.googlequicksearchbox/com.google.android.search.core.icingsync.IcingCorporaChangedReceiver: pid=12173 uid=10045 gids={50045, 3003, 3001, 1028, 3002, 1015}
D/WifiStateMachine( 1025): handleMessage: E msg.what=151572
D/WifiStateMachine( 1025): processMsg: ConnectedState
D/WifiStateMachine( 1025): processMsg: L2ConnectedState
D/WifiStateMachine( 1025): handleMessage: X
I/ActivityManager( 1025): Start proc com.evernote for broadcast com.evernote/.util.WidgetTracker: pid=12189 uid=10134 gids={50134, 3003, 1028, 1015}
I/UpdateIcingCorporaServi(12173): Updating corpora: APPS=co.giftmeapp.gift_me, CONTACTS=MAYBE
I/ActivityManager( 1025): Process com.motorola.MotGallery2 (pid 12152) has died.
I/MultiDex(12189): VM with version 1.6.0 does not have multidex support
I/MultiDex(12189): install
I/MultiDex(12189): MultiDexExtractor.load(/data/app/com.evernote-1.apk, false)
I/ActivityManager( 1025): Start proc com.google.android.partnersetup for content provider com.google.android.partnersetup/.RlzAppProvider: pid=12204 uid=10025 gids={50025, 3003}
I/MultiDex(12189): loading existing secondary dex files
I/MultiDex(12189): load found 0 secondary dex files
I/MultiDex(12189): install done
I/dalvikvm(12173): Could not find method android.content.pm.PackageManager.getPackageInstaller, referenced from method com.google.android.gms.common.e.p
W/dalvikvm(12173): VFY: unable to resolve virtual method 901: Landroid/content/pm/PackageManager;.getPackageInstaller ()Landroid/content/pm/PackageInstaller;
D/dalvikvm(12173): VFY: replacing opcode 0x6e at 0x000b
W/GAV2    (12109): Thread[main,5,main]: dispatch call queued.  Need to call GAServiceManager.getInstance().initialize().
I/ActivityManager( 1025): Process com.google.android.apps.docs (pid 12109) has died.
I/ActivityManager( 1025): Process com.google.android.partnersetup (pid 12204) has died.
D/EN      (12189): MemoryMapAppender.ctor()
D/EN      (12189): MemoryMapAppender.ctor-end()
I/ApplicationLogger(12173): canRun() : Opted Out
I/UpdateIcingCorporaServi(12173): UpdateCorporaTask done [took 254 ms] updated apps [took 254 ms] 
D/EN      (12189): [EvernoteProvider] - Provider+++++onCreate()
D/EN      (12189): [d] - AccountManager()::userIds=102703026
D/EN      (12189): [b] - creating new AccountInfo()::userId102703026
D/EN      (12189): [d] - AccountManager()::adding account::102703026::timcallagy
D/EN      (12189): [d] - AccountManager()::count=1
D/EN      (12189): [d] - initialized:
D/EN      (12189): [a] - getInstance()::
D/EN      (12189): [al] - Register SD Card Receiver ++++++++++++++++++++
D/EN      (12189): [al] - checkForRecentUnmount() end
D/EN      (12189): [a] - locale is set=en_GB
D/EN      (12189): [a] - isDBONSDcard()=true
I/EN      (12189): [al] - getSDCardStatus()::mounted::noStorageText=null
D/EN      (12189): [a] - isDBFileChanged()::lastFilePath in pref=/data/data/com.evernote/files/user-102703026/.external-1428259012787-Evernote.db
E/EN      (12189): [a] - isDBFileChanged()::+++++++++lastFilePath exists/data/data/com.evernote/files/user-102703026/.external-1428259012787-Evernote.db
D/EN      (12189): [a] - getInstance()::DBFile NOT Changed
D/EN      (12189): [a] - isDBONSDcard()=true
D/EN      (12189): [a] - moveToSDcard()::start::Evernote.DB_ON_SDCARD=true
D/EN      (12189): [a] - isDBONSDcard()=true
E/EN      (12189): [a] - isLastDBFileOnSDCard()::+++++++++++lastFilePath exists/data/data/com.evernote/files/user-102703026/.external-1428259012787-Evernote.db
D/EN      (12189): [a] - isDBONSDcard()=true
D/EN      (12189): [a] - getDBfilePath()::++++++++++++++++lastFilePath from preferences/data/data/com.evernote/files/user-102703026/.external-1428259012787-Evernote.db
E/EN      (12189): [a] - getDBfilePath()::++++++++++++++++lastFilePath exists/data/data/com.evernote/files/user-102703026/.external-1428259012787-Evernote.db
D/EN      (12189): [EvernoteProvider] - cleanupOldThumbnailsIfNeeded()
I/ReleaseProperties(12189): Current app is: evernote
I/ReleaseProperties(12189): propFile: release is now loaded
I/ReleaseProperties(12189): propFile: play is now loaded
I/ReleaseProperties(12189): propFile: base is now loaded
I/ReleaseProperties(12189): propFile: override is now loaded
D/MarketUtils(12189): isPackageInstalled() - com.android.vending is installed
D/MarketUtils(12189): isPackageInstalled() - com.android.vending is installed
D/MarketUtils(12189): isPackageInstalled() - com.android.vending is installed
D/MarketUtils(12189): isPackageInstalled() - com.android.vending is installed
I/ReleaseProperties(12189): ReleaseProperties: 
I/ReleaseProperties(12189):   bundleName=google-play
I/ReleaseProperties(12189):   revision=AM_702_524
I/ReleaseProperties(12189):   type=public
I/ReleaseProperties(12189):   gitHash=313f54a11431af98d659728265b72cfcf9ec527e
I/ReleaseProperties(12189):   baseSearchUri=market://search?q=
D/MarketUtils(12189): isPackageInstalled() - com.android.vending is installed
D/MarketUtils(12189): isPackageInstalled() - com.android.vending is installed
D/ReleaseProperties(12189): getReferralPersistencePath():: old=false:: path=/storage/emulated/0/.enref
I/ReleaseProperties(12189): From file referralCode=android
D/EN      (12189): [a] - isDBONSDcard()=true
D/MarketUtils(12189): isPackageInstalled() - com.android.vending is installed
D/EN      (12189): [Evernote] - VERSION_CODE: 1070243
D/MarketUtils(12189): isPackageInstalled() - com.android.vending is installed
I/dalvikvm(12189): Could not find method android.content.pm.PackageManager.getActivityBanner, referenced from method com.evernote.d.b.getActivityBanner
W/dalvikvm(12189): VFY: unable to resolve virtual method 793: Landroid/content/pm/PackageManager;.getActivityBanner (Landroid/content/ComponentName;)Landroid/graphics/drawable/Drawable;
D/dalvikvm(12189): VFY: replacing opcode 0x6e at 0x0002
I/dalvikvm(12189): Could not find method android.content.pm.PackageManager.getActivityBanner, referenced from method com.evernote.d.b.getActivityBanner
W/dalvikvm(12189): VFY: unable to resolve virtual method 794: Landroid/content/pm/PackageManager;.getActivityBanner (Landroid/content/Intent;)Landroid/graphics/drawable/Drawable;
D/dalvikvm(12189): VFY: replacing opcode 0x6e at 0x0002
I/dalvikvm(12189): Could not find method android.content.pm.PackageManager.getApplicationBanner, referenced from method com.evernote.d.b.getApplicationBanner
W/dalvikvm(12189): VFY: unable to resolve virtual method 801: Landroid/content/pm/PackageManager;.getApplicationBanner (Landroid/content/pm/ApplicationInfo;)Landroid/graphics/drawable/Drawable;
D/dalvikvm(12189): VFY: replacing opcode 0x6e at 0x0002
I/dalvikvm(12189): Could not find method android.content.pm.PackageManager.getApplicationBanner, referenced from method com.evernote.d.b.getApplicationBanner
W/dalvikvm(12189): VFY: unable to resolve virtual method 802: Landroid/content/pm/PackageManager;.getApplicationBanner (Ljava/lang/String;)Landroid/graphics/drawable/Drawable;
D/dalvikvm(12189): VFY: replacing opcode 0x6e at 0x0002
I/dalvikvm(12189): Could not find method android.content.pm.PackageManager.getLeanbackLaunchIntentForPackage, referenced from method com.evernote.d.b.getLeanbackLaunchIntentForPackage
W/dalvikvm(12189): VFY: unable to resolve virtual method 818: Landroid/content/pm/PackageManager;.getLeanbackLaunchIntentForPackage (Ljava/lang/String;)Landroid/content/Intent;
D/dalvikvm(12189): VFY: replacing opcode 0x6e at 0x0002
I/dalvikvm(12189): Could not find method android.content.pm.PackageManager.getPackageInstaller, referenced from method com.evernote.d.b.getPackageInstaller
W/dalvikvm(12189): VFY: unable to resolve virtual method 823: Landroid/content/pm/PackageManager;.getPackageInstaller ()Landroid/content/pm/PackageInstaller;
D/dalvikvm(12189): VFY: replacing opcode 0x6e at 0x0002
I/dalvikvm(12189): Could not find method android.content.pm.PackageManager.getUserBadgedDrawableForDensity, referenced from method com.evernote.d.b.getUserBadgedDrawableForDensity
W/dalvikvm(12189): VFY: unable to resolve virtual method 839: Landroid/content/pm/PackageManager;.getUserBadgedDrawableForDensity (Landroid/graphics/drawable/Drawable;Landroid/os/UserHandle;Landroid/graphics/Rect;I)Landroid/graphics/drawable/Drawable;
D/dalvikvm(12189): VFY: replacing opcode 0x6e at 0x0002
I/dalvikvm(12189): Could not find method android.content.pm.PackageManager.getUserBadgedIcon, referenced from method com.evernote.d.b.getUserBadgedIcon
W/dalvikvm(12189): VFY: unable to resolve virtual method 840: Landroid/content/pm/PackageManager;.getUserBadgedIcon (Landroid/graphics/drawable/Drawable;Landroid/os/UserHandle;)Landroid/graphics/drawable/Drawable;
D/dalvikvm(12189): VFY: replacing opcode 0x6e at 0x0002
I/dalvikvm(12189): Could not find method android.content.pm.PackageManager.getUserBadgedLabel, referenced from method com.evernote.d.b.getUserBadgedLabel
W/dalvikvm(12189): VFY: unable to resolve virtual method 841: Landroid/content/pm/PackageManager;.getUserBadgedLabel (Ljava/lang/CharSequence;Landroid/os/UserHandle;)Ljava/lang/CharSequence;
D/dalvikvm(12189): VFY: replacing opcode 0x6e at 0x0002
I/Crashlytics(12189): Initializing Crashlytics 1.1.8.10
D/MarketUtils(12189): isPackageInstalled() - com.android.vending is installed
I/SFPerfTracer(  274):      triggers: (rate: 989:40001) (compose: 0:178) (post: 0:18) (render: 58:9287) (0:589089 frames) (1:2660660)
D/SFPerfTracer(  274):        layers: (3:11) (DimLayer: 0:158)* (DimLayer: 0:60)* (FocusedStackFrame: 0:15375)* (StatusBar: 0:191298) (NavigationBar: 0:143978) (DimLayer: 0:19194)* (DimLayer: 0:2887)* (com.android.wallpaper.fall.FallWallpaper: 0:941)* (com.android.packageinstaller/com.android.packageinstaller.InstallAppProgress: 0:140)* (Starting co.giftmeapp.gift_me: 0:29)* (co.giftmeapp.gift_me/co.giftmeapp.gift_me.GiftMe: 1:109) 
D/HockeyApp(12189): Looking for exceptions in: /data/data/com.evernote/files
D/HockeyApp(12189): Current handler class = com.evernote.k
D/EN      (12189): [ee] - registered crash manager
D/EN      (12189): [c] - onApplicationStart()
D/EN      (12189): [c] - onApplicationStart() -- loader thread
D/EN      (12189): [c] - pushUserIDToDataLayer(), pushing user-id ending in 6
D/MarketUtils(12189): isPackageInstalled() - com.android.vending is installed
D/MarketUtils(12189): isPackageInstalled() - com.android.vending is installed
I/ActivityManager( 1025): Start proc com.evernote.widget for broadcast com.evernote.widget/.WidgetStateReceiver: pid=12246 uid=10135 gids={50135, 3003, 1028, 1015}
D/EN      (12189): [c] - 	loading saved values from internal storage
I/ReleaseProperties(12246): Current app is: evernoteWidget
I/ReleaseProperties(12246): propFile: release is now loaded
I/ReleaseProperties(12246): propFile: play is now loaded
I/ReleaseProperties(12246): propFile: base is now loaded
I/ReleaseProperties(12246): propFile: override is now loaded
I/ReleaseProperties(12246): ReleaseProperties: 
I/ReleaseProperties(12246):   bundleName=none
I/ReleaseProperties(12246):   revision=unknown
I/ReleaseProperties(12246):   type=development
I/ReleaseProperties(12246):   gitHash=?
I/ReleaseProperties(12246):   baseSearchUri=market://search?q=
D/ReleaseProperties(12246): getReferralPersistencePath():: old=false:: path=/storage/emulated/0/.enref
I/ReleaseProperties(12246): From file referralCode=android
I/ActivityManager( 1025): Start proc com.pixowl.thesandbox.android for broadcast com.pixowl.thesandbox.android/com.heyzap.sdk.ads.PackageAddedReceiver: pid=12263 uid=10146 gids={50146, 1028, 1015, 3003}
I/ActivityManager( 1025): Process com.google.android.googlequicksearchbox:search (pid 12173) has died.
D/WifiStateMachine( 1025): handleMessage: E msg.what=151572
D/WifiStateMachine( 1025): processMsg: ConnectedState
D/WifiStateMachine( 1025): processMsg: L2ConnectedState
D/WifiStateMachine( 1025): handleMessage: X
I/ActivityManager( 1025): Process com.evernote (pid 12189) has died.
I/ActivityManager( 1025): Start proc android.process.acore for broadcast com.android.providers.contacts/.PackageIntentReceiver: pid=12275 uid=10010 gids={50010, 3003, 1028, 1015, 1023}
D/WifiStateMachine( 1025): handleMessage: E msg.what=131155
D/WifiStateMachine( 1025): processMsg: ConnectedState
D/WifiStateMachine( 1025): processMsg: L2ConnectedState
D/WifiStateMachine( 1025): handleMessage: X
E/NetworkScheduler.SchedulerReceiver(16934): Invalid parameter app
E/NetworkScheduler.SchedulerReceiver(16934): Invalid package name : Perhaps you didn't include a PendingIntent in the extras?
D/PackageBroadcastService(32741): Received broadcast action=android.intent.action.PACKAGE_REPLACED and uri=co.giftmeapp.gift_me
I/ActivityManager( 1025): Start proc com.google.android.apps.magazines for broadcast com.google.android.apps.magazines/com.google.apps.dots.android.app.receiver.FirstInstallNotificationReceiver: pid=12294 uid=10077 gids={50077, 3003, 1028, 1015}
D/dalvikvm(32741): GC_CONCURRENT freed 1873K, 35% free 11313K/17224K, paused 4ms+5ms, total 69ms
I/ContactLocale(12275): AddressBook Labels [en_GB]: [, A, B, C, D, E, F, G, H, I, J, K, L, M, N, O, P, Q, R, S, T, U, V, W, X, Y, Z, , , , , , , , , , , , , , , , , , , , , , , , , , , , , , , , , , , , , , , , , , , , , , , , , , , , , , , , , , , , , , , , , , , , , , , , , , , , , , , , , , , , , , , , , , , , , , , , , , , , , , , , , , , , , , , , , , , , , , , , , , , , , , , , , , , , , , , , , , , , , , , , , , , , , , , , , , , , , , , , , , , , , , , , , , , , , , , , , , , , , , #, ]
I/ActivityManager( 1025): Process com.evernote.widget (pid 12246) has died.
I/dalvikvm(12294): Could not find method android.accounts.AccountManager.getPreviousName, referenced from method com.google.apps.dots.android.newsstand.auth.AccountManagerDelegate.getPreviousName
W/dalvikvm(12294): VFY: unable to resolve virtual method 7: Landroid/accounts/AccountManager;.getPreviousName (Landroid/accounts/Account;)Ljava/lang/String;
D/dalvikvm(12294): VFY: replacing opcode 0x6e at 0x0002
E/cutils  (  261): Failed to mkdirat(/storage/sdcard1/Android): Read-only file system
W/Vold    (  261): Returning OperationFailed - no handler for errno 30
W/ContextImpl(12294): Failed to ensure directory: /storage/sdcard1/Android/data/com.google.android.apps.magazines/cache
E/cutils  (  261): Failed to mkdirat(/storage/sdcard1/Android): Read-only file system
W/Vold    (  261): Returning OperationFailed - no handler for errno 30
W/ContextImpl(12294): Failed to ensure directory: /storage/sdcard1/Android/data/com.google.android.apps.magazines/files
E/cutils  (  261): Failed to mkdirat(/storage/sdcard1/Android): Read-only file system
W/Vold    (  261): Returning OperationFailed - no handler for errno 30
W/ContextImpl(12294): Failed to ensure directory: /storage/sdcard1/Android/data/com.google.android.apps.magazines/cache
E/cutils  (  261): Failed to mkdirat(/storage/sdcard1/Android): Read-only file system
W/Vold    (  261): Returning OperationFailed - no handler for errno 30
W/ContextImpl(12294): Failed to ensure directory: /storage/sdcard1/Android/data/com.google.android.apps.magazines/files
V/WebViewChromiumFactoryProvider(12294): Binding Chromium to main looper Looper (main, tid 1) {41fa9c70}
I/LibraryLoader(12294): Expected native library version number "",actual native library version number ""
I/chromium(12294): [INFO:library_loader_hooks.cc(116)] Chromium logging enabled: level = 0, default verbosity = 0
I/BrowserStartupController(12294): Initializing chromium process, renderers=0
E/AudioManagerAndroid(12294): BLUETOOTH permission is missing!
I/Adreno-EGL(12294): <qeglDrvAPI_eglInitialize:410>: EGL 1.4 QUALCOMM build: AU_LINUX_ANDROID_LNX.LA.3.5.1_RB1.04.04.02.048.018_msm8226_LNX.LA.3.5.1_RB1__release_AU ()
I/Adreno-EGL(12294): OpenGL ES Shader Compiler Version: E031.24.00.08
I/Adreno-EGL(12294): Build Date: 03/07/14 Fri
I/Adreno-EGL(12294): Local Branch: 
I/Adreno-EGL(12294): Remote Branch: quic/LNX.LA.3.5.1_RB1.1
I/Adreno-EGL(12294): Local Patches: NONE
I/Adreno-EGL(12294): Reconstruct Branch: AU_LINUX_ANDROID_LNX.LA.3.5.1_RB1.04.04.02.048.018 + f2fd134 +  NOTHING
I/Icing   (32741): Indexing D11140B64A23ADCF9607D6E17FA4854A5443BF22 from com.google.android.googlequicksearchbox
I/ActivityManager( 1025): Start proc com.google.android.googlequicksearchbox:search for content provider com.google.android.googlequicksearchbox/com.google.android.search.core.icingsync.InternalIcingCorporaProvider: pid=12347 uid=10045 gids={50045, 3003, 3001, 1028, 3002, 1015}
I/ActivityManager( 1025): Process com.pixowl.thesandbox.android (pid 12263) has died.
I/NSApplication(12294): Starting up...
I/SBar.NetworkController( 1119): refreshSignalCluster: wifi: mWifiConnected=true Wifi=zz_moto_stat_sys_wifi_signal_4_fully_wide Activity=(none) in=false out=false Accessibility="Wi-Fi signal full."
I/SBar.NetworkController( 1119): refreshSignalCluster: mobile: mHasMobileDataFeature=true DataTypeShown=(none) Activity=(none) in=false out=false Accessibility="3G"
I/ActivityManager( 1025): Start proc com.google.android.apps.cloudprint for broadcast com.google.android.apps.cloudprint/.printdialog.receivers.UpgradeBroadcastReceiver: pid=12360 uid=10058 gids={50058, 3003, 1028}
I/ActivityManager( 1025): Process android.process.acore (pid 12275) has died.
D/AudioManagerAndroid(12294): ==> onReceive: s=0, m=1, n=h2w, sb=true
D/AudioManagerAndroid(12294): reportUpdate: state=0, devices=[Speakerphone, Headset earpiece]
D/dalvikvm(  275): GC_EXPLICIT freed 42K, 48% free 9011K/17224K, paused 2ms+4ms, total 26ms
D/dalvikvm(  275): GC_EXPLICIT freed <1K, 48% free 9011K/17224K, paused 1ms+3ms, total 21ms
D/dalvikvm(  275): GC_EXPLICIT freed <1K, 48% free 9011K/17224K, paused 2ms+3ms, total 24ms
I/dalvikvm(12347): Could not find method android.content.pm.PackageManager.getPackageInstaller, referenced from method com.google.android.gms.common.e.p
W/dalvikvm(12347): VFY: unable to resolve virtual method 901: Landroid/content/pm/PackageManager;.getPackageInstaller ()Landroid/content/pm/PackageInstaller;
D/dalvikvm(12347): VFY: replacing opcode 0x6e at 0x000b
D/WifiStateMachine( 1025): handleMessage: E msg.what=151572
D/WifiStateMachine( 1025): processMsg: ConnectedState
D/WifiStateMachine( 1025): processMsg: L2ConnectedState
D/WifiStateMachine( 1025): handleMessage: X
D/dalvikvm( 1025): GC_EXPLICIT freed 785K, 41% free 29903K/50444K, paused 8ms+16ms, total 173ms
I/ActivityManager( 1025): Process com.google.android.apps.magazines (pid 12294) has died.
I/ActivityManager( 1025): Start proc com.motorola.context for broadcast com.motorola.context/.engine.mediator.MediatorReceiver: pid=12376 uid=10011 gids={50011, 3001, 3002, 3003}
I/Icing   (32741): Indexing done D11140B64A23ADCF9607D6E17FA4854A5443BF22
I/SFPerfTracer(  274):      triggers: (rate: 867:355546) (256271 sw vsyncs) (819401 skipped) (43:2555614 vsyncs) (45:3201438)
I/ActivityManager( 1025): Process com.google.android.googlequicksearchbox:search (pid 12347) has died.
I/ActivityManager( 1025): Start proc com.motorola.MotGallery2 for broadcast com.motorola.MotGallery2/com.motorola.blur.service.blur.StartupReceiver: pid=12389 uid=10034 gids={50034, 3003, 1028, 1015}
I/CCEUtils(12389): device type: OLDMOTO
I/ActivityManager( 1025): Start proc com.google.android.googlequicksearchbox:search for broadcast com.google.android.googlequicksearchbox/.GelStubAppWatcher: pid=12403 uid=10045 gids={50045, 3003, 3001, 1028, 3002, 1015}
I/ActivityManager( 1025): Start proc uk.co.economist for broadcast uk.co.economist/com.urbanairship.push.GCMPushReceiver: pid=12415 uid=10130 gids={50130, 3003, 1028, 1015}
F/ProcessStats( 1025): Starting service ServiceState{42a4cec0 com.facebook.push.mqtt.service.MqttPushService pkg=com.facebook.katana proc=42a4cec0} without owner
I/ActivityManager( 1025): Process com.google.android.apps.cloudprint (pid 12360) has died.
F/ProcessStats( 1025): Starting service ServiceState{42a4cec0 com.facebook.push.mqtt.service.MqttPushService pkg=com.facebook.katana proc=42a4cec0} without owner
I/ActivityManager( 1025): Process com.motorola.context (pid 12376) has died.
I/Economist(12415): User is not logged in
I/com.newrelic.agent.android(12415): Loaded configuration: HarvestConfiguration{collect_network_errors=true, cross_process_id='UAUCV1NACgsEVlZRBA==', data_report_period=60, data_token=[2842733, 13762828], error_limit=50, report_max_transaction_age=600, report_max_transaction_count=1000, response_body_limit=2048, server_timestamp=1417568805, stack_trace_limit=100, activity_trace_max_size=65534, activity_trace_max_report_attempts=1, activity_trace_min_utilization=0.30000001192092896, at_capture=ActivityTraceConfiguration{maxTotalTraceCount=1}}
I/com.newrelic.agent.android(12415): Application state monitor has started
I/com.newrelic.agent.android(12415): Measurement Engine initialized.
I/com.newrelic.agent.android(12415): New Relic Agent v4.178.0
I/com.newrelic.agent.android(12415): Harvester: connected
I/com.newrelic.agent.android(12415): Harvester: Sending 0 HTTP transactions.
I/com.newrelic.agent.android(12415): Harvester: Sending 0 HTTP errors.
I/com.newrelic.agent.android(12415): Harvester: Sending 0 activity traces.
I/ActivityManager( 1025): Process com.motorola.MotGallery2 (pid 12389) has died.
D/The Economist APID(12415): 6855de6b-02a2-4126-88af-261db5a37b30
I/ActivityManager( 1025): Start proc com.devexpert.weather for broadcast com.devexpert.weather/.view.WidgetWeather2x1: pid=12445 uid=10112 gids={50112, 3003, 1028, 1015}
D/WifiStateMachine( 1025): handleMessage: E msg.what=151572
D/WifiStateMachine( 1025): processMsg: ConnectedState
D/WifiStateMachine( 1025): processMsg: L2ConnectedState
D/WifiStateMachine( 1025): handleMessage: X
I/Crittercism(12415): Initializing Crittercism 5.0.6 for App ID 541be4a1d478bc3b68000001
I/ActivityManager( 1025): Process com.google.android.googlequicksearchbox:search (pid 12403) has died.
W/Crittercism(12415): Crittercism should be initialized in onCreate() of MainActivity
W/Crittercism(12415): Application context not provided. Automatic breadcrumbs will not be recorded.
I/ActivityManager( 1025): Start proc com.facebook.katana for content provider com.facebook.katana/.provider.AttributionIdProvider: pid=12477 uid=10110 gids={50110, 1028, 1015, 3003}
W/dalvikvm(12477): VFY: unable to resolve static field 29078 (a) in Lcom/facebook/katana/app/WorkAppTypes;
D/dalvikvm(12477): VFY: replacing opcode 0x62 at 0x0013
W/dalvikvm(12477): VFY: unable to resolve static field 29079 (b) in Lcom/facebook/katana/app/WorkAppTypes;
D/dalvikvm(12477): VFY: replacing opcode 0x62 at 0x001d
E/dalvikvm(12477): Could not find class 'com.facebook.katana.app.WallpaperFacebookApplicationImpl', referenced from method com.facebook.katana.app.FacebookApplication.a
W/dalvikvm(12477): VFY: unable to resolve new-instance 379 (Lcom/facebook/katana/app/WallpaperFacebookApplicationImpl;) in Lcom/facebook/katana/app/FacebookApplication;
D/dalvikvm(12477): VFY: replacing opcode 0x22 at 0x00a9
D/dalvikvm(12477): DexOpt: unable to opt direct call 0x055f at 0xab in Lcom/facebook/katana/app/FacebookApplication;.a
D/CatchMeIfYouCan(12477): Process (<default>) ca: '/data/user/0/com.facebook.katana/app_cmiyc/A1657CCD543F12E66E587EE52ED9D802E22AAC4701'
D/CatchMeIfYouCan(12477): Process (<default>) fc: '/data/user/0/com.facebook.katana/app_cmiyc/A1657CCD543F12E66E587EE52ED9D802E22AAC4702'
D/CatchMeIfYouCan(12477): Process (<default>) cp: '('default', 3, 120000, silent [true], restart [false], logout [false])'
D/ACRA    (12477): ACRA is enabled for com.facebook.katana, intializing...
D/ACRA    (12477): Looking for error files in /data/user/0/com.facebook.katana/app_acra-reports
D/ACRA    (12477): Looking for error files in /data/user/0/com.facebook.katana/app_minidumps
D/dalvikvm(12477): Trying to load lib /data/app-lib/com.facebook.katana-1/libgnustl_shared.so 0x41fb79f0
D/dalvikvm(12477): Added shared lib /data/app-lib/com.facebook.katana-1/libgnustl_shared.so 0x41fb79f0
D/dalvikvm(12477): No JNI_OnLoad found in /data/app-lib/com.facebook.katana-1/libgnustl_shared.so 0x41fb79f0, skipping init
D/dalvikvm(12477): Trying to load lib /data/app-lib/com.facebook.katana-1/libfb_breakpad_client.so 0x41fb79f0
D/dalvikvm(12477): Added shared lib /data/app-lib/com.facebook.katana-1/libfb_breakpad_client.so 0x41fb79f0
D/dalvikvm(12477): Trying to load lib /data/app-lib/com.facebook.katana-1/libfb_dalvik-internals.so 0x41fb79f0
D/dalvikvm(12477): Added shared lib /data/app-lib/com.facebook.katana-1/libfb_dalvik-internals.so 0x41fb79f0
V/DexLibLoader(12477): about to lock: /data/user/0/com.facebook.katana/mdex_lock
V/DexLibLoader(12477): locking /data/user/0/com.facebook.katana/mdex_lock took 1 ms
V/DexLibLoader(12477): Secondary program dex metadata: secondary-1.dex.jar.xz 15ef54b77950d1e6c1cbc3342a20571a9fd8050d secondary.dex01.Canary
V/DexLibLoader(12477): Secondary program dex metadata: secondary-2.dex.jar.xz 14bcaeed5ad488eaf139a59d22cf00efbde5948b secondary.dex02.Canary
V/DexLibLoader(12477): Secondary program dex metadata: secondary-3.dex.jar.xz e8acf246c92474061a3e0f7dafec5559e33da2c5 secondary.dex03.Canary
V/DexLibLoader(12477): Secondary program dex metadata: secondary-4.dex.jar.xz 1d7a13e77be07efb41a2c80160a9aec6fff27ad1 secondary.dex04.Canary
V/DexLibLoader(12477): Secondary program dex metadata: secondary-5.dex.jar.xz 42761fa3dedc1f1a9503bece4f2db80adf01f775 secondary.dex05.Canary
V/DexLibLoader(12477): Secondary program dex metadata: secondary-6.dex.jar.xz 1b4455e1ba1ff38a86723e24cd334fa1062519f1 secondary.dex06.Canary
V/DexLibLoader(12477): Secondary program dex metadata: secondary-7.dex.jar.xz a54de6ef97459e1e5b5c8f874a889a38965d3446 secondary.dex07.Canary
V/DexLibLoader(12477): directory "/data/user/0/com.facebook.katana/app_secondary_program_dex" contains "program-15ef54b77950d1e6c1cbc3342a20571a9fd8050d6661a1c7.dex.jar" as expected
V/DexLibLoader(12477): directory "/data/user/0/com.facebook.katana/app_secondary_program_dex" contains "program-14bcaeed5ad488eaf139a59d22cf00efbde5948b6661a1c7.dex.jar" as expected
V/DexLibLoader(12477): directory "/data/user/0/com.facebook.katana/app_secondary_program_dex" contains "program-e8acf246c92474061a3e0f7dafec5559e33da2c56661a1c7.dex.jar" as expected
V/DexLibLoader(12477): directory "/data/user/0/com.facebook.katana/app_secondary_program_dex" contains "program-1d7a13e77be07efb41a2c80160a9aec6fff27ad16661a1c7.dex.jar" as expected
V/DexLibLoader(12477): directory "/data/user/0/com.facebook.katana/app_secondary_program_dex" contains "program-42761fa3dedc1f1a9503bece4f2db80adf01f7756661a1c7.dex.jar" as expected
V/DexLibLoader(12477): directory "/data/user/0/com.facebook.katana/app_secondary_program_dex" contains "program-1b4455e1ba1ff38a86723e24cd334fa1062519f16661a1c7.dex.jar" as expected
V/DexLibLoader(12477): directory "/data/user/0/com.facebook.katana/app_secondary_program_dex" contains "program-a54de6ef97459e1e5b5c8f874a889a38965d34466661a1c7.dex.jar" as expected
D/DexLibLoader(12477): ignoring file "program-15ef54b77950d1e6c1cbc3342a20571a9fd8050d6661a1c7.dex.odex" in "/data/user/0/com.facebook.katana/app_secondary_program_dex"
D/DexLibLoader(12477): ignoring file "program-14bcaeed5ad488eaf139a59d22cf00efbde5948b6661a1c7.dex.odex" in "/data/user/0/com.facebook.katana/app_secondary_program_dex"
D/DexLibLoader(12477): ignoring file "program-e8acf246c92474061a3e0f7dafec5559e33da2c56661a1c7.dex.odex" in "/data/user/0/com.facebook.katana/app_secondary_program_dex"
D/DexLibLoader(12477): ignoring file "program-1d7a13e77be07efb41a2c80160a9aec6fff27ad16661a1c7.dex.odex" in "/data/user/0/com.facebook.katana/app_secondary_program_dex"
D/DexLibLoader(12477): ignoring file "program-42761fa3dedc1f1a9503bece4f2db80adf01f7756661a1c7.dex.odex" in "/data/user/0/com.facebook.katana/app_secondary_program_dex"
