W/ContextImpl( 1295): Calling a method in the system process without a qualified user: android.app.ContextImpl.sendBroadcast:1252 android.content.ContextWrapper.sendBroadcast:365 com.motorola.motocare.util.TriggerHelper$TriggerBuilder.send:76 com.motorola.motocare.internal.frameworkevents.ProcessKillTrigger.sendTrigger:147 com.motorola.motocare.internal.frameworkevents.ProcessKillTrigger.handleLmkKill:337 
W/ContextImpl( 1295): Calling a method in the system process without a qualified user: android.app.ContextImpl.sendBroadcast:1252 android.content.ContextWrapper.sendBroadcast:365 com.motorola.motocare.util.TriggerHelper$TriggerBuilder.send:76 com.motorola.motocare.internal.frameworkevents.ProcessKillTrigger.sendTrigger:147 com.motorola.motocare.internal.frameworkevents.ProcessKillTrigger.handleLmkKill:337 
W/ContextImpl( 1295): Calling a method in the system process without a qualified user: android.app.ContextImpl.sendBroadcast:1252 android.content.ContextWrapper.sendBroadcast:365 com.motorola.motocare.util.TriggerHelper$TriggerBuilder.send:76 com.motorola.motocare.internal.frameworkevents.ProcessKillTrigger.sendTrigger:147 com.motorola.motocare.internal.frameworkevents.ProcessKillTrigger.handleLmkKill:337 
W/ContextImpl( 1295): Calling a method in the system process without a qualified user: android.app.ContextImpl.sendBroadcast:1252 android.content.ContextWrapper.sendBroadcast:365 com.motorola.motocare.util.TriggerHelper$TriggerBuilder.send:76 com.motorola.motocare.internal.frameworkevents.ProcessKillTrigger.sendTrigger:147 com.motorola.motocare.internal.frameworkevents.ProcessKillTrigger.handleLmkKill:337 
W/ContextImpl( 1295): Calling a method in the system process without a qualified user: android.app.ContextImpl.sendBroadcast:1252 android.content.ContextWrapper.sendBroadcast:365 com.motorola.motocare.util.TriggerHelper$TriggerBuilder.send:76 com.motorola.motocare.internal.frameworkevents.ProcessKillTrigger.sendTrigger:147 com.motorola.motocare.internal.frameworkevents.ProcessKillTrigger.handleLmkKill:337 
W/ContextImpl( 1295): Calling a method in the system process without a qualified user: android.app.ContextImpl.sendBroadcast:1252 android.content.ContextWrapper.sendBroadcast:365 com.motorola.motocare.util.TriggerHelper$TriggerBuilder.send:76 com.motorola.motocare.internal.frameworkevents.ProcessKillTrigger.sendTrigger:147 com.motorola.motocare.internal.frameworkevents.ProcessKillTrigger.handleLmkKill:337 
W/ContextImpl( 1295): Calling a method in the system process without a qualified user: android.app.ContextImpl.sendBroadcast:1252 android.content.ContextWrapper.sendBroadcast:365 com.motorola.motocare.util.TriggerHelper$TriggerBuilder.send:76 com.motorola.motocare.internal.frameworkevents.ProcessKillTrigger.sendTrigger:147 com.motorola.motocare.internal.frameworkevents.ProcessKillTrigger.handleLmkKill:337 
W/ContextImpl( 1295): Calling a method in the system process without a qualified user: android.app.ContextImpl.sendBroadcast:1252 android.content.ContextWrapper.sendBroadcast:365 com.motorola.motocare.util.TriggerHelper$TriggerBuilder.send:76 com.motorola.motocare.internal.frameworkevents.ProcessKillTrigger.sendTrigger:147 com.motorola.motocare.internal.frameworkevents.ProcessKillTrigger.handleLmkKill:337 
W/ContextImpl( 1295): Calling a method in the system process without a qualified user: android.app.ContextImpl.sendBroadcast:1252 android.content.ContextWrapper.sendBroadcast:365 com.motorola.motocare.util.TriggerHelper$TriggerBuilder.send:76 com.motorola.motocare.internal.frameworkevents.ProcessKillTrigger.sendTrigger:147 com.motorola.motocare.internal.frameworkevents.ProcessKillTrigger.handleLmkKill:337 
W/ContextImpl( 1295): Calling a method in the system process without a qualified user: android.app.ContextImpl.sendBroadcast:1252 android.content.ContextWrapper.sendBroadcast:365 com.motorola.motocare.util.TriggerHelper$TriggerBuilder.send:76 com.motorola.motocare.internal.frameworkevents.ProcessKillTrigger.sendTrigger:147 com.motorola.motocare.internal.frameworkevents.ProcessKillTrigger.handleLmkKill:337 
W/ContextImpl( 1295): Calling a method in the system process without a qualified user: android.app.ContextImpl.sendBroadcast:1252 android.content.ContextWrapper.sendBroadcast:365 com.motorola.motocare.util.TriggerHelper$TriggerBuilder.send:76 com.motorola.motocare.internal.frameworkevents.ProcessKillTrigger.sendTrigger:147 com.motorola.motocare.internal.frameworkevents.ProcessKillTrigger.handleLmkKill:337 
W/ContextImpl( 1295): Calling a method in the system process without a qualified user: android.app.ContextImpl.sendBroadcast:1252 android.content.ContextWrapper.sendBroadcast:365 com.motorola.motocare.util.TriggerHelper$TriggerBuilder.send:76 com.motorola.motocare.internal.frameworkevents.ProcessKillTrigger.sendTrigger:147 com.motorola.motocare.internal.frameworkevents.ProcessKillTrigger.handleLmkKill:337 
W/ContextImpl( 1295): Calling a method in the system process without a qualified user: android.app.ContextImpl.sendBroadcast:1252 android.content.ContextWrapper.sendBroadcast:365 com.motorola.motocare.util.TriggerHelper$TriggerBuilder.send:76 com.motorola.motocare.internal.frameworkevents.ProcessKillTrigger.sendTrigger:147 com.motorola.motocare.internal.frameworkevents.ProcessKillTrigger.handleLmkKill:337 
W/ContextImpl( 1295): Calling a method in the system process without a qualified user: android.app.ContextImpl.sendBroadcast:1252 android.content.ContextWrapper.sendBroadcast:365 com.motorola.motocare.util.TriggerHelper$TriggerBuilder.send:76 com.motorola.motocare.internal.frameworkevents.ProcessKillTrigger.sendTrigger:147 com.motorola.motocare.internal.frameworkevents.ProcessKillTrigger.handleLmkKill:337 
W/ContextImpl( 1295): Calling a method in the system process without a qualified user: android.app.ContextImpl.sendBroadcast:1252 android.content.ContextWrapper.sendBroadcast:365 com.motorola.motocare.util.TriggerHelper$TriggerBuilder.send:76 com.motorola.motocare.internal.frameworkevents.ProcessKillTrigger.sendTrigger:147 com.motorola.motocare.internal.frameworkevents.ProcessKillTrigger.handleLmkKill:337 
W/ContextImpl( 1295): Calling a method in the system process without a qualified user: android.app.ContextImpl.sendBroadcast:1252 android.content.ContextWrapper.sendBroadcast:365 com.motorola.motocare.util.TriggerHelper$TriggerBuilder.send:76 com.motorola.motocare.internal.frameworkevents.ProcessKillTrigger.sendTrigger:147 com.motorola.motocare.internal.frameworkevents.ProcessKillTrigger.handleLmkKill:337 
W/ContextImpl( 1295): Calling a method in the system process without a qualified user: android.app.ContextImpl.sendBroadcast:1252 android.content.ContextWrapper.sendBroadcast:365 com.motorola.motocare.util.TriggerHelper$TriggerBuilder.send:76 com.motorola.motocare.internal.frameworkevents.ProcessKillTrigger.sendTrigger:147 com.motorola.motocare.internal.frameworkevents.ProcessKillTrigger.handleLmkKill:337 
W/ContextImpl( 1295): Calling a method in the system process without a qualified user: android.app.ContextImpl.sendBroadcast:1252 android.content.ContextWrapper.sendBroadcast:365 com.motorola.motocare.util.TriggerHelper$TriggerBuilder.send:76 com.motorola.motocare.internal.frameworkevents.ProcessKillTrigger.sendTrigger:147 com.motorola.motocare.internal.frameworkevents.ProcessKillTrigger.handleLmkKill:337 
W/ContextImpl( 1295): Calling a method in the system process without a qualified user: android.app.ContextImpl.sendBroadcast:1252 android.content.ContextWrapper.sendBroadcast:365 com.motorola.motocare.util.TriggerHelper$TriggerBuilder.send:76 com.motorola.motocare.internal.frameworkevents.ProcessKillTrigger.sendTrigger:147 com.motorola.motocare.internal.frameworkevents.ProcessKillTrigger.handleLmkKill:337 
W/ContextImpl( 1295): Calling a method in the system process without a qualified user: android.app.ContextImpl.sendBroadcast:1252 android.content.ContextWrapper.sendBroadcast:365 com.motorola.motocare.util.TriggerHelper$TriggerBuilder.send:76 com.motorola.motocare.internal.frameworkevents.ProcessKillTrigger.sendTrigger:147 com.motorola.motocare.internal.frameworkevents.ProcessKillTrigger.handleLmkKill:337 
W/ContextImpl( 1295): Calling a method in the system process without a qualified user: android.app.ContextImpl.sendBroadcast:1252 android.content.ContextWrapper.sendBroadcast:365 com.motorola.motocare.util.TriggerHelper$TriggerBuilder.send:76 com.motorola.motocare.internal.frameworkevents.ProcessKillTrigger.sendTrigger:147 com.motorola.motocare.internal.frameworkevents.ProcessKillTrigger.handleLmkKill:337 
W/ContextImpl( 1295): Calling a method in the system process without a qualified user: android.app.ContextImpl.sendBroadcast:1252 android.content.ContextWrapper.sendBroadcast:365 com.motorola.motocare.util.TriggerHelper$TriggerBuilder.send:76 com.motorola.motocare.internal.frameworkevents.ProcessKillTrigger.sendTrigger:147 com.motorola.motocare.internal.frameworkevents.ProcessKillTrigger.handleLmkKill:337 
W/ContextImpl( 1295): Calling a method in the system process without a qualified user: android.app.ContextImpl.sendBroadcast:1252 android.content.ContextWrapper.sendBroadcast:365 com.motorola.motocare.util.TriggerHelper$TriggerBuilder.send:76 com.motorola.motocare.internal.frameworkevents.ProcessKillTrigger.sendTrigger:147 com.motorola.motocare.internal.frameworkevents.ProcessKillTrigger.handleLmkKill:337 
W/ContextImpl( 1295): Calling a method in the system process without a qualified user: android.app.ContextImpl.sendBroadcast:1252 android.content.ContextWrapper.sendBroadcast:365 com.motorola.motocare.util.TriggerHelper$TriggerBuilder.send:76 com.motorola.motocare.internal.frameworkevents.ProcessKillTrigger.sendTrigger:147 com.motorola.motocare.internal.frameworkevents.ProcessKillTrigger.handleLmkKill:337 
W/ContextImpl( 1295): Calling a method in the system process without a qualified user: android.app.ContextImpl.sendBroadcast:1252 android.content.ContextWrapper.sendBroadcast:365 com.motorola.motocare.util.TriggerHelper$TriggerBuilder.send:76 com.motorola.motocare.internal.frameworkevents.ProcessKillTrigger.sendTrigger:147 com.motorola.motocare.internal.frameworkevents.ProcessKillTrigger.handleLmkKill:337 
W/ContextImpl( 1295): Calling a method in the system process without a qualified user: android.app.ContextImpl.sendBroadcast:1252 android.content.ContextWrapper.sendBroadcast:365 com.motorola.motocare.util.TriggerHelper$TriggerBuilder.send:76 com.motorola.motocare.internal.frameworkevents.ProcessKillTrigger.sendTrigger:147 com.motorola.motocare.internal.frameworkevents.ProcessKillTrigger.handleLmkKill:337 
W/ContextImpl( 1295): Calling a method in the system process without a qualified user: android.app.ContextImpl.sendBroadcast:1252 android.content.ContextWrapper.sendBroadcast:365 com.motorola.motocare.util.TriggerHelper$TriggerBuilder.send:76 com.motorola.motocare.internal.frameworkevents.ProcessKillTrigger.sendTrigger:147 com.motorola.motocare.internal.frameworkevents.ProcessKillTrigger.handleLmkKill:337 
W/ContextImpl( 1295): Calling a method in the system process without a qualified user: android.app.ContextImpl.sendBroadcast:1252 android.content.ContextWrapper.sendBroadcast:365 com.motorola.motocare.util.TriggerHelper$TriggerBuilder.send:76 com.motorola.motocare.internal.frameworkevents.ProcessKillTrigger.sendTrigger:147 com.motorola.motocare.internal.frameworkevents.ProcessKillTrigger.handleLmkKill:337 
W/ContextImpl( 1295): Calling a method in the system process without a qualified user: android.app.ContextImpl.sendBroadcast:1252 android.content.ContextWrapper.sendBroadcast:365 com.motorola.motocare.util.TriggerHelper$TriggerBuilder.send:76 com.motorola.motocare.internal.frameworkevents.ProcessKillTrigger.sendTrigger:147 com.motorola.motocare.internal.frameworkevents.ProcessKillTrigger.handleLmkKill:337 
W/ContextImpl( 1295): Calling a method in the system process without a qualified user: android.app.ContextImpl.sendBroadcast:1252 android.content.ContextWrapper.sendBroadcast:365 com.motorola.motocare.util.TriggerHelper$TriggerBuilder.send:76 com.motorola.motocare.internal.frameworkevents.ProcessKillTrigger.sendTrigger:147 com.motorola.motocare.internal.frameworkevents.ProcessKillTrigger.handleLmkKill:337 
W/ContextImpl( 1295): Calling a method in the system process without a qualified user: android.app.ContextImpl.sendBroadcast:1252 android.content.ContextWrapper.sendBroadcast:365 com.motorola.motocare.util.TriggerHelper$TriggerBuilder.send:76 com.motorola.motocare.internal.frameworkevents.ProcessKillTrigger.sendTrigger:147 com.motorola.motocare.internal.frameworkevents.ProcessKillTrigger.handleLmkKill:337 
W/ContextImpl( 1295): Calling a method in the system process without a qualified user: android.app.ContextImpl.sendBroadcast:1252 android.content.ContextWrapper.sendBroadcast:365 com.motorola.motocare.util.TriggerHelper$TriggerBuilder.send:76 com.motorola.motocare.internal.frameworkevents.ProcessKillTrigger.sendTrigger:147 com.motorola.motocare.internal.frameworkevents.ProcessKillTrigger.handleLmkKill:337 
W/ContextImpl( 1295): Calling a method in the system process without a qualified user: android.app.ContextImpl.sendBroadcast:1252 android.content.ContextWrapper.sendBroadcast:365 com.motorola.motocare.util.TriggerHelper$TriggerBuilder.send:76 com.motorola.motocare.internal.frameworkevents.ProcessKillTrigger.sendTrigger:147 com.motorola.motocare.internal.frameworkevents.ProcessKillTrigger.handleLmkKill:337 
D/dalvikvm( 1295): GC_EXPLICIT freed 602K, 46% free 9360K/17224K, paused 2ms+4ms, total 28ms
D/WifiStateMachine( 1025): handleMessage: E msg.what=151572
D/WifiStateMachine( 1025): processMsg: ConnectedState
D/WifiStateMachine( 1025): processMsg: L2ConnectedState
D/WifiStateMachine( 1025): handleMessage: X
D/CordovaLog(29168): file:///android_asset/www/js/ratchet.min.js: Line 10 : Uncaught SyntaxError: Failed to execute 'querySelector' on 'Document': '#friend-wishlist/10152911418808392/' is not a valid selector.
I/chromium(29168): [INFO:CONSOLE(10)] "Uncaught SyntaxError: Failed to execute 'querySelector' on 'Document': '#friend-wishlist/10152911418808392/' is not a valid selector.", source: file:///android_asset/www/js/ratchet.min.js (10)
D/WifiStateMachine( 1025): handleMessage: E msg.what=151572
D/WifiStateMachine( 1025): processMsg: ConnectedState
D/WifiStateMachine( 1025): processMsg: L2ConnectedState
D/WifiStateMachine( 1025): handleMessage: X
D/WifiStateMachine( 1025): handleMessage: E msg.what=131155
D/WifiStateMachine( 1025): processMsg: ConnectedState
D/WifiStateMachine( 1025): processMsg: L2ConnectedState
D/WifiStateMachine( 1025): handleMessage: X
D/WifiStateMachine( 1025): handleMessage: E msg.what=151572
D/WifiStateMachine( 1025): processMsg: ConnectedState
D/WifiStateMachine( 1025): processMsg: L2ConnectedState
D/Ulp_jni ( 1025): Location CB invoked
D/WifiStateMachine( 1025): handleMessage: X
D/WifiStateMachine( 1025): handleMessage: E msg.what=151572
D/WifiStateMachine( 1025): processMsg: ConnectedState
D/WifiStateMachine( 1025): processMsg: L2ConnectedState
D/WifiStateMachine( 1025): handleMessage: X
I/SFPerfTracer(  274):      triggers: (rate: 1009:414784) (303065 sw vsyncs) (962207 skipped) (90:2970258 vsyncs) (92:3726148)
I/SFPerfTracer(  274):      triggers: (rate: 1149:45725) (compose: 0:227) (post: 0:20) (render: 74:10146) (0:690719 frames) (1:3017150)
D/SFPerfTracer(  274):        layers: (3:9) (DimLayer: 0:158)* (DimLayer: 0:90)* (FocusedStackFrame: 0:18816)* (StatusBar: 0:234849) (NavigationBar: 0:178139) (DimLayer: 0:22070)* (DimLayer: 0:3849)* (com.android.wallpaper.fall.FallWallpaper: 0:50655)* (co.giftmeapp.gift_me/co.giftmeapp.gift_me.GiftMe: 1:518) 
D/WifiStateMachine( 1025): handleMessage: E msg.what=151572
D/WifiStateMachine( 1025): processMsg: ConnectedState
D/WifiStateMachine( 1025): processMsg: L2ConnectedState
D/WifiStateMachine( 1025): handleMessage: X
D/WifiStateMachine( 1025): handleMessage: E msg.what=131155
D/WifiStateMachine( 1025): processMsg: ConnectedState
D/WifiStateMachine( 1025): processMsg: L2ConnectedState
D/WifiStateMachine( 1025): handleMessage: X
I/SBar.NetworkController( 1119): onSignalStrengthsChanged SignalStrength: 4 0 -120 -160 -120 -1 -1 99 2147483647 2147483647 2147483647 2147483647 2147483647 gsm|lte 0 -108 -1 false 1 1 0 0 0 99 99 99 4 level=1
D/WifiStateMachine( 1025): handleMessage: E msg.what=151572
D/WifiStateMachine( 1025): processMsg: ConnectedState
D/WifiStateMachine( 1025): processMsg: L2ConnectedState
D/WifiStateMachine( 1025): handleMessage: X
D/WifiStateMachine( 1025): handleMessage: E msg.what=151572
D/WifiStateMachine( 1025): processMsg: ConnectedState
D/WifiStateMachine( 1025): processMsg: L2ConnectedState
D/WifiStateMachine( 1025): handleMessage: X
W/UnimplementedWebViewApi(29168): Unimplemented WebView method onKeyDown called from: android.webkit.WebView.onKeyDown(WebView.java:2178)
I/SFPerfTracer(  274):      triggers: (rate: 1149:45725) (compose: 0:227) (post: 0:20) (render: 74:10146) (0:690719 frames) (1:3017250)
D/SFPerfTracer(  274):        layers: (3:9) (DimLayer: 0:158)* (DimLayer: 0:90)* (FocusedStackFrame: 0:18816)* (StatusBar: 0:234855) (NavigationBar: 1:178154) (DimLayer: 0:22070)* (DimLayer: 0:3849)* (com.android.wallpaper.fall.FallWallpaper: 0:50655)* (co.giftmeapp.gift_me/co.giftmeapp.gift_me.GiftMe: 1:609) 
D/WifiStateMachine( 1025): handleMessage: E msg.what=151572
D/WifiStateMachine( 1025): processMsg: ConnectedState
D/WifiStateMachine( 1025): processMsg: L2ConnectedState
D/WifiStateMachine( 1025): handleMessage: X
I/SBar.NetworkController( 1119): onSignalStrengthsChanged SignalStrength: 5 0 -120 -160 -120 -1 -1 99 2147483647 2147483647 2147483647 2147483647 2147483647 gsm|lte 0 -108 -1 false 2 2 0 0 0 99 99 99 4 level=2
I/SFPerfTracer(  274):      triggers: (rate: 1009:414784) (303065 sw vsyncs) (962207 skipped) (33:2970385 vsyncs) (35:3726282)
D/WifiStateMachine( 1025): handleMessage: E msg.what=131155
D/WifiStateMachine( 1025): processMsg: ConnectedState
D/WifiStateMachine( 1025): processMsg: L2ConnectedState
D/WifiStateMachine( 1025): handleMessage: X
D/WifiStateMachine( 1025): handleMessage: E msg.what=151572
D/WifiStateMachine( 1025): processMsg: ConnectedState
D/WifiStateMachine( 1025): processMsg: L2ConnectedState
D/WifiStateMachine( 1025): handleMessage: X
D/WifiStateMachine( 1025): handleMessage: E msg.what=151572
D/WifiStateMachine( 1025): processMsg: ConnectedState
D/WifiStateMachine( 1025): processMsg: L2ConnectedState
D/WifiStateMachine( 1025): handleMessage: X
I/SBar.NetworkController( 1119): refreshSignalCluster: mobile: Signal=zz_moto_stat_sys_signal_2_fully_wide Roaming=(none) mSimIconId=(none) Accessibility="Phone two bars.","Not roaming.",""
I/SBar.NetworkController( 1119): onSignalStrengthsChanged SignalStrength: 9 0 -120 -160 -120 -1 -1 99 2147483647 2147483647 2147483647 2147483647 2147483647 gsm|lte 0 -108 -1 false 3 3 0 0 0 99 99 99 4 level=3
I/SBar.NetworkController( 1119): refreshSignalCluster: mobile: Signal=zz_moto_stat_sys_signal_3_fully_wide Roaming=(none) mSimIconId=(none) Accessibility="Phone three bars.","Not roaming.",""
D/WifiStateMachine( 1025): handleMessage: E msg.what=151572
D/WifiStateMachine( 1025): processMsg: ConnectedState
D/WifiStateMachine( 1025): processMsg: L2ConnectedState
D/WifiStateMachine( 1025): handleMessage: X
D/WifiStateMachine( 1025): handleMessage: E msg.what=131155
D/WifiStateMachine( 1025): processMsg: ConnectedState
D/WifiStateMachine( 1025): processMsg: L2ConnectedState
D/WifiStateMachine( 1025): handleMessage: X
D/WifiStateMachine( 1025): handleMessage: E msg.what=151572
D/WifiStateMachine( 1025): processMsg: ConnectedState
D/WifiStateMachine( 1025): processMsg: L2ConnectedState
D/WifiStateMachine( 1025): handleMessage: X
D/Ulp_jni ( 1025): Location CB invoked
I/SBar.NetworkController( 1119): onSignalStrengthsChanged SignalStrength: 7 0 -120 -160 -120 -1 -1 99 2147483647 2147483647 2147483647 2147483647 2147483647 gsm|lte 0 -108 -1 false 2 2 0 0 0 99 99 99 4 level=2
D/WifiStateMachine( 1025): handleMessage: E msg.what=151572
D/WifiStateMachine( 1025): processMsg: ConnectedState
D/WifiStateMachine( 1025): processMsg: L2ConnectedState
D/WifiStateMachine( 1025): handleMessage: X
D/WifiStateMachine( 1025): handleMessage: E msg.what=151572
D/WifiStateMachine( 1025): processMsg: ConnectedState
D/WifiStateMachine( 1025): processMsg: L2ConnectedState
D/WifiStateMachine( 1025): handleMessage: X
D/WifiStateMachine( 1025): handleMessage: E msg.what=131155
D/WifiStateMachine( 1025): processMsg: ConnectedState
D/WifiStateMachine( 1025): processMsg: L2ConnectedState
D/WifiStateMachine( 1025): handleMessage: X
D/WifiStateMachine( 1025): handleMessage: E msg.what=151572
D/WifiStateMachine( 1025): processMsg: ConnectedState
D/WifiStateMachine( 1025): processMsg: L2ConnectedState
D/WifiStateMachine( 1025): handleMessage: X
D/WifiStateMachine( 1025): handleMessage: E msg.what=151572
D/WifiStateMachine( 1025): processMsg: ConnectedState
D/WifiStateMachine( 1025): processMsg: L2ConnectedState
D/WifiStateMachine( 1025): handleMessage: X
D/WifiStateMachine( 1025): handleMessage: E msg.what=151572
D/WifiStateMachine( 1025): processMsg: ConnectedState
D/WifiStateMachine( 1025): processMsg: L2ConnectedState
D/WifiStateMachine( 1025): handleMessage: X
D/WifiStateMachine( 1025): handleMessage: E msg.what=131155
D/WifiStateMachine( 1025): processMsg: ConnectedState
D/WifiStateMachine( 1025): processMsg: L2ConnectedState
D/WifiStateMachine( 1025): handleMessage: X
D/WifiStateMachine( 1025): handleMessage: E msg.what=151572
D/WifiStateMachine( 1025): processMsg: ConnectedState
D/WifiStateMachine( 1025): processMsg: L2ConnectedState
D/WifiStateMachine( 1025): handleMessage: X
D/WifiStateMachine( 1025): handleMessage: E msg.what=151572
D/WifiStateMachine( 1025): processMsg: ConnectedState
D/WifiStateMachine( 1025): processMsg: L2ConnectedState
D/WifiStateMachine( 1025): handleMessage: X
D/WifiStateMachine( 1025): handleMessage: E msg.what=151572
D/WifiStateMachine( 1025): processMsg: ConnectedState
D/WifiStateMachine( 1025): processMsg: L2ConnectedState
D/WifiStateMachine( 1025): handleMessage: X
D/WifiStateMachine( 1025): handleMessage: E msg.what=131155
D/WifiStateMachine( 1025): processMsg: ConnectedState
D/WifiStateMachine( 1025): processMsg: L2ConnectedState
D/WifiStateMachine( 1025): handleMessage: X
I/SBar.NetworkController( 1119): onSignalStrengthsChanged SignalStrength: 9 0 -120 -160 -120 -1 -1 99 2147483647 2147483647 2147483647 2147483647 2147483647 gsm|lte 0 -108 -1 false 3 3 0 0 0 99 99 99 4 level=3
D/WifiStateMachine( 1025): handleMessage: E msg.what=151572
D/WifiStateMachine( 1025): processMsg: ConnectedState
D/WifiStateMachine( 1025): processMsg: L2ConnectedState
D/WifiStateMachine( 1025): handleMessage: X
D/WifiStateMachine( 1025): handleMessage: E msg.what=151572
D/WifiStateMachine( 1025): processMsg: ConnectedState
D/WifiStateMachine( 1025): processMsg: L2ConnectedState
D/WifiStateMachine( 1025): handleMessage: X
D/Ulp_jni ( 1025): Location CB invoked
D/WifiStateMachine( 1025): handleMessage: E msg.what=151572
D/WifiStateMachine( 1025): processMsg: ConnectedState
D/WifiStateMachine( 1025): processMsg: L2ConnectedState
D/WifiStateMachine( 1025): handleMessage: X
D/MDMCTBK (  273): reply_len: 40 reply is = IFNAME=wlan0 <3>CTRL-EVENT-BSS-REMOVED 3
D/MDMCTBK (  273): Event received = CTRL-EVENT-BSS-REMOVED 3
D/MDMCTBK (  273): reply_len: 40 reply is = IFNAME=wlan0 <3>CTRL-EVENT-BSS-REMOVED 3
D/MDMCTBK (  273): Event received = CTRL-EVENT-BSS-REMOVED 3
D/MDMCTBK (  273): reply_len: 40 reply is = IFNAME=wlan0 <3>CTRL-EVENT-BSS-REMOVED 3
D/MDMCTBK (  273): Event received = CTRL-EVENT-BSS-REMOVED 3
D/MDMCTBK (  273): reply_len: 40 reply is = IFNAME=wlan0 <3>CTRL-EVENT-BSS-REMOVED 3
D/MDMCTBK (  273): Event received = CTRL-EVENT-BSS-REMOVED 3
D/MDMCTBK (  273): reply_len: 40 reply is = IFNAME=wlan0 <3>CTRL-EVENT-BSS-REMOVED 3
D/MDMCTBK (  273): Event received = CTRL-EVENT-BSS-REMOVED 3
D/WifiStateMachine( 1025): handleMessage: E msg.what=131155
D/WifiStateMachine( 1025): processMsg: ConnectedState
D/WifiStateMachine( 1025): processMsg: L2ConnectedState
D/WifiStateMachine( 1025): handleMessage: X
D/WifiStateMachine( 1025): handleMessage: E msg.what=151572
D/WifiStateMachine( 1025): processMsg: ConnectedState
D/WifiStateMachine( 1025): processMsg: L2ConnectedState
D/WifiStateMachine( 1025): handleMessage: X
I/MDMCTBK (  273): NetlinkHandler, power_supply subsys
I/MDMCTBK (  273): NetlinkHandler, usbChargerStateChanged
I/MDMCTBK (  273): checkDefaultInst, current pid is = 273
I/MDMCTBK (  273): checkDefaultInst, pid match
I/MDMCTBK (  273): MdmCutbackHndler,readFromFile = /sys/class/power_supply/usb/online
I/MDMCTBK (  273): MdmCutbackHndler,readFromFile = 
E/MDMCTBK (  273): MdmCutbackHndler,Could not open ''
I/MDMCTBK (  273): NetlinkHandler, power_supply subsys
I/MDMCTBK (  273): NetlinkHandler, usbChargerStateChanged
I/MDMCTBK (  273): checkDefaultInst, current pid is = 273
I/MDMCTBK (  273): checkDefaultInst, pid match
I/MDMCTBK (  273): MdmCutbackHndler,readFromFile = /sys/class/power_supply/usb/online
I/MDMCTBK (  273): MdmCutbackHndler,readFromFile = 
E/MDMCTBK (  273): MdmCutbackHndler,Could not open ''
D/WifiStateMachine( 1025): handleMessage: E msg.what=151572
D/WifiStateMachine( 1025): processMsg: ConnectedState
D/WifiStateMachine( 1025): processMsg: L2ConnectedState
D/WifiStateMachine( 1025): handleMessage: X
I/SBar.NetworkController( 1119): onSignalStrengthsChanged SignalStrength: 6 0 -120 -160 -120 -1 -1 99 2147483647 2147483647 2147483647 2147483647 2147483647 gsm|lte 0 -108 -1 false 2 2 0 0 0 99 99 99 4 level=2
D/WifiStateMachine( 1025): handleMessage: E msg.what=151572
D/WifiStateMachine( 1025): processMsg: ConnectedState
D/WifiStateMachine( 1025): processMsg: L2ConnectedState
D/WifiStateMachine( 1025): handleMessage: X
D/WifiStateMachine( 1025): handleMessage: E msg.what=131155
D/WifiStateMachine( 1025): processMsg: ConnectedState
D/WifiStateMachine( 1025): processMsg: L2ConnectedState
D/WifiStateMachine( 1025): handleMessage: X
D/WifiStateMachine( 1025): handleMessage: E msg.what=151572
D/WifiStateMachine( 1025): processMsg: ConnectedState
D/WifiStateMachine( 1025): processMsg: L2ConnectedState
D/WifiStateMachine( 1025): handleMessage: X
D/WifiStateMachine( 1025): handleMessage: E msg.what=151572
D/WifiStateMachine( 1025): processMsg: ConnectedState
D/WifiStateMachine( 1025): processMsg: L2ConnectedState
D/WifiStateMachine( 1025): handleMessage: X
D/WifiStateMachine( 1025): handleMessage: E msg.what=151572
D/WifiStateMachine( 1025): processMsg: ConnectedState
D/WifiStateMachine( 1025): processMsg: L2ConnectedState
D/WifiStateMachine( 1025): handleMessage: X
D/WifiStateMachine( 1025): handleMessage: E msg.what=131155
D/WifiStateMachine( 1025): processMsg: ConnectedState
D/WifiStateMachine( 1025): processMsg: L2ConnectedState
D/WifiStateMachine( 1025): handleMessage: X
D/WifiStateMachine( 1025): handleMessage: E msg.what=151572
D/WifiStateMachine( 1025): processMsg: ConnectedState
D/WifiStateMachine( 1025): processMsg: L2ConnectedState
D/WifiStateMachine( 1025): handleMessage: X
D/WifiStateMachine( 1025): handleMessage: E msg.what=151572
D/WifiStateMachine( 1025): processMsg: ConnectedState
D/WifiStateMachine( 1025): processMsg: L2ConnectedState
D/WifiStateMachine( 1025): handleMessage: X
V/AlarmManager( 1025): sending alarm Alarm{42935350 type 3 android}
I/SFPerfTracer(  274):      triggers: (rate: 1009:414784) (303065 sw vsyncs) (962207 skipped) (0:2970453 vsyncs) (1:3726383)
D/WifiStateMachine( 1025): handleMessage: E msg.what=151572
D/WifiStateMachine( 1025): processMsg: ConnectedState
D/WifiStateMachine( 1025): processMsg: L2ConnectedState
D/WifiStateMachine( 1025): handleMessage: X
D/WifiStateMachine( 1025): handleMessage: E msg.what=131155
D/WifiStateMachine( 1025): processMsg: ConnectedState
D/WifiStateMachine( 1025): processMsg: L2ConnectedState
D/WifiStateMachine( 1025): handleMessage: X
D/Ulp_jni ( 1025): Location CB invoked
D/WifiStateMachine( 1025): handleMessage: E msg.what=151572
D/WifiStateMachine( 1025): processMsg: ConnectedState
D/WifiStateMachine( 1025): processMsg: L2ConnectedState
D/WifiStateMachine( 1025): handleMessage: X
I/SBar.NetworkController( 1119): refreshSignalCluster: mobile: Signal=zz_moto_stat_sys_signal_2_fully_wide Roaming=(none) mSimIconId=(none) Accessibility="Phone two bars.","Not roaming.",""
I/SBar.NetworkController( 1119): onSignalStrengthsChanged SignalStrength: 4 0 -120 -160 -120 -1 -1 99 2147483647 2147483647 2147483647 2147483647 2147483647 gsm|lte 0 -108 -1 false 1 1 0 0 0 99 99 99 4 level=1
D/WifiStateMachine( 1025): handleMessage: E msg.what=151572
D/WifiStateMachine( 1025): processMsg: ConnectedState
D/WifiStateMachine( 1025): processMsg: L2ConnectedState
D/WifiStateMachine( 1025): handleMessage: X
D/WifiStateMachine( 1025): handleMessage: E msg.what=151572
D/WifiStateMachine( 1025): processMsg: ConnectedState
D/WifiStateMachine( 1025): processMsg: L2ConnectedState
D/WifiStateMachine( 1025): handleMessage: X
D/WifiStateMachine( 1025): handleMessage: E msg.what=131155
D/WifiStateMachine( 1025): processMsg: ConnectedState
D/WifiStateMachine( 1025): processMsg: L2ConnectedState
D/WifiStateMachine( 1025): handleMessage: X
D/WifiStateMachine( 1025): handleMessage: E msg.what=151572
D/WifiStateMachine( 1025): processMsg: ConnectedState
D/WifiStateMachine( 1025): processMsg: L2ConnectedState
D/WifiStateMachine( 1025): handleMessage: X
D/WifiStateMachine( 1025): handleMessage: E msg.what=151572
D/WifiStateMachine( 1025): processMsg: ConnectedState
D/WifiStateMachine( 1025): processMsg: L2ConnectedState
D/WifiStateMachine( 1025): handleMessage: X
I/SBar.NetworkController( 1119): refreshSignalCluster: mobile: Signal=zz_moto_stat_sys_signal_1_fully_wide Roaming=(none) mSimIconId=(none) Accessibility="Phone one bar.","Not roaming.",""
D/WifiStateMachine( 1025): handleMessage: E msg.what=151572
D/WifiStateMachine( 1025): processMsg: ConnectedState
D/WifiStateMachine( 1025): processMsg: L2ConnectedState
D/WifiStateMachine( 1025): handleMessage: X
D/WifiStateMachine( 1025): handleMessage: E msg.what=131155
D/WifiStateMachine( 1025): processMsg: ConnectedState
D/WifiStateMachine( 1025): processMsg: L2ConnectedState
D/WifiStateMachine( 1025): handleMessage: X
I/SBar.NetworkController( 1119): onSignalStrengthsChanged SignalStrength: 8 0 -120 -160 -120 -1 -1 99 2147483647 2147483647 2147483647 2147483647 2147483647 gsm|lte 0 -108 -1 false 3 3 0 0 0 99 99 99 4 level=3
I/SBar.NetworkController( 1119): refreshSignalCluster: mobile: Signal=zz_moto_stat_sys_signal_2_fully_wide Roaming=(none) mSimIconId=(none) Accessibility="Phone two bars.","Not roaming.",""
D/WifiStateMachine( 1025): handleMessage: E msg.what=151572
D/WifiStateMachine( 1025): processMsg: ConnectedState
D/WifiStateMachine( 1025): processMsg: L2ConnectedState
D/WifiStateMachine( 1025): handleMessage: X
I/SFPerfTracer(  274):      triggers: (rate: 1009:414784) (303065 sw vsyncs) (962207 skipped) (17:2970541 vsyncs) (19:3726487)
D/WifiStateMachine( 1025): handleMessage: E msg.what=151572
D/WifiStateMachine( 1025): processMsg: ConnectedState
D/WifiStateMachine( 1025): processMsg: L2ConnectedState
D/WifiStateMachine( 1025): handleMessage: X
I/ActivityManager( 1025): Start proc com.facebook.orca for service com.facebook.orca/com.facebook.push.mqtt.service.MqttPushService: pid=30283 uid=10147 gids={50147, 3003, 1028, 1015}
D/dalvikvm(  275): GC_EXPLICIT freed 42K, 48% free 9011K/17224K, paused 2ms+6ms, total 36ms
D/dalvikvm(  275): GC_EXPLICIT freed <1K, 48% free 9011K/17224K, paused 1ms+2ms, total 27ms
D/dalvikvm(  275): GC_EXPLICIT freed <1K, 48% free 9011K/17224K, paused 2ms+2ms, total 22ms
D/ACRA    (30283): ACRA is enabled for com.facebook.orca, intializing...
D/ACRA    (30283): Looking for error files in /data/data/com.facebook.orca/app_acra-reports
D/ACRA    (30283): Looking for error files in /data/data/com.facebook.orca/app_minidumps
D/dalvikvm(30283): Trying to load lib /data/app-lib/com.facebook.orca-2/libgnustl_shared.so 0x41fb5140
D/dalvikvm(30283): Added shared lib /data/app-lib/com.facebook.orca-2/libgnustl_shared.so 0x41fb5140
D/dalvikvm(30283): No JNI_OnLoad found in /data/app-lib/com.facebook.orca-2/libgnustl_shared.so 0x41fb5140, skipping init
D/dalvikvm(30283): Trying to load lib /data/app-lib/com.facebook.orca-2/libfb_breakpad_client.so 0x41fb5140
D/dalvikvm(30283): Added shared lib /data/app-lib/com.facebook.orca-2/libfb_breakpad_client.so 0x41fb5140
D/dalvikvm(30283): Trying to load lib /data/app-lib/com.facebook.orca-2/libfb_dalvik-internals.so 0x41fb5140
D/dalvikvm(30283): Added shared lib /data/app-lib/com.facebook.orca-2/libfb_dalvik-internals.so 0x41fb5140
V/DexLibLoader(30283): about to lock: /data/data/com.facebook.orca/mdex_lock
V/DexLibLoader(30283): locking /data/data/com.facebook.orca/mdex_lock took 1 ms
V/DexLibLoader(30283): Secondary program dex metadata: secondary-1.dex.jar 790183d1fb728678b0d8546ed8e9eaef90404089 secondary.dex01.Canary
V/DexLibLoader(30283): Secondary program dex metadata: secondary-2.dex.jar 03b795797c6ded9e8b3df575980b7d37d9ca8dad secondary.dex02.Canary
V/DexLibLoader(30283): Secondary program dex metadata: secondary-3.dex.jar 5ccf73e2daa6156653af1c6485ad6053f38846b9 secondary.dex03.Canary
V/DexLibLoader(30283): directory "/data/data/com.facebook.orca/app_secondary_program_dex" contains "program-790183d1fb728678b0d8546ed8e9eaef904040896661a1c7.dex.jar" as expected
V/DexLibLoader(30283): directory "/data/data/com.facebook.orca/app_secondary_program_dex" contains "program-03b795797c6ded9e8b3df575980b7d37d9ca8dad6661a1c7.dex.jar" as expected
V/DexLibLoader(30283): directory "/data/data/com.facebook.orca/app_secondary_program_dex" contains "program-5ccf73e2daa6156653af1c6485ad6053f38846b96661a1c7.dex.jar" as expected
D/DexLibLoader(30283): ignoring file "program-790183d1fb728678b0d8546ed8e9eaef904040896661a1c7.dex.odex" in "/data/data/com.facebook.orca/app_secondary_program_dex"
D/DexLibLoader(30283): ignoring file "program-03b795797c6ded9e8b3df575980b7d37d9ca8dad6661a1c7.dex.odex" in "/data/data/com.facebook.orca/app_secondary_program_dex"
D/DexLibLoader(30283): ignoring file "program-5ccf73e2daa6156653af1c6485ad6053f38846b96661a1c7.dex.odex" in "/data/data/com.facebook.orca/app_secondary_program_dex"
D/DexLibLoader(30283): directory "/data/data/com.facebook.orca/app_secondary_program_dex" is valid
D/DexLibLoader(30283): ignoring file "primary_deps" in "/data/data/com.facebook.orca/app_secondary_program_dex_opt"
V/DexLibLoader(30283): directory "/data/data/com.facebook.orca/app_secondary_program_dex_opt" contains "program-790183d1fb728678b0d8546ed8e9eaef904040896661a1c7.dex.dex" as expected
V/DexLibLoader(30283): directory "/data/data/com.facebook.orca/app_secondary_program_dex_opt" contains "program-03b795797c6ded9e8b3df575980b7d37d9ca8dad6661a1c7.dex.dex" as expected
V/DexLibLoader(30283): directory "/data/data/com.facebook.orca/app_secondary_program_dex_opt" contains "program-5ccf73e2daa6156653af1c6485ad6053f38846b96661a1c7.dex.dex" as expected
D/DexLibLoader(30283): directory "/data/data/com.facebook.orca/app_secondary_program_dex_opt" is valid
D/DexLibLoader(30283): loading pre-built cross-dex opt odex files
V/dalvik-internals(30283): hooked dvmResolveClass using jump ()
V/dalvik-internals(30283): hooked dvmFlushBreakpoints using jump ()
V/MultiDexClassLoader(30283): installing MultiDexClassLoader before application classloader
I/dalvikvm(30283): Could not find method dalvik.system.DexFile.loadClassBinaryName, referenced from method com.facebook.common.l.g.a
W/dalvikvm(30283): VFY: unable to resolve virtual method 1453: Ldalvik/system/DexFile;.loadClassBinaryName (Ljava/lang/String;Ljava/lang/ClassLoader;)Ljava/lang/Class;
D/dalvikvm(30283): VFY: replacing opcode 0x6e at 0x0000
D/DexLibLoader(30283): released odex store lock
D/DexLibLoader(30283): DexLibLoader.loadAll took 13 ms
W/bp      (30283): Verify
I/SBar.NetworkController( 1119): refreshSignalCluster: mobile: Signal=zz_moto_stat_sys_signal_3_fully_wide Roaming=(none) mSimIconId=(none) Accessibility="Phone three bars.","Not roaming.",""
E/dalvikvm(30283): Could not find class 'org.apache.harmony.xnet.provider.jsse.OpenSSLSocketImpl', referenced from method com.facebook.ssl.openssl.a.b.<clinit>
W/dalvikvm(30283): VFY: unable to resolve const-class 10658 (Lorg/apache/harmony/xnet/provider/jsse/OpenSSLSocketImpl;) in Lcom/facebook/ssl/openssl/a/b;
D/dalvikvm(30283): VFY: replacing opcode 0x1c at 0x000d
E/dalvikvm(30283): Could not find class 'org.apache.harmony.xnet.provider.jsse.OpenSSLSocketFactoryImpl', referenced from method com.facebook.ssl.openssl.b.b.<clinit>
W/dalvikvm(30283): VFY: unable to resolve const-class 10657 (Lorg/apache/harmony/xnet/provider/jsse/OpenSSLSocketFactoryImpl;) in Lcom/facebook/ssl/openssl/b/b;
D/dalvikvm(30283): VFY: replacing opcode 0x1c at 0x000d
E/dalvikvm(30283): Could not find class 'org.apache.harmony.xnet.provider.jsse.SSLParametersImpl', referenced from method com.facebook.ssl.openssl.b.b.a
W/dalvikvm(30283): VFY: unable to resolve check-cast 10660 (Lorg/apache/harmony/xnet/provider/jsse/SSLParametersImpl;) in Lcom/facebook/ssl/openssl/b/b;
D/dalvikvm(30283): VFY: replacing opcode 0x1f at 0x0006
E/dalvikvm(30283): Could not find class 'org.apache.harmony.xnet.provider.jsse.SSLParametersImpl', referenced from method com.facebook.ssl.openssl.b.c.<clinit>
W/dalvikvm(30283): VFY: unable to resolve const-class 10660 (Lorg/apache/harmony/xnet/provider/jsse/SSLParametersImpl;) in Lcom/facebook/ssl/openssl/b/c;
D/dalvikvm(30283): VFY: replacing opcode 0x1c at 0x000d
W/dalvikvm(30283): VFY: unable to find class referenced in signature (Lorg/apache/harmony/xnet/provider/jsse/SSLParametersImpl;)
E/dalvikvm(30283): Could not find class 'org.apache.harmony.xnet.provider.jsse.ClientSessionContext', referenced from method com.facebook.ssl.openssl.b.c.a
W/dalvikvm(30283): VFY: unable to resolve check-cast 10656 (Lorg/apache/harmony/xnet/provider/jsse/ClientSessionContext;) in Lcom/facebook/ssl/openssl/b/c;
D/dalvikvm(30283): VFY: replacing opcode 0x1f at 0x0006
W/dalvikvm(30283): VFY: unable to find class referenced in signature (Lorg/apache/harmony/xnet/provider/jsse/SSLParametersImpl;)
W/dalvikvm(30283): Unable to resolve superclass of Lcom/facebook/ssl/openssl/TicketEnabledOpenSSLSocketImplWrapper; (10659)
W/dalvikvm(30283): Link of class 'Lcom/facebook/ssl/openssl/TicketEnabledOpenSSLSocketImplWrapper;' failed
E/dalvikvm(30283): Could not find class 'com.facebook.ssl.openssl.TicketEnabledOpenSSLSocketImplWrapper', referenced from method com.facebook.ssl.openssl.b.a
W/dalvikvm(30283): VFY: unable to resolve new-instance 7258 (Lcom/facebook/ssl/openssl/TicketEnabledOpenSSLSocketImplWrapper;) in Lcom/facebook/ssl/openssl/b;
D/dalvikvm(30283): VFY: replacing opcode 0x22 at 0x0000
W/dalvikvm(30283): Unable to resolve superclass of Lcom/facebook/ssl/openssl/TicketEnabledOpenSSLSocketImplWrapper; (10659)
W/dalvikvm(30283): Link of class 'Lcom/facebook/ssl/openssl/TicketEnabledOpenSSLSocketImplWrapper;' failed
D/dalvikvm(30283): DexOpt: unable to opt direct call 0x9f40 at 0x08 in Lcom/facebook/ssl/openssl/b;.a
W/msgr(:<default>):a(30283): Attempt to start service that is already started
D/dalvikvm(30283): Trying to load lib /data/app-lib/com.facebook.orca-2/libfbjni.so 0x41fb5140
D/dalvikvm(30283): Added shared lib /data/app-lib/com.facebook.orca-2/libfbjni.so 0x41fb5140
D/dalvikvm(30283): Trying to load lib /data/app-lib/com.facebook.orca-2/libheartbleed.so 0x41fb5140
D/dalvikvm(30283): Added shared lib /data/app-lib/com.facebook.orca-2/libheartbleed.so 0x41fb5140
D/WifiStateMachine( 1025): handleMessage: E msg.what=151572
D/WifiStateMachine( 1025): processMsg: ConnectedState
D/WifiStateMachine( 1025): processMsg: L2ConnectedState
D/WifiStateMachine( 1025): handleMessage: X
D/WifiStateMachine( 1025): handleMessage: E msg.what=131155
D/WifiStateMachine( 1025): processMsg: ConnectedState
D/WifiStateMachine( 1025): processMsg: L2ConnectedState
D/WifiStateMachine( 1025): handleMessage: X
I/ActivityManager( 1025): Process com.google.android.gms.wearable (pid 29457) has died.
W/ActivityManager( 1025): Scheduling restart of crashed service com.google.android.gms/.wearable.service.WearableService in 1000ms
D/WifiStateMachine( 1025): handleMessage: E msg.what=151572
D/WifiStateMachine( 1025): processMsg: ConnectedState
D/WifiStateMachine( 1025): processMsg: L2ConnectedState
D/WifiStateMachine( 1025): handleMessage: X
I/ActivityManager( 1025): Start proc com.google.android.gms.wearable for service com.google.android.gms/.wearable.service.WearableService: pid=30332 uid=10022 gids={50022, 3003, 1007, 1028, 1015, 3002, 3001, 3007, 2001, 3006}
W/dalvikvm(30332): VFY: unable to resolve static field 658 (PR_SET_DUMPABLE) in Landroid/system/OsConstants;
D/dalvikvm(30332): VFY: replacing opcode 0x60 at 0x000b
I/MultiDex(30332): VM with version 1.6.0 does not have multidex support
I/MultiDex(30332): install
I/MultiDex(30332): MultiDexExtractor.load(/data/app/com.google.android.gms-1.apk, false)
I/MultiDex(30332): loading existing secondary dex files
I/MultiDex(30332): load found 3 secondary dex files
I/MultiDex(30332): install done
I/ProviderInstaller(30332): Insert disabled by gate 'gms:security:enable_conscrypt_in_gms_application'
D/GCM     (16934): GcmService start Intent { act=com.google.android.gms.INITIALIZE flg=0x10 pkg=com.google.android.gms cmp=com.google.android.gms/.gcm.GcmService } com.google.android.gms.INITIALIZE
D/AuthorizationBluetoothService(16934): Received GmsCore event: Intent { act=com.google.android.gms.INITIALIZE flg=0x10 pkg=com.google.android.gms cmp=com.google.android.gms/.auth.be.proximity.authorization.bt.AuthorizationBluetoothService$AutoStarter }.
E/AuthorizationBluetoothService(16934): Proximity feature is not enabled.
V/GmsCoreStatsServiceLauncher(26737): Received broadcast intent Intent { act=com.google.android.gms.INITIALIZE flg=0x10 pkg=com.google.android.gms cmp=com.google.android.gms/.common.stats.GmsCoreStatsServiceLauncher }
I/dalvikvm(30332): Could not find method android.os.UserManager.getUserProfiles, referenced from method com.google.android.gms.wearable.service.aa.a
W/dalvikvm(30332): VFY: unable to resolve virtual method 1178: Landroid/os/UserManager;.getUserProfiles ()Ljava/util/List;
D/dalvikvm(30332): VFY: replacing opcode 0x6e at 0x0045
D/LocationInitializer(26737): Restart initialization of location
E/dalvikvm(30332): Could not find class 'android.telecom.TelecomManager', referenced from method com.google.android.gms.wearable.service.o.a
W/dalvikvm(30332): VFY: unable to resolve check-cast 461 (Landroid/telecom/TelecomManager;) in Lcom/google/android/gms/wearable/service/o;
D/dalvikvm(30332): VFY: replacing opcode 0x1f at 0x0056
W/dalvikvm(30332): VFY: unable to find class referenced in signature (Landroid/telecom/TelecomManager;)
I/dalvikvm(30332): Could not find method android.content.pm.PackageManager.getPackageInstaller, referenced from method com.google.android.gms.common.ff.a
W/dalvikvm(30332): VFY: unable to resolve virtual method 479: Landroid/content/pm/PackageManager;.getPackageInstaller ()Landroid/content/pm/PackageInstaller;
D/dalvikvm(30332): VFY: replacing opcode 0x6e at 0x000d
E/MDM     (19200): [308937] b.run: Couldn't connect to Google API client: ConnectionResult{statusCode=API_UNAVAILABLE, resolution=null}
D/Ulp_jni ( 1025): Location CB invoked
D/dalvikvm( 1119): GC_FOR_ALLOC freed 991K, 28% free 14913K/20560K, paused 26ms, total 26ms
D/WifiStateMachine( 1025): handleMessage: E msg.what=151572
D/WifiStateMachine( 1025): processMsg: ConnectedState
D/WifiStateMachine( 1025): processMsg: L2ConnectedState
D/WifiStateMachine( 1025): handleMessage: X
D/dalvikvm( 1119): GC_FOR_ALLOC freed 48K, 26% free 15304K/20560K, paused 20ms, total 21ms
I/dalvikvm-heap( 1119): Grow heap (frag case) to 17.407MB for 380496-byte allocation
D/dalvikvm( 1119): GC_FOR_ALLOC freed <1K, 26% free 15675K/20932K, paused 19ms, total 19ms
I/dalvikvm-heap( 1119): Grow heap (frag case) to 17.769MB for 380496-byte allocation
I/ActivityManager( 1025): START u0 {act=com.android.systemui.recent.action.TOGGLE_RECENTS flg=0x10800000 cmp=com.android.systemui/.recent.RecentsActivity (has extras)} from pid 1119
D/CordovaActivity(29168): Paused the application!
D/CordovaWebView(29168): Handle the pause
W/ContextImpl( 1295): Calling a method in the system process without a qualified user: android.app.ContextImpl.sendBroadcast:1252 android.content.ContextWrapper.sendBroadcast:365 com.motorola.motocare.util.TriggerHelper$TriggerBuilder.send:76 com.motorola.motocare.internal.frameworkevents.PauseResumeTrigger.handleFrameworkEvent:53 com.motorola.motocare.internal.frameworkevents.FwEventMonitor$FrameworkListener.processFrameworkEvent:114 
W/ContextImpl( 1295): Calling a method in the system process without a qualified user: android.app.ContextImpl.sendBroadcast:1252 android.content.ContextWrapper.sendBroadcast:365 com.motorola.motocare.util.TriggerHelper$TriggerBuilder.send:76 com.motorola.motocare.internal.frameworkevents.PauseResumeTrigger.handleFrameworkEvent:53 com.motorola.motocare.internal.frameworkevents.FwEventMonitor$FrameworkListener.processFrameworkEvent:114 
I/LaunchCheckinHandler( 1025): Displayed com.android.systemui/.recent.RecentsActivity,wp,wa,148
W/IInputConnectionWrapper(29168): showStatusIcon on inactive InputConnection
I/SFPerfTracer(  274):      triggers: (rate: 1149:45725) (compose: 0:227) (post: 0:20) (render: 74:10146) (12:690733 frames) (13:3017356)
D/SFPerfTracer(  274):        layers: (5:11) (DimLayer: 0:158)* (DimLayer: 0:90)* (FocusedStackFrame: 0:18817)* (StatusBar: 0:234895) (NavigationBar: 13:178195) (DimLayer: 0:22070)* (DimLayer: 0:3849)* (com.android.wallpaper.fall.FallWallpaper: 0:50655)* (co.giftmeapp.gift_me/co.giftmeapp.gift_me.GiftMe: 13:649) (com.android.systemui/com.android.systemui.recent.RecentsActivity: 1:6) (thumbnail anim: 13:15) 
W/ManagedEGLContext(29168): doTerminate failed: EGL count is 2 but managed count is 1
I/ActivityManager( 1025): Process com.ghisler.android.TotalCommander (pid 28731) has died.
I/WindowState( 1025): WIN DEATH: Window{4338a940 u0 com.ghisler.android.TotalCommander/com.ghisler.android.TotalCommander.TotalCommander}
D/WifiStateMachine( 1025): handleMessage: E msg.what=151572
D/WifiStateMachine( 1025): processMsg: ConnectedState
D/WifiStateMachine( 1025): processMsg: L2ConnectedState
D/WifiStateMachine( 1025): handleMessage: X
D/CordovaActivity(29168): CordovaActivity.onDestroy()
D/CordovaWebView(29168): >>> loadUrlNow()
I/ActivityManager( 1025): Killing 29168:co.giftmeapp.gift_me/u0a104 (adj 9): remove task
W/ContextImpl( 1295): Calling a method in the system process without a qualified user: android.app.ContextImpl.sendBroadcast:1252 android.content.ContextWrapper.sendBroadcast:365 com.motorola.motocare.util.TriggerHelper$TriggerBuilder.send:76 com.motorola.motocare.internal.frameworkevents.ProcessKillTrigger.sendTrigger:147 com.motorola.motocare.internal.frameworkevents.ProcessKillTrigger.handleFrameworkEvent:164 
I/WindowState( 1025): WIN DEATH: Window{420fec00 u0 co.giftmeapp.gift_me/co.giftmeapp.gift_me.GiftMe}
D/WifiStateMachine( 1025): handleMessage: E msg.what=131155
D/WifiStateMachine( 1025): processMsg: ConnectedState
D/WifiStateMachine( 1025): processMsg: L2ConnectedState
D/WifiStateMachine( 1025): handleMessage: X
I/SFPerfTracer(  274):      triggers: (rate: 1009:414784) (303065 sw vsyncs) (962207 skipped) (61:2970676 vsyncs) (63:3726638)
I/ActivityManager( 1025): START u0 {act=android.intent.action.MAIN cat=[android.intent.category.HOME] flg=0x10200000 cmp=com.android.launcher/com.android.launcher2.Launcher} from pid 1025
W/ContextImpl( 1295): Calling a method in the system process without a qualified user: android.app.ContextImpl.sendBroadcast:1252 android.content.ContextWrapper.sendBroadcast:365 com.motorola.motocare.util.TriggerHelper$TriggerBuilder.send:76 com.motorola.motocare.internal.frameworkevents.PauseResumeTrigger.handleFrameworkEvent:53 com.motorola.motocare.internal.frameworkevents.FwEventMonitor$FrameworkListener.processFrameworkEvent:114 
W/ContextImpl( 1295): Calling a method in the system process without a qualified user: android.app.ContextImpl.sendBroadcast:1252 android.content.ContextWrapper.sendBroadcast:365 com.motorola.motocare.util.TriggerHelper$TriggerBuilder.send:76 com.motorola.motocare.internal.frameworkevents.PauseResumeTrigger.handleFrameworkEvent:53 com.motorola.motocare.internal.frameworkevents.FwEventMonitor$FrameworkListener.processFrameworkEvent:114 
E/AppsCustomizePagedView( 7368): Widget ComponentInfo{com.devexpert.weather/com.devexpert.weather.view.WidgetWeather5x1Cur} can not fit on this device (736, 80)
E/AppsCustomizePagedView( 7368): Widget ComponentInfo{com.devexpert.weather/com.devexpert.weather.view.WidgetWeather5x1} can not fit on this device (736, 80)
E/AppsCustomizePagedView( 7368): Widget ComponentInfo{com.devexpert.weather/com.devexpert.weather.view.WidgetWeather5x2LC} can not fit on this device (736, 220)
E/AppsCustomizePagedView( 7368): Widget ComponentInfo{com.devexpert.weather/com.devexpert.weather.view.WidgetWeather5x2} can not fit on this device (736, 220)
E/AppsCustomizePagedView( 7368): Widget ComponentInfo{com.devexpert.weather/com.devexpert.weather.view.WidgetWeather5x3} can not fit on this device (736, 330)
W/BroadcastQueue( 1025): Permission Denial: broadcasting Intent { act=android.net.conn.INET_CONDITION_ACTION flg=0x4000010 (has extras) } from null (pid=-1, uid=-1) requires com.facebook.permission.prod.FB_APP_COMMUNICATION due to registered receiver BroadcastFilter{4393ec00 u0 ReceiverList{43915288 30283 com.facebook.orca/10147/u0 remote:438e2130}}
