W/ActivityThread( 3369): ClassLoader.loadClass: The class loader returned by Thread.getContextClassLoader() may fail for processes that host multiple applications. You should explicitly specify a context class loader. For example: Thread.setContextClassLoader(getClass().getClassLoader());
I/SFPerfTracer(  274):      triggers: (rate: 1377:54235) (compose: 0:269) (post: 0:23) (render: 94:10933) (0:845910 frames) (1:3594876)
D/SFPerfTracer(  274):        layers: (3:11) (DimLayer: 0:158)* (DimLayer: 0:146)* (FocusedStackFrame: 0:23766)* (StatusBar: 0:285598) (NavigationBar: 0:217988) (DimLayer: 0:27668)* (DimLayer: 0:5347)* (com.android.wallpaper.fall.FallWallpaper: 0:1366)* (com.android.packageinstaller/com.android.packageinstaller.InstallAppProgress: 0:185)* (Starting co.giftmeapp.gift_me: 0:40)* (co.giftmeapp.gift_me/co.giftmeapp.gift_me.GiftMe: 1:32) 
I/ActivityManager( 1025): Start proc com.motorola.MotGallery2 for broadcast com.motorola.MotGallery2/com.android.gallery3d.app.PackagesMonitor: pid=5002 uid=10034 gids={50034, 3003, 1028, 1015}
I/ActivityManager( 1025): Process com.facebook.katana (pid 4753) has died.
W/ActivityManager( 1025): Scheduling restart of crashed service com.facebook.katana/com.facebook.push.mqtt.service.MqttPushService in 77175193600ms
D/WifiService( 1025): Client connection lost with reason: 4
I/ActivityManager( 1025): Start proc com.google.android.googlequicksearchbox:search for broadcast com.google.android.googlequicksearchbox/com.google.android.search.core.icingsync.IcingCorporaChangedReceiver: pid=5015 uid=10045 gids={50045, 3003, 3001, 1028, 3002, 1015}
I/ActivityManager( 1025): Start proc com.evernote for broadcast com.evernote/.util.WidgetTracker: pid=5033 uid=10134 gids={50134, 3003, 1028, 1015}
I/ActivityManager( 1025): Process com.motorola.MotGallery2 (pid 5002) has died.
I/ActivityManager( 1025): Process com.google.android.apps.docs (pid 4949) has died.
I/SFPerfTracer(  274):      triggers: (rate: 1181:457743) (381574 sw vsyncs) (1087804 skipped) (48:3616726 vsyncs) (50:4549238)
I/ActivityManager( 1025): Start proc com.google.android.partnersetup for content provider com.google.android.partnersetup/.RlzAppProvider: pid=5050 uid=10025 gids={50025, 3003}
I/ActivityManager( 1025): Process com.google.android.partnersetup (pid 5050) has died.
I/ActivityManager( 1025): Process com.google.android.googlequicksearchbox:search (pid 5015) has died.
I/ActivityManager( 1025): Start proc com.evernote.widget for broadcast com.evernote.widget/.WidgetStateReceiver: pid=5114 uid=10135 gids={50135, 3003, 1028, 1015}
I/ActivityManager( 1025): Start proc com.amazon.mShop.android.shopping for broadcast com.amazon.mShop.android.shopping/com.amazon.clouddrive.library.device.receivers.PackageReceiverProxy: pid=5133 uid=10157 gids={50157, 3003, 1028, 1015}
I/ActivityManager( 1025): Start proc com.google.android.googlequicksearchbox:search for content provider com.google.android.googlequicksearchbox/com.google.android.search.core.icingsync.InternalIcingCorporaProvider: pid=5146 uid=10045 gids={50045, 3003, 3001, 1028, 3002, 1015}
I/ActivityManager( 1025): Process com.evernote (pid 5033) has died.
I/ActivityManager( 1025): Process com.evernote.widget (pid 5114) has died.
I/SFPerfTracer(  274):      triggers: (rate: 1377:54235) (compose: 0:269) (post: 0:23) (render: 94:10933) (0:845910 frames) (1:3594976)
D/SFPerfTracer(  274):        layers: (3:9) (DimLayer: 0:158)* (DimLayer: 0:146)* (FocusedStackFrame: 0:23766)* (StatusBar: 0:285599) (NavigationBar: 0:217988) (DimLayer: 0:27668)* (DimLayer: 0:5347)* (com.android.wallpaper.fall.FallWallpaper: 0:1366)* (co.giftmeapp.gift_me/co.giftmeapp.gift_me.GiftMe: 1:131) 
I/ActivityManager( 1025): Process com.google.android.googlequicksearchbox:search (pid 5146) has died.
D/WifiService( 1025): New client listening to asynchronous messages
D/WifiService( 1025): Client connection lost with reason: 4
I/ActivityManager( 1025): Start proc android.process.acore for broadcast com.android.providers.contacts/.PackageIntentReceiver: pid=5221 uid=10010 gids={50010, 3003, 1028, 1015, 1023}
I/ActivityManager( 1025): Process com.amazon.mShop.android.shopping (pid 5133) has died.
I/ActivityManager( 1025): Start proc com.android.launcher for broadcast com.android.launcher/com.android.launcher2.PackageChangedReceiver: pid=5235 uid=10029 gids={50029, 1028}
I/ActivityManager( 1025): Start proc com.google.android.apps.magazines for broadcast com.google.android.apps.magazines/com.google.apps.dots.android.app.receiver.FirstInstallNotificationReceiver: pid=5258 uid=10077 gids={50077, 3003, 1028, 1015}
I/ActivityManager( 1025): Process android.process.acore (pid 5221) has died.
W/Vold    (  261): Returning OperationFailed - no handler for errno 30
W/Vold    (  261): Returning OperationFailed - no handler for errno 30
W/Vold    (  261): Returning OperationFailed - no handler for errno 30
W/Vold    (  261): Returning OperationFailed - no handler for errno 30
I/ActivityManager( 1025): Process com.android.launcher (pid 5235) has died.
I/ActivityManager( 1025): Start proc com.google.android.apps.cloudprint for broadcast com.google.android.apps.cloudprint/.printdialog.receivers.UpgradeBroadcastReceiver: pid=5307 uid=10058 gids={50058, 3003, 1028}
I/ActivityManager( 1025): Process com.google.android.apps.magazines (pid 5258) has died.
I/ActivityManager( 1025): Start proc com.motorola.context for broadcast com.motorola.context/.engine.mediator.MediatorReceiver: pid=5323 uid=10011 gids={50011, 3001, 3002, 3003}
I/ActivityManager( 1025): Start proc com.motorola.MotGallery2 for broadcast com.motorola.MotGallery2/com.motorola.blur.service.blur.StartupReceiver: pid=5336 uid=10034 gids={50034, 3003, 1028, 1015}
I/ActivityManager( 1025): Start proc com.google.android.googlequicksearchbox:search for broadcast com.google.android.googlequicksearchbox/.GelStubAppWatcher: pid=5351 uid=10045 gids={50045, 3003, 3001, 1028, 3002, 1015}
I/ActivityManager( 1025): Start proc uk.co.economist for broadcast uk.co.economist/com.urbanairship.push.GCMPushReceiver: pid=5363 uid=10130 gids={50130, 3003, 1028, 1015}
F/ProcessStats( 1025): Starting service ServiceState{42a4cec0 com.facebook.push.mqtt.service.MqttPushService pkg=com.facebook.katana proc=42a4cec0} without owner
F/ProcessStats( 1025): Starting service ServiceState{428fdff0 com.facebook.push.mqtt.service.MqttPushService pkg=com.facebook.orca proc=428fdff0} without owner
I/ActivityManager( 1025): Process com.google.android.apps.cloudprint (pid 5307) has died.
F/ProcessStats( 1025): Starting service ServiceState{42a4cec0 com.facebook.push.mqtt.service.MqttPushService pkg=com.facebook.katana proc=42a4cec0} without owner
F/ProcessStats( 1025): Starting service ServiceState{428fdff0 com.facebook.push.mqtt.service.MqttPushService pkg=com.facebook.orca proc=428fdff0} without owner
W/BroadcastQueue( 1025): Failure sending broadcast Intent { act=com.facebook.push.mqtt.keepalive.KeepaliveManager.ACTION_INEXACT_ALARM.com.facebook.katana flg=0x14 pkg=com.facebook.katana (has extras) }
W/BroadcastQueue( 1025): android.os.DeadObjectException
W/BroadcastQueue( 1025): 	at android.os.BinderProxy.transact(Native Method)
W/BroadcastQueue( 1025): 	at android.content.IIntentReceiver$Stub$Proxy.performReceive(IIntentReceiver.java:124)
W/BroadcastQueue( 1025): 	at com.android.server.am.BroadcastQueue.performReceiveLocked(BroadcastQueue.java:424)
W/BroadcastQueue( 1025): 	at com.android.server.am.BroadcastQueue.deliverToRegisteredReceiverLocked(BroadcastQueue.java:507)
W/BroadcastQueue( 1025): 	at com.android.server.am.BroadcastQueue.processNextBroadcast(BroadcastQueue.java:714)
W/BroadcastQueue( 1025): 	at com.android.server.am.ActivityManagerService.finishReceiver(ActivityManagerService.java:14032)
W/BroadcastQueue( 1025): 	at android.app.ActivityManagerNative.onTransact(ActivityManagerNative.java:394)
W/BroadcastQueue( 1025): 	at com.android.server.am.ActivityManagerService.onTransact(ActivityManagerService.java:2140)
W/BroadcastQueue( 1025): 	at android.os.Binder.execTransact(Binder.java:404)
W/BroadcastQueue( 1025): 	at dalvik.system.NativeStart.run(Native Method)
D/WifiService( 1025): acquireWifiLockLocked: WifiLock{NlpWifiLock type=2 binder=android.os.BinderProxy@4227f000}
I/ActivityManager( 1025): Start proc com.facebook.katana for content provider com.facebook.katana/.provider.AttributionIdProvider: pid=5410 uid=10110 gids={50110, 1028, 1015, 3003}
I/ActivityManager( 1025): Process com.motorola.context (pid 5323) has died.
I/ActivityManager( 1025): Process com.motorola.MotGallery2 (pid 5336) has died.
D/WifiService( 1025): releaseWifiLockLocked: WifiLock{NlpWifiLock type=2 binder=android.os.BinderProxy@4227f000}
I/ActivityManager( 1025): Process com.google.android.googlequicksearchbox:search (pid 5351) has died.
D/WifiService( 1025): New client listening to asynchronous messages
I/ActivityManager( 1025): Process uk.co.economist (pid 5363) has died.
W/ActivityManager( 1025): Service ServiceRecord{430a9368 u0 uk.co.economist/.service.APIService} in process ProcessRecord{441dd448 5363:uk.co.economist/u0a130} not same as in map: null
I/ActivityManager( 1025): Process com.facebook.katana (pid 5410) has died.
W/ActivityManager( 1025): Scheduling restart of crashed service com.facebook.katana/com.facebook.push.mqtt.service.MqttPushService in 308700774400ms
D/WifiService( 1025): Client connection lost with reason: 4
I/SFPerfTracer(  274):      triggers: (rate: 1181:457743) (381574 sw vsyncs) (1087804 skipped) (17:3616813 vsyncs) (19:4549340)
I/SFPerfTracer(  274):      triggers: (rate: 1377:54235) (compose: 0:269) (post: 0:23) (render: 94:10933) (0:845910 frames) (1:3595076)
D/SFPerfTracer(  274):        layers: (3:9) (DimLayer: 0:158)* (DimLayer: 0:146)* (FocusedStackFrame: 0:23766)* (StatusBar: 0:285602) (NavigationBar: 0:217988) (DimLayer: 0:27668)* (DimLayer: 0:5347)* (com.android.wallpaper.fall.FallWallpaper: 0:1366)* (co.giftmeapp.gift_me/co.giftmeapp.gift_me.GiftMe: 1:228) 
V/AlarmManager( 1025): sending alarm Alarm{42d32a08 type 2 com.whatsapp}
V/AlarmManager( 1025): sending alarm Alarm{42d2ed20 type 3 com.devexpert.weather}
V/AlarmManager( 1025): sending alarm Alarm{42d2e6d8 type 2 com.facebook.katana}
V/AlarmManager( 1025): sending alarm Alarm{42d2e030 type 0 com.android.vending}
I/ActivityManager( 1025): Start proc com.devexpert.weather for broadcast com.devexpert.weather/.view.WidgetWeather2x1: pid=5510 uid=10112 gids={50112, 3003, 1028, 1015}
I/SFPerfTracer(  274):      triggers: (rate: 1181:457743) (381574 sw vsyncs) (1087804 skipped) (126:3616939 vsyncs) (128:4549468)
I/ActivityManager( 1025): Config changes=480 {1.0 272mcc3mnc en_GB ldltr sw360dp w598dp h335dp 320dpi nrml land finger -keyb/v/h -nav/h s.333?spn}
I/WindowManager( 1025): Screen frozen for +349ms due to Window{428c7110 u0 StatusBar}
I/ActivityManager( 1025): Start proc android.process.acore for content provider com.android.providers.contacts/.ContactsProvider2: pid=5568 uid=10010 gids={50010, 3003, 1028, 1015, 1023}
I/ActivityManager( 1025): Process com.devexpert.weather (pid 5510) has died.
I/ActivityManager( 1025): Process android.process.acore (pid 5568) has died.
I/ActivityManager( 1025): Process com.android.vending (pid 4907) has died.
W/ActivityManager( 1025): Scheduling restart of crashed service com.android.vending/com.google.android.finsky.billing.iab.InAppBillingService in 4000ms
I/ActivityManager( 1025): Config changes=480 {1.0 272mcc3mnc en_GB ldltr sw360dp w360dp h567dp 320dpi nrml port finger -keyb/v/h -nav/h s.334?spn}
I/WindowManager( 1025): Screen frozen for +260ms due to Window{428c7110 u0 StatusBar}
I/ActivityManager( 1025): Start proc android.process.acore for content provider com.android.providers.contacts/.ContactsProvider2: pid=5616 uid=10010 gids={50010, 3003, 1028, 1015, 1023}
I/SFPerfTracer(  274):      triggers: (rate: 1377:54239) (compose: 0:270) (post: 0:23) (render: 94:10933) (15:845948 frames) (16:3595175)
D/SFPerfTracer(  274):        layers: (8:19) (DimLayer: 0:158)* (DimLayer: 0:146)* (FocusedStackFrame: 0:23766)* (StatusBar: 16:285656) (NavigationBar: 16:218036) (DimLayer: 0:27668)* (DimLayer: 0:5347)* (com.android.wallpaper.fall.FallWallpaper: 16:1406)* (co.giftmeapp.gift_me/co.giftmeapp.gift_me.GiftMe: 16:304) (ScreenshotSurface: 0:27)* (BlackSurface: 0:26)* (BlackSurface: 0:26)* (BlackSurface: 0:26)* (BlackSurface: 0:26)* (ScreenshotSurface: 16:20) (BlackSurface: 16:19) (BlackSurface: 16:19) (BlackSurface: 16:19) (BlackSurface: 16:19) 
I/SFPerfTracer(  274):      triggers: (rate: 1181:457743) (381574 sw vsyncs) (1087804 skipped) (34:3617052 vsyncs) (36:4549604)
V/AlarmManager( 1025): sending alarm Alarm{42d2a100 type 2 com.google.android.gms}
D/WifiService( 1025): acquireWifiLockLocked: WifiLock{NlpWifiLock type=2 binder=android.os.BinderProxy@4380e360}
I/ActivityManager( 1025): Start proc com.android.vending for service com.android.vending/com.google.android.finsky.billing.iab.InAppBillingService: pid=5650 uid=10039 gids={50039, 3003, 1028, 1015}
I/ActivityManager( 1025): Process android.process.acore (pid 5616) has died.
D/WifiService( 1025): releaseWifiLockLocked: WifiLock{NlpWifiLock type=2 binder=android.os.BinderProxy@4380e360}
W/ContextImpl( 1295): Calling a method in the system process without a qualified user: android.app.ContextImpl.sendBroadcast:1252 android.content.ContextWrapper.sendBroadcast:365 com.motorola.motocare.util.TriggerHelper$TriggerBuilder.send:76 com.motorola.motocare.internal.frameworkevents.ProcessKillTrigger.sendTrigger:147 com.motorola.motocare.internal.frameworkevents.ProcessKillTrigger.handleLmkKill:337 
W/ContextImpl( 1295): Calling a method in the system process without a qualified user: android.app.ContextImpl.sendBroadcast:1252 android.content.ContextWrapper.sendBroadcast:365 com.motorola.motocare.util.TriggerHelper$TriggerBuilder.send:76 com.motorola.motocare.internal.frameworkevents.ProcessKillTrigger.sendTrigger:147 com.motorola.motocare.internal.frameworkevents.ProcessKillTrigger.handleLmkKill:337 
W/ContextImpl( 1295): Calling a method in the system process without a qualified user: android.app.ContextImpl.sendBroadcast:1252 android.content.ContextWrapper.sendBroadcast:365 com.motorola.motocare.util.TriggerHelper$TriggerBuilder.send:76 com.motorola.motocare.internal.frameworkevents.ProcessKillTrigger.sendTrigger:147 com.motorola.motocare.internal.frameworkevents.ProcessKillTrigger.handleLmkKill:337 
W/ContextImpl( 1295): Calling a method in the system process without a qualified user: android.app.ContextImpl.sendBroadcast:1252 android.content.ContextWrapper.sendBroadcast:365 com.motorola.motocare.util.TriggerHelper$TriggerBuilder.send:76 com.motorola.motocare.internal.frameworkevents.ProcessKillTrigger.sendTrigger:147 com.motorola.motocare.internal.frameworkevents.ProcessKillTrigger.handleLmkKill:337 
W/ContextImpl( 1295): Calling a method in the system process without a qualified user: android.app.ContextImpl.sendBroadcast:1252 android.content.ContextWrapper.sendBroadcast:365 com.motorola.motocare.util.TriggerHelper$TriggerBuilder.send:76 com.motorola.motocare.internal.frameworkevents.ProcessKillTrigger.sendTrigger:147 com.motorola.motocare.internal.frameworkevents.ProcessKillTrigger.handleLmkKill:337 
W/ContextImpl( 1295): Calling a method in the system process without a qualified user: android.app.ContextImpl.sendBroadcast:1252 android.content.ContextWrapper.sendBroadcast:365 com.motorola.motocare.util.TriggerHelper$TriggerBuilder.send:76 com.motorola.motocare.internal.frameworkevents.ProcessKillTrigger.sendTrigger:147 com.motorola.motocare.internal.frameworkevents.ProcessKillTrigger.handleLmkKill:337 
W/ContextImpl( 1295): Calling a method in the system process without a qualified user: android.app.ContextImpl.sendBroadcast:1252 android.content.ContextWrapper.sendBroadcast:365 com.motorola.motocare.util.TriggerHelper$TriggerBuilder.send:76 com.motorola.motocare.internal.frameworkevents.ProcessKillTrigger.sendTrigger:147 com.motorola.motocare.internal.frameworkevents.ProcessKillTrigger.handleLmkKill:337 
W/ContextImpl( 1295): Calling a method in the system process without a qualified user: android.app.ContextImpl.sendBroadcast:1252 android.content.ContextWrapper.sendBroadcast:365 com.motorola.motocare.util.TriggerHelper$TriggerBuilder.send:76 com.motorola.motocare.internal.frameworkevents.ProcessKillTrigger.sendTrigger:147 com.motorola.motocare.internal.frameworkevents.ProcessKillTrigger.handleLmkKill:337 
W/ContextImpl( 1295): Calling a method in the system process without a qualified user: android.app.ContextImpl.sendBroadcast:1252 android.content.ContextWrapper.sendBroadcast:365 com.motorola.motocare.util.TriggerHelper$TriggerBuilder.send:76 com.motorola.motocare.internal.frameworkevents.ProcessKillTrigger.sendTrigger:147 com.motorola.motocare.internal.frameworkevents.ProcessKillTrigger.handleLmkKill:337 
W/ContextImpl( 1295): Calling a method in the system process without a qualified user: android.app.ContextImpl.sendBroadcast:1252 android.content.ContextWrapper.sendBroadcast:365 com.motorola.motocare.util.TriggerHelper$TriggerBuilder.send:76 com.motorola.motocare.internal.frameworkevents.ProcessKillTrigger.sendTrigger:147 com.motorola.motocare.internal.frameworkevents.ProcessKillTrigger.handleLmkKill:337 
W/ContextImpl( 1295): Calling a method in the system process without a qualified user: android.app.ContextImpl.sendBroadcast:1252 android.content.ContextWrapper.sendBroadcast:365 com.motorola.motocare.util.TriggerHelper$TriggerBuilder.send:76 com.motorola.motocare.internal.frameworkevents.ProcessKillTrigger.sendTrigger:147 com.motorola.motocare.internal.frameworkevents.ProcessKillTrigger.handleLmkKill:337 
W/ContextImpl( 1295): Calling a method in the system process without a qualified user: android.app.ContextImpl.sendBroadcast:1252 android.content.ContextWrapper.sendBroadcast:365 com.motorola.motocare.util.TriggerHelper$TriggerBuilder.send:76 com.motorola.motocare.internal.frameworkevents.ProcessKillTrigger.sendTrigger:147 com.motorola.motocare.internal.frameworkevents.ProcessKillTrigger.handleLmkKill:337 
W/ContextImpl( 1295): Calling a method in the system process without a qualified user: android.app.ContextImpl.sendBroadcast:1252 android.content.ContextWrapper.sendBroadcast:365 com.motorola.motocare.util.TriggerHelper$TriggerBuilder.send:76 com.motorola.motocare.internal.frameworkevents.ProcessKillTrigger.sendTrigger:147 com.motorola.motocare.internal.frameworkevents.ProcessKillTrigger.handleLmkKill:337 
W/ContextImpl( 1295): Calling a method in the system process without a qualified user: android.app.ContextImpl.sendBroadcast:1252 android.content.ContextWrapper.sendBroadcast:365 com.motorola.motocare.util.TriggerHelper$TriggerBuilder.send:76 com.motorola.motocare.internal.frameworkevents.ProcessKillTrigger.sendTrigger:147 com.motorola.motocare.internal.frameworkevents.ProcessKillTrigger.handleLmkKill:337 
W/ContextImpl( 1295): Calling a method in the system process without a qualified user: android.app.ContextImpl.sendBroadcast:1252 android.content.ContextWrapper.sendBroadcast:365 com.motorola.motocare.util.TriggerHelper$TriggerBuilder.send:76 com.motorola.motocare.internal.frameworkevents.ProcessKillTrigger.sendTrigger:147 com.motorola.motocare.internal.frameworkevents.ProcessKillTrigger.handleLmkKill:337 
W/ContextImpl( 1295): Calling a method in the system process without a qualified user: android.app.ContextImpl.sendBroadcast:1252 android.content.ContextWrapper.sendBroadcast:365 com.motorola.motocare.util.TriggerHelper$TriggerBuilder.send:76 com.motorola.motocare.internal.frameworkevents.ProcessKillTrigger.sendTrigger:147 com.motorola.motocare.internal.frameworkevents.ProcessKillTrigger.handleLmkKill:337 
W/ContextImpl( 1295): Calling a method in the system process without a qualified user: android.app.ContextImpl.sendBroadcast:1252 android.content.ContextWrapper.sendBroadcast:365 com.motorola.motocare.util.TriggerHelper$TriggerBuilder.send:76 com.motorola.motocare.internal.frameworkevents.ProcessKillTrigger.sendTrigger:147 com.motorola.motocare.internal.frameworkevents.ProcessKillTrigger.handleLmkKill:337 
W/ContextImpl( 1295): Calling a method in the system process without a qualified user: android.app.ContextImpl.sendBroadcast:1252 android.content.ContextWrapper.sendBroadcast:365 com.motorola.motocare.util.TriggerHelper$TriggerBuilder.send:76 com.motorola.motocare.internal.frameworkevents.ProcessKillTrigger.sendTrigger:147 com.motorola.motocare.internal.frameworkevents.ProcessKillTrigger.handleLmkKill:337 
W/ContextImpl( 1295): Calling a method in the system process without a qualified user: android.app.ContextImpl.sendBroadcast:1252 android.content.ContextWrapper.sendBroadcast:365 com.motorola.motocare.util.TriggerHelper$TriggerBuilder.send:76 com.motorola.motocare.internal.frameworkevents.ProcessKillTrigger.sendTrigger:147 com.motorola.motocare.internal.frameworkevents.ProcessKillTrigger.handleLmkKill:337 
W/ContextImpl( 1295): Calling a method in the system process without a qualified user: android.app.ContextImpl.sendBroadcast:1252 android.content.ContextWrapper.sendBroadcast:365 com.motorola.motocare.util.TriggerHelper$TriggerBuilder.send:76 com.motorola.motocare.internal.frameworkevents.ProcessKillTrigger.sendTrigger:147 com.motorola.motocare.internal.frameworkevents.ProcessKillTrigger.handleLmkKill:337 
W/ContextImpl( 1295): Calling a method in the system process without a qualified user: android.app.ContextImpl.sendBroadcast:1252 android.content.ContextWrapper.sendBroadcast:365 com.motorola.motocare.util.TriggerHelper$TriggerBuilder.send:76 com.motorola.motocare.internal.frameworkevents.ProcessKillTrigger.sendTrigger:147 com.motorola.motocare.internal.frameworkevents.ProcessKillTrigger.handleLmkKill:337 
W/ContextImpl( 1295): Calling a method in the system process without a qualified user: android.app.ContextImpl.sendBroadcast:1252 android.content.ContextWrapper.sendBroadcast:365 com.motorola.motocare.util.TriggerHelper$TriggerBuilder.send:76 com.motorola.motocare.internal.frameworkevents.ProcessKillTrigger.sendTrigger:147 com.motorola.motocare.internal.frameworkevents.ProcessKillTrigger.handleLmkKill:337 
W/ContextImpl( 1295): Calling a method in the system process without a qualified user: android.app.ContextImpl.sendBroadcast:1252 android.content.ContextWrapper.sendBroadcast:365 com.motorola.motocare.util.TriggerHelper$TriggerBuilder.send:76 com.motorola.motocare.internal.frameworkevents.ProcessKillTrigger.sendTrigger:147 com.motorola.motocare.internal.frameworkevents.ProcessKillTrigger.handleLmkKill:337 
W/ContextImpl( 1295): Calling a method in the system process without a qualified user: android.app.ContextImpl.sendBroadcast:1252 android.content.ContextWrapper.sendBroadcast:365 com.motorola.motocare.util.TriggerHelper$TriggerBuilder.send:76 com.motorola.motocare.internal.frameworkevents.ProcessKillTrigger.sendTrigger:147 com.motorola.motocare.internal.frameworkevents.ProcessKillTrigger.handleLmkKill:337 
W/ContextImpl( 1295): Calling a method in the system process without a qualified user: android.app.ContextImpl.sendBroadcast:1252 android.content.ContextWrapper.sendBroadcast:365 com.motorola.motocare.util.TriggerHelper$TriggerBuilder.send:76 com.motorola.motocare.internal.frameworkevents.ProcessKillTrigger.sendTrigger:147 com.motorola.motocare.internal.frameworkevents.ProcessKillTrigger.handleLmkKill:337 
W/ContextImpl( 1295): Calling a method in the system process without a qualified user: android.app.ContextImpl.sendBroadcast:1252 android.content.ContextWrapper.sendBroadcast:365 com.motorola.motocare.util.TriggerHelper$TriggerBuilder.send:76 com.motorola.motocare.internal.frameworkevents.ProcessKillTrigger.sendTrigger:147 com.motorola.motocare.internal.frameworkevents.ProcessKillTrigger.handleLmkKill:337 
W/ContextImpl( 1295): Calling a method in the system process without a qualified user: android.app.ContextImpl.sendBroadcast:1252 android.content.ContextWrapper.sendBroadcast:365 com.motorola.motocare.util.TriggerHelper$TriggerBuilder.send:76 com.motorola.motocare.internal.frameworkevents.ProcessKillTrigger.sendTrigger:147 com.motorola.motocare.internal.frameworkevents.ProcessKillTrigger.handleLmkKill:337 
W/ContextImpl( 1295): Calling a method in the system process without a qualified user: android.app.ContextImpl.sendBroadcast:1252 android.content.ContextWrapper.sendBroadcast:365 com.motorola.motocare.util.TriggerHelper$TriggerBuilder.send:76 com.motorola.motocare.internal.frameworkevents.ProcessKillTrigger.sendTrigger:147 com.motorola.motocare.internal.frameworkevents.ProcessKillTrigger.handleLmkKill:337 
W/ContextImpl( 1295): Calling a method in the system process without a qualified user: android.app.ContextImpl.sendBroadcast:1252 android.content.ContextWrapper.sendBroadcast:365 com.motorola.motocare.util.TriggerHelper$TriggerBuilder.send:76 com.motorola.motocare.internal.frameworkevents.ProcessKillTrigger.sendTrigger:147 com.motorola.motocare.internal.frameworkevents.ProcessKillTrigger.handleLmkKill:337 
W/ContextImpl( 1295): Calling a method in the system process without a qualified user: android.app.ContextImpl.sendBroadcast:1252 android.content.ContextWrapper.sendBroadcast:365 com.motorola.motocare.util.TriggerHelper$TriggerBuilder.send:76 com.motorola.motocare.internal.frameworkevents.ProcessKillTrigger.sendTrigger:147 com.motorola.motocare.internal.frameworkevents.ProcessKillTrigger.handleLmkKill:337 
W/ContextImpl( 1295): Calling a method in the system process without a qualified user: android.app.ContextImpl.sendBroadcast:1252 android.content.ContextWrapper.sendBroadcast:365 com.motorola.motocare.util.TriggerHelper$TriggerBuilder.send:76 com.motorola.motocare.internal.frameworkevents.ProcessKillTrigger.sendTrigger:147 com.motorola.motocare.internal.frameworkevents.ProcessKillTrigger.handleLmkKill:337 
W/ContextImpl( 1295): Calling a method in the system process without a qualified user: android.app.ContextImpl.sendBroadcast:1252 android.content.ContextWrapper.sendBroadcast:365 com.motorola.motocare.util.TriggerHelper$TriggerBuilder.send:76 com.motorola.motocare.internal.frameworkevents.ProcessKillTrigger.sendTrigger:147 com.motorola.motocare.internal.frameworkevents.ProcessKillTrigger.handleLmkKill:337 
W/ContextImpl( 1295): Calling a method in the system process without a qualified user: android.app.ContextImpl.sendBroadcast:1252 android.content.ContextWrapper.sendBroadcast:365 com.motorola.motocare.util.TriggerHelper$TriggerBuilder.send:76 com.motorola.motocare.internal.frameworkevents.ProcessKillTrigger.sendTrigger:147 com.motorola.motocare.internal.frameworkevents.ProcessKillTrigger.handleLmkKill:337 
W/ContextImpl( 1295): Calling a method in the system process without a qualified user: android.app.ContextImpl.sendBroadcast:1252 android.content.ContextWrapper.sendBroadcast:365 com.motorola.motocare.util.TriggerHelper$TriggerBuilder.send:76 com.motorola.motocare.internal.frameworkevents.ProcessKillTrigger.sendTrigger:147 com.motorola.motocare.internal.frameworkevents.ProcessKillTrigger.handleLmkKill:337 
W/ContextImpl( 1295): Calling a method in the system process without a qualified user: android.app.ContextImpl.sendBroadcast:1252 android.content.ContextWrapper.sendBroadcast:365 com.motorola.motocare.util.TriggerHelper$TriggerBuilder.send:76 com.motorola.motocare.internal.frameworkevents.ProcessKillTrigger.sendTrigger:147 com.motorola.motocare.internal.frameworkevents.ProcessKillTrigger.handleLmkKill:337 
W/ContextImpl( 1295): Calling a method in the system process without a qualified user: android.app.ContextImpl.sendBroadcast:1252 android.content.ContextWrapper.sendBroadcast:365 com.motorola.motocare.util.TriggerHelper$TriggerBuilder.send:76 com.motorola.motocare.internal.frameworkevents.ProcessKillTrigger.sendTrigger:147 com.motorola.motocare.internal.frameworkevents.ProcessKillTrigger.handleLmkKill:337 
W/ContextImpl( 1295): Calling a method in the system process without a qualified user: android.app.ContextImpl.sendBroadcast:1252 android.content.ContextWrapper.sendBroadcast:365 com.motorola.motocare.util.TriggerHelper$TriggerBuilder.send:76 com.motorola.motocare.internal.frameworkevents.ProcessKillTrigger.sendTrigger:147 com.motorola.motocare.internal.frameworkevents.ProcessKillTrigger.handleLmkKill:337 
W/ContextImpl( 1295): Calling a method in the system process without a qualified user: android.app.ContextImpl.sendBroadcast:1252 android.content.ContextWrapper.sendBroadcast:365 com.motorola.motocare.util.TriggerHelper$TriggerBuilder.send:76 com.motorola.motocare.internal.frameworkevents.ProcessKillTrigger.sendTrigger:147 com.motorola.motocare.internal.frameworkevents.ProcessKillTrigger.handleLmkKill:337 
W/ContextImpl( 1295): Calling a method in the system process without a qualified user: android.app.ContextImpl.sendBroadcast:1252 android.content.ContextWrapper.sendBroadcast:365 com.motorola.motocare.util.TriggerHelper$TriggerBuilder.send:76 com.motorola.motocare.internal.frameworkevents.ProcessKillTrigger.sendTrigger:147 com.motorola.motocare.internal.frameworkevents.ProcessKillTrigger.handleLmkKill:337 
W/ContextImpl( 1295): Calling a method in the system process without a qualified user: android.app.ContextImpl.sendBroadcast:1252 android.content.ContextWrapper.sendBroadcast:365 com.motorola.motocare.util.TriggerHelper$TriggerBuilder.send:76 com.motorola.motocare.internal.frameworkevents.ProcessKillTrigger.sendTrigger:147 com.motorola.motocare.internal.frameworkevents.ProcessKillTrigger.handleLmkKill:337 
W/ContextImpl( 1295): Calling a method in the system process without a qualified user: android.app.ContextImpl.sendBroadcast:1252 android.content.ContextWrapper.sendBroadcast:365 com.motorola.motocare.util.TriggerHelper$TriggerBuilder.send:76 com.motorola.motocare.internal.frameworkevents.ProcessKillTrigger.sendTrigger:147 com.motorola.motocare.internal.frameworkevents.ProcessKillTrigger.handleLmkKill:337 
W/ContextImpl( 1295): Calling a method in the system process without a qualified user: android.app.ContextImpl.sendBroadcast:1252 android.content.ContextWrapper.sendBroadcast:365 com.motorola.motocare.util.TriggerHelper$TriggerBuilder.send:76 com.motorola.motocare.internal.frameworkevents.ProcessKillTrigger.sendTrigger:147 com.motorola.motocare.internal.frameworkevents.ProcessKillTrigger.handleLmkKill:337 
W/ContextImpl( 1295): Calling a method in the system process without a qualified user: android.app.ContextImpl.sendBroadcast:1252 android.content.ContextWrapper.sendBroadcast:365 com.motorola.motocare.util.TriggerHelper$TriggerBuilder.send:76 com.motorola.motocare.internal.frameworkevents.ProcessKillTrigger.sendTrigger:147 com.motorola.motocare.internal.frameworkevents.ProcessKillTrigger.handleLmkKill:337 
W/ContextImpl( 1295): Calling a method in the system process without a qualified user: android.app.ContextImpl.sendBroadcast:1252 android.content.ContextWrapper.sendBroadcast:365 com.motorola.motocare.util.TriggerHelper$TriggerBuilder.send:76 com.motorola.motocare.internal.frameworkevents.ProcessKillTrigger.sendTrigger:147 com.motorola.motocare.internal.frameworkevents.ProcessKillTrigger.handleLmkKill:337 
W/ContextImpl( 1295): Calling a method in the system process without a qualified user: android.app.ContextImpl.sendBroadcast:1252 android.content.ContextWrapper.sendBroadcast:365 com.motorola.motocare.util.TriggerHelper$TriggerBuilder.send:76 com.motorola.motocare.internal.frameworkevents.ProcessKillTrigger.sendTrigger:147 com.motorola.motocare.internal.frameworkevents.ProcessKillTrigger.handleLmkKill:337 
W/ContextImpl( 1295): Calling a method in the system process without a qualified user: android.app.ContextImpl.sendBroadcast:1252 android.content.ContextWrapper.sendBroadcast:365 com.motorola.motocare.util.TriggerHelper$TriggerBuilder.send:76 com.motorola.motocare.internal.frameworkevents.ProcessKillTrigger.sendTrigger:147 com.motorola.motocare.internal.frameworkevents.ProcessKillTrigger.handleLmkKill:337 
W/ContextImpl( 1295): Calling a method in the system process without a qualified user: android.app.ContextImpl.sendBroadcast:1252 android.content.ContextWrapper.sendBroadcast:365 com.motorola.motocare.util.TriggerHelper$TriggerBuilder.send:76 com.motorola.motocare.internal.frameworkevents.ProcessKillTrigger.sendTrigger:147 com.motorola.motocare.internal.frameworkevents.ProcessKillTrigger.handleLmkKill:337 
W/ContextImpl( 1295): Calling a method in the system process without a qualified user: android.app.ContextImpl.sendBroadcast:1252 android.content.ContextWrapper.sendBroadcast:365 com.motorola.motocare.util.TriggerHelper$TriggerBuilder.send:76 com.motorola.motocare.internal.frameworkevents.ProcessKillTrigger.sendTrigger:147 com.motorola.motocare.internal.frameworkevents.ProcessKillTrigger.handleLmkKill:337 
I/SFPerfTracer(  274):      triggers: (rate: 1181:457743) (381574 sw vsyncs) (1087804 skipped) (17:3617135 vsyncs) (19:4549705)
V/AlarmManager( 1025): sending alarm Alarm{43214b88 type 2 com.google.android.gms}
V/AlarmManager( 1025): sending alarm Alarm{431efd18 type 2 com.whatsapp}
D/WifiService( 1025): acquireWifiLockLocked: WifiLock{NlpWifiLock type=2 binder=android.os.BinderProxy@4380e360}
D/WifiService( 1025): releaseWifiLockLocked: WifiLock{NlpWifiLock type=2 binder=android.os.BinderProxy@4380e360}
I/SFPerfTracer(  274):      triggers: (rate: 1181:457743) (381574 sw vsyncs) (1087804 skipped) (17:3617208 vsyncs) (19:4549807)
V/AlarmManager( 1025): sending alarm Alarm{43085f78 type 3 android}
I/SFPerfTracer(  274):      triggers: (rate: 1377:54241) (compose: 0:270) (post: 0:23) (render: 94:10933) (1:845979 frames) (2:3595275)
D/SFPerfTracer(  274):        layers: (5:16) (DimLayer: 0:158)* (DimLayer: 0:146)* (FocusedStackFrame: 0:23766)* (StatusBar: 1:285692) (NavigationBar: 0:218041) (DimLayer: 0:27668)* (DimLayer: 0:5347)* (com.android.wallpaper.fall.FallWallpaper: 0:1410)* (co.giftmeapp.gift_me/co.giftmeapp.gift_me.GiftMe: 1:362) (ScreenshotSurface: 0:27)* (BlackSurface: 0:26)* (BlackSurface: 0:26)* (BlackSurface: 0:26)* (BlackSurface: 0:26)* (InputMethod: 0:17) (SurfaceView: 0:16) 
I/SFPerfTracer(  274):      triggers: (rate: 1181:457743) (381574 sw vsyncs) (1087804 skipped) (5:3617257 vsyncs) (7:4549914)
I/SFPerfTracer(  274):       trigger: frame rate (-49.935%)	(30.039 fps)	(33.290 ms) 	(7 drops)	(12 frames)
I/SFPerfTracer(  274):      triggers: (rate: 1378:54248) (compose: 0:270) (post: 0:23) (render: 94:10933) (12:845991 frames) (13:3595292)
D/SFPerfTracer(  274):        layers: (5:11) (DimLayer: 0:158)* (DimLayer: 0:146)* (FocusedStackFrame: 0:23766)* (StatusBar: 1:285694) (NavigationBar: 0:218041) (DimLayer: 0:27668)* (DimLayer: 0:5347)* (com.android.wallpaper.fall.FallWallpaper: 0:1410)* (co.giftmeapp.gift_me/co.giftmeapp.gift_me.GiftMe: 12:377) (InputMethod: 0:17) (SurfaceView: 0:16) 
V/AlarmManager( 1025): sending alarm Alarm{43084ba0 type 3 com.devexpert.weather}
V/AlarmManager( 1025): sending alarm Alarm{4308ae88 type 2 com.google.android.gms}
I/ActivityManager( 1025): Start proc com.devexpert.weather for broadcast com.devexpert.weather/.view.WidgetWeather2x1: pid=5803 uid=10112 gids={50112, 3003, 1028, 1015}
V/AlarmManager( 1025): sending alarm Alarm{43081198 type 0 android}
D/WifiService( 1025): acquireWifiLockLocked: WifiLock{NlpWifiLock type=2 binder=android.os.BinderProxy@4380e360}
V/BackupManagerService( 1025): Running a backup pass
V/BackupManagerService( 1025): clearing pending backups
V/PerformBackupTask( 1025): Beginning backup of 5 targets
D/PerformBackupTask( 1025): invokeAgentForBackup on @pm@
D/BackupManagerService( 1025): Now staging backup of android
D/BackupManagerService( 1025): Now staging backup of com.android.providers.settings
D/BackupManagerService( 1025): Now staging backup of com.google.android.googlequicksearchbox
D/BackupManagerService( 1025): Now staging backup of com.google.android.calendar
D/BackupManagerService( 1025): Now staging backup of com.google.android.gm
I/ActivityManager( 1025): Process com.devexpert.weather (pid 5803) has died.
V/AlarmManager( 1025): sending alarm Alarm{41fba798 type 0 android}
I/BackupManagerService( 1025): Backup time but one already running
I/PerformBackupTask( 1025): Backup pass finished.
D/WifiService( 1025): releaseWifiLockLocked: WifiLock{NlpWifiLock type=2 binder=android.os.BinderProxy@4380e360}
I/SFPerfTracer(  274):      triggers: (rate: 1181:457743) (381574 sw vsyncs) (1087804 skipped) (17:3617345 vsyncs) (19:4550032)
I/SFPerfTracer(  274):      triggers: (rate: 1378:54254) (compose: 0:270) (post: 0:23) (render: 94:10933) (2:846024 frames) (3:3595394)
D/SFPerfTracer(  274):        layers: (5:19) (DimLayer: 0:158)* (DimLayer: 0:146)* (FocusedStackFrame: 0:23766)* (StatusBar: 0:285703) (NavigationBar: 0:218041) (DimLayer: 0:27668)* (DimLayer: 0:5347)* (com.android.wallpaper.fall.FallWallpaper: 0:1410)* (co.giftmeapp.gift_me/co.giftmeapp.gift_me.GiftMe: 0:420) (InputMethod: 1:43) (SurfaceView: 0:16) (PopupWindow:420e07b8: 0:5)* (PopupWindow:420e07b8: 0:3)* (PopupWindow:420e07b8: 0:3)* (PopupWindow:420e07b8: 0:4)* (PopupWindow:420e07b8: 0:3)* (PopupWindow:420e07b8: 0:4)* (PopupWindow:420e07b8: 0:4)* (PopupWindow:420e07b8: 3:3)* 
I/SFPerfTracer(  274):      triggers: (rate: 1181:457743) (381574 sw vsyncs) (1087804 skipped) (100:3617478 vsyncs) (102:4550224)
I/SFPerfTracer(  274):      triggers: (rate: 1181:457743) (381574 sw vsyncs) (1087804 skipped) (1:3617513 vsyncs) (3:4550325)
V/AlarmManager( 1025): sending alarm Alarm{431d2218 type 2 com.google.android.gms}
D/WifiService( 1025): acquireWifiLockLocked: WifiLock{NlpWifiLock type=2 binder=android.os.BinderProxy@4380e360}
I/ActivityManager( 1025): Process com.whatsapp (pid 2194) has died.
W/ActivityManager( 1025): Scheduling restart of crashed service com.whatsapp/.messaging.MessageService in 1000ms
D/WifiService( 1025): releaseWifiLockLocked: WifiLock{NlpWifiLock type=2 binder=android.os.BinderProxy@4380e360}
I/ActivityManager( 1025): Start proc com.whatsapp for service com.whatsapp/.messaging.MessageService: pid=5949 uid=10107 gids={50107, 3002, 3003, 1028, 1015}
V/AlarmManager( 1025): sending alarm Alarm{444486e0 type 3 com.whatsapp}
I/SFPerfTracer(  274):      triggers: (rate: 1378:54262) (compose: 0:270) (post: 0:23) (render: 94:10933) (0:846039 frames) (1:3595494)
D/SFPerfTracer(  274):        layers: (5:20) (DimLayer: 0:158)* (DimLayer: 0:146)* (FocusedStackFrame: 0:23766)* (StatusBar: 0:285710) (NavigationBar: 0:218041) (DimLayer: 0:27668)* (DimLayer: 0:5347)* (com.android.wallpaper.fall.FallWallpaper: 0:1410)* (co.giftmeapp.gift_me/co.giftmeapp.gift_me.GiftMe: 0:452) (InputMethod: 1:72) (SurfaceView: 0:16) (PopupWindow:420e07b8: 0:4)* (PopupWindow:420e07b8: 0:5)* (PopupWindow:420e07b8: 0:3)* (PopupWindow:420e07b8: 0:3)* (PopupWindow:420e07b8: 0:3)* (PopupWindow:420e07b8: 0:5)* (PopupWindow:420e07b8: 0:4)* (PopupWindow:420e07b8: 0:4)* (PopupWindow:420e07b8: 0:4)* 
I/ActivityManager( 1025): Start proc android.process.acore for content provider com.android.providers.contacts/.ContactsProvider2: pid=5980 uid=10010 gids={50010, 3003, 1028, 1015, 1023}
I/SFPerfTracer(  274):      triggers: (rate: 1181:457743) (381574 sw vsyncs) (1087804 skipped) (26:3617575 vsyncs) (28:4550427)
I/ActivityManager( 1025): Process android.process.acore (pid 5980) has died.
I/SFPerfTracer(  274):      triggers: (rate: 1181:457743) (381574 sw vsyncs) (1087804 skipped) (19:3617664 vsyncs) (21:4550541)
I/SFPerfTracer(  274):      triggers: (rate: 1378:54262) (compose: 0:270) (post: 0:23) (render: 94:10933) (0:846052 frames) (1:3595594)
D/SFPerfTracer(  274):        layers: (3:12) (DimLayer: 0:158)* (DimLayer: 0:146)* (FocusedStackFrame: 0:23766)* (StatusBar: 0:285716) (NavigationBar: 0:218042) (DimLayer: 0:27668)* (DimLayer: 0:5347)* (com.android.wallpaper.fall.FallWallpaper: 0:1410)* (co.giftmeapp.gift_me/co.giftmeapp.gift_me.GiftMe: 1:533) (InputMethod: 0:93)* (SurfaceView: 0:16)* (PopupWindow:42606d58: 0:3)* 
I/SFPerfTracer(  274):      triggers: (rate: 1181:457743) (381574 sw vsyncs) (1087804 skipped) (17:3617749 vsyncs) (19:4550646)
V/AlarmManager( 1025): sending alarm Alarm{42946e78 type 3 com.whatsapp}
V/AlarmManager( 1025): sending alarm Alarm{42945270 type 2 com.whatsapp}
V/AlarmManager( 1025): sending alarm Alarm{42944ea0 type 2 com.google.android.gms}
V/AlarmManager( 1025): sending alarm Alarm{4293c5b8 type 0 com.viber.voip}
D/WifiService( 1025): acquireWifiLockLocked: WifiLock{NlpWifiLock type=2 binder=android.os.BinderProxy@4226d418}
I/SFPerfTracer(  274):      triggers: (rate: 1181:457743) (381574 sw vsyncs) (1087804 skipped) (42:3617852 vsyncs) (44:4550766)
D/WifiService( 1025): releaseWifiLockLocked: WifiLock{NlpWifiLock type=2 binder=android.os.BinderProxy@4226d418}
W/AppOps  ( 1025): Bad call: specified package qcamera under uid 1013 but it is really -1
W/AppOps  ( 1025): Bad call: specified package qcamera under uid 1013 but it is really -1
W/AppOps  ( 1025): Bad call: specified package qcamera under uid 1013 but it is really -1
W/AppOps  ( 1025): Bad call: specified package qcamera under uid 1013 but it is really -1
W/AppOps  ( 1025): Bad call: specified package qcamera under uid 1013 but it is really -1
W/AppOps  ( 1025): Bad call: specified package qcamera under uid 1013 but it is really -1
W/AppOps  ( 1025): Bad call: specified package qcamera under uid 1013 but it is really -1
W/AppOps  ( 1025): Bad call: specified package qcamera under uid 1013 but it is really -1
W/AppOps  ( 1025): Bad call: specified package qcamera under uid 1013 but it is really -1
W/AppOps  ( 1025): Bad call: specified package qcamera under uid 1013 but it is really -1
W/AppOps  ( 1025): Bad call: specified package qcamera under uid 1013 but it is really -1
W/AppOps  ( 1025): Bad call: specified package qcamera under uid 1013 but it is really -1
I/ActivityManager( 1025): Start proc android.process.acore for content provider com.android.providers.contacts/.CallLogProvider: pid=6294 uid=10010 gids={50010, 3003, 1028, 1015, 1023}
D/WifiService( 1025): acquireWifiLockLocked: WifiLock{VoipServiceWifiLock type=1 binder=android.os.BinderProxy@429da710}
I/ActivityManager( 1025): Process android.process.acore (pid 6294) has died.
V/AlarmManager( 1025): sending alarm Alarm{42a6e7d0 type 2 com.google.android.gms}
D/ConnectivityService( 1025): handleInetConditionHoldEnd: net=1, condition=100, published condition=100
I/SFPerfTracer(  274):      triggers: (rate: 1378:54264) (compose: 0:270) (post: 0:23) (render: 94:10933) (33:846099 frames) (34:3595719)
D/SFPerfTracer(  274):        layers: (5:10) (DimLayer: 0:158)* (DimLayer: 0:146)* (FocusedStackFrame: 0:23767)* (StatusBar: 2:285727) (NavigationBar: 0:218042) (DimLayer: 0:27683) (DimLayer: 0:5347)* (com.android.wallpaper.fall.FallWallpaper: 0:1410)* (co.giftmeapp.gift_me/co.giftmeapp.gift_me.GiftMe: 0:595) (co.giftmeapp.gift_me/co.giftmeapp.gift_me.GiftMe: 34:53) 
W/InputMethodManagerService( 1025): Window already focused, ignoring focus gain of: com.android.internal.view.IInputMethodClient$Stub$Proxy@41fd8680 attribute=null, token = android.os.BinderProxy@424b75e0
V/AlarmManager( 1025): sending alarm Alarm{41fd8630 type 3 android}
I/SFPerfTracer(  274):      triggers: (rate: 1181:457743) (381574 sw vsyncs) (1087804 skipped) (40:3617966 vsyncs) (42:4550894)
I/ActivityManager( 1025): Process com.whatsapp (pid 5949) has died.
W/ActivityManager( 1025): Scheduling restart of crashed service com.whatsapp/.messaging.MessageService in 4000ms
I/ActivityManager( 1025): Process com.android.vending (pid 5650) has died.
I/ActivityManager( 1025): Start proc com.whatsapp for service com.whatsapp/.messaging.MessageService: pid=6400 uid=10107 gids={50107, 3002, 3003, 1028, 1015}
--------- beginning of /dev/log/main
W/dalvikvm( 6400): Unable to resolve superclass of Lcom/whatsapp/adm/ADMMessageHandler; (1190)
W/dalvikvm( 6400): Link of class 'Lcom/whatsapp/adm/ADMMessageHandler;' failed
E/dalvikvm( 6400): Could not find class 'com.whatsapp.adm.ADMMessageHandler', referenced from method com.whatsapp.vw.f
W/dalvikvm( 6400): VFY: unable to resolve new-instance 2839 (Lcom/whatsapp/adm/ADMMessageHandler;) in Lcom/whatsapp/vw;
D/dalvikvm( 6400): VFY: replacing opcode 0x22 at 0x0040
W/dalvikvm( 6400): Unable to resolve superclass of Lcom/whatsapp/adm/ADMMessageHandler; (1190)
W/dalvikvm( 6400): Link of class 'Lcom/whatsapp/adm/ADMMessageHandler;' failed
D/dalvikvm( 6400): DexOpt: unable to opt direct call 0x6231 at 0x2b in Lcom/whatsapp/vw;.f
W/dalvikvm( 6400): Unable to resolve superclass of Lcom/whatsapp/adm/ADMMessageHandler; (1190)
W/dalvikvm( 6400): Link of class 'Lcom/whatsapp/adm/ADMMessageHandler;' failed
D/dalvikvm( 6400): DexOpt: unable to opt direct call 0x6231 at 0x44 in Lcom/whatsapp/vw;.f
I/dalvikvm( 6400): Could not find method android.os.PowerManager.isPowerSaveMode, referenced from method com.whatsapp.BatteryReceiver.a
W/dalvikvm( 6400): VFY: unable to resolve virtual method 1506: Landroid/os/PowerManager;.isPowerSaveMode ()Z
D/dalvikvm( 6400): VFY: replacing opcode 0x6e at 0x000d
D/Event   ( 6400): No subscribers registered for event class com.whatsapp.ah3
D/Event   ( 6400): No subscribers registered for event class de.greenrobot.event.a
I/WhatsApp( 6400): LL_I W [1:main]App.java:1142 ntp update processed; device time: Sat Apr 25 14:24:05 GMT+01:00 2015 ntp time: Sat Apr 25 14:24:05 GMT+01:00 2015
D/Event   ( 6400): No subscribers registered for event class com.whatsapp.alk
D/Event   ( 6400): No subscribers registered for event class de.greenrobot.event.a
D/dalvikvm( 6400): Trying to load lib /data/app-lib/com.whatsapp-1/libvlc.so 0x41fa9390
D/dalvikvm( 6400): Added shared lib /data/app-lib/com.whatsapp-1/libvlc.so 0x41fa9390
D/dalvikvm( 6400): No JNI_OnLoad found in /data/app-lib/com.whatsapp-1/libvlc.so 0x41fa9390, skipping init
D/dalvikvm( 6400): Trying to load lib /data/app-lib/com.whatsapp-1/libresample.so 0x41fa9390
D/dalvikvm( 6400): Added shared lib /data/app-lib/com.whatsapp-1/libresample.so 0x41fa9390
D/dalvikvm( 6400): No JNI_OnLoad found in /data/app-lib/com.whatsapp-1/libresample.so 0x41fa9390, skipping init
D/dalvikvm( 6400): Trying to load lib /data/app-lib/com.whatsapp-1/libwhatsapp.so 0x41fa9390
D/dalvikvm( 6400): Added shared lib /data/app-lib/com.whatsapp-1/libwhatsapp.so 0x41fa9390
I/WhatsApp( 6400): LL_I W [1:main]Runtime.java:421 14:24:05.334 os_core_unix.c !pjlib 2.2.1 for POSIX initialized
I/WhatsApp( 6400): LL_I W [1:main]Runtime.java:421 14:24:05.336 wa_audio_dev.c !WA Audio sound library initialized
I/WhatsApp( 6400): LL_I W [1:main]Runtime.java:421 14:24:05.337          pjlib  select() I/O Queue created (0x5ff1a9d4)
I/WhatsApp( 6400): LL_I W [1:main]Runtime.java:421 14:24:05.338      wa_opus.c  pjmedia_codec_opus_init start
I/WhatsApp( 6400): LL_I W [1:main]Runtime.java:421 14:24:05.339      wa_opus.c  pjmedia_codec_opus_init success
D/dalvikvm( 6400): Trying to load lib /data/app-lib/com.whatsapp-1/libcurve25519.so 0x41fa9390
D/dalvikvm( 6400): Added shared lib /data/app-lib/com.whatsapp-1/libcurve25519.so 0x41fa9390
D/dalvikvm( 6400): No JNI_OnLoad found in /data/app-lib/com.whatsapp-1/libcurve25519.so 0x41fa9390, skipping init
I/WhatsApp( 6400): LL_I W [1:main]WhatsAppLibLoader.java:77 native library usability testing in progress
I/WhatsApp( 6400): LL_I W [1:main]WhatsAppLibLoader.java:77 native library usability testing complete
D/WifiStateMachine( 1025): handleMessage: E msg.what=131155
D/WifiStateMachine( 1025): processMsg: ConnectedState
D/WifiStateMachine( 1025): processMsg: L2ConnectedState
D/WifiStateMachine( 1025): handleMessage: X
V/AlarmManager( 1025): sending alarm Alarm{42c4e040 type 3 com.whatsapp}
D/WifiStateMachine( 1025): handleMessage: E msg.what=151572
D/WifiStateMachine( 1025): processMsg: ConnectedState
D/WifiStateMachine( 1025): processMsg: L2ConnectedState
D/WifiStateMachine( 1025): handleMessage: X
I/SBar.NetworkController( 1119): onSignalStrengthsChanged SignalStrength: 12 0 -120 -160 -120 -1 -1 99 2147483647 2147483647 2147483647 2147483647 2147483647 gsm|lte 0 -108 -1 false 4 4 0 0 0 99 99 99 4 level=4
I/SBar.NetworkController( 1119): refreshSignalCluster: mobile: Signal=zz_moto_stat_sys_signal_4_fully_wide Roaming=(none) mSimIconId=(none) Accessibility="Phone signal full.","Not roaming.",""
I/ActivityManager( 1025): Start proc android.process.acore for content provider com.android.providers.contacts/.ContactsProvider2: pid=6429 uid=10010 gids={50010, 3003, 1028, 1015, 1023}
I/ActivityManager( 1025): Start proc com.android.vending for service com.android.vending/com.google.android.finsky.billing.iab.InAppBillingService: pid=6444 uid=10039 gids={50039, 3003, 1028, 1015}
V/AlarmManager( 1025): sending alarm Alarm{421e94a0 type 3 com.whatsapp}
I/ContactLocale( 6429): AddressBook Labels [en_GB]: [, A, B, C, D, E, F, G, H, I, J, K, L, M, N, O, P, Q, R, S, T, U, V, W, X, Y, Z, , , , , , , , , , , , , , , , , , , , , , , , , , , , , , , , , , , , , , , , , , , , , , , , , , , , , , , , , , , , , , , , , , , , , , , , , , , , , , , , , , , , , , , , , , , , , , , , , , , , , , , , , , , , , , , , , , , , , , , , , , , , , , , , , , , , , , , , , , , , , , , , , , , , , , , , , , , , , , , , , , , , , , , , , , , , , , , , , , , , , , #, ]
D/dalvikvm( 1025): GC_EXPLICIT freed 1173K, 41% free 29927K/50444K, paused 7ms+16ms, total 168ms
D/Finsky  ( 6444): [1] FinskyApp.onCreate: Initializing network with DFE https://android.clients.google.com/fdfe/
D/Finsky  ( 6444): [1] DailyHygiene.goMakeHygieneIfDirty: No need to run daily hygiene.
W/Settings( 6444): Setting download_manager_max_bytes_over_mobile has moved from android.provider.Settings.Secure to android.provider.Settings.Global.
W/Settings( 6444): Setting download_manager_recommended_max_bytes_over_mobile has moved from android.provider.Settings.Secure to android.provider.Settings.Global.
