D/WifiStateMachine( 1025): handleMessage: E msg.what=131155
D/WifiStateMachine( 1025): processMsg: ConnectedState
D/WifiStateMachine( 1025): processMsg: L2ConnectedState
D/WifiStateMachine( 1025): handleMessage: X
D/SurfaceFlinger(  274): Screen released, type=0 flinger=0xb769f450
D/qdhwcomposer(  274): hwc_blank: Blanking display: 0
I/SFPerfTracer(  274):       trigger: vsync rate (-36.230%)	(38.262 vps)	(26.135 ms)* 	(163 drops)	(445 vsyncs)
I/SFPerfTracer(  274):      triggers: (rate: 1159:453878) (364748 sw vsyncs) (1073131 skipped) (445:3449967 vsyncs) (447:4335814)
D/qdhwcomposer(  274): hwc_blank: Done blanking display: 0
D/SurfaceControl( 1025): Excessive delay in blankDisplay() while turning screen off: 210ms
I/AonLTInterfaceService( 1295): AodLT package version: 1000000
D/KeyguardHostView( 1119): showSecurityScreen(None)
D/KeyguardHostView( 1119): getSecurityView(None)
D/WifiStateMachine( 1025): handleScreenStateChanged: false
D/WifiStateMachine( 1025): handleMessage: E msg.what=131154
D/WifiStateMachine( 1025): processMsg: ConnectedState
D/WifiStateMachine( 1025): processMsg: L2ConnectedState
D/WifiStateMachine( 1025): handleMessage: X
D/WifiStateMachine( 1025): handleMessage: E msg.what=131163
D/WifiStateMachine( 1025): processMsg: ConnectedState
D/WifiStateMachine( 1025): processMsg: L2ConnectedState
D/WifiStateMachine( 1025): processMsg: ConnectModeState
D/WifiStateMachine( 1025): processMsg: DriverStartedState
D/WifiStateMachine( 1025): processMsg: SupplicantStartedState
D/WifiStateMachine( 1025): processMsg: DefaultState
D/WifiStateMachine( 1025): handleMessage: X
D/WifiStateMachine( 1025): handleMessage: E msg.what=131158
D/WifiStateMachine( 1025): processMsg: ConnectedState
D/WifiStateMachine( 1025): processMsg: L2ConnectedState
D/WifiStateMachine( 1025): processMsg: ConnectModeState
D/WifiStateMachine( 1025): processMsg: DriverStartedState
D/WifiStateMachine( 1025): setSuspendOptimizationsNative: 4 true
V/KeyguardHostView( 1119): Initial transport state: 0, pbstate=1
D/Sensors ( 1025): AccelerationSensor: Set Sensors state 0x0
D/audio_hw_primary(  277): adev_set_parameters: enter: screen_state=off
V/msm8974_platform(  277): platform_set_parameters: enter: screen_state=off
V/msm8974_platform(  277): platform_set_parameters: exit with code(-2)
E/audio_a2dp_hw(  277): adev_set_parameters: ERROR: set param called even when stream out is null
D/WifiStateMachine( 1025): handleMessage: X
D/KeyguardHostView( 1119): showSecurityScreen(None)
D/KeyguardHostView( 1119): getSecurityView(Invalid)
D/KeyguardHostView( 1119): getSecurityView(None)
D/dalvikvm( 1119): GC_CONCURRENT freed 1348K, 23% free 15408K/19892K, paused 2ms+4ms, total 31ms
D/dalvikvm( 1119): WAIT_FOR_CONCURRENT_GC blocked 30ms
V/KeyguardHostView( 1119): hide transport, gen:318
V/KeyguardHostView( 1119): music state changed: 1
W/View    ( 1119): requestLayout() improperly called by android.widget.TextClock{4250a288 V.ED.... ......ID 104,0-484,213 #7f0a004b app:id/clock_view} during layout: running second layout pass
W/View    ( 1119): requestLayout() improperly called by android.widget.TextClock{424ea8a8 V.ED.... ......ID 139,0-277,38 #7f0a0050 app:id/date_view} during layout: running second layout pass
W/View    ( 1119): requestLayout() improperly called by android.widget.TextView{4224a780 V.ED.... ......ID 293,0-449,38 #7f0a0051 app:id/alarm_status} during layout: running second layout pass
I/InputReader( 1025): Reconfiguring input devices.  changes=0x00000010
I/ActivityManager( 1025): Start proc com.android.vending for broadcast com.android.vending/com.google.android.finsky.receivers.PackageMonitorReceiver$RegisteredReceiver: pid=10321 uid=10039 gids={50039, 3003, 1028, 1015}
I/PackageManager( 1025): Adding preferred activity ComponentInfo{com.android.mms/com.android.mms.ui.ComposeMessageActivity} for user 0 :
I/PackageManager( 1025):   Action: "android.intent.action.SENDTO"
I/PackageManager( 1025):   Category: "android.intent.category.DEFAULT"
I/PackageManager( 1025):   Scheme: "sms"
I/Launcher( 5150): Deferring update until onResume
I/PackageManager( 1025): Adding preferred activity ComponentInfo{com.android.mms/com.android.mms.ui.ComposeMessageActivity} for user 0 :
I/PackageManager( 1025):   Action: "android.intent.action.SENDTO"
I/PackageManager( 1025):   Category: "android.intent.category.DEFAULT"
I/PackageManager( 1025):   Scheme: "smsto"
I/Launcher( 5150): Deferring update until onResume
I/PackageManager( 1025): Adding preferred activity ComponentInfo{com.android.mms/com.android.mms.ui.ComposeMessageActivity} for user 0 :
I/PackageManager( 1025):   Action: "android.intent.action.SENDTO"
I/PackageManager( 1025):   Category: "android.intent.category.DEFAULT"
I/PackageManager( 1025):   Scheme: "mms"
I/PackageManager( 1025): Adding preferred activity ComponentInfo{com.android.mms/com.android.mms.ui.ComposeMessageActivity} for user 0 :
I/PackageManager( 1025):   Action: "android.intent.action.SENDTO"
I/PackageManager( 1025):   Category: "android.intent.category.DEFAULT"
I/PackageManager( 1025):   Scheme: "mmsto"
I/PackageManager( 1025): Adding preferred activity ComponentInfo{com.android.mms/com.android.mms.ui.ComposeMessageActivity} for user 0 :
I/PackageManager( 1025):   Action: "android.intent.action.SENDTO"
I/PackageManager( 1025):   Category: "android.intent.category.DEFAULT"
I/PackageManager( 1025):   Scheme: "sms"
I/PackageManager( 1025): Adding preferred activity ComponentInfo{com.android.mms/com.android.mms.ui.ComposeMessageActivity} for user 0 :
I/PackageManager( 1025):   Action: "android.intent.action.SENDTO"
I/PackageManager( 1025):   Category: "android.intent.category.DEFAULT"
I/PackageManager( 1025):   Scheme: "smsto"
I/PackageManager( 1025): Adding preferred activity ComponentInfo{com.android.mms/com.android.mms.ui.ComposeMessageActivity} for user 0 :
I/PackageManager( 1025):   Action: "android.intent.action.SENDTO"
I/PackageManager( 1025):   Category: "android.intent.category.DEFAULT"
I/PackageManager( 1025):   Scheme: "mms"
I/PackageManager( 1025): Adding preferred activity ComponentInfo{com.android.mms/com.android.mms.ui.ComposeMessageActivity} for user 0 :
I/PackageManager( 1025):   Action: "android.intent.action.SENDTO"
I/PackageManager( 1025):   Category: "android.intent.category.DEFAULT"
I/PackageManager( 1025):   Scheme: "mmsto"
D/Finsky  (10321): [1] FinskyApp.onCreate: Initializing network with DFE https://android.clients.google.com/fdfe/
D/Finsky  (10321): [1] DailyHygiene.goMakeHygieneIfDirty: No need to run daily hygiene.
W/Settings(10321): Setting download_manager_max_bytes_over_mobile has moved from android.provider.Settings.Secure to android.provider.Settings.Global.
W/Settings(10321): Setting download_manager_recommended_max_bytes_over_mobile has moved from android.provider.Settings.Secure to android.provider.Settings.Global.
I/dalvikvm(10321): Could not find method com.google.android.play.layout.PlayCardViewBase.setTransitionName, referenced from method com.google.android.finsky.utils.PlayCardUtils.bindCard
W/dalvikvm(10321): VFY: unable to resolve virtual method 42705: Lcom/google/android/play/layout/PlayCardViewBase;.setTransitionName (Ljava/lang/String;)V
D/dalvikvm(10321): VFY: replacing opcode 0x6e at 0x00d9
I/dalvikvm(10321): Could not find method com.google.android.play.layout.PlayCardViewBase.setTransitionGroup, referenced from method com.google.android.finsky.utils.PlayCardUtils.bindCard
W/dalvikvm(10321): VFY: unable to resolve virtual method 42704: Lcom/google/android/play/layout/PlayCardViewBase;.setTransitionGroup (Z)V
D/dalvikvm(10321): VFY: replacing opcode 0x6e at 0x0246
I/dalvikvm(10321): Could not find method android.view.View.getTransitionName, referenced from method com.google.android.finsky.navigationmanager.NavigationManager.showPage
W/dalvikvm(10321): VFY: unable to resolve virtual method 9352: Landroid/view/View;.getTransitionName ()Ljava/lang/String;
D/dalvikvm(10321): VFY: replacing opcode 0x6e at 0x001a
D/Finsky  (10321): [1] 2.run: Loaded library for account: [gKXbJhL8NA2nPUzZyFpjB6tKi7U]
D/Finsky  (10321): [1] 2.run: Finished loading 1 libraries.
I/ActivityManager( 1025): Process com.android.vending (pid 10321) has died.
D/WifiStateMachine( 1025): handleMessage: E msg.what=131155
D/WifiStateMachine( 1025): processMsg: ConnectedState
D/WifiStateMachine( 1025): processMsg: L2ConnectedState
D/WifiStateMachine( 1025): handleMessage: X
I/ActivityManager( 1025): Start proc com.motorola.MotGallery2 for broadcast com.motorola.MotGallery2/com.android.gallery3d.app.PackagesMonitor: pid=10377 uid=10034 gids={50034, 3003, 1028, 1015}
D/PackageBroadcastService( 8595): Received broadcast action=android.intent.action.PACKAGE_CHANGED and uri=com.motorola.genie
I/ActivityManager( 1025): Start proc com.google.android.googlequicksearchbox:search for broadcast com.google.android.googlequicksearchbox/com.google.android.search.core.icingsync.IcingCorporaChangedReceiver: pid=10391 uid=10045 gids={50045, 3003, 3001, 1028, 3002, 1015}
I/dalvikvm( 8595): Could not find method android.os.UserHandle.isOwner, referenced from method com.google.android.gms.icing.service.v.d
W/dalvikvm( 8595): VFY: unable to resolve virtual method 1360: Landroid/os/UserHandle;.isOwner ()Z
D/dalvikvm( 8595): VFY: replacing opcode 0x6e at 0x0018
W/ContextImpl( 1295): Calling a method in the system process without a qualified user: android.app.ContextImpl.startService:1608 android.content.ContextWrapper.startService:494 android.content.ContextWrapper.startService:494 com.motorola.motocare.internal.batterystats.BatteryStatsAction.onReceive:33 android.app.ActivityThread.handleReceiver:2434 
I/UpdateIcingCorporaServi(10391): Updating corpora: APPS=com.motorola.genie, CONTACTS=MAYBE
D/dalvikvm( 8595): Trying to load lib /data/app-lib/com.google.android.gms-1/libAppDataSearch.so 0x41fb72b0
D/dalvikvm( 8595): Added shared lib /data/app-lib/com.google.android.gms-1/libAppDataSearch.so 0x41fb72b0
D/dalvikvm( 8595): No JNI_OnLoad found in /data/app-lib/com.google.android.gms-1/libAppDataSearch.so 0x41fb72b0, skipping init
D/dalvikvm(20136): GC_EXPLICIT freed 1130K, 41% free 10321K/17224K, paused 2ms+4ms, total 55ms
I/ActivityManager( 1025): Start proc com.google.android.partnersetup for content provider com.google.android.partnersetup/.RlzAppProvider: pid=10419 uid=10025 gids={50025, 3003}
I/ActivityManager( 1025): Process com.motorola.MotGallery2 (pid 10377) has died.
I/dalvikvm(10391): Could not find method android.content.pm.PackageManager.getPackageInstaller, referenced from method com.google.android.gms.common.e.p
W/dalvikvm(10391): VFY: unable to resolve virtual method 901: Landroid/content/pm/PackageManager;.getPackageInstaller ()Landroid/content/pm/PackageInstaller;
D/dalvikvm(10391): VFY: replacing opcode 0x6e at 0x000b
I/ActivityManager( 1025): Process com.google.android.partnersetup (pid 10419) has died.
W/dalvikvm( 8595): VFY: unable to find class referenced in signature (Landroid/app/SharedElementCallback;)
I/dalvikvm( 8595): Could not find method android.app.Activity.setEnterSharedElementCallback, referenced from method android.support.v4.app.q.setEnterSharedElementCallback
W/dalvikvm( 8595): VFY: unable to resolve virtual method 90: Landroid/app/Activity;.setEnterSharedElementCallback (Landroid/app/SharedElementCallback;)V
D/dalvikvm( 8595): VFY: replacing opcode 0x6e at 0x000e
W/dalvikvm( 8595): VFY: unable to find class referenced in signature (Landroid/app/SharedElementCallback;)
I/dalvikvm( 8595): Could not find method android.app.Activity.setExitSharedElementCallback, referenced from method android.support.v4.app.q.setExitSharedElementCallback
W/dalvikvm( 8595): VFY: unable to resolve virtual method 91: Landroid/app/Activity;.setExitSharedElementCallback (Landroid/app/SharedElementCallback;)V
D/dalvikvm( 8595): VFY: replacing opcode 0x6e at 0x000e
I/dalvikvm( 8595): Could not find method android.app.Activity.finishAfterTransition, referenced from method android.support.v4.app.q.supportFinishAfterTransition
W/dalvikvm( 8595): VFY: unable to resolve virtual method 52: Landroid/app/Activity;.finishAfterTransition ()V
D/dalvikvm( 8595): VFY: replacing opcode 0x6e at 0x0006
I/dalvikvm( 8595): Could not find method android.app.Activity.postponeEnterTransition, referenced from method android.support.v4.app.q.supportPostponeEnterTransition
W/dalvikvm( 8595): VFY: unable to resolve virtual method 85: Landroid/app/Activity;.postponeEnterTransition ()V
D/dalvikvm( 8595): VFY: replacing opcode 0x6e at 0x0006
I/dalvikvm( 8595): Could not find method android.app.Activity.startPostponedEnterTransition, referenced from method android.support.v4.app.q.supportStartPostponedEnterTransition
W/dalvikvm( 8595): VFY: unable to resolve virtual method 99: Landroid/app/Activity;.startPostponedEnterTransition ()V
D/dalvikvm( 8595): VFY: replacing opcode 0x6e at 0x0006
I/PeopleDatabaseHelper( 8595): cleanUpNonGplusAccounts done.
I/Icing   ( 8595): Storage manager: low false usage 4.54MB avail 1.31GB capacity 4.70GB
W/Icing   ( 8595): Received bad json for section weights override -- ignoring.
W/Icing   ( 8595): Received bad json for corpus scoring config -- ignoring.
W/Icing   ( 8595): Received bad json for corpus context scoring override -- ignoring.
I/dalvikvm( 8595): Could not find method android.os.UserHandle.isOwner, referenced from method com.google.android.gms.icing.impl.a.f.a
W/dalvikvm( 8595): VFY: unable to resolve virtual method 1360: Landroid/os/UserHandle;.isOwner ()Z
D/dalvikvm( 8595): VFY: replacing opcode 0x6e at 0x0015
D/dalvikvm( 2458): GC_CONCURRENT freed 1995K, 45% free 9634K/17224K, paused 1ms+3ms, total 19ms
I/ApplicationLogger(10391): canRun() : Opted Out
I/UpdateIcingCorporaServi(10391): UpdateCorporaTask done [took 164 ms] updated apps [took 164 ms] 
I/ActivityManager( 1025): Process com.google.android.googlequicksearchbox:search (pid 10391) has died.
I/dalvikvm( 8595): Total arena pages for JIT: 11
I/dalvikvm( 8595): Total arena pages for JIT: 12
I/dalvikvm( 8595): Total arena pages for JIT: 13
I/dalvikvm( 8595): Total arena pages for JIT: 14
I/Icing   ( 8595): updateResources: need to parse e{com.google.android.gms}
I/Icing   ( 8595): Internal init done: storage state 0
I/Icing   ( 8595): Post-init done
V/AlarmManager( 1025): sending alarm Alarm{43933880 type 3 com.devexpert.weather}
V/AlarmManager( 1025): sending alarm Alarm{43931eb0 type 2 com.facebook.katana}
I/ActivityManager( 1025): Start proc com.devexpert.weather for broadcast com.devexpert.weather/.view.WidgetWeather2x1: pid=10450 uid=10112 gids={50112, 3003, 1028, 1015}
V/AlarmManager( 1025): sending alarm Alarm{43930408 type 0 com.rhmsoft.fm}
V/AlarmManager( 1025): sending alarm Alarm{4392ff28 type 1 com.rhmsoft.fm}
V/AlarmManager( 1025): sending alarm Alarm{4393d328 type 0 com.google.android.googlequicksearchbox}
I/ActivityManager( 1025): Start proc com.google.android.googlequicksearchbox:search for service com.google.android.googlequicksearchbox/com.google.android.velvet.VelvetBackgroundTasksImpl$Service: pid=10463 uid=10045 gids={50045, 3003, 3001, 1028, 3002, 1015}
D/dalvikvm(  275): GC_EXPLICIT freed 43K, 48% free 9011K/17224K, paused 2ms+4ms, total 25ms
D/dalvikvm(  275): GC_EXPLICIT freed <1K, 48% free 9011K/17224K, paused 1ms+3ms, total 19ms
D/dalvikvm(  275): GC_EXPLICIT freed <1K, 48% free 9011K/17224K, paused 1ms+3ms, total 18ms
D/PWM     ( 8180): url=http://up.cm.ksmobile.com/filemanager//controller/CloudCfg.php
I/ActivityManager( 1025): Start proc com.google.android.partnersetup for content provider com.google.android.partnersetup/.RlzAppProvider: pid=10493 uid=10025 gids={50025, 3003}
I/dalvikvm(10463): Could not find method android.content.pm.PackageManager.getPackageInstaller, referenced from method com.google.android.gms.common.e.p
W/dalvikvm(10463): VFY: unable to resolve virtual method 901: Landroid/content/pm/PackageManager;.getPackageInstaller ()Landroid/content/pm/PackageInstaller;
D/dalvikvm(10463): VFY: replacing opcode 0x6e at 0x000b
I/KInfoc  ( 8180): Auto Post
W/Settings( 8180): Setting android_id has moved from android.provider.Settings.System to android.provider.Settings.Secure, returning read-only value.
I/ActivityManager( 1025): Process com.google.android.googlequicksearchbox:search (pid 10463) has died.
I/ActivityManager( 1025): Process com.google.android.partnersetup (pid 10493) has died.
E/AdwareHttpConnector( 8180): 200
I/ActivityManager( 1025): Process com.devexpert.weather (pid 10450) has died.
D/dalvikvm( 1025): GC_EXPLICIT freed 1407K, 37% free 31939K/50444K, paused 5ms+24ms, total 172ms
D/dalvikvm( 1025): GC_EXPLICIT freed 256K, 38% free 31772K/50444K, paused 9ms+17ms, total 164ms
D/dalvikvm( 8506): GC_EXPLICIT freed 388K, 46% free 9407K/17224K, paused 2ms+4ms, total 30ms
D/Ulp_jni ( 1025): Location CB invoked
D/dalvikvm( 1295): GC_CONCURRENT freed 1905K, 46% free 9333K/17224K, paused 2ms+2ms, total 17ms
W/ContextImpl( 1295): Calling a method in the system process without a qualified user: android.app.ContextImpl.sendBroadcast:1252 android.content.ContextWrapper.sendBroadcast:365 com.motorola.motocare.util.TriggerHelper$TriggerBuilder.send:76 com.motorola.motocare.internal.frameworkevents.ProcessKillTrigger.sendTrigger:147 com.motorola.motocare.internal.frameworkevents.ProcessKillTrigger.handleLmkKill:337 
W/ContextImpl( 1295): Calling a method in the system process without a qualified user: android.app.ContextImpl.sendBroadcast:1252 android.content.ContextWrapper.sendBroadcast:365 com.motorola.motocare.util.TriggerHelper$TriggerBuilder.send:76 com.motorola.motocare.internal.frameworkevents.ProcessKillTrigger.sendTrigger:147 com.motorola.motocare.internal.frameworkevents.ProcessKillTrigger.handleLmkKill:337 
W/ContextImpl( 1295): Calling a method in the system process without a qualified user: android.app.ContextImpl.sendBroadcast:1252 android.content.ContextWrapper.sendBroadcast:365 com.motorola.motocare.util.TriggerHelper$TriggerBuilder.send:76 com.motorola.motocare.internal.frameworkevents.ProcessKillTrigger.sendTrigger:147 com.motorola.motocare.internal.frameworkevents.ProcessKillTrigger.handleLmkKill:337 
W/ContextImpl( 1295): Calling a method in the system process without a qualified user: android.app.ContextImpl.sendBroadcast:1252 android.content.ContextWrapper.sendBroadcast:365 com.motorola.motocare.util.TriggerHelper$TriggerBuilder.send:76 com.motorola.motocare.internal.frameworkevents.ProcessKillTrigger.sendTrigger:147 com.motorola.motocare.internal.frameworkevents.ProcessKillTrigger.handleLmkKill:337 
W/ContextImpl( 1295): Calling a method in the system process without a qualified user: android.app.ContextImpl.sendBroadcast:1252 android.content.ContextWrapper.sendBroadcast:365 com.motorola.motocare.util.TriggerHelper$TriggerBuilder.send:76 com.motorola.motocare.internal.frameworkevents.ProcessKillTrigger.sendTrigger:147 com.motorola.motocare.internal.frameworkevents.ProcessKillTrigger.handleLmkKill:337 
W/ContextImpl( 1295): Calling a method in the system process without a qualified user: android.app.ContextImpl.sendBroadcast:1252 android.content.ContextWrapper.sendBroadcast:365 com.motorola.motocare.util.TriggerHelper$TriggerBuilder.send:76 com.motorola.motocare.internal.frameworkevents.ProcessKillTrigger.sendTrigger:147 com.motorola.motocare.internal.frameworkevents.ProcessKillTrigger.handleLmkKill:337 
W/ContextImpl( 1295): Calling a method in the system process without a qualified user: android.app.ContextImpl.sendBroadcast:1252 android.content.ContextWrapper.sendBroadcast:365 com.motorola.motocare.util.TriggerHelper$TriggerBuilder.send:76 com.motorola.motocare.internal.frameworkevents.ProcessKillTrigger.sendTrigger:147 com.motorola.motocare.internal.frameworkevents.ProcessKillTrigger.handleLmkKill:337 
W/ContextImpl( 1295): Calling a method in the system process without a qualified user: android.app.ContextImpl.sendBroadcast:1252 android.content.ContextWrapper.sendBroadcast:365 com.motorola.motocare.util.TriggerHelper$TriggerBuilder.send:76 com.motorola.motocare.internal.frameworkevents.ProcessKillTrigger.sendTrigger:147 com.motorola.motocare.internal.frameworkevents.ProcessKillTrigger.handleLmkKill:337 
W/ContextImpl( 1295): Calling a method in the system process without a qualified user: android.app.ContextImpl.sendBroadcast:1252 android.content.ContextWrapper.sendBroadcast:365 com.motorola.motocare.util.TriggerHelper$TriggerBuilder.send:76 com.motorola.motocare.internal.frameworkevents.ProcessKillTrigger.sendTrigger:147 com.motorola.motocare.internal.frameworkevents.ProcessKillTrigger.handleLmkKill:337 
W/ContextImpl( 1295): Calling a method in the system process without a qualified user: android.app.ContextImpl.sendBroadcast:1252 android.content.ContextWrapper.sendBroadcast:365 com.motorola.motocare.util.TriggerHelper$TriggerBuilder.send:76 com.motorola.motocare.internal.frameworkevents.ProcessKillTrigger.sendTrigger:147 com.motorola.motocare.internal.frameworkevents.ProcessKillTrigger.handleLmkKill:337 
W/ContextImpl( 1295): Calling a method in the system process without a qualified user: android.app.ContextImpl.sendBroadcast:1252 android.content.ContextWrapper.sendBroadcast:365 com.motorola.motocare.util.TriggerHelper$TriggerBuilder.send:76 com.motorola.motocare.internal.frameworkevents.ProcessKillTrigger.sendTrigger:147 com.motorola.motocare.internal.frameworkevents.ProcessKillTrigger.handleLmkKill:337 
W/ContextImpl( 1295): Calling a method in the system process without a qualified user: android.app.ContextImpl.sendBroadcast:1252 android.content.ContextWrapper.sendBroadcast:365 com.motorola.motocare.util.TriggerHelper$TriggerBuilder.send:76 com.motorola.motocare.internal.frameworkevents.ProcessKillTrigger.sendTrigger:147 com.motorola.motocare.internal.frameworkevents.ProcessKillTrigger.handleLmkKill:337 
W/ContextImpl( 1295): Calling a method in the system process without a qualified user: android.app.ContextImpl.sendBroadcast:1252 android.content.ContextWrapper.sendBroadcast:365 com.motorola.motocare.util.TriggerHelper$TriggerBuilder.send:76 com.motorola.motocare.internal.frameworkevents.ProcessKillTrigger.sendTrigger:147 com.motorola.motocare.internal.frameworkevents.ProcessKillTrigger.handleLmkKill:337 
W/ContextImpl( 1295): Calling a method in the system process without a qualified user: android.app.ContextImpl.sendBroadcast:1252 android.content.ContextWrapper.sendBroadcast:365 com.motorola.motocare.util.TriggerHelper$TriggerBuilder.send:76 com.motorola.motocare.internal.frameworkevents.ProcessKillTrigger.sendTrigger:147 com.motorola.motocare.internal.frameworkevents.ProcessKillTrigger.handleLmkKill:337 
W/ContextImpl( 1295): Calling a method in the system process without a qualified user: android.app.ContextImpl.sendBroadcast:1252 android.content.ContextWrapper.sendBroadcast:365 com.motorola.motocare.util.TriggerHelper$TriggerBuilder.send:76 com.motorola.motocare.internal.frameworkevents.ProcessKillTrigger.sendTrigger:147 com.motorola.motocare.internal.frameworkevents.ProcessKillTrigger.handleLmkKill:337 
W/ContextImpl( 1295): Calling a method in the system process without a qualified user: android.app.ContextImpl.sendBroadcast:1252 android.content.ContextWrapper.sendBroadcast:365 com.motorola.motocare.util.TriggerHelper$TriggerBuilder.send:76 com.motorola.motocare.internal.frameworkevents.ProcessKillTrigger.sendTrigger:147 com.motorola.motocare.internal.frameworkevents.ProcessKillTrigger.handleLmkKill:337 
W/ContextImpl( 1295): Calling a method in the system process without a qualified user: android.app.ContextImpl.sendBroadcast:1252 android.content.ContextWrapper.sendBroadcast:365 com.motorola.motocare.util.TriggerHelper$TriggerBuilder.send:76 com.motorola.motocare.internal.frameworkevents.ProcessKillTrigger.sendTrigger:147 com.motorola.motocare.internal.frameworkevents.ProcessKillTrigger.handleLmkKill:337 
W/ContextImpl( 1295): Calling a method in the system process without a qualified user: android.app.ContextImpl.sendBroadcast:1252 android.content.ContextWrapper.sendBroadcast:365 com.motorola.motocare.util.TriggerHelper$TriggerBuilder.send:76 com.motorola.motocare.internal.frameworkevents.ProcessKillTrigger.sendTrigger:147 com.motorola.motocare.internal.frameworkevents.ProcessKillTrigger.handleLmkKill:337 
W/ContextImpl( 1295): Calling a method in the system process without a qualified user: android.app.ContextImpl.sendBroadcast:1252 android.content.ContextWrapper.sendBroadcast:365 com.motorola.motocare.util.TriggerHelper$TriggerBuilder.send:76 com.motorola.motocare.internal.frameworkevents.ProcessKillTrigger.sendTrigger:147 com.motorola.motocare.internal.frameworkevents.ProcessKillTrigger.handleLmkKill:337 
W/ContextImpl( 1295): Calling a method in the system process without a qualified user: android.app.ContextImpl.sendBroadcast:1252 android.content.ContextWrapper.sendBroadcast:365 com.motorola.motocare.util.TriggerHelper$TriggerBuilder.send:76 com.motorola.motocare.internal.frameworkevents.ProcessKillTrigger.sendTrigger:147 com.motorola.motocare.internal.frameworkevents.ProcessKillTrigger.handleLmkKill:337 
W/ContextImpl( 1295): Calling a method in the system process without a qualified user: android.app.ContextImpl.sendBroadcast:1252 android.content.ContextWrapper.sendBroadcast:365 com.motorola.motocare.util.TriggerHelper$TriggerBuilder.send:76 com.motorola.motocare.internal.frameworkevents.ProcessKillTrigger.sendTrigger:147 com.motorola.motocare.internal.frameworkevents.ProcessKillTrigger.handleLmkKill:337 
W/ContextImpl( 1295): Calling a method in the system process without a qualified user: android.app.ContextImpl.sendBroadcast:1252 android.content.ContextWrapper.sendBroadcast:365 com.motorola.motocare.util.TriggerHelper$TriggerBuilder.send:76 com.motorola.motocare.internal.frameworkevents.ProcessKillTrigger.sendTrigger:147 com.motorola.motocare.internal.frameworkevents.ProcessKillTrigger.handleLmkKill:337 
W/ContextImpl( 1295): Calling a method in the system process without a qualified user: android.app.ContextImpl.sendBroadcast:1252 android.content.ContextWrapper.sendBroadcast:365 com.motorola.motocare.util.TriggerHelper$TriggerBuilder.send:76 com.motorola.motocare.internal.frameworkevents.ProcessKillTrigger.sendTrigger:147 com.motorola.motocare.internal.frameworkevents.ProcessKillTrigger.handleLmkKill:337 
W/ContextImpl( 1295): Calling a method in the system process without a qualified user: android.app.ContextImpl.sendBroadcast:1252 android.content.ContextWrapper.sendBroadcast:365 com.motorola.motocare.util.TriggerHelper$TriggerBuilder.send:76 com.motorola.motocare.internal.frameworkevents.ProcessKillTrigger.sendTrigger:147 com.motorola.motocare.internal.frameworkevents.ProcessKillTrigger.handleLmkKill:337 
W/ContextImpl( 1295): Calling a method in the system process without a qualified user: android.app.ContextImpl.sendBroadcast:1252 android.content.ContextWrapper.sendBroadcast:365 com.motorola.motocare.util.TriggerHelper$TriggerBuilder.send:76 com.motorola.motocare.internal.frameworkevents.ProcessKillTrigger.sendTrigger:147 com.motorola.motocare.internal.frameworkevents.ProcessKillTrigger.handleLmkKill:337 
W/ContextImpl( 1295): Calling a method in the system process without a qualified user: android.app.ContextImpl.sendBroadcast:1252 android.content.ContextWrapper.sendBroadcast:365 com.motorola.motocare.util.TriggerHelper$TriggerBuilder.send:76 com.motorola.motocare.internal.frameworkevents.ProcessKillTrigger.sendTrigger:147 com.motorola.motocare.internal.frameworkevents.ProcessKillTrigger.handleLmkKill:337 
W/ContextImpl( 1295): Calling a method in the system process without a qualified user: android.app.ContextImpl.sendBroadcast:1252 android.content.ContextWrapper.sendBroadcast:365 com.motorola.motocare.util.TriggerHelper$TriggerBuilder.send:76 com.motorola.motocare.internal.frameworkevents.ProcessKillTrigger.sendTrigger:147 com.motorola.motocare.internal.frameworkevents.ProcessKillTrigger.handleLmkKill:337 
W/ContextImpl( 1295): Calling a method in the system process without a qualified user: android.app.ContextImpl.sendBroadcast:1252 android.content.ContextWrapper.sendBroadcast:365 com.motorola.motocare.util.TriggerHelper$TriggerBuilder.send:76 com.motorola.motocare.internal.frameworkevents.ProcessKillTrigger.sendTrigger:147 com.motorola.motocare.internal.frameworkevents.ProcessKillTrigger.handleLmkKill:337 
D/dalvikvm( 1295): GC_EXPLICIT freed 1396K, 46% free 9311K/17224K, paused 2ms+2ms, total 25ms
D/dalvikvm( 1025): GC_EXPLICIT freed 151K, 38% free 31776K/50444K, paused 6ms+19ms, total 163ms
D/MDMCTBK (  273): reply_len: 40 reply is = IFNAME=wlan0 <3>CTRL-EVENT-BSS-REMOVED 3
D/MDMCTBK (  273): Event received = CTRL-EVENT-BSS-REMOVED 3
D/MDMCTBK (  273): reply_len: 40 reply is = IFNAME=wlan0 <3>CTRL-EVENT-BSS-REMOVED 3
D/MDMCTBK (  273): Event received = CTRL-EVENT-BSS-REMOVED 3
D/MDMCTBK (  273): reply_len: 40 reply is = IFNAME=wlan0 <3>CTRL-EVENT-BSS-REMOVED 3
D/MDMCTBK (  273): Event received = CTRL-EVENT-BSS-REMOVED 3
D/MDMCTBK (  273): reply_len: 40 reply is = IFNAME=wlan0 <3>CTRL-EVENT-BSS-REMOVED 3
D/MDMCTBK (  273): Event received = CTRL-EVENT-BSS-REMOVED 3
D/Ulp_jni ( 1025): Location CB invoked
D/KInfoc  ( 8180): clear batch timer
D/KInfoc  ( 8180): set batch timer
D/KInfoc  ( 8180):  BATCH REPORTER STARTED ........
I/iu.UploadsManager( 8595): #reloadSettings(); account: -1; IU: disabled; IS: disabled; IS account: -1; photoWiFi: true; videoWiFi: true; roam: false; battery: true; size: FULL; maxMobile: 157286400
I/iu.UploadsManager( 8595): End new media; added: 0, uploading: 0, time: 47 ms
D/MtpServer( 8506): path: /storage/emulated/0/Download/GiftMe-release.apk parent: 8 storageID: 00010001
V/AlarmManager( 1025): sending alarm Alarm{4392b448 type 3 android}
I/MDMCTBK (  273): NetlinkHandler, power_supply subsys
I/MDMCTBK (  273): NetlinkHandler, usbChargerStateChanged
I/MDMCTBK (  273): checkDefaultInst, current pid is = 273
I/MDMCTBK (  273): checkDefaultInst, pid match
I/MDMCTBK (  273): MdmCutbackHndler,readFromFile = /sys/class/power_supply/usb/online
I/MDMCTBK (  273): MdmCutbackHndler,readFromFile = 
E/MDMCTBK (  273): MdmCutbackHndler,Could not open ''
D/WifiService( 1025): acquireWifiLockLocked: WifiLock{NlpWifiLock type=2 binder=android.os.BinderProxy@4236c770}
D/Ulp_jni ( 1025): Location CB invoked
D/WifiService( 1025): releaseWifiLockLocked: WifiLock{NlpWifiLock type=2 binder=android.os.BinderProxy@4236c770}
V/AlarmManager( 1025): sending alarm Alarm{423f5830 type 2 com.whatsapp}
V/AlarmManager( 1025): sending alarm Alarm{423add98 type 3 com.devexpert.weather}
V/AlarmManager( 1025): sending alarm Alarm{422ebd90 type 0 com.google.android.gms}
I/ActivityManager( 1025): Start proc com.devexpert.weather for broadcast com.devexpert.weather/.view.WidgetWeather2x1: pid=10598 uid=10112 gids={50112, 3003, 1028, 1015}
I/AonLTInterfaceService( 1295): AodLT package version: 1000000
I/PowerManagerService( 1025): Waking up from sleep...
I/AonLTInterfaceService( 1295): AodLT package version: 1000000
V/KeyguardServiceDelegate( 1025): onScreenTurnedOn(showListener = com.android.internal.policy.impl.PhoneWindowManager$20@421082e0)
D/KeyguardHostView( 1119): showSecurityScreen(None)
D/KeyguardHostView( 1119): getSecurityView(None)
E/Sensors ( 1025): CT406 set ALS poll interval: 1000
D/SurfaceFlinger(  274): Screen acquired, type=0 flinger=0xb769f450
D/qdhwcomposer(  274): hwc_blank: Unblanking display: 0
D/WifiStateMachine( 1025): handleScreenStateChanged: true
D/WifiStateMachine( 1025): handleMessage: E msg.what=131154
D/WifiStateMachine( 1025): processMsg: ConnectedState
D/WifiStateMachine( 1025): processMsg: L2ConnectedState
D/WifiStateMachine( 1025): handleMessage: X
D/WifiStateMachine( 1025): handleMessage: E msg.what=131163
D/WifiStateMachine( 1025): processMsg: ConnectedState
D/WifiStateMachine( 1025): processMsg: L2ConnectedState
D/WifiStateMachine( 1025): processMsg: ConnectModeState
D/WifiStateMachine( 1025): processMsg: DriverStartedState
D/WifiStateMachine( 1025): processMsg: SupplicantStartedState
D/WifiStateMachine( 1025): processMsg: DefaultState
D/WifiStateMachine( 1025): handleMessage: X
D/WifiStateMachine( 1025): handleMessage: E msg.what=131127
D/WifiStateMachine( 1025): processMsg: ConnectedState
D/WifiStateMachine( 1025): processMsg: L2ConnectedState
D/WifiStateMachine( 1025): processMsg: ConnectModeState
D/WifiStateMachine( 1025): handleMessage: X
D/WifiStateMachine( 1025): handleMessage: E msg.what=131158
D/WifiStateMachine( 1025): processMsg: ConnectedState
D/WifiStateMachine( 1025): processMsg: L2ConnectedState
D/WifiStateMachine( 1025): processMsg: ConnectModeState
D/WifiStateMachine( 1025): processMsg: DriverStartedState
D/WifiStateMachine( 1025): setSuspendOptimizationsNative: 4 false
V/KeyguardServiceDelegate( 1025): **** SHOWN CALLED ****
I/WindowManager( 1025): Lock screen displayed!
D/DisplayPowerController( 1025): Unblocked screen on after 1599072950 ms
D/WifiStateMachine( 1025): handleMessage: X
D/WifiStateMachine( 1025): handleMessage: E msg.what=151572
D/WifiStateMachine( 1025): processMsg: ConnectedState
D/WifiStateMachine( 1025): processMsg: L2ConnectedState
I/iu.UploadsManager( 8595): End new media; added: 0, uploading: 0, time: 58 ms
D/WifiStateMachine( 1025): handleMessage: X
I/AonLTInterfaceService( 1295): AodLT package version: 1000000
D/qdhwcomposer(  274): hwc_blank: Done unblanking display: 0
D/SurfaceControl( 1025): Excessive delay in unblankDisplay() while turning screen on: 182ms
D/Sensors ( 1025): AccelerationSensor: Set Sensors state 0x1
D/Sensors ( 1025): AccelerationSensor: set delay 200
D/Sensors ( 1025): AccelerationSensor: set delay 200
I/SFPerfTracer(  274):      triggers: (rate: 1159:453878) (364846 sw vsyncs) (1073176 skipped) (0:3449969 vsyncs) (82:4335915)
D/audio_hw_primary(  277): adev_set_parameters: enter: screen_state=on
V/msm8974_platform(  277): platform_set_parameters: enter: screen_state=on
V/msm8974_platform(  277): platform_set_parameters: exit with code(-2)
E/audio_a2dp_hw(  277): adev_set_parameters: ERROR: set param called even when stream out is null
D/Ulp_jni ( 1025): JNI:system_update. Event-0
I/ActivityManager( 1025): Process com.devexpert.weather (pid 10598) has died.
D/WifiStateMachine( 1025): handleMessage: E msg.what=151572
D/WifiStateMachine( 1025): processMsg: ConnectedState
D/WifiStateMachine( 1025): processMsg: L2ConnectedState
D/WifiStateMachine( 1025): handleMessage: X
F/ProcessStats( 1025): Starting service ServiceState{42c48c08 com.whatsapp.messaging.MessageService pkg=com.whatsapp proc=42c48c08} without owner
F/ProcessStats( 1025): Starting service ServiceState{43399718 com.paypal.android.p2pmobile.services.AtoService pkg=com.paypal.android.p2pmobile proc=43399718} without owner
F/ProcessStats( 1025): Starting service ServiceState{43231e48 com.paypal.android.p2pmobile.services.WalletService pkg=com.paypal.android.p2pmobile proc=43231e48} without owner
F/ProcessStats( 1025): Starting service ServiceState{42a4cec0 com.facebook.push.mqtt.service.MqttPushService pkg=com.facebook.katana proc=42a4cec0} without owner
F/ProcessStats( 1025): Starting service ServiceState{428fdff0 com.facebook.push.mqtt.service.MqttPushService pkg=com.facebook.orca proc=428fdff0} without owner
I/SFPerfTracer(  274):      triggers: (rate: 1296:51446) (compose: 0:262) (post: 0:21) (render: 92:10760) (63:813948 frames) (64:3408123)
D/SFPerfTracer(  274):        layers: (4:11) (DimLayer: 0:158)* (DimLayer: 0:146)* (FocusedStackFrame: 0:22900)* (StatusBar: 1:273945) (NavigationBar: 1:211014) (DimLayer: 0:26649)* (DimLayer: 0:5075)* (com.android.wallpaper.fall.FallWallpaper: 19:6498) (co.giftmeapp.gift_me/com.paypal.android.sdk.payments.PaymentConfirmActivity: 0:61)* (Keyguard: 60:103) (ElectronBeam: 0:21)* 
W/ContextImpl( 1295): Calling a method in the system process without a qualified user: android.app.ContextImpl.sendBroadcast:1252 android.content.ContextWrapper.sendBroadcast:365 com.motorola.motocare.util.TriggerHelper$TriggerBuilder.send:76 com.motorola.motocare.internal.frameworkevents.PauseResumeTrigger.handleFrameworkEvent:53 com.motorola.motocare.internal.frameworkevents.FwEventMonitor$FrameworkListener.processFrameworkEvent:114 
D/3CDM.DeviceAdminPushReceiver(18647): Received an Intent - Action: android.intent.action.USER_PRESENT
D/3CDM.DeviceAdminPushReceiver(18647): Type: null
D/3CDM.DeviceAdminPushReceiver(18647): Data: null
D/PhoneStatusBar( 1119): disable: < expand icons alerts ticker system_info back* home* recent* clock* search >
D/3CDM.Service(18647): android.intent.action.USER_PRESENT
D/3CDM.Service(18647): Phone was locked and now it is unlocked now.
W/InputMethodManagerService( 1025): Window already focused, ignoring focus gain of: com.android.internal.view.IInputMethodClient$Stub$Proxy@42cdafe0 attribute=android.view.inputmethod.EditorInfo@427af108, token = android.os.BinderProxy@4289f6a8
D/UsbDeviceManager( 1025): MSG_USER_PRESENT
V/GAV3    ( 8246): Thread[main,5,main]: service disconnected: ComponentInfo{com.google.android.gms/com.google.android.gms.analytics.service.AnalyticsService}
V/GAV3    ( 8246): Thread[main,5,main]: Unexpected disconnect.
V/GAV3    ( 8246): Thread[main,5,main]: service disconnected: ComponentInfo{com.google.android.gms/com.google.android.gms.analytics.service.AnalyticsService}
V/GAV3    ( 8246): Thread[main,5,main]: Unexpected disconnect.
I/ActivityManager( 1025): Start proc com.linkedin.android for broadcast com.linkedin.android/.appwidget.ResponsiveWidgetService$ActiveUserListener: pid=10677 uid=10123 gids={50123, 3003, 1028, 1015}
I/ActivityManager( 1025): Process com.google.android.gms (pid 8595) has died.
W/ActivityManager( 1025): Scheduling restart of crashed service com.google.android.gms/.analytics.service.AnalyticsService in 1000ms
V/PhoneStatusBar( 1119): setLightsOn(true)
D/dalvikvm(27213): GC_CONCURRENT freed 726K, 34% free 13460K/20348K, paused 13ms+13ms, total 74ms
D/dalvikvm( 1025): GC_EXPLICIT freed 778K, 37% free 31833K/50444K, paused 8ms+20ms, total 216ms
D/WifiStateMachine( 1025): handleMessage: E msg.what=151572
D/WifiStateMachine( 1025): processMsg: ConnectedState
D/WifiStateMachine( 1025): processMsg: L2ConnectedState
D/WifiStateMachine( 1025): handleMessage: X
D/perfTimingLib(10677): logTimeStamp for linkedin_android_app_oncreate_time
I/ActivityManager( 1025): Process com.bambuna.podcastaddict (pid 8078) has died.
W/ActivityManager( 1025): Scheduling restart of crashed service com.bambuna.podcastaddict/.service.PodcastAddictService in 10467ms
D/dalvikvm(27213): GC_CONCURRENT freed 1824K, 33% free 13653K/20348K, paused 3ms+11ms, total 42ms
I/LiConfigParser(10677): Avail updated for feature [bluesteel_profile_easter] to:true
I/LiConfigParser(10677): Avail updated for feature [bluesteel_profile_caching] to:true
I/LiConfigParser(10677): Avail updated for feature [bluesteel_profile_background_animation] to:true
I/DefaultLiHttpClient(10677): Current retry config is:UseLiExceptionRetry
I/PersistentCookieStore(10677): Get Persistent Cookie Store
I/PersistentCookieStore(10677): mInstance == null. init mInstance
I/PersistentCookieStore(10677): no migration
I/MobileClient(10677): Mobile server: https://touch.www.linkedin.com
V/WebViewChromiumFactoryProvider(10677): Binding Chromium to main looper Looper (main, tid 1) {41fa3678}
I/LibraryLoader(10677): Expected native library version number "",actual native library version number ""
I/chromium(10677): [INFO:library_loader_hooks.cc(116)] Chromium logging enabled: level = 0, default verbosity = 0
I/BrowserStartupController(10677): Initializing chromium process, renderers=0
E/AudioManagerAndroid(10677): BLUETOOTH permission is missing!
I/Adreno-EGL(10677): <qeglDrvAPI_eglInitialize:410>: EGL 1.4 QUALCOMM build: AU_LINUX_ANDROID_LNX.LA.3.5.1_RB1.04.04.02.048.018_msm8226_LNX.LA.3.5.1_RB1__release_AU ()
I/Adreno-EGL(10677): OpenGL ES Shader Compiler Version: E031.24.00.08
I/Adreno-EGL(10677): Build Date: 03/07/14 Fri
I/Adreno-EGL(10677): Local Branch: 
I/Adreno-EGL(10677): Remote Branch: quic/LNX.LA.3.5.1_RB1.1
I/Adreno-EGL(10677): Local Patches: NONE
I/Adreno-EGL(10677): Reconstruct Branch: AU_LINUX_ANDROID_LNX.LA.3.5.1_RB1.04.04.02.048.018 + f2fd134 +  NOTHING
I/ActivityManager( 1025): Start proc com.google.android.gms for service com.google.android.gms/.analytics.service.AnalyticsService: pid=11432 uid=10022 gids={50022, 3003, 1007, 1028, 1015, 3002, 3001, 3007, 2001, 3006}
W/dalvikvm(11432): VFY: unable to resolve static field 658 (PR_SET_DUMPABLE) in Landroid/system/OsConstants;
D/dalvikvm(11432): VFY: replacing opcode 0x60 at 0x000b
I/MultiDex(11432): VM with version 1.6.0 does not have multidex support
I/MultiDex(11432): install
I/MultiDex(11432): MultiDexExtractor.load(/data/app/com.google.android.gms-1.apk, false)
I/MultiDex(11432): loading existing secondary dex files
I/MultiDex(11432): load found 3 secondary dex files
I/MultiDex(11432): install done
W/chromium(10677): [WARNING:proxy_service.cc(890)] PAC support disabled because there is no system implementation
D/dalvikvm( 1119): GC_FOR_ALLOC freed 2679K, 29% free 14193K/19892K, paused 26ms, total 26ms
I/ActivityManager( 1025): START u0 {act=com.android.systemui.recent.action.TOGGLE_RECENTS flg=0x10800000 cmp=com.android.systemui/.recent.RecentsActivity (has extras)} from pid 1119
W/ContextImpl( 1295): Calling a method in the system process without a qualified user: android.app.ContextImpl.sendBroadcast:1252 android.content.ContextWrapper.sendBroadcast:365 com.motorola.motocare.util.TriggerHelper$TriggerBuilder.send:76 com.motorola.motocare.internal.frameworkevents.PauseResumeTrigger.handleFrameworkEvent:53 com.motorola.motocare.internal.frameworkevents.FwEventMonitor$FrameworkListener.processFrameworkEvent:114 
W/ContextImpl( 1295): Calling a method in the system process without a qualified user: android.app.ContextImpl.sendBroadcast:1252 android.content.ContextWrapper.sendBroadcast:365 com.motorola.motocare.util.TriggerHelper$TriggerBuilder.send:76 com.motorola.motocare.internal.frameworkevents.PauseResumeTrigger.handleFrameworkEvent:53 com.motorola.motocare.internal.frameworkevents.FwEventMonitor$FrameworkListener.processFrameworkEvent:114 
I/SFPerfTracer(  274):      triggers: (rate: 1159:453880) (364846 sw vsyncs) (1073247 skipped) (41:3450105 vsyncs) (43:4336057)
I/PersistentCookieStore(10677): Get Persistent Cookie Store
W/InputMethodManagerService( 1025): Starting input on non-focused client com.android.internal.view.IInputMethodClient$Stub$Proxy@434c6248 (uid=10155 pid=18567)
I/LaunchCheckinHandler( 1025): Displayed com.android.systemui/.recent.RecentsActivity,wp,wa,71
D/AudioManagerAndroid(10677): ==> onReceive: s=0, m=1, n=h2w, sb=true
D/AudioManagerAndroid(10677): reportUpdate: state=0, devices=[Speakerphone, Headset earpiece]
I/PersistentCookieStore(10677): Get Persistent Cookie Store
I/ActivityManager( 1025): Start proc com.distilledmedia.thescore for broadcast com.distilledmedia.thescore/com.parse.ParseBroadcastReceiver: pid=11462 uid=10138 gids={50138, 3003, 1028, 1015}
I/RequestQueue(10677): Init Network Client
I/RequestQueue(10677): Network dispatcher has started
D/LI_AUTH_LIB(10677): in init username=TimCallagy@gmail.com
I/PersistentCookieStore(10677): All cookies cleared
D/com.linkedin.android.liauthlib.NetworkDispatcher(10677): sending request https://www.linkedin.com/mob/sso/you
D/dalvikvm( 1119): GC_FOR_ALLOC freed 1506K, 33% free 13516K/19892K, paused 34ms, total 34ms
D/ACRA    (10677): ACRA is enabled for com.linkedin.android, intializing...
D/ACRA    (10677): Looking for error files in /data/data/com.linkedin.android/files
I/LiApplication(10677): Locale found in prefs: 
I/LiApplication(10677): Updated language/locale to: en_GB
D/dalvikvm( 1119): GC_FOR_ALLOC freed 54K, 26% free 14781K/19892K, paused 23ms, total 23ms
I/dalvikvm-heap( 1119): Grow heap (frag case) to 16.896MB for 380496-byte allocation
I/MultiDex(11462): VM with version 1.6.0 does not have multidex support
I/MultiDex(11462): install
D/WifiStateMachine( 1025): handleMessage: E msg.what=131155
D/WifiStateMachine( 1025): processMsg: ConnectedState
D/WifiStateMachine( 1025): processMsg: L2ConnectedState
I/MultiDex(11462): MultiDexExtractor.load(/data/app/com.distilledmedia.thescore-2.apk, false)
D/WifiStateMachine( 1025): handleMessage: X
D/WifiStateMachine( 1025): handleMessage: E msg.what=151572
D/WifiStateMachine( 1025): processMsg: ConnectedState
D/WifiStateMachine( 1025): processMsg: L2ConnectedState
D/WifiStateMachine( 1025): handleMessage: X
I/MultiDex(11462): loading existing secondary dex files
I/MultiDex(11462): load found 0 secondary dex files
I/MultiDex(11462): install done
I/ProviderInstaller(11432): Insert disabled by gate 'gms:security:enable_conscrypt_in_gms_application'
D/[1]JournalApp(11462): created
V/GAV3    ( 8246): Thread[main,5,main]: service connected, binder: android.os.BinderProxy@41ffff30
V/GAV3    ( 8246): Thread[main,5,main]: bound to service
V/GAV3    ( 8246): Thread[main,5,main]: Connected to service
V/GAV3    ( 8246): Thread[main,5,main]: service connected, binder: android.os.BinderProxy@41ffff30
V/GAV3    ( 8246): Thread[main,5,main]: bound to service
V/GAV3    ( 8246): Thread[main,5,main]: Connected to service
I/ActivityManager( 1025): Process com.linkedin.android (pid 10677) has died.
W/Settings(11462): Setting airplane_mode_on has moved from android.provider.Settings.System to android.provider.Settings.Global, returning read-only value.
V/WebViewChromiumFactoryProvider(11462): Binding Chromium to main looper Looper (main, tid 1) {41fa5638}
I/LibraryLoader(11462): Expected native library version number "",actual native library version number ""
I/chromium(11462): [INFO:library_loader_hooks.cc(116)] Chromium logging enabled: level = 0, default verbosity = 0
I/BrowserStartupController(11462): Initializing chromium process, renderers=0
E/AudioManagerAndroid(11462): BLUETOOTH permission is missing!
I/ActivityManager( 1025): Process com.ghisler.android.TotalCommander (pid 17981) has died.
I/WindowState( 1025): WIN DEATH: Window{42863d98 u0 com.ghisler.android.TotalCommander/com.ghisler.android.TotalCommander.TotalCommander}
I/Adreno-EGL(11462): <qeglDrvAPI_eglInitialize:410>: EGL 1.4 QUALCOMM build: AU_LINUX_ANDROID_LNX.LA.3.5.1_RB1.04.04.02.048.018_msm8226_LNX.LA.3.5.1_RB1__release_AU ()
I/Adreno-EGL(11462): OpenGL ES Shader Compiler Version: E031.24.00.08
I/Adreno-EGL(11462): Build Date: 03/07/14 Fri
I/Adreno-EGL(11462): Local Branch: 
I/Adreno-EGL(11462): Remote Branch: quic/LNX.LA.3.5.1_RB1.1
I/Adreno-EGL(11462): Local Patches: NONE
I/Adreno-EGL(11462): Reconstruct Branch: AU_LINUX_ANDROID_LNX.LA.3.5.1_RB1.04.04.02.048.018 + f2fd134 +  NOTHING
W/chromium(11462): [WARNING:proxy_service.cc(890)] PAC support disabled because there is no system implementation
I/MDMCTBK (  273): NetlinkHandler, power_supply subsys
I/MDMCTBK (  273): NetlinkHandler, usbChargerStateChanged
I/MDMCTBK (  273): checkDefaultInst, current pid is = 273
I/MDMCTBK (  273): checkDefaultInst, pid match
I/MDMCTBK (  273): MdmCutbackHndler,readFromFile = /sys/class/power_supply/usb/online
I/MDMCTBK (  273): MdmCutbackHndler,readFromFile = 
E/MDMCTBK (  273): MdmCutbackHndler,Could not open ''
I/[717f5]com.distilledmedia.http.images.BitmapDiskCache(11462):  starting up file cache 
D/dalvikvm(27213): GC_CONCURRENT freed 1737K, 32% free 13857K/20348K, paused 3ms+7ms, total 31ms
D/dalvikvm(27213): WAIT_FOR_CONCURRENT_GC blocked 20ms
I/[1]FacebookAccount(11462): Restored session valid = false
I/MDMCTBK (  273): NetlinkHandler, power_supply subsys
I/MDMCTBK (  273): NetlinkHandler, usbChargerStateChanged
I/MDMCTBK (  273): checkDefaultInst, current pid is = 273
I/MDMCTBK (  273): checkDefaultInst, pid match
I/MDMCTBK (  273): MdmCutbackHndler,readFromFile = /sys/class/power_supply/usb/online
I/MDMCTBK (  273): MdmCutbackHndler,readFromFile = 
E/MDMCTBK (  273): MdmCutbackHndler,Could not open ''
I/[1]TheScoreApp(11462): Live notifications enabled
D/dalvikvm(27213): GC_EXPLICIT freed 502K, 35% free 13355K/20348K, paused 4ms+9ms, total 42ms
D/AudioManagerAndroid(11462): ==> onReceive: s=0, m=1, n=h2w, sb=true
D/AudioManagerAndroid(11462): reportUpdate: state=0, devices=[Speakerphone, Headset earpiece]
I/ActivityManager( 1025): Start proc com.devexpert.weather for broadcast com.devexpert.weather/.view.WidgetWeather2x1: pid=11771 uid=10112 gids={50112, 3003, 1028, 1015}
W/ContextImpl( 1295): Calling a method in the system process without a qualified user: android.app.ContextImpl.startService:1608 android.content.ContextWrapper.startService:494 android.content.ContextWrapper.startService:494 com.motorola.motocare.internal.batterystats.BatteryStatsAction.onReceive:33 android.app.ActivityThread.handleReceiver:2434 
D/dalvikvm(27213): GC_EXPLICIT freed 478K, 34% free 13609K/20348K, paused 3ms+5ms, total 49ms
D/GCM     (20136): GcmService start Intent { act=com.google.android.gms.INITIALIZE flg=0x10 pkg=com.google.android.gms cmp=com.google.android.gms/.gcm.GcmService } com.google.android.gms.INITIALIZE
I/ActivityManager( 1025): Process com.distilledmedia.thescore (pid 11462) has died.
D/AuthorizationBluetoothService(20136): Received GmsCore event: Intent { act=com.google.android.gms.INITIALIZE flg=0x10 pkg=com.google.android.gms cmp=com.google.android.gms/.auth.be.proximity.authorization.bt.AuthorizationBluetoothService$AutoStarter }.
E/AuthorizationBluetoothService(20136): Proximity feature is not enabled.
V/GmsCoreStatsServiceLauncher(11432): Received broadcast intent Intent { act=com.google.android.gms.INITIALIZE flg=0x10 pkg=com.google.android.gms cmp=com.google.android.gms/.common.stats.GmsCoreStatsServiceLauncher }
I/ActivityManager( 1025): Process com.devexpert.weather (pid 11771) has died.
I/ActivityManager( 1025): Start proc com.devexpert.weather for broadcast com.devexpert.weather/.view.WidgetWeather2x1: pid=12042 uid=10112 gids={50112, 3003, 1028, 1015}
