D/PowerManagerService(  586): releaseWakeLock(42cfba40): CPU_MIN_NUM , tag=RosieScroll_2, flags=0x400
D/PowerManagerService(  586): releaseWakeLock(42cc28d8): CPU_MIN_FREQ , tag=RosieScroll_2, flags=0x100
D/PowerManagerService(  586): acquireWakeLock(42bc8138): CPU_MIN_NUM , tag=RosieScroll_2, flags=0x400, pid=7839, uid=9999, mUserState=0x3
D/PowerManagerService(  586): acquireWakeLock(42b87db8): CPU_MIN_FREQ , tag=RosieScroll_2, flags=0x100, pid=7839, uid=9999, mUserState=0x3
D/PowerManagerService(  586): releaseWakeLock(42bc8138): CPU_MIN_NUM , tag=RosieScroll_2, flags=0x400
D/PowerManagerService(  586): releaseWakeLock(42b87db8): CPU_MIN_FREQ , tag=RosieScroll_2, flags=0x100
D/PowerManagerService(  586): acquireWakeLock(429bece8): CPU_MIN_NUM , tag=RosieScroll_2, flags=0x400, pid=7839, uid=9999, mUserState=0x3
D/PowerManagerService(  586): acquireWakeLock(4291c2d8): CPU_MIN_FREQ , tag=RosieScroll_2, flags=0x100, pid=7839, uid=9999, mUserState=0x3
D/PowerManagerService(  586): releaseWakeLock(429bece8): CPU_MIN_NUM , tag=RosieScroll_2, flags=0x400
D/PowerManagerService(  586): releaseWakeLock(4291c2d8): CPU_MIN_FREQ , tag=RosieScroll_2, flags=0x100
D/PowerManagerService(  586): acquireWakeLock(42833268): CPU_MIN_NUM , tag=RosieScroll_2, flags=0x400, pid=7839, uid=9999, mUserState=0x3
D/PowerManagerService(  586): acquireWakeLock(427f8a00): CPU_MIN_FREQ , tag=RosieScroll_2, flags=0x100, pid=7839, uid=9999, mUserState=0x3
D/PowerManagerService(  586): acquireWakeLock(427384b0): PARTIAL_WAKE_LOCK , tag=MqttPush, flags=0x1, pid=28920, uid=10000, mUserState=0x3
D/PowerManagerService(  586): releaseWakeLock(427384b0): PARTIAL_WAKE_LOCK , tag=MqttPush, flags=0x1
D/PowerManagerService(  586): releaseWakeLock(42833268): CPU_MIN_NUM , tag=RosieScroll_2, flags=0x400
D/PowerManagerService(  586): releaseWakeLock(427f8a00): CPU_MIN_FREQ , tag=RosieScroll_2, flags=0x100
D/PowerManagerService(  586): acquireWakeLock(42d62798): PARTIAL_WAKE_LOCK , tag=wake:com.facebook.katana/com.facebook.push.mqtt.receiver.MqttReceiver, flags=0x1, pid=28297, uid=10028, mUserState=0x3
D/PowerManagerService(  586): acquireWakeLock(42d3a0d0): CPU_MIN_NUM , tag=RosieScroll_2, flags=0x400, pid=7839, uid=9999, mUserState=0x3
D/PowerManagerService(  586): acquireWakeLock(42cf87f8): CPU_MIN_FREQ , tag=RosieScroll_2, flags=0x100, pid=7839, uid=9999, mUserState=0x3
D/PowerManagerService(  586): releaseWakeLock(42d62798): PARTIAL_WAKE_LOCK , tag=wake:com.facebook.katana/com.facebook.push.mqtt.receiver.MqttReceiver, flags=0x1
D/PowerManagerService(  586): releaseWakeLock(42d3a0d0): CPU_MIN_NUM , tag=RosieScroll_2, flags=0x400
D/PowerManagerService(  586): releaseWakeLock(42cf87f8): CPU_MIN_FREQ , tag=RosieScroll_2, flags=0x100
W/CpuWake (  586): >>nativeAcquireCpuPerfWakeLock()
W/CpuWake (  586): <<nativeAcquireCpuPerfWakeLock()
I/ActivityManager(  586): START {act=android.intent.action.MAIN cat=[android.intent.category.APP_MARKET] flg=0x10000000 cmp=com.android.vending/.AssetBrowserActivity u=0} from pid 7839
D/PowerManagerService(  586): acquireWakeLock(431f4060): PARTIAL_WAKE_LOCK , tag=ActivityManager-Launch, flags=0x1, pid=586, uid=1000, mUserState=0x3
W/CpuWake (  586): >>nativeAcquireCpuPerfWakeLock()
W/CpuWake (  586): <<nativeAcquireCpuPerfWakeLock()
I/ActivityManager(  586): START {act=android.intent.action.MAIN cat=[android.intent.category.APP_MARKET] flg=0x10400000 cmp=com.android.vending/com.google.android.finsky.activities.MainActivity u=0} from pid 22470
W/ActivityManager(  586): Duplicate finish request for ActivityRecord{42548608 com.android.vending/.AssetBrowserActivity}
I/ActivityManager(  586): Start proc com.google.android.gsf.login for service com.google.android.gsf.login/com.google.android.gsf.loginservice.GoogleLoginService: pid=29153 uid=10017 gids={3003, 1015, 1028, 2001, 1007, 3006, 1006, 3002, 3001}
W/CpuWake (  586): >>nativeReleaseCpuPerfWakeLock()
W/CpuWake (  586): <<nativeReleaseCpuPerfWakeLock()
I/ActivityManager(  586): Start proc android.process.acore for content provider com.android.providers.contacts/.HtcContactsProvider2: pid=29167 uid=10018 gids={3003, 1015, 5002, 1028}
V/InputMethodManagerService(  586): unbindCurrentInputLocked: client = android.os.BinderProxy@43a70428
I/InputMethodManagerService(  586): Disable input method client.
V/InputMethodManagerService(  586): switching to client: client = android.os.BinderProxy@42686908
I/InputMethodManagerService(  586): Enable input method client.
W/CpuWake (  586): >>nativeReleaseCpuPerfWakeLock()
W/CpuWake (  586): <<nativeReleaseCpuPerfWakeLock()
D/PowerManagerService(  586): releaseWakeLock(431f4060): PARTIAL_WAKE_LOCK , tag=ActivityManager-Launch, flags=0x1
I/ActivityManager(  586): Recipient 29090
I/ActivityManager(  586): Process com.htc.android.rosie.widget (pid 29090) has died.
I/ActivityManager(  586): Recipient 29153
I/ActivityManager(  586): Process com.google.android.gsf.login (pid 29153) has died.
D/PowerManagerService(  586): acquireWakeLock(430acda8): PARTIAL_WAKE_LOCK , tag=AudioOut_5, flags=0x1, pid=29893, uid=1013, mUserState=0x3
D/PowerManagerService(  586): acquireWakeLock(4308eb20): PARTIAL_WAKE_LOCK , tag=AudioOut_4, flags=0x1, pid=29893, uid=1013, mUserState=0x3
D/PowerManagerService(  586): acquireWakeLock(4307e9f8): PARTIAL_WAKE_LOCK , tag=AudioOut_6, flags=0x1, pid=29893, uid=1013, mUserState=0x3
D/PowerManagerService(  586): releaseWakeLock(4307e9f8): PARTIAL_WAKE_LOCK , tag=AudioOut_6, flags=0x1
D/PowerManagerService(  586): releaseWakeLock(430acda8): PARTIAL_WAKE_LOCK , tag=AudioOut_5, flags=0x1
D/PowerManagerService(  586): acquireWakeLock(430522b0): PARTIAL_WAKE_LOCK , tag=ActivityManager-Launch, flags=0x1, pid=586, uid=1000, mUserState=0x3
I/ActivityManager(  586): Recipient 29167
I/ActivityManager(  586): Process android.process.acore (pid 29167) has died.
I/ActivityManager(  586): Recipient 28920
I/ActivityManager(  586): Process com.facebook.orca (pid 28920) has died.
W/ActivityManager(  586): Scheduling restart of crashed service com.facebook.orca/com.facebook.analytics.service.AnalyticsService in 23287ms
W/ActivityManager(  586): Scheduling restart of crashed service com.facebook.orca/com.facebook.push.mqtt.service.MqttPushService in 33287ms
V/InputMethodManagerService(  586): unbindCurrentInputLocked: client = android.os.BinderProxy@42686908
I/InputMethodManagerService(  586): Disable input method client.
V/InputMethodManagerService(  586): switching to client: client = android.os.BinderProxy@43a70428
I/InputMethodManagerService(  586): Enable input method client.
D/PowerManagerService(  586): releaseWakeLock(430522b0): PARTIAL_WAKE_LOCK , tag=ActivityManager-Launch, flags=0x1
W/CpuWake (  586): >>nativeAcquireCpuPerfWakeLock()
W/CpuWake (  586): <<nativeAcquireCpuPerfWakeLock()
I/ActivityManager(  586): START {act=android.intent.action.MAIN cat=[android.intent.category.APP_MARKET] flg=0x10000000 cmp=com.android.vending/.AssetBrowserActivity u=0} from pid 7839
D/PowerManagerService(  586): acquireWakeLock(42f90088): PARTIAL_WAKE_LOCK , tag=ActivityManager-Launch, flags=0x1, pid=586, uid=1000, mUserState=0x3
D/LocationManagerService(  586): _removeUpdates: listener = Receiver{428d1d38 Listener android.os.BinderProxy@42a441d0}mUpdateRecords: {network=UpdateRecord{428d13f0 mProvider: network mUid: 10014}}
I/LocationManagerService(  586): remove network (pid 5472), next minTime = 86400000
W/CpuWake (  586): >>nativeAcquireCpuPerfWakeLock()
W/CpuWake (  586): <<nativeAcquireCpuPerfWakeLock()
I/ActivityManager(  586): START {act=android.intent.action.MAIN cat=[android.intent.category.APP_MARKET] flg=0x10000000 cmp=com.android.vending/com.google.android.finsky.activities.MainActivity u=0} from pid 22470
V/InputMethodManagerService(  586): unbindCurrentInputLocked: client = android.os.BinderProxy@43a70428
I/InputMethodManagerService(  586): Disable input method client.
V/InputMethodManagerService(  586): switching to client: client = android.os.BinderProxy@42686908
I/InputMethodManagerService(  586): Enable input method client.
I/ActivityManager(  586): Start proc com.google.android.gsf.login for service com.google.android.gsf.login/com.google.android.gsf.loginservice.GoogleLoginService: pid=29221 uid=10017 gids={3003, 1015, 1028, 2001, 1007, 3006, 1006, 3002, 3001}
D/BatteryService(  586): updateBatteryStats: auto update.
D/PowerManagerService(  586): acquireWakeLock(42cfc370): PARTIAL_WAKE_LOCK , tag=BatteryServiceUpdateStats, flags=0x1, pid=586, uid=1000, mUserState=0x3
D/PowerManagerService(  586): releaseWakeLock(42cfc370): PARTIAL_WAKE_LOCK , tag=BatteryServiceUpdateStats, flags=0x1
D/BatteryService(  586): updateBatteryStats: update triggered by UEvent.
D/PowerManagerService(  586): acquireWakeLock(42cb4328): PARTIAL_WAKE_LOCK , tag=BatteryServiceUpdateStats, flags=0x1, pid=586, uid=1000, mUserState=0x3
D/NotificationService(  586): mIntentReceiver() Intent.ACTION_BATTERY_CHANGED
D/PowerManagerService(  586): releaseWakeLock(42cb4328): PARTIAL_WAKE_LOCK , tag=BatteryServiceUpdateStats, flags=0x1
D/WifiService(  586): ACTION_BATTERY_CHANGED pluggedType: 0
D/PowerManagerService(  586): runHtcPowerSaverCheck ======================================
D/PowerUI (  800): plugged = false, health = 2, mBatteryLevel = 43, mPluggedBatteryLevel = 99, mLowBatteryWarningLevel2 = 25, mshowLowChargingWarning2 = true
I/ActivityManager(  586): Start proc com.htc.htcpowermanager:remote for broadcast com.htc.htcpowermanager/.powersaver.PowerSaverNotificationReceiver: pid=29236 uid=1000 gids={1015, 3002, 3001, 3003, 1028, 5006, 3007, 3006, 2001, 1007}
W/CpuWake (  586): >>nativeReleaseCpuPerfWakeLock()
W/CpuWake (  586): <<nativeReleaseCpuPerfWakeLock()
D/PowerManagerService(  586): releaseWakeLock(4308eb20): PARTIAL_WAKE_LOCK , tag=AudioOut_4, flags=0x1
D/PowerManagerService(  586): releaseWakeLock(42f90088): PARTIAL_WAKE_LOCK , tag=ActivityManager-Launch, flags=0x1
W/CpuWake (  586): >>nativeReleaseCpuPerfWakeLock()
W/CpuWake (  586): <<nativeReleaseCpuPerfWakeLock()
D/PhoneStatusBar(  800): addNotification score=0
I/ActivityManager(  586): Start proc com.htc.android.htcime:provider_latin for content provider com.htc.android.htcime/.provider.HTCIMEProviderLatin: pid=29260 uid=10042 gids={1015, 3003, 1028}
V/NotificationService(  586): dual Led off
D/PowerManagerService(  586): acquireWakeLock(42c88020): PARTIAL_WAKE_LOCK , tag=wake:com.facebook.katana/com.facebook.push.mqtt.receiver.MqttReceiver, flags=0x1, pid=28297, uid=10028, mUserState=0x3
D/PowerManagerService(  586): acquireWakeLock(425bea60): PARTIAL_WAKE_LOCK , tag=GCM_CONN, flags=0x1, pid=19604, uid=10017, mUserState=0x3
D/PowerManagerService(  586): releaseWakeLock(42c88020): PARTIAL_WAKE_LOCK , tag=wake:com.facebook.katana/com.facebook.push.mqtt.receiver.MqttReceiver, flags=0x1
D/PowerManagerService(  586): releaseWakeLock(425bea60): PARTIAL_WAKE_LOCK , tag=GCM_CONN, flags=0x1
D/ConnectivityService(  586): reportInetCondition for net 1, percentage: 100 by 19604/10017
D/ConnectivityService(  586): handleInetConditionChange: net=1, condition=100,mActiveDefaultNetwork=1
D/ConnectivityService(  586): handleInetConditionChange: starting a change hold
D/PowerManagerService(  586): acquireWakeLock(42ddf740): PARTIAL_WAKE_LOCK , tag=GOOGLE_C2DM, flags=0x1, pid=19604, uid=10017, mUserState=0x3
D/PowerManagerService(  586): acquireWakeLock(42c8c0e8): PARTIAL_WAKE_LOCK , tag=*net_scheduler*, flags=0x1, pid=19604, uid=10017, mUserState=0x3
D/PowerManagerService(  586): releaseWakeLock(42c8c0e8): PARTIAL_WAKE_LOCK , tag=*net_scheduler*, flags=0x1
W/PowerManagerService(  586): Can not get flags by lock
I/ActivityManager(  586): Start proc com.facebook.orca for broadcast com.facebook.orca/com.facebook.push.c2dm.C2DMBroadcastReceiver: pid=29304 uid=10000 gids={3003, 1015, 1006, 1028}
D/ConnectivityService(  586): handleInetConditionHoldEnd: net=1, condition=100, published condition=100
D/ConnectivityService(  586): sendStickyBroadcast: action=android.net.conn.INET_CONDITION_ACTION
D/WIFI_ICON(  800): updateConnectivity: type=1 connected=true
D/StatusBar.NetworkController(  800): dumpState[hasService=true ServiceState=0 home 3 3 27202  EDGE CSS not supported -1 -1 RoamInd=-1 DefRoamInd=-1EriInd= -1EriMode= -1RadioPowerSv: false EmergOnly=false PhoneType: 1 IsCdma=false SimState=UNKNOWN GprsState=0 DataState=Disconnected DataActivity=NONE NetworkType=EDGE HtcModemLinkOn=false HspaDataDistinquishable=true]
D/StatusBar.NetworkController(  800): dumpIconState[dataVisible=false dataIconId=stat_sys_data_connected_3g signalIconId=stat_sys_5signal_3 wifiVisible=true wifiIconId=stat_sys_wifi_signal_4 airplaneMode=false]
I/ActivityManager(  586): Start proc android.process.acore for content provider com.android.providers.contacts/.HtcContactsProvider2: pid=29317 uid=10018 gids={3003, 1015, 5002, 1028}
D/PowerManagerService(  586): acquireWakeLock(4249c868): PARTIAL_WAKE_LOCK , tag=C2DM_LIB, flags=0x1, pid=29304, uid=10000, mUserState=0x3
D/PowerManagerService(  586): releaseWakeLock(42ddf740): PARTIAL_WAKE_LOCK , tag=GOOGLE_C2DM, flags=0x1
D/PowerManagerService(  586): acquireWakeLock(42f95970): PARTIAL_WAKE_LOCK , tag=wake:com.facebook.katana/com.facebook.push.mqtt.receiver.MqttReceiver, flags=0x1, pid=28297, uid=10028, mUserState=0x3
D/PowerManagerService(  586): releaseWakeLock(42f95970): PARTIAL_WAKE_LOCK , tag=wake:com.facebook.katana/com.facebook.push.mqtt.receiver.MqttReceiver, flags=0x1
D/Socket_Alarm(29304): registerHTCSocketMonitorCallBack
D/Socket_Alarm(29304): set mSocketMonitor
D/Socket_Alarm(29304): HTCSocketMonitorImpl::HTCSocketMonitorImpl
D/PowerManagerService(  586): releaseWakeLock(4249c868): PARTIAL_WAKE_LOCK , tag=C2DM_LIB, flags=0x1
I/ActivityManager(  586): Recipient 29236
I/ActivityManager(  586): Recipient 29221
I/ActivityManager(  586): Process com.htc.htcpowermanager:remote (pid 29236) has died.
I/ActivityManager(  586): Process com.google.android.gsf.login (pid 29221) has died.
I/ActivityManager(  586): Recipient 29260
I/ActivityManager(  586): Process com.htc.android.htcime:provider_latin (pid 29260) has died.
I/ActivityManager(  586): Recipient 29304
I/ActivityManager(  586): Process com.facebook.orca (pid 29304) has died.
I/ActivityManager(  586): Start proc com.facebook.orca for service com.facebook.orca/com.facebook.analytics.service.AnalyticsService: pid=29366 uid=10000 gids={3003, 1015, 1006, 1028}
I/ActivityManager(  586): Recipient 29317
I/ActivityManager(  586): Process android.process.acore (pid 29317) has died.
D/Socket_Alarm(29366): registerHTCSocketMonitorCallBack
D/Socket_Alarm(29366): set mSocketMonitor
D/Socket_Alarm(29366): HTCSocketMonitorImpl::HTCSocketMonitorImpl
D/PowerManagerService(  586): acquireWakeLock(433f8f88): PARTIAL_WAKE_LOCK , tag=AlarmManager, flags=0x1, pid=586, uid=1000, mUserState=0x3
V/AlarmManager(  586): sending alarm PendingIntent{42a63738: PendingIntentRecord{42d17828 android broadcastIntent}}, intent=android.intent.action.TIME_TICK, type=RTC, count=1, when=1429736940000, repeateInterval=0
D/PowerManagerService(  586): releaseWakeLock(433f8f88): PARTIAL_WAKE_LOCK , tag=AlarmManager, flags=0x1
W/BroadcastQueue(  586): Permission Denial: broadcasting Intent { act=android.net.conn.INET_CONDITION_ACTION flg=0x8000010 (has extras) } from null (pid=-1, uid=-1) requires com.facebook.permission.prod.FB_APP_COMMUNICATION due to registered receiver BroadcastFilter{43118d68 ReceiverList{4311c2d0 29366 com.facebook.orca/10000 remote:430724a8}}
W/BroadcastQueue(  586): Permission Denial: broadcasting Intent { act=android.net.conn.CONNECTIVITY_CHANGE flg=0x8000010 (has extras) } from null (pid=-1, uid=-1) requires com.facebook.permission.prod.FB_APP_COMMUNICATION due to registered receiver BroadcastFilter{43118d68 ReceiverList{4311c2d0 29366 com.facebook.orca/10000 remote:430724a8}}
I/PackageManager(  586):  setEnabledSetting(), pkgName=com.facebook.orca, clsName=com.facebook.rti.orca.UserPresentBroadcastReceiver, state=2, flag=1, pid=29366, uid=10000
I/PackageManager(  586):  setEnabledSetting(), pkgName=com.facebook.orca, clsName=com.facebook.rti.orca.BootCompleteBroadcastReceiver, state=2, flag=1, pid=29366, uid=10000
I/PackageManager(  586):  setEnabledSetting(), pkgName=com.facebook.orca, clsName=com.facebook.rti.orca.NetworkBroadcastReceiver, state=2, flag=1, pid=29366, uid=10000
D/VoldCmdListener(  240): asec fspath com.kwikdesk-2
W/BroadcastQueue(  586): Permission Denial: broadcasting Intent { act=android.net.conn.CONNECTIVITY_CHANGE flg=0x8000010 (has extras) } from null (pid=-1, uid=-1) requires com.facebook.permission.prod.FB_APP_COMMUNICATION due to registered receiver BroadcastFilter{42ddb7a8 ReceiverList{42dde0b0 29366 com.facebook.orca/10000 remote:42b67b68}}
I/PackageManager(  586):  setEnabledSetting(), pkgName=com.facebook.orca, clsName=com.facebook.push.crossapp.PackageRemoveReceiverInManifest, state=2, flag=1, pid=29366, uid=10000
D/PowerManagerService(  586): acquireWakeLock(42cadc00): PARTIAL_WAKE_LOCK , tag=MqttPush, flags=0x1, pid=29366, uid=10000, mUserState=0x3
D/PowerManagerService(  586): releaseWakeLock(42cadc00): PARTIAL_WAKE_LOCK , tag=MqttPush, flags=0x1
D/PowerManagerService(  586): acquireWakeLock(42c50a78): PARTIAL_WAKE_LOCK , tag=MqttPush, flags=0x1, pid=29366, uid=10000, mUserState=0x3
D/PowerManagerService(  586): releaseWakeLock(42c50a78): PARTIAL_WAKE_LOCK , tag=MqttPush, flags=0x1
E/ActivityThread(29366): Failed to find provider info for com.facebook.wakizashi.provider.MessagesForegroundProvider
D/PowerManagerService(  586): acquireWakeLock(42b586f8): PARTIAL_WAKE_LOCK , tag=MqttPush, flags=0x1, pid=29366, uid=10000, mUserState=0x3
D/PowerManagerService(  586): releaseWakeLock(42b586f8): PARTIAL_WAKE_LOCK , tag=MqttPush, flags=0x1
D/PhoneStatusBar(  800): addNotification score=10
V/NotificationService(  586): dual Led for notification
V/LightsService(  586): setLight #8: color=#c8c800
D/lights  (  586): set_color_led color=13158400, mode=255, off_min=0, off_sec=0
D/lights  (  586): [LedInfo] without indicator attribute, red:c80000, green:c800, blue:0
V/LightsService(  586): setLight #8: color=#c800
D/lights  (  586): set_color_led color=51200, mode=2, off_min=5, off_sec=0
D/lights  (  586): [LedInfo] without indicator attribute, red:0, green:c800, blue:0
D/lights  (  586): [LedInfo] write attr ok name=/sys/class/leds/amber/brightness string=0,len=1
D/lights  (  586): [LedInfo] write attr ok name=/sys/class/leds/amber/blink string=0,len=1
D/lights  (  586): [LedInfo] write attr ok name=/sys/class/leds/amber/off_timer string=0 0,len=3
D/lights  (  586): [LedInfo] write attr ok name=/sys/class/leds/green/brightness string=1,len=1
D/lights  (  586): [LedInfo] write attr ok name=/sys/class/leds/green/blink string=1,len=1
D/lights  (  586): [LedInfo] write attr ok name=/sys/class/leds/green/off_timer string=5 0,len=3
E/ActivityThread(29366): Failed to find provider info for com.facebook.wakizashi.provider.MessagesForegroundProvider
D/VoldCmdListener(  240): asec fspath vivino.web.app-2
D/PowerManagerService(  586): TPE algorithm. remove timeout.
D/PowerManagerService(  586): ALG=2, lsvalue=10(0th)->160(3th), last_level=0, lValue=64->99, bValue=255, kValue=0, mPowerState=0x3, mSkippedScreenOn=false, mInitialAnimation=false, immediate=false
D/PowerManagerService(  586): TPE algorithm. remove timeout.
D/PowerManagerService(  586): ALG=2, lsvalue=160(3th)->10(0th), last_level=0, lValue=99->64, bValue=255, kValue=0, mPowerState=0x3, mSkippedScreenOn=false, mInitialAnimation=false, immediate=false
D/PowerManagerService(  586): acquireWakeLock(432f3bc8): PARTIAL_WAKE_LOCK , tag=RILJ, flags=0x1, pid=942, uid=1001, mUserState=0x3
D/PowerManagerService(  586): releaseWakeLock(432f3bc8): PARTIAL_WAKE_LOCK , tag=RILJ, flags=0x1
D/PowerManagerService(  586): acquireWakeLock(43b7c2b0): PARTIAL_WAKE_LOCK , tag=RILJ, flags=0x1, pid=942, uid=1001, mUserState=0x3
D/PowerManagerService(  586): releaseWakeLock(43b7c2b0): PARTIAL_WAKE_LOCK , tag=RILJ, flags=0x1
D/PowerManagerService(  586): acquireWakeLock(42f53ad0): PARTIAL_WAKE_LOCK , tag=RILJ, flags=0x1, pid=942, uid=1001, mUserState=0x3
D/PowerManagerService(  586): releaseWakeLock(42f53ad0): PARTIAL_WAKE_LOCK , tag=RILJ, flags=0x1
D/PowerManagerService(  586): acquireWakeLock(4307f808): PARTIAL_WAKE_LOCK , tag=RILJ, flags=0x1, pid=942, uid=1001, mUserState=0x3
D/PowerManagerService(  586): releaseWakeLock(4307f808): PARTIAL_WAKE_LOCK , tag=RILJ, flags=0x1
D/PowerManagerService(  586): acquireWakeLock(43123680): PARTIAL_WAKE_LOCK , tag=wake:com.facebook.katana/com.facebook.push.mqtt.receiver.MqttReceiver, flags=0x1, pid=28297, uid=10028, mUserState=0x3
D/PowerManagerService(  586): releaseWakeLock(43123680): PARTIAL_WAKE_LOCK , tag=wake:com.facebook.katana/com.facebook.push.mqtt.receiver.MqttReceiver, flags=0x1
D/BatteryService(  586): updateBatteryStats: auto update.
D/PowerManagerService(  586): acquireWakeLock(44069318): PARTIAL_WAKE_LOCK , tag=BatteryServiceUpdateStats, flags=0x1, pid=586, uid=1000, mUserState=0x3
D/PowerManagerService(  586): releaseWakeLock(44069318): PARTIAL_WAKE_LOCK , tag=BatteryServiceUpdateStats, flags=0x1
D/BatteryService(  586): updateBatteryStats: update triggered by UEvent.
D/PowerManagerService(  586): acquireWakeLock(4262f160): PARTIAL_WAKE_LOCK , tag=BatteryServiceUpdateStats, flags=0x1, pid=586, uid=1000, mUserState=0x3
D/PowerUI (  800): plugged = false, health = 2, mBatteryLevel = 42, mPluggedBatteryLevel = 99, mLowBatteryWarningLevel2 = 25, mshowLowChargingWarning2 = true
D/NotificationService(  586): mIntentReceiver() Intent.ACTION_BATTERY_CHANGED
D/PowerManagerService(  586): runHtcPowerSaverCheck ======================================
D/PowerManagerService(  586): releaseWakeLock(4262f160): PARTIAL_WAKE_LOCK , tag=BatteryServiceUpdateStats, flags=0x1
I/ActivityManager(  586): Start proc com.htc.htcpowermanager:remote for broadcast com.htc.htcpowermanager/.powersaver.PowerSaverNotificationReceiver: pid=29451 uid=1000 gids={1015, 3002, 3001, 3003, 1028, 5006, 3007, 3006, 2001, 1007}
D/WifiService(  586): ACTION_BATTERY_CHANGED pluggedType: 0
D/PowerManagerService(  586): acquireWakeLock(42e13670): PARTIAL_WAKE_LOCK , tag=wake:com.facebook.katana/com.facebook.push.mqtt.receiver.MqttReceiver, flags=0x1, pid=28297, uid=10028, mUserState=0x3
D/PowerManagerService(  586): acquireWakeLock(430984a0): PARTIAL_WAKE_LOCK , tag=MqttPush, flags=0x1, pid=29366, uid=10000, mUserState=0x3
D/PowerManagerService(  586): releaseWakeLock(430984a0): PARTIAL_WAKE_LOCK , tag=MqttPush, flags=0x1
D/PowerManagerService(  586): releaseWakeLock(42e13670): PARTIAL_WAKE_LOCK , tag=wake:com.facebook.katana/com.facebook.push.mqtt.receiver.MqttReceiver, flags=0x1
E/ActivityThread(29366): Failed to find provider info for com.facebook.wakizashi.provider.MessagesForegroundProvider
V/NotificationService(  586): dual Led for notification
V/LightsService(  586): setLight #8: color=#c8c800
D/lights  (  586): set_color_led color=13158400, mode=255, off_min=0, off_sec=0
D/lights  (  586): [LedInfo] without indicator attribute, red:c80000, green:c800, blue:0
V/LightsService(  586): setLight #8: color=#c800
D/lights  (  586): set_color_led color=51200, mode=2, off_min=5, off_sec=0
D/lights  (  586): [LedInfo] without indicator attribute, red:0, green:c800, blue:0
D/lights  (  586): [LedInfo] write attr ok name=/sys/class/leds/amber/brightness string=0,len=1
D/lights  (  586): [LedInfo] write attr ok name=/sys/class/leds/amber/blink string=0,len=1
D/lights  (  586): [LedInfo] write attr ok name=/sys/class/leds/amber/off_timer string=0 0,len=3
D/lights  (  586): [LedInfo] write attr ok name=/sys/class/leds/green/brightness string=1,len=1
D/lights  (  586): [LedInfo] write attr ok name=/sys/class/leds/green/blink string=1,len=1
D/lights  (  586): [LedInfo] write attr ok name=/sys/class/leds/green/off_timer string=5 0,len=3
E/ActivityThread(29366): Failed to find provider info for com.facebook.wakizashi.provider.MessagesForegroundProvider
D/PowerManagerService(  586): acquireWakeLock(42e2f568): PARTIAL_WAKE_LOCK , tag=MqttPush, flags=0x1, pid=29366, uid=10000, mUserState=0x3
D/PowerManagerService(  586): acquireWakeLock(4334c358): PARTIAL_WAKE_LOCK , tag=wake:com.facebook.katana/com.facebook.push.mqtt.receiver.MqttReceiver, flags=0x1, pid=28297, uid=10028, mUserState=0x3
D/PowerManagerService(  586): releaseWakeLock(4334c358): PARTIAL_WAKE_LOCK , tag=wake:com.facebook.katana/com.facebook.push.mqtt.receiver.MqttReceiver, flags=0x1
D/PowerManagerService(  586): releaseWakeLock(42e2f568): PARTIAL_WAKE_LOCK , tag=MqttPush, flags=0x1
D/PowerManagerService(  586): acquireWakeLock(43240790): PARTIAL_WAKE_LOCK , tag=AlarmManager, flags=0x1, pid=586, uid=1000, mUserState=0x3
V/AlarmManager(  586): sending alarm PendingIntent{431f2bc8: PendingIntentRecord{43017980 nz.barees.android.cachesensedemo broadcastIntent}}, intent=null, type=RTC_WAKEUP, count=1, when=1429737600000, repeateInterval=600000
I/ActivityManager(  586): Start proc nz.barees.android.cachesensedemo for broadcast nz.barees.android.cachesensedemo/nz.barees.android.cachesense.BackupReceiver: pid=29503 uid=10175 gids={3003, 1015, 1006, 1028}
V/AlarmManager(  586): sending alarm PendingIntent{42a63738: PendingIntentRecord{42d17828 android broadcastIntent}}, intent=android.intent.action.TIME_TICK, type=RTC, count=1, when=1429737000000, repeateInterval=0
D/PowerManagerService(  586): releaseWakeLock(43240790): PARTIAL_WAKE_LOCK , tag=AlarmManager, flags=0x1
D/PowerManagerService(  586): acquireWakeLock(43203058): PARTIAL_WAKE_LOCK , tag=MqttPush, flags=0x1, pid=29366, uid=10000, mUserState=0x3
D/PowerManagerService(  586): acquireWakeLock(432c6c68): PARTIAL_WAKE_LOCK , tag=wake:com.facebook.katana/com.facebook.push.mqtt.receiver.MqttReceiver, flags=0x1, pid=28297, uid=10028, mUserState=0x3
D/PowerManagerService(  586): releaseWakeLock(43203058): PARTIAL_WAKE_LOCK , tag=MqttPush, flags=0x1
D/PowerManagerService(  586): releaseWakeLock(432c6c68): PARTIAL_WAKE_LOCK , tag=wake:com.facebook.katana/com.facebook.push.mqtt.receiver.MqttReceiver, flags=0x1
E/ActivityThread(29366): Failed to find provider info for com.facebook.wakizashi.provider.MessagesForegroundProvider
E/ActivityThread(29366): Failed to find provider info for com.facebook.wakizashi.provider.MessagesForegroundProvider
V/NotificationService(  586): dual Led for notification
V/LightsService(  586): setLight #8: color=#c8c800
D/lights  (  586): set_color_led color=13158400, mode=255, off_min=0, off_sec=0
D/lights  (  586): [LedInfo] without indicator attribute, red:c80000, green:c800, blue:0
V/LightsService(  586): setLight #8: color=#c800
D/lights  (  586): set_color_led color=51200, mode=2, off_min=5, off_sec=0
D/lights  (  586): [LedInfo] without indicator attribute, red:0, green:c800, blue:0
D/lights  (  586): [LedInfo] write attr ok name=/sys/class/leds/amber/brightness string=0,len=1
D/lights  (  586): [LedInfo] write attr ok name=/sys/class/leds/amber/blink string=0,len=1
D/lights  (  586): [LedInfo] write attr ok name=/sys/class/leds/amber/off_timer string=0 0,len=3
D/lights  (  586): [LedInfo] write attr ok name=/sys/class/leds/green/brightness string=1,len=1
D/lights  (  586): [LedInfo] write attr ok name=/sys/class/leds/green/blink string=1,len=1
D/lights  (  586): [LedInfo] write attr ok name=/sys/class/leds/green/off_timer string=5 0,len=3
D/PowerManagerService(  586): acquireWakeLock(43e93b68): PARTIAL_WAKE_LOCK , tag=MqttPush, flags=0x1, pid=29366, uid=10000, mUserState=0x3
D/PowerManagerService(  586): releaseWakeLock(43e93b68): PARTIAL_WAKE_LOCK , tag=MqttPush, flags=0x1
D/PowerManagerService(  586): acquireWakeLock(4314dac8): PARTIAL_WAKE_LOCK , tag=wake:com.facebook.katana/com.facebook.push.mqtt.receiver.MqttReceiver, flags=0x1, pid=28297, uid=10028, mUserState=0x3
D/PowerManagerService(  586): releaseWakeLock(4314dac8): PARTIAL_WAKE_LOCK , tag=wake:com.facebook.katana/com.facebook.push.mqtt.receiver.MqttReceiver, flags=0x1
D/PowerManagerService(  586): acquireWakeLock(42cb5428): PARTIAL_WAKE_LOCK , tag=MqttPush, flags=0x1, pid=29366, uid=10000, mUserState=0x3
D/PowerManagerService(  586): acquireWakeLock(439d0488): PARTIAL_WAKE_LOCK , tag=wake:com.facebook.katana/com.facebook.push.mqtt.receiver.MqttReceiver, flags=0x1, pid=28297, uid=10028, mUserState=0x3
D/PowerManagerService(  586): releaseWakeLock(42cb5428): PARTIAL_WAKE_LOCK , tag=MqttPush, flags=0x1
D/PowerManagerService(  586): releaseWakeLock(439d0488): PARTIAL_WAKE_LOCK , tag=wake:com.facebook.katana/com.facebook.push.mqtt.receiver.MqttReceiver, flags=0x1
E/ActivityThread(29366): Failed to find provider info for com.facebook.wakizashi.provider.MessagesForegroundProvider
E/ActivityThread(29366): Failed to find provider info for com.facebook.wakizashi.provider.MessagesForegroundProvider
V/NotificationService(  586): dual Led for notification
V/LightsService(  586): setLight #8: color=#c8c800
D/lights  (  586): set_color_led color=13158400, mode=255, off_min=0, off_sec=0
D/lights  (  586): [LedInfo] without indicator attribute, red:c80000, green:c800, blue:0
V/LightsService(  586): setLight #8: color=#c800
D/lights  (  586): set_color_led color=51200, mode=2, off_min=5, off_sec=0
D/lights  (  586): [LedInfo] without indicator attribute, red:0, green:c800, blue:0
D/lights  (  586): [LedInfo] write attr ok name=/sys/class/leds/amber/brightness string=0,len=1
D/lights  (  586): [LedInfo] write attr ok name=/sys/class/leds/amber/blink string=0,len=1
D/lights  (  586): [LedInfo] write attr ok name=/sys/class/leds/amber/off_timer string=0 0,len=3
D/lights  (  586): [LedInfo] write attr ok name=/sys/class/leds/green/brightness string=1,len=1
D/lights  (  586): [LedInfo] write attr ok name=/sys/class/leds/green/blink string=1,len=1
D/lights  (  586): [LedInfo] write attr ok name=/sys/class/leds/green/off_timer string=5 0,len=3
D/PowerManagerService(  586): acquireWakeLock(43e5d5a8): PARTIAL_WAKE_LOCK , tag=MqttPush, flags=0x1, pid=29366, uid=10000, mUserState=0x3
D/PowerManagerService(  586): acquireWakeLock(43cb2238): PARTIAL_WAKE_LOCK , tag=wake:com.facebook.katana/com.facebook.push.mqtt.receiver.MqttReceiver, flags=0x1, pid=28297, uid=10028, mUserState=0x3
D/PowerManagerService(  586): releaseWakeLock(43e5d5a8): PARTIAL_WAKE_LOCK , tag=MqttPush, flags=0x1
D/PowerManagerService(  586): releaseWakeLock(43cb2238): PARTIAL_WAKE_LOCK , tag=wake:com.facebook.katana/com.facebook.push.mqtt.receiver.MqttReceiver, flags=0x1
D/PowerManagerService(  586): acquireWakeLock(43272bd8): PARTIAL_WAKE_LOCK , tag=AlarmManager, flags=0x1, pid=586, uid=1000, mUserState=0x3
V/AlarmManager(  586): sending alarm PendingIntent{4301c950: PendingIntentRecord{43a7f170 com.google.android.gms broadcastIntent}}, intent=ALARM_WAKEUP_LOCATOR, type=ELAPSED_REALTIME_WAKEUP, count=1, when=653566217, repeateInterval=0
D/PowerManagerService(  586): acquireWakeLock(43254a88): PARTIAL_WAKE_LOCK , tag=NlpWakeLock, flags=0x1, pid=3081, uid=10017, mUserState=0x3
D/PowerManagerService(  586): releaseWakeLock(43272bd8): PARTIAL_WAKE_LOCK , tag=AlarmManager, flags=0x1
D/PowerManagerService(  586): acquireWakeLock(43236d10): PARTIAL_WAKE_LOCK , tag=NlpWakeLock, flags=0x1, pid=3081, uid=10017, mUserState=0x3
D/WifiService(  586): acquireWifiLockLocked: WifiLock{NlpWifiLock type=2 binder=android.os.BinderProxy@42bd9970}
D/WifiService(  586): updateWifiState(): wifiApEnabled: false, wifiApAirplaneMode: falsegetWifiEnabledState(): 3, getWifiApEnabledState: 11
D/WifiService(  586): updateWifiState(): mAirplaneModeOn.get(): false, mPersistWifiState.get(): 1
D/WifiService(  586): updateWifiState(): mEmergencyCallbackMode: false, mDeviceIdle: false, lockHeld: true, mStopWifiRequested:false
D/WifiService(  586): updateWifiState(): enable and start wifi
D/PowerManagerService(  586): releaseWakeLock(43254a88): PARTIAL_WAKE_LOCK , tag=NlpWakeLock, flags=0x1
D/PowerManagerService(  586): acquireWakeLock(4310e3a0): PARTIAL_WAKE_LOCK , tag=RILJ, flags=0x1, pid=942, uid=1001, mUserState=0x3
D/PowerManagerService(  586): releaseWakeLock(4310e3a0): PARTIAL_WAKE_LOCK , tag=RILJ, flags=0x1
D/PowerManagerService(  586): acquireWakeLock(430e8a40): PARTIAL_WAKE_LOCK , tag=NlpWakeLock, flags=0x1, pid=3081, uid=10017, mUserState=0x3
D/BatteryService(  586): updateBatteryStats: auto update.
D/PowerManagerService(  586): acquireWakeLock(430dc8f8): PARTIAL_WAKE_LOCK , tag=BatteryServiceUpdateStats, flags=0x1, pid=586, uid=1000, mUserState=0x3
D/PowerManagerService(  586): releaseWakeLock(430dc8f8): PARTIAL_WAKE_LOCK , tag=BatteryServiceUpdateStats, flags=0x1
D/BatteryService(  586): updateBatteryStats: update triggered by UEvent.
D/PowerManagerService(  586): acquireWakeLock(430c92e0): PARTIAL_WAKE_LOCK , tag=BatteryServiceUpdateStats, flags=0x1, pid=586, uid=1000, mUserState=0x3
D/NotificationService(  586): mIntentReceiver() Intent.ACTION_BATTERY_CHANGED
D/PowerManagerService(  586): runHtcPowerSaverCheck ======================================
D/PowerUI (  800): plugged = false, health = 2, mBatteryLevel = 42, mPluggedBatteryLevel = 99, mLowBatteryWarningLevel2 = 25, mshowLowChargingWarning2 = true
D/WifiService(  586): ACTION_BATTERY_CHANGED pluggedType: 0
D/PowerManagerService(  586): releaseWakeLock(430c92e0): PARTIAL_WAKE_LOCK , tag=BatteryServiceUpdateStats, flags=0x1
D/PowerManagerService(  586): acquireWakeLock(4303c708): PARTIAL_WAKE_LOCK , tag=NlpWakeLock, flags=0x1, pid=3081, uid=10017, mUserState=0x3
D/PowerManagerService(  586): acquireWakeLock(43032e40): PARTIAL_WAKE_LOCK , tag=*net_scheduler*, flags=0x1, pid=19604, uid=10017, mUserState=0x3
D/PowerManagerService(  586): releaseWakeLock(43032e40): PARTIAL_WAKE_LOCK , tag=*net_scheduler*, flags=0x1
D/PowerManagerService(  586): releaseWakeLock(430e8a40): PARTIAL_WAKE_LOCK , tag=NlpWakeLock, flags=0x1
D/PowerManagerService(  586): acquireWakeLock(430177a8): PARTIAL_WAKE_LOCK , tag=NlpWakeLock, flags=0x1, pid=3081, uid=10017, mUserState=0x3
D/PowerManagerService(  586): releaseWakeLock(430177a8): PARTIAL_WAKE_LOCK , tag=NlpWakeLock, flags=0x1
D/PowerManagerService(  586): acquireWakeLock(4300cd90): PARTIAL_WAKE_LOCK , tag=NlpWakeLock, flags=0x1, pid=3081, uid=10017, mUserState=0x3
D/PowerManagerService(  586): releaseWakeLock(4300cd90): PARTIAL_WAKE_LOCK , tag=NlpWakeLock, flags=0x1
D/PowerManagerService(  586): acquireWakeLock(42fff8a8): PARTIAL_WAKE_LOCK , tag=GCoreFlp, flags=0x1, pid=3081, uid=10017, mUserState=0x3
D/PowerManagerService(  586): releaseWakeLock(42fff8a8): PARTIAL_WAKE_LOCK , tag=GCoreFlp, flags=0x1
D/PowerManagerService(  586): acquireWakeLock(42feef30): PARTIAL_WAKE_LOCK , tag=GCoreFlp, flags=0x1, pid=3081, uid=10017, mUserState=0x3
D/PowerManagerService(  586): releaseWakeLock(42feef30): PARTIAL_WAKE_LOCK , tag=GCoreFlp, flags=0x1
D/PowerManagerService(  586): acquireWakeLock(42fdcf50): PARTIAL_WAKE_LOCK , tag=GCoreFlp, flags=0x1, pid=3081, uid=10017, mUserState=0x3
D/PowerManagerService(  586): acquireWakeLock(42fd61f0): PARTIAL_WAKE_LOCK , tag=GCoreFlp, flags=0x1, pid=3081, uid=10017, mUserState=0x3
D/PowerManagerService(  586): acquireWakeLock(42fc3478): PARTIAL_WAKE_LOCK , tag=GCoreFlp, flags=0x1, pid=3081, uid=10017, mUserState=0x3
D/PowerManagerService(  586): releaseWakeLock(42fdcf50): PARTIAL_WAKE_LOCK , tag=GCoreFlp, flags=0x1
D/PowerManagerService(  586): releaseWakeLock(42fd61f0): PARTIAL_WAKE_LOCK , tag=GCoreFlp, flags=0x1
D/PowerManagerService(  586): releaseWakeLock(42fc3478): PARTIAL_WAKE_LOCK , tag=GCoreFlp, flags=0x1
D/PowerManagerService(  586): acquireWakeLock(42fb2bc0): PARTIAL_WAKE_LOCK , tag=GCoreFlp, flags=0x1, pid=3081, uid=10017, mUserState=0x3
D/PowerManagerService(  586): releaseWakeLock(42fb2bc0): PARTIAL_WAKE_LOCK , tag=GCoreFlp, flags=0x1
D/WifiService(  586): releaseWifiLockLocked: WifiLock{NlpWifiLock type=2 binder=android.os.BinderProxy@42bd9970}
D/WifiService(  586): updateWifiState(): wifiApEnabled: false, wifiApAirplaneMode: falsegetWifiEnabledState(): 3, getWifiApEnabledState: 11
D/WifiService(  586): updateWifiState(): mAirplaneModeOn.get(): false, mPersistWifiState.get(): 1
D/WifiService(  586): updateWifiState(): mEmergencyCallbackMode: false, mDeviceIdle: false, lockHeld: true, mStopWifiRequested:false
D/WifiService(  586): updateWifiState(): enable and start wifi
D/PowerManagerService(  586): releaseWakeLock(43236d10): PARTIAL_WAKE_LOCK , tag=NlpWakeLock, flags=0x1
D/PowerManagerService(  586): acquireWakeLock(42db0268): PARTIAL_WAKE_LOCK , tag=NlpWakeLock, flags=0x1, pid=3081, uid=10017, mUserState=0x3
D/PowerManagerService(  586): releaseWakeLock(42db0268): PARTIAL_WAKE_LOCK , tag=NlpWakeLock, flags=0x1
D/PowerManagerService(  586): acquireWakeLock(42d9df78): PARTIAL_WAKE_LOCK , tag=GCoreFlp, flags=0x1, pid=3081, uid=10017, mUserState=0x3
D/PowerManagerService(  586): releaseWakeLock(42d9df78): PARTIAL_WAKE_LOCK , tag=GCoreFlp, flags=0x1
D/PowerManagerService(  586): acquireWakeLock(42d94588): PARTIAL_WAKE_LOCK , tag=GCoreFlp, flags=0x1, pid=3081, uid=10017, mUserState=0x3
D/PowerManagerService(  586): releaseWakeLock(42d94588): PARTIAL_WAKE_LOCK , tag=GCoreFlp, flags=0x1
D/PowerManagerService(  586): acquireWakeLock(42d8a720): PARTIAL_WAKE_LOCK , tag=GCoreFlp, flags=0x1, pid=3081, uid=10017, mUserState=0x3
D/PowerManagerService(  586): releaseWakeLock(42d8a720): PARTIAL_WAKE_LOCK , tag=GCoreFlp, flags=0x1
D/PowerManagerService(  586): acquireWakeLock(42d6eef8): PARTIAL_WAKE_LOCK , tag=NlpWakeLock, flags=0x1, pid=3081, uid=10017, mUserState=0x3
D/PowerManagerService(  586): releaseWakeLock(42d6eef8): PARTIAL_WAKE_LOCK , tag=NlpWakeLock, flags=0x1
D/PowerManagerService(  586): releaseWakeLock(4303c708): PARTIAL_WAKE_LOCK , tag=NlpWakeLock, flags=0x1
D/PowerManagerService(  586): acquireWakeLock(42d57330): PARTIAL_WAKE_LOCK , tag=NlpCollectorWakeLock, flags=0x1, pid=3081, uid=10017, mUserState=0x3
D/PowerManagerService(  586): acquireWakeLock(42d4f4e8): PARTIAL_WAKE_LOCK , tag=NlpCollectorWakeLock, flags=0x1, pid=3081, uid=10017, mUserState=0x3
D/PowerManagerService(  586): acquireWakeLock(42d46e20): PARTIAL_WAKE_LOCK , tag=NlpCollectorWakeLock, flags=0x1, pid=3081, uid=10017, mUserState=0x3
D/PowerManagerService(  586): acquireWakeLock(42d3b7e0): PARTIAL_WAKE_LOCK , tag=NlpWakeLock, flags=0x1, pid=3081, uid=10017, mUserState=0x3
D/PowerManagerService(  586): releaseWakeLock(42d3b7e0): PARTIAL_WAKE_LOCK , tag=NlpWakeLock, flags=0x1
D/PowerManagerService(  586): acquireWakeLock(42d14f30): PARTIAL_WAKE_LOCK , tag=NlpWakeLock, flags=0x1, pid=3081, uid=10017, mUserState=0x3
D/PowerManagerService(  586): releaseWakeLock(42d46e20): PARTIAL_WAKE_LOCK , tag=NlpCollectorWakeLock, flags=0x1
D/PowerManagerService(  586): releaseWakeLock(42d4f4e8): PARTIAL_WAKE_LOCK , tag=NlpCollectorWakeLock, flags=0x1
D/PowerManagerService(  586): releaseWakeLock(42d57330): PARTIAL_WAKE_LOCK , tag=NlpCollectorWakeLock, flags=0x1
D/PowerManagerService(  586): acquireWakeLock(42cdbbd0): PARTIAL_WAKE_LOCK , tag=NlpWakeLock, flags=0x1, pid=3081, uid=10017, mUserState=0x3
D/PowerManagerService(  586): releaseWakeLock(42cdbbd0): PARTIAL_WAKE_LOCK , tag=NlpWakeLock, flags=0x1
D/PowerManagerService(  586): acquireWakeLock(42cd4808): PARTIAL_WAKE_LOCK , tag=GCoreFlp, flags=0x1, pid=3081, uid=10017, mUserState=0x3
D/PowerManagerService(  586): releaseWakeLock(42cd4808): PARTIAL_WAKE_LOCK , tag=GCoreFlp, flags=0x1
D/PowerManagerService(  586): acquireWakeLock(42cc8e60): PARTIAL_WAKE_LOCK , tag=GCoreFlp, flags=0x1, pid=3081, uid=10017, mUserState=0x3
D/PowerManagerService(  586): releaseWakeLock(42cc8e60): PARTIAL_WAKE_LOCK , tag=GCoreFlp, flags=0x1
D/PowerManagerService(  586): acquireWakeLock(42cb6d78): PARTIAL_WAKE_LOCK , tag=GCoreFlp, flags=0x1, pid=3081, uid=10017, mUserState=0x3
D/PowerManagerService(  586): releaseWakeLock(42cb6d78): PARTIAL_WAKE_LOCK , tag=GCoreFlp, flags=0x1
D/PowerManagerService(  586): releaseWakeLock(42d14f30): PARTIAL_WAKE_LOCK , tag=NlpWakeLock, flags=0x1
W/CpuWake (  586): >>nativeAcquireCpuPerfWakeLock()
W/CpuWake (  586): <<nativeAcquireCpuPerfWakeLock()
I/ActivityManager(  586): START {cmp=com.android.vending/com.google.android.finsky.billing.lightpurchase.LightPurchaseFlowActivity (has extras) u=0} from pid 22470
D/PowerManagerService(  586): acquireWakeLock(42c0a2f0): PARTIAL_WAKE_LOCK , tag=ActivityManager-Launch, flags=0x1, pid=586, uid=1000, mUserState=0x3
W/CpuWake (  586): >>nativeAcquireCpuPerfWakeLock()
W/CpuWake (  586): <<nativeAcquireCpuPerfWakeLock()
I/ActivityManager(  586): START {cmp=com.android.vending/com.google.android.finsky.activities.AppsPermissionsActivity (has extras) u=0} from pid 22470
D/PowerManagerService(  586): releaseWakeLock(42c0a2f0): PARTIAL_WAKE_LOCK , tag=ActivityManager-Launch, flags=0x1
W/CpuWake (  586): >>nativeReleaseCpuPerfWakeLock()
W/CpuWake (  586): <<nativeReleaseCpuPerfWakeLock()
W/CpuWake (  586): >>nativeReleaseCpuPerfWakeLock()
W/CpuWake (  586): <<nativeReleaseCpuPerfWakeLock()
D/PowerManagerService(  586): acquireWakeLock(42abadc8): PARTIAL_WAKE_LOCK , tag=ActivityManager-Launch, flags=0x1, pid=586, uid=1000, mUserState=0x3
I/ActivityManager(  586): Start proc com.google.android.gsf.login for service com.google.android.gsf.login/com.google.android.gsf.loginservice.GoogleLoginService: pid=29599 uid=10017 gids={3003, 1015, 1028, 2001, 1007, 3006, 1006, 3002, 3001}
D/PowerManagerService(  586): releaseWakeLock(42abadc8): PARTIAL_WAKE_LOCK , tag=ActivityManager-Launch, flags=0x1
I/ActivityManager(  586): Start proc android.process.media for content provider com.android.providers.downloads/.DownloadProvider: pid=29615 uid=10023 gids={1015, 1023, 1024, 5005, 1028, 5002, 2001, 3003, 3007}
D/PowerManagerService(  586): acquireWakeLock(42d95900): PARTIAL_WAKE_LOCK , tag=DownloadManager, flags=0x1, pid=29615, uid=10023, mUserState=0x3
D/PhoneStatusBar(  800): addNotification score=0
I/ActivityManager(  586): Recipient 29128
I/ActivityManager(  586): Process com.android.defcontainer (pid 29128) has died.
I/ActivityManager(  586): Recipient 29503
I/ActivityManager(  586): Process nz.barees.android.cachesensedemo (pid 29503) has died.
D/PowerManagerService(  586): acquireWakeLock(432aaff8): PARTIAL_WAKE_LOCK , tag=AlarmManager, flags=0x1, pid=586, uid=1000, mUserState=0x3
V/AlarmManager(  586): sending alarm PendingIntent{42a63738: PendingIntentRecord{42d17828 android broadcastIntent}}, intent=android.intent.action.TIME_TICK, type=RTC, count=1, when=1429737060000, repeateInterval=0
D/PowerManagerService(  586): releaseWakeLock(432aaff8): PARTIAL_WAKE_LOCK , tag=AlarmManager, flags=0x1
D/PowerManagerService(  586): acquireWakeLock(42fa0be0): PARTIAL_WAKE_LOCK , tag=NetworkStats, flags=0x1, pid=586, uid=1000, mUserState=0x3
D/PowerManagerService(  586): releaseWakeLock(42fa0be0): PARTIAL_WAKE_LOCK , tag=NetworkStats, flags=0x1
D/PowerManagerService(  586): acquireWakeLock(43f9c6e8): PARTIAL_WAKE_LOCK , tag=wake:com.facebook.katana/com.facebook.push.mqtt.receiver.MqttReceiver, flags=0x1, pid=28297, uid=10028, mUserState=0x3
D/PowerManagerService(  586): releaseWakeLock(43f9c6e8): PARTIAL_WAKE_LOCK , tag=wake:com.facebook.katana/com.facebook.push.mqtt.receiver.MqttReceiver, flags=0x1
D/PowerManagerService(  586): releaseWakeLock(42d95900): PARTIAL_WAKE_LOCK , tag=DownloadManager, flags=0x1
D/PhoneStatusBar(  800): addNotification score=-10
I/ActivityManager(  586): Start proc com.android.defcontainer for service com.android.defcontainer/.DefaultContainerService: pid=29656 uid=10021 gids={1015, 2001, 5005, 1028}
W/ActivityManager(  586): No content provider found for permission revoke: file:///data/user/0/com.android.providers.downloads/cache/Download.apk
W/ActivityManager(  586): No content provider found for permission revoke: file:///data/user/0/com.android.providers.downloads/cache/Download.apk
W/PackageParser(  586): No actions in intent filter at /data/app/vmdl-1014634659.tmp Binary XML file line #15
D/PowerManagerService(  586): acquireWakeLock(43a9d608): PARTIAL_WAKE_LOCK , tag=GCM_CONN, flags=0x1, pid=19604, uid=10017, mUserState=0x3
D/ConnectivityService(  586): reportInetCondition for net 1, percentage: 100 by 19604/10017
D/ConnectivityService(  586): handleInetConditionChange: net=1, condition=100,mActiveDefaultNetwork=1
D/ConnectivityService(  586): handleInetConditionChange: starting a change hold
D/PowerManagerService(  586): acquireWakeLock(426da0d8): PARTIAL_WAKE_LOCK , tag=GOOGLE_C2DM, flags=0x1, pid=19604, uid=10017, mUserState=0x3
D/PowerManagerService(  586): acquireWakeLock(43e64810): PARTIAL_WAKE_LOCK , tag=*net_scheduler*, flags=0x1, pid=19604, uid=10017, mUserState=0x3
D/PowerManagerService(  586): releaseWakeLock(43a9d608): PARTIAL_WAKE_LOCK , tag=GCM_CONN, flags=0x1
D/PowerManagerService(  586): releaseWakeLock(43e64810): PARTIAL_WAKE_LOCK , tag=*net_scheduler*, flags=0x1
I/ActivityManager(  586): Start proc ru.mail.mailapp for broadcast ru.mail.mailapp/ru.mail.util.push.gcm.GcmBroadcastReceiver: pid=29669 uid=10139 gids={3003, 1015, 1028}
V/NotificationService(  586): dual Led for notification
V/LightsService(  586): setLight #8: color=#c8c800
D/lights  (  586): set_color_led color=13158400, mode=255, off_min=0, off_sec=0
D/lights  (  586): [LedInfo] without indicator attribute, red:c80000, green:c800, blue:0
V/LightsService(  586): setLight #8: color=#c800
D/lights  (  586): set_color_led color=51200, mode=2, off_min=5, off_sec=0
D/lights  (  586): [LedInfo] without indicator attribute, red:0, green:c800, blue:0
D/lights  (  586): [LedInfo] write attr ok name=/sys/class/leds/amber/brightness string=0,len=1
D/lights  (  586): [LedInfo] write attr ok name=/sys/class/leds/amber/blink string=0,len=1
D/lights  (  586): [LedInfo] write attr ok name=/sys/class/leds/amber/off_timer string=0 0,len=3
D/lights  (  586): [LedInfo] write attr ok name=/sys/class/leds/green/brightness string=1,len=1
D/lights  (  586): [LedInfo] write attr ok name=/sys/class/leds/green/blink string=1,len=1
D/lights  (  586): [LedInfo] write attr ok name=/sys/class/leds/green/off_timer string=5 0,len=3
D/ConnectivityService(  586): handleInetConditionHoldEnd: net=1, condition=100, published condition=100
D/ConnectivityService(  586): sendStickyBroadcast: action=android.net.conn.INET_CONDITION_ACTION
D/WIFI_ICON(  800): updateConnectivity: type=1 connected=true
D/StatusBar.NetworkController(  800): dumpState[hasService=true ServiceState=0 home 3 3 27202  EDGE CSS not supported -1 -1 RoamInd=-1 DefRoamInd=-1EriInd= -1EriMode= -1RadioPowerSv: false EmergOnly=false PhoneType: 1 IsCdma=false SimState=UNKNOWN GprsState=0 DataState=Disconnected DataActivity=NONE NetworkType=EDGE HtcModemLinkOn=false HspaDataDistinquishable=true]
D/StatusBar.NetworkController(  800): dumpIconState[dataVisible=false dataIconId=stat_sys_data_connected_3g signalIconId=stat_sys_5signal_3 wifiVisible=true wifiIconId=stat_sys_wifi_signal_4 airplaneMode=false]
I/ActivityManager(  586): Recipient 29451
I/ActivityManager(  586): Process com.htc.htcpowermanager:remote (pid 29451) has died.
D/PowerManagerService(  586): acquireWakeLock(439fab48): PARTIAL_WAKE_LOCK , tag=GCM_CONN, flags=0x1, pid=19604, uid=10017, mUserState=0x3
D/ConnectivityService(  586): reportInetCondition for net 1, percentage: 100 by 19604/10017
D/ConnectivityService(  586): handleInetConditionChange: net=1, condition=100,mActiveDefaultNetwork=1
D/ConnectivityService(  586): handleInetConditionChange: starting a change hold
D/PowerManagerService(  586): releaseWakeLock(439fab48): PARTIAL_WAKE_LOCK , tag=GCM_CONN, flags=0x1
D/PowerManagerService(  586): acquireWakeLock(43155440): PARTIAL_WAKE_LOCK , tag=*net_scheduler*, flags=0x1, pid=19604, uid=10017, mUserState=0x3
D/PowerManagerService(  586): releaseWakeLock(43155440): PARTIAL_WAKE_LOCK , tag=*net_scheduler*, flags=0x1
D/Socket_Alarm(29669): registerHTCSocketMonitorCallBack
D/Socket_Alarm(29669): set mSocketMonitor
D/Socket_Alarm(29669): HTCSocketMonitorImpl::HTCSocketMonitorImpl
D/PowerManagerService(  586): acquireWakeLock(42df5980): PARTIAL_WAKE_LOCK , tag=AlarmManager, flags=0x1, pid=586, uid=1000, mUserState=0x3
V/AlarmManager(  586): sending alarm PendingIntent{4303dc90: PendingIntentRecord{42d332f0 ru.mail.mailapp startService}}, intent=ru.mail.mailapp.ACTION_PUSH_TOKEN_CHECK, type=ELAPSED_REALTIME, count=60, when=658800000, repeateInterval=10800000
D/PowerManagerService(  586): releaseWakeLock(42df5980): PARTIAL_WAKE_LOCK , tag=AlarmManager, flags=0x1
I/ActivityManager(  586): Recipient 29599
I/ActivityManager(  586): Recipient 29615
D/ConnectivityService(  586): handleInetConditionHoldEnd: net=1, condition=100, published condition=100
D/ConnectivityService(  586): sendStickyBroadcast: action=android.net.conn.INET_CONDITION_ACTION
I/ActivityManager(  586): Process android.process.media (pid 29615) has died.
D/PowerManagerService(  586): acquireWakeLock(44178cd8): PARTIAL_WAKE_LOCK , tag=wake:com.facebook.katana/com.facebook.push.mqtt.receiver.MqttReceiver, flags=0x1, pid=28297, uid=10028, mUserState=0x3
I/ActivityManager(  586): Process com.google.android.gsf.login (pid 29599) has died.
D/WIFI_ICON(  800): updateConnectivity: type=1 connected=true
D/StatusBar.NetworkController(  800): dumpState[hasService=true ServiceState=0 home 3 3 27202  EDGE CSS not supported -1 -1 RoamInd=-1 DefRoamInd=-1EriInd= -1EriMode= -1RadioPowerSv: false EmergOnly=false PhoneType: 1 IsCdma=false SimState=UNKNOWN GprsState=0 DataState=Disconnected DataActivity=NONE NetworkType=EDGE HtcModemLinkOn=false HspaDataDistinquishable=true]
D/StatusBar.NetworkController(  800): dumpIconState[dataVisible=false dataIconId=stat_sys_data_connected_3g signalIconId=stat_sys_5signal_3 wifiVisible=true wifiIconId=stat_sys_wifi_signal_4 airplaneMode=false]
D/PowerManagerService(  586): releaseWakeLock(44178cd8): PARTIAL_WAKE_LOCK , tag=wake:com.facebook.katana/com.facebook.push.mqtt.receiver.MqttReceiver, flags=0x1
D/webcoreglue(29669): netstack: Memory Cache feature is ON
