D/dalvikvm(12974): VFY: replacing opcode 0x1c at 0x000d
E/dalvikvm(12974): Could not find class 'org.apache.harmony.xnet.provider.jsse.OpenSSLSocketFactoryImpl', referenced from method com.facebook.ssl.openssl.reflect.SSLParametersGetter.<clinit>
W/dalvikvm(12974): VFY: unable to resolve const-class 13807 (Lorg/apache/harmony/xnet/provider/jsse/OpenSSLSocketFactoryImpl;) in Lcom/facebook/ssl/openssl/reflect/SSLParametersGetter;
D/dalvikvm(12974): VFY: replacing opcode 0x1c at 0x000d
E/dalvikvm(12974): Could not find class 'org.apache.harmony.xnet.provider.jsse.SSLParametersImpl', referenced from method com.facebook.ssl.openssl.reflect.SSLParametersGetter.a
W/dalvikvm(12974): VFY: unable to resolve check-cast 13809 (Lorg/apache/harmony/xnet/provider/jsse/SSLParametersImpl;) in Lcom/facebook/ssl/openssl/reflect/SSLParametersGetter;
D/dalvikvm(12974): VFY: replacing opcode 0x1f at 0x0006
D/dalvikvm(12974): Trying to load lib /data/app-lib/com.facebook.katana-1/libfbjni.so 0x41fbc3a8
E/dalvikvm(12974): Could not find class 'org.apache.harmony.xnet.provider.jsse.SSLParametersImpl', referenced from method com.facebook.ssl.openssl.reflect.SSLSessionTimeoutSetter.<clinit>
W/dalvikvm(12974): VFY: unable to resolve const-class 13809 (Lorg/apache/harmony/xnet/provider/jsse/SSLParametersImpl;) in Lcom/facebook/ssl/openssl/reflect/SSLSessionTimeoutSetter;
D/dalvikvm(12974): VFY: replacing opcode 0x1c at 0x000d
W/dalvikvm(12974): VFY: unable to find class referenced in signature (Lorg/apache/harmony/xnet/provider/jsse/SSLParametersImpl;)
E/dalvikvm(12974): Could not find class 'org.apache.harmony.xnet.provider.jsse.ClientSessionContext', referenced from method com.facebook.ssl.openssl.reflect.SSLSessionTimeoutSetter.a
W/dalvikvm(12974): VFY: unable to resolve check-cast 13806 (Lorg/apache/harmony/xnet/provider/jsse/ClientSessionContext;) in Lcom/facebook/ssl/openssl/reflect/SSLSessionTimeoutSetter;
D/dalvikvm(12974): VFY: replacing opcode 0x1f at 0x0006
W/dalvikvm(12974): VFY: unable to find class referenced in signature (Lorg/apache/harmony/xnet/provider/jsse/SSLParametersImpl;)
W/dalvikvm(12974): Unable to resolve superclass of Lcom/facebook/ssl/openssl/TicketEnabledOpenSSLSocketImplWrapper; (11243)
W/dalvikvm(12974): Link of class 'Lcom/facebook/ssl/openssl/TicketEnabledOpenSSLSocketImplWrapper;' failed
E/dalvikvm(12974): Could not find class 'com.facebook.ssl.openssl.TicketEnabledOpenSSLSocketImplWrapper', referenced from method com.facebook.ssl.openssl.TicketEnabledOpenSSLSocketFactoryHelper.a
W/dalvikvm(12974): VFY: unable to resolve new-instance 10681 (Lcom/facebook/ssl/openssl/TicketEnabledOpenSSLSocketImplWrapper;) in Lcom/facebook/ssl/openssl/TicketEnabledOpenSSLSocketFactoryHelper;
D/dalvikvm(12974): VFY: replacing opcode 0x22 at 0x0000
W/dalvikvm(12974): Unable to resolve superclass of Lcom/facebook/ssl/openssl/TicketEnabledOpenSSLSocketImplWrapper; (11243)
W/dalvikvm(12974): Link of class 'Lcom/facebook/ssl/openssl/TicketEnabledOpenSSLSocketImplWrapper;' failed
D/dalvikvm(12974): DexOpt: unable to opt direct call 0xc22f at 0x08 in Lcom/facebook/ssl/openssl/TicketEnabledOpenSSLSocketFactoryHelper;.a
D/dalvikvm(12974): Added shared lib /data/app-lib/com.facebook.katana-1/libfbjni.so 0x41fbc3a8
D/dalvikvm(12974): Trying to load lib /data/app-lib/com.facebook.katana-1/libcares.so 0x41fbc3a8
D/dalvikvm(12974): Added shared lib /data/app-lib/com.facebook.katana-1/libcares.so 0x41fbc3a8
D/dalvikvm(12974): No JNI_OnLoad found in /data/app-lib/com.facebook.katana-1/libcares.so 0x41fbc3a8, skipping init
D/dalvikvm(12974): Trying to load lib /data/app-lib/com.facebook.katana-1/libdouble-conversion.so 0x41fbc3a8
D/dalvikvm(12974): Added shared lib /data/app-lib/com.facebook.katana-1/libdouble-conversion.so 0x41fbc3a8
D/dalvikvm(12974): No JNI_OnLoad found in /data/app-lib/com.facebook.katana-1/libdouble-conversion.so 0x41fbc3a8, skipping init
D/dalvikvm(12974): Trying to load lib /data/app-lib/com.facebook.katana-1/libevent.so 0x41fbc3a8
D/dalvikvm(12974): Added shared lib /data/app-lib/com.facebook.katana-1/libevent.so 0x41fbc3a8
D/dalvikvm(12974): No JNI_OnLoad found in /data/app-lib/com.facebook.katana-1/libevent.so 0x41fbc3a8, skipping init
D/dalvikvm(12974): Trying to load lib /data/app-lib/com.facebook.katana-1/libliger.so 0x41fbc3a8
D/WifiStateMachine( 1025): handleMessage: E msg.what=151572
D/WifiStateMachine( 1025): processMsg: ConnectedState
D/WifiStateMachine( 1025): processMsg: L2ConnectedState
D/WifiStateMachine( 1025): handleMessage: X
D/WifiStateMachine( 1025): handleMessage: E msg.what=131155
D/WifiStateMachine( 1025): processMsg: ConnectedState
D/WifiStateMachine( 1025): processMsg: L2ConnectedState
D/WifiStateMachine( 1025): handleMessage: X
D/dalvikvm(12974): Added shared lib /data/app-lib/com.facebook.katana-1/libliger.so 0x41fbc3a8
I/ActivityManager( 1025): Start proc com.evernote for broadcast com.evernote/.util.WidgetTracker: pid=13141 uid=10134 gids={50134, 3003, 1028, 1015}
I/UpdateIcingCorporaServi(13109): Updating corpora: APPS=co.giftmeapp.gift_me, CONTACTS=MAYBE
W/fb4a(:<default>):AbstractMqttPushService(12974): Attempt to start service that is already started
D/dalvikvm(12974): Trying to load lib /data/app-lib/com.facebook.katana-1/libheartbleed.so 0x41fbc3a8
D/dalvikvm(12974): Added shared lib /data/app-lib/com.facebook.katana-1/libheartbleed.so 0x41fbc3a8
I/MultiDex(13141): VM with version 1.6.0 does not have multidex support
I/MultiDex(13141): install
I/MultiDex(13141): MultiDexExtractor.load(/data/app/com.evernote-1.apk, false)
I/MultiDex(13141): loading existing secondary dex files
I/ActivityManager( 1025): Start proc com.google.android.partnersetup for content provider com.google.android.partnersetup/.RlzAppProvider: pid=13167 uid=10025 gids={50025, 3003}
I/MultiDex(13141): load found 0 secondary dex files
I/MultiDex(13141): install done
I/ActivityManager( 1025): Process com.google.android.gms (pid 10977) has died.
W/ActivityManager( 1025): Scheduling restart of crashed service com.google.android.gms/.analytics.service.AnalyticsService in 1000ms
I/ConfigService(20136): onDestroy
I/dalvikvm(13109): Could not find method android.content.pm.PackageManager.getPackageInstaller, referenced from method com.google.android.gms.common.e.p
W/dalvikvm(13109): VFY: unable to resolve virtual method 901: Landroid/content/pm/PackageManager;.getPackageInstaller ()Landroid/content/pm/PackageInstaller;
D/dalvikvm(13109): VFY: replacing opcode 0x6e at 0x000b
W/GAV2    (13028): Thread[main,5,main]: dispatch call queued.  Need to call GAServiceManager.getInstance().initialize().
D/dalvikvm(20136): GC_EXPLICIT freed 197K, 41% free 10306K/17224K, paused 2ms+5ms, total 69ms
I/ActivityManager( 1025): Process com.google.android.apps.docs (pid 13028) has died.
I/ActivityManager( 1025): Start proc com.google.android.gms for service com.google.android.gms/.icing.service.IndexService: pid=13341 uid=10022 gids={50022, 3003, 1007, 1028, 1015, 3002, 3001, 3007, 2001, 3006}
I/ActivityManager( 1025): Process com.google.android.partnersetup (pid 13167) has died.
D/EN      (13141): MemoryMapAppender.ctor()
D/EN      (13141): MemoryMapAppender.ctor-end()
D/EN      (13141): [EvernoteProvider] - Provider+++++onCreate()
D/EN      (13141): [d] - AccountManager()::userIds=102703026
D/EN      (13141): [b] - creating new AccountInfo()::userId102703026
D/EN      (13141): [d] - AccountManager()::adding account::102703026::timcallagy
D/EN      (13141): [d] - AccountManager()::count=1
D/EN      (13141): [d] - initialized:
D/EN      (13141): [a] - getInstance()::
D/EN      (13141): [al] - Register SD Card Receiver ++++++++++++++++++++
D/EN      (13141): [al] - checkForRecentUnmount() end
D/EN      (13141): [a] - locale is set=en_GB
D/EN      (13141): [a] - isDBONSDcard()=true
I/EN      (13141): [al] - getSDCardStatus()::mounted::noStorageText=null
D/EN      (13141): [a] - isDBFileChanged()::lastFilePath in pref=/data/data/com.evernote/files/user-102703026/.external-1428259012787-Evernote.db
E/EN      (13141): [a] - isDBFileChanged()::+++++++++lastFilePath exists/data/data/com.evernote/files/user-102703026/.external-1428259012787-Evernote.db
D/EN      (13141): [a] - getInstance()::DBFile NOT Changed
D/EN      (13141): [a] - isDBONSDcard()=true
D/EN      (13141): [a] - moveToSDcard()::start::Evernote.DB_ON_SDCARD=true
D/EN      (13141): [a] - isDBONSDcard()=true
E/EN      (13141): [a] - isLastDBFileOnSDCard()::+++++++++++lastFilePath exists/data/data/com.evernote/files/user-102703026/.external-1428259012787-Evernote.db
D/EN      (13141): [a] - isDBONSDcard()=true
D/EN      (13141): [a] - getDBfilePath()::++++++++++++++++lastFilePath from preferences/data/data/com.evernote/files/user-102703026/.external-1428259012787-Evernote.db
E/EN      (13141): [a] - getDBfilePath()::++++++++++++++++lastFilePath exists/data/data/com.evernote/files/user-102703026/.external-1428259012787-Evernote.db
D/EN      (13141): [EvernoteProvider] - cleanupOldThumbnailsIfNeeded()
I/ReleaseProperties(13141): Current app is: evernote
I/ReleaseProperties(13141): propFile: release is now loaded
I/SFPerfTracer(  274):      triggers: (rate: 1291:51281) (compose: 0:259) (post: 0:21) (render: 91:10734) (0:810426 frames) (1:3392485)
D/SFPerfTracer(  274):        layers: (3:12) (DimLayer: 0:158)* (DimLayer: 0:146)* (FocusedStackFrame: 0:22727)* (StatusBar: 0:272637) (NavigationBar: 0:210408) (DimLayer: 0:26238)* (DimLayer: 0:5015)* (com.android.wallpaper.fall.FallWallpaper: 0:5444)* (com.google.android.gm/com.google.android.gm.ConversationListActivityGmail: 0:51)* (com.android.packageinstaller/com.android.packageinstaller.InstallAppProgress: 0:186)* (Starting co.giftmeapp.gift_me: 0:36)* (co.giftmeapp.gift_me/co.giftmeapp.gift_me.GiftMe: 1:48) 
I/ReleaseProperties(13141): propFile: play is now loaded
I/ReleaseProperties(13141): propFile: base is now loaded
I/ReleaseProperties(13141): propFile: override is now loaded
D/MarketUtils(13141): isPackageInstalled() - com.android.vending is installed
D/MarketUtils(13141): isPackageInstalled() - com.android.vending is installed
D/MarketUtils(13141): isPackageInstalled() - com.android.vending is installed
D/MarketUtils(13141): isPackageInstalled() - com.android.vending is installed
I/ReleaseProperties(13141): ReleaseProperties: 
I/ReleaseProperties(13141):   bundleName=google-play
I/ReleaseProperties(13141):   revision=AM_702_524
I/ReleaseProperties(13141):   type=public
I/ReleaseProperties(13141):   gitHash=313f54a11431af98d659728265b72cfcf9ec527e
I/ReleaseProperties(13141):   baseSearchUri=market://search?q=
D/MarketUtils(13141): isPackageInstalled() - com.android.vending is installed
D/MarketUtils(13141): isPackageInstalled() - com.android.vending is installed
D/ReleaseProperties(13141): getReferralPersistencePath():: old=false:: path=/storage/emulated/0/.enref
D/EN      (13141): [a] - isDBONSDcard()=true
D/EN      (13141): [Evernote] - VERSION_CODE: 1070243
D/MarketUtils(13141): isPackageInstalled() - com.android.vending is installed
I/ReleaseProperties(13141): From file referralCode=android
D/MarketUtils(13141): isPackageInstalled() - com.android.vending is installed
W/dalvikvm(13341): VFY: unable to resolve static field 658 (PR_SET_DUMPABLE) in Landroid/system/OsConstants;
D/dalvikvm(13341): VFY: replacing opcode 0x60 at 0x000b
I/dalvikvm(13141): Could not find method android.content.pm.PackageManager.getActivityBanner, referenced from method com.evernote.d.b.getActivityBanner
W/dalvikvm(13141): VFY: unable to resolve virtual method 793: Landroid/content/pm/PackageManager;.getActivityBanner (Landroid/content/ComponentName;)Landroid/graphics/drawable/Drawable;
D/dalvikvm(13141): VFY: replacing opcode 0x6e at 0x0002
I/dalvikvm(13141): Could not find method android.content.pm.PackageManager.getActivityBanner, referenced from method com.evernote.d.b.getActivityBanner
W/dalvikvm(13141): VFY: unable to resolve virtual method 794: Landroid/content/pm/PackageManager;.getActivityBanner (Landroid/content/Intent;)Landroid/graphics/drawable/Drawable;
D/dalvikvm(13141): VFY: replacing opcode 0x6e at 0x0002
I/dalvikvm(13141): Could not find method android.content.pm.PackageManager.getApplicationBanner, referenced from method com.evernote.d.b.getApplicationBanner
W/dalvikvm(13141): VFY: unable to resolve virtual method 801: Landroid/content/pm/PackageManager;.getApplicationBanner (Landroid/content/pm/ApplicationInfo;)Landroid/graphics/drawable/Drawable;
D/dalvikvm(13141): VFY: replacing opcode 0x6e at 0x0002
I/dalvikvm(13141): Could not find method android.content.pm.PackageManager.getApplicationBanner, referenced from method com.evernote.d.b.getApplicationBanner
W/dalvikvm(13141): VFY: unable to resolve virtual method 802: Landroid/content/pm/PackageManager;.getApplicationBanner (Ljava/lang/String;)Landroid/graphics/drawable/Drawable;
D/dalvikvm(13141): VFY: replacing opcode 0x6e at 0x0002
I/dalvikvm(13141): Could not find method android.content.pm.PackageManager.getLeanbackLaunchIntentForPackage, referenced from method com.evernote.d.b.getLeanbackLaunchIntentForPackage
W/dalvikvm(13141): VFY: unable to resolve virtual method 818: Landroid/content/pm/PackageManager;.getLeanbackLaunchIntentForPackage (Ljava/lang/String;)Landroid/content/Intent;
D/dalvikvm(13141): VFY: replacing opcode 0x6e at 0x0002
I/dalvikvm(13141): Could not find method android.content.pm.PackageManager.getPackageInstaller, referenced from method com.evernote.d.b.getPackageInstaller
W/dalvikvm(13141): VFY: unable to resolve virtual method 823: Landroid/content/pm/PackageManager;.getPackageInstaller ()Landroid/content/pm/PackageInstaller;
D/dalvikvm(13141): VFY: replacing opcode 0x6e at 0x0002
I/dalvikvm(13141): Could not find method android.content.pm.PackageManager.getUserBadgedDrawableForDensity, referenced from method com.evernote.d.b.getUserBadgedDrawableForDensity
W/dalvikvm(13141): VFY: unable to resolve virtual method 839: Landroid/content/pm/PackageManager;.getUserBadgedDrawableForDensity (Landroid/graphics/drawable/Drawable;Landroid/os/UserHandle;Landroid/graphics/Rect;I)Landroid/graphics/drawable/Drawable;
D/dalvikvm(13141): VFY: replacing opcode 0x6e at 0x0002
I/dalvikvm(13141): Could not find method android.content.pm.PackageManager.getUserBadgedIcon, referenced from method com.evernote.d.b.getUserBadgedIcon
W/dalvikvm(13141): VFY: unable to resolve virtual method 840: Landroid/content/pm/PackageManager;.getUserBadgedIcon (Landroid/graphics/drawable/Drawable;Landroid/os/UserHandle;)Landroid/graphics/drawable/Drawable;
D/dalvikvm(13141): VFY: replacing opcode 0x6e at 0x0002
I/dalvikvm(13141): Could not find method android.content.pm.PackageManager.getUserBadgedLabel, referenced from method com.evernote.d.b.getUserBadgedLabel
W/dalvikvm(13141): VFY: unable to resolve virtual method 841: Landroid/content/pm/PackageManager;.getUserBadgedLabel (Ljava/lang/CharSequence;Landroid/os/UserHandle;)Ljava/lang/CharSequence;
D/dalvikvm(13141): VFY: replacing opcode 0x6e at 0x0002
I/Crashlytics(13141): Initializing Crashlytics 1.1.8.10
I/MultiDex(13341): VM with version 1.6.0 does not have multidex support
I/MultiDex(13341): install
I/MultiDex(13341): MultiDexExtractor.load(/data/app/com.google.android.gms-1.apk, false)
I/MultiDex(13341): loading existing secondary dex files
I/MultiDex(13341): load found 3 secondary dex files
D/WifiStateMachine( 1025): handleMessage: E msg.what=151572
D/WifiStateMachine( 1025): processMsg: ConnectedState
D/WifiStateMachine( 1025): processMsg: L2ConnectedState
D/WifiStateMachine( 1025): handleMessage: X
I/MultiDex(13341): install done
D/dalvikvm(27213): GC_CONCURRENT freed 1759K, 36% free 13036K/20348K, paused 4ms+10ms, total 64ms
I/ProviderInstaller(13341): Insert disabled by gate 'gms:security:enable_conscrypt_in_gms_application'
I/dalvikvm(13341): Could not find method android.os.UserHandle.isOwner, referenced from method com.google.android.gms.icing.service.v.d
W/dalvikvm(13341): VFY: unable to resolve virtual method 1360: Landroid/os/UserHandle;.isOwner ()Z
D/dalvikvm(13341): VFY: replacing opcode 0x6e at 0x0018
D/dalvikvm(13341): Trying to load lib /data/app-lib/com.google.android.gms-1/libAppDataSearch.so 0x41fb61c8
D/dalvikvm(13341): Added shared lib /data/app-lib/com.google.android.gms-1/libAppDataSearch.so 0x41fb61c8
D/dalvikvm(13341): No JNI_OnLoad found in /data/app-lib/com.google.android.gms-1/libAppDataSearch.so 0x41fb61c8, skipping init
I/SFPerfTracer(  274):      triggers: (rate: 1155:453236) (353965 sw vsyncs) (1070099 skipped) (64:3431350 vsyncs) (66:4304702)
I/dalvikvm(13341): Could not find method android.content.pm.PackageManager.getPackageInstaller, referenced from method com.google.android.gms.common.ff.a
W/dalvikvm(13341): VFY: unable to resolve virtual method 479: Landroid/content/pm/PackageManager;.getPackageInstaller ()Landroid/content/pm/PackageInstaller;
D/dalvikvm(13341): VFY: replacing opcode 0x6e at 0x000d
I/Icing   (13341): Storage manager: low false usage 4.53MB avail 1.32GB capacity 4.70GB
D/MarketUtils(13141): isPackageInstalled() - com.android.vending is installed
W/Icing   (13341): Received bad json for section weights override -- ignoring.
W/Icing   (13341): Received bad json for corpus scoring config -- ignoring.
W/Icing   (13341): Received bad json for corpus context scoring override -- ignoring.
D/HockeyApp(13141): Looking for exceptions in: /data/data/com.evernote/files
D/HockeyApp(13141): Current handler class = com.evernote.k
D/EN      (13141): [ee] - registered crash manager
I/dalvikvm(13341): Could not find method android.os.UserHandle.isOwner, referenced from method com.google.android.gms.icing.impl.a.f.a
W/dalvikvm(13341): VFY: unable to resolve virtual method 1360: Landroid/os/UserHandle;.isOwner ()Z
D/dalvikvm(13341): VFY: replacing opcode 0x6e at 0x0015
D/EN      (13141): [c] - onApplicationStart()
D/EN      (13141): [c] - onApplicationStart() -- loader thread
D/EN      (13141): [c] - pushUserIDToDataLayer(), pushing user-id ending in 6
D/MarketUtils(13141): isPackageInstalled() - com.android.vending is installed
D/MarketUtils(13141): isPackageInstalled() - com.android.vending is installed
I/ActivityManager( 1025): Start proc com.evernote.widget for broadcast com.evernote.widget/.WidgetStateReceiver: pid=13997 uid=10135 gids={50135, 3003, 1028, 1015}
D/WifiStateMachine( 1025): handleMessage: E msg.what=151572
D/WifiStateMachine( 1025): processMsg: ConnectedState
D/WifiStateMachine( 1025): processMsg: L2ConnectedState
D/WifiStateMachine( 1025): handleMessage: X
I/ActivityManager( 1025): Process com.evernote (pid 13141) has died.
I/ReleaseProperties(13997): Current app is: evernoteWidget
I/ReleaseProperties(13997): propFile: release is now loaded
I/ReleaseProperties(13997): propFile: play is now loaded
I/ReleaseProperties(13997): propFile: base is now loaded
I/ReleaseProperties(13997): propFile: override is now loaded
I/ReleaseProperties(13997): ReleaseProperties: 
I/ReleaseProperties(13997):   bundleName=none
I/ReleaseProperties(13997):   revision=unknown
I/ReleaseProperties(13997):   type=development
I/ReleaseProperties(13997):   gitHash=?
I/ReleaseProperties(13997):   baseSearchUri=market://search?q=
D/ReleaseProperties(13997): getReferralPersistencePath():: old=false:: path=/storage/emulated/0/.enref
I/ReleaseProperties(13997): From file referralCode=android
E/NetworkScheduler.SchedulerReceiver(20136): Invalid parameter app
E/NetworkScheduler.SchedulerReceiver(20136): Invalid package name : Perhaps you didn't include a PendingIntent in the extras?
I/ActivityManager( 1025): Start proc com.google.android.apps.magazines for broadcast com.google.android.apps.magazines/com.google.apps.dots.android.app.receiver.FirstInstallNotificationReceiver: pid=14130 uid=10077 gids={50077, 3003, 1028, 1015}
D/PackageBroadcastService(13341): Received broadcast action=android.intent.action.PACKAGE_REPLACED and uri=co.giftmeapp.gift_me
I/ActivityManager( 1025): Process com.evernote.widget (pid 13997) has died.
D/dalvikvm(27213): GC_CONCURRENT freed 1743K, 35% free 13258K/20348K, paused 2ms+8ms, total 37ms
D/dalvikvm(27213): WAIT_FOR_CONCURRENT_GC blocked 3ms
D/dalvikvm(27213): GC_EXPLICIT freed 518K, 38% free 12739K/20348K, paused 4ms+4ms, total 39ms
I/dalvikvm(14130): Could not find method android.accounts.AccountManager.getPreviousName, referenced from method com.google.apps.dots.android.newsstand.auth.AccountManagerDelegate.getPreviousName
W/dalvikvm(14130): VFY: unable to resolve virtual method 7: Landroid/accounts/AccountManager;.getPreviousName (Landroid/accounts/Account;)Ljava/lang/String;
D/dalvikvm(14130): VFY: replacing opcode 0x6e at 0x0002
E/cutils  (  261): Failed to mkdirat(/storage/sdcard1/Android): Read-only file system
W/Vold    (  261): Returning OperationFailed - no handler for errno 30
W/ContextImpl(14130): Failed to ensure directory: /storage/sdcard1/Android/data/com.google.android.apps.magazines/cache
E/cutils  (  261): Failed to mkdirat(/storage/sdcard1/Android): Read-only file system
W/Vold    (  261): Returning OperationFailed - no handler for errno 30
W/ContextImpl(14130): Failed to ensure directory: /storage/sdcard1/Android/data/com.google.android.apps.magazines/files
E/cutils  (  261): Failed to mkdirat(/storage/sdcard1/Android): Read-only file system
W/Vold    (  261): Returning OperationFailed - no handler for errno 30
W/ContextImpl(14130): Failed to ensure directory: /storage/sdcard1/Android/data/com.google.android.apps.magazines/cache
E/cutils  (  261): Failed to mkdirat(/storage/sdcard1/Android): Read-only file system
W/Vold    (  261): Returning OperationFailed - no handler for errno 30
W/ContextImpl(14130): Failed to ensure directory: /storage/sdcard1/Android/data/com.google.android.apps.magazines/files
W/dalvikvm(13341): VFY: unable to find class referenced in signature (Landroid/app/SharedElementCallback;)
I/dalvikvm(13341): Could not find method android.app.Activity.setEnterSharedElementCallback, referenced from method android.support.v4.app.q.setEnterSharedElementCallback
W/dalvikvm(13341): VFY: unable to resolve virtual method 90: Landroid/app/Activity;.setEnterSharedElementCallback (Landroid/app/SharedElementCallback;)V
D/dalvikvm(13341): VFY: replacing opcode 0x6e at 0x000e
W/dalvikvm(13341): VFY: unable to find class referenced in signature (Landroid/app/SharedElementCallback;)
I/dalvikvm(13341): Could not find method android.app.Activity.setExitSharedElementCallback, referenced from method android.support.v4.app.q.setExitSharedElementCallback
W/dalvikvm(13341): VFY: unable to resolve virtual method 91: Landroid/app/Activity;.setExitSharedElementCallback (Landroid/app/SharedElementCallback;)V
D/dalvikvm(13341): VFY: replacing opcode 0x6e at 0x000e
I/dalvikvm(13341): Could not find method android.app.Activity.finishAfterTransition, referenced from method android.support.v4.app.q.supportFinishAfterTransition
W/dalvikvm(13341): VFY: unable to resolve virtual method 52: Landroid/app/Activity;.finishAfterTransition ()V
D/dalvikvm(13341): VFY: replacing opcode 0x6e at 0x0006
I/dalvikvm(13341): Could not find method android.app.Activity.postponeEnterTransition, referenced from method android.support.v4.app.q.supportPostponeEnterTransition
W/dalvikvm(13341): VFY: unable to resolve virtual method 85: Landroid/app/Activity;.postponeEnterTransition ()V
D/dalvikvm(13341): VFY: replacing opcode 0x6e at 0x0006
I/dalvikvm(13341): Could not find method android.app.Activity.startPostponedEnterTransition, referenced from method android.support.v4.app.q.supportStartPostponedEnterTransition
W/dalvikvm(13341): VFY: unable to resolve virtual method 99: Landroid/app/Activity;.startPostponedEnterTransition ()V
D/dalvikvm(13341): VFY: replacing opcode 0x6e at 0x0006
I/PeopleDatabaseHelper(13341): cleanUpNonGplusAccounts done.
D/CordovaLog(12774): file:///android_asset/www/js/ratchet.min.js: Line 10 : Uncaught SyntaxError: Failed to execute 'querySelector' on 'Document': '#give-gift/10152911418808392/156/' is not a valid selector.
I/chromium(12774): [INFO:CONSOLE(10)] "Uncaught SyntaxError: Failed to execute 'querySelector' on 'Document': '#give-gift/10152911418808392/156/' is not a valid selector.", source: file:///android_asset/www/js/ratchet.min.js (10)
V/WebViewChromiumFactoryProvider(14130): Binding Chromium to main looper Looper (main, tid 1) {41fa8db8}
I/LibraryLoader(14130): Expected native library version number "",actual native library version number ""
I/chromium(14130): [INFO:library_loader_hooks.cc(116)] Chromium logging enabled: level = 0, default verbosity = 0
I/BrowserStartupController(14130): Initializing chromium process, renderers=0
E/AudioManagerAndroid(14130): BLUETOOTH permission is missing!
I/Adreno-EGL(14130): <qeglDrvAPI_eglInitialize:410>: EGL 1.4 QUALCOMM build: AU_LINUX_ANDROID_LNX.LA.3.5.1_RB1.04.04.02.048.018_msm8226_LNX.LA.3.5.1_RB1__release_AU ()
I/Adreno-EGL(14130): OpenGL ES Shader Compiler Version: E031.24.00.08
I/Adreno-EGL(14130): Build Date: 03/07/14 Fri
I/Adreno-EGL(14130): Local Branch: 
I/Adreno-EGL(14130): Remote Branch: quic/LNX.LA.3.5.1_RB1.1
I/Adreno-EGL(14130): Local Patches: NONE
I/Adreno-EGL(14130): Reconstruct Branch: AU_LINUX_ANDROID_LNX.LA.3.5.1_RB1.04.04.02.048.018 + f2fd134 +  NOTHING
D/dalvikvm(27213): GC_EXPLICIT freed 480K, 37% free 12992K/20348K, paused 7ms+8ms, total 73ms
I/SBar.NetworkController( 1119): refreshSignalCluster: mobile: Signal=zz_moto_stat_sys_signal_3_fully_wide Roaming=(none) mSimIconId=(none) Accessibility="Phone three bars.","Not roaming.",""
I/NSApplication(14130): Starting up...
I/SFPerfTracer(  274):      triggers: (rate: 1291:51281) (compose: 0:259) (post: 0:21) (render: 91:10734) (0:810426 frames) (1:3392585)
D/SFPerfTracer(  274):        layers: (3:10) (DimLayer: 0:158)* (DimLayer: 0:146)* (FocusedStackFrame: 0:22727)* (StatusBar: 0:272638) (NavigationBar: 0:210408) (DimLayer: 0:26238)* (DimLayer: 0:5015)* (com.android.wallpaper.fall.FallWallpaper: 0:5444)* (com.google.android.gm/com.google.android.gm.ConversationListActivityGmail: 0:51)* (co.giftmeapp.gift_me/co.giftmeapp.gift_me.GiftMe: 1:147) 
D/WifiService( 1025): Client connection lost with reason: 4
I/ActivityManager( 1025): Start proc com.google.android.apps.cloudprint for broadcast com.google.android.apps.cloudprint/.printdialog.receivers.UpgradeBroadcastReceiver: pid=14514 uid=10058 gids={50058, 3003, 1028}
I/ActivityManager( 1025): Process com.facebook.katana (pid 12974) has died.
W/ActivityManager( 1025): Scheduling restart of crashed service com.facebook.katana/com.facebook.push.mqtt.service.MqttPushService in 39266025472ms
D/AudioManagerAndroid(14130): ==> onReceive: s=0, m=1, n=h2w, sb=true
D/AudioManagerAndroid(14130): reportUpdate: state=0, devices=[Speakerphone, Headset earpiece]
D/WifiStateMachine( 1025): handleMessage: E msg.what=151572
D/WifiStateMachine( 1025): processMsg: ConnectedState
D/WifiStateMachine( 1025): processMsg: L2ConnectedState
D/WifiStateMachine( 1025): handleMessage: X
I/SBar.NetworkController( 1119): onSignalStrengthsChanged SignalStrength: 8 0 -120 -160 -120 -1 -1 99 2147483647 2147483647 2147483647 2147483647 2147483647 gsm|lte 0 -108 -1 false 3 3 0 0 0 99 99 99 4 level=3
D/WifiStateMachine( 1025): handleMessage: E msg.what=131155
D/WifiStateMachine( 1025): processMsg: ConnectedState
D/WifiStateMachine( 1025): processMsg: L2ConnectedState
D/WifiStateMachine( 1025): handleMessage: X
I/ActivityManager( 1025): Start proc com.motorola.context for broadcast com.motorola.context/.engine.mediator.MediatorReceiver: pid=14652 uid=10011 gids={50011, 3001, 3002, 3003}
D/dalvikvm(27213): GC_EXPLICIT freed 720K, 37% free 13002K/20348K, paused 4ms+5ms, total 61ms
I/dalvikvm(13341): Total arena pages for JIT: 11
I/dalvikvm(13341): Total arena pages for JIT: 12
I/dalvikvm(13341): Total arena pages for JIT: 13
I/dalvikvm(13341): Total arena pages for JIT: 14
I/Icing   (13341): updateResources: need to parse e{com.google.android.gms}
I/ActivityManager( 1025): Process com.google.android.apps.magazines (pid 14130) has died.
I/ActivityManager( 1025): Process com.google.android.apps.cloudprint (pid 14514) has died.
I/ActivityManager( 1025): Start proc com.motorola.MotGallery2 for broadcast com.motorola.MotGallery2/com.motorola.blur.service.blur.StartupReceiver: pid=14752 uid=10034 gids={50034, 3003, 1028, 1015}
D/dalvikvm(  275): GC_EXPLICIT freed 42K, 48% free 9011K/17224K, paused 2ms+2ms, total 22ms
D/dalvikvm(  275): GC_EXPLICIT freed <1K, 48% free 9011K/17224K, paused 2ms+2ms, total 18ms
D/dalvikvm(  275): GC_EXPLICIT freed <1K, 48% free 9011K/17224K, paused 1ms+3ms, total 17ms
I/Icing   (13341): Internal init done: storage state 0
I/Icing   (13341): Post-init done
I/KInfoc  (12459): Auto Post
D/dalvikvm( 1025): GC_EXPLICIT freed 898K, 39% free 31041K/50444K, paused 6ms+15ms, total 178ms
W/Settings(12459): Setting android_id has moved from android.provider.Settings.System to android.provider.Settings.Secure, returning read-only value.
I/ActivityManager( 1025): Process com.motorola.context (pid 14652) has died.
I/CCEUtils(14752): device type: OLDMOTO
I/ApplicationLogger(13109): canRun() : Opted Out
I/UpdateIcingCorporaServi(13109): UpdateCorporaTask done [took 3114 ms] updated apps [took 3114 ms] 
D/KInfoc  (12459): set batch timer
I/ActivityManager( 1025): Start proc uk.co.economist for broadcast uk.co.economist/com.urbanairship.push.GCMPushReceiver: pid=14783 uid=10130 gids={50130, 3003, 1028, 1015}
I/ActivityManager( 1025): Process com.motorola.MotGallery2 (pid 14752) has died.
I/ActivityManager( 1025): Process com.google.android.googlequicksearchbox:search (pid 13109) has died.
I/Economist(14783): User is not logged in
I/com.newrelic.agent.android(14783): Loaded configuration: HarvestConfiguration{collect_network_errors=true, cross_process_id='UAUCV1NACgsEVlZRBA==', data_report_period=60, data_token=[2842733, 13762828], error_limit=50, report_max_transaction_age=600, report_max_transaction_count=1000, response_body_limit=2048, server_timestamp=1417568805, stack_trace_limit=100, activity_trace_max_size=65534, activity_trace_max_report_attempts=1, activity_trace_min_utilization=0.30000001192092896, at_capture=ActivityTraceConfiguration{maxTotalTraceCount=1}}
I/com.newrelic.agent.android(14783): Application state monitor has started
I/com.newrelic.agent.android(14783): Measurement Engine initialized.
I/com.newrelic.agent.android(14783): New Relic Agent v4.178.0
I/com.newrelic.agent.android(14783): Harvester: connected
I/com.newrelic.agent.android(14783): Harvester: Sending 0 HTTP transactions.
I/com.newrelic.agent.android(14783): Harvester: Sending 0 HTTP errors.
I/com.newrelic.agent.android(14783): Harvester: Sending 0 activity traces.
D/The Economist APID(14783): 6855de6b-02a2-4126-88af-261db5a37b30
D/GCM     (20136): GcmService start Intent { act=com.google.android.gms.INITIALIZE flg=0x10 pkg=com.google.android.gms cmp=com.google.android.gms/.gcm.GcmService } com.google.android.gms.INITIALIZE
D/WifiStateMachine( 1025): handleMessage: E msg.what=151572
D/WifiStateMachine( 1025): processMsg: ConnectedState
D/WifiStateMachine( 1025): processMsg: L2ConnectedState
D/WifiStateMachine( 1025): handleMessage: X
I/Crittercism(14783): Initializing Crittercism 5.0.6 for App ID 541be4a1d478bc3b68000001
W/Crittercism(14783): Crittercism should be initialized in onCreate() of MainActivity
D/AuthorizationBluetoothService(20136): Received GmsCore event: Intent { act=com.google.android.gms.INITIALIZE flg=0x10 pkg=com.google.android.gms cmp=com.google.android.gms/.auth.be.proximity.authorization.bt.AuthorizationBluetoothService$AutoStarter }.
E/AuthorizationBluetoothService(20136): Proximity feature is not enabled.
V/GmsCoreStatsServiceLauncher(13341): Received broadcast intent Intent { act=com.google.android.gms.INITIALIZE flg=0x10 pkg=com.google.android.gms cmp=com.google.android.gms/.common.stats.GmsCoreStatsServiceLauncher }
E/MDM     (23032): [445944] b.run: Couldn't connect to Google API client: ConnectionResult{statusCode=API_UNAVAILABLE, resolution=null}
W/Crittercism(14783): Application context not provided. Automatic breadcrumbs will not be recorded.
D/LocationInitializer(13341): Restart initialization of location
I/ActivityManager( 1025): Start proc com.facebook.katana for content provider com.facebook.katana/.provider.AttributionIdProvider: pid=14837 uid=10110 gids={50110, 1028, 1015, 3003}
W/dalvikvm(14837): VFY: unable to resolve static field 29078 (a) in Lcom/facebook/katana/app/WorkAppTypes;
D/dalvikvm(14837): VFY: replacing opcode 0x62 at 0x0013
W/dalvikvm(14837): VFY: unable to resolve static field 29079 (b) in Lcom/facebook/katana/app/WorkAppTypes;
D/dalvikvm(14837): VFY: replacing opcode 0x62 at 0x001d
E/dalvikvm(14837): Could not find class 'com.facebook.katana.app.WallpaperFacebookApplicationImpl', referenced from method com.facebook.katana.app.FacebookApplication.a
W/dalvikvm(14837): VFY: unable to resolve new-instance 379 (Lcom/facebook/katana/app/WallpaperFacebookApplicationImpl;) in Lcom/facebook/katana/app/FacebookApplication;
D/dalvikvm(14837): VFY: replacing opcode 0x22 at 0x00a9
D/dalvikvm(14837): DexOpt: unable to opt direct call 0x055f at 0xab in Lcom/facebook/katana/app/FacebookApplication;.a
D/CatchMeIfYouCan(14837): Process (<default>) ca: '/data/user/0/com.facebook.katana/app_cmiyc/A1657CCD543F12E66E587EE52ED9D802E22AAC4701'
D/CatchMeIfYouCan(14837): Process (<default>) fc: '/data/user/0/com.facebook.katana/app_cmiyc/A1657CCD543F12E66E587EE52ED9D802E22AAC4702'
D/CatchMeIfYouCan(14837): Process (<default>) cp: '('default', 3, 120000, silent [true], restart [false], logout [false])'
D/ACRA    (14837): ACRA is enabled for com.facebook.katana, intializing...
D/ACRA    (14837): Looking for error files in /data/user/0/com.facebook.katana/app_acra-reports
D/ACRA    (14837): Looking for error files in /data/user/0/com.facebook.katana/app_minidumps
D/dalvikvm(14837): Trying to load lib /data/app-lib/com.facebook.katana-1/libgnustl_shared.so 0x41fb3ba0
D/dalvikvm(14837): Added shared lib /data/app-lib/com.facebook.katana-1/libgnustl_shared.so 0x41fb3ba0
D/dalvikvm(14837): No JNI_OnLoad found in /data/app-lib/com.facebook.katana-1/libgnustl_shared.so 0x41fb3ba0, skipping init
D/dalvikvm(14837): Trying to load lib /data/app-lib/com.facebook.katana-1/libfb_breakpad_client.so 0x41fb3ba0
D/dalvikvm(14837): Added shared lib /data/app-lib/com.facebook.katana-1/libfb_breakpad_client.so 0x41fb3ba0
D/dalvikvm(14837): Trying to load lib /data/app-lib/com.facebook.katana-1/libfb_dalvik-internals.so 0x41fb3ba0
D/dalvikvm(14837): Added shared lib /data/app-lib/com.facebook.katana-1/libfb_dalvik-internals.so 0x41fb3ba0
V/DexLibLoader(14837): about to lock: /data/user/0/com.facebook.katana/mdex_lock
V/DexLibLoader(14837): locking /data/user/0/com.facebook.katana/mdex_lock took 0 ms
V/DexLibLoader(14837): Secondary program dex metadata: secondary-1.dex.jar.xz 15ef54b77950d1e6c1cbc3342a20571a9fd8050d secondary.dex01.Canary
V/DexLibLoader(14837): Secondary program dex metadata: secondary-2.dex.jar.xz 14bcaeed5ad488eaf139a59d22cf00efbde5948b secondary.dex02.Canary
V/DexLibLoader(14837): Secondary program dex metadata: secondary-3.dex.jar.xz e8acf246c92474061a3e0f7dafec5559e33da2c5 secondary.dex03.Canary
V/DexLibLoader(14837): Secondary program dex metadata: secondary-4.dex.jar.xz 1d7a13e77be07efb41a2c80160a9aec6fff27ad1 secondary.dex04.Canary
V/DexLibLoader(14837): Secondary program dex metadata: secondary-5.dex.jar.xz 42761fa3dedc1f1a9503bece4f2db80adf01f775 secondary.dex05.Canary
V/DexLibLoader(14837): Secondary program dex metadata: secondary-6.dex.jar.xz 1b4455e1ba1ff38a86723e24cd334fa1062519f1 secondary.dex06.Canary
V/DexLibLoader(14837): Secondary program dex metadata: secondary-7.dex.jar.xz a54de6ef97459e1e5b5c8f874a889a38965d3446 secondary.dex07.Canary
V/DexLibLoader(14837): directory "/data/user/0/com.facebook.katana/app_secondary_program_dex" contains "program-15ef54b77950d1e6c1cbc3342a20571a9fd8050d6661a1c7.dex.jar" as expected
V/DexLibLoader(14837): directory "/data/user/0/com.facebook.katana/app_secondary_program_dex" contains "program-14bcaeed5ad488eaf139a59d22cf00efbde5948b6661a1c7.dex.jar" as expected
V/DexLibLoader(14837): directory "/data/user/0/com.facebook.katana/app_secondary_program_dex" contains "program-e8acf246c92474061a3e0f7dafec5559e33da2c56661a1c7.dex.jar" as expected
V/DexLibLoader(14837): directory "/data/user/0/com.facebook.katana/app_secondary_program_dex" contains "program-1d7a13e77be07efb41a2c80160a9aec6fff27ad16661a1c7.dex.jar" as expected
V/DexLibLoader(14837): directory "/data/user/0/com.facebook.katana/app_secondary_program_dex" contains "program-42761fa3dedc1f1a9503bece4f2db80adf01f7756661a1c7.dex.jar" as expected
V/DexLibLoader(14837): directory "/data/user/0/com.facebook.katana/app_secondary_program_dex" contains "program-1b4455e1ba1ff38a86723e24cd334fa1062519f16661a1c7.dex.jar" as expected
V/DexLibLoader(14837): directory "/data/user/0/com.facebook.katana/app_secondary_program_dex" contains "program-a54de6ef97459e1e5b5c8f874a889a38965d34466661a1c7.dex.jar" as expected
D/DexLibLoader(14837): ignoring file "program-15ef54b77950d1e6c1cbc3342a20571a9fd8050d6661a1c7.dex.odex" in "/data/user/0/com.facebook.katana/app_secondary_program_dex"
D/DexLibLoader(14837): ignoring file "program-14bcaeed5ad488eaf139a59d22cf00efbde5948b6661a1c7.dex.odex" in "/data/user/0/com.facebook.katana/app_secondary_program_dex"
D/DexLibLoader(14837): ignoring file "program-e8acf246c92474061a3e0f7dafec5559e33da2c56661a1c7.dex.odex" in "/data/user/0/com.facebook.katana/app_secondary_program_dex"
D/DexLibLoader(14837): ignoring file "program-1d7a13e77be07efb41a2c80160a9aec6fff27ad16661a1c7.dex.odex" in "/data/user/0/com.facebook.katana/app_secondary_program_dex"
D/DexLibLoader(14837): ignoring file "program-42761fa3dedc1f1a9503bece4f2db80adf01f7756661a1c7.dex.odex" in "/data/user/0/com.facebook.katana/app_secondary_program_dex"
D/DexLibLoader(14837): ignoring file "program-1b4455e1ba1ff38a86723e24cd334fa1062519f16661a1c7.dex.odex" in "/data/user/0/com.facebook.katana/app_secondary_program_dex"
D/DexLibLoader(14837): ignoring file "program-a54de6ef97459e1e5b5c8f874a889a38965d34466661a1c7.dex.odex" in "/data/user/0/com.facebook.katana/app_secondary_program_dex"
D/DexLibLoader(14837): directory "/data/user/0/com.facebook.katana/app_secondary_program_dex" is valid
D/DexLibLoader(14837): ignoring file "primary_deps" in "/data/user/0/com.facebook.katana/app_secondary_program_dex_opt"
V/DexLibLoader(14837): directory "/data/user/0/com.facebook.katana/app_secondary_program_dex_opt" contains "program-15ef54b77950d1e6c1cbc3342a20571a9fd8050d6661a1c7.dex.dex" as expected
V/DexLibLoader(14837): directory "/data/user/0/com.facebook.katana/app_secondary_program_dex_opt" contains "program-14bcaeed5ad488eaf139a59d22cf00efbde5948b6661a1c7.dex.dex" as expected
V/DexLibLoader(14837): directory "/data/user/0/com.facebook.katana/app_secondary_program_dex_opt" contains "program-e8acf246c92474061a3e0f7dafec5559e33da2c56661a1c7.dex.dex" as expected
V/DexLibLoader(14837): directory "/data/user/0/com.facebook.katana/app_secondary_program_dex_opt" contains "program-1d7a13e77be07efb41a2c80160a9aec6fff27ad16661a1c7.dex.dex" as expected
V/DexLibLoader(14837): directory "/data/user/0/com.facebook.katana/app_secondary_program_dex_opt" contains "program-42761fa3dedc1f1a9503bece4f2db80adf01f7756661a1c7.dex.dex" as expected
V/DexLibLoader(14837): directory "/data/user/0/com.facebook.katana/app_secondary_program_dex_opt" contains "program-1b4455e1ba1ff38a86723e24cd334fa1062519f16661a1c7.dex.dex" as expected
V/DexLibLoader(14837): directory "/data/user/0/com.facebook.katana/app_secondary_program_dex_opt" contains "program-a54de6ef97459e1e5b5c8f874a889a38965d34466661a1c7.dex.dex" as expected
D/DexLibLoader(14837): directory "/data/user/0/com.facebook.katana/app_secondary_program_dex_opt" is valid
D/DexLibLoader(14837): loading pre-built cross-dex opt odex files
V/dalvik-internals(14837): hooked dvmResolveClass using jump ()
V/dalvik-internals(14837): hooked dvmFlushBreakpoints using jump ()
V/MultiDexClassLoader(14837): installing MultiDexClassLoader before application classloader
I/dalvikvm(14837): Could not find method dalvik.system.DexFile.loadClassBinaryName, referenced from method com.facebook.common.dextricks.DexFileLoadOld.a
W/dalvikvm(14837): VFY: unable to resolve virtual method 2073: Ldalvik/system/DexFile;.loadClassBinaryName (Ljava/lang/String;Ljava/lang/ClassLoader;)Ljava/lang/Class;
D/dalvikvm(14837): VFY: replacing opcode 0x6e at 0x0000
D/DexLibLoader(14837): released odex store lock
D/DexLibLoader(14837): DexLibLoader.loadAll took 26 ms
D/MemoryReductionHack(14837): Marked as initialized entry corresponding to path /data/app/com.facebook.katana-1.apk
D/GcOptimizer(14837): Enabled
V/dalvik-internals(14837): hooked dvmLinearAlloc using jump ()
V/dalvik-internals(14837): hooked dvmLinearRealloc using jump ()
V/dalvik-internals(14837): hooked dvmLinearFree using jump ()
V/dalvik-internals(14837): hooked dvmLinearStrdup using jump ()
V/dalvik-internals(14837): hooked dvmLinearAllocContains using jump ()
I/dalvik-internals(14837): enlarged linearalloc buffer to 33554432 bytes
I/Icing   (13341): Indexing D11140B64A23ADCF9607D6E17FA4854A5443BF22 from com.google.android.googlequicksearchbox
I/ActivityManager( 1025): Start proc com.google.android.googlequicksearchbox:search for content provider com.google.android.googlequicksearchbox/com.google.android.search.core.icingsync.InternalIcingCorporaProvider: pid=14863 uid=10045 gids={50045, 3003, 3001, 1028, 3002, 1015}
W/StaticBindingVerifier(14837): Verify
I/dalvikvm(14863): Could not find method android.content.pm.PackageManager.getPackageInstaller, referenced from method com.google.android.gms.common.e.p
W/dalvikvm(14863): VFY: unable to resolve virtual method 901: Landroid/content/pm/PackageManager;.getPackageInstaller ()Landroid/content/pm/PackageInstaller;
D/dalvikvm(14863): VFY: replacing opcode 0x6e at 0x000b
I/dalvikvm(14837): Could not find method com.facebook.resources.FbResources.getDrawable, referenced from method com.facebook.resources.impl.DownloadedFbResources.getDrawable
W/dalvikvm(14837): VFY: unable to resolve virtual method 48479: Lcom/facebook/resources/FbResources;.getDrawable (ILandroid/content/res/Resources$Theme;)Landroid/graphics/drawable/Drawable;
D/dalvikvm(14837): VFY: replacing opcode 0x6f at 0x0031
D/Icing   (13341): Loaded CLD2 Version V2.0 - 20141016
D/WifiService( 1025): New client listening to asynchronous messages
I/Icing   (13341): Indexing done D11140B64A23ADCF9607D6E17FA4854A5443BF22
I/ActivityManager( 1025): Process com.google.android.googlequicksearchbox:search (pid 14863) has died.
D/WifiStateMachine( 1025): handleMessage: E msg.what=151572
D/WifiStateMachine( 1025): processMsg: ConnectedState
D/WifiStateMachine( 1025): processMsg: L2ConnectedState
D/WifiStateMachine( 1025): handleMessage: X
I/Crittercism(14783): Enabling OPTMZ
W/ContextImpl( 3533): Implicit intents with startService are not safe: Intent { act=com.google.android.gms.analytics.service.START (has extras) } android.content.ContextWrapper.bindService:517 com.google.analytics.tracking.android.AnalyticsGmsCoreClient.b:82 com.google.analytics.tracking.android.GAServiceProxy.j:279 
E/dalvikvm(14837): Could not find class 'org.apache.harmony.xnet.provider.jsse.OpenSSLSocketImpl', referenced from method com.facebook.ssl.openssl.check.CheckOpenSSLImplHasRequiredMethods.<clinit>
W/dalvikvm(14837): VFY: unable to resolve const-class 13808 (Lorg/apache/harmony/xnet/provider/jsse/OpenSSLSocketImpl;) in Lcom/facebook/ssl/openssl/check/CheckOpenSSLImplHasRequiredMethods;
D/dalvikvm(14837): VFY: replacing opcode 0x1c at 0x000d
E/dalvikvm(14837): Could not find class 'org.apache.harmony.xnet.provider.jsse.OpenSSLSocketFactoryImpl', referenced from method com.facebook.ssl.openssl.reflect.SSLParametersGetter.<clinit>
W/dalvikvm(14837): VFY: unable to resolve const-class 13807 (Lorg/apache/harmony/xnet/provider/jsse/OpenSSLSocketFactoryImpl;) in Lcom/facebook/ssl/openssl/reflect/SSLParametersGetter;
D/dalvikvm(14837): VFY: replacing opcode 0x1c at 0x000d
E/dalvikvm(14837): Could not find class 'org.apache.harmony.xnet.provider.jsse.SSLParametersImpl', referenced from method com.facebook.ssl.openssl.reflect.SSLParametersGetter.a
W/dalvikvm(14837): VFY: unable to resolve check-cast 13809 (Lorg/apache/harmony/xnet/provider/jsse/SSLParametersImpl;) in Lcom/facebook/ssl/openssl/reflect/SSLParametersGetter;
D/dalvikvm(14837): VFY: replacing opcode 0x1f at 0x0006
E/dalvikvm(14837): Could not find class 'org.apache.harmony.xnet.provider.jsse.SSLParametersImpl', referenced from method com.facebook.ssl.openssl.reflect.SSLSessionTimeoutSetter.<clinit>
W/dalvikvm(14837): VFY: unable to resolve const-class 13809 (Lorg/apache/harmony/xnet/provider/jsse/SSLParametersImpl;) in Lcom/facebook/ssl/openssl/reflect/SSLSessionTimeoutSetter;
D/dalvikvm(14837): VFY: replacing opcode 0x1c at 0x000d
W/dalvikvm(14837): VFY: unable to find class referenced in signature (Lorg/apache/harmony/xnet/provider/jsse/SSLParametersImpl;)
E/dalvikvm(14837): Could not find class 'org.apache.harmony.xnet.provider.jsse.ClientSessionContext', referenced from method com.facebook.ssl.openssl.reflect.SSLSessionTimeoutSetter.a
W/dalvikvm(14837): VFY: unable to resolve check-cast 13806 (Lorg/apache/harmony/xnet/provider/jsse/ClientSessionContext;) in Lcom/facebook/ssl/openssl/reflect/SSLSessionTimeoutSetter;
D/dalvikvm(14837): VFY: replacing opcode 0x1f at 0x0006
W/dalvikvm(14837): VFY: unable to find class referenced in signature (Lorg/apache/harmony/xnet/provider/jsse/SSLParametersImpl;)
W/dalvikvm(14837): Unable to resolve superclass of Lcom/facebook/ssl/openssl/TicketEnabledOpenSSLSocketImplWrapper; (11243)
W/dalvikvm(14837): Link of class 'Lcom/facebook/ssl/openssl/TicketEnabledOpenSSLSocketImplWrapper;' failed
E/dalvikvm(14837): Could not find class 'com.facebook.ssl.openssl.TicketEnabledOpenSSLSocketImplWrapper', referenced from method com.facebook.ssl.openssl.TicketEnabledOpenSSLSocketFactoryHelper.a
W/dalvikvm(14837): VFY: unable to resolve new-instance 10681 (Lcom/facebook/ssl/openssl/TicketEnabledOpenSSLSocketImplWrapper;) in Lcom/facebook/ssl/openssl/TicketEnabledOpenSSLSocketFactoryHelper;
D/dalvikvm(14837): VFY: replacing opcode 0x22 at 0x0000
W/dalvikvm(14837): Unable to resolve superclass of Lcom/facebook/ssl/openssl/TicketEnabledOpenSSLSocketImplWrapper; (11243)
W/dalvikvm(14837): Link of class 'Lcom/facebook/ssl/openssl/TicketEnabledOpenSSLSocketImplWrapper;' failed
D/dalvikvm(14837): DexOpt: unable to opt direct call 0xc22f at 0x08 in Lcom/facebook/ssl/openssl/TicketEnabledOpenSSLSocketFactoryHelper;.a
D/dalvikvm(14837): Trying to load lib /data/app-lib/com.facebook.katana-1/libfbjni.so 0x41fb3ba0
D/dalvikvm(14837): Added shared lib /data/app-lib/com.facebook.katana-1/libfbjni.so 0x41fb3ba0
D/dalvikvm(14837): Trying to load lib /data/app-lib/com.facebook.katana-1/libcares.so 0x41fb3ba0
D/dalvikvm(14837): Added shared lib /data/app-lib/com.facebook.katana-1/libcares.so 0x41fb3ba0
D/dalvikvm(14837): No JNI_OnLoad found in /data/app-lib/com.facebook.katana-1/libcares.so 0x41fb3ba0, skipping init
D/dalvikvm(14837): Trying to load lib /data/app-lib/com.facebook.katana-1/libdouble-conversion.so 0x41fb3ba0
D/dalvikvm(14837): Added shared lib /data/app-lib/com.facebook.katana-1/libdouble-conversion.so 0x41fb3ba0
D/dalvikvm(14837): No JNI_OnLoad found in /data/app-lib/com.facebook.katana-1/libdouble-conversion.so 0x41fb3ba0, skipping init
D/dalvikvm(14837): Trying to load lib /data/app-lib/com.facebook.katana-1/libevent.so 0x41fb3ba0
D/dalvikvm(14837): Added shared lib /data/app-lib/com.facebook.katana-1/libevent.so 0x41fb3ba0
D/dalvikvm(14837): No JNI_OnLoad found in /data/app-lib/com.facebook.katana-1/libevent.so 0x41fb3ba0, skipping init
D/dalvikvm(14837): Trying to load lib /data/app-lib/com.facebook.katana-1/libliger.so 0x41fb3ba0
D/dalvikvm(14837): Added shared lib /data/app-lib/com.facebook.katana-1/libliger.so 0x41fb3ba0
W/fb4a(:<default>):AbstractMqttPushService(14837): Attempt to start service that is already started
D/dalvikvm( 1295): GC_CONCURRENT freed 1992K, 46% free 9319K/17224K, paused 2ms+2ms, total 30ms
D/dalvikvm(14837): Trying to load lib /data/app-lib/com.facebook.katana-1/libheartbleed.so 0x41fb3ba0
D/dalvikvm(14837): Added shared lib /data/app-lib/com.facebook.katana-1/libheartbleed.so 0x41fb3ba0
D/WifiStateMachine( 1025): handleMessage: E msg.what=151572
D/WifiStateMachine( 1025): processMsg: ConnectedState
D/WifiStateMachine( 1025): processMsg: L2ConnectedState
D/WifiStateMachine( 1025): handleMessage: X
D/WifiStateMachine( 1025): handleMessage: E msg.what=131155
D/WifiStateMachine( 1025): processMsg: ConnectedState
D/WifiStateMachine( 1025): processMsg: L2ConnectedState
D/WifiStateMachine( 1025): handleMessage: X
I/ActivityManager( 1025): Process uk.co.economist (pid 14783) has died.
W/ActivityManager( 1025): Service ServiceRecord{43f6e198 u0 uk.co.economist/.service.APIService} in process ProcessRecord{43787010 14783:uk.co.economist/u0a130} not same as in map: null
I/ActivityManager( 1025): Process com.google.android.music:main (pid 8232) has died.
W/ActivityManager( 1025): Service ServiceRecord{43fc8db0 u0 com.google.android.music/.net.NetworkMonitor} in process ProcessRecord{438934b8 8232:com.google.android.music:main/u0a82} not same as in map: null
W/ActivityManager( 1025): Service ServiceRecord{43e43df0 u0 com.google.android.music/.preferences.MusicPreferenceService$MusicPreferenceServiceBinder} in process ProcessRecord{438934b8 8232:com.google.android.music:main/u0a82} not same as in map: null
W/ActivityManager( 1025): Service ServiceRecord{43c6f4a8 u0 com.google.android.music/.download.artwork.ArtDownloadService} in process ProcessRecord{438934b8 8232:com.google.android.music:main/u0a82} not same as in map: null
