I/ActivityManager(  588): START {act=android.intent.action.SENDTO dat=smsto pkg=com.whatsapp cmp=com.whatsapp/.Conversation (has extras) u=0} from pid 8301
D/PowerManagerService(  588): acquireWakeLock(42c2c150): PARTIAL_WAKE_LOCK , tag=ActivityManager-Launch, flags=0x1, pid=588, uid=1000, mUserState=0x3
D/PowerManagerService(  588): acquireWakeLock(42decba8): CPU_MIN_FREQ , tag=WindowManager-ScreenRotation-Freq, flags=0x100, pid=588, uid=1000, mUserState=0x3
D/PowerManagerService(  588): acquireWakeLock(42b6dfb0): CPU_MIN_NUM , tag=WindowManager-ScreenRotation-Num, flags=0x400, pid=588, uid=1000, mUserState=0x3
D/PowerManagerService(  588): acquireWakeLock(42ab40f0): PARTIAL_WAKE_LOCK , tag=SCREEN_FROZEN, flags=0x1, pid=588, uid=1000, mUserState=0x3
I/ActivityManager(  588): Config changed: {1.0 272mcc2mnc en_FR sw360dp w360dp h614dp nrml long port finger -keyb/v/h -nav/h s.35 skin=default fontsize=3 hasNavBar=0}
D/PowerManagerService(  588): releaseWakeLock(42ab40f0): PARTIAL_WAKE_LOCK , tag=SCREEN_FROZEN, flags=0x1
D/PowerManagerService(  588): acquireWakeLock(429d3d08): PARTIAL_WAKE_LOCK , tag=AsyncService, flags=0x1, pid=8528, uid=10133, mUserState=0x3
D/PowerManagerService(  588): releaseWakeLock(429d3d08): PARTIAL_WAKE_LOCK , tag=AsyncService, flags=0x1
D/CarrierLabel(  811): CarrierLabel mIntentReceiver : android.intent.action.CONFIGURATION_CHANGED
D/CarrierLabel(  811): updateResources()
W/CarrierLabel(  811): updateNetworkNameExt: mSimState = UNKNOWN
D/CarrierLabel(  811): updateNetworkName showSpn=false spn= showPlmn=true plmn=3
D/PowerManagerService(  588): releaseWakeLock(42decba8): CPU_MIN_FREQ , tag=WindowManager-ScreenRotation-Freq, flags=0x100
D/PowerManagerService(  588): releaseWakeLock(42b6dfb0): CPU_MIN_NUM , tag=WindowManager-ScreenRotation-Num, flags=0x400
I/ActivityManager(  588): Start proc com.google.android.googlequicksearchbox:search for broadcast com.google.android.googlequicksearchbox/com.google.android.search.core.icingsync.IcingCorporaChangedReceiver: pid=8555 uid=10038 gids={3003, 3001, 1028, 3002, 1015, 1006}
W/CpuWake (  588): >>nativeReleaseCpuPerfWakeLock()
W/CpuWake (  588): <<nativeReleaseCpuPerfWakeLock()
I/ActivityManager(  588): Start proc com.android.packageinstaller for broadcast com.android.packageinstaller/com.htc.app.HtcPackageEnabler: pid=8573 uid=10135 gids={1028}
D/PowerManagerService(  588): acquireWakeLock(4268d048): PARTIAL_WAKE_LOCK , tag=wake:com.google.android.gms/.config.ConfigFetchService, flags=0x1, pid=27853, uid=10017, mUserState=0x3
I/ActivityManager(  588): Start proc com.google.android.partnersetup for broadcast com.google.android.partnersetup/.RlzPingBroadcastReceiver: pid=8587 uid=10037 gids={3003, 1028}
I/ActivityManager(  588): Recipient 8503
I/ActivityManager(  588): Recipient 8387
I/ActivityManager(  588): Process com.google.android.talk (pid 8503) has died.
I/ActivityManager(  588): Process com.facebook.katana:dash (pid 8387) has died.
I/ActivityManager(  588): Start proc com.htc.opensense.social for broadcast com.htc.opensense/.pluginmanager.RegisterReceiver: pid=8603 uid=10014 gids={2001, 3003, 1015, 1028, 1006, 5005, 3002, 3001, 5003}
I/ActivityManager(  588): Start proc com.android.settings for broadcast com.android.settings/.framework.content.plugin.HtcPluginReceiver: pid=8618 uid=1000 gids={1015, 3002, 3001, 3003, 1028, 5006, 3007, 3006, 2001, 1007}
D/PowerManagerService(  588): acquireWakeLock(429921e8): PARTIAL_WAKE_LOCK , tag=Icing, flags=0x1, pid=27853, uid=10017, mUserState=0x3
D/PowerManagerService(  588): acquireWakeLock(42975228): PARTIAL_WAKE_LOCK , tag=WakefulIntentService[PackageService], flags=0x1, pid=27853, uid=10017, mUserState=0x3
D/PowerManagerService(  588): releaseWakeLock(42975228): PARTIAL_WAKE_LOCK , tag=WakefulIntentService[PackageService], flags=0x1
I/ActivityManager(  588): Start proc com.google.android.talk for broadcast com.google.android.talk/com.google.android.apps.hangouts.phone.PackageReplacedReceiver: pid=8644 uid=10148 gids={3003, 1015, 1006, 3002, 1028}
D/PowerManagerService(  588): releaseWakeLock(429921e8): PARTIAL_WAKE_LOCK , tag=Icing, flags=0x1
I/PackageManager(  588):  setEnabledSetting(), pkgName=com.google.android.talk, clsName=com.google.android.apps.hangouts.phone.ShareIntentSmsOnlyActivity, state=2, flag=1, pid=8644, uid=10148
D/Socket_Alarm( 8644): registerHTCSocketMonitorCallBack
D/Socket_Alarm( 8644): set mSocketMonitor
D/Socket_Alarm( 8644): HTCSocketMonitorImpl::HTCSocketMonitorImpl
I/PackageManager(  588):  setEnabledSetting(), pkgName=com.google.android.talk, clsName=com.google.android.apps.hangouts.sms.SmsReceiver, state=2, flag=1, pid=8644, uid=10148
I/PackageManager(  588):  setEnabledSetting(), pkgName=com.google.android.talk, clsName=com.google.android.apps.hangouts.sms.MmsWapPushReceiver, state=2, flag=1, pid=8644, uid=10148
I/PackageManager(  588):  setEnabledSetting(), pkgName=com.google.android.talk, clsName=com.google.android.apps.hangouts.sms.AbortSmsReceiver, state=2, flag=1, pid=8644, uid=10148
I/PackageManager(  588):  setEnabledSetting(), pkgName=com.google.android.talk, clsName=com.google.android.apps.hangouts.sms.AbortMmsWapPushReceiver, state=2, flag=1, pid=8644, uid=10148
I/PackageManager(  588):  setEnabledSetting(), pkgName=com.google.android.talk, clsName=com.google.android.apps.hangouts.service.NoConfirmationSmsSendService, state=2, flag=1, pid=8644, uid=10148
D/PowerManagerService(  588): acquireWakeLock(425a5828): PARTIAL_WAKE_LOCK , tag=AsyncService, flags=0x1, pid=8528, uid=10133, mUserState=0x3
D/PowerManagerService(  588): releaseWakeLock(425a5828): PARTIAL_WAKE_LOCK , tag=AsyncService, flags=0x1
W/CpuWake (  588): >>nativeAcquireCpuPerfWakeLock()
W/CpuWake (  588): <<nativeAcquireCpuPerfWakeLock()
I/ActivityManager(  588): START {dat=smsto cmp=com.whatsapp/.SmsDefaultAppWarning u=0} from pid 8257
W/ActivityManager(  588): Duplicate finish request for ActivityRecord{424953e8 com.whatsapp/.Conversation}
D/TELEPHONY_CALLBACK(  811): @onSignalStrengthChanged: SignalStrength: 4 -1 -1 -1 -1 -1 -1 -1 -1 -1 2147483647 -1 gsm|lte
D/StatusBar.NetworkController(  811): dumpState[hasService=true ServiceState=0 home 3 3 27202  HSPA CSS not supported -1 -1 RoamInd=-1 DefRoamInd=-1EriInd= -1EriMode= -1RadioPowerSv: false EmergOnly=false PhoneType: 1 IsCdma=false SimState=UNKNOWN GprsState=0 DataState=Disconnected DataActivity=NONE NetworkType=HSPA HtcModemLinkOn=false HspaDataDistinquishable=true]
D/SIGNAL_ICON(  811): updateTelephonySignalStrength
D/SIGNAL_ICON(  811): fakeui srv=0 mTimerEnabled=false asu=4
D/SIGNAL_ICON(  811): asu=4
D/SIGNAL_ICON(  811): SUPPORT_5_LEVEL_SIGNAL
D/SIGNAL_ICON(  811): mapTelephonySignalStrength
D/SIGNAL_ICON(  811): maxLevel=5 asu=4 networkType=HSPA
D/SIGNAL_ICON(  811): return iconLevel=2
D/SIGNAL_ICON(  811): refreshViews: mPhoneSignalIconId -> stat_sys_5signal_2
D/StatusBar.NetworkController(  811): dumpIconState[dataVisible=false dataIconId=stat_sys_data_out_3g_plus signalIconId=stat_sys_5signal_2 wifiVisible=true wifiIconId=stat_sys_wifi_signal_4 airplaneMode=false]
I/ActivityManager(  588): Recipient 8573
I/ActivityManager(  588): Process com.android.packageinstaller (pid 8573) has died.
I/ActivityManager(  588): Recipient 8555
I/ActivityManager(  588): Process com.google.android.googlequicksearchbox:search (pid 8555) has died.
I/ActivityManager(  588): Recipient 8587
I/ActivityManager(  588): Process com.google.android.partnersetup (pid 8587) has died.
I/ActivityManager(  588): Recipient 8618
I/ActivityManager(  588): Process com.android.settings (pid 8618) has died.
I/ActivityManager(  588): Recipient 8603
I/ActivityManager(  588): Process com.htc.opensense.social (pid 8603) has died.
I/ActivityManager(  588): Recipient 8644
I/ActivityManager(  588): Process com.google.android.talk (pid 8644) has died.
I/ActivityManager(  588): Start proc com.google.android.googlequicksearchbox:search for broadcast com.google.android.googlequicksearchbox/com.google.android.search.core.icingsync.IcingCorporaChangedReceiver: pid=8690 uid=10038 gids={3003, 3001, 1028, 3002, 1015, 1006}
D/PowerManagerService(  588): releaseWakeLock(42c2c150): PARTIAL_WAKE_LOCK , tag=ActivityManager-Launch, flags=0x1
D/PowerManagerService(  588): acquireWakeLock(428aa3b8): PARTIAL_WAKE_LOCK , tag=RILJ, flags=0x1, pid=946, uid=1001, mUserState=0x3
W/CpuWake (  588): >>nativeReleaseCpuPerfWakeLock()
W/CpuWake (  588): <<nativeReleaseCpuPerfWakeLock()
D/PowerManagerService(  588): releaseWakeLock(428aa3b8): PARTIAL_WAKE_LOCK , tag=RILJ, flags=0x1
D/PowerManagerService(  588): acquireWakeLock(426cac90): PARTIAL_WAKE_LOCK , tag=RILJ, flags=0x1, pid=946, uid=1001, mUserState=0x3
D/PowerManagerService(  588): releaseWakeLock(426cac90): PARTIAL_WAKE_LOCK , tag=RILJ, flags=0x1
D/Socket_Alarm( 8528): registerHTCSocketMonitorCallBack
D/Socket_Alarm( 8528): set mSocketMonitor
D/Socket_Alarm( 8528): HTCSocketMonitorImpl::HTCSocketMonitorImpl
I/ActivityManager(  588): Start proc ru.yandex.translate for broadcast ru.yandex.translate/com.yandex.metrica.MetricaEventHandler: pid=8708 uid=10181 gids={3003, 1015, 1028}
D/PowerManagerService(  588): acquireWakeLock(428b5400): PARTIAL_WAKE_LOCK , tag=wake:com.google.android.gms/.config.ConfigFetchService, flags=0x1, pid=27853, uid=10017, mUserState=0x3
D/PowerManagerService(  588): acquireWakeLock(4230ef80): PARTIAL_WAKE_LOCK , tag=Config Service fetch, flags=0x1, pid=27853, uid=10017, mUserState=0x3
I/ActivityManager(  588): Start proc com.google.android.partnersetup for content provider com.google.android.partnersetup/.RlzAppProvider: pid=8723 uid=10037 gids={3003, 1028}
D/Socket_Alarm( 8690): registerHTCSocketMonitorCallBack
D/Socket_Alarm( 8690): set mSocketMonitor
D/Socket_Alarm( 8690): HTCSocketMonitorImpl::HTCSocketMonitorImpl
V/LocationManagerService(  588): getProviders
I/ActivityManager(  588): Start proc com.htc.android.mail:sync for service com.htc.android.mail/.mailservice.MailService: pid=8739 uid=10112 gids={3003, 1015, 1028}
V/AlarmManager(  588): sending alarm PendingIntent{42609408: PendingIntentRecord{42d383c0 com.htc.android.mail startService}}, intent=com.htc.android.mail.intent.action.MAIL_SERVICE_WAKEUP, type=ELAPSED_REALTIME_WAKEUP, count=1, when=166788196, repeateInterval=0
I/WindowState(  588): WIN DEATH: Window{42a07d60 com.rhmsoft.fm/com.rhmsoft.fm.FileManager paused=false}
I/ActivityManager(  588): Recipient 8065
I/ActivityManager(  588): Process com.rhmsoft.fm (pid 8065) has died.
D/PowerManagerService(  588): acquireWakeLock(429379f8): PARTIAL_WAKE_LOCK , tag=MAILSERVICE_PWR_LOCK, flags=0x1, pid=8739, uid=10112, mUserState=0x3
E/ActivityThread( 8708): Failed to find provider info for co.giftmeapp.gift_me.MetricaContentProvider
I/ActivityManager(  588): Start proc com.facebook.orca for service com.facebook.orca/com.facebook.push.mqtt.service.MqttPushService: pid=8760 uid=10000 gids={3003, 1015, 1006, 1028}
D/PowerManagerService(  588): acquireWakeLock(42b81238): PARTIAL_WAKE_LOCK , tag=Icing, flags=0x1, pid=27853, uid=10017, mUserState=0x3
I/PackageManager(  588):  setEnabledSetting(), pkgName=com.google.android.gms, clsName=com.google.android.gms.people.pub.PeopleProfileActionGatewayActivity, state=2, flag=1, pid=27853, uid=10017
I/ActivityManager(  588): Start proc com.htc.opensense.social for broadcast com.htc.opensense/.pluginmanager.RegisterReceiver: pid=8775 uid=10014 gids={2001, 3003, 1015, 1028, 1006, 5005, 3002, 3001, 5003}
I/ActivityManager(  588): Recipient 8708
I/ActivityManager(  588): Process ru.yandex.translate (pid 8708) has died.
I/ActivityManager(  588): Recipient 8723
I/ActivityManager(  588): Process com.google.android.partnersetup (pid 8723) has died.
I/ActivityManager(  588): Recipient 7985
I/ActivityManager(  588): Process android.process.acore (pid 7985) has died.
D/PowerManagerService(  588): acquireWakeLock(426727f8): PARTIAL_WAKE_LOCK , tag=SyncLoopWakeLock, flags=0x1, pid=588, uid=1000, mUserState=0x3
I/ActivityManager(  588): Start proc android.process.acore for broadcast com.android.providers.contacts/.PackageIntentReceiver: pid=8787 uid=10018 gids={3003, 1015, 5002, 1028}
D/Socket_Alarm( 8488): registerHTCSocketMonitorCallBack
D/Socket_Alarm( 8488): set mSocketMonitor
D/Socket_Alarm( 8488): HTCSocketMonitorImpl::HTCSocketMonitorImpl
D/PowerManagerService(  588): releaseWakeLock(42b81238): PARTIAL_WAKE_LOCK , tag=Icing, flags=0x1
D/Socket_Alarm( 8739): registerHTCSocketMonitorCallBack
D/Socket_Alarm( 8739): set mSocketMonitor
D/Socket_Alarm( 8739): HTCSocketMonitorImpl::HTCSocketMonitorImpl
D/PowerManagerService(  588): releaseWakeLock(429379f8): PARTIAL_WAKE_LOCK , tag=MAILSERVICE_PWR_LOCK, flags=0x1
D/PowerManagerService(  588): acquireWakeLock(429389b8): PARTIAL_WAKE_LOCK , tag=*sync*_mail_Account {name=ili****************m, type=com.htc.android.mail}, flags=0x1, pid=588, uid=1000, mUserState=0x3
D/PowerManagerService(  588): releaseWakeLock(426727f8): PARTIAL_WAKE_LOCK , tag=SyncLoopWakeLock, flags=0x1
D/PowerManagerService(  588): acquireWakeLock(429188c0): PARTIAL_WAKE_LOCK , tag=SyncLoopWakeLock, flags=0x1, pid=588, uid=1000, mUserState=0x3
D/PowerManagerService(  588): releaseWakeLock(429188c0): PARTIAL_WAKE_LOCK , tag=SyncLoopWakeLock, flags=0x1
I/ActivityManager(  588): Start proc com.google.android.talk for broadcast com.google.android.talk/com.google.android.apps.hangouts.phone.PackageReplacedReceiver: pid=8815 uid=10148 gids={3003, 1015, 1006, 3002, 1028}
D/WifiService(  588): acquireWifiLockLocked: WifiLock{EmailServiceController_WIFI_LOCK type=1 binder=android.os.BinderProxy@422bae50}
D/WifiService(  588): updateWifiState(): wifiApEnabled: false, wifiApAirplaneMode: falsegetWifiEnabledState(): 3, getWifiApEnabledState: 11
D/WifiService(  588): updateWifiState(): mAirplaneModeOn.get(): false, mPersistWifiState.get(): 1
D/WifiService(  588): updateWifiState(): mEmergencyCallbackMode: false, mDeviceIdle: false, lockHeld: true, mStopWifiRequested:false
D/WifiService(  588): updateWifiState(): enable and start wifi
D/PowerManagerService(  588): acquireWakeLock(42575568): PARTIAL_WAKE_LOCK , tag=EmailServiceController_PWR_LOCK, flags=0x1, pid=8739, uid=10112, mUserState=0x3
D/PowerManagerService(  588): acquireWakeLock(421f7928): PARTIAL_WAKE_LOCK , tag=Icing, flags=0x1, pid=27853, uid=10017, mUserState=0x3
I/PackageManager(  588):  setEnabledSetting(), pkgName=com.google.android.talk, clsName=com.google.android.apps.hangouts.phone.ShareIntentSmsOnlyActivity, state=2, flag=1, pid=8815, uid=10148
D/Socket_Alarm( 8815): registerHTCSocketMonitorCallBack
D/Socket_Alarm( 8815): set mSocketMonitor
D/Socket_Alarm( 8815): HTCSocketMonitorImpl::HTCSocketMonitorImpl
I/PackageManager(  588):  setEnabledSetting(), pkgName=com.google.android.talk, clsName=com.google.android.apps.hangouts.sms.SmsReceiver, state=2, flag=1, pid=8815, uid=10148
I/PackageManager(  588):  setEnabledSetting(), pkgName=com.google.android.talk, clsName=com.google.android.apps.hangouts.sms.MmsWapPushReceiver, state=2, flag=1, pid=8815, uid=10148
I/PackageManager(  588):  setEnabledSetting(), pkgName=com.google.android.talk, clsName=com.google.android.apps.hangouts.sms.AbortSmsReceiver, state=2, flag=1, pid=8815, uid=10148
I/PackageManager(  588):  setEnabledSetting(), pkgName=com.google.android.talk, clsName=com.google.android.apps.hangouts.sms.AbortMmsWapPushReceiver, state=2, flag=1, pid=8815, uid=10148
I/PackageManager(  588):  setEnabledSetting(), pkgName=com.google.android.talk, clsName=com.google.android.apps.hangouts.service.NoConfirmationSmsSendService, state=2, flag=1, pid=8815, uid=10148
D/PowerManagerService(  588): acquireWakeLock(426c0970): PARTIAL_WAKE_LOCK , tag=*net_scheduler*, flags=0x1, pid=27794, uid=10017, mUserState=0x3
D/PowerManagerService(  588): releaseWakeLock(426c0970): PARTIAL_WAKE_LOCK , tag=*net_scheduler*, flags=0x1
I/ActivityManager(  588): Start proc com.instagram.android for broadcast com.instagram.android/com.instagram.selfupdate.SelfUpdateUpgradeEventReceiver: pid=8861 uid=10218 gids={1006, 3003, 1015, 1028}
I/PackageManager(  588):  setEnabledSetting(), pkgName=com.google.android.gms, clsName=com.google.android.gms.people.pub.PeopleProfileActionGatewayActivity, state=2, flag=1, pid=27853, uid=10017
I/ActivityManager(  588): Recipient 8528
I/ActivityManager(  588): Process com.google.android.apps.plus (pid 8528) has died.
D/Socket_Alarm( 8861): registerHTCSocketMonitorCallBack
D/Socket_Alarm( 8861): set mSocketMonitor
D/Socket_Alarm( 8861): HTCSocketMonitorImpl::HTCSocketMonitorImpl
I/ActivityManager(  588): Start proc vivino.web.app for broadcast vivino.web.app/com.android.vivino.receivers.UpgradeBroadcastReceiver: pid=8889 uid=10180 gids={1015, 1006, 3003, 1028}
I/PackageManager(  588):  setEnabledSetting(), pkgName=com.instagram.android, clsName=com.instagram.push.fbns.NetworkBroadcastReceiver, state=2, flag=1, pid=8861, uid=10218
I/PackageManager(  588):  setEnabledSetting(), pkgName=com.instagram.android, clsName=com.instagram.push.fbns.BootCompletedBroadcastReceiver, state=2, flag=1, pid=8861, uid=10218
I/PackageManager(  588):  setEnabledSetting(), pkgName=com.instagram.android, clsName=com.instagram.push.fbns.UserPresentBroadcastReceiver, state=2, flag=1, pid=8861, uid=10218
I/PackageManager(  588):  setEnabledSetting(), pkgName=com.instagram.android, clsName=com.instagram.push.fbns.ServiceKeepaliveReceiver, state=2, flag=1, pid=8861, uid=10218
D/PowerManagerService(  588): releaseWakeLock(421f7928): PARTIAL_WAKE_LOCK , tag=Icing, flags=0x1
I/ActivityManager(  588): Recipient 8775
I/ActivityManager(  588): Process com.htc.opensense.social (pid 8775) has died.
D/PowerManagerService(  588): acquireWakeLock(426b14e8): PARTIAL_WAKE_LOCK , tag=ActivityManager-Launch, flags=0x1, pid=588, uid=1000, mUserState=0x3
W/InputMethodManagerService(  588): Window already focused, ignoring focus gain of: com.android.internal.view.IInputMethodClient$Stub$Proxy@42642070 attribute=null
D/PowerManagerService(  588): acquireWakeLock(422acb98): CPU_MIN_FREQ , tag=WindowManager-ScreenRotation-Freq, flags=0x100, pid=588, uid=1000, mUserState=0x3
D/PowerManagerService(  588): acquireWakeLock(42223d50): CPU_MIN_NUM , tag=WindowManager-ScreenRotation-Num, flags=0x400, pid=588, uid=1000, mUserState=0x3
D/PowerManagerService(  588): acquireWakeLock(4205b388): PARTIAL_WAKE_LOCK , tag=SCREEN_FROZEN, flags=0x1, pid=588, uid=1000, mUserState=0x3
I/ActivityManager(  588): Config changed: {1.0 272mcc2mnc en_FR sw360dp w360dp h566dp nrml long port finger -keyb/v/h -nav/h s.36 skin=default fontsize=3 hasNavBar=1}
D/PowerManagerService(  588): releaseWakeLock(426b14e8): PARTIAL_WAKE_LOCK , tag=ActivityManager-Launch, flags=0x1
D/CarrierLabel(  811): CarrierLabel mIntentReceiver : android.intent.action.CONFIGURATION_CHANGED
D/CarrierLabel(  811): updateResources()
W/CarrierLabel(  811): updateNetworkNameExt: mSimState = UNKNOWN
D/CarrierLabel(  811): updateNetworkName showSpn=false spn= showPlmn=true plmn=3
D/PowerManagerService(  588): releaseWakeLock(4205b388): PARTIAL_WAKE_LOCK , tag=SCREEN_FROZEN, flags=0x1
I/ActivityManager(  588): Recipient 8690
I/ActivityManager(  588): Process com.google.android.googlequicksearchbox:search (pid 8690) has died.
I/ActivityManager(  588): Recipient 8815
I/ActivityManager(  588): Process com.google.android.talk (pid 8815) has died.
D/PowerManagerService(  588): acquireWakeLock(429dc0b0): PARTIAL_WAKE_LOCK , tag=RILJ, flags=0x1, pid=946, uid=1001, mUserState=0x3
D/PowerManagerService(  588): releaseWakeLock(429dc0b0): PARTIAL_WAKE_LOCK , tag=RILJ, flags=0x1
D/PowerManagerService(  588): releaseWakeLock(422acb98): CPU_MIN_FREQ , tag=WindowManager-ScreenRotation-Freq, flags=0x100
D/PowerManagerService(  588): releaseWakeLock(42223d50): CPU_MIN_NUM , tag=WindowManager-ScreenRotation-Num, flags=0x400
D/PowerManagerService(  588): acquireWakeLock(425152a0): PARTIAL_WAKE_LOCK , tag=RILJ, flags=0x1, pid=946, uid=1001, mUserState=0x3
D/PowerManagerService(  588): releaseWakeLock(425152a0): PARTIAL_WAKE_LOCK , tag=RILJ, flags=0x1
D/PowerManagerService(  588): acquireWakeLock(4298abb0): PARTIAL_WAKE_LOCK , tag=*net_scheduler*, flags=0x1, pid=27794, uid=10017, mUserState=0x3
D/PowerManagerService(  588): releaseWakeLock(4298abb0): PARTIAL_WAKE_LOCK , tag=*net_scheduler*, flags=0x1
I/ActivityManager(  588): Start proc com.htc.task.gtask for broadcast com.htc.task.gtask/.accountservice.ScanFinishedReceiver: pid=8974 uid=10120 gids={3003, 1028}
I/ActivityManager(  588): Start proc com.htc.pen for broadcast com.htc.pen/.plugin.PenReceiver: pid=8987 uid=10122 gids={1028}
D/webcoreglue( 8889): netstack: Memory Cache feature is ON
I/ActivityManager(  588): Start proc com.htc.task for broadcast com.htc.task/.TodoTaskReceiver: pid=9013 uid=10126 gids={3003, 1015, 1028}
D/Socket_Alarm( 9013): registerHTCSocketMonitorCallBack
D/Socket_Alarm( 9013): set mSocketMonitor
D/Socket_Alarm( 9013): HTCSocketMonitorImpl::HTCSocketMonitorImpl
V/AlarmManager(  588): sending alarm PendingIntent{42a7a488: PendingIntentRecord{42e4f0b8 com.whatsapp broadcastIntent}}, intent=com.whatsapp.messaging.MessageService.CLIENT_PINGER_ACTION, type=ELAPSED_REALTIME_WAKEUP, count=1, when=167038650, repeateInterval=240000
D/BatteryService(  588): updateBatteryStats: auto update.
D/PowerManagerService(  588): acquireWakeLock(43001f10): PARTIAL_WAKE_LOCK , tag=BatteryServiceUpdateStats, flags=0x1, pid=588, uid=1000, mUserState=0x3
D/PowerManagerService(  588): releaseWakeLock(43001f10): PARTIAL_WAKE_LOCK , tag=BatteryServiceUpdateStats, flags=0x1
D/BatteryService(  588): updateBatteryStats: update triggered by UEvent.
D/PowerManagerService(  588): acquireWakeLock(42eada90): PARTIAL_WAKE_LOCK , tag=BatteryServiceUpdateStats, flags=0x1, pid=588, uid=1000, mUserState=0x3
D/PowerManagerService(  588): releaseWakeLock(42eada90): PARTIAL_WAKE_LOCK , tag=BatteryServiceUpdateStats, flags=0x1
D/WifiService(  588): ACTION_BATTERY_CHANGED pluggedType: 2
D/PowerManagerService(  588): releaseWakeLock(4230ef80): PARTIAL_WAKE_LOCK , tag=Config Service fetch, flags=0x1
D/NotificationService(  588): mIntentReceiver() Intent.ACTION_BATTERY_CHANGED
D/PowerManagerService(  588): runHtcPowerSaverCheck ======================================
D/HostStatisticManager( 8889): netstack: DNS Host Prioritization is: ON, Version: 5.0.1
D/PowerUI (  811): closing low battery warning: level=18
D/PowerUI (  811): plugged = true, health = 2, mBatteryLevel = 18, mPluggedBatteryLevel = 12, mLowBatteryWarningLevel2 = 25, mshowLowChargingWarning2 = true
D/        ( 8889): dl error message Cannot load library: link_image[1891]:   253 could not load needed library 'libcneapiclient.so' for 'libtcpfinaggr.so' (load_library[1093]: Library 'libcneapiclient.so' not found)
D/Socket_Pool( 8889): Failed to create TCP Fin Aggregation interface.
D/Socket_Pool( 8889): netstack: CloseUnusedSockets is ON
D/Socket_Pool( 8889): netstack: system net.statistics value: 0
D/Socket_Pool( 8889): Failed to create TCP Fin Aggregation interface.
D/Socket_Pool( 8889): netstack: CloseUnusedSockets is ON
D/Socket_Pool( 8889): netstack: system net.statistics value: 0
D/        ( 8889): external/chromium/net/http/http_getzip_factory.cc: libgetzip.so successfully loaded
D/        ( 8889): external/chromium/net/http/http_getzip_factory.cc,: GETzip initializing method was found in libgetzip.so
D/        ( 8889): netstack: Getzip is: ON, Version: 5.0.1
D/Socket_Pool( 8889): Failed to create TCP Fin Aggregation interface.
D/Socket_Pool( 8889): netstack: CloseUnusedSockets is ON
D/Socket_Pool( 8889): netstack: system net.statistics value: 0
D/Socket_Pool( 8889): Failed to create TCP Fin Aggregation interface.
D/Socket_Pool( 8889): netstack: CloseUnusedSockets is ON
D/Socket_Pool( 8889): netstack: system net.statistics value: 0
D/TELEPHONY_CALLBACK(  811): @onSignalStrengthChanged: SignalStrength: 3 -1 -1 -1 -1 -1 -1 -1 -1 -1 2147483647 -1 gsm|lte
D/StatusBar.NetworkController(  811): dumpState[hasService=true ServiceState=0 home 3 3 27202  HSPA CSS not supported -1 -1 RoamInd=-1 DefRoamInd=-1EriInd= -1EriMode= -1RadioPowerSv: false EmergOnly=false PhoneType: 1 IsCdma=false SimState=UNKNOWN GprsState=0 DataState=Disconnected DataActivity=NONE NetworkType=HSPA HtcModemLinkOn=false HspaDataDistinquishable=true]
D/SIGNAL_ICON(  811): updateTelephonySignalStrength
D/SIGNAL_ICON(  811): fakeui srv=0 mTimerEnabled=false asu=3
D/SIGNAL_ICON(  811): asu=3
D/SIGNAL_ICON(  811): SUPPORT_5_LEVEL_SIGNAL
D/SIGNAL_ICON(  811): mapTelephonySignalStrength
D/SIGNAL_ICON(  811): maxLevel=5 asu=3 networkType=HSPA
D/SIGNAL_ICON(  811): return iconLevel=1
D/SIGNAL_ICON(  811): refreshViews: mPhoneSignalIconId -> stat_sys_5signal_1
D/StatusBar.NetworkController(  811): dumpIconState[dataVisible=false dataIconId=stat_sys_data_out_3g_plus signalIconId=stat_sys_5signal_1 wifiVisible=true wifiIconId=stat_sys_wifi_signal_4 airplaneMode=false]
V/AlarmManager(  588): sending alarm PendingIntent{429567e0: PendingIntentRecord{4252dfc0 com.android.vending startService}}, intent=null, type=RTC_WAKEUP, count=1, when=1427825421324, repeateInterval=0
D/Socket_Alarm( 8760): registerHTCSocketMonitorCallBack
D/Socket_Alarm( 8760): set mSocketMonitor
D/Socket_Alarm( 8760): HTCSocketMonitorImpl::HTCSocketMonitorImpl
I/ActivityManager(  588): Recipient 8861
I/ActivityManager(  588): Process com.instagram.android (pid 8861) has died.
I/ActivityManager(  588): Start proc nz.barees.android.cachesensedemo for broadcast nz.barees.android.cachesensedemo/.BackupReceiver: pid=9056 uid=10175 gids={3003, 1015, 1006, 1028}
I/ActivityManager(  588): Recipient 8889
I/ActivityManager(  588): Process vivino.web.app (pid 8889) has died.
W/BroadcastQueue(  588): Permission Denial: broadcasting Intent { act=android.net.conn.INET_CONDITION_ACTION flg=0x8000010 (has extras) } from null (pid=-1, uid=-1) requires com.facebook.permission.prod.FB_APP_COMMUNICATION due to registered receiver BroadcastFilter{424ed508 ReceiverList{424f12d0 8488 com.facebook.katana/10028 remote:421c54a8}}
W/BroadcastQueue(  588): Permission Denial: broadcasting Intent { act=android.net.conn.CONNECTIVITY_CHANGE flg=0x8000010 (has extras) } from null (pid=-1, uid=-1) requires com.facebook.permission.prod.FB_APP_COMMUNICATION due to registered receiver BroadcastFilter{424ed508 ReceiverList{424f12d0 8488 com.facebook.katana/10028 remote:421c54a8}}
D/PowerManagerService(  588): releaseWakeLock(42dfd438): PARTIAL_WAKE_LOCK , tag=AlarmManager, flags=0x1
I/ActivityManager(  588): Start proc com.htc.htcpowermanager:remote for broadcast com.htc.htcpowermanager/.powersaver.PowerSaverNotificationReceiver: pid=9074 uid=1000 gids={1015, 3002, 3001, 3003, 1028, 5006, 3007, 3006, 2001, 1007}
D/PowerManagerService(  588): acquireWakeLock(423112c8): PARTIAL_WAKE_LOCK , tag=GCoreFlp, flags=0x1, pid=27811, uid=10017, mUserState=0x3
D/PowerManagerService(  588): releaseWakeLock(423112c8): PARTIAL_WAKE_LOCK , tag=GCoreFlp, flags=0x1
I/PackageManager(  588):  setEnabledSetting(), pkgName=com.facebook.katana, clsName=com.facebook.wallpaper.wallpaperprocess.FbWallpaperService, state=2, flag=1, pid=8488, uid=10028
I/ActivityManager(  588): Recipient 8257
I/ActivityManager(  588): Process com.whatsapp (pid 8257) has died.
W/ActivityManager(  588): Scheduling restart of crashed service com.whatsapp/.messaging.MessageService in 5000ms
D/TELEPHONY_CALLBACK(  811): @onSignalStrengthChanged: SignalStrength: 3 -1 -1 -1 -1 -1 -1 -1 -1 -1 2147483647 -1 gsm|lte
D/StatusBar.NetworkController(  811): dumpState[hasService=true ServiceState=0 home 3 3 27202  HSPA CSS not supported -1 -1 RoamInd=-1 DefRoamInd=-1EriInd= -1EriMode= -1RadioPowerSv: false EmergOnly=false PhoneType: 1 IsCdma=false SimState=UNKNOWN GprsState=0 DataState=Disconnected DataActivity=NONE NetworkType=HSPA HtcModemLinkOn=false HspaDataDistinquishable=true]
D/SIGNAL_ICON(  811): updateTelephonySignalStrength
D/SIGNAL_ICON(  811): fakeui srv=0 mTimerEnabled=false asu=3
D/SIGNAL_ICON(  811): asu=3
D/SIGNAL_ICON(  811): SUPPORT_5_LEVEL_SIGNAL
D/SIGNAL_ICON(  811): mapTelephonySignalStrength
D/SIGNAL_ICON(  811): maxLevel=5 asu=3 networkType=HSPA
D/SIGNAL_ICON(  811): return iconLevel=1
D/StatusBar.NetworkController(  811): dumpIconState[dataVisible=false dataIconId=stat_sys_data_out_3g_plus signalIconId=stat_sys_5signal_1 wifiVisible=true wifiIconId=stat_sys_wifi_signal_4 airplaneMode=false]
W/BroadcastQueue(  588): Permission Denial: broadcasting Intent { act=android.net.conn.INET_CONDITION_ACTION flg=0x8000010 (has extras) } from null (pid=-1, uid=-1) requires com.facebook.permission.prod.FB_APP_COMMUNICATION due to registered receiver BroadcastFilter{429b8218 ReceiverList{429b8b48 8760 com.facebook.orca/10000 remote:4293ae78}}
W/BroadcastQueue(  588): Permission Denial: broadcasting Intent { act=android.net.conn.CONNECTIVITY_CHANGE flg=0x8000010 (has extras) } from null (pid=-1, uid=-1) requires com.facebook.permission.prod.FB_APP_COMMUNICATION due to registered receiver BroadcastFilter{429b8218 ReceiverList{429b8b48 8760 com.facebook.orca/10000 remote:4293ae78}}
I/PackageManager(  588):  setEnabledSetting(), pkgName=com.facebook.orca, clsName=com.facebook.rti.orca.UserPresentBroadcastReceiver, state=2, flag=1, pid=8760, uid=10000
I/PackageManager(  588):  setEnabledSetting(), pkgName=com.facebook.orca, clsName=com.facebook.rti.orca.BootCompleteBroadcastReceiver, state=2, flag=1, pid=8760, uid=10000
I/PackageManager(  588):  setEnabledSetting(), pkgName=com.facebook.orca, clsName=com.facebook.rti.orca.NetworkBroadcastReceiver, state=2, flag=1, pid=8760, uid=10000
W/BroadcastQueue(  588): Permission Denial: broadcasting Intent { act=android.net.conn.CONNECTIVITY_CHANGE flg=0x8000010 (has extras) } from null (pid=-1, uid=-1) requires com.facebook.permission.prod.FB_APP_COMMUNICATION due to registered receiver BroadcastFilter{426a3e20 ReceiverList{426a87a0 8760 com.facebook.orca/10000 remote:425a82a8}}
I/PackageManager(  588):  setEnabledSetting(), pkgName=com.facebook.orca, clsName=com.facebook.push.crossapp.PackageRemoveReceiverInManifest, state=2, flag=1, pid=8760, uid=10000
W/BroadcastQueue(  588): Permission Denial: broadcasting Intent { act=android.net.conn.CONNECTIVITY_CHANGE flg=0x8000010 (has extras) } from null (pid=-1, uid=-1) requires com.facebook.permission.prod.FB_APP_COMMUNICATION due to registered receiver BroadcastFilter{424dc9d0 ReceiverList{424de5e0 8488 com.facebook.katana/10028 remote:4231bcf0}}
I/PackageManager(  588):  setEnabledSetting(), pkgName=com.facebook.katana, clsName=com.facebook.push.crossapp.PackageRemoveReceiverInManifest, state=2, flag=1, pid=8488, uid=10028
I/PackageManager(  588):  setEnabledSetting(), pkgName=com.facebook.katana, clsName=com.facebook.oxygen.preloads.sdk.dogfooding.AuthListener$EmployeeLoggedInMarkerReceiver, state=2, flag=1, pid=8488, uid=10028
I/ActivityManager(  588): Start proc com.whatsapp for service com.whatsapp/.messaging.MessageService: pid=9152 uid=10060 gids={3002, 1006, 3003, 1015, 1028}
D/PowerManagerService(  588): acquireWakeLock(41f5da18): PARTIAL_WAKE_LOCK , tag=AlarmManager, flags=0x1, pid=588, uid=1000, mUserState=0x3
V/AlarmManager(  588): sending alarm PendingIntent{42651de8: PendingIntentRecord{4262aae0 com.whatsapp broadcastIntent}}, intent=com.whatsapp.alarm.AVAILABLE_TIMEOUT, type=RTC_WAKEUP, count=1, when=1427825432685, repeateInterval=0
D/PowerManagerService(  588): releaseWakeLock(41f5da18): PARTIAL_WAKE_LOCK , tag=AlarmManager, flags=0x1
D/Socket_Alarm( 9152): registerHTCSocketMonitorCallBack
D/Socket_Alarm( 9152): set mSocketMonitor
D/Socket_Alarm( 9152): HTCSocketMonitorImpl::HTCSocketMonitorImpl
D/PowerManagerService(  588): acquireWakeLock(429800b8): PARTIAL_WAKE_LOCK , tag=AlarmManager, flags=0x1, pid=588, uid=1000, mUserState=0x3
V/AlarmManager(  588): sending alarm PendingIntent{42a17878: PendingIntentRecord{429f8200 com.whatsapp broadcastIntent}}, intent=com.whatsapp.alarm.NTP_UPDATE, type=ELAPSED_REALTIME, count=4, when=172800000, repeateInterval=43200000
I/ActivityManager(  588): Recipient 8987
I/ActivityManager(  588): Recipient 8974
I/ActivityManager(  588): Process com.htc.pen (pid 8987) has died.
I/ActivityManager(  588): Process com.htc.task.gtask (pid 8974) has died.
V/AlarmManager(  588): sending alarm PendingIntent{42a8a290: PendingIntentRecord{4249f7d0 com.whatsapp broadcastIntent}}, intent=DEVICE_INFO_ALARM_ACTION, type=ELAPSED_REALTIME, count=47, when=169200000, repeateInterval=3600000
D/PowerManagerService(  588): releaseWakeLock(429800b8): PARTIAL_WAKE_LOCK , tag=AlarmManager, flags=0x1
I/ActivityManager(  588): Recipient 9013
I/ActivityManager(  588): Process com.htc.task (pid 9013) has died.
I/ActivityManager(  588): Recipient 9056
I/ActivityManager(  588): Process nz.barees.android.cachesensedemo (pid 9056) has died.
D/PowerManagerService(  588): acquireWakeLock(426ebfd8): PARTIAL_WAKE_LOCK , tag=SyncLoopWakeLock, flags=0x1, pid=588, uid=1000, mUserState=0x3
D/PowerManagerService(  588): releaseWakeLock(429389b8): PARTIAL_WAKE_LOCK , tag=*sync*_mail_Account {name=ili****************m, type=com.htc.android.mail}, flags=0x1
D/PowerManagerService(  588): releaseWakeLock(426ebfd8): PARTIAL_WAKE_LOCK , tag=SyncLoopWakeLock, flags=0x1
D/WifiService(  588): releaseWifiLockLocked: WifiLock{EmailServiceController_WIFI_LOCK type=1 binder=android.os.BinderProxy@422bae50}
D/WifiService(  588): updateWifiState(): wifiApEnabled: false, wifiApAirplaneMode: falsegetWifiEnabledState(): 3, getWifiApEnabledState: 11
D/WifiService(  588): updateWifiState(): mAirplaneModeOn.get(): false, mPersistWifiState.get(): 1
D/WifiService(  588): updateWifiState(): mEmergencyCallbackMode: false, mDeviceIdle: false, lockHeld: true, mStopWifiRequested:false
D/WifiService(  588): updateWifiState(): enable and start wifi
D/PowerManagerService(  588): releaseWakeLock(42575568): PARTIAL_WAKE_LOCK , tag=EmailServiceController_PWR_LOCK, flags=0x1
D/PowerManagerService(  588): acquireWakeLock(426e6ef8): PARTIAL_WAKE_LOCK , tag=AlarmManager, flags=0x1, pid=588, uid=1000, mUserState=0x3
V/AlarmManager(  588): sending alarm PendingIntent{4243ff40: PendingIntentRecord{422cd420 android broadcastIntent}}, intent=android.content.syncmanager.SYNC_ALARM, type=ELAPSED_REALTIME_WAKEUP, count=1, when=166820825, repeateInterval=0
D/PowerManagerService(  588): acquireWakeLock(42a778a0): PARTIAL_WAKE_LOCK , tag=SyncManagerHandleSyncAlarm, flags=0x1, pid=588, uid=1000, mUserState=0x3
D/PowerManagerService(  588): releaseWakeLock(426e6ef8): PARTIAL_WAKE_LOCK , tag=AlarmManager, flags=0x1
D/PowerManagerService(  588): acquireWakeLock(420edf80): PARTIAL_WAKE_LOCK , tag=SyncLoopWakeLock, flags=0x1, pid=588, uid=1000, mUserState=0x3
D/PowerManagerService(  588): releaseWakeLock(42a778a0): PARTIAL_WAKE_LOCK , tag=SyncManagerHandleSyncAlarm, flags=0x1
D/PowerManagerService(  588): releaseWakeLock(420edf80): PARTIAL_WAKE_LOCK , tag=SyncLoopWakeLock, flags=0x1
I/ActivityManager(  588): Recipient 9074
I/ActivityManager(  588): Process com.htc.htcpowermanager:remote (pid 9074) has died.
D/PowerManagerService(  588): acquireWakeLock(429bb628): PARTIAL_WAKE_LOCK , tag=AlarmManager, flags=0x1, pid=588, uid=1000, mUserState=0x3
V/AlarmManager(  588): sending alarm PendingIntent{42fd1c60: PendingIntentRecord{42e4f0b8 com.whatsapp broadcastIntent}}, intent=com.whatsapp.messaging.MessageService.CLIENT_PINGER_ACTION, type=ELAPSED_REALTIME_WAKEUP, count=1, when=167068222, repeateInterval=240000
D/PowerManagerService(  588): releaseWakeLock(429bb628): PARTIAL_WAKE_LOCK , tag=AlarmManager, flags=0x1
D/TELEPHONY_CALLBACK(  811): @onSignalStrengthChanged: SignalStrength: 3 -1 -1 -1 -1 -1 -1 -1 -1 -1 2147483647 -1 gsm|lte
D/StatusBar.NetworkController(  811): dumpState[hasService=true ServiceState=0 home 3 3 27202  HSPA CSS not supported -1 -1 RoamInd=-1 DefRoamInd=-1EriInd= -1EriMode= -1RadioPowerSv: false EmergOnly=false PhoneType: 1 IsCdma=false SimState=UNKNOWN GprsState=0 DataState=Disconnected DataActivity=NONE NetworkType=HSPA HtcModemLinkOn=false HspaDataDistinquishable=true]
D/SIGNAL_ICON(  811): updateTelephonySignalStrength
D/SIGNAL_ICON(  811): fakeui srv=0 mTimerEnabled=false asu=3
D/SIGNAL_ICON(  811): asu=3
D/SIGNAL_ICON(  811): SUPPORT_5_LEVEL_SIGNAL
D/SIGNAL_ICON(  811): mapTelephonySignalStrength
D/SIGNAL_ICON(  811): maxLevel=5 asu=3 networkType=HSPA
D/SIGNAL_ICON(  811): return iconLevel=1
D/StatusBar.NetworkController(  811): dumpIconState[dataVisible=false dataIconId=stat_sys_data_out_3g_plus signalIconId=stat_sys_5signal_1 wifiVisible=true wifiIconId=stat_sys_wifi_signal_4 airplaneMode=false]
D/TELEPHONY_CALLBACK(  811): @onSignalStrengthChanged: SignalStrength: 4 -1 -1 -1 -1 -1 -1 -1 -1 -1 2147483647 -1 gsm|lte
D/StatusBar.NetworkController(  811): dumpState[hasService=true ServiceState=0 home 3 3 27202  HSPA CSS not supported -1 -1 RoamInd=-1 DefRoamInd=-1EriInd= -1EriMode= -1RadioPowerSv: false EmergOnly=false PhoneType: 1 IsCdma=false SimState=UNKNOWN GprsState=0 DataState=Disconnected DataActivity=NONE NetworkType=HSPA HtcModemLinkOn=false HspaDataDistinquishable=true]
D/SIGNAL_ICON(  811): updateTelephonySignalStrength
D/SIGNAL_ICON(  811): fakeui srv=0 mTimerEnabled=false asu=4
D/SIGNAL_ICON(  811): asu=4
D/SIGNAL_ICON(  811): SUPPORT_5_LEVEL_SIGNAL
D/SIGNAL_ICON(  811): mapTelephonySignalStrength
D/SIGNAL_ICON(  811): maxLevel=5 asu=4 networkType=HSPA
D/SIGNAL_ICON(  811): return iconLevel=2
D/SIGNAL_ICON(  811): refreshViews: mPhoneSignalIconId -> stat_sys_5signal_2
D/StatusBar.NetworkController(  811): dumpIconState[dataVisible=false dataIconId=stat_sys_data_out_3g_plus signalIconId=stat_sys_5signal_2 wifiVisible=true wifiIconId=stat_sys_wifi_signal_4 airplaneMode=false]
D/PowerManagerService(  588): acquireWakeLock(42bb9810): PARTIAL_WAKE_LOCK , tag=RILJ, flags=0x1, pid=946, uid=1001, mUserState=0x3
D/PowerManagerService(  588): releaseWakeLock(42bb9810): PARTIAL_WAKE_LOCK , tag=RILJ, flags=0x1
D/PowerManagerService(  588): acquireWakeLock(42712f40): PARTIAL_WAKE_LOCK , tag=RILJ, flags=0x1, pid=946, uid=1001, mUserState=0x3
D/PowerManagerService(  588): releaseWakeLock(42712f40): PARTIAL_WAKE_LOCK , tag=RILJ, flags=0x1
D/PowerManagerService(  588): acquireWakeLock(41ca9508): PARTIAL_WAKE_LOCK , tag=RILJ, flags=0x1, pid=946, uid=1001, mUserState=0x3
D/PowerManagerService(  588): releaseWakeLock(41ca9508): PARTIAL_WAKE_LOCK , tag=RILJ, flags=0x1
D/PowerManagerService(  588): acquireWakeLock(42be7cb8): PARTIAL_WAKE_LOCK , tag=RILJ, flags=0x1, pid=946, uid=1001, mUserState=0x3
D/PowerManagerService(  588): releaseWakeLock(42be7cb8): PARTIAL_WAKE_LOCK , tag=RILJ, flags=0x1
D/TELEPHONY_CALLBACK(  811): @onSignalStrengthChanged: SignalStrength: 4 -1 -1 -1 -1 -1 -1 -1 -1 -1 2147483647 -1 gsm|lte
D/StatusBar.NetworkController(  811): dumpState[hasService=true ServiceState=0 home 3 3 27202  HSPA CSS not supported -1 -1 RoamInd=-1 DefRoamInd=-1EriInd= -1EriMode= -1RadioPowerSv: false EmergOnly=false PhoneType: 1 IsCdma=false SimState=UNKNOWN GprsState=0 DataState=Disconnected DataActivity=NONE NetworkType=HSPA HtcModemLinkOn=false HspaDataDistinquishable=true]
D/SIGNAL_ICON(  811): updateTelephonySignalStrength
D/SIGNAL_ICON(  811): fakeui srv=0 mTimerEnabled=false asu=4
D/SIGNAL_ICON(  811): asu=4
D/SIGNAL_ICON(  811): SUPPORT_5_LEVEL_SIGNAL
D/SIGNAL_ICON(  811): mapTelephonySignalStrength
D/SIGNAL_ICON(  811): maxLevel=5 asu=4 networkType=HSPA
D/SIGNAL_ICON(  811): return iconLevel=2
D/StatusBar.NetworkController(  811): dumpIconState[dataVisible=false dataIconId=stat_sys_data_out_3g_plus signalIconId=stat_sys_5signal_2 wifiVisible=true wifiIconId=stat_sys_wifi_signal_4 airplaneMode=false]
D/PowerManagerService(  588): acquireWakeLock(42985ad0): PARTIAL_WAKE_LOCK , tag=AlarmManager, flags=0x1, pid=588, uid=1000, mUserState=0x3
V/AlarmManager(  588): sending alarm PendingIntent{422c63f8: PendingIntentRecord{42482cd0 android broadcastIntent}}, intent=android.intent.action.TIME_TICK, type=RTC, count=1, when=1427825460000, repeateInterval=0
D/PowerManagerService(  588): releaseWakeLock(42985ad0): PARTIAL_WAKE_LOCK , tag=AlarmManager, flags=0x1
D/TELEPHONY_CALLBACK(  811): @onSignalStrengthChanged: SignalStrength: 3 -1 -1 -1 -1 -1 -1 -1 -1 -1 2147483647 -1 gsm|lte
D/StatusBar.NetworkController(  811): dumpState[hasService=true ServiceState=0 home 3 3 27202  HSPA CSS not supported -1 -1 RoamInd=-1 DefRoamInd=-1EriInd= -1EriMode= -1RadioPowerSv: false EmergOnly=false PhoneType: 1 IsCdma=false SimState=UNKNOWN GprsState=0 DataState=Disconnected DataActivity=NONE NetworkType=HSPA HtcModemLinkOn=false HspaDataDistinquishable=true]
D/SIGNAL_ICON(  811): updateTelephonySignalStrength
D/SIGNAL_ICON(  811): fakeui srv=0 mTimerEnabled=false asu=3
D/SIGNAL_ICON(  811): asu=3
D/SIGNAL_ICON(  811): SUPPORT_5_LEVEL_SIGNAL
D/SIGNAL_ICON(  811): mapTelephonySignalStrength
D/SIGNAL_ICON(  811): maxLevel=5 asu=3 networkType=HSPA
D/SIGNAL_ICON(  811): return iconLevel=1
D/SIGNAL_ICON(  811): refreshViews: mPhoneSignalIconId -> stat_sys_5signal_1
D/StatusBar.NetworkController(  811): dumpIconState[dataVisible=false dataIconId=stat_sys_data_out_3g_plus signalIconId=stat_sys_5signal_1 wifiVisible=true wifiIconId=stat_sys_wifi_signal_4 airplaneMode=false]
D/PowerManagerService(  588): releaseWakeLock(4268d048): PARTIAL_WAKE_LOCK , tag=wake:com.google.android.gms/.config.ConfigFetchService, flags=0x1
D/TELEPHONY_CALLBACK(  811): @onSignalStrengthChanged: SignalStrength: 4 -1 -1 -1 -1 -1 -1 -1 -1 -1 2147483647 -1 gsm|lte
D/StatusBar.NetworkController(  811): dumpState[hasService=true ServiceState=0 home 3 3 27202  HSPA CSS not supported -1 -1 RoamInd=-1 DefRoamInd=-1EriInd= -1EriMode= -1RadioPowerSv: false EmergOnly=false PhoneType: 1 IsCdma=false SimState=UNKNOWN GprsState=0 DataState=Disconnected DataActivity=NONE NetworkType=HSPA HtcModemLinkOn=false HspaDataDistinquishable=true]
D/SIGNAL_ICON(  811): updateTelephonySignalStrength
D/SIGNAL_ICON(  811): fakeui srv=0 mTimerEnabled=false asu=4
D/SIGNAL_ICON(  811): asu=4
D/SIGNAL_ICON(  811): SUPPORT_5_LEVEL_SIGNAL
D/SIGNAL_ICON(  811): mapTelephonySignalStrength
D/SIGNAL_ICON(  811): maxLevel=5 asu=4 networkType=HSPA
D/SIGNAL_ICON(  811): return iconLevel=2
D/SIGNAL_ICON(  811): refreshViews: mPhoneSignalIconId -> stat_sys_5signal_2
D/StatusBar.NetworkController(  811): dumpIconState[dataVisible=false dataIconId=stat_sys_data_out_3g_plus signalIconId=stat_sys_5signal_2 wifiVisible=true wifiIconId=stat_sys_wifi_signal_4 airplaneMode=false]
D/PowerManagerService(  588): releaseWakeLock(428b5400): PARTIAL_WAKE_LOCK , tag=wake:com.google.android.gms/.config.ConfigFetchService, flags=0x1
D/TELEPHONY_CALLBACK(  811): @onSignalStrengthChanged: SignalStrength: 4 -1 -1 -1 -1 -1 -1 -1 -1 -1 2147483647 -1 gsm|lte
D/StatusBar.NetworkController(  811): dumpState[hasService=true ServiceState=0 home 3 3 27202  HSPA CSS not supported -1 -1 RoamInd=-1 DefRoamInd=-1EriInd= -1EriMode= -1RadioPowerSv: false EmergOnly=false PhoneType: 1 IsCdma=false SimState=UNKNOWN GprsState=0 DataState=Disconnected DataActivity=NONE NetworkType=HSPA HtcModemLinkOn=false HspaDataDistinquishable=true]
D/SIGNAL_ICON(  811): updateTelephonySignalStrength
D/SIGNAL_ICON(  811): fakeui srv=0 mTimerEnabled=false asu=4
D/SIGNAL_ICON(  811): asu=4
D/SIGNAL_ICON(  811): SUPPORT_5_LEVEL_SIGNAL
D/SIGNAL_ICON(  811): mapTelephonySignalStrength
D/SIGNAL_ICON(  811): maxLevel=5 asu=4 networkType=HSPA
D/SIGNAL_ICON(  811): return iconLevel=2
D/StatusBar.NetworkController(  811): dumpIconState[dataVisible=false dataIconId=stat_sys_data_out_3g_plus signalIconId=stat_sys_5signal_2 wifiVisible=true wifiIconId=stat_sys_wifi_signal_4 airplaneMode=false]
D/TELEPHONY_CALLBACK(  811): @onSignalStrengthChanged: SignalStrength: 4 -1 -1 -1 -1 -1 -1 -1 -1 -1 2147483647 -1 gsm|lte
D/StatusBar.NetworkController(  811): dumpState[hasService=true ServiceState=0 home 3 3 27202  HSPA CSS not supported -1 -1 RoamInd=-1 DefRoamInd=-1EriInd= -1EriMode= -1RadioPowerSv: false EmergOnly=false PhoneType: 1 IsCdma=false SimState=UNKNOWN GprsState=0 DataState=Disconnected DataActivity=NONE NetworkType=HSPA HtcModemLinkOn=false HspaDataDistinquishable=true]
D/SIGNAL_ICON(  811): updateTelephonySignalStrength
D/SIGNAL_ICON(  811): fakeui srv=0 mTimerEnabled=false asu=4
D/SIGNAL_ICON(  811): asu=4
D/SIGNAL_ICON(  811): SUPPORT_5_LEVEL_SIGNAL
D/SIGNAL_ICON(  811): mapTelephonySignalStrength
D/SIGNAL_ICON(  811): maxLevel=5 asu=4 networkType=HSPA
D/SIGNAL_ICON(  811): return iconLevel=2
D/StatusBar.NetworkController(  811): dumpIconState[dataVisible=false dataIconId=stat_sys_data_out_3g_plus signalIconId=stat_sys_5signal_2 wifiVisible=true wifiIconId=stat_sys_wifi_signal_4 airplaneMode=false]
D/BatteryService(  588): updateBatteryStats: auto update.
D/PowerManagerService(  588): acquireWakeLock(42817770): PARTIAL_WAKE_LOCK , tag=BatteryServiceUpdateStats, flags=0x1, pid=588, uid=1000, mUserState=0x3
D/PowerManagerService(  588): releaseWakeLock(42817770): PARTIAL_WAKE_LOCK , tag=BatteryServiceUpdateStats, flags=0x1
D/BatteryService(  588): updateBatteryStats: update triggered by UEvent.
D/PowerManagerService(  588): acquireWakeLock(426f3b98): PARTIAL_WAKE_LOCK , tag=BatteryServiceUpdateStats, flags=0x1, pid=588, uid=1000, mUserState=0x3
D/WifiService(  588): ACTION_BATTERY_CHANGED pluggedType: 2
D/NotificationService(  588): mIntentReceiver() Intent.ACTION_BATTERY_CHANGED
D/PowerManagerService(  588): runHtcPowerSaverCheck ======================================
D/PowerManagerService(  588): releaseWakeLock(426f3b98): PARTIAL_WAKE_LOCK , tag=BatteryServiceUpdateStats, flags=0x1
D/PowerUI (  811): closing low battery warning: level=18
D/PowerUI (  811): plugged = true, health = 2, mBatteryLevel = 18, mPluggedBatteryLevel = 12, mLowBatteryWarningLevel2 = 25, mshowLowChargingWarning2 = true
I/ActivityManager(  588): Start proc com.htc.htcpowermanager:remote for broadcast com.htc.htcpowermanager/.powersaver.PowerSaverNotificationReceiver: pid=9207 uid=1000 gids={1015, 3002, 3001, 3003, 1028, 5006, 3007, 3006, 2001, 1007}
D/PowerManagerService(  588): acquireWakeLock(42d9d7e8): PARTIAL_WAKE_LOCK , tag=AlarmManager, flags=0x1, pid=588, uid=1000, mUserState=0x3
V/AlarmManager(  588): sending alarm PendingIntent{42aea888: PendingIntentRecord{42a1fb48 com.whatsapp broadcastIntent}}, intent=com.whatsapp.alarm.CLIENT_PING_TIMEOUT, type=ELAPSED_REALTIME_WAKEUP, count=1, when=166860241, repeateInterval=0
D/PowerManagerService(  588): releaseWakeLock(42d9d7e8): PARTIAL_WAKE_LOCK , tag=AlarmManager, flags=0x1
I/ActivityManager(  588): Recipient 8739
I/ActivityManager(  588): Process com.htc.android.mail:sync (pid 8739) has died.
D/TELEPHONY_CALLBACK(  811): @onSignalStrengthChanged: SignalStrength: 3 -1 -1 -1 -1 -1 -1 -1 -1 -1 2147483647 -1 gsm|lte
D/StatusBar.NetworkController(  811): dumpState[hasService=true ServiceState=0 home 3 3 27202  HSPA CSS not supported -1 -1 RoamInd=-1 DefRoamInd=-1EriInd= -1EriMode= -1RadioPowerSv: false EmergOnly=false PhoneType: 1 IsCdma=false SimState=UNKNOWN GprsState=0 DataState=Disconnected DataActivity=NONE NetworkType=HSPA HtcModemLinkOn=false HspaDataDistinquishable=true]
D/SIGNAL_ICON(  811): updateTelephonySignalStrength
D/SIGNAL_ICON(  811): fakeui srv=0 mTimerEnabled=false asu=3
D/SIGNAL_ICON(  811): asu=3
D/SIGNAL_ICON(  811): SUPPORT_5_LEVEL_SIGNAL
D/SIGNAL_ICON(  811): mapTelephonySignalStrength
D/SIGNAL_ICON(  811): maxLevel=5 asu=3 networkType=HSPA
D/SIGNAL_ICON(  811): return iconLevel=1
D/SIGNAL_ICON(  811): refreshViews: mPhoneSignalIconId -> stat_sys_5signal_1
D/StatusBar.NetworkController(  811): dumpIconState[dataVisible=false dataIconId=stat_sys_data_out_3g_plus signalIconId=stat_sys_5signal_1 wifiVisible=true wifiIconId=stat_sys_wifi_signal_4 airplaneMode=false]
D/TELEPHONY_CALLBACK(  811): @onSignalStrengthChanged: SignalStrength: 4 -1 -1 -1 -1 -1 -1 -1 -1 -1 2147483647 -1 gsm|lte
D/StatusBar.NetworkController(  811): dumpState[hasService=true ServiceState=0 home 3 3 27202  HSPA CSS not supported -1 -1 RoamInd=-1 DefRoamInd=-1EriInd= -1EriMode= -1RadioPowerSv: false EmergOnly=false PhoneType: 1 IsCdma=false SimState=UNKNOWN GprsState=0 DataState=Disconnected DataActivity=NONE NetworkType=HSPA HtcModemLinkOn=false HspaDataDistinquishable=true]
D/SIGNAL_ICON(  811): updateTelephonySignalStrength
D/SIGNAL_ICON(  811): fakeui srv=0 mTimerEnabled=false asu=4
D/SIGNAL_ICON(  811): asu=4
D/SIGNAL_ICON(  811): SUPPORT_5_LEVEL_SIGNAL
D/SIGNAL_ICON(  811): mapTelephonySignalStrength
D/SIGNAL_ICON(  811): maxLevel=5 asu=4 networkType=HSPA
D/SIGNAL_ICON(  811): return iconLevel=2
D/SIGNAL_ICON(  811): refreshViews: mPhoneSignalIconId -> stat_sys_5signal_2
D/StatusBar.NetworkController(  811): dumpIconState[dataVisible=false dataIconId=stat_sys_data_out_3g_plus signalIconId=stat_sys_5signal_2 wifiVisible=true wifiIconId=stat_sys_wifi_signal_4 airplaneMode=false]
W/CpuWake (  588): >>nativeAcquireCpuPerfWakeLock()
W/CpuWake (  588): <<nativeAcquireCpuPerfWakeLock()
I/ActivityManager(  588): START {flg=0x10c00000 cmp=com.android.systemui/.recent.RecentAppFxActivity u=0} from pid 811
D/PowerManagerService(  588): acquireWakeLock(42855c38): PARTIAL_WAKE_LOCK , tag=ActivityManager-Launch, flags=0x1, pid=588, uid=1000, mUserState=0x3
D/PowerManagerService(  588): acquireWakeLock(42864060): CPU_MIN_FREQ , tag=WindowManager-ScreenRotation-Freq, flags=0x100, pid=588, uid=1000, mUserState=0x3
D/PowerManagerService(  588): acquireWakeLock(42aa9c08): CPU_MIN_NUM , tag=WindowManager-ScreenRotation-Num, flags=0x400, pid=588, uid=1000, mUserState=0x3
D/PowerManagerService(  588): acquireWakeLock(42ba0e28): PARTIAL_WAKE_LOCK , tag=SCREEN_FROZEN, flags=0x1, pid=588, uid=1000, mUserState=0x3
I/ActivityManager(  588): Config changed: {1.0 272mcc2mnc en_FR sw360dp w360dp h614dp nrml long port finger -keyb/v/h -nav/h s.37 skin=default fontsize=3 hasNavBar=0}
D/PowerManagerService(  588): releaseWakeLock(42ba0e28): PARTIAL_WAKE_LOCK , tag=SCREEN_FROZEN, flags=0x1
