W/ContextImpl( 1295): Calling a method in the system process without a qualified user: android.app.ContextImpl.sendBroadcast:1252 android.content.ContextWrapper.sendBroadcast:365 com.motorola.motocare.util.TriggerHelper$TriggerBuilder.send:76 com.motorola.motocare.internal.frameworkevents.PauseResumeTrigger.handleFrameworkEvent:53 com.motorola.motocare.internal.frameworkevents.FwEventMonitor$FrameworkListener.processFrameworkEvent:114 
W/ContextImpl( 1295): Calling a method in the system process without a qualified user: android.app.ContextImpl.sendBroadcast:1252 android.content.ContextWrapper.sendBroadcast:365 com.motorola.motocare.util.TriggerHelper$TriggerBuilder.send:76 com.motorola.motocare.internal.frameworkevents.PauseResumeTrigger.handleFrameworkEvent:53 com.motorola.motocare.internal.frameworkevents.FwEventMonitor$FrameworkListener.processFrameworkEvent:114 
W/ContextImpl( 1295): Calling a method in the system process without a qualified user: android.app.ContextImpl.sendBroadcast:1252 android.content.ContextWrapper.sendBroadcast:365 com.motorola.motocare.util.TriggerHelper$TriggerBuilder.send:76 com.motorola.motocare.internal.frameworkevents.PauseResumeTrigger.handleFrameworkEvent:53 com.motorola.motocare.internal.frameworkevents.FwEventMonitor$FrameworkListener.processFrameworkEvent:114 
I/LaunchCheckinHandler( 1025): Displayed com.phonegap.example/.PhoneGapDeviceCompatibilityTester,wp,ca,179
W/BroadcastQueue( 1025): Permission Denial: broadcasting Intent { act=android.net.conn.INET_CONDITION_ACTION flg=0x4000010 (has extras) } from null (pid=-1, uid=-1) requires com.facebook.permission.prod.FB_APP_COMMUNICATION due to registered receiver BroadcastFilter{42504aa8 u0 ReceiverList{42597238 2059 com.facebook.orca/10147/u0 remote:428eb430}}
W/BroadcastQueue( 1025): Permission Denial: broadcasting Intent { act=android.net.conn.CONNECTIVITY_CHANGE flg=0x4000010 (has extras) } from null (pid=-1, uid=-1) requires com.facebook.permission.prod.FB_APP_COMMUNICATION due to registered receiver BroadcastFilter{42504aa8 u0 ReceiverList{42597238 2059 com.facebook.orca/10147/u0 remote:428eb430}}
W/BroadcastQueue( 1025): Permission Denial: broadcasting Intent { act=android.net.conn.CONNECTIVITY_CHANGE flg=0x4000010 (has extras) } from null (pid=-1, uid=-1) requires com.facebook.permission.prod.FB_APP_COMMUNICATION due to registered receiver BroadcastFilter{42b36e30 u0 ReceiverList{42ac5558 2059 com.facebook.orca/10147/u0 remote:428e5a88}}
I/SFPerfTracer(  274):      triggers: (rate: 852:34577) (compose: 0:138) (post: 0:13) (render: 49:8675) (0:475885 frames) (1:2241976)
D/SFPerfTracer(  274):        layers: (3:10) (DimLayer: 0:158)* (DimLayer: 0:44)* (FocusedStackFrame: 0:11290)* (StatusBar: 0:148788) (NavigationBar: 0:106329) (DimLayer: 0:7368)* (DimLayer: 0:1869)* (com.android.wallpaper.fall.FallWallpaper: 0:42709)* (com.android.launcher/com.android.launcher2.Launcher: 0:558)* (com.phonegap.example/com.phonegap.example.PhoneGapDeviceCompatibilityTester: 1:23) 
I/SFPerfTracer(  274):      triggers: (rate: 733:303246) (216975 sw vsyncs) (695630 skipped) (4:2023195 vsyncs) (6:2552028)
I/ActivityManager( 1025): Start proc com.facebook.katana for service com.facebook.katana/com.facebook.push.mqtt.service.MqttPushService: pid=2165 uid=10110 gids={50110, 1028, 1015, 3003}
V/DeadZone( 1119): consuming errant click: (164.77115,32.049927)
D/WifiService( 1025): New client listening to asynchronous messages
I/ActivityManager( 1025): START u0 {act=com.android.systemui.recent.action.TOGGLE_RECENTS flg=0x10800000 cmp=com.android.systemui/.recent.RecentsActivity (has extras)} from pid 1119
W/ContextImpl( 1295): Calling a method in the system process without a qualified user: android.app.ContextImpl.sendBroadcast:1252 android.content.ContextWrapper.sendBroadcast:365 com.motorola.motocare.util.TriggerHelper$TriggerBuilder.send:76 com.motorola.motocare.internal.frameworkevents.PauseResumeTrigger.handleFrameworkEvent:53 com.motorola.motocare.internal.frameworkevents.FwEventMonitor$FrameworkListener.processFrameworkEvent:114 
W/ContextImpl( 1295): Calling a method in the system process without a qualified user: android.app.ContextImpl.sendBroadcast:1252 android.content.ContextWrapper.sendBroadcast:365 com.motorola.motocare.util.TriggerHelper$TriggerBuilder.send:76 com.motorola.motocare.internal.frameworkevents.PauseResumeTrigger.handleFrameworkEvent:53 com.motorola.motocare.internal.frameworkevents.FwEventMonitor$FrameworkListener.processFrameworkEvent:114 
W/InputMethodManagerService( 1025): Starting input on non-focused client com.android.internal.view.IInputMethodClient$Stub$Proxy@42921e98 (uid=10153 pid=1137)
I/LaunchCheckinHandler( 1025): Displayed com.android.systemui/.recent.RecentsActivity,wp,wa,264
I/ActivityManager( 1025): Killing 1137:com.phonegap.example/u0a153 (adj 9): remove task
W/ContextImpl( 1295): Calling a method in the system process without a qualified user: android.app.ContextImpl.sendBroadcast:1252 android.content.ContextWrapper.sendBroadcast:365 com.motorola.motocare.util.TriggerHelper$TriggerBuilder.send:76 com.motorola.motocare.internal.frameworkevents.ProcessKillTrigger.sendTrigger:147 com.motorola.motocare.internal.frameworkevents.ProcessKillTrigger.handleFrameworkEvent:164 
I/WindowState( 1025): WIN DEATH: Window{433807d0 u0 com.phonegap.example/com.phonegap.example.PhoneGapDeviceCompatibilityTester}
I/SFPerfTracer(  274):      triggers: (rate: 733:303246) (216975 sw vsyncs) (695630 skipped) (38:2023311 vsyncs) (40:2552157)
I/ActivityManager( 1025): START u0 {act=android.intent.action.MAIN cat=[android.intent.category.HOME] flg=0x10200000 cmp=com.android.launcher/com.android.launcher2.Launcher} from pid 1025
W/ContextImpl( 1295): Calling a method in the system process without a qualified user: android.app.ContextImpl.sendBroadcast:1252 android.content.ContextWrapper.sendBroadcast:365 com.motorola.motocare.util.TriggerHelper$TriggerBuilder.send:76 com.motorola.motocare.internal.frameworkevents.PauseResumeTrigger.handleFrameworkEvent:53 com.motorola.motocare.internal.frameworkevents.FwEventMonitor$FrameworkListener.processFrameworkEvent:114 
W/ContextImpl( 1295): Calling a method in the system process without a qualified user: android.app.ContextImpl.sendBroadcast:1252 android.content.ContextWrapper.sendBroadcast:365 com.motorola.motocare.util.TriggerHelper$TriggerBuilder.send:76 com.motorola.motocare.internal.frameworkevents.PauseResumeTrigger.handleFrameworkEvent:53 com.motorola.motocare.internal.frameworkevents.FwEventMonitor$FrameworkListener.processFrameworkEvent:114 
I/LaunchCheckinHandler( 1025): Displayed com.android.launcher/com.android.launcher2.Launcher,wp,wa,485
I/SFPerfTracer(  274):      triggers: (rate: 852:34577) (compose: 0:138) (post: 0:13) (render: 49:8675) (8:475909 frames) (9:2242081)
D/SFPerfTracer(  274):        layers: (3:12) (DimLayer: 0:158)* (DimLayer: 0:44)* (FocusedStackFrame: 0:11291)* (StatusBar: 0:148793) (NavigationBar: 9:106361) (DimLayer: 0:7368)* (DimLayer: 0:1869)* (com.android.wallpaper.fall.FallWallpaper: 0:42709)* (com.phonegap.example/com.phonegap.example.PhoneGapDeviceCompatibilityTester: 0:62)* (com.android.systemui/com.android.systemui.recent.RecentsActivity: 0:40) (thumbnail anim: 0:17)* (com.android.launcher/com.android.launcher2.Launcher: 9:9)* 
I/SFPerfTracer(  274):      triggers: (rate: 733:303248) (216975 sw vsyncs) (695707 skipped) (115:2023430 vsyncs) (117:2552281)
I/SFPerfTracer(  274):      triggers: (rate: 852:34577) (compose: 0:138) (post: 0:13) (render: 49:8675) (0:475925 frames) (1:2242181)
D/SFPerfTracer(  274):        layers: (3:10) (DimLayer: 0:158)* (DimLayer: 0:44)* (FocusedStackFrame: 0:11292)* (StatusBar: 0:148830) (NavigationBar: 0:106399) (DimLayer: 0:7368)* (DimLayer: 0:1869)* (com.android.wallpaper.fall.FallWallpaper: 0:42736)* (com.android.systemui/com.android.systemui.recent.RecentsActivity: 0:57)* (com.android.launcher/com.android.launcher2.Launcher: 1:100) 
W/BroadcastQueue( 1025): Permission Denial: broadcasting Intent { act=android.net.conn.INET_CONDITION_ACTION flg=0x4000010 (has extras) } from null (pid=-1, uid=-1) requires com.facebook.permission.prod.FB_APP_COMMUNICATION due to registered receiver BroadcastFilter{438a31d0 u0 ReceiverList{435e9368 2165 com.facebook.katana/10110/u0 remote:42d08be8}}
W/BroadcastQueue( 1025): Permission Denial: broadcasting Intent { act=android.net.conn.CONNECTIVITY_CHANGE flg=0x4000010 (has extras) } from null (pid=-1, uid=-1) requires com.facebook.permission.prod.FB_APP_COMMUNICATION due to registered receiver BroadcastFilter{438a31d0 u0 ReceiverList{435e9368 2165 com.facebook.katana/10110/u0 remote:42d08be8}}
W/BroadcastQueue( 1025): Permission Denial: broadcasting Intent { act=android.net.conn.CONNECTIVITY_CHANGE flg=0x4000010 (has extras) } from null (pid=-1, uid=-1) requires com.facebook.permission.prod.FB_APP_COMMUNICATION due to registered receiver BroadcastFilter{42990828 u0 ReceiverList{431cc688 2165 com.facebook.katana/10110/u0 remote:42ae9bd0}}
V/AlarmManager( 1025): sending alarm Alarm{437eb538 type 3 com.devexpert.weather}
V/AlarmManager( 1025): sending alarm Alarm{437e8450 type 2 com.whatsapp}
I/ActivityManager( 1025): Start proc com.devexpert.weather for broadcast com.devexpert.weather/.view.WidgetWeather2x1: pid=2290 uid=10112 gids={50112, 3003, 1028, 1015}
V/AlarmManager( 1025): sending alarm Alarm{437e6ac8 type 2 com.facebook.orca}
V/AlarmManager( 1025): sending alarm Alarm{437e4be0 type 2 com.facebook.katana}
V/AlarmManager( 1025): sending alarm Alarm{437e43d0 type 0 com.viber.voip}
I/ActivityManager( 1025): Process com.devexpert.weather (pid 2290) has died.
I/ActivityManager( 1025): Start proc com.devexpert.weather for broadcast com.devexpert.weather/.view.WidgetWeather2x1: pid=2321 uid=10112 gids={50112, 3003, 1028, 1015}
I/SFPerfTracer(  274):      triggers: (rate: 852:34577) (compose: 0:138) (post: 0:13) (render: 49:8675) (0:475925 frames) (1:2242281)
D/SFPerfTracer(  274):        layers: (3:9) (DimLayer: 0:158)* (DimLayer: 0:44)* (FocusedStackFrame: 0:11292)* (StatusBar: 0:148830) (NavigationBar: 0:106399) (DimLayer: 0:7368)* (DimLayer: 0:1869)* (com.android.wallpaper.fall.FallWallpaper: 0:42736)* (com.android.launcher/com.android.launcher2.Launcher: 1:200) 
I/ActivityManager( 1025): Process com.devexpert.weather (pid 2321) has died.
I/ActivityManager( 1025): START u0 {act=android.intent.action.MAIN cat=[android.intent.category.LAUNCHER] flg=0x10200000 cmp=com.phonegap.example/.PhoneGapDeviceCompatibilityTester} from pid 12744
W/ContextImpl( 1295): Calling a method in the system process without a qualified user: android.app.ContextImpl.sendBroadcast:1252 android.content.ContextWrapper.sendBroadcast:365 com.motorola.motocare.util.TriggerHelper$TriggerBuilder.send:76 com.motorola.motocare.internal.frameworkevents.PauseResumeTrigger.handleFrameworkEvent:53 com.motorola.motocare.internal.frameworkevents.FwEventMonitor$FrameworkListener.processFrameworkEvent:114 
I/SFPerfTracer(  274):      triggers: (rate: 733:303248) (216975 sw vsyncs) (695707 skipped) (113:2023578 vsyncs) (115:2552433)
I/ActivityManager( 1025): Start proc com.phonegap.example for activity com.phonegap.example/.PhoneGapDeviceCompatibilityTester: pid=2349 uid=10153 gids={50153, 3003, 1028, 1015}
W/ContextImpl( 1295): Calling a method in the system process without a qualified user: android.app.ContextImpl.sendBroadcast:1252 android.content.ContextWrapper.sendBroadcast:365 com.motorola.motocare.util.TriggerHelper$TriggerBuilder.send:76 com.motorola.motocare.internal.frameworkevents.PauseResumeTrigger.handleFrameworkEvent:53 com.motorola.motocare.internal.frameworkevents.FwEventMonitor$FrameworkListener.processFrameworkEvent:114 
I/LaunchCheckinHandler( 1025): Displayed com.phonegap.example/.PhoneGapDeviceCompatibilityTester,cp,ca,405
I/SFPerfTracer(  274):      triggers: (rate: 852:34578) (compose: 0:138) (post: 0:13) (render: 49:8675) (13:475962 frames) (14:2242394)
D/SFPerfTracer(  274):        layers: (5:12) (DimLayer: 0:158)* (DimLayer: 0:44)* (FocusedStackFrame: 0:11297)* (StatusBar: 0:148831) (NavigationBar: 0:106418) (DimLayer: 14:7383) (DimLayer: 0:1869)* (com.android.wallpaper.fall.FallWallpaper: 0:42743)* (com.android.launcher/com.android.launcher2.Launcher: 0:246)* (Starting com.phonegap.example: 0:29)* (com.phonegap.example/com.phonegap.example.PhoneGapDeviceCompatibilityTester: 2:18) (com.phonegap.example/com.phonegap.example.PhoneGapDeviceCompatibilityTester: 13:19) 
W/InputMethodManagerService( 1025): Window already focused, ignoring focus gain of: com.android.internal.view.IInputMethodClient$Stub$Proxy@42c3b258 attribute=null, token = android.os.BinderProxy@41fdebf8
I/SFPerfTracer(  274):      triggers: (rate: 733:303248) (216975 sw vsyncs) (695723 skipped) (25:2023680 vsyncs) (27:2552557)
W/InputMethodManagerService( 1025): Window already focused, ignoring focus gain of: com.android.internal.view.IInputMethodClient$Stub$Proxy@429b73d8 attribute=null, token = android.os.BinderProxy@41fdebf8
W/ContextImpl( 1295): Calling a method in the system process without a qualified user: android.app.ContextImpl.sendBroadcast:1252 android.content.ContextWrapper.sendBroadcast:365 com.motorola.motocare.util.TriggerHelper$TriggerBuilder.send:76 com.motorola.motocare.internal.frameworkevents.ProcessKillTrigger.sendTrigger:147 com.motorola.motocare.internal.frameworkevents.ProcessKillTrigger.handleLmkKill:337 
W/ContextImpl( 1295): Calling a method in the system process without a qualified user: android.app.ContextImpl.sendBroadcast:1252 android.content.ContextWrapper.sendBroadcast:365 com.motorola.motocare.util.TriggerHelper$TriggerBuilder.send:76 com.motorola.motocare.internal.frameworkevents.ProcessKillTrigger.sendTrigger:147 com.motorola.motocare.internal.frameworkevents.ProcessKillTrigger.handleLmkKill:337 
W/ContextImpl( 1295): Calling a method in the system process without a qualified user: android.app.ContextImpl.sendBroadcast:1252 android.content.ContextWrapper.sendBroadcast:365 com.motorola.motocare.util.TriggerHelper$TriggerBuilder.send:76 com.motorola.motocare.internal.frameworkevents.ProcessKillTrigger.sendTrigger:147 com.motorola.motocare.internal.frameworkevents.ProcessKillTrigger.handleLmkKill:337 
W/ContextImpl( 1295): Calling a method in the system process without a qualified user: android.app.ContextImpl.sendBroadcast:1252 android.content.ContextWrapper.sendBroadcast:365 com.motorola.motocare.util.TriggerHelper$TriggerBuilder.send:76 com.motorola.motocare.internal.frameworkevents.ProcessKillTrigger.sendTrigger:147 com.motorola.motocare.internal.frameworkevents.ProcessKillTrigger.handleLmkKill:337 
W/ContextImpl( 1295): Calling a method in the system process without a qualified user: android.app.ContextImpl.sendBroadcast:1252 android.content.ContextWrapper.sendBroadcast:365 com.motorola.motocare.util.TriggerHelper$TriggerBuilder.send:76 com.motorola.motocare.internal.frameworkevents.ProcessKillTrigger.sendTrigger:147 com.motorola.motocare.internal.frameworkevents.ProcessKillTrigger.handleLmkKill:337 
W/ContextImpl( 1295): Calling a method in the system process without a qualified user: android.app.ContextImpl.sendBroadcast:1252 android.content.ContextWrapper.sendBroadcast:365 com.motorola.motocare.util.TriggerHelper$TriggerBuilder.send:76 com.motorola.motocare.internal.frameworkevents.ProcessKillTrigger.sendTrigger:147 com.motorola.motocare.internal.frameworkevents.ProcessKillTrigger.handleLmkKill:337 
W/ContextImpl( 1295): Calling a method in the system process without a qualified user: android.app.ContextImpl.sendBroadcast:1252 android.content.ContextWrapper.sendBroadcast:365 com.motorola.motocare.util.TriggerHelper$TriggerBuilder.send:76 com.motorola.motocare.internal.frameworkevents.ProcessKillTrigger.sendTrigger:147 com.motorola.motocare.internal.frameworkevents.ProcessKillTrigger.handleLmkKill:337 
W/ContextImpl( 1295): Calling a method in the system process without a qualified user: android.app.ContextImpl.sendBroadcast:1252 android.content.ContextWrapper.sendBroadcast:365 com.motorola.motocare.util.TriggerHelper$TriggerBuilder.send:76 com.motorola.motocare.internal.frameworkevents.ProcessKillTrigger.sendTrigger:147 com.motorola.motocare.internal.frameworkevents.ProcessKillTrigger.handleLmkKill:337 
W/ContextImpl( 1295): Calling a method in the system process without a qualified user: android.app.ContextImpl.sendBroadcast:1252 android.content.ContextWrapper.sendBroadcast:365 com.motorola.motocare.util.TriggerHelper$TriggerBuilder.send:76 com.motorola.motocare.internal.frameworkevents.ProcessKillTrigger.sendTrigger:147 com.motorola.motocare.internal.frameworkevents.ProcessKillTrigger.handleLmkKill:337 
W/ContextImpl( 1295): Calling a method in the system process without a qualified user: android.app.ContextImpl.sendBroadcast:1252 android.content.ContextWrapper.sendBroadcast:365 com.motorola.motocare.util.TriggerHelper$TriggerBuilder.send:76 com.motorola.motocare.internal.frameworkevents.ProcessKillTrigger.sendTrigger:147 com.motorola.motocare.internal.frameworkevents.ProcessKillTrigger.handleLmkKill:337 
W/ContextImpl( 1295): Calling a method in the system process without a qualified user: android.app.ContextImpl.sendBroadcast:1252 android.content.ContextWrapper.sendBroadcast:365 com.motorola.motocare.util.TriggerHelper$TriggerBuilder.send:76 com.motorola.motocare.internal.frameworkevents.ProcessKillTrigger.sendTrigger:147 com.motorola.motocare.internal.frameworkevents.ProcessKillTrigger.handleLmkKill:337 
W/ContextImpl( 1295): Calling a method in the system process without a qualified user: android.app.ContextImpl.sendBroadcast:1252 android.content.ContextWrapper.sendBroadcast:365 com.motorola.motocare.util.TriggerHelper$TriggerBuilder.send:76 com.motorola.motocare.internal.frameworkevents.ProcessKillTrigger.sendTrigger:147 com.motorola.motocare.internal.frameworkevents.ProcessKillTrigger.handleLmkKill:337 
W/InputMethodManagerService( 1025): Window already focused, ignoring focus gain of: com.android.internal.view.IInputMethodClient$Stub$Proxy@42a51ec8 attribute=null, token = android.os.BinderProxy@41fdebf8
I/ActivityManager( 1025): Process com.whatsapp (pid 1578) has died.
W/ActivityManager( 1025): Scheduling restart of crashed service com.whatsapp/.messaging.MessageService in 4000ms
I/SFPerfTracer(  274):      triggers: (rate: 733:303248) (216975 sw vsyncs) (695723 skipped) (19:2023762 vsyncs) (21:2552659)
I/SFPerfTracer(  274):      triggers: (rate: 852:34578) (compose: 0:138) (post: 0:13) (render: 49:8675) (13:476029 frames) (14:2242499)
D/SFPerfTracer(  274):        layers: (5:13) (DimLayer: 0:158)* (DimLayer: 0:44)* (FocusedStackFrame: 0:11305)* (StatusBar: 0:148835) (NavigationBar: 0:106418) (DimLayer: 14:7446) (DimLayer: 0:1869)* (com.android.wallpaper.fall.FallWallpaper: 0:42743)* (com.phonegap.example/com.phonegap.example.PhoneGapDeviceCompatibilityTester: 0:42) (com.phonegap.example/com.phonegap.example.PhoneGapDeviceCompatibilityTester: 0:38)* (com.phonegap.example/com.phonegap.example.PhoneGapDeviceCompatibilityTester: 0:32)* (com.phonegap.example/com.phonegap.example.PhoneGapDeviceCompatibilityTester: 0:32)* (com.phonegap.example/com.phonegap.example.PhoneGapDeviceCompatibilityTester: 13:17) 
W/InputMethodManagerService( 1025): Window already focused, ignoring focus gain of: com.android.internal.view.IInputMethodClient$Stub$Proxy@42bd4278 attribute=null, token = android.os.BinderProxy@41fdebf8
W/InputMethodManagerService( 1025): Window already focused, ignoring focus gain of: com.android.internal.view.IInputMethodClient$Stub$Proxy@4221c1c0 attribute=null, token = android.os.BinderProxy@41fdebf8
I/ActivityManager( 1025): Start proc com.whatsapp for service com.whatsapp/.messaging.MessageService: pid=2498 uid=10107 gids={50107, 3002, 3003, 1028, 1015}
I/SFPerfTracer(  274):      triggers: (rate: 733:303248) (216975 sw vsyncs) (695723 skipped) (1:2023853 vsyncs) (3:2552760)
W/InputMethodManagerService( 1025): Window already focused, ignoring focus gain of: com.android.internal.view.IInputMethodClient$Stub$Proxy@431bd828 attribute=null, token = android.os.BinderProxy@41fdebf8
V/AlarmManager( 1025): sending alarm Alarm{42b34e50 type 3 com.whatsapp}
I/ActivityManager( 1025): Process com.android.vending (pid 1669) has died.
I/ActivityManager( 1025): Start proc android.process.acore for content provider com.android.providers.contacts/.ContactsProvider2: pid=2536 uid=10010 gids={50010, 3003, 1028, 1015, 1023}
I/ActivityManager( 1025): Start proc com.android.vending for service com.android.vending/com.google.android.finsky.billing.iab.InAppBillingService: pid=2551 uid=10039 gids={50039, 3003, 1028, 1015}
V/AlarmManager( 1025): sending alarm Alarm{42168858 type 3 com.whatsapp}
W/InputMethodManagerService( 1025): Window already focused, ignoring focus gain of: com.android.internal.view.IInputMethodClient$Stub$Proxy@41fd5c98 attribute=null, token = android.os.BinderProxy@41fdebf8
I/SFPerfTracer(  274):      triggers: (rate: 852:34578) (compose: 0:138) (post: 0:13) (render: 49:8675) (1:476093 frames) (2:2242599)
D/SFPerfTracer(  274):        layers: (3:13) (DimLayer: 0:158)* (DimLayer: 0:44)* (FocusedStackFrame: 0:11315)* (StatusBar: 0:148839) (NavigationBar: 0:106418) (DimLayer: 1:7518)* (DimLayer: 0:1869)* (com.android.wallpaper.fall.FallWallpaper: 0:42743)* (com.phonegap.example/com.phonegap.example.PhoneGapDeviceCompatibilityTester: 0:42) (com.phonegap.example/com.phonegap.example.PhoneGapDeviceCompatibilityTester: 0:46)* (com.phonegap.example/com.phonegap.example.PhoneGapDeviceCompatibilityTester: 0:32)* (com.phonegap.example/com.phonegap.example.PhoneGapDeviceCompatibilityTester: 0:32)* (com.phonegap.example/com.phonegap.example.PhoneGapDeviceCompatibilityTester: 2:32)* 
I/ActivityManager( 1025): Process android.process.acore (pid 2536) has died.
V/DeadZone( 1119): consuming errant click: (380.4716,34.04834)
I/ActivityManager( 1025): Process com.facebook.katana (pid 2165) has died.
W/ActivityManager( 1025): Scheduling restart of crashed service com.facebook.katana/com.facebook.push.mqtt.service.MqttPushService in 40456ms
D/WifiService( 1025): Client connection lost with reason: 4
I/SFPerfTracer(  274):      triggers: (rate: 733:303248) (216975 sw vsyncs) (695723 skipped) (27:2023962 vsyncs) (29:2552883)
I/ActivityManager( 1025): START u0 {act=android.intent.action.MAIN cat=[android.intent.category.HOME] flg=0x10200000 cmp=com.android.launcher/com.android.launcher2.Launcher} from pid 1025
W/ContextImpl( 1295): Calling a method in the system process without a qualified user: android.app.ContextImpl.sendBroadcast:1252 android.content.ContextWrapper.sendBroadcast:365 com.motorola.motocare.util.TriggerHelper$TriggerBuilder.send:76 com.motorola.motocare.internal.frameworkevents.PauseResumeTrigger.handleFrameworkEvent:53 com.motorola.motocare.internal.frameworkevents.FwEventMonitor$FrameworkListener.processFrameworkEvent:114 
W/ContextImpl( 1295): Calling a method in the system process without a qualified user: android.app.ContextImpl.sendBroadcast:1252 android.content.ContextWrapper.sendBroadcast:365 com.motorola.motocare.util.TriggerHelper$TriggerBuilder.send:76 com.motorola.motocare.internal.frameworkevents.PauseResumeTrigger.handleFrameworkEvent:53 com.motorola.motocare.internal.frameworkevents.FwEventMonitor$FrameworkListener.processFrameworkEvent:114 
I/ActivityManager( 1025): START u0 {act=android.intent.action.MAIN cat=[android.intent.category.HOME] flg=0x10200000 cmp=com.android.launcher/com.android.launcher2.Launcher} from pid 1025
I/LaunchCheckinHandler( 1025): Displayed com.android.launcher/com.android.launcher2.Launcher,wp,wa,328
I/ActivityManager( 1025): START u0 {act=android.intent.action.MAIN cat=[android.intent.category.HOME] flg=0x10200000 cmp=com.android.launcher/com.android.launcher2.Launcher} from pid 1025
I/SFPerfTracer(  274):      triggers: (rate: 852:34578) (compose: 0:138) (post: 0:13) (render: 49:8675) (0:476122 frames) (1:2242699)
D/SFPerfTracer(  274):        layers: (4:10) (DimLayer: 0:158)* (DimLayer: 0:44)* (FocusedStackFrame: 0:11316)* (StatusBar: 0:148859) (NavigationBar: 0:106485) (DimLayer: 0:7518)* (DimLayer: 0:1869)* (com.android.wallpaper.fall.FallWallpaper: 0:42762) (com.phonegap.example/com.phonegap.example.PhoneGapDeviceCompatibilityTester: 0:78)* (com.android.launcher/com.android.launcher2.Launcher: 1:45) 
I/SFPerfTracer(  274):      triggers: (rate: 733:303250) (216975 sw vsyncs) (695845 skipped) (175:2024157 vsyncs) (177:2553082)
I/SFPerfTracer(  274):      triggers: (rate: 852:34578) (compose: 0:138) (post: 0:13) (render: 49:8675) (0:476123 frames) (1:2242799)
D/SFPerfTracer(  274):        layers: (3:9) (DimLayer: 0:158)* (DimLayer: 0:44)* (FocusedStackFrame: 0:11317)* (StatusBar: 0:148878) (NavigationBar: 0:106503) (DimLayer: 0:7518)* (DimLayer: 0:1869)* (com.android.wallpaper.fall.FallWallpaper: 0:42785)* (com.android.launcher/com.android.launcher2.Launcher: 1:136) 
I/SFPerfTracer(  274):      triggers: (rate: 852:34578) (compose: 0:138) (post: 0:13) (render: 49:8675) (0:476123 frames) (1:2242899)
D/SFPerfTracer(  274):        layers: (3:9) (DimLayer: 0:158)* (DimLayer: 0:44)* (FocusedStackFrame: 0:11317)* (StatusBar: 0:148878) (NavigationBar: 0:106503) (DimLayer: 0:7518)* (DimLayer: 0:1869)* (com.android.wallpaper.fall.FallWallpaper: 0:42785)* (com.android.launcher/com.android.launcher2.Launcher: 1:236) 
I/SFPerfTracer(  274):      triggers: (rate: 852:34578) (compose: 0:138) (post: 0:13) (render: 49:8675) (0:476123 frames) (1:2242999)
D/SFPerfTracer(  274):        layers: (3:9) (DimLayer: 0:158)* (DimLayer: 0:44)* (FocusedStackFrame: 0:11317)* (StatusBar: 0:148880) (NavigationBar: 0:106503) (DimLayer: 0:7518)* (DimLayer: 0:1869)* (com.android.wallpaper.fall.FallWallpaper: 0:42785)* (com.android.launcher/com.android.launcher2.Launcher: 1:336) 
I/ActivityManager( 1025): START u0 {act=android.intent.action.MAIN cat=[android.intent.category.LAUNCHER] flg=0x10200000 cmp=com.phonegap.example/.PhoneGapDeviceCompatibilityTester} from pid 12744
W/ContextImpl( 1295): Calling a method in the system process without a qualified user: android.app.ContextImpl.sendBroadcast:1252 android.content.ContextWrapper.sendBroadcast:365 com.motorola.motocare.util.TriggerHelper$TriggerBuilder.send:76 com.motorola.motocare.internal.frameworkevents.PauseResumeTrigger.handleFrameworkEvent:53 com.motorola.motocare.internal.frameworkevents.FwEventMonitor$FrameworkListener.processFrameworkEvent:114 
W/ContextImpl( 1295): Calling a method in the system process without a qualified user: android.app.ContextImpl.sendBroadcast:1252 android.content.ContextWrapper.sendBroadcast:365 com.motorola.motocare.util.TriggerHelper$TriggerBuilder.send:76 com.motorola.motocare.internal.frameworkevents.PauseResumeTrigger.handleFrameworkEvent:53 com.motorola.motocare.internal.frameworkevents.FwEventMonitor$FrameworkListener.processFrameworkEvent:114 
I/SFPerfTracer(  274):      triggers: (rate: 733:303250) (216975 sw vsyncs) (695845 skipped) (214:2024445 vsyncs) (216:2553374)
I/LaunchCheckinHandler( 1025): Displayed com.phonegap.example/.PhoneGapDeviceCompatibilityTester,wp,wa,137
I/SFPerfTracer(  274):      triggers: (rate: 852:34578) (compose: 0:138) (post: 0:13) (render: 49:8675) (0:476138 frames) (1:2243099)
D/SFPerfTracer(  274):        layers: (3:10) (DimLayer: 0:158)* (DimLayer: 0:44)* (FocusedStackFrame: 0:11318)* (StatusBar: 1:148882) (NavigationBar: 0:106522) (DimLayer: 0:7518)* (DimLayer: 0:1869)* (com.android.wallpaper.fall.FallWallpaper: 0:42793)* (com.android.launcher/com.android.launcher2.Launcher: 0:399)* (com.phonegap.example/com.phonegap.example.PhoneGapDeviceCompatibilityTester: 0:19) 
I/ActivityManager( 1025): START u0 {act=com.android.systemui.recent.action.TOGGLE_RECENTS flg=0x10800000 cmp=com.android.systemui/.recent.RecentsActivity (has extras)} from pid 1119
W/ContextImpl( 1295): Calling a method in the system process without a qualified user: android.app.ContextImpl.sendBroadcast:1252 android.content.ContextWrapper.sendBroadcast:365 com.motorola.motocare.util.TriggerHelper$TriggerBuilder.send:76 com.motorola.motocare.internal.frameworkevents.PauseResumeTrigger.handleFrameworkEvent:53 com.motorola.motocare.internal.frameworkevents.FwEventMonitor$FrameworkListener.processFrameworkEvent:114 
W/ContextImpl( 1295): Calling a method in the system process without a qualified user: android.app.ContextImpl.sendBroadcast:1252 android.content.ContextWrapper.sendBroadcast:365 com.motorola.motocare.util.TriggerHelper$TriggerBuilder.send:76 com.motorola.motocare.internal.frameworkevents.PauseResumeTrigger.handleFrameworkEvent:53 com.motorola.motocare.internal.frameworkevents.FwEventMonitor$FrameworkListener.processFrameworkEvent:114 
I/LaunchCheckinHandler( 1025): Displayed com.android.systemui/.recent.RecentsActivity,wp,wa,369
I/SFPerfTracer(  274):      triggers: (rate: 733:303250) (216975 sw vsyncs) (695857 skipped) (31:2024540 vsyncs) (33:2553483)
I/ActivityManager( 1025): Killing 2349:com.phonegap.example/u0a153 (adj 9): remove task
W/ContextImpl( 1295): Calling a method in the system process without a qualified user: android.app.ContextImpl.sendBroadcast:1252 android.content.ContextWrapper.sendBroadcast:365 com.motorola.motocare.util.TriggerHelper$TriggerBuilder.send:76 com.motorola.motocare.internal.frameworkevents.ProcessKillTrigger.sendTrigger:147 com.motorola.motocare.internal.frameworkevents.ProcessKillTrigger.handleFrameworkEvent:164 
I/WindowState( 1025): WIN DEATH: Window{431f7408 u0 com.phonegap.example/com.phonegap.example.PhoneGapDeviceCompatibilityTester}
I/SFPerfTracer(  274):      triggers: (rate: 852:34578) (compose: 0:138) (post: 0:13) (render: 49:8675) (0:476155 frames) (1:2243199)
D/SFPerfTracer(  274):        layers: (3:11) (DimLayer: 0:158)* (DimLayer: 0:44)* (FocusedStackFrame: 0:11318)* (StatusBar: 0:148883) (NavigationBar: 0:106530) (DimLayer: 0:7518)* (DimLayer: 0:1869)* (com.android.wallpaper.fall.FallWallpaper: 0:42793)* (com.phonegap.example/com.phonegap.example.PhoneGapDeviceCompatibilityTester: 0:53)* (com.android.systemui/com.android.systemui.recent.RecentsActivity: 1:61) (thumbnail anim: 0:18)* 
I/ActivityManager( 1025): START u0 {act=android.intent.action.MAIN cat=[android.intent.category.HOME] flg=0x10200000 cmp=com.android.launcher/com.android.launcher2.Launcher} from pid 1025
W/ContextImpl( 1295): Calling a method in the system process without a qualified user: android.app.ContextImpl.sendBroadcast:1252 android.content.ContextWrapper.sendBroadcast:365 com.motorola.motocare.util.TriggerHelper$TriggerBuilder.send:76 com.motorola.motocare.internal.frameworkevents.PauseResumeTrigger.handleFrameworkEvent:53 com.motorola.motocare.internal.frameworkevents.FwEventMonitor$FrameworkListener.processFrameworkEvent:114 
W/ContextImpl( 1295): Calling a method in the system process without a qualified user: android.app.ContextImpl.sendBroadcast:1252 android.content.ContextWrapper.sendBroadcast:365 com.motorola.motocare.util.TriggerHelper$TriggerBuilder.send:76 com.motorola.motocare.internal.frameworkevents.PauseResumeTrigger.handleFrameworkEvent:53 com.motorola.motocare.internal.frameworkevents.FwEventMonitor$FrameworkListener.processFrameworkEvent:114 
I/LaunchCheckinHandler( 1025): Displayed com.android.launcher/com.android.launcher2.Launcher,wp,wa,13049
V/AlarmManager( 1025): sending alarm Alarm{42c9f078 type 3 com.devexpert.weather}
V/AlarmManager( 1025): sending alarm Alarm{42cce8a8 type 2 com.whatsapp}
I/ActivityManager( 1025): Start proc com.devexpert.weather for broadcast com.devexpert.weather/.view.WidgetWeather2x1: pid=2778 uid=10112 gids={50112, 3003, 1028, 1015}
V/AlarmManager( 1025): sending alarm Alarm{42c93458 type 2 com.whatsapp}
I/SFPerfTracer(  274):      triggers: (rate: 852:34578) (compose: 0:138) (post: 0:13) (render: 49:8675) (29:476207 frames) (30:2243300)
D/SFPerfTracer(  274):        layers: (4:10) (DimLayer: 0:158)* (DimLayer: 0:44)* (FocusedStackFrame: 0:11320)* (StatusBar: 19:148924) (NavigationBar: 19:106592) (DimLayer: 0:7518)* (DimLayer: 0:1869)* (com.android.wallpaper.fall.FallWallpaper: 8:42816) (com.android.systemui/com.android.systemui.recent.RecentsActivity: 0:78)* (com.android.launcher/com.android.launcher2.Launcher: 28:77) 
I/SFPerfTracer(  274):      triggers: (rate: 733:303253) (216975 sw vsyncs) (695922 skipped) (137:2024733 vsyncs) (139:2553684)
I/SFPerfTracer(  274):      triggers: (rate: 852:34578) (compose: 0:138) (post: 0:13) (render: 49:8675) (0:476207 frames) (1:2243400)
D/SFPerfTracer(  274):        layers: (3:9) (DimLayer: 0:158)* (DimLayer: 0:44)* (FocusedStackFrame: 0:11320)* (StatusBar: 0:148925) (NavigationBar: 0:106592) (DimLayer: 0:7518)* (DimLayer: 0:1869)* (com.android.wallpaper.fall.FallWallpaper: 0:42817)* (com.android.launcher/com.android.launcher2.Launcher: 1:177) 
I/ActivityManager( 1025): START u0 {act=android.intent.action.MAIN cat=[android.intent.category.LAUNCHER] flg=0x10200000 cmp=com.phonegap.example/.PhoneGapDeviceCompatibilityTester} from pid 12744
W/ContextImpl( 1295): Calling a method in the system process without a qualified user: android.app.ContextImpl.sendBroadcast:1252 android.content.ContextWrapper.sendBroadcast:365 com.motorola.motocare.util.TriggerHelper$TriggerBuilder.send:76 com.motorola.motocare.internal.frameworkevents.PauseResumeTrigger.handleFrameworkEvent:53 com.motorola.motocare.internal.frameworkevents.FwEventMonitor$FrameworkListener.processFrameworkEvent:114 
I/ActivityManager( 1025): Start proc com.phonegap.example for activity com.phonegap.example/.PhoneGapDeviceCompatibilityTester: pid=2807 uid=10153 gids={50153, 3003, 1028, 1015}
W/ContextImpl( 1295): Calling a method in the system process without a qualified user: android.app.ContextImpl.sendBroadcast:1252 android.content.ContextWrapper.sendBroadcast:365 com.motorola.motocare.util.TriggerHelper$TriggerBuilder.send:76 com.motorola.motocare.internal.frameworkevents.PauseResumeTrigger.handleFrameworkEvent:53 com.motorola.motocare.internal.frameworkevents.FwEventMonitor$FrameworkListener.processFrameworkEvent:114 
I/LaunchCheckinHandler( 1025): Displayed com.phonegap.example/.PhoneGapDeviceCompatibilityTester,cp,ca,303
I/SFPerfTracer(  274):      triggers: (rate: 733:303253) (216975 sw vsyncs) (695937 skipped) (111:2024858 vsyncs) (113:2553813)
D/MobileDataStateTracker( 1025): default: setPolicyDataEnable(enabled=true)
W/InputMethodManagerService( 1025): Window already focused, ignoring focus gain of: com.android.internal.view.IInputMethodClient$Stub$Proxy@42d41c00 attribute=null, token = android.os.BinderProxy@42b36d10
I/SFPerfTracer(  274):      triggers: (rate: 852:34578) (compose: 0:138) (post: 0:13) (render: 49:8675) (22:476263 frames) (23:2243506)
D/SFPerfTracer(  274):        layers: (5:12) (DimLayer: 0:158)* (DimLayer: 0:44)* (FocusedStackFrame: 0:11325)* (StatusBar: 0:148927) (NavigationBar: 0:106612) (DimLayer: 0:7532) (DimLayer: 0:1869)* (com.android.wallpaper.fall.FallWallpaper: 0:42824)* (com.android.launcher/com.android.launcher2.Launcher: 0:199)* (Starting com.phonegap.example: 0:29)* (com.phonegap.example/com.phonegap.example.PhoneGapDeviceCompatibilityTester: 16:26) (com.phonegap.example/com.phonegap.example.PhoneGapDeviceCompatibilityTester: 17:35) 
I/SFPerfTracer(  274):      triggers: (rate: 733:303253) (216975 sw vsyncs) (695937 skipped) (22:2024942 vsyncs) (24:2553919)
W/InputMethodManagerService( 1025): Window already focused, ignoring focus gain of: com.android.internal.view.IInputMethodClient$Stub$Proxy@42aad830 attribute=null, token = android.os.BinderProxy@42b36d10
W/InputMethodManagerService( 1025): Window already focused, ignoring focus gain of: com.android.internal.view.IInputMethodClient$Stub$Proxy@428cf5a8 attribute=null, token = android.os.BinderProxy@42b36d10
I/ActivityManager( 1025): Process com.devexpert.weather (pid 2778) has died.
V/AlarmManager( 1025): sending alarm Alarm{43b0e930 type 3 android}
I/SFPerfTracer(  274):      triggers: (rate: 852:34579) (compose: 0:139) (post: 0:13) (render: 49:8675) (13:476330 frames) (14:2243606)
D/SFPerfTracer(  274):        layers: (5:13) (DimLayer: 0:158)* (DimLayer: 0:44)* (FocusedStackFrame: 0:11333)* (StatusBar: 1:148932) (NavigationBar: 0:106612) (DimLayer: 14:7599) (DimLayer: 0:1869)* (com.android.wallpaper.fall.FallWallpaper: 0:42824)* (com.phonegap.example/com.phonegap.example.PhoneGapDeviceCompatibilityTester: 0:32) (com.phonegap.example/com.phonegap.example.PhoneGapDeviceCompatibilityTester: 0:47)* (com.phonegap.example/com.phonegap.example.PhoneGapDeviceCompatibilityTester: 0:50)* (com.phonegap.example/com.phonegap.example.PhoneGapDeviceCompatibilityTester: 0:30)* (com.phonegap.example/com.phonegap.example.PhoneGapDeviceCompatibilityTester: 13:17) 
I/SFPerfTracer(  274):      triggers: (rate: 733:303253) (216975 sw vsyncs) (695937 skipped) (16:2025030 vsyncs) (18:2554028)
W/InputMethodManagerService( 1025): Window already focused, ignoring focus gain of: com.android.internal.view.IInputMethodClient$Stub$Proxy@4202f1f8 attribute=null, token = android.os.BinderProxy@42b36d10
W/InputMethodManagerService( 1025): Window already focused, ignoring focus gain of: com.android.internal.view.IInputMethodClient$Stub$Proxy@42001450 attribute=null, token = android.os.BinderProxy@42b36d10
W/InputMethodManagerService( 1025): Window already focused, ignoring focus gain of: com.android.internal.view.IInputMethodClient$Stub$Proxy@4222c130 attribute=null, token = android.os.BinderProxy@42b36d10
W/InputMethodManagerService( 1025): Window already focused, ignoring focus gain of: com.android.internal.view.IInputMethodClient$Stub$Proxy@424091d0 attribute=null, token = android.os.BinderProxy@42b36d10
I/SFPerfTracer(  274):      triggers: (rate: 852:34580) (compose: 0:139) (post: 0:13) (render: 49:8675) (3:476397 frames) (4:2243707)
D/SFPerfTracer(  274):        layers: (4:13) (DimLayer: 0:158)* (DimLayer: 0:44)* (FocusedStackFrame: 0:11343)* (StatusBar: 0:148933) (NavigationBar: 0:106612) (DimLayer: 4:7672) (DimLayer: 0:1869)* (com.android.wallpaper.fall.FallWallpaper: 0:42824)* (com.phonegap.example/com.phonegap.example.PhoneGapDeviceCompatibilityTester: 0:32) (com.phonegap.example/com.phonegap.example.PhoneGapDeviceCompatibilityTester: 0:47)* (com.phonegap.example/com.phonegap.example.PhoneGapDeviceCompatibilityTester: 0:32)* (com.phonegap.example/com.phonegap.example.PhoneGapDeviceCompatibilityTester: 0:32)* (com.phonegap.example/com.phonegap.example.PhoneGapDeviceCompatibilityTester: 4:30)* 
I/SFPerfTracer(  274):      triggers: (rate: 733:303253) (216975 sw vsyncs) (695937 skipped) (46:2025123 vsyncs) (48:2554130)
V/DeadZone( 1119): consuming errant click: (154.78502,45.039795)
I/SFPerfTracer(  274):      triggers: (rate: 852:34580) (compose: 0:139) (post: 0:13) (render: 49:8675) (0:476398 frames) (1:2243807)
D/SFPerfTracer(  274):        layers: (3:10) (DimLayer: 0:158)* (DimLayer: 0:44)* (FocusedStackFrame: 0:11343)* (StatusBar: 0:148934) (NavigationBar: 1:106680) (DimLayer: 0:7673)* (DimLayer: 0:1869)* (com.android.wallpaper.fall.FallWallpaper: 0:42824)* (com.phonegap.example/com.phonegap.example.PhoneGapDeviceCompatibilityTester: 0:60) (com.phonegap.example/com.phonegap.example.PhoneGapDeviceCompatibilityTester: 0:32)* 
I/SFPerfTracer(  274):      triggers: (rate: 733:303253) (216975 sw vsyncs) (695937 skipped) (113:2025282 vsyncs) (115:2554308)
I/ActivityManager( 1025): Start proc com.facebook.katana for service com.facebook.katana/com.facebook.push.mqtt.service.MqttPushService: pid=2981 uid=10110 gids={50110, 1028, 1015, 3003}
D/WifiService( 1025): New client listening to asynchronous messages
I/ActivityManager( 1025): Process com.facebook.orca (pid 2059) has died.
W/ActivityManager( 1025): Scheduling restart of crashed service com.facebook.orca/com.facebook.push.mqtt.service.MqttPushService in 1000ms
I/SFPerfTracer(  274):      triggers: (rate: 733:303253) (216975 sw vsyncs) (695937 skipped) (18:2025375 vsyncs) (20:2554411)
I/ActivityManager( 1025): Start proc com.facebook.orca for service com.facebook.orca/com.facebook.push.mqtt.service.MqttPushService: pid=3029 uid=10147 gids={50147, 3003, 1028, 1015}
I/SFPerfTracer(  274):      triggers: (rate: 852:34580) (compose: 0:139) (post: 0:13) (render: 49:8675) (0:476398 frames) (1:2243907)
D/SFPerfTracer(  274):        layers: (3:9) (DimLayer: 0:158)* (DimLayer: 0:44)* (FocusedStackFrame: 0:11343)* (StatusBar: 0:148938) (NavigationBar: 1:106776) (DimLayer: 0:7673)* (DimLayer: 0:1869)* (com.android.wallpaper.fall.FallWallpaper: 0:42824)* (com.phonegap.example/com.phonegap.example.PhoneGapDeviceCompatibilityTester: 0:60) 
I/SFPerfTracer(  274):      triggers: (rate: 733:303253) (216975 sw vsyncs) (695937 skipped) (40:2025484 vsyncs) (42:2554526)
I/ActivityManager( 1025): Process uk.co.economist (pid 1766) has died.
W/ActivityManager( 1025): Service ServiceRecord{43e46fd0 u0 uk.co.economist/.service.APIService} in process ProcessRecord{43b3f0e8 1766:uk.co.economist/u0a130} not same as in map: null
W/ActivityManager( 1025): Scheduling restart of crashed service uk.co.economist/.service.EditionDownloadManager in 1000ms
I/ActivityManager( 1025): Process com.android.vending (pid 2551) has died.
W/ActivityManager( 1025): Scheduling restart of crashed service com.android.vending/com.google.android.finsky.billing.iab.InAppBillingService in 10671ms
W/BroadcastQueue( 1025): Permission Denial: broadcasting Intent { act=android.net.conn.INET_CONDITION_ACTION flg=0x4000010 (has extras) } from null (pid=-1, uid=-1) requires com.facebook.permission.prod.FB_APP_COMMUNICATION due to registered receiver BroadcastFilter{437389d8 u0 ReceiverList{43751a30 2981 com.facebook.katana/10110/u0 remote:41fe11b0}}
W/BroadcastQueue( 1025): Permission Denial: broadcasting Intent { act=android.net.conn.CONNECTIVITY_CHANGE flg=0x4000010 (has extras) } from null (pid=-1, uid=-1) requires com.facebook.permission.prod.FB_APP_COMMUNICATION due to registered receiver BroadcastFilter{437389d8 u0 ReceiverList{43751a30 2981 com.facebook.katana/10110/u0 remote:41fe11b0}}
W/BroadcastQueue( 1025): Permission Denial: broadcasting Intent { act=android.net.conn.CONNECTIVITY_CHANGE flg=0x4000010 (has extras) } from null (pid=-1, uid=-1) requires com.facebook.permission.prod.FB_APP_COMMUNICATION due to registered receiver BroadcastFilter{42334a40 u0 ReceiverList{42402b48 2981 com.facebook.katana/10110/u0 remote:425b7830}}
I/ActivityManager( 1025): Start proc uk.co.economist for service uk.co.economist/.service.EditionDownloadManager: pid=3090 uid=10130 gids={50130, 3003, 1028, 1015}
V/AlarmManager( 1025): sending alarm Alarm{433c4ca8 type 2 com.whatsapp}
V/AlarmManager( 1025): sending alarm Alarm{433a2bb8 type 2 com.facebook.katana}
V/AlarmManager( 1025): sending alarm Alarm{433a2c08 type 2 com.facebook.orca}
V/AlarmManager( 1025): sending alarm Alarm{43392390 type 2 com.whatsapp}
V/AlarmManager( 1025): sending alarm Alarm{433923e0 type 1 com.google.android.inputmethod.latin}
I/ActivityManager( 1025): Start proc com.google.android.inputmethod.latin for broadcast com.google.android.inputmethod.latin/com.android.inputmethod.latin.personalization.DictionaryDecayBroadcastReciever: pid=3139 uid=10074 gids={50074, 3003, 1028, 1015}
I/ActivityManager( 1025): Process com.google.android.inputmethod.latin (pid 3139) has died.
W/BroadcastQueue( 1025): Permission Denial: broadcasting Intent { act=android.net.conn.INET_CONDITION_ACTION flg=0x4000010 (has extras) } from null (pid=-1, uid=-1) requires com.facebook.permission.prod.FB_APP_COMMUNICATION due to registered receiver BroadcastFilter{42c6c0e8 u0 ReceiverList{430d78d8 3029 com.facebook.orca/10147/u0 remote:420a59b0}}
W/BroadcastQueue( 1025): Permission Denial: broadcasting Intent { act=android.net.conn.CONNECTIVITY_CHANGE flg=0x4000010 (has extras) } from null (pid=-1, uid=-1) requires com.facebook.permission.prod.FB_APP_COMMUNICATION due to registered receiver BroadcastFilter{42c6c0e8 u0 ReceiverList{430d78d8 3029 com.facebook.orca/10147/u0 remote:420a59b0}}
W/BroadcastQueue( 1025): Permission Denial: broadcasting Intent { act=android.net.conn.CONNECTIVITY_CHANGE flg=0x4000010 (has extras) } from null (pid=-1, uid=-1) requires com.facebook.permission.prod.FB_APP_COMMUNICATION due to registered receiver BroadcastFilter{42aaaf30 u0 ReceiverList{42d00a28 3029 com.facebook.orca/10147/u0 remote:42266180}}
I/ActivityManager( 1025): Process com.facebook.orca (pid 3029) has died.
W/ActivityManager( 1025): Scheduling restart of crashed service com.facebook.orca/com.facebook.push.mqtt.service.MqttPushService in 16293ms
I/ActivityManager( 1025): Process uk.co.economist (pid 3090) has died.
W/ActivityManager( 1025): Scheduling restart of crashed service uk.co.economist/.service.EditionDownloadManager in 25382ms
W/ActivityManager( 1025): Service ServiceRecord{42be6d98 u0 uk.co.economist/.service.APIService} in process ProcessRecord{43e16518 3090:uk.co.economist/u0a130} not same as in map: null
W/ContextImpl( 1295): Calling a method in the system process without a qualified user: android.app.ContextImpl.sendBroadcast:1252 android.content.ContextWrapper.sendBroadcast:365 com.motorola.motocare.util.TriggerHelper$TriggerBuilder.send:76 com.motorola.motocare.internal.frameworkevents.ProcessKillTrigger.sendTrigger:147 com.motorola.motocare.internal.frameworkevents.ProcessKillTrigger.handleLmkKill:337 
W/ContextImpl( 1295): Calling a method in the system process without a qualified user: android.app.ContextImpl.sendBroadcast:1252 android.content.ContextWrapper.sendBroadcast:365 com.motorola.motocare.util.TriggerHelper$TriggerBuilder.send:76 com.motorola.motocare.internal.frameworkevents.ProcessKillTrigger.sendTrigger:147 com.motorola.motocare.internal.frameworkevents.ProcessKillTrigger.handleLmkKill:337 
W/ContextImpl( 1295): Calling a method in the system process without a qualified user: android.app.ContextImpl.sendBroadcast:1252 android.content.ContextWrapper.sendBroadcast:365 com.motorola.motocare.util.TriggerHelper$TriggerBuilder.send:76 com.motorola.motocare.internal.frameworkevents.ProcessKillTrigger.sendTrigger:147 com.motorola.motocare.internal.frameworkevents.ProcessKillTrigger.handleLmkKill:337 
W/ContextImpl( 1295): Calling a method in the system process without a qualified user: android.app.ContextImpl.sendBroadcast:1252 android.content.ContextWrapper.sendBroadcast:365 com.motorola.motocare.util.TriggerHelper$TriggerBuilder.send:76 com.motorola.motocare.internal.frameworkevents.ProcessKillTrigger.sendTrigger:147 com.motorola.motocare.internal.frameworkevents.ProcessKillTrigger.handleLmkKill:337 
W/ContextImpl( 1295): Calling a method in the system process without a qualified user: android.app.ContextImpl.sendBroadcast:1252 android.content.ContextWrapper.sendBroadcast:365 com.motorola.motocare.util.TriggerHelper$TriggerBuilder.send:76 com.motorola.motocare.internal.frameworkevents.ProcessKillTrigger.sendTrigger:147 com.motorola.motocare.internal.frameworkevents.ProcessKillTrigger.handleLmkKill:337 
W/ContextImpl( 1295): Calling a method in the system process without a qualified user: android.app.ContextImpl.sendBroadcast:1252 android.content.ContextWrapper.sendBroadcast:365 com.motorola.motocare.util.TriggerHelper$TriggerBuilder.send:76 com.motorola.motocare.internal.frameworkevents.ProcessKillTrigger.sendTrigger:147 com.motorola.motocare.internal.frameworkevents.ProcessKillTrigger.handleLmkKill:337 
W/ContextImpl( 1295): Calling a method in the system process without a qualified user: android.app.ContextImpl.sendBroadcast:1252 android.content.ContextWrapper.sendBroadcast:365 com.motorola.motocare.util.TriggerHelper$TriggerBuilder.send:76 com.motorola.motocare.internal.frameworkevents.ProcessKillTrigger.sendTrigger:147 com.motorola.motocare.internal.frameworkevents.ProcessKillTrigger.handleLmkKill:337 
W/ContextImpl( 1295): Calling a method in the system process without a qualified user: android.app.ContextImpl.sendBroadcast:1252 android.content.ContextWrapper.sendBroadcast:365 com.motorola.motocare.util.TriggerHelper$TriggerBuilder.send:76 com.motorola.motocare.internal.frameworkevents.ProcessKillTrigger.sendTrigger:147 com.motorola.motocare.internal.frameworkevents.ProcessKillTrigger.handleLmkKill:337 
W/ContextImpl( 1295): Calling a method in the system process without a qualified user: android.app.ContextImpl.sendBroadcast:1252 android.content.ContextWrapper.sendBroadcast:365 com.motorola.motocare.util.TriggerHelper$TriggerBuilder.send:76 com.motorola.motocare.internal.frameworkevents.ProcessKillTrigger.sendTrigger:147 com.motorola.motocare.internal.frameworkevents.ProcessKillTrigger.handleLmkKill:337 
W/ContextImpl( 1295): Calling a method in the system process without a qualified user: android.app.ContextImpl.sendBroadcast:1252 android.content.ContextWrapper.sendBroadcast:365 com.motorola.motocare.util.TriggerHelper$TriggerBuilder.send:76 com.motorola.motocare.internal.frameworkevents.ProcessKillTrigger.sendTrigger:147 com.motorola.motocare.internal.frameworkevents.ProcessKillTrigger.handleLmkKill:337 
W/ContextImpl( 1295): Calling a method in the system process without a qualified user: android.app.ContextImpl.sendBroadcast:1252 android.content.ContextWrapper.sendBroadcast:365 com.motorola.motocare.util.TriggerHelper$TriggerBuilder.send:76 com.motorola.motocare.internal.frameworkevents.ProcessKillTrigger.sendTrigger:147 com.motorola.motocare.internal.frameworkevents.ProcessKillTrigger.handleLmkKill:337 
I/ActivityManager( 1025): Start proc com.android.vending for service com.android.vending/com.google.android.finsky.billing.iab.InAppBillingService: pid=3230 uid=10039 gids={50039, 3003, 1028, 1015}
I/SFPerfTracer(  274):      triggers: (rate: 733:303253) (216975 sw vsyncs) (695937 skipped) (17:2025591 vsyncs) (19:2554644)
