D/WifiStateMachine( 1025): handleMessage: X
I/ConfigFetchService(12704): fetch service done; releasing wakelock
I/ConfigFetchService(12704): stopping self
D/WifiStateMachine( 1025): handleMessage: E msg.what=151572
D/WifiStateMachine( 1025): processMsg: ConnectedState
D/WifiStateMachine( 1025): processMsg: L2ConnectedState
D/WifiStateMachine( 1025): handleMessage: X
D/WifiStateMachine( 1025): handleMessage: E msg.what=151572
D/WifiStateMachine( 1025): processMsg: ConnectedState
D/WifiStateMachine( 1025): processMsg: L2ConnectedState
D/WifiStateMachine( 1025): handleMessage: X
D/WifiStateMachine( 1025): handleMessage: E msg.what=131155
D/WifiStateMachine( 1025): processMsg: ConnectedState
D/WifiStateMachine( 1025): processMsg: L2ConnectedState
D/WifiStateMachine( 1025): handleMessage: X
D/dalvikvm( 1119): GC_FOR_ALLOC freed 883K, 28% free 14551K/20188K, paused 23ms, total 23ms
I/ActivityManager( 1025): START u0 {act=com.android.systemui.recent.action.TOGGLE_RECENTS flg=0x10800000 cmp=com.android.systemui/.recent.RecentsActivity (has extras)} from pid 1119
D/CordovaActivity(14253): Paused the application!
D/CordovaWebView(14253): Handle the pause
W/ContextImpl( 1295): Calling a method in the system process without a qualified user: android.app.ContextImpl.sendBroadcast:1252 android.content.ContextWrapper.sendBroadcast:365 com.motorola.motocare.util.TriggerHelper$TriggerBuilder.send:76 com.motorola.motocare.internal.frameworkevents.PauseResumeTrigger.handleFrameworkEvent:53 com.motorola.motocare.internal.frameworkevents.FwEventMonitor$FrameworkListener.processFrameworkEvent:114 
W/ContextImpl( 1295): Calling a method in the system process without a qualified user: android.app.ContextImpl.sendBroadcast:1252 android.content.ContextWrapper.sendBroadcast:365 com.motorola.motocare.util.TriggerHelper$TriggerBuilder.send:76 com.motorola.motocare.internal.frameworkevents.PauseResumeTrigger.handleFrameworkEvent:53 com.motorola.motocare.internal.frameworkevents.FwEventMonitor$FrameworkListener.processFrameworkEvent:114 
I/LaunchCheckinHandler( 1025): Displayed com.android.systemui/.recent.RecentsActivity,wp,wa,126
W/IInputConnectionWrapper(14253): showStatusIcon on inactive InputConnection
W/ManagedEGLContext(14253): doTerminate failed: EGL count is 2 but managed count is 1
D/WifiStateMachine( 1025): handleMessage: E msg.what=151572
D/WifiStateMachine( 1025): processMsg: ConnectedState
D/WifiStateMachine( 1025): processMsg: L2ConnectedState
D/WifiStateMachine( 1025): handleMessage: X
D/CordovaActivity(14253): CordovaActivity.onDestroy()
D/CordovaWebView(14253): >>> loadUrlNow()
I/ActivityManager( 1025): Killing 14253:co.giftmeapp.gift_me/u0a104 (adj 9): remove task
W/ContextImpl( 1295): Calling a method in the system process without a qualified user: android.app.ContextImpl.sendBroadcast:1252 android.content.ContextWrapper.sendBroadcast:365 com.motorola.motocare.util.TriggerHelper$TriggerBuilder.send:76 com.motorola.motocare.internal.frameworkevents.ProcessKillTrigger.sendTrigger:147 com.motorola.motocare.internal.frameworkevents.ProcessKillTrigger.handleFrameworkEvent:164 
I/ActivityManager( 1025): Process com.google.android.apps.cloudprint (pid 14692) has died.
I/SFPerfTracer(  274):      triggers: (rate: 633:266611) (189004 sw vsyncs) (606309 skipped) (56:1740687 vsyncs) (58:2207610)
I/WindowState( 1025): WIN DEATH: Window{4205c928 u0 co.giftmeapp.gift_me/co.giftmeapp.gift_me.GiftMe}
D/dalvikvm(27213): GC_CONCURRENT freed 2092K, 47% free 10725K/20100K, paused 4ms+2ms, total 47ms
I/SFPerfTracer(  274):      triggers: (rate: 753:30148) (compose: 0:117) (post: 0:11) (render: 38:8339) (0:408933 frames) (1:1999307)
D/SFPerfTracer(  274):        layers: (3:11) (DimLayer: 0:129)* (DimLayer: 0:32)* (FocusedStackFrame: 0:9769)* (StatusBar: 0:126931) (NavigationBar: 0:90430) (DimLayer: 0:5793)* (DimLayer: 0:1503)* (com.android.wallpaper.fall.FallWallpaper: 0:12666)* (co.giftmeapp.gift_me/co.giftmeapp.gift_me.GiftMe: 0:69)* (com.android.systemui/com.android.systemui.recent.RecentsActivity: 1:52) (thumbnail anim: 0:17)* 
I/ActivityManager( 1025): START u0 {act=android.intent.action.MAIN cat=[android.intent.category.LAUNCHER] flg=0x10304000 cmp=com.android.deskclock/.DeskClock} from pid 1119
W/ContextImpl( 1295): Calling a method in the system process without a qualified user: android.app.ContextImpl.sendBroadcast:1252 android.content.ContextWrapper.sendBroadcast:365 com.motorola.motocare.util.TriggerHelper$TriggerBuilder.send:76 com.motorola.motocare.internal.frameworkevents.PauseResumeTrigger.handleFrameworkEvent:53 com.motorola.motocare.internal.frameworkevents.FwEventMonitor$FrameworkListener.processFrameworkEvent:114 
I/ActivityManager( 1025): Start proc com.android.deskclock for activity com.android.deskclock/.DeskClock: pid=14840 uid=10015 gids={50015, 1028}
W/ContextImpl( 1295): Calling a method in the system process without a qualified user: android.app.ContextImpl.sendBroadcast:1252 android.content.ContextWrapper.sendBroadcast:365 com.motorola.motocare.util.TriggerHelper$TriggerBuilder.send:76 com.motorola.motocare.internal.frameworkevents.PauseResumeTrigger.handleFrameworkEvent:53 com.motorola.motocare.internal.frameworkevents.FwEventMonitor$FrameworkListener.processFrameworkEvent:114 
I/AlarmClock(14840): Displaying next alarm time: 'Wed 07:30'
D/WifiStateMachine( 1025): handleMessage: E msg.what=151572
D/WifiStateMachine( 1025): processMsg: ConnectedState
D/WifiStateMachine( 1025): processMsg: L2ConnectedState
D/WifiStateMachine( 1025): handleMessage: X
D/dalvikvm( 1025): GC_EXPLICIT freed 2992K, 39% free 28620K/46588K, paused 7ms+15ms, total 183ms
I/Adreno-EGL(14840): <qeglDrvAPI_eglInitialize:410>: EGL 1.4 QUALCOMM build: AU_LINUX_ANDROID_LNX.LA.3.5.1_RB1.04.04.02.048.018_msm8226_LNX.LA.3.5.1_RB1__release_AU ()
I/Adreno-EGL(14840): OpenGL ES Shader Compiler Version: E031.24.00.08
I/Adreno-EGL(14840): Build Date: 03/07/14 Fri
I/Adreno-EGL(14840): Local Branch: 
I/Adreno-EGL(14840): Remote Branch: quic/LNX.LA.3.5.1_RB1.1
I/Adreno-EGL(14840): Local Patches: NONE
I/Adreno-EGL(14840): Reconstruct Branch: AU_LINUX_ANDROID_LNX.LA.3.5.1_RB1.04.04.02.048.018 + f2fd134 +  NOTHING
D/OpenGLRenderer(14840): Enabling debug mode 0
V/TimerReceiver(14840): Received intent Intent { act=notif_in_use_cancel flg=0x10 cmp=com.android.deskclock/.timer.TimerReceiver }
I/LaunchCheckinHandler( 1025): Displayed com.android.deskclock/.DeskClock,cp,ca,866
I/ActivityManager( 1025): Displayed com.android.deskclock/.DeskClock: +866ms
D/dalvikvm( 1119): GC_FOR_ALLOC freed 581K, 26% free 14957K/20188K, paused 26ms, total 26ms
I/ActivityManager( 1025): START u0 {act=android.intent.action.MAIN cat=[android.intent.category.HOME] flg=0x10200000 cmp=com.android.launcher/com.android.launcher2.Launcher} from pid 1025
W/ContextImpl( 1295): Calling a method in the system process without a qualified user: android.app.ContextImpl.sendBroadcast:1252 android.content.ContextWrapper.sendBroadcast:365 com.motorola.motocare.util.TriggerHelper$TriggerBuilder.send:76 com.motorola.motocare.internal.frameworkevents.PauseResumeTrigger.handleFrameworkEvent:53 com.motorola.motocare.internal.frameworkevents.FwEventMonitor$FrameworkListener.processFrameworkEvent:114 
W/ContextImpl( 1295): Calling a method in the system process without a qualified user: android.app.ContextImpl.sendBroadcast:1252 android.content.ContextWrapper.sendBroadcast:365 com.motorola.motocare.util.TriggerHelper$TriggerBuilder.send:76 com.motorola.motocare.internal.frameworkevents.PauseResumeTrigger.handleFrameworkEvent:53 com.motorola.motocare.internal.frameworkevents.FwEventMonitor$FrameworkListener.processFrameworkEvent:114 
V/TimerReceiver(14840): Received intent Intent { act=notif_in_use_show flg=0x10 cmp=com.android.deskclock/.timer.TimerReceiver }
E/AppsCustomizePagedView( 6493): Widget ComponentInfo{com.devexpert.weather/com.devexpert.weather.view.WidgetWeather5x1Cur} can not fit on this device (736, 80)
E/AppsCustomizePagedView( 6493): Widget ComponentInfo{com.devexpert.weather/com.devexpert.weather.view.WidgetWeather5x1} can not fit on this device (736, 80)
E/AppsCustomizePagedView( 6493): Widget ComponentInfo{com.devexpert.weather/com.devexpert.weather.view.WidgetWeather5x2LC} can not fit on this device (736, 220)
E/AppsCustomizePagedView( 6493): Widget ComponentInfo{com.devexpert.weather/com.devexpert.weather.view.WidgetWeather5x2} can not fit on this device (736, 220)
E/AppsCustomizePagedView( 6493): Widget ComponentInfo{com.devexpert.weather/com.devexpert.weather.view.WidgetWeather5x3} can not fit on this device (736, 330)
I/Adreno-EGL( 6493): <qeglDrvAPI_eglInitialize:410>: EGL 1.4 QUALCOMM build: AU_LINUX_ANDROID_LNX.LA.3.5.1_RB1.04.04.02.048.018_msm8226_LNX.LA.3.5.1_RB1__release_AU ()
I/Adreno-EGL( 6493): OpenGL ES Shader Compiler Version: E031.24.00.08
I/Adreno-EGL( 6493): Build Date: 03/07/14 Fri
I/Adreno-EGL( 6493): Local Branch: 
I/Adreno-EGL( 6493): Remote Branch: quic/LNX.LA.3.5.1_RB1.1
I/Adreno-EGL( 6493): Local Patches: NONE
I/Adreno-EGL( 6493): Reconstruct Branch: AU_LINUX_ANDROID_LNX.LA.3.5.1_RB1.04.04.02.048.018 + f2fd134 +  NOTHING
D/WifiStateMachine( 1025): handleMessage: E msg.what=151572
D/WifiStateMachine( 1025): processMsg: ConnectedState
D/WifiStateMachine( 1025): processMsg: L2ConnectedState
D/WifiStateMachine( 1025): handleMessage: X
I/SBar.NetworkController( 1119): refreshSignalCluster: mobile: Signal=zz_moto_stat_sys_signal_3_fully_wide Roaming=(none) mSimIconId=(none) Accessibility="Phone three bars.","Not roaming.",""
V/RenderScript( 6493): 0x615c61b8 Launching thread(s), CPUs 4
D/WifiStateMachine( 1025): handleMessage: E msg.what=131155
D/WifiStateMachine( 1025): processMsg: ConnectedState
D/WifiStateMachine( 1025): processMsg: L2ConnectedState
D/WifiStateMachine( 1025): handleMessage: X
I/ConfigService( 5859): onDestroy
I/LaunchCheckinHandler( 1025): Displayed com.android.launcher/com.android.launcher2.Launcher,wp,wa,503
W/ProcessCpuTracker( 1025): Skipping unknown process pid 14872
W/ProcessCpuTracker( 1025): Skipping unknown process pid 14873
W/ProcessCpuTracker( 1025): Skipping unknown process pid 14875
W/ProcessCpuTracker( 1025): Skipping unknown process pid 14877
D/Ulp_jni ( 1025): Location CB invoked
I/SFPerfTracer(  274):      triggers: (rate: 753:30148) (compose: 0:117) (post: 0:11) (render: 38:8339) (0:408988 frames) (1:1999407)
D/SFPerfTracer(  274):        layers: (4:13) (DimLayer: 0:129)* (DimLayer: 0:32)* (FocusedStackFrame: 0:9773)* (StatusBar: 0:126952) (NavigationBar: 0:90481) (DimLayer: 0:5793)* (DimLayer: 0:1503)* (com.android.wallpaper.fall.FallWallpaper: 0:12677) (com.android.systemui/com.android.systemui.recent.RecentsActivity: 0:55)* (Starting com.android.deskclock: 0:32)* (thumbnail anim: 0:18)* (com.android.deskclock/com.android.deskclock.DeskClock: 0:31)* (com.android.launcher/com.android.launcher2.Launcher: 1:22) 
V/AlarmManager( 1025): sending alarm Alarm{4341a5a0 type 2 com.facebook.katana}
V/AlarmManager( 1025): sending alarm Alarm{433db090 type 2 com.google.android.talk}
V/AlarmManager( 1025): sending alarm Alarm{433b3010 type 2 com.google.android.talk}
V/AlarmManager( 1025): sending alarm Alarm{433ae050 type 2 com.whatsapp}
V/AlarmManager( 1025): sending alarm Alarm{433ab000 type 0 com.android.vending}
I/ActivityManager( 1025): Start proc com.android.vending for service com.android.vending/com.google.android.finsky.services.ContentSyncService: pid=14895 uid=10039 gids={50039, 3003, 1028, 1015}
D/WifiStateMachine( 1025): handleMessage: E msg.what=151572
D/WifiStateMachine( 1025): processMsg: ConnectedState
D/WifiStateMachine( 1025): processMsg: L2ConnectedState
D/WifiStateMachine( 1025): handleMessage: X
D/Finsky  (14895): [1] FinskyApp.onCreate: Initializing network with DFE https://android.clients.google.com/fdfe/
D/Finsky  (14895): [1] DailyHygiene.goMakeHygieneIfDirty: No need to run daily hygiene.
W/Settings(14895): Setting download_manager_max_bytes_over_mobile has moved from android.provider.Settings.Secure to android.provider.Settings.Global.
W/Settings(14895): Setting download_manager_recommended_max_bytes_over_mobile has moved from android.provider.Settings.Secure to android.provider.Settings.Global.
I/dalvikvm(14895): Could not find method com.google.android.play.layout.PlayCardViewBase.setTransitionName, referenced from method com.google.android.finsky.utils.PlayCardUtils.bindCard
W/dalvikvm(14895): VFY: unable to resolve virtual method 42705: Lcom/google/android/play/layout/PlayCardViewBase;.setTransitionName (Ljava/lang/String;)V
D/dalvikvm(14895): VFY: replacing opcode 0x6e at 0x00d9
I/dalvikvm(14895): Could not find method com.google.android.play.layout.PlayCardViewBase.setTransitionGroup, referenced from method com.google.android.finsky.utils.PlayCardUtils.bindCard
W/dalvikvm(14895): VFY: unable to resolve virtual method 42704: Lcom/google/android/play/layout/PlayCardViewBase;.setTransitionGroup (Z)V
D/dalvikvm(14895): VFY: replacing opcode 0x6e at 0x0246
I/dalvikvm(14895): Could not find method android.view.View.getTransitionName, referenced from method com.google.android.finsky.navigationmanager.NavigationManager.showPage
W/dalvikvm(14895): VFY: unable to resolve virtual method 9352: Landroid/view/View;.getTransitionName ()Ljava/lang/String;
D/dalvikvm(14895): VFY: replacing opcode 0x6e at 0x001a
D/Finsky  (14895): [1] 2.run: Loaded library for account: [gKXbJhL8NA2nPUzZyFpjB6tKi7U]
D/Finsky  (14895): [1] 2.run: Finished loading 1 libraries.
D/Finsky  (14895): [1] GmsCoreHelper.cleanupNlp: result=false type=4
I/dalvikvm(14895): Total arena pages for JIT: 11
I/dalvikvm(14895): Total arena pages for JIT: 12
I/dalvikvm(14895): Total arena pages for JIT: 13
I/dalvikvm(14895): Total arena pages for JIT: 14
D/Finsky  (14895): [1] RestoreTracker.stopServiceIfDone: Restore complete with 0 success and 0 failed.
D/Finsky  (14895): [1] 5.onFinished: Installation state replication succeeded.
D/WifiStateMachine( 1025): handleMessage: E msg.what=151572
D/WifiStateMachine( 1025): processMsg: ConnectedState
D/WifiStateMachine( 1025): processMsg: L2ConnectedState
D/WifiStateMachine( 1025): handleMessage: X
D/dalvikvm( 6493): GC_FOR_ALLOC freed 1085K, 16% free 15368K/18156K, paused 31ms, total 33ms
D/WifiStateMachine( 1025): handleMessage: E msg.what=151572
D/WifiStateMachine( 1025): processMsg: ConnectedState
D/WifiStateMachine( 1025): processMsg: L2ConnectedState
D/WifiStateMachine( 1025): handleMessage: X
I/ActivityManager( 1025): START u0 {act=android.intent.action.MAIN cat=[android.intent.category.LAUNCHER] flg=0x10200000 pkg=co.giftmeapp.gift_me cmp=co.giftmeapp.gift_me/.GiftMe bnds=[520,385][680,585]} from pid 6493
W/ContextImpl( 1295): Calling a method in the system process without a qualified user: android.app.ContextImpl.sendBroadcast:1252 android.content.ContextWrapper.sendBroadcast:365 com.motorola.motocare.util.TriggerHelper$TriggerBuilder.send:76 com.motorola.motocare.internal.frameworkevents.PauseResumeTrigger.handleFrameworkEvent:53 com.motorola.motocare.internal.frameworkevents.FwEventMonitor$FrameworkListener.processFrameworkEvent:114 
D/WifiStateMachine( 1025): handleMessage: E msg.what=131155
D/WifiStateMachine( 1025): processMsg: ConnectedState
D/WifiStateMachine( 1025): processMsg: L2ConnectedState
I/ActivityManager( 1025): Start proc co.giftmeapp.gift_me for activity co.giftmeapp.gift_me/.GiftMe: pid=14950 uid=10104 gids={50104, 3003, 1028, 1015}
D/WifiStateMachine( 1025): handleMessage: X
I/dalvikvm(14950): Enabling JNI app bug workarounds for target SDK version 7...
W/ContextImpl( 1295): Calling a method in the system process without a qualified user: android.app.ContextImpl.sendBroadcast:1252 android.content.ContextWrapper.sendBroadcast:365 com.motorola.motocare.util.TriggerHelper$TriggerBuilder.send:76 com.motorola.motocare.internal.frameworkevents.PauseResumeTrigger.handleFrameworkEvent:53 com.motorola.motocare.internal.frameworkevents.FwEventMonitor$FrameworkListener.processFrameworkEvent:114 
I/ActivityManager( 1025): Process com.motorola.context (pid 14705) has died.
V/PhoneStatusBar( 1119): setLightsOn(true)
I/CordovaLog(14950): Changing log level to DEBUG(3)
D/CordovaActivity(14950): CordovaActivity.init()
I/dalvikvm(14950): Could not find method android.webkit.CookieManager.setAcceptThirdPartyCookies, referenced from method org.apache.cordova.CordovaWebView.initWebViewSettings
W/dalvikvm(14950): VFY: unable to resolve virtual method 6167: Landroid/webkit/CookieManager;.setAcceptThirdPartyCookies (Landroid/webkit/WebView;Z)V
D/dalvikvm(14950): VFY: replacing opcode 0x6e at 0x002a
V/WebViewChromiumFactoryProvider(14950): Binding Chromium to main looper Looper (main, tid 1) {41fa2b00}
I/LibraryLoader(14950): Expected native library version number "",actual native library version number ""
I/chromium(14950): [INFO:library_loader_hooks.cc(116)] Chromium logging enabled: level = 0, default verbosity = 0
I/BrowserStartupController(14950): Initializing chromium process, renderers=0
E/AudioManagerAndroid(14950): BLUETOOTH permission is missing!
I/Adreno-EGL(14950): <qeglDrvAPI_eglInitialize:410>: EGL 1.4 QUALCOMM build: AU_LINUX_ANDROID_LNX.LA.3.5.1_RB1.04.04.02.048.018_msm8226_LNX.LA.3.5.1_RB1__release_AU ()
I/Adreno-EGL(14950): OpenGL ES Shader Compiler Version: E031.24.00.08
I/Adreno-EGL(14950): Build Date: 03/07/14 Fri
I/Adreno-EGL(14950): Local Branch: 
I/Adreno-EGL(14950): Remote Branch: quic/LNX.LA.3.5.1_RB1.1
I/Adreno-EGL(14950): Local Patches: NONE
I/Adreno-EGL(14950): Reconstruct Branch: AU_LINUX_ANDROID_LNX.LA.3.5.1_RB1.04.04.02.048.018 + f2fd134 +  NOTHING
W/chromium(14950): [WARNING:proxy_service.cc(890)] PAC support disabled because there is no system implementation
D/CordovaActivity(14950): CordovaActivity.createViews()
W/dalvikvm(14950): VFY: unable to find class referenced in signature (Landroid/webkit/ClientCertRequest;)
W/dalvikvm(14950): VFY: unable to find class referenced in signature (Landroid/webkit/ClientCertRequest;)
I/dalvikvm(14950): Could not find method android.webkit.WebViewClient.onReceivedClientCertRequest, referenced from method org.apache.cordova.CordovaWebViewClient.onReceivedClientCertRequest
W/dalvikvm(14950): VFY: unable to resolve virtual method 6239: Landroid/webkit/WebViewClient;.onReceivedClientCertRequest (Landroid/webkit/WebView;Landroid/webkit/ClientCertRequest;)V
D/dalvikvm(14950): VFY: replacing opcode 0x6f at 0x001c
I/dalvikvm(14950): Could not find method android.webkit.WebChromeClient$FileChooserParams.createIntent, referenced from method org.apache.cordova.CordovaChromeClient.onShowFileChooser
W/dalvikvm(14950): VFY: unable to resolve virtual method 6186: Landroid/webkit/WebChromeClient$FileChooserParams;.createIntent ()Landroid/content/Intent;
D/dalvikvm(14950): VFY: replacing opcode 0x6e at 0x0000
D/PluginManager(14950): init()
D/CordovaWebView(14950): CordovaWebView is running on device made by: motorola
D/CordovaWebView(14950): >>> loadUrl(file:///android_asset/www/index.html)
D/CordovaWebView(14950): >>> loadUrlNow()
D/CordovaActivity(14950): Resuming the App
D/SoftKeyboardDetect(14950): Ignore this event
D/OpenGLRenderer(14950): Enabling debug mode 0
D/SoftKeyboardDetect(14950): Ignore this event
I/LaunchCheckinHandler( 1025): Displayed co.giftmeapp.gift_me/.GiftMe,cp,ca,409
I/ActivityManager( 1025): Displayed co.giftmeapp.gift_me/.GiftMe: +409ms
E/rsC++   ( 6493): RS Message thread exiting.
I/ActivityManager( 1025): Process com.google.android.googlequicksearchbox:search (pid 14718) has died.
D/CordovaWebViewClient(14950): onPageStarted(file:///android_asset/www/index.html)
D/CordovaActivity(14950): onMessage(onPageStarted,file:///android_asset/www/index.html)
I/chromium(14950): [INFO:simple_index_file.cc(437)] Simple Cache Index is being restored from disk.
I/SFPerfTracer(  274):      triggers: (rate: 753:30148) (compose: 0:117) (post: 0:11) (render: 38:8339) (0:409014 frames) (1:1999507)
D/SFPerfTracer(  274):        layers: (3:11) (DimLayer: 0:129)* (DimLayer: 0:32)* (FocusedStackFrame: 0:9776)* (StatusBar: 0:126974) (NavigationBar: 1:90517) (DimLayer: 0:5793)* (DimLayer: 0:1503)* (com.android.wallpaper.fall.FallWallpaper: 0:12718)* (com.android.launcher/com.android.launcher2.Launcher: 0:53)* (Starting co.giftmeapp.gift_me: 0:32)* (co.giftmeapp.gift_me/co.giftmeapp.gift_me.GiftMe: 0:7) 
D/JsMessageQueue(14950): Set native->JS mode to OnlineEventsBridgeMode
D/WifiStateMachine( 1025): handleMessage: E msg.what=151572
D/WifiStateMachine( 1025): processMsg: ConnectedState
D/WifiStateMachine( 1025): processMsg: L2ConnectedState
D/WifiStateMachine( 1025): handleMessage: X
I/SBar.NetworkController( 1119): refreshSignalCluster: mobile: Signal=zz_moto_stat_sys_signal_2_fully_wide Roaming=(none) mSimIconId=(none) Accessibility="Phone two bars.","Not roaming.",""
I/SFPerfTracer(  274):       trigger: vsync rate (-31.892%)	(40.865 vps)	(24.471 ms)* 	(52 drops)	(175 vsyncs)
I/SFPerfTracer(  274):      triggers: (rate: 634:266663) (189004 sw vsyncs) (606461 skipped) (175:1740904 vsyncs) (177:2207838)
D/CordovaActivity(14950): onMessage(spinner,stop)
I/ActivityManager( 1025): Process com.android.vending (pid 14895) has died.
D/CordovaLog(14950): https://js.stripe.com/v2/: Line 2 : You are using Stripe.js in live mode over an insecure connection. This is considered unsafe. Please conduct live requests only on sites served over https. For more info, see https://stripe.com/help/ssl
I/chromium(14950): [INFO:CONSOLE(2)] "You are using Stripe.js in live mode over an insecure connection. This is considered unsafe. Please conduct live requests only on sites served over https. For more info, see https://stripe.com/help/ssl", source: https://js.stripe.com/v2/ (2)
D/CordovaLog(14950): file:///android_asset/www/js/app.js: Line 22 : Service initialized
I/chromium(14950): [INFO:CONSOLE(22)] "Service initialized", source: file:///android_asset/www/js/app.js (22)
D/ConnectPlugin(14950): onSessionStateChange:OPENED
D/ConnectPlugin(14950): onSessionStateChange:OPENED
D/CordovaWebViewClient(14950): onPageFinished(file:///android_asset/www/index.html)
D/CordovaActivity(14950): onMessage(onPageFinished,file:///android_asset/www/index.html)
D/CordovaLog(14950): file:///android_asset/www/js/app.js: Line 195 : Uncaught ReferenceError: StatusBar is not defined
I/chromium(14950): [INFO:CONSOLE(195)] "Uncaught ReferenceError: StatusBar is not defined", source: file:///android_asset/www/js/app.js (195)
D/WifiStateMachine( 1025): handleMessage: E msg.what=151572
D/WifiStateMachine( 1025): processMsg: ConnectedState
D/WifiStateMachine( 1025): processMsg: L2ConnectedState
D/WifiStateMachine( 1025): handleMessage: X
I/ActivityManager( 1025): Process com.ghisler.android.TotalCommander (pid 13275) has died.
I/WindowState( 1025): WIN DEATH: Window{42e0bab8 u0 com.ghisler.android.TotalCommander/com.ghisler.android.TotalCommander.TotalCommander}
D/CordovaLog(14950): file:///android_asset/www/js/app.js: Line 102 : Received response from version check.
I/chromium(14950): [INFO:CONSOLE(102)] "Received response from version check.", source: file:///android_asset/www/js/app.js (102)
D/CordovaLog(14950): file:///android_asset/www/js/app.js: Line 104 : Version is supported.
I/chromium(14950): [INFO:CONSOLE(104)] "Version is supported.", source: file:///android_asset/www/js/app.js (104)
D/CordovaLog(14950): file:///android_asset/www/js/app.js: Line 122 : success...
I/chromium(14950): [INFO:CONSOLE(122)] "success...", source: file:///android_asset/www/js/app.js (122)
D/WifiStateMachine( 1025): handleMessage: E msg.what=151572
D/WifiStateMachine( 1025): processMsg: ConnectedState
D/WifiStateMachine( 1025): processMsg: L2ConnectedState
D/WifiStateMachine( 1025): handleMessage: X
D/CordovaLog(14950): file:///android_asset/www/js/HomeView.js: Line 32 : [object Object]
I/chromium(14950): [INFO:CONSOLE(32)] "[object Object]", source: file:///android_asset/www/js/HomeView.js (32)
D/CordovaLog(14950): file:///android_asset/www/index.html: Line 1 : Uncaught SyntaxError: Unexpected token u
I/chromium(14950): [INFO:CONSOLE(1)] "Uncaught SyntaxError: Unexpected token u", source: file:///android_asset/www/index.html (1)
D/WifiStateMachine( 1025): handleMessage: E msg.what=131155
D/WifiStateMachine( 1025): processMsg: ConnectedState
D/WifiStateMachine( 1025): processMsg: L2ConnectedState
D/WifiStateMachine( 1025): handleMessage: X
