D/dalvikvm(  275): GC_EXPLICIT freed 42K, 48% free 9011K/17224K, paused 1ms+3ms, total 23ms
I/ActivityManager( 1025): Process com.linkedin.android (pid 19202) has died.
D/dalvikvm(  275): GC_EXPLICIT freed <1K, 48% free 9011K/17224K, paused 2ms+3ms, total 23ms
D/dalvikvm(  275): GC_EXPLICIT freed <1K, 48% free 9011K/17224K, paused 2ms+2ms, total 20ms
I/MultiDex(19279): VM with version 1.6.0 does not have multidex support
I/MultiDex(19279): install
I/MultiDex(19279): MultiDexExtractor.load(/data/app/com.distilledmedia.thescore-2.apk, false)
I/MultiDex(19279): loading existing secondary dex files
I/MultiDex(19279): load found 0 secondary dex files
I/MultiDex(19279): install done
D/[1]JournalApp(19279): created
D/WifiStateMachine( 1025): handleMessage: E msg.what=131155
D/WifiStateMachine( 1025): processMsg: ConnectedState
D/WifiStateMachine( 1025): processMsg: L2ConnectedState
D/WifiStateMachine( 1025): handleMessage: X
I/SFPerfTracer(  274):      triggers: (rate: 1116:446493) (339317 sw vsyncs) (1044958 skipped) (115:3313501 vsyncs) (117:4152236)
D/WifiStateMachine( 1025): handleMessage: E msg.what=151572
D/WifiStateMachine( 1025): processMsg: ConnectedState
D/WifiStateMachine( 1025): processMsg: L2ConnectedState
W/Settings(19279): Setting airplane_mode_on has moved from android.provider.Settings.System to android.provider.Settings.Global, returning read-only value.
D/WifiStateMachine( 1025): handleMessage: X
V/WebViewChromiumFactoryProvider(19279): Binding Chromium to main looper Looper (main, tid 1) {41fabb38}
I/LibraryLoader(19279): Expected native library version number "",actual native library version number ""
I/chromium(19279): [INFO:library_loader_hooks.cc(116)] Chromium logging enabled: level = 0, default verbosity = 0
I/BrowserStartupController(19279): Initializing chromium process, renderers=0
E/AudioManagerAndroid(19279): BLUETOOTH permission is missing!
I/Adreno-EGL(19279): <qeglDrvAPI_eglInitialize:410>: EGL 1.4 QUALCOMM build: AU_LINUX_ANDROID_LNX.LA.3.5.1_RB1.04.04.02.048.018_msm8226_LNX.LA.3.5.1_RB1__release_AU ()
I/Adreno-EGL(19279): OpenGL ES Shader Compiler Version: E031.24.00.08
I/Adreno-EGL(19279): Build Date: 03/07/14 Fri
I/Adreno-EGL(19279): Local Branch: 
I/Adreno-EGL(19279): Remote Branch: quic/LNX.LA.3.5.1_RB1.1
I/Adreno-EGL(19279): Local Patches: NONE
I/Adreno-EGL(19279): Reconstruct Branch: AU_LINUX_ANDROID_LNX.LA.3.5.1_RB1.04.04.02.048.018 + f2fd134 +  NOTHING
E/dalvikvm(19219): Could not find class 'org.apache.harmony.xnet.provider.jsse.OpenSSLSocketImpl', referenced from method com.facebook.ssl.openssl.check.CheckOpenSSLImplHasRequiredMethods.<clinit>
W/dalvikvm(19219): VFY: unable to resolve const-class 13808 (Lorg/apache/harmony/xnet/provider/jsse/OpenSSLSocketImpl;) in Lcom/facebook/ssl/openssl/check/CheckOpenSSLImplHasRequiredMethods;
D/dalvikvm(19219): VFY: replacing opcode 0x1c at 0x000d
E/dalvikvm(19219): Could not find class 'org.apache.harmony.xnet.provider.jsse.OpenSSLSocketFactoryImpl', referenced from method com.facebook.ssl.openssl.reflect.SSLParametersGetter.<clinit>
W/dalvikvm(19219): VFY: unable to resolve const-class 13807 (Lorg/apache/harmony/xnet/provider/jsse/OpenSSLSocketFactoryImpl;) in Lcom/facebook/ssl/openssl/reflect/SSLParametersGetter;
D/dalvikvm(19219): VFY: replacing opcode 0x1c at 0x000d
E/dalvikvm(19219): Could not find class 'org.apache.harmony.xnet.provider.jsse.SSLParametersImpl', referenced from method com.facebook.ssl.openssl.reflect.SSLParametersGetter.a
W/dalvikvm(19219): VFY: unable to resolve check-cast 13809 (Lorg/apache/harmony/xnet/provider/jsse/SSLParametersImpl;) in Lcom/facebook/ssl/openssl/reflect/SSLParametersGetter;
D/dalvikvm(19219): VFY: replacing opcode 0x1f at 0x0006
E/dalvikvm(19219): Could not find class 'org.apache.harmony.xnet.provider.jsse.SSLParametersImpl', referenced from method com.facebook.ssl.openssl.reflect.SSLSessionTimeoutSetter.<clinit>
W/dalvikvm(19219): VFY: unable to resolve const-class 13809 (Lorg/apache/harmony/xnet/provider/jsse/SSLParametersImpl;) in Lcom/facebook/ssl/openssl/reflect/SSLSessionTimeoutSetter;
D/dalvikvm(19219): VFY: replacing opcode 0x1c at 0x000d
W/dalvikvm(19219): VFY: unable to find class referenced in signature (Lorg/apache/harmony/xnet/provider/jsse/SSLParametersImpl;)
E/dalvikvm(19219): Could not find class 'org.apache.harmony.xnet.provider.jsse.ClientSessionContext', referenced from method com.facebook.ssl.openssl.reflect.SSLSessionTimeoutSetter.a
W/dalvikvm(19219): VFY: unable to resolve check-cast 13806 (Lorg/apache/harmony/xnet/provider/jsse/ClientSessionContext;) in Lcom/facebook/ssl/openssl/reflect/SSLSessionTimeoutSetter;
D/dalvikvm(19219): VFY: replacing opcode 0x1f at 0x0006
W/dalvikvm(19219): VFY: unable to find class referenced in signature (Lorg/apache/harmony/xnet/provider/jsse/SSLParametersImpl;)
W/dalvikvm(19219): Unable to resolve superclass of Lcom/facebook/ssl/openssl/TicketEnabledOpenSSLSocketImplWrapper; (11243)
W/dalvikvm(19219): Link of class 'Lcom/facebook/ssl/openssl/TicketEnabledOpenSSLSocketImplWrapper;' failed
E/dalvikvm(19219): Could not find class 'com.facebook.ssl.openssl.TicketEnabledOpenSSLSocketImplWrapper', referenced from method com.facebook.ssl.openssl.TicketEnabledOpenSSLSocketFactoryHelper.a
W/dalvikvm(19219): VFY: unable to resolve new-instance 10681 (Lcom/facebook/ssl/openssl/TicketEnabledOpenSSLSocketImplWrapper;) in Lcom/facebook/ssl/openssl/TicketEnabledOpenSSLSocketFactoryHelper;
D/dalvikvm(19219): VFY: replacing opcode 0x22 at 0x0000
W/dalvikvm(19219): Unable to resolve superclass of Lcom/facebook/ssl/openssl/TicketEnabledOpenSSLSocketImplWrapper; (11243)
W/dalvikvm(19219): Link of class 'Lcom/facebook/ssl/openssl/TicketEnabledOpenSSLSocketImplWrapper;' failed
D/dalvikvm(19219): DexOpt: unable to opt direct call 0xc22f at 0x08 in Lcom/facebook/ssl/openssl/TicketEnabledOpenSSLSocketFactoryHelper;.a
W/chromium(19279): [WARNING:proxy_service.cc(890)] PAC support disabled because there is no system implementation
D/dalvikvm(19219): Trying to load lib /data/app-lib/com.facebook.katana-1/libfbjni.so 0x41fbb7c8
D/dalvikvm(19219): Added shared lib /data/app-lib/com.facebook.katana-1/libfbjni.so 0x41fbb7c8
D/dalvikvm(19219): Trying to load lib /data/app-lib/com.facebook.katana-1/libcares.so 0x41fbb7c8
D/dalvikvm(19219): Added shared lib /data/app-lib/com.facebook.katana-1/libcares.so 0x41fbb7c8
D/dalvikvm(19219): No JNI_OnLoad found in /data/app-lib/com.facebook.katana-1/libcares.so 0x41fbb7c8, skipping init
D/dalvikvm(19219): Trying to load lib /data/app-lib/com.facebook.katana-1/libdouble-conversion.so 0x41fbb7c8
D/dalvikvm(19219): Added shared lib /data/app-lib/com.facebook.katana-1/libdouble-conversion.so 0x41fbb7c8
D/dalvikvm(19219): No JNI_OnLoad found in /data/app-lib/com.facebook.katana-1/libdouble-conversion.so 0x41fbb7c8, skipping init
D/dalvikvm(19219): Trying to load lib /data/app-lib/com.facebook.katana-1/libevent.so 0x41fbb7c8
D/dalvikvm(19219): Added shared lib /data/app-lib/com.facebook.katana-1/libevent.so 0x41fbb7c8
D/dalvikvm(19219): No JNI_OnLoad found in /data/app-lib/com.facebook.katana-1/libevent.so 0x41fbb7c8, skipping init
D/dalvikvm(19219): Trying to load lib /data/app-lib/com.facebook.katana-1/libliger.so 0x41fbb7c8
D/dalvikvm(19219): Added shared lib /data/app-lib/com.facebook.katana-1/libliger.so 0x41fbb7c8
I/[6b79b]com.distilledmedia.http.images.BitmapDiskCache(19279):  starting up file cache 
I/[1]FacebookAccount(19279): Restored session valid = false
I/SBar.NetworkController( 1119): onSignalStrengthsChanged SignalStrength: 3 0 -120 -160 -120 -1 -1 99 2147483647 2147483647 2147483647 2147483647 2147483647 gsm|lte 0 -108 -1 false 1 1 0 0 0 99 99 99 4 level=1
I/[1]TheScoreApp(19279): Live notifications enabled
W/fb4a(:<default>):AbstractMqttPushService(19219): Attempt to start service that is already started
D/AudioManagerAndroid(19279): ==> onReceive: s=0, m=1, n=h2w, sb=true
D/AudioManagerAndroid(19279): reportUpdate: state=0, devices=[Speakerphone, Headset earpiece]
I/ActivityManager( 1025): Start proc com.devexpert.weather for broadcast com.devexpert.weather/.view.WidgetWeather2x1: pid=19362 uid=10112 gids={50112, 3003, 1028, 1015}
D/dalvikvm(19219): Trying to load lib /data/app-lib/com.facebook.katana-1/libheartbleed.so 0x41fbb7c8
D/dalvikvm(19219): Added shared lib /data/app-lib/com.facebook.katana-1/libheartbleed.so 0x41fbb7c8
I/ActivityManager( 1025): Process com.distilledmedia.thescore (pid 19279) has died.
W/ContextImpl( 1295): Calling a method in the system process without a qualified user: android.app.ContextImpl.startService:1608 android.content.ContextWrapper.startService:494 android.content.ContextWrapper.startService:494 com.motorola.motocare.internal.batterystats.BatteryStatsAction.onReceive:33 android.app.ActivityThread.handleReceiver:2434 
I/ActivityManager( 1025): Process com.devexpert.weather (pid 19362) has died.
I/ActivityManager( 1025): Start proc com.devexpert.weather for broadcast com.devexpert.weather/.view.WidgetWeather4x1: pid=19383 uid=10112 gids={50112, 3003, 1028, 1015}
D/WifiStateMachine( 1025): handleMessage: E msg.what=151572
D/WifiStateMachine( 1025): processMsg: ConnectedState
D/WifiStateMachine( 1025): processMsg: L2ConnectedState
D/WifiStateMachine( 1025): handleMessage: X
I/ActivityManager( 1025): Process com.devexpert.weather (pid 19383) has died.
D/Request (13812): Warning: Sessionless Request needs token but missing either application ID or client token.
D/dalvikvm( 1119): GC_CONCURRENT freed 3208K, 31% free 14058K/20224K, paused 3ms+7ms, total 49ms
D/dalvikvm( 1119): WAIT_FOR_CONCURRENT_GC blocked 45ms
D/dalvikvm( 1119): WAIT_FOR_CONCURRENT_GC blocked 22ms
I/ActivityManager( 1025): START u0 {act=com.android.systemui.recent.action.TOGGLE_RECENTS flg=0x10800000 cmp=com.android.systemui/.recent.RecentsActivity (has extras)} from pid 1119
D/CordovaActivity(13812): Paused the application!
D/CordovaWebView(13812): Handle the pause
W/ContextImpl( 1295): Calling a method in the system process without a qualified user: android.app.ContextImpl.sendBroadcast:1252 android.content.ContextWrapper.sendBroadcast:365 com.motorola.motocare.util.TriggerHelper$TriggerBuilder.send:76 com.motorola.motocare.internal.frameworkevents.PauseResumeTrigger.handleFrameworkEvent:53 com.motorola.motocare.internal.frameworkevents.FwEventMonitor$FrameworkListener.processFrameworkEvent:114 
W/ContextImpl( 1295): Calling a method in the system process without a qualified user: android.app.ContextImpl.sendBroadcast:1252 android.content.ContextWrapper.sendBroadcast:365 com.motorola.motocare.util.TriggerHelper$TriggerBuilder.send:76 com.motorola.motocare.internal.frameworkevents.PauseResumeTrigger.handleFrameworkEvent:53 com.motorola.motocare.internal.frameworkevents.FwEventMonitor$FrameworkListener.processFrameworkEvent:114 
D/dalvikvm( 1119): GC_FOR_ALLOC freed 957K, 30% free 14320K/20224K, paused 42ms, total 43ms
I/LaunchCheckinHandler( 1025): Displayed com.android.systemui/.recent.RecentsActivity,wp,wa,154
I/SFPerfTracer(  274):      triggers: (rate: 1249:49584) (compose: 0:251) (post: 0:20) (render: 84:10545) (2:778896 frames) (3:3295299)
D/SFPerfTracer(  274):        layers: (3:11) (DimLayer: 0:158)* (DimLayer: 0:126)* (FocusedStackFrame: 0:21441)* (StatusBar: 0:263406) (NavigationBar: 1:202112) (DimLayer: 0:24258)* (DimLayer: 0:4656)* (com.android.wallpaper.fall.FallWallpaper: 0:9253)* (co.giftmeapp.gift_me/co.giftmeapp.gift_me.GiftMe: 0:277) (Keyguard: 0:90)* (com.android.systemui/com.android.systemui.recent.RecentsActivity: 3:3)* 
W/IInputConnectionWrapper(13812): showStatusIcon on inactive InputConnection
W/ManagedEGLContext(13812): doTerminate failed: EGL count is 2 but managed count is 1
D/WifiStateMachine( 1025): handleMessage: E msg.what=151572
D/WifiStateMachine( 1025): processMsg: ConnectedState
D/WifiStateMachine( 1025): processMsg: L2ConnectedState
D/WifiStateMachine( 1025): handleMessage: X
I/ActivityManager( 1025): Process com.ghisler.android.TotalCommander (pid 12979) has died.
I/WindowState( 1025): WIN DEATH: Window{43219fd8 u0 com.ghisler.android.TotalCommander/com.ghisler.android.TotalCommander.TotalCommander}
D/CordovaActivity(13812): CordovaActivity.onDestroy()
D/CordovaWebView(13812): >>> loadUrlNow()
I/ActivityManager( 1025): Killing 13812:co.giftmeapp.gift_me/u0a155 (adj 9): remove task
W/ContextImpl( 1295): Calling a method in the system process without a qualified user: android.app.ContextImpl.sendBroadcast:1252 android.content.ContextWrapper.sendBroadcast:365 com.motorola.motocare.util.TriggerHelper$TriggerBuilder.send:76 com.motorola.motocare.internal.frameworkevents.ProcessKillTrigger.sendTrigger:147 com.motorola.motocare.internal.frameworkevents.ProcessKillTrigger.handleFrameworkEvent:164 
I/WindowState( 1025): WIN DEATH: Window{42c99c60 u0 co.giftmeapp.gift_me/co.giftmeapp.gift_me.GiftMe}
D/WifiStateMachine( 1025): handleMessage: E msg.what=131155
D/WifiStateMachine( 1025): processMsg: ConnectedState
D/WifiStateMachine( 1025): processMsg: L2ConnectedState
D/WifiStateMachine( 1025): handleMessage: X
I/SFPerfTracer(  274):      triggers: (rate: 1116:446493) (339317 sw vsyncs) (1044958 skipped) (69:3313612 vsyncs) (71:4152357)
D/WifiStateMachine( 1025): handleMessage: E msg.what=151572
D/WifiStateMachine( 1025): processMsg: ConnectedState
D/WifiStateMachine( 1025): processMsg: L2ConnectedState
D/WifiStateMachine( 1025): handleMessage: X
V/AlarmManager( 1025): sending alarm Alarm{42aac028 type 3 com.devexpert.weather}
V/AlarmManager( 1025): sending alarm Alarm{42aa98d8 type 2 com.facebook.katana}
I/ActivityManager( 1025): Start proc com.devexpert.weather for broadcast com.devexpert.weather/.view.WidgetWeather2x1: pid=19421 uid=10112 gids={50112, 3003, 1028, 1015}
V/AlarmManager( 1025): sending alarm Alarm{42aa8b60 type 0 com.google.android.gms}
I/iu.UploadsManager(11661): End new media; added: 0, uploading: 0, time: 56 ms
I/SBar.NetworkController( 1119): refreshSignalCluster: mobile: Signal=zz_moto_stat_sys_signal_1_fully_wide Roaming=(none) mSimIconId=(none) Accessibility="Phone one bar.","Not roaming.",""
D/WifiStateMachine( 1025): handleMessage: E msg.what=151572
D/WifiStateMachine( 1025): processMsg: ConnectedState
D/WifiStateMachine( 1025): processMsg: L2ConnectedState
D/WifiStateMachine( 1025): handleMessage: X
W/BroadcastQueue( 1025): Permission Denial: broadcasting Intent { act=android.net.conn.INET_CONDITION_ACTION flg=0x4000010 (has extras) } from null (pid=-1, uid=-1) requires com.facebook.permission.prod.FB_APP_COMMUNICATION due to registered receiver BroadcastFilter{421ce250 u0 ReceiverList{42233900 19219 com.facebook.katana/10110/u0 remote:430a28a0}}
W/BroadcastQueue( 1025): Permission Denial: broadcasting Intent { act=android.net.conn.CONNECTIVITY_CHANGE flg=0x4000010 (has extras) } from null (pid=-1, uid=-1) requires com.facebook.permission.prod.FB_APP_COMMUNICATION due to registered receiver BroadcastFilter{421ce250 u0 ReceiverList{42233900 19219 com.facebook.katana/10110/u0 remote:430a28a0}}
W/dalvikvm(19219): Unable to resolve superclass of Lcom/facebook/push/adm/ADMBroadcastReceiver; (505)
W/dalvikvm(19219): Link of class 'Lcom/facebook/push/adm/ADMBroadcastReceiver;' failed
E/dalvikvm(19219): Could not find class 'com.facebook.push.adm.ADMBroadcastReceiver', referenced from method com.facebook.push.adm.ADMPushManager.b
W/dalvikvm(19219): VFY: unable to resolve const-class 8355 (Lcom/facebook/push/adm/ADMBroadcastReceiver;) in Lcom/facebook/push/adm/ADMPushManager;
D/dalvikvm(19219): VFY: replacing opcode 0x1c at 0x000e
W/fb4a(:<default>):AbstractMqttPushService(19219): Attempt to start service that is already started
W/fb4a(:<default>):AbstractMqttPushService(19219): Attempt to start service that is already started
D/dalvikvm(19219): GC_CONCURRENT freed 4149K, 25% free 13037K/17224K, paused 5ms+5ms, total 72ms
W/BroadcastQueue( 1025): Permission Denial: broadcasting Intent { act=android.net.conn.CONNECTIVITY_CHANGE flg=0x4000010 (has extras) } from null (pid=-1, uid=-1) requires com.facebook.permission.prod.FB_APP_COMMUNICATION due to registered receiver BroadcastFilter{423bd1b8 u0 ReceiverList{4246e7b8 19219 com.facebook.katana/10110/u0 remote:42a88740}}
D/GcOptimizer(19219): Configure for next cold start: enable
D/WifiStateMachine( 1025): handleMessage: E msg.what=151572
D/WifiStateMachine( 1025): processMsg: ConnectedState
D/WifiStateMachine( 1025): processMsg: L2ConnectedState
D/WifiStateMachine( 1025): handleMessage: X
W/ContextImpl( 1295): Calling a method in the system process without a qualified user: android.app.ContextImpl.sendBroadcast:1252 android.content.ContextWrapper.sendBroadcast:365 com.motorola.motocare.util.TriggerHelper$TriggerBuilder.send:76 com.motorola.motocare.internal.frameworkevents.PauseResumeTrigger.handleFrameworkEvent:53 com.motorola.motocare.internal.frameworkevents.FwEventMonitor$FrameworkListener.processFrameworkEvent:114 
I/ActivityManager( 1025): Start proc com.ghisler.android.TotalCommander for activity com.ghisler.android.TotalCommander/.TotalCommander: pid=19471 uid=10121 gids={50121, 1028, 1015, 3001, 3002, 3003}
W/ContextImpl( 1295): Calling a method in the system process without a qualified user: android.app.ContextImpl.sendBroadcast:1252 android.content.ContextWrapper.sendBroadcast:365 com.motorola.motocare.util.TriggerHelper$TriggerBuilder.send:76 com.motorola.motocare.internal.frameworkevents.PauseResumeTrigger.handleFrameworkEvent:53 com.motorola.motocare.internal.frameworkevents.FwEventMonitor$FrameworkListener.processFrameworkEvent:114 
D/ACRA    (19471): Retrieve application default SharedPreferences.
D/ACRA    (19471): Set OnSharedPreferenceChangeListener.
D/ACRA    (19471): ACRA is enabled for com.ghisler.android.TotalCommander, intializing...
D/ACRA    (19471): Looking for error files in /data/data/com.ghisler.android.TotalCommander/files
V/OUYAF   (19471): ODK version number: 62
W/OUYAF   (19471): Not running on Ouya hardware: peregrine
E/cutils  (  261): Failed to mkdirat(/storage/sdcard1/Android): Read-only file system
W/Vold    (  261): Returning OperationFailed - no handler for errno 30
W/ContextImpl(19471): Failed to ensure directory: /storage/sdcard1/Android/data/com.ghisler.android.TotalCommander/files
I/Adreno-EGL(19471): <qeglDrvAPI_eglInitialize:410>: EGL 1.4 QUALCOMM build: AU_LINUX_ANDROID_LNX.LA.3.5.1_RB1.04.04.02.048.018_msm8226_LNX.LA.3.5.1_RB1__release_AU ()
I/Adreno-EGL(19471): OpenGL ES Shader Compiler Version: E031.24.00.08
I/Adreno-EGL(19471): Build Date: 03/07/14 Fri
I/Adreno-EGL(19471): Local Branch: 
I/Adreno-EGL(19471): Remote Branch: quic/LNX.LA.3.5.1_RB1.1
I/Adreno-EGL(19471): Local Patches: NONE
I/Adreno-EGL(19471): Reconstruct Branch: AU_LINUX_ANDROID_LNX.LA.3.5.1_RB1.04.04.02.048.018 + f2fd134 +  NOTHING
D/OpenGLRenderer(19471): Enabling debug mode 0
I/ActivityManager( 1025): Start proc com.facebook.orca for content provider com.facebook.orca/.notify.MessengerLoggedInUserProvider: pid=19510 uid=10147 gids={50147, 3003, 1028, 1015}
I/ActivityManager( 1025): Process com.devexpert.weather (pid 19421) has died.
D/WifiStateMachine( 1025): handleMessage: E msg.what=131155
D/WifiStateMachine( 1025): processMsg: ConnectedState
D/WifiStateMachine( 1025): processMsg: L2ConnectedState
D/WifiStateMachine( 1025): handleMessage: X
D/WifiStateMachine( 1025): handleMessage: E msg.what=151572
D/WifiStateMachine( 1025): processMsg: ConnectedState
D/WifiStateMachine( 1025): processMsg: L2ConnectedState
D/WifiStateMachine( 1025): handleMessage: X
I/ActivityManager( 1025): Displayed com.ghisler.android.TotalCommander/.TotalCommander: +658ms
W/PackageParser(19471): No actions in intent filter at /storage/emulated/0/Download/GiftMe-release.apk Binary XML file line #15
E/cutils  (  261): Failed to mkdirat(/storage/sdcard1/Android): Read-only file system
W/Vold    (  261): Returning OperationFailed - no handler for errno 30
W/ContextImpl(19471): Failed to ensure directory: /storage/sdcard1/Android/data/com.ghisler.android.TotalCommander/files
I/SFPerfTracer(  274):      triggers: (rate: 1249:49585) (compose: 0:251) (post: 0:20) (render: 84:10545) (0:778932 frames) (1:3295399)
D/SFPerfTracer(  274):        layers: (3:14) (DimLayer: 0:158)* (DimLayer: 0:126)* (FocusedStackFrame: 0:21441)* (StatusBar: 0:263411) (NavigationBar: 0:202128) (DimLayer: 0:24258)* (DimLayer: 0:4656)* (com.android.wallpaper.fall.FallWallpaper: 0:9253)* (co.giftmeapp.gift_me/co.giftmeapp.gift_me.GiftMe: 0:294)* (com.android.systemui/com.android.systemui.recent.RecentsActivity: 0:51)* (thumbnail anim: 0:18)* (Starting com.ghisler.android.TotalCommander: 0:29)* (thumbnail anim: 0:16)* (com.ghisler.android.TotalCommander/com.ghisler.android.TotalCommander.TotalCommander: 1:12) 
D/ACRA    (19510): ACRA is enabled for com.facebook.orca, intializing...
D/ACRA    (19510): Looking for error files in /data/user/0/com.facebook.orca/app_acra-reports
D/ACRA    (19510): Looking for error files in /data/user/0/com.facebook.orca/app_minidumps
D/dalvikvm(19510): Trying to load lib /data/app-lib/com.facebook.orca-2/libgnustl_shared.so 0x41faf548
D/dalvikvm(19510): Added shared lib /data/app-lib/com.facebook.orca-2/libgnustl_shared.so 0x41faf548
D/dalvikvm(19510): No JNI_OnLoad found in /data/app-lib/com.facebook.orca-2/libgnustl_shared.so 0x41faf548, skipping init
D/dalvikvm(19510): Trying to load lib /data/app-lib/com.facebook.orca-2/libfb_breakpad_client.so 0x41faf548
D/dalvikvm(19510): Added shared lib /data/app-lib/com.facebook.orca-2/libfb_breakpad_client.so 0x41faf548
D/dalvikvm(19510): Trying to load lib /data/app-lib/com.facebook.orca-2/libfb_dalvik-internals.so 0x41faf548
D/dalvikvm(19510): Added shared lib /data/app-lib/com.facebook.orca-2/libfb_dalvik-internals.so 0x41faf548
V/DexLibLoader(19510): about to lock: /data/user/0/com.facebook.orca/mdex_lock
V/DexLibLoader(19510): locking /data/user/0/com.facebook.orca/mdex_lock took 1 ms
V/DexLibLoader(19510): Secondary program dex metadata: secondary-1.dex.jar 790183d1fb728678b0d8546ed8e9eaef90404089 secondary.dex01.Canary
V/DexLibLoader(19510): Secondary program dex metadata: secondary-2.dex.jar 03b795797c6ded9e8b3df575980b7d37d9ca8dad secondary.dex02.Canary
V/DexLibLoader(19510): Secondary program dex metadata: secondary-3.dex.jar 5ccf73e2daa6156653af1c6485ad6053f38846b9 secondary.dex03.Canary
V/DexLibLoader(19510): directory "/data/user/0/com.facebook.orca/app_secondary_program_dex" contains "program-790183d1fb728678b0d8546ed8e9eaef904040896661a1c7.dex.jar" as expected
V/DexLibLoader(19510): directory "/data/user/0/com.facebook.orca/app_secondary_program_dex" contains "program-03b795797c6ded9e8b3df575980b7d37d9ca8dad6661a1c7.dex.jar" as expected
V/DexLibLoader(19510): directory "/data/user/0/com.facebook.orca/app_secondary_program_dex" contains "program-5ccf73e2daa6156653af1c6485ad6053f38846b96661a1c7.dex.jar" as expected
D/DexLibLoader(19510): ignoring file "program-790183d1fb728678b0d8546ed8e9eaef904040896661a1c7.dex.odex" in "/data/user/0/com.facebook.orca/app_secondary_program_dex"
D/DexLibLoader(19510): ignoring file "program-03b795797c6ded9e8b3df575980b7d37d9ca8dad6661a1c7.dex.odex" in "/data/user/0/com.facebook.orca/app_secondary_program_dex"
D/DexLibLoader(19510): ignoring file "program-5ccf73e2daa6156653af1c6485ad6053f38846b96661a1c7.dex.odex" in "/data/user/0/com.facebook.orca/app_secondary_program_dex"
D/DexLibLoader(19510): directory "/data/user/0/com.facebook.orca/app_secondary_program_dex" is valid
D/DexLibLoader(19510): ignoring file "primary_deps" in "/data/user/0/com.facebook.orca/app_secondary_program_dex_opt"
V/DexLibLoader(19510): directory "/data/user/0/com.facebook.orca/app_secondary_program_dex_opt" contains "program-790183d1fb728678b0d8546ed8e9eaef904040896661a1c7.dex.dex" as expected
V/DexLibLoader(19510): directory "/data/user/0/com.facebook.orca/app_secondary_program_dex_opt" contains "program-03b795797c6ded9e8b3df575980b7d37d9ca8dad6661a1c7.dex.dex" as expected
V/DexLibLoader(19510): directory "/data/user/0/com.facebook.orca/app_secondary_program_dex_opt" contains "program-5ccf73e2daa6156653af1c6485ad6053f38846b96661a1c7.dex.dex" as expected
D/DexLibLoader(19510): directory "/data/user/0/com.facebook.orca/app_secondary_program_dex_opt" is valid
D/DexLibLoader(19510): loading pre-built cross-dex opt odex files
V/dalvik-internals(19510): hooked dvmResolveClass using jump ()
V/dalvik-internals(19510): hooked dvmFlushBreakpoints using jump ()
V/MultiDexClassLoader(19510): installing MultiDexClassLoader before application classloader
I/dalvikvm(19510): Could not find method dalvik.system.DexFile.loadClassBinaryName, referenced from method com.facebook.common.l.g.a
W/dalvikvm(19510): VFY: unable to resolve virtual method 1453: Ldalvik/system/DexFile;.loadClassBinaryName (Ljava/lang/String;Ljava/lang/ClassLoader;)Ljava/lang/Class;
D/dalvikvm(19510): VFY: replacing opcode 0x6e at 0x0000
D/DexLibLoader(19510): released odex store lock
D/DexLibLoader(19510): DexLibLoader.loadAll took 74 ms
W/bp      (19510): Verify
D/Ulp_jni ( 1025): Location CB invoked
E/dalvikvm(19510): Could not find class 'org.apache.harmony.xnet.provider.jsse.OpenSSLSocketImpl', referenced from method com.facebook.ssl.openssl.a.b.<clinit>
W/dalvikvm(19510): VFY: unable to resolve const-class 10658 (Lorg/apache/harmony/xnet/provider/jsse/OpenSSLSocketImpl;) in Lcom/facebook/ssl/openssl/a/b;
D/dalvikvm(19510): VFY: replacing opcode 0x1c at 0x000d
E/dalvikvm(19510): Could not find class 'org.apache.harmony.xnet.provider.jsse.OpenSSLSocketFactoryImpl', referenced from method com.facebook.ssl.openssl.b.b.<clinit>
W/dalvikvm(19510): VFY: unable to resolve const-class 10657 (Lorg/apache/harmony/xnet/provider/jsse/OpenSSLSocketFactoryImpl;) in Lcom/facebook/ssl/openssl/b/b;
D/dalvikvm(19510): VFY: replacing opcode 0x1c at 0x000d
E/dalvikvm(19510): Could not find class 'org.apache.harmony.xnet.provider.jsse.SSLParametersImpl', referenced from method com.facebook.ssl.openssl.b.b.a
W/dalvikvm(19510): VFY: unable to resolve check-cast 10660 (Lorg/apache/harmony/xnet/provider/jsse/SSLParametersImpl;) in Lcom/facebook/ssl/openssl/b/b;
D/dalvikvm(19510): VFY: replacing opcode 0x1f at 0x0006
E/dalvikvm(19510): Could not find class 'org.apache.harmony.xnet.provider.jsse.SSLParametersImpl', referenced from method com.facebook.ssl.openssl.b.c.<clinit>
W/dalvikvm(19510): VFY: unable to resolve const-class 10660 (Lorg/apache/harmony/xnet/provider/jsse/SSLParametersImpl;) in Lcom/facebook/ssl/openssl/b/c;
D/dalvikvm(19510): VFY: replacing opcode 0x1c at 0x000d
W/dalvikvm(19510): VFY: unable to find class referenced in signature (Lorg/apache/harmony/xnet/provider/jsse/SSLParametersImpl;)
E/dalvikvm(19510): Could not find class 'org.apache.harmony.xnet.provider.jsse.ClientSessionContext', referenced from method com.facebook.ssl.openssl.b.c.a
W/dalvikvm(19510): VFY: unable to resolve check-cast 10656 (Lorg/apache/harmony/xnet/provider/jsse/ClientSessionContext;) in Lcom/facebook/ssl/openssl/b/c;
D/dalvikvm(19510): VFY: replacing opcode 0x1f at 0x0006
D/WifiStateMachine( 1025): handleMessage: E msg.what=151572
D/WifiStateMachine( 1025): processMsg: ConnectedState
D/WifiStateMachine( 1025): processMsg: L2ConnectedState
W/dalvikvm(19510): VFY: unable to find class referenced in signature (Lorg/apache/harmony/xnet/provider/jsse/SSLParametersImpl;)
W/dalvikvm(19510): Unable to resolve superclass of Lcom/facebook/ssl/openssl/TicketEnabledOpenSSLSocketImplWrapper; (10659)
W/dalvikvm(19510): Link of class 'Lcom/facebook/ssl/openssl/TicketEnabledOpenSSLSocketImplWrapper;' failed
E/dalvikvm(19510): Could not find class 'com.facebook.ssl.openssl.TicketEnabledOpenSSLSocketImplWrapper', referenced from method com.facebook.ssl.openssl.b.a
W/dalvikvm(19510): VFY: unable to resolve new-instance 7258 (Lcom/facebook/ssl/openssl/TicketEnabledOpenSSLSocketImplWrapper;) in Lcom/facebook/ssl/openssl/b;
D/dalvikvm(19510): VFY: replacing opcode 0x22 at 0x0000
W/dalvikvm(19510): Unable to resolve superclass of Lcom/facebook/ssl/openssl/TicketEnabledOpenSSLSocketImplWrapper; (10659)
W/dalvikvm(19510): Link of class 'Lcom/facebook/ssl/openssl/TicketEnabledOpenSSLSocketImplWrapper;' failed
D/dalvikvm(19510): DexOpt: unable to opt direct call 0x9f40 at 0x08 in Lcom/facebook/ssl/openssl/b;.a
D/WifiStateMachine( 1025): handleMessage: X
D/dalvikvm( 1025): GC_EXPLICIT freed 2850K, 40% free 30527K/50444K, paused 8ms+19ms, total 178ms
W/msgr(:<default>):a(19510): Attempt to start service that is already started
I/SFPerfTracer(  274):      triggers: (rate: 1116:446493) (339317 sw vsyncs) (1044958 skipped) (33:3313704 vsyncs) (35:4152466)
D/dalvikvm(19510): Trying to load lib /data/app-lib/com.facebook.orca-2/libfbjni.so 0x41faf548
D/dalvikvm(19510): Added shared lib /data/app-lib/com.facebook.orca-2/libfbjni.so 0x41faf548
D/dalvikvm(19510): Trying to load lib /data/app-lib/com.facebook.orca-2/libheartbleed.so 0x41faf548
D/dalvikvm(19510): Added shared lib /data/app-lib/com.facebook.orca-2/libheartbleed.so 0x41faf548
D/WifiStateMachine( 1025): handleMessage: E msg.what=151572
D/WifiStateMachine( 1025): processMsg: ConnectedState
D/WifiStateMachine( 1025): processMsg: L2ConnectedState
D/WifiStateMachine( 1025): handleMessage: X
I/SFPerfTracer(  274):      triggers: (rate: 1249:49585) (compose: 0:251) (post: 0:20) (render: 84:10545) (0:778932 frames) (1:3295499)
D/SFPerfTracer(  274):        layers: (3:9) (DimLayer: 0:158)* (DimLayer: 0:126)* (FocusedStackFrame: 0:21441)* (StatusBar: 0:263411) (NavigationBar: 0:202128) (DimLayer: 0:24258)* (DimLayer: 0:4656)* (com.android.wallpaper.fall.FallWallpaper: 0:9253)* (com.ghisler.android.TotalCommander/com.ghisler.android.TotalCommander.TotalCommander: 1:112) 
D/WifiStateMachine( 1025): handleMessage: E msg.what=131155
D/WifiStateMachine( 1025): processMsg: ConnectedState
D/WifiStateMachine( 1025): processMsg: L2ConnectedState
D/WifiStateMachine( 1025): handleMessage: X
D/WifiStateMachine( 1025): handleMessage: E msg.what=151572
D/WifiStateMachine( 1025): processMsg: ConnectedState
D/WifiStateMachine( 1025): processMsg: L2ConnectedState
D/WifiStateMachine( 1025): handleMessage: X
W/PackageParser(19471): No actions in intent filter at /storage/emulated/0/Download/GiftMe-release.apk Binary XML file line #15
D/WifiStateMachine( 1025): handleMessage: E msg.what=151572
D/WifiStateMachine( 1025): processMsg: ConnectedState
D/WifiStateMachine( 1025): processMsg: L2ConnectedState
D/WifiStateMachine( 1025): handleMessage: X
I/SFPerfTracer(  274):      triggers: (rate: 1116:446493) (339317 sw vsyncs) (1044958 skipped) (17:3313797 vsyncs) (19:4152572)
I/ActivityManager( 1025): START u0 {act=android.intent.action.VIEW dat=file:///storage/emulated/0/Download/GiftMe-release.apk typ=application/vnd.android.package-archive flg=0x10000000 cmp=com.android.packageinstaller/.PackageInstallerActivity} from pid 19471
W/ActivityManager( 1025): Activity is launching as a new task, so cancelling activity result.
W/ContextImpl( 1295): Calling a method in the system process without a qualified user: android.app.ContextImpl.sendBroadcast:1252 android.content.ContextWrapper.sendBroadcast:365 com.motorola.motocare.util.TriggerHelper$TriggerBuilder.send:76 com.motorola.motocare.internal.frameworkevents.PauseResumeTrigger.handleFrameworkEvent:53 com.motorola.motocare.internal.frameworkevents.FwEventMonitor$FrameworkListener.processFrameworkEvent:114 
I/ActivityManager( 1025): Start proc com.android.packageinstaller for activity com.android.packageinstaller/.PackageInstallerActivity: pid=19627 uid=10085 gids={50085, 1028}
I/ActivityManager( 1025): Process com.facebook.orca (pid 19510) has died.
W/ActivityManager( 1025): Scheduling restart of crashed service com.facebook.orca/com.facebook.push.mqtt.service.MqttPushService in 262144000ms
W/ContextImpl( 1295): Calling a method in the system process without a qualified user: android.app.ContextImpl.sendBroadcast:1252 android.content.ContextWrapper.sendBroadcast:365 com.motorola.motocare.util.TriggerHelper$TriggerBuilder.send:76 com.motorola.motocare.internal.frameworkevents.PauseResumeTrigger.handleFrameworkEvent:53 com.motorola.motocare.internal.frameworkevents.FwEventMonitor$FrameworkListener.processFrameworkEvent:114 
D/WifiStateMachine( 1025): handleMessage: E msg.what=151572
D/WifiStateMachine( 1025): processMsg: ConnectedState
D/WifiStateMachine( 1025): processMsg: L2ConnectedState
D/WifiStateMachine( 1025): handleMessage: X
W/PackageParser(19627): No actions in intent filter at /storage/emulated/0/Download/GiftMe-release.apk Binary XML file line #15
E/cutils  (  261): Failed to mkdirat(/storage/sdcard1/Android): Read-only file system
W/Vold    (  261): Returning OperationFailed - no handler for errno 30
W/ContextImpl(19471): Failed to ensure directory: /storage/sdcard1/Android/data/com.ghisler.android.TotalCommander/files
I/Adreno-EGL(19627): <qeglDrvAPI_eglInitialize:410>: EGL 1.4 QUALCOMM build: AU_LINUX_ANDROID_LNX.LA.3.5.1_RB1.04.04.02.048.018_msm8226_LNX.LA.3.5.1_RB1__release_AU ()
I/Adreno-EGL(19627): OpenGL ES Shader Compiler Version: E031.24.00.08
I/Adreno-EGL(19627): Build Date: 03/07/14 Fri
I/Adreno-EGL(19627): Local Branch: 
I/Adreno-EGL(19627): Remote Branch: quic/LNX.LA.3.5.1_RB1.1
I/Adreno-EGL(19627): Local Patches: NONE
I/Adreno-EGL(19627): Reconstruct Branch: AU_LINUX_ANDROID_LNX.LA.3.5.1_RB1.04.04.02.048.018 + f2fd134 +  NOTHING
D/OpenGLRenderer(19627): Enabling debug mode 0
V/RenderScript(19627): 0x6058e018 Launching thread(s), CPUs 4
I/LaunchCheckinHandler( 1025): Displayed com.android.packageinstaller/.PackageInstallerActivity,cp,ca,824
I/ActivityManager( 1025): Displayed com.android.packageinstaller/.PackageInstallerActivity: +824ms
I/SFPerfTracer(  274):      triggers: (rate: 1249:49585) (compose: 0:251) (post: 0:20) (render: 84:10545) (8:778998 frames) (9:3295600)
D/SFPerfTracer(  274):        layers: (4:12) (DimLayer: 0:158)* (DimLayer: 0:126)* (FocusedStackFrame: 0:21449)* (StatusBar: 0:263414) (NavigationBar: 0:202128) (DimLayer: 0:24283)* (DimLayer: 0:4658)* (com.android.wallpaper.fall.FallWallpaper: 0:9253)* (com.ghisler.android.TotalCommander/com.ghisler.android.TotalCommander.TotalCommander: 0:146)* (GiftMe-release.apk: 0:33)* (Starting com.android.packageinstaller: 9:38) (com.android.packageinstaller/com.android.packageinstaller.PackageInstallerActivity: 1:18) 
D/WifiStateMachine( 1025): handleMessage: E msg.what=131155
D/WifiStateMachine( 1025): processMsg: ConnectedState
D/WifiStateMachine( 1025): processMsg: L2ConnectedState
D/WifiStateMachine( 1025): handleMessage: X
D/WifiStateMachine( 1025): handleMessage: E msg.what=151572
D/WifiStateMachine( 1025): processMsg: ConnectedState
D/WifiStateMachine( 1025): processMsg: L2ConnectedState
D/WifiStateMachine( 1025): handleMessage: X
D/WifiStateMachine( 1025): handleMessage: E msg.what=151572
D/WifiStateMachine( 1025): processMsg: ConnectedState
D/WifiStateMachine( 1025): processMsg: L2ConnectedState
D/WifiStateMachine( 1025): handleMessage: X
I/SFPerfTracer(  274):      triggers: (rate: 1116:446493) (339317 sw vsyncs) (1044958 skipped) (17:3313893 vsyncs) (19:4152683)
I/ActivityManager( 1025): START u0 {dat=file:///storage/emulated/0/Download/GiftMe-release.apk cmp=com.android.packageinstaller/.InstallAppProgress (has extras)} from pid 19627
W/ContextImpl( 1295): Calling a method in the system process without a qualified user: android.app.ContextImpl.sendBroadcast:1252 android.content.ContextWrapper.sendBroadcast:365 com.motorola.motocare.util.TriggerHelper$TriggerBuilder.send:76 com.motorola.motocare.internal.frameworkevents.PauseResumeTrigger.handleFrameworkEvent:53 com.motorola.motocare.internal.frameworkevents.FwEventMonitor$FrameworkListener.processFrameworkEvent:114 
W/ContextImpl( 1295): Calling a method in the system process without a qualified user: android.app.ContextImpl.sendBroadcast:1252 android.content.ContextWrapper.sendBroadcast:365 com.motorola.motocare.util.TriggerHelper$TriggerBuilder.send:76 com.motorola.motocare.internal.frameworkevents.PauseResumeTrigger.handleFrameworkEvent:53 com.motorola.motocare.internal.frameworkevents.FwEventMonitor$FrameworkListener.processFrameworkEvent:114 
W/InstallAppProgress(19627): Replacing package:co.giftmeapp.gift_me
I/ActivityManager( 1025): Start proc com.android.defcontainer for service com.android.defcontainer/.DefaultContainerService: pid=19659 uid=10013 gids={50013, 1028, 1015, 1023, 2001, 1035}
I/LaunchCheckinHandler( 1025): Displayed com.android.packageinstaller/.InstallAppProgress,wp,ca,152
I/ActivityManager( 1025): Displayed com.android.packageinstaller/.InstallAppProgress: +152ms
W/ActivityManager( 1025): No content provider found for permission revoke: file:///storage/emulated/0/Download/GiftMe-release.apk
D/WifiStateMachine( 1025): handleMessage: E msg.what=151572
D/WifiStateMachine( 1025): processMsg: ConnectedState
D/WifiStateMachine( 1025): processMsg: L2ConnectedState
I/ActivityManager( 1025): Start proc com.android.vending for broadcast com.android.vending/com.google.android.vending.verifier.PackageVerificationReceiver: pid=19682 uid=10039 gids={50039, 3003, 1028, 1015}
D/WifiStateMachine( 1025): handleMessage: X
D/Finsky  (19682): [1] FinskyApp.onCreate: Initializing network with DFE https://android.clients.google.com/fdfe/
D/Finsky  (19682): [1] DailyHygiene.goMakeHygieneIfDirty: No need to run daily hygiene.
W/Settings(19682): Setting download_manager_max_bytes_over_mobile has moved from android.provider.Settings.Secure to android.provider.Settings.Global.
W/Settings(19682): Setting download_manager_recommended_max_bytes_over_mobile has moved from android.provider.Settings.Secure to android.provider.Settings.Global.
I/dalvikvm(19682): Could not find method com.google.android.play.layout.PlayCardViewBase.setTransitionName, referenced from method com.google.android.finsky.utils.PlayCardUtils.bindCard
W/dalvikvm(19682): VFY: unable to resolve virtual method 42705: Lcom/google/android/play/layout/PlayCardViewBase;.setTransitionName (Ljava/lang/String;)V
D/dalvikvm(19682): VFY: replacing opcode 0x6e at 0x00d9
I/dalvikvm(19682): Could not find method com.google.android.play.layout.PlayCardViewBase.setTransitionGroup, referenced from method com.google.android.finsky.utils.PlayCardUtils.bindCard
W/dalvikvm(19682): VFY: unable to resolve virtual method 42704: Lcom/google/android/play/layout/PlayCardViewBase;.setTransitionGroup (Z)V
D/dalvikvm(19682): VFY: replacing opcode 0x6e at 0x0246
I/dalvikvm(19682): Could not find method android.view.View.getTransitionName, referenced from method com.google.android.finsky.navigationmanager.NavigationManager.showPage
W/dalvikvm(19682): VFY: unable to resolve virtual method 9352: Landroid/view/View;.getTransitionName ()Ljava/lang/String;
D/dalvikvm(19682): VFY: replacing opcode 0x6e at 0x001a
D/Finsky  (19682): [1] PackageVerificationReceiver.onReceive: Verification requested, id = 212
D/Finsky  (19682): [1] 2.run: Loaded library for account: [gKXbJhL8NA2nPUzZyFpjB6tKi7U]
D/Finsky  (19682): [1] 2.run: Finished loading 1 libraries.
D/Finsky  (19682): [1] WorkerTask.onPreExecute: Verification Requested for id = 212, data=file:///storage/emulated/0/Download/GiftMe-release.apk flags=18 fromVerificationActivity=false
W/PackageParser(19682): No actions in intent filter at /storage/emulated/0/Download/GiftMe-release.apk Binary XML file line #15
D/Finsky  (19682): [1] GmsCoreHelper.cleanupNlp: result=false type=4
D/Finsky  (19682): [1] RestoreTracker.stopServiceIfDone: Restore complete with 0 success and 0 failed.
D/WifiStateMachine( 1025): handleMessage: E msg.what=151572
D/WifiStateMachine( 1025): processMsg: ConnectedState
D/WifiStateMachine( 1025): processMsg: L2ConnectedState
D/WifiStateMachine( 1025): handleMessage: X
D/WifiStateMachine( 1025): handleMessage: E msg.what=131155
D/WifiStateMachine( 1025): processMsg: ConnectedState
D/WifiStateMachine( 1025): processMsg: L2ConnectedState
D/WifiStateMachine( 1025): handleMessage: X
I/MDMCTBK (  273): NetlinkHandler, power_supply subsys
I/MDMCTBK (  273): NetlinkHandler, usbChargerStateChanged
I/MDMCTBK (  273): checkDefaultInst, current pid is = 273
I/MDMCTBK (  273): checkDefaultInst, pid match
I/MDMCTBK (  273): MdmCutbackHndler,readFromFile = /sys/class/power_supply/usb/online
I/MDMCTBK (  273): MdmCutbackHndler,readFromFile = 
E/MDMCTBK (  273): MdmCutbackHndler,Could not open ''
I/MDMCTBK (  273): NetlinkHandler, power_supply subsys
I/MDMCTBK (  273): NetlinkHandler, usbChargerStateChanged
I/MDMCTBK (  273): checkDefaultInst, current pid is = 273
I/MDMCTBK (  273): checkDefaultInst, pid match
I/MDMCTBK (  273): MdmCutbackHndler,readFromFile = /sys/class/power_supply/usb/online
I/MDMCTBK (  273): MdmCutbackHndler,readFromFile = 
E/MDMCTBK (  273): MdmCutbackHndler,Could not open ''
I/wpa_supplicant( 1113): wlan0: WPA: Group rekeying completed with 70:54:d2:ae:26:93 [GTK=TKIP]
D/MDMCTBK (  273): reply_len: 40 reply is = IFNAME=wlan0 <3>CTRL-EVENT-STATE-CHANGE 
D/MDMCTBK (  273): Event received = CTRL-EVENT-STATE-CHANGE 
D/MDMCTBK (  273): reply_len: 40 reply is = IFNAME=wlan0 <3>WPA: Group rekeying comp
D/MDMCTBK (  273): Event received = WPA: Group rekeying comp
D/MDMCTBK (  273): reply_len: 40 reply is = IFNAME=wlan0 <3>CTRL-EVENT-STATE-CHANGE 
D/MDMCTBK (  273): Event received = CTRL-EVENT-STATE-CHANGE 
D/WifiStateMachine( 1025): handleMessage: E msg.what=147462
D/WifiStateMachine( 1025): processMsg: ConnectedState
D/WifiStateMachine( 1025): processMsg: L2ConnectedState
D/WifiStateMachine( 1025): processMsg: ConnectModeState
D/WifiStateMachine( 1025): handleMessage: X
D/WifiStateMachine( 1025): handleMessage: E msg.what=147462
D/WifiStateMachine( 1025): processMsg: ConnectedState
D/WifiStateMachine( 1025): processMsg: L2ConnectedState
D/WifiStateMachine( 1025): processMsg: ConnectModeState
D/WifiStateMachine( 1025): handleMessage: X
I/SFPerfTracer(  274):      triggers: (rate: 1116:446493) (339317 sw vsyncs) (1044958 skipped) (0:3313946 vsyncs) (2:4152785)
D/WifiStateMachine( 1025): handleMessage: E msg.what=151572
D/WifiStateMachine( 1025): processMsg: ConnectedState
D/WifiStateMachine( 1025): processMsg: L2ConnectedState
D/WifiStateMachine( 1025): handleMessage: X
I/qtaguid (19682): Failed write_ctrl(u 64) res=-1 errno=22
I/qtaguid (19682): Untagging socket 64 failed errno=-22
W/NetworkManagementSocketTagger(19682): untagSocket(64) failed with errno -22
D/Finsky  (19682): [1] 2.onResponse: Verification id=212 response=0
D/Finsky  (19682): [1] PackageVerificationReceiver.onReceive: Verification requested, id = 212
I/ActivityManager( 1025): Process com.android.vending (pid 19682) has died.
W/ActivityManager( 1025): No content provider found for permission revoke: file:///storage/emulated/0/Download/GiftMe-release.apk
I/PackageManager( 1025): Copying native libraries to /data/app-lib/vmdl965507613
I/SFPerfTracer(  274):      triggers: (rate: 1249:49585) (compose: 0:251) (post: 0:20) (render: 84:10545) (0:779016 frames) (1:3295700)
D/SFPerfTracer(  274):        layers: (3:11) (DimLayer: 0:158)* (DimLayer: 0:126)* (FocusedStackFrame: 0:21454)* (StatusBar: 0:263419) (NavigationBar: 0:202128) (DimLayer: 0:24283)* (DimLayer: 0:4660)* (com.android.wallpaper.fall.FallWallpaper: 0:9253)* (Starting com.android.packageinstaller: 0:39)* (com.android.packageinstaller/com.android.packageinstaller.PackageInstallerActivity: 0:54)* (com.android.packageinstaller/com.android.packageinstaller.InstallAppProgress: 1:76) 
W/PackageParser( 1025): No actions in intent filter at /data/app/vmdl965507613.tmp Binary XML file line #15
D/Ulp_jni ( 1025): Location CB invoked
D/WifiStateMachine( 1025): handleMessage: E msg.what=151572
D/WifiStateMachine( 1025): processMsg: ConnectedState
D/WifiStateMachine( 1025): processMsg: L2ConnectedState
D/WifiStateMachine( 1025): handleMessage: X
I/ActivityManager( 1025): Force stopping co.giftmeapp.gift_me appid=10155 user=-1: uninstall pkg
I/PackageManager( 1025): Package co.giftmeapp.gift_me codePath changed from /data/app/co.giftmeapp.gift_me-1.apk to /data/app/co.giftmeapp.gift_me-2.apk; Retaining data and using new
I/PackageManager( 1025): Running dexopt on: co.giftmeapp.gift_me
D/WifiStateMachine( 1025): handleMessage: E msg.what=151572
D/WifiStateMachine( 1025): processMsg: ConnectedState
D/WifiStateMachine( 1025): processMsg: L2ConnectedState
D/WifiStateMachine( 1025): handleMessage: X
D/WifiStateMachine( 1025): handleMessage: E msg.what=131155
D/WifiStateMachine( 1025): processMsg: ConnectedState
D/WifiStateMachine( 1025): processMsg: L2ConnectedState
D/WifiStateMachine( 1025): handleMessage: X
I/SFPerfTracer(  274):      triggers: (rate: 1116:446493) (339317 sw vsyncs) (1044958 skipped) (21:3313967 vsyncs) (23:4152890)
D/dalvikvm(19747): DexOpt: load 131ms, verify+opt 652ms, 2178868 bytes
I/ActivityManager( 1025): Force stopping co.giftmeapp.gift_me appid=10155 user=-1: update pkg
W/PackageManager( 1025): Code path for pkg : co.giftmeapp.gift_me changing from /data/app/co.giftmeapp.gift_me-1.apk to /data/app/co.giftmeapp.gift_me-2.apk
W/PackageManager( 1025): Resource path for pkg : co.giftmeapp.gift_me changing from /data/app/co.giftmeapp.gift_me-1.apk to /data/app/co.giftmeapp.gift_me-2.apk
D/WifiStateMachine( 1025): handleMessage: E msg.what=151572
D/WifiStateMachine( 1025): processMsg: ConnectedState
D/WifiStateMachine( 1025): processMsg: L2ConnectedState
D/dalvikvm( 1025): GC_CONCURRENT freed 5270K, 40% free 30648K/50444K, paused 7ms+18ms, total 159ms
D/dalvikvm( 1025): WAIT_FOR_CONCURRENT_GC blocked 116ms
D/dalvikvm( 1025): WAIT_FOR_CONCURRENT_GC blocked 118ms
D/dalvikvm( 1025): WAIT_FOR_CONCURRENT_GC blocked 45ms
D/WifiStateMachine( 1025): handleMessage: X
I/ActivityManager( 1025): Force stopping co.giftmeapp.gift_me appid=10155 user=0: pkg removed
D/dalvikvm( 2458): GC_EXPLICIT freed 1856K, 45% free 9549K/17224K, paused 2ms+5ms, total 30ms
D/dalvikvm(19471): GC_EXPLICIT freed 1481K, 39% free 10508K/17224K, paused 1ms+4ms, total 60ms
I/PackageManager( 1025): Adding preferred activity ComponentInfo{com.android.mms/com.android.mms.ui.ComposeMessageActivity} for user 0 :
I/PackageManager( 1025):   Action: "android.intent.action.SENDTO"
I/PackageManager( 1025):   Category: "android.intent.category.DEFAULT"
I/PackageManager( 1025):   Scheme: "sms"
I/InputReader( 1025): Reconfiguring input devices.  changes=0x00000010
D/dalvikvm( 1119): GC_EXPLICIT freed 2366K, 34% free 13490K/20224K, paused 2ms+11ms, total 61ms
D/dalvikvm( 2206): GC_EXPLICIT freed 851K, 18% free 14602K/17708K, paused 2ms+74ms, total 115ms
I/PackageManager( 1025): Adding preferred activity ComponentInfo{com.android.mms/com.android.mms.ui.ComposeMessageActivity} for user 0 :
I/PackageManager( 1025):   Action: "android.intent.action.SENDTO"
I/PackageManager( 1025):   Category: "android.intent.category.DEFAULT"
I/PackageManager( 1025):   Scheme: "smsto"
I/InputReader( 1025): Reconfiguring input devices.  changes=0x00000010
I/PackageManager( 1025): Adding preferred activity ComponentInfo{com.android.mms/com.android.mms.ui.ComposeMessageActivity} for user 0 :
I/PackageManager( 1025):   Action: "android.intent.action.SENDTO"
I/PackageManager( 1025):   Category: "android.intent.category.DEFAULT"
I/PackageManager( 1025):   Scheme: "mms"
I/Launcher( 2206): Deferring update until onResume
I/PackageManager( 1025): Adding preferred activity ComponentInfo{com.android.mms/com.android.mms.ui.ComposeMessageActivity} for user 0 :
I/PackageManager( 1025):   Action: "android.intent.action.SENDTO"
I/PackageManager( 1025):   Category: "android.intent.category.DEFAULT"
I/PackageManager( 1025):   Scheme: "mmsto"
I/InputReader( 1025): Reconfiguring input devices.  changes=0x00000010
I/PackageManager( 1025): Adding preferred activity ComponentInfo{com.android.mms/com.android.mms.ui.ComposeMessageActivity} for user 0 :
I/PackageManager( 1025):   Action: "android.intent.action.SENDTO"
I/PackageManager( 1025):   Category: "android.intent.category.DEFAULT"
I/PackageManager( 1025):   Scheme: "sms"
I/PackageManager( 1025): Adding preferred activity ComponentInfo{com.android.mms/com.android.mms.ui.ComposeMessageActivity} for user 0 :
I/PackageManager( 1025):   Action: "android.intent.action.SENDTO"
I/PackageManager( 1025):   Category: "android.intent.category.DEFAULT"
I/PackageManager( 1025):   Scheme: "smsto"
I/ActivityManager( 1025): Start proc com.android.keychain for broadcast com.android.keychain/.KeyChainBroadcastReceiver: pid=19758 uid=1000 gids={41000, 1028, 1015, 3002, 3001, 3003, 1021, 3004, 3005, 1000, 3009, 1023, 1010, 1004, 2002, 3006}
D/dalvikvm( 1025): GC_EXPLICIT freed 1229K, 41% free 30176K/50444K, paused 7ms+19ms, total 180ms
W/InputMethodInfo( 1025): Duplicated subtype definition found: , voice
I/PackageManager( 1025): Adding preferred activity ComponentInfo{com.android.mms/com.android.mms.ui.ComposeMessageActivity} for user 0 :
I/PackageManager( 1025):   Action: "android.intent.action.SENDTO"
I/PackageManager( 1025):   Category: "android.intent.category.DEFAULT"
I/PackageManager( 1025):   Scheme: "mms"
I/PackageManager( 1025): Adding preferred activity ComponentInfo{com.android.mms/com.android.mms.ui.ComposeMessageActivity} for user 0 :
I/PackageManager( 1025):   Action: "android.intent.action.SENDTO"
I/PackageManager( 1025):   Category: "android.intent.category.DEFAULT"
I/PackageManager( 1025):   Scheme: "mmsto"
D/WifiStateMachine( 1025): handleMessage: E msg.what=151572
D/WifiStateMachine( 1025): processMsg: ConnectedState
D/WifiStateMachine( 1025): processMsg: L2ConnectedState
I/PackageManager( 1025): Adding preferred activity ComponentInfo{com.android.mms/com.android.mms.ui.ComposeMessageActivity} for user 0 :
I/PackageManager( 1025):   Action: "android.intent.action.SENDTO"
I/PackageManager( 1025):   Category: "android.intent.category.DEFAULT"
I/PackageManager( 1025):   Scheme: "sms"
I/Launcher( 2206): Deferring update until onResume
D/WifiStateMachine( 1025): handleMessage: X
