D/WifiStateMachine(  588): L2ConnectedState{ what=131155 when=-3ms target=Handler (com.android.internal.util.StateMachine$SmHandler) {42568e58} arg1=257 }
I/wpa_ctrl(  588): [wpa_ctrl_request] ctrl address = 51174668, ctrl_conn address = 0
D/WifiStateMachine(  588): fetchRssiAndLinkSpeedNative RSSI = -41
D/StateMachine(  588): handleMessage: X
D/TELEPHONY_CALLBACK(  811): @onSignalStrengthChanged: SignalStrength: 4 -1 -1 -1 -1 -1 -1 -1 -1 -1 2147483647 -1 gsm|lte
D/StatusBar.NetworkController(  811): dumpState[hasService=true ServiceState=0 home 3 3 27202  HSPA CSS not supported -1 -1 RoamInd=-1 DefRoamInd=-1EriInd= -1EriMode= -1RadioPowerSv: false EmergOnly=false PhoneType: 1 IsCdma=false SimState=UNKNOWN GprsState=0 DataState=Disconnected DataActivity=NONE NetworkType=HSPA HtcModemLinkOn=false HspaDataDistinquishable=true]
D/SIGNAL_ICON(  811): updateTelephonySignalStrength
D/SIGNAL_ICON(  811): fakeui srv=0 mTimerEnabled=false asu=4
D/SIGNAL_ICON(  811): asu=4
D/SIGNAL_ICON(  811): SUPPORT_5_LEVEL_SIGNAL
D/SIGNAL_ICON(  811): mapTelephonySignalStrength
D/SIGNAL_ICON(  811): maxLevel=5 asu=4 networkType=HSPA
D/SIGNAL_ICON(  811): return iconLevel=2
D/StatusBar.NetworkController(  811): dumpIconState[dataVisible=false dataIconId=stat_sys_data_out_3g_plus signalIconId=stat_sys_5signal_2 wifiVisible=true wifiIconId=stat_sys_wifi_signal_4 airplaneMode=false]
D/StateMachine(  588): handleMessage: E msg.what=131155
D/StateMachine(  588): processMsg: ConnectedState
D/WifiStateMachine(  588): ConnectedState{ what=131155 when=-4ms target=Handler (com.android.internal.util.StateMachine$SmHandler) {42568e58} arg1=257 }
D/StateMachine(  588): processMsg: L2ConnectedState
D/WifiStateMachine(  588): L2ConnectedState{ what=131155 when=-5ms target=Handler (com.android.internal.util.StateMachine$SmHandler) {42568e58} arg1=257 }
I/wpa_ctrl(  588): [wpa_ctrl_request] ctrl address = 51174668, ctrl_conn address = 0
D/WifiStateMachine(  588): fetchRssiAndLinkSpeedNative RSSI = -48
D/StateMachine(  588): handleMessage: X
D/PowerManagerService(  588): acquireWakeLock(42aba1d8): PARTIAL_WAKE_LOCK , tag=AlarmManager, flags=0x1, pid=588, uid=1000, mUserState=0x3
V/AlarmManager(  588): sending alarm PendingIntent{422c63f8: PendingIntentRecord{42482cd0 android broadcastIntent}}, intent=android.intent.action.TIME_TICK, type=RTC, count=1, when=1427825760000, repeateInterval=0
D/PowerManagerService(  588): releaseWakeLock(42aba1d8): PARTIAL_WAKE_LOCK , tag=AlarmManager, flags=0x1
W/ManagedEGLContext( 1222): doTerminate failed: EGL count is 2 but managed count is 1
D/StateMachine(  588): handleMessage: E msg.what=131155
D/StateMachine(  588): processMsg: ConnectedState
D/WifiStateMachine(  588): ConnectedState{ what=131155 when=-4ms target=Handler (com.android.internal.util.StateMachine$SmHandler) {42568e58} arg1=257 }
D/StateMachine(  588): processMsg: L2ConnectedState
D/WifiStateMachine(  588): L2ConnectedState{ what=131155 when=-6ms target=Handler (com.android.internal.util.StateMachine$SmHandler) {42568e58} arg1=257 }
I/wpa_ctrl(  588): [wpa_ctrl_request] ctrl address = 51174668, ctrl_conn address = 0
D/WifiStateMachine(  588): fetchRssiAndLinkSpeedNative RSSI = -49
D/StateMachine(  588): handleMessage: X
D/TELEPHONY_CALLBACK(  811): @onSignalStrengthChanged: SignalStrength: 4 -1 -1 -1 -1 -1 -1 -1 -1 -1 2147483647 -1 gsm|lte
D/StatusBar.NetworkController(  811): dumpState[hasService=true ServiceState=0 home 3 3 27202  HSPA CSS not supported -1 -1 RoamInd=-1 DefRoamInd=-1EriInd= -1EriMode= -1RadioPowerSv: false EmergOnly=false PhoneType: 1 IsCdma=false SimState=UNKNOWN GprsState=0 DataState=Disconnected DataActivity=NONE NetworkType=HSPA HtcModemLinkOn=false HspaDataDistinquishable=true]
D/SIGNAL_ICON(  811): updateTelephonySignalStrength
D/SIGNAL_ICON(  811): fakeui srv=0 mTimerEnabled=false asu=4
D/SIGNAL_ICON(  811): asu=4
D/SIGNAL_ICON(  811): SUPPORT_5_LEVEL_SIGNAL
D/SIGNAL_ICON(  811): mapTelephonySignalStrength
D/SIGNAL_ICON(  811): maxLevel=5 asu=4 networkType=HSPA
D/SIGNAL_ICON(  811): return iconLevel=2
D/StatusBar.NetworkController(  811): dumpIconState[dataVisible=false dataIconId=stat_sys_data_out_3g_plus signalIconId=stat_sys_5signal_2 wifiVisible=true wifiIconId=stat_sys_wifi_signal_4 airplaneMode=false]
D/StateMachine(  588): handleMessage: E msg.what=131155
D/StateMachine(  588): processMsg: ConnectedState
D/WifiStateMachine(  588): ConnectedState{ what=131155 when=-3ms target=Handler (com.android.internal.util.StateMachine$SmHandler) {42568e58} arg1=257 }
D/StateMachine(  588): processMsg: L2ConnectedState
D/WifiStateMachine(  588): L2ConnectedState{ what=131155 when=-4ms target=Handler (com.android.internal.util.StateMachine$SmHandler) {42568e58} arg1=257 }
I/wpa_ctrl(  588): [wpa_ctrl_request] ctrl address = 51174668, ctrl_conn address = 0
D/WifiStateMachine(  588): fetchRssiAndLinkSpeedNative RSSI = -50
D/StateMachine(  588): handleMessage: X
D/TELEPHONY_CALLBACK(  811): @onSignalStrengthChanged: SignalStrength: 3 -1 -1 -1 -1 -1 -1 -1 -1 -1 2147483647 -1 gsm|lte
D/StatusBar.NetworkController(  811): dumpState[hasService=true ServiceState=0 home 3 3 27202  HSPA CSS not supported -1 -1 RoamInd=-1 DefRoamInd=-1EriInd= -1EriMode= -1RadioPowerSv: false EmergOnly=false PhoneType: 1 IsCdma=false SimState=UNKNOWN GprsState=0 DataState=Disconnected DataActivity=NONE NetworkType=HSPA HtcModemLinkOn=false HspaDataDistinquishable=true]
D/SIGNAL_ICON(  811): updateTelephonySignalStrength
D/SIGNAL_ICON(  811): fakeui srv=0 mTimerEnabled=false asu=3
D/SIGNAL_ICON(  811): asu=3
D/SIGNAL_ICON(  811): SUPPORT_5_LEVEL_SIGNAL
D/SIGNAL_ICON(  811): mapTelephonySignalStrength
D/SIGNAL_ICON(  811): maxLevel=5 asu=3 networkType=HSPA
D/SIGNAL_ICON(  811): return iconLevel=1
D/SIGNAL_ICON(  811): refreshViews: mPhoneSignalIconId -> stat_sys_5signal_1
D/StatusBar.NetworkController(  811): dumpIconState[dataVisible=false dataIconId=stat_sys_data_out_3g_plus signalIconId=stat_sys_5signal_1 wifiVisible=true wifiIconId=stat_sys_wifi_signal_4 airplaneMode=false]
D/StateMachine(  588): handleMessage: E msg.what=131155
D/StateMachine(  588): processMsg: ConnectedState
D/WifiStateMachine(  588): ConnectedState{ what=131155 when=-4ms target=Handler (com.android.internal.util.StateMachine$SmHandler) {42568e58} arg1=257 }
D/StateMachine(  588): processMsg: L2ConnectedState
D/WifiStateMachine(  588): L2ConnectedState{ what=131155 when=-5ms target=Handler (com.android.internal.util.StateMachine$SmHandler) {42568e58} arg1=257 }
I/wpa_supplicant(  789): Change stage from stage0 to stage3
I/wpa_supplicant(  789): wlan0: Background scan every 600 seconds
I/wpa_ctrl(  588): [wpa_ctrl_request] ctrl address = 51174668, ctrl_conn address = 0
D/WifiStateMachine(  588): fetchRssiAndLinkSpeedNative RSSI = -56
D/StateMachine(  588): handleMessage: X
D/TELEPHONY_CALLBACK(  811): @onSignalStrengthChanged: SignalStrength: 3 -1 -1 -1 -1 -1 -1 -1 -1 -1 2147483647 -1 gsm|lte
D/StatusBar.NetworkController(  811): dumpState[hasService=true ServiceState=0 home 3 3 27202  HSPA CSS not supported -1 -1 RoamInd=-1 DefRoamInd=-1EriInd= -1EriMode= -1RadioPowerSv: false EmergOnly=false PhoneType: 1 IsCdma=false SimState=UNKNOWN GprsState=0 DataState=Disconnected DataActivity=NONE NetworkType=HSPA HtcModemLinkOn=false HspaDataDistinquishable=true]
D/SIGNAL_ICON(  811): updateTelephonySignalStrength
D/SIGNAL_ICON(  811): fakeui srv=0 mTimerEnabled=false asu=3
D/SIGNAL_ICON(  811): asu=3
D/SIGNAL_ICON(  811): SUPPORT_5_LEVEL_SIGNAL
D/SIGNAL_ICON(  811): mapTelephonySignalStrength
D/SIGNAL_ICON(  811): maxLevel=5 asu=3 networkType=HSPA
D/SIGNAL_ICON(  811): return iconLevel=1
D/StatusBar.NetworkController(  811): dumpIconState[dataVisible=false dataIconId=stat_sys_data_out_3g_plus signalIconId=stat_sys_5signal_1 wifiVisible=true wifiIconId=stat_sys_wifi_signal_4 airplaneMode=false]
D/StateMachine(  588): handleMessage: E msg.what=131155
D/StateMachine(  588): processMsg: ConnectedState
D/WifiStateMachine(  588): ConnectedState{ what=131155 when=-4ms target=Handler (com.android.internal.util.StateMachine$SmHandler) {42568e58} arg1=257 }
D/StateMachine(  588): processMsg: L2ConnectedState
D/WifiStateMachine(  588): L2ConnectedState{ what=131155 when=-5ms target=Handler (com.android.internal.util.StateMachine$SmHandler) {42568e58} arg1=257 }
I/wpa_ctrl(  588): [wpa_ctrl_request] ctrl address = 51174668, ctrl_conn address = 0
D/WifiStateMachine(  588): fetchRssiAndLinkSpeedNative RSSI = -54
D/StateMachine(  588): handleMessage: X
D/StateMachine(  588): handleMessage: E msg.what=131155
D/StateMachine(  588): processMsg: ConnectedState
D/WifiStateMachine(  588): ConnectedState{ what=131155 when=-3ms target=Handler (com.android.internal.util.StateMachine$SmHandler) {42568e58} arg1=257 }
D/StateMachine(  588): processMsg: L2ConnectedState
D/WifiStateMachine(  588): L2ConnectedState{ what=131155 when=-3ms target=Handler (com.android.internal.util.StateMachine$SmHandler) {42568e58} arg1=257 }
I/wpa_ctrl(  588): [wpa_ctrl_request] ctrl address = 51174668, ctrl_conn address = 0
D/WifiStateMachine(  588): fetchRssiAndLinkSpeedNative RSSI = -51
D/StateMachine(  588): handleMessage: X
D/StateMachine(  588): handleMessage: E msg.what=131155
D/StateMachine(  588): processMsg: ConnectedState
D/WifiStateMachine(  588): ConnectedState{ what=131155 when=-4ms target=Handler (com.android.internal.util.StateMachine$SmHandler) {42568e58} arg1=257 }
D/StateMachine(  588): processMsg: L2ConnectedState
D/WifiStateMachine(  588): L2ConnectedState{ what=131155 when=-6ms target=Handler (com.android.internal.util.StateMachine$SmHandler) {42568e58} arg1=257 }
I/wpa_ctrl(  588): [wpa_ctrl_request] ctrl address = 51174668, ctrl_conn address = 0
D/WifiStateMachine(  588): fetchRssiAndLinkSpeedNative RSSI = -54
D/StateMachine(  588): handleMessage: X
D/StateMachine(  588): handleMessage: E msg.what=131155
D/StateMachine(  588): processMsg: ConnectedState
D/WifiStateMachine(  588): ConnectedState{ what=131155 when=-5ms target=Handler (com.android.internal.util.StateMachine$SmHandler) {42568e58} arg1=257 }
D/StateMachine(  588): processMsg: L2ConnectedState
D/WifiStateMachine(  588): L2ConnectedState{ what=131155 when=-6ms target=Handler (com.android.internal.util.StateMachine$SmHandler) {42568e58} arg1=257 }
I/wpa_ctrl(  588): [wpa_ctrl_request] ctrl address = 51174668, ctrl_conn address = 0
D/WifiStateMachine(  588): fetchRssiAndLinkSpeedNative RSSI = -55
D/StateMachine(  588): handleMessage: X
D/BatteryService(  588): updateBatteryStats: auto update.
D/PowerManagerService(  588): acquireWakeLock(420f18f8): PARTIAL_WAKE_LOCK , tag=BatteryServiceUpdateStats, flags=0x1, pid=588, uid=1000, mUserState=0x3
D/PowerManagerService(  588): releaseWakeLock(420f18f8): PARTIAL_WAKE_LOCK , tag=BatteryServiceUpdateStats, flags=0x1
D/BatteryService(  588): updateBatteryStats: update triggered by UEvent.
D/PowerManagerService(  588): acquireWakeLock(42ae3b50): PARTIAL_WAKE_LOCK , tag=BatteryServiceUpdateStats, flags=0x1, pid=588, uid=1000, mUserState=0x3
D/HtcPowerSaver(  588): Received battery changed intent.
D/UsbnetService(  588): BroadcastReceiver::onReceive+
D/UsbnetService(  588): onReceive BATTERY_CHANGED
D/UsbnetService(  588):  --> pluggedType = 2, mPluggedType = 0, mScreenOff = false
D/UsbnetService(  588): BroadcastReceiver::onReceive-
D/WifiService(  588): ACTION_BATTERY_CHANGED pluggedType: 2
D/NotificationService(  588): mIntentReceiver() Intent.ACTION_BATTERY_CHANGED
D/HtcPowerSaver(  588): Checking...
I/HtcPowerSaver(  588): >> updateStatus
D/PowerUI (  811): closing low battery warning: level=19
D/PowerManagerService(  588): runHtcPowerSaverCheck ======================================
I/HtcPowerSaver(  588): currentStatus=8002, currentLevel=19, enableLevel=-1, enable=true, mAutoModeOn=false, popDialog=false, statusChangeTo=-1
I/HtcPowerSaver(  588): << updateStatus
D/PowerUI (  811): plugged = true, health = 2, mBatteryLevel = 19, mPluggedBatteryLevel = 12, mLowBatteryWarningLevel2 = 25, mshowLowChargingWarning2 = true
D/PowerManagerService(  588): releaseWakeLock(42ae3b50): PARTIAL_WAKE_LOCK , tag=BatteryServiceUpdateStats, flags=0x1
D/SizeAdaptiveLayout(  811): com.android.internal.widget.SizeAdaptiveLayout@41e6c8a0child view android.widget.LinearLayout@41e6eca0 measured out of bounds at 95px clamped to 96px
D/StateMachine(  588): handleMessage: E msg.what=131155
D/StateMachine(  588): processMsg: ConnectedState
D/WifiStateMachine(  588): ConnectedState{ what=131155 when=-4ms target=Handler (com.android.internal.util.StateMachine$SmHandler) {42568e58} arg1=257 }
D/StateMachine(  588): processMsg: L2ConnectedState
D/WifiStateMachine(  588): L2ConnectedState{ what=131155 when=-6ms target=Handler (com.android.internal.util.StateMachine$SmHandler) {42568e58} arg1=257 }
I/wpa_ctrl(  588): [wpa_ctrl_request] ctrl address = 51174668, ctrl_conn address = 0
D/WifiStateMachine(  588): fetchRssiAndLinkSpeedNative RSSI = -54
D/StateMachine(  588): handleMessage: X
D/StateMachine(  588): handleMessage: E msg.what=131155
D/StateMachine(  588): processMsg: ConnectedState
D/WifiStateMachine(  588): ConnectedState{ what=131155 when=-3ms target=Handler (com.android.internal.util.StateMachine$SmHandler) {42568e58} arg1=257 }
D/StateMachine(  588): processMsg: L2ConnectedState
D/WifiStateMachine(  588): L2ConnectedState{ what=131155 when=-3ms target=Handler (com.android.internal.util.StateMachine$SmHandler) {42568e58} arg1=257 }
I/wpa_ctrl(  588): [wpa_ctrl_request] ctrl address = 51174668, ctrl_conn address = 0
D/WifiStateMachine(  588): fetchRssiAndLinkSpeedNative RSSI = -53
D/StateMachine(  588): handleMessage: X
D/PowerManagerService(  588): acquireWakeLock(42653388): PARTIAL_WAKE_LOCK , tag=AlarmManager, flags=0x1, pid=588, uid=1000, mUserState=0x3
V/AlarmManager(  588): sending alarm PendingIntent{422c3de0: PendingIntentRecord{4297c158 android broadcastIntent}}, intent=android.net.wifi.DHCP_RENEW, type=ELAPSED_REALTIME_WAKEUP, count=1, when=167164626, repeateInterval=0
D/StateMachine(  588): handleMessage: E msg.what=196612
D/StateMachine(  588): processMsg: ConnectedState
D/WifiStateMachine(  588): ConnectedState{ what=196612 when=0 target=Handler (com.android.internal.util.StateMachine$SmHandler) {42568e58} }
D/StateMachine(  588): processMsg: L2ConnectedState
D/WifiStateMachine(  588): L2ConnectedState{ what=196612 when=-1ms target=Handler (com.android.internal.util.StateMachine$SmHandler) {42568e58} }
D/PowerManagerService(  588): acquireWakeLock(42512a38): PARTIAL_WAKE_LOCK , tag=DHCP, flags=0x1, pid=588, uid=1000, mUserState=0x3
D/PowerManagerService(  588): releaseWakeLock(42653388): PARTIAL_WAKE_LOCK , tag=AlarmManager, flags=0x1
D/WifiStateMachine(  588): handlePreDhcpSetup Held wake lock during DHCP
D/PowerManagerService(  588): acquireWakeLock(42072de0): PARTIAL_WAKE_LOCK , tag=WifiStateMachine, flags=0x1, pid=588, uid=1000, mUserState=0x3
I/wpa_ctrl(  588): [wpa_ctrl_request] ctrl address = 51174668, ctrl_conn address = 0
I/wpa_ctrl(  588): [wpa_ctrl_request] ctrl address = 51174668, ctrl_conn address = 0
D/StateMachine(  588): handleMessage: X
D/StateMachine(  588): handleMessage: E msg.what=196613
D/StateMachine(  588): processMsg: ConnectedState
D/WifiStateMachine(  588): ConnectedState{ what=196613 when=-1ms target=Handler (com.android.internal.util.StateMachine$SmHandler) {42568e58} arg1=1 obj=addr: 192.168.1.10/24 mRoutes: 0.0.0.0/0 -> 192.168.1.1 |  dns: 89.101.160.4,89.101.160.5 dhcpServer: 192.168.1.1 leaseDuration: 3600 }
D/StateMachine(  588): processMsg: L2ConnectedState
D/WifiStateMachine(  588): L2ConnectedState{ what=196613 when=-1ms target=Handler (com.android.internal.util.StateMachine$SmHandler) {42568e58} arg1=1 obj=addr: 192.168.1.10/24 mRoutes: 0.0.0.0/0 -> 192.168.1.1 |  dns: 89.101.160.4,89.101.160.5 dhcpServer: 192.168.1.1 leaseDuration: 3600 }
D/PowerManagerService(  588): releaseWakeLock(42512a38): PARTIAL_WAKE_LOCK , tag=DHCP, flags=0x1
D/WifiStateMachine(  588): handlePostDhcpSetup release wake lock during DHCP
D/PowerManagerService(  588): releaseWakeLock(42072de0): PARTIAL_WAKE_LOCK , tag=WifiStateMachine, flags=0x1
I/wpa_ctrl(  588): [wpa_ctrl_request] ctrl address = 51174668, ctrl_conn address = 0
I/wpa_ctrl(  588): [wpa_ctrl_request] ctrl address = 51174668, ctrl_conn address = 0
D/WifiStateMachine(  588): DHCP successful
I/wpa_supplicant(  789): WiFi gateway: 0x101a8c0
I/wpa_supplicant(  789): wlan0: Background scan every 600 seconds
I/wpa_ctrl(  588): [wpa_ctrl_request] ctrl address = 51174668, ctrl_conn address = 0
D/WifiStateMachine(  588): renew IP when wif is already CONNECTED
D/WifiStateMachine(  588): persist.wifi.v6:false
D/WifiStateMachine(  588): netId=68 Link configured: InterfaceName: wlan0 LinkAddresses: [192.168.1.10/24,] Routes: [0.0.0.0/0 -> 192.168.1.1,] DnsAddresses: [89.101.160.4,89.101.160.5,] 
D/StateMachine(  588): transitionTo: destState=VerifyingLinkState
D/StateMachine(  588): handleMessage: new destination call exit
D/StateMachine(  588): setupTempStateStackWithStatesToEnter: X mTempStateStackCount=1,curStateInfo: state=L2ConnectedState,active=true,parent=ConnectModeState
D/StateMachine(  588): invokeExitMethods: ConnectedState
D/StateMachine(  588): moveTempStackToStateStack: i=0,j=6
D/StateMachine(  588): moveTempStackToStateStack: X mStateStackTop=6,startingIndex=6,Top=VerifyingLinkState
D/StateMachine(  588): invokeEnterMethods: VerifyingLinkState
D/WifiStateMachine(  588): VerifyingLinkState
D/WifiStateMachine(  588): setDetailed state, old =CONNECTED and new state=VERIFYING_POOR_LINK
D/WifiStateMachine(  588): [sendNetworkStateChangeBroadcast] NetworkInfo state =VERIFYING_POOR_LINK
D/ConnectivityService(  588): requestNetworkTransitionWakelock for WifiStateMachine  by WifiStateMachine
D/PowerManagerService(  588): acquireWakeLock(4242d150): PARTIAL_WAKE_LOCK , tag=ConnectivityService, flags=0x1, pid=588, uid=1000, mUserState=0x3
D/ConnectivityService(  588): ConnectivityChange for WIFI/: CONNECTING/VERIFYING_POOR_LINK, default=1
D/StateMachine(  588): handleMessage: X
D/StateMachine(  588): handleMessage: E msg.what=131156
D/StateMachine(  588): processMsg: VerifyingLinkState
D/StateMachine(  588): processMsg: L2ConnectedState
D/WifiStateMachine(  588): L2ConnectedState{ what=131156 when=-33ms target=Handler (com.android.internal.util.StateMachine$SmHandler) {42568e58} arg1=5 }
D/StateMachine(  588): processMsg: ConnectModeState
D/WifiStateMachine(  588): ConnectModeState{ what=131156 when=-34ms target=Handler (com.android.internal.util.StateMachine$SmHandler) {42568e58} arg1=5 }
D/StateMachine(  588): processMsg: DriverStartedState
D/WifiStateMachine(  588): DriverStartedState{ what=131156 when=-35ms target=Handler (com.android.internal.util.StateMachine$SmHandler) {42568e58} arg1=5 }
D/WifiStateMachine(  588): CMD_START_PACKET_FILTERING cmd:5
I/wpa_supplicant(  789): Got RXFILTER-ADD: 5
I/wpa_ctrl(  588): [wpa_ctrl_request] ctrl address = 51174668, ctrl_conn address = 0
I/wpa_ctrl(  588): [wpa_ctrl_request] ctrl address = 51174668, ctrl_conn address = 0
D/StateMachine(  588): handleMessage: X
D/StateMachine(  588): handleMessage: E msg.what=135190
D/StateMachine(  588): processMsg: VerifyingLinkState
D/WifiStateMachine(  588): setDetailed state, old =VERIFYING_POOR_LINK and new state=CONNECTED
D/WifiStateMachine(  588): [sendNetworkStateChangeBroadcast] NetworkInfo state =CONNECTED
D/WifiStateMachine(  588): VerifyingLinkState: enableIpv6
D/ConnectivityService(  588): ConnectivityChange for WIFI/: CONNECTED/CONNECTED, default=1
V/ConnectivityService(  588): Policy requires mobile_dun/HSPA teardown quickly
D/MobileDataStateTracker(  588): dun: setTeardownRequested(true)
D/MobileDataStateTracker(  588): dun: setTeardownRequested(true)
V/ConnectivityService(  588): Policy requires mobile/HSPA teardown quickly
D/MobileDataStateTracker(  588): default: setTeardownRequested(true)
D/MobileDataStateTracker(  588): default: setTeardownRequested(true)
D/ConnectivityService(  588): Setting TCP values: [524288,1048576,2097152,262144,524288,1048576] which comes from [net.tcp.buffersize.wifi]
D/ConnectivityService(  588): handleConnectivityChange: address are the same reset per doReset linkProperty[1]: resetMask=0
D/ConnectivityService(  588): Removing 192.168.1.1/32 -> 0.0.0.0 for interface wlan0
D/StateMachine(  588): transitionTo: destState=ConnectedState
D/StateMachine(  588): handleMessage: new destination call exit
D/StateMachine(  588): setupTempStateStackWithStatesToEnter: X mTempStateStackCount=1,curStateInfo: state=L2ConnectedState,active=true,parent=ConnectModeState
D/StateMachine(  588): invokeExitMethods: VerifyingLinkState
D/StateMachine(  588): moveTempStackToStateStack: i=0,j=6
D/StateMachine(  588): moveTempStackToStateStack: X mStateStackTop=6,startingIndex=6,Top=ConnectedState
D/StateMachine(  588): invokeEnterMethods: ConnectedState
D/WifiStateMachine(  588): ConnectedState
D/StateMachine(  588): handleMessage: X
D/ConnectivityService(  588): Removing 0.0.0.0/0 -> 192.168.1.1 for interface wlan0
D/ConnectivityService(  588): Adding 192.168.1.1/32 -> 0.0.0.0 for interface wlan0
D/ConnectivityService(  588): Adding 0.0.0.0/0 -> 192.168.1.1 for interface wlan0
D/ConnectivityService(  588): sendStickyBroadcast: action=android.net.conn.CONNECTIVITY_CHANGE_IMMEDIATE
D/WirelessDisplayService(  588): [REVY][0] Wifi disconnet and resume in short time. mCurNetworkInterfacewlan0
D/WirelessDisplayService(  588):  ConnectivityReceiver: receiver wifi connected, check dongle : 0
V/NetworkStatsFactory(  588): readNetworkStatsDetail(-1) start
D/PowerManagerService(  588): acquireWakeLock(426689b0): PARTIAL_WAKE_LOCK , tag=NetworkStats, flags=0x1, pid=588, uid=1000, mUserState=0x3
D/StateMachine(  588): handleMessage: E msg.what=131218
D/StateMachine(  588): processMsg: ConnectedState
D/WifiStateMachine(  588): ConnectedState{ what=131218 when=0 target=Handler (com.android.internal.util.StateMachine$SmHandler) {42568e58} }
D/StateMachine(  588): processMsg: L2ConnectedState
D/WifiStateMachine(  588): L2ConnectedState{ what=131218 when=-1ms target=Handler (com.android.internal.util.StateMachine$SmHandler) {42568e58} }
D/StateMachine(  588): processMsg: ConnectModeState
D/WifiStateMachine(  588): ConnectModeState{ what=131218 when=-1ms target=Handler (com.android.internal.util.StateMachine$SmHandler) {42568e58} }
D/StateMachine(  588): processMsg: DriverStartedState
D/WifiStateMachine(  588): DriverStartedState{ what=131218 when=-1ms target=Handler (com.android.internal.util.StateMachine$SmHandler) {42568e58} }
D/ConnectivityService(  588): sendStickyBroadcastDelayed: delayMs=1000, action=android.net.conn.CONNECTIVITY_CHANGE
I/wpa_ctrl(  588): [wpa_ctrl_request] ctrl address = 51174668, ctrl_conn address = 0
D/StateMachine(  588): handleMessage: X
D/DrmIntentService( 4659): Wifi disconnected.
V/NetworkStatsFactory(  588): readNetworkStatsDetail(-1) line 182, tooks 73 ms
I/ActivityManager(  588): Start proc com.android.settings for broadcast com.android.settings/.wifi.WifiStatusReceiver: pid=10249 uid=1000 gids={1015, 3002, 3001, 3003, 1028, 5006, 3007, 3006, 2001, 1007}
D/StateMachine(  588): handleMessage: E msg.what=131218
D/StateMachine(  588): processMsg: ConnectedState
D/WifiStateMachine(  588): ConnectedState{ what=131218 when=0 target=Handler (com.android.internal.util.StateMachine$SmHandler) {42568e58} }
D/StateMachine(  588): processMsg: L2ConnectedState
D/WifiStateMachine(  588): L2ConnectedState{ what=131218 when=-1ms target=Handler (com.android.internal.util.StateMachine$SmHandler) {42568e58} }
D/StateMachine(  588): processMsg: ConnectModeState
D/WifiStateMachine(  588): ConnectModeState{ what=131218 when=-1ms target=Handler (com.android.internal.util.StateMachine$SmHandler) {42568e58} }
D/StateMachine(  588): processMsg: DriverStartedState
D/WifiStateMachine(  588): DriverStartedState{ what=131218 when=-1ms target=Handler (com.android.internal.util.StateMachine$SmHandler) {42568e58} }
D/PowerManagerService(  588): releaseWakeLock(426689b0): PARTIAL_WAKE_LOCK , tag=NetworkStats, flags=0x1
I/wpa_ctrl(  588): [wpa_ctrl_request] ctrl address = 51174668, ctrl_conn address = 0
D/StateMachine(  588): handleMessage: X
E/Trace   (10249): error opening trace file: No such file or directory (2)
I/ActivityThread(10249): Pub wispr: com.android.settings.wifi.WISPrProvider
I/ActivityThread(10249): Pub com.android.settings.provider.cdmasettings: com.android.settings.HtcCdmaSettingsProvider
D/HtcCdmaSettingsProvider(10249): onCreate !
D/StateMachine(  588): handleMessage: E msg.what=131218
D/StateMachine(  588): processMsg: ConnectedState
D/WifiStateMachine(  588): ConnectedState{ what=131218 when=-1ms target=Handler (com.android.internal.util.StateMachine$SmHandler) {42568e58} }
D/StateMachine(  588): processMsg: L2ConnectedState
D/WifiStateMachine(  588): L2ConnectedState{ what=131218 when=-1ms target=Handler (com.android.internal.util.StateMachine$SmHandler) {42568e58} }
D/StateMachine(  588): processMsg: ConnectModeState
D/WifiStateMachine(  588): ConnectModeState{ what=131218 when=-1ms target=Handler (com.android.internal.util.StateMachine$SmHandler) {42568e58} }
D/StateMachine(  588): processMsg: DriverStartedState
D/WifiStateMachine(  588): DriverStartedState{ what=131218 when=-2ms target=Handler (com.android.internal.util.StateMachine$SmHandler) {42568e58} }
I/wpa_ctrl(  588): [wpa_ctrl_request] ctrl address = 51174668, ctrl_conn address = 0
D/StateMachine(  588): handleMessage: X
I/ActivityManager(  588): Recipient 3634
I/ActivityManager(  588): Process com.qualcomm.wiper (pid 3634) has died.
W/ActivityManager(  588): Scheduling restart of crashed service com.qualcomm.wiper/.Wiper in 5000ms
D/PowerManagerService(  588): releaseWakeLock(4242d150): PARTIAL_WAKE_LOCK , tag=ConnectivityService, flags=0x1
D/ConnectivityService(  588): NetTransition Wakelock for WifiStateMachine released by timeout
D/ConnectivityService(  588): sendStickyBroadcast: action=android.net.conn.CONNECTIVITY_CHANGE
D/WifiService(  588): forceUpdateRSSI when title bar UI already can get RSSI change intent
I/wpa_ctrl(  588): [wpa_ctrl_request] ctrl address = 51174668, ctrl_conn address = 0
D/WifiStateMachine(  588): fetchRssiAndLinkSpeedNative RSSI = -53
D/WIFI_ICON(  811): updateConnectivity: type=1 connected=true
D/StatusBar.NetworkController(  811): dumpState[hasService=true ServiceState=0 home 3 3 27202  HSPA CSS not supported -1 -1 RoamInd=-1 DefRoamInd=-1EriInd= -1EriMode= -1RadioPowerSv: false EmergOnly=false PhoneType: 1 IsCdma=false SimState=UNKNOWN GprsState=0 DataState=Disconnected DataActivity=NONE NetworkType=HSPA HtcModemLinkOn=false HspaDataDistinquishable=true]
D/StatusBar.NetworkController(  811): dumpIconState[dataVisible=false dataIconId=stat_sys_data_out_3g_plus signalIconId=stat_sys_5signal_1 wifiVisible=true wifiIconId=stat_sys_wifi_signal_4 airplaneMode=false]
D/WifiStateMachine(  588): BroadcastRSSIForIMS, newrssi =-53 , oldRssi= -200
D/WIFI_ICON(  811): updateWifiState: action=android.net.wifi.RSSI_CHANGED newRssi=-53 freq=2412 newLevel=3 lastWifiLevel=3
D/StatusBar.NetworkController(  811): dumpIconState[dataVisible=false dataIconId=stat_sys_data_out_3g_plus signalIconId=stat_sys_5signal_1 wifiVisible=true wifiIconId=stat_sys_wifi_signal_4 airplaneMode=false]
D/LocationManagerService(  588): updateNetworkState available info: NetworkInfo: type: WIFI[, type_ext: WIFI], state: CONNECTED/CONNECTED, reason: (unspecified), extra: (none), roaming: false, failover: false, isAvailable: true, isIpv4Connected: true, isIpv6Connected: false
D/Tethering(  588): Tethering got CONNECTIVITY_ACTION type: WIFI, subtype: , status: CONNECTED
D/Tethering(  588): TetherMasterSM: InitialState processMessage what=3
D/HybridProvider(  588): requiresNetwork
D/HybridProvider(  588): updateNetworkState.Not supported
D/GpsLocationProvider(  588): [handleMessage] message :4
D/LocationManagerService(  588): LocationProvider is AVAILABLE
D/PowerManagerService(  588): acquireWakeLock(426d5890): PARTIAL_WAKE_LOCK , tag=GpsLocationProvider, flags=0x1, pid=588, uid=1000, mUserState=0x3
D/PowerManagerService(  588): acquireWakeLock(427f0c78): PARTIAL_WAKE_LOCK , tag=SyncLoopWakeLock, flags=0x1, pid=588, uid=1000, mUserState=0x3
D/StateMachine(  588): handleMessage: E msg.what=131218
D/StateMachine(  588): processMsg: ConnectedState
D/WifiStateMachine(  588): ConnectedState{ what=131218 when=-1ms target=Handler (com.android.internal.util.StateMachine$SmHandler) {42568e58} }
D/StateMachine(  588): processMsg: L2ConnectedState
D/WifiStateMachine(  588): L2ConnectedState{ what=131218 when=-1ms target=Handler (com.android.internal.util.StateMachine$SmHandler) {42568e58} }
D/StateMachine(  588): processMsg: ConnectModeState
D/WifiStateMachine(  588): ConnectModeState{ what=131218 when=-2ms target=Handler (com.android.internal.util.StateMachine$SmHandler) {42568e58} }
D/StateMachine(  588): processMsg: DriverStartedState
D/WifiStateMachine(  588): DriverStartedState{ what=131218 when=-2ms target=Handler (com.android.internal.util.StateMachine$SmHandler) {42568e58} }
I/wpa_ctrl(  588): [wpa_ctrl_request] ctrl address = 51174668, ctrl_conn address = 0
D/StateMachine(  588): handleMessage: X
D/StateMachine(  588): handleMessage: E msg.what=131218
D/StateMachine(  588): processMsg: ConnectedState
D/WifiStateMachine(  588): ConnectedState{ what=131218 when=0 target=Handler (com.android.internal.util.StateMachine$SmHandler) {42568e58} }
D/StateMachine(  588): processMsg: L2ConnectedState
D/WifiStateMachine(  588): L2ConnectedState{ what=131218 when=-1ms target=Handler (com.android.internal.util.StateMachine$SmHandler) {42568e58} }
D/StateMachine(  588): processMsg: ConnectModeState
D/WifiStateMachine(  588): ConnectModeState{ what=131218 when=-1ms target=Handler (com.android.internal.util.StateMachine$SmHandler) {42568e58} }
D/StateMachine(  588): processMsg: DriverStartedState
D/WifiStateMachine(  588): DriverStartedState{ what=131218 when=-2ms target=Handler (com.android.internal.util.StateMachine$SmHandler) {42568e58} }
D/GpsLocationProvider(  588): Gps MessageHandler. msg.what 4 msg.arg1:2 msg.arg2: 0
I/wpa_ctrl(  588): [wpa_ctrl_request] ctrl address = 51174668, ctrl_conn address = 0
D/StateMachine(  588): handleMessage: X
D/ConnectivityService(  588): reportInetCondition for net 1, percentage: 0 by 27794/10017
D/ConnectivityService(  588): handleInetConditionChange: net=1, condition=0,mActiveDefaultNetwork=1
D/ConnectivityService(  588): handleInetConditionChange: starting a change hold
D/GpsLocationProvider(  588): [handleMessage] UPDATE_NETWORK_STATE
D/GpsLocationProvider(  588): updateNetworkState available info: NetworkInfo: type: WIFI[, type_ext: WIFI], state: CONNECTED/CONNECTED, reason: (unspecified), extra: (none), roaming: false, failover: false, isAvailable: true, isIpv4Connected: true, isIpv6Connected: false
D/PowerManagerService(  588): releaseWakeLock(427f0c78): PARTIAL_WAKE_LOCK , tag=SyncLoopWakeLock, flags=0x1
I/NetworkMonitor( 6237): type=WIFI subType= reason=null isConnected=true
D/StateMachine(  588): handleMessage: E msg.what=131218
D/StateMachine(  588): processMsg: ConnectedState
D/WifiStateMachine(  588): ConnectedState{ what=131218 when=-1ms target=Handler (com.android.internal.util.StateMachine$SmHandler) {42568e58} }
D/StateMachine(  588): processMsg: L2ConnectedState
D/WifiStateMachine(  588): L2ConnectedState{ what=131218 when=-2ms target=Handler (com.android.internal.util.StateMachine$SmHandler) {42568e58} }
D/StateMachine(  588): processMsg: ConnectModeState
D/WifiStateMachine(  588): ConnectModeState{ what=131218 when=-3ms target=Handler (com.android.internal.util.StateMachine$SmHandler) {42568e58} }
D/StateMachine(  588): processMsg: DriverStartedState
D/WifiStateMachine(  588): DriverStartedState{ what=131218 when=-3ms target=Handler (com.android.internal.util.StateMachine$SmHandler) {42568e58} }
I/wpa_ctrl(  588): [wpa_ctrl_request] ctrl address = 51174668, ctrl_conn address = 0
D/StateMachine(  588): handleMessage: X
D/StateMachine(  588): handleMessage: E msg.what=131218
D/StateMachine(  588): processMsg: ConnectedState
D/WifiStateMachine(  588): ConnectedState{ what=131218 when=-4ms target=Handler (com.android.internal.util.StateMachine$SmHandler) {42568e58} }
D/StateMachine(  588): processMsg: L2ConnectedState
D/WifiStateMachine(  588): L2ConnectedState{ what=131218 when=-5ms target=Handler (com.android.internal.util.StateMachine$SmHandler) {42568e58} }
D/StateMachine(  588): processMsg: ConnectModeState
D/WifiStateMachine(  588): ConnectModeState{ what=131218 when=-5ms target=Handler (com.android.internal.util.StateMachine$SmHandler) {42568e58} }
D/StateMachine(  588): processMsg: DriverStartedState
D/WifiStateMachine(  588): DriverStartedState{ what=131218 when=-5ms target=Handler (com.android.internal.util.StateMachine$SmHandler) {42568e58} }
I/wpa_ctrl(  588): [wpa_ctrl_request] ctrl address = 51174668, ctrl_conn address = 0
D/StateMachine(  588): handleMessage: X
D/StateMachine(  588): handleMessage: E msg.what=131218
D/StateMachine(  588): processMsg: ConnectedState
D/WifiStateMachine(  588): ConnectedState{ what=131218 when=-1ms target=Handler (com.android.internal.util.StateMachine$SmHandler) {42568e58} }
D/StateMachine(  588): processMsg: L2ConnectedState
D/WifiStateMachine(  588): L2ConnectedState{ what=131218 when=-2ms target=Handler (com.android.internal.util.StateMachine$SmHandler) {42568e58} }
D/StateMachine(  588): processMsg: ConnectModeState
D/WifiStateMachine(  588): ConnectModeState{ what=131218 when=-2ms target=Handler (com.android.internal.util.StateMachine$SmHandler) {42568e58} }
D/StateMachine(  588): processMsg: DriverStartedState
D/WifiStateMachine(  588): DriverStartedState{ what=131218 when=-2ms target=Handler (com.android.internal.util.StateMachine$SmHandler) {42568e58} }
I/wpa_ctrl(  588): [wpa_ctrl_request] ctrl address = 51174668, ctrl_conn address = 0
D/StateMachine(  588): handleMessage: X
D/DrmIntentService( 4659): Wifi connected.
D/StateMachine(  588): handleMessage: E msg.what=131218
D/StateMachine(  588): processMsg: ConnectedState
D/WifiStateMachine(  588): ConnectedState{ what=131218 when=-1ms target=Handler (com.android.internal.util.StateMachine$SmHandler) {42568e58} }
D/StateMachine(  588): processMsg: L2ConnectedState
D/WifiStateMachine(  588): L2ConnectedState{ what=131218 when=-1ms target=Handler (com.android.internal.util.StateMachine$SmHandler) {42568e58} }
D/StateMachine(  588): processMsg: ConnectModeState
D/WifiStateMachine(  588): ConnectModeState{ what=131218 when=-2ms target=Handler (com.android.internal.util.StateMachine$SmHandler) {42568e58} }
D/StateMachine(  588): processMsg: DriverStartedState
D/WifiStateMachine(  588): DriverStartedState{ what=131218 when=-2ms target=Handler (com.android.internal.util.StateMachine$SmHandler) {42568e58} }
I/wpa_ctrl(  588): [wpa_ctrl_request] ctrl address = 51174668, ctrl_conn address = 0
D/StateMachine(  588): handleMessage: X
D/GpsLocationProvider(  588): getAGpsConnectionInfo connType - 3
D/GpsLocationProvider(  588): [handleUpdateNetworkState] send message: INJECT_NTP_TIME 
D/GpsLocationProvider(  588): [handleUpdateNetworkState] no DOWNLOAD_XTRA_DATA pending
D/GpsLocationProvider(  588): [handleMessage] message :5
D/GpsLocationProvider(  588): Gps MessageHandler. msg.what 5 msg.arg1:0 msg.arg2: 0
D/GpsLocationProvider(  588): [handleMessage] INJECT_NTP_TIME
D/GpsLocationProvider(  588): [handleMessage][INJECT_NTP_TIME] GPS isn't enable pending until enable it
D/PowerManagerService(  588): releaseWakeLock(426d5890): PARTIAL_WAKE_LOCK , tag=GpsLocationProvider, flags=0x1
D/StateMachine(  588): handleMessage: E msg.what=131131
D/StateMachine(  588): processMsg: ConnectedState
D/WifiStateMachine(  588): ConnectedState{ what=131131 when=0 target=Handler (com.android.internal.util.StateMachine$SmHandler) {42568e58} }
D/StateMachine(  588): processMsg: L2ConnectedState
D/WifiStateMachine(  588): L2ConnectedState{ what=131131 when=0 target=Handler (com.android.internal.util.StateMachine$SmHandler) {42568e58} }
D/StateMachine(  588): processMsg: ConnectModeState
D/WifiStateMachine(  588): ConnectModeState{ what=131131 when=-1ms target=Handler (com.android.internal.util.StateMachine$SmHandler) {42568e58} }
D/StateMachine(  588): processMsg: DriverStartedState
D/WifiStateMachine(  588): DriverStartedState{ what=131131 when=-1ms target=Handler (com.android.internal.util.StateMachine$SmHandler) {42568e58} }
D/StateMachine(  588): processMsg: SupplicantStartedState
D/WifiStateMachine(  588): SupplicantStartedState{ what=131131 when=-1ms target=Handler (com.android.internal.util.StateMachine$SmHandler) {42568e58} }
W/LocSvc_adapter(  588): W/virtual loc_api_adapter_err LocApiAdapter::enableData(int): default implementation invoked
W/LocSvc_adapter(  588): W/virtual loc_api_adapter_err LocApiAdapter::setAPN(char*, int): default implementation invoked
D/StateMachine(  588): handleMessage: X
I/GCoreUlr(27811): Wifi connected, attempting upload
I/GCoreUlr(27811): Starting service, intent=Intent { act=com.google.android.location.reporting.WIFI_TRIGGERED_UPLOAD cmp=com.google.android.gms/com.google.android.location.reporting.service.DispatchingService }, extras=null
D/StateMachine(  588): handleMessage: E msg.what=131218
D/StateMachine(  588): processMsg: ConnectedState
D/WifiStateMachine(  588): ConnectedState{ what=131218 when=0 target=Handler (com.android.internal.util.StateMachine$SmHandler) {42568e58} }
D/StateMachine(  588): processMsg: L2ConnectedState
D/WifiStateMachine(  588): L2ConnectedState{ what=131218 when=-1ms target=Handler (com.android.internal.util.StateMachine$SmHandler) {42568e58} }
D/StateMachine(  588): processMsg: ConnectModeState
D/WifiStateMachine(  588): ConnectModeState{ what=131218 when=-1ms target=Handler (com.android.internal.util.StateMachine$SmHandler) {42568e58} }
D/StateMachine(  588): processMsg: DriverStartedState
D/WifiStateMachine(  588): DriverStartedState{ what=131218 when=-1ms target=Handler (com.android.internal.util.StateMachine$SmHandler) {42568e58} }
I/wpa_ctrl(  588): [wpa_ctrl_request] ctrl address = 51174668, ctrl_conn address = 0
D/StateMachine(  588): handleMessage: X
I/GCoreUlr(27811): DispatchingService.onCreate()
D/PodcastAddictBroadcastReceiver(24738): Connectivity changed... (android.net.conn.CONNECTIVITY_CHANGE)
D/PodcastAddictBroadcastReceiver(24738): resumeService() - connected
D/PodcastAddictBroadcastReceiver(24738): resumeService() - starting connection change process
D/StateMachine(  588): handleMessage: E msg.what=131218
D/StateMachine(  588): processMsg: ConnectedState
D/WifiStateMachine(  588): ConnectedState{ what=131218 when=0 target=Handler (com.android.internal.util.StateMachine$SmHandler) {42568e58} }
D/StateMachine(  588): processMsg: L2ConnectedState
D/WifiStateMachine(  588): L2ConnectedState{ what=131218 when=-1ms target=Handler (com.android.internal.util.StateMachine$SmHandler) {42568e58} }
D/StateMachine(  588): processMsg: ConnectModeState
D/WifiStateMachine(  588): ConnectModeState{ what=131218 when=-1ms target=Handler (com.android.internal.util.StateMachine$SmHandler) {42568e58} }
D/StateMachine(  588): processMsg: DriverStartedState
D/WifiStateMachine(  588): DriverStartedState{ what=131218 when=-1ms target=Handler (com.android.internal.util.StateMachine$SmHandler) {42568e58} }
I/wpa_ctrl(  588): [wpa_ctrl_request] ctrl address = 51174668, ctrl_conn address = 0
D/StateMachine(  588): handleMessage: X
D/StateMachine(  588): handleMessage: E msg.what=131155
D/StateMachine(  588): processMsg: ConnectedState
D/WifiStateMachine(  588): ConnectedState{ what=131155 when=0 target=Handler (com.android.internal.util.StateMachine$SmHandler) {42568e58} arg1=257 }
D/StateMachine(  588): processMsg: L2ConnectedState
D/WifiStateMachine(  588): L2ConnectedState{ what=131155 when=0 target=Handler (com.android.internal.util.StateMachine$SmHandler) {42568e58} arg1=257 }
I/wpa_ctrl(  588): [wpa_ctrl_request] ctrl address = 51174668, ctrl_conn address = 0
D/WifiStateMachine(  588): fetchRssiAndLinkSpeedNative RSSI = -59
D/StateMachine(  588): handleMessage: X
D/WifiStateMachine(  588): fetchRssiAndLinkSpeedNative send RSSIChange intent, SameSignalLevelCount =1
D/WIFI_ICON(  811): updateWifiState: action=android.net.wifi.RSSI_CHANGED newRssi=-59 freq=2412 newLevel=3 lastWifiLevel=3
D/StatusBar.NetworkController(  811): dumpIconState[dataVisible=false dataIconId=stat_sys_data_out_3g_plus signalIconId=stat_sys_5signal_1 wifiVisible=true wifiIconId=stat_sys_wifi_signal_4 airplaneMode=false]
D/StateMachine(  588): handleMessage: E msg.what=131218
D/StateMachine(  588): processMsg: ConnectedState
D/WifiStateMachine(  588): ConnectedState{ what=131218 when=-1ms target=Handler (com.android.internal.util.StateMachine$SmHandler) {42568e58} }
D/StateMachine(  588): processMsg: L2ConnectedState
D/WifiStateMachine(  588): L2ConnectedState{ what=131218 when=-1ms target=Handler (com.android.internal.util.StateMachine$SmHandler) {42568e58} }
D/StateMachine(  588): processMsg: ConnectModeState
D/WifiStateMachine(  588): ConnectModeState{ what=131218 when=-1ms target=Handler (com.android.internal.util.StateMachine$SmHandler) {42568e58} }
D/StateMachine(  588): processMsg: DriverStartedState
D/WifiStateMachine(  588): DriverStartedState{ what=131218 when=-1ms target=Handler (com.android.internal.util.StateMachine$SmHandler) {42568e58} }
I/wpa_ctrl(  588): [wpa_ctrl_request] ctrl address = 51174668, ctrl_conn address = 0
D/StateMachine(  588): handleMessage: X
D/PowerManagerService(  588): acquireWakeLock(430082a0): PARTIAL_WAKE_LOCK , tag=UlrDispatchingService, flags=0x1, pid=27811, uid=10017, mUserState=0x3
D/StateMachine(  588): handleMessage: E msg.what=131218
D/StateMachine(  588): processMsg: ConnectedState
D/WifiStateMachine(  588): ConnectedState{ what=131218 when=-1ms target=Handler (com.android.internal.util.StateMachine$SmHandler) {42568e58} }
D/StateMachine(  588): processMsg: L2ConnectedState
D/WifiStateMachine(  588): L2ConnectedState{ what=131218 when=-1ms target=Handler (com.android.internal.util.StateMachine$SmHandler) {42568e58} }
D/StateMachine(  588): processMsg: ConnectModeState
D/WifiStateMachine(  588): ConnectModeState{ what=131218 when=-1ms target=Handler (com.android.internal.util.StateMachine$SmHandler) {42568e58} }
D/StateMachine(  588): processMsg: DriverStartedState
D/WifiStateMachine(  588): DriverStartedState{ what=131218 when=-1ms target=Handler (com.android.internal.util.StateMachine$SmHandler) {42568e58} }
I/wpa_ctrl(  588): [wpa_ctrl_request] ctrl address = 51174668, ctrl_conn address = 0
D/StateMachine(  588): handleMessage: X
D/StateMachine(  588): handleMessage: E msg.what=131218
D/StateMachine(  588): processMsg: ConnectedState
D/WifiStateMachine(  588): ConnectedState{ what=131218 when=0 target=Handler (com.android.internal.util.StateMachine$SmHandler) {42568e58} }
D/StateMachine(  588): processMsg: L2ConnectedState
D/WifiStateMachine(  588): L2ConnectedState{ what=131218 when=0 target=Handler (com.android.internal.util.StateMachine$SmHandler) {42568e58} }
D/StateMachine(  588): processMsg: ConnectModeState
D/WifiStateMachine(  588): ConnectModeState{ what=131218 when=0 target=Handler (com.android.internal.util.StateMachine$SmHandler) {42568e58} }
D/StateMachine(  588): processMsg: DriverStartedState
D/WifiStateMachine(  588): DriverStartedState{ what=131218 when=-1ms target=Handler (com.android.internal.util.StateMachine$SmHandler) {42568e58} }
I/wpa_ctrl(  588): [wpa_ctrl_request] ctrl address = 51174668, ctrl_conn address = 0
D/StateMachine(  588): handleMessage: X
D/libc    (  251): _resolv_cache_lookup: lookup
D/libc    (  251): [SMD]bl_level = 125
D/libc    (  251): [SMD][Mode1]: Screen on and original TTL is expired
D/libc    (  251):  Cache EXPIRED (STALE ENTRY 0x4026a548 DISCARDED) or need renew
D/StateMachine(  588): handleMessage: E msg.what=131218
D/StateMachine(  588): processMsg: ConnectedState
D/WifiStateMachine(  588): ConnectedState{ what=131218 when=0 target=Handler (com.android.internal.util.StateMachine$SmHandler) {42568e58} }
D/StateMachine(  588): processMsg: L2ConnectedState
D/WifiStateMachine(  588): L2ConnectedState{ what=131218 when=0 target=Handler (com.android.internal.util.StateMachine$SmHandler) {42568e58} }
D/StateMachine(  588): processMsg: ConnectModeState
D/WifiStateMachine(  588): ConnectModeState{ what=131218 when=-1ms target=Handler (com.android.internal.util.StateMachine$SmHandler) {42568e58} }
D/StateMachine(  588): processMsg: DriverStartedState
D/WifiStateMachine(  588): DriverStartedState{ what=131218 when=-1ms target=Handler (com.android.internal.util.StateMachine$SmHandler) {42568e58} }
I/wpa_ctrl(  588): [wpa_ctrl_request] ctrl address = 51174668, ctrl_conn address = 0
D/StateMachine(  588): handleMessage: X
D/libc    (  251): [SMD][v0913] Extended TTL = 43200, original TTL = 145
D/StateMachine(  588): handleMessage: E msg.what=131218
W/PodcastAddictBroadcastReceiver(24738): Network modification detected but ignored... (68)
D/StateMachine(  588): processMsg: ConnectedState
D/WifiStateMachine(  588): ConnectedState{ what=131218 when=0 target=Handler (com.android.internal.util.StateMachine$SmHandler) {42568e58} }
D/StateMachine(  588): processMsg: L2ConnectedState
D/WifiStateMachine(  588): L2ConnectedState{ what=131218 when=0 target=Handler (com.android.internal.util.StateMachine$SmHandler) {42568e58} }
D/StateMachine(  588): processMsg: ConnectModeState
D/WifiStateMachine(  588): ConnectModeState{ what=131218 when=-1ms target=Handler (com.android.internal.util.StateMachine$SmHandler) {42568e58} }
D/StateMachine(  588): processMsg: DriverStartedState
D/PodcastAddictBroadcastReceiver(24738): resumeService() - finishing connection change process
D/WifiStateMachine(  588): DriverStartedState{ what=131218 when=-1ms target=Handler (com.android.internal.util.StateMachine$SmHandler) {42568e58} }
I/wpa_ctrl(  588): [wpa_ctrl_request] ctrl address = 51174668, ctrl_conn address = 0
D/StateMachine(  588): handleMessage: X
I/ActivityManager(  588): Start proc com.htc.cs.dm for broadcast com.htc.cs.dm/.receiver.NetworkChangeReceiver: pid=10273 uid=10192 gids={3003, 1028}
E/Trace   (10273): error opening trace file: No such file or directory (2)
D/StateMachine(  588): handleMessage: E msg.what=131218
D/StateMachine(  588): processMsg: ConnectedState
D/WifiStateMachine(  588): ConnectedState{ what=131218 when=-1ms target=Handler (com.android.internal.util.StateMachine$SmHandler) {42568e58} }
D/StateMachine(  588): processMsg: L2ConnectedState
D/WifiStateMachine(  588): L2ConnectedState{ what=131218 when=-1ms target=Handler (com.android.internal.util.StateMachine$SmHandler) {42568e58} }
D/StateMachine(  588): processMsg: ConnectModeState
D/WifiStateMachine(  588): ConnectModeState{ what=131218 when=-1ms target=Handler (com.android.internal.util.StateMachine$SmHandler) {42568e58} }
D/StateMachine(  588): processMsg: DriverStartedState
D/WifiStateMachine(  588): DriverStartedState{ what=131218 when=-1ms target=Handler (com.android.internal.util.StateMachine$SmHandler) {42568e58} }
I/wpa_ctrl(  588): [wpa_ctrl_request] ctrl address = 51174668, ctrl_conn address = 0
D/StateMachine(  588): handleMessage: X
W/GCoreUlr(27811): DispatchingService ignoring Intent { act=com.google.android.location.reporting.WIFI_TRIGGERED_UPLOAD cmp=com.google.android.gms/com.google.android.location.reporting.service.DispatchingService } because ULR inactive
D/PowerManagerService(  588): releaseWakeLock(430082a0): PARTIAL_WAKE_LOCK , tag=UlrDispatchingService, flags=0x1
I/ActivityThread(10273): Pub com.htc.cs.dm: com.htc.cs.dm.provider.ConfigCacheProvider
I/GCoreUlr(27811): DispatchingService.onDestroy()
I/GCoreUlr(27811): Unbound from all location providers
D/PowerManagerService(  588): acquireWakeLock(42c5e198): PARTIAL_WAKE_LOCK , tag=GCoreFlp, flags=0x1, pid=27811, uid=10017, mUserState=0x3
D/PowerManagerService(  588): releaseWakeLock(42c5e198): PARTIAL_WAKE_LOCK , tag=GCoreFlp, flags=0x1
D/FlexNetS(  897): CampNetworkInWhiteBlackList had check current PLMN =27202
D/AutoSetting(  897): receiver - intent: android.net.conn.CONNECTIVITY_CHANGE
D/AutoSetting(  897): receiver - NetworkInfo: type: WIFI[, type_ext: WIFI], state: CONNECTED/CONNECTED, reason: (unspecified), extra: (none), roaming: false, failover: false, isAvailable: true, isIpv4Connected: true, isIpv6Connected: false
I/ActivityManager(  588): Start proc com.google.android.apps.uploader for broadcast com.google.android.apps.uploader/com.google.android.picasasync.ConnectivityReceiver: pid=10288 uid=10115 gids={3003, 1015, 1028}
D/AutoSetting(  897): service - onCreate()
D/AutoSetting(  897): service - onStartCommand() action: com.htc.app.autosetting.requestlocationupdate
D/AutoSetting(  897): service - requestNLP() to last request within 2hrs, don't request 630240
D/AutoSetting(  897): service - onStartCommand() REMOVE current location bundle
D/AutoSetting(  897): service - mHandler: request passive update
D/AutoSetting(  897): service - handleMessage() incoming message, what:9
D/AutoSetting(  897): service - handleMessage() setting current location null
V/LocationManagerService(  588): In requestLocationUpdates. provider passiveminTime: 5000single shot: false Receiver: Receiver{42096a60 Intent PendingIntent{422c9948: PendingIntentRecord{42b6b310 com.htc.htclocationservice startService}}}mUpdateRecords: {passive=UpdateRecord{42746d80 mProvider: passive mUid: 10014}}
V/LocationManagerService(  588): In requestLocationUpdatesLocked. provider: passive requiredPermissions: android.permission.ACCESS_FINE_LOCATION
D/LocationManagerService(  588): [requestLocationUpdatesLocked] package_name[com.htc.bg.uid.shared:10014] Uid[10014
E/Trace   (10288): error opening trace file: No such file or directory (2)
I/LocationManagerService(  588): request passive (pid 897) 5000 0
