I/PackageManager( 1025):   Scheme: "smsto"
D/dalvikvm(  275): GC_EXPLICIT freed <1K, 48% free 9011K/17224K, paused 2ms+3ms, total 18ms
I/PackageManager( 1025): Adding preferred activity ComponentInfo{com.android.mms/com.android.mms.ui.ComposeMessageActivity} for user 0 :
I/PackageManager( 1025):   Action: "android.intent.action.SENDTO"
I/PackageManager( 1025):   Category: "android.intent.category.DEFAULT"
I/PackageManager( 1025):   Scheme: "mms"
I/PackageManager( 1025): Adding preferred activity ComponentInfo{com.android.mms/com.android.mms.ui.ComposeMessageActivity} for user 0 :
I/PackageManager( 1025):   Action: "android.intent.action.SENDTO"
I/PackageManager( 1025):   Category: "android.intent.category.DEFAULT"
I/PackageManager( 1025):   Scheme: "mmsto"
I/Launcher( 2206): Deferring update until onResume
I/PackageManager( 1025): Adding preferred activity ComponentInfo{com.android.mms/com.android.mms.ui.ComposeMessageActivity} for user 0 :
I/PackageManager( 1025):   Action: "android.intent.action.SENDTO"
I/PackageManager( 1025):   Category: "android.intent.category.DEFAULT"
I/PackageManager( 1025):   Scheme: "sms"
I/PackageManager( 1025): Adding preferred activity ComponentInfo{com.android.mms/com.android.mms.ui.ComposeMessageActivity} for user 0 :
I/PackageManager( 1025):   Action: "android.intent.action.SENDTO"
I/PackageManager( 1025):   Category: "android.intent.category.DEFAULT"
I/PackageManager( 1025):   Scheme: "smsto"
I/PackageManager( 1025): Adding preferred activity ComponentInfo{com.android.mms/com.android.mms.ui.ComposeMessageActivity} for user 0 :
I/PackageManager( 1025):   Action: "android.intent.action.SENDTO"
I/PackageManager( 1025):   Category: "android.intent.category.DEFAULT"
I/PackageManager( 1025):   Scheme: "mms"
D/WifiStateMachine( 1025): handleMessage: E msg.what=151572
D/WifiStateMachine( 1025): processMsg: ConnectedState
D/WifiStateMachine( 1025): processMsg: L2ConnectedState
D/WifiStateMachine( 1025): handleMessage: X
I/PackageManager( 1025): Adding preferred activity ComponentInfo{com.android.mms/com.android.mms.ui.ComposeMessageActivity} for user 0 :
I/PackageManager( 1025):   Action: "android.intent.action.SENDTO"
I/PackageManager( 1025):   Category: "android.intent.category.DEFAULT"
I/PackageManager( 1025):   Scheme: "mmsto"
I/PackageManager( 1025): Adding preferred activity ComponentInfo{com.android.mms/com.android.mms.ui.ComposeMessageActivity} for user 0 :
I/PackageManager( 1025):   Action: "android.intent.action.SENDTO"
I/PackageManager( 1025):   Category: "android.intent.category.DEFAULT"
I/PackageManager( 1025):   Scheme: "sms"
I/PackageManager( 1025): Adding preferred activity ComponentInfo{com.android.mms/com.android.mms.ui.ComposeMessageActivity} for user 0 :
I/PackageManager( 1025):   Action: "android.intent.action.SENDTO"
I/PackageManager( 1025):   Category: "android.intent.category.DEFAULT"
I/PackageManager( 1025):   Scheme: "smsto"
I/PackageManager( 1025): Adding preferred activity ComponentInfo{com.android.mms/com.android.mms.ui.ComposeMessageActivity} for user 0 :
I/PackageManager( 1025):   Action: "android.intent.action.SENDTO"
I/PackageManager( 1025):   Category: "android.intent.category.DEFAULT"
I/PackageManager( 1025):   Scheme: "mms"
D/dalvikvm( 1288): GC_CONCURRENT freed 1910K, 38% free 10698K/17224K, paused 3ms+4ms, total 75ms
I/PackageManager( 1025): Adding preferred activity ComponentInfo{com.android.mms/com.android.mms.ui.ComposeMessageActivity} for user 0 :
I/PackageManager( 1025):   Action: "android.intent.action.SENDTO"
I/PackageManager( 1025):   Category: "android.intent.category.DEFAULT"
I/PackageManager( 1025):   Scheme: "mmsto"
I/PackageManager( 1025): Adding preferred activity ComponentInfo{com.android.mms/com.android.mms.ui.ComposeMessageActivity} for user 0 :
I/PackageManager( 1025):   Action: "android.intent.action.SENDTO"
I/PackageManager( 1025):   Category: "android.intent.category.DEFAULT"
I/PackageManager( 1025):   Scheme: "sms"
I/PackageManager( 1025): Adding preferred activity ComponentInfo{com.android.mms/com.android.mms.ui.ComposeMessageActivity} for user 0 :
I/PackageManager( 1025):   Action: "android.intent.action.SENDTO"
I/PackageManager( 1025):   Category: "android.intent.category.DEFAULT"
I/PackageManager( 1025):   Scheme: "smsto"
I/PackageManager( 1025): Adding preferred activity ComponentInfo{com.android.mms/com.android.mms.ui.ComposeMessageActivity} for user 0 :
I/PackageManager( 1025):   Action: "android.intent.action.SENDTO"
I/PackageManager( 1025):   Category: "android.intent.category.DEFAULT"
I/PackageManager( 1025):   Scheme: "mms"
I/PackageManager( 1025): Adding preferred activity ComponentInfo{com.android.mms/com.android.mms.ui.ComposeMessageActivity} for user 0 :
I/PackageManager( 1025):   Action: "android.intent.action.SENDTO"
I/PackageManager( 1025):   Category: "android.intent.category.DEFAULT"
I/PackageManager( 1025):   Scheme: "mmsto"
D/Finsky  (13533): [1] FinskyApp.onCreate: Initializing network with DFE https://android.clients.google.com/fdfe/
D/Finsky  (13533): [1] DailyHygiene.goMakeHygieneIfDirty: No need to run daily hygiene.
W/Settings(13533): Setting download_manager_max_bytes_over_mobile has moved from android.provider.Settings.Secure to android.provider.Settings.Global.
W/Settings(13533): Setting download_manager_recommended_max_bytes_over_mobile has moved from android.provider.Settings.Secure to android.provider.Settings.Global.
I/dalvikvm(13533): Could not find method com.google.android.play.layout.PlayCardViewBase.setTransitionName, referenced from method com.google.android.finsky.utils.PlayCardUtils.bindCard
W/dalvikvm(13533): VFY: unable to resolve virtual method 42705: Lcom/google/android/play/layout/PlayCardViewBase;.setTransitionName (Ljava/lang/String;)V
D/dalvikvm(13533): VFY: replacing opcode 0x6e at 0x00d9
I/dalvikvm(13533): Could not find method com.google.android.play.layout.PlayCardViewBase.setTransitionGroup, referenced from method com.google.android.finsky.utils.PlayCardUtils.bindCard
W/dalvikvm(13533): VFY: unable to resolve virtual method 42704: Lcom/google/android/play/layout/PlayCardViewBase;.setTransitionGroup (Z)V
D/dalvikvm(13533): VFY: replacing opcode 0x6e at 0x0246
I/dalvikvm(13533): Could not find method android.view.View.getTransitionName, referenced from method com.google.android.finsky.navigationmanager.NavigationManager.showPage
W/dalvikvm(13533): VFY: unable to resolve virtual method 9352: Landroid/view/View;.getTransitionName ()Ljava/lang/String;
D/dalvikvm(13533): VFY: replacing opcode 0x6e at 0x001a
D/Finsky  (13533): [1] 2.run: Loaded library for account: [gKXbJhL8NA2nPUzZyFpjB6tKi7U]
D/Finsky  (13533): [1] 2.run: Finished loading 1 libraries.
E/NetworkScheduler.SchedulerReceiver(31010): Invalid parameter app
E/NetworkScheduler.SchedulerReceiver(31010): Invalid package name : Perhaps you didn't include a PendingIntent in the extras?
D/PackageBroadcastService(11661): Received broadcast action=android.intent.action.PACKAGE_REMOVED and uri=co.giftmeapp.gift_me
D/BackupManagerService( 1025): Received broadcast Intent { act=android.intent.action.PACKAGE_REMOVED dat=package:co.giftmeapp.gift_me flg=0x4000010 (has extras) }
I/ActivityManager( 1025): Start proc com.google.android.apps.docs for broadcast com.google.android.apps.docs/.receivers.AppPackageAddRemoveReceiver: pid=13588 uid=10060 gids={50060, 3003, 1028, 1015}
D/BackupManagerService( 1025): Received broadcast Intent { act=android.intent.action.PACKAGE_ADDED dat=package:co.giftmeapp.gift_me flg=0x4000010 (has extras) }
V/BackupManagerService( 1025): removePackageParticipantsLocked: uid=10155 #1
V/BackupManagerService( 1025): addPackageParticipantsLocked: #1
D/Finsky  (13533): [1] GmsCoreHelper.cleanupNlp: result=false type=4
I/ConfigService(31010): onCreate
D/Finsky  (13533): [1] RestoreTracker.stopServiceIfDone: Restore complete with 0 success and 0 failed.
I/ConfigService(31010): onBind for Intent { act=com.google.android.gms.config.UPDATE pkg=com.google.android.gms } action com.google.android.gms.config.UPDATE
D/WifiStateMachine( 1025): handleMessage: E msg.what=151572
D/WifiStateMachine( 1025): processMsg: ConnectedState
D/WifiStateMachine( 1025): processMsg: L2ConnectedState
I/ConfigFetchService(11661): onStartCommand Intent { act=android.intent.action.PACKAGE_REMOVED dat=package:co.giftmeapp.gift_me cmp=com.google.android.gms/.config.ConfigFetchService (has extras) }
D/WifiStateMachine( 1025): handleMessage: X
I/ConfigService(31010): onBind returning update interface
I/ConfigService(31010): onBind for Intent { act=com.google.android.gms.config.START pkg=com.google.android.gms } action com.google.android.gms.config.START
I/ConfigService(31010): onBind returning service broker
I/dalvikvm(13588): Could not find method android.app.Activity.finishAfterTransition, referenced from method r.c_
W/dalvikvm(13588): VFY: unable to resolve virtual method 2773: Landroid/app/Activity;.finishAfterTransition ()V
D/dalvikvm(13588): VFY: replacing opcode 0x6e at 0x0006
W/SyncWapiModule(13588): isPlayServicesEnabled=
W/SyncWapiModule(13588): isPlayServicesEnabled=
I/ActivityManager( 1025): Start proc com.motorola.MotGallery2 for broadcast com.motorola.MotGallery2/com.android.gallery3d.app.PackagesMonitor: pid=13625 uid=10034 gids={50034, 3003, 1028, 1015}
F/ProcessStats( 1025): Starting service ServiceState{42abda10 com.cleanmaster.fm.service.BackgroundService pkg=com.rhmsoft.fm proc=42abda10} without owner
F/ProcessStats( 1025): Starting service ServiceState{42c48c08 com.whatsapp.messaging.MessageService pkg=com.whatsapp proc=42c48c08} without owner
F/ProcessStats( 1025): Starting service ServiceState{42a4cec0 com.facebook.push.mqtt.service.MqttPushService pkg=com.facebook.katana proc=42a4cec0} without owner
I/ActivityManager( 1025): Process com.android.defcontainer (pid 13429) has died.
F/ProcessStats( 1025): Starting service ServiceState{42abda10 com.cleanmaster.fm.service.BackgroundService pkg=com.rhmsoft.fm proc=42abda10} without owner
F/ProcessStats( 1025): Starting service ServiceState{42c48c08 com.whatsapp.messaging.MessageService pkg=com.whatsapp proc=42c48c08} without owner
F/ProcessStats( 1025): Starting service ServiceState{42a4cec0 com.facebook.push.mqtt.service.MqttPushService pkg=com.facebook.katana proc=42a4cec0} without owner
W/GAV2    (13588): Thread[main,5,main]: Need to call initialize() and be in fallback mode to start dispatch.
I/ActivityManager( 1025): Process com.android.keychain (pid 13517) has died.
I/ActivityManager( 1025): Start proc com.google.android.googlequicksearchbox:search for broadcast com.google.android.googlequicksearchbox/com.google.android.search.core.icingsync.IcingCorporaChangedReceiver: pid=13657 uid=10045 gids={50045, 3003, 3001, 1028, 3002, 1015}
I/ActivityManager( 1025): Process com.android.vending (pid 13533) has died.
D/WifiStateMachine( 1025): handleMessage: E msg.what=151572
D/WifiStateMachine( 1025): processMsg: ConnectedState
D/WifiStateMachine( 1025): processMsg: L2ConnectedState
D/WifiStateMachine( 1025): handleMessage: X
D/WifiStateMachine( 1025): handleMessage: E msg.what=131155
D/WifiStateMachine( 1025): processMsg: ConnectedState
D/WifiStateMachine( 1025): processMsg: L2ConnectedState
D/WifiStateMachine( 1025): handleMessage: X
I/ActivityManager( 1025): Start proc com.evernote for broadcast com.evernote/.util.WidgetTracker: pid=13673 uid=10134 gids={50134, 3003, 1028, 1015}
I/MultiDex(13673): VM with version 1.6.0 does not have multidex support
I/MultiDex(13673): install
I/MultiDex(13673): MultiDexExtractor.load(/data/app/com.evernote-1.apk, false)
I/MultiDex(13673): loading existing secondary dex files
I/MultiDex(13673): load found 0 secondary dex files
I/MultiDex(13673): install done
W/GAV2    (13588): Thread[main,5,main]: dispatch call queued.  Need to call GAServiceManager.getInstance().initialize().
D/EN      (13673): MemoryMapAppender.ctor()
D/EN      (13673): MemoryMapAppender.ctor-end()
D/EN      (13673): [EvernoteProvider] - Provider+++++onCreate()
D/EN      (13673): [d] - AccountManager()::userIds=102703026
D/EN      (13673): [b] - creating new AccountInfo()::userId102703026
D/EN      (13673): [d] - AccountManager()::adding account::102703026::timcallagy
D/EN      (13673): [d] - AccountManager()::count=1
D/EN      (13673): [d] - initialized:
D/EN      (13673): [a] - getInstance()::
D/EN      (13673): [al] - Register SD Card Receiver ++++++++++++++++++++
D/EN      (13673): [al] - checkForRecentUnmount() end
D/EN      (13673): [a] - locale is set=en_GB
D/EN      (13673): [a] - isDBONSDcard()=true
I/EN      (13673): [al] - getSDCardStatus()::mounted::noStorageText=null
D/EN      (13673): [a] - isDBFileChanged()::lastFilePath in pref=/data/data/com.evernote/files/user-102703026/.external-1428259012787-Evernote.db
E/EN      (13673): [a] - isDBFileChanged()::+++++++++lastFilePath exists/data/data/com.evernote/files/user-102703026/.external-1428259012787-Evernote.db
D/EN      (13673): [a] - getInstance()::DBFile NOT Changed
D/EN      (13673): [a] - isDBONSDcard()=true
D/EN      (13673): [a] - moveToSDcard()::start::Evernote.DB_ON_SDCARD=true
D/EN      (13673): [a] - isDBONSDcard()=true
E/EN      (13673): [a] - isLastDBFileOnSDCard()::+++++++++++lastFilePath exists/data/data/com.evernote/files/user-102703026/.external-1428259012787-Evernote.db
D/EN      (13673): [a] - isDBONSDcard()=true
D/EN      (13673): [a] - getDBfilePath()::++++++++++++++++lastFilePath from preferences/data/data/com.evernote/files/user-102703026/.external-1428259012787-Evernote.db
E/EN      (13673): [a] - getDBfilePath()::++++++++++++++++lastFilePath exists/data/data/com.evernote/files/user-102703026/.external-1428259012787-Evernote.db
D/EN      (13673): [EvernoteProvider] - cleanupOldThumbnailsIfNeeded()
I/ReleaseProperties(13673): Current app is: evernote
I/ReleaseProperties(13673): propFile: release is now loaded
I/ReleaseProperties(13673): propFile: play is now loaded
I/ReleaseProperties(13673): propFile: base is now loaded
I/ReleaseProperties(13673): propFile: override is now loaded
D/MarketUtils(13673): isPackageInstalled() - com.android.vending is installed
D/MarketUtils(13673): isPackageInstalled() - com.android.vending is installed
D/ReleaseProperties(13673): getReferralPersistencePath():: old=false:: path=/storage/emulated/0/.enref
D/MarketUtils(13673): isPackageInstalled() - com.android.vending is installed
D/MarketUtils(13673): isPackageInstalled() - com.android.vending is installed
I/ReleaseProperties(13673): ReleaseProperties: 
I/ReleaseProperties(13673):   bundleName=google-play
I/ReleaseProperties(13673):   revision=AM_702_524
I/ReleaseProperties(13673):   type=public
I/ReleaseProperties(13673):   gitHash=313f54a11431af98d659728265b72cfcf9ec527e
I/ReleaseProperties(13673):   baseSearchUri=market://search?q=
D/MarketUtils(13673): isPackageInstalled() - com.android.vending is installed
D/MarketUtils(13673): isPackageInstalled() - com.android.vending is installed
I/ReleaseProperties(13673): From file referralCode=android
D/EN      (13673): [a] - isDBONSDcard()=true
D/EN      (13673): [Evernote] - VERSION_CODE: 1070243
D/MarketUtils(13673): isPackageInstalled() - com.android.vending is installed
D/MarketUtils(13673): isPackageInstalled() - com.android.vending is installed
I/dalvikvm(13673): Could not find method android.content.pm.PackageManager.getActivityBanner, referenced from method com.evernote.d.b.getActivityBanner
W/dalvikvm(13673): VFY: unable to resolve virtual method 793: Landroid/content/pm/PackageManager;.getActivityBanner (Landroid/content/ComponentName;)Landroid/graphics/drawable/Drawable;
D/dalvikvm(13673): VFY: replacing opcode 0x6e at 0x0002
I/dalvikvm(13673): Could not find method android.content.pm.PackageManager.getActivityBanner, referenced from method com.evernote.d.b.getActivityBanner
W/dalvikvm(13673): VFY: unable to resolve virtual method 794: Landroid/content/pm/PackageManager;.getActivityBanner (Landroid/content/Intent;)Landroid/graphics/drawable/Drawable;
D/dalvikvm(13673): VFY: replacing opcode 0x6e at 0x0002
I/dalvikvm(13673): Could not find method android.content.pm.PackageManager.getApplicationBanner, referenced from method com.evernote.d.b.getApplicationBanner
W/dalvikvm(13673): VFY: unable to resolve virtual method 801: Landroid/content/pm/PackageManager;.getApplicationBanner (Landroid/content/pm/ApplicationInfo;)Landroid/graphics/drawable/Drawable;
D/dalvikvm(13673): VFY: replacing opcode 0x6e at 0x0002
I/dalvikvm(13673): Could not find method android.content.pm.PackageManager.getApplicationBanner, referenced from method com.evernote.d.b.getApplicationBanner
W/dalvikvm(13673): VFY: unable to resolve virtual method 802: Landroid/content/pm/PackageManager;.getApplicationBanner (Ljava/lang/String;)Landroid/graphics/drawable/Drawable;
D/dalvikvm(13673): VFY: replacing opcode 0x6e at 0x0002
I/dalvikvm(13673): Could not find method android.content.pm.PackageManager.getLeanbackLaunchIntentForPackage, referenced from method com.evernote.d.b.getLeanbackLaunchIntentForPackage
W/dalvikvm(13673): VFY: unable to resolve virtual method 818: Landroid/content/pm/PackageManager;.getLeanbackLaunchIntentForPackage (Ljava/lang/String;)Landroid/content/Intent;
D/dalvikvm(13673): VFY: replacing opcode 0x6e at 0x0002
I/dalvikvm(13673): Could not find method android.content.pm.PackageManager.getPackageInstaller, referenced from method com.evernote.d.b.getPackageInstaller
W/dalvikvm(13673): VFY: unable to resolve virtual method 823: Landroid/content/pm/PackageManager;.getPackageInstaller ()Landroid/content/pm/PackageInstaller;
D/dalvikvm(13673): VFY: replacing opcode 0x6e at 0x0002
I/dalvikvm(13673): Could not find method android.content.pm.PackageManager.getUserBadgedDrawableForDensity, referenced from method com.evernote.d.b.getUserBadgedDrawableForDensity
W/dalvikvm(13673): VFY: unable to resolve virtual method 839: Landroid/content/pm/PackageManager;.getUserBadgedDrawableForDensity (Landroid/graphics/drawable/Drawable;Landroid/os/UserHandle;Landroid/graphics/Rect;I)Landroid/graphics/drawable/Drawable;
D/dalvikvm(13673): VFY: replacing opcode 0x6e at 0x0002
I/dalvikvm(13673): Could not find method android.content.pm.PackageManager.getUserBadgedIcon, referenced from method com.evernote.d.b.getUserBadgedIcon
W/dalvikvm(13673): VFY: unable to resolve virtual method 840: Landroid/content/pm/PackageManager;.getUserBadgedIcon (Landroid/graphics/drawable/Drawable;Landroid/os/UserHandle;)Landroid/graphics/drawable/Drawable;
D/dalvikvm(13673): VFY: replacing opcode 0x6e at 0x0002
I/dalvikvm(13673): Could not find method android.content.pm.PackageManager.getUserBadgedLabel, referenced from method com.evernote.d.b.getUserBadgedLabel
W/dalvikvm(13673): VFY: unable to resolve virtual method 841: Landroid/content/pm/PackageManager;.getUserBadgedLabel (Ljava/lang/CharSequence;Landroid/os/UserHandle;)Ljava/lang/CharSequence;
D/dalvikvm(13673): VFY: replacing opcode 0x6e at 0x0002
I/Crashlytics(13673): Initializing Crashlytics 1.1.8.10
D/WifiStateMachine( 1025): handleMessage: E msg.what=151572
D/WifiStateMachine( 1025): processMsg: ConnectedState
D/WifiStateMachine( 1025): processMsg: L2ConnectedState
D/WifiStateMachine( 1025): handleMessage: X
D/MarketUtils(13673): isPackageInstalled() - com.android.vending is installed
D/HockeyApp(13673): Looking for exceptions in: /data/data/com.evernote/files
D/HockeyApp(13673): Current handler class = com.evernote.k
D/EN      (13673): [ee] - registered crash manager
D/EN      (13673): [c] - onApplicationStart()
D/EN      (13673): [c] - onApplicationStart() -- loader thread
D/EN      (13673): [c] - pushUserIDToDataLayer(), pushing user-id ending in 6
D/MarketUtils(13673): isPackageInstalled() - com.android.vending is installed
D/MarketUtils(13673): isPackageInstalled() - com.android.vending is installed
I/ActivityManager( 1025): Start proc com.evernote.widget for broadcast com.evernote.widget/.WidgetStateReceiver: pid=13717 uid=10135 gids={50135, 3003, 1028, 1015}
F/ProcessStats( 1025): Starting service ServiceState{42abda10 com.cleanmaster.fm.service.BackgroundService pkg=com.rhmsoft.fm proc=42abda10} without owner
F/ProcessStats( 1025): Starting service ServiceState{42c48c08 com.whatsapp.messaging.MessageService pkg=com.whatsapp proc=42c48c08} without owner
F/ProcessStats( 1025): Starting service ServiceState{42a4cec0 com.facebook.push.mqtt.service.MqttPushService pkg=com.facebook.katana proc=42a4cec0} without owner
D/EN      (13673): [c] - 	loading saved values from internal storage
I/ActivityManager( 1025): Process com.google.android.apps.docs (pid 13588) has died.
I/ReleaseProperties(13717): Current app is: evernoteWidget
F/ProcessStats( 1025): Starting service ServiceState{42abda10 com.cleanmaster.fm.service.BackgroundService pkg=com.rhmsoft.fm proc=42abda10} without owner
I/ReleaseProperties(13717): propFile: release is now loaded
I/ReleaseProperties(13717): propFile: play is now loaded
I/ReleaseProperties(13717): propFile: base is now loaded
I/ReleaseProperties(13717): propFile: override is now loaded
I/ReleaseProperties(13717): ReleaseProperties: 
I/ReleaseProperties(13717):   bundleName=none
I/ReleaseProperties(13717):   revision=unknown
I/ReleaseProperties(13717):   type=development
I/ReleaseProperties(13717):   gitHash=?
I/ReleaseProperties(13717):   baseSearchUri=market://search?q=
F/ProcessStats( 1025): Starting service ServiceState{42c48c08 com.whatsapp.messaging.MessageService pkg=com.whatsapp proc=42c48c08} without owner
F/ProcessStats( 1025): Starting service ServiceState{42a4cec0 com.facebook.push.mqtt.service.MqttPushService pkg=com.facebook.katana proc=42a4cec0} without owner
D/ReleaseProperties(13717): getReferralPersistencePath():: old=false:: path=/storage/emulated/0/.enref
I/ReleaseProperties(13717): From file referralCode=android
F/ProcessStats( 1025): Starting service ServiceState{42abda10 com.cleanmaster.fm.service.BackgroundService pkg=com.rhmsoft.fm proc=42abda10} without owner
F/ProcessStats( 1025): Starting service ServiceState{42c48c08 com.whatsapp.messaging.MessageService pkg=com.whatsapp proc=42c48c08} without owner
F/ProcessStats( 1025): Starting service ServiceState{42a4cec0 com.facebook.push.mqtt.service.MqttPushService pkg=com.facebook.katana proc=42a4cec0} without owner
I/ActivityManager( 1025): Process com.motorola.MotGallery2 (pid 13625) has died.
F/ProcessStats( 1025): Starting service ServiceState{42abda10 com.cleanmaster.fm.service.BackgroundService pkg=com.rhmsoft.fm proc=42abda10} without owner
F/ProcessStats( 1025): Starting service ServiceState{42c48c08 com.whatsapp.messaging.MessageService pkg=com.whatsapp proc=42c48c08} without owner
F/ProcessStats( 1025): Starting service ServiceState{42a4cec0 com.facebook.push.mqtt.service.MqttPushService pkg=com.facebook.katana proc=42a4cec0} without owner
I/ActivityManager( 1025): Start proc com.facebook.katana:dash for broadcast com.facebook.katana/com.facebook.dash.receivers.DashPackageUninstallReceiver: pid=13741 uid=10110 gids={50110, 1028, 1015, 3003}
W/dalvikvm(13741): VFY: unable to resolve static field 29078 (a) in Lcom/facebook/katana/app/WorkAppTypes;
D/dalvikvm(13741): VFY: replacing opcode 0x62 at 0x0013
W/dalvikvm(13741): VFY: unable to resolve static field 29079 (b) in Lcom/facebook/katana/app/WorkAppTypes;
D/dalvikvm(13741): VFY: replacing opcode 0x62 at 0x001d
E/dalvikvm(13741): Could not find class 'com.facebook.katana.app.WallpaperFacebookApplicationImpl', referenced from method com.facebook.katana.app.FacebookApplication.a
W/dalvikvm(13741): VFY: unable to resolve new-instance 379 (Lcom/facebook/katana/app/WallpaperFacebookApplicationImpl;) in Lcom/facebook/katana/app/FacebookApplication;
D/dalvikvm(13741): VFY: replacing opcode 0x22 at 0x00a9
D/dalvikvm(13741): DexOpt: unable to opt direct call 0x055f at 0xab in Lcom/facebook/katana/app/FacebookApplication;.a
D/Ulp_jni ( 1025): Location CB invoked
D/WifiStateMachine( 1025): handleMessage: E msg.what=151572
D/WifiStateMachine( 1025): processMsg: ConnectedState
D/WifiStateMachine( 1025): processMsg: L2ConnectedState
D/CatchMeIfYouCan(13741): Process (dash) ca: '/data/data/com.facebook.katana/app_cmiyc/0C66B38F48468E96F8008B6D5A2AE33B4A60265E01'
D/CatchMeIfYouCan(13741): Process (dash) fc: '/data/data/com.facebook.katana/app_cmiyc/0C66B38F48468E96F8008B6D5A2AE33B4A60265E02'
D/CatchMeIfYouCan(13741): Process (dash) cp: '('dash', 6, 60000, silent [true], restart [true], logout [true])'
D/ACRA    (13741): ACRA is enabled for com.facebook.katana, intializing...
D/WifiStateMachine( 1025): handleMessage: X
D/ACRA    (13741): Looking for error files in /data/data/com.facebook.katana/app_acra-reports
D/ACRA    (13741): Looking for error files in /data/data/com.facebook.katana/app_minidumps
D/dalvikvm(13741): Trying to load lib /data/app-lib/com.facebook.katana-1/libgnustl_shared.so 0x41fac9d0
D/dalvikvm(13741): Added shared lib /data/app-lib/com.facebook.katana-1/libgnustl_shared.so 0x41fac9d0
D/dalvikvm(13741): No JNI_OnLoad found in /data/app-lib/com.facebook.katana-1/libgnustl_shared.so 0x41fac9d0, skipping init
D/dalvikvm(13741): Trying to load lib /data/app-lib/com.facebook.katana-1/libfb_breakpad_client.so 0x41fac9d0
D/dalvikvm(13741): Added shared lib /data/app-lib/com.facebook.katana-1/libfb_breakpad_client.so 0x41fac9d0
D/dalvikvm(13741): Trying to load lib /data/app-lib/com.facebook.katana-1/libfb_dalvik-internals.so 0x41fac9d0
D/dalvikvm(13741): Added shared lib /data/app-lib/com.facebook.katana-1/libfb_dalvik-internals.so 0x41fac9d0
V/DexLibLoader(13741): about to lock: /data/data/com.facebook.katana/mdex_lock
V/DexLibLoader(13741): locking /data/data/com.facebook.katana/mdex_lock took 1 ms
V/DexLibLoader(13741): Secondary program dex metadata: secondary-1.dex.jar.xz 15ef54b77950d1e6c1cbc3342a20571a9fd8050d secondary.dex01.Canary
V/DexLibLoader(13741): Secondary program dex metadata: secondary-2.dex.jar.xz 14bcaeed5ad488eaf139a59d22cf00efbde5948b secondary.dex02.Canary
V/DexLibLoader(13741): Secondary program dex metadata: secondary-3.dex.jar.xz e8acf246c92474061a3e0f7dafec5559e33da2c5 secondary.dex03.Canary
V/DexLibLoader(13741): Secondary program dex metadata: secondary-4.dex.jar.xz 1d7a13e77be07efb41a2c80160a9aec6fff27ad1 secondary.dex04.Canary
V/DexLibLoader(13741): Secondary program dex metadata: secondary-5.dex.jar.xz 42761fa3dedc1f1a9503bece4f2db80adf01f775 secondary.dex05.Canary
V/DexLibLoader(13741): Secondary program dex metadata: secondary-6.dex.jar.xz 1b4455e1ba1ff38a86723e24cd334fa1062519f1 secondary.dex06.Canary
V/DexLibLoader(13741): Secondary program dex metadata: secondary-7.dex.jar.xz a54de6ef97459e1e5b5c8f874a889a38965d3446 secondary.dex07.Canary
V/DexLibLoader(13741): directory "/data/data/com.facebook.katana/app_secondary_program_dex" contains "program-15ef54b77950d1e6c1cbc3342a20571a9fd8050d6661a1c7.dex.jar" as expected
V/DexLibLoader(13741): directory "/data/data/com.facebook.katana/app_secondary_program_dex" contains "program-14bcaeed5ad488eaf139a59d22cf00efbde5948b6661a1c7.dex.jar" as expected
V/DexLibLoader(13741): directory "/data/data/com.facebook.katana/app_secondary_program_dex" contains "program-e8acf246c92474061a3e0f7dafec5559e33da2c56661a1c7.dex.jar" as expected
V/DexLibLoader(13741): directory "/data/data/com.facebook.katana/app_secondary_program_dex" contains "program-1d7a13e77be07efb41a2c80160a9aec6fff27ad16661a1c7.dex.jar" as expected
V/DexLibLoader(13741): directory "/data/data/com.facebook.katana/app_secondary_program_dex" contains "program-42761fa3dedc1f1a9503bece4f2db80adf01f7756661a1c7.dex.jar" as expected
V/DexLibLoader(13741): directory "/data/data/com.facebook.katana/app_secondary_program_dex" contains "program-1b4455e1ba1ff38a86723e24cd334fa1062519f16661a1c7.dex.jar" as expected
V/DexLibLoader(13741): directory "/data/data/com.facebook.katana/app_secondary_program_dex" contains "program-a54de6ef97459e1e5b5c8f874a889a38965d34466661a1c7.dex.jar" as expected
D/DexLibLoader(13741): ignoring file "program-15ef54b77950d1e6c1cbc3342a20571a9fd8050d6661a1c7.dex.odex" in "/data/data/com.facebook.katana/app_secondary_program_dex"
D/DexLibLoader(13741): ignoring file "program-14bcaeed5ad488eaf139a59d22cf00efbde5948b6661a1c7.dex.odex" in "/data/data/com.facebook.katana/app_secondary_program_dex"
D/DexLibLoader(13741): ignoring file "program-e8acf246c92474061a3e0f7dafec5559e33da2c56661a1c7.dex.odex" in "/data/data/com.facebook.katana/app_secondary_program_dex"
D/DexLibLoader(13741): ignoring file "program-1d7a13e77be07efb41a2c80160a9aec6fff27ad16661a1c7.dex.odex" in "/data/data/com.facebook.katana/app_secondary_program_dex"
D/DexLibLoader(13741): ignoring file "program-42761fa3dedc1f1a9503bece4f2db80adf01f7756661a1c7.dex.odex" in "/data/data/com.facebook.katana/app_secondary_program_dex"
D/DexLibLoader(13741): ignoring file "program-1b4455e1ba1ff38a86723e24cd334fa1062519f16661a1c7.dex.odex" in "/data/data/com.facebook.katana/app_secondary_program_dex"
D/DexLibLoader(13741): ignoring file "program-a54de6ef97459e1e5b5c8f874a889a38965d34466661a1c7.dex.odex" in "/data/data/com.facebook.katana/app_secondary_program_dex"
D/DexLibLoader(13741): directory "/data/data/com.facebook.katana/app_secondary_program_dex" is valid
D/DexLibLoader(13741): ignoring file "primary_deps" in "/data/data/com.facebook.katana/app_secondary_program_dex_opt"
V/DexLibLoader(13741): directory "/data/data/com.facebook.katana/app_secondary_program_dex_opt" contains "program-15ef54b77950d1e6c1cbc3342a20571a9fd8050d6661a1c7.dex.dex" as expected
V/DexLibLoader(13741): directory "/data/data/com.facebook.katana/app_secondary_program_dex_opt" contains "program-14bcaeed5ad488eaf139a59d22cf00efbde5948b6661a1c7.dex.dex" as expected
V/DexLibLoader(13741): directory "/data/data/com.facebook.katana/app_secondary_program_dex_opt" contains "program-e8acf246c92474061a3e0f7dafec5559e33da2c56661a1c7.dex.dex" as expected
V/DexLibLoader(13741): directory "/data/data/com.facebook.katana/app_secondary_program_dex_opt" contains "program-1d7a13e77be07efb41a2c80160a9aec6fff27ad16661a1c7.dex.dex" as expected
V/DexLibLoader(13741): directory "/data/data/com.facebook.katana/app_secondary_program_dex_opt" contains "program-42761fa3dedc1f1a9503bece4f2db80adf01f7756661a1c7.dex.dex" as expected
V/DexLibLoader(13741): directory "/data/data/com.facebook.katana/app_secondary_program_dex_opt" contains "program-1b4455e1ba1ff38a86723e24cd334fa1062519f16661a1c7.dex.dex" as expected
V/DexLibLoader(13741): directory "/data/data/com.facebook.katana/app_secondary_program_dex_opt" contains "program-a54de6ef97459e1e5b5c8f874a889a38965d34466661a1c7.dex.dex" as expected
D/DexLibLoader(13741): directory "/data/data/com.facebook.katana/app_secondary_program_dex_opt" is valid
D/DexLibLoader(13741): loading pre-built cross-dex opt odex files
V/dalvik-internals(13741): hooked dvmResolveClass using jump ()
V/dalvik-internals(13741): hooked dvmFlushBreakpoints using jump ()
V/MultiDexClassLoader(13741): installing MultiDexClassLoader before application classloader
I/dalvikvm(13741): Could not find method dalvik.system.DexFile.loadClassBinaryName, referenced from method com.facebook.common.dextricks.DexFileLoadOld.a
W/dalvikvm(13741): VFY: unable to resolve virtual method 2073: Ldalvik/system/DexFile;.loadClassBinaryName (Ljava/lang/String;Ljava/lang/ClassLoader;)Ljava/lang/Class;
D/dalvikvm(13741): VFY: replacing opcode 0x6e at 0x0000
D/DexLibLoader(13741): released odex store lock
D/DexLibLoader(13741): DexLibLoader.loadAll took 190 ms
D/MemoryReductionHack(13741): Marked as initialized entry corresponding to path /data/app/com.facebook.katana-1.apk
V/dalvik-internals(13741): hooked dvmLinearAlloc using jump ()
V/dalvik-internals(13741): hooked dvmLinearRealloc using jump ()
V/dalvik-internals(13741): hooked dvmLinearFree using jump ()
V/dalvik-internals(13741): hooked dvmLinearStrdup using jump ()
V/dalvik-internals(13741): hooked dvmLinearAllocContains using jump ()
I/dalvik-internals(13741): enlarged linearalloc buffer to 33554432 bytes
W/StaticBindingVerifier(13741): Verify
I/dalvikvm(13741): Could not find method com.facebook.resources.FbResources.getDrawable, referenced from method com.facebook.resources.impl.DownloadedFbResources.getDrawable
W/dalvikvm(13741): VFY: unable to resolve virtual method 48479: Lcom/facebook/resources/FbResources;.getDrawable (ILandroid/content/res/Resources$Theme;)Landroid/graphics/drawable/Drawable;
D/dalvikvm(13741): VFY: replacing opcode 0x6f at 0x0031
D/WifiService( 1025): New client listening to asynchronous messages
I/ActivityManager( 1025): Start proc com.facebook.katana for content provider com.facebook.katana/.provider.orca.FbSharedPreferencesContentProvider: pid=13776 uid=10110 gids={50110, 1028, 1015, 3003}
I/ActivityManager( 1025): Process com.google.android.googlequicksearchbox:search (pid 13657) has died.
D/WifiStateMachine( 1025): handleMessage: E msg.what=151572
D/WifiStateMachine( 1025): processMsg: ConnectedState
D/WifiStateMachine( 1025): processMsg: L2ConnectedState
D/WifiStateMachine( 1025): handleMessage: X
D/WifiStateMachine( 1025): handleMessage: E msg.what=131155
D/WifiStateMachine( 1025): processMsg: ConnectedState
D/WifiStateMachine( 1025): processMsg: L2ConnectedState
D/WifiStateMachine( 1025): handleMessage: X
W/dalvikvm(13776): VFY: unable to resolve static field 29078 (a) in Lcom/facebook/katana/app/WorkAppTypes;
D/dalvikvm(13776): VFY: replacing opcode 0x62 at 0x0013
W/dalvikvm(13776): VFY: unable to resolve static field 29079 (b) in Lcom/facebook/katana/app/WorkAppTypes;
D/dalvikvm(13776): VFY: replacing opcode 0x62 at 0x001d
E/dalvikvm(13776): Could not find class 'com.facebook.katana.app.WallpaperFacebookApplicationImpl', referenced from method com.facebook.katana.app.FacebookApplication.a
W/dalvikvm(13776): VFY: unable to resolve new-instance 379 (Lcom/facebook/katana/app/WallpaperFacebookApplicationImpl;) in Lcom/facebook/katana/app/FacebookApplication;
D/dalvikvm(13776): VFY: replacing opcode 0x22 at 0x00a9
D/dalvikvm(13776): DexOpt: unable to opt direct call 0x055f at 0xab in Lcom/facebook/katana/app/FacebookApplication;.a
I/ActivityManager( 1025): Start proc com.google.android.partnersetup for broadcast com.google.android.partnersetup/.RlzPingBroadcastReceiver: pid=13797 uid=10025 gids={50025, 3003}
I/ActivityManager( 1025): START u0 {act=android.intent.action.MAIN cat=[android.intent.category.LAUNCHER] flg=0x10000000 pkg=co.giftmeapp.gift_me cmp=co.giftmeapp.gift_me/.GiftMe} from pid 13378
I/ActivityManager( 1025): Process com.evernote (pid 13673) has died.
W/ContextImpl( 1295): Calling a method in the system process without a qualified user: android.app.ContextImpl.sendBroadcast:1252 android.content.ContextWrapper.sendBroadcast:365 com.motorola.motocare.util.TriggerHelper$TriggerBuilder.send:76 com.motorola.motocare.internal.frameworkevents.PauseResumeTrigger.handleFrameworkEvent:53 com.motorola.motocare.internal.frameworkevents.FwEventMonitor$FrameworkListener.processFrameworkEvent:114 
D/CatchMeIfYouCan(13776): Process (<default>) ca: '/data/user/0/com.facebook.katana/app_cmiyc/A1657CCD543F12E66E587EE52ED9D802E22AAC4701'
D/CatchMeIfYouCan(13776): Process (<default>) fc: '/data/user/0/com.facebook.katana/app_cmiyc/A1657CCD543F12E66E587EE52ED9D802E22AAC4702'
D/CatchMeIfYouCan(13776): Process (<default>) cp: '('default', 3, 120000, silent [true], restart [false], logout [false])'
D/ACRA    (13776): ACRA is enabled for com.facebook.katana, intializing...
I/ActivityManager( 1025): Start proc co.giftmeapp.gift_me for activity co.giftmeapp.gift_me/.GiftMe: pid=13812 uid=10155 gids={50155, 3003, 1028, 1015}
I/dalvikvm(13812): Enabling JNI app bug workarounds for target SDK version 7...
I/ActivityManager( 1025): Process com.evernote.widget (pid 13717) has died.
D/ACRA    (13776): Looking for error files in /data/user/0/com.facebook.katana/app_acra-reports
D/ACRA    (13776): Looking for error files in /data/user/0/com.facebook.katana/app_minidumps
W/ContextImpl( 1295): Calling a method in the system process without a qualified user: android.app.ContextImpl.sendBroadcast:1252 android.content.ContextWrapper.sendBroadcast:365 com.motorola.motocare.util.TriggerHelper$TriggerBuilder.send:76 com.motorola.motocare.internal.frameworkevents.PauseResumeTrigger.handleFrameworkEvent:53 com.motorola.motocare.internal.frameworkevents.FwEventMonitor$FrameworkListener.processFrameworkEvent:114 
D/dalvikvm(13776): Trying to load lib /data/app-lib/com.facebook.katana-1/libgnustl_shared.so 0x41fb92e0
D/dalvikvm(13776): Added shared lib /data/app-lib/com.facebook.katana-1/libgnustl_shared.so 0x41fb92e0
D/dalvikvm(13776): No JNI_OnLoad found in /data/app-lib/com.facebook.katana-1/libgnustl_shared.so 0x41fb92e0, skipping init
D/dalvikvm(13776): Trying to load lib /data/app-lib/com.facebook.katana-1/libfb_breakpad_client.so 0x41fb92e0
D/dalvikvm(13776): Added shared lib /data/app-lib/com.facebook.katana-1/libfb_breakpad_client.so 0x41fb92e0
I/CordovaLog(13812): Changing log level to DEBUG(3)
D/CordovaActivity(13812): CordovaActivity.init()
I/dalvikvm(13812): Could not find method android.webkit.CookieManager.setAcceptThirdPartyCookies, referenced from method org.apache.cordova.CordovaWebView.initWebViewSettings
W/dalvikvm(13812): VFY: unable to resolve virtual method 6387: Landroid/webkit/CookieManager;.setAcceptThirdPartyCookies (Landroid/webkit/WebView;Z)V
D/dalvikvm(13812): VFY: replacing opcode 0x6e at 0x002a
V/WebViewChromiumFactoryProvider(13812): Binding Chromium to main looper Looper (main, tid 1) {41fa9d00}
I/LibraryLoader(13812): Expected native library version number "",actual native library version number ""
I/chromium(13812): [INFO:library_loader_hooks.cc(116)] Chromium logging enabled: level = 0, default verbosity = 0
I/BrowserStartupController(13812): Initializing chromium process, renderers=0
E/AudioManagerAndroid(13812): BLUETOOTH permission is missing!
V/PhoneStatusBar( 1119): setLightsOn(true)
D/dalvikvm(13776): Trying to load lib /data/app-lib/com.facebook.katana-1/libfb_dalvik-internals.so 0x41fb92e0
D/dalvikvm(13776): Added shared lib /data/app-lib/com.facebook.katana-1/libfb_dalvik-internals.so 0x41fb92e0
V/DexLibLoader(13776): about to lock: /data/user/0/com.facebook.katana/mdex_lock
V/DexLibLoader(13776): locking /data/user/0/com.facebook.katana/mdex_lock took 2 ms
V/DexLibLoader(13776): Secondary program dex metadata: secondary-1.dex.jar.xz 15ef54b77950d1e6c1cbc3342a20571a9fd8050d secondary.dex01.Canary
V/DexLibLoader(13776): Secondary program dex metadata: secondary-2.dex.jar.xz 14bcaeed5ad488eaf139a59d22cf00efbde5948b secondary.dex02.Canary
V/DexLibLoader(13776): Secondary program dex metadata: secondary-3.dex.jar.xz e8acf246c92474061a3e0f7dafec5559e33da2c5 secondary.dex03.Canary
V/DexLibLoader(13776): Secondary program dex metadata: secondary-4.dex.jar.xz 1d7a13e77be07efb41a2c80160a9aec6fff27ad1 secondary.dex04.Canary
V/DexLibLoader(13776): Secondary program dex metadata: secondary-5.dex.jar.xz 42761fa3dedc1f1a9503bece4f2db80adf01f775 secondary.dex05.Canary
V/DexLibLoader(13776): Secondary program dex metadata: secondary-6.dex.jar.xz 1b4455e1ba1ff38a86723e24cd334fa1062519f1 secondary.dex06.Canary
V/DexLibLoader(13776): Secondary program dex metadata: secondary-7.dex.jar.xz a54de6ef97459e1e5b5c8f874a889a38965d3446 secondary.dex07.Canary
E/rsC++   (13378): RS Message thread exiting.
V/DexLibLoader(13776): directory "/data/user/0/com.facebook.katana/app_secondary_program_dex" contains "program-15ef54b77950d1e6c1cbc3342a20571a9fd8050d6661a1c7.dex.jar" as expected
V/DexLibLoader(13776): directory "/data/user/0/com.facebook.katana/app_secondary_program_dex" contains "program-14bcaeed5ad488eaf139a59d22cf00efbde5948b6661a1c7.dex.jar" as expected
V/DexLibLoader(13776): directory "/data/user/0/com.facebook.katana/app_secondary_program_dex" contains "program-e8acf246c92474061a3e0f7dafec5559e33da2c56661a1c7.dex.jar" as expected
V/DexLibLoader(13776): directory "/data/user/0/com.facebook.katana/app_secondary_program_dex" contains "program-1d7a13e77be07efb41a2c80160a9aec6fff27ad16661a1c7.dex.jar" as expected
V/DexLibLoader(13776): directory "/data/user/0/com.facebook.katana/app_secondary_program_dex" contains "program-42761fa3dedc1f1a9503bece4f2db80adf01f7756661a1c7.dex.jar" as expected
V/DexLibLoader(13776): directory "/data/user/0/com.facebook.katana/app_secondary_program_dex" contains "program-1b4455e1ba1ff38a86723e24cd334fa1062519f16661a1c7.dex.jar" as expected
V/DexLibLoader(13776): directory "/data/user/0/com.facebook.katana/app_secondary_program_dex" contains "program-a54de6ef97459e1e5b5c8f874a889a38965d34466661a1c7.dex.jar" as expected
D/DexLibLoader(13776): ignoring file "program-15ef54b77950d1e6c1cbc3342a20571a9fd8050d6661a1c7.dex.odex" in "/data/user/0/com.facebook.katana/app_secondary_program_dex"
D/DexLibLoader(13776): ignoring file "program-14bcaeed5ad488eaf139a59d22cf00efbde5948b6661a1c7.dex.odex" in "/data/user/0/com.facebook.katana/app_secondary_program_dex"
D/DexLibLoader(13776): ignoring file "program-e8acf246c92474061a3e0f7dafec5559e33da2c56661a1c7.dex.odex" in "/data/user/0/com.facebook.katana/app_secondary_program_dex"
D/DexLibLoader(13776): ignoring file "program-1d7a13e77be07efb41a2c80160a9aec6fff27ad16661a1c7.dex.odex" in "/data/user/0/com.facebook.katana/app_secondary_program_dex"
D/DexLibLoader(13776): ignoring file "program-42761fa3dedc1f1a9503bece4f2db80adf01f7756661a1c7.dex.odex" in "/data/user/0/com.facebook.katana/app_secondary_program_dex"
D/DexLibLoader(13776): ignoring file "program-1b4455e1ba1ff38a86723e24cd334fa1062519f16661a1c7.dex.odex" in "/data/user/0/com.facebook.katana/app_secondary_program_dex"
D/DexLibLoader(13776): ignoring file "program-a54de6ef97459e1e5b5c8f874a889a38965d34466661a1c7.dex.odex" in "/data/user/0/com.facebook.katana/app_secondary_program_dex"
D/DexLibLoader(13776): directory "/data/user/0/com.facebook.katana/app_secondary_program_dex" is valid
D/DexLibLoader(13776): ignoring file "primary_deps" in "/data/user/0/com.facebook.katana/app_secondary_program_dex_opt"
V/DexLibLoader(13776): directory "/data/user/0/com.facebook.katana/app_secondary_program_dex_opt" contains "program-15ef54b77950d1e6c1cbc3342a20571a9fd8050d6661a1c7.dex.dex" as expected
V/DexLibLoader(13776): directory "/data/user/0/com.facebook.katana/app_secondary_program_dex_opt" contains "program-14bcaeed5ad488eaf139a59d22cf00efbde5948b6661a1c7.dex.dex" as expected
V/DexLibLoader(13776): directory "/data/user/0/com.facebook.katana/app_secondary_program_dex_opt" contains "program-e8acf246c92474061a3e0f7dafec5559e33da2c56661a1c7.dex.dex" as expected
I/ActivityManager( 1025): Start proc com.android.vending for broadcast com.android.vending/com.google.android.finsky.receivers.PackageMonitorReceiver$RegisteredReceiver: pid=13834 uid=10039 gids={50039, 3003, 1028, 1015}
V/DexLibLoader(13776): directory "/data/user/0/com.facebook.katana/app_secondary_program_dex_opt" contains "program-1d7a13e77be07efb41a2c80160a9aec6fff27ad16661a1c7.dex.dex" as expected
V/DexLibLoader(13776): directory "/data/user/0/com.facebook.katana/app_secondary_program_dex_opt" contains "program-42761fa3dedc1f1a9503bece4f2db80adf01f7756661a1c7.dex.dex" as expected
V/DexLibLoader(13776): directory "/data/user/0/com.facebook.katana/app_secondary_program_dex_opt" contains "program-1b4455e1ba1ff38a86723e24cd334fa1062519f16661a1c7.dex.dex" as expected
V/DexLibLoader(13776): directory "/data/user/0/com.facebook.katana/app_secondary_program_dex_opt" contains "program-a54de6ef97459e1e5b5c8f874a889a38965d34466661a1c7.dex.dex" as expected
D/DexLibLoader(13776): directory "/data/user/0/com.facebook.katana/app_secondary_program_dex_opt" is valid
I/ActivityManager( 1025): Process com.facebook.katana:dash (pid 13741) has died.
D/WifiService( 1025): Client connection lost with reason: 4
D/DexLibLoader(13776): loading pre-built cross-dex opt odex files
I/Adreno-EGL(13812): <qeglDrvAPI_eglInitialize:410>: EGL 1.4 QUALCOMM build: AU_LINUX_ANDROID_LNX.LA.3.5.1_RB1.04.04.02.048.018_msm8226_LNX.LA.3.5.1_RB1__release_AU ()
I/Adreno-EGL(13812): OpenGL ES Shader Compiler Version: E031.24.00.08
I/Adreno-EGL(13812): Build Date: 03/07/14 Fri
I/Adreno-EGL(13812): Local Branch: 
I/Adreno-EGL(13812): Remote Branch: quic/LNX.LA.3.5.1_RB1.1
I/Adreno-EGL(13812): Local Patches: NONE
I/Adreno-EGL(13812): Reconstruct Branch: AU_LINUX_ANDROID_LNX.LA.3.5.1_RB1.04.04.02.048.018 + f2fd134 +  NOTHING
V/dalvik-internals(13776): hooked dvmResolveClass using jump ()
V/dalvik-internals(13776): hooked dvmFlushBreakpoints using jump ()
V/MultiDexClassLoader(13776): installing MultiDexClassLoader before application classloader
I/dalvikvm(13776): Could not find method dalvik.system.DexFile.loadClassBinaryName, referenced from method com.facebook.common.dextricks.DexFileLoadOld.a
W/dalvikvm(13776): VFY: unable to resolve virtual method 2073: Ldalvik/system/DexFile;.loadClassBinaryName (Ljava/lang/String;Ljava/lang/ClassLoader;)Ljava/lang/Class;
D/dalvikvm(13776): VFY: replacing opcode 0x6e at 0x0000
D/DexLibLoader(13776): released odex store lock
D/DexLibLoader(13776): DexLibLoader.loadAll took 84 ms
D/MemoryReductionHack(13776): Marked as initialized entry corresponding to path /data/app/com.facebook.katana-1.apk
I/ActivityManager( 1025): Process com.android.packageinstaller (pid 13378) has died.
I/WindowState( 1025): WIN DEATH: Window{42994b00 u0 com.android.packageinstaller/com.android.packageinstaller.InstallAppProgress}
W/InputDispatcher( 1025): channel '42994b00 com.android.packageinstaller/com.android.packageinstaller.InstallAppProgress (server)' ~ Consumer closed input channel or an error occurred.  events=0x9
E/InputDispatcher( 1025): channel '42994b00 com.android.packageinstaller/com.android.packageinstaller.InstallAppProgress (server)' ~ Channel is unrecoverably broken and will be disposed!
W/InputDispatcher( 1025): Attempted to unregister already unregistered input channel '42994b00 com.android.packageinstaller/com.android.packageinstaller.InstallAppProgress (server)'
I/SFPerfTracer(  274):      triggers: (rate: 1248:49531) (compose: 0:251) (post: 0:20) (render: 84:10545) (1:778531 frames) (2:3294418)
D/SFPerfTracer(  274):        layers: (3:10) (DimLayer: 0:158)* (DimLayer: 0:124)* (FocusedStackFrame: 0:21434)* (StatusBar: 0:263188) (NavigationBar: 0:202041) (DimLayer: 0:24258)* (DimLayer: 0:4647) (com.android.wallpaper.fall.FallWallpaper: 0:8996)* (com.android.packageinstaller/com.android.packageinstaller.InstallAppProgress: 2:272)* (Starting co.giftmeapp.gift_me: 0:4)* 
D/GcOptimizer(13776): Enabled
V/dalvik-internals(13776): hooked dvmLinearAlloc using jump ()
V/dalvik-internals(13776): hooked dvmLinearRealloc using jump ()
V/dalvik-internals(13776): hooked dvmLinearFree using jump ()
V/dalvik-internals(13776): hooked dvmLinearStrdup using jump ()
V/dalvik-internals(13776): hooked dvmLinearAllocContains using jump ()
I/dalvik-internals(13776): enlarged linearalloc buffer to 33554432 bytes
W/chromium(13812): [WARNING:proxy_service.cc(890)] PAC support disabled because there is no system implementation
D/CordovaActivity(13812): CordovaActivity.createViews()
W/dalvikvm(13812): VFY: unable to find class referenced in signature (Landroid/webkit/ClientCertRequest;)
W/dalvikvm(13812): VFY: unable to find class referenced in signature (Landroid/webkit/ClientCertRequest;)
I/dalvikvm(13812): Could not find method android.webkit.WebViewClient.onReceivedClientCertRequest, referenced from method org.apache.cordova.CordovaWebViewClient.onReceivedClientCertRequest
W/dalvikvm(13812): VFY: unable to resolve virtual method 6462: Landroid/webkit/WebViewClient;.onReceivedClientCertRequest (Landroid/webkit/WebView;Landroid/webkit/ClientCertRequest;)V
D/dalvikvm(13812): VFY: replacing opcode 0x6f at 0x001c
I/dalvikvm(13812): Could not find method android.webkit.WebChromeClient$FileChooserParams.createIntent, referenced from method org.apache.cordova.CordovaChromeClient.onShowFileChooser
W/dalvikvm(13812): VFY: unable to resolve virtual method 6406: Landroid/webkit/WebChromeClient$FileChooserParams;.createIntent ()Landroid/content/Intent;
D/dalvikvm(13812): VFY: replacing opcode 0x6e at 0x0000
D/PluginManager(13812): init()
D/CordovaWebView(13812): CordovaWebView is running on device made by: motorola
D/CordovaWebView(13812): >>> loadUrl(file:///android_asset/www/index.html)
D/CordovaWebView(13812): >>> loadUrlNow()
D/Finsky  (13834): [1] FinskyApp.onCreate: Initializing network with DFE https://android.clients.google.com/fdfe/
D/CordovaActivity(13812): Resuming the App
D/AudioManagerAndroid(13812): ==> onReceive: s=0, m=1, n=h2w, sb=true
D/AudioManagerAndroid(13812): reportUpdate: state=0, devices=[Speakerphone, Headset earpiece]
D/SoftKeyboardDetect(13812): Ignore this event
D/OpenGLRenderer(13812): Enabling debug mode 0
D/WifiStateMachine( 1025): handleMessage: E msg.what=151572
D/WifiStateMachine( 1025): processMsg: ConnectedState
D/WifiStateMachine( 1025): processMsg: L2ConnectedState
D/WifiStateMachine( 1025): handleMessage: X
W/InputMethodManagerService( 1025): Got RemoteException sending setActive(false) notification to pid 13378 uid 10085
D/Finsky  (13834): [1] DailyHygiene.goMakeHygieneIfDirty: No need to run daily hygiene.
D/SoftKeyboardDetect(13812): Ignore this event
W/Binder  (20316): Caught a RuntimeException from the binder stub implementation.
W/Binder  (20316): java.lang.NullPointerException
W/Binder  (20316): 	at android.inputmethodservice.IInputMethodWrapper.setSessionEnabled(IInputMethodWrapper.java:280)
W/Binder  (20316): 	at com.android.internal.view.IInputMethod$Stub.onTransact(IInputMethod.java:129)
W/Binder  (20316): 	at android.os.Binder.execTransact(Binder.java:404)
W/Binder  (20316): 	at dalvik.system.NativeStart.run(Native Method)
I/LaunchCheckinHandler( 1025): Displayed co.giftmeapp.gift_me/.GiftMe,cp,ca,819
I/ActivityManager( 1025): Displayed co.giftmeapp.gift_me/.GiftMe: +820ms
W/StaticBindingVerifier(13776): Verify
