I/PackageManager( 1025):   Action: "android.intent.action.SENDTO"
I/PackageManager( 1025):   Category: "android.intent.category.DEFAULT"
I/PackageManager( 1025):   Scheme: "mmsto"
I/PackageManager( 1025): Adding preferred activity ComponentInfo{com.android.mms/com.android.mms.ui.ComposeMessageActivity} for user 0 :
I/PackageManager( 1025):   Action: "android.intent.action.SENDTO"
I/PackageManager( 1025):   Category: "android.intent.category.DEFAULT"
I/PackageManager( 1025):   Scheme: "sms"
D/dalvikvm( 1025): GC_EXPLICIT freed 4750K, 40% free 30694K/50444K, paused 12ms+24ms, total 259ms
D/dalvikvm( 1025): WAIT_FOR_CONCURRENT_GC blocked 164ms
I/PackageManager( 1025): Adding preferred activity ComponentInfo{com.android.mms/com.android.mms.ui.ComposeMessageActivity} for user 0 :
I/PackageManager( 1025):   Action: "android.intent.action.SENDTO"
I/PackageManager( 1025):   Category: "android.intent.category.DEFAULT"
I/PackageManager( 1025):   Scheme: "smsto"
I/PackageManager( 1025): Adding preferred activity ComponentInfo{com.android.mms/com.android.mms.ui.ComposeMessageActivity} for user 0 :
I/PackageManager( 1025):   Action: "android.intent.action.SENDTO"
I/PackageManager( 1025):   Category: "android.intent.category.DEFAULT"
I/PackageManager( 1025):   Scheme: "mms"
I/Fabric  (21571): Initializing Crashlytics 2.0.0.15
I/PackageManager( 1025): Adding preferred activity ComponentInfo{com.android.mms/com.android.mms.ui.ComposeMessageActivity} for user 0 :
I/PackageManager( 1025):   Action: "android.intent.action.SENDTO"
I/PackageManager( 1025):   Category: "android.intent.category.DEFAULT"
I/PackageManager( 1025):   Scheme: "mmsto"
D/dalvikvm( 1025): GC_EXPLICIT freed 631K, 40% free 30274K/50444K, paused 6ms+20ms, total 205ms
W/InputMethodInfo( 1025): Duplicated subtype definition found: , voice
I/PackageManager( 1025): Adding preferred activity ComponentInfo{com.android.mms/com.android.mms.ui.ComposeMessageActivity} for user 0 :
I/PackageManager( 1025):   Action: "android.intent.action.SENDTO"
I/PackageManager( 1025):   Category: "android.intent.category.DEFAULT"
I/PackageManager( 1025):   Scheme: "sms"
I/PackageManager( 1025): Adding preferred activity ComponentInfo{com.android.mms/com.android.mms.ui.ComposeMessageActivity} for user 0 :
I/PackageManager( 1025):   Action: "android.intent.action.SENDTO"
I/PackageManager( 1025):   Category: "android.intent.category.DEFAULT"
I/PackageManager( 1025):   Scheme: "smsto"
I/PackageManager( 1025): Adding preferred activity ComponentInfo{com.android.mms/com.android.mms.ui.ComposeMessageActivity} for user 0 :
I/PackageManager( 1025):   Action: "android.intent.action.SENDTO"
I/PackageManager( 1025):   Category: "android.intent.category.DEFAULT"
I/PackageManager( 1025):   Scheme: "mms"
I/PackageManager( 1025): Adding preferred activity ComponentInfo{com.android.mms/com.android.mms.ui.ComposeMessageActivity} for user 0 :
I/PackageManager( 1025):   Action: "android.intent.action.SENDTO"
I/PackageManager( 1025):   Category: "android.intent.category.DEFAULT"
I/PackageManager( 1025):   Scheme: "mmsto"
I/PackageManager( 1025): Adding preferred activity ComponentInfo{com.android.mms/com.android.mms.ui.ComposeMessageActivity} for user 0 :
I/PackageManager( 1025):   Action: "android.intent.action.SENDTO"
I/PackageManager( 1025):   Category: "android.intent.category.DEFAULT"
I/PackageManager( 1025):   Scheme: "sms"
I/Launcher( 2206): Deferring update until onResume
I/PackageManager( 1025): Adding preferred activity ComponentInfo{com.android.mms/com.android.mms.ui.ComposeMessageActivity} for user 0 :
I/PackageManager( 1025):   Action: "android.intent.action.SENDTO"
I/PackageManager( 1025):   Category: "android.intent.category.DEFAULT"
I/PackageManager( 1025):   Scheme: "smsto"
I/PackageManager( 1025): Adding preferred activity ComponentInfo{com.android.mms/com.android.mms.ui.ComposeMessageActivity} for user 0 :
I/PackageManager( 1025):   Action: "android.intent.action.SENDTO"
I/PackageManager( 1025):   Category: "android.intent.category.DEFAULT"
I/PackageManager( 1025):   Scheme: "mms"
I/PackageManager( 1025): Adding preferred activity ComponentInfo{com.android.mms/com.android.mms.ui.ComposeMessageActivity} for user 0 :
I/PackageManager( 1025):   Action: "android.intent.action.SENDTO"
I/PackageManager( 1025):   Category: "android.intent.category.DEFAULT"
I/PackageManager( 1025):   Scheme: "mmsto"
D/WifiStateMachine( 1025): handleMessage: E msg.what=151572
D/WifiStateMachine( 1025): processMsg: ConnectedState
D/WifiStateMachine( 1025): processMsg: L2ConnectedState
D/WifiStateMachine( 1025): handleMessage: X
I/PackageManager( 1025): Adding preferred activity ComponentInfo{com.android.mms/com.android.mms.ui.ComposeMessageActivity} for user 0 :
I/PackageManager( 1025):   Action: "android.intent.action.SENDTO"
I/PackageManager( 1025):   Category: "android.intent.category.DEFAULT"
I/PackageManager( 1025):   Scheme: "sms"
I/PackageManager( 1025): Adding preferred activity ComponentInfo{com.android.mms/com.android.mms.ui.ComposeMessageActivity} for user 0 :
I/PackageManager( 1025):   Action: "android.intent.action.SENDTO"
I/PackageManager( 1025):   Category: "android.intent.category.DEFAULT"
I/PackageManager( 1025):   Scheme: "smsto"
E/cutils  (  261): Failed to mkdirat(/storage/sdcard1/Android): Read-only file system
W/Vold    (  261): Returning OperationFailed - no handler for errno 30
W/ContextImpl(21571): Failed to ensure directory: /storage/sdcard1/Android/data/com.bambuna.podcastaddict/files
I/PackageManager( 1025): Adding preferred activity ComponentInfo{com.android.mms/com.android.mms.ui.ComposeMessageActivity} for user 0 :
I/PackageManager( 1025):   Action: "android.intent.action.SENDTO"
I/PackageManager( 1025):   Category: "android.intent.category.DEFAULT"
I/PackageManager( 1025):   Scheme: "mms"
I/PackageManager( 1025): Adding preferred activity ComponentInfo{com.android.mms/com.android.mms.ui.ComposeMessageActivity} for user 0 :
I/PackageManager( 1025):   Action: "android.intent.action.SENDTO"
I/PackageManager( 1025):   Category: "android.intent.category.DEFAULT"
I/PackageManager( 1025):   Scheme: "mmsto"
W/ServerHelper(21571): sendServerDataAsync()
I/PackageManager( 1025): Adding preferred activity ComponentInfo{com.android.mms/com.android.mms.ui.ComposeMessageActivity} for user 0 :
I/PackageManager( 1025):   Action: "android.intent.action.SENDTO"
I/PackageManager( 1025):   Category: "android.intent.category.DEFAULT"
I/PackageManager( 1025):   Scheme: "sms"
I/PackageManager( 1025): Adding preferred activity ComponentInfo{com.android.mms/com.android.mms.ui.ComposeMessageActivity} for user 0 :
I/PackageManager( 1025):   Action: "android.intent.action.SENDTO"
I/PackageManager( 1025):   Category: "android.intent.category.DEFAULT"
I/PackageManager( 1025):   Scheme: "smsto"
E/PodcastAddictService(21571): starting service: #698
W/GAV2    (21571): Thread[z,1,main]: Need to call initialize() and be in fallback mode to start dispatch.
I/PackageManager( 1025): Adding preferred activity ComponentInfo{com.android.mms/com.android.mms.ui.ComposeMessageActivity} for user 0 :
I/PackageManager( 1025):   Action: "android.intent.action.SENDTO"
I/PackageManager( 1025):   Category: "android.intent.category.DEFAULT"
I/PackageManager( 1025):   Scheme: "mms"
I/ActivityManager( 1025): Start proc com.android.keychain for broadcast com.android.keychain/.KeyChainBroadcastReceiver: pid=21621 uid=1000 gids={41000, 1028, 1015, 3002, 3001, 3003, 1021, 3004, 3005, 1000, 3009, 1023, 1010, 1004, 2002, 3006}
I/CleanupHelper(21571): setupAutoTrashCleanerService()
I/PackageManager( 1025): Adding preferred activity ComponentInfo{com.android.mms/com.android.mms.ui.ComposeMessageActivity} for user 0 :
I/PackageManager( 1025):   Action: "android.intent.action.SENDTO"
I/PackageManager( 1025):   Category: "android.intent.category.DEFAULT"
I/PackageManager( 1025):   Scheme: "mmsto"
W/GAV2    (21571): Thread[z,1,main]: dispatch call queued.  Need to call GAServiceManager.getInstance().initialize().
W/ContextImpl(21621): Calling a method in the system process without a qualified user: android.app.ContextImpl.startService:1608 android.content.ContextWrapper.startService:494 android.content.ContextWrapper.startService:494 com.android.keychain.KeyChainBroadcastReceiver.onReceive:12 android.app.ActivityThread.handleReceiver:2434 
I/ActivityManager( 1025): Start proc com.android.vending for broadcast com.android.vending/com.google.android.finsky.receivers.PackageMonitorReceiver$RegisteredReceiver: pid=21646 uid=10039 gids={50039, 3003, 1028, 1015}
D/dalvikvm(  275): GC_EXPLICIT freed 43K, 48% free 9011K/17224K, paused 1ms+3ms, total 21ms
D/dalvikvm(  275): GC_EXPLICIT freed <1K, 48% free 9011K/17224K, paused 1ms+3ms, total 17ms
D/dalvikvm(  275): GC_EXPLICIT freed <1K, 48% free 9011K/17224K, paused 1ms+2ms, total 18ms
D/Finsky  (21646): [1] FinskyApp.onCreate: Initializing network with DFE https://android.clients.google.com/fdfe/
D/Finsky  (21646): [1] DailyHygiene.goMakeHygieneIfDirty: No need to run daily hygiene.
W/Settings(21646): Setting download_manager_max_bytes_over_mobile has moved from android.provider.Settings.Secure to android.provider.Settings.Global.
W/Settings(21646): Setting download_manager_recommended_max_bytes_over_mobile has moved from android.provider.Settings.Secure to android.provider.Settings.Global.
D/dalvikvm(11661): GC_EXPLICIT freed 1777K, 38% free 10777K/17224K, paused 5ms+8ms, total 140ms
I/dalvikvm(21646): Could not find method com.google.android.play.layout.PlayCardViewBase.setTransitionName, referenced from method com.google.android.finsky.utils.PlayCardUtils.bindCard
W/dalvikvm(21646): VFY: unable to resolve virtual method 42705: Lcom/google/android/play/layout/PlayCardViewBase;.setTransitionName (Ljava/lang/String;)V
D/dalvikvm(21646): VFY: replacing opcode 0x6e at 0x00d9
I/dalvikvm(21646): Could not find method com.google.android.play.layout.PlayCardViewBase.setTransitionGroup, referenced from method com.google.android.finsky.utils.PlayCardUtils.bindCard
W/dalvikvm(21646): VFY: unable to resolve virtual method 42704: Lcom/google/android/play/layout/PlayCardViewBase;.setTransitionGroup (Z)V
D/dalvikvm(21646): VFY: replacing opcode 0x6e at 0x0246
I/dalvikvm(21646): Could not find method android.view.View.getTransitionName, referenced from method com.google.android.finsky.navigationmanager.NavigationManager.showPage
W/dalvikvm(21646): VFY: unable to resolve virtual method 9352: Landroid/view/View;.getTransitionName ()Ljava/lang/String;
D/dalvikvm(21646): VFY: replacing opcode 0x6e at 0x001a
D/dalvikvm(31010): GC_EXPLICIT freed 256K, 40% free 10338K/17224K, paused 2ms+4ms, total 62ms
D/Finsky  (21646): [1] 2.run: Loaded library for account: [gKXbJhL8NA2nPUzZyFpjB6tKi7U]
D/Finsky  (21646): [1] 2.run: Finished loading 1 libraries.
E/NetworkScheduler.SchedulerReceiver(31010): Invalid parameter app
E/NetworkScheduler.SchedulerReceiver(31010): Invalid package name : Perhaps you didn't include a PendingIntent in the extras?
D/PackageBroadcastService(11661): Received broadcast action=android.intent.action.PACKAGE_REMOVED and uri=co.giftmeapp.gift_me
I/ConfigService(31010): onCreate
I/ConfigService(31010): onBind for Intent { act=com.google.android.gms.config.UPDATE pkg=com.google.android.gms } action com.google.android.gms.config.UPDATE
I/ActivityManager( 1025): Start proc com.google.android.apps.docs for broadcast com.google.android.apps.docs/.receivers.AppPackageAddRemoveReceiver: pid=21687 uid=10060 gids={50060, 3003, 1028, 1015}
I/ConfigFetchService(11661): onStartCommand Intent { act=android.intent.action.PACKAGE_REMOVED dat=package:co.giftmeapp.gift_me cmp=com.google.android.gms/.config.ConfigFetchService (has extras) }
D/Ulp_jni ( 1025): Location CB invoked
I/ConfigService(31010): onBind returning update interface
I/ConfigService(31010): onBind for Intent { act=com.google.android.gms.config.START pkg=com.google.android.gms } action com.google.android.gms.config.START
I/ConfigService(31010): onBind returning service broker
D/Finsky  (21646): [1] GmsCoreHelper.cleanupNlp: result=false type=4
D/Finsky  (21646): [1] RestoreTracker.stopServiceIfDone: Restore complete with 0 success and 0 failed.
D/BackupManagerService( 1025): Received broadcast Intent { act=android.intent.action.PACKAGE_REMOVED dat=package:co.giftmeapp.gift_me flg=0x4000010 (has extras) }
D/WifiStateMachine( 1025): handleMessage: E msg.what=131155
D/WifiStateMachine( 1025): processMsg: ConnectedState
D/WifiStateMachine( 1025): processMsg: L2ConnectedState
D/WifiStateMachine( 1025): handleMessage: X
D/WifiStateMachine( 1025): handleMessage: E msg.what=151572
D/WifiStateMachine( 1025): processMsg: ConnectedState
D/WifiStateMachine( 1025): processMsg: L2ConnectedState
D/BackupManagerService( 1025): Received broadcast Intent { act=android.intent.action.PACKAGE_ADDED dat=package:co.giftmeapp.gift_me flg=0x4000010 (has extras) }
V/BackupManagerService( 1025): removePackageParticipantsLocked: uid=10155 #1
D/WifiStateMachine( 1025): handleMessage: X
I/ActivityManager( 1025): START u0 {act=android.intent.action.MAIN cat=[android.intent.category.LAUNCHER] flg=0x10000000 pkg=co.giftmeapp.gift_me cmp=co.giftmeapp.gift_me/.GiftMe} from pid 21334
V/BackupManagerService( 1025): addPackageParticipantsLocked: #1
W/ContextImpl( 1295): Calling a method in the system process without a qualified user: android.app.ContextImpl.sendBroadcast:1252 android.content.ContextWrapper.sendBroadcast:365 com.motorola.motocare.util.TriggerHelper$TriggerBuilder.send:76 com.motorola.motocare.internal.frameworkevents.PauseResumeTrigger.handleFrameworkEvent:53 com.motorola.motocare.internal.frameworkevents.FwEventMonitor$FrameworkListener.processFrameworkEvent:114 
I/dalvikvm(21687): Could not find method android.app.Activity.finishAfterTransition, referenced from method r.c_
W/dalvikvm(21687): VFY: unable to resolve virtual method 2773: Landroid/app/Activity;.finishAfterTransition ()V
D/dalvikvm(21687): VFY: replacing opcode 0x6e at 0x0006
I/ActivityManager( 1025): Start proc co.giftmeapp.gift_me for activity co.giftmeapp.gift_me/.GiftMe: pid=21707 uid=10155 gids={50155, 3003, 1028, 1015}
I/ActivityManager( 1025): Process com.android.defcontainer (pid 21408) has died.
I/dalvikvm(21707): Enabling JNI app bug workarounds for target SDK version 7...
W/ContextImpl( 1295): Calling a method in the system process without a qualified user: android.app.ContextImpl.sendBroadcast:1252 android.content.ContextWrapper.sendBroadcast:365 com.motorola.motocare.util.TriggerHelper$TriggerBuilder.send:76 com.motorola.motocare.internal.frameworkevents.PauseResumeTrigger.handleFrameworkEvent:53 com.motorola.motocare.internal.frameworkevents.FwEventMonitor$FrameworkListener.processFrameworkEvent:114 
V/PhoneStatusBar( 1119): setLightsOn(true)
I/CordovaLog(21707): Changing log level to DEBUG(3)
D/CordovaActivity(21707): CordovaActivity.init()
I/dalvikvm(21707): Could not find method android.webkit.CookieManager.setAcceptThirdPartyCookies, referenced from method org.apache.cordova.CordovaWebView.initWebViewSettings
W/dalvikvm(21707): VFY: unable to resolve virtual method 6387: Landroid/webkit/CookieManager;.setAcceptThirdPartyCookies (Landroid/webkit/WebView;Z)V
D/dalvikvm(21707): VFY: replacing opcode 0x6e at 0x002a
V/WebViewChromiumFactoryProvider(21707): Binding Chromium to main looper Looper (main, tid 1) {41fa2cf0}
I/LibraryLoader(21707): Expected native library version number "",actual native library version number ""
I/chromium(21707): [INFO:library_loader_hooks.cc(116)] Chromium logging enabled: level = 0, default verbosity = 0
I/BrowserStartupController(21707): Initializing chromium process, renderers=0
E/AudioManagerAndroid(21707): BLUETOOTH permission is missing!
I/ActivityManager( 1025): Process com.android.keychain (pid 21621) has died.
I/ActivityManager( 1025): Process com.android.vending (pid 21646) has died.
I/Adreno-EGL(21707): <qeglDrvAPI_eglInitialize:410>: EGL 1.4 QUALCOMM build: AU_LINUX_ANDROID_LNX.LA.3.5.1_RB1.04.04.02.048.018_msm8226_LNX.LA.3.5.1_RB1__release_AU ()
I/Adreno-EGL(21707): OpenGL ES Shader Compiler Version: E031.24.00.08
I/Adreno-EGL(21707): Build Date: 03/07/14 Fri
I/Adreno-EGL(21707): Local Branch: 
I/Adreno-EGL(21707): Remote Branch: quic/LNX.LA.3.5.1_RB1.1
I/Adreno-EGL(21707): Local Patches: NONE
I/Adreno-EGL(21707): Reconstruct Branch: AU_LINUX_ANDROID_LNX.LA.3.5.1_RB1.04.04.02.048.018 + f2fd134 +  NOTHING
W/chromium(21707): [WARNING:proxy_service.cc(890)] PAC support disabled because there is no system implementation
D/CordovaActivity(21707): CordovaActivity.createViews()
W/dalvikvm(21707): VFY: unable to find class referenced in signature (Landroid/webkit/ClientCertRequest;)
W/dalvikvm(21707): VFY: unable to find class referenced in signature (Landroid/webkit/ClientCertRequest;)
I/dalvikvm(21707): Could not find method android.webkit.WebViewClient.onReceivedClientCertRequest, referenced from method org.apache.cordova.CordovaWebViewClient.onReceivedClientCertRequest
W/dalvikvm(21707): VFY: unable to resolve virtual method 6462: Landroid/webkit/WebViewClient;.onReceivedClientCertRequest (Landroid/webkit/WebView;Landroid/webkit/ClientCertRequest;)V
D/dalvikvm(21707): VFY: replacing opcode 0x6f at 0x001c
I/dalvikvm(21707): Could not find method android.webkit.WebChromeClient$FileChooserParams.createIntent, referenced from method org.apache.cordova.CordovaChromeClient.onShowFileChooser
W/dalvikvm(21707): VFY: unable to resolve virtual method 6406: Landroid/webkit/WebChromeClient$FileChooserParams;.createIntent ()Landroid/content/Intent;
D/dalvikvm(21707): VFY: replacing opcode 0x6e at 0x0000
D/PluginManager(21707): init()
D/CordovaWebView(21707): CordovaWebView is running on device made by: motorola
D/CordovaWebView(21707): >>> loadUrl(file:///android_asset/www/index.html)
D/CordovaWebView(21707): >>> loadUrlNow()
D/CordovaActivity(21707): Resuming the App
D/AudioManagerAndroid(21707): ==> onReceive: s=0, m=1, n=h2w, sb=true
D/AudioManagerAndroid(21707): reportUpdate: state=0, devices=[Speakerphone, Headset earpiece]
D/SoftKeyboardDetect(21707): Ignore this event
W/SyncWapiModule(21687): isPlayServicesEnabled=
W/SyncWapiModule(21687): isPlayServicesEnabled=
D/OpenGLRenderer(21707): Enabling debug mode 0
I/ActivityManager( 1025): Start proc com.motorola.MotGallery2 for broadcast com.motorola.MotGallery2/com.android.gallery3d.app.PackagesMonitor: pid=21755 uid=10034 gids={50034, 3003, 1028, 1015}
D/SoftKeyboardDetect(21707): Ignore this event
W/GAV2    (21687): Thread[main,5,main]: Need to call initialize() and be in fallback mode to start dispatch.
I/LaunchCheckinHandler( 1025): Displayed co.giftmeapp.gift_me/.GiftMe,cp,ca,551
I/ActivityManager( 1025): Displayed co.giftmeapp.gift_me/.GiftMe: +551ms
I/ActivityManager( 1025): Start proc com.google.android.googlequicksearchbox:search for broadcast com.google.android.googlequicksearchbox/com.google.android.search.core.icingsync.IcingCorporaChangedReceiver: pid=21779 uid=10045 gids={50045, 3003, 3001, 1028, 3002, 1015}
D/CordovaWebViewClient(21707): onPageStarted(file:///android_asset/www/index.html)
D/CordovaActivity(21707): onMessage(onPageStarted,file:///android_asset/www/index.html)
I/ActivityManager( 1025): Process com.motorola.MotGallery2 (pid 21755) has died.
I/ActivityManager( 1025): Start proc com.evernote for broadcast com.evernote/.util.WidgetTracker: pid=21794 uid=10134 gids={50134, 3003, 1028, 1015}
I/ActivityManager( 1025): Process com.google.android.googlequicksearchbox:search (pid 21779) has died.
I/SFPerfTracer(  274):      triggers: (rate: 1250:49594) (compose: 0:251) (post: 0:20) (render: 84:10545) (3:779294 frames) (4:3296732)
D/SFPerfTracer(  274):        layers: (4:11) (DimLayer: 0:158)* (DimLayer: 0:126)* (FocusedStackFrame: 0:21480)* (StatusBar: 0:263529) (NavigationBar: 0:202228) (DimLayer: 0:24310)* (DimLayer: 0:4671) (com.android.wallpaper.fall.FallWallpaper: 0:9266)* (com.android.packageinstaller/com.android.packageinstaller.InstallAppProgress: 0:195)* (Starting co.giftmeapp.gift_me: 4:26)* (co.giftmeapp.gift_me/co.giftmeapp.gift_me.GiftMe: 4:23) 
I/MultiDex(21794): VM with version 1.6.0 does not have multidex support
I/MultiDex(21794): install
I/MultiDex(21794): MultiDexExtractor.load(/data/app/com.evernote-1.apk, false)
I/MultiDex(21794): loading existing secondary dex files
I/MultiDex(21794): load found 0 secondary dex files
I/MultiDex(21794): install done
I/ActivityManager( 1025): Process com.android.packageinstaller (pid 21334) has died.
I/WindowState( 1025): WIN DEATH: Window{42fb1740 u0 com.android.packageinstaller/com.android.packageinstaller.InstallAppProgress}
D/WifiStateMachine( 1025): handleMessage: E msg.what=151572
D/WifiStateMachine( 1025): processMsg: ConnectedState
D/WifiStateMachine( 1025): processMsg: L2ConnectedState
D/WifiStateMachine( 1025): handleMessage: X
D/JsMessageQueue(21707): Set native->JS mode to OnlineEventsBridgeMode
W/GAV2    (21687): Thread[main,5,main]: dispatch call queued.  Need to call GAServiceManager.getInstance().initialize().
D/EN      (21794): MemoryMapAppender.ctor()
D/EN      (21794): MemoryMapAppender.ctor-end()
D/EN      (21794): [EvernoteProvider] - Provider+++++onCreate()
D/EN      (21794): [d] - AccountManager()::userIds=102703026
D/EN      (21794): [b] - creating new AccountInfo()::userId102703026
D/EN      (21794): [d] - AccountManager()::adding account::102703026::timcallagy
D/EN      (21794): [d] - AccountManager()::count=1
D/EN      (21794): [d] - initialized:
D/EN      (21794): [a] - getInstance()::
D/EN      (21794): [al] - Register SD Card Receiver ++++++++++++++++++++
D/EN      (21794): [al] - checkForRecentUnmount() end
D/EN      (21794): [a] - locale is set=en_GB
D/EN      (21794): [a] - isDBONSDcard()=true
I/EN      (21794): [al] - getSDCardStatus()::mounted::noStorageText=null
D/EN      (21794): [a] - isDBFileChanged()::lastFilePath in pref=/data/data/com.evernote/files/user-102703026/.external-1428259012787-Evernote.db
E/EN      (21794): [a] - isDBFileChanged()::+++++++++lastFilePath exists/data/data/com.evernote/files/user-102703026/.external-1428259012787-Evernote.db
D/EN      (21794): [a] - getInstance()::DBFile NOT Changed
D/EN      (21794): [a] - isDBONSDcard()=true
D/EN      (21794): [a] - moveToSDcard()::start::Evernote.DB_ON_SDCARD=true
D/EN      (21794): [a] - isDBONSDcard()=true
E/EN      (21794): [a] - isLastDBFileOnSDCard()::+++++++++++lastFilePath exists/data/data/com.evernote/files/user-102703026/.external-1428259012787-Evernote.db
D/EN      (21794): [a] - isDBONSDcard()=true
D/EN      (21794): [a] - getDBfilePath()::++++++++++++++++lastFilePath from preferences/data/data/com.evernote/files/user-102703026/.external-1428259012787-Evernote.db
E/EN      (21794): [a] - getDBfilePath()::++++++++++++++++lastFilePath exists/data/data/com.evernote/files/user-102703026/.external-1428259012787-Evernote.db
D/EN      (21794): [EvernoteProvider] - cleanupOldThumbnailsIfNeeded()
I/ReleaseProperties(21794): Current app is: evernote
I/ReleaseProperties(21794): propFile: release is now loaded
I/ReleaseProperties(21794): propFile: play is now loaded
I/ReleaseProperties(21794): propFile: base is now loaded
I/ReleaseProperties(21794): propFile: override is now loaded
D/ReleaseProperties(21794): getReferralPersistencePath():: old=false:: path=/storage/emulated/0/.enref
I/ActivityManager( 1025): Process com.google.android.apps.docs (pid 21687) has died.
D/MarketUtils(21794): isPackageInstalled() - com.android.vending is installed
D/MarketUtils(21794): isPackageInstalled() - com.android.vending is installed
D/MarketUtils(21794): isPackageInstalled() - com.android.vending is installed
I/ReleaseProperties(21794): From file referralCode=android
D/MarketUtils(21794): isPackageInstalled() - com.android.vending is installed
I/ReleaseProperties(21794): ReleaseProperties: 
I/ReleaseProperties(21794):   bundleName=google-play
I/ReleaseProperties(21794):   revision=AM_702_524
I/ReleaseProperties(21794):   type=public
I/ReleaseProperties(21794):   gitHash=313f54a11431af98d659728265b72cfcf9ec527e
I/ReleaseProperties(21794):   baseSearchUri=market://search?q=
D/MarketUtils(21794): isPackageInstalled() - com.android.vending is installed
D/MarketUtils(21794): isPackageInstalled() - com.android.vending is installed
D/EN      (21794): [a] - isDBONSDcard()=true
D/EN      (21794): [Evernote] - VERSION_CODE: 1070243
D/MarketUtils(21794): isPackageInstalled() - com.android.vending is installed
D/MarketUtils(21794): isPackageInstalled() - com.android.vending is installed
I/dalvikvm(21794): Could not find method android.content.pm.PackageManager.getActivityBanner, referenced from method com.evernote.d.b.getActivityBanner
W/dalvikvm(21794): VFY: unable to resolve virtual method 793: Landroid/content/pm/PackageManager;.getActivityBanner (Landroid/content/ComponentName;)Landroid/graphics/drawable/Drawable;
D/dalvikvm(21794): VFY: replacing opcode 0x6e at 0x0002
I/dalvikvm(21794): Could not find method android.content.pm.PackageManager.getActivityBanner, referenced from method com.evernote.d.b.getActivityBanner
W/dalvikvm(21794): VFY: unable to resolve virtual method 794: Landroid/content/pm/PackageManager;.getActivityBanner (Landroid/content/Intent;)Landroid/graphics/drawable/Drawable;
D/dalvikvm(21794): VFY: replacing opcode 0x6e at 0x0002
I/dalvikvm(21794): Could not find method android.content.pm.PackageManager.getApplicationBanner, referenced from method com.evernote.d.b.getApplicationBanner
W/dalvikvm(21794): VFY: unable to resolve virtual method 801: Landroid/content/pm/PackageManager;.getApplicationBanner (Landroid/content/pm/ApplicationInfo;)Landroid/graphics/drawable/Drawable;
D/dalvikvm(21794): VFY: replacing opcode 0x6e at 0x0002
I/dalvikvm(21794): Could not find method android.content.pm.PackageManager.getApplicationBanner, referenced from method com.evernote.d.b.getApplicationBanner
W/dalvikvm(21794): VFY: unable to resolve virtual method 802: Landroid/content/pm/PackageManager;.getApplicationBanner (Ljava/lang/String;)Landroid/graphics/drawable/Drawable;
D/dalvikvm(21794): VFY: replacing opcode 0x6e at 0x0002
I/dalvikvm(21794): Could not find method android.content.pm.PackageManager.getLeanbackLaunchIntentForPackage, referenced from method com.evernote.d.b.getLeanbackLaunchIntentForPackage
W/dalvikvm(21794): VFY: unable to resolve virtual method 818: Landroid/content/pm/PackageManager;.getLeanbackLaunchIntentForPackage (Ljava/lang/String;)Landroid/content/Intent;
D/dalvikvm(21794): VFY: replacing opcode 0x6e at 0x0002
I/dalvikvm(21794): Could not find method android.content.pm.PackageManager.getPackageInstaller, referenced from method com.evernote.d.b.getPackageInstaller
W/dalvikvm(21794): VFY: unable to resolve virtual method 823: Landroid/content/pm/PackageManager;.getPackageInstaller ()Landroid/content/pm/PackageInstaller;
D/dalvikvm(21794): VFY: replacing opcode 0x6e at 0x0002
I/dalvikvm(21794): Could not find method android.content.pm.PackageManager.getUserBadgedDrawableForDensity, referenced from method com.evernote.d.b.getUserBadgedDrawableForDensity
W/dalvikvm(21794): VFY: unable to resolve virtual method 839: Landroid/content/pm/PackageManager;.getUserBadgedDrawableForDensity (Landroid/graphics/drawable/Drawable;Landroid/os/UserHandle;Landroid/graphics/Rect;I)Landroid/graphics/drawable/Drawable;
D/dalvikvm(21794): VFY: replacing opcode 0x6e at 0x0002
I/dalvikvm(21794): Could not find method android.content.pm.PackageManager.getUserBadgedIcon, referenced from method com.evernote.d.b.getUserBadgedIcon
W/dalvikvm(21794): VFY: unable to resolve virtual method 840: Landroid/content/pm/PackageManager;.getUserBadgedIcon (Landroid/graphics/drawable/Drawable;Landroid/os/UserHandle;)Landroid/graphics/drawable/Drawable;
D/dalvikvm(21794): VFY: replacing opcode 0x6e at 0x0002
I/dalvikvm(21794): Could not find method android.content.pm.PackageManager.getUserBadgedLabel, referenced from method com.evernote.d.b.getUserBadgedLabel
W/dalvikvm(21794): VFY: unable to resolve virtual method 841: Landroid/content/pm/PackageManager;.getUserBadgedLabel (Ljava/lang/CharSequence;Landroid/os/UserHandle;)Ljava/lang/CharSequence;
D/dalvikvm(21794): VFY: replacing opcode 0x6e at 0x0002
I/Crashlytics(21794): Initializing Crashlytics 1.1.8.10
V/AlarmManager( 1025): sending alarm Alarm{42b358d8 type 3 android}
D/CordovaLog(21707): https://js.stripe.com/v2/: Line 2 : You are using Stripe.js in live mode over an insecure connection. This is considered unsafe. Please conduct live requests only on sites served over https. For more info, see https://stripe.com/help/ssl
I/chromium(21707): [INFO:CONSOLE(2)] "You are using Stripe.js in live mode over an insecure connection. This is considered unsafe. Please conduct live requests only on sites served over https. For more info, see https://stripe.com/help/ssl", source: https://js.stripe.com/v2/ (2)
I/App     (21707): WARNING: Back Button Default Behavior will be overridden.  The backbutton event will be fired!
D/CordovaLog(21707): file:///android_asset/www/js/app.js: Line 24 : Service initialized
I/chromium(21707): [INFO:CONSOLE(24)] "Service initialized", source: file:///android_asset/www/js/app.js (24)
D/CordovaLog(21707): file:///android_asset/www/js/app.js: Line 197 : facebookConnectPlugin not ready
I/chromium(21707): [INFO:CONSOLE(197)] "facebookConnectPlugin not ready", source: file:///android_asset/www/js/app.js (197)
D/CordovaActivity(21707): onMessage(spinner,stop)
D/CordovaLog(21707): file:///android_asset/www/js/paypal_giftme.js: Line 4 : GIFTME - paypal init
I/chromium(21707): [INFO:CONSOLE(4)] "GIFTME - paypal init", source: file:///android_asset/www/js/paypal_giftme.js (4)
D/CordovaLog(21707): file:///android_asset/www/js/app.js: Line 208 : Uncaught ReferenceError: StatusBar is not defined
I/chromium(21707): [INFO:CONSOLE(208)] "Uncaught ReferenceError: StatusBar is not defined", source: file:///android_asset/www/js/app.js (208)
D/CordovaLog(21707): file:///android_asset/www/js/paypal_giftme.js: Line 46 : GIFTME - Preparing to Render
I/chromium(21707): [INFO:CONSOLE(46)] "GIFTME - Preparing to Render", source: file:///android_asset/www/js/paypal_giftme.js (46)
D/CordovaLog(21707): file:///android_asset/www/js/paypal_giftme.js: Line 26 : GIFTME - config
I/chromium(21707): [INFO:CONSOLE(26)] "GIFTME - config", source: file:///android_asset/www/js/paypal_giftme.js (26)
D/CordovaLog(21707): file:///android_asset/www/js/paypal_giftme.js: Line 32 : GIFTME - on prepare render
I/chromium(21707): [INFO:CONSOLE(32)] "GIFTME - on prepare render", source: file:///android_asset/www/js/paypal_giftme.js (32)
W/paypal.sdk(21707): PayPalService created. PayPalSDK/PayPal-Android-SDK 2.8.8 (Android 4.4.4; motorola XT1039; )
I/dalvikvm(21707): Could not find method com.google.android.gms.common.GooglePlayServicesUtil.isGooglePlayServicesAvailable, referenced from method com.paypal.android.sdk.bA.a
W/dalvikvm(21707): VFY: unable to resolve static method 9706: Lcom/google/android/gms/common/GooglePlayServicesUtil;.isGooglePlayServicesAvailable (Landroid/content/Context;)I
D/dalvikvm(21707): VFY: replacing opcode 0x71 at 0x0006
D/WifiStateMachine( 1025): handleMessage: E msg.what=151572
D/WifiStateMachine( 1025): processMsg: ConnectedState
D/WifiStateMachine( 1025): processMsg: L2ConnectedState
D/WifiStateMachine( 1025): handleMessage: X
D/CordovaLog(21707): file:///android_asset/www/cordova.js: Line 305 : Error in Success callbackId: PayPalMobile419996282 : TypeError: Cannot set property 'onclick' of null
I/chromium(21707): [INFO:CONSOLE(305)] "Error in Success callbackId: PayPalMobile419996282 : TypeError: Cannot set property 'onclick' of null", source: file:///android_asset/www/cordova.js (305)
D/CordovaLog(21707): file:///android_asset/www/cordova.js: Line 1075 : processMessage failed: Error: TypeError: Cannot set property 'onclick' of null
I/chromium(21707): [INFO:CONSOLE(1075)] "processMessage failed: Error: TypeError: Cannot set property 'onclick' of null", source: file:///android_asset/www/cordova.js (1075)
D/CordovaLog(21707): file:///android_asset/www/cordova.js: Line 1076 : processMessage failed: Stack: TypeError: Cannot set property 'onclick' of null
D/CordovaLog(21707):     at ppApp.onPrepareRender (file:///android_asset/www/js/paypal_giftme.js:39:27)
D/CordovaLog(21707):     at Object.cordova.callbackFromNative (file:///android_asset/www/cordova.js:286:58)
D/CordovaLog(21707):     at processMessage (file:///android_asset/www/cordova.js:1070:21)
D/CordovaLog(21707):     at androidExec.processMessages (file:///android_asset/www/cordova.js:1107:13)
I/chromium(21707): [INFO:CONSOLE(1076)] "processMessage failed: Stack: TypeError: Cannot set property 'onclick' of null
I/chromium(21707):     at ppApp.onPrepareRender (file:///android_asset/www/js/paypal_giftme.js:39:27)
I/chromium(21707):     at Object.cordova.callbackFromNative (file:///android_asset/www/cordova.js:286:58)
I/chromium(21707):     at processMessage (file:///android_asset/www/cordova.js:1070:21)
I/chromium(21707):     at androidExec.processMessages (file:///android_asset/www/cordova.js:1107:13)", source: file:///android_asset/www/cordova.js (1076)
D/CordovaLog(21707): file:///android_asset/www/cordova.js: Line 1077 : processMessage failed: Message: S01 PayPalMobile419996282 sOK
I/chromium(21707): [INFO:CONSOLE(1077)] "processMessage failed: Message: S01 PayPalMobile419996282 sOK", source: file:///android_asset/www/cordova.js (1077)
D/ConnectPlugin(21707): onSessionStateChange:OPENED
D/ConnectPlugin(21707): onSessionStateChange:OPENED
D/CordovaWebViewClient(21707): onPageFinished(file:///android_asset/www/index.html)
D/CordovaActivity(21707): onMessage(onPageFinished,file:///android_asset/www/index.html)
D/MarketUtils(21794): isPackageInstalled() - com.android.vending is installed
D/HockeyApp(21794): Looking for exceptions in: /data/data/com.evernote/files
D/HockeyApp(21794): Current handler class = com.evernote.k
D/EN      (21794): [ee] - registered crash manager
D/EN      (21794): [c] - onApplicationStart()
D/EN      (21794): [c] - onApplicationStart() -- loader thread
D/EN      (21794): [c] - pushUserIDToDataLayer(), pushing user-id ending in 6
D/MarketUtils(21794): isPackageInstalled() - com.android.vending is installed
D/MarketUtils(21794): isPackageInstalled() - com.android.vending is installed
I/ActivityManager( 1025): Start proc com.evernote.widget for broadcast com.evernote.widget/.WidgetStateReceiver: pid=21874 uid=10135 gids={50135, 3003, 1028, 1015}
D/EN      (21794): [c] - 	loading saved values from internal storage
I/ActivityManager( 1025): Process com.evernote (pid 21794) has died.
I/ReleaseProperties(21874): Current app is: evernoteWidget
I/ReleaseProperties(21874): propFile: release is now loaded
I/ReleaseProperties(21874): propFile: play is now loaded
I/ReleaseProperties(21874): propFile: base is now loaded
I/ReleaseProperties(21874): propFile: override is now loaded
I/ReleaseProperties(21874): ReleaseProperties: 
I/ReleaseProperties(21874):   bundleName=none
I/ReleaseProperties(21874):   revision=unknown
I/ReleaseProperties(21874):   type=development
I/ReleaseProperties(21874):   gitHash=?
I/ReleaseProperties(21874):   baseSearchUri=market://search?q=
D/dalvikvm(21707): GC_CONCURRENT freed 5540K, 33% free 11689K/17224K, paused 5ms+6ms, total 57ms
D/ReleaseProperties(21874): getReferralPersistencePath():: old=false:: path=/storage/emulated/0/.enref
I/ReleaseProperties(21874): From file referralCode=android
I/ActivityManager( 1025): Start proc com.facebook.katana:dash for broadcast com.facebook.katana/com.facebook.dash.receivers.DashPackageUninstallReceiver: pid=21889 uid=10110 gids={50110, 1028, 1015, 3003}
I/ActivityManager( 1025): Process com.evernote.widget (pid 21874) has died.
W/dalvikvm(21889): VFY: unable to resolve static field 29078 (a) in Lcom/facebook/katana/app/WorkAppTypes;
D/dalvikvm(21889): VFY: replacing opcode 0x62 at 0x0013
W/dalvikvm(21889): VFY: unable to resolve static field 29079 (b) in Lcom/facebook/katana/app/WorkAppTypes;
D/dalvikvm(21889): VFY: replacing opcode 0x62 at 0x001d
E/dalvikvm(21889): Could not find class 'com.facebook.katana.app.WallpaperFacebookApplicationImpl', referenced from method com.facebook.katana.app.FacebookApplication.a
W/dalvikvm(21889): VFY: unable to resolve new-instance 379 (Lcom/facebook/katana/app/WallpaperFacebookApplicationImpl;) in Lcom/facebook/katana/app/FacebookApplication;
D/dalvikvm(21889): VFY: replacing opcode 0x22 at 0x00a9
D/dalvikvm(21889): DexOpt: unable to opt direct call 0x055f at 0xab in Lcom/facebook/katana/app/FacebookApplication;.a
D/CatchMeIfYouCan(21889): Process (dash) ca: '/data/data/com.facebook.katana/app_cmiyc/0C66B38F48468E96F8008B6D5A2AE33B4A60265E01'
D/CatchMeIfYouCan(21889): Process (dash) fc: '/data/data/com.facebook.katana/app_cmiyc/0C66B38F48468E96F8008B6D5A2AE33B4A60265E02'
D/CatchMeIfYouCan(21889): Process (dash) cp: '('dash', 6, 60000, silent [true], restart [true], logout [true])'
D/ACRA    (21889): ACRA is enabled for com.facebook.katana, intializing...
D/ACRA    (21889): Looking for error files in /data/data/com.facebook.katana/app_acra-reports
D/ACRA    (21889): Looking for error files in /data/data/com.facebook.katana/app_minidumps
D/dalvikvm(21889): Trying to load lib /data/app-lib/com.facebook.katana-1/libgnustl_shared.so 0x41fad950
D/dalvikvm(21889): Added shared lib /data/app-lib/com.facebook.katana-1/libgnustl_shared.so 0x41fad950
D/dalvikvm(21889): No JNI_OnLoad found in /data/app-lib/com.facebook.katana-1/libgnustl_shared.so 0x41fad950, skipping init
D/dalvikvm(21889): Trying to load lib /data/app-lib/com.facebook.katana-1/libfb_breakpad_client.so 0x41fad950
D/dalvikvm(21889): Added shared lib /data/app-lib/com.facebook.katana-1/libfb_breakpad_client.so 0x41fad950
D/dalvikvm(21889): Trying to load lib /data/app-lib/com.facebook.katana-1/libfb_dalvik-internals.so 0x41fad950
D/dalvikvm(21889): Added shared lib /data/app-lib/com.facebook.katana-1/libfb_dalvik-internals.so 0x41fad950
V/DexLibLoader(21889): about to lock: /data/data/com.facebook.katana/mdex_lock
V/DexLibLoader(21889): locking /data/data/com.facebook.katana/mdex_lock took 1 ms
V/DexLibLoader(21889): Secondary program dex metadata: secondary-1.dex.jar.xz 15ef54b77950d1e6c1cbc3342a20571a9fd8050d secondary.dex01.Canary
V/DexLibLoader(21889): Secondary program dex metadata: secondary-2.dex.jar.xz 14bcaeed5ad488eaf139a59d22cf00efbde5948b secondary.dex02.Canary
V/DexLibLoader(21889): Secondary program dex metadata: secondary-3.dex.jar.xz e8acf246c92474061a3e0f7dafec5559e33da2c5 secondary.dex03.Canary
V/DexLibLoader(21889): Secondary program dex metadata: secondary-4.dex.jar.xz 1d7a13e77be07efb41a2c80160a9aec6fff27ad1 secondary.dex04.Canary
V/DexLibLoader(21889): Secondary program dex metadata: secondary-5.dex.jar.xz 42761fa3dedc1f1a9503bece4f2db80adf01f775 secondary.dex05.Canary
V/DexLibLoader(21889): Secondary program dex metadata: secondary-6.dex.jar.xz 1b4455e1ba1ff38a86723e24cd334fa1062519f1 secondary.dex06.Canary
V/DexLibLoader(21889): Secondary program dex metadata: secondary-7.dex.jar.xz a54de6ef97459e1e5b5c8f874a889a38965d3446 secondary.dex07.Canary
V/DexLibLoader(21889): directory "/data/data/com.facebook.katana/app_secondary_program_dex" contains "program-15ef54b77950d1e6c1cbc3342a20571a9fd8050d6661a1c7.dex.jar" as expected
V/DexLibLoader(21889): directory "/data/data/com.facebook.katana/app_secondary_program_dex" contains "program-14bcaeed5ad488eaf139a59d22cf00efbde5948b6661a1c7.dex.jar" as expected
V/DexLibLoader(21889): directory "/data/data/com.facebook.katana/app_secondary_program_dex" contains "program-e8acf246c92474061a3e0f7dafec5559e33da2c56661a1c7.dex.jar" as expected
V/DexLibLoader(21889): directory "/data/data/com.facebook.katana/app_secondary_program_dex" contains "program-1d7a13e77be07efb41a2c80160a9aec6fff27ad16661a1c7.dex.jar" as expected
V/DexLibLoader(21889): directory "/data/data/com.facebook.katana/app_secondary_program_dex" contains "program-42761fa3dedc1f1a9503bece4f2db80adf01f7756661a1c7.dex.jar" as expected
V/DexLibLoader(21889): directory "/data/data/com.facebook.katana/app_secondary_program_dex" contains "program-1b4455e1ba1ff38a86723e24cd334fa1062519f16661a1c7.dex.jar" as expected
V/DexLibLoader(21889): directory "/data/data/com.facebook.katana/app_secondary_program_dex" contains "program-a54de6ef97459e1e5b5c8f874a889a38965d34466661a1c7.dex.jar" as expected
D/DexLibLoader(21889): ignoring file "program-15ef54b77950d1e6c1cbc3342a20571a9fd8050d6661a1c7.dex.odex" in "/data/data/com.facebook.katana/app_secondary_program_dex"
D/DexLibLoader(21889): ignoring file "program-14bcaeed5ad488eaf139a59d22cf00efbde5948b6661a1c7.dex.odex" in "/data/data/com.facebook.katana/app_secondary_program_dex"
D/DexLibLoader(21889): ignoring file "program-e8acf246c92474061a3e0f7dafec5559e33da2c56661a1c7.dex.odex" in "/data/data/com.facebook.katana/app_secondary_program_dex"
D/DexLibLoader(21889): ignoring file "program-1d7a13e77be07efb41a2c80160a9aec6fff27ad16661a1c7.dex.odex" in "/data/data/com.facebook.katana/app_secondary_program_dex"
D/DexLibLoader(21889): ignoring file "program-42761fa3dedc1f1a9503bece4f2db80adf01f7756661a1c7.dex.odex" in "/data/data/com.facebook.katana/app_secondary_program_dex"
D/DexLibLoader(21889): ignoring file "program-1b4455e1ba1ff38a86723e24cd334fa1062519f16661a1c7.dex.odex" in "/data/data/com.facebook.katana/app_secondary_program_dex"
D/DexLibLoader(21889): ignoring file "program-a54de6ef97459e1e5b5c8f874a889a38965d34466661a1c7.dex.odex" in "/data/data/com.facebook.katana/app_secondary_program_dex"
D/DexLibLoader(21889): directory "/data/data/com.facebook.katana/app_secondary_program_dex" is valid
D/DexLibLoader(21889): ignoring file "primary_deps" in "/data/data/com.facebook.katana/app_secondary_program_dex_opt"
V/DexLibLoader(21889): directory "/data/data/com.facebook.katana/app_secondary_program_dex_opt" contains "program-15ef54b77950d1e6c1cbc3342a20571a9fd8050d6661a1c7.dex.dex" as expected
V/DexLibLoader(21889): directory "/data/data/com.facebook.katana/app_secondary_program_dex_opt" contains "program-14bcaeed5ad488eaf139a59d22cf00efbde5948b6661a1c7.dex.dex" as expected
V/DexLibLoader(21889): directory "/data/data/com.facebook.katana/app_secondary_program_dex_opt" contains "program-e8acf246c92474061a3e0f7dafec5559e33da2c56661a1c7.dex.dex" as expected
V/DexLibLoader(21889): directory "/data/data/com.facebook.katana/app_secondary_program_dex_opt" contains "program-1d7a13e77be07efb41a2c80160a9aec6fff27ad16661a1c7.dex.dex" as expected
V/DexLibLoader(21889): directory "/data/data/com.facebook.katana/app_secondary_program_dex_opt" contains "program-42761fa3dedc1f1a9503bece4f2db80adf01f7756661a1c7.dex.dex" as expected
V/DexLibLoader(21889): directory "/data/data/com.facebook.katana/app_secondary_program_dex_opt" contains "program-1b4455e1ba1ff38a86723e24cd334fa1062519f16661a1c7.dex.dex" as expected
V/DexLibLoader(21889): directory "/data/data/com.facebook.katana/app_secondary_program_dex_opt" contains "program-a54de6ef97459e1e5b5c8f874a889a38965d34466661a1c7.dex.dex" as expected
D/DexLibLoader(21889): directory "/data/data/com.facebook.katana/app_secondary_program_dex_opt" is valid
D/DexLibLoader(21889): loading pre-built cross-dex opt odex files
V/dalvik-internals(21889): hooked dvmResolveClass using jump ()
V/dalvik-internals(21889): hooked dvmFlushBreakpoints using jump ()
V/MultiDexClassLoader(21889): installing MultiDexClassLoader before application classloader
I/dalvikvm(21889): Could not find method dalvik.system.DexFile.loadClassBinaryName, referenced from method com.facebook.common.dextricks.DexFileLoadOld.a
W/dalvikvm(21889): VFY: unable to resolve virtual method 2073: Ldalvik/system/DexFile;.loadClassBinaryName (Ljava/lang/String;Ljava/lang/ClassLoader;)Ljava/lang/Class;
D/dalvikvm(21889): VFY: replacing opcode 0x6e at 0x0000
D/CordovaLog(21707): file:///android_asset/www/js/app.js: Line 115 : Received response from version check.
I/chromium(21707): [INFO:CONSOLE(115)] "Received response from version check.", source: file:///android_asset/www/js/app.js (115)
D/CordovaLog(21707): file:///android_asset/www/js/app.js: Line 117 : Version is supported.
I/chromium(21707): [INFO:CONSOLE(117)] "Version is supported.", source: file:///android_asset/www/js/app.js (117)
D/DexLibLoader(21889): released odex store lock
D/DexLibLoader(21889): DexLibLoader.loadAll took 139 ms
D/MemoryReductionHack(21889): Marked as initialized entry corresponding to path /data/app/com.facebook.katana-1.apk
V/dalvik-internals(21889): hooked dvmLinearAlloc using jump ()
V/dalvik-internals(21889): hooked dvmLinearRealloc using jump ()
V/dalvik-internals(21889): hooked dvmLinearFree using jump ()
V/dalvik-internals(21889): hooked dvmLinearStrdup using jump ()
V/dalvik-internals(21889): hooked dvmLinearAllocContains using jump ()
I/dalvik-internals(21889): enlarged linearalloc buffer to 33554432 bytes
I/SFPerfTracer(  274):      triggers: (rate: 1116:446494) (339450 sw vsyncs) (1044990 skipped) (0:3315233 vsyncs) (1:4154792)
D/WifiStateMachine( 1025): handleMessage: E msg.what=131155
D/WifiStateMachine( 1025): processMsg: ConnectedState
D/WifiStateMachine( 1025): processMsg: L2ConnectedState
D/WifiStateMachine( 1025): handleMessage: X
D/WifiStateMachine( 1025): handleMessage: E msg.what=151572
D/WifiStateMachine( 1025): processMsg: ConnectedState
D/WifiStateMachine( 1025): processMsg: L2ConnectedState
D/WifiStateMachine( 1025): handleMessage: X
W/StaticBindingVerifier(21889): Verify
I/dalvikvm(21889): Could not find method com.facebook.resources.FbResources.getDrawable, referenced from method com.facebook.resources.impl.DownloadedFbResources.getDrawable
W/dalvikvm(21889): VFY: unable to resolve virtual method 48479: Lcom/facebook/resources/FbResources;.getDrawable (ILandroid/content/res/Resources$Theme;)Landroid/graphics/drawable/Drawable;
D/dalvikvm(21889): VFY: replacing opcode 0x6f at 0x0031
D/WifiService( 1025): New client listening to asynchronous messages
D/CordovaLog(21707): file:///android_asset/www/js/app.js: Line 135 : success...
I/chromium(21707): [INFO:CONSOLE(135)] "success...", source: file:///android_asset/www/js/app.js (135)
I/ActivityManager( 1025): Start proc com.google.android.partnersetup for broadcast com.google.android.partnersetup/.RlzPingBroadcastReceiver: pid=21940 uid=10025 gids={50025, 3003}
I/ActivityManager( 1025): Process com.facebook.katana:dash (pid 21889) has died.
D/WifiService( 1025): Client connection lost with reason: 4
I/ActivityManager( 1025): Start proc com.android.vending for broadcast com.android.vending/com.google.android.finsky.receivers.PackageMonitorReceiver$RegisteredReceiver: pid=21956 uid=10039 gids={50039, 3003, 1028, 1015}
D/WifiStateMachine( 1025): handleMessage: E msg.what=151572
D/WifiStateMachine( 1025): processMsg: ConnectedState
D/WifiStateMachine( 1025): processMsg: L2ConnectedState
D/WifiStateMachine( 1025): handleMessage: X
I/ActivityManager( 1025): Process com.google.android.partnersetup (pid 21940) has died.
D/Finsky  (21956): [1] FinskyApp.onCreate: Initializing network with DFE https://android.clients.google.com/fdfe/
W/ContextImpl(21571): Implicit intents with startService are not safe: Intent { act=com.google.android.gms.analytics.service.START (has extras) } android.content.ContextWrapper.bindService:517 com.google.analytics.tracking.android.AnalyticsGmsCoreClient.b:82 com.google.analytics.tracking.android.GAServiceProxy.j:279 
I/GAV2    (21571): Thread[GAThread,1,main]: No campaign data found.
D/Finsky  (21956): [1] DailyHygiene.goMakeHygieneIfDirty: No need to run daily hygiene.
W/Settings(21956): Setting download_manager_max_bytes_over_mobile has moved from android.provider.Settings.Secure to android.provider.Settings.Global.
W/Settings(21956): Setting download_manager_recommended_max_bytes_over_mobile has moved from android.provider.Settings.Secure to android.provider.Settings.Global.
I/dalvikvm(21956): Could not find method com.google.android.play.layout.PlayCardViewBase.setTransitionName, referenced from method com.google.android.finsky.utils.PlayCardUtils.bindCard
W/dalvikvm(21956): VFY: unable to resolve virtual method 42705: Lcom/google/android/play/layout/PlayCardViewBase;.setTransitionName (Ljava/lang/String;)V
D/dalvikvm(21956): VFY: replacing opcode 0x6e at 0x00d9
I/dalvikvm(21956): Could not find method com.google.android.play.layout.PlayCardViewBase.setTransitionGroup, referenced from method com.google.android.finsky.utils.PlayCardUtils.bindCard
W/dalvikvm(21956): VFY: unable to resolve virtual method 42704: Lcom/google/android/play/layout/PlayCardViewBase;.setTransitionGroup (Z)V
D/dalvikvm(21956): VFY: replacing opcode 0x6e at 0x0246
I/dalvikvm(21956): Could not find method android.view.View.getTransitionName, referenced from method com.google.android.finsky.navigationmanager.NavigationManager.showPage
W/dalvikvm(21956): VFY: unable to resolve virtual method 9352: Landroid/view/View;.getTransitionName ()Ljava/lang/String;
D/dalvikvm(21956): VFY: replacing opcode 0x6e at 0x001a
D/Finsky  (21956): [1] 2.run: Loaded library for account: [gKXbJhL8NA2nPUzZyFpjB6tKi7U]
D/Finsky  (21956): [1] 2.run: Finished loading 1 libraries.
D/PackageBroadcastService(11661): Received broadcast action=android.intent.action.PACKAGE_ADDED and uri=co.giftmeapp.gift_me
I/ConfigFetchService(11661): onStartCommand Intent { act=android.intent.action.PACKAGE_ADDED dat=package:co.giftmeapp.gift_me cmp=com.google.android.gms/.config.ConfigFetchService (has extras) }
I/ConfigFetchService(11661): launchTask
D/dalvikvm( 1025): GC_EXPLICIT freed 2043K, 40% free 30704K/50444K, paused 8ms+18ms, total 167ms
I/ActivityManager( 1025): Process com.android.vending (pid 21956) has died.
I/ConfigFetchService(11661): service connected
D/ConfigFetchService(11661): ConfigApi connection successful.
