E/AudioManagerAndroid(14237): BLUETOOTH permission is missing!
I/Adreno-EGL(14237): <qeglDrvAPI_eglInitialize:410>: EGL 1.4 QUALCOMM build: AU_LINUX_ANDROID_LNX.LA.3.5.1_RB1.04.04.02.048.018_msm8226_LNX.LA.3.5.1_RB1__release_AU ()
I/Adreno-EGL(14237): OpenGL ES Shader Compiler Version: E031.24.00.08
I/Adreno-EGL(14237): Build Date: 03/07/14 Fri
I/Adreno-EGL(14237): Local Branch: 
I/Adreno-EGL(14237): Remote Branch: quic/LNX.LA.3.5.1_RB1.1
I/Adreno-EGL(14237): Local Patches: NONE
I/Adreno-EGL(14237): Reconstruct Branch: AU_LINUX_ANDROID_LNX.LA.3.5.1_RB1.04.04.02.048.018 + f2fd134 +  NOTHING
W/chromium(14237): [WARNING:proxy_service.cc(890)] PAC support disabled because there is no system implementation
I/PersistentCookieStore(14237): Get Persistent Cookie Store
D/ACRA    (14237): ACRA is enabled for com.linkedin.android, intializing...
D/AudioManagerAndroid(14237): ==> onReceive: s=0, m=1, n=h2w, sb=true
I/ActivityManager( 1025): Start proc com.distilledmedia.thescore for broadcast com.distilledmedia.thescore/com.parse.ParseBroadcastReceiver: pid=14287 uid=10138 gids={50138, 3003, 1028, 1015}
D/AudioManagerAndroid(14237): reportUpdate: state=0, devices=[Speakerphone, Headset earpiece]
I/PersistentCookieStore(14237): Get Persistent Cookie Store
I/ActivityManager( 1025): Process com.linkedin.android (pid 14237) has died.
I/MultiDex(14287): VM with version 1.6.0 does not have multidex support
I/MultiDex(14287): install
I/MultiDex(14287): MultiDexExtractor.load(/data/app/com.distilledmedia.thescore-2.apk, false)
I/MultiDex(14287): loading existing secondary dex files
I/MultiDex(14287): load found 0 secondary dex files
I/MultiDex(14287): install done
D/[1]JournalApp(14287): created
W/Settings(14287): Setting airplane_mode_on has moved from android.provider.Settings.System to android.provider.Settings.Global, returning read-only value.
V/WebViewChromiumFactoryProvider(14287): Binding Chromium to main looper Looper (main, tid 1) {41fa8978}
I/LibraryLoader(14287): Expected native library version number "",actual native library version number ""
I/chromium(14287): [INFO:library_loader_hooks.cc(116)] Chromium logging enabled: level = 0, default verbosity = 0
I/BrowserStartupController(14287): Initializing chromium process, renderers=0
E/AudioManagerAndroid(14287): BLUETOOTH permission is missing!
I/Adreno-EGL(14287): <qeglDrvAPI_eglInitialize:410>: EGL 1.4 QUALCOMM build: AU_LINUX_ANDROID_LNX.LA.3.5.1_RB1.04.04.02.048.018_msm8226_LNX.LA.3.5.1_RB1__release_AU ()
I/Adreno-EGL(14287): OpenGL ES Shader Compiler Version: E031.24.00.08
I/Adreno-EGL(14287): Build Date: 03/07/14 Fri
I/Adreno-EGL(14287): Local Branch: 
I/Adreno-EGL(14287): Remote Branch: quic/LNX.LA.3.5.1_RB1.1
I/Adreno-EGL(14287): Local Patches: NONE
I/Adreno-EGL(14287): Reconstruct Branch: AU_LINUX_ANDROID_LNX.LA.3.5.1_RB1.04.04.02.048.018 + f2fd134 +  NOTHING
W/chromium(14287): [WARNING:proxy_service.cc(890)] PAC support disabled because there is no system implementation
I/[70ab7]com.distilledmedia.http.images.BitmapDiskCache(14287):  starting up file cache 
I/[1]FacebookAccount(14287): Restored session valid = false
I/[1]TheScoreApp(14287): Live notifications enabled
D/AudioManagerAndroid(14287): ==> onReceive: s=0, m=1, n=h2w, sb=true
D/AudioManagerAndroid(14287): reportUpdate: state=0, devices=[Speakerphone, Headset earpiece]
I/ActivityManager( 1025): Start proc com.devexpert.weather for broadcast com.devexpert.weather/.view.WidgetWeather2x1: pid=14355 uid=10112 gids={50112, 3003, 1028, 1015}
I/ActivityManager( 1025): Process com.distilledmedia.thescore (pid 14287) has died.
D/WifiStateMachine( 1025): handleMessage: E msg.what=131155
D/WifiStateMachine( 1025): processMsg: ConnectedState
D/WifiStateMachine( 1025): processMsg: L2ConnectedState
D/WifiStateMachine( 1025): handleMessage: X
D/WifiStateMachine( 1025): handleMessage: E msg.what=151572
D/WifiStateMachine( 1025): processMsg: ConnectedState
D/WifiStateMachine( 1025): processMsg: L2ConnectedState
D/WifiStateMachine( 1025): handleMessage: X
W/ContextImpl( 1295): Calling a method in the system process without a qualified user: android.app.ContextImpl.startService:1608 android.content.ContextWrapper.startService:494 android.content.ContextWrapper.startService:494 com.motorola.motocare.internal.batterystats.BatteryStatsAction.onReceive:33 android.app.ActivityThread.handleReceiver:2434 
I/ActivityManager( 1025): Process com.devexpert.weather (pid 14355) has died.
D/dalvikvm( 2458): GC_CONCURRENT freed 2038K, 45% free 9528K/17224K, paused 3ms+3ms, total 24ms
D/WifiStateMachine( 1025): handleMessage: E msg.what=151572
D/WifiStateMachine( 1025): processMsg: ConnectedState
D/WifiStateMachine( 1025): processMsg: L2ConnectedState
D/WifiStateMachine( 1025): handleMessage: X
D/Sensors ( 1025): AccelerationSensor: set delay 200
D/WifiStateMachine( 1025): handleMessage: E msg.what=151572
D/WifiStateMachine( 1025): processMsg: ConnectedState
D/WifiStateMachine( 1025): processMsg: L2ConnectedState
D/WifiStateMachine( 1025): handleMessage: X
I/SFPerfTracer(  274):      triggers: (rate: 1290:51199) (compose: 0:259) (post: 0:21) (render: 91:10727) (0:809218 frames) (1:3389267)
D/SFPerfTracer(  274):        layers: (4:11) (DimLayer: 0:158)* (DimLayer: 0:146)* (FocusedStackFrame: 0:22650)* (StatusBar: 0:272203) (NavigationBar: 0:210106) (DimLayer: 0:26133)* (DimLayer: 0:4995)* (com.android.wallpaper.fall.FallWallpaper: 1:4919) (com.google.android.gm/com.google.android.gm.ConversationListActivityGmail: 0:51)* (com.android.launcher/com.android.launcher2.Launcher: 0:55) (Keyguard: 0:162)* 
D/WifiStateMachine( 1025): handleMessage: E msg.what=131155
D/WifiStateMachine( 1025): processMsg: ConnectedState
D/WifiStateMachine( 1025): processMsg: L2ConnectedState
D/WifiStateMachine( 1025): handleMessage: X
D/WifiStateMachine( 1025): handleMessage: E msg.what=151572
D/WifiStateMachine( 1025): processMsg: ConnectedState
D/WifiStateMachine( 1025): processMsg: L2ConnectedState
D/WifiStateMachine( 1025): handleMessage: X
D/WifiStateMachine( 1025): handleMessage: E msg.what=151572
D/WifiStateMachine( 1025): processMsg: ConnectedState
D/WifiStateMachine( 1025): processMsg: L2ConnectedState
D/WifiStateMachine( 1025): handleMessage: X
I/dalvikvm(10751): Total arena pages for JIT: 46
I/dalvikvm(10751): Total arena pages for JIT: 47
I/dalvikvm(10751): Total arena pages for JIT: 48
I/dalvikvm(10751): Total arena pages for JIT: 49
I/dalvikvm(10751): Total arena pages for JIT: 50
I/dalvikvm(10751): Total arena pages for JIT: 51
I/dalvikvm(10751): Total arena pages for JIT: 52
I/dalvikvm(10751): Total arena pages for JIT: 53
I/dalvikvm(10751): Total arena pages for JIT: 54
I/dalvikvm(10751): Total arena pages for JIT: 55
I/dalvikvm(10751): Total arena pages for JIT: 56
I/dalvikvm(10751): Total arena pages for JIT: 57
D/WifiStateMachine( 1025): handleMessage: E msg.what=151572
D/WifiStateMachine( 1025): processMsg: ConnectedState
D/WifiStateMachine( 1025): processMsg: L2ConnectedState
D/WifiStateMachine( 1025): handleMessage: X
D/WifiStateMachine( 1025): handleMessage: E msg.what=131155
D/WifiStateMachine( 1025): processMsg: ConnectedState
D/WifiStateMachine( 1025): processMsg: L2ConnectedState
D/WifiStateMachine( 1025): handleMessage: X
D/WifiStateMachine( 1025): handleMessage: E msg.what=151572
D/WifiStateMachine( 1025): processMsg: ConnectedState
D/WifiStateMachine( 1025): processMsg: L2ConnectedState
D/WifiStateMachine( 1025): handleMessage: X
V/AlarmManager( 1025): sending alarm Alarm{42911d10 type 3 com.devexpert.weather}
V/AlarmManager( 1025): sending alarm Alarm{42910778 type 2 com.google.android.apps.maps}
I/ActivityManager( 1025): Start proc com.devexpert.weather for broadcast com.devexpert.weather/.view.WidgetWeather2x1: pid=14394 uid=10112 gids={50112, 3003, 1028, 1015}
I/ActivityManager( 1025): Start proc com.google.android.apps.maps for service com.google.android.apps.maps/com.google.android.apps.gmm.prefetch.PrefetcherService: pid=14399 uid=10064 gids={50064, 3003, 1028, 1015, 3002, 3001}
V/AlarmManager( 1025): sending alarm Alarm{41fd3fd8 type 2 com.google.android.gms}
D/dalvikvm(  275): GC_EXPLICIT freed 42K, 48% free 9011K/17224K, paused 1ms+3ms, total 35ms
D/dalvikvm(  275): GC_EXPLICIT freed <1K, 48% free 9011K/17224K, paused 1ms+9ms, total 29ms
D/dalvikvm(  275): GC_EXPLICIT freed <1K, 48% free 9011K/17224K, paused 1ms+4ms, total 32ms
D/Sensors ( 1025): AccelerationSensor: set delay 20
I/ActivityManager( 1025): Process com.devexpert.weather (pid 14394) has died.
D/dalvikvm(14399): Trying to load lib /data/app-lib/com.google.android.apps.maps-2/libcrashreporterer.so 0x41fb05a8
D/dalvikvm(14399): Added shared lib /data/app-lib/com.google.android.apps.maps-2/libcrashreporterer.so 0x41fb05a8
D/dalvikvm(14399): Trying to load lib /data/app-lib/com.google.android.apps.maps-2/libgmm-jni.so 0x41fb05a8
D/dalvikvm(14399): Added shared lib /data/app-lib/com.google.android.apps.maps-2/libgmm-jni.so 0x41fb05a8
D/StrictMode(14399): StrictMode policy violation; ~duration=166 ms: android.os.StrictMode$StrictModeDiskReadViolation: policy=31 violation=2
D/StrictMode(14399): 	at android.os.StrictMode$AndroidBlockGuardPolicy.onReadFromDisk(StrictMode.java:1135)
D/StrictMode(14399): 	at libcore.io.BlockGuardOs.open(BlockGuardOs.java:106)
D/StrictMode(14399): 	at libcore.io.IoUtils.canOpenReadOnly(IoUtils.java:163)
D/StrictMode(14399): 	at dalvik.system.DexPathList.findLibrary(DexPathList.java:384)
D/StrictMode(14399): 	at dalvik.system.BaseDexClassLoader.findLibrary(BaseDexClassLoader.java:77)
D/StrictMode(14399): 	at java.lang.Runtime.loadLibrary(Runtime.java:356)
D/StrictMode(14399): 	at java.lang.System.loadLibrary(System.java:526)
D/StrictMode(14399): 	at com.google.android.libraries.social.jni.crashreporter.NativeCrashHandler.a(PG:189)
D/StrictMode(14399): 	at com.google.android.libraries.social.jni.crashreporter.NativeCrashHandler.a(PG:87)
D/StrictMode(14399): 	at com.google.android.apps.gmm.base.app.d.<init>(PG:562)
D/StrictMode(14399): 	at com.google.android.apps.gmm.base.app.GoogleMapsApplication.a(PG:156)
D/StrictMode(14399): 	at com.google.android.apps.gmm.base.app.GoogleMapsApplication.onCreate(PG:111)
D/StrictMode(14399): 	at android.app.Instrumentation.callApplicationOnCreate(Instrumentation.java:1030)
D/StrictMode(14399): 	at android.app.ActivityThread.handleBindApplication(ActivityThread.java:4409)
D/StrictMode(14399): 	at android.app.ActivityThread.access$1500(ActivityThread.java:139)
D/StrictMode(14399): 	at android.app.ActivityThread$H.handleMessage(ActivityThread.java:1270)
D/StrictMode(14399): 	at android.os.Handler.dispatchMessage(Handler.java:102)
D/StrictMode(14399): 	at android.os.Looper.loop(Looper.java:136)
D/StrictMode(14399): 	at android.app.ActivityThread.main(ActivityThread.java:5086)
D/StrictMode(14399): 	at java.lang.reflect.Method.invokeNative(Native Method)
D/StrictMode(14399): 	at java.lang.reflect.Method.invoke(Method.java:515)
D/StrictMode(14399): 	at com.android.internal.os.ZygoteInit$MethodAndArgsCaller.run(ZygoteInit.java:785)
D/StrictMode(14399): 	at com.android.internal.os.ZygoteInit.main(ZygoteInit.java:601)
D/StrictMode(14399): 	at dalvik.system.NativeStart.main(Native Method)
D/StrictMode(14399): StrictMode policy violation; ~duration=156 ms: android.os.StrictMode$StrictModeDiskReadViolation: policy=31 violation=2
D/StrictMode(14399): 	at android.os.StrictMode$AndroidBlockGuardPolicy.onReadFromDisk(StrictMode.java:1135)
D/StrictMode(14399): 	at android.app.SharedPreferencesImpl.awaitLoadedLocked(SharedPreferencesImpl.java:203)
D/StrictMode(14399): 	at android.app.SharedPreferencesImpl.getBoolean(SharedPreferencesImpl.java:260)
D/StrictMode(14399): 	at android.preference.PreferenceManager.setDefaultValues(PreferenceManager.java:481)
D/StrictMode(14399): 	at com.google.android.apps.gmm.shared.d.a.a(PG:1086)
D/StrictMode(14399): 	at com.google.android.apps.gmm.base.app.d.a(PG:1136)
D/StrictMode(14399): 	at com.google.android.apps.gmm.base.app.d.<init>(PG:578)
D/StrictMode(14399): 	at com.google.android.apps.gmm.base.app.GoogleMapsApplication.a(PG:156)
D/StrictMode(14399): 	at com.google.android.apps.gmm.base.app.GoogleMapsApplication.onCreate(PG:111)
D/StrictMode(14399): 	at android.app.Instrumentation.callApplicationOnCreate(Instrumentation.java:1030)
D/StrictMode(14399): 	at android.app.ActivityThread.handleBindApplication(ActivityThread.java:4409)
D/StrictMode(14399): 	at android.app.ActivityThread.access$1500(ActivityThread.java:139)
D/StrictMode(14399): 	at android.app.ActivityThread$H.handleMessage(ActivityThread.java:1270)
D/StrictMode(14399): 	at android.os.Handler.dispatchMessage(Handler.java:102)
D/StrictMode(14399): 	at android.os.Looper.loop(Looper.java:136)
D/StrictMode(14399): 	at android.app.ActivityThread.main(ActivityThread.java:5086)
D/StrictMode(14399): 	at java.lang.reflect.Method.invokeNative(Native Method)
D/StrictMode(14399): 	at java.lang.reflect.Method.invoke(Method.java:515)
D/StrictMode(14399): 	at com.android.internal.os.ZygoteInit$MethodAndArgsCaller.run(ZygoteInit.java:785)
D/StrictMode(14399): 	at com.android.internal.os.ZygoteInit.main(ZygoteInit.java:601)
D/StrictMode(14399): 	at dalvik.system.NativeStart.main(Native Method)
D/StrictMode(14399): StrictMode policy violation; ~duration=149 ms: android.os.StrictMode$StrictModeDiskReadViolation: policy=31 violation=2
D/StrictMode(14399): 	at android.os.StrictMode$AndroidBlockGuardPolicy.onReadFromDisk(StrictMode.java:1135)
D/StrictMode(14399): 	at android.app.SharedPreferencesImpl.awaitLoadedLocked(SharedPreferencesImpl.java:203)
D/StrictMode(14399): 	at android.app.SharedPreferencesImpl.getInt(SharedPreferencesImpl.java:239)
D/StrictMode(14399): 	at com.google.android.apps.gmm.shared.d.a.a(PG:1184)
D/StrictMode(14399): 	at com.google.android.apps.gmm.shared.d.a.a(PG:1092)
D/StrictMode(14399): 	at com.google.android.apps.gmm.base.app.d.a(PG:1136)
D/StrictMode(14399): 	at com.google.android.apps.gmm.base.app.d.<init>(PG:578)
D/StrictMode(14399): 	at com.google.android.apps.gmm.base.app.GoogleMapsApplication.a(PG:156)
D/StrictMode(14399): 	at com.google.android.apps.gmm.base.app.GoogleMapsApplication.onCreate(PG:111)
D/StrictMode(14399): 	at android.app.Instrumentation.callApplicationOnCreate(Instrumentation.java:1030)
D/StrictMode(14399): 	at android.app.ActivityThread.handleBindApplication(ActivityThread.java:4409)
D/StrictMode(14399): 	at android.app.ActivityThread.access$1500(ActivityThread.java:139)
D/StrictMode(14399): 	at android.app.ActivityThread$H.handleMessage(ActivityThread.java:1270)
D/StrictMode(14399): 	at android.os.Handler.dispatchMessage(Handler.java:102)
D/StrictMode(14399): 	at android.os.Looper.loop(Looper.java:136)
D/StrictMode(14399): 	at android.app.ActivityThread.main(ActivityThread.java:5086)
D/StrictMode(14399): 	at java.lang.reflect.Method.invokeNative(Native Method)
D/StrictMode(14399): 	at java.lang.reflect.Method.invoke(Method.java:515)
D/StrictMode(14399): 	at com.android.internal.os.ZygoteInit$MethodAndArgsCaller.run(ZygoteInit.java:785)
D/StrictMode(14399): 	at com.android.internal.os.ZygoteInit.main(ZygoteInit.java:601)
D/StrictMode(14399): 	at dalvik.system.NativeStart.main(Native Method)
D/StrictMode(14399): StrictMode policy violation; ~duration=134 ms: android.os.StrictMode$StrictModeDiskReadViolation: policy=31 violation=2
D/StrictMode(14399): 	at android.os.StrictMode$AndroidBlockGuardPolicy.onReadFromDisk(StrictMode.java:1135)
D/StrictMode(14399): 	at libcore.io.BlockGuardOs.open(BlockGuardOs.java:106)
D/StrictMode(14399): 	at libcore.io.IoUtils.canOpenReadOnly(IoUtils.java:163)
D/StrictMode(14399): 	at dalvik.system.DexPathList.findLibrary(DexPathList.java:384)
D/StrictMode(14399): 	at dalvik.system.BaseDexClassLoader.findLibrary(BaseDexClassLoader.java:77)
D/StrictMode(14399): 	at java.lang.Runtime.loadLibrary(Runtime.java:356)
D/StrictMode(14399): 	at java.lang.System.loadLibrary(System.java:526)
D/StrictMode(14399): 	at com.google.android.apps.gmm.map.util.jni.NativeHelper.initialize(PG:42)
D/StrictMode(14399): 	at com.google.android.apps.gmm.map.m.e.<clinit>(PG:89)
D/StrictMode(14399): 	at com.google.android.apps.gmm.base.app.d.a(PG:1135)
D/StrictMode(14399): 	at com.google.android.apps.gmm.base.app.d.<init>(PG:578)
D/StrictMode(14399): 	at com.google.android.apps.gmm.base.app.GoogleMapsApplication.a(PG:156)
D/StrictMode(14399): 	at com.google.android.apps.gmm.base.app.GoogleMapsApplication.onCreate(PG:111)
D/StrictMode(14399): 	at android.app.Instrumentation.callApplicationOnCreate(Instrumentation.java:1030)
D/StrictMode(14399): 	at android.app.ActivityThread.handleBindApplication(ActivityThread.java:4409)
D/StrictMode(14399): 	at android.app.ActivityThread.access$1500(ActivityThread.java:139)
D/StrictMode(14399): 	at android.app.ActivityThread$H.handleMessage(ActivityThread.java:1270)
D/StrictMode(14399): 	at android.os.Handler.dispatchMessage(Handler.java:102)
D/StrictMode(14399): 	at android.os.Looper.loop(Looper.java:136)
D/StrictMode(14399): 	at android.app.ActivityThread.main(ActivityThread.java:5086)
D/StrictMode(14399): 	at java.lang.reflect.Method.invokeNative(Native Method)
D/StrictMode(14399): 	at java.lang.reflect.Method.invoke(Method.java:515)
D/StrictMode(14399): 	at com.android.internal.os.ZygoteInit$MethodAndArgsCaller.run(ZygoteInit.java:785)
D/StrictMode(14399): 	at com.android.internal.os.ZygoteInit.main(ZygoteInit.java:601)
D/StrictMode(14399): 	at dalvik.system.NativeStart.main(Native Method)
D/StrictMode(14399): StrictMode policy violation; ~duration=104 ms: android.os.StrictMode$StrictModeDiskReadViolation: policy=31 violation=2
D/StrictMode(14399): 	at android.os.StrictMode$AndroidBlockGuardPolicy.onReadFromDisk(StrictMode.java:1135)
D/StrictMode(14399): 	at libcore.io.BlockGuardOs.open(BlockGuardOs.java:106)
D/StrictMode(14399): 	at libcore.io.IoBridge.open(IoBridge.java:393)
D/StrictMode(14399): 	at java.io.FileInputStream.<init>(FileInputStream.java:78)
D/StrictMode(14399): 	at android.app.ContextImpl.openFileInput(ContextImpl.java:909)
D/StrictMode(14399): 	at android.content.ContextWrapper.openFileInput(ContextWrapper.java:179)
D/StrictMode(14399): 	at com.google.android.apps.gmm.shared.f.h.a(PG:150)
D/StrictMode(14399): 	at com.google.android.apps.gmm.map.m.e.a(PG:356)
D/StrictMode(14399): 	at com.google.android.apps.gmm.base.app.d.a(PG:1135)
D/StrictMode(14399): 	at com.google.android.apps.gmm.base.app.d.<init>(PG:578)
D/StrictMode(14399): 	at com.google.android.apps.gmm.base.app.GoogleMapsApplication.a(PG:156)
D/StrictMode(14399): 	at com.google.android.apps.gmm.base.app.GoogleMapsApplication.onCreate(PG:111)
D/StrictMode(14399): 	at android.app.Instrumentation.callApplicationOnCreate(Instrumentation.java:1030)
D/StrictMode(14399): 	at android.app.ActivityThread.handleBindApplication(ActivityThread.java:4409)
D/StrictMode(14399): 	at android.app.ActivityThread.access$1500(ActivityThread.java:139)
D/StrictMode(14399): 	at android.app.ActivityThread$H.handleMessage(ActivityThread.java:1270)
D/StrictMode(14399): 	at android.os.Handler.dispatchMessage(Handler.java:102)
D/StrictMode(14399): 	at android.os.Looper.loop(Looper.java:136)
D/StrictMode(14399): 	at android.app.ActivityThread.main(ActivityThread.java:5086)
D/StrictMode(14399): 	at java.lang.reflect.Method.invokeNative(Native Method)
D/StrictMode(14399): 	at java.lang.reflect.Method.invoke(Method.java:515)
D/StrictMode(14399): 	at com.android.internal.os.ZygoteInit$MethodAndArgsCaller.run(ZygoteInit.java:785)
D/StrictMode(14399): 	at com.android.internal.os.ZygoteInit.main(ZygoteInit.java:601)
D/StrictMode(14399): 	at dalvik.system.NativeStart.main(Native Method)
D/StrictMode(14399): StrictMode policy violation; ~duration=98 ms: android.os.StrictMode$StrictModeDiskReadViolation: policy=31 violation=2
D/StrictMode(14399): 	at android.os.StrictMode$AndroidBlockGuardPolicy.onReadFromDisk(StrictMode.java:1135)
D/StrictMode(14399): 	at libcore.io.BlockGuardOs.read(BlockGuardOs.java:148)
D/StrictMode(14399): 	at libcore.io.IoBridge.read(IoBridge.java:425)
D/StrictMode(14399): 	at java.io.FileInputStream.read(FileInputStream.java:179)
D/StrictMode(14399): 	at java.io.BufferedInputStream.read(BufferedInputStream.java:283)
D/StrictMode(14399): 	at java.io.DataInputStream.read(DataInputStream.java:63)
D/StrictMode(14399): 	at com.google.r.j.c(PG:1152)
D/StrictMode(14399): 	at com.google.r.j.a(PG:121)
D/StrictMode(14399): 	at com.google.v.a.a.dv.<init>(PG:24)
D/StrictMode(14399): 	at com.google.v.a.a.dw.b(PG:68)
D/StrictMode(14399): 	at com.google.v.a.a.dw.a(PG:62)
D/StrictMode(14399): 	at com.google.r.e.b(PG:170)
D/StrictMode(14399): 	at com.google.r.e.b(PG:21)
D/StrictMode(14399): 	at com.google.android.apps.gmm.shared.f.h.a(PG:151)
D/StrictMode(14399): 	at com.google.android.apps.gmm.map.m.e.a(PG:356)
D/StrictMode(14399): 	at com.google.android.apps.gmm.base.app.d.a(PG:1135)
D/StrictMode(14399): 	at com.google.android.apps.gmm.base.app.d.<init>(PG:578)
D/StrictMode(14399): 	at com.google.android.apps.gmm.base.app.GoogleMapsApplication.a(PG:156)
D/StrictMode(14399): 	at com.google.android.apps.gmm.base.app.GoogleMapsApplication.onCreate(PG:111)
D/StrictMode(14399): 	at android.app.Instrumentation.callApplicationOnCreate(Instrumentation.java:1030)
D/StrictMode(14399): 	at android.app.ActivityThread.handleBindApplication(ActivityThread.java:4409)
D/StrictMode(14399): 	at android.app.ActivityThread.access$1500(ActivityThread.java:139)
D/StrictMode(14399): 	at android.app.ActivityThread$H.handleMessage(ActivityThread.java:1270)
D/StrictMode(14399): 	at android.os.Handler.dispatchMessage(Handler.java:102)
D/StrictMode(14399): 	at android.os.Looper.loop(Looper.java:136)
D/StrictMode(14399): 	at android.app.ActivityThread.main(ActivityThread.java:5086)
D/StrictMode(14399): 	at java.lang.reflect.Method.invokeNative(Native Method)
D/StrictMode(14399): 	at java.lang.reflect.Method.invoke(Method.java:515)
D/StrictMode(14399): 	at com.android.internal.os.ZygoteInit$MethodAndArgsCaller.run(ZygoteInit.java:785)
D/StrictMode(14399): 	at com.android.internal.os.ZygoteInit.main(ZygoteInit.java:601)
D/StrictMode(14399): 	at dalvik.system.NativeStart.main(Native Method)
D/StrictMode(14399): StrictMode policy violation; ~duration=95 ms: android.os.StrictMode$StrictModeDiskReadViolation: policy=31 violation=2
D/StrictMode(14399): 	at android.os.StrictMode$AndroidBlockGuardPolicy.onReadFromDisk(StrictMode.java:1135)
D/StrictMode(14399): 	at libcore.io.BlockGuardOs.read(BlockGuardOs.java:148)
D/StrictMode(14399): 	at libcore.io.IoBridge.read(IoBridge.java:425)
D/StrictMode(14399): 	at java.io.FileInputStream.read(FileInputStream.java:179)
D/StrictMode(14399): 	at java.io.BufferedInputStream.read(BufferedInputStream.java:283)
D/StrictMode(14399): 	at java.io.DataInputStream.read(DataInputStream.java:63)
D/StrictMode(14399): 	at com.google.r.j.c(PG:1152)
D/StrictMode(14399): 	at com.google.r.j.b(PG:1234)
D/StrictMode(14399): 	at com.google.r.j.g(PG:548)
D/StrictMode(14399): 	at com.google.v.a.a.dv.<init>(PG:43)
D/StrictMode(14399): 	at com.google.v.a.a.dw.b(PG:68)
D/StrictMode(14399): 	at com.google.v.a.a.dw.a(PG:62)
D/StrictMode(14399): 	at com.google.r.e.b(PG:170)
D/StrictMode(14399): 	at com.google.r.e.b(PG:21)
D/StrictMode(14399): 	at com.google.android.apps.gmm.shared.f.h.a(PG:151)
D/StrictMode(14399): 	at com.google.android.apps.gmm.map.m.e.a(PG:356)
D/StrictMode(14399): 	at com.google.android.apps.gmm.base.app.d.a(PG:1135)
D/StrictMode(14399): 	at com.google.android.apps.gmm.base.app.d.<init>(PG:578)
D/StrictMode(14399): 	at com.google.android.apps.gmm.base.app.GoogleMapsApplication.a(PG:156)
D/StrictMode(14399): 	at com.google.android.apps.gmm.base.app.GoogleMapsApplication.onCreate(PG:111)
D/StrictMode(14399): 	at android.app.Instrumentation.callApplicationOnCreate(Instrumentation.java:1030)
D/StrictMode(14399): 	at android.app.ActivityThread.handleBindApplication(ActivityThread.java:4409)
D/StrictMode(14399): 	at android.app.ActivityThread.access$1500(ActivityThread.java:139)
D/StrictMode(14399): 	at android.app.ActivityThread$H.handleMessage(ActivityThread.java:1270)
D/StrictMode(14399): 	at android.os.Handler.dispatchMessage(Handler.java:102)
D/StrictMode(14399): 	at android.os.Looper.loop(Looper.java:136)
D/StrictMode(14399): 	at android.app.ActivityThread.main(ActivityThread.java:5086)
D/StrictMode(14399): 	at java.lang.reflect.Method.invokeNative(Native Method)
D/StrictMode(14399): 	at java.lang.reflect.Method.invoke(Method.java:515)
D/StrictMode(14399): 	at com.android.internal.os.ZygoteInit$MethodAndArgsCaller.run(ZygoteInit.java:785)
D/StrictMode(14399): 	at com.android.internal.os.ZygoteInit.main(ZygoteInit.java:601)
D/StrictMode(14399): 	at dalvik.system.NativeStart.main(Native Method)
D/WifiService( 1025): New client listening to asynchronous messages
W/ActivityThread(14399): ClassLoader.loadClass: The class loader returned by Thread.getContextClassLoader() may fail for processes that host multiple applications. You should explicitly specify a context class loader. For example: Thread.setContextClassLoader(getClass().getClassLoader());
D/WifiStateMachine( 1025): handleMessage: E msg.what=151572
D/WifiStateMachine( 1025): processMsg: ConnectedState
D/WifiStateMachine( 1025): processMsg: L2ConnectedState
D/WifiStateMachine( 1025): handleMessage: X
D/Ulp_jni ( 1025): Location CB invoked
I/dalvikvm(14399): Could not find method android.content.pm.PackageManager.getPackageInstaller, referenced from method com.google.android.gms.common.d.a
W/dalvikvm(14399): VFY: unable to resolve virtual method 573: Landroid/content/pm/PackageManager;.getPackageInstaller ()Landroid/content/pm/PackageInstaller;
D/dalvikvm(14399): VFY: replacing opcode 0x6e at 0x000f
D/dalvikvm( 1025): GC_EXPLICIT freed 1105K, 36% free 32369K/50444K, paused 6ms+18ms, total 177ms
V/Herrevad(20810): NQAS connected
D/WifiStateMachine( 1025): handleMessage: E msg.what=151572
D/WifiStateMachine( 1025): processMsg: ConnectedState
D/WifiStateMachine( 1025): processMsg: L2ConnectedState
D/WifiStateMachine( 1025): handleMessage: X
D/WifiStateMachine( 1025): handleMessage: E msg.what=131155
D/WifiStateMachine( 1025): processMsg: ConnectedState
D/WifiStateMachine( 1025): processMsg: L2ConnectedState
D/WifiStateMachine( 1025): handleMessage: X
D/WifiStateMachine( 1025): handleMessage: E msg.what=151572
D/WifiStateMachine( 1025): processMsg: ConnectedState
D/WifiStateMachine( 1025): processMsg: L2ConnectedState
D/WifiStateMachine( 1025): handleMessage: X
I/SFPerfTracer(  274):      triggers: (rate: 1290:51203) (compose: 0:259) (post: 0:21) (render: 91:10727) (2:809229 frames) (3:3389368)
D/SFPerfTracer(  274):        layers: (4:10) (DimLayer: 0:158)* (DimLayer: 0:146)* (FocusedStackFrame: 0:22650)* (StatusBar: 1:272209) (NavigationBar: 0:210106) (DimLayer: 0:26133)* (DimLayer: 0:4995)* (com.android.wallpaper.fall.FallWallpaper: 2:5015) (com.google.android.gm/com.google.android.gm.ConversationListActivityGmail: 0:51)* (com.android.launcher/com.android.launcher2.Launcher: 0:55) 
D/WifiStateMachine( 1025): handleMessage: E msg.what=151572
D/WifiStateMachine( 1025): processMsg: ConnectedState
D/WifiStateMachine( 1025): processMsg: L2ConnectedState
D/WifiStateMachine( 1025): handleMessage: X
D/Sensors ( 1025): AccelerationSensor: set delay 200
D/WifiStateMachine( 1025): handleMessage: E msg.what=151572
D/WifiStateMachine( 1025): processMsg: ConnectedState
D/WifiStateMachine( 1025): processMsg: L2ConnectedState
D/WifiStateMachine( 1025): handleMessage: X
D/WifiStateMachine( 1025): handleMessage: E msg.what=131155
D/WifiStateMachine( 1025): processMsg: ConnectedState
D/WifiStateMachine( 1025): processMsg: L2ConnectedState
D/WifiStateMachine( 1025): handleMessage: X
D/WifiStateMachine( 1025): handleMessage: E msg.what=151572
D/WifiStateMachine( 1025): processMsg: ConnectedState
D/WifiStateMachine( 1025): processMsg: L2ConnectedState
D/WifiStateMachine( 1025): handleMessage: X
I/SBar.NetworkController( 1119): onSignalStrengthsChanged SignalStrength: 6 0 -120 -160 -120 -1 -1 99 2147483647 2147483647 2147483647 2147483647 2147483647 gsm|lte 0 -108 -1 false 2 2 0 0 0 99 99 99 4 level=2
I/SBar.NetworkController( 1119): refreshSignalCluster: mobile: Signal=zz_moto_stat_sys_signal_2_fully_wide Roaming=(none) mSimIconId=(none) Accessibility="Phone two bars.","Not roaming.",""
D/WifiStateMachine( 1025): handleMessage: E msg.what=151572
D/WifiStateMachine( 1025): processMsg: ConnectedState
D/WifiStateMachine( 1025): processMsg: L2ConnectedState
D/WifiStateMachine( 1025): handleMessage: X
D/WifiStateMachine( 1025): handleMessage: E msg.what=151572
D/WifiStateMachine( 1025): processMsg: ConnectedState
D/WifiStateMachine( 1025): processMsg: L2ConnectedState
D/WifiStateMachine( 1025): handleMessage: X
D/WifiStateMachine( 1025): handleMessage: E msg.what=131155
D/WifiStateMachine( 1025): processMsg: ConnectedState
D/WifiStateMachine( 1025): processMsg: L2ConnectedState
D/WifiStateMachine( 1025): handleMessage: X
D/WifiStateMachine( 1025): handleMessage: E msg.what=151572
D/WifiStateMachine( 1025): processMsg: ConnectedState
D/WifiStateMachine( 1025): processMsg: L2ConnectedState
D/WifiStateMachine( 1025): handleMessage: X
V/AlarmManager( 1025): sending alarm Alarm{43e1d250 type 2 com.google.android.gms}
D/Sensors ( 1025): AccelerationSensor: set delay 20
I/wpa_supplicant( 1113): wlan0: WPA: Group rekeying completed with 70:54:d2:ae:26:93 [GTK=TKIP]
D/MDMCTBK (  273): reply_len: 40 reply is = IFNAME=wlan0 <3>CTRL-EVENT-STATE-CHANGE 
D/MDMCTBK (  273): Event received = CTRL-EVENT-STATE-CHANGE 
D/MDMCTBK (  273): reply_len: 40 reply is = IFNAME=wlan0 <3>WPA: Group rekeying comp
D/MDMCTBK (  273): Event received = WPA: Group rekeying comp
D/MDMCTBK (  273): reply_len: 40 reply is = IFNAME=wlan0 <3>CTRL-EVENT-STATE-CHANGE 
D/MDMCTBK (  273): Event received = CTRL-EVENT-STATE-CHANGE 
D/WifiStateMachine( 1025): handleMessage: E msg.what=147462
D/WifiStateMachine( 1025): processMsg: ConnectedState
D/WifiStateMachine( 1025): processMsg: L2ConnectedState
D/WifiStateMachine( 1025): processMsg: ConnectModeState
D/WifiStateMachine( 1025): handleMessage: X
D/WifiStateMachine( 1025): handleMessage: E msg.what=147462
D/WifiStateMachine( 1025): processMsg: ConnectedState
D/WifiStateMachine( 1025): processMsg: L2ConnectedState
D/WifiStateMachine( 1025): processMsg: ConnectModeState
D/WifiStateMachine( 1025): handleMessage: X
I/ActivityManager( 1025): START u0 {act=com.android.systemui.recent.action.TOGGLE_RECENTS flg=0x10800000 cmp=com.android.systemui/.recent.RecentsActivity} from pid 1119
W/ContextImpl( 1295): Calling a method in the system process without a qualified user: android.app.ContextImpl.sendBroadcast:1252 android.content.ContextWrapper.sendBroadcast:365 com.motorola.motocare.util.TriggerHelper$TriggerBuilder.send:76 com.motorola.motocare.internal.frameworkevents.PauseResumeTrigger.handleFrameworkEvent:53 com.motorola.motocare.internal.frameworkevents.FwEventMonitor$FrameworkListener.processFrameworkEvent:114 
W/ContextImpl( 1295): Calling a method in the system process without a qualified user: android.app.ContextImpl.sendBroadcast:1252 android.content.ContextWrapper.sendBroadcast:365 com.motorola.motocare.util.TriggerHelper$TriggerBuilder.send:76 com.motorola.motocare.internal.frameworkevents.PauseResumeTrigger.handleFrameworkEvent:53 com.motorola.motocare.internal.frameworkevents.FwEventMonitor$FrameworkListener.processFrameworkEvent:114 
W/ContextImpl( 1295): Calling a method in the system process without a qualified user: android.app.ContextImpl.sendBroadcast:1252 android.content.ContextWrapper.sendBroadcast:365 com.motorola.motocare.util.TriggerHelper$TriggerBuilder.send:76 com.motorola.motocare.internal.frameworkevents.PauseResumeTrigger.handleFrameworkEvent:53 com.motorola.motocare.internal.frameworkevents.FwEventMonitor$FrameworkListener.processFrameworkEvent:114 
I/SFPerfTracer(  274):      triggers: (rate: 1290:51208) (compose: 0:259) (post: 0:21) (render: 91:10727) (5:809243 frames) (6:3389472)
D/SFPerfTracer(  274):        layers: (4:10) (DimLayer: 0:158)* (DimLayer: 0:146)* (FocusedStackFrame: 0:22650)* (StatusBar: 0:272213) (NavigationBar: 6:210112) (DimLayer: 0:26133)* (DimLayer: 0:4995)* (com.android.wallpaper.fall.FallWallpaper: 2:5111) (com.google.android.gm/com.google.android.gm.ConversationListActivityGmail: 0:51)* (com.android.launcher/com.android.launcher2.Launcher: 0:55) 
W/ContextImpl( 1295): Calling a method in the system process without a qualified user: android.app.ContextImpl.sendBroadcast:1252 android.content.ContextWrapper.sendBroadcast:365 com.motorola.motocare.util.TriggerHelper$TriggerBuilder.send:76 com.motorola.motocare.internal.frameworkevents.PauseResumeTrigger.handleFrameworkEvent:53 com.motorola.motocare.internal.frameworkevents.FwEventMonitor$FrameworkListener.processFrameworkEvent:114 
W/InputMethodManagerService( 1025): Window already focused, ignoring focus gain of: com.android.internal.view.IInputMethodClient$Stub$Proxy@430b2280 attribute=null, token = android.os.BinderProxy@42866c28
D/WifiStateMachine( 1025): handleMessage: E msg.what=151572
D/WifiStateMachine( 1025): processMsg: ConnectedState
D/WifiStateMachine( 1025): processMsg: L2ConnectedState
D/WifiStateMachine( 1025): handleMessage: X
D/WifiStateMachine( 1025): handleMessage: E msg.what=151572
D/WifiStateMachine( 1025): processMsg: ConnectedState
D/WifiStateMachine( 1025): processMsg: L2ConnectedState
D/WifiStateMachine( 1025): handleMessage: X
D/Ulp_jni ( 1025): Location CB invoked
I/SBar.NetworkController( 1119): onSignalStrengthsChanged SignalStrength: 10 0 -120 -160 -120 -1 -1 99 2147483647 2147483647 2147483647 2147483647 2147483647 gsm|lte 0 -108 -1 false 3 3 0 0 0 99 99 99 4 level=3
I/SBar.NetworkController( 1119): refreshSignalCluster: mobile: Signal=zz_moto_stat_sys_signal_3_fully_wide Roaming=(none) mSimIconId=(none) Accessibility="Phone three bars.","Not roaming.",""
D/WifiStateMachine( 1025): handleMessage: E msg.what=151572
D/WifiStateMachine( 1025): processMsg: ConnectedState
D/WifiStateMachine( 1025): processMsg: L2ConnectedState
D/WifiStateMachine( 1025): handleMessage: X
D/WifiStateMachine( 1025): handleMessage: E msg.what=131155
D/WifiStateMachine( 1025): processMsg: ConnectedState
D/WifiStateMachine( 1025): processMsg: L2ConnectedState
D/WifiStateMachine( 1025): handleMessage: X
D/Sensors ( 1025): AccelerationSensor: set delay 200
I/ActivityManager( 1025): START u0 {act=com.android.systemui.recent.action.TOGGLE_RECENTS flg=0x10800000 cmp=com.android.systemui/.recent.RecentsActivity} from pid 1119
W/ContextImpl( 1295): Calling a method in the system process without a qualified user: android.app.ContextImpl.sendBroadcast:1252 android.content.ContextWrapper.sendBroadcast:365 com.motorola.motocare.util.TriggerHelper$TriggerBuilder.send:76 com.motorola.motocare.internal.frameworkevents.PauseResumeTrigger.handleFrameworkEvent:53 com.motorola.motocare.internal.frameworkevents.FwEventMonitor$FrameworkListener.processFrameworkEvent:114 
W/ContextImpl( 1295): Calling a method in the system process without a qualified user: android.app.ContextImpl.sendBroadcast:1252 android.content.ContextWrapper.sendBroadcast:365 com.motorola.motocare.util.TriggerHelper$TriggerBuilder.send:76 com.motorola.motocare.internal.frameworkevents.PauseResumeTrigger.handleFrameworkEvent:53 com.motorola.motocare.internal.frameworkevents.FwEventMonitor$FrameworkListener.processFrameworkEvent:114 
D/dalvikvm(23032): GC_CONCURRENT freed 2132K, 37% free 10970K/17224K, paused 6ms+4ms, total 90ms
D/dalvikvm(23032): WAIT_FOR_CONCURRENT_GC blocked 83ms
I/LaunchCheckinHandler( 1025): Displayed com.android.systemui/.recent.RecentsActivity,wp,ca,189
I/ActivityManager( 1025): Displayed com.android.systemui/.recent.RecentsActivity: +190ms
D/WifiStateMachine( 1025): handleMessage: E msg.what=151572
D/WifiStateMachine( 1025): processMsg: ConnectedState
D/WifiStateMachine( 1025): processMsg: L2ConnectedState
D/WifiStateMachine( 1025): handleMessage: X
E/rsC++   ( 5150): RS Message thread exiting.
I/SFPerfTracer(  274):      triggers: (rate: 1290:51208) (compose: 0:259) (post: 0:21) (render: 91:10727) (2:809262 frames) (3:3389573)
D/SFPerfTracer(  274):        layers: (3:11) (DimLayer: 0:158)* (DimLayer: 0:146)* (FocusedStackFrame: 0:22655)* (StatusBar: 0:272216) (NavigationBar: 3:210161) (DimLayer: 0:26133)* (DimLayer: 0:4995)* (com.android.wallpaper.fall.FallWallpaper: 1:5168) (com.google.android.gm/com.google.android.gm.ConversationListActivityGmail: 0:51)* (com.android.launcher/com.android.launcher2.Launcher: 3:74)* (com.android.systemui/com.android.systemui.recent.RecentsActivity: 0:8)* 
I/SBar.NetworkController( 1119): onSignalStrengthsChanged SignalStrength: 12 0 -120 -160 -120 -1 -1 99 2147483647 2147483647 2147483647 2147483647 2147483647 gsm|lte 0 -108 -1 false 4 4 0 0 0 99 99 99 4 level=4
I/SFPerfTracer(  274):       trigger: vsync rate (-55.643%)	(26.614 vps)	(37.574 ms)* 	(475 drops)	(590 vsyncs)
I/SFPerfTracer(  274):      triggers: (rate: 1154:453046) (353457 sw vsyncs) (1069282 skipped) (590:3427894 vsyncs) (592:4299769)
D/WifiStateMachine( 1025): handleMessage: E msg.what=151572
D/WifiStateMachine( 1025): processMsg: ConnectedState
D/WifiStateMachine( 1025): processMsg: L2ConnectedState
D/WifiStateMachine( 1025): handleMessage: X
I/SBar.NetworkController( 1119): refreshSignalCluster: mobile: Signal=zz_moto_stat_sys_signal_4_fully_wide Roaming=(none) mSimIconId=(none) Accessibility="Phone signal full.","Not roaming.",""
D/WifiStateMachine( 1025): handleMessage: E msg.what=151572
D/WifiStateMachine( 1025): processMsg: ConnectedState
D/WifiStateMachine( 1025): processMsg: L2ConnectedState
D/WifiStateMachine( 1025): handleMessage: X
D/WifiStateMachine( 1025): handleMessage: E msg.what=131155
D/WifiStateMachine( 1025): processMsg: ConnectedState
D/WifiStateMachine( 1025): processMsg: L2ConnectedState
D/WifiStateMachine( 1025): handleMessage: X
I/ActivityManager( 1025): START u0 {act=android.intent.action.MAIN cat=[android.intent.category.LAUNCHER] flg=0x10704000 cmp=com.android.settings/.Settings} from pid 1119
W/ContextImpl( 1295): Calling a method in the system process without a qualified user: android.app.ContextImpl.sendBroadcast:1252 android.content.ContextWrapper.sendBroadcast:365 com.motorola.motocare.util.TriggerHelper$TriggerBuilder.send:76 com.motorola.motocare.internal.frameworkevents.PauseResumeTrigger.handleFrameworkEvent:53 com.motorola.motocare.internal.frameworkevents.FwEventMonitor$FrameworkListener.processFrameworkEvent:114 
D/WifiService( 1025): Client connection lost with reason: 4
I/ActivityManager( 1025): Start proc com.android.settings for activity com.android.settings/.Settings: pid=14544 uid=1000 gids={41000, 1028, 1015, 3002, 3001, 3003, 1021, 3004, 3005, 1000, 3009, 1023, 1010, 1004, 2002, 3006}
I/ActivityManager( 1025): Process com.google.android.apps.maps (pid 14399) has died.
W/ContextImpl( 1295): Calling a method in the system process without a qualified user: android.app.ContextImpl.sendBroadcast:1252 android.content.ContextWrapper.sendBroadcast:365 com.motorola.motocare.util.TriggerHelper$TriggerBuilder.send:76 com.motorola.motocare.internal.frameworkevents.PauseResumeTrigger.handleFrameworkEvent:53 com.motorola.motocare.internal.frameworkevents.FwEventMonitor$FrameworkListener.processFrameworkEvent:114 
V/AuthenticatorDescriptionExtCache(14544): New instance of AuthenticatorDescriptionExtCache created
D/WifiStateMachine( 1025): handleMessage: E msg.what=151572
D/WifiStateMachine( 1025): processMsg: ConnectedState
D/WifiStateMachine( 1025): processMsg: L2ConnectedState
D/WifiStateMachine( 1025): handleMessage: X
D/DynamicHeaderAttrHandler(14544): icon = @drawable/ic_settings_sso
D/DynamicHeaderAttrHandler(14544): orderBelow = privacy_settings
D/DynamicHeaderAttrHandler(14544): title = @string/main_settings_title
D/DynamicHeaderAttrHandler(14544): icon = @drawable/ic_privacy
D/DynamicHeaderAttrHandler(14544): orderBelow = language_settings
D/DynamicHeaderAttrHandler(14544): title = @string/privacy_options_title
D/WifiService( 1025): New client listening to asynchronous messages
D/BluetoothManagerService( 1025): Message: 20
D/BluetoothManagerService( 1025): Added callback: android.bluetooth.IBluetoothManagerCallback$Stub$Proxy@41fe6018:true
D/LocalBluetoothProfileManager(14544): Adding local A2DP profile
D/BluetoothManagerService( 1025): Message: 30
W/ContextImpl(14544): Calling a method in the system process without a qualified user: android.app.ContextImpl.bindService:1672 android.content.ContextWrapper.bindService:517 android.bluetooth.BluetoothA2dp.doBind:165 android.bluetooth.BluetoothA2dp.<init>:158 android.bluetooth.BluetoothAdapter.getProfileProxy:1364 
D/LocalBluetoothProfileManager(14544): Adding local HEADSET profile
D/BluetoothManagerService( 1025): Message: 30
W/ContextImpl(14544): Calling a method in the system process without a qualified user: android.app.ContextImpl.bindService:1672 android.content.ContextWrapper.bindService:517 android.bluetooth.BluetoothHeadset.doBind:283 android.bluetooth.BluetoothHeadset.<init>:276 android.bluetooth.BluetoothAdapter.getProfileProxy:1361 
D/BluetoothManagerService( 1025): Message: 30
W/ContextImpl(14544): Calling a method in the system process without a qualified user: android.app.ContextImpl.bindService:1672 android.content.ContextWrapper.bindService:517 android.bluetooth.BluetoothInputDevice.doBind:256 android.bluetooth.BluetoothInputDevice.<init>:249 android.bluetooth.BluetoothAdapter.getProfileProxy:1367 
D/BluetoothManagerService( 1025): Message: 30
W/ContextImpl(14544): Calling a method in the system process without a qualified user: android.app.ContextImpl.bindService:1672 android.content.ContextWrapper.bindService:517 android.bluetooth.BluetoothPan.doBind:148 android.bluetooth.BluetoothPan.<init>:141 android.bluetooth.BluetoothAdapter.getProfileProxy:1370 
D/LocalBluetoothProfileManager(14544): Adding local MAP profile
D/BluetoothMap(14544): Create BluetoothMap proxy object
D/BluetoothManagerService( 1025): Message: 30
W/ContextImpl(14544): Calling a method in the system process without a qualified user: android.app.ContextImpl.bindService:1672 android.content.ContextWrapper.bindService:517 android.bluetooth.BluetoothMap.doBind:109 android.bluetooth.BluetoothMap.<init>:102 android.bluetooth.BluetoothAdapter.getProfileProxy:1379 
D/BluetoothManagerService( 1025): Message: 30
W/ContextImpl(14544): Calling a method in the system process without a qualified user: android.app.ContextImpl.bindService:1672 android.content.ContextWrapper.bindService:517 android.bluetooth.BluetoothPbap.doBind:164 android.bluetooth.BluetoothPbap.<init>:157 com.android.settings.bluetooth.PbapServerProfile.<init>:68 
D/LocalBluetoothProfileManager(14544): LocalBluetoothProfileManager construction complete
D/BluetoothAdapterService(1107007440)(20410): Get Bonded Devices being called
D/BluetoothAdapterProperties(20410): getBondedDevices: length=2
I/SFPerfTracer(  274):      triggers: (rate: 1154:453046) (353457 sw vsyncs) (1069282 skipped) (5:3427990 vsyncs) (7:4299874)
D/BluetoothA2dp(14544): Proxy object connected
D/A2dpProfile(14544): Bluetooth service connected
D/BluetoothHeadset(14544): Proxy object connected
D/HeadsetProfile(14544): Bluetooth service connected
D/BluetoothInputDevice(14544): Proxy object connected
D/HidProfile(14544): Bluetooth service connected
D/BluetoothPan(14544): BluetoothPAN Proxy object connected
D/PanProfile(14544): Bluetooth service connected
D/BluetoothMap(14544): Proxy object connected
D/MapProfile(14544): Bluetooth service connected
D/BluetoothMap(14544): getConnectedDevices()
D/BluetoothPbap(14544): Proxy object connected
D/PbapServerProfile(14544): Bluetooth service connected
D/DynamicHeaderAttrHandler(14544): icon = @drawable/ic_settings_sso
D/DynamicHeaderAttrHandler(14544): orderBelow = privacy_settings
D/DynamicHeaderAttrHandler(14544): title = @string/main_settings_title
D/DynamicHeaderAttrHandler(14544): icon = @drawable/ic_privacy
D/DynamicHeaderAttrHandler(14544): orderBelow = language_settings
D/DynamicHeaderAttrHandler(14544): title = @string/privacy_options_title
I/Adreno-EGL(14544): <qeglDrvAPI_eglInitialize:410>: EGL 1.4 QUALCOMM build: AU_LINUX_ANDROID_LNX.LA.3.5.1_RB1.04.04.02.048.018_msm8226_LNX.LA.3.5.1_RB1__release_AU ()
I/Adreno-EGL(14544): OpenGL ES Shader Compiler Version: E031.24.00.08
I/Adreno-EGL(14544): Build Date: 03/07/14 Fri
I/Adreno-EGL(14544): Local Branch: 
I/Adreno-EGL(14544): Remote Branch: quic/LNX.LA.3.5.1_RB1.1
I/Adreno-EGL(14544): Local Patches: NONE
I/Adreno-EGL(14544): Reconstruct Branch: AU_LINUX_ANDROID_LNX.LA.3.5.1_RB1.04.04.02.048.018 + f2fd134 +  NOTHING
D/OpenGLRenderer(14544): Enabling debug mode 0
D/WifiService( 1025): setWifiEnabled: true pid=14544, uid=1000
E/WifiService( 1025): Invoking mWifiStateMachine.setWifiEnabled
I/LaunchCheckinHandler( 1025): Displayed com.android.settings/.Settings,cp,ca,1275
I/ActivityManager( 1025): Displayed com.android.settings/.Settings: +1s275ms
I/SFPerfTracer(  274):      triggers: (rate: 1290:51209) (compose: 0:259) (post: 0:21) (render: 91:10727) (3:809281 frames) (4:3389676)
D/SFPerfTracer(  274):        layers: (3:13) (DimLayer: 0:158)* (DimLayer: 0:146)* (FocusedStackFrame: 0:22658)* (StatusBar: 2:272241) (NavigationBar: 0:210180) (DimLayer: 0:26133)* (DimLayer: 0:4995)* (com.android.wallpaper.fall.FallWallpaper: 0:5169)* (com.google.android.gm/com.google.android.gm.ConversationListActivityGmail: 0:51)* (com.android.systemui/com.android.systemui.recent.RecentsActivity: 0:79)* (Starting com.android.settings: 1:23) (thumbnail anim: 0:17)* (com.android.settings/com.android.settings.Settings: 2:4)* 
V/PanelView( 1119): animationTick called with dtms=0; nothing to do (h=153.2193 v=-0.0)
V/PanelView( 1119): animationTick called with dtms=0; nothing to do (h=153.2193 v=-0.0)
D/WifiStateMachine( 1025): handleMessage: E msg.what=151572
D/WifiStateMachine( 1025): processMsg: ConnectedState
D/WifiStateMachine( 1025): processMsg: L2ConnectedState
D/WifiStateMachine( 1025): handleMessage: X
I/ActivityManager( 1025): Process com.google.android.googlequicksearchbox:search (pid 2955) has died.
I/WindowState( 1025): WIN DEATH: Window{42bed938 u0 com.google.android.googlequicksearchbox/com.google.android.apps.gsa.legacyui.VelvetActivity}
D/WifiService( 1025): Client connection lost with reason: 4
W/ActivityManager( 1025): Service ServiceRecord{4402bfb0 u0 com.google.android.googlequicksearchbox/com.google.android.search.core.service.SearchService} in process ProcessRecord{43099d58 2955:com.google.android.googlequicksearchbox:search/u0a45} not same as in map: null
W/InputMethodManagerService( 1025): Window already focused, ignoring focus gain of: com.android.internal.view.IInputMethodClient$Stub$Proxy@423be348 attribute=null, token = android.os.BinderProxy@421af3f8
D/WifiStateMachine( 1025): handleMessage: E msg.what=151572
D/WifiStateMachine( 1025): processMsg: ConnectedState
D/WifiStateMachine( 1025): processMsg: L2ConnectedState
D/WifiStateMachine( 1025): handleMessage: X
D/WifiStateMachine( 1025): handleMessage: E msg.what=131155
D/WifiStateMachine( 1025): processMsg: ConnectedState
D/WifiStateMachine( 1025): processMsg: L2ConnectedState
D/WifiStateMachine( 1025): handleMessage: X
D/WifiStateMachine( 1025): handleMessage: E msg.what=151572
D/WifiStateMachine( 1025): processMsg: ConnectedState
D/WifiStateMachine( 1025): processMsg: L2ConnectedState
D/WifiStateMachine( 1025): handleMessage: X
I/SBar.NetworkController( 1119): onSignalStrengthsChanged SignalStrength: 7 0 -120 -160 -120 -1 -1 99 2147483647 2147483647 2147483647 2147483647 2147483647 gsm|lte 0 -108 -1 false 2 2 0 0 0 99 99 99 4 level=2
D/WifiStateMachine( 1025): handleMessage: E msg.what=151572
D/WifiStateMachine( 1025): processMsg: ConnectedState
D/WifiStateMachine( 1025): processMsg: L2ConnectedState
D/WifiStateMachine( 1025): handleMessage: X
D/WifiStateMachine( 1025): handleMessage: E msg.what=151572
D/WifiStateMachine( 1025): processMsg: ConnectedState
D/WifiStateMachine( 1025): processMsg: L2ConnectedState
D/WifiStateMachine( 1025): handleMessage: X
D/WifiStateMachine( 1025): handleMessage: E msg.what=131155
D/WifiStateMachine( 1025): processMsg: ConnectedState
D/WifiStateMachine( 1025): processMsg: L2ConnectedState
D/WifiStateMachine( 1025): handleMessage: X
D/Ulp_jni ( 1025): Location CB invoked
D/WifiStateMachine( 1025): handleMessage: E msg.what=151572
D/WifiStateMachine( 1025): processMsg: ConnectedState
D/WifiStateMachine( 1025): processMsg: L2ConnectedState
D/WifiStateMachine( 1025): handleMessage: X
D/WifiStateMachine( 1025): handleMessage: E msg.what=151572
D/WifiStateMachine( 1025): processMsg: ConnectedState
D/WifiStateMachine( 1025): processMsg: L2ConnectedState
D/WifiStateMachine( 1025): handleMessage: X
D/WifiStateMachine( 1025): handleMessage: E msg.what=151572
D/WifiStateMachine( 1025): processMsg: ConnectedState
D/WifiStateMachine( 1025): processMsg: L2ConnectedState
D/WifiStateMachine( 1025): handleMessage: X
D/WifiStateMachine( 1025): handleMessage: E msg.what=131155
D/WifiStateMachine( 1025): processMsg: ConnectedState
D/WifiStateMachine( 1025): processMsg: L2ConnectedState
D/WifiStateMachine( 1025): handleMessage: X
D/WifiStateMachine( 1025): handleMessage: E msg.what=151572
D/WifiStateMachine( 1025): processMsg: ConnectedState
D/WifiStateMachine( 1025): processMsg: L2ConnectedState
D/WifiStateMachine( 1025): handleMessage: X
D/WifiStateMachine( 1025): handleMessage: E msg.what=151572
D/WifiStateMachine( 1025): processMsg: ConnectedState
D/WifiStateMachine( 1025): processMsg: L2ConnectedState
D/WifiStateMachine( 1025): handleMessage: X
D/WifiStateMachine( 1025): handleMessage: E msg.what=151572
D/WifiStateMachine( 1025): processMsg: ConnectedState
D/WifiStateMachine( 1025): processMsg: L2ConnectedState
D/WifiStateMachine( 1025): handleMessage: X
