I/PersistentCookieStore(21049): Get Persistent Cookie Store
D/AudioManagerAndroid(21049): ==> onReceive: s=0, m=1, n=h2w, sb=true
D/AudioManagerAndroid(21049): reportUpdate: state=0, devices=[Speakerphone, Headset earpiece]
W/StaticBindingVerifier(21030): Verify
I/ActivityManager( 1025): Start proc com.distilledmedia.thescore for broadcast com.distilledmedia.thescore/com.parse.ParseBroadcastReceiver: pid=21102 uid=10138 gids={50138, 3003, 1028, 1015}
D/dalvikvm(  275): GC_EXPLICIT freed 42K, 48% free 9011K/17224K, paused 2ms+3ms, total 27ms
D/dalvikvm(  275): GC_EXPLICIT freed <1K, 48% free 9011K/17224K, paused 2ms+3ms, total 19ms
D/ACRA    (21049): ACRA is enabled for com.linkedin.android, intializing...
I/dalvikvm(21030): Could not find method com.facebook.resources.FbResources.getDrawable, referenced from method com.facebook.resources.impl.DownloadedFbResources.getDrawable
W/dalvikvm(21030): VFY: unable to resolve virtual method 48479: Lcom/facebook/resources/FbResources;.getDrawable (ILandroid/content/res/Resources$Theme;)Landroid/graphics/drawable/Drawable;
D/dalvikvm(21030): VFY: replacing opcode 0x6f at 0x0031
D/dalvikvm(  275): GC_EXPLICIT freed <1K, 48% free 9011K/17224K, paused 2ms+3ms, total 20ms
I/PersistentCookieStore(21049): Get Persistent Cookie Store
I/RequestQueue(21049): Init Network Client
D/ACRA    (21049): Looking for error files in /data/data/com.linkedin.android/files
I/RequestQueue(21049): Network dispatcher has started
D/LI_AUTH_LIB(21049): in init username=TimCallagy@gmail.com
I/PersistentCookieStore(21049): All cookies cleared
D/com.linkedin.android.liauthlib.NetworkDispatcher(21049): sending request https://www.linkedin.com/mob/sso/you
I/LiApplication(21049): Locale found in prefs: 
I/LiApplication(21049): Updated language/locale to: en_GB
D/WifiService( 1025): New client listening to asynchronous messages
D/WifiStateMachine( 1025): handleMessage: E msg.what=151572
D/WifiStateMachine( 1025): processMsg: ConnectedState
D/WifiStateMachine( 1025): processMsg: L2ConnectedState
D/WifiStateMachine( 1025): handleMessage: X
I/SFPerfTracer(  274):      triggers: (rate: 1116:446494) (339450 sw vsyncs) (1044990 skipped) (99:3314840 vsyncs) (101:4154126)
I/MultiDex(21102): VM with version 1.6.0 does not have multidex support
I/MultiDex(21102): install
I/MultiDex(21102): MultiDexExtractor.load(/data/app/com.distilledmedia.thescore-2.apk, false)
I/MultiDex(21102): loading existing secondary dex files
I/MultiDex(21102): load found 0 secondary dex files
I/MultiDex(21102): install done
D/[1]JournalApp(21102): created
W/Settings(21102): Setting airplane_mode_on has moved from android.provider.Settings.System to android.provider.Settings.Global, returning read-only value.
D/dalvikvm( 1025): GC_EXPLICIT freed 789K, 40% free 30477K/50444K, paused 7ms+15ms, total 162ms
V/WebViewChromiumFactoryProvider(21102): Binding Chromium to main looper Looper (main, tid 1) {41fab878}
I/LibraryLoader(21102): Expected native library version number "",actual native library version number ""
I/chromium(21102): [INFO:library_loader_hooks.cc(116)] Chromium logging enabled: level = 0, default verbosity = 0
I/BrowserStartupController(21102): Initializing chromium process, renderers=0
I/ActivityManager( 1025): Process com.linkedin.android (pid 21049) has died.
E/AudioManagerAndroid(21102): BLUETOOTH permission is missing!
I/Adreno-EGL(21102): <qeglDrvAPI_eglInitialize:410>: EGL 1.4 QUALCOMM build: AU_LINUX_ANDROID_LNX.LA.3.5.1_RB1.04.04.02.048.018_msm8226_LNX.LA.3.5.1_RB1__release_AU ()
I/Adreno-EGL(21102): OpenGL ES Shader Compiler Version: E031.24.00.08
I/Adreno-EGL(21102): Build Date: 03/07/14 Fri
I/Adreno-EGL(21102): Local Branch: 
I/Adreno-EGL(21102): Remote Branch: quic/LNX.LA.3.5.1_RB1.1
I/Adreno-EGL(21102): Local Patches: NONE
I/Adreno-EGL(21102): Reconstruct Branch: AU_LINUX_ANDROID_LNX.LA.3.5.1_RB1.04.04.02.048.018 + f2fd134 +  NOTHING
I/ActivityManager( 1025): START u0 {act=com.android.systemui.recent.action.TOGGLE_RECENTS flg=0x10800000 cmp=com.android.systemui/.recent.RecentsActivity (has extras)} from pid 1119
D/CordovaActivity(19850): Paused the application!
D/CordovaWebView(19850): Handle the pause
W/ContextImpl( 1295): Calling a method in the system process without a qualified user: android.app.ContextImpl.sendBroadcast:1252 android.content.ContextWrapper.sendBroadcast:365 com.motorola.motocare.util.TriggerHelper$TriggerBuilder.send:76 com.motorola.motocare.internal.frameworkevents.PauseResumeTrigger.handleFrameworkEvent:53 com.motorola.motocare.internal.frameworkevents.FwEventMonitor$FrameworkListener.processFrameworkEvent:114 
W/ContextImpl( 1295): Calling a method in the system process without a qualified user: android.app.ContextImpl.sendBroadcast:1252 android.content.ContextWrapper.sendBroadcast:365 com.motorola.motocare.util.TriggerHelper$TriggerBuilder.send:76 com.motorola.motocare.internal.frameworkevents.PauseResumeTrigger.handleFrameworkEvent:53 com.motorola.motocare.internal.frameworkevents.FwEventMonitor$FrameworkListener.processFrameworkEvent:114 
I/ActivityManager( 1025): Process com.paypal.android.p2pmobile (pid 18995) has died.
W/ActivityManager( 1025): Scheduling restart of crashed service com.paypal.android.p2pmobile/.services.WalletService in 1000ms
W/ActivityManager( 1025): Scheduling restart of crashed service com.paypal.android.p2pmobile/.services.AtoService in 11000ms
W/chromium(21102): [WARNING:proxy_service.cc(890)] PAC support disabled because there is no system implementation
D/dalvikvm( 1119): GC_CONCURRENT freed 1689K, 26% free 15049K/20224K, paused 5ms+6ms, total 36ms
D/dalvikvm( 1119): WAIT_FOR_CONCURRENT_GC blocked 20ms
I/LaunchCheckinHandler( 1025): Displayed com.android.systemui/.recent.RecentsActivity,wp,wa,84
W/IInputConnectionWrapper(19850): showStatusIcon on inactive InputConnection
I/[6b81f]com.distilledmedia.http.images.BitmapDiskCache(21102):  starting up file cache 
D/dalvikvm( 1119): GC_FOR_ALLOC freed 1500K, 27% free 14882K/20224K, paused 37ms, total 40ms
I/dalvikvm-heap( 1119): Grow heap (frag case) to 16.994MB for 380496-byte allocation
I/[1]FacebookAccount(21102): Restored session valid = false
I/[1]TheScoreApp(21102): Live notifications enabled
I/ActivityManager( 1025): Process com.bambuna.podcastaddict (pid 18801) has died.
W/ActivityManager( 1025): Scheduling restart of crashed service com.bambuna.podcastaddict/.service.PodcastAddictService in 20710ms
D/dalvikvm( 1119): GC_FOR_ALLOC freed 476K, 28% free 14831K/20596K, paused 32ms, total 32ms
I/ActivityManager( 1025): Process android.process.media (pid 18306) has died.
W/ActivityManager( 1025): Scheduling restart of crashed service com.android.providers.media/.MtpService in 30687ms
W/ManagedEGLContext(19850): doTerminate failed: EGL count is 2 but managed count is 1
D/AudioManagerAndroid(21102): ==> onReceive: s=0, m=1, n=h2w, sb=true
D/AudioManagerAndroid(21102): reportUpdate: state=0, devices=[Speakerphone, Headset earpiece]
I/ActivityManager( 1025): Start proc com.devexpert.weather for broadcast com.devexpert.weather/.view.WidgetWeather2x1: pid=21202 uid=10112 gids={50112, 3003, 1028, 1015}
I/SBar.NetworkController( 1119): onSignalStrengthsChanged SignalStrength: 3 0 -120 -160 -120 -1 -1 99 2147483647 2147483647 2147483647 2147483647 2147483647 gsm|lte 0 -108 -1 false 1 1 0 0 0 99 99 99 4 level=1
E/dalvikvm(21030): Could not find class 'org.apache.harmony.xnet.provider.jsse.OpenSSLSocketImpl', referenced from method com.facebook.ssl.openssl.check.CheckOpenSSLImplHasRequiredMethods.<clinit>
W/dalvikvm(21030): VFY: unable to resolve const-class 13808 (Lorg/apache/harmony/xnet/provider/jsse/OpenSSLSocketImpl;) in Lcom/facebook/ssl/openssl/check/CheckOpenSSLImplHasRequiredMethods;
D/dalvikvm(21030): VFY: replacing opcode 0x1c at 0x000d
E/dalvikvm(21030): Could not find class 'org.apache.harmony.xnet.provider.jsse.OpenSSLSocketFactoryImpl', referenced from method com.facebook.ssl.openssl.reflect.SSLParametersGetter.<clinit>
W/dalvikvm(21030): VFY: unable to resolve const-class 13807 (Lorg/apache/harmony/xnet/provider/jsse/OpenSSLSocketFactoryImpl;) in Lcom/facebook/ssl/openssl/reflect/SSLParametersGetter;
D/dalvikvm(21030): VFY: replacing opcode 0x1c at 0x000d
E/dalvikvm(21030): Could not find class 'org.apache.harmony.xnet.provider.jsse.SSLParametersImpl', referenced from method com.facebook.ssl.openssl.reflect.SSLParametersGetter.a
W/dalvikvm(21030): VFY: unable to resolve check-cast 13809 (Lorg/apache/harmony/xnet/provider/jsse/SSLParametersImpl;) in Lcom/facebook/ssl/openssl/reflect/SSLParametersGetter;
D/dalvikvm(21030): VFY: replacing opcode 0x1f at 0x0006
E/dalvikvm(21030): Could not find class 'org.apache.harmony.xnet.provider.jsse.SSLParametersImpl', referenced from method com.facebook.ssl.openssl.reflect.SSLSessionTimeoutSetter.<clinit>
W/dalvikvm(21030): VFY: unable to resolve const-class 13809 (Lorg/apache/harmony/xnet/provider/jsse/SSLParametersImpl;) in Lcom/facebook/ssl/openssl/reflect/SSLSessionTimeoutSetter;
D/dalvikvm(21030): VFY: replacing opcode 0x1c at 0x000d
W/dalvikvm(21030): VFY: unable to find class referenced in signature (Lorg/apache/harmony/xnet/provider/jsse/SSLParametersImpl;)
E/dalvikvm(21030): Could not find class 'org.apache.harmony.xnet.provider.jsse.ClientSessionContext', referenced from method com.facebook.ssl.openssl.reflect.SSLSessionTimeoutSetter.a
W/dalvikvm(21030): VFY: unable to resolve check-cast 13806 (Lorg/apache/harmony/xnet/provider/jsse/ClientSessionContext;) in Lcom/facebook/ssl/openssl/reflect/SSLSessionTimeoutSetter;
D/dalvikvm(21030): VFY: replacing opcode 0x1f at 0x0006
W/dalvikvm(21030): VFY: unable to find class referenced in signature (Lorg/apache/harmony/xnet/provider/jsse/SSLParametersImpl;)
W/dalvikvm(21030): Unable to resolve superclass of Lcom/facebook/ssl/openssl/TicketEnabledOpenSSLSocketImplWrapper; (11243)
W/dalvikvm(21030): Link of class 'Lcom/facebook/ssl/openssl/TicketEnabledOpenSSLSocketImplWrapper;' failed
E/dalvikvm(21030): Could not find class 'com.facebook.ssl.openssl.TicketEnabledOpenSSLSocketImplWrapper', referenced from method com.facebook.ssl.openssl.TicketEnabledOpenSSLSocketFactoryHelper.a
W/dalvikvm(21030): VFY: unable to resolve new-instance 10681 (Lcom/facebook/ssl/openssl/TicketEnabledOpenSSLSocketImplWrapper;) in Lcom/facebook/ssl/openssl/TicketEnabledOpenSSLSocketFactoryHelper;
D/dalvikvm(21030): VFY: replacing opcode 0x22 at 0x0000
W/dalvikvm(21030): Unable to resolve superclass of Lcom/facebook/ssl/openssl/TicketEnabledOpenSSLSocketImplWrapper; (11243)
W/dalvikvm(21030): Link of class 'Lcom/facebook/ssl/openssl/TicketEnabledOpenSSLSocketImplWrapper;' failed
D/dalvikvm(21030): DexOpt: unable to opt direct call 0xc22f at 0x08 in Lcom/facebook/ssl/openssl/TicketEnabledOpenSSLSocketFactoryHelper;.a
D/WifiStateMachine( 1025): handleMessage: E msg.what=131155
D/WifiStateMachine( 1025): processMsg: ConnectedState
D/WifiStateMachine( 1025): processMsg: L2ConnectedState
D/WifiStateMachine( 1025): handleMessage: X
D/dalvikvm(21030): Trying to load lib /data/app-lib/com.facebook.katana-1/libfbjni.so 0x41fba708
D/dalvikvm(21030): Added shared lib /data/app-lib/com.facebook.katana-1/libfbjni.so 0x41fba708
D/dalvikvm(21030): Trying to load lib /data/app-lib/com.facebook.katana-1/libcares.so 0x41fba708
D/WifiStateMachine( 1025): handleMessage: E msg.what=151572
D/WifiStateMachine( 1025): processMsg: ConnectedState
D/WifiStateMachine( 1025): processMsg: L2ConnectedState
D/dalvikvm(21030): Added shared lib /data/app-lib/com.facebook.katana-1/libcares.so 0x41fba708
D/dalvikvm(21030): No JNI_OnLoad found in /data/app-lib/com.facebook.katana-1/libcares.so 0x41fba708, skipping init
D/dalvikvm(21030): Trying to load lib /data/app-lib/com.facebook.katana-1/libdouble-conversion.so 0x41fba708
D/WifiStateMachine( 1025): handleMessage: X
D/dalvikvm(21030): Added shared lib /data/app-lib/com.facebook.katana-1/libdouble-conversion.so 0x41fba708
D/dalvikvm(21030): No JNI_OnLoad found in /data/app-lib/com.facebook.katana-1/libdouble-conversion.so 0x41fba708, skipping init
D/dalvikvm(21030): Trying to load lib /data/app-lib/com.facebook.katana-1/libevent.so 0x41fba708
D/dalvikvm(21030): Added shared lib /data/app-lib/com.facebook.katana-1/libevent.so 0x41fba708
D/dalvikvm(21030): No JNI_OnLoad found in /data/app-lib/com.facebook.katana-1/libevent.so 0x41fba708, skipping init
D/dalvikvm(21030): Trying to load lib /data/app-lib/com.facebook.katana-1/libliger.so 0x41fba708
D/dalvikvm(21030): Added shared lib /data/app-lib/com.facebook.katana-1/libliger.so 0x41fba708
W/ContextImpl( 1295): Calling a method in the system process without a qualified user: android.app.ContextImpl.startService:1608 android.content.ContextWrapper.startService:494 android.content.ContextWrapper.startService:494 com.motorola.motocare.internal.batterystats.BatteryStatsAction.onReceive:33 android.app.ActivityThread.handleReceiver:2434 
W/fb4a(:<default>):AbstractMqttPushService(21030): Attempt to start service that is already started
I/ActivityManager( 1025): Process com.distilledmedia.thescore (pid 21102) has died.
D/dalvikvm( 2458): GC_CONCURRENT freed 1904K, 45% free 9601K/17224K, paused 3ms+2ms, total 24ms
I/ActivityManager( 1025): Killing 19850:co.giftmeapp.gift_me/u0a155 (adj 9): remove task
W/ContextImpl( 1295): Calling a method in the system process without a qualified user: android.app.ContextImpl.sendBroadcast:1252 android.content.ContextWrapper.sendBroadcast:365 com.motorola.motocare.util.TriggerHelper$TriggerBuilder.send:76 com.motorola.motocare.internal.frameworkevents.ProcessKillTrigger.sendTrigger:147 com.motorola.motocare.internal.frameworkevents.ProcessKillTrigger.handleFrameworkEvent:164 
D/dalvikvm(21030): Trying to load lib /data/app-lib/com.facebook.katana-1/libheartbleed.so 0x41fba708
D/dalvikvm(21030): Added shared lib /data/app-lib/com.facebook.katana-1/libheartbleed.so 0x41fba708
I/WindowState( 1025): WIN DEATH: Window{424a2c58 u0 co.giftmeapp.gift_me/co.giftmeapp.gift_me.GiftMe}
I/SFPerfTracer(  274):      triggers: (rate: 1250:49593) (compose: 0:251) (post: 0:20) (render: 84:10545) (0:779158 frames) (1:3296326)
D/SFPerfTracer(  274):        layers: (3:12) (DimLayer: 0:158)* (DimLayer: 0:126)* (FocusedStackFrame: 0:21463)* (StatusBar: 0:263517) (NavigationBar: 0:202209) (DimLayer: 0:24283)* (DimLayer: 0:4666)* (com.android.wallpaper.fall.FallWallpaper: 0:9266)* (co.giftmeapp.gift_me/co.giftmeapp.gift_me.GiftMe: 0:301)* (Keyguard: 0:36)* (com.android.systemui/com.android.systemui.recent.RecentsActivity: 1:31) (thumbnail anim: 0:17)* 
I/ActivityManager( 1025): Start proc com.paypal.android.p2pmobile for service com.paypal.android.p2pmobile/.services.WalletService: pid=21232 uid=10156 gids={50156, 3003, 1028, 1015}
W/ContextImpl( 1295): Calling a method in the system process without a qualified user: android.app.ContextImpl.sendBroadcast:1252 android.content.ContextWrapper.sendBroadcast:365 com.motorola.motocare.util.TriggerHelper$TriggerBuilder.send:76 com.motorola.motocare.internal.frameworkevents.PauseResumeTrigger.handleFrameworkEvent:53 com.motorola.motocare.internal.frameworkevents.FwEventMonitor$FrameworkListener.processFrameworkEvent:114 
W/ContextImpl( 1295): Calling a method in the system process without a qualified user: android.app.ContextImpl.sendBroadcast:1252 android.content.ContextWrapper.sendBroadcast:365 com.motorola.motocare.util.TriggerHelper$TriggerBuilder.send:76 com.motorola.motocare.internal.frameworkevents.PauseResumeTrigger.handleFrameworkEvent:53 com.motorola.motocare.internal.frameworkevents.FwEventMonitor$FrameworkListener.processFrameworkEvent:114 
I/Adreno-EGL(19471): <qeglDrvAPI_eglInitialize:410>: EGL 1.4 QUALCOMM build: AU_LINUX_ANDROID_LNX.LA.3.5.1_RB1.04.04.02.048.018_msm8226_LNX.LA.3.5.1_RB1__release_AU ()
I/Adreno-EGL(19471): OpenGL ES Shader Compiler Version: E031.24.00.08
I/Adreno-EGL(19471): Build Date: 03/07/14 Fri
I/Adreno-EGL(19471): Local Branch: 
I/Adreno-EGL(19471): Remote Branch: quic/LNX.LA.3.5.1_RB1.1
I/Adreno-EGL(19471): Local Patches: NONE
I/Adreno-EGL(19471): Reconstruct Branch: AU_LINUX_ANDROID_LNX.LA.3.5.1_RB1.04.04.02.048.018 + f2fd134 +  NOTHING
E/cutils  (  261): Failed to mkdirat(/storage/sdcard1/Android): Read-only file system
W/Vold    (  261): Returning OperationFailed - no handler for errno 30
W/ContextImpl(19471): Failed to ensure directory: /storage/sdcard1/Android/data/com.ghisler.android.TotalCommander/files
D/WifiStateMachine( 1025): handleMessage: E msg.what=151572
D/WifiStateMachine( 1025): processMsg: ConnectedState
D/WifiStateMachine( 1025): processMsg: L2ConnectedState
D/WifiStateMachine( 1025): handleMessage: X
I/Crashlytics(21232): Initializing Crashlytics 1.1.13.29
W/Settings(21232): Setting airplane_mode_on has moved from android.provider.Settings.System to android.provider.Settings.Global, returning read-only value.
I/SFPerfTracer(  274):      triggers: (rate: 1116:446494) (339450 sw vsyncs) (1044990 skipped) (32:3314954 vsyncs) (34:4154252)
W/PackageParser(19471): No actions in intent filter at /storage/emulated/0/Download/GiftMe-release.apk Binary XML file line #15
W/dalvikvm(21232): VFY: unable to find class referenced in signature (Ljava/nio/file/Path;)
W/dalvikvm(21232): VFY: unable to find class referenced in signature ([Ljava/nio/file/OpenOption;)
I/dalvikvm(21232): Could not find method java.nio.file.Files.newOutputStream, referenced from method okio.Okio.sink
W/dalvikvm(21232): VFY: unable to resolve static method 47781: Ljava/nio/file/Files;.newOutputStream (Ljava/nio/file/Path;[Ljava/nio/file/OpenOption;)Ljava/io/OutputStream;
D/dalvikvm(21232): VFY: replacing opcode 0x71 at 0x000a
W/dalvikvm(21232): VFY: unable to find class referenced in signature (Ljava/nio/file/Path;)
W/dalvikvm(21232): VFY: unable to find class referenced in signature ([Ljava/nio/file/OpenOption;)
I/dalvikvm(21232): Could not find method java.nio.file.Files.newInputStream, referenced from method okio.Okio.source
W/dalvikvm(21232): VFY: unable to resolve static method 47780: Ljava/nio/file/Files;.newInputStream (Ljava/nio/file/Path;[Ljava/nio/file/OpenOption;)Ljava/io/InputStream;
D/dalvikvm(21232): VFY: replacing opcode 0x71 at 0x000a
I/ActivityManager( 1025): Process com.devexpert.weather (pid 21202) has died.
D/WifiStateMachine( 1025): handleMessage: E msg.what=151572
D/WifiStateMachine( 1025): processMsg: ConnectedState
D/WifiStateMachine( 1025): processMsg: L2ConnectedState
D/WifiStateMachine( 1025): handleMessage: X
D/Volley  (21232): [440342] DiskBasedCache.put: Could not clean up file /dev/null/2104200534-2080476595
D/WifiStateMachine( 1025): handleMessage: E msg.what=131155
D/WifiStateMachine( 1025): processMsg: ConnectedState
D/WifiStateMachine( 1025): processMsg: L2ConnectedState
D/WifiStateMachine( 1025): handleMessage: X
D/WifiStateMachine( 1025): handleMessage: E msg.what=151572
D/WifiStateMachine( 1025): processMsg: ConnectedState
D/WifiStateMachine( 1025): processMsg: L2ConnectedState
D/WifiStateMachine( 1025): handleMessage: X
I/SBar.NetworkController( 1119): refreshSignalCluster: mobile: Signal=zz_moto_stat_sys_signal_2_fully_wide Roaming=(none) mSimIconId=(none) Accessibility="Phone two bars.","Not roaming.",""
D/Util    (21232): Just stored value eyJhbGciOiJIUzI1NiIsInR5cCI6IkpXVCJ9.eyJhdXRoX3RpbWUiOjE0Mjk4MTk0MjYsImV4cCI6MTQyOTgyMDMyNiwic3ViIjoiaHR0cHM6Ly93d3cucGF5cGFsLmNvbS93ZWJhcHBzL2F1dGgvaWRlbnRpdHkvdXNlci9Gd1VHb0M5Um5waWFnTHltYTktWVV5cmo4Tkw3T3RyVEh1QlJtYWgtbzFNIiwibm9uY2UiOiIyMDE1LTA0LTIzVDIwOjAzOjQ2Wkt6dWNDRXpuRzhNUmZwMkRMRGJJdVEiLCJhdWQiOiJBVjhoZEJCTTgweGxnS3NELU9hT1F4ZWVIWEpsWmxhQ3ZYV2dWcHZVcVpNVGRUWHk5cG1mRVh0RTFsQ3EiLCJpc3MiOiJodHRwczovL2FwaS5wYXlwYWwuY29tIn0.X-5mszLL1PapcRoqiSBmflqh0aW
W/PackageParser(19471): No actions in intent filter at /storage/emulated/0/Download/GiftMe-release.apk Binary XML file line #15
D/WifiStateMachine( 1025): handleMessage: E msg.what=151572
D/WifiStateMachine( 1025): processMsg: ConnectedState
D/WifiStateMachine( 1025): processMsg: L2ConnectedState
D/WifiStateMachine( 1025): handleMessage: X
I/SFPerfTracer(  274):      triggers: (rate: 1250:49593) (compose: 0:251) (post: 0:20) (render: 84:10545) (13:779191 frames) (14:3296430)
D/SFPerfTracer(  274):        layers: (5:12) (DimLayer: 0:158)* (DimLayer: 0:126)* (FocusedStackFrame: 0:21464)* (StatusBar: 0:263520) (NavigationBar: 0:202209) (DimLayer: 14:24297) (DimLayer: 0:4666)* (com.android.wallpaper.fall.FallWallpaper: 0:9266)* (com.android.systemui/com.android.systemui.recent.RecentsActivity: 0:48)* (com.ghisler.android.TotalCommander/com.ghisler.android.TotalCommander.TotalCommander: 0:67) (thumbnail anim: 0:17)* (GiftMe-release.apk: 13:18) 
W/BroadcastQueue( 1025): Permission Denial: broadcasting Intent { act=android.net.conn.INET_CONDITION_ACTION flg=0x4000010 (has extras) } from null (pid=-1, uid=-1) requires com.facebook.permission.prod.FB_APP_COMMUNICATION due to registered receiver BroadcastFilter{42b2cf70 u0 ReceiverList{42afff88 21030 com.facebook.katana/10110/u0 remote:41fe4c70}}
W/BroadcastQueue( 1025): Permission Denial: broadcasting Intent { act=android.net.conn.CONNECTIVITY_CHANGE flg=0x4000010 (has extras) } from null (pid=-1, uid=-1) requires com.facebook.permission.prod.FB_APP_COMMUNICATION due to registered receiver BroadcastFilter{42b2cf70 u0 ReceiverList{42afff88 21030 com.facebook.katana/10110/u0 remote:41fe4c70}}
I/ActivityManager( 1025): START u0 {act=android.intent.action.VIEW dat=file:///storage/emulated/0/Download/GiftMe-release.apk typ=application/vnd.android.package-archive flg=0x10000000 cmp=com.android.packageinstaller/.PackageInstallerActivity} from pid 19471
W/ActivityManager( 1025): Activity is launching as a new task, so cancelling activity result.
W/ContextImpl( 1295): Calling a method in the system process without a qualified user: android.app.ContextImpl.sendBroadcast:1252 android.content.ContextWrapper.sendBroadcast:365 com.motorola.motocare.util.TriggerHelper$TriggerBuilder.send:76 com.motorola.motocare.internal.frameworkevents.PauseResumeTrigger.handleFrameworkEvent:53 com.motorola.motocare.internal.frameworkevents.FwEventMonitor$FrameworkListener.processFrameworkEvent:114 
W/dalvikvm(21030): Unable to resolve superclass of Lcom/facebook/push/adm/ADMBroadcastReceiver; (505)
W/dalvikvm(21030): Link of class 'Lcom/facebook/push/adm/ADMBroadcastReceiver;' failed
E/dalvikvm(21030): Could not find class 'com.facebook.push.adm.ADMBroadcastReceiver', referenced from method com.facebook.push.adm.ADMPushManager.b
W/dalvikvm(21030): VFY: unable to resolve const-class 8355 (Lcom/facebook/push/adm/ADMBroadcastReceiver;) in Lcom/facebook/push/adm/ADMPushManager;
D/dalvikvm(21030): VFY: replacing opcode 0x1c at 0x000e
I/ActivityManager( 1025): Start proc com.android.packageinstaller for activity com.android.packageinstaller/.PackageInstallerActivity: pid=21334 uid=10085 gids={50085, 1028}
W/ContextImpl( 1295): Calling a method in the system process without a qualified user: android.app.ContextImpl.sendBroadcast:1252 android.content.ContextWrapper.sendBroadcast:365 com.motorola.motocare.util.TriggerHelper$TriggerBuilder.send:76 com.motorola.motocare.internal.frameworkevents.PauseResumeTrigger.handleFrameworkEvent:53 com.motorola.motocare.internal.frameworkevents.FwEventMonitor$FrameworkListener.processFrameworkEvent:114 
D/dalvikvm(21030): GC_CONCURRENT freed 4116K, 25% free 13028K/17224K, paused 8ms+7ms, total 66ms
W/fb4a(:<default>):AbstractMqttPushService(21030): Attempt to start service that is already started
W/fb4a(:<default>):AbstractMqttPushService(21030): Attempt to start service that is already started
W/PackageParser(21334): No actions in intent filter at /storage/emulated/0/Download/GiftMe-release.apk Binary XML file line #15
D/Ulp_jni ( 1025): Location CB invoked
E/cutils  (  261): Failed to mkdirat(/storage/sdcard1/Android): Read-only file system
W/Vold    (  261): Returning OperationFailed - no handler for errno 30
W/ContextImpl(19471): Failed to ensure directory: /storage/sdcard1/Android/data/com.ghisler.android.TotalCommander/files
W/BroadcastQueue( 1025): Permission Denial: broadcasting Intent { act=android.net.conn.CONNECTIVITY_CHANGE flg=0x4000010 (has extras) } from null (pid=-1, uid=-1) requires com.facebook.permission.prod.FB_APP_COMMUNICATION due to registered receiver BroadcastFilter{427dab38 u0 ReceiverList{429a2138 21030 com.facebook.katana/10110/u0 remote:427b66a0}}
D/GcOptimizer(21030): Configure for next cold start: enable
D/WifiStateMachine( 1025): handleMessage: E msg.what=151572
D/WifiStateMachine( 1025): processMsg: ConnectedState
D/WifiStateMachine( 1025): processMsg: L2ConnectedState
D/WifiStateMachine( 1025): handleMessage: X
I/Adreno-EGL(21334): <qeglDrvAPI_eglInitialize:410>: EGL 1.4 QUALCOMM build: AU_LINUX_ANDROID_LNX.LA.3.5.1_RB1.04.04.02.048.018_msm8226_LNX.LA.3.5.1_RB1__release_AU ()
I/Adreno-EGL(21334): OpenGL ES Shader Compiler Version: E031.24.00.08
I/Adreno-EGL(21334): Build Date: 03/07/14 Fri
I/Adreno-EGL(21334): Local Branch: 
I/Adreno-EGL(21334): Remote Branch: quic/LNX.LA.3.5.1_RB1.1
I/Adreno-EGL(21334): Local Patches: NONE
I/Adreno-EGL(21334): Reconstruct Branch: AU_LINUX_ANDROID_LNX.LA.3.5.1_RB1.04.04.02.048.018 + f2fd134 +  NOTHING
D/OpenGLRenderer(21334): Enabling debug mode 0
V/RenderScript(21334): 0x60575218 Launching thread(s), CPUs 4
I/LaunchCheckinHandler( 1025): Displayed com.android.packageinstaller/.PackageInstallerActivity,cp,ca,799
I/ActivityManager( 1025): Displayed com.android.packageinstaller/.PackageInstallerActivity: +799ms
I/ActivityManager( 1025): Start proc com.facebook.orca for content provider com.facebook.orca/.notify.MessengerLoggedInUserProvider: pid=21380 uid=10147 gids={50147, 3003, 1028, 1015}
D/WifiStateMachine( 1025): handleMessage: E msg.what=131155
D/WifiStateMachine( 1025): processMsg: ConnectedState
D/WifiStateMachine( 1025): processMsg: L2ConnectedState
D/WifiStateMachine( 1025): handleMessage: X
D/WifiStateMachine( 1025): handleMessage: E msg.what=151572
D/WifiStateMachine( 1025): processMsg: ConnectedState
D/WifiStateMachine( 1025): processMsg: L2ConnectedState
I/SFPerfTracer(  274):      triggers: (rate: 1116:446494) (339450 sw vsyncs) (1044990 skipped) (69:3315073 vsyncs) (71:4154385)
D/WifiStateMachine( 1025): handleMessage: X
D/ACRA    (21380): ACRA is enabled for com.facebook.orca, intializing...
D/ACRA    (21380): Looking for error files in /data/user/0/com.facebook.orca/app_acra-reports
D/ACRA    (21380): Looking for error files in /data/user/0/com.facebook.orca/app_minidumps
D/dalvikvm(21380): Trying to load lib /data/app-lib/com.facebook.orca-2/libgnustl_shared.so 0x41fae568
D/dalvikvm(21380): Added shared lib /data/app-lib/com.facebook.orca-2/libgnustl_shared.so 0x41fae568
D/dalvikvm(21380): No JNI_OnLoad found in /data/app-lib/com.facebook.orca-2/libgnustl_shared.so 0x41fae568, skipping init
D/dalvikvm(21380): Trying to load lib /data/app-lib/com.facebook.orca-2/libfb_breakpad_client.so 0x41fae568
D/dalvikvm(21380): Added shared lib /data/app-lib/com.facebook.orca-2/libfb_breakpad_client.so 0x41fae568
D/dalvikvm(21380): Trying to load lib /data/app-lib/com.facebook.orca-2/libfb_dalvik-internals.so 0x41fae568
D/dalvikvm(21380): Added shared lib /data/app-lib/com.facebook.orca-2/libfb_dalvik-internals.so 0x41fae568
V/DexLibLoader(21380): about to lock: /data/user/0/com.facebook.orca/mdex_lock
V/DexLibLoader(21380): locking /data/user/0/com.facebook.orca/mdex_lock took 1 ms
V/DexLibLoader(21380): Secondary program dex metadata: secondary-1.dex.jar 790183d1fb728678b0d8546ed8e9eaef90404089 secondary.dex01.Canary
V/DexLibLoader(21380): Secondary program dex metadata: secondary-2.dex.jar 03b795797c6ded9e8b3df575980b7d37d9ca8dad secondary.dex02.Canary
V/DexLibLoader(21380): Secondary program dex metadata: secondary-3.dex.jar 5ccf73e2daa6156653af1c6485ad6053f38846b9 secondary.dex03.Canary
V/DexLibLoader(21380): directory "/data/user/0/com.facebook.orca/app_secondary_program_dex" contains "program-790183d1fb728678b0d8546ed8e9eaef904040896661a1c7.dex.jar" as expected
V/DexLibLoader(21380): directory "/data/user/0/com.facebook.orca/app_secondary_program_dex" contains "program-03b795797c6ded9e8b3df575980b7d37d9ca8dad6661a1c7.dex.jar" as expected
V/DexLibLoader(21380): directory "/data/user/0/com.facebook.orca/app_secondary_program_dex" contains "program-5ccf73e2daa6156653af1c6485ad6053f38846b96661a1c7.dex.jar" as expected
D/DexLibLoader(21380): ignoring file "program-790183d1fb728678b0d8546ed8e9eaef904040896661a1c7.dex.odex" in "/data/user/0/com.facebook.orca/app_secondary_program_dex"
D/DexLibLoader(21380): ignoring file "program-03b795797c6ded9e8b3df575980b7d37d9ca8dad6661a1c7.dex.odex" in "/data/user/0/com.facebook.orca/app_secondary_program_dex"
D/DexLibLoader(21380): ignoring file "program-5ccf73e2daa6156653af1c6485ad6053f38846b96661a1c7.dex.odex" in "/data/user/0/com.facebook.orca/app_secondary_program_dex"
D/DexLibLoader(21380): directory "/data/user/0/com.facebook.orca/app_secondary_program_dex" is valid
D/DexLibLoader(21380): ignoring file "primary_deps" in "/data/user/0/com.facebook.orca/app_secondary_program_dex_opt"
V/DexLibLoader(21380): directory "/data/user/0/com.facebook.orca/app_secondary_program_dex_opt" contains "program-790183d1fb728678b0d8546ed8e9eaef904040896661a1c7.dex.dex" as expected
V/DexLibLoader(21380): directory "/data/user/0/com.facebook.orca/app_secondary_program_dex_opt" contains "program-03b795797c6ded9e8b3df575980b7d37d9ca8dad6661a1c7.dex.dex" as expected
V/DexLibLoader(21380): directory "/data/user/0/com.facebook.orca/app_secondary_program_dex_opt" contains "program-5ccf73e2daa6156653af1c6485ad6053f38846b96661a1c7.dex.dex" as expected
D/DexLibLoader(21380): directory "/data/user/0/com.facebook.orca/app_secondary_program_dex_opt" is valid
D/DexLibLoader(21380): loading pre-built cross-dex opt odex files
V/dalvik-internals(21380): hooked dvmResolveClass using jump ()
V/dalvik-internals(21380): hooked dvmFlushBreakpoints using jump ()
V/MultiDexClassLoader(21380): installing MultiDexClassLoader before application classloader
I/dalvikvm(21380): Could not find method dalvik.system.DexFile.loadClassBinaryName, referenced from method com.facebook.common.l.g.a
W/dalvikvm(21380): VFY: unable to resolve virtual method 1453: Ldalvik/system/DexFile;.loadClassBinaryName (Ljava/lang/String;Ljava/lang/ClassLoader;)Ljava/lang/Class;
D/dalvikvm(21380): VFY: replacing opcode 0x6e at 0x0000
D/DexLibLoader(21380): released odex store lock
D/DexLibLoader(21380): DexLibLoader.loadAll took 154 ms
I/ActivityManager( 1025): START u0 {dat=file:///storage/emulated/0/Download/GiftMe-release.apk cmp=com.android.packageinstaller/.InstallAppProgress (has extras)} from pid 21334
W/ContextImpl( 1295): Calling a method in the system process without a qualified user: android.app.ContextImpl.sendBroadcast:1252 android.content.ContextWrapper.sendBroadcast:365 com.motorola.motocare.util.TriggerHelper$TriggerBuilder.send:76 com.motorola.motocare.internal.frameworkevents.PauseResumeTrigger.handleFrameworkEvent:53 com.motorola.motocare.internal.frameworkevents.FwEventMonitor$FrameworkListener.processFrameworkEvent:114 
W/ContextImpl( 1295): Calling a method in the system process without a qualified user: android.app.ContextImpl.sendBroadcast:1252 android.content.ContextWrapper.sendBroadcast:365 com.motorola.motocare.util.TriggerHelper$TriggerBuilder.send:76 com.motorola.motocare.internal.frameworkevents.PauseResumeTrigger.handleFrameworkEvent:53 com.motorola.motocare.internal.frameworkevents.FwEventMonitor$FrameworkListener.processFrameworkEvent:114 
W/InstallAppProgress(21334): Replacing package:co.giftmeapp.gift_me
I/ActivityManager( 1025): Start proc com.android.defcontainer for service com.android.defcontainer/.DefaultContainerService: pid=21408 uid=10013 gids={50013, 1028, 1015, 1023, 2001, 1035}
I/LaunchCheckinHandler( 1025): Displayed com.android.packageinstaller/.InstallAppProgress,wp,ca,155
I/ActivityManager( 1025): Displayed com.android.packageinstaller/.InstallAppProgress: +155ms
W/bp      (21380): Verify
W/ActivityManager( 1025): No content provider found for permission revoke: file:///storage/emulated/0/Download/GiftMe-release.apk
I/ActivityManager( 1025): Start proc com.android.vending for broadcast com.android.vending/com.google.android.vending.verifier.PackageVerificationReceiver: pid=21423 uid=10039 gids={50039, 3003, 1028, 1015}
D/Finsky  (21423): [1] FinskyApp.onCreate: Initializing network with DFE https://android.clients.google.com/fdfe/
D/dalvikvm(21030): GC_CONCURRENT freed 7081K, 34% free 14060K/21176K, paused 6ms+13ms, total 90ms
I/SFPerfTracer(  274):      triggers: (rate: 1250:49594) (compose: 0:251) (post: 0:20) (render: 84:10545) (15:779259 frames) (16:3296532)
D/SFPerfTracer(  274):        layers: (5:13) (DimLayer: 0:158)* (DimLayer: 0:126)* (FocusedStackFrame: 0:21474)* (StatusBar: 0:263522) (NavigationBar: 0:202209) (DimLayer: 0:24310)* (DimLayer: 0:4669) (com.android.wallpaper.fall.FallWallpaper: 0:9266)* (com.ghisler.android.TotalCommander/com.ghisler.android.TotalCommander.TotalCommander: 0:87)* (GiftMe-release.apk: 0:38)* (Starting com.android.packageinstaller: 0:39)* (com.android.packageinstaller/com.android.packageinstaller.PackageInstallerActivity: 16:44) (com.android.packageinstaller/com.android.packageinstaller.InstallAppProgress: 16:21) 
D/WifiStateMachine( 1025): handleMessage: E msg.what=151572
D/WifiStateMachine( 1025): processMsg: ConnectedState
D/WifiStateMachine( 1025): processMsg: L2ConnectedState
D/WifiStateMachine( 1025): handleMessage: X
D/Finsky  (21423): [1] DailyHygiene.goMakeHygieneIfDirty: No need to run daily hygiene.
W/Settings(21423): Setting download_manager_max_bytes_over_mobile has moved from android.provider.Settings.Secure to android.provider.Settings.Global.
W/Settings(21423): Setting download_manager_recommended_max_bytes_over_mobile has moved from android.provider.Settings.Secure to android.provider.Settings.Global.
I/dalvikvm(21423): Could not find method com.google.android.play.layout.PlayCardViewBase.setTransitionName, referenced from method com.google.android.finsky.utils.PlayCardUtils.bindCard
W/dalvikvm(21423): VFY: unable to resolve virtual method 42705: Lcom/google/android/play/layout/PlayCardViewBase;.setTransitionName (Ljava/lang/String;)V
D/dalvikvm(21423): VFY: replacing opcode 0x6e at 0x00d9
I/dalvikvm(21423): Could not find method com.google.android.play.layout.PlayCardViewBase.setTransitionGroup, referenced from method com.google.android.finsky.utils.PlayCardUtils.bindCard
W/dalvikvm(21423): VFY: unable to resolve virtual method 42704: Lcom/google/android/play/layout/PlayCardViewBase;.setTransitionGroup (Z)V
D/dalvikvm(21423): VFY: replacing opcode 0x6e at 0x0246
E/dalvikvm(21380): Could not find class 'org.apache.harmony.xnet.provider.jsse.OpenSSLSocketImpl', referenced from method com.facebook.ssl.openssl.a.b.<clinit>
W/dalvikvm(21380): VFY: unable to resolve const-class 10658 (Lorg/apache/harmony/xnet/provider/jsse/OpenSSLSocketImpl;) in Lcom/facebook/ssl/openssl/a/b;
D/dalvikvm(21380): VFY: replacing opcode 0x1c at 0x000d
E/dalvikvm(21380): Could not find class 'org.apache.harmony.xnet.provider.jsse.OpenSSLSocketFactoryImpl', referenced from method com.facebook.ssl.openssl.b.b.<clinit>
W/dalvikvm(21380): VFY: unable to resolve const-class 10657 (Lorg/apache/harmony/xnet/provider/jsse/OpenSSLSocketFactoryImpl;) in Lcom/facebook/ssl/openssl/b/b;
D/dalvikvm(21380): VFY: replacing opcode 0x1c at 0x000d
E/dalvikvm(21380): Could not find class 'org.apache.harmony.xnet.provider.jsse.SSLParametersImpl', referenced from method com.facebook.ssl.openssl.b.b.a
W/dalvikvm(21380): VFY: unable to resolve check-cast 10660 (Lorg/apache/harmony/xnet/provider/jsse/SSLParametersImpl;) in Lcom/facebook/ssl/openssl/b/b;
D/dalvikvm(21380): VFY: replacing opcode 0x1f at 0x0006
E/dalvikvm(21380): Could not find class 'org.apache.harmony.xnet.provider.jsse.SSLParametersImpl', referenced from method com.facebook.ssl.openssl.b.c.<clinit>
W/dalvikvm(21380): VFY: unable to resolve const-class 10660 (Lorg/apache/harmony/xnet/provider/jsse/SSLParametersImpl;) in Lcom/facebook/ssl/openssl/b/c;
D/dalvikvm(21380): VFY: replacing opcode 0x1c at 0x000d
W/dalvikvm(21380): VFY: unable to find class referenced in signature (Lorg/apache/harmony/xnet/provider/jsse/SSLParametersImpl;)
E/dalvikvm(21380): Could not find class 'org.apache.harmony.xnet.provider.jsse.ClientSessionContext', referenced from method com.facebook.ssl.openssl.b.c.a
W/dalvikvm(21380): VFY: unable to resolve check-cast 10656 (Lorg/apache/harmony/xnet/provider/jsse/ClientSessionContext;) in Lcom/facebook/ssl/openssl/b/c;
D/dalvikvm(21380): VFY: replacing opcode 0x1f at 0x0006
W/dalvikvm(21380): VFY: unable to find class referenced in signature (Lorg/apache/harmony/xnet/provider/jsse/SSLParametersImpl;)
W/dalvikvm(21380): Unable to resolve superclass of Lcom/facebook/ssl/openssl/TicketEnabledOpenSSLSocketImplWrapper; (10659)
W/dalvikvm(21380): Link of class 'Lcom/facebook/ssl/openssl/TicketEnabledOpenSSLSocketImplWrapper;' failed
E/dalvikvm(21380): Could not find class 'com.facebook.ssl.openssl.TicketEnabledOpenSSLSocketImplWrapper', referenced from method com.facebook.ssl.openssl.b.a
W/dalvikvm(21380): VFY: unable to resolve new-instance 7258 (Lcom/facebook/ssl/openssl/TicketEnabledOpenSSLSocketImplWrapper;) in Lcom/facebook/ssl/openssl/b;
D/dalvikvm(21380): VFY: replacing opcode 0x22 at 0x0000
W/dalvikvm(21380): Unable to resolve superclass of Lcom/facebook/ssl/openssl/TicketEnabledOpenSSLSocketImplWrapper; (10659)
W/dalvikvm(21380): Link of class 'Lcom/facebook/ssl/openssl/TicketEnabledOpenSSLSocketImplWrapper;' failed
D/dalvikvm(21380): DexOpt: unable to opt direct call 0x9f40 at 0x08 in Lcom/facebook/ssl/openssl/b;.a
I/dalvikvm(21423): Could not find method android.view.View.getTransitionName, referenced from method com.google.android.finsky.navigationmanager.NavigationManager.showPage
W/dalvikvm(21423): VFY: unable to resolve virtual method 9352: Landroid/view/View;.getTransitionName ()Ljava/lang/String;
D/dalvikvm(21423): VFY: replacing opcode 0x6e at 0x001a
D/Finsky  (21423): [1] PackageVerificationReceiver.onReceive: Verification requested, id = 213
D/Finsky  (21423): [1] 2.run: Loaded library for account: [gKXbJhL8NA2nPUzZyFpjB6tKi7U]
D/Finsky  (21423): [1] 2.run: Finished loading 1 libraries.
D/Finsky  (21423): [1] WorkerTask.onPreExecute: Verification Requested for id = 213, data=file:///storage/emulated/0/Download/GiftMe-release.apk flags=18 fromVerificationActivity=false
I/ActivityManager( 1025): Process com.paypal.android.p2pmobile (pid 21232) has died.
W/ActivityManager( 1025): Scheduling restart of crashed service com.paypal.android.p2pmobile/.services.WalletService in 33243ms
W/ActivityManager( 1025): Scheduling restart of crashed service com.paypal.android.p2pmobile/.services.AtoService in 44000ms
W/msgr(:<default>):a(21380): Attempt to start service that is already started
W/PackageParser(21423): No actions in intent filter at /storage/emulated/0/Download/GiftMe-release.apk Binary XML file line #15
D/dalvikvm(21380): Trying to load lib /data/app-lib/com.facebook.orca-2/libfbjni.so 0x41fae568
D/dalvikvm(21380): Added shared lib /data/app-lib/com.facebook.orca-2/libfbjni.so 0x41fae568
D/dalvikvm(21380): Trying to load lib /data/app-lib/com.facebook.orca-2/libheartbleed.so 0x41fae568
D/dalvikvm(21380): Added shared lib /data/app-lib/com.facebook.orca-2/libheartbleed.so 0x41fae568
I/ActivityManager( 1025): Start proc android.process.media for content provider com.android.providers.downloads/.DownloadProvider: pid=21489 uid=10018 gids={50018, 1028, 1015, 1023, 1024, 2001, 3003, 3007}
I/ActivityManager( 1025): Process com.android.vending (pid 21423) has died.
W/ActivityManager( 1025): Scheduling restart of crashed service com.android.vending/com.google.android.vending.verifier.PackageVerificationService in 1000ms
I/ActivityManager( 1025): Process com.facebook.orca (pid 21380) has died.
W/ActivityManager( 1025): Scheduling restart of crashed service com.facebook.orca/com.facebook.push.mqtt.service.MqttPushService in 1048576000ms
D/MtpService(21489): updating state; isCurrentUser=true, mMtpLocked=false
D/MtpService(21489): mUsbDriverRestricted=false
D/MtpService(21489): addStorageLocked 65537 /storage/emulated/0
D/MtpService(21489): updating state; isCurrentUser=true, mMtpLocked=false
D/MtpService(21489): starting MTP server in MTP mode
D/MtpService(21489): addStorageLocked 65537 /storage/emulated/0
D/dalvikvm(21489): No JNI_OnLoad found in /system/lib/libcryptomodes-jni.so 0x41fae7d8, skipping init
I/openssl (21489): Crypto mode not selected, openssl will run on its regular mode.
I/openssl (21489): Crypto mode 0 already enabled
I/SBar.NetworkController( 1119): refreshSignalCluster: mobile: Signal=zz_moto_stat_sys_signal_1_fully_wide Roaming=(none) mSimIconId=(none) Accessibility="Phone one bar.","Not roaming.",""
D/dalvikvm( 1025): GC_EXPLICIT freed 3255K, 41% free 30221K/50444K, paused 5ms+19ms, total 171ms
D/WifiStateMachine( 1025): handleMessage: E msg.what=151572
D/WifiStateMachine( 1025): processMsg: ConnectedState
D/WifiStateMachine( 1025): processMsg: L2ConnectedState
D/WifiStateMachine( 1025): handleMessage: X
I/SFPerfTracer(  274):      triggers: (rate: 1116:446494) (339450 sw vsyncs) (1044990 skipped) (0:3315136 vsyncs) (2:4154487)
I/ActivityManager( 1025): Start proc com.android.vending for service com.android.vending/com.google.android.vending.verifier.PackageVerificationService: pid=21516 uid=10039 gids={50039, 3003, 1028, 1015}
D/Finsky  (21516): [1] FinskyApp.onCreate: Initializing network with DFE https://android.clients.google.com/fdfe/
D/Finsky  (21516): [1] DailyHygiene.goMakeHygieneIfDirty: No need to run daily hygiene.
W/Settings(21516): Setting download_manager_max_bytes_over_mobile has moved from android.provider.Settings.Secure to android.provider.Settings.Global.
W/Settings(21516): Setting download_manager_recommended_max_bytes_over_mobile has moved from android.provider.Settings.Secure to android.provider.Settings.Global.
I/dalvikvm(21516): Could not find method com.google.android.play.layout.PlayCardViewBase.setTransitionName, referenced from method com.google.android.finsky.utils.PlayCardUtils.bindCard
W/dalvikvm(21516): VFY: unable to resolve virtual method 42705: Lcom/google/android/play/layout/PlayCardViewBase;.setTransitionName (Ljava/lang/String;)V
D/dalvikvm(21516): VFY: replacing opcode 0x6e at 0x00d9
I/dalvikvm(21516): Could not find method com.google.android.play.layout.PlayCardViewBase.setTransitionGroup, referenced from method com.google.android.finsky.utils.PlayCardUtils.bindCard
W/dalvikvm(21516): VFY: unable to resolve virtual method 42704: Lcom/google/android/play/layout/PlayCardViewBase;.setTransitionGroup (Z)V
D/dalvikvm(21516): VFY: replacing opcode 0x6e at 0x0246
I/dalvikvm(21516): Could not find method android.view.View.getTransitionName, referenced from method com.google.android.finsky.navigationmanager.NavigationManager.showPage
W/dalvikvm(21516): VFY: unable to resolve virtual method 9352: Landroid/view/View;.getTransitionName ()Ljava/lang/String;
D/dalvikvm(21516): VFY: replacing opcode 0x6e at 0x001a
D/Finsky  (21516): [1] WorkerTask.onPreExecute: Verification Requested for id = 213, data=file:///storage/emulated/0/Download/GiftMe-release.apk flags=18 fromVerificationActivity=false
D/Finsky  (21516): [1] 2.run: Loaded library for account: [gKXbJhL8NA2nPUzZyFpjB6tKi7U]
D/Finsky  (21516): [1] 2.run: Finished loading 1 libraries.
W/PackageParser(21516): No actions in intent filter at /storage/emulated/0/Download/GiftMe-release.apk Binary XML file line #15
D/Finsky  (21516): [1] GmsCoreHelper.cleanupNlp: result=false type=4
D/Finsky  (21516): [1] RestoreTracker.stopServiceIfDone: Restore complete with 0 success and 0 failed.
D/WifiStateMachine( 1025): handleMessage: E msg.what=131155
D/WifiStateMachine( 1025): processMsg: ConnectedState
D/WifiStateMachine( 1025): processMsg: L2ConnectedState
D/WifiStateMachine( 1025): handleMessage: X
D/WifiStateMachine( 1025): handleMessage: E msg.what=151572
D/WifiStateMachine( 1025): processMsg: ConnectedState
D/WifiStateMachine( 1025): processMsg: L2ConnectedState
D/WifiStateMachine( 1025): handleMessage: X
D/WifiStateMachine( 1025): handleMessage: E msg.what=151572
D/WifiStateMachine( 1025): processMsg: ConnectedState
D/WifiStateMachine( 1025): processMsg: L2ConnectedState
D/WifiStateMachine( 1025): handleMessage: X
I/qtaguid (21516): Failed write_ctrl(u 64) res=-1 errno=22
I/qtaguid (21516): Untagging socket 64 failed errno=-22
W/NetworkManagementSocketTagger(21516): untagSocket(64) failed with errno -22
D/Finsky  (21516): [1] 2.onResponse: Verification id=213 response=0
D/Finsky  (21516): [1] PackageVerificationReceiver.onReceive: Verification requested, id = 213
W/ActivityManager( 1025): No content provider found for permission revoke: file:///storage/emulated/0/Download/GiftMe-release.apk
I/PackageManager( 1025): Copying native libraries to /data/app-lib/vmdl923918735
I/ActivityManager( 1025): Process com.android.vending (pid 21516) has died.
I/SFPerfTracer(  274):      triggers: (rate: 1116:446494) (339450 sw vsyncs) (1044990 skipped) (0:3315154 vsyncs) (2:4154589)
W/PackageParser( 1025): No actions in intent filter at /data/app/vmdl923918735.tmp Binary XML file line #15
D/WifiStateMachine( 1025): handleMessage: E msg.what=151572
D/WifiStateMachine( 1025): processMsg: ConnectedState
D/WifiStateMachine( 1025): processMsg: L2ConnectedState
D/WifiStateMachine( 1025): handleMessage: X
I/SFPerfTracer(  274):      triggers: (rate: 1250:49594) (compose: 0:251) (post: 0:20) (render: 84:10545) (0:779261 frames) (1:3296632)
D/SFPerfTracer(  274):        layers: (3:10) (DimLayer: 0:158)* (DimLayer: 0:126)* (FocusedStackFrame: 0:21476)* (StatusBar: 0:263527) (NavigationBar: 0:202209) (DimLayer: 0:24310)* (DimLayer: 0:4670)* (com.android.wallpaper.fall.FallWallpaper: 0:9266)* (com.android.packageinstaller/com.android.packageinstaller.PackageInstallerActivity: 0:47)* (com.android.packageinstaller/com.android.packageinstaller.InstallAppProgress: 1:121) 
I/ActivityManager( 1025): Force stopping co.giftmeapp.gift_me appid=10155 user=-1: uninstall pkg
I/PackageManager( 1025): Package co.giftmeapp.gift_me codePath changed from /data/app/co.giftmeapp.gift_me-2.apk to /data/app/co.giftmeapp.gift_me-1.apk; Retaining data and using new
I/PackageManager( 1025): Running dexopt on: co.giftmeapp.gift_me
D/WifiStateMachine( 1025): handleMessage: E msg.what=131155
D/WifiStateMachine( 1025): processMsg: ConnectedState
D/WifiStateMachine( 1025): processMsg: L2ConnectedState
D/WifiStateMachine( 1025): handleMessage: X
D/WifiStateMachine( 1025): handleMessage: E msg.what=151572
D/WifiStateMachine( 1025): processMsg: ConnectedState
D/WifiStateMachine( 1025): processMsg: L2ConnectedState
D/WifiStateMachine( 1025): handleMessage: X
D/dalvikvm(21561): DexOpt: load 123ms, verify+opt 653ms, 2178868 bytes
I/SFPerfTracer(  274):      triggers: (rate: 1116:446494) (339450 sw vsyncs) (1044990 skipped) (0:3315178 vsyncs) (2:4154691)
D/WifiStateMachine( 1025): handleMessage: E msg.what=151572
D/WifiStateMachine( 1025): processMsg: ConnectedState
D/WifiStateMachine( 1025): processMsg: L2ConnectedState
I/ActivityManager( 1025): Force stopping co.giftmeapp.gift_me appid=10155 user=-1: update pkg
W/PackageManager( 1025): Code path for pkg : co.giftmeapp.gift_me changing from /data/app/co.giftmeapp.gift_me-2.apk to /data/app/co.giftmeapp.gift_me-1.apk
W/PackageManager( 1025): Resource path for pkg : co.giftmeapp.gift_me changing from /data/app/co.giftmeapp.gift_me-2.apk to /data/app/co.giftmeapp.gift_me-1.apk
D/WifiStateMachine( 1025): handleMessage: X
I/ActivityManager( 1025): Force stopping co.giftmeapp.gift_me appid=10155 user=0: pkg removed
D/dalvikvm( 2458): GC_EXPLICIT freed 935K, 45% free 9498K/17224K, paused 2ms+4ms, total 27ms
D/dalvikvm( 1119): GC_EXPLICIT freed 1904K, 35% free 13539K/20592K, paused 2ms+6ms, total 34ms
I/PackageManager( 1025): Adding preferred activity ComponentInfo{com.android.mms/com.android.mms.ui.ComposeMessageActivity} for user 0 :
I/PackageManager( 1025):   Action: "android.intent.action.SENDTO"
I/PackageManager( 1025):   Category: "android.intent.category.DEFAULT"
I/PackageManager( 1025):   Scheme: "sms"
I/InputReader( 1025): Reconfiguring input devices.  changes=0x00000010
D/dalvikvm(19471): GC_EXPLICIT freed 704K, 39% free 10525K/17224K, paused 3ms+8ms, total 111ms
D/dalvikvm( 2206): GC_EXPLICIT freed 320K, 18% free 14599K/17708K, paused 8ms+8ms, total 114ms
I/InputReader( 1025): Reconfiguring input devices.  changes=0x00000010
I/InputReader( 1025): Reconfiguring input devices.  changes=0x00000010
I/ActivityManager( 1025): Start proc com.bambuna.podcastaddict for broadcast com.bambuna.podcastaddict/.receiver.PodcastAddictBroadcastReceiver: pid=21571 uid=10113 gids={50113, 3003, 1028, 1015, 3002}
I/PackageManager( 1025): Adding preferred activity ComponentInfo{com.android.mms/com.android.mms.ui.ComposeMessageActivity} for user 0 :
I/PackageManager( 1025):   Action: "android.intent.action.SENDTO"
I/PackageManager( 1025):   Category: "android.intent.category.DEFAULT"
I/PackageManager( 1025):   Scheme: "smsto"
D/dalvikvm(27213): GC_CONCURRENT freed 287K, 40% free 12825K/21116K, paused 2ms+14ms, total 117ms
D/dalvikvm( 1288): GC_CONCURRENT freed 1995K, 39% free 10669K/17224K, paused 3ms+4ms, total 76ms
I/PackageManager( 1025): Adding preferred activity ComponentInfo{com.android.mms/com.android.mms.ui.ComposeMessageActivity} for user 0 :
I/PackageManager( 1025):   Action: "android.intent.action.SENDTO"
I/PackageManager( 1025):   Category: "android.intent.category.DEFAULT"
I/PackageManager( 1025):   Scheme: "mms"
I/Launcher( 2206): Deferring update until onResume
I/PackageManager( 1025): Adding preferred activity ComponentInfo{com.android.mms/com.android.mms.ui.ComposeMessageActivity} for user 0 :
