D/StateMachine(  598): handleMessage: E msg.what=131218
D/StateMachine(  598): processMsg: ConnectedState
D/WifiStateMachine(  598): ConnectedState{ what=131218 when=0 target=Handler (com.android.internal.util.StateMachine$SmHandler) {422da338} }
D/StateMachine(  598): processMsg: L2ConnectedState
D/WifiStateMachine(  598): L2ConnectedState{ what=131218 when=-12ms target=Handler (com.android.internal.util.StateMachine$SmHandler) {422da338} }
D/StateMachine(  598): processMsg: ConnectModeState
D/WifiStateMachine(  598): ConnectModeState{ what=131218 when=-12ms target=Handler (com.android.internal.util.StateMachine$SmHandler) {422da338} }
D/StateMachine(  598): processMsg: DriverStartedState
D/WifiStateMachine(  598): DriverStartedState{ what=131218 when=-12ms target=Handler (com.android.internal.util.StateMachine$SmHandler) {422da338} }
I/wpa_ctrl(  598): [wpa_ctrl_request] ctrl address = 50982678, ctrl_conn address = 0
D/StateMachine(  598): handleMessage: X
D/memalloc(  241): ion: Allocated buffer base:0x456b3000 size:2088960 fd:35
D/memalloc(  241): ion: Allocated buffer base:0x400c6000 size:4096 fd:58
D/memalloc(11581): ion: Mapped buffer base:0x5d350000 size:2088960 offset:0 fd:111
D/memalloc(11581): ion: Mapped buffer base:0x50043000 size:4096 offset:0 fd:113
D/memalloc(  241): ion: Allocated buffer base:0x458b1000 size:2088960 fd:118
D/memalloc(  241): ion: Allocated buffer base:0x400bc000 size:4096 fd:119
D/memalloc(11581): ion: Mapped buffer base:0x5d54e000 size:2088960 offset:0 fd:116
D/memalloc(11581): ion: Mapped buffer base:0x56e44000 size:4096 offset:0 fd:118
D/memalloc(  241): ion: Allocated buffer base:0x45aaf000 size:2088960 fd:127
D/memalloc(  241): ion: Allocated buffer base:0x4001d000 size:4096 fd:128
D/memalloc(11581): ion: Mapped buffer base:0x5db73000 size:2088960 offset:0 fd:140
D/memalloc(11581): ion: Mapped buffer base:0x56e45000 size:4096 offset:0 fd:142
D/FxWorkspace(11581): unshrink, completed
D/FxFuture(11581): FxFuture_get return m_value = true
D/CAT     (  968): CatService: Return current sInstance
D/memalloc(  241): ion: Allocated buffer base:0x45cad000 size:2088960 fd:131
D/memalloc(  241): ion: Allocated buffer base:0x400b7000 size:4096 fd:132
D/memalloc(11581): ion: Mapped buffer base:0x5dd71000 size:2088960 offset:0 fd:144
D/memalloc(11581): ion: Mapped buffer base:0x56e5b000 size:4096 offset:0 fd:146
D/memalloc(  241): ion: Allocated buffer base:0x426b2000 size:348160 fd:135
D/memalloc(  241): ion: Allocated buffer base:0x4007d000 size:4096 fd:136
D/memalloc(11581): ion: Mapped buffer base:0x599a2000 size:348160 offset:0 fd:149
D/memalloc(11581): ion: Mapped buffer base:0x57222000 size:4096 offset:0 fd:151
W/SurfaceTexture(11581): [unnamed-11581-62] updateTexImage: clearing GL error: 0x500
D/memalloc(  241): ion: Freeing buffer base:0x426b2000 size:348160 fd:135
D/memalloc(  241): ion: Unmapping buffer  base:0x426b2000 size:348160
D/memalloc(  241): ion: Freeing buffer base:0x4007d000 size:4096 fd:136
D/memalloc(  241): ion: Unmapping buffer  base:0x4007d000 size:4096
D/memalloc(  241): ion: Allocated buffer base:0x426b2000 size:348160 fd:135
D/memalloc(  241): ion: Allocated buffer base:0x40093000 size:4096 fd:136
D/memalloc(11581): ion: Mapped buffer base:0x5a3eb000 size:348160 offset:0 fd:157
D/memalloc(11581): ion: Mapped buffer base:0x5722c000 size:4096 offset:0 fd:159
D/FxNavbar(11581): onAnimationEnd: slide_on
D/FxWorkspace(11581): onAnimatedToActionMode
D/memalloc(  241): ion: Allocated buffer base:0x42715000 size:348160 fd:139
D/memalloc(  241): ion: Allocated buffer base:0x4007f000 size:4096 fd:140
D/memalloc(  241): ion: Freeing buffer base:0x426b2000 size:348160 fd:135
D/memalloc(  241): ion: Unmapping buffer  base:0x426b2000 size:348160
D/memalloc(  241): ion: Freeing buffer base:0x40093000 size:4096 fd:136
D/memalloc(  241): ion: Unmapping buffer  base:0x40093000 size:4096
D/memalloc(11581): ion: Mapped buffer base:0x5a440000 size:348160 offset:0 fd:162
D/memalloc(11581): ion: Mapped buffer base:0x572c3000 size:4096 offset:0 fd:181
D/memalloc(  241): ion: Freeing buffer base:0x42715000 size:348160 fd:139
D/memalloc(  241): ion: Unmapping buffer  base:0x42715000 size:348160
D/memalloc(  241): ion: Freeing buffer base:0x4007f000 size:4096 fd:140
D/memalloc(  241): ion: Unmapping buffer  base:0x4007f000 size:4096
D/GcOptimizer( 2577): Configure for next cold start: enable
W/ResourceType(  598): Skipping entry 0x7f04000c in package table 0 because it is not complex!
I/ActivityManager(  598): Recipient 2598
I/ActivityManager(  598): Process com.htc.task (pid 2598) has died.
D/mode10  (  820): FxSurfaceView.surfaceDestroyed, mViewObject:com.htc.fusion.fx.FxViewObject@645830cd
V/InputMethodManagerService(  598): unbindCurrentInputLocked: client = android.os.BinderProxy@4252a310
I/InputMethodManagerService(  598): Disable input method client.
V/InputMethodManagerService(  598): switching to client: client = android.os.BinderProxy@428a33c0
I/InputMethodManagerService(  598): Enable input method client.
D/memalloc(  820): ion: Unmapping buffer  base:0x57d20000 size:2088960
D/memalloc(  820): ion: Unmapping buffer  base:0x50035000 size:4096
D/memalloc(  820): ion: Unmapping buffer  base:0x57f1e000 size:2088960
D/memalloc(  820): ion: Unmapping buffer  base:0x50039000 size:4096
D/memalloc(  820): ion: Unmapping buffer  base:0x5880c000 size:2088960
D/memalloc(  820): ion: Unmapping buffer  base:0x50040000 size:4096
D/memalloc(  241): ion: Freeing buffer base:0x44789000 size:2088960 fd:105
D/memalloc(  241): ion: Unmapping buffer  base:0x44789000 size:2088960
D/PowerManagerService(  598): releaseWakeLock(42147d20): PARTIAL_WAKE_LOCK , tag=ActivityManager-Launch, flags=0x1
D/memalloc(  241): ion: Freeing buffer base:0x40032000 size:4096 fd:106
D/memalloc(  241): ion: Unmapping buffer  base:0x40032000 size:4096
D/memalloc(  241): ion: Freeing buffer base:0x450b9000 size:2088960 fd:109
D/memalloc(  241): ion: Unmapping buffer  base:0x450b9000 size:2088960
D/memalloc(  241): ion: Freeing buffer base:0x40011000 size:4096 fd:110
D/memalloc(  241): ion: Unmapping buffer  base:0x40011000 size:4096
D/memalloc(  820): ion: Unmapping buffer  base:0x57b22000 size:2088960
D/memalloc(  820): ion: Unmapping buffer  base:0x50034000 size:4096
D/memalloc(  820): ion: Unmapping buffer  base:0x58a0a000 size:2088960
D/memalloc(  820): ion: Unmapping buffer  base:0x5003c000 size:4096
D/memalloc(  820): ion: Unmapping buffer  base:0x597ec000 size:2088960
D/memalloc(  820): ion: Unmapping buffer  base:0x5003d000 size:4096
D/memalloc(  241): ion: Freeing buffer base:0x454b5000 size:2088960 fd:121
D/memalloc(  241): ion: Unmapping buffer  base:0x454b5000 size:2088960
D/memalloc(  241): ion: Freeing buffer base:0x40040000 size:4096 fd:122
D/memalloc(  241): ion: Unmapping buffer  base:0x40040000 size:4096
D/memalloc(  241): ion: Freeing buffer base:0x4374b000 size:2088960 fd:68
D/memalloc(  241): ion: Unmapping buffer  base:0x4374b000 size:2088960
D/memalloc(  241): ion: Freeing buffer base:0x4007e000 size:4096 fd:70
D/memalloc(  241): ion: Unmapping buffer  base:0x4007e000 size:4096
I/FxActivity(  820): FxActivity.onStop()
W/CpuWake (  598): >>nativeReleaseCpuPerfWakeLock()
W/CpuWake (  598): <<nativeReleaseCpuPerfWakeLock()
D/memalloc(  241): ion: Freeing buffer base:0x43da4000 size:2088960 fd:73
D/memalloc(  241): ion: Unmapping buffer  base:0x43da4000 size:2088960
D/memalloc(  241): ion: Freeing buffer base:0x40063000 size:4096 fd:74
D/memalloc(  241): ion: Unmapping buffer  base:0x40063000 size:4096
D/memalloc(  241): ion: Freeing buffer base:0x452b7000 size:2088960 fd:114
D/memalloc(  241): ion: Unmapping buffer  base:0x452b7000 size:2088960
D/memalloc(  241): ion: Freeing buffer base:0x400c4000 size:4096 fd:115
D/memalloc(  241): ion: Unmapping buffer  base:0x400c4000 size:4096
I/PackageManager(  598):  setEnabledSetting(), pkgName=com.facebook.katana, clsName=com.facebook.push.crossapp.PackageRemoveReceiverInManifest, state=2, flag=1, pid=2577, uid=10028
D/StateMachine(  598): handleMessage: E msg.what=131218
D/StateMachine(  598): processMsg: ConnectedState
D/WifiStateMachine(  598): ConnectedState{ what=131218 when=0 target=Handler (com.android.internal.util.StateMachine$SmHandler) {422da338} }
D/StateMachine(  598): processMsg: L2ConnectedState
D/WifiStateMachine(  598): L2ConnectedState{ what=131218 when=-1ms target=Handler (com.android.internal.util.StateMachine$SmHandler) {422da338} }
D/StateMachine(  598): processMsg: ConnectModeState
D/WifiStateMachine(  598): ConnectModeState{ what=131218 when=-1ms target=Handler (com.android.internal.util.StateMachine$SmHandler) {422da338} }
D/StateMachine(  598): processMsg: DriverStartedState
D/WifiStateMachine(  598): DriverStartedState{ what=131218 when=-2ms target=Handler (com.android.internal.util.StateMachine$SmHandler) {422da338} }
I/wpa_ctrl(  598): [wpa_ctrl_request] ctrl address = 50982678, ctrl_conn address = 0
D/StateMachine(  598): handleMessage: X
I/PackageManager(  598):  setEnabledSetting(), pkgName=com.facebook.katana, clsName=com.facebook.oxygen.preloads.sdk.dogfooding.AuthListener$EmployeeLoggedInMarkerReceiver, state=2, flag=1, pid=2577, uid=10028
D/libc    (  250): _resolv_cache_lookup: lookup
D/libc    (  250): [SMD]bl_level = 125
D/libc    (  250): [SMD][Mode1]: Screen on and original TTL is expired
D/libc    (  250):  Cache EXPIRED (STALE ENTRY 0x40168388 DISCARDED) or need renew
D/libc    (  250): [SMD][v0913] Extended TTL = 43200, original TTL = 25
I/global  ( 2577): call createSocket() return a new socket.
W/dalvikvm( 2577): VFY: unable to resolve static method 843: Landroid/provider/DocumentsContract;.isDocumentUri (Landroid/content/Context;Landroid/net/Uri;)Z
W/dalvikvm( 2577): VFY: unable to resolve static method 842: Landroid/provider/DocumentsContract;.getDocumentId (Landroid/net/Uri;)Ljava/lang/String;
D/StateMachine(  598): handleMessage: E msg.what=131155
D/StateMachine(  598): processMsg: ConnectedState
D/WifiStateMachine(  598): ConnectedState{ what=131155 when=-3ms target=Handler (com.android.internal.util.StateMachine$SmHandler) {422da338} arg1=266 }
D/StateMachine(  598): processMsg: L2ConnectedState
D/WifiStateMachine(  598): L2ConnectedState{ what=131155 when=-8ms target=Handler (com.android.internal.util.StateMachine$SmHandler) {422da338} arg1=266 }
I/wpa_ctrl(  598): [wpa_ctrl_request] ctrl address = 50982678, ctrl_conn address = 0
D/WifiStateMachine(  598): fetchRssiAndLinkSpeedNative RSSI = -44
D/StateMachine(  598): handleMessage: X
W/ActivityManager(  598): Activity destroy timeout for ActivityRecord{4214bc18 co.giftmeapp.giftme/.GiftMe}
D/StateMachine(  598): handleMessage: E msg.what=131155
D/StateMachine(  598): processMsg: ConnectedState
D/WifiStateMachine(  598): ConnectedState{ what=131155 when=-3ms target=Handler (com.android.internal.util.StateMachine$SmHandler) {422da338} arg1=266 }
D/StateMachine(  598): processMsg: L2ConnectedState
D/WifiStateMachine(  598): L2ConnectedState{ what=131155 when=-4ms target=Handler (com.android.internal.util.StateMachine$SmHandler) {422da338} arg1=266 }
I/wpa_ctrl(  598): [wpa_ctrl_request] ctrl address = 50982678, ctrl_conn address = 0
D/WifiStateMachine(  598): fetchRssiAndLinkSpeedNative RSSI = -52
D/StateMachine(  598): handleMessage: X
V/LocationManagerService(  598): getProviders
D/HybridProvider(  598): getName
V/LocationManagerService(  598): getLastKnownLocation: hybrid
V/LocationManagerService(  598): getLastKnownLocation: passive
D/CacheSense( 2521): Service idle, stopping
I/patts   ( 2543): [jni_text_analysis_api.cc:379] jni: deleting text normalizer ...
D/StateMachine(  598): handleMessage: E msg.what=131155
D/StateMachine(  598): processMsg: ConnectedState
D/WifiStateMachine(  598): ConnectedState{ what=131155 when=-4ms target=Handler (com.android.internal.util.StateMachine$SmHandler) {422da338} arg1=266 }
D/StateMachine(  598): processMsg: L2ConnectedState
D/WifiStateMachine(  598): L2ConnectedState{ what=131155 when=-4ms target=Handler (com.android.internal.util.StateMachine$SmHandler) {422da338} arg1=266 }
I/wpa_ctrl(  598): [wpa_ctrl_request] ctrl address = 50982678, ctrl_conn address = 0
D/WifiStateMachine(  598): fetchRssiAndLinkSpeedNative RSSI = -48
D/StateMachine(  598): handleMessage: X
I/patts   ( 2543): [jni_synthesizer_api.cc:92] jni: deleting synthesizer ...
I/patts   ( 2543): [jni_project_file_api.cc:110] jni: deleting project file ...
I/patts   ( 2543): [jni_project_file_api.cc:123] jni: deleting project resource holder ...
D/StateMachine(  598): handleMessage: E msg.what=131155
D/StateMachine(  598): processMsg: ConnectedState
D/WifiStateMachine(  598): ConnectedState{ what=131155 when=-4ms target=Handler (com.android.internal.util.StateMachine$SmHandler) {422da338} arg1=266 }
D/StateMachine(  598): processMsg: L2ConnectedState
D/WifiStateMachine(  598): L2ConnectedState{ what=131155 when=-5ms target=Handler (com.android.internal.util.StateMachine$SmHandler) {422da338} arg1=266 }
I/wpa_ctrl(  598): [wpa_ctrl_request] ctrl address = 50982678, ctrl_conn address = 0
D/WifiStateMachine(  598): fetchRssiAndLinkSpeedNative RSSI = -45
D/StateMachine(  598): handleMessage: X
W/Rosie   (11581): closeFolder() -- Folder is null , AnimateClose? false
I/Rearrange(11581): performRearrange true, size:0
I/AppWindowSurface(11581): show 2d surface
D/memalloc(  241): ion: Allocated buffer base:0x43792000 size:2088960 fd:43
D/memalloc(  241): ion: Allocated buffer base:0x40ace000 size:4096 fd:44
D/memalloc(11581): ion: Mapped buffer base:0x5f941000 size:2088960 offset:0 fd:183
D/memalloc(11581): ion: Mapped buffer base:0x572c5000 size:4096 offset:0 fd:185
D/Rosie.IndicatorPagedVi_(11581): com.htc.launcher.AllAppsPagedView@41e48410.onViewResume
D/FxWorkspace(11581): hideFxSurface was false, set to true
D/mode10  (11581): FxView.setVisibility: 4
D/mode10  (11581): FxSurfaceView.surfaceDestroyed, mViewObject:com.htc.fusion.fx.FxViewObject@64583940
D/memalloc(11581): ion: Unmapping buffer  base:0x5ceed000 size:2088960
D/memalloc(11581): ion: Unmapping buffer  base:0x50032000 size:4096
D/memalloc(11581): ion: Unmapping buffer  base:0x5d350000 size:2088960
D/memalloc(11581): ion: Unmapping buffer  base:0x50043000 size:4096
D/memalloc(11581): ion: Unmapping buffer  base:0x5d54e000 size:2088960
D/memalloc(11581): ion: Unmapping buffer  base:0x56e44000 size:4096
D/memalloc(  241): ion: Freeing buffer base:0x44ebb000 size:2088960 fd:50
D/memalloc(  241): ion: Unmapping buffer  base:0x44ebb000 size:2088960
D/memalloc(  241): ion: Freeing buffer base:0x400c5000 size:4096 fd:54
D/memalloc(  241): ion: Unmapping buffer  base:0x400c5000 size:4096
D/memalloc(  241): ion: Freeing buffer base:0x456b3000 size:2088960 fd:35
D/memalloc(  241): ion: Unmapping buffer  base:0x456b3000 size:2088960
D/memalloc(  241): ion: Freeing buffer base:0x400c6000 size:4096 fd:58
D/memalloc(  241): ion: Unmapping buffer  base:0x400c6000 size:4096
D/memalloc(  241): ion: Freeing buffer base:0x458b1000 size:2088960 fd:118
D/memalloc(  241): ion: Unmapping buffer  base:0x458b1000 size:2088960
D/memalloc(  241): ion: Freeing buffer base:0x400bc000 size:4096 fd:119
D/memalloc(  241): ion: Unmapping buffer  base:0x400bc000 size:4096
W/CpuWake (  598): >>nativeAcquireCpuPerfWakeLock()
I/Intent  (  598): @test_code: getHtcIntentFlag: 0 obj: 1115220968
W/CpuWake (  598): <<nativeAcquireCpuPerfWakeLock()
I/ActivityManager(  598): START {act=android.intent.action.MAIN cat=[android.intent.category.LAUNCHER] flg=0x10200000 cmp=co.giftmeapp.giftme/.GiftMe u=0} from pid 11581
D/ViewRootImpl(  598): @@@- disable SystemServer HW acceleration
D/PowerManagerService(  598): acquireWakeLock(4232e270): PARTIAL_WAKE_LOCK , tag=ActivityManager-Launch, flags=0x1, pid=598, uid=1000, mUserState=0x3
I/Rosie.AllAppsCarouselF_(11581): onPause
D/Rosie.IndicatorPagedVi_(11581): com.htc.launcher.AllAppsPagedView@41e48410.onViewPause
W/Rosie   (11581): closeFolder() -- Folder is null , AnimateClose? false
D/CAT     (  968): CatService: Return current sInstance
I/ActivityManager(  598): Start proc co.giftmeapp.giftme for activity co.giftmeapp.giftme/.GiftMe: pid=2788 uid=10138 gids={3003, 1028}
D/memalloc(  241): ion: Allocated buffer base:0x43da4000 size:2088960 fd:71
D/memalloc(  241): ion: Allocated buffer base:0x40093000 size:4096 fd:72
D/memalloc(  598): ion: Mapped buffer base:0x5b26f000 size:2088960 offset:0 fd:335
D/memalloc(  598): ion: Mapped buffer base:0x40003000 size:4096 offset:0 fd:337
W/dalvikvm(  598): disableGcForExternalAlloc: true
W/dalvikvm(  598): disableGcForExternalAlloc: false
W/dalvikvm(  598): disableGcForExternalAlloc: true
W/dalvikvm(  598): disableGcForExternalAlloc: false
D/PowerManagerService(  598): acquireWakeLock(42758030): CPU_MIN_FREQ , tag=WindowManager-ScreenRotation-Freq, flags=0x100, pid=598, uid=1000, mUserState=0x3
D/PowerManagerService(  598): acquireWakeLock(42721a78): CPU_MIN_NUM , tag=WindowManager-ScreenRotation-Num, flags=0x400, pid=598, uid=1000, mUserState=0x3
D/PowerManagerService(  598): acquireWakeLock(426dc4f8): PARTIAL_WAKE_LOCK , tag=SCREEN_FROZEN, flags=0x1, pid=598, uid=1000, mUserState=0x3
I/ActivityManager(  598): Config changed: {1.0 272mcc2mnc en_FR sw360dp w360dp h566dp nrml long port finger -keyb/v/h -nav/h s.68 skin=default fontsize=3 hasNavBar=1}
I/CVW     (  951): Dismiss CandidateViewWindow WCLID:0
D/StateMachine(  598): handleMessage: E msg.what=131155
D/StateMachine(  598): processMsg: ConnectedState
D/WifiStateMachine(  598): ConnectedState{ what=131155 when=-2ms target=Handler (com.android.internal.util.StateMachine$SmHandler) {422da338} arg1=266 }
D/StateMachine(  598): processMsg: L2ConnectedState
D/WifiStateMachine(  598): L2ConnectedState{ what=131155 when=-2ms target=Handler (com.android.internal.util.StateMachine$SmHandler) {422da338} arg1=266 }
I/wpa_ctrl(  598): [wpa_ctrl_request] ctrl address = 50982678, ctrl_conn address = 0
D/WifiStateMachine(  598): fetchRssiAndLinkSpeedNative RSSI = -44
D/StateMachine(  598): handleMessage: X
D/memalloc(11581): ion: Unmapping buffer  base:0x5db73000 size:2088960
D/memalloc(11581): ion: Unmapping buffer  base:0x56e45000 size:4096
D/memalloc(11581): ion: Unmapping buffer  base:0x5dd71000 size:2088960
D/memalloc(11581): ion: Unmapping buffer  base:0x56e5b000 size:4096
D/memalloc(11581): ion: Unmapping buffer  base:0x5f941000 size:2088960
D/memalloc(11581): ion: Unmapping buffer  base:0x572c5000 size:4096
D/memalloc(  241): ion: Freeing buffer base:0x45aaf000 size:2088960 fd:127
D/memalloc(  241): ion: Unmapping buffer  base:0x45aaf000 size:2088960
D/memalloc(  241): ion: Freeing buffer base:0x4001d000 size:4096 fd:128
D/memalloc(  241): ion: Unmapping buffer  base:0x4001d000 size:4096
D/memalloc(  241): ion: Freeing buffer base:0x45cad000 size:2088960 fd:131
D/memalloc(  241): ion: Unmapping buffer  base:0x45cad000 size:2088960
D/memalloc(  241): ion: Freeing buffer base:0x400b7000 size:4096 fd:132
D/memalloc(  241): ion: Unmapping buffer  base:0x400b7000 size:4096
D/WirelessDisplayService(  598): getMirrorDisplayStatus:falsecurState:1
D/memalloc(  241): ion: Allocated buffer base:0x44789000 size:1949696 fd:42
D/memalloc(  241): ion: Allocated buffer base:0x40014000 size:4096 fd:50
D/memalloc(  598): ion: Mapped buffer base:0x5b5df000 size:1949696 offset:0 fd:339
I/VolumePanel(  598): ACTION_CONFIGURATION_CHANGED
D/memalloc(  598): ion: Mapped buffer base:0x40009000 size:4096 offset:0 fd:341
D/memalloc(  241): ion: Freeing buffer base:0x43792000 size:2088960 fd:43
D/memalloc(  241): ion: Unmapping buffer  base:0x43792000 size:2088960
D/memalloc(  241): ion: Freeing buffer base:0x40ace000 size:4096 fd:44
D/memalloc(  241): ion: Unmapping buffer  base:0x40ace000 size:4096
D/SizeAdaptiveLayout(  820): com.android.internal.widget.SizeAdaptiveLayout@41bae180child view android.widget.LinearLayout@41bb0580 measured out of bounds at 95px clamped to 96px
D/SizeAdaptiveLayout(  820): com.android.internal.widget.SizeAdaptiveLayout@419f1428child view android.widget.FrameLayout@41cb00e8 measured out of bounds at 95px clamped to 96px
D/SizeAdaptiveLayout(  820): com.android.internal.widget.SizeAdaptiveLayout@419f00e0child view android.widget.FrameLayout@41b55f28 measured out of bounds at 95px clamped to 96px
E/Trace   ( 2788): error opening trace file: No such file or directory (2)
D/memalloc(11581): ion: Unmapping buffer  base:0x5a440000 size:348160
D/memalloc(11581): ion: Unmapping buffer  base:0x572c3000 size:4096
D/memalloc(11581): ion: Unmapping buffer  base:0x5a3eb000 size:348160
D/memalloc(11581): ion: Unmapping buffer  base:0x5722c000 size:4096
D/memalloc(  820): ion: Unmapping buffer  base:0x53b73000 size:69632
D/memalloc(  820): ion: Unmapping buffer  base:0x4f3eb000 size:4096
D/memalloc(11581): ion: Unmapping buffer  base:0x599a2000 size:348160
D/memalloc(  241): ion: Freeing buffer base:0x42155000 size:69632 fd:51
D/memalloc(  241): ion: Unmapping buffer  base:0x42155000 size:69632
D/memalloc(11581): ion: Unmapping buffer  base:0x57222000 size:4096
D/memalloc(  241): ion: Freeing buffer base:0x4009b000 size:4096 fd:52
D/memalloc(  241): ion: Unmapping buffer  base:0x4009b000 size:4096
D/memalloc(  241): ion: Allocated buffer base:0x42644000 size:208896 fd:43
D/memalloc(  241): ion: Allocated buffer base:0x400b7000 size:4096 fd:44
D/memalloc(  820): ion: Mapped buffer base:0x53bf7000 size:208896 offset:0 fd:71
D/memalloc(  820): ion: Mapped buffer base:0x4f3eb000 size:4096 offset:0 fd:75
D/memalloc(  241): ion: Allocated buffer base:0x426b2000 size:208896 fd:53
D/memalloc(  241): ion: Allocated buffer base:0x40063000 size:4096 fd:55
D/memalloc(  820): ion: Mapped buffer base:0x53c2a000 size:208896 offset:0 fd:89
D/memalloc(  820): ion: Mapped buffer base:0x50034000 size:4096 offset:0 fd:93
D/memalloc(  241): ion: Freeing buffer base:0x4267f000 size:208896 fd:40
D/memalloc(  241): ion: Unmapping buffer  base:0x4267f000 size:208896
D/memalloc(  241): ion: Freeing buffer base:0x400b6000 size:4096 fd:45
D/memalloc(  241): ion: Unmapping buffer  base:0x400b6000 size:4096
D/PowerManagerService(  598): releaseWakeLock(426dc4f8): PARTIAL_WAKE_LOCK , tag=SCREEN_FROZEN, flags=0x1
D/CarrierLabel(  820): CarrierLabel mIntentReceiver : android.intent.action.CONFIGURATION_CHANGED
D/CarrierLabel(  820): updateResources()
W/CarrierLabel(  820): updateNetworkNameExt: mSimState = UNKNOWN
D/CarrierLabel(  820): updateNetworkName showSpn=false spn= showPlmn=true plmn=3
D/memalloc(  241): ion: Allocated buffer base:0x4267f000 size:208896 fd:40
D/memalloc(  241): ion: Allocated buffer base:0x4009b000 size:4096 fd:45
D/memalloc(  820): ion: Mapped buffer base:0x53cc4000 size:208896 offset:0 fd:97
D/memalloc(  820): ion: Mapped buffer base:0x50035000 size:4096 offset:0 fd:99
V/MfLog   (  974): BrowseLayerCarouselFragment{419d73f8 #0 id=0x36f8056f}, onConfigurationChanged
V/MfLog   (  974): Dialer{41b68b80 #1 id=0x40000001 i7ery0.BrowseLayerCarouselFragment.1.PEOPLE_DIALER}, onConfigurationChanged
I/CordovaLog( 2788): Changing log level to DEBUG(3)
D/CordovaActivity( 2788): CordovaActivity.init()
W/dalvikvm( 2788): VFY: unable to resolve static method 212: Landroid/webkit/WebView;.setWebContentsDebuggingEnabled (Z)V
D/webcoreglue( 2788): netstack: Memory Cache feature is ON
D/CordovaWebView( 2788): CordovaWebView is running on device made by: HTC
I/CordovaWebView( 2788): Disabled addJavascriptInterface() bridge since Android version is old.
D/CordovaWebView( 2788): >>> loadUrl(file:///android_asset/www/index.html)
D/PluginManager( 2788): init()
D/CordovaWebView( 2788): >>> loadUrlNow()
D/CordovaActivity( 2788): Resuming the App
D/SoftKeyboardDetect( 2788): Ignore this event
V/PhoneStatusBar(  820): setLightsOn(true)
D/HtcDialer(  974): updateButtonTextPreferred() mShouldUpdateCallBtnPreferred=true slot=1
D/HtcDialer(  974): updateButtonTextPreferred() mShouldUpdateCallBtnPreferred=true slot=1
I/Adreno200-EGL( 2788): <qeglDrvAPI_eglInitialize:294>: EGL 1.4 QUALCOMM build: Nondeterministic AU_msm8960_JB_REL_RB3.1_CL2814726_release_AU (CL2814726)
I/Adreno200-EGL( 2788): Build Date: 10/07/12 Sun
I/Adreno200-EGL( 2788): Local Branch: 
I/Adreno200-EGL( 2788): Remote Branch: m/jb_rel_rb3.1
I/Adreno200-EGL( 2788): Local Patches: NONE
I/Adreno200-EGL( 2788): Reconstruct Branch: NOTHING
D/HtcDialer(  974): updateButtonTextPreferred() mShouldUpdateCallBtnPreferred=true slot=1
I/PeopleApp(  974): Preload all people cursor with - displayOnlyPhones: false
D/my      (  974): myGC1
D/memalloc(  241): ion: Allocated buffer base:0x436b0000 size:1949696 fd:108
D/memalloc(  241): ion: Allocated buffer base:0x400b6000 size:4096 fd:109
D/memalloc( 2788): ion: Mapped buffer base:0x54179000 size:1949696 offset:0 fd:73
D/memalloc( 2788): ion: Mapped buffer base:0x40043000 size:4096 offset:0 fd:75
I/PeopleApp(  974): AllPeopleCursor preload completed - 100 contacts preloaded!
D/memalloc(  241): ion: Allocated buffer base:0x44ebb000 size:1949696 fd:113
D/memalloc(  241): ion: Allocated buffer base:0x400b8000 size:4096 fd:114
D/memalloc( 2788): ion: Mapped buffer base:0x544d4000 size:1949696 offset:0 fd:78
D/memalloc( 2788): ion: Mapped buffer base:0x4157c000 size:4096 offset:0 fd:80
W/dalvikvm( 2788): disableGcForExternalAlloc: false
V/InputMethodManagerService(  598): unbindCurrentInputLocked: client = android.os.BinderProxy@428a33c0
I/InputMethodManagerService(  598): Disable input method client.
V/InputMethodManagerService(  598): switching to client: client = android.os.BinderProxy@41fc1b58
I/InputMethodManagerService(  598): Enable input method client.
W/IInputConnectionWrapper(11581): showStatusIcon on inactive InputConnection
W/IInputConnectionWrapper(11581): InputConnection = android.view.inputmethod.BaseInputConnection@41ac7bc8, active client = false
I/ActivityManager(  598): Displayed co.giftmeapp.giftme/.GiftMe: +883ms
D/SoftKeyboardDetect( 2788): Ignore this event
D/memalloc(  241): ion: Allocated buffer base:0x45097000 size:1949696 fd:117
D/memalloc(  241): ion: Allocated buffer base:0x40083000 size:4096 fd:118
D/memalloc( 2788): ion: Mapped buffer base:0x548b0000 size:1949696 offset:0 fd:87
D/memalloc( 2788): ion: Mapped buffer base:0x4f3eb000 size:4096 offset:0 fd:89
D/HostStatisticManager( 2788): netstack: DNS Host Prioritization is: ON, Version: 5.0.1
V/chromium( 2788): external/chromium/net/host_resolver_helper/host_resolver_helper.cc:66: [0322/111345:INFO:host_resolver_helper.cc(66)] DNSPreResolver::Init got hostprovider:0x5131e010
V/chromium( 2788): external/chromium/net/base/host_resolver_impl.cc:1510: [0322/111345:INFO:host_resolver_impl.cc(1510)] HostResolverImpl::SetPreresolver preresolver:0x50972030
D/memalloc(  598): ion: Unmapping buffer  base:0x5b26f000 size:2088960
D/memalloc(  598): ion: Unmapping buffer  base:0x40003000 size:4096
D/memalloc(  241): ion: Freeing buffer base:0x43da4000 size:2088960 fd:71
D/memalloc(  241): ion: Unmapping buffer  base:0x43da4000 size:2088960
D/memalloc(  241): ion: Freeing buffer base:0x40093000 size:4096 fd:72
D/memalloc(  241): ion: Unmapping buffer  base:0x40093000 size:4096
D/memalloc(  598): ion: Unmapping buffer  base:0x5b5df000 size:1949696
D/memalloc(  598): ion: Unmapping buffer  base:0x40009000 size:4096
D/PowerManagerService(  598): releaseWakeLock(4232e270): PARTIAL_WAKE_LOCK , tag=ActivityManager-Launch, flags=0x1
I/FxActivity(  820): FxActivity.onDestroy()
D/        ( 2788): dl error message Cannot load library: link_image[1891]:   252 could not load needed library 'libcneapiclient.so' for 'libtcpfinaggr.so' (load_library[1093]: Library 'libcneapiclient.so' not found)
D/Socket_Pool( 2788): Failed to create TCP Fin Aggregation interface.
D/Socket_Pool( 2788): netstack: CloseUnusedSockets is ON
D/Socket_Pool( 2788): netstack: system net.statistics value: 0
D/Socket_Pool( 2788): Failed to create TCP Fin Aggregation interface.
D/Socket_Pool( 2788): netstack: CloseUnusedSockets is ON
D/Socket_Pool( 2788): netstack: system net.statistics value: 0
D/memalloc(  241): ion: Freeing buffer base:0x44789000 size:1949696 fd:42
D/memalloc(  241): ion: Unmapping buffer  base:0x44789000 size:1949696
D/memalloc(  241): ion: Freeing buffer base:0x40014000 size:4096 fd:50
D/memalloc(  241): ion: Unmapping buffer  base:0x40014000 size:4096
D/        ( 2788): external/chromium/net/http/http_getzip_factory.cc: libgetzip.so successfully loaded
D/        ( 2788): external/chromium/net/http/http_getzip_factory.cc,: GETzip initializing method was found in libgetzip.so
D/        ( 2788): netstack: Getzip is: ON, Version: 5.0.1
D/Socket_Pool( 2788): Failed to create TCP Fin Aggregation interface.
D/Socket_Pool( 2788): netstack: CloseUnusedSockets is ON
D/Socket_Pool( 2788): netstack: system net.statistics value: 0
D/Socket_Pool( 2788): Failed to create TCP Fin Aggregation interface.
D/Socket_Pool( 2788): netstack: CloseUnusedSockets is ON
D/Socket_Pool( 2788): netstack: system net.statistics value: 0
D/CordovaWebViewClient( 2788): onPageStarted(file:///android_asset/www/index.html)
D/CordovaActivity( 2788): onMessage(onPageStarted,file:///android_asset/www/index.html)
W/ManagedEGLContext(11581): doTerminate failed: EGL count is 2 but managed count is 1
D/PowerManagerService(  598): releaseWakeLock(42758030): CPU_MIN_FREQ , tag=WindowManager-ScreenRotation-Freq, flags=0x100
D/PowerManagerService(  598): releaseWakeLock(42721a78): CPU_MIN_NUM , tag=WindowManager-ScreenRotation-Num, flags=0x400
D/JsMessageQueue( 2788): Set native->JS mode to OnlineEventsBridgeMode
D/PowerManagerService(  598): acquireWakeLock(42407bc0): PARTIAL_WAKE_LOCK , tag=AlarmManager, flags=0x1, pid=598, uid=1000, mUserState=0x3
V/AlarmManager(  598): sending alarm PendingIntent{42544e18: PendingIntentRecord{4253b4a8 com.google.android.location broadcastIntent}}, intent=com.google.android.location.nlp.ALARM_WAKEUP_LOCATOR, type=ELAPSED_REALTIME_WAKEUP, count=1, when=217911047, repeateInterval=0
D/PowerManagerService(  598): acquireWakeLock(4230d528): PARTIAL_WAKE_LOCK , tag=NetworkLocationCallbackRunner, flags=0x1, pid=1065, uid=10017, mUserState=0x3
D/PowerManagerService(  598): releaseWakeLock(42407bc0): PARTIAL_WAKE_LOCK , tag=AlarmManager, flags=0x1
D/PowerManagerService(  598): acquireWakeLock(421f99e0): PARTIAL_WAKE_LOCK , tag=NetworkLocationLocator, flags=0x1, pid=1065, uid=10017, mUserState=0x3
D/StateMachine(  598): handleMessage: E msg.what=131073
D/StateMachine(  598): processMsg: ConnectedState
D/WifiStateMachine(  598): ConnectedState{ what=131073 when=-1ms target=Handler (com.android.internal.util.StateMachine$SmHandler) {422da338} arg1=2 }
D/StateMachine(  598): processMsg: L2ConnectedState
D/WifiStateMachine(  598): L2ConnectedState{ what=131073 when=-1ms target=Handler (com.android.internal.util.StateMachine$SmHandler) {422da338} arg1=2 }
D/StateMachine(  598): processMsg: ConnectModeState
D/WifiStateMachine(  598): ConnectModeState{ what=131073 when=-1ms target=Handler (com.android.internal.util.StateMachine$SmHandler) {422da338} arg1=2 }
D/StateMachine(  598): processMsg: DriverStartedState
D/WifiStateMachine(  598): DriverStartedState{ what=131073 when=-1ms target=Handler (com.android.internal.util.StateMachine$SmHandler) {422da338} arg1=2 }
D/StateMachine(  598): processMsg: SupplicantStartedState
D/WifiStateMachine(  598): SupplicantStartedState{ what=131073 when=-1ms target=Handler (com.android.internal.util.StateMachine$SmHandler) {422da338} arg1=2 }
D/StateMachine(  598): processMsg: SoftApStartedState
D/WifiStateMachine(  598): SoftApStartedState{ what=131073 when=-1ms target=Handler (com.android.internal.util.StateMachine$SmHandler) {422da338} arg1=2 }
D/StateMachine(  598): processMsg: DefaultState
D/WifiStateMachine(  598): DefaultState{ what=131073 when=-2ms target=Handler (com.android.internal.util.StateMachine$SmHandler) {422da338} arg1=2 }
D/StateMachine(  598): handleMessage: X
D/StateMachine(  598): handleMessage: E msg.what=131083
D/StateMachine(  598): processMsg: ConnectedState
D/WifiStateMachine(  598): ConnectedState{ what=131083 when=-2ms target=Handler (com.android.internal.util.StateMachine$SmHandler) {422da338} }
D/StateMachine(  598): processMsg: L2ConnectedState
D/WifiStateMachine(  598): L2ConnectedState{ what=131083 when=-2ms target=Handler (com.android.internal.util.StateMachine$SmHandler) {422da338} }
D/StateMachine(  598): processMsg: ConnectModeState
D/WifiStateMachine(  598): ConnectModeState{ what=131083 when=-2ms target=Handler (com.android.internal.util.StateMachine$SmHandler) {422da338} }
D/StateMachine(  598): processMsg: DriverStartedState
D/WifiStateMachine(  598): DriverStartedState{ what=131083 when=-2ms target=Handler (com.android.internal.util.StateMachine$SmHandler) {422da338} }
D/StateMachine(  598): processMsg: SupplicantStartedState
D/WifiStateMachine(  598): SupplicantStartedState{ what=131083 when=-3ms target=Handler (com.android.internal.util.StateMachine$SmHandler) {422da338} }
D/StateMachine(  598): processMsg: SoftApStartedState
D/WifiStateMachine(  598): SoftApStartedState{ what=131083 when=-3ms target=Handler (com.android.internal.util.StateMachine$SmHandler) {422da338} }
D/StateMachine(  598): processMsg: DefaultState
D/WifiStateMachine(  598): DefaultState{ what=131083 when=-3ms target=Handler (com.android.internal.util.StateMachine$SmHandler) {422da338} }
D/StateMachine(  598): handleMessage: X
D/StateMachine(  598): handleMessage: E msg.what=131144
D/StateMachine(  598): processMsg: ConnectedState
D/WifiStateMachine(  598): ConnectedState{ what=131144 when=-3ms target=Handler (com.android.internal.util.StateMachine$SmHandler) {422da338} arg1=1 }
D/StateMachine(  598): processMsg: L2ConnectedState
D/WifiStateMachine(  598): L2ConnectedState{ what=131144 when=-3ms target=Handler (com.android.internal.util.StateMachine$SmHandler) {422da338} arg1=1 }
D/StateMachine(  598): handleMessage: X
D/StateMachine(  598): handleMessage: E msg.what=131085
D/StateMachine(  598): processMsg: ConnectedState
D/WifiStateMachine(  598): ConnectedState{ what=131085 when=-4ms target=Handler (com.android.internal.util.StateMachine$SmHandler) {422da338} }
D/StateMachine(  598): processMsg: L2ConnectedState
D/WifiStateMachine(  598): L2ConnectedState{ what=131085 when=-4ms target=Handler (com.android.internal.util.StateMachine$SmHandler) {422da338} }
D/StateMachine(  598): processMsg: ConnectModeState
D/WifiStateMachine(  598): ConnectModeState{ what=131085 when=-4ms target=Handler (com.android.internal.util.StateMachine$SmHandler) {422da338} }
D/StateMachine(  598): processMsg: DriverStartedState
D/WifiStateMachine(  598): DriverStartedState{ what=131085 when=-4ms target=Handler (com.android.internal.util.StateMachine$SmHandler) {422da338} }
D/StateMachine(  598): handleMessage: X
D/StateMachine(  598): handleMessage: E msg.what=131149
D/StateMachine(  598): processMsg: ConnectedState
D/WifiStateMachine(  598): ConnectedState{ what=131149 when=-4ms target=Handler (com.android.internal.util.StateMachine$SmHandler) {422da338} }
D/StateMachine(  598): processMsg: L2ConnectedState
D/WifiStateMachine(  598): L2ConnectedState{ what=131149 when=-4ms target=Handler (com.android.internal.util.StateMachine$SmHandler) {422da338} }
D/StateMachine(  598): processMsg: ConnectModeState
D/WifiService(  598): acquireWifiLockLocked: WifiLock{NetworkLocationLocator type=2 binder=android.os.BinderProxy@421d8b18}
D/WifiService(  598): updateWifiState(): wifiApEnabled: false, wifiApAirplaneMode: falsegetWifiEnabledState(): 3, getWifiApEnabledState: 11
D/WifiService(  598): updateWifiState(): mAirplaneModeOn.get(): false, mPersistWifiState.get(): 1
D/WifiService(  598): updateWifiState(): mEmergencyCallbackMode: false, mDeviceIdle: false, lockHeld: true, mStopWifiRequested:false
D/WifiService(  598): updateWifiState(): enable and start wifi
D/WifiStateMachine(  598): ConnectModeState{ what=131149 when=-11ms target=Handler (com.android.internal.util.StateMachine$SmHandler) {422da338} }
D/StateMachine(  598): processMsg: DriverStartedState
D/WifiStateMachine(  598): DriverStartedState{ what=131149 when=-11ms target=Handler (com.android.internal.util.StateMachine$SmHandler) {422da338} }
D/StateMachine(  598): handleMessage: X
D/StateMachine(  598): handleMessage: E msg.what=131143
D/StateMachine(  598): processMsg: ConnectedState
D/WifiStateMachine(  598): ConnectedState{ what=131143 when=-6ms target=Handler (com.android.internal.util.StateMachine$SmHandler) {422da338} arg1=2 }
D/StateMachine(  598): processMsg: L2ConnectedState
D/WifiStateMachine(  598): L2ConnectedState{ what=131143 when=-6ms target=Handler (com.android.internal.util.StateMachine$SmHandler) {422da338} arg1=2 }
I/wpa_ctrl(  598): [wpa_ctrl_request] ctrl address = 50982678, ctrl_conn address = 0
D/StateMachine(  598): processMsg: ConnectModeState
D/WifiStateMachine(  598): ConnectModeState{ what=131143 when=-7ms target=Handler (com.android.internal.util.StateMachine$SmHandler) {422da338} arg1=2 }
D/StateMachine(  598): processMsg: DriverStartedState
D/WifiStateMachine(  598): DriverStartedState{ what=131143 when=-7ms target=Handler (com.android.internal.util.StateMachine$SmHandler) {422da338} arg1=2 }
I/wpa_supplicant(  798): SCAN enter
I/wpa_supplicant(  798): wlan0: wpa_supplicant_scan enter
I/wpa_supplicant(  798): wlan0: wpa_supplicant_scan wpa_s->conf->ap_scan=2 , scan_req =2
I/wpa_supplicant(  798): wpa_supplicant_trigger_scan +
I/wpa_ctrl(  598): [wpa_ctrl_request] ctrl address = 50982678, ctrl_conn address = 0
D/StateMachine(  598): handleMessage: X
D/PowerManagerService(  598): releaseWakeLock(4230d528): PARTIAL_WAKE_LOCK , tag=NetworkLocationCallbackRunner, flags=0x1
D/PowerManagerService(  598): acquireWakeLock(4241ae98): PARTIAL_WAKE_LOCK , tag=RILJ, flags=0x1, pid=968, uid=1001, mUserState=0x3
D/PowerManagerService(  598): releaseWakeLock(4241ae98): PARTIAL_WAKE_LOCK , tag=RILJ, flags=0x1
D/CordovaLog( 2788): file:///android_asset/www/js/openfb.js: Line 38 : file:///android_asset/oauthcallback.html
I/Web Console( 2788): file:///android_asset/oauthcallback.html at file:///android_asset/www/js/openfb.js:38
D/CordovaLog( 2788): file:///android_asset/www/js/openfb.js: Line 39 : file:///android_asset/logoutcallback.html
I/Web Console( 2788): file:///android_asset/logoutcallback.html at file:///android_asset/www/js/openfb.js:39
D/CordovaLog( 2788): file:///android_asset/www/js/app.js: Line 14 : Service initialized
I/Web Console( 2788): Service initialized at file:///android_asset/www/js/app.js:14
V/chromium( 2788): external/chromium/net/disk_cache/hostres_plugin_bridge.cc:52: [0322/111346:INFO:hostres_plugin_bridge.cc(52)] StatHubCreateHostResPlugin initializing...
V/chromium( 2788): external/chromium/net/disk_cache/hostres_plugin_bridge.cc:57: [0322/111346:INFO:hostres_plugin_bridge.cc(57)] StatHubCreateHostResPlugin lib loaded
V/chromium( 2788): external/chromium/net/disk_cache/hostres_plugin_bridge.cc:63: [0322/111346:INFO:hostres_plugin_bridge.cc(63)] StatHubCreateHostResPlugin plugin connected
V/chromium( 2788): external/chromium/net/http/http_cache.cc:1168: [0322/111346:INFO:http_cache.cc(1168)] HttpCache::OnBackendCreated HostStat created
E/chromium( 2788): external/chromium/net/disk_cache/stat_hub.cc:216: [0322/111346:ERROR:stat_hub.cc(216)] StatHub::Init - App co.giftmeapp.giftme isn't supported.
V/chromium( 2788): external/chromium/net/disk_cache/hostres_plugin_bridge.cc:73: [0322/111346:INFO:hostres_plugin_bridge.cc(73)] netstack: Failed to find symbols in plugin: libdnshostprio.so
E/chromium( 2788): external/chromium/net/disk_cache/stat_hub.cc:216: [0322/111346:ERROR:stat_hub.cc(216)] StatHub::Init - App co.giftmeapp.giftme isn't supported.
D/libc    (  250): _resolv_cache_lookup: lookup
D/libc    (  250): [SMD]bl_level = 125
D/libc    (  250): [SMD][Mode1]: Screen on and original TTL is not expired
D/libc    (  250): FOUND IN CACHE entry=0x40168388
I/wpa_supplicant(  798): wlan0: [HTC] wpa_supplicant_event():2758- Got an original EVENT_SCAN_RESULTS
I/wpa_supplicant(  798): Got an original EVENT_SCAN_RESULTS
I/wpa_supplicant(  798): _wpa_supplicant_event_scan_results -
I/wpa_supplicant(  798): [Horizon Wi-Free] 72:54:d2:ae:26:95 freq=2412 qual=0 noise=0 level=-38 flags=0xb
I/wpa_supplicant(  798): [Moulin Rouge] 70:54:d2:ae:26:93 freq=2412 qual=0 noise=0 level=-44 flags=0x2b
I/wpa_supplicant(  798): [Horizon Wi-Free] c6:27:95:bc:5c:55 freq=2412 qual=0 noise=0 level=-68 flags=0xb
I/wpa_supplicant(  798): [UPC2532832] c4:27:95:bc:5c:53 freq=2412 qual=0 noise=0 level=-68 flags=0xb
I/wpa_supplicant(  798): [UPC247270611] bc:8c:cd:d2:6d:d8 freq=2412 qual=0 noise=0 level=-85 flags=0xb
I/wpa_supplicant(  798): [] 02:24:8c:69:0a:f6 freq=2437 qual=0 noise=0 level=-86 flags=0xb
D/StateMachine(  598): handleMessage: E msg.what=147461
D/StateMachine(  598): processMsg: ConnectedState
D/WifiStateMachine(  598): ConnectedState{ what=147461 when=0 target=Handler (com.android.internal.util.StateMachine$SmHandler) {422da338} }
D/StateMachine(  598): processMsg: L2ConnectedState
D/WifiStateMachine(  598): L2ConnectedState{ what=147461 when=0 target=Handler (com.android.internal.util.StateMachine$SmHandler) {422da338} }
D/StateMachine(  598): processMsg: ConnectModeState
D/WifiStateMachine(  598): ConnectModeState{ what=147461 when=0 target=Handler (com.android.internal.util.StateMachine$SmHandler) {422da338} }
I/wpa_ctrl(  598): [wpa_ctrl_request] ctrl address = 50982678, ctrl_conn address = 0
D/StateMachine(  598): processMsg: DriverStartedState
D/WifiStateMachine(  598): DriverStartedState{ what=147461 when=-1ms target=Handler (com.android.internal.util.StateMachine$SmHandler) {422da338} }
D/StateMachine(  598): processMsg: SupplicantStartedState
D/WifiStateMachine(  598): SupplicantStartedState{ what=147461 when=-1ms target=Handler (com.android.internal.util.StateMachine$SmHandler) {422da338} }
D/        ( 2788): netstack: Early Connections is: ON, Version: 5.0.1, Param: 3
I/wpa_ctrl(  598): [wpa_ctrl_request] ctrl address = 50982678, ctrl_conn address = 0
I/wpa_ctrl(  598): [wpa_ctrl_request] ctrl address = 50982678, ctrl_conn address = 0
D/StateMachine(  598): handleMessage: X
D/WirelessDisplayService(  598): Receive Wifi scan results available intent.
D/WirelessDisplayService(  598): HANDLE_WIFI_SCAN_RESULT_AVAILABLE, dongle scan = 0
D/WirelessDisplayService(  598): constructDongleInfoFromWifi() dongleScan = false
D/WirelessDisplayService(  598): wfdservice: true, finger gesture: true, don't sendBroadcast
D/WirelessDisplayService(  598): getDiscoveryDongleList
D/chromium( 2788): Unknown chromium error: -6
D/CordovaActivity( 2788): onMessage(spinner,stop)
D/StateMachine(  598): handleMessage: E msg.what=131073
D/StateMachine(  598): processMsg: ConnectedState
D/WifiStateMachine(  598): ConnectedState{ what=131073 when=-1ms target=Handler (com.android.internal.util.StateMachine$SmHandler) {422da338} arg1=2 }
D/StateMachine(  598): processMsg: L2ConnectedState
D/WifiStateMachine(  598): L2ConnectedState{ what=131073 when=-1ms target=Handler (com.android.internal.util.StateMachine$SmHandler) {422da338} arg1=2 }
D/StateMachine(  598): processMsg: ConnectModeState
D/WifiStateMachine(  598): ConnectModeState{ what=131073 when=-2ms target=Handler (com.android.internal.util.StateMachine$SmHandler) {422da338} arg1=2 }
D/StateMachine(  598): processMsg: DriverStartedState
D/WifiStateMachine(  598): DriverStartedState{ what=131073 when=-3ms target=Handler (com.android.internal.util.StateMachine$SmHandler) {422da338} arg1=2 }
D/StateMachine(  598): processMsg: SupplicantStartedState
D/WifiStateMachine(  598): SupplicantStartedState{ what=131073 when=-3ms target=Handler (com.android.internal.util.StateMachine$SmHandler) {422da338} arg1=2 }
D/StateMachine(  598): processMsg: SoftApStartedState
D/WifiStateMachine(  598): SoftApStartedState{ what=131073 when=-3ms target=Handler (com.android.internal.util.StateMachine$SmHandler) {422da338} arg1=2 }
D/StateMachine(  598): processMsg: DefaultState
D/WifiStateMachine(  598): DefaultState{ what=131073 when=-4ms target=Handler (com.android.internal.util.StateMachine$SmHandler) {422da338} arg1=2 }
D/StateMachine(  598): handleMessage: X
D/StateMachine(  598): handleMessage: E msg.what=131083
D/StateMachine(  598): processMsg: ConnectedState
D/WifiStateMachine(  598): ConnectedState{ what=131083 when=-4ms target=Handler (com.android.internal.util.StateMachine$SmHandler) {422da338} }
D/StateMachine(  598): processMsg: L2ConnectedState
D/WifiStateMachine(  598): L2ConnectedState{ what=131083 when=-4ms target=Handler (com.android.internal.util.StateMachine$SmHandler) {422da338} }
D/StateMachine(  598): processMsg: ConnectModeState
D/WifiStateMachine(  598): ConnectModeState{ what=131083 when=-4ms target=Handler (com.android.internal.util.StateMachine$SmHandler) {422da338} }
D/StateMachine(  598): processMsg: DriverStartedState
D/WifiStateMachine(  598): DriverStartedState{ what=131083 when=-4ms target=Handler (com.android.internal.util.StateMachine$SmHandler) {422da338} }
D/StateMachine(  598): processMsg: SupplicantStartedState
D/WifiStateMachine(  598): SupplicantStartedState{ what=131083 when=-5ms target=Handler (com.android.internal.util.StateMachine$SmHandler) {422da338} }
D/StateMachine(  598): processMsg: SoftApStartedState
D/WifiStateMachine(  598): SoftApStartedState{ what=131083 when=-5ms target=Handler (com.android.internal.util.StateMachine$SmHandler) {422da338} }
D/StateMachine(  598): processMsg: DefaultState
D/WifiStateMachine(  598): DefaultState{ what=131083 when=-5ms target=Handler (com.android.internal.util.StateMachine$SmHandler) {422da338} }
D/StateMachine(  598): handleMessage: X
D/StateMachine(  598): handleMessage: E msg.what=131144
D/StateMachine(  598): processMsg: ConnectedState
D/WifiStateMachine(  598): ConnectedState{ what=131144 when=-5ms target=Handler (com.android.internal.util.StateMachine$SmHandler) {422da338} arg1=1 }
D/StateMachine(  598): processMsg: L2ConnectedState
D/WifiStateMachine(  598): L2ConnectedState{ what=131144 when=-5ms target=Handler (com.android.internal.util.StateMachine$SmHandler) {422da338} arg1=1 }
D/StateMachine(  598): handleMessage: X
D/StateMachine(  598): handleMessage: E msg.what=131085
D/StateMachine(  598): processMsg: ConnectedState
D/WifiStateMachine(  598): ConnectedState{ what=131085 when=-5ms target=Handler (com.android.internal.util.StateMachine$SmHandler) {422da338} }
D/StateMachine(  598): processMsg: L2ConnectedState
D/WifiStateMachine(  598): L2ConnectedState{ what=131085 when=-6ms target=Handler (com.android.internal.util.StateMachine$SmHandler) {422da338} }
D/StateMachine(  598): processMsg: ConnectModeState
D/WifiStateMachine(  598): ConnectModeState{ what=131085 when=-6ms target=Handler (com.android.internal.util.StateMachine$SmHandler) {422da338} }
D/StateMachine(  598): processMsg: DriverStartedState
D/WifiStateMachine(  598): DriverStartedState{ what=131085 when=-7ms target=Handler (com.android.internal.util.StateMachine$SmHandler) {422da338} }
D/StateMachine(  598): handleMessage: X
D/StateMachine(  598): handleMessage: E msg.what=131149
D/StateMachine(  598): processMsg: ConnectedState
D/WifiStateMachine(  598): ConnectedState{ what=131149 when=-7ms target=Handler (com.android.internal.util.StateMachine$SmHandler) {422da338} }
D/StateMachine(  598): processMsg: L2ConnectedState
D/WifiStateMachine(  598): L2ConnectedState{ what=131149 when=-7ms target=Handler (com.android.internal.util.StateMachine$SmHandler) {422da338} }
D/StateMachine(  598): processMsg: ConnectModeState
D/WifiStateMachine(  598): ConnectModeState{ what=131149 when=-8ms target=Handler (com.android.internal.util.StateMachine$SmHandler) {422da338} }
D/StateMachine(  598): processMsg: DriverStartedState
D/WifiStateMachine(  598): DriverStartedState{ what=131149 when=-8ms target=Handler (com.android.internal.util.StateMachine$SmHandler) {422da338} }
D/StateMachine(  598): handleMessage: X
D/HybridProvider(  598): getName
D/HybridProvider(  598): updateLocation.Not supported
D/WifiService(  598): releaseWifiLockLocked: WifiLock{NetworkLocationLocator type=2 binder=android.os.BinderProxy@421d8b18}
D/WifiService(  598): updateWifiState(): wifiApEnabled: false, wifiApAirplaneMode: falsegetWifiEnabledState(): 3, getWifiApEnabledState: 11
D/WifiService(  598): updateWifiState(): mAirplaneModeOn.get(): false, mPersistWifiState.get(): 1
D/WifiService(  598): updateWifiState(): mEmergencyCallbackMode: false, mDeviceIdle: false, lockHeld: true, mStopWifiRequested:false
D/WifiService(  598): updateWifiState(): enable and start wifi
D/PowerManagerService(  598): releaseWakeLock(421f99e0): PARTIAL_WAKE_LOCK , tag=NetworkLocationLocator, flags=0x1
D/GpsLocationProvider(  598): [handleMessage] message :7
D/GpsLocationProvider(  598): Gps MessageHandler. msg.what 7 msg.arg1:0 msg.arg2: 0
D/GpsLocationProvider(  598): [handleMessage] UPDATE_LOCATION
D/GpsLocationProvider(  598): handleUpdateLocation
D/PowerManagerService(  598): acquireWakeLock(420e8e18): PARTIAL_WAKE_LOCK , tag=GpsLocationProvider, flags=0x1, pid=598, uid=1000, mUserState=0x3
V/LocationManagerService(  598): In handleLocationChangedLocked.For provider: network
D/QMI_FW  (  598): QCCI: QMI_CCI_TX: cntl_flag - 00, txn_id - 0314, msg_id - 0039, msg_len - 0021
D/QMI_FW  (  598): QCCI: Sent[258]: 40 bytes to port 2816
D/PowerManagerService(  598): releaseWakeLock(420e8e18): PARTIAL_WAKE_LOCK , tag=GpsLocationProvider, flags=0x1
D/GpsLocationProvider(  598): [reportHTCStatus] eventMask = 2 , status = 0
D/GpsLocationProvider(  598): [reportHTCStatus] HTC_GPS_STATUS_INJECT_LOCATION
D/QMI_FW  (  598): QCCI: reader_thread: Received 14 bytes from 258
D/QMI_FW  (  598): QCCI: QMI_CCI_RX: cntl_flag - 02, txn_id - 0314, msg_id - 0039, msg_len - 0007
D/QMI_FW  (  598): QCCI: reader_thread: Received 14 bytes from 258
D/QMI_FW  (  598): QCCI: QMI_CCI_RX: cntl_flag - 04, txn_id - 0000, msg_id - 0039, msg_len - 0007
