I/ActivityThread(30839): Pub ru.mail.mailbox.contacts: ru.mail.mailbox.content.contact.ContactsProvider
I/ActivityThread(30839): Pub ru.mail.mailbox.content: ru.mail.mailbox.content.MailContentProvider
I/ActivityThread(30839): Pub ru.mail.mailbox.offline: ru.mail.syncadapter.offline.OfflineProviderStub
I/ActivityThread(30839): Pub ru.mail.mailapp.images.cache: ru.mail.util.bitmapfun.upgrade.DiskCacheContentProvider
I/ActivityThread(30839): Pub ru.mail.mailbox.content.advertising: ru.mail.syncadapter.advertising.AdvertisingProviderStub
D/HockeyApp(30839): Current handler class = com.android.internal.os.RuntimeInit$UncaughtHandler
D/ConnectivityService(  586): handleInetConditionHoldEnd: net=1, condition=100, published condition=100
D/ConnectivityService(  586): sendStickyBroadcast: action=android.net.conn.INET_CONDITION_ACTION
D/WIFI_ICON(  800): updateConnectivity: type=1 connected=true
D/StatusBar.NetworkController(  800): dumpState[hasService=true ServiceState=0 home 3 3 27202  EDGE CSS not supported -1 -1 RoamInd=-1 DefRoamInd=-1EriInd= -1EriMode= -1RadioPowerSv: false EmergOnly=false PhoneType: 1 IsCdma=false SimState=UNKNOWN GprsState=0 DataState=Disconnected DataActivity=NONE NetworkType=EDGE HtcModemLinkOn=false HspaDataDistinquishable=true]
D/StatusBar.NetworkController(  800): dumpIconState[dataVisible=false dataIconId=stat_sys_data_connected_3g signalIconId=stat_sys_5signal_3 wifiVisible=true wifiIconId=stat_sys_wifi_signal_4 airplaneMode=false]
D/StateMachine(  586): handleMessage: E msg.what=131218
D/StateMachine(  586): processMsg: ConnectedState
D/WifiStateMachine(  586): ConnectedState{ what=131218 when=0 target=Handler (com.android.internal.util.StateMachine$SmHandler) {42cbc910} }
D/StateMachine(  586): processMsg: L2ConnectedState
D/WifiStateMachine(  586): L2ConnectedState{ what=131218 when=0 target=Handler (com.android.internal.util.StateMachine$SmHandler) {42cbc910} }
D/StateMachine(  586): processMsg: ConnectModeState
D/WifiStateMachine(  586): ConnectModeState{ what=131218 when=0 target=Handler (com.android.internal.util.StateMachine$SmHandler) {42cbc910} }
D/StateMachine(  586): processMsg: DriverStartedState
D/WifiStateMachine(  586): DriverStartedState{ what=131218 when=-1ms target=Handler (com.android.internal.util.StateMachine$SmHandler) {42cbc910} }
I/wpa_ctrl(  586): [wpa_ctrl_request] ctrl address = 5716ed78, ctrl_conn address = 0
D/StateMachine(  586): handleMessage: X
D/StateMachine(  586): handleMessage: E msg.what=131218
D/StateMachine(  586): processMsg: ConnectedState
D/WifiStateMachine(  586): ConnectedState{ what=131218 when=-7ms target=Handler (com.android.internal.util.StateMachine$SmHandler) {42cbc910} }
D/StateMachine(  586): processMsg: L2ConnectedState
D/WifiStateMachine(  586): L2ConnectedState{ what=131218 when=-7ms target=Handler (com.android.internal.util.StateMachine$SmHandler) {42cbc910} }
D/StateMachine(  586): processMsg: ConnectModeState
D/WifiStateMachine(  586): ConnectModeState{ what=131218 when=-7ms target=Handler (com.android.internal.util.StateMachine$SmHandler) {42cbc910} }
D/StateMachine(  586): processMsg: DriverStartedState
D/WifiStateMachine(  586): DriverStartedState{ what=131218 when=-8ms target=Handler (com.android.internal.util.StateMachine$SmHandler) {42cbc910} }
I/wpa_ctrl(  586): [wpa_ctrl_request] ctrl address = 5716ed78, ctrl_conn address = 0
D/StateMachine(  586): handleMessage: X
E/dalvikvm(30839): Could not find class 'com.flurry.sdk.i', referenced from method com.flurry.sdk.hu.a
W/dalvikvm(30839): VFY: unable to resolve const-class 2112 (Lcom/flurry/sdk/i;) in Lcom/flurry/sdk/hu;
D/Socket_Alarm(30839): registerHTCSocketMonitorCallBack
D/Socket_Alarm(30839): set mSocketMonitor
D/Socket_Alarm(30839): HTCSocketMonitorImpl::HTCSocketMonitorImpl
D/PowerManagerService(  586): acquireWakeLock(42dd7960): PARTIAL_WAKE_LOCK , tag=AlarmManager, flags=0x1, pid=586, uid=1000, mUserState=0x3
V/AlarmManager(  586): sending alarm PendingIntent{42f88de0: PendingIntentRecord{42d332f0 ru.mail.mailapp startService}}, intent=ru.mail.mailapp.ACTION_PUSH_TOKEN_CHECK, type=ELAPSED_REALTIME, count=60, when=658800000, repeateInterval=10800000
D/PowerManagerService(  586): releaseWakeLock(42dd7960): PARTIAL_WAKE_LOCK , tag=AlarmManager, flags=0x1
D/PowerManagerService(  586): acquireWakeLock(42daba58): PARTIAL_WAKE_LOCK , tag=GCM_CONN, flags=0x1, pid=19604, uid=10017, mUserState=0x3
I/GCM     (19604): GCM message ru.mail.mailapp 0:1429737187146464%65e4959e88c28e4a
D/ConnectivityService(  586): reportInetCondition for net 1, percentage: 100 by 19604/10017
D/ConnectivityService(  586): handleInetConditionChange: net=1, condition=100,mActiveDefaultNetwork=1
D/ConnectivityService(  586): handleInetConditionChange: starting a change hold
D/PowerManagerService(  586): acquireWakeLock(42d96a88): PARTIAL_WAKE_LOCK , tag=*net_scheduler*, flags=0x1, pid=19604, uid=10017, mUserState=0x3
D/PowerManagerService(  586): releaseWakeLock(42d96a88): PARTIAL_WAKE_LOCK , tag=*net_scheduler*, flags=0x1
D/PowerManagerService(  586): releaseWakeLock(42daba58): PARTIAL_WAKE_LOCK , tag=GCM_CONN, flags=0x1
W/CursorWrapperInner(30839): Cursor finalized without prior close()
D/webcoreglue(30839): netstack: Memory Cache feature is ON
D/PowerManagerService(  586): acquireWakeLock(42d5f0f0): PARTIAL_WAKE_LOCK , tag=wake:ru.mail.mailapp/ru.mail.util.push.gcm.GcmProcessBroadcastService, flags=0x1, pid=30839, uid=10139, mUserState=0x3
D/HybridProvider(  586): getName
W/GCM-DMM (19604): broadcast intent callback: result=CANCELLED forIntent { act=com.google.android.c2dm.intent.RECEIVE pkg=ru.mail.mailapp (has extras) }
V/LocationManagerService(  586): getAllProviders
V/LocationManagerService(  586): getLastKnownLocation: network
V/LocationManagerService(  586): getLastKnownLocation: passive
V/LocationManagerService(  586): getLastKnownLocation: hybrid
V/LocationManagerService(  586): getLastKnownLocation: gps
D/HybridProvider(  586): getName
D/HybridProvider(  586): getName
V/LocationManagerService(  586): getAllProviders
V/LocationManagerService(  586): getLastKnownLocation: network
V/LocationManagerService(  586): getLastKnownLocation: passive
V/LocationManagerService(  586): getLastKnownLocation: hybrid
V/LocationManagerService(  586): getLastKnownLocation: gps
V/LocationManagerService(  586): getAllProviders
V/LocationManagerService(  586): getLastKnownLocation: network
V/LocationManagerService(  586): getLastKnownLocation: passive
V/LocationManagerService(  586): getLastKnownLocation: hybrid
V/LocationManagerService(  586): getLastKnownLocation: gps
D/PowerManagerService(  586): acquireWakeLock(42cf78d0): PARTIAL_WAKE_LOCK , tag=wake:ru.mail.mailapp/ru.mail.util.push.gcm.GcmProcessBroadcastService, flags=0x1, pid=30839, uid=10139, mUserState=0x3
D/PowerManagerService(  586): acquireWakeLock(42c98840): PARTIAL_WAKE_LOCK , tag=SyncLoopWakeLock, flags=0x1, pid=586, uid=1000, mUserState=0x3
D/PowerManagerService(  586): releaseWakeLock(42d5f0f0): PARTIAL_WAKE_LOCK , tag=wake:ru.mail.mailapp/ru.mail.util.push.gcm.GcmProcessBroadcastService, flags=0x1
W/GCM-DMM (19604): broadcast intent callback: result=CANCELLED forIntent { act=com.google.android.c2dm.intent.RECEIVE pkg=ru.mail.mailapp (has extras) }
V/chromium(30839): external/chromium/net/host_resolver_helper/host_resolver_helper.cc:66: [0422/221306:INFO:host_resolver_helper.cc(66)] DNSPreResolver::Init got hostprovider:0x51956010
V/chromium(30839): external/chromium/net/base/host_resolver_impl.cc:1510: [0422/221306:INFO:host_resolver_impl.cc(1510)] HostResolverImpl::SetPreresolver preresolver:0x51946860
D/HostStatisticManager(30839): netstack: DNS Host Prioritization is: ON, Version: 5.0.1
D/        (30839): dl error message Cannot load library: link_image[1891]:   253 could not load needed library 'libcneapiclient.so' for 'libtcpfinaggr.so' (load_library[1093]: Library 'libcneapiclient.so' not found)
D/Socket_Pool(30839): Failed to create TCP Fin Aggregation interface.
D/Socket_Pool(30839): netstack: CloseUnusedSockets is ON
D/Socket_Pool(30839): netstack: system net.statistics value: 0
D/Socket_Pool(30839): Failed to create TCP Fin Aggregation interface.
D/Socket_Pool(30839): netstack: CloseUnusedSockets is ON
D/Socket_Pool(30839): netstack: system net.statistics value: 0
D/PowerManagerService(  586): releaseWakeLock(42cf78d0): PARTIAL_WAKE_LOCK , tag=wake:ru.mail.mailapp/ru.mail.util.push.gcm.GcmProcessBroadcastService, flags=0x1
D/        (30839): external/chromium/net/http/http_getzip_factory.cc: libgetzip.so successfully loaded
D/        (30839): external/chromium/net/http/http_getzip_factory.cc,: GETzip initializing method was found in libgetzip.so
D/        (30839): netstack: Getzip is: ON, Version: 5.0.1
D/Socket_Pool(30839): Failed to create TCP Fin Aggregation interface.
D/Socket_Pool(30839): netstack: CloseUnusedSockets is ON
D/Socket_Pool(30839): netstack: system net.statistics value: 0
D/Socket_Pool(30839): Failed to create TCP Fin Aggregation interface.
D/Socket_Pool(30839): netstack: CloseUnusedSockets is ON
D/Socket_Pool(30839): netstack: system net.statistics value: 0
D/PowerManagerService(  586): releaseWakeLock(4300b250): PARTIAL_WAKE_LOCK , tag=GOOGLE_C2DM, flags=0x1
D/PowerManagerService(  586): acquireWakeLock(42bb5030): PARTIAL_WAKE_LOCK , tag=*sync*_ru.mail.mailbox.content_Account {name=muw**********u, type=ru.mail}, flags=0x1, pid=586, uid=1000, mUserState=0x3
D/PowerManagerService(  586): releaseWakeLock(42c98840): PARTIAL_WAKE_LOCK , tag=SyncLoopWakeLock, flags=0x1
D/PowerManagerService(  586): acquireWakeLock(42b55558): PARTIAL_WAKE_LOCK , tag=SyncLoopWakeLock, flags=0x1, pid=586, uid=1000, mUserState=0x3
D/ConnectivityService(  586): handleInetConditionHoldEnd: net=1, condition=100, published condition=100
D/ConnectivityService(  586): sendStickyBroadcast: action=android.net.conn.INET_CONDITION_ACTION
D/WIFI_ICON(  800): updateConnectivity: type=1 connected=true
D/StateMachine(  586): handleMessage: E msg.what=131218
D/StateMachine(  586): processMsg: ConnectedState
D/WifiStateMachine(  586): ConnectedState{ what=131218 when=-1ms target=Handler (com.android.internal.util.StateMachine$SmHandler) {42cbc910} }
D/StateMachine(  586): processMsg: L2ConnectedState
D/WifiStateMachine(  586): L2ConnectedState{ what=131218 when=-1ms target=Handler (com.android.internal.util.StateMachine$SmHandler) {42cbc910} }
D/StateMachine(  586): processMsg: ConnectModeState
D/WifiStateMachine(  586): ConnectModeState{ what=131218 when=-1ms target=Handler (com.android.internal.util.StateMachine$SmHandler) {42cbc910} }
D/StateMachine(  586): processMsg: DriverStartedState
D/WifiStateMachine(  586): DriverStartedState{ what=131218 when=-2ms target=Handler (com.android.internal.util.StateMachine$SmHandler) {42cbc910} }
I/wpa_ctrl(  586): [wpa_ctrl_request] ctrl address = 5716ed78, ctrl_conn address = 0
D/StateMachine(  586): handleMessage: X
D/StateMachine(  586): handleMessage: E msg.what=131218
D/StatusBar.NetworkController(  800): dumpState[hasService=true ServiceState=0 home 3 3 27202  EDGE CSS not supported -1 -1 RoamInd=-1 DefRoamInd=-1EriInd= -1EriMode= -1RadioPowerSv: false EmergOnly=false PhoneType: 1 IsCdma=false SimState=UNKNOWN GprsState=0 DataState=Disconnected DataActivity=NONE NetworkType=EDGE HtcModemLinkOn=false HspaDataDistinquishable=true]
D/StatusBar.NetworkController(  800): dumpIconState[dataVisible=false dataIconId=stat_sys_data_connected_3g signalIconId=stat_sys_5signal_3 wifiVisible=true wifiIconId=stat_sys_wifi_signal_4 airplaneMode=false]
D/libc    (  251): _resolv_cache_lookup: lookup
D/libc    (  251): [SMD]bl_level = 125
D/libc    (  251): [SMD][Mode1]: Screen on and original TTL is expired
D/libc    (  251):  Cache EXPIRED (STALE ENTRY 0x40328518 DISCARDED) or need renew
D/StateMachine(  586): processMsg: ConnectedState
D/WifiStateMachine(  586): ConnectedState{ what=131218 when=-4ms target=Handler (com.android.internal.util.StateMachine$SmHandler) {42cbc910} }
D/StateMachine(  586): processMsg: L2ConnectedState
D/WifiStateMachine(  586): L2ConnectedState{ what=131218 when=-4ms target=Handler (com.android.internal.util.StateMachine$SmHandler) {42cbc910} }
D/StateMachine(  586): processMsg: ConnectModeState
D/WifiStateMachine(  586): ConnectModeState{ what=131218 when=-4ms target=Handler (com.android.internal.util.StateMachine$SmHandler) {42cbc910} }
D/StateMachine(  586): processMsg: DriverStartedState
D/WifiStateMachine(  586): DriverStartedState{ what=131218 when=-5ms target=Handler (com.android.internal.util.StateMachine$SmHandler) {42cbc910} }
I/wpa_ctrl(  586): [wpa_ctrl_request] ctrl address = 5716ed78, ctrl_conn address = 0
D/StateMachine(  586): handleMessage: X
D/PowerManagerService(  586): releaseWakeLock(42b55558): PARTIAL_WAKE_LOCK , tag=SyncLoopWakeLock, flags=0x1
D/PowerManagerService(  586): acquireWakeLock(42c5f6b0): PARTIAL_WAKE_LOCK , tag=SyncLoopWakeLock, flags=0x1, pid=586, uid=1000, mUserState=0x3
D/StateMachine(  586): handleMessage: E msg.what=131155
D/StateMachine(  586): processMsg: ConnectedState
D/WifiStateMachine(  586): ConnectedState{ what=131155 when=-1ms target=Handler (com.android.internal.util.StateMachine$SmHandler) {42cbc910} arg1=1014 }
D/StateMachine(  586): processMsg: L2ConnectedState
D/WifiStateMachine(  586): L2ConnectedState{ what=131155 when=-1ms target=Handler (com.android.internal.util.StateMachine$SmHandler) {42cbc910} arg1=1014 }
I/wpa_ctrl(  586): [wpa_ctrl_request] ctrl address = 5716ed78, ctrl_conn address = 0
D/WifiStateMachine(  586): fetchRssiAndLinkSpeedNative RSSI = -42
D/StateMachine(  586): handleMessage: X
D/PowerManagerService(  586): releaseWakeLock(42c5f6b0): PARTIAL_WAKE_LOCK , tag=SyncLoopWakeLock, flags=0x1
D/PowerManagerService(  586): acquireWakeLock(4280b7e8): PARTIAL_WAKE_LOCK , tag=SyncLoopWakeLock, flags=0x1, pid=586, uid=1000, mUserState=0x3
D/PowerManagerService(  586): releaseWakeLock(42bb5030): PARTIAL_WAKE_LOCK , tag=*sync*_ru.mail.mailbox.content_Account {name=muw**********u, type=ru.mail}, flags=0x1
D/PowerManagerService(  586): acquireWakeLock(42d19860): PARTIAL_WAKE_LOCK , tag=*sync*_ru.mail.mailbox.content_Account {name=muw**********u, type=ru.mail}, flags=0x1, pid=586, uid=1000, mUserState=0x3
D/PowerManagerService(  586): releaseWakeLock(4280b7e8): PARTIAL_WAKE_LOCK , tag=SyncLoopWakeLock, flags=0x1
D/PowerManagerService(  586): acquireWakeLock(42a0b490): PARTIAL_WAKE_LOCK , tag=SyncLoopWakeLock, flags=0x1, pid=586, uid=1000, mUserState=0x3
D/PowerManagerService(  586): releaseWakeLock(42a0b490): PARTIAL_WAKE_LOCK , tag=SyncLoopWakeLock, flags=0x1
D/PowerManagerService(  586): acquireWakeLock(42a45200): PARTIAL_WAKE_LOCK , tag=SyncLoopWakeLock, flags=0x1, pid=586, uid=1000, mUserState=0x3
D/PowerManagerService(  586): releaseWakeLock(42d19860): PARTIAL_WAKE_LOCK , tag=*sync*_ru.mail.mailbox.content_Account {name=muw**********u, type=ru.mail}, flags=0x1
D/PowerManagerService(  586): acquireWakeLock(42f7f0b8): PARTIAL_WAKE_LOCK , tag=*sync*_ru.mail.mailbox.content_Account {name=muw**********u, type=ru.mail}, flags=0x1, pid=586, uid=1000, mUserState=0x3
D/PowerManagerService(  586): releaseWakeLock(42a45200): PARTIAL_WAKE_LOCK , tag=SyncLoopWakeLock, flags=0x1
D/PowerManagerService(  586): acquireWakeLock(42c67d68): PARTIAL_WAKE_LOCK , tag=SyncLoopWakeLock, flags=0x1, pid=586, uid=1000, mUserState=0x3
D/PowerManagerService(  586): releaseWakeLock(42c67d68): PARTIAL_WAKE_LOCK , tag=SyncLoopWakeLock, flags=0x1
D/PowerManagerService(  586): acquireWakeLock(432234f0): PARTIAL_WAKE_LOCK , tag=SyncLoopWakeLock, flags=0x1, pid=586, uid=1000, mUserState=0x3
D/PowerManagerService(  586): releaseWakeLock(42f7f0b8): PARTIAL_WAKE_LOCK , tag=*sync*_ru.mail.mailbox.content_Account {name=muw**********u, type=ru.mail}, flags=0x1
D/PowerManagerService(  586): releaseWakeLock(432234f0): PARTIAL_WAKE_LOCK , tag=SyncLoopWakeLock, flags=0x1
W/System.err(30839): java.lang.InterruptedException
W/System.err(30839): java.util.concurrent.CancellationException
W/System.err(30839): 	at java.lang.Object.wait(Native Method)
W/System.err(30839): 	at java.lang.Object.wait(Object.java:364)
W/System.err(30839): 	at ru.mail.mailbox.content.AsyncDbHandler.getResponseBlocking(ProGuard:723)
W/System.err(30839): 	at ru.mail.mailbox.content.AsyncDbHandler.customRequestBlocking(ProGuard:717)
W/System.err(30839): 	at ru.mail.mailbox.cmd.b.g.a(ProGuard:34)
W/System.err(30839): 	at ru.mail.mailbox.cmd.b.g.onExecute(ProGuard:19)
W/System.err(30839): 	at ru.mail.mailbox.cmd.n.execute(ProGuard:78)
W/System.err(30839): 	at ru.mail.mailbox.a.a.b$2.call(ProGuard:220)
W/System.err(30839): 	at java.util.concurrent.FutureTask$Sync.innerRun(FutureTask.java:305)
W/System.err(30839): 	at java.util.concurrent.FutureTask.run(FutureTask.java:137)
W/System.err(30839): 	at java.util.concurrent.ThreadPoolExecutor.runWorker(ThreadPoolExecutor.java:1076)
W/System.err(30839): 	at java.util.concurrent.ThreadPoolExecutor$Worker.run(ThreadPoolExecutor.java:569)
W/System.err(30839): 	at java.lang.Thread.run(Thread.java:864)
W/System.err(30839): 	at java.util.concurrent.FutureTask$Sync.innerGet(FutureTask.java:221)
W/System.err(30839): 	at java.util.concurrent.FutureTask.get(FutureTask.java:82)
W/System.err(30839): 	at ru.mail.mailbox.a.a.b$c.get(ProGuard:282)
W/System.err(30839): 	at ru.mail.mailbox.cmd.o.getResultFromFuture(ProGuard:144)
W/System.err(30839): 	at ru.mail.mailbox.cmd.o.executeSingleCommand(ProGuard:127)
W/System.err(30839): 	at ru.mail.mailbox.cmd.o.onExecuteCommand(ProGuard:117)
W/System.err(30839): 	at ru.mail.mailbox.cmd.c.onExecuteCommand(ProGuard:32)
W/System.err(30839): 	at ru.mail.mailbox.cmd.b.e.onExecuteCommand(ProGuard:68)
W/System.err(30839): 	at ru.mail.mailbox.cmd.o.onExecute(ProGuard:74)
W/System.err(30839): 	at ru.mail.mailbox.cmd.n.execute(ProGuard:78)
W/System.err(30839): 	at ru.mail.mailbox.cmd.b$a.a(ProGuard:80)
W/System.err(30839): 	at ru.mail.mailbox.cmd.b$a.doInBackground(ProGuard:68)
W/System.err(30839): 	at android.os.AsyncTask$2.call(AsyncTask.java:287)
W/System.err(30839): 	at java.util.concurrent.FutureTask$Sync.innerRun(FutureTask.java:305)
W/System.err(30839): 	at java.util.concurrent.FutureTask.run(FutureTask.java:137)
W/System.err(30839): 	at java.util.concurrent.ThreadPoolExecutor.runWorker(ThreadPoolExecutor.java:1076)
W/System.err(30839): 	at java.util.concurrent.ThreadPoolExecutor$Worker.run(ThreadPoolExecutor.java:569)
W/System.err(30839): 	at java.lang.Thread.run(Thread.java:864)
D/libc    (  251): [SMD][v0913] Extended TTL = 43200, original TTL = 528
W/SQLiteCursor(30839): Close cursor android.database.sqlite.SQLiteCursor@425b3d28 on null twice or more
W/SQLiteCursor(30839): Close cursor android.database.sqlite.SQLiteCursor@424bd408 on null twice or more
D/libc    (  251): _resolv_cache_lookup: lookup
D/libc    (  251): [SMD]bl_level = 125
D/libc    (  251): [SMD][Mode1]: Screen on and original TTL is expired
D/libc    (  251):  Cache EXPIRED (STALE ENTRY 0x40977400 DISCARDED) or need renew
D/libc    (  251): [SMD][v0913] Extended TTL = 43200, original TTL = 42
D/libc    (  251): _resolv_cache_lookup: lookup
D/libc    (  251): [SMD]bl_level = 125
D/libc    (  251): [SMD][Mode1]: Screen on and original TTL is expired
D/libc    (  251):  Cache EXPIRED (STALE ENTRY 0x40977208 DISCARDED) or need renew
D/libc    (  251): [SMD][v0913] Extended TTL = 43200, original TTL = 20
W/SQLiteCursor(30839): Close cursor android.database.sqlite.SQLiteCursor@423c9d68 on null twice or more
W/SQLiteCursor(30839): Close cursor android.database.sqlite.SQLiteCursor@423c97a8 on null twice or more
W/SQLiteCursor(30839): Close cursor android.database.sqlite.SQLiteCursor@425e7278 on null twice or more
W/SQLiteCursor(30839): Close cursor android.database.sqlite.SQLiteCursor@424f91d0 on null twice or more
W/SQLiteCursor(30839): Close cursor android.database.sqlite.SQLiteCursor@4244fb28 on null twice or more
D/StateMachine(  586): handleMessage: E msg.what=131155
D/StateMachine(  586): processMsg: ConnectedState
D/WifiStateMachine(  586): ConnectedState{ what=131155 when=-12ms target=Handler (com.android.internal.util.StateMachine$SmHandler) {42cbc910} arg1=1014 }
D/StateMachine(  586): processMsg: L2ConnectedState
D/WifiStateMachine(  586): L2ConnectedState{ what=131155 when=-13ms target=Handler (com.android.internal.util.StateMachine$SmHandler) {42cbc910} arg1=1014 }
I/wpa_ctrl(  586): [wpa_ctrl_request] ctrl address = 5716ed78, ctrl_conn address = 0
D/WifiStateMachine(  586): fetchRssiAndLinkSpeedNative RSSI = -42
D/StateMachine(  586): handleMessage: X
D/StateMachine(  586): handleMessage: E msg.what=131218
D/StateMachine(  586): processMsg: ConnectedState
D/WifiStateMachine(  586): ConnectedState{ what=131218 when=-1ms target=Handler (com.android.internal.util.StateMachine$SmHandler) {42cbc910} }
D/StateMachine(  586): processMsg: L2ConnectedState
D/WifiStateMachine(  586): L2ConnectedState{ what=131218 when=-1ms target=Handler (com.android.internal.util.StateMachine$SmHandler) {42cbc910} }
D/StateMachine(  586): processMsg: ConnectModeState
D/WifiStateMachine(  586): ConnectModeState{ what=131218 when=-2ms target=Handler (com.android.internal.util.StateMachine$SmHandler) {42cbc910} }
D/StateMachine(  586): processMsg: DriverStartedState
D/WifiStateMachine(  586): DriverStartedState{ what=131218 when=-3ms target=Handler (com.android.internal.util.StateMachine$SmHandler) {42cbc910} }
I/wpa_ctrl(  586): [wpa_ctrl_request] ctrl address = 5716ed78, ctrl_conn address = 0
D/StateMachine(  586): handleMessage: X
D/KInfoc  (15578): clear batch timer
D/KInfoc  (15578): set batch timer
D/KInfoc  (15578):  BATCH REPORTER STARTED ........
I/AppsFlyer(30839): url: https://track.appsflyer.com/api/v2.2/androidevent?buildnumber=1.3.19&app_id=ru.mail.mailapp
D/libc    (  251): _resolv_cache_lookup: lookup
D/libc    (  251): [SMD]bl_level = 125
D/libc    (  251): [SMD][Mode1]: Screen on and original TTL is expired
D/libc    (  251):  Cache EXPIRED (STALE ENTRY 0x40326a68 DISCARDED) or need renew
D/libc    (  251): [SMD][v0913] Extended TTL = 43200, original TTL = 1
I/AppsFlyer(30839): response code: 200
D/StateMachine(  586): handleMessage: E msg.what=131155
D/StateMachine(  586): processMsg: ConnectedState
D/WifiStateMachine(  586): ConnectedState{ what=131155 when=-6ms target=Handler (com.android.internal.util.StateMachine$SmHandler) {42cbc910} arg1=1014 }
D/StateMachine(  586): processMsg: L2ConnectedState
D/WifiStateMachine(  586): L2ConnectedState{ what=131155 when=-8ms target=Handler (com.android.internal.util.StateMachine$SmHandler) {42cbc910} arg1=1014 }
I/wpa_ctrl(  586): [wpa_ctrl_request] ctrl address = 5716ed78, ctrl_conn address = 0
D/WifiStateMachine(  586): fetchRssiAndLinkSpeedNative RSSI = -40
D/StateMachine(  586): handleMessage: X
D/StateMachine(  586): handleMessage: E msg.what=131155
D/StateMachine(  586): processMsg: ConnectedState
D/WifiStateMachine(  586): ConnectedState{ what=131155 when=-6ms target=Handler (com.android.internal.util.StateMachine$SmHandler) {42cbc910} arg1=1014 }
D/StateMachine(  586): processMsg: L2ConnectedState
D/WifiStateMachine(  586): L2ConnectedState{ what=131155 when=-7ms target=Handler (com.android.internal.util.StateMachine$SmHandler) {42cbc910} arg1=1014 }
I/wpa_ctrl(  586): [wpa_ctrl_request] ctrl address = 5716ed78, ctrl_conn address = 0
D/WifiStateMachine(  586): fetchRssiAndLinkSpeedNative RSSI = -40
D/StateMachine(  586): handleMessage: X
W/dalvikvm(30770): disableGcForExternalAlloc: true
W/dalvikvm(30770): disableGcForExternalAlloc: false
W/dalvikvm(30770): disableGcForExternalAlloc: true
W/dalvikvm(30770): disableGcForExternalAlloc: false
D/CordovaActivity(30770): onMessage(onCreateOptionsMenu,com.android.internal.view.menu.MenuBuilder@4269ab58)
D/CordovaActivity(30770): onMessage(onPrepareOptionsMenu,com.android.internal.view.menu.MenuBuilder@4269ab58)
D/CAT     (  942): CatService: Return current sInstance
D/StateMachine(  586): handleMessage: E msg.what=131155
D/StateMachine(  586): processMsg: ConnectedState
D/WifiStateMachine(  586): ConnectedState{ what=131155 when=-4ms target=Handler (com.android.internal.util.StateMachine$SmHandler) {42cbc910} arg1=1014 }
D/StateMachine(  586): processMsg: L2ConnectedState
D/WifiStateMachine(  586): L2ConnectedState{ what=131155 when=-5ms target=Handler (com.android.internal.util.StateMachine$SmHandler) {42cbc910} arg1=1014 }
I/wpa_ctrl(  586): [wpa_ctrl_request] ctrl address = 5716ed78, ctrl_conn address = 0
D/WifiStateMachine(  586): fetchRssiAndLinkSpeedNative RSSI = -41
D/StateMachine(  586): handleMessage: X
D/CAT     (  942): CatService: Return current sInstance
D/StateMachine(  586): handleMessage: E msg.what=131155
D/StateMachine(  586): processMsg: ConnectedState
D/WifiStateMachine(  586): ConnectedState{ what=131155 when=-4ms target=Handler (com.android.internal.util.StateMachine$SmHandler) {42cbc910} arg1=1014 }
D/StateMachine(  586): processMsg: L2ConnectedState
D/WifiStateMachine(  586): L2ConnectedState{ what=131155 when=-5ms target=Handler (com.android.internal.util.StateMachine$SmHandler) {42cbc910} arg1=1014 }
I/wpa_ctrl(  586): [wpa_ctrl_request] ctrl address = 5716ed78, ctrl_conn address = 0
D/WifiStateMachine(  586): fetchRssiAndLinkSpeedNative RSSI = -40
D/StateMachine(  586): handleMessage: X
D/PowerManagerService(  586): acquireWakeLock(4280a878): PARTIAL_WAKE_LOCK , tag=AlarmManager, flags=0x1, pid=586, uid=1000, mUserState=0x3
V/AlarmManager(  586): sending alarm PendingIntent{42acf870: PendingIntentRecord{42ac11d0 android broadcastIntent}}, intent=com.android.server.ThrottleManager.action.POLL, type=ELAPSED_REALTIME, count=1, when=653735393, repeateInterval=0
W/ThrottleService(  586): unable to find stats for iface rmnet0
D/PowerManagerService(  586): releaseWakeLock(4280a878): PARTIAL_WAKE_LOCK , tag=AlarmManager, flags=0x1
I/wpa_supplicant(20682): wlan0: State: COMPLETED -> GROUP_HANDSHAKE
I/wpa_supplicant(20682): wpa_supplicant_set_state -
I/wpa_supplicant(20682): wlan0: WPA: Group rekeying completed with 70:54:d2:ae:26:93 [GTK=TKIP]
I/wpa_supplicant(20682): wlan0: State: GROUP_HANDSHAKE -> COMPLETED
I/wpa_supplicant(20682): wpa_supplicant_set_state -
D/StateMachine(  586): handleMessage: E msg.what=147462
D/StateMachine(  586): processMsg: ConnectedState
D/WifiStateMachine(  586): ConnectedState{ what=147462 when=-4ms target=Handler (com.android.internal.util.StateMachine$SmHandler) {42cbc910} obj=android.net.wifi.StateChangeResult@433c2090 }
D/StateMachine(  586): processMsg: L2ConnectedState
D/WifiStateMachine(  586): L2ConnectedState{ what=147462 when=-5ms target=Handler (com.android.internal.util.StateMachine$SmHandler) {42cbc910} obj=android.net.wifi.StateChangeResult@433c2090 }
D/StateMachine(  586): processMsg: ConnectModeState
D/WifiStateMachine(  586): ConnectModeState{ what=147462 when=-6ms target=Handler (com.android.internal.util.StateMachine$SmHandler) {42cbc910} obj=android.net.wifi.StateChangeResult@433c2090 }
D/StateMachine(  586): handleMessage: X
D/StateMachine(  586): handleMessage: E msg.what=147462
D/StateMachine(  586): processMsg: ConnectedState
D/WifiStateMachine(  586): ConnectedState{ what=147462 when=-3ms target=Handler (com.android.internal.util.StateMachine$SmHandler) {42cbc910} obj=android.net.wifi.StateChangeResult@432b4aa0 }
D/StateMachine(  586): processMsg: L2ConnectedState
D/WifiStateMachine(  586): L2ConnectedState{ what=147462 when=-4ms target=Handler (com.android.internal.util.StateMachine$SmHandler) {42cbc910} obj=android.net.wifi.StateChangeResult@432b4aa0 }
D/StateMachine(  586): processMsg: ConnectModeState
D/WifiStateMachine(  586): ConnectModeState{ what=147462 when=-5ms target=Handler (com.android.internal.util.StateMachine$SmHandler) {42cbc910} obj=android.net.wifi.StateChangeResult@432b4aa0 }
D/StateMachine(  586): handleMessage: X
D/StateMachine(  586): handleMessage: E msg.what=131155
D/StateMachine(  586): processMsg: ConnectedState
D/WifiStateMachine(  586): ConnectedState{ what=131155 when=-1ms target=Handler (com.android.internal.util.StateMachine$SmHandler) {42cbc910} arg1=1014 }
D/StateMachine(  586): processMsg: L2ConnectedState
D/WifiStateMachine(  586): L2ConnectedState{ what=131155 when=-2ms target=Handler (com.android.internal.util.StateMachine$SmHandler) {42cbc910} arg1=1014 }
I/wpa_ctrl(  586): [wpa_ctrl_request] ctrl address = 5716ed78, ctrl_conn address = 0
D/WifiStateMachine(  586): fetchRssiAndLinkSpeedNative RSSI = -41
D/StateMachine(  586): handleMessage: X
D/StateMachine(  586): handleMessage: E msg.what=131155
D/StateMachine(  586): processMsg: ConnectedState
D/WifiStateMachine(  586): ConnectedState{ what=131155 when=-5ms target=Handler (com.android.internal.util.StateMachine$SmHandler) {42cbc910} arg1=1014 }
D/StateMachine(  586): processMsg: L2ConnectedState
D/WifiStateMachine(  586): L2ConnectedState{ what=131155 when=-5ms target=Handler (com.android.internal.util.StateMachine$SmHandler) {42cbc910} arg1=1014 }
I/wpa_ctrl(  586): [wpa_ctrl_request] ctrl address = 5716ed78, ctrl_conn address = 0
D/WifiStateMachine(  586): fetchRssiAndLinkSpeedNative RSSI = -45
D/StateMachine(  586): handleMessage: X
D/AutoSetting( 5472): service - handleMessage() incoming message, what:50
D/AutoSetting( 5472): service - handleMessage() stop self
D/AutoSetting( 5472): service - stop self, saving info!
D/AutoSetting( 5472): service - stop self, saving info! Done
D/AutoSetting( 5472): service - onDestroy()
D/LocationManagerService(  586): [LPS] In removeUpdatesLocked.p.setMinTime:
D/AutoSetting( 5472): service - onDestroy() END
D/AutoSetting( 5472): service - handleMessage() incoming message, what:100
D/AutoSetting( 5472): service - handleMessage() quit looper
D/LocationManagerService(  586): _removeUpdates: listener = Receiver{42b8c3a0 Listener android.os.BinderProxy@42972a18}mUpdateRecords: {network=UpdateRecord{433120f8 mProvider: network mUid: 10014}}
I/LocationManagerService(  586): remove network (pid 5472), next minTime = 86400000
I/ActivityManager(  586): Start proc com.whatsapp for service com.whatsapp/.messaging.MessageService: pid=30901 uid=10060 gids={3002, 1006, 3003, 1015, 1028}
E/Trace   (30901): error opening trace file: No such file or directory (2)
D/StateMachine(  586): handleMessage: E msg.what=131155
D/StateMachine(  586): processMsg: ConnectedState
D/WifiStateMachine(  586): ConnectedState{ what=131155 when=-2ms target=Handler (com.android.internal.util.StateMachine$SmHandler) {42cbc910} arg1=1014 }
D/StateMachine(  586): processMsg: L2ConnectedState
D/WifiStateMachine(  586): L2ConnectedState{ what=131155 when=-2ms target=Handler (com.android.internal.util.StateMachine$SmHandler) {42cbc910} arg1=1014 }
I/wpa_ctrl(  586): [wpa_ctrl_request] ctrl address = 5716ed78, ctrl_conn address = 0
D/WifiStateMachine(  586): fetchRssiAndLinkSpeedNative RSSI = -47
D/StateMachine(  586): handleMessage: X
W/dalvikvm(30901): VFY: unable to resolve static method 1604: Landroid/provider/Telephony$Sms;.getDefaultSmsPackage (Landroid/content/Context;)Ljava/lang/String;
E/dalvikvm(30901): Could not find class 'com.amazon.device.messaging.ADM', referenced from method com.whatsapp.App.av
W/dalvikvm(30901): VFY: unable to resolve new-instance 1189 (Lcom/amazon/device/messaging/ADM;) in Lcom/whatsapp/App;
W/dalvikvm(30901): VFY: unable to resolve static method 1599: Landroid/provider/Settings$Global;.getInt (Landroid/content/ContentResolver;Ljava/lang/String;I)I
E/dalvikvm(30901): Could not find class 'com.amazon.device.messaging.ADM', referenced from method com.whatsapp.App.t
W/dalvikvm(30901): VFY: unable to resolve new-instance 1189 (Lcom/amazon/device/messaging/ADM;) in Lcom/whatsapp/App;
W/dalvikvm(30901): VFY: unable to resolve virtual method 136: Landroid/app/AlarmManager;.setExact (IJLandroid/app/PendingIntent;)V
W/dalvikvm(30901): VFY: unable to resolve virtual method 136: Landroid/app/AlarmManager;.setExact (IJLandroid/app/PendingIntent;)V
W/dalvikvm(30901): VFY: unable to resolve virtual method 136: Landroid/app/AlarmManager;.setExact (IJLandroid/app/PendingIntent;)V
W/dalvikvm(30901): VFY: unable to resolve virtual method 136: Landroid/app/AlarmManager;.setExact (IJLandroid/app/PendingIntent;)V
W/dalvikvm(30901): Unable to resolve superclass of Lcom/whatsapp/adm/ADMMessageHandler; (1190)
W/dalvikvm(30901): Link of class 'Lcom/whatsapp/adm/ADMMessageHandler;' failed
E/dalvikvm(30901): Could not find class 'com.whatsapp.adm.ADMMessageHandler', referenced from method com.whatsapp.vw.f
W/dalvikvm(30901): VFY: unable to resolve new-instance 2839 (Lcom/whatsapp/adm/ADMMessageHandler;) in Lcom/whatsapp/vw;
W/dalvikvm(30901): Unable to resolve superclass of Lcom/whatsapp/adm/ADMMessageHandler; (1190)
W/dalvikvm(30901): Link of class 'Lcom/whatsapp/adm/ADMMessageHandler;' failed
E/dalvikvm(30901): Could not find class 'com.whatsapp.adm.ADMMessageHandler', referenced from method com.whatsapp.vw.f
W/dalvikvm(30901): VFY: unable to resolve new-instance 2839 (Lcom/whatsapp/adm/ADMMessageHandler;) in Lcom/whatsapp/vw;
W/dalvikvm(30901): Unable to resolve superclass of Lcom/whatsapp/adm/ADMMessageHandler; (1190)
W/dalvikvm(30901): Link of class 'Lcom/whatsapp/adm/ADMMessageHandler;' failed
W/dalvikvm(30901): Unable to resolve superclass of Lcom/whatsapp/adm/ADMMessageHandler; (1190)
W/dalvikvm(30901): Link of class 'Lcom/whatsapp/adm/ADMMessageHandler;' failed
I/ActivityThread(30901): Pub com.whatsapp.provider.contact: com.whatsapp.contact.ContactProvider
I/ActivityThread(30901): Pub com.whatsapp.provider.media: com.whatsapp.MediaProvider
W/dalvikvm(30901): VFY: unable to resolve virtual method 1506: Landroid/os/PowerManager;.isPowerSaveMode ()Z
D/Event   (30901): No subscribers registered for event class com.whatsapp.ah3
D/Event   (30901): No subscribers registered for event class de.greenrobot.event.a
I/WhatsApp(30901): LL_I W [1:main]App.java:1142 ntp update processed; device time: Wed Apr 22 22:13:31 GMT+01:00 2015 ntp time: Wed Apr 22 22:13:31 GMT+01:00 2015
D/Event   (30901): No subscribers registered for event class com.whatsapp.alk
D/Event   (30901): No subscribers registered for event class de.greenrobot.event.a
I/WhatsApp(30901): LL_I W [1:main]Runtime.java:368 22:13:31.513 os_core_unix.c !pjlib 2.2.1 for POSIX initialized
I/WhatsApp(30901): LL_I W [1:main]Runtime.java:368 22:13:31.523 wa_audio_dev.c !WA Audio sound library initialized
I/WhatsApp(30901): LL_I W [1:main]Runtime.java:368 22:13:31.525          pjlib  select() I/O Queue created (0x4fee601c)
I/WhatsApp(30901): LL_I W [1:main]Runtime.java:368 22:13:31.526      wa_opus.c  pjmedia_codec_opus_init start
I/WhatsApp(30901): LL_I W [1:main]Runtime.java:368 22:13:31.527      wa_opus.c  pjmedia_codec_opus_init success
I/WhatsApp(30901): LL_I W [1:main]WhatsAppLibLoader.java:77 native library usability testing in progress
I/WhatsApp(30901): LL_I W [1:main]WhatsAppLibLoader.java:77 native library usability testing complete
D/Socket_Alarm(30901): registerHTCSocketMonitorCallBack
D/Socket_Alarm(30901): set mSocketMonitor
D/Socket_Alarm(30901): HTCSocketMonitorImpl::HTCSocketMonitorImpl
D/PowerManagerService(  586): acquireWakeLock(4272d360): PARTIAL_WAKE_LOCK , tag=AlarmManager, flags=0x1, pid=586, uid=1000, mUserState=0x3
V/AlarmManager(  586): sending alarm PendingIntent{42b31a18: PendingIntentRecord{42de2ff0 com.whatsapp broadcastIntent}}, intent=com.whatsapp.alarm.NTP_UPDATE, type=ELAPSED_REALTIME, count=16, when=691200000, repeateInterval=43200000
D/libc    (  251): _resolv_cache_lookup: lookup
D/libc    (  251): [SMD]bl_level = 125
D/libc    (  251): [SMD][Mode1]: Screen on and original TTL is expired
D/libc    (  251):  Cache EXPIRED (STALE ENTRY 0x40325938 DISCARDED) or need renew
D/libc    (  251): [SMD][v0913] Extended TTL = 43200, original TTL = 35
W/dalvikvm(30901): VFY: unable to resolve virtual method 136: Landroid/app/AlarmManager;.setExact (IJLandroid/app/PendingIntent;)V
W/dalvikvm(30901): VFY: unable to resolve virtual method 136: Landroid/app/AlarmManager;.setExact (IJLandroid/app/PendingIntent;)V
W/dalvikvm(30901): VFY: unable to resolve virtual method 136: Landroid/app/AlarmManager;.setExact (IJLandroid/app/PendingIntent;)V
W/dalvikvm(30901): VFY: unable to resolve virtual method 136: Landroid/app/AlarmManager;.setExact (IJLandroid/app/PendingIntent;)V
W/dalvikvm(30901): VFY: unable to resolve virtual method 136: Landroid/app/AlarmManager;.setExact (IJLandroid/app/PendingIntent;)V
I/ActivityManager(  586): Recipient 20142
I/ActivityManager(  586): Process com.dropbox.android (pid 20142) has died.
W/ActivityManager(  586): Scheduling restart of crashed service com.dropbox.android/.service.CameraUploadService in 5000ms
E/SQLiteLog(30901): (5) statement aborts at 1: [PRAGMA journal_mode=TRUNCATE;] 
I/ActivityManager(  586): Start proc android.process.acore for content provider com.android.providers.contacts/.HtcContactsProvider2: pid=30926 uid=10018 gids={3003, 1015, 5002, 1028}
E/Trace   (30926): error opening trace file: No such file or directory (2)
I/ActivityThread(30926): Pub contacts;com.android.contacts: com.android.providers.contacts.HtcContactsProvider2
W/dalvikvm(30901): VFY: unable to resolve virtual method 136: Landroid/app/AlarmManager;.setExact (IJLandroid/app/PendingIntent;)V
V/AlarmManager(  586): sending alarm PendingIntent{42c10ff0: PendingIntentRecord{42ff63a0 com.whatsapp broadcastIntent}}, intent=DEVICE_INFO_ALARM_ACTION, type=ELAPSED_REALTIME, count=182, when=655200000, repeateInterval=3600000
I/ActivityThread(30926): Pub com.android.voicemail: com.android.providers.contacts.VoicemailContentProvider
I/ActivityThread(30926): Pub applications: com.android.providers.applications.ApplicationsProvider
D/ContactsEventQueueProcessor(30926): ContactsEventQueueProcessor.run() - [sleepThread()], waiting for new request coming...
D/ContactsEventQueueProcessor(30926): ContactsEventQueueProcessor.sleepThread() - mWakeUpLock.wait()
I/ActivityThread(30926): Pub com.htc.provider.settings: com.htc.provider.settings.NotificationFlashLightProvider
I/ActivityThread(30926): Pub call_log: com.android.providers.contacts.CallLogProvider
I/ActivityThread(30926): Pub user_dictionary: com.android.providers.userdictionary.UserDictionaryProvider
D/NotifyDialerScheduler(30926): ACTION_CONTACTS_DB_READY
D/NotifyDialerScheduler(30926): DialerService connected !
W/dalvikvm(30901): VFY: unable to resolve virtual method 136: Landroid/app/AlarmManager;.setExact (IJLandroid/app/PendingIntent;)V
D/libc    (  251): _resolv_cache_lookup: lookup
D/libc    (  251): [SMD]bl_level = 125
D/libc    (  251): [SMD][Mode1]: Screen on and original TTL is not expired
D/libc    (  251): FOUND IN CACHE entry=0x40325938
D/COpenHelper(30926): onOpen E
D/PowerManagerService(  586): releaseWakeLock(4272d360): PARTIAL_WAKE_LOCK , tag=AlarmManager, flags=0x1
D/COpenHelper(30926): onOpen X
D/libc    (  251): _resolv_cache_lookup: lookup
D/libc    (  251): [SMD]bl_level = 125
D/libc    (  251): [SMD][Mode1]: Screen on and original TTL is expired
D/libc    (  251):  Cache EXPIRED (STALE ENTRY 0x405ab7e0 DISCARDED) or need renew
D/libc    (  251): _resolv_cache_lookup: lookup
D/libc    (  251): [SMD]bl_level = 125
D/libc    (  251): [SMD][Mode1]: Screen on and original TTL is expired
D/libc    (  251):  Cache EXPIRED (STALE ENTRY 0x40325f80 DISCARDED) or need renew
D/libc    (  251): [SMD][v0913] Extended TTL = 43200, original TTL = 300
D/libc    (  251): [SMD][v0913] Extended TTL = 43200, original TTL = 3029
D/Finsky  (22470): [89054] InAppBillingUtils.getPreferredAccount: com.whatsapp: Account from first account - [H8Ew-Bby0qsWLA_ef1_bFyjpQZQ]
D/Finsky  (22470): [89055] InAppBillingUtils.getPreferredAccount: com.whatsapp: Account from first account - [H8Ew-Bby0qsWLA_ef1_bFyjpQZQ]
D/COpenHelper(30926): onOpen E
D/COpenHelper(30926): onOpen X
I/ActivityManager(  586): Start proc com.google.android.gsf.login for service com.google.android.gsf.login/com.google.android.gsf.loginservice.GoogleLoginService: pid=30965 uid=10017 gids={3003, 1015, 1028, 2001, 1007, 3006, 1006, 3002, 3001}
E/Trace   (30965): error opening trace file: No such file or directory (2)
D/StateMachine(  586): handleMessage: E msg.what=131155
D/StateMachine(  586): processMsg: ConnectedState
D/WifiStateMachine(  586): ConnectedState{ what=131155 when=-3ms target=Handler (com.android.internal.util.StateMachine$SmHandler) {42cbc910} arg1=1014 }
D/StateMachine(  586): processMsg: L2ConnectedState
D/WifiStateMachine(  586): L2ConnectedState{ what=131155 when=-4ms target=Handler (com.android.internal.util.StateMachine$SmHandler) {42cbc910} arg1=1014 }
I/wpa_ctrl(  586): [wpa_ctrl_request] ctrl address = 5716ed78, ctrl_conn address = 0
D/WifiStateMachine(  586): fetchRssiAndLinkSpeedNative RSSI = -47
D/StateMachine(  586): handleMessage: X
W/NetworkManagementSocketTagger(22470): untagSocket(70) failed with errno -22
D/NotifyDialerScheduler(30926): ACTION_CONTACTS_DB_READY
D/PhoneApp(  942): ACTION_CONTACTS_DB_READY
W/CallNotifier(  942): bindDialerService
D/Event   (30901): No subscribers registered for event class com.whatsapp.alk
D/Event   (30901): No subscribers registered for event class de.greenrobot.event.a
W/dalvikvm(30901): VFY: unable to resolve virtual method 136: Landroid/app/AlarmManager;.setExact (IJLandroid/app/PendingIntent;)V
D/Finsky  (22470): [89054] InAppBillingUtils.getPreferredAccount: com.whatsapp: Account from first account - [H8Ew-Bby0qsWLA_ef1_bFyjpQZQ]
D/NOTE    (30926): checkSsoFacebookLogin sso_facebook_mimetype_id: 14
D/NOTE    (30926): checkSsoFacebookLogin mOriginalFacebookLogin: true
E/SQLiteLog(30901): (5) statement aborts at 1: [PRAGMA journal_mode=TRUNCATE;] 
I/ActivityManager(  586): Recipient 29034
I/WindowState(  586): WIN DEATH: Window{42c22138 com.android.settings/com.android.settings.ManageApplications paused=false}
I/ActivityManager(  586): Process com.android.settings (pid 29034) has died.
D/HtcCustomOpenHelper(30926): cacheMyContactIds mMyContactCardRawId: 9223372034707292161
D/HtcCustomOpenHelper(30926): cacheMyContactIds mMyContactCardId: 9223372034707292161
D/BatteryService(  586): updateBatteryStats: update triggered by UEvent.
D/BatteryService(  586): updateBatteryStats: auto update.
D/PowerManagerService(  586): acquireWakeLock(430df5b0): PARTIAL_WAKE_LOCK , tag=BatteryServiceUpdateStats, flags=0x1, pid=586, uid=1000, mUserState=0x3
D/PowerManagerService(  586): releaseWakeLock(430df5b0): PARTIAL_WAKE_LOCK , tag=BatteryServiceUpdateStats, flags=0x1
D/PowerUI (  800): plugged = false, health = 2, mBatteryLevel = 41, mPluggedBatteryLevel = 99, mLowBatteryWarningLevel2 = 25, mshowLowChargingWarning2 = true
D/PowerManagerService(  586): acquireWakeLock(43064368): PARTIAL_WAKE_LOCK , tag=BatteryServiceUpdateStats, flags=0x1, pid=586, uid=1000, mUserState=0x3
D/PowerManagerService(  586): releaseWakeLock(43064368): PARTIAL_WAKE_LOCK , tag=BatteryServiceUpdateStats, flags=0x1
D/HtcPowerSaver(  586): Received battery changed intent.
D/UsbnetService(  586): BroadcastReceiver::onReceive+
D/UsbnetService(  586): onReceive BATTERY_CHANGED
D/UsbnetService(  586):  --> pluggedType = 0, mPluggedType = 0, mScreenOff = false
D/UsbnetService(  586): BroadcastReceiver::onReceive-
D/NotificationService(  586): mIntentReceiver() Intent.ACTION_BATTERY_CHANGED
D/HtcPowerSaver(  586): Checking...
I/HtcPowerSaver(  586): >> updateStatus
D/WifiService(  586): ACTION_BATTERY_CHANGED pluggedType: 0
D/PowerManagerService(  586): runHtcPowerSaverCheck ======================================
I/HtcPowerSaver(  586): currentStatus=8002, currentLevel=41, enableLevel=-1, enable=true, mAutoModeOn=false, popDialog=false, statusChangeTo=-1
I/HtcPowerSaver(  586): << updateStatus
D/SizeAdaptiveLayout(  800): com.android.internal.widget.SizeAdaptiveLayout@42544120child view android.widget.LinearLayout@42546520 measured out of bounds at 95px clamped to 96px
D/PowerManagerService(  586): acquireWakeLock(43025ce0): PARTIAL_WAKE_LOCK , tag=AlarmManager, flags=0x1, pid=586, uid=1000, mUserState=0x3
V/AlarmManager(  586): sending alarm PendingIntent{427e2ff8: PendingIntentRecord{42bd1bb0 android broadcastIntent}}, intent=android.content.syncmanager.SYNC_ALARM, type=ELAPSED_REALTIME_WAKEUP, count=1, when=653748151, repeateInterval=0
D/PowerManagerService(  586): acquireWakeLock(43016e98): PARTIAL_WAKE_LOCK , tag=SyncManagerHandleSyncAlarm, flags=0x1, pid=586, uid=1000, mUserState=0x3
D/PowerManagerService(  586): releaseWakeLock(43025ce0): PARTIAL_WAKE_LOCK , tag=AlarmManager, flags=0x1
D/PowerManagerService(  586): acquireWakeLock(4300b250): PARTIAL_WAKE_LOCK , tag=SyncLoopWakeLock, flags=0x1, pid=586, uid=1000, mUserState=0x3
D/PowerManagerService(  586): acquireWakeLock(42f74fc0): PARTIAL_WAKE_LOCK , tag=*sync*_com.google.android.gms.fitness_Account {name=mas******************m, type=com.google}, flags=0x1, pid=586, uid=1000, mUserState=0x3
D/PowerManagerService(  586): releaseWakeLock(43016e98): PARTIAL_WAKE_LOCK , tag=SyncManagerHandleSyncAlarm, flags=0x1
D/PowerManagerService(  586): releaseWakeLock(4300b250): PARTIAL_WAKE_LOCK , tag=SyncLoopWakeLock, flags=0x1
D/PowerManagerService(  586): acquireWakeLock(42e1cd98): PARTIAL_WAKE_LOCK , tag=SyncLoopWakeLock, flags=0x1, pid=586, uid=1000, mUserState=0x3
D/PowerManagerService(  586): releaseWakeLock(42e1cd98): PARTIAL_WAKE_LOCK , tag=SyncLoopWakeLock, flags=0x1
D/StateMachine(  586): handleMessage: E msg.what=131155
D/StateMachine(  586): processMsg: ConnectedState
D/WifiStateMachine(  586): ConnectedState{ what=131155 when=-4ms target=Handler (com.android.internal.util.StateMachine$SmHandler) {42cbc910} arg1=1014 }
D/StateMachine(  586): processMsg: L2ConnectedState
D/WifiStateMachine(  586): L2ConnectedState{ what=131155 when=-6ms target=Handler (com.android.internal.util.StateMachine$SmHandler) {42cbc910} arg1=1014 }
I/wpa_ctrl(  586): [wpa_ctrl_request] ctrl address = 5716ed78, ctrl_conn address = 0
D/WifiStateMachine(  586): fetchRssiAndLinkSpeedNative RSSI = -44
D/StateMachine(  586): handleMessage: X
D/PowerManagerService(  586): acquireWakeLock(42d507a0): PARTIAL_WAKE_LOCK , tag=SyncLoopWakeLock, flags=0x1, pid=586, uid=1000, mUserState=0x3
D/PowerManagerService(  586): releaseWakeLock(42d507a0): PARTIAL_WAKE_LOCK , tag=SyncLoopWakeLock, flags=0x1
D/PowerManagerService(  586): acquireWakeLock(42c854c0): PARTIAL_WAKE_LOCK , tag=SyncLoopWakeLock, flags=0x1, pid=586, uid=1000, mUserState=0x3
D/PowerManagerService(  586): releaseWakeLock(42f74fc0): PARTIAL_WAKE_LOCK , tag=*sync*_com.google.android.gms.fitness_Account {name=mas******************m, type=com.google}, flags=0x1
D/PowerManagerService(  586): releaseWakeLock(42c854c0): PARTIAL_WAKE_LOCK , tag=SyncLoopWakeLock, flags=0x1
I/ActivityManager(  586): Start proc com.dropbox.android for service com.dropbox.android/.service.CameraUploadService: pid=30993 uid=10024 gids={1006, 3003, 1028, 1015}
E/Trace   (30993): error opening trace file: No such file or directory (2)
I/ActivityManager(  586): Recipient 20007
I/ActivityManager(  586): Process com.google.android.music:main (pid 20007) has died.
W/ActivityManager(  586): Scheduling restart of crashed service com.google.android.music/.wear.WearDataTransferConnectionService in 5000ms
W/ActivityManager(  586): Scheduling restart of crashed service com.google.android.music/.playback.MusicPlaybackService in 15000ms
D/BatteryService(  586): updateBatteryStats: update triggered by UEvent.
D/PowerManagerService(  586): acquireWakeLock(42bb3df0): PARTIAL_WAKE_LOCK , tag=BatteryServiceUpdateStats, flags=0x1, pid=586, uid=1000, mUserState=0x3
V/NetworkStatsFactory(  586): readNetworkStatsDetail(-1) start
I/ActivityThread(30993): Pub com.dropbox.android.provider.SDK: com.dropbox.android.provider.SDKProvider
I/ActivityThread(30993): Pub com.dropbox.android.provider.DbxCuSettingsProvider: com.dropbox.android.provider.DbxCuSettingsProvider
I/ActivityThread(30993): Pub com.dropbox.android.ZipperedMediaProvider: com.dropbox.android.provider.ZipperedMediaProvider
I/ActivityThread(30993): Pub com.dropbox.android.PhotosProvider: com.dropbox.android.provider.PhotosProvider
I/ActivityThread(30993): Pub com.dropbox.android.FileCache: com.dropbox.android.provider.FileCacheProvider
I/ActivityThread(30993): Pub com.dropbox.android.LocalFile: com.dropbox.android.provider.FileSystemProvider
V/NetworkStatsFactory(  586): readNetworkStatsDetail(-1) line 320, tooks 89 ms
D/PowerManagerService(  586): releaseWakeLock(42bb3df0): PARTIAL_WAKE_LOCK , tag=BatteryServiceUpdateStats, flags=0x1
V/NetworkStats(  586): groupedByUid() size=320
V/NetworkStats(  586): groupedByUid() tooks 3 ms
D/StateMachine(  586): handleMessage: E msg.what=131218
D/StateMachine(  586): processMsg: ConnectedState
D/WifiStateMachine(  586): ConnectedState{ what=131218 when=0 target=Handler (com.android.internal.util.StateMachine$SmHandler) {42cbc910} }
D/StateMachine(  586): processMsg: L2ConnectedState
D/WifiStateMachine(  586): L2ConnectedState{ what=131218 when=0 target=Handler (com.android.internal.util.StateMachine$SmHandler) {42cbc910} }
D/StateMachine(  586): processMsg: ConnectModeState
D/WifiStateMachine(  586): ConnectModeState{ what=131218 when=0 target=Handler (com.android.internal.util.StateMachine$SmHandler) {42cbc910} }
D/StateMachine(  586): processMsg: DriverStartedState
D/WifiStateMachine(  586): DriverStartedState{ what=131218 when=-1ms target=Handler (com.android.internal.util.StateMachine$SmHandler) {42cbc910} }
I/wpa_ctrl(  586): [wpa_ctrl_request] ctrl address = 5716ed78, ctrl_conn address = 0
D/StateMachine(  586): handleMessage: X
D/BatteryService_ULog(  586): ULogForBatteryChargingStateChange(41,2) is called
D/BatteryService_ULog(  586): charger=on,battery_power=41
D/BatteryService(  586): sendIntentForSmartSync: Intent { act=com.htc.system.battery.PLUG_CHANGED (has extras) }
D/HtcPowerSaver(  586): Received battery changed intent.
D/UsbnetService(  586): BroadcastReceiver::onReceive+
