I/ActivityManager( 1025): Start proc com.google.android.apps.docs for broadcast com.google.android.apps.docs/.receivers.AppPackageAddRemoveReceiver: pid=5194 uid=10060 gids={50060, 3003, 1028, 1015}
I/ActivityManager( 1025): Process com.android.vending (pid 5150) has died.
D/BackupManagerService( 1025): Received broadcast Intent { act=android.intent.action.PACKAGE_REMOVED dat=package:co.giftmeapp.gift_me flg=0x4000010 (has extras) }
D/BackupManagerService( 1025): Received broadcast Intent { act=android.intent.action.PACKAGE_ADDED dat=package:co.giftmeapp.gift_me flg=0x4000010 (has extras) }
V/BackupManagerService( 1025): removePackageParticipantsLocked: uid=10104 #1
V/BackupManagerService( 1025): addPackageParticipantsLocked: #1
I/ActivityManager( 1025): Start proc com.motorola.MotGallery2 for broadcast com.motorola.MotGallery2/com.android.gallery3d.app.PackagesMonitor: pid=5221 uid=10034 gids={50034, 3003, 1028, 1015}
I/ActivityManager( 1025): Start proc com.google.android.googlequicksearchbox:search for broadcast com.google.android.googlequicksearchbox/com.google.android.search.core.icingsync.IcingCorporaChangedReceiver: pid=5241 uid=10045 gids={50045, 3003, 3001, 1028, 3002, 1015}
I/ActivityManager( 1025): Process com.motorola.MotGallery2 (pid 5221) has died.
I/ActivityManager( 1025): Start proc com.evernote for broadcast com.evernote/.util.WidgetTracker: pid=5260 uid=10134 gids={50134, 3003, 1028, 1015}
I/ActivityManager( 1025): Process com.google.android.apps.docs (pid 5194) has died.
I/ActivityManager( 1025): Process com.google.android.googlequicksearchbox:search (pid 5241) has died.
W/ContextImpl( 1295): Calling a method in the system process without a qualified user: android.app.ContextImpl.sendBroadcast:1252 android.content.ContextWrapper.sendBroadcast:365 com.motorola.motocare.util.TriggerHelper$TriggerBuilder.send:76 com.motorola.motocare.internal.frameworkevents.ProcessKillTrigger.sendTrigger:147 com.motorola.motocare.internal.frameworkevents.ProcessKillTrigger.handleLmkKill:337 
W/ContextImpl( 1295): Calling a method in the system process without a qualified user: android.app.ContextImpl.sendBroadcast:1252 android.content.ContextWrapper.sendBroadcast:365 com.motorola.motocare.util.TriggerHelper$TriggerBuilder.send:76 com.motorola.motocare.internal.frameworkevents.ProcessKillTrigger.sendTrigger:147 com.motorola.motocare.internal.frameworkevents.ProcessKillTrigger.handleLmkKill:337 
W/ContextImpl( 1295): Calling a method in the system process without a qualified user: android.app.ContextImpl.sendBroadcast:1252 android.content.ContextWrapper.sendBroadcast:365 com.motorola.motocare.util.TriggerHelper$TriggerBuilder.send:76 com.motorola.motocare.internal.frameworkevents.ProcessKillTrigger.sendTrigger:147 com.motorola.motocare.internal.frameworkevents.ProcessKillTrigger.handleLmkKill:337 
W/ContextImpl( 1295): Calling a method in the system process without a qualified user: android.app.ContextImpl.sendBroadcast:1252 android.content.ContextWrapper.sendBroadcast:365 com.motorola.motocare.util.TriggerHelper$TriggerBuilder.send:76 com.motorola.motocare.internal.frameworkevents.ProcessKillTrigger.sendTrigger:147 com.motorola.motocare.internal.frameworkevents.ProcessKillTrigger.handleLmkKill:337 
W/ContextImpl( 1295): Calling a method in the system process without a qualified user: android.app.ContextImpl.sendBroadcast:1252 android.content.ContextWrapper.sendBroadcast:365 com.motorola.motocare.util.TriggerHelper$TriggerBuilder.send:76 com.motorola.motocare.internal.frameworkevents.ProcessKillTrigger.sendTrigger:147 com.motorola.motocare.internal.frameworkevents.ProcessKillTrigger.handleLmkKill:337 
W/ContextImpl( 1295): Calling a method in the system process without a qualified user: android.app.ContextImpl.sendBroadcast:1252 android.content.ContextWrapper.sendBroadcast:365 com.motorola.motocare.util.TriggerHelper$TriggerBuilder.send:76 com.motorola.motocare.internal.frameworkevents.ProcessKillTrigger.sendTrigger:147 com.motorola.motocare.internal.frameworkevents.ProcessKillTrigger.handleLmkKill:337 
W/ContextImpl( 1295): Calling a method in the system process without a qualified user: android.app.ContextImpl.sendBroadcast:1252 android.content.ContextWrapper.sendBroadcast:365 com.motorola.motocare.util.TriggerHelper$TriggerBuilder.send:76 com.motorola.motocare.internal.frameworkevents.ProcessKillTrigger.sendTrigger:147 com.motorola.motocare.internal.frameworkevents.ProcessKillTrigger.handleLmkKill:337 
W/ContextImpl( 1295): Calling a method in the system process without a qualified user: android.app.ContextImpl.sendBroadcast:1252 android.content.ContextWrapper.sendBroadcast:365 com.motorola.motocare.util.TriggerHelper$TriggerBuilder.send:76 com.motorola.motocare.internal.frameworkevents.ProcessKillTrigger.sendTrigger:147 com.motorola.motocare.internal.frameworkevents.ProcessKillTrigger.handleLmkKill:337 
W/ContextImpl( 1295): Calling a method in the system process without a qualified user: android.app.ContextImpl.sendBroadcast:1252 android.content.ContextWrapper.sendBroadcast:365 com.motorola.motocare.util.TriggerHelper$TriggerBuilder.send:76 com.motorola.motocare.internal.frameworkevents.ProcessKillTrigger.sendTrigger:147 com.motorola.motocare.internal.frameworkevents.ProcessKillTrigger.handleLmkKill:337 
W/ContextImpl( 1295): Calling a method in the system process without a qualified user: android.app.ContextImpl.sendBroadcast:1252 android.content.ContextWrapper.sendBroadcast:365 com.motorola.motocare.util.TriggerHelper$TriggerBuilder.send:76 com.motorola.motocare.internal.frameworkevents.ProcessKillTrigger.sendTrigger:147 com.motorola.motocare.internal.frameworkevents.ProcessKillTrigger.handleLmkKill:337 
W/ContextImpl( 1295): Calling a method in the system process without a qualified user: android.app.ContextImpl.sendBroadcast:1252 android.content.ContextWrapper.sendBroadcast:365 com.motorola.motocare.util.TriggerHelper$TriggerBuilder.send:76 com.motorola.motocare.internal.frameworkevents.ProcessKillTrigger.sendTrigger:147 com.motorola.motocare.internal.frameworkevents.ProcessKillTrigger.handleLmkKill:337 
I/ActivityManager( 1025): Start proc com.evernote.widget for broadcast com.evernote.widget/.WidgetStateReceiver: pid=5304 uid=10135 gids={50135, 3003, 1028, 1015}
I/ActivityManager( 1025): Start proc com.facebook.katana:dash for broadcast com.facebook.katana/com.facebook.dash.receivers.DashPackageUninstallReceiver: pid=5323 uid=10110 gids={50110, 1028, 1015, 3003}
I/ActivityManager( 1025): Process com.evernote (pid 5260) has died.
I/ActivityManager( 1025): Process com.evernote.widget (pid 5304) has died.
D/WifiService( 1025): New client listening to asynchronous messages
I/ActivityManager( 1025): Start proc android.process.acore for broadcast com.android.providers.contacts/.PackageIntentReceiver: pid=5354 uid=10010 gids={50010, 3003, 1028, 1015, 1023}
I/ActivityManager( 1025): Start proc com.google.android.partnersetup for broadcast com.google.android.partnersetup/.RlzPingBroadcastReceiver: pid=5368 uid=10025 gids={50025, 3003}
I/ActivityManager( 1025): START u0 {act=android.intent.action.MAIN cat=[android.intent.category.LAUNCHER] flg=0x10000000 pkg=co.giftmeapp.gift_me cmp=co.giftmeapp.gift_me/.GiftMe} from pid 4987
W/ContextImpl( 1295): Calling a method in the system process without a qualified user: android.app.ContextImpl.sendBroadcast:1252 android.content.ContextWrapper.sendBroadcast:365 com.motorola.motocare.util.TriggerHelper$TriggerBuilder.send:76 com.motorola.motocare.internal.frameworkevents.PauseResumeTrigger.handleFrameworkEvent:53 com.motorola.motocare.internal.frameworkevents.FwEventMonitor$FrameworkListener.processFrameworkEvent:114 
I/ActivityManager( 1025): Start proc co.giftmeapp.gift_me for activity co.giftmeapp.gift_me/.GiftMe: pid=5389 uid=10104 gids={50104, 3003, 1028, 1015}
W/ContextImpl( 1295): Calling a method in the system process without a qualified user: android.app.ContextImpl.sendBroadcast:1252 android.content.ContextWrapper.sendBroadcast:365 com.motorola.motocare.util.TriggerHelper$TriggerBuilder.send:76 com.motorola.motocare.internal.frameworkevents.PauseResumeTrigger.handleFrameworkEvent:53 com.motorola.motocare.internal.frameworkevents.FwEventMonitor$FrameworkListener.processFrameworkEvent:114 
I/ActivityManager( 1025): Start proc com.android.vending for broadcast com.android.vending/com.google.android.finsky.receivers.PackageMonitorReceiver$RegisteredReceiver: pid=5406 uid=10039 gids={50039, 3003, 1028, 1015}
I/ActivityManager( 1025): Process com.facebook.katana:dash (pid 5323) has died.
D/WifiService( 1025): Client connection lost with reason: 4
I/ActivityManager( 1025): Process android.process.acore (pid 5354) has died.
I/LaunchCheckinHandler( 1025): Displayed co.giftmeapp.gift_me/.GiftMe,cp,ca,741
I/SFPerfTracer(  274):      triggers: (rate: 852:34585) (compose: 0:139) (post: 0:13) (render: 49:8676) (0:476643 frames) (1:2244716)
D/SFPerfTracer(  274):        layers: (4:11) (DimLayer: 0:158)* (DimLayer: 0:44)* (FocusedStackFrame: 1:11364)* (StatusBar: 0:149100) (NavigationBar: 0:106936) (DimLayer: 0:7691)* (DimLayer: 0:1878) (com.android.wallpaper.fall.FallWallpaper: 0:42840)* (com.android.packageinstaller/com.android.packageinstaller.InstallAppProgress: 0:129)* (Starting co.giftmeapp.gift_me: 1:26) (co.giftmeapp.gift_me/co.giftmeapp.gift_me.GiftMe: 1:11)* 
I/ActivityManager( 1025): Start proc com.google.android.apps.docs for broadcast com.google.android.apps.docs/.receivers.AppPackageAddRemoveReceiver: pid=5488 uid=10060 gids={50060, 3003, 1028, 1015}
I/SFPerfTracer(  274):      triggers: (rate: 733:303253) (217122 sw vsyncs) (695975 skipped) (5:2026794 vsyncs) (7:2556324)
I/ActivityManager( 1025): Process com.google.android.partnersetup (pid 5368) has died.
I/ActivityManager( 1025): Start proc com.motorola.MotGallery2 for broadcast com.motorola.MotGallery2/com.android.gallery3d.app.PackagesMonitor: pid=5515 uid=10034 gids={50034, 3003, 1028, 1015}
I/ActivityManager( 1025): Start proc com.google.android.googlequicksearchbox:search for broadcast com.google.android.googlequicksearchbox/com.google.android.search.core.icingsync.IcingCorporaChangedReceiver: pid=5538 uid=10045 gids={50045, 3003, 3001, 1028, 3002, 1015}
I/ActivityManager( 1025): Process com.android.packageinstaller (pid 4987) has died.
I/ActivityManager( 1025): Process com.android.vending (pid 5406) has died.
I/ActivityManager( 1025): Process com.motorola.MotGallery2 (pid 5515) has died.
I/ActivityManager( 1025): Start proc com.evernote for broadcast com.evernote/.util.WidgetTracker: pid=5558 uid=10134 gids={50134, 3003, 1028, 1015}
I/ActivityManager( 1025): Start proc com.google.android.partnersetup for content provider com.google.android.partnersetup/.RlzAppProvider: pid=5574 uid=10025 gids={50025, 3003}
I/ActivityManager( 1025): Process com.google.android.apps.docs (pid 5488) has died.
I/ActivityManager( 1025): Start proc com.evernote.widget for broadcast com.evernote.widget/.WidgetStateReceiver: pid=5617 uid=10135 gids={50135, 3003, 1028, 1015}
I/ActivityManager( 1025): Start proc com.pixowl.thesandbox.android for broadcast com.pixowl.thesandbox.android/com.heyzap.sdk.ads.PackageAddedReceiver: pid=5637 uid=10146 gids={50146, 1028, 1015, 3003}
I/ActivityManager( 1025): Process com.google.android.googlequicksearchbox:search (pid 5538) has died.
I/ActivityManager( 1025): Process com.evernote (pid 5558) has died.
I/ActivityManager( 1025): Start proc android.process.acore for broadcast com.android.providers.contacts/.PackageIntentReceiver: pid=5649 uid=10010 gids={50010, 3003, 1028, 1015, 1023}
W/InputMethodManagerService( 1025): Window already focused, ignoring focus gain of: com.android.internal.view.IInputMethodClient$Stub$Proxy@42c74408 attribute=null, token = android.os.BinderProxy@428f6490
I/ActivityManager( 1025): Process com.google.android.partnersetup (pid 5574) has died.
I/ActivityManager( 1025): Start proc com.google.android.apps.magazines for broadcast com.google.android.apps.magazines/com.google.apps.dots.android.app.receiver.FirstInstallNotificationReceiver: pid=5673 uid=10077 gids={50077, 3003, 1028, 1015}
W/Vold    (  261): Returning OperationFailed - no handler for errno 30
W/Vold    (  261): Returning OperationFailed - no handler for errno 30
I/ActivityManager( 1025): Process com.evernote.widget (pid 5617) has died.
W/Vold    (  261): Returning OperationFailed - no handler for errno 30
W/Vold    (  261): Returning OperationFailed - no handler for errno 30
I/ActivityManager( 1025): Process com.pixowl.thesandbox.android (pid 5637) has died.
I/ActivityManager( 1025): Start proc com.google.android.googlequicksearchbox:search for content provider com.google.android.googlequicksearchbox/com.google.android.search.core.icingsync.InternalIcingCorporaProvider: pid=5699 uid=10045 gids={50045, 3003, 3001, 1028, 3002, 1015}
I/ActivityManager( 1025): Start proc com.google.android.apps.cloudprint for broadcast com.google.android.apps.cloudprint/.printdialog.receivers.UpgradeBroadcastReceiver: pid=5741 uid=10058 gids={50058, 3003, 1028}
I/ActivityManager( 1025): Process android.process.acore (pid 5649) has died.
I/ActivityManager( 1025): Start proc com.motorola.context for broadcast com.motorola.context/.engine.mediator.MediatorReceiver: pid=5755 uid=10011 gids={50011, 3001, 3002, 3003}
I/ActivityManager( 1025): Process com.google.android.apps.magazines (pid 5673) has died.
I/ActivityManager( 1025): Start proc com.motorola.MotGallery2 for broadcast com.motorola.MotGallery2/com.motorola.blur.service.blur.StartupReceiver: pid=5768 uid=10034 gids={50034, 3003, 1028, 1015}
I/ActivityManager( 1025): Process com.google.android.apps.cloudprint (pid 5741) has died.
I/ActivityManager( 1025): Process com.motorola.context (pid 5755) has died.
I/ActivityManager( 1025): Process com.motorola.MotGallery2 (pid 5768) has died.
I/ActivityManager( 1025): Process com.google.android.googlequicksearchbox:search (pid 5699) has died.
I/ActivityManager( 1025): Process com.facebook.katana (pid 3903) has died.
W/ActivityManager( 1025): Scheduling restart of crashed service com.facebook.katana/com.facebook.push.mqtt.service.MqttPushService in 1000ms
D/WifiService( 1025): Client connection lost with reason: 4
V/AlarmManager( 1025): sending alarm Alarm{437eb538 type 0 com.viber.voip}
I/ActivityManager( 1025): Process com.facebook.orca (pid 4430) has died.
W/ActivityManager( 1025): Scheduling restart of crashed service com.facebook.orca/com.facebook.push.mqtt.service.MqttPushService in 9996ms
I/ActivityManager( 1025): Start proc com.facebook.katana for service com.facebook.katana/com.facebook.push.mqtt.service.MqttPushService: pid=5813 uid=10110 gids={50110, 1028, 1015, 3003}
I/SFPerfTracer(  274):      triggers: (rate: 852:34586) (compose: 0:139) (post: 0:13) (render: 49:8676) (0:476678 frames) (1:2244816)
D/SFPerfTracer(  274):        layers: (3:12) (DimLayer: 0:158)* (DimLayer: 0:44)* (FocusedStackFrame: 0:11368)* (StatusBar: 0:149101) (NavigationBar: 1:106955) (DimLayer: 0:7718)* (DimLayer: 0:1879)* (com.android.wallpaper.fall.FallWallpaper: 0:42840)* (com.android.packageinstaller/com.android.packageinstaller.InstallAppProgress: 0:129)* (Starting co.giftmeapp.gift_me: 0:35)* (co.giftmeapp.gift_me/co.giftmeapp.gift_me.GiftMe: 1:68) (co.giftmeapp.gift_me/co.giftmeapp.gift_me.GiftMe: 0:33)* 
D/WifiService( 1025): New client listening to asynchronous messages
I/SFPerfTracer(  274):      triggers: (rate: 733:303253) (217122 sw vsyncs) (695975 skipped) (32:2026882 vsyncs) (34:2556446)
W/BroadcastQueue( 1025): Permission Denial: broadcasting Intent { act=android.net.conn.INET_CONDITION_ACTION flg=0x4000010 (has extras) } from null (pid=-1, uid=-1) requires com.facebook.permission.prod.FB_APP_COMMUNICATION due to registered receiver BroadcastFilter{42d42d48 u0 ReceiverList{43222e38 5813 com.facebook.katana/10110/u0 remote:42b3cde8}}
W/BroadcastQueue( 1025): Permission Denial: broadcasting Intent { act=android.net.conn.CONNECTIVITY_CHANGE flg=0x4000010 (has extras) } from null (pid=-1, uid=-1) requires com.facebook.permission.prod.FB_APP_COMMUNICATION due to registered receiver BroadcastFilter{42d42d48 u0 ReceiverList{43222e38 5813 com.facebook.katana/10110/u0 remote:42b3cde8}}
W/BroadcastQueue( 1025): Permission Denial: broadcasting Intent { act=android.net.conn.CONNECTIVITY_CHANGE flg=0x4000010 (has extras) } from null (pid=-1, uid=-1) requires com.facebook.permission.prod.FB_APP_COMMUNICATION due to registered receiver BroadcastFilter{42bd84a0 u0 ReceiverList{42e6b358 5813 com.facebook.katana/10110/u0 remote:4295ff70}}
I/SFPerfTracer(  274):      triggers: (rate: 852:34586) (compose: 0:139) (post: 0:13) (render: 49:8676) (0:476678 frames) (1:2244916)
D/SFPerfTracer(  274):        layers: (3:9) (DimLayer: 0:158)* (DimLayer: 0:44)* (FocusedStackFrame: 0:11368)* (StatusBar: 0:149103) (NavigationBar: 1:107029) (DimLayer: 0:7718)* (DimLayer: 0:1879)* (com.android.wallpaper.fall.FallWallpaper: 0:42840)* (co.giftmeapp.gift_me/co.giftmeapp.gift_me.GiftMe: 0:111) 
V/AlarmManager( 1025): sending alarm Alarm{42905608 type 2 com.facebook.katana}
V/AlarmManager( 1025): sending alarm Alarm{429052a0 type 0 com.android.vending}
I/ActivityManager( 1025): Start proc com.android.vending for service com.android.vending/com.google.android.finsky.services.ContentSyncService: pid=5958 uid=10039 gids={50039, 3003, 1028, 1015}
I/SFPerfTracer(  274):      triggers: (rate: 733:303253) (217122 sw vsyncs) (695975 skipped) (34:2026983 vsyncs) (36:2556557)
I/ActivityManager( 1025): Start proc com.facebook.orca for content provider com.facebook.orca/.notify.MessengerLoggedInUserProvider: pid=6014 uid=10147 gids={50147, 3003, 1028, 1015}
I/ActivityManager( 1025): Process com.android.vending (pid 5958) has died.
I/ActivityManager( 1025): Process com.facebook.orca (pid 6014) has died.
W/ActivityManager( 1025): Scheduling restart of crashed service com.facebook.orca/com.facebook.push.mqtt.service.MqttPushService in 39984ms
I/SFPerfTracer(  274):      triggers: (rate: 733:303253) (217122 sw vsyncs) (695975 skipped) (18:2027074 vsyncs) (20:2556658)
I/SFPerfTracer(  274):      triggers: (rate: 733:303253) (217122 sw vsyncs) (695975 skipped) (17:2027175 vsyncs) (19:2556769)
V/AlarmManager( 1025): sending alarm Alarm{42276f80 type 3 android}
I/ActivityManager( 1025): Start proc com.facebook.orca for service com.facebook.orca/com.facebook.push.mqtt.service.MqttPushService: pid=6092 uid=10147 gids={50147, 3003, 1028, 1015}
V/AlarmManager( 1025): sending alarm Alarm{42a87030 type 3 com.devexpert.weather}
V/AlarmManager( 1025): sending alarm Alarm{42a0c618 type 2 com.google.android.gms}
I/ActivityManager( 1025): Start proc com.devexpert.weather for broadcast com.devexpert.weather/.view.WidgetWeather2x1: pid=6144 uid=10112 gids={50112, 3003, 1028, 1015}
D/WifiService( 1025): Client connection lost with reason: 4
I/ActivityManager( 1025): Process com.facebook.katana (pid 5813) has died.
W/ActivityManager( 1025): Scheduling restart of crashed service com.facebook.katana/com.facebook.push.mqtt.service.MqttPushService in 4000ms
W/ContextImpl( 1295): Calling a method in the system process without a qualified user: android.app.ContextImpl.sendBroadcast:1252 android.content.ContextWrapper.sendBroadcast:365 com.motorola.motocare.util.TriggerHelper$TriggerBuilder.send:76 com.motorola.motocare.internal.frameworkevents.ProcessKillTrigger.sendTrigger:147 com.motorola.motocare.internal.frameworkevents.ProcessKillTrigger.handleLmkKill:337 
W/ContextImpl( 1295): Calling a method in the system process without a qualified user: android.app.ContextImpl.sendBroadcast:1252 android.content.ContextWrapper.sendBroadcast:365 com.motorola.motocare.util.TriggerHelper$TriggerBuilder.send:76 com.motorola.motocare.internal.frameworkevents.ProcessKillTrigger.sendTrigger:147 com.motorola.motocare.internal.frameworkevents.ProcessKillTrigger.handleLmkKill:337 
W/ContextImpl( 1295): Calling a method in the system process without a qualified user: android.app.ContextImpl.sendBroadcast:1252 android.content.ContextWrapper.sendBroadcast:365 com.motorola.motocare.util.TriggerHelper$TriggerBuilder.send:76 com.motorola.motocare.internal.frameworkevents.ProcessKillTrigger.sendTrigger:147 com.motorola.motocare.internal.frameworkevents.ProcessKillTrigger.handleLmkKill:337 
W/ContextImpl( 1295): Calling a method in the system process without a qualified user: android.app.ContextImpl.sendBroadcast:1252 android.content.ContextWrapper.sendBroadcast:365 com.motorola.motocare.util.TriggerHelper$TriggerBuilder.send:76 com.motorola.motocare.internal.frameworkevents.ProcessKillTrigger.sendTrigger:147 com.motorola.motocare.internal.frameworkevents.ProcessKillTrigger.handleLmkKill:337 
W/ContextImpl( 1295): Calling a method in the system process without a qualified user: android.app.ContextImpl.sendBroadcast:1252 android.content.ContextWrapper.sendBroadcast:365 com.motorola.motocare.util.TriggerHelper$TriggerBuilder.send:76 com.motorola.motocare.internal.frameworkevents.ProcessKillTrigger.sendTrigger:147 com.motorola.motocare.internal.frameworkevents.ProcessKillTrigger.handleLmkKill:337 
W/ContextImpl( 1295): Calling a method in the system process without a qualified user: android.app.ContextImpl.sendBroadcast:1252 android.content.ContextWrapper.sendBroadcast:365 com.motorola.motocare.util.TriggerHelper$TriggerBuilder.send:76 com.motorola.motocare.internal.frameworkevents.ProcessKillTrigger.sendTrigger:147 com.motorola.motocare.internal.frameworkevents.ProcessKillTrigger.handleLmkKill:337 
W/ContextImpl( 1295): Calling a method in the system process without a qualified user: android.app.ContextImpl.sendBroadcast:1252 android.content.ContextWrapper.sendBroadcast:365 com.motorola.motocare.util.TriggerHelper$TriggerBuilder.send:76 com.motorola.motocare.internal.frameworkevents.ProcessKillTrigger.sendTrigger:147 com.motorola.motocare.internal.frameworkevents.ProcessKillTrigger.handleLmkKill:337 
W/ContextImpl( 1295): Calling a method in the system process without a qualified user: android.app.ContextImpl.sendBroadcast:1252 android.content.ContextWrapper.sendBroadcast:365 com.motorola.motocare.util.TriggerHelper$TriggerBuilder.send:76 com.motorola.motocare.internal.frameworkevents.ProcessKillTrigger.sendTrigger:147 com.motorola.motocare.internal.frameworkevents.ProcessKillTrigger.handleLmkKill:337 
W/ContextImpl( 1295): Calling a method in the system process without a qualified user: android.app.ContextImpl.sendBroadcast:1252 android.content.ContextWrapper.sendBroadcast:365 com.motorola.motocare.util.TriggerHelper$TriggerBuilder.send:76 com.motorola.motocare.internal.frameworkevents.ProcessKillTrigger.sendTrigger:147 com.motorola.motocare.internal.frameworkevents.ProcessKillTrigger.handleLmkKill:337 
W/ContextImpl( 1295): Calling a method in the system process without a qualified user: android.app.ContextImpl.sendBroadcast:1252 android.content.ContextWrapper.sendBroadcast:365 com.motorola.motocare.util.TriggerHelper$TriggerBuilder.send:76 com.motorola.motocare.internal.frameworkevents.ProcessKillTrigger.sendTrigger:147 com.motorola.motocare.internal.frameworkevents.ProcessKillTrigger.handleLmkKill:337 
W/ContextImpl( 1295): Calling a method in the system process without a qualified user: android.app.ContextImpl.sendBroadcast:1252 android.content.ContextWrapper.sendBroadcast:365 com.motorola.motocare.util.TriggerHelper$TriggerBuilder.send:76 com.motorola.motocare.internal.frameworkevents.ProcessKillTrigger.sendTrigger:147 com.motorola.motocare.internal.frameworkevents.ProcessKillTrigger.handleLmkKill:337 
W/ContextImpl( 1295): Calling a method in the system process without a qualified user: android.app.ContextImpl.sendBroadcast:1252 android.content.ContextWrapper.sendBroadcast:365 com.motorola.motocare.util.TriggerHelper$TriggerBuilder.send:76 com.motorola.motocare.internal.frameworkevents.ProcessKillTrigger.sendTrigger:147 com.motorola.motocare.internal.frameworkevents.ProcessKillTrigger.handleLmkKill:337 
W/ContextImpl( 1295): Calling a method in the system process without a qualified user: android.app.ContextImpl.sendBroadcast:1252 android.content.ContextWrapper.sendBroadcast:365 com.motorola.motocare.util.TriggerHelper$TriggerBuilder.send:76 com.motorola.motocare.internal.frameworkevents.ProcessKillTrigger.sendTrigger:147 com.motorola.motocare.internal.frameworkevents.ProcessKillTrigger.handleLmkKill:337 
W/ContextImpl( 1295): Calling a method in the system process without a qualified user: android.app.ContextImpl.sendBroadcast:1252 android.content.ContextWrapper.sendBroadcast:365 com.motorola.motocare.util.TriggerHelper$TriggerBuilder.send:76 com.motorola.motocare.internal.frameworkevents.ProcessKillTrigger.sendTrigger:147 com.motorola.motocare.internal.frameworkevents.ProcessKillTrigger.handleLmkKill:337 
W/ContextImpl( 1295): Calling a method in the system process without a qualified user: android.app.ContextImpl.sendBroadcast:1252 android.content.ContextWrapper.sendBroadcast:365 com.motorola.motocare.util.TriggerHelper$TriggerBuilder.send:76 com.motorola.motocare.internal.frameworkevents.ProcessKillTrigger.sendTrigger:147 com.motorola.motocare.internal.frameworkevents.ProcessKillTrigger.handleLmkKill:337 
W/ContextImpl( 1295): Calling a method in the system process without a qualified user: android.app.ContextImpl.sendBroadcast:1252 android.content.ContextWrapper.sendBroadcast:365 com.motorola.motocare.util.TriggerHelper$TriggerBuilder.send:76 com.motorola.motocare.internal.frameworkevents.ProcessKillTrigger.sendTrigger:147 com.motorola.motocare.internal.frameworkevents.ProcessKillTrigger.handleLmkKill:337 
W/ContextImpl( 1295): Calling a method in the system process without a qualified user: android.app.ContextImpl.sendBroadcast:1252 android.content.ContextWrapper.sendBroadcast:365 com.motorola.motocare.util.TriggerHelper$TriggerBuilder.send:76 com.motorola.motocare.internal.frameworkevents.ProcessKillTrigger.sendTrigger:147 com.motorola.motocare.internal.frameworkevents.ProcessKillTrigger.handleLmkKill:337 
W/ContextImpl( 1295): Calling a method in the system process without a qualified user: android.app.ContextImpl.sendBroadcast:1252 android.content.ContextWrapper.sendBroadcast:365 com.motorola.motocare.util.TriggerHelper$TriggerBuilder.send:76 com.motorola.motocare.internal.frameworkevents.ProcessKillTrigger.sendTrigger:147 com.motorola.motocare.internal.frameworkevents.ProcessKillTrigger.handleLmkKill:337 
W/ContextImpl( 1295): Calling a method in the system process without a qualified user: android.app.ContextImpl.sendBroadcast:1252 android.content.ContextWrapper.sendBroadcast:365 com.motorola.motocare.util.TriggerHelper$TriggerBuilder.send:76 com.motorola.motocare.internal.frameworkevents.ProcessKillTrigger.sendTrigger:147 com.motorola.motocare.internal.frameworkevents.ProcessKillTrigger.handleLmkKill:337 
W/ContextImpl( 1295): Calling a method in the system process without a qualified user: android.app.ContextImpl.sendBroadcast:1252 android.content.ContextWrapper.sendBroadcast:365 com.motorola.motocare.util.TriggerHelper$TriggerBuilder.send:76 com.motorola.motocare.internal.frameworkevents.ProcessKillTrigger.sendTrigger:147 com.motorola.motocare.internal.frameworkevents.ProcessKillTrigger.handleLmkKill:337 
W/ContextImpl( 1295): Calling a method in the system process without a qualified user: android.app.ContextImpl.sendBroadcast:1252 android.content.ContextWrapper.sendBroadcast:365 com.motorola.motocare.util.TriggerHelper$TriggerBuilder.send:76 com.motorola.motocare.internal.frameworkevents.ProcessKillTrigger.sendTrigger:147 com.motorola.motocare.internal.frameworkevents.ProcessKillTrigger.handleLmkKill:337 
W/ContextImpl( 1295): Calling a method in the system process without a qualified user: android.app.ContextImpl.sendBroadcast:1252 android.content.ContextWrapper.sendBroadcast:365 com.motorola.motocare.util.TriggerHelper$TriggerBuilder.send:76 com.motorola.motocare.internal.frameworkevents.ProcessKillTrigger.sendTrigger:147 com.motorola.motocare.internal.frameworkevents.ProcessKillTrigger.handleLmkKill:337 
W/ContextImpl( 1295): Calling a method in the system process without a qualified user: android.app.ContextImpl.sendBroadcast:1252 android.content.ContextWrapper.sendBroadcast:365 com.motorola.motocare.util.TriggerHelper$TriggerBuilder.send:76 com.motorola.motocare.internal.frameworkevents.ProcessKillTrigger.sendTrigger:147 com.motorola.motocare.internal.frameworkevents.ProcessKillTrigger.handleLmkKill:337 
W/ContextImpl( 1295): Calling a method in the system process without a qualified user: android.app.ContextImpl.sendBroadcast:1252 android.content.ContextWrapper.sendBroadcast:365 com.motorola.motocare.util.TriggerHelper$TriggerBuilder.send:76 com.motorola.motocare.internal.frameworkevents.ProcessKillTrigger.sendTrigger:147 com.motorola.motocare.internal.frameworkevents.ProcessKillTrigger.handleLmkKill:337 
D/ConnectivityService( 1025): handleInetConditionHoldEnd: net=1, condition=100, published condition=100
I/SFPerfTracer(  274):      triggers: (rate: 733:303253) (217122 sw vsyncs) (695975 skipped) (17:2027261 vsyncs) (19:2556879)
W/BroadcastQueue( 1025): Permission Denial: broadcasting Intent { act=android.net.conn.INET_CONDITION_ACTION flg=0x4000010 (has extras) } from null (pid=-1, uid=-1) requires com.facebook.permission.prod.FB_APP_COMMUNICATION due to registered receiver BroadcastFilter{41ffcc88 u0 ReceiverList{42012378 6092 com.facebook.orca/10147/u0 remote:42104718}}
W/BroadcastQueue( 1025): Permission Denial: broadcasting Intent { act=android.net.conn.CONNECTIVITY_CHANGE flg=0x4000010 (has extras) } from null (pid=-1, uid=-1) requires com.facebook.permission.prod.FB_APP_COMMUNICATION due to registered receiver BroadcastFilter{41ffcc88 u0 ReceiverList{42012378 6092 com.facebook.orca/10147/u0 remote:42104718}}
I/ActivityManager( 1025): Start proc com.facebook.katana for service com.facebook.katana/com.facebook.push.mqtt.service.MqttPushService: pid=6199 uid=10110 gids={50110, 1028, 1015, 3003}
W/BroadcastQueue( 1025): Permission Denial: broadcasting Intent { act=android.net.conn.CONNECTIVITY_CHANGE flg=0x4000010 (has extras) } from null (pid=-1, uid=-1) requires com.facebook.permission.prod.FB_APP_COMMUNICATION due to registered receiver BroadcastFilter{4385dc80 u0 ReceiverList{43c03688 6092 com.facebook.orca/10147/u0 remote:4373d470}}
I/ActivityManager( 1025): Process com.devexpert.weather (pid 6144) has died.
D/WifiService( 1025): New client listening to asynchronous messages
W/ProcessCpuTracker( 1025): Skipping unknown process pid 6214
W/ProcessCpuTracker( 1025): Skipping unknown process pid 6215
W/ProcessCpuTracker( 1025): Skipping unknown process pid 6236
W/ProcessCpuTracker( 1025): Skipping unknown process pid 6247
I/ActivityManager( 1025): Process com.facebook.orca (pid 6092) has died.
W/ActivityManager( 1025): Scheduling restart of crashed service com.facebook.orca/com.facebook.push.mqtt.service.MqttPushService in 159936ms
W/BroadcastQueue( 1025): Permission Denial: broadcasting Intent { act=android.net.conn.INET_CONDITION_ACTION flg=0x4000010 (has extras) } from null (pid=-1, uid=-1) requires com.facebook.permission.prod.FB_APP_COMMUNICATION due to registered receiver BroadcastFilter{42b69108 u0 ReceiverList{42b9b830 6199 com.facebook.katana/10110/u0 remote:428d4f98}}
W/BroadcastQueue( 1025): Permission Denial: broadcasting Intent { act=android.net.conn.CONNECTIVITY_CHANGE flg=0x4000010 (has extras) } from null (pid=-1, uid=-1) requires com.facebook.permission.prod.FB_APP_COMMUNICATION due to registered receiver BroadcastFilter{42b69108 u0 ReceiverList{42b9b830 6199 com.facebook.katana/10110/u0 remote:428d4f98}}
W/BroadcastQueue( 1025): Permission Denial: broadcasting Intent { act=android.net.conn.CONNECTIVITY_CHANGE flg=0x4000010 (has extras) } from null (pid=-1, uid=-1) requires com.facebook.permission.prod.FB_APP_COMMUNICATION due to registered receiver BroadcastFilter{42a46140 u0 ReceiverList{42b29370 6199 com.facebook.katana/10110/u0 remote:4234cf50}}
I/ActivityManager( 1025): Start proc com.facebook.orca for content provider com.facebook.orca/.notify.MessengerLoggedInUserProvider: pid=6323 uid=10147 gids={50147, 3003, 1028, 1015}
W/BroadcastQueue( 1025): Permission Denial: broadcasting Intent { act=android.net.conn.INET_CONDITION_ACTION flg=0x4000010 (has extras) } from null (pid=-1, uid=-1) requires com.facebook.permission.prod.FB_APP_COMMUNICATION due to registered receiver BroadcastFilter{431bac68 u0 ReceiverList{424d1948 6323 com.facebook.orca/10147/u0 remote:429c9e80}}
W/BroadcastQueue( 1025): Permission Denial: broadcasting Intent { act=android.net.conn.CONNECTIVITY_CHANGE flg=0x4000010 (has extras) } from null (pid=-1, uid=-1) requires com.facebook.permission.prod.FB_APP_COMMUNICATION due to registered receiver BroadcastFilter{431bac68 u0 ReceiverList{424d1948 6323 com.facebook.orca/10147/u0 remote:429c9e80}}
W/BroadcastQueue( 1025): Permission Denial: broadcasting Intent { act=android.net.conn.CONNECTIVITY_CHANGE flg=0x4000010 (has extras) } from null (pid=-1, uid=-1) requires com.facebook.permission.prod.FB_APP_COMMUNICATION due to registered receiver BroadcastFilter{42d0b9f8 u0 ReceiverList{42240070 6323 com.facebook.orca/10147/u0 remote:42a021b8}}
I/ActivityManager( 1025): Process com.facebook.katana (pid 6199) has died.
W/ActivityManager( 1025): Scheduling restart of crashed service com.facebook.katana/com.facebook.push.mqtt.service.MqttPushService in 16000ms
D/WifiService( 1025): Client connection lost with reason: 4
I/SFPerfTracer(  274):      triggers: (rate: 733:303253) (217122 sw vsyncs) (695975 skipped) (17:2027345 vsyncs) (19:2556983)
I/SFPerfTracer(  274):      triggers: (rate: 852:34586) (compose: 0:140) (post: 0:13) (render: 49:8677) (0:476678 frames) (1:2245016)
D/SFPerfTracer(  274):        layers: (3:9) (DimLayer: 0:158)* (DimLayer: 0:44)* (FocusedStackFrame: 0:11368)* (StatusBar: 1:149144) (NavigationBar: 0:107068) (DimLayer: 0:7718)* (DimLayer: 0:1879)* (com.android.wallpaper.fall.FallWallpaper: 0:42840)* (co.giftmeapp.gift_me/co.giftmeapp.gift_me.GiftMe: 0:131) 
V/AlarmManager( 1025): sending alarm Alarm{435494d0 type 2 com.facebook.katana}
V/AlarmManager( 1025): sending alarm Alarm{435313e0 type 2 com.facebook.orca}
V/AlarmManager( 1025): sending alarm Alarm{43501328 type 3 com.devexpert.weather}
V/AlarmManager( 1025): sending alarm Alarm{434d1ea8 type 2 com.whatsapp}
V/AlarmManager( 1025): sending alarm Alarm{434c7960 type 0 android}
I/ActivityManager( 1025): Start proc com.devexpert.weather for broadcast com.devexpert.weather/.view.WidgetWeather2x1: pid=6445 uid=10112 gids={50112, 3003, 1028, 1015}
V/BackupManagerService( 1025): Running a backup pass
V/BackupManagerService( 1025): clearing pending backups
V/PerformBackupTask( 1025): Beginning backup of 5 targets
D/PerformBackupTask( 1025): invokeAgentForBackup on @pm@
D/BackupManagerService( 1025): Now staging backup of android
D/BackupManagerService( 1025): Now staging backup of com.android.providers.settings
D/BackupManagerService( 1025): Now staging backup of com.google.android.calendar
D/BackupManagerService( 1025): Now staging backup of com.google.android.googlequicksearchbox
D/BackupManagerService( 1025): Now staging backup of com.google.android.gm
V/AlarmManager( 1025): sending alarm Alarm{42912870 type 0 android}
I/PerformBackupTask( 1025): Backup pass finished.
V/BackupManagerService( 1025): Running a backup pass
V/BackupManagerService( 1025): clearing pending backups
V/PerformBackupTask( 1025): Beginning backup of 5 targets
D/PerformBackupTask( 1025): invokeAgentForBackup on @pm@
D/BackupManagerService( 1025): Now staging backup of android
D/BackupManagerService( 1025): Now staging backup of com.android.providers.settings
D/BackupManagerService( 1025): Now staging backup of com.google.android.googlequicksearchbox
D/BackupManagerService( 1025): Now staging backup of com.google.android.calendar
D/BackupManagerService( 1025): Now staging backup of com.google.android.gm
V/AlarmManager( 1025): sending alarm Alarm{42264900 type 0 android}
I/BackupManagerService( 1025): Backup time but one already running
I/PerformBackupTask( 1025): Backup pass finished.
I/ActivityManager( 1025): Start proc com.facebook.katana for service com.facebook.katana/com.facebook.push.mqtt.service.MqttPushService: pid=6494 uid=10110 gids={50110, 1028, 1015, 3003}
D/WifiService( 1025): New client listening to asynchronous messages
I/SFPerfTracer(  274):      triggers: (rate: 733:303253) (217122 sw vsyncs) (695975 skipped) (5:2027421 vsyncs) (7:2557085)
I/ActivityManager( 1025): Process com.qualcomm.atfwd (pid 28675) has died.
W/ActivityManager( 1025): Scheduling restart of crashed service com.qualcomm.atfwd/.AtFwdService in 1000ms
I/ActivityManager( 1025): Start proc com.qualcomm.atfwd for service com.qualcomm.atfwd/.AtFwdService: pid=6557 uid=1000 gids={41000, 1028, 1015, 3002, 3001, 3003, 1021, 3004, 3005, 1000, 3009, 1023, 1010, 1004, 2002, 3006}
I/ActivityManager( 1025): Process com.devexpert.weather (pid 6445) has died.
W/BroadcastQueue( 1025): Permission Denial: broadcasting Intent { act=android.net.conn.INET_CONDITION_ACTION flg=0x4000010 (has extras) } from null (pid=-1, uid=-1) requires com.facebook.permission.prod.FB_APP_COMMUNICATION due to registered receiver BroadcastFilter{4321b398 u0 ReceiverList{437c2ec0 6494 com.facebook.katana/10110/u0 remote:42c929d8}}
W/BroadcastQueue( 1025): Permission Denial: broadcasting Intent { act=android.net.conn.CONNECTIVITY_CHANGE flg=0x4000010 (has extras) } from null (pid=-1, uid=-1) requires com.facebook.permission.prod.FB_APP_COMMUNICATION due to registered receiver BroadcastFilter{4321b398 u0 ReceiverList{437c2ec0 6494 com.facebook.katana/10110/u0 remote:42c929d8}}
W/BroadcastQueue( 1025): Permission Denial: broadcasting Intent { act=android.net.conn.CONNECTIVITY_CHANGE flg=0x4000010 (has extras) } from null (pid=-1, uid=-1) requires com.facebook.permission.prod.FB_APP_COMMUNICATION due to registered receiver BroadcastFilter{42d1fff0 u0 ReceiverList{43595a90 6494 com.facebook.katana/10110/u0 remote:42a8ea48}}
I/ActivityManager( 1025): Process com.facebook.katana (pid 6494) has died.
D/WifiService( 1025): Client connection lost with reason: 4
W/ActivityManager( 1025): Service ServiceRecord{43dc1678 u0 com.facebook.katana/com.facebook.fbservice.service.DefaultBlueService} in process ProcessRecord{42b81ad8 6494:com.facebook.katana/u0a110} not same as in map: null
W/ActivityManager( 1025): Scheduling restart of crashed service com.facebook.katana/com.facebook.push.mqtt.service.MqttPushService in 64000ms
V/AlarmManager( 1025): sending alarm Alarm{42ca1660 type 3 android}
I/SFPerfTracer(  274):      triggers: (rate: 733:303253) (217122 sw vsyncs) (695975 skipped) (5:2027509 vsyncs) (7:2557190)
W/ContextImpl( 1295): Calling a method in the system process without a qualified user: android.app.ContextImpl.sendBroadcast:1252 android.content.ContextWrapper.sendBroadcast:365 com.motorola.motocare.util.TriggerHelper$TriggerBuilder.send:76 com.motorola.motocare.internal.frameworkevents.ProcessKillTrigger.sendTrigger:147 com.motorola.motocare.internal.frameworkevents.ProcessKillTrigger.handleLmkKill:337 
W/ContextImpl( 1295): Calling a method in the system process without a qualified user: android.app.ContextImpl.sendBroadcast:1252 android.content.ContextWrapper.sendBroadcast:365 com.motorola.motocare.util.TriggerHelper$TriggerBuilder.send:76 com.motorola.motocare.internal.frameworkevents.ProcessKillTrigger.sendTrigger:147 com.motorola.motocare.internal.frameworkevents.ProcessKillTrigger.handleLmkKill:337 
W/ContextImpl( 1295): Calling a method in the system process without a qualified user: android.app.ContextImpl.sendBroadcast:1252 android.content.ContextWrapper.sendBroadcast:365 com.motorola.motocare.util.TriggerHelper$TriggerBuilder.send:76 com.motorola.motocare.internal.frameworkevents.ProcessKillTrigger.sendTrigger:147 com.motorola.motocare.internal.frameworkevents.ProcessKillTrigger.handleLmkKill:337 
W/ContextImpl( 1295): Calling a method in the system process without a qualified user: android.app.ContextImpl.sendBroadcast:1252 android.content.ContextWrapper.sendBroadcast:365 com.motorola.motocare.util.TriggerHelper$TriggerBuilder.send:76 com.motorola.motocare.internal.frameworkevents.ProcessKillTrigger.sendTrigger:147 com.motorola.motocare.internal.frameworkevents.ProcessKillTrigger.handleLmkKill:337 
W/ContextImpl( 1295): Calling a method in the system process without a qualified user: android.app.ContextImpl.sendBroadcast:1252 android.content.ContextWrapper.sendBroadcast:365 com.motorola.motocare.util.TriggerHelper$TriggerBuilder.send:76 com.motorola.motocare.internal.frameworkevents.ProcessKillTrigger.sendTrigger:147 com.motorola.motocare.internal.frameworkevents.ProcessKillTrigger.handleLmkKill:337 
W/ContextImpl( 1295): Calling a method in the system process without a qualified user: android.app.ContextImpl.sendBroadcast:1252 android.content.ContextWrapper.sendBroadcast:365 com.motorola.motocare.util.TriggerHelper$TriggerBuilder.send:76 com.motorola.motocare.internal.frameworkevents.ProcessKillTrigger.sendTrigger:147 com.motorola.motocare.internal.frameworkevents.ProcessKillTrigger.handleLmkKill:337 
V/AlarmManager( 1025): sending alarm Alarm{42ca13d0 type 2 com.facebook.katana}
V/AlarmManager( 1025): sending alarm Alarm{42c9ec68 type 2 com.whatsapp}
I/SFPerfTracer(  274):      triggers: (rate: 733:303253) (217122 sw vsyncs) (695975 skipped) (38:2027632 vsyncs) (40:2557329)
I/PowerManagerService( 1025): Nap time...
I/PowerManagerService( 1025): Going to sleep due to screen timeout...
I/SFPerfTracer(  274):      triggers: (rate: 852:34586) (compose: 0:141) (post: 0:13) (render: 49:8677) (21:476700 frames) (22:2245084)
D/SFPerfTracer(  274):        layers: (4:10) (DimLayer: 0:158)* (DimLayer: 0:44)* (FocusedStackFrame: 0:11368)* (StatusBar: 1:149180) (NavigationBar: 0:107068) (DimLayer: 0:7718)* (DimLayer: 0:1879)* (com.android.wallpaper.fall.FallWallpaper: 0:42840)* (co.giftmeapp.gift_me/co.giftmeapp.gift_me.GiftMe: 0:131) (ElectronBeam: 22:24) 
W/ContextImpl( 1295): Calling a method in the system process without a qualified user: android.app.ContextImpl.sendBroadcast:1252 android.content.ContextWrapper.sendBroadcast:365 com.motorola.motocare.util.TriggerHelper$TriggerBuilder.send:76 com.motorola.motocare.internal.frameworkevents.PauseResumeTrigger.handleFrameworkEvent:53 com.motorola.motocare.internal.frameworkevents.FwEventMonitor$FrameworkListener.processFrameworkEvent:114 
F/ProcessStats( 1025): Starting service ServiceState{42a4cec0 com.facebook.push.mqtt.service.MqttPushService pkg=com.facebook.katana proc=42a4cec0} without owner
W/ContextImpl( 1295): Calling a method in the system process without a qualified user: android.app.ContextImpl.startService:1608 android.content.ContextWrapper.startService:494 android.content.ContextWrapper.startService:494 com.motorola.motocare.internal.batterystats.BatteryStatsAction.onReceive:33 android.app.ActivityThread.handleReceiver:2434 
V/AlarmManager( 1025): sending alarm Alarm{429e3398 type 2 com.android.keyguard}
V/AlarmManager( 1025): sending alarm Alarm{429e2568 type 0 com.facebook.orca}
V/AlarmManager( 1025): sending alarm Alarm{429e1998 type 2 com.facebook.orca}
I/ActivityManager( 1025): Start proc com.facebook.katana for service com.facebook.katana/com.facebook.push.mqtt.service.MqttPushService: pid=6684 uid=10110 gids={50110, 1028, 1015, 3003}
D/WifiService( 1025): New client listening to asynchronous messages
W/BroadcastQueue( 1025): Permission Denial: broadcasting Intent { act=android.net.conn.INET_CONDITION_ACTION flg=0x4000010 (has extras) } from null (pid=-1, uid=-1) requires com.facebook.permission.prod.FB_APP_COMMUNICATION due to registered receiver BroadcastFilter{428053a8 u0 ReceiverList{42805d58 6684 com.facebook.katana/10110/u0 remote:42ccbee8}}
W/BroadcastQueue( 1025): Permission Denial: broadcasting Intent { act=android.net.conn.CONNECTIVITY_CHANGE flg=0x4000010 (has extras) } from null (pid=-1, uid=-1) requires com.facebook.permission.prod.FB_APP_COMMUNICATION due to registered receiver BroadcastFilter{428053a8 u0 ReceiverList{42805d58 6684 com.facebook.katana/10110/u0 remote:42ccbee8}}
W/BroadcastQueue( 1025): Permission Denial: broadcasting Intent { act=android.net.conn.CONNECTIVITY_CHANGE flg=0x4000010 (has extras) } from null (pid=-1, uid=-1) requires com.facebook.permission.prod.FB_APP_COMMUNICATION due to registered receiver BroadcastFilter{42b301a0 u0 ReceiverList{42b7acb8 6684 com.facebook.katana/10110/u0 remote:42b56790}}
I/ActivityManager( 1025): Process com.facebook.orca (pid 6323) has died.
W/ActivityManager( 1025): Scheduling restart of crashed service com.facebook.orca/com.facebook.push.mqtt.service.MqttPushService in 1000ms
I/ActivityManager( 1025): Start proc com.facebook.orca for content provider com.facebook.orca/.notify.MessengerLoggedInUserProvider: pid=6765 uid=10147 gids={50147, 3003, 1028, 1015}
V/AlarmManager( 1025): sending alarm Alarm{43494a90 type 3 com.devexpert.weather}
V/AlarmManager( 1025): sending alarm Alarm{4341f888 type 2 com.facebook.katana}
V/AlarmManager( 1025): sending alarm Alarm{4341de10 type 2 com.google.android.gms}
I/ActivityManager( 1025): Start proc com.devexpert.weather for broadcast com.devexpert.weather/.view.WidgetWeather2x1: pid=6789 uid=10112 gids={50112, 3003, 1028, 1015}
I/ActivityManager( 1025): Process com.devexpert.weather (pid 6789) has died.
I/ActivityManager( 1025): Process uk.co.economist (pid 3994) has died.
W/ActivityManager( 1025): Scheduling restart of crashed service uk.co.economist/.service.EditionDownloadManager in 1000ms
W/ActivityManager( 1025): Service ServiceRecord{43531620 u0 uk.co.economist/.service.APIService} in process ProcessRecord{43b89e20 3994:uk.co.economist/u0a130} not same as in map: null
I/ActivityManager( 1025): Start proc uk.co.economist for service uk.co.economist/.service.EditionDownloadManager: pid=6842 uid=10130 gids={50130, 3003, 1028, 1015}
I/ActivityManager( 1025): Process com.facebook.orca (pid 6765) has died.
W/ActivityManager( 1025): Scheduling restart of crashed service com.facebook.orca/com.facebook.push.mqtt.service.MqttPushService in 4000ms
V/AlarmManager( 1025): sending alarm Alarm{443c0308 type 3 android}
I/ActivityManager( 1025): Start proc com.facebook.orca for service com.facebook.orca/com.facebook.push.mqtt.service.MqttPushService: pid=6906 uid=10147 gids={50147, 3003, 1028, 1015}
--------- beginning of /dev/log/main
D/dalvikvm( 6906): Added shared lib /data/app-lib/com.facebook.orca-2/libfbjni.so 0x41fae548
D/dalvikvm( 6906): Trying to load lib /data/app-lib/com.facebook.orca-2/libheartbleed.so 0x41fae548
D/dalvikvm( 6906): Added shared lib /data/app-lib/com.facebook.orca-2/libheartbleed.so 0x41fae548
I/ActivityManager( 1025): Process com.facebook.katana (pid 6684) has died.
W/ActivityManager( 1025): Scheduling restart of crashed service com.facebook.katana/com.facebook.push.mqtt.service.MqttPushService in 256000ms
D/WifiService( 1025): Client connection lost with reason: 4
W/BroadcastQueue( 1025): Permission Denial: broadcasting Intent { act=android.net.conn.INET_CONDITION_ACTION flg=0x4000010 (has extras) } from null (pid=-1, uid=-1) requires com.facebook.permission.prod.FB_APP_COMMUNICATION due to registered receiver BroadcastFilter{42e5bf80 u0 ReceiverList{430b6dd0 6906 com.facebook.orca/10147/u0 remote:42438478}}
W/BroadcastQueue( 1025): Permission Denial: broadcasting Intent { act=android.net.conn.CONNECTIVITY_CHANGE flg=0x4000010 (has extras) } from null (pid=-1, uid=-1) requires com.facebook.permission.prod.FB_APP_COMMUNICATION due to registered receiver BroadcastFilter{42e5bf80 u0 ReceiverList{430b6dd0 6906 com.facebook.orca/10147/u0 remote:42438478}}
W/dalvikvm( 6906): Unable to resolve superclass of Lcom/facebook/push/adm/ADMBroadcastReceiver; (566)
W/dalvikvm( 6906): Link of class 'Lcom/facebook/push/adm/ADMBroadcastReceiver;' failed
E/dalvikvm( 6906): Could not find class 'com.facebook.push.adm.ADMBroadcastReceiver', referenced from method com.facebook.push.adm.a.b
W/dalvikvm( 6906): VFY: unable to resolve const-class 6907 (Lcom/facebook/push/adm/ADMBroadcastReceiver;) in Lcom/facebook/push/adm/a;
D/dalvikvm( 6906): VFY: replacing opcode 0x1c at 0x000e
W/msgr(:<default>):a( 6906): Attempt to start service that is already started
W/msgr(:<default>):a( 6906): Attempt to start service that is already started
W/BroadcastQueue( 1025): Permission Denial: broadcasting Intent { act=android.net.conn.CONNECTIVITY_CHANGE flg=0x4000010 (has extras) } from null (pid=-1, uid=-1) requires com.facebook.permission.prod.FB_APP_COMMUNICATION due to registered receiver BroadcastFilter{42c92678 u0 ReceiverList{42db6338 6906 com.facebook.orca/10147/u0 remote:42229598}}
D/Ulp_jni ( 1025): Location CB invoked
D/KInfoc  ( 3668): clear batch timer
D/KInfoc  ( 3668): set batch timer
D/KInfoc  ( 3668):  BATCH REPORTER STARTED ........
D/Ulp_jni ( 1025): Location CB invoked
V/AlarmManager( 1025): sending alarm Alarm{42b54958 type 2 com.facebook.orca}
V/AlarmManager( 1025): sending alarm Alarm{42b54650 type 2 com.whatsapp}
D/Event   ( 4245): No subscribers registered for event class com.whatsapp.alk
D/Event   ( 4245): No subscribers registered for event class de.greenrobot.event.a
I/AonLTInterfaceService( 1295): AodLT package version: 1000000
I/PowerManagerService( 1025): Waking up from sleep...
I/AonLTInterfaceService( 1295): AodLT package version: 1000000
V/KeyguardServiceDelegate( 1025): onScreenTurnedOn(showListener = com.android.internal.policy.impl.PhoneWindowManager$20@4236a4f0)
D/KeyguardHostView( 1119): showSecurityScreen(None)
D/KeyguardHostView( 1119): getSecurityView(None)
E/Sensors ( 1025): CT406 set ALS poll interval: 1000
D/SurfaceFlinger(  274): Screen acquired, type=0 flinger=0xb769f450
