W/GAV2    (17591): Thread[z,1,main]: dispatch call queued.  Need to call GAServiceManager.getInstance().initialize().
D/dalvikvm(17485): GC_CONCURRENT freed 5529K, 33% free 11605K/17224K, paused 4ms+5ms, total 43ms
D/CordovaLog(17485): file:///android_asset/www/js/app.js: Line 115 : Received response from version check.
I/chromium(17485): [INFO:CONSOLE(115)] "Received response from version check.", source: file:///android_asset/www/js/app.js (115)
D/CordovaLog(17485): file:///android_asset/www/js/app.js: Line 117 : Version is supported.
I/chromium(17485): [INFO:CONSOLE(117)] "Version is supported.", source: file:///android_asset/www/js/app.js (117)
I/ActivityManager( 1025): Process com.facebook.katana (pid 15588) has died.
W/ActivityManager( 1025): Scheduling restart of crashed service com.facebook.katana/com.facebook.push.mqtt.service.MqttPushService in 613531648ms
D/WifiService( 1025): Client connection lost with reason: 4
D/WifiStateMachine( 1025): handleMessage: E msg.what=151572
D/WifiStateMachine( 1025): processMsg: ConnectedState
D/WifiStateMachine( 1025): processMsg: L2ConnectedState
D/WifiStateMachine( 1025): handleMessage: X
D/CordovaLog(17485): file:///android_asset/www/js/app.js: Line 135 : success...
I/chromium(17485): [INFO:CONSOLE(135)] "success...", source: file:///android_asset/www/js/app.js (135)
D/WifiStateMachine( 1025): handleMessage: E msg.what=151572
D/WifiStateMachine( 1025): processMsg: ConnectedState
D/WifiStateMachine( 1025): processMsg: L2ConnectedState
D/WifiStateMachine( 1025): handleMessage: X
D/WifiStateMachine( 1025): handleMessage: E msg.what=131155
D/WifiStateMachine( 1025): processMsg: ConnectedState
D/WifiStateMachine( 1025): processMsg: L2ConnectedState
D/WifiStateMachine( 1025): handleMessage: X
D/WifiStateMachine( 1025): handleMessage: E msg.what=151572
D/WifiStateMachine( 1025): processMsg: ConnectedState
D/WifiStateMachine( 1025): processMsg: L2ConnectedState
D/WifiStateMachine( 1025): handleMessage: X
D/Ulp_jni ( 1025): Location CB invoked
D/WifiStateMachine( 1025): handleMessage: E msg.what=151572
D/WifiStateMachine( 1025): processMsg: ConnectedState
D/WifiStateMachine( 1025): processMsg: L2ConnectedState
D/WifiStateMachine( 1025): handleMessage: X
D/WifiStateMachine( 1025): handleMessage: E msg.what=151572
D/WifiStateMachine( 1025): processMsg: ConnectedState
D/WifiStateMachine( 1025): processMsg: L2ConnectedState
D/WifiStateMachine( 1025): handleMessage: X
D/WifiStateMachine( 1025): handleMessage: E msg.what=131155
D/WifiStateMachine( 1025): processMsg: ConnectedState
D/WifiStateMachine( 1025): processMsg: L2ConnectedState
D/WifiStateMachine( 1025): handleMessage: X
W/ContextImpl(17591): Implicit intents with startService are not safe: Intent { act=com.google.android.gms.analytics.service.START (has extras) } android.content.ContextWrapper.bindService:517 com.google.analytics.tracking.android.AnalyticsGmsCoreClient.b:82 com.google.analytics.tracking.android.GAServiceProxy.j:279 
I/GAV2    (17591): Thread[GAThread,1,main]: No campaign data found.
D/WifiStateMachine( 1025): handleMessage: E msg.what=151572
D/WifiStateMachine( 1025): processMsg: ConnectedState
D/WifiStateMachine( 1025): processMsg: L2ConnectedState
D/WifiStateMachine( 1025): handleMessage: X
D/WifiStateMachine( 1025): handleMessage: E msg.what=151572
D/WifiStateMachine( 1025): processMsg: ConnectedState
D/WifiStateMachine( 1025): processMsg: L2ConnectedState
D/WifiStateMachine( 1025): handleMessage: X
D/WifiStateMachine( 1025): handleMessage: E msg.what=151572
D/WifiStateMachine( 1025): processMsg: ConnectedState
D/WifiStateMachine( 1025): processMsg: L2ConnectedState
D/WifiStateMachine( 1025): handleMessage: X
D/WifiStateMachine( 1025): handleMessage: E msg.what=131155
D/WifiStateMachine( 1025): processMsg: ConnectedState
D/WifiStateMachine( 1025): processMsg: L2ConnectedState
D/WifiStateMachine( 1025): handleMessage: X
D/WifiStateMachine( 1025): handleMessage: E msg.what=151572
D/WifiStateMachine( 1025): processMsg: ConnectedState
D/WifiStateMachine( 1025): processMsg: L2ConnectedState
D/WifiStateMachine( 1025): handleMessage: X
D/WifiStateMachine( 1025): handleMessage: E msg.what=151572
D/WifiStateMachine( 1025): processMsg: ConnectedState
D/WifiStateMachine( 1025): processMsg: L2ConnectedState
I/ActivityManager( 1025): Start proc com.google.android.music:main for service com.google.android.music/.wear.WearDataTransferConnectionService: pid=17663 uid=10082 gids={50082, 3003, 1028, 1015}
D/WifiStateMachine( 1025): handleMessage: X
V/AlarmManager( 1025): sending alarm Alarm{42c4dd28 type 3 android}
I/MusicStore(17663): Database version: 107
D/dalvikvm(17663): Trying to load lib /data/app-lib/com.google.android.gms-1/libgmscore.so 0x4204ef60
D/dalvikvm(17663): Added shared lib /data/app-lib/com.google.android.gms-1/libgmscore.so 0x4204ef60
D/dalvikvm(17663): No JNI_OnLoad found in /data/app-lib/com.google.android.gms-1/libgmscore.so 0x4204ef60, skipping init
D/dalvikvm(17663): Trying to load lib /data/app-lib/com.google.android.gms-1/libconscrypt_gmscore_jni.so 0x4204ef60
D/dalvikvm(17663): Added shared lib /data/app-lib/com.google.android.gms-1/libconscrypt_gmscore_jni.so 0x4204ef60
V/JNIHelp (17663): Registering com/google/android/gms/org/conscrypt/NativeCrypto's 235 native methods...
I/ServiceManager(  260): service 'AtCmdFwd' died
I/ActivityManager( 1025): Process com.qualcomm.atfwd (pid 21539) has died.
W/ActivityManager( 1025): Scheduling restart of crashed service com.qualcomm.atfwd/.AtFwdService in 1000ms
D/dalvikvm(17663): Trying to load lib /data/app-lib/com.google.android.gms-1/libgmscore.so 0x4204ef60
D/dalvikvm(17663): Shared lib '/data/app-lib/com.google.android.gms-1/libgmscore.so' already loaded in same CL 0x4204ef60
D/dalvikvm(17663): Trying to load lib /data/app-lib/com.google.android.gms-1/libconscrypt_gmscore_jni.so 0x4204ef60
D/dalvikvm(17663): Shared lib '/data/app-lib/com.google.android.gms-1/libconscrypt_gmscore_jni.so' already loaded in same CL 0x4204ef60
I/ProviderInstaller(17663): Installed default security provider GmsCore_OpenSSL
D/AndroidMusic(17663): GMSCore installation verified
I/ConfigStore(17663): Config Database version: 1
E/cutils  (  261): Failed to mkdirat(/storage/sdcard1/Android): Read-only file system
W/Vold    (  261): Returning OperationFailed - no handler for errno 30
W/ContextImpl(17663): Failed to ensure directory: /storage/sdcard1/Android/data/com.google.android.music/files
I/SFPerfTracer(  274):      triggers: (rate: 1154:453048) (353457 sw vsyncs) (1069348 skipped) (24:3429155 vsyncs) (26:4301443)
E/cutils  (  261): Failed to mkdirat(/storage/sdcard1/Android): Read-only file system
W/Vold    (  261): Returning OperationFailed - no handler for errno 30
W/ContextImpl(17663): Failed to ensure directory: /storage/sdcard1/Android/data/com.google.android.music/files
E/cutils  (  261): Failed to mkdirat(/storage/sdcard1/Android): Read-only file system
W/Vold    (  261): Returning OperationFailed - no handler for errno 30
W/ContextImpl(17663): Failed to ensure directory: /storage/sdcard1/Android/data/com.google.android.music/files
I/MediaRouter(17663): Found default route: MediaRouter.RouteInfo{ uniqueId=android/.support.v7.media.SystemMediaRouteProvider:DEFAULT_ROUTE, name=Phone, description=null, enabled=true, connecting=false, canDisconnect=false, playbackType=0, playbackStream=3, volumeHandling=1, volume=2, volumeMax=15, presentationDisplayId=-1, extras=null, settingsIntent=null, providerPackageName=android }
I/SFPerfTracer(  274):      triggers: (rate: 1290:51214) (compose: 0:259) (post: 0:21) (render: 91:10727) (24:809581 frames) (25:3390792)
D/SFPerfTracer(  274):        layers: (3:12) (DimLayer: 0:158)* (DimLayer: 0:146)* (FocusedStackFrame: 0:22684)* (StatusBar: 1:272360) (NavigationBar: 0:210316) (DimLayer: 0:26155)* (DimLayer: 0:5001)* (com.android.wallpaper.fall.FallWallpaper: 0:5193)* (com.google.android.gm/com.google.android.gm.ConversationListActivityGmail: 0:51)* (com.android.launcher/com.android.launcher2.Launcher: 0:64)* (Starting co.giftmeapp.gift_me: 0:31)* (co.giftmeapp.gift_me/co.giftmeapp.gift_me.GiftMe: 25:54) 
E/dalvikvm(17663): Could not find class 'android.app.Notification$MediaStyle', referenced from method com.google.android.music.playback.MusicPlaybackService.buildLNotification
W/dalvikvm(17663): VFY: unable to resolve new-instance 54 (Landroid/app/Notification$MediaStyle;) in Lcom/google/android/music/playback/MusicPlaybackService;
D/dalvikvm(17663): VFY: replacing opcode 0x22 at 0x001d
D/dalvikvm(17663): DexOpt: couldn't find field Landroid/app/Notification;.visibility
W/dalvikvm(17663): VFY: unable to resolve instance field 27
D/dalvikvm(17663): VFY: replacing opcode 0x59 at 0x0059
D/dalvikvm(17663): DexOpt: unable to opt direct call 0x0203 at 0x1f in Lcom/google/android/music/playback/MusicPlaybackService;.buildLNotification
I/dalvikvm(17663): Could not find method android.view.View.setClipToOutline, referenced from method com.google.android.music.leanback.LeanbackUtils.clipToOutline
W/dalvikvm(17663): VFY: unable to resolve virtual method 15104: Landroid/view/View;.setClipToOutline (Z)V
D/dalvikvm(17663): VFY: replacing opcode 0x6e at 0x0007
D/SystemUtils(17663): getSystemProperty: lpa.decode=true
D/LocalDevicePlayback(17663): LPAPlayer detected. Disabling gapless.
I/GHttpClientFactory(17663): Using the GMSCore's GoogleHttpClient
I/NetworkMonitor(17663): type=WIFI subType= reason=null isConnected=true
E/cutils  (  261): Failed to mkdirat(/storage/sdcard1/Android): Read-only file system
W/Vold    (  261): Returning OperationFailed - no handler for errno 30
W/ContextImpl(17663): Failed to ensure directory: /storage/sdcard1/Android/data/com.google.android.music/files
E/cutils  (  261): Failed to mkdirat(/storage/sdcard1/Android): Read-only file system
W/Vold    (  261): Returning OperationFailed - no handler for errno 30
W/ContextImpl(17663): Failed to ensure directory: /storage/sdcard1/Android/data/com.google.android.music/files
D/WifiStateMachine( 1025): handleMessage: E msg.what=151572
D/WifiStateMachine( 1025): processMsg: ConnectedState
D/WifiStateMachine( 1025): processMsg: L2ConnectedState
I/NetworkMonitor(17663): type=WIFI subType= reason=null isConnected=true
D/WifiStateMachine( 1025): handleMessage: X
E/ConnectionService(17663): Failed to connect to GoogleApiClient: ConnectionResult{statusCode=unknown status code 16, resolution=null}
I/LocalDevicePlayback(17663): Streaming client created.
W/ArtDownloadService(17663): Setting cache size 0
E/cutils  (  261): Failed to mkdirat(/storage/sdcard1/Android): Read-only file system
W/Vold    (  261): Returning OperationFailed - no handler for errno 30
W/ContextImpl(17663): Failed to ensure directory: /storage/sdcard1/Android/data/com.google.android.music/cache
E/cutils  (  261): Failed to mkdirat(/storage/sdcard1/Android): Read-only file system
W/Vold    (  261): Returning OperationFailed - no handler for errno 30
W/ContextImpl(17663): Failed to ensure directory: /storage/sdcard1/Android/data/com.google.android.music/cache
D/WifiStateMachine( 1025): handleMessage: E msg.what=131155
D/WifiStateMachine( 1025): processMsg: ConnectedState
D/WifiStateMachine( 1025): processMsg: L2ConnectedState
D/WifiStateMachine( 1025): handleMessage: X
I/ActivityManager( 1025): Start proc com.qualcomm.atfwd for service com.qualcomm.atfwd/.AtFwdService: pid=17734 uid=1000 gids={41000, 1028, 1015, 3002, 3001, 3003, 1021, 3004, 3005, 1000, 3009, 1023, 1010, 1004, 2002, 3006}
D/AtFwdService(17734): onCreate method
I/AtFwdService(17734): Instantiate AtCmdFwd Service
D/AtCkpdCmdHandler(17734): De-queing command
D/WifiStateMachine( 1025): handleMessage: E msg.what=151572
D/WifiStateMachine( 1025): processMsg: ConnectedState
D/WifiStateMachine( 1025): processMsg: L2ConnectedState
D/WifiStateMachine( 1025): handleMessage: X
I/SBar.NetworkController( 1119): onSignalStrengthsChanged SignalStrength: 4 0 -120 -160 -120 -1 -1 99 2147483647 2147483647 2147483647 2147483647 2147483647 gsm|lte 0 -108 -1 false 1 1 0 0 0 99 99 99 4 level=1
I/SFPerfTracer(  274):      triggers: (rate: 1154:453048) (353457 sw vsyncs) (1069348 skipped) (36:3429263 vsyncs) (38:4301557)
D/WifiStateMachine( 1025): handleMessage: E msg.what=151572
D/WifiStateMachine( 1025): processMsg: ConnectedState
D/WifiStateMachine( 1025): processMsg: L2ConnectedState
D/WifiStateMachine( 1025): handleMessage: X
D/CordovaLog(17485): file:///android_asset/www/js/ratchet.min.js: Line 10 : Uncaught SyntaxError: Failed to execute 'querySelector' on 'Document': '#give-gift/10205162835322984/148/' is not a valid selector.
I/chromium(17485): [INFO:CONSOLE(10)] "Uncaught SyntaxError: Failed to execute 'querySelector' on 'Document': '#give-gift/10205162835322984/148/' is not a valid selector.", source: file:///android_asset/www/js/ratchet.min.js (10)
D/Ulp_jni ( 1025): Location CB invoked
I/SFPerfTracer(  274):      triggers: (rate: 1290:51217) (compose: 0:259) (post: 0:21) (render: 91:10727) (18:809687 frames) (19:3390903)
D/SFPerfTracer(  274):        layers: (3:10) (DimLayer: 0:158)* (DimLayer: 0:146)* (FocusedStackFrame: 0:22684)* (StatusBar: 0:272363) (NavigationBar: 0:210316) (DimLayer: 0:26155)* (DimLayer: 0:5001)* (com.android.wallpaper.fall.FallWallpaper: 0:5193)* (com.google.android.gm/com.google.android.gm.ConversationListActivityGmail: 0:51)* (co.giftmeapp.gift_me/co.giftmeapp.gift_me.GiftMe: 19:164) 
D/WifiStateMachine( 1025): handleMessage: E msg.what=151572
D/WifiStateMachine( 1025): processMsg: ConnectedState
D/WifiStateMachine( 1025): processMsg: L2ConnectedState
D/WifiStateMachine( 1025): handleMessage: X
D/WifiStateMachine( 1025): handleMessage: E msg.what=131155
D/WifiStateMachine( 1025): processMsg: ConnectedState
D/WifiStateMachine( 1025): processMsg: L2ConnectedState
D/WifiStateMachine( 1025): handleMessage: X
I/ActivityManager( 1025): Process com.facebook.orca (pid 15725) has died.
W/ActivityManager( 1025): Scheduling restart of crashed service com.facebook.orca/com.facebook.push.mqtt.service.MqttPushService in 76189696ms
D/WifiStateMachine( 1025): handleMessage: E msg.what=151572
D/WifiStateMachine( 1025): processMsg: ConnectedState
D/WifiStateMachine( 1025): processMsg: L2ConnectedState
D/WifiStateMachine( 1025): handleMessage: X
I/SBar.NetworkController( 1119): onSignalStrengthsChanged SignalStrength: 11 0 -120 -160 -120 -1 -1 99 2147483647 2147483647 2147483647 2147483647 2147483647 gsm|lte 0 -108 -1 false 3 3 0 0 0 99 99 99 4 level=3
I/SBar.NetworkController( 1119): refreshSignalCluster: mobile: Signal=zz_moto_stat_sys_signal_3_fully_wide Roaming=(none) mSimIconId=(none) Accessibility="Phone three bars.","Not roaming.",""
E/GmsUtils(17663): Failed to connect to Google API client: ConnectionResult{statusCode=unknown status code 16, resolution=null}
E/GmsUtils(17663): Failed to connect to Google API client: ConnectionResult{statusCode=unknown status code 16, resolution=null}
I/MusicLeanback(17663): Conditions not met for autocaching.
I/MusicLeanback(17663): Stop autocaching.
D/WifiStateMachine( 1025): handleMessage: E msg.what=151572
D/WifiStateMachine( 1025): processMsg: ConnectedState
D/WifiStateMachine( 1025): processMsg: L2ConnectedState
D/WifiStateMachine( 1025): handleMessage: X
D/WifiStateMachine( 1025): handleMessage: E msg.what=151572
D/WifiStateMachine( 1025): processMsg: ConnectedState
D/WifiStateMachine( 1025): processMsg: L2ConnectedState
D/WifiStateMachine( 1025): handleMessage: X
D/WifiStateMachine( 1025): handleMessage: E msg.what=131155
D/WifiStateMachine( 1025): processMsg: ConnectedState
D/WifiStateMachine( 1025): processMsg: L2ConnectedState
D/WifiStateMachine( 1025): handleMessage: X
D/WifiStateMachine( 1025): handleMessage: E msg.what=151572
D/WifiStateMachine( 1025): processMsg: ConnectedState
D/WifiStateMachine( 1025): processMsg: L2ConnectedState
I/SBar.NetworkController( 1119): onSignalStrengthsChanged SignalStrength: 13 0 -120 -160 -120 -1 -1 99 2147483647 2147483647 2147483647 2147483647 2147483647 gsm|lte 0 -108 -1 false 4 4 0 0 0 99 99 99 4 level=4
D/WifiStateMachine( 1025): handleMessage: X
I/SBar.NetworkController( 1119): refreshSignalCluster: mobile: Signal=zz_moto_stat_sys_signal_4_fully_wide Roaming=(none) mSimIconId=(none) Accessibility="Phone signal full.","Not roaming.",""
D/WifiStateMachine( 1025): handleMessage: E msg.what=151572
D/WifiStateMachine( 1025): processMsg: ConnectedState
D/WifiStateMachine( 1025): processMsg: L2ConnectedState
D/WifiStateMachine( 1025): handleMessage: X
I/MDMCTBK (  273): NetlinkHandler, power_supply subsys
I/MDMCTBK (  273): NetlinkHandler, usbChargerStateChanged
I/MDMCTBK (  273): checkDefaultInst, current pid is = 273
I/MDMCTBK (  273): checkDefaultInst, pid match
I/MDMCTBK (  273): MdmCutbackHndler,readFromFile = /sys/class/power_supply/usb/online
I/MDMCTBK (  273): MdmCutbackHndler,readFromFile = 
E/MDMCTBK (  273): MdmCutbackHndler,Could not open ''
I/MDMCTBK (  273): NetlinkHandler, power_supply subsys
I/MDMCTBK (  273): NetlinkHandler, usbChargerStateChanged
I/MDMCTBK (  273): checkDefaultInst, current pid is = 273
I/MDMCTBK (  273): checkDefaultInst, pid match
I/MDMCTBK (  273): MdmCutbackHndler,readFromFile = /sys/class/power_supply/usb/online
I/MDMCTBK (  273): MdmCutbackHndler,readFromFile = 
E/MDMCTBK (  273): MdmCutbackHndler,Could not open ''
I/SFPerfTracer(  274):      triggers: (rate: 1154:453048) (353457 sw vsyncs) (1069348 skipped) (17:3429349 vsyncs) (19:4301664)
D/WifiStateMachine( 1025): handleMessage: E msg.what=151572
D/WifiStateMachine( 1025): processMsg: ConnectedState
D/WifiStateMachine( 1025): processMsg: L2ConnectedState
D/WifiStateMachine( 1025): handleMessage: X
D/WifiStateMachine( 1025): handleMessage: E msg.what=131155
D/WifiStateMachine( 1025): processMsg: ConnectedState
D/WifiStateMachine( 1025): processMsg: L2ConnectedState
D/WifiStateMachine( 1025): handleMessage: X
D/CordovaLog(17485): file:///android_asset/www/js/GiveGiftView.js: Line 17 : GIFTME - buy now clicked
I/chromium(17485): [INFO:CONSOLE(17)] "GIFTME - buy now clicked", source: file:///android_asset/www/js/GiveGiftView.js (17)
I/SBar.NetworkController( 1119): onSignalStrengthsChanged SignalStrength: 9 0 -120 -160 -120 -1 -1 99 2147483647 2147483647 2147483647 2147483647 2147483647 gsm|lte 0 -108 -1 false 3 3 0 0 0 99 99 99 4 level=3
D/ConnectPlugin(17485): activity result in plugin: requestCode(0), resultCode(0)
I/ActivityManager( 1025): START u0 {cmp=co.giftmeapp.gift_me/com.paypal.android.sdk.payments.PaymentActivity (has extras)} from pid 17485
D/CordovaActivity(17485): Paused the application!
D/CordovaWebView(17485): Handle the pause
W/ContextImpl( 1295): Calling a method in the system process without a qualified user: android.app.ContextImpl.sendBroadcast:1252 android.content.ContextWrapper.sendBroadcast:365 com.motorola.motocare.util.TriggerHelper$TriggerBuilder.send:76 com.motorola.motocare.internal.frameworkevents.PauseResumeTrigger.handleFrameworkEvent:53 com.motorola.motocare.internal.frameworkevents.FwEventMonitor$FrameworkListener.processFrameworkEvent:114 
W/ContextImpl( 1295): Calling a method in the system process without a qualified user: android.app.ContextImpl.sendBroadcast:1252 android.content.ContextWrapper.sendBroadcast:365 com.motorola.motocare.util.TriggerHelper$TriggerBuilder.send:76 com.motorola.motocare.internal.frameworkevents.PauseResumeTrigger.handleFrameworkEvent:53 com.motorola.motocare.internal.frameworkevents.FwEventMonitor$FrameworkListener.processFrameworkEvent:114 
W/PluginManager(17485): THREAD WARNING: exec() call to PayPalMobile.renderSinglePaymentUI blocked the main thread for 89ms. Plugin should use CordovaInterface.getThreadPool().
D/dalvikvm(17485): GC_FOR_ALLOC freed 848K, 34% free 11535K/17224K, paused 41ms, total 41ms
V/PhoneStatusBar( 1119): setLightsOn(true)
W/PaymentActivity(17485): Please add PayPalService.EXTRA_PAYPAL_CONFIGURATION to this activity for restart resiliency.
I/ActivityManager( 1025): START u0 {cmp=co.giftmeapp.gift_me/com.paypal.android.sdk.payments.PaymentMethodActivity (has extras)} from pid 17485
W/ContextImpl( 1295): Calling a method in the system process without a qualified user: android.app.ContextImpl.sendBroadcast:1252 android.content.ContextWrapper.sendBroadcast:365 com.motorola.motocare.util.TriggerHelper$TriggerBuilder.send:76 com.motorola.motocare.internal.frameworkevents.PauseResumeTrigger.handleFrameworkEvent:53 com.motorola.motocare.internal.frameworkevents.FwEventMonitor$FrameworkListener.processFrameworkEvent:114 
W/ContextImpl( 1295): Calling a method in the system process without a qualified user: android.app.ContextImpl.sendBroadcast:1252 android.content.ContextWrapper.sendBroadcast:365 com.motorola.motocare.util.TriggerHelper$TriggerBuilder.send:76 com.motorola.motocare.internal.frameworkevents.PauseResumeTrigger.handleFrameworkEvent:53 com.motorola.motocare.internal.frameworkevents.FwEventMonitor$FrameworkListener.processFrameworkEvent:114 
D/dalvikvm( 9630): GC_CONCURRENT freed 2142K, 32% free 11807K/17228K, paused 4ms+4ms, total 51ms
D/dalvikvm( 9630): WAIT_FOR_CONCURRENT_GC blocked 21ms
D/dalvikvm(17485): Trying to load lib /data/app-lib/co.giftmeapp.gift_me-2/libcardioDecider.so 0x41fac4c0
D/dalvikvm(17485): Added shared lib /data/app-lib/co.giftmeapp.gift_me-2/libcardioDecider.so 0x41fac4c0
D/dalvikvm(17485): Trying to load lib /data/app-lib/co.giftmeapp.gift_me-2/libopencv_core.so 0x41fac4c0
W/linker  (17485): libopencv_core.so has text relocations. This is wasting memory and is a security risk. Please fix.
V/PhoneStatusBar( 1119): setLightsOn(true)
D/dalvikvm(17485): Added shared lib /data/app-lib/co.giftmeapp.gift_me-2/libopencv_core.so 0x41fac4c0
D/dalvikvm(17485): No JNI_OnLoad found in /data/app-lib/co.giftmeapp.gift_me-2/libopencv_core.so 0x41fac4c0, skipping init
D/dalvikvm(17485): Trying to load lib /data/app-lib/co.giftmeapp.gift_me-2/libopencv_imgproc.so 0x41fac4c0
W/linker  (17485): libopencv_imgproc.so has text relocations. This is wasting memory and is a security risk. Please fix.
D/WifiStateMachine( 1025): handleMessage: E msg.what=151572
D/WifiStateMachine( 1025): processMsg: ConnectedState
D/WifiStateMachine( 1025): processMsg: L2ConnectedState
D/WifiStateMachine( 1025): handleMessage: X
D/dalvikvm(17485): Added shared lib /data/app-lib/co.giftmeapp.gift_me-2/libopencv_imgproc.so 0x41fac4c0
D/dalvikvm(17485): No JNI_OnLoad found in /data/app-lib/co.giftmeapp.gift_me-2/libopencv_imgproc.so 0x41fac4c0, skipping init
D/dalvikvm(17485): Trying to load lib /data/app-lib/co.giftmeapp.gift_me-2/libcardioRecognizer.so 0x41fac4c0
D/dalvikvm(17485): Added shared lib /data/app-lib/co.giftmeapp.gift_me-2/libcardioRecognizer.so 0x41fac4c0
W/AppOps  ( 1025): Bad call: specified package qcamera under uid 1013 but it is really -1
I/LaunchCheckinHandler( 1025): Displayed co.giftmeapp.gift_me/com.paypal.android.sdk.payments.PaymentMethodActivity,wp,ca,207
I/LaunchCheckinHandler( 1025): Displayed co.giftmeapp.gift_me/com.paypal.android.sdk.payments.PaymentActivity,wp,ca,478 (total)
I/ActivityManager( 1025): Displayed co.giftmeapp.gift_me/com.paypal.android.sdk.payments.PaymentMethodActivity: +207ms (total +478ms)
W/AppOps  ( 1025): Bad call: specified package qcamera under uid 1013 but it is really -1
W/AppOps  ( 1025): Bad call: specified package qcamera under uid 1013 but it is really -1
I/ActivityManager( 1025): Process com.whatsapp (pid 16463) has died.
W/ActivityManager( 1025): Scheduling restart of crashed service com.whatsapp/.messaging.MessageService in 4000ms
W/AppOps  ( 1025): Bad call: specified package qcamera under uid 1013 but it is really -1
W/AppOps  ( 1025): Bad call: specified package qcamera under uid 1013 but it is really -1
I/ActivityManager( 1025): Process com.android.vending (pid 16517) has died.
I/ActivityManager( 1025): Process com.google.android.gms (pid 16541) has died.
W/ActivityManager( 1025): Scheduling restart of crashed service com.google.android.gms/.analytics.service.AnalyticsService in 13948ms
W/AppOps  ( 1025): Bad call: specified package qcamera under uid 1013 but it is really -1
I/AwesomePlayer(  277): setDataSource_l(URL suppressed)
I/ActivityManager( 1025): Process com.bambuna.podcastaddict (pid 17591) has died.
W/ActivityManager( 1025): Scheduling restart of crashed service com.bambuna.podcastaddict/.service.PodcastAddictService in 58760ms
D/QCUtils (  277): extended extractor not needed, return default
I/ActivityManager( 1025): Process android.process.media (pid 16598) has died.
W/ActivityManager( 1025): Scheduling restart of crashed service com.android.providers.media/.MtpService in 203552ms
I/AwesomePlayer(  277): setDataSource_l(URL suppressed)
I/ActivityManager( 1025): Process com.motorola.audioeffects (pid 15669) has died.
W/ActivityManager( 1025): Scheduling restart of crashed service com.motorola.audioeffects/.AudioEffectsService in 23862ms
D/QCUtils (  277): extended extractor not needed, return default
I/CameraClient(  277): Opening camera 0
D/MotISP_GPU(  277): int MotISP_GPU::Init(int, int): GPU resolution: 1280x720
E/QCamera2HWI(  277): [KPI Perf] int qcamera::QCamera2HardwareInterface::openCamera(hw_device_t**): E PROFILE_OPEN_CAMERA camera id 0
I/QCameraHalWatchdog(  277): Starting Watchdog Thread...
E/mm-camera-intf(  277): mm_camera_open: dev name = /dev/video1, cam_idx = 1
D/QCamera2HWI(  277): static void* qcamera::QCamera2HardwareInterface::defferedWorkRoutine(void*): start data proc
D/QCameraStateMachine(  277): static void* qcamera::QCameraStateMachine::smEvtProcRoutine(void*): E
I/Adreno-EGL(  277): <qeglDrvAPI_eglInitialize:410>: EGL 1.4 QUALCOMM build: AU_LINUX_ANDROID_LNX.LA.3.5.1_RB1.04.04.02.048.018_msm8226_LNX.LA.3.5.1_RB1__release_AU ()
I/Adreno-EGL(  277): OpenGL ES Shader Compiler Version: E031.24.00.08
I/Adreno-EGL(  277): Build Date: 03/07/14 Fri
I/Adreno-EGL(  277): Local Branch: 
I/Adreno-EGL(  277): Remote Branch: quic/LNX.LA.3.5.1_RB1.1
I/Adreno-EGL(  277): Local Patches: NONE
I/Adreno-EGL(  277): Reconstruct Branch: AU_LINUX_ANDROID_LNX.LA.3.5.1_RB1.04.04.02.048.018 + f2fd134 +  NOTHING
E/mm-camera-sensor(  422): module_sensor_start_session:658 session 1
E/mm-camera(  422): module_drsd_start_session:1189] E
E/mm-camera(  422): isp_tintless_open: E: b6d0cd81
E/hdr     (  422): Session id 0x1 started
E/mm-camera(  422): isp_tintless_get_version: lib returned version 3.61 err=0
E/mm-camera(  422): af_fdprio_process: Processing frame 0 cmd: 0
E/mm-camera(  422): is_module_start_session: Enter
E/mm-camera(  422): is_module_start_session: Exit successful
E/mm-camera(  422): is_module_get_port: Exit successful
I/ActivityManager( 1025): Process com.google.android.gms.wearable (pid 16775) has died.
W/ActivityManager( 1025): Scheduling restart of crashed service com.google.android.gms/.wearable.service.WearableService in 68672ms
I/ServiceManager(  260): service 'AtCmdFwd' died
I/ActivityManager( 1025): Process com.qualcomm.atfwd (pid 17734) has died.
W/ActivityManager( 1025): Scheduling restart of crashed service com.qualcomm.atfwd/.AtFwdService in 78645ms
E/mm-camera(  422): c2d_module_start_session:238, info: starting session 1
E/mm-camera(  422): c2d_module_start_session:285, info: c2d_thread created.
E/mm-camera(  422): c2d_thread_func:41: c2d_thread entering the polling loop...
E/mm-camera(  422): c2d_module_start_session:307, info: session 1 started.
D/dalvikvm(27213): GC_CONCURRENT freed 1633K, 40% free 12224K/20348K, paused 5ms+9ms, total 49ms
D/dalvikvm(27213): WAIT_FOR_CONCURRENT_GC blocked 19ms
E/mm-camera-sensor(  422): sensor_write_lsc:268 using default or module LSC
E/mm-camera-sensor(  422): module_sensor_start_session:702 failed
E/mm-camera-sensor(  422): module_sensor_start_session:708 failed
E/mm-camera-intf(  277): mm_camera_open:  opened, break out while loop
D/QCamera2HWI(  277): int qcamera::QCamera2HardwareInterface::openCamera(): enable_4k2k is 0
E/qomx_image_core(  277): OMX_Init:94] Complete 2
E/QCameraHWI_Mem(  277): int qcamera::QCameraMemory::alloc(int, int, int) : No memory pool available
D/QCameraHWI_Mem(  277): static int qcamera::QCameraMemory::allocOneBuffer(qcamera::QCameraMemory::QCameraMemInfo&, int, int, bool) : ION buffer 0x1 with size 297192 allocated
E/QCameraHWI_Mem(  277): int qcamera::QCameraMemory::alloc(int, int, int) : No memory pool available
D/QCameraHWI_Mem(  277): static int qcamera::QCameraMemory::allocOneBuffer(qcamera::QCameraMemory::QCameraMemInfo&, int, int, bool) : ION buffer 0x1 with size 65544 allocated
D/QCameraParameters(  277): int32_t qcamera::QCameraParameters::initDefaultParameters(): supported preview sizes: 1280x720,864x480,800x480,768x432,720x480,640x480,576x432,480x320,384x288,352x288,320x240,240x160,176x144
D/QCameraParameters(  277): int32_t qcamera::QCameraParameters::initDefaultParameters(): supported video sizes: 1280x720,864x480,800x480,720x480,640x480,480x320,352x288,320x240,176x144
D/QCameraParameters(  277): int32_t qcamera::QCameraParameters::initDefaultParameters(): supported pic sizes: 2592x1944,2592x1456,2048x1536,1920x1080,1600x1200,1440x1080,1280x960,1280x768,1280x720,1024x768,800x600,800x480,720x480,640x480
I/QCameraParameters(  277): int32_t qcamera::QCameraParameters::initDefaultParameters(): supported live snapshot sizes: 1280x768,1280x720,1024x768,800x600,864x480,800x480,720x480,640x480,352x288,320x240,176x144
D/QCameraParameters(  277): int32_t qcamera::QCameraParameters::initDefaultParameters(): supported fps ranges: (15000,15000),(15000,30000)
E/QCameraParameters(  277): int32_t qcamera::QCameraParameters::setPreviewFpsRange(int, int): Setting preview fps range 15000,30000
D/QCameraParameters(  277): int32_t qcamera::QCameraParameters::initDefaultParameters(): supported fps rates: 15,16,17,18,19,20,21,22,23,24,25,26,27,28,29,30
D/QCameraParameters(  277): int32_t qcamera::QCameraParameters::setAEBracket(const char*), EXP_BRACKETING_OFF
D/QCameraParameters(  277): int32_t qcamera::QCameraParameters::initDefaultParameters(): Supported WNR:ON/OFF default:ON
D/QCameraParameters(  277): int32_t qcamera::QCameraParameters::initDefaultParameters(): Supported TINTLESS:ON/OFF default:ON
D/QCameraParameters(  277): int32_t qcamera::QCameraParameters::setNumOfSnapshot(): nBurstNum = 1, nExpnum = 1
E/Thermal-Lib(  277): Thermal-Lib-Client: thermal_client_register_callback: Client Registration failed
E/Thermal-Lib(  277): Thermal-Lib-Client: thermal_client_register_callback: Client Registration failed
I/QCameraHalWatchdog(  277): Stopped Watchdog Thread...
E/Thermal-Lib(  277): Thermal-Lib-Client: thermal_client_register_callback: Client Registration failed
E/Thermal-Lib(  277): Thermal-Lib-Client: thermal_client_register_callback: Client Registration failed
I/QCamera2HWI(  277): getParameters standard
I/QCameraHalWatchdog(  277): Starting Watchdog Thread...
E/QCamera2HWI(  277): [KPI Perf] static void qcamera::QCamera2HardwareInterface::stop_preview(camera_device*): E PROFILE_STOP_PREVIEW
D/QCameraStateMachine(  277): int32_t qcamera::QCameraStateMachine::procEvtPreviewStoppedState(qcamera::qcamera_sm_evt_enum_t, void*): already in preview stopped state, do nothing
D/QCamera2HWI(  277): [KPI Perf] static void qcamera::QCamera2HardwareInterface::stop_preview(camera_device*): X
I/QCameraHalWatchdog(  277): Stopped Watchdog Thread...
I/QCameraHalWatchdog(  277): Starting Watchdog Thread...
D/QCameraStateMachine(  277): int32_t qcamera::QCameraStateMachine::procEvtPreviewStoppedState(qcamera::qcamera_sm_evt_enum_t, void*): No ops for evt(20) in state(0)
I/QCameraHalWatchdog(  277): Stopped Watchdog Thread...
I/QCameraHalWatchdog(  277): Starting Watchdog Thread...
I/QCameraHalWatchdog(  277): Stopped Watchdog Thread...
I/CameraClient(  277): Destroying camera 0
I/QCameraHalWatchdog(  277): Starting Watchdog Thread...
D/QCamera2HWI(  277): [KPI Perf] static int qcamera::QCamera2HardwareInterface::close_camera_device(hw_device_t*): E
D/QCamera2HWI(  277): static void* qcamera::QCamera2HardwareInterface::defferedWorkRoutine(void*): stop data proc
E/qomx_image_core(  277): OMX_Deinit:118] Complete
E/QCameraPostProc(  277): int32_t qcamera::QCameraPostProcessor::deinit(): Jpeg closed, rc = 0, mJpegClientHandle = 2a700
E/mm-camera(  422): mct_pipeline_get_stream: no children
E/mm-camera(  422): mct_pipeline_process_set:1824: Couldn't find stream
E/mm-camera-sensor(  422): module_sensor_stop_session:727 session 1
D/QCameraStateMachine(  277): static void* qcamera::QCameraStateMachine::smEvtProcRoutine(void*): X
D/QCamera2HWI(  277): [KPI Perf] static int qcamera::QCamera2HardwareInterface::close_camera_device(hw_device_t*): X
E/mm-camera(  422): stats_module_stop_session: list =0xb7887258, remove port =0xb7886c00 name=stats_sink from module=0xb766da98, name=stats
E/mm-camera(  422): stats_module_stop_session: 1 port =0xb7886c00 name=stats_sink 
E/mm-camera(  422): stats_module_stop_session: 2 port =0xb7886c00 name=stats_sink 
I/QCameraHalWatchdog(  277): Stopped Watchdog Thread...
E/hdr     (  422): Session id 0x1 stopped
E/mm-camera-CORE(  422): mot_af_deinit: E
E/mm-camera(  422): is_module_stop_session: Enter
E/mm-camera(  422): is_module_stop_session: Exit successful
E/mm-camera(  422): stats_module_stop_session: 3 port =0xb7886c00 name=stats_sink 
E/mm-camera(  422): c2d_module_stop_session:323, info: stopping session 1 ...
E/mm-camera(  422): c2d_thread_process_pipe_message:714, C2D_THREAD_MSG_ABORT: c2d_thread exiting..
E/mm-camera(  422): c2d_module_stop_session:365, info: session 1 stopped.
E/mm-camera-sensor(  422): Got some events
E/mm-camera-sensor(  422): sensor_thread_func:152 sensor_thread_func:Sensor thread is exiting
D/WifiStateMachine( 1025): handleMessage: E msg.what=151572
D/WifiStateMachine( 1025): processMsg: ConnectedState
D/WifiStateMachine( 1025): processMsg: L2ConnectedState
D/WifiStateMachine( 1025): handleMessage: X
D/WifiStateMachine( 1025): handleMessage: E msg.what=151572
D/WifiStateMachine( 1025): processMsg: ConnectedState
D/WifiStateMachine( 1025): processMsg: L2ConnectedState
D/WifiStateMachine( 1025): handleMessage: X
D/Ulp_jni ( 1025): Location CB invoked
D/WifiStateMachine( 1025): handleMessage: E msg.what=131155
D/WifiStateMachine( 1025): processMsg: ConnectedState
D/WifiStateMachine( 1025): processMsg: L2ConnectedState
D/WifiStateMachine( 1025): handleMessage: X
I/SFPerfTracer(  274):      triggers: (rate: 1154:453048) (353457 sw vsyncs) (1069348 skipped) (17:3429438 vsyncs) (19:4301768)
D/WifiStateMachine( 1025): handleMessage: E msg.what=151572
D/WifiStateMachine( 1025): processMsg: ConnectedState
D/WifiStateMachine( 1025): processMsg: L2ConnectedState
D/WifiStateMachine( 1025): handleMessage: X
I/SBar.NetworkController( 1119): refreshSignalCluster: mobile: mHasMobileDataFeature=true DataTypeShown=(none) Activity=(none) in=false out=false Accessibility="3G"
D/WifiStateMachine( 1025): handleMessage: E msg.what=151572
D/WifiStateMachine( 1025): processMsg: ConnectedState
D/WifiStateMachine( 1025): processMsg: L2ConnectedState
D/WifiStateMachine( 1025): handleMessage: X
I/ActivityManager( 1025): Start proc com.whatsapp for service com.whatsapp/.messaging.MessageService: pid=18602 uid=10107 gids={50107, 3002, 3003, 1028, 1015}
D/dalvikvm(  275): GC_EXPLICIT freed 43K, 48% free 9011K/17224K, paused 2ms+3ms, total 41ms
D/dalvikvm(  275): GC_EXPLICIT freed <1K, 48% free 9011K/17224K, paused 3ms+2ms, total 40ms
D/dalvikvm(  275): GC_EXPLICIT freed <1K, 48% free 9011K/17224K, paused 1ms+3ms, total 32ms
D/dalvikvm( 1025): GC_EXPLICIT freed 1427K, 38% free 31616K/50444K, paused 15ms+17ms, total 208ms
E/dalvikvm(18602): Could not find class 'com.amazon.device.messaging.ADM', referenced from method com.whatsapp.App.av
W/dalvikvm(18602): VFY: unable to resolve new-instance 1189 (Lcom/amazon/device/messaging/ADM;) in Lcom/whatsapp/App;
D/dalvikvm(18602): VFY: replacing opcode 0x22 at 0x0000
E/dalvikvm(18602): Could not find class 'com.amazon.device.messaging.ADM', referenced from method com.whatsapp.App.t
W/dalvikvm(18602): VFY: unable to resolve new-instance 1189 (Lcom/amazon/device/messaging/ADM;) in Lcom/whatsapp/App;
D/dalvikvm(18602): VFY: replacing opcode 0x22 at 0x000e
D/dalvikvm(18602): DexOpt: unable to opt direct call 0x2075 at 0x04 in Lcom/whatsapp/App;.av
D/dalvikvm(18602): DexOpt: unable to opt direct call 0x2075 at 0x10 in Lcom/whatsapp/App;.t
W/dalvikvm(18602): Unable to resolve superclass of Lcom/whatsapp/adm/ADMMessageHandler; (1190)
W/dalvikvm(18602): Link of class 'Lcom/whatsapp/adm/ADMMessageHandler;' failed
E/dalvikvm(18602): Could not find class 'com.whatsapp.adm.ADMMessageHandler', referenced from method com.whatsapp.vw.f
W/dalvikvm(18602): VFY: unable to resolve new-instance 2839 (Lcom/whatsapp/adm/ADMMessageHandler;) in Lcom/whatsapp/vw;
D/dalvikvm(18602): VFY: replacing opcode 0x22 at 0x0027
W/dalvikvm(18602): Unable to resolve superclass of Lcom/whatsapp/adm/ADMMessageHandler; (1190)
W/dalvikvm(18602): Link of class 'Lcom/whatsapp/adm/ADMMessageHandler;' failed
E/dalvikvm(18602): Could not find class 'com.whatsapp.adm.ADMMessageHandler', referenced from method com.whatsapp.vw.f
W/dalvikvm(18602): VFY: unable to resolve new-instance 2839 (Lcom/whatsapp/adm/ADMMessageHandler;) in Lcom/whatsapp/vw;
D/dalvikvm(18602): VFY: replacing opcode 0x22 at 0x0040
W/dalvikvm(18602): Unable to resolve superclass of Lcom/whatsapp/adm/ADMMessageHandler; (1190)
W/dalvikvm(18602): Link of class 'Lcom/whatsapp/adm/ADMMessageHandler;' failed
D/dalvikvm(18602): DexOpt: unable to opt direct call 0x6231 at 0x2b in Lcom/whatsapp/vw;.f
W/dalvikvm(18602): Unable to resolve superclass of Lcom/whatsapp/adm/ADMMessageHandler; (1190)
W/dalvikvm(18602): Link of class 'Lcom/whatsapp/adm/ADMMessageHandler;' failed
D/dalvikvm(18602): DexOpt: unable to opt direct call 0x6231 at 0x44 in Lcom/whatsapp/vw;.f
I/dalvikvm(18602): Could not find method android.os.PowerManager.isPowerSaveMode, referenced from method com.whatsapp.BatteryReceiver.a
W/dalvikvm(18602): VFY: unable to resolve virtual method 1506: Landroid/os/PowerManager;.isPowerSaveMode ()Z
D/dalvikvm(18602): VFY: replacing opcode 0x6e at 0x000d
D/Event   (18602): No subscribers registered for event class com.whatsapp.ah3
D/Event   (18602): No subscribers registered for event class de.greenrobot.event.a
I/WhatsApp(18602): LL_I W [1:main]App.java:1142 ntp update processed; device time: Fri Apr 24 17:35:15 GMT+01:00 2015 ntp time: Fri Apr 24 17:35:15 GMT+01:00 2015
D/Event   (18602): No subscribers registered for event class com.whatsapp.alk
D/Event   (18602): No subscribers registered for event class de.greenrobot.event.a
D/dalvikvm(18602): Trying to load lib /data/app-lib/com.whatsapp-1/libvlc.so 0x41fb12e0
D/dalvikvm(18602): Added shared lib /data/app-lib/com.whatsapp-1/libvlc.so 0x41fb12e0
D/dalvikvm(18602): No JNI_OnLoad found in /data/app-lib/com.whatsapp-1/libvlc.so 0x41fb12e0, skipping init
D/dalvikvm(18602): Trying to load lib /data/app-lib/com.whatsapp-1/libresample.so 0x41fb12e0
D/dalvikvm(18602): Added shared lib /data/app-lib/com.whatsapp-1/libresample.so 0x41fb12e0
D/dalvikvm(18602): No JNI_OnLoad found in /data/app-lib/com.whatsapp-1/libresample.so 0x41fb12e0, skipping init
D/dalvikvm(18602): Trying to load lib /data/app-lib/com.whatsapp-1/libwhatsapp.so 0x41fb12e0
D/dalvikvm(18602): Added shared lib /data/app-lib/com.whatsapp-1/libwhatsapp.so 0x41fb12e0
I/WhatsApp(18602): LL_I W [1:main]Runtime.java:421 17:35:15.333 os_core_unix.c !pjlib 2.2.1 for POSIX initialized
I/WhatsApp(18602): LL_I W [1:main]Runtime.java:421 17:35:15.335 wa_audio_dev.c !WA Audio sound library initialized
I/WhatsApp(18602): LL_I W [1:main]Runtime.java:421 17:35:15.336          pjlib  select() I/O Queue created (0x5fe16e34)
I/WhatsApp(18602): LL_I W [1:main]Runtime.java:421 17:35:15.337      wa_opus.c  pjmedia_codec_opus_init start
I/WhatsApp(18602): LL_I W [1:main]Runtime.java:421 17:35:15.338      wa_opus.c  pjmedia_codec_opus_init success
D/dalvikvm(18602): Trying to load lib /data/app-lib/com.whatsapp-1/libcurve25519.so 0x41fb12e0
D/dalvikvm(18602): Added shared lib /data/app-lib/com.whatsapp-1/libcurve25519.so 0x41fb12e0
D/dalvikvm(18602): No JNI_OnLoad found in /data/app-lib/com.whatsapp-1/libcurve25519.so 0x41fb12e0, skipping init
I/WhatsApp(18602): LL_I W [1:main]WhatsAppLibLoader.java:77 native library usability testing in progress
I/WhatsApp(18602): LL_I W [1:main]WhatsAppLibLoader.java:77 native library usability testing complete
V/AlarmManager( 1025): sending alarm Alarm{43e1f138 type 3 com.whatsapp}
I/ActivityManager( 1025): Start proc com.android.vending for service com.android.vending/com.google.android.finsky.billing.iab.InAppBillingService: pid=18635 uid=10039 gids={50039, 3003, 1028, 1015}
V/AlarmManager( 1025): sending alarm Alarm{42fb1740 type 3 com.whatsapp}
D/WifiStateMachine( 1025): handleMessage: E msg.what=151572
D/WifiStateMachine( 1025): processMsg: ConnectedState
D/WifiStateMachine( 1025): processMsg: L2ConnectedState
D/WifiStateMachine( 1025): handleMessage: X
I/ActivityManager( 1025): Start proc com.google.android.gms for service com.google.android.gms/.ads.identifier.service.AdvertisingIdService: pid=18674 uid=10022 gids={50022, 3003, 1007, 1028, 1015, 3002, 3001, 3007, 2001, 3006}
D/Finsky  (18635): [1] FinskyApp.onCreate: Initializing network with DFE https://android.clients.google.com/fdfe/
W/dalvikvm(18674): VFY: unable to resolve static field 658 (PR_SET_DUMPABLE) in Landroid/system/OsConstants;
D/dalvikvm(18674): VFY: replacing opcode 0x60 at 0x000b
I/MultiDex(18674): VM with version 1.6.0 does not have multidex support
I/MultiDex(18674): install
I/MultiDex(18674): MultiDexExtractor.load(/data/app/com.google.android.gms-1.apk, false)
I/MultiDex(18674): loading existing secondary dex files
I/MultiDex(18674): load found 3 secondary dex files
I/MultiDex(18674): install done
D/Finsky  (18635): [1] DailyHygiene.goMakeHygieneIfDirty: No need to run daily hygiene.
W/Settings(18635): Setting download_manager_max_bytes_over_mobile has moved from android.provider.Settings.Secure to android.provider.Settings.Global.
W/Settings(18635): Setting download_manager_recommended_max_bytes_over_mobile has moved from android.provider.Settings.Secure to android.provider.Settings.Global.
I/dalvikvm(18635): Could not find method com.google.android.play.layout.PlayCardViewBase.setTransitionName, referenced from method com.google.android.finsky.utils.PlayCardUtils.bindCard
W/dalvikvm(18635): VFY: unable to resolve virtual method 42705: Lcom/google/android/play/layout/PlayCardViewBase;.setTransitionName (Ljava/lang/String;)V
D/dalvikvm(18635): VFY: replacing opcode 0x6e at 0x00d9
I/dalvikvm(18635): Could not find method com.google.android.play.layout.PlayCardViewBase.setTransitionGroup, referenced from method com.google.android.finsky.utils.PlayCardUtils.bindCard
W/dalvikvm(18635): VFY: unable to resolve virtual method 42704: Lcom/google/android/play/layout/PlayCardViewBase;.setTransitionGroup (Z)V
D/dalvikvm(18635): VFY: replacing opcode 0x6e at 0x0246
I/dalvikvm(18635): Could not find method android.view.View.getTransitionName, referenced from method com.google.android.finsky.navigationmanager.NavigationManager.showPage
W/dalvikvm(18635): VFY: unable to resolve virtual method 9352: Landroid/view/View;.getTransitionName ()Ljava/lang/String;
D/dalvikvm(18635): VFY: replacing opcode 0x6e at 0x001a
D/WifiStateMachine( 1025): handleMessage: E msg.what=131155
D/WifiStateMachine( 1025): processMsg: ConnectedState
D/WifiStateMachine( 1025): processMsg: L2ConnectedState
D/WifiStateMachine( 1025): handleMessage: X
D/dalvikvm(20136): GC_EXPLICIT freed 248K, 41% free 10306K/17224K, paused 2ms+5ms, total 55ms
D/Finsky  (18635): [1] 2.run: Loaded library for account: [gKXbJhL8NA2nPUzZyFpjB6tKi7U]
D/Finsky  (18635): [1] 2.run: Finished loading 1 libraries.
I/ProviderInstaller(18674): Insert disabled by gate 'gms:security:enable_conscrypt_in_gms_application'
D/GCM     (20136): GcmService start Intent { act=com.google.android.gms.INITIALIZE flg=0x10 pkg=com.google.android.gms cmp=com.google.android.gms/.gcm.GcmService } com.google.android.gms.INITIALIZE
D/Finsky  (18635): [461614] InAppBillingUtils.pickAccount: com.whatsapp: Account determined from installer data - [gKXbJhL8NA2nPUzZyFpjB6tKi7U]
D/Finsky  (18635): [461636] InAppBillingUtils.pickAccount: com.whatsapp: Account determined from installer data - [gKXbJhL8NA2nPUzZyFpjB6tKi7U]
I/ActivityManager( 1025): Start proc android.process.media for content provider com.android.providers.downloads/.DownloadProvider: pid=18719 uid=10018 gids={50018, 1028, 1015, 1023, 1024, 2001, 3003, 3007}
D/Finsky  (18635): [461613] InAppBillingUtils.pickAccount: com.whatsapp: Account determined from installer data - [gKXbJhL8NA2nPUzZyFpjB6tKi7U]
D/dalvikvm(27213): GC_CONCURRENT freed 1831K, 40% free 12393K/20348K, paused 5ms+6ms, total 66ms
D/AuthorizationBluetoothService(20136): Received GmsCore event: Intent { act=com.google.android.gms.INITIALIZE flg=0x10 pkg=com.google.android.gms cmp=com.google.android.gms/.auth.be.proximity.authorization.bt.AuthorizationBluetoothService$AutoStarter }.
E/AuthorizationBluetoothService(20136): Proximity feature is not enabled.
V/GmsCoreStatsServiceLauncher(18674): Received broadcast intent Intent { act=com.google.android.gms.INITIALIZE flg=0x10 pkg=com.google.android.gms cmp=com.google.android.gms/.common.stats.GmsCoreStatsServiceLauncher }
D/MtpService(18719): updating state; isCurrentUser=true, mMtpLocked=false
D/MtpService(18719): mUsbDriverRestricted=false
D/Event   (18602): No subscribers registered for event class com.whatsapp.alk
D/Event   (18602): No subscribers registered for event class de.greenrobot.event.a
D/MtpService(18719): addStorageLocked 65537 /storage/emulated/0
D/MtpService(18719): updating state; isCurrentUser=true, mMtpLocked=false
D/MtpService(18719): starting MTP server in MTP mode
D/MtpService(18719): addStorageLocked 65537 /storage/emulated/0
I/ActivityManager( 1025): Start proc com.google.android.gms.wearable for service com.google.android.gms/.wearable.service.WearableService: pid=18805 uid=10022 gids={50022, 3003, 1007, 1028, 1015, 3002, 3001, 3007, 2001, 3006}
D/dalvikvm(18719): No JNI_OnLoad found in /system/lib/libcryptomodes-jni.so 0x41faabf8, skipping init
I/openssl (18719): Crypto mode not selected, openssl will run on its regular mode.
I/openssl (18719): Crypto mode 0 already enabled
W/dalvikvm(18805): VFY: unable to resolve static field 658 (PR_SET_DUMPABLE) in Landroid/system/OsConstants;
D/dalvikvm(18805): VFY: replacing opcode 0x60 at 0x000b
D/LocationInitializer(18674): Restart initialization of location
I/MultiDex(18805): VM with version 1.6.0 does not have multidex support
I/MultiDex(18805): install
I/MultiDex(18805): MultiDexExtractor.load(/data/app/com.google.android.gms-1.apk, false)
I/MultiDex(18805): loading existing secondary dex files
I/MultiDex(18805): load found 3 secondary dex files
D/Finsky  (18635): [1] GmsCoreHelper.cleanupNlp: result=false type=4
I/MultiDex(18805): install done
I/ProviderInstaller(18805): Insert disabled by gate 'gms:security:enable_conscrypt_in_gms_application'
D/Finsky  (18635): [1] RestoreTracker.stopServiceIfDone: Restore complete with 0 success and 0 failed.
D/GCM     (20136): GcmService start Intent { act=com.google.android.gms.INITIALIZE flg=0x10 pkg=com.google.android.gms cmp=com.google.android.gms/.gcm.GcmService } com.google.android.gms.INITIALIZE
I/dalvikvm(18805): Could not find method android.os.UserManager.getUserProfiles, referenced from method com.google.android.gms.wearable.service.aa.a
W/dalvikvm(18805): VFY: unable to resolve virtual method 1178: Landroid/os/UserManager;.getUserProfiles ()Ljava/util/List;
D/dalvikvm(18805): VFY: replacing opcode 0x6e at 0x0045
D/AuthorizationBluetoothService(20136): Received GmsCore event: Intent { act=com.google.android.gms.INITIALIZE flg=0x10 pkg=com.google.android.gms cmp=com.google.android.gms/.auth.be.proximity.authorization.bt.AuthorizationBluetoothService$AutoStarter }.
E/AuthorizationBluetoothService(20136): Proximity feature is not enabled.
V/GmsCoreStatsServiceLauncher(18674): Received broadcast intent Intent { act=com.google.android.gms.INITIALIZE flg=0x10 pkg=com.google.android.gms cmp=com.google.android.gms/.common.stats.GmsCoreStatsServiceLauncher }
D/LocationInitializer(18674): Restart initialization of location
E/dalvikvm(18805): Could not find class 'android.telecom.TelecomManager', referenced from method com.google.android.gms.wearable.service.o.a
W/dalvikvm(18805): VFY: unable to resolve check-cast 461 (Landroid/telecom/TelecomManager;) in Lcom/google/android/gms/wearable/service/o;
D/dalvikvm(18805): VFY: replacing opcode 0x1f at 0x0056
W/dalvikvm(18805): VFY: unable to find class referenced in signature (Landroid/telecom/TelecomManager;)
I/dalvikvm(18805): Could not find method android.content.pm.PackageManager.getPackageInstaller, referenced from method com.google.android.gms.common.ff.a
W/dalvikvm(18805): VFY: unable to resolve virtual method 479: Landroid/content/pm/PackageManager;.getPackageInstaller ()Landroid/content/pm/PackageInstaller;
D/dalvikvm(18805): VFY: replacing opcode 0x6e at 0x000d
E/MDM     (23032): [445942] b.run: Couldn't connect to Google API client: ConnectionResult{statusCode=API_UNAVAILABLE, resolution=null}
E/MDM     (23032): [445942] b.run: Couldn't connect to Google API client: ConnectionResult{statusCode=API_UNAVAILABLE, resolution=null}
D/dalvikvm(27213): GC_EXPLICIT freed 969K, 41% free 12153K/20348K, paused 2ms+6ms, total 33ms
D/WifiStateMachine( 1025): handleMessage: E msg.what=151572
D/WifiStateMachine( 1025): processMsg: ConnectedState
D/WifiStateMachine( 1025): processMsg: L2ConnectedState
D/WifiStateMachine( 1025): handleMessage: X
D/dalvikvm(27213): GC_EXPLICIT freed 728K, 41% free 12160K/20348K, paused 2ms+5ms, total 34ms
D/dalvikvm(27213): GC_EXPLICIT freed 721K, 41% free 12170K/20348K, paused 4ms+5ms, total 35ms
