* daemon not running. starting it now on port 5037 *
* daemon started successfully *
--------- beginning of /dev/log/system
W/WindowManager(  586): Current app token list:
V/WindowManager(  586):   #31: Token{42d641d8 ActivityRecord{4260d770 com.android.packageinstaller/.UninstallAppProgress}}
V/WindowManager(  586):   #30: Token{42d5c7e0 ActivityRecord{425afd70 com.android.settings/.ManageApplications}}
V/WindowManager(  586):   #29: Token{42c5d2e0 ActivityRecord{42484b10 com.android.packageinstaller/.UninstallAppProgress}}
V/WindowManager(  586):   #28: Token{430c6dd0 ActivityRecord{43a92598 com.android.settings/.ManageApplications}}
V/WindowManager(  586):   #27: Token{42d6e880 ActivityRecord{42e44a20 com.htc.launcher/.Launcher}}
V/WindowManager(  586):   #26: Token{4288de38 ActivityRecord{42b7ac18 co.giftmeapp.gift_me/.GiftMe}}
V/WindowManager(  586):   #25: Token{42760a00 ActivityRecord{42a76f00 com.pinterest/.activity.task.activity.MainActivity}}
V/WindowManager(  586):   #24: Token{42e48d98 ActivityRecord{431315f0 com.android.vending/com.google.android.finsky.activities.MainActivity}}
V/WindowManager(  586):   #23: Token{4236d3e0 ActivityRecord{42a7fa88 com.htc.android.mail/.MultipleActivitiesMain}}
V/WindowManager(  586):   #22: Token{42ae11b0 ActivityRecord{431f3b90 com.facebook.katana/.activity.FbMainTabActivity}}
V/WindowManager(  586):   #21: Token{4281ede0 ActivityRecord{42880e58 com.android.htccontacts/.DialerTabActivity}}
V/WindowManager(  586):   #20: Token{43346098 ActivityRecord{42cdad40 com.htc.android.worldclock/.WorldClockTabControl}}
V/WindowManager(  586):   #19: Token{43f81960 ActivityRecord{43fe4e30 com.htc.album/.AlbumMain.ActivityMainExtLauncher}}
V/WindowManager(  586):   #18: Token{4284a640 ActivityRecord{42ab5818 com.android.camera/.CameraEntry}}
V/WindowManager(  586):   #17: Token{4280ec80 ActivityRecord{431b2568 com.google.android.talk/com.google.android.apps.hangouts.phone.ConversationActivity}}
V/WindowManager(  586):   #16: Token{423ac138 ActivityRecord{42fb1e00 com.google.android.talk/.SigningInActivity}}
V/WindowManager(  586):   #15: Token{4300e1f0 ActivityRecord{42339ef0 com.whatsapp/.VoipActivity}}
V/WindowManager(  586):   #14: Token{42f4e9a0 ActivityRecord{4231fd38 com.google.android.apps.maps/com.google.android.maps.MapsActivity}}
V/WindowManager(  586):   #13: Token{42d33ca8 ActivityRecord{42dab338 com.dublinbus.wearei3/.activities.RTPIActivity}}
V/WindowManager(  586):   #12: Token{42dea900 ActivityRecord{431410a0 com.amazon.mShop.android.shopping/com.amazon.mShop.search.SearchActivity}}
V/WindowManager(  586):   #11: Token{42381688 ActivityRecord{43a81c08 com.amazon.mShop.android.shopping/com.amazon.mShop.home.web.MShopWebGatewayActivity}}
V/WindowManager(  586):   #10: Token{431a0b50 ActivityRecord{426d4c20 com.evernote/.ui.phone.DrawerNoteViewActivity}}
V/WindowManager(  586):   #9: Token{42672a60 ActivityRecord{425dcf80 com.evernote/.ui.phone.DrawerNoteListActivity}}
V/WindowManager(  586):   #8: Token{43057a98 ActivityRecord{42b73ba0 com.evernote/.messaging.MessageThreadActivity}}
V/WindowManager(  586):   #7: Token{42fe6440 ActivityRecord{42fe62f8 com.evernote/.ui.phone.NewPhoneMainActivity}}
V/WindowManager(  586):   #6: Token{423eb210 ActivityRecord{42e098f0 com.rhmsoft.fm/.FileManager}}
V/WindowManager(  586):   #5: Token{43b62260 ActivityRecord{43ef4188 com.android.settings/.SubSettings}}
V/WindowManager(  586):   #4: Token{42639c00 ActivityRecord{42dcc750 com.android.settings/.SubSettings}}
V/WindowManager(  586):   #3: Token{42856738 ActivityRecord{4322fd38 com.android.settings/.SubSettings}}
V/WindowManager(  586):   #2: Token{42afeb20 ActivityRecord{42abaa20 com.android.settings/.Settings}}
V/WindowManager(  586):   #1: Token{42c77b58 ActivityRecord{42c77a10 com.android.phone/.InCallScreen}}
V/WindowManager(  586):   #0: Token{43b7cfa8 ActivityRecord{43b7ce60 com.android.chrome/com.google.android.apps.chrome.Main}}
W/WindowManager(  586): Final window list:
V/WindowManager(  586):   #14: Window{42a99398 SearchPanel paused=false}
V/WindowManager(  586):   #13: Window{42f5c760 StatusBar paused=false}
V/WindowManager(  586):   #12: Window{42d05e08 Keyguard paused=false}
V/WindowManager(  586):   #11: Window{42857f38 com.htc.weatheridlescreen.service.WISService paused=false}
V/WindowManager(  586):   #10: Window{42f64480 NavigationBar paused=false}
V/WindowManager(  586):   #9: Window{431a6e80 InputMethod paused=false}
V/WindowManager(  586):   #8: Window{43046730 com.android.packageinstaller/com.android.packageinstaller.UninstallAppProgress paused=false}
V/WindowManager(  586):   #7: Window{42c5ee70 com.android.settings/com.android.settings.ManageApplications paused=false}
V/WindowManager(  586):   #6: Window{42e0e830 com.htc.launcher/com.htc.launcher.Launcher paused=false}
V/WindowManager(  586):   #5: Window{43f1bfb8 SurfaceView paused=false}
V/WindowManager(  586):   #4: Window{42839870 co.giftmeapp.gift_me/co.giftmeapp.gift_me.GiftMe paused=false}
V/WindowManager(  586):   #3: Window{42c6e1c8 com.android.htccontacts/com.android.htccontacts.DialerTabActivity paused=false}
V/WindowManager(  586):   #2: Window{433d0688 Starting com.whatsapp paused=false}
V/WindowManager(  586):   #1: Window{43a1ecc0 com.android.phone/com.android.phone.InCallScreen paused=false}
V/WindowManager(  586):   #0: Window{42febf58 com.android.systemui.ImageWallpaper paused=false}
D/PowerManagerService(  586): acquireWakeLock(42f0c4f0): PARTIAL_WAKE_LOCK , tag=AlarmManager, flags=0x1, pid=586, uid=1000, mUserState=0x3
V/AlarmManager(  586): sending alarm PendingIntent{42a63738: PendingIntentRecord{42d17828 android broadcastIntent}}, intent=android.intent.action.TIME_TICK, type=RTC, count=1, when=1429736820000, repeateInterval=0
D/PowerManagerService(  586): releaseWakeLock(42f0c4f0): PARTIAL_WAKE_LOCK , tag=AlarmManager, flags=0x1
W/CpuWake (  586): >>nativeReleaseCpuPerfWakeLock()
W/CpuWake (  586): <<nativeReleaseCpuPerfWakeLock()
I/ActivityManager(  586): Force stopping package co.giftmeapp.gift_me uid=10138
I/ActivityManager(  586): Killing proc 27972:co.giftmeapp.gift_me/u0a138: force stop
I/ActivityManager(  586):   Force finishing activity ActivityRecord{42b7ac18 co.giftmeapp.gift_me/.GiftMe}
I/WindowState(  586): WIN DEATH: Window{42839870 co.giftmeapp.gift_me/co.giftmeapp.gift_me.GiftMe paused=true}
I/ActivityManager(  586): Force stopping package co.giftmeapp.gift_me uid=10138
D/PowerManagerService(  586): acquireWakeLock(423f3aa8): PARTIAL_WAKE_LOCK , tag=NetworkStats, flags=0x1, pid=586, uid=1000, mUserState=0x3
I/ActivityManager(  586): Start proc com.android.keychain for broadcast com.android.keychain/.KeyChainBroadcastReceiver: pid=28499 uid=1000 gids={1015, 3002, 3001, 3003, 1028, 5006, 3007, 3006, 2001, 1007}
I/ActivityManager(  586): Start proc com.htc.providers.settings:remote for content provider com.htc.providers.settings/.HtcPowerManagerProvider: pid=28509 uid=10202 gids={1028}
I/ActivityManager(  586): Start proc com.htc.opensense.social for broadcast com.htc.opensense/.pluginmanager.RegisterReceiver: pid=28523 uid=10014 gids={2001, 3003, 1015, 1028, 1006, 5005, 3002, 3001, 5003}
D/PowerManagerService(  586): acquireWakeLock(432b35e8): PARTIAL_WAKE_LOCK , tag=Wakeful StateMachine: GeofencerStateMachine, flags=0x1, pid=3081, uid=10017, mUserState=0x3
D/PowerManagerService(  586): releaseWakeLock(432b35e8): PARTIAL_WAKE_LOCK , tag=Wakeful StateMachine: GeofencerStateMachine, flags=0x1
D/Socket_Alarm(22470): registerHTCSocketMonitorCallBack
D/Socket_Alarm(22470): set mSocketMonitor
D/Socket_Alarm(22470): HTCSocketMonitorImpl::HTCSocketMonitorImpl
I/ActivityManager(  586): Start proc com.google.android.talk for broadcast com.google.android.talk/com.google.android.apps.hangouts.phone.PackageReplacedReceiver: pid=28541 uid=10148 gids={3003, 1015, 1006, 3002, 1028}
D/BackupManagerService(  586): Received broadcast Intent { act=android.intent.action.PACKAGE_REMOVED dat=package flg=0x8000010 (has extras) }
V/BackupManagerService(  586): removePackageParticipantsLocked: uid=10138 #1
I/PackageManager(  586):  setEnabledSetting(), pkgName=com.google.android.talk, clsName=com.google.android.apps.hangouts.phone.ShareIntentSmsOnlyActivity, state=2, flag=1, pid=28541, uid=10148
D/Socket_Alarm(28541): registerHTCSocketMonitorCallBack
D/Socket_Alarm(28541): set mSocketMonitor
D/Socket_Alarm(28541): HTCSocketMonitorImpl::HTCSocketMonitorImpl
I/PackageManager(  586):  setEnabledSetting(), pkgName=com.google.android.talk, clsName=com.google.android.apps.hangouts.sms.SmsReceiver, state=2, flag=1, pid=28541, uid=10148
I/PackageManager(  586):  setEnabledSetting(), pkgName=com.google.android.talk, clsName=com.google.android.apps.hangouts.sms.MmsWapPushReceiver, state=2, flag=1, pid=28541, uid=10148
I/PackageManager(  586):  setEnabledSetting(), pkgName=com.google.android.talk, clsName=com.google.android.apps.hangouts.sms.AbortSmsReceiver, state=2, flag=1, pid=28541, uid=10148
I/PackageManager(  586):  setEnabledSetting(), pkgName=com.google.android.talk, clsName=com.google.android.apps.hangouts.sms.AbortMmsWapPushReceiver, state=2, flag=1, pid=28541, uid=10148
I/PackageManager(  586):  setEnabledSetting(), pkgName=com.google.android.talk, clsName=com.google.android.apps.hangouts.service.NoConfirmationSmsSendService, state=2, flag=1, pid=28541, uid=10148
I/ActivityManager(  586): Start proc com.google.android.googlequicksearchbox:search for broadcast com.google.android.googlequicksearchbox/com.google.android.search.core.icingsync.IcingCorporaChangedReceiver: pid=28579 uid=10038 gids={3003, 3001, 1028, 3002, 1015, 1006}
I/ActivityManager(  586): Start proc com.google.android.partnersetup for content provider com.google.android.partnersetup/.RlzAppProvider: pid=28599 uid=10037 gids={3003, 1028}
D/Socket_Alarm(28579): registerHTCSocketMonitorCallBack
D/Socket_Alarm(28579): set mSocketMonitor
D/Socket_Alarm(28579): HTCSocketMonitorImpl::HTCSocketMonitorImpl
V/LocationManagerService(  586): getProviders
D/VoldCmdListener(  240): asec fspath com.kwikdesk-2
I/ActivityManager(  586): Start proc com.google.android.apps.plus for broadcast com.google.android.apps.plus/.service.PackagesMediaMonitor: pid=28617 uid=10133 gids={3003, 3002, 1015, 1006, 1028}
I/ActivityManager(  586): Recipient 28499
I/ActivityManager(  586): Process com.android.keychain (pid 28499) has died.
I/ActivityManager(  586): Recipient 28401
I/ActivityManager(  586): Process com.htc.htcpowermanager:remote (pid 28401) has died.
I/ActivityManager(  586): Recipient 28509
I/ActivityManager(  586): Process com.htc.providers.settings:remote (pid 28509) has died.
D/PowerManagerService(  586): releaseWakeLock(423f3aa8): PARTIAL_WAKE_LOCK , tag=NetworkStats, flags=0x1
I/ActivityManager(  586): Recipient 28523
I/ActivityManager(  586): Process com.htc.opensense.social (pid 28523) has died.
I/ActivityManager(  586): Recipient 28265
I/ActivityManager(  586): Process com.android.settings (pid 28265) has died.
I/WindowState(  586): WIN DEATH: Window{42c5ee70 com.android.settings/com.android.settings.ManageApplications paused=false}
I/WindowManager(  586): WINDOW DIED Window{42c5ee70 com.android.settings/com.android.settings.ManageApplications paused=false}
I/PackageManager(  586): Observer no longer exists.
I/ActivityManager(  586): Start proc android.process.media for content provider com.android.providers.media/.MediaProvider: pid=28638 uid=10023 gids={1015, 1023, 1024, 5005, 1028, 5002, 2001, 3003, 3007}
D/PowerManagerService(  586): acquireWakeLock(430bb1c0): PARTIAL_WAKE_LOCK , tag=Icing, flags=0x1, pid=2914, uid=10017, mUserState=0x3
D/PowerManagerService(  586): acquireWakeLock(43051e08): PARTIAL_WAKE_LOCK , tag=AsyncService, flags=0x1, pid=28617, uid=10133, mUserState=0x3
I/ActivityManager(  586): Start proc com.facebook.katana:dash for broadcast com.facebook.katana/com.facebook.dash.receivers.DashPackageUninstallReceiver: pid=28661 uid=10028 gids={1006, 1015, 1028, 3003}
D/PowerManagerService(  586): releaseWakeLock(43051e08): PARTIAL_WAKE_LOCK , tag=AsyncService, flags=0x1
I/ActivityManager(  586): Recipient 28541
I/ActivityManager(  586): Process com.google.android.talk (pid 28541) has died.
D/PowerManagerService(  586): releaseWakeLock(430bb1c0): PARTIAL_WAKE_LOCK , tag=Icing, flags=0x1
I/ActivityManager(  586): Start proc com.facebook.orca for service com.facebook.orca/com.facebook.analytics.service.AnalyticsService: pid=28682 uid=10000 gids={3003, 1015, 1006, 1028}
I/ActivityManager(  586): Recipient 28579
I/ActivityManager(  586): Process com.google.android.googlequicksearchbox:search (pid 28579) has died.
D/PowerManagerService(  586): acquireWakeLock(43035fa0): PARTIAL_WAKE_LOCK , tag=*net_scheduler*, flags=0x1, pid=19604, uid=10017, mUserState=0x3
D/PowerManagerService(  586): releaseWakeLock(43035fa0): PARTIAL_WAKE_LOCK , tag=*net_scheduler*, flags=0x1
I/ActivityManager(  586): Recipient 28599
I/ActivityManager(  586): Process com.google.android.partnersetup (pid 28599) has died.
I/ActivityManager(  586): Recipient 28617
I/ActivityManager(  586): Process com.google.android.apps.plus (pid 28617) has died.
I/ActivityManager(  586): Start proc com.amazon.mShop.android.shopping for broadcast com.amazon.mShop.android.shopping/com.amazon.clouddrive.library.device.receivers.PackageReceiverProxy: pid=28723 uid=10123 gids={3003, 1006, 1028, 1015}
D/PowerManagerService(  586): acquireWakeLock(42e20598): PARTIAL_WAKE_LOCK , tag=wake:com.google.android.gms/.config.ConfigFetchService, flags=0x1, pid=2914, uid=10017, mUserState=0x3
D/PowerManagerService(  586): releaseWakeLock(42e20598): PARTIAL_WAKE_LOCK , tag=wake:com.google.android.gms/.config.ConfigFetchService, flags=0x1
D/PowerManagerService(  586): acquireWakeLock(4310ccf8): PARTIAL_WAKE_LOCK , tag=GCM_CONN, flags=0x1, pid=19604, uid=10017, mUserState=0x3
D/PowerManagerService(  586): acquireWakeLock(42af9930): PARTIAL_WAKE_LOCK , tag=Icing, flags=0x1, pid=2914, uid=10017, mUserState=0x3
D/PowerManagerService(  586): acquireWakeLock(43b7dae8): PARTIAL_WAKE_LOCK , tag=WakefulIntentService[PackageService], flags=0x1, pid=2914, uid=10017, mUserState=0x3
D/PowerManagerService(  586): releaseWakeLock(43b7dae8): PARTIAL_WAKE_LOCK , tag=WakefulIntentService[PackageService], flags=0x1
D/PowerManagerService(  586): releaseWakeLock(4310ccf8): PARTIAL_WAKE_LOCK , tag=GCM_CONN, flags=0x1
D/ConnectivityService(  586): reportInetCondition for net 1, percentage: 100 by 19604/10017
D/ConnectivityService(  586): handleInetConditionChange: net=1, condition=100,mActiveDefaultNetwork=1
D/ConnectivityService(  586): handleInetConditionChange: starting a change hold
D/PowerManagerService(  586): acquireWakeLock(4313c458): PARTIAL_WAKE_LOCK , tag=GOOGLE_C2DM, flags=0x1, pid=19604, uid=10017, mUserState=0x3
W/PowerManagerService(  586): Can not get flags by lock
D/PowerManagerService(  586): acquireWakeLock(439f61c0): PARTIAL_WAKE_LOCK , tag=*net_scheduler*, flags=0x1, pid=19604, uid=10017, mUserState=0x3
D/PowerManagerService(  586): releaseWakeLock(439f61c0): PARTIAL_WAKE_LOCK , tag=*net_scheduler*, flags=0x1
I/PackageManager(  586):  setEnabledSetting(), pkgName=com.google.android.gms, clsName=com.google.android.gms.people.pub.PeopleProfileActionGatewayActivity, state=2, flag=1, pid=2914, uid=10017
D/Socket_Alarm(28661): registerHTCSocketMonitorCallBack
D/Socket_Alarm(28661): set mSocketMonitor
D/Socket_Alarm(28661): HTCSocketMonitorImpl::HTCSocketMonitorImpl
W/BroadcastQueue(  586): Permission Denial: broadcasting Intent { act=android.net.conn.INET_CONDITION_ACTION flg=0x8000010 (has extras) } from null (pid=-1, uid=-1) requires com.facebook.permission.prod.FB_APP_COMMUNICATION due to registered receiver BroadcastFilter{42d53b98 ReceiverList{42d53b40 28661 com.facebook.katana:dash/10028 remote:42cc43e0}}
W/BroadcastQueue(  586): Permission Denial: broadcasting Intent { act=android.net.conn.CONNECTIVITY_CHANGE flg=0x8000010 (has extras) } from null (pid=-1, uid=-1) requires com.facebook.permission.prod.FB_APP_COMMUNICATION due to registered receiver BroadcastFilter{42d53b98 ReceiverList{42d53b40 28661 com.facebook.katana:dash/10028 remote:42cc43e0}}
D/PowerManagerService(  586): acquireWakeLock(43a54de0): PARTIAL_WAKE_LOCK , tag=AlarmManager, flags=0x1, pid=586, uid=1000, mUserState=0x3
V/AlarmManager(  586): sending alarm PendingIntent{4322c388: PendingIntentRecord{43e43420 com.android.vending startService}}, intent=null, type=RTC_WAKEUP, count=1, when=1429736839157, repeateInterval=0
D/PowerManagerService(  586): releaseWakeLock(43a54de0): PARTIAL_WAKE_LOCK , tag=AlarmManager, flags=0x1
D/ConnectivityService(  586): handleInetConditionHoldEnd: net=1, condition=100, published condition=100
D/ConnectivityService(  586): sendStickyBroadcast: action=android.net.conn.INET_CONDITION_ACTION
D/WIFI_ICON(  800): updateConnectivity: type=1 connected=true
D/StatusBar.NetworkController(  800): dumpState[hasService=true ServiceState=0 home 3 3 27202  EDGE CSS not supported -1 -1 RoamInd=-1 DefRoamInd=-1EriInd= -1EriMode= -1RadioPowerSv: false EmergOnly=false PhoneType: 1 IsCdma=false SimState=UNKNOWN GprsState=0 DataState=Disconnected DataActivity=NONE NetworkType=EDGE HtcModemLinkOn=false HspaDataDistinquishable=true]
D/StatusBar.NetworkController(  800): dumpIconState[dataVisible=false dataIconId=stat_sys_data_connected_3g signalIconId=stat_sys_5signal_3 wifiVisible=true wifiIconId=stat_sys_wifi_signal_4 airplaneMode=false]
D/PowerManagerService(  586): releaseWakeLock(42af9930): PARTIAL_WAKE_LOCK , tag=Icing, flags=0x1
I/ActivityManager(  586): Recipient 28638
I/ActivityManager(  586): Recipient 28661
I/ActivityManager(  586): Process android.process.media (pid 28638) has died.
I/ActivityManager(  586): Process com.facebook.katana:dash (pid 28661) has died.
D/Socket_Alarm(28723): registerHTCSocketMonitorCallBack
D/Socket_Alarm(28723): set mSocketMonitor
D/Socket_Alarm(28723): HTCSocketMonitorImpl::HTCSocketMonitorImpl
D/Socket_Alarm(28682): registerHTCSocketMonitorCallBack
D/Socket_Alarm(28682): set mSocketMonitor
D/Socket_Alarm(28682): HTCSocketMonitorImpl::HTCSocketMonitorImpl
I/ActivityManager(  586): Start proc com.htc.task.gtask for broadcast com.htc.task.gtask/.accountservice.ScanFinishedReceiver: pid=28799 uid=10120 gids={3003, 1028}
I/ActivityManager(  586): Start proc com.htc.pen for broadcast com.htc.pen/.plugin.PenReceiver: pid=28813 uid=10122 gids={1028}
I/ActivityManager(  586): Start proc com.htc.task for broadcast com.htc.task/.TodoTaskReceiver: pid=28829 uid=10126 gids={3003, 1015, 1028}
D/Socket_Alarm(28829): registerHTCSocketMonitorCallBack
D/Socket_Alarm(28829): set mSocketMonitor
D/Socket_Alarm(28829): HTCSocketMonitorImpl::HTCSocketMonitorImpl
I/ActivityManager(  586): Start proc ru.mail.mailapp for broadcast ru.mail.mailapp/ru.mail.util.push.gcm.GcmBroadcastReceiver: pid=28843 uid=10139 gids={3003, 1015, 1028}
I/PackageManager(  586):  setEnabledSetting(), pkgName=com.amazon.mShop.android.shopping, clsName=com.amazon.identity.auth.device.storage.LambortishClock$ChangeTimestampsBroadcastReceiver, state=1, flag=1, pid=28723, uid=10123
I/PackageManager(  586):  setEnabledSetting(), pkgName=com.amazon.mShop.android.shopping, clsName=com.amazon.identity.auth.accounts.SessionUserChangedToAccountForPackageChangedAdpater, state=2, flag=1, pid=28723, uid=10123
I/ActivityManager(  586): Start proc com.google.android.gsf.login for service com.google.android.gsf.login/com.google.android.gsf.loginservice.GoogleLoginService: pid=28858 uid=10017 gids={3003, 1015, 1028, 2001, 1007, 3006, 1006, 3002, 3001}
I/ActivityManager(  586): Recipient 28682
I/ActivityManager(  586): Process com.facebook.orca (pid 28682) has died.
W/ActivityManager(  586): Scheduling restart of crashed service com.facebook.orca/com.facebook.analytics.service.AnalyticsService in 366864ms
D/Socket_Alarm(28843): registerHTCSocketMonitorCallBack
D/Socket_Alarm(28843): set mSocketMonitor
D/Socket_Alarm(28843): HTCSocketMonitorImpl::HTCSocketMonitorImpl
D/PowerManagerService(  586): acquireWakeLock(42bcb468): PARTIAL_WAKE_LOCK , tag=AlarmManager, flags=0x1, pid=586, uid=1000, mUserState=0x3
V/AlarmManager(  586): sending alarm PendingIntent{42d74c38: PendingIntentRecord{42d332f0 ru.mail.mailapp startService}}, intent=ru.mail.mailapp.ACTION_PUSH_TOKEN_CHECK, type=ELAPSED_REALTIME, count=60, when=658800000, repeateInterval=10800000
D/PowerManagerService(  586): releaseWakeLock(42bcb468): PARTIAL_WAKE_LOCK , tag=AlarmManager, flags=0x1
D/webcoreglue(28843): netstack: Memory Cache feature is ON
D/PowerManagerService(  586): acquireWakeLock(42b88038): PARTIAL_WAKE_LOCK , tag=wake:ru.mail.mailapp/ru.mail.util.push.gcm.GcmProcessBroadcastService, flags=0x1, pid=28843, uid=10139, mUserState=0x3
V/LocationManagerService(  586): getAllProviders
V/LocationManagerService(  586): getLastKnownLocation: network
V/LocationManagerService(  586): getLastKnownLocation: passive
D/PowerManagerService(  586): releaseWakeLock(4313c458): PARTIAL_WAKE_LOCK , tag=GOOGLE_C2DM, flags=0x1
V/LocationManagerService(  586): getLastKnownLocation: hybrid
V/LocationManagerService(  586): getLastKnownLocation: gps
D/PowerManagerService(  586): releaseWakeLock(42b88038): PARTIAL_WAKE_LOCK , tag=wake:ru.mail.mailapp/ru.mail.util.push.gcm.GcmProcessBroadcastService, flags=0x1
V/LocationManagerService(  586): getAllProviders
V/LocationManagerService(  586): getLastKnownLocation: network
V/LocationManagerService(  586): getLastKnownLocation: passive
V/LocationManagerService(  586): getLastKnownLocation: hybrid
V/LocationManagerService(  586): getLastKnownLocation: gps
V/LocationManagerService(  586): getAllProviders
V/LocationManagerService(  586): getLastKnownLocation: network
V/LocationManagerService(  586): getLastKnownLocation: passive
V/LocationManagerService(  586): getLastKnownLocation: hybrid
V/LocationManagerService(  586): getLastKnownLocation: gps
D/PowerManagerService(  586): acquireWakeLock(42a4aad8): PARTIAL_WAKE_LOCK , tag=SyncLoopWakeLock, flags=0x1, pid=586, uid=1000, mUserState=0x3
D/PowerManagerService(  586): acquireWakeLock(428961b0): PARTIAL_WAKE_LOCK , tag=*sync*_ru.mail.mailbox.content_Account {name=muw**********u, type=ru.mail}, flags=0x1, pid=586, uid=1000, mUserState=0x3
D/PowerManagerService(  586): releaseWakeLock(42a4aad8): PARTIAL_WAKE_LOCK , tag=SyncLoopWakeLock, flags=0x1
D/PowerManagerService(  586): acquireWakeLock(4283f940): PARTIAL_WAKE_LOCK , tag=SyncLoopWakeLock, flags=0x1, pid=586, uid=1000, mUserState=0x3
D/PowerManagerService(  586): releaseWakeLock(4283f940): PARTIAL_WAKE_LOCK , tag=SyncLoopWakeLock, flags=0x1
D/PowerManagerService(  586): acquireWakeLock(42665ef0): PARTIAL_WAKE_LOCK , tag=SyncLoopWakeLock, flags=0x1, pid=586, uid=1000, mUserState=0x3
D/PowerManagerService(  586): releaseWakeLock(428961b0): PARTIAL_WAKE_LOCK , tag=*sync*_ru.mail.mailbox.content_Account {name=muw**********u, type=ru.mail}, flags=0x1
D/PowerManagerService(  586): acquireWakeLock(43b26bc0): PARTIAL_WAKE_LOCK , tag=*sync*_ru.mail.mailbox.content_Account {name=muw**********u, type=ru.mail}, flags=0x1, pid=586, uid=1000, mUserState=0x3
D/PowerManagerService(  586): releaseWakeLock(42665ef0): PARTIAL_WAKE_LOCK , tag=SyncLoopWakeLock, flags=0x1
D/PowerManagerService(  586): acquireWakeLock(4235cac0): PARTIAL_WAKE_LOCK , tag=SyncLoopWakeLock, flags=0x1, pid=586, uid=1000, mUserState=0x3
D/PowerManagerService(  586): releaseWakeLock(4235cac0): PARTIAL_WAKE_LOCK , tag=SyncLoopWakeLock, flags=0x1
D/PowerManagerService(  586): acquireWakeLock(42be91d0): PARTIAL_WAKE_LOCK , tag=SyncLoopWakeLock, flags=0x1, pid=586, uid=1000, mUserState=0x3
D/PowerManagerService(  586): releaseWakeLock(43b26bc0): PARTIAL_WAKE_LOCK , tag=*sync*_ru.mail.mailbox.content_Account {name=muw**********u, type=ru.mail}, flags=0x1
D/PowerManagerService(  586): releaseWakeLock(42be91d0): PARTIAL_WAKE_LOCK , tag=SyncLoopWakeLock, flags=0x1
D/HostStatisticManager(28843): netstack: DNS Host Prioritization is: ON, Version: 5.0.1
D/        (28843): dl error message Cannot load library: link_image[1891]:   253 could not load needed library 'libcneapiclient.so' for 'libtcpfinaggr.so' (load_library[1093]: Library 'libcneapiclient.so' not found)
D/Socket_Pool(28843): Failed to create TCP Fin Aggregation interface.
D/Socket_Pool(28843): netstack: CloseUnusedSockets is ON
D/Socket_Pool(28843): netstack: system net.statistics value: 0
D/Socket_Pool(28843): Failed to create TCP Fin Aggregation interface.
D/Socket_Pool(28843): netstack: CloseUnusedSockets is ON
D/Socket_Pool(28843): netstack: system net.statistics value: 0
D/        (28843): external/chromium/net/http/http_getzip_factory.cc: libgetzip.so successfully loaded
D/        (28843): external/chromium/net/http/http_getzip_factory.cc,: GETzip initializing method was found in libgetzip.so
D/        (28843): netstack: Getzip is: ON, Version: 5.0.1
D/Socket_Pool(28843): Failed to create TCP Fin Aggregation interface.
D/Socket_Pool(28843): netstack: CloseUnusedSockets is ON
D/Socket_Pool(28843): netstack: system net.statistics value: 0
D/Socket_Pool(28843): Failed to create TCP Fin Aggregation interface.
D/Socket_Pool(28843): netstack: CloseUnusedSockets is ON
D/Socket_Pool(28843): netstack: system net.statistics value: 0
I/ActivityManager(  586): Start proc com.facebook.orca for service com.facebook.orca/com.facebook.push.mqtt.service.MqttPushService: pid=28920 uid=10000 gids={3003, 1015, 1006, 1028}
I/ActivityManager(  586): Recipient 28723
I/ActivityManager(  586): Process com.amazon.mShop.android.shopping (pid 28723) has died.
I/ActivityManager(  586): Recipient 28799
I/ActivityManager(  586): Process com.htc.task.gtask (pid 28799) has died.
I/ActivityManager(  586): Recipient 28369
I/ActivityManager(  586): Process com.android.defcontainer (pid 28369) has died.
D/PowerManagerService(  586): acquireWakeLock(42ba7d98): PARTIAL_WAKE_LOCK , tag=GCM_CONN, flags=0x1, pid=19604, uid=10017, mUserState=0x3
D/ConnectivityService(  586): reportInetCondition for net 1, percentage: 100 by 19604/10017
D/ConnectivityService(  586): handleInetConditionChange: net=1, condition=100,mActiveDefaultNetwork=1
D/ConnectivityService(  586): handleInetConditionChange: starting a change hold
D/PowerManagerService(  586): acquireWakeLock(42b61578): PARTIAL_WAKE_LOCK , tag=GOOGLE_C2DM, flags=0x1, pid=19604, uid=10017, mUserState=0x3
D/PowerManagerService(  586): acquireWakeLock(42a6f818): PARTIAL_WAKE_LOCK , tag=*net_scheduler*, flags=0x1, pid=19604, uid=10017, mUserState=0x3
D/PowerManagerService(  586): acquireWakeLock(42a5a940): PARTIAL_WAKE_LOCK , tag=wake:ru.mail.mailapp/ru.mail.util.push.gcm.GcmProcessBroadcastService, flags=0x1, pid=28843, uid=10139, mUserState=0x3
D/PowerManagerService(  586): releaseWakeLock(42a6f818): PARTIAL_WAKE_LOCK , tag=*net_scheduler*, flags=0x1
D/PowerManagerService(  586): releaseWakeLock(42ba7d98): PARTIAL_WAKE_LOCK , tag=GCM_CONN, flags=0x1
D/PowerManagerService(  586): releaseWakeLock(42b61578): PARTIAL_WAKE_LOCK , tag=GOOGLE_C2DM, flags=0x1
D/PowerManagerService(  586): releaseWakeLock(42a5a940): PARTIAL_WAKE_LOCK , tag=wake:ru.mail.mailapp/ru.mail.util.push.gcm.GcmProcessBroadcastService, flags=0x1
D/PowerManagerService(  586): acquireWakeLock(43316458): PARTIAL_WAKE_LOCK , tag=SyncLoopWakeLock, flags=0x1, pid=586, uid=1000, mUserState=0x3
D/PowerManagerService(  586): acquireWakeLock(42ca0210): PARTIAL_WAKE_LOCK , tag=*sync*_ru.mail.mailbox.content_Account {name=muw**********u, type=ru.mail}, flags=0x1, pid=586, uid=1000, mUserState=0x3
D/PowerManagerService(  586): releaseWakeLock(43316458): PARTIAL_WAKE_LOCK , tag=SyncLoopWakeLock, flags=0x1
D/PowerManagerService(  586): acquireWakeLock(429db4f8): PARTIAL_WAKE_LOCK , tag=SyncLoopWakeLock, flags=0x1, pid=586, uid=1000, mUserState=0x3
D/PowerManagerService(  586): releaseWakeLock(429db4f8): PARTIAL_WAKE_LOCK , tag=SyncLoopWakeLock, flags=0x1
D/PowerManagerService(  586): acquireWakeLock(432ad578): PARTIAL_WAKE_LOCK , tag=SyncLoopWakeLock, flags=0x1, pid=586, uid=1000, mUserState=0x3
D/PowerManagerService(  586): releaseWakeLock(42ca0210): PARTIAL_WAKE_LOCK , tag=*sync*_ru.mail.mailbox.content_Account {name=muw**********u, type=ru.mail}, flags=0x1
D/PowerManagerService(  586): releaseWakeLock(432ad578): PARTIAL_WAKE_LOCK , tag=SyncLoopWakeLock, flags=0x1
D/ConnectivityService(  586): handleInetConditionHoldEnd: net=1, condition=100, published condition=100
D/ConnectivityService(  586): sendStickyBroadcast: action=android.net.conn.INET_CONDITION_ACTION
D/WIFI_ICON(  800): updateConnectivity: type=1 connected=true
D/StatusBar.NetworkController(  800): dumpState[hasService=true ServiceState=0 home 3 3 27202  EDGE CSS not supported -1 -1 RoamInd=-1 DefRoamInd=-1EriInd= -1EriMode= -1RadioPowerSv: false EmergOnly=false PhoneType: 1 IsCdma=false SimState=UNKNOWN GprsState=0 DataState=Disconnected DataActivity=NONE NetworkType=EDGE HtcModemLinkOn=false HspaDataDistinquishable=true]
D/StatusBar.NetworkController(  800): dumpIconState[dataVisible=false dataIconId=stat_sys_data_connected_3g signalIconId=stat_sys_5signal_3 wifiVisible=true wifiIconId=stat_sys_wifi_signal_4 airplaneMode=false]
D/PowerManagerService(  586): acquireWakeLock(430f08f0): PARTIAL_WAKE_LOCK , tag=GCM_CONN, flags=0x1, pid=19604, uid=10017, mUserState=0x3
D/ConnectivityService(  586): reportInetCondition for net 1, percentage: 100 by 19604/10017
D/ConnectivityService(  586): handleInetConditionChange: net=1, condition=100,mActiveDefaultNetwork=1
D/ConnectivityService(  586): handleInetConditionChange: starting a change hold
D/PowerManagerService(  586): acquireWakeLock(430594b8): PARTIAL_WAKE_LOCK , tag=GOOGLE_C2DM, flags=0x1, pid=19604, uid=10017, mUserState=0x3
D/PowerManagerService(  586): acquireWakeLock(42df9ce0): PARTIAL_WAKE_LOCK , tag=wake:ru.mail.mailapp/ru.mail.util.push.gcm.GcmProcessBroadcastService, flags=0x1, pid=28843, uid=10139, mUserState=0x3
D/PowerManagerService(  586): releaseWakeLock(430594b8): PARTIAL_WAKE_LOCK , tag=GOOGLE_C2DM, flags=0x1
D/PowerManagerService(  586): acquireWakeLock(42c64a80): PARTIAL_WAKE_LOCK , tag=*net_scheduler*, flags=0x1, pid=19604, uid=10017, mUserState=0x3
D/PowerManagerService(  586): releaseWakeLock(42c64a80): PARTIAL_WAKE_LOCK , tag=*net_scheduler*, flags=0x1
D/PowerManagerService(  586): releaseWakeLock(430f08f0): PARTIAL_WAKE_LOCK , tag=GCM_CONN, flags=0x1
D/PowerManagerService(  586): releaseWakeLock(42df9ce0): PARTIAL_WAKE_LOCK , tag=wake:ru.mail.mailapp/ru.mail.util.push.gcm.GcmProcessBroadcastService, flags=0x1
D/Socket_Alarm(28920): registerHTCSocketMonitorCallBack
D/Socket_Alarm(28920): set mSocketMonitor
D/Socket_Alarm(28920): HTCSocketMonitorImpl::HTCSocketMonitorImpl
D/ConnectivityService(  586): handleInetConditionHoldEnd: net=1, condition=100, published condition=100
D/ConnectivityService(  586): sendStickyBroadcast: action=android.net.conn.INET_CONDITION_ACTION
D/WIFI_ICON(  800): updateConnectivity: type=1 connected=true
D/StatusBar.NetworkController(  800): dumpState[hasService=true ServiceState=0 home 3 3 27202  EDGE CSS not supported -1 -1 RoamInd=-1 DefRoamInd=-1EriInd= -1EriMode= -1RadioPowerSv: false EmergOnly=false PhoneType: 1 IsCdma=false SimState=UNKNOWN GprsState=0 DataState=Disconnected DataActivity=NONE NetworkType=EDGE HtcModemLinkOn=false HspaDataDistinquishable=true]
D/StatusBar.NetworkController(  800): dumpIconState[dataVisible=false dataIconId=stat_sys_data_connected_3g signalIconId=stat_sys_5signal_3 wifiVisible=true wifiIconId=stat_sys_wifi_signal_4 airplaneMode=false]
W/BroadcastQueue(  586): Permission Denial: broadcasting Intent { act=android.net.conn.INET_CONDITION_ACTION flg=0x8000010 (has extras) } from null (pid=-1, uid=-1) requires com.facebook.permission.prod.FB_APP_COMMUNICATION due to registered receiver BroadcastFilter{42390bf8 ReceiverList{423c48f0 28920 com.facebook.orca/10000 remote:424db190}}
W/BroadcastQueue(  586): Permission Denial: broadcasting Intent { act=android.net.conn.CONNECTIVITY_CHANGE flg=0x8000010 (has extras) } from null (pid=-1, uid=-1) requires com.facebook.permission.prod.FB_APP_COMMUNICATION due to registered receiver BroadcastFilter{42390bf8 ReceiverList{423c48f0 28920 com.facebook.orca/10000 remote:424db190}}
I/PackageManager(  586):  setEnabledSetting(), pkgName=com.facebook.orca, clsName=com.facebook.rti.orca.UserPresentBroadcastReceiver, state=2, flag=1, pid=28920, uid=10000
I/PackageManager(  586):  setEnabledSetting(), pkgName=com.facebook.orca, clsName=com.facebook.rti.orca.BootCompleteBroadcastReceiver, state=2, flag=1, pid=28920, uid=10000
I/PackageManager(  586):  setEnabledSetting(), pkgName=com.facebook.orca, clsName=com.facebook.rti.orca.NetworkBroadcastReceiver, state=2, flag=1, pid=28920, uid=10000
W/BroadcastQueue(  586): Permission Denial: broadcasting Intent { act=android.net.conn.CONNECTIVITY_CHANGE flg=0x8000010 (has extras) } from null (pid=-1, uid=-1) requires com.facebook.permission.prod.FB_APP_COMMUNICATION due to registered receiver BroadcastFilter{43165e18 ReceiverList{43174ff8 28920 com.facebook.orca/10000 remote:431787a0}}
I/PackageManager(  586):  setEnabledSetting(), pkgName=com.facebook.orca, clsName=com.facebook.push.crossapp.PackageRemoveReceiverInManifest, state=2, flag=1, pid=28920, uid=10000
D/TELEPHONY_CALLBACK(  800): @onSignalStrengthChanged: SignalStrength: 7 -1 -1 -1 -1 -1 -1 -1 -1 -1 2147483647 -1 gsm|lte
D/StatusBar.NetworkController(  800): dumpState[hasService=true ServiceState=0 home 3 3 27202  EDGE CSS not supported -1 -1 RoamInd=-1 DefRoamInd=-1EriInd= -1EriMode= -1RadioPowerSv: false EmergOnly=false PhoneType: 1 IsCdma=false SimState=UNKNOWN GprsState=0 DataState=Disconnected DataActivity=NONE NetworkType=EDGE HtcModemLinkOn=false HspaDataDistinquishable=true]
D/SIGNAL_ICON(  800): updateTelephonySignalStrength
D/SIGNAL_ICON(  800): fakeui srv=0 mTimerEnabled=false asu=7
D/SIGNAL_ICON(  800): asu=7
D/SIGNAL_ICON(  800): SUPPORT_5_LEVEL_SIGNAL
D/SIGNAL_ICON(  800): mapTelephonySignalStrength
D/SIGNAL_ICON(  800): maxLevel=5 asu=7 networkType=EDGE
D/SIGNAL_ICON(  800): return iconLevel=2
D/SIGNAL_ICON(  800): refreshViews: mPhoneSignalIconId -> stat_sys_5signal_2
D/StatusBar.NetworkController(  800): dumpIconState[dataVisible=false dataIconId=stat_sys_data_connected_3g signalIconId=stat_sys_5signal_2 wifiVisible=true wifiIconId=stat_sys_wifi_signal_4 airplaneMode=false]
D/BatteryService(  586): updateBatteryStats: auto update.
D/PowerManagerService(  586): acquireWakeLock(43c0d250): PARTIAL_WAKE_LOCK , tag=BatteryServiceUpdateStats, flags=0x1, pid=586, uid=1000, mUserState=0x3
D/PowerManagerService(  586): releaseWakeLock(43c0d250): PARTIAL_WAKE_LOCK , tag=BatteryServiceUpdateStats, flags=0x1
D/BatteryService(  586): updateBatteryStats: update triggered by UEvent.
D/PowerManagerService(  586): acquireWakeLock(439c35f8): PARTIAL_WAKE_LOCK , tag=BatteryServiceUpdateStats, flags=0x1, pid=586, uid=1000, mUserState=0x3
D/PowerUI (  800): plugged = false, health = 2, mBatteryLevel = 43, mPluggedBatteryLevel = 99, mLowBatteryWarningLevel2 = 25, mshowLowChargingWarning2 = true
D/PowerManagerService(  586): releaseWakeLock(439c35f8): PARTIAL_WAKE_LOCK , tag=BatteryServiceUpdateStats, flags=0x1
D/NotificationService(  586): mIntentReceiver() Intent.ACTION_BATTERY_CHANGED
D/WifiService(  586): ACTION_BATTERY_CHANGED pluggedType: 0
D/PowerManagerService(  586): runHtcPowerSaverCheck ======================================
I/ActivityManager(  586): Start proc com.htc.htcpowermanager:remote for broadcast com.htc.htcpowermanager/.powersaver.PowerSaverNotificationReceiver: pid=29006 uid=1000 gids={1015, 3002, 3001, 3003, 1028, 5006, 3007, 3006, 2001, 1007}
D/TELEPHONY_CALLBACK(  800): @onSignalStrengthChanged: SignalStrength: 7 -1 -1 -1 -1 -1 -1 -1 -1 -1 2147483647 -1 gsm|lte
D/StatusBar.NetworkController(  800): dumpState[hasService=true ServiceState=0 home 3 3 27202  EDGE CSS not supported -1 -1 RoamInd=-1 DefRoamInd=-1EriInd= -1EriMode= -1RadioPowerSv: false EmergOnly=false PhoneType: 1 IsCdma=false SimState=UNKNOWN GprsState=0 DataState=Disconnected DataActivity=NONE NetworkType=EDGE HtcModemLinkOn=false HspaDataDistinquishable=true]
D/SIGNAL_ICON(  800): updateTelephonySignalStrength
D/SIGNAL_ICON(  800): fakeui srv=0 mTimerEnabled=false asu=7
D/SIGNAL_ICON(  800): asu=7
D/SIGNAL_ICON(  800): SUPPORT_5_LEVEL_SIGNAL
D/SIGNAL_ICON(  800): mapTelephonySignalStrength
D/SIGNAL_ICON(  800): maxLevel=5 asu=7 networkType=EDGE
D/SIGNAL_ICON(  800): return iconLevel=2
D/StatusBar.NetworkController(  800): dumpIconState[dataVisible=false dataIconId=stat_sys_data_connected_3g signalIconId=stat_sys_5signal_2 wifiVisible=true wifiIconId=stat_sys_wifi_signal_4 airplaneMode=false]
I/ActivityManager(  586): Recipient 28813
I/ActivityManager(  586): Process com.htc.pen (pid 28813) has died.
D/PowerManagerService(  586): acquireWakeLock(4314f1c8): PARTIAL_WAKE_LOCK , tag=RILJ, flags=0x1, pid=942, uid=1001, mUserState=0x3
D/PowerManagerService(  586): releaseWakeLock(4314f1c8): PARTIAL_WAKE_LOCK , tag=RILJ, flags=0x1
D/PowerManagerService(  586): acquireWakeLock(430806a0): PARTIAL_WAKE_LOCK , tag=RILJ, flags=0x1, pid=942, uid=1001, mUserState=0x3
D/PowerManagerService(  586): releaseWakeLock(430806a0): PARTIAL_WAKE_LOCK , tag=RILJ, flags=0x1
D/PowerManagerService(  586): acquireWakeLock(42d963e0): PARTIAL_WAKE_LOCK , tag=RILJ, flags=0x1, pid=942, uid=1001, mUserState=0x3
D/PowerManagerService(  586): releaseWakeLock(42d963e0): PARTIAL_WAKE_LOCK , tag=RILJ, flags=0x1
D/PowerManagerService(  586): acquireWakeLock(42bef340): PARTIAL_WAKE_LOCK , tag=AlarmManager, flags=0x1, pid=586, uid=1000, mUserState=0x3
V/AlarmManager(  586): sending alarm PendingIntent{431bd5d0: PendingIntentRecord{4239b728 com.facebook.orca broadcastIntent}}, intent=com.facebook.push.mqtt.keepalive.b.ACTION_INEXACT_ALARM.com.facebook.orca, type=ELAPSED_REALTIME_WAKEUP, count=1, when=654300000, repeateInterval=900000
V/AlarmManager(  586): sending alarm PendingIntent{431568a0: PendingIntentRecord{43b83f80 com.facebook.katana broadcastIntent}}, intent=com.facebook.push.mqtt.keepalive.KeepaliveManager.ACTION_INEXACT_ALARM.com.facebook.katana, type=ELAPSED_REALTIME_WAKEUP, count=1, when=654300000, repeateInterval=900000
D/PowerManagerService(  586): releaseWakeLock(42bef340): PARTIAL_WAKE_LOCK , tag=AlarmManager, flags=0x1
D/PowerManagerService(  586): acquireWakeLock(42da3490): PARTIAL_WAKE_LOCK , tag=RILJ, flags=0x1, pid=942, uid=1001, mUserState=0x3
D/PowerManagerService(  586): releaseWakeLock(42da3490): PARTIAL_WAKE_LOCK , tag=RILJ, flags=0x1
D/PowerManagerService(  586): acquireWakeLock(431948d0): PARTIAL_WAKE_LOCK , tag=RILJ, flags=0x1, pid=942, uid=1001, mUserState=0x3
D/PowerManagerService(  586): releaseWakeLock(431948d0): PARTIAL_WAKE_LOCK , tag=RILJ, flags=0x1
V/LocationManagerService(  586): In requestLocationUpdates. provider passiveminTime: 5000single shot: false Receiver: Receiver{43279c60 Intent PendingIntent{432799c8: PendingIntentRecord{43267ae8 com.htc.htclocationservice startService}}}mUpdateRecords: {passive=UpdateRecord{43347e10 mProvider: passive mUid: 10014}}
V/LocationManagerService(  586): In requestLocationUpdatesLocked. provider: passive requiredPermissions: android.permission.ACCESS_FINE_LOCATION
I/LocationManagerService(  586): request passive (pid 5472) 5000 0
V/LocationManagerService(  586): [LGPS] _requestLocationUpdates: enableLocationTracking(true)
D/LocationManagerService(  586): _requestLocationUpdates: provider = passive listener = Receiver{43279c60 Intent PendingIntent{432799c8: PendingIntentRecord{43267ae8 com.htc.htclocationservice startService}}}mUpdateRecords: {passive=UpdateRecord{42a47770 mProvider: passive mUid: 10014}}
V/LocationManagerService(  586): In requestLocationUpdates. provider networkminTime: 1000single shot: false Listener: android.location.ILocationListener$Stub$Proxy@42a44920
V/LocationManagerService(  586): In requestLocationUpdatesLocked. provider: network requiredPermissions: android.permission.ACCESS_COARSE_LOCATION
I/LocationManagerService(  586): request network (pid 5472) 1000 1000
V/LocationManagerService(  586): [LGPS] _requestLocationUpdates: enableLocationTracking(true)
D/LocationManagerService(  586): _requestLocationUpdates: provider = network listener = Receiver{428d1d38 Listener android.os.BinderProxy@42a441d0}mUpdateRecords: {network=UpdateRecord{428d13f0 mProvider: network mUid: 10014}}
D/PowerManagerService(  586): acquireWakeLock(43053568): PARTIAL_WAKE_LOCK , tag=RILJ, flags=0x1, pid=942, uid=1001, mUserState=0x3
D/PowerManagerService(  586): releaseWakeLock(43053568): PARTIAL_WAKE_LOCK , tag=RILJ, flags=0x1
D/PowerManagerService(  586): acquireWakeLock(428e2f68): PARTIAL_WAKE_LOCK , tag=AlarmManager, flags=0x1, pid=586, uid=1000, mUserState=0x3
V/AlarmManager(  586): sending alarm PendingIntent{427e2ff8: PendingIntentRecord{42bd1bb0 android broadcastIntent}}, intent=android.content.syncmanager.SYNC_ALARM, type=ELAPSED_REALTIME_WAKEUP, count=1, when=653404654, repeateInterval=0
D/PowerManagerService(  586): acquireWakeLock(43f548f8): PARTIAL_WAKE_LOCK , tag=SyncManagerHandleSyncAlarm, flags=0x1, pid=586, uid=1000, mUserState=0x3
D/PowerManagerService(  586): releaseWakeLock(428e2f68): PARTIAL_WAKE_LOCK , tag=AlarmManager, flags=0x1
D/PowerManagerService(  586): acquireWakeLock(431c8298): PARTIAL_WAKE_LOCK , tag=SyncLoopWakeLock, flags=0x1, pid=586, uid=1000, mUserState=0x3
D/PowerManagerService(  586): releaseWakeLock(43f548f8): PARTIAL_WAKE_LOCK , tag=SyncManagerHandleSyncAlarm, flags=0x1
D/PowerManagerService(  586): releaseWakeLock(431c8298): PARTIAL_WAKE_LOCK , tag=SyncLoopWakeLock, flags=0x1
D/PowerManagerService(  586): acquireWakeLock(42c2d208): PARTIAL_WAKE_LOCK , tag=ActivityManager-Launch, flags=0x1, pid=586, uid=1000, mUserState=0x3
I/ActivityManager(  586): Start proc com.android.settings for activity com.android.settings/.ManageApplications: pid=29034 uid=1000 gids={1015, 3002, 3001, 3003, 1028, 5006, 3007, 3006, 2001, 1007}
D/PowerManagerService(  586): acquireWakeLock(442d8a18): PARTIAL_WAKE_LOCK , tag=RILJ, flags=0x1, pid=942, uid=1001, mUserState=0x3
D/PowerManagerService(  586): releaseWakeLock(442d8a18): PARTIAL_WAKE_LOCK , tag=RILJ, flags=0x1
D/PowerManagerService(  586): acquireWakeLock(43fd15e8): PARTIAL_WAKE_LOCK , tag=AlarmManager, flags=0x1, pid=586, uid=1000, mUserState=0x3
V/AlarmManager(  586): sending alarm PendingIntent{42a63738: PendingIntentRecord{42d17828 android broadcastIntent}}, intent=android.intent.action.TIME_TICK, type=RTC, count=1, when=1429736880000, repeateInterval=0
D/PowerManagerService(  586): acquireWakeLock(43e740e0): PARTIAL_WAKE_LOCK , tag=RILJ, flags=0x1, pid=942, uid=1001, mUserState=0x3
D/PowerManagerService(  586): releaseWakeLock(43e740e0): PARTIAL_WAKE_LOCK , tag=RILJ, flags=0x1
I/ActivityManager(  586): Recipient 28829
I/ActivityManager(  586): Process com.htc.task (pid 28829) has died.
D/PowerManagerService(  586): releaseWakeLock(43fd15e8): PARTIAL_WAKE_LOCK , tag=AlarmManager, flags=0x1
I/ActivityManager(  586): Recipient 28858
I/ActivityManager(  586): Process com.google.android.gsf.login (pid 28858) has died.
V/InputMethodManagerService(  586): unbindCurrentInputLocked: client = android.os.BinderProxy@4335a6d8
I/InputMethodManagerService(  586): Disable input method client.
V/InputMethodManagerService(  586): switching to client: client = android.os.BinderProxy@440037a8
I/InputMethodManagerService(  586): Enable input method client.
I/ActivityManager(  586): Recipient 28843
I/ActivityManager(  586): Process ru.mail.mailapp (pid 28843) has died.
D/PowerManagerService(  586): releaseWakeLock(42c2d208): PARTIAL_WAKE_LOCK , tag=ActivityManager-Launch, flags=0x1
I/ActivityManager(  586): Recipient 29006
I/ActivityManager(  586): Process com.htc.htcpowermanager:remote (pid 29006) has died.
I/ActivityManager(  586): Recipient 28466
I/ActivityManager(  586): Process com.android.packageinstaller (pid 28466) has died.
D/TELEPHONY_CALLBACK(  800): @onSignalStrengthChanged: SignalStrength: 8 -1 -1 -1 -1 -1 -1 -1 -1 -1 2147483647 -1 gsm|lte
D/StatusBar.NetworkController(  800): dumpState[hasService=true ServiceState=0 home 3 3 27202  EDGE CSS not supported -1 -1 RoamInd=-1 DefRoamInd=-1EriInd= -1EriMode= -1RadioPowerSv: false EmergOnly=false PhoneType: 1 IsCdma=false SimState=UNKNOWN GprsState=0 DataState=Disconnected DataActivity=NONE NetworkType=EDGE HtcModemLinkOn=false HspaDataDistinquishable=true]
D/SIGNAL_ICON(  800): updateTelephonySignalStrength
D/SIGNAL_ICON(  800): fakeui srv=0 mTimerEnabled=false asu=8
D/SIGNAL_ICON(  800): asu=8
D/SIGNAL_ICON(  800): SUPPORT_5_LEVEL_SIGNAL
D/SIGNAL_ICON(  800): mapTelephonySignalStrength
D/SIGNAL_ICON(  800): maxLevel=5 asu=8 networkType=EDGE
D/SIGNAL_ICON(  800): return iconLevel=3
D/SIGNAL_ICON(  800): refreshViews: mPhoneSignalIconId -> stat_sys_5signal_3
D/StatusBar.NetworkController(  800): dumpIconState[dataVisible=false dataIconId=stat_sys_data_connected_3g signalIconId=stat_sys_5signal_3 wifiVisible=true wifiIconId=stat_sys_wifi_signal_4 airplaneMode=false]
D/PowerManagerService(  586): acquireWakeLock(4319d628): PARTIAL_WAKE_LOCK , tag=RILJ, flags=0x1, pid=942, uid=1001, mUserState=0x3
D/PowerManagerService(  586): releaseWakeLock(4319d628): PARTIAL_WAKE_LOCK , tag=RILJ, flags=0x1
D/PowerManagerService(  586): acquireWakeLock(43192ef0): PARTIAL_WAKE_LOCK , tag=RILJ, flags=0x1, pid=942, uid=1001, mUserState=0x3
D/PowerManagerService(  586): releaseWakeLock(43192ef0): PARTIAL_WAKE_LOCK , tag=RILJ, flags=0x1
D/PowerManagerService(  586): acquireWakeLock(4316fa88): PARTIAL_WAKE_LOCK , tag=RILJ, flags=0x1, pid=942, uid=1001, mUserState=0x3
D/PowerManagerService(  586): releaseWakeLock(4316fa88): PARTIAL_WAKE_LOCK , tag=RILJ, flags=0x1
D/PowerManagerService(  586): acquireWakeLock(4315db78): PARTIAL_WAKE_LOCK , tag=RILJ, flags=0x1, pid=942, uid=1001, mUserState=0x3
D/PowerManagerService(  586): releaseWakeLock(4315db78): PARTIAL_WAKE_LOCK , tag=RILJ, flags=0x1
I/ActivityManager(  586): Recipient 28420
I/ActivityManager(  586): Process android.process.acore (pid 28420) has died.
W/CpuWake (  586): >>nativeAcquireCpuPerfWakeLock()
W/CpuWake (  586): <<nativeAcquireCpuPerfWakeLock()
I/ActivityManager(  586): START {act=android.intent.action.MAIN cat=[android.intent.category.HOME] flg=0x10200000 cmp=com.htc.launcher/.Launcher u=0} from pid 586
D/PowerManagerService(  586): acquireWakeLock(430814e0): PARTIAL_WAKE_LOCK , tag=ActivityManager-Launch, flags=0x1, pid=586, uid=1000, mUserState=0x3
I/ActivityManager(  586): Start proc com.htc.android.rosie.widget for service com.htc.clock3dwidget/.ClockWidgetService: pid=29090 uid=10189 gids={3003, 3002, 3001, 2001, 1015, 1028}
V/InputMethodManagerService(  586): unbindCurrentInputLocked: client = android.os.BinderProxy@440037a8
I/InputMethodManagerService(  586): Disable input method client.
V/InputMethodManagerService(  586): switching to client: client = android.os.BinderProxy@43a70428
I/InputMethodManagerService(  586): Enable input method client.
D/PowerManagerService(  586): releaseWakeLock(430814e0): PARTIAL_WAKE_LOCK , tag=ActivityManager-Launch, flags=0x1
W/CpuWake (  586): >>nativeReleaseCpuPerfWakeLock()
W/CpuWake (  586): <<nativeReleaseCpuPerfWakeLock()
D/PowerManagerService(  586): acquireWakeLock(42bc28a8): CPU_MIN_NUM , tag=RosieScroll_2, flags=0x400, pid=7839, uid=9999, mUserState=0x3
D/PowerManagerService(  586): acquireWakeLock(42bb82a8): CPU_MIN_FREQ , tag=RosieScroll_2, flags=0x100, pid=7839, uid=9999, mUserState=0x3
D/PowerManagerService(  586): releaseWakeLock(42bc28a8): CPU_MIN_NUM , tag=RosieScroll_2, flags=0x400
D/PowerManagerService(  586): releaseWakeLock(42bb82a8): CPU_MIN_FREQ , tag=RosieScroll_2, flags=0x100
D/PowerManagerService(  586): acquireWakeLock(42b93c88): CPU_MIN_NUM , tag=RosieScroll_2, flags=0x400, pid=7839, uid=9999, mUserState=0x3
D/PowerManagerService(  586): acquireWakeLock(42b7ad70): CPU_MIN_FREQ , tag=RosieScroll_2, flags=0x100, pid=7839, uid=9999, mUserState=0x3
D/PowerManagerService(  586): releaseWakeLock(42b93c88): CPU_MIN_NUM , tag=RosieScroll_2, flags=0x400
D/PowerManagerService(  586): releaseWakeLock(42b7ad70): CPU_MIN_FREQ , tag=RosieScroll_2, flags=0x100
D/PowerManagerService(  586): acquireWakeLock(42b4e8f8): CPU_MIN_NUM , tag=RosieScroll_2, flags=0x400, pid=7839, uid=9999, mUserState=0x3
D/PowerManagerService(  586): acquireWakeLock(42b2dd90): CPU_MIN_FREQ , tag=RosieScroll_2, flags=0x100, pid=7839, uid=9999, mUserState=0x3
D/PowerManagerService(  586): releaseWakeLock(42b4e8f8): CPU_MIN_NUM , tag=RosieScroll_2, flags=0x400
I/ActivityManager(  586): Start proc com.android.defcontainer for service com.android.defcontainer/.DefaultContainerService: pid=29128 uid=10021 gids={1015, 2001, 5005, 1028}
D/PowerManagerService(  586): releaseWakeLock(42b2dd90): CPU_MIN_FREQ , tag=RosieScroll_2, flags=0x100
D/PowerManagerService(  586): acquireWakeLock(42aad0e0): CPU_MIN_NUM , tag=RosieScroll_2, flags=0x400, pid=7839, uid=9999, mUserState=0x3
D/PowerManagerService(  586): acquireWakeLock(42aa2498): CPU_MIN_FREQ , tag=RosieScroll_2, flags=0x100, pid=7839, uid=9999, mUserState=0x3
D/PowerManagerService(  586): releaseWakeLock(42aad0e0): CPU_MIN_NUM , tag=RosieScroll_2, flags=0x400
D/PowerManagerService(  586): releaseWakeLock(42aa2498): CPU_MIN_FREQ , tag=RosieScroll_2, flags=0x100
D/PowerManagerService(  586): acquireWakeLock(42a18a60): PARTIAL_WAKE_LOCK , tag=MqttPush, flags=0x1, pid=28920, uid=10000, mUserState=0x3
D/PowerManagerService(  586): releaseWakeLock(42a18a60): PARTIAL_WAKE_LOCK , tag=MqttPush, flags=0x1
D/PowerManagerService(  586): acquireWakeLock(42cfba40): CPU_MIN_NUM , tag=RosieScroll_2, flags=0x400, pid=7839, uid=9999, mUserState=0x3
D/PowerManagerService(  586): acquireWakeLock(42cc28d8): CPU_MIN_FREQ , tag=RosieScroll_2, flags=0x100, pid=7839, uid=9999, mUserState=0x3
