* daemon not running. starting it now on port 5037 *
* daemon started successfully *
--------- beginning of system
W/ResourcesManager(29114): Asset path '/system/framework/com.google.android.maps.jar' does not exist or contains no resources.
W/ResourcesManager(29114): Asset path '/system/framework/multiwindow.jar' does not exist or contains no resources.
W/ResourcesManager(29114): Asset path '/system/framework/twframework.jar' does not exist or contains no resources.
W/ResourcesManager(29114): Asset path '/system/framework/secmediarecorder.jar' does not exist or contains no resources.
W/ResourcesManager(29114): Asset path '/system/framework/multiwindow.jar' does not exist or contains no resources.
W/ResourcesManager(29114): Asset path '/system/framework/com.google.android.maps.jar' does not exist or contains no resources.
W/ResourcesManager(29114): Asset path '/system/framework/minimode.jar' does not exist or contains no resources.
W/ResourcesManager(29114): Asset path '/system/framework/twframework.jar' does not exist or contains no resources.
W/ResourcesManager(29114): Asset path '/system/framework/allshare.jar' does not exist or contains no resources.
W/ResourcesManager(29114): Asset path '/system/framework/com.google.android.maps.jar' does not exist or contains no resources.
W/ResourcesManager(29114): Asset path '/system/framework/multiwindow.jar' does not exist or contains no resources.
W/ResourcesManager(29114): Asset path '/system/framework/smatlib.jar' does not exist or contains no resources.
W/ResourcesManager(29114): Asset path '/system/framework/secvisualeffect.jar' does not exist or contains no resources.
W/ResourcesManager(29114): Asset path '/system/framework/sechardware.jar' does not exist or contains no resources.
W/ResourcesManager(29114): Asset path '/system/framework/multiwindow.jar' does not exist or contains no resources.
W/ResourcesManager(29114): Asset path '/system/framework/twframework.jar' does not exist or contains no resources.
W/ResourcesManager(29114): Asset path '/system/framework/allshare.jar' does not exist or contains no resources.
W/ResourcesManager(29114): Asset path '/system/framework/secmediarecorder.jar' does not exist or contains no resources.
W/ResourcesManager(29114): Asset path '/system/framework/twframework.jar' does not exist or contains no resources.
I/ActivityManager(  909): Killing 28994:com.sec.spp.push:RemoteNotiProcess/u0a41 (adj 11): BG,  11128K, hotnessAdj=0, XmlFlag=false, oom_adj=11
I/ActivityManager_SDHA(  909): F:071M, C:197M, ProcCnt:061, avgU:-----K, mgn:113M, nF:48764K, fd:11128K, thd:180M, wm:05M, c:00, e:08, lmkIdx:15, emS:00, rsmd:T_, lstCrt:galaxyfinder, TOP:co.giftmegift_me, ear:0, car:0
W/libprocessgroup(  909): failed to open /acct/uid_10041/pid_28994/cgroup.procs: No such file or directory
E/ActivityManager(  909): checkUser: useridlist=null, currentuser=0
E/ActivityManager(  909): checkUser: useridlist=null, currentuser=0
E/ActivityManager(  909): checkUser: useridlist=null, currentuser=0
E/ActivityManager(  909): checkUser: useridlist=null, currentuser=0
I/libpersona(29167): KNOX_SDCARD checking this for 10059
I/libpersona(29167): KNOX_SDCARD not a persona
I/ActivityManager(  909): Start proc com.sec.android.app.soundalive for broadcast com.sec.android.app.soundalive/.compatibility.Compatibility$Receiver: pid=29167 uid=10059 gids={50059, 9997, 3003, 3002} abi=armeabi-v7a
I/ActivityManager(  909): Killing 29023:com.EAGINsoftware.dejaloYa/u0a203 (adj 11): BG,  17742K, hotnessAdj=0, XmlFlag=false, oom_adj=11
I/ActivityManager_SDHA(  909): F:076M, C:198M, ProcCnt:060, avgU:-----K, mgn:113M, nF:44456K, fd:17742K, thd:180M, wm:05M, c:00, e:08, lmkIdx:15, emS:00, rsmd:T_, lstCrt:galaxyfinder, TOP:co.giftmegift_me, ear:0, car:0
W/libprocessgroup(  909): failed to open /acct/uid_10203/pid_29023/cgroup.procs: No such file or directory
W/ResourcesManager(29167): Asset path '/system/framework/multiwindow.jar' does not exist or contains no resources.
E/ActivityManager(  909): checkUser: useridlist=null, currentuser=0
E/ActivityManager(  909): checkUser: useridlist=null, currentuser=0
E/ActivityManager(  909): checkUser: useridlist=null, currentuser=0
E/ActivityManager(  909): checkUser: useridlist=null, currentuser=0
I/libpersona(29183): KNOX_SDCARD checking this for 10046
I/libpersona(29183): KNOX_SDCARD not a persona
I/ActivityManager(  909): Start proc com.osp.app.signin for broadcast com.osp.app.signin/com.osp.app.pushmarketing.PushMarketingReceiver: pid=29183 uid=10046 gids={50046, 9997, 3003, 1028, 1015} abi=armeabi-v7a
I/ActivityManager(  909): Killing 29058:net.eagin.software.android.dejaloYa/u0a314 (adj 11): BG,  15289K, hotnessAdj=0, XmlFlag=false, oom_adj=11
I/ActivityManager_SDHA(  909): F:083M, C:200M, ProcCnt:061, avgU:-----K, mgn:113M, nF:36376K, fd:15289K, thd:180M, wm:05M, c:00, e:08, lmkIdx:15, emS:00, rsmd:T_, lstCrt:osp.signin, TOP:co.giftmegift_me, ear:0, car:0
W/libprocessgroup(  909): failed to open /acct/uid_10314/pid_29058/cgroup.procs: No such file or directory
E/ActivityManager(  909): checkUser: useridlist=null, currentuser=0
E/ActivityManager(  909): checkUser: useridlist=null, currentuser=0
E/ActivityManager(  909): checkUser: useridlist=null, currentuser=0
E/ActivityManager(  909): checkUser: useridlist=null, currentuser=0
I/libpersona(29202): KNOX_SDCARD checking this for 1000
I/libpersona(29202): KNOX_SDCARD not a persona
I/ActivityManager(  909): Start proc com.sec.pcw.device for broadcast com.sec.pcw.device/.receiver.SYSTEMReceiver: pid=29202 uid=1000 gids={41000, 9997, 3003, 1007, 1028, 1015, 1023, 2001, 1024, 3001, 3002, 1001} abi=armeabi-v7a
I/ActivityManager(  909): Killing 29114:com.samsung.android.app.galaxyfinder/u0a38 (adj 11): BG,  14324K, hotnessAdj=0, XmlFlag=false, oom_adj=11
I/ActivityManager_SDHA(  909): F:088M, C:206M, ProcCnt:060, avgU:-----K, mgn:113M, nF:31252K, fd:14324K, thd:180M, wm:05M, c:00, e:08, lmkIdx:15, emS:00, rsmd:T_, lstCrt:osp.signin, TOP:co.giftmegift_me, ear:0, car:0
W/libprocessgroup(  909): failed to open /acct/uid_10038/pid_29114/cgroup.procs: No such file or directory
E/ActivityManager(  909): checkUser: useridlist=null, currentuser=0
E/ActivityManager(  909): checkUser: useridlist=null, currentuser=0
E/ActivityManager(  909): checkUser: useridlist=null, currentuser=0
E/ActivityManager(  909): checkUser: useridlist=null, currentuser=0
I/libpersona(29220): KNOX_SDCARD checking this for 10147
I/libpersona(29220): KNOX_SDCARD not a persona
I/ActivityManager(  909): Start proc com.samsung.android.sconnect for broadcast com.samsung.android.sconnect/.periph.PeriphStartReceiver: pid=29220 uid=10147 gids={50147, 9997, 3002, 3001, 1028, 1015, 3003} abi=armeabi-v7a
W/ResourcesManager(29220): Asset path '/system/framework/com.google.android.maps.jar' does not exist or contains no resources.
W/ResourcesManager(29220): Asset path '/system/framework/allshare.jar' does not exist or contains no resources.
W/ResourcesManager(29220): Asset path '/system/framework/com.broadcom.bt.jar' does not exist or contains no resources.
I/ActivityManager(  909): Killing 29167:com.sec.android.app.soundalive/u0a59 (adj 11): BG,  2620K, hotnessAdj=3, XmlFlag=false, oom_adj=11
I/ActivityManager(  909): Killing 28702:com.google.android.apps.docs/u0a99 (adj 15): BG,  22348K, hotnessAdj=4, XmlFlag=false, oom_adj=15
I/ActivityManager_SDHA(  909): F:080M, C:217M, ProcCnt:061, avgU:-----K, mgn:113M, nF:39520K, fd:24968K, thd:180M, wm:05M, c:00, e:09, lmkIdx:15, emS:00, rsmd:T_, lstCrt:sconnect, TOP:co.giftmegift_me, ear:0, car:0
E/ActivityManager(  909): checkUser: useridlist=null, currentuser=0
E/ActivityManager(  909): checkUser: useridlist=null, currentuser=0
E/ActivityManager(  909): checkUser: useridlist=null, currentuser=0
E/ActivityManager(  909): checkUser: useridlist=null, currentuser=0
I/libpersona(29235): KNOX_SDCARD checking this for 1000
I/libpersona(29235): KNOX_SDCARD not a persona
I/ActivityManager(  909): Start proc com.samsung.android.app.assistantmenu for broadcast com.samsung.android.app.assistantmenu/.AssistantMenuReceiver: pid=29235 uid=1000 gids={41000, 9997, 3003, 1007, 1028, 1015, 1023, 2001, 1024, 3001, 3002, 1001} abi=armeabi-v7a
W/libprocessgroup(  909): failed to open /acct/uid_10059/pid_29167/cgroup.procs: No such file or directory
W/libprocessgroup(  909): failed to open /acct/uid_10099/pid_28702/cgroup.procs: No such file or directory
W/ContextImpl(29235): Calling a method in the system process without a qualified user: android.app.ContextImpl.startService:1994 android.content.ContextWrapper.startService:533 android.content.ContextWrapper.startService:533 com.samsung.android.app.assistantmenu.AssistantMenuReceiver.onReceive:174 android.app.ActivityThread.handleReceiver:2947 
E/ActivityManager(  909): checkUser: useridlist=null, currentuser=0
E/ActivityManager(  909): checkUser: useridlist=null, currentuser=0
E/ActivityManager(  909): checkUser: useridlist=null, currentuser=0
E/ActivityManager(  909): checkUser: useridlist=null, currentuser=0
I/libpersona(29251): KNOX_SDCARD checking this for 10089
I/libpersona(29251): KNOX_SDCARD not a persona
I/ActivityManager(  909): Start proc com.sec.chaton for broadcast com.sec.chaton/.plugin.PlugInMonitor: pid=29251 uid=10089 gids={50089, 9997, 3003, 1028, 1015} abi=armeabi
W/ResourcesManager(29251): Asset path '/system/framework/com.google.android.maps.jar' does not exist or contains no resources.
D/SSRM:m  (  909): SIOP:: AP = 440, PST = 379, CUR = 450
D/ConnectivityService(  909): returning getNetworkInfo(networkType - 1) :[type: WIFI[] - WIFI, state: CONNECTED/CONNECTED, reason: (unspecified), extra: "UPC624261", roaming: false, failover: false, isAvailable: true, isConnectedToProvisioningNetwork: false]
D/ConnectivityService(  909): returning getNetworkInfo(networkType - 0) :[type: MOBILE[] - MOBILE, state: DISCONNECTED/DISCONNECTED, reason: (unspecified), extra: (none), roaming: false, failover: false, isAvailable: true, isConnectedToProvisioningNetwork: false]
W/ActivityManager(  909): Unable to start service Intent { act=com.sec.chaton.push.PUSH_CLIENT_SERVICE_ACTION } U=0: not found
I/ActivityManager(  909): START u0 {cmp=co.giftmeapp.gift_me/com.paypal.android.sdk.payments.PaymentActivity (has extras)} from uid 10357 on display 0
D/CustomFrequencyManagerService(  909): acquireDVFSLockLocked : type : DVFS_MIN_LIMIT  frequency : 1958400  uid : 1000  pid : 909  pkgName : ACTIVITY_RESUME_BOOSTER@6
W/ActivityManager(  909): mDVFSHelper.acquire()
W/ContextImpl(  909): Calling a method in the system process without a qualified user: android.app.ContextImpl.sendBroadcast:1629 com.android.server.InputMethodManagerService$6.run:2728 java.lang.Thread.run:818 <bottom of call stack> <bottom of call stack> 
W/ContextImpl(  909): Calling a method in the system process without a qualified user: android.app.ContextImpl.sendBroadcast:1629 com.android.server.InputMethodManagerService$6.run:2728 java.lang.Thread.run:818 <bottom of call stack> <bottom of call stack> 
I/ActivityManager(  909): Killing 29202:com.sec.pcw.device/1000 (adj 11): BG,  8400K, hotnessAdj=0, XmlFlag=false, oom_adj=11
I/ActivityManager_SDHA(  909): F:087M, C:210M, ProcCnt:061, avgU:-----K, mgn:113M, nF:32736K, fd:08400K, thd:180M, wm:05M, c:00, e:08, lmkIdx:15, emS:00, rsmd:T_, lstCrt:chaton, TOP:co.giftmegift_me, ear:0, car:0
W/libprocessgroup(  909): failed to open /acct/uid_1000/pid_29202/cgroup.procs: No such file or directory
E/ActivityManager(  909): checkUser: useridlist=null, currentuser=0
E/ActivityManager(  909): checkUser: useridlist=null, currentuser=0
E/ActivityManager(  909): checkUser: useridlist=null, currentuser=0
E/ActivityManager(  909): checkUser: useridlist=null, currentuser=0
I/libpersona(29290): KNOX_SDCARD checking this for 10124
I/libpersona(29290): KNOX_SDCARD not a persona
I/ActivityManager(  909): Start proc com.google.android.apps.magazines for broadcast com.google.android.apps.magazines/com.google.apps.dots.android.app.receiver.FirstInstallNotificationReceiver: pid=29290 uid=10124 gids={50124, 9997, 3003, 1028, 1015} abi=armeabi-v7a
I/ActivityManager(  909): Killing 29220:com.samsung.android.sconnect/u0a147 (adj 11): BG,  11016K, hotnessAdj=0, XmlFlag=false, oom_adj=11
I/ActivityManager_SDHA(  909): F:090M, C:209M, ProcCnt:060, avgU:-----K, mgn:113M, nF:30080K, fd:11016K, thd:180M, wm:05M, c:00, e:08, lmkIdx:15, emS:00, rsmd:T_, lstCrt:chaton, TOP:co.giftmegift_me, ear:0, car:0
W/libprocessgroup(  909): failed to open /acct/uid_10147/pid_29220/cgroup.procs: No such file or directory
I/ActivityManager(  909): Waited long enough for: ServiceRecord{1577f4b0 u0 com.dropbox.android/.notifications.SystemTrayNotificationService}
D/StatusBarManagerService(  909): manageDisableList userId=0 what=0x0 pkg=WindowManager.LayoutParams
D/ConnectivityService(  909): returning getActiveNetworkInfo :[type: WIFI[] - WIFI, state: CONNECTED/CONNECTED, reason: (unspecified), extra: "UPC624261", roaming: false, failover: false, isAvailable: true, isConnectedToProvisioningNetwork: false]
W/ContextImpl(  909): Calling a method in the system process without a qualified user: android.app.ContextImpl.sendBroadcast:1629 com.android.server.InputMethodManagerService$6.run:2728 java.lang.Thread.run:818 <bottom of call stack> <bottom of call stack> 
I/ActivityManager(  909): START u0 {cmp=co.giftmeapp.gift_me/com.paypal.android.sdk.payments.PaymentMethodActivity (has extras)} from uid 10357 on display 0
D/CustomFrequencyManagerService(  909): releaseDVFSLockLocked : Getting Lock type frm List : DVFS_MIN_LIMIT  frequency : 1958400  uid : 1000  pid : 909  tag : ACTIVITY_RESUME_BOOSTER@6
D/CustomFrequencyManagerService(  909): acquireDVFSLockLocked : type : DVFS_MIN_LIMIT  frequency : 1958400  uid : 1000  pid : 909  pkgName : ACTIVITY_RESUME_BOOSTER@6
W/ActivityManager(  909): mDVFSHelper.acquire()
D/StatusBarManagerService(  909): manageDisableList userId=0 what=0x0 pkg=WindowManager.LayoutParams
W/ContextImpl(  909): Calling a method in the system process without a qualified user: android.app.ContextImpl.sendBroadcast:1629 com.android.server.InputMethodManagerService$6.run:2728 java.lang.Thread.run:818 <bottom of call stack> <bottom of call stack> 
D/CustomFrequencyManagerService(  909): releaseDVFSLockLocked : Getting Lock type frm List : DVFS_MIN_LIMIT  frequency : 1958400  uid : 1000  pid : 909  tag : ACTIVITY_RESUME_BOOSTER@6
W/ActivityManager(  909): mDVFSHelper.release()
D/CustomFrequencyManagerService(  909): acquireDVFSLockLocked : type : DVFS_MIN_LIMIT  frequency : 1958400  uid : 1000  pid : 909  pkgName : ACTIVITY_RESUME_BOOSTER@10
I/ActivityManager(  909): Process com.google.android.apps.plus (pid 28780)(adj 15) has died(70,172)
E/ActivityManager(  909): checkUser: useridlist=null, currentuser=0
E/ActivityManager(  909): checkUser: useridlist=null, currentuser=0
E/ActivityManager(  909): checkUser: useridlist=null, currentuser=0
E/ActivityManager(  909): checkUser: useridlist=null, currentuser=0
I/libpersona(29403): KNOX_SDCARD checking this for 10043
I/libpersona(29403): KNOX_SDCARD not a persona
I/ActivityManager(  909): Start proc com.sec.android.app.samsungapps for broadcast com.sec.android.app.samsungapps/.MyPackageReplacedReceiver: pid=29403 uid=10043 gids={50043, 9997, 1028, 1015, 3003} abi=armeabi-v7a
I/ActivityManager(  909): Process com.android.defcontainer (pid 28293)(adj 15) has died(73,170)
D/CustomFrequencyManagerService(  909): releaseDVFSLockLocked : Getting Lock type frm List : DVFS_MIN_LIMIT  frequency : 1958400  uid : 1000  pid : 909  tag : ACTIVITY_RESUME_BOOSTER@10
D/ConnectivityService(  909): returning getActiveNetworkInfo :[type: WIFI[] - WIFI, state: CONNECTED/CONNECTED, reason: (unspecified), extra: "UPC624261", roaming: false, failover: false, isAvailable: true, isConnectedToProvisioningNetwork: false]
E/ActivityManager(  909): checkUser: useridlist=null, currentuser=0
E/ActivityManager(  909): checkUser: useridlist=null, currentuser=0
E/ActivityManager(  909): checkUser: useridlist=null, currentuser=0
E/ActivityManager(  909): checkUser: useridlist=null, currentuser=0
I/libpersona(29428): KNOX_SDCARD checking this for 10225
I/libpersona(29428): KNOX_SDCARD not a persona
I/ActivityManager(  909): Start proc com.tripit for broadcast com.tripit/.activity.UpgradeReceiver: pid=29428 uid=10225 gids={50225, 9997, 3003, 3002, 3001, 1028, 1015} abi=armeabi-v7a
V/AlarmManager(  909): waitForAlarm result :4
D/ConnectivityService(  909): returning getNetworkInfo(networkType - 0) :[type: MOBILE[] - MOBILE, state: DISCONNECTED/DISCONNECTED, reason: (unspecified), extra: (none), roaming: false, failover: false, isAvailable: true, isConnectedToProvisioningNetwork: false]
W/BackupManagerService(  909): dataChanged but no participant pkg='com.tripit' uid=10225
W/BackupManagerService(  909): dataChanged but no participant pkg='com.tripit' uid=10225
E/ActivityManager(  909): checkUser: useridlist=null, currentuser=0
E/ActivityManager(  909): checkUser: useridlist=null, currentuser=0
E/ActivityManager(  909): checkUser: useridlist=null, currentuser=0
E/ActivityManager(  909): checkUser: useridlist=null, currentuser=0
I/libpersona(29467): KNOX_SDCARD checking this for 10259
I/libpersona(29467): KNOX_SDCARD not a persona
I/ActivityManager(  909): Start proc com.anddoes.launcher for broadcast com.anddoes.launcher/com.android.launcher2.PackageChangedReceiver: pid=29467 uid=10259 gids={50259, 9997, 3003, 1028, 1015, 3001} abi=armeabi-v7a
I/ActivityManager(  909): Killing 29235:com.samsung.android.app.assistantmenu/1000 (adj 13): BG,  9604K, hotnessAdj=0, XmlFlag=false, oom_adj=13
I/ActivityManager_SDHA(  909): F:056M, C:214M, ProcCnt:060, avgU:-----K, mgn:113M, nF:64928K, fd:09604K, thd:180M, wm:05M, c:00, e:08, lmkIdx:15, emS:00, rsmd:T_, lstCrt:tripit, TOP:co.giftmegift_me, ear:0, car:0
W/libprocessgroup(  909): failed to open /acct/uid_1000/pid_29235/cgroup.procs: No such file or directory
E/ActivityManager(  909): checkUser: useridlist=null, currentuser=0
E/ActivityManager(  909): checkUser: useridlist=null, currentuser=0
E/ActivityManager(  909): checkUser: useridlist=null, currentuser=0
E/ActivityManager(  909): checkUser: useridlist=null, currentuser=0
I/libpersona(29488): KNOX_SDCARD checking this for 10252
I/libpersona(29488): KNOX_SDCARD not a persona
I/ActivityManager(  909): Start proc com.instagram.android for broadcast com.instagram.android/com.instagram.selfupdate.SelfUpdateUpgradeEventReceiver: pid=29488 uid=10252 gids={50252, 9997, 3003, 1028, 1015} abi=armeabi-v7a
I/ActivityManager(  909): Killing 29403:com.sec.android.app.samsungapps/u0a43 (adj 11): BG,  15976K, hotnessAdj=0, XmlFlag=false, oom_adj=11
I/ActivityManager_SDHA(  909): F:061M, C:213M, ProcCnt:060, avgU:-----K, mgn:113M, nF:59416K, fd:15976K, thd:180M, wm:05M, c:00, e:08, lmkIdx:15, emS:00, rsmd:T_, lstCrt:anddoes.launcher, TOP:co.giftmegift_me, ear:0, car:0
W/ResourcesManager(29488): Asset path '/system/framework/com.google.android.maps.jar' does not exist or contains no resources.
W/libprocessgroup(  909): failed to open /acct/uid_10043/pid_29403/cgroup.procs: No such file or directory
D/ConnectivityService(  909): returning getActiveNetworkInfo :[type: WIFI[] - WIFI, state: CONNECTED/CONNECTED, reason: (unspecified), extra: "UPC624261", roaming: false, failover: false, isAvailable: true, isConnectedToProvisioningNetwork: false]
E/ActivityManager(  909): checkUser: useridlist=null, currentuser=0
E/ActivityManager(  909): checkUser: useridlist=null, currentuser=0
E/ActivityManager(  909): checkUser: useridlist=null, currentuser=0
E/ActivityManager(  909): checkUser: useridlist=null, currentuser=0
D/ConnectivityService(  909): returning getActiveNetworkInfo :[type: WIFI[] - WIFI, state: CONNECTED/CONNECTED, reason: (unspecified), extra: "UPC624261", roaming: false, failover: false, isAvailable: true, isConnectedToProvisioningNetwork: false]
I/libpersona(29533): KNOX_SDCARD checking this for 10257
I/libpersona(29533): KNOX_SDCARD not a persona
I/ActivityManager(  909): Start proc ie.donedeal.android for broadcast ie.donedeal.android/.receivers.AppUpdatedBroadcastReceiver: pid=29533 uid=10257 gids={50257, 9997, 3003, 1028, 1015} abi=armeabi-v7a
I/ActivityManager(  909): Killing 29251:com.sec.chaton/u0a89 (adj 13): BG,  14040K, hotnessAdj=3, XmlFlag=false, oom_adj=13
I/ActivityManager_SDHA(  909): F:069M, C:214M, ProcCnt:061, avgU:-----K, mgn:113M, nF:50996K, fd:14040K, thd:180M, wm:05M, c:00, e:08, lmkIdx:15, emS:00, rsmd:T_, lstCrt:ie.donedeal.android, TOP:co.giftmegift_me, ear:0, car:0
W/libprocessgroup(  909): failed to open /acct/uid_10089/pid_29251/cgroup.procs: No such file or directory
E/ActivityManager(  909): checkUser: useridlist=null, currentuser=0
E/ActivityManager(  909): checkUser: useridlist=null, currentuser=0
E/ActivityManager(  909): checkUser: useridlist=null, currentuser=0
E/ActivityManager(  909): checkUser: useridlist=null, currentuser=0
I/libpersona(29562): KNOX_SDCARD checking this for 10041
I/libpersona(29562): KNOX_SDCARD not a persona
I/ActivityManager(  909): Start proc com.sec.spp.push:RemoteDlcProcess for broadcast com.sec.spp.push/.dlc.util.DlcRegiReceiver: pid=29562 uid=10041 gids={50041, 9997, 3003, 1028, 1015} abi=armeabi-v7a
I/ActivityManager(  909): Killing 29467:com.anddoes.launcher/u0a259 (adj 11): BG,  7400K, hotnessAdj=0, XmlFlag=false, oom_adj=11
I/ActivityManager_SDHA(  909): F:073M, C:214M, ProcCnt:060, avgU:-----K, mgn:113M, nF:47400K, fd:07400K, thd:180M, wm:05M, c:00, e:08, lmkIdx:15, emS:00, rsmd:T_, lstCrt:ie.donedeal.android, TOP:co.giftmegift_me, ear:0, car:0
W/libprocessgroup(  909): failed to open /acct/uid_10259/pid_29467/cgroup.procs: No such file or directory
D/SystemGestures(  909): detectEasyOneHandGesture() isRunning=false, mStartFromLeft=true, MoveDistanceX=3, MoveDistanceY=3, mFirstDownX=151, mFirstDownY=482, upX=151, upY=479, width=216, mMaxX=154, mMinX=151, upX-DownX=0, upY-DownY=3
I/ActivityManager(  909): START u0 {cmp=co.giftmeapp.gift_me/com.paypal.android.sdk.payments.PaymentConfirmActivity (has extras)} from uid 10357 on display 0
D/CustomFrequencyManagerService(  909): acquireDVFSLockLocked : type : DVFS_MIN_LIMIT  frequency : 1958400  uid : 1000  pid : 909  pkgName : ACTIVITY_RESUME_BOOSTER@6
W/ActivityManager(  909): mDVFSHelper.acquire()
I/ActivityManager(  909): Killing 29488:com.instagram.android/u0a252 (adj 11): BG,  23804K, hotnessAdj=2, XmlFlag=false, oom_adj=11
I/ActivityManager_SDHA(  909): F:072M, C:219M, ProcCnt:060, avgU:-----K, mgn:113M, nF:48396K, fd:23804K, thd:180M, wm:05M, c:00, e:08, lmkIdx:15, emS:00, rsmd:T_, lstCrt:spp.push:RemoteDlcProcess, TOP:co.giftmegift_me, ear:0, car:0
W/libprocessgroup(  909): failed to open /acct/uid_10252/pid_29488/cgroup.procs: No such file or directory
D/StatusBarManagerService(  909): manageDisableList userId=0 what=0x0 pkg=WindowManager.LayoutParams
I/ActivityManager(  909): START u0 {cmp=co.giftmeapp.gift_me/com.paypal.android.sdk.payments.LoginActivity (has extras)} from uid 10357 on display 0
D/CustomFrequencyManagerService(  909): releaseDVFSLockLocked : Getting Lock type frm List : DVFS_MIN_LIMIT  frequency : 1958400  uid : 1000  pid : 909  tag : ACTIVITY_RESUME_BOOSTER@6
D/CustomFrequencyManagerService(  909): acquireDVFSLockLocked : type : DVFS_MIN_LIMIT  frequency : 1958400  uid : 1000  pid : 909  pkgName : ACTIVITY_RESUME_BOOSTER@6
W/ActivityManager(  909): mDVFSHelper.acquire()
E/ActivityManager(  909): checkUser: useridlist=null, currentuser=0
E/ActivityManager(  909): checkUser: useridlist=null, currentuser=0
E/ActivityManager(  909): checkUser: useridlist=null, currentuser=0
E/ActivityManager(  909): checkUser: useridlist=null, currentuser=0
I/libpersona(29596): KNOX_SDCARD checking this for 10022
I/libpersona(29596): KNOX_SDCARD not a persona
I/ActivityManager(  909): Start proc com.android.contacts for broadcast com.android.contacts/com.samsung.contacts.sim.ContactBroadCastReceiver: pid=29596 uid=10022 gids={50022, 9997, 3003, 1028, 1015, 3002, 1023} abi=armeabi-v7a
W/InputMethodManagerService(  909): Focus gain on non-focused client com.android.internal.view.IInputMethodClient$Stub$Proxy@1913cbd5 (uid=10357 pid=27238)
W/InputMethodManagerService(  909): calledFromValidUser : true, (mCurFocusedWindow == windowToken) : false, (attribute != null) : true
W/InputMethodManagerService(  909): (mCurClient != cs) : false, mCurFocusedWindow : android.os.BinderProxy@320229a0, windowToken : android.os.BinderProxy@3e4c5ef4
W/ResourcesManager(29596): Asset path '/system/framework/smatlib.jar' does not exist or contains no resources.
W/ResourcesManager(29596): Asset path '/system/framework/twframework.jar' does not exist or contains no resources.
W/ResourcesManager(29596): Asset path '/system/framework/imsmanager.jar' does not exist or contains no resources.
D/StatusBarManagerService(  909): manageDisableList userId=0 what=0x0 pkg=WindowManager.LayoutParams
V/VibratorService(  909): hasVibrator - useVibetonz: true
E/ActivityThread(29596): Failed to find provider info for com.samsung.android.coreapps.easysignup.public
E/ActivityManager(  909): checkUser: useridlist=null, currentuser=0
E/ActivityManager(  909): checkUser: useridlist=null, currentuser=0
E/ActivityManager(  909): checkUser: useridlist=null, currentuser=0
E/ActivityManager(  909): checkUser: useridlist=null, currentuser=0
I/libpersona(29623): KNOX_SDCARD checking this for 10203
I/libpersona(29623): KNOX_SDCARD not a persona
I/ActivityManager(  909): Start proc com.EAGINsoftware.dejaloYa for broadcast com.EAGINsoftware.dejaloYa/.receivers.StartServiceReciever: pid=29623 uid=10203 gids={50203, 9997, 3003, 1028, 1015} abi=armeabi-v7a
D/CustomFrequencyManagerService(  909): releaseDVFSLockLocked : Getting Lock type frm List : DVFS_MIN_LIMIT  frequency : 1958400  uid : 1000  pid : 909  tag : ACTIVITY_RESUME_BOOSTER@6
W/ActivityManager(  909): mDVFSHelper.release()
D/CustomFrequencyManagerService(  909): acquireDVFSLockLocked : type : DVFS_MIN_LIMIT  frequency : 1958400  uid : 1000  pid : 909  pkgName : ACTIVITY_RESUME_BOOSTER@10
I/MultiPhoneWindowManager(  909): Changed -> mCurrentInputMethodTarget : Window{1fd25051 u0 co.giftmeapp.gift_me/com.paypal.android.sdk.payments.LoginActivity}
D/CustomFrequencyManagerService(  909): acquireDVFSLockLocked : type : DVFS_MIN_LIMIT  frequency : 1958400  uid : 1000  pid : 909  pkgName : com.sec.android.inputmethod@89
D/CustomFrequencyManagerService(  909): releaseDVFSLockLocked : Getting Lock type frm List : DVFS_MIN_LIMIT  frequency : 1958400  uid : 1000  pid : 909  tag : ACTIVITY_RESUME_BOOSTER@10
D/CustomFrequencyManagerService(  909): FrequencyrequestList.getNextMaxCPUCoreRequest, index: 0
E/ActivityManager(  909): checkUser: useridlist=null, currentuser=0
E/ActivityManager(  909): checkUser: useridlist=null, currentuser=0
E/ActivityManager(  909): checkUser: useridlist=null, currentuser=0
E/ActivityManager(  909): checkUser: useridlist=null, currentuser=0
I/libpersona(29653): KNOX_SDCARD checking this for 10314
I/libpersona(29653): KNOX_SDCARD not a persona
I/ActivityManager(  909): Start proc net.eagin.software.android.dejaloYa for broadcast net.eagin.software.android.dejaloYa/com.EAGINsoftware.dejaloYa.receivers.StartServiceReciever: pid=29653 uid=10314 gids={50314, 9997, 3003, 1028, 1015} abi=armeabi-v7a
D/MotionRecognitionService(  909):  ssp status : true
W/ContextImpl(25172): Calling a method in the system process without a qualified user: android.app.ContextImpl.sendBroadcast:1629 android.content.ContextWrapper.sendBroadcast:391 android.inputmethodservice.InputMethodService.sendInputViewShownState:417 android.inputmethodservice.InputMethodService.showWindow:1921 android.inputmethodservice.InputMethodService$InputMethodImpl.showSoftInput:617 
D/SSRM:a  (  909): DeviceInfo:: 000000000000
D/SSRM:a  (  909): SettingsAirViewInfo:: 000010000
W/ContextImpl(25172): Calling a method in the system process without a qualified user: android.app.ContextImpl.sendBroadcast:1629 android.content.ContextWrapper.sendBroadcast:391 com.diotek.ime.framework.common.InputManagerImpl.sendBroadcaseSIPShownByThread:8909 com.diotek.ime.framework.common.InputManagerImpl.access$6600:199 com.diotek.ime.framework.common.InputManagerImpl$31.run:8900 
W/ContextImpl(25172): Calling a method in the system process without a qualified user: android.app.ContextImpl.sendBroadcast:1629 android.content.ContextWrapper.sendBroadcast:391 com.diotek.ime.framework.common.InputManagerImpl.sendInputLanguageByThread:9101 com.diotek.ime.framework.common.InputManagerImpl.access$6700:199 com.diotek.ime.framework.common.InputManagerImpl$32.run:9063 
W/ContextImpl(25172): Calling a method in the system process without a qualified user: android.app.ContextImpl.sendBroadcast:1629 android.content.ContextWrapper.sendBroadcast:391 com.diotek.ime.framework.common.InputManagerImpl.sendInputLanguageByThread:9101 com.diotek.ime.framework.common.InputManagerImpl.access$6700:199 com.diotek.ime.framework.common.InputManagerImpl$32.run:9063 
I/ValidateNoPeople(  909): skipping global notification
D/PhoneStatusBar( 1204): tick(): knoxCustomManager = android.app.enterprise.knoxcustom.KnoxCustomManager@35d5fa01
D/CustomFrequencyManagerService(  909): releaseDVFSLockLocked : Getting Lock type frm List : DVFS_MIN_LIMIT  frequency : 1958400  uid : 1000  pid : 909  tag : com.sec.android.inputmethod@89
I/ActivityManager(  909): Killing 29533:ie.donedeal.android/u0a257 (adj 13): BG,  20092K, hotnessAdj=0, XmlFlag=false, oom_adj=13
I/ActivityManager_SDHA(  909): F:045M, C:196M, ProcCnt:062, avgU:-----K, mgn:113M, nF:75952K, fd:20092K, thd:180M, wm:05M, c:00, e:08, lmkIdx:15, emS:00, rsmd:T_, lstCrt:net.eagin.software.dejaloYa, TOP:co.giftmegift_me, ear:0, car:0
W/libprocessgroup(  909): failed to open /acct/uid_10257/pid_29533/cgroup.procs: No such file or directory
D/ConnectivityService(  909): returning getActiveNetworkInfo :[type: WIFI[] - WIFI, state: CONNECTED/CONNECTED, reason: (unspecified), extra: "UPC624261", roaming: false, failover: false, isAvailable: true, isConnectedToProvisioningNetwork: false]
E/ActivityManager(  909): checkUser: useridlist=null, currentuser=0
E/ActivityManager(  909): checkUser: useridlist=null, currentuser=0
E/ActivityManager(  909): checkUser: useridlist=null, currentuser=0
E/ActivityManager(  909): checkUser: useridlist=null, currentuser=0
I/libpersona(29704): KNOX_SDCARD checking this for 10089
I/libpersona(29704): KNOX_SDCARD not a persona
I/ActivityManager(  909): Start proc com.sec.chaton for broadcast com.sec.chaton/com.sec.common.util.log.collector.LogCollectorReceiver: pid=29704 uid=10089 gids={50089, 9997, 3003, 1028, 1015} abi=armeabi
D/ConnectivityService(  909): returning getActiveNetworkInfo :[type: WIFI[] - WIFI, state: CONNECTED/CONNECTED, reason: (unspecified), extra: "UPC624261", roaming: false, failover: false, isAvailable: true, isConnectedToProvisioningNetwork: false]
W/ResourcesManager(29704): Asset path '/system/framework/com.google.android.maps.jar' does not exist or contains no resources.
D/ConnectivityService(  909): returning getActiveNetworkInfo :[type: WIFI[] - WIFI, state: CONNECTED/CONNECTED, reason: (unspecified), extra: "UPC624261", roaming: false, failover: false, isAvailable: true, isConnectedToProvisioningNetwork: false]
W/ResourcesManager(24142): Asset path '/system/framework/com.android.media.remotedisplay.jar' does not exist or contains no resources.
W/ResourcesManager(24142): Asset path '/system/framework/com.android.location.provider.jar' does not exist or contains no resources.
D/ConnectivityService(  909): returning getNetworkInfo(networkType - 1) :[type: WIFI[] - WIFI, state: CONNECTED/CONNECTED, reason: (unspecified), extra: "UPC624261", roaming: false, failover: false, isAvailable: true, isConnectedToProvisioningNetwork: false]
D/ConnectivityService(  909): returning getNetworkInfo(networkType - 0) :[type: MOBILE[] - MOBILE, state: DISCONNECTED/DISCONNECTED, reason: (unspecified), extra: (none), roaming: false, failover: false, isAvailable: true, isConnectedToProvisioningNetwork: false]
W/ActivityManager(  909): Unable to start service Intent { act=com.sec.chaton.push.PUSH_CLIENT_SERVICE_ACTION } U=0: not found
V/AlarmManager(  909): waitForAlarm result :4
I/ActivityManager(  909): Killing 29623:com.EAGINsoftware.dejaloYa/u0a203 (adj 11): BG,  17742K, hotnessAdj=0, XmlFlag=false, oom_adj=11
I/ActivityManager_SDHA(  909): F:058M, C:190M, ProcCnt:062, avgU:-----K, mgn:113M, nF:62868K, fd:17742K, thd:180M, wm:05M, c:00, e:08, lmkIdx:15, emS:00, rsmd:T_, lstCrt:chaton, TOP:co.giftmegift_me, ear:0, car:0
W/libprocessgroup(  909): failed to open /acct/uid_10203/pid_29623/cgroup.procs: No such file or directory
D/ConnectivityService(  909): returning getActiveNetworkInfo :[type: WIFI[] - WIFI, state: CONNECTED/CONNECTED, reason: (unspecified), extra: "UPC624261", roaming: false, failover: false, isAvailable: true, isConnectedToProvisioningNetwork: false]
D/ConnectivityService(  909): returning getActiveNetworkInfo :[type: WIFI[] - WIFI, state: CONNECTED/CONNECTED, reason: (unspecified), extra: "UPC624261", roaming: false, failover: false, isAvailable: true, isConnectedToProvisioningNetwork: false]
V/AlarmManager(  909): waitForAlarm result :4
V/AlarmManager(  909): waitForAlarm result :4
D/ConnectivityService(  909): returning getActiveNetworkInfo :[type: WIFI[] - WIFI, state: CONNECTED/CONNECTED, reason: (unspecified), extra: "UPC624261", roaming: false, failover: false, isAvailable: true, isConnectedToProvisioningNetwork: false]
D/ConnectivityService(  909): returning getActiveNetworkInfo :[type: WIFI[] - WIFI, state: CONNECTED/CONNECTED, reason: (unspecified), extra: "UPC624261", roaming: false, failover: false, isAvailable: true, isConnectedToProvisioningNetwork: false]
D/ConnectivityService(  909): returning getActiveNetworkInfo :[type: WIFI[] - WIFI, state: CONNECTED/CONNECTED, reason: (unspecified), extra: "UPC624261", roaming: false, failover: false, isAvailable: true, isConnectedToProvisioningNetwork: false]
D/ConnectivityService(  909): returning getActiveNetworkInfo :[type: WIFI[] - WIFI, state: CONNECTED/CONNECTED, reason: (unspecified), extra: "UPC624261", roaming: false, failover: false, isAvailable: true, isConnectedToProvisioningNetwork: false]
I/ActivityManager(  909): Waited long enough for: ServiceRecord{2d8031c6 u0 com.samsung.android.sdk.samsunglink/com.mfluent.asp.ContentAggregatorService}
D/ConnectivityService(  909): returning getActiveNetworkInfo :[type: WIFI[] - WIFI, state: CONNECTED/CONNECTED, reason: (unspecified), extra: "UPC624261", roaming: false, failover: false, isAvailable: true, isConnectedToProvisioningNetwork: false]
D/ConnectivityService(  909): returning getActiveNetworkInfo :[type: WIFI[] - WIFI, state: CONNECTED/CONNECTED, reason: (unspecified), extra: "UPC624261", roaming: false, failover: false, isAvailable: true, isConnectedToProvisioningNetwork: false]
D/ConnectivityService(  909): returning getActiveNetworkInfo :[type: WIFI[] - WIFI, state: CONNECTED/CONNECTED, reason: (unspecified), extra: "UPC624261", roaming: false, failover: false, isAvailable: true, isConnectedToProvisioningNetwork: false]
D/ConnectivityService(  909): returning getActiveNetworkInfo :[type: WIFI[] - WIFI, state: CONNECTED/CONNECTED, reason: (unspecified), extra: "UPC624261", roaming: false, failover: false, isAvailable: true, isConnectedToProvisioningNetwork: false]
D/SSRM:m  (  909): SIOP:: AP = 440, PST = 390, CUR = 450
V/AlarmManager(  909): waitForAlarm result :4
D/WifiService(  909): acquireWifiLockLocked: WifiLock{NlpWifiLock type=2 binder=android.os.BinderProxy@7676c35}
D/WifiService(  909): startScan by pid=25317, uid=10014
W/DropBoxManagerService(  909): Dropping: event_data (39 > 0 bytes)
I/ActivityManager(  909): Killing 29653:net.eagin.software.android.dejaloYa/u0a314 (adj 13): BG,  15681K, hotnessAdj=0, XmlFlag=false, oom_adj=13
I/ActivityManager_SDHA(  909): F:069M, C:191M, ProcCnt:061, avgU:-----K, mgn:113M, nF:51332K, fd:15681K, thd:180M, wm:05M, c:00, e:08, lmkIdx:15, emS:00, rsmd:T_, lstCrt:chaton, TOP:co.giftmegift_me, ear:0, car:0
W/libprocessgroup(  909): failed to open /acct/uid_10314/pid_29653/cgroup.procs: No such file or directory
D/SystemGestures(  909): detectEasyOneHandGesture() isRunning=false, mStartFromLeft=true, MoveDistanceX=3, MoveDistanceY=0, mFirstDownX=209, mFirstDownY=1094, upX=206, upY=1094, width=216, mMaxX=209, mMinX=206, upX-DownX=3, upY-DownY=0
D/SystemGestures(  909): detectEasyOneHandGesture() isRunning=false, mStartFromLeft=true, MoveDistanceX=2, MoveDistanceY=0, mFirstDownX=162, mFirstDownY=1083, upX=160, upY=1083, width=216, mMaxX=162, mMinX=160, upX-DownX=2, upY-DownY=0
I/CLocInfoService(  909): External Intent Received android.net.wifi.SCAN_RESULTS
I/CLocInfoCtrl(  909): isWifiMeasurementAvailable
I/CLocInfoCtrl(  909): Last Measure : 201504251546 New : 201504261304
I/CLocInfoCtrl(  909): available result : 1
I/PassiveLocTracker(  909): Location Changed
I/PassiveLocTracker(  909): Send Location
D/WifiService(  909): releaseWifiLockLocked: WifiLock{NlpWifiLock type=2 binder=android.os.BinderProxy@7676c35}
D/SystemGestures(  909): detectEasyOneHandGesture() isRunning=false, mStartFromLeft=true, MoveDistanceX=2, MoveDistanceY=8, mFirstDownX=102, mFirstDownY=679, upX=100, upY=671, width=216, mMaxX=102, mMinX=100, upX-DownX=2, upY-DownY=8
D/SystemGestures(  909): detectEasyOneHandGesture() isRunning=false, mStartFromLeft=true, MoveDistanceX=3, MoveDistanceY=3, mFirstDownX=121, mFirstDownY=612, upX=118, upY=609, width=216, mMaxX=121, mMinX=118, upX-DownX=3, upY-DownY=3
W/ContextImpl(25172): Calling a method in the system process without a qualified user: android.app.ContextImpl.sendBroadcast:1629 android.content.ContextWrapper.sendBroadcast:391 com.diotek.ime.framework.common.InputManagerImpl.sendInputLanguageByThread:9101 com.diotek.ime.framework.common.InputManagerImpl.access$6700:199 com.diotek.ime.framework.common.InputManagerImpl$32.run:9063 
W/ContextImpl(25172): Calling a method in the system process without a qualified user: android.app.ContextImpl.sendBroadcast:1629 android.content.ContextWrapper.sendBroadcast:391 com.diotek.ime.framework.common.InputManagerImpl.sendInputLanguageByThread:9101 com.diotek.ime.framework.common.InputManagerImpl.access$6700:199 com.diotek.ime.framework.common.InputManagerImpl$32.run:9063 
W/ContextImpl(25172): Calling a method in the system process without a qualified user: android.app.ContextImpl.sendBroadcast:1629 android.content.ContextWrapper.sendBroadcast:391 com.diotek.ime.framework.common.InputManagerImpl.sendBroadcaseSIPShownByThread:8909 com.diotek.ime.framework.common.InputManagerImpl.access$6600:199 com.diotek.ime.framework.common.InputManagerImpl$31.run:8900 
W/ContextImpl(25172): Calling a method in the system process without a qualified user: android.app.ContextImpl.sendBroadcast:1629 android.content.ContextWrapper.sendBroadcast:391 android.inputmethodservice.InputMethodService.sendInputViewShownState:417 android.inputmethodservice.InputMethodService.showWindow:1921 android.inputmethodservice.InputMethodService$InputMethodImpl.showSoftInput:617 
D/SSRM:a  (  909): DeviceInfo:: 000000000000
D/SSRM:a  (  909): SettingsAirViewInfo:: 000010000
I/ValidateNoPeople(  909): skipping global notification
W/ContextImpl(25172): Calling a method in the system process without a qualified user: android.app.ContextImpl.sendBroadcast:1629 android.content.ContextWrapper.sendBroadcast:391 android.inputmethodservice.InputMethodService.sendInputViewShownState:417 android.inputmethodservice.InputMethodService.showWindow:1921 android.inputmethodservice.InputMethodService$InputMethodImpl.showSoftInput:617 
D/SSRM:a  (  909): DeviceInfo:: 000000000000
D/SSRM:a  (  909): SettingsAirViewInfo:: 000010000
I/ValidateNoPeople(  909): skipping global notification
D/BatteryService(  909): level:95, scale:100, status:3, health:2, present:true, voltage: 4245, temperature: 303, technology: Li-ion, AC powered:false, USB powered:false, Wireless powered:false, icon:17303735, invalid charger:0
D/BatteryService(  909): online:1, current avg:450, charge type:0, power sharing:false, high voltage charger:false, capacity:280000
D/BatteryService(  909): Sending ACTION_BATTERY_CHANGED.
D/MotionRecognitionService(  909):   mReceiver.onReceive : ACTION_BATTERY_CHANGED
I/MotionRecognitionService(  909): Unplugged
D/STATUSBAR-PhoneStatusBar( 1204):  mBrightnessEnablebySettings = true mBrightnessEnablebyBattery = true mBrightnessEnablebyDisableFlag = true mPmsBrightnessEnablebySettings = true
D/BatteryMeterView( 1204): ACTION_BATTERY_CHANGED : level:95 status:3 health:2
D/BatteryMeterView( 1204): ACTION_BATTERY_CHANGED : level:95 status:3 health:2
D/BatteryMeterView( 1204): ACTION_BATTERY_CHANGED : level:95 status:3 health:2
D/SystemGestures(  909): detectEasyOneHandGesture() isRunning=false, mStartFromLeft=true, MoveDistanceX=0, MoveDistanceY=0, mFirstDownX=52, mFirstDownY=1240, upX=52, upY=1240, width=216, mMaxX=52, mMinX=52, upX-DownX=0, upY-DownY=0
D/SSRM:m  (  909): SIOP:: AP = 400, PST = 400, CUR = 450
D/SystemGestures(  909): detectEasyOneHandGesture() isRunning=false, mStartFromLeft=true, MoveDistanceX=0, MoveDistanceY=1, mFirstDownX=129, mFirstDownY=806, upX=129, upY=805, width=216, mMaxX=129, mMinX=129, upX-DownX=0, upY-DownY=1
I/MultiPhoneWindowManager(  909): Changed -> mCurrentInputMethodTarget : null
W/ContextImpl(  909): Calling a method in the system process without a qualified user: android.app.ContextImpl.sendBroadcast:1629 com.android.server.InputMethodManagerService$6.run:2728 java.lang.Thread.run:818 <bottom of call stack> <bottom of call stack> 
D/ConnectivityService(  909): returning getActiveNetworkInfo :[type: WIFI[] - WIFI, state: CONNECTED/CONNECTED, reason: (unspecified), extra: "UPC624261", roaming: false, failover: false, isAvailable: true, isConnectedToProvisioningNetwork: false]
W/ContextImpl(25172): Calling a method in the system process without a qualified user: android.app.ContextImpl.sendBroadcast:1629 android.content.ContextWrapper.sendBroadcast:391 com.diotek.ime.framework.common.InputManagerImpl.sendBroadcaseSIPShownByThread:8909 com.diotek.ime.framework.common.InputManagerImpl.access$6600:199 com.diotek.ime.framework.common.InputManagerImpl$31.run:8900 
W/ContextImpl(25172): Calling a method in the system process without a qualified user: android.app.ContextImpl.sendBroadcast:1629 android.content.ContextWrapper.sendBroadcast:391 android.inputmethodservice.InputMethodService.sendInputViewShownState:417 android.inputmethodservice.InputMethodService.showWindow:1921 android.inputmethodservice.InputMethodService$InputMethodImpl.showSoftInput:617 
D/SSRM:a  (  909): DeviceInfo:: 000000000000
D/SSRM:a  (  909): SettingsAirViewInfo:: 000010000
I/ValidateNoPeople(  909): skipping global notification
W/ContextImpl(25172): Calling a method in the system process without a qualified user: android.app.ContextImpl.sendBroadcast:1629 android.content.ContextWrapper.sendBroadcast:391 android.inputmethodservice.InputMethodService.sendInputViewShownState:417 android.inputmethodservice.InputMethodService.showWindow:1921 android.inputmethodservice.InputMethodService$InputMethodImpl.showSoftInput:617 
W/ContextImpl(25172): Calling a method in the system process without a qualified user: android.app.ContextImpl.sendBroadcast:1629 android.content.ContextWrapper.sendBroadcast:391 com.diotek.ime.framework.common.InputManagerImpl.sendBroadcaseSIPShownByThread:8909 com.diotek.ime.framework.common.InputManagerImpl.access$6600:199 com.diotek.ime.framework.common.InputManagerImpl$31.run:8900 
D/SSRM:a  (  909): DeviceInfo:: 000000000000
D/SSRM:a  (  909): SettingsAirViewInfo:: 000010000
I/ValidateNoPeople(  909): skipping global notification
D/LightsService(  909): [api] [SvcLED] turnOff:: id = 4 (uid: 1000 pid: 909) 
D/LightsService(  909): [SvcLED] setSvcLedStateLocked:: SvcLEDState : 0x0 -> 0x0 | SvcLED(id=4) set Off
D/LightsService(  909): [SvcLED] Lux failed to be updated in 700ms. -> handleForcedSvcLEDTasK
D/LightsService(  909): [SvcLED]  setSvcLedLightLocked :: Current SvcLED(id=4) maintains its priority right
W/ContextImpl(25172): Calling a method in the system process without a qualified user: android.app.ContextImpl.sendBroadcast:1629 android.content.ContextWrapper.sendBroadcast:391 android.inputmethodservice.InputMethodService.sendInputViewShownState:417 android.inputmethodservice.InputMethodService.hideWindow:2093 android.inputmethodservice.InputMethodService.doHideWindow:2071 
D/SSRM:a  (  909): DeviceInfo:: 000000000000
D/SSRM:a  (  909): SettingsAirViewInfo:: 000010000
W/InputMethodManagerService(  909): Window already focused, ignoring focus gain of: com.android.internal.view.IInputMethodClient$Stub$Proxy@19ab987a attribute=null, token = android.os.BinderProxy@32b4b178
W/InputMethodManagerService(  909): Window already focused, ignoring focus gain of: com.android.internal.view.IInputMethodClient$Stub$Proxy@62b0488 attribute=null, token = android.os.BinderProxy@32b4b178
E/Watchdog(  909): !@Sync 3548
I/MultiPhoneWindowManager(  909): Changed -> mCurrentInputMethodTarget : Window{1fd25051 u0 co.giftmeapp.gift_me/com.paypal.android.sdk.payments.LoginActivity}
D/CustomFrequencyManagerService(  909): acquireDVFSLockLocked : type : DVFS_MIN_LIMIT  frequency : 1958400  uid : 1000  pid : 909  pkgName : com.sec.android.inputmethod@91
W/ContextImpl(25172): Calling a method in the system process without a qualified user: android.app.ContextImpl.sendBroadcast:1629 android.content.ContextWrapper.sendBroadcast:391 com.diotek.ime.framework.common.InputManagerImpl.sendInputLanguageByThread:9101 com.diotek.ime.framework.common.InputManagerImpl.access$6700:199 com.diotek.ime.framework.common.InputManagerImpl$32.run:9063 
W/ContextImpl(25172): Calling a method in the system process without a qualified user: android.app.ContextImpl.sendBroadcast:1629 android.content.ContextWrapper.sendBroadcast:391 com.diotek.ime.framework.common.InputManagerImpl.sendInputLanguageByThread:9101 com.diotek.ime.framework.common.InputManagerImpl.access$6700:199 com.diotek.ime.framework.common.InputManagerImpl$32.run:9063 
W/ContextImpl(25172): Calling a method in the system process without a qualified user: android.app.ContextImpl.sendBroadcast:1629 android.content.ContextWrapper.sendBroadcast:391 com.diotek.ime.framework.common.InputManagerImpl.sendBroadcaseSIPShownByThread:8909 com.diotek.ime.framework.common.InputManagerImpl.access$6600:199 com.diotek.ime.framework.common.InputManagerImpl$31.run:8900 
W/ContextImpl(25172): Calling a method in the system process without a qualified user: android.app.ContextImpl.sendBroadcast:1629 android.content.ContextWrapper.sendBroadcast:391 android.inputmethodservice.InputMethodService.sendInputViewShownState:417 android.inputmethodservice.InputMethodService.showWindow:1921 android.inputmethodservice.InputMethodService$InputMethodImpl.showSoftInput:617 
D/SSRM:a  (  909): DeviceInfo:: 000000000000
D/SSRM:a  (  909): SettingsAirViewInfo:: 000010000
I/ValidateNoPeople(  909): skipping global notification
D/PhoneStatusBar( 1204): tick(): knoxCustomManager = android.app.enterprise.knoxcustom.KnoxCustomManager@35d5fa01
D/CustomFrequencyManagerService(  909): releaseDVFSLockLocked : Getting Lock type frm List : DVFS_MIN_LIMIT  frequency : 1958400  uid : 1000  pid : 909  tag : com.sec.android.inputmethod@91
I/ActivityManager(  909): Killing 28850:com.samsung.android.sdk.samsunglink/u0a45 (adj 15): BG,  19778K, hotnessAdj=0, XmlFlag=false, oom_adj=15
I/ActivityManager_SDHA(  909): F:061M, C:191M, ProcCnt:060, avgU:-----K, mgn:113M, nF:59424K, fd:19778K, thd:180M, wm:05M, c:00, e:08, lmkIdx:15, emS:00, rsmd:T_, lstCrt:chaton, TOP:co.giftmegift_me, ear:0, car:0
W/libprocessgroup(  909): failed to open /acct/uid_10045/pid_28850/cgroup.procs: No such file or directory
D/SystemGestures(  909): detectEasyOneHandGesture() isRunning=false, mStartFromLeft=true, MoveDistanceX=0, MoveDistanceY=5, mFirstDownX=47, mFirstDownY=1216, upX=47, upY=1211, width=216, mMaxX=47, mMinX=47, upX-DownX=0, upY-DownY=5
D/SystemGestures(  909): detectEasyOneHandGesture() isRunning=false, mStartFromLeft=true, MoveDistanceX=1, MoveDistanceY=1, mFirstDownX=156, mFirstDownY=804, upX=155, upY=803, width=216, mMaxX=156, mMinX=155, upX-DownX=1, upY-DownY=1
I/MultiPhoneWindowManager(  909): Changed -> mCurrentInputMethodTarget : null
W/ContextImpl(  909): Calling a method in the system process without a qualified user: android.app.ContextImpl.sendBroadcast:1629 com.android.server.InputMethodManagerService$6.run:2728 java.lang.Thread.run:818 <bottom of call stack> <bottom of call stack> 
D/ConnectivityService(  909): returning getActiveNetworkInfo :[type: WIFI[] - WIFI, state: CONNECTED/CONNECTED, reason: (unspecified), extra: "UPC624261", roaming: false, failover: false, isAvailable: true, isConnectedToProvisioningNetwork: false]
W/ContextImpl(25172): Calling a method in the system process without a qualified user: android.app.ContextImpl.sendBroadcast:1629 android.content.ContextWrapper.sendBroadcast:391 android.inputmethodservice.InputMethodService.sendInputViewShownState:417 android.inputmethodservice.InputMethodService.showWindow:1921 android.inputmethodservice.InputMethodService$InputMethodImpl.showSoftInput:617 
W/ContextImpl(25172): Calling a method in the system process without a qualified user: android.app.ContextImpl.sendBroadcast:1629 android.content.ContextWrapper.sendBroadcast:391 com.diotek.ime.framework.common.InputManagerImpl.sendBroadcaseSIPShownByThread:8909 com.diotek.ime.framework.common.InputManagerImpl.access$6600:199 com.diotek.ime.framework.common.InputManagerImpl$31.run:8900 
D/SSRM:a  (  909): DeviceInfo:: 000000000000
D/SSRM:a  (  909): SettingsAirViewInfo:: 000010000
I/ValidateNoPeople(  909): skipping global notification
