W/ContextImpl( 1295): Calling a method in the system process without a qualified user: android.app.ContextImpl.sendBroadcast:1252 android.content.ContextWrapper.sendBroadcast:365 com.motorola.motocare.util.TriggerHelper$TriggerBuilder.send:76 com.motorola.motocare.internal.frameworkevents.ProcessKillTrigger.sendTrigger:147 com.motorola.motocare.internal.frameworkevents.ProcessKillTrigger.handleLmkKill:337 
V/AlarmManager( 1025): sending alarm Alarm{42a96950 type 3 android}
V/AlarmManager( 1025): sending alarm Alarm{423ec0c8 type 3 com.devexpert.weather}
I/ActivityManager( 1025): Start proc com.devexpert.weather for broadcast com.devexpert.weather/.view.WidgetWeather2x1: pid=17383 uid=10112 gids={50112, 3003, 1028, 1015}
E/UsbDebuggingManager( 1025): got -1 reading
V/UsbDeviceManager( 1025): USB UEVENT: {USB_STATE=DISCONNECTED, SUBSYSTEM=android_usb, DEVPATH=/devices/virtual/android_usb/android0, SEQNUM=362387, ACTION=change}
I/PowerManagerService( 1025): Waking up from sleep...
I/ActivityManager( 1025): Start proc com.google.android.apps.uploader for broadcast com.google.android.apps.uploader/com.google.android.picasasync.BatteryReceiver: pid=17416 uid=10079 gids={50079, 3003, 1028, 1015}
I/WindowManager( 1025): Lock screen displayed!
D/DisplayPowerController( 1025): Unblocked screen on after 1349368146 ms
I/ActivityManager( 1025): Process com.google.android.gm (pid 17314) has died.
I/SFPerfTracer(  274):      triggers: (rate: 1009:414790) (303277 sw vsyncs) (962376 skipped) (0:2974343 vsyncs) (110:3731489)
I/ActivityManager( 1025): Process com.devexpert.weather (pid 17383) has died.
I/ActivityManager( 1025): Process com.google.android.apps.uploader (pid 17416) has died.
D/WifiService( 1025): acquireWifiLockLocked: WifiLock{NlpWifiLock type=2 binder=android.os.BinderProxy@42121748}
W/BroadcastQueue( 1025): Failure sending broadcast Intent { act=android.intent.action.SCREEN_ON flg=0x50000010 }
W/BroadcastQueue( 1025): android.os.DeadObjectException
W/BroadcastQueue( 1025): 	at android.os.BinderProxy.transact(Native Method)
W/BroadcastQueue( 1025): 	at android.content.IIntentReceiver$Stub$Proxy.performReceive(IIntentReceiver.java:124)
W/BroadcastQueue( 1025): 	at com.android.server.am.BroadcastQueue.performReceiveLocked(BroadcastQueue.java:424)
W/BroadcastQueue( 1025): 	at com.android.server.am.BroadcastQueue.deliverToRegisteredReceiverLocked(BroadcastQueue.java:507)
W/BroadcastQueue( 1025): 	at com.android.server.am.BroadcastQueue.processNextBroadcast(BroadcastQueue.java:714)
W/BroadcastQueue( 1025): 	at com.android.server.am.ActivityManagerService.finishReceiver(ActivityManagerService.java:14032)
W/BroadcastQueue( 1025): 	at android.app.ActivityManagerNative.onTransact(ActivityManagerNative.java:394)
W/BroadcastQueue( 1025): 	at com.android.server.am.ActivityManagerService.onTransact(ActivityManagerService.java:2140)
W/BroadcastQueue( 1025): 	at android.os.Binder.execTransact(Binder.java:404)
W/BroadcastQueue( 1025): 	at dalvik.system.NativeStart.run(Native Method)
I/ActivityManager( 1025): Start proc com.motorola.genie for broadcast com.motorola.genie/.prefetch.PowerStatusReceiver: pid=17456 uid=10026 gids={50026, 3003, 1028, 1015}
I/ActivityManager( 1025): Start proc com.motorola.contextual.smartrules2 for broadcast com.motorola.contextual.smartrules2/com.motorola.batterysaverlib.BatteryNotificationReceiver: pid=17478 uid=10035 gids={50035, 3003, 1028, 1015, 3001, 3002}
I/ActivityManager( 1025): Process com.motorola.genie (pid 17456) has died.
I/ActivityManager( 1025): Start proc com.motorola.MotGallery2 for broadcast com.motorola.MotGallery2/com.viewdle.receivers.PowerConnectedReceiver: pid=17493 uid=10034 gids={50034, 3003, 1028, 1015}
D/UsbDeviceManager( 1025): setEnabledFunctions mtp,adb makeDefault: false
D/UsbDeviceManager( 1025): broadcasting Intent { act=android.hardware.usb.action.USB_STATE flg=0x20000000 (has extras) } connected: false configured: false
D/WifiService( 1025): releaseWifiLockLocked: WifiLock{NlpWifiLock type=2 binder=android.os.BinderProxy@42121748}
I/ActivityManager( 1025): Start proc com.android.chrome for broadcast com.android.chrome/com.google.android.apps.chrome.precache.PrecacheServiceLauncher: pid=17507 uid=10057 gids={50057, 3003, 1028, 1015}
W/ContextImpl( 1295): Calling a method in the system process without a qualified user: android.app.ContextImpl.startService:1608 android.content.ContextWrapper.startService:494 android.content.ContextWrapper.startService:494 com.motorola.motocare.internal.batterystats.BatteryStatsAction.onReceive:33 android.app.ActivityThread.handleReceiver:2434 
W/BroadcastQueue( 1025): Permission Denial: broadcasting Intent { act=com.motorola.cce.Actions.CCE_SEND_SETTINGS flg=0x10 (has extras) } from com.motorola.genie (pid=17456, uid=10026) is not exported from uid 10034 due to receiver com.motorola.MotGallery2/com.motorola.blur.service.blur.SharedSettingsReceiver
I/ActivityManager( 1025): Start proc com.google.android.googlequicksearchbox:search for broadcast com.google.android.googlequicksearchbox/com.google.android.search.core.UdcSettingBroadcastReceiver: pid=17522 uid=10045 gids={50045, 3003, 3001, 1028, 3002, 1015}
I/ActivityManager( 1025): Process com.motorola.contextual.smartrules2 (pid 17478) has died.
I/ActivityManager( 1025): Process com.motorola.MotGallery2 (pid 17493) has died.
I/ActivityManager( 1025): Process com.android.chrome (pid 17507) has died.
I/ActivityManager( 1025): Start proc com.google.android.partnersetup for content provider com.google.android.partnersetup/.RlzAppProvider: pid=17537 uid=10025 gids={50025, 3003}
I/ActivityManager( 1025): Start proc com.google.android.apps.maps for broadcast com.google.android.apps.maps/com.google.android.apps.gmm.iamhere.ble.StartBleServiceReceiver: pid=17556 uid=10064 gids={50064, 3003, 1028, 1015, 3002, 3001}
V/UsbDeviceManager( 1025): USB UEVENT: {USB_STATE=CONNECTED, SUBSYSTEM=android_usb, DEVPATH=/devices/virtual/android_usb/android0, SEQNUM=362403, ACTION=change}
V/UsbDeviceManager( 1025): USB UEVENT: {USB_STATE=DISCONNECTED, SUBSYSTEM=android_usb, DEVPATH=/devices/virtual/android_usb/android0, SEQNUM=362404, ACTION=change}
D/UsbDeviceManager( 1025): broadcasting Intent { act=android.hardware.usb.action.USB_STATE flg=0x20000000 (has extras) } connected: true configured: false
I/EntropyMixer( 1025): Writing entropy...
I/ActivityManager( 1025): Process com.google.android.googlequicksearchbox:search (pid 17522) has died.
V/UsbDeviceManager( 1025): USB UEVENT: {USB_STATE=CONNECTED, SUBSYSTEM=android_usb, DEVPATH=/devices/virtual/android_usb/android0, SEQNUM=362407, ACTION=change}
D/UsbDeviceManager( 1025): broadcasting Intent { act=android.hardware.usb.action.USB_STATE flg=0x20000000 (has extras) } connected: true configured: false
I/ActivityManager( 1025): Process com.google.android.partnersetup (pid 17537) has died.
V/UsbDeviceManager( 1025): USB UEVENT: {USB_STATE=CONFIGURED, SUBSYSTEM=android_usb, DEVPATH=/devices/virtual/android_usb/android0, SEQNUM=362409, ACTION=change}
D/UsbDeviceManager( 1025): broadcasting Intent { act=android.hardware.usb.action.USB_STATE flg=0x20000000 (has extras) } connected: true configured: true
I/ActivityManager( 1025): Start proc com.google.android.apps.uploader for broadcast com.google.android.apps.uploader/com.google.android.picasasync.BatteryReceiver: pid=17599 uid=10079 gids={50079, 3003, 1028, 1015}
W/ActivityThread(17556): ClassLoader.loadClass: The class loader returned by Thread.getContextClassLoader() may fail for processes that host multiple applications. You should explicitly specify a context class loader. For example: Thread.setContextClassLoader(getClass().getClassLoader());
I/ActivityManager( 1025): Process com.google.android.apps.maps (pid 17556) has died.
I/SFPerfTracer(  274):      triggers: (rate: 1149:45781) (compose: 0:228) (post: 0:20) (render: 74:10158) (35:691931 frames) (36:3020036)
D/SFPerfTracer(  274):        layers: (4:15) (DimLayer: 0:158)* (DimLayer: 0:90)* (FocusedStackFrame: 0:18868)* (StatusBar: 35:235656) (NavigationBar: 0:178670) (DimLayer: 0:22096)* (DimLayer: 0:3861)* (com.android.wallpaper.fall.FallWallpaper: 10:50838) (: 0:115)* (: 0:420)* (: 0:141)* (: 0:116)* (co.giftmeapp.gift_me/co.giftmeapp.gift_me.GiftMe: 0:32)* (ElectronBeam: 0:24)* (Keyguard: 0:56) 
I/ActivityManager( 1025): Process com.google.android.apps.uploader (pid 17599) has died.
I/ActivityManager( 1025): Start proc com.motorola.genie for broadcast com.motorola.genie/.prefetch.PowerStatusReceiver: pid=17618 uid=10026 gids={50026, 3003, 1028, 1015}
I/ActivityManager( 1025): Start proc com.motorola.contextual.smartrules2 for broadcast com.motorola.contextual.smartrules2/com.motorola.batterysaverlib.BatteryNotificationReceiver: pid=17643 uid=10035 gids={50035, 3003, 1028, 1015, 3001, 3002}
I/ActivityManager( 1025): Start proc com.motorola.MotGallery2 for broadcast com.motorola.MotGallery2/com.viewdle.receivers.PowerConnectedReceiver: pid=17660 uid=10034 gids={50034, 3003, 1028, 1015}
I/ActivityManager( 1025): Process com.motorola.contextual.smartrules2 (pid 17643) has died.
I/ActivityManager( 1025): Start proc com.android.chrome for broadcast com.android.chrome/com.google.android.apps.chrome.precache.PrecacheServiceLauncher: pid=17674 uid=10057 gids={50057, 3003, 1028, 1015}
I/ActivityManager( 1025): Process com.motorola.MotGallery2 (pid 17660) has died.
I/ActivityManager( 1025): Start proc com.facebook.katana for broadcast com.facebook.katana/com.facebook.vault.service.VaultPowerConnectionReceiver: pid=17687 uid=10110 gids={50110, 1028, 1015, 3003}
I/ActivityManager( 1025): Process com.android.chrome (pid 17674) has died.
D/WifiService( 1025): New client listening to asynchronous messages
V/UsbDeviceManager( 1025): USB UEVENT: {USB_STATE=DISCONNECTED, SUBSYSTEM=android_usb, DEVPATH=/devices/virtual/android_usb/android0, SEQNUM=362421, ACTION=change}
E/UsbDebuggingManager( 1025): got -1 reading
E/UsbDebuggingManager( 1025): Communication error: 
E/UsbDebuggingManager( 1025): java.io.IOException: No such file or directory
E/UsbDebuggingManager( 1025): 	at android.net.LocalSocketImpl.connectLocal(Native Method)
E/UsbDebuggingManager( 1025): 	at android.net.LocalSocketImpl.connect(LocalSocketImpl.java:287)
E/UsbDebuggingManager( 1025): 	at android.net.LocalSocket.connect(LocalSocket.java:130)
E/UsbDebuggingManager( 1025): 	at com.android.server.usb.UsbDebuggingManager.listenToSocket(UsbDebuggingManager.java:75)
E/UsbDebuggingManager( 1025): 	at com.android.server.usb.UsbDebuggingManager.run(UsbDebuggingManager.java:111)
E/UsbDebuggingManager( 1025): 	at java.lang.Thread.run(Thread.java:841)
V/UsbDeviceManager( 1025): USB UEVENT: {USB_STATE=CONNECTED, SUBSYSTEM=android_usb, DEVPATH=/devices/virtual/android_usb/android0, SEQNUM=362423, ACTION=change}
D/UsbDeviceManager( 1025): broadcasting Intent { act=android.hardware.usb.action.USB_STATE flg=0x20000000 (has extras) } connected: true configured: false
V/UsbDeviceManager( 1025): USB UEVENT: {USB_STATE=DISCONNECTED, SUBSYSTEM=android_usb, DEVPATH=/devices/virtual/android_usb/android0, SEQNUM=362424, ACTION=change}
W/ContextImpl( 1295): Calling a method in the system process without a qualified user: android.app.ContextImpl.startService:1608 android.content.ContextWrapper.startService:494 android.content.ContextWrapper.startService:494 com.motorola.motocare.internal.batterystats.BatteryStatsAction.onReceive:33 android.app.ActivityThread.handleReceiver:2434 
W/ContextImpl( 1295): Calling a method in the system process without a qualified user: android.app.ContextImpl.startService:1608 android.content.ContextWrapper.startService:494 android.content.ContextWrapper.startService:494 com.motorola.motocare.internal.batterystats.BatteryStatsAction.onReceive:33 android.app.ActivityThread.handleReceiver:2434 
V/UsbDeviceManager( 1025): USB UEVENT: {USB_STATE=CONNECTED, SUBSYSTEM=android_usb, DEVPATH=/devices/virtual/android_usb/android0, SEQNUM=362426, ACTION=change}
D/UsbDeviceManager( 1025): broadcasting Intent { act=android.hardware.usb.action.USB_STATE flg=0x20000000 (has extras) } connected: true configured: false
W/BroadcastQueue( 1025): Permission Denial: broadcasting Intent { act=com.motorola.cce.Actions.CCE_SEND_SETTINGS flg=0x10 (has extras) } from com.motorola.genie (pid=17618, uid=10026) is not exported from uid 10034 due to receiver com.motorola.MotGallery2/com.motorola.blur.service.blur.SharedSettingsReceiver
V/UsbDeviceManager( 1025): USB UEVENT: {USB_STATE=CONFIGURED, SUBSYSTEM=android_usb, DEVPATH=/devices/virtual/android_usb/android0, SEQNUM=362429, ACTION=change}
D/UsbDeviceManager( 1025): broadcasting Intent { act=android.hardware.usb.action.USB_STATE flg=0x20000000 (has extras) } connected: true configured: true
V/UsbDeviceManager( 1025): USB UEVENT: {USB_STATE=DISCONNECTED, SUBSYSTEM=android_usb, DEVPATH=/devices/virtual/android_usb/android0, SEQNUM=362430, ACTION=change}
W/ContextImpl( 1295): Calling a method in the system process without a qualified user: android.app.ContextImpl.startService:1608 android.content.ContextWrapper.startService:494 android.content.ContextWrapper.startService:494 com.motorola.contextual.fw.actions.StatefulActionHelper.registerForSettingChanges:81 com.motorola.contextual.fw.actions.Sync.registerForSettingChanges:214 
W/ContextImpl( 1295): Calling a method in the system process without a qualified user: android.app.ContextImpl.startService:1608 android.content.ContextWrapper.startService:494 android.content.ContextWrapper.startService:494 com.motorola.contextual.fw.actions.Utils.writeToDebugService:174 com.motorola.contextual.fw.actions.StatefulAction.setState:261 
W/ContextImpl( 1295): Calling a method in the system process without a qualified user: android.app.ContextImpl.startService:1608 android.content.ContextWrapper.startService:494 android.content.ContextWrapper.startService:494 com.motorola.contextual.fw.actions.Utils.writeToDebugService:174 com.motorola.contextual.fw.actions.StatefulAction.setState:278 
W/ContextImpl( 1295): Calling a method in the system process without a qualified user: android.app.ContextImpl.sendBroadcast:1252 android.content.ContextWrapper.sendBroadcast:365 android.content.ContextWrapper.sendBroadcast:365 com.motorola.contextual.fw.actions.ActionReceiver.onReceive:80 android.app.ActivityThread.handleReceiver:2434 
I/ActivityManager( 1025): Start proc com.motorola.contextual.smartrules2 for broadcast com.motorola.contextual.smartrules2/com.motorola.checkin.AnalyticsReceiver: pid=17742 uid=10035 gids={50035, 3003, 1028, 1015, 3001, 3002}
E/ActivityThread( 1295): Failed to find provider info for com.motorola.contextual.analytics
V/UsbDeviceManager( 1025): USB UEVENT: {USB_STATE=CONNECTED, SUBSYSTEM=android_usb, DEVPATH=/devices/virtual/android_usb/android0, SEQNUM=362434, ACTION=change}
D/UsbDeviceManager( 1025): broadcasting Intent { act=android.hardware.usb.action.USB_STATE flg=0x20000000 (has extras) } connected: true configured: false
V/UsbDeviceManager( 1025): USB UEVENT: {USB_STATE=DISCONNECTED, SUBSYSTEM=android_usb, DEVPATH=/devices/virtual/android_usb/android0, SEQNUM=362435, ACTION=change}
I/ActivityManager( 1025): Process com.viber.voip (pid 16103) has died.
W/ActivityManager( 1025): Scheduling restart of crashed service com.viber.voip/com.viber.service.VoipConnectorService in 1000ms
W/ActivityManager( 1025): Scheduling restart of crashed service com.viber.voip/.api.billing.InAppBillingService in 11000ms
E/ActivityThread( 1295): Failed to find provider info for com.motorola.contextual.analytics
I/ActivityManager( 1025): Process com.google.android.gms.wearable (pid 16403) has died.
W/ActivityManager( 1025): Scheduling restart of crashed service com.google.android.gms/.wearable.service.WearableService in 20966ms
V/UsbDeviceManager( 1025): USB UEVENT: {USB_STATE=CONNECTED, SUBSYSTEM=android_usb, DEVPATH=/devices/virtual/android_usb/android0, SEQNUM=362437, ACTION=change}
D/UsbDeviceManager( 1025): broadcasting Intent { act=android.hardware.usb.action.USB_STATE flg=0x20000000 (has extras) } connected: true configured: false
V/UsbDeviceManager( 1025): USB UEVENT: {USB_STATE=CONFIGURED, SUBSYSTEM=android_usb, DEVPATH=/devices/virtual/android_usb/android0, SEQNUM=362441, ACTION=change}
I/ActivityManager( 1025): Process com.rhmsoft.fm:service (pid 16675) has died.
W/ActivityManager( 1025): Scheduling restart of crashed service com.rhmsoft.fm/com.cleanmaster.fm.service.BackgroundService in 30713ms
D/UsbDeviceManager( 1025): broadcasting Intent { act=android.hardware.usb.action.USB_STATE flg=0x20000000 (has extras) } connected: true configured: true
I/ActivityManager( 1025): Process android.process.media (pid 16264) has died.
W/ActivityManager( 1025): Scheduling restart of crashed service com.android.providers.media/.MtpService in 40710ms
I/ActivityManager( 1025): Process com.motorola.genie (pid 17618) has died.
W/ActivityManager( 1025): Scheduling restart of crashed service com.motorola.genie/.prefetch.PrefetcherService in 68569ms
I/ActivityManager( 1025): Start proc com.google.android.googlequicksearchbox:search for broadcast com.google.android.googlequicksearchbox/com.google.android.search.core.UdcSettingBroadcastReceiver: pid=17764 uid=10045 gids={50045, 3003, 3001, 1028, 3002, 1015}
I/ActivityManager( 1025): Process com.motorola.contextual.smartrules2 (pid 17742) has died.
I/ActivityManager( 1025): Process com.facebook.katana (pid 17687) has died.
W/ActivityManager( 1025): Scheduling restart of crashed service com.facebook.katana/com.facebook.push.mqtt.service.MqttPushService in 75941069107232768ms
D/WifiService( 1025): Client connection lost with reason: 4
I/ActivityManager( 1025): Start proc com.google.android.partnersetup for content provider com.google.android.partnersetup/.RlzAppProvider: pid=17783 uid=10025 gids={50025, 3003}
I/ActivityManager( 1025): Start proc com.google.android.apps.maps for broadcast com.google.android.apps.maps/com.google.android.apps.gmm.iamhere.ble.StartBleServiceReceiver: pid=17800 uid=10064 gids={50064, 3003, 1028, 1015, 3002, 3001}
I/ActivityManager( 1025): Process com.google.android.partnersetup (pid 17783) has died.
I/ActivityManager( 1025): Process com.google.android.googlequicksearchbox:search (pid 17764) has died.
I/ActivityManager( 1025): Start proc com.viber.voip for service com.viber.voip/com.viber.service.VoipConnectorService: pid=17825 uid=10108 gids={50108, 3003, 1028, 1015, 3002, 3001}
I/ActivityManager( 1025): Start proc android.process.media for broadcast com.android.providers.media/.MtpReceiver: pid=17855 uid=10018 gids={50018, 1028, 1015, 1023, 1024, 2001, 3003, 3007}
W/ActivityThread(17800): ClassLoader.loadClass: The class loader returned by Thread.getContextClassLoader() may fail for processes that host multiple applications. You should explicitly specify a context class loader. For example: Thread.setContextClassLoader(getClass().getClassLoader());
I/openssl (17855): Crypto mode not selected, openssl will run on its regular mode.
I/openssl (17855): Crypto mode 0 already enabled
I/ActivityManager( 1025): Process com.google.android.apps.maps (pid 17800) has died.
I/SFPerfTracer(  274):      triggers: (rate: 1149:45787) (compose: 0:228) (post: 0:20) (render: 74:10158) (0:691971 frames) (1:3020136)
D/SFPerfTracer(  274):        layers: (4:14) (DimLayer: 0:158)* (DimLayer: 0:90)* (FocusedStackFrame: 0:18868)* (StatusBar: 0:235691) (NavigationBar: 0:178670) (DimLayer: 0:22096)* (DimLayer: 0:3861)* (com.android.wallpaper.fall.FallWallpaper: 1:50911) (: 0:115)* (: 0:420)* (: 0:141)* (: 0:116)* (co.giftmeapp.gift_me/co.giftmeapp.gift_me.GiftMe: 0:32)* (Keyguard: 0:60) 
F/ProcessStats( 1025): Starting service ServiceState{42abda10 com.cleanmaster.fm.service.BackgroundService pkg=com.rhmsoft.fm proc=42abda10} without owner
F/ProcessStats( 1025): Starting service ServiceState{42c48c08 com.whatsapp.messaging.MessageService pkg=com.whatsapp proc=42c48c08} without owner
F/ProcessStats( 1025): Starting service ServiceState{422b0fe8 com.mobisystems.ubreader.launcher.service.NetworkService pkg=com.mobisystems.ubreader_west proc=422b0fe8} without owner
F/ProcessStats( 1025): Starting service ServiceState{42960c98 com.google.android.gms.wearable.service.WearableService pkg=com.google.android.gms proc=42960c98} without owner
F/ProcessStats( 1025): Starting service ServiceState{439052f8 com.motorola.genie.prefetch.PrefetcherService pkg=com.motorola.genie proc=439052f8} without owner
F/ProcessStats( 1025): Starting service ServiceState{42a4cec0 com.facebook.push.mqtt.service.MqttPushService pkg=com.facebook.katana proc=42a4cec0} without owner
F/ProcessStats( 1025): Starting service ServiceState{42a6ea20 com.motorola.audioeffects.AudioEffectsService pkg=com.motorola.audioeffects proc=42a6ea20} without owner
W/ContextImpl( 1295): Calling a method in the system process without a qualified user: android.app.ContextImpl.sendBroadcast:1252 android.content.ContextWrapper.sendBroadcast:365 com.motorola.motocare.util.TriggerHelper$TriggerBuilder.send:76 com.motorola.motocare.internal.frameworkevents.PauseResumeTrigger.handleFrameworkEvent:53 com.motorola.motocare.internal.frameworkevents.FwEventMonitor$FrameworkListener.processFrameworkEvent:114 
I/SFPerfTracer(  274):      triggers: (rate: 1149:45787) (compose: 0:228) (post: 0:20) (render: 74:10159) (15:691986 frames) (16:3020159)
D/SFPerfTracer(  274):        layers: (4:14) (DimLayer: 0:158)* (DimLayer: 0:90)* (FocusedStackFrame: 0:18868)* (StatusBar: 12:235703) (NavigationBar: 0:178670) (DimLayer: 0:22096)* (DimLayer: 0:3861)* (com.android.wallpaper.fall.FallWallpaper: 5:50923) (: 0:115)* (: 0:420)* (: 0:141)* (: 0:116)* (co.giftmeapp.gift_me/co.giftmeapp.gift_me.GiftMe: 0:32)* (Keyguard: 7:67) 
I/ActivityManager( 1025): Start proc com.facebook.katana for content provider com.facebook.katana/.provider.AttributionIdProvider: pid=17920 uid=10110 gids={50110, 1028, 1015, 3003}
I/ActivityManager( 1025): Start proc com.linkedin.android for broadcast com.linkedin.android/.appwidget.ResponsiveWidgetService$ActiveUserListener: pid=17932 uid=10123 gids={50123, 3003, 1028, 1015}
D/UsbDeviceManager( 1025): MSG_USER_PRESENT
W/InputMethodManagerService( 1025): Window already focused, ignoring focus gain of: com.android.internal.view.IInputMethodClient$Stub$Proxy@421cceb8 attribute=android.view.inputmethod.EditorInfo@429bfb88, token = android.os.BinderProxy@4229d2c8
I/SFPerfTracer(  274):       trigger: vsync rate (-46.519%)	(32.089 vps)	(31.164 ms)* 	(157 drops)	(293 vsyncs)
I/SFPerfTracer(  274):      triggers: (rate: 1010:414947) (303277 sw vsyncs) (962746 skipped) (293:2974647 vsyncs) (295:3731797)
D/WifiService( 1025): New client listening to asynchronous messages
I/ActivityManager( 1025): Start proc com.distilledmedia.thescore for broadcast com.distilledmedia.thescore/com.parse.ParseBroadcastReceiver: pid=18007 uid=10138 gids={50138, 3003, 1028, 1015}
I/ActivityManager( 1025): Process com.linkedin.android (pid 17932) has died.
--------- beginning of /dev/log/main
D/dalvikvm(17920): Added shared lib /data/app-lib/com.facebook.katana-1/libcares.so 0x41fb3c70
D/dalvikvm(17920): No JNI_OnLoad found in /data/app-lib/com.facebook.katana-1/libcares.so 0x41fb3c70, skipping init
D/dalvikvm(17920): Trying to load lib /data/app-lib/com.facebook.katana-1/libdouble-conversion.so 0x41fb3c70
D/dalvikvm(17920): Added shared lib /data/app-lib/com.facebook.katana-1/libdouble-conversion.so 0x41fb3c70
D/dalvikvm(17920): No JNI_OnLoad found in /data/app-lib/com.facebook.katana-1/libdouble-conversion.so 0x41fb3c70, skipping init
D/dalvikvm(17920): Trying to load lib /data/app-lib/com.facebook.katana-1/libevent.so 0x41fb3c70
D/dalvikvm(17920): Added shared lib /data/app-lib/com.facebook.katana-1/libevent.so 0x41fb3c70
D/dalvikvm(17920): No JNI_OnLoad found in /data/app-lib/com.facebook.katana-1/libevent.so 0x41fb3c70, skipping init
D/dalvikvm(17920): Trying to load lib /data/app-lib/com.facebook.katana-1/libliger.so 0x41fb3c70
I/[5ec1a]com.distilledmedia.http.images.BitmapDiskCache(18007):  starting up file cache 
I/[1]FacebookAccount(18007): Restored session valid = false
D/dalvikvm(17920): Added shared lib /data/app-lib/com.facebook.katana-1/libliger.so 0x41fb3c70
I/[1]TheScoreApp(18007): Live notifications enabled
W/fb4a(:<default>):AbstractMqttPushService(17920): Attempt to start service that is already started
D/dalvikvm(17920): Trying to load lib /data/app-lib/com.facebook.katana-1/libheartbleed.so 0x41fb3c70
D/dalvikvm(17920): Added shared lib /data/app-lib/com.facebook.katana-1/libheartbleed.so 0x41fb3c70
D/dalvikvm( 1025): GC_EXPLICIT freed 135K, 41% free 29915K/50444K, paused 6ms+18ms, total 174ms
D/AudioManagerAndroid(18007): ==> onReceive: s=0, m=1, n=h2w, sb=true
D/AudioManagerAndroid(18007): reportUpdate: state=0, devices=[Speakerphone, Headset earpiece]
D/WifiService( 1025): Client connection lost with reason: 4
I/ActivityManager( 1025): Start proc com.devexpert.weather for broadcast com.devexpert.weather/.view.WidgetWeather2x1: pid=18100 uid=10112 gids={50112, 3003, 1028, 1015}
I/ActivityManager( 1025): Process com.facebook.katana (pid 17920) has died.
W/ActivityManager( 1025): Scheduling restart of crashed service com.facebook.katana/com.facebook.push.mqtt.service.MqttPushService in 303764276428931072ms
D/WifiStateMachine( 1025): handleMessage: E msg.what=151572
D/WifiStateMachine( 1025): processMsg: ConnectedState
D/WifiStateMachine( 1025): processMsg: L2ConnectedState
D/WifiStateMachine( 1025): handleMessage: X
I/SBar.NetworkController( 1119): onSignalStrengthsChanged SignalStrength: 11 0 -120 -160 -120 -1 -1 99 2147483647 2147483647 2147483647 2147483647 2147483647 gsm|lte 0 -108 -1 false 3 3 0 0 0 99 99 99 4 level=3
D/Ulp_jni ( 1025): Location CB invoked
D/dalvikvm( 1119): GC_FOR_ALLOC freed 3120K, 28% free 14963K/20556K, paused 29ms, total 32ms
I/ActivityManager( 1025): START u0 {act=com.android.systemui.recent.action.TOGGLE_RECENTS flg=0x10800000 cmp=com.android.systemui/.recent.RecentsActivity (has extras)} from pid 1119
D/CordovaActivity(16324): Paused the application!
D/CordovaWebView(16324): Handle the pause
W/ContextImpl( 1295): Calling a method in the system process without a qualified user: android.app.ContextImpl.sendBroadcast:1252 android.content.ContextWrapper.sendBroadcast:365 com.motorola.motocare.util.TriggerHelper$TriggerBuilder.send:76 com.motorola.motocare.internal.frameworkevents.PauseResumeTrigger.handleFrameworkEvent:53 com.motorola.motocare.internal.frameworkevents.FwEventMonitor$FrameworkListener.processFrameworkEvent:114 
W/ContextImpl( 1295): Calling a method in the system process without a qualified user: android.app.ContextImpl.sendBroadcast:1252 android.content.ContextWrapper.sendBroadcast:365 com.motorola.motocare.util.TriggerHelper$TriggerBuilder.send:76 com.motorola.motocare.internal.frameworkevents.PauseResumeTrigger.handleFrameworkEvent:53 com.motorola.motocare.internal.frameworkevents.FwEventMonitor$FrameworkListener.processFrameworkEvent:114 
I/ActivityManager( 1025): Process com.distilledmedia.thescore (pid 18007) has died.
I/LaunchCheckinHandler( 1025): Displayed com.android.systemui/.recent.RecentsActivity,wp,wa,115
W/IInputConnectionWrapper(16324): showStatusIcon on inactive InputConnection
D/WifiStateMachine( 1025): handleMessage: E msg.what=151572
D/WifiStateMachine( 1025): processMsg: ConnectedState
D/WifiStateMachine( 1025): processMsg: L2ConnectedState
D/WifiStateMachine( 1025): handleMessage: X
D/WifiStateMachine( 1025): handleMessage: E msg.what=131155
D/WifiStateMachine( 1025): processMsg: ConnectedState
D/WifiStateMachine( 1025): processMsg: L2ConnectedState
D/WifiStateMachine( 1025): handleMessage: X
W/ManagedEGLContext(16324): doTerminate failed: EGL count is 2 but managed count is 1
I/SFPerfTracer(  274):      triggers: (rate: 1149:45790) (compose: 0:228) (post: 0:20) (render: 74:10160) (0:692043 frames) (1:3020259)
D/SFPerfTracer(  274):        layers: (4:16) (DimLayer: 0:158)* (DimLayer: 0:90)* (FocusedStackFrame: 0:18871)* (StatusBar: 0:235724) (NavigationBar: 0:178730) (DimLayer: 0:22096)* (DimLayer: 0:3865)* (com.android.wallpaper.fall.FallWallpaper: 0:50930)* (: 0:129)* (: 0:434)* (: 0:155) (: 0:130)* (co.giftmeapp.gift_me/co.giftmeapp.gift_me.GiftMe: 0:63)* (Keyguard: 0:80)* (com.android.systemui/com.android.systemui.recent.RecentsActivity: 1:30) (thumbnail anim: 0:17)* 
D/CordovaActivity(16324): CordovaActivity.onDestroy()
D/CordovaWebView(16324): >>> loadUrlNow()
I/ActivityManager( 1025): Killing 16324:co.giftmeapp.gift_me/u0a104 (adj 9): remove task
W/ContextImpl( 1295): Calling a method in the system process without a qualified user: android.app.ContextImpl.sendBroadcast:1252 android.content.ContextWrapper.sendBroadcast:365 com.motorola.motocare.util.TriggerHelper$TriggerBuilder.send:76 com.motorola.motocare.internal.frameworkevents.ProcessKillTrigger.sendTrigger:147 com.motorola.motocare.internal.frameworkevents.ProcessKillTrigger.handleFrameworkEvent:164 
I/WindowState( 1025): WIN DEATH: Window{42d36fc8 u0 co.giftmeapp.gift_me/co.giftmeapp.gift_me.GiftMe}
I/PackageManager( 1025): Adding preferred activity ComponentInfo{com.android.mms/com.android.mms.ui.ComposeMessageActivity} for user 0 :
I/PackageManager( 1025):   Action: "android.intent.action.SENDTO"
I/PackageManager( 1025):   Category: "android.intent.category.DEFAULT"
I/PackageManager( 1025):   Scheme: "sms"
I/InputReader( 1025): Reconfiguring input devices.  changes=0x00000010
I/ActivityManager( 1025): Start proc com.android.launcher for broadcast com.android.launcher/com.android.launcher2.PackageChangedReceiver: pid=18130 uid=10029 gids={50029, 1028}
I/PackageManager( 1025): Adding preferred activity ComponentInfo{com.android.mms/com.android.mms.ui.ComposeMessageActivity} for user 0 :
I/PackageManager( 1025):   Action: "android.intent.action.SENDTO"
I/PackageManager( 1025):   Category: "android.intent.category.DEFAULT"
I/PackageManager( 1025):   Scheme: "smsto"
I/PackageManager( 1025): Adding preferred activity ComponentInfo{com.android.mms/com.android.mms.ui.ComposeMessageActivity} for user 0 :
I/PackageManager( 1025):   Action: "android.intent.action.SENDTO"
I/PackageManager( 1025):   Category: "android.intent.category.DEFAULT"
I/PackageManager( 1025):   Scheme: "mms"
I/PackageManager( 1025): Adding preferred activity ComponentInfo{com.android.mms/com.android.mms.ui.ComposeMessageActivity} for user 0 :
I/PackageManager( 1025):   Action: "android.intent.action.SENDTO"
I/PackageManager( 1025):   Category: "android.intent.category.DEFAULT"
I/PackageManager( 1025):   Scheme: "mmsto"
I/PackageManager( 1025): Adding preferred activity ComponentInfo{com.android.mms/com.android.mms.ui.ComposeMessageActivity} for user 0 :
I/PackageManager( 1025):   Action: "android.intent.action.SENDTO"
I/PackageManager( 1025):   Category: "android.intent.category.DEFAULT"
I/PackageManager( 1025):   Scheme: "sms"
I/PackageManager( 1025): Adding preferred activity ComponentInfo{com.android.mms/com.android.mms.ui.ComposeMessageActivity} for user 0 :
I/PackageManager( 1025):   Action: "android.intent.action.SENDTO"
I/PackageManager( 1025):   Category: "android.intent.category.DEFAULT"
I/PackageManager( 1025):   Scheme: "smsto"
I/PackageManager( 1025): Adding preferred activity ComponentInfo{com.android.mms/com.android.mms.ui.ComposeMessageActivity} for user 0 :
I/PackageManager( 1025):   Action: "android.intent.action.SENDTO"
I/PackageManager( 1025):   Category: "android.intent.category.DEFAULT"
I/PackageManager( 1025):   Scheme: "mms"
D/WifiStateMachine( 1025): handleMessage: E msg.what=151572
D/WifiStateMachine( 1025): processMsg: ConnectedState
D/WifiStateMachine( 1025): processMsg: L2ConnectedState
I/PackageManager( 1025): Adding preferred activity ComponentInfo{com.android.mms/com.android.mms.ui.ComposeMessageActivity} for user 0 :
I/PackageManager( 1025):   Action: "android.intent.action.SENDTO"
I/PackageManager( 1025):   Category: "android.intent.category.DEFAULT"
I/PackageManager( 1025):   Scheme: "mmsto"
D/WifiStateMachine( 1025): handleMessage: X
I/ActivityManager( 1025): Start proc com.android.vending for broadcast com.android.vending/com.google.android.finsky.receivers.PackageMonitorReceiver$RegisteredReceiver: pid=18155 uid=10039 gids={50039, 3003, 1028, 1015}
D/Finsky  (18155): [1] FinskyApp.onCreate: Initializing network with DFE https://android.clients.google.com/fdfe/
D/Finsky  (18155): [1] DailyHygiene.goMakeHygieneIfDirty: No need to run daily hygiene.
W/Settings(18155): Setting download_manager_max_bytes_over_mobile has moved from android.provider.Settings.Secure to android.provider.Settings.Global.
W/Settings(18155): Setting download_manager_recommended_max_bytes_over_mobile has moved from android.provider.Settings.Secure to android.provider.Settings.Global.
I/dalvikvm(18155): Could not find method com.google.android.play.layout.PlayCardViewBase.setTransitionName, referenced from method com.google.android.finsky.utils.PlayCardUtils.bindCard
W/dalvikvm(18155): VFY: unable to resolve virtual method 42705: Lcom/google/android/play/layout/PlayCardViewBase;.setTransitionName (Ljava/lang/String;)V
D/dalvikvm(18155): VFY: replacing opcode 0x6e at 0x00d9
I/dalvikvm(18155): Could not find method com.google.android.play.layout.PlayCardViewBase.setTransitionGroup, referenced from method com.google.android.finsky.utils.PlayCardUtils.bindCard
W/dalvikvm(18155): VFY: unable to resolve virtual method 42704: Lcom/google/android/play/layout/PlayCardViewBase;.setTransitionGroup (Z)V
D/dalvikvm(18155): VFY: replacing opcode 0x6e at 0x0246
I/dalvikvm(18155): Could not find method android.view.View.getTransitionName, referenced from method com.google.android.finsky.navigationmanager.NavigationManager.showPage
W/dalvikvm(18155): VFY: unable to resolve virtual method 9352: Landroid/view/View;.getTransitionName ()Ljava/lang/String;
D/dalvikvm(18155): VFY: replacing opcode 0x6e at 0x001a
I/SBar.NetworkController( 1119): onSignalStrengthsChanged SignalStrength: 13 0 -120 -160 -120 -1 -1 99 2147483647 2147483647 2147483647 2147483647 2147483647 gsm|lte 0 -108 -1 false 4 4 0 0 0 99 99 99 4 level=4
I/SBar.NetworkController( 1119): refreshSignalCluster: mobile: Signal=zz_moto_stat_sys_signal_4_fully_wide Roaming=(none) mSimIconId=(none) Accessibility="Phone signal full.","Not roaming.",""
I/SFPerfTracer(  274):      triggers: (rate: 1010:414947) (303277 sw vsyncs) (962746 skipped) (46:2974744 vsyncs) (48:3731907)
D/Finsky  (18155): [1] 2.run: Loaded library for account: [gKXbJhL8NA2nPUzZyFpjB6tKi7U]
D/Finsky  (18155): [1] 2.run: Finished loading 1 libraries.
D/PackageBroadcastService(14123): Received broadcast action=android.intent.action.PACKAGE_CHANGED and uri=com.motorola.genie
I/ActivityManager( 1025): Start proc com.motorola.MotGallery2 for broadcast com.motorola.MotGallery2/com.android.gallery3d.app.PackagesMonitor: pid=18208 uid=10034 gids={50034, 3003, 1028, 1015}
D/Finsky  (18155): [1] GmsCoreHelper.cleanupNlp: result=false type=4
D/Finsky  (18155): [1] RestoreTracker.stopServiceIfDone: Restore complete with 0 success and 0 failed.
I/ActivityManager( 1025): Start proc com.google.android.googlequicksearchbox:search for broadcast com.google.android.googlequicksearchbox/com.google.android.search.core.icingsync.IcingCorporaChangedReceiver: pid=18227 uid=10045 gids={50045, 3003, 3001, 1028, 3002, 1015}
F/ProcessStats( 1025): Starting service ServiceState{42abda10 com.cleanmaster.fm.service.BackgroundService pkg=com.rhmsoft.fm proc=42abda10} without owner
D/WifiStateMachine( 1025): handleMessage: E msg.what=151572
D/WifiStateMachine( 1025): processMsg: ConnectedState
D/WifiStateMachine( 1025): processMsg: L2ConnectedState
D/WifiStateMachine( 1025): handleMessage: X
F/ProcessStats( 1025): Starting service ServiceState{42c48c08 com.whatsapp.messaging.MessageService pkg=com.whatsapp proc=42c48c08} without owner
F/ProcessStats( 1025): Starting service ServiceState{422b0fe8 com.mobisystems.ubreader.launcher.service.NetworkService pkg=com.mobisystems.ubreader_west proc=422b0fe8} without owner
F/ProcessStats( 1025): Starting service ServiceState{42960c98 com.google.android.gms.wearable.service.WearableService pkg=com.google.android.gms proc=42960c98} without owner
F/ProcessStats( 1025): Starting service ServiceState{439052f8 com.motorola.genie.prefetch.PrefetcherService pkg=com.motorola.genie proc=439052f8} without owner
F/ProcessStats( 1025): Starting service ServiceState{42a4cec0 com.facebook.push.mqtt.service.MqttPushService pkg=com.facebook.katana proc=42a4cec0} without owner
F/ProcessStats( 1025): Starting service ServiceState{42a6ea20 com.motorola.audioeffects.AudioEffectsService pkg=com.motorola.audioeffects proc=42a6ea20} without owner
I/ActivityManager( 1025): Process com.devexpert.weather (pid 18100) has died.
F/ProcessStats( 1025): Starting service ServiceState{42abda10 com.cleanmaster.fm.service.BackgroundService pkg=com.rhmsoft.fm proc=42abda10} without owner
F/ProcessStats( 1025): Starting service ServiceState{42c48c08 com.whatsapp.messaging.MessageService pkg=com.whatsapp proc=42c48c08} without owner
F/ProcessStats( 1025): Starting service ServiceState{422b0fe8 com.mobisystems.ubreader.launcher.service.NetworkService pkg=com.mobisystems.ubreader_west proc=422b0fe8} without owner
F/ProcessStats( 1025): Starting service ServiceState{42960c98 com.google.android.gms.wearable.service.WearableService pkg=com.google.android.gms proc=42960c98} without owner
F/ProcessStats( 1025): Starting service ServiceState{439052f8 com.motorola.genie.prefetch.PrefetcherService pkg=com.motorola.genie proc=439052f8} without owner
F/ProcessStats( 1025): Starting service ServiceState{42a4cec0 com.facebook.push.mqtt.service.MqttPushService pkg=com.facebook.katana proc=42a4cec0} without owner
F/ProcessStats( 1025): Starting service ServiceState{42a6ea20 com.motorola.audioeffects.AudioEffectsService pkg=com.motorola.audioeffects proc=42a6ea20} without owner
I/UpdateIcingCorporaServi(18227): Updating corpora: APPS=com.motorola.genie, CONTACTS=MAYBE
I/ActivityManager( 1025): Start proc com.google.android.partnersetup for content provider com.google.android.partnersetup/.RlzAppProvider: pid=18251 uid=10025 gids={50025, 3003}
I/dalvikvm(18227): Could not find method android.content.pm.PackageManager.getPackageInstaller, referenced from method com.google.android.gms.common.e.p
W/dalvikvm(18227): VFY: unable to resolve virtual method 901: Landroid/content/pm/PackageManager;.getPackageInstaller ()Landroid/content/pm/PackageInstaller;
D/dalvikvm(18227): VFY: replacing opcode 0x6e at 0x000b
F/ProcessStats( 1025): Starting service ServiceState{42abda10 com.cleanmaster.fm.service.BackgroundService pkg=com.rhmsoft.fm proc=42abda10} without owner
F/ProcessStats( 1025): Starting service ServiceState{42c48c08 com.whatsapp.messaging.MessageService pkg=com.whatsapp proc=42c48c08} without owner
F/ProcessStats( 1025): Starting service ServiceState{422b0fe8 com.mobisystems.ubreader.launcher.service.NetworkService pkg=com.mobisystems.ubreader_west proc=422b0fe8} without owner
F/ProcessStats( 1025): Starting service ServiceState{42960c98 com.google.android.gms.wearable.service.WearableService pkg=com.google.android.gms proc=42960c98} without owner
F/ProcessStats( 1025): Starting service ServiceState{439052f8 com.motorola.genie.prefetch.PrefetcherService pkg=com.motorola.genie proc=439052f8} without owner
F/ProcessStats( 1025): Starting service ServiceState{42a4cec0 com.facebook.push.mqtt.service.MqttPushService pkg=com.facebook.katana proc=42a4cec0} without owner
F/ProcessStats( 1025): Starting service ServiceState{42a6ea20 com.motorola.audioeffects.AudioEffectsService pkg=com.motorola.audioeffects proc=42a6ea20} without owner
I/ActivityManager( 1025): Process com.android.launcher (pid 18130) has died.
F/ProcessStats( 1025): Starting service ServiceState{42abda10 com.cleanmaster.fm.service.BackgroundService pkg=com.rhmsoft.fm proc=42abda10} without owner
F/ProcessStats( 1025): Starting service ServiceState{42c48c08 com.whatsapp.messaging.MessageService pkg=com.whatsapp proc=42c48c08} without owner
F/ProcessStats( 1025): Starting service ServiceState{422b0fe8 com.mobisystems.ubreader.launcher.service.NetworkService pkg=com.mobisystems.ubreader_west proc=422b0fe8} without owner
F/ProcessStats( 1025): Starting service ServiceState{42960c98 com.google.android.gms.wearable.service.WearableService pkg=com.google.android.gms proc=42960c98} without owner
F/ProcessStats( 1025): Starting service ServiceState{439052f8 com.motorola.genie.prefetch.PrefetcherService pkg=com.motorola.genie proc=439052f8} without owner
F/ProcessStats( 1025): Starting service ServiceState{42a4cec0 com.facebook.push.mqtt.service.MqttPushService pkg=com.facebook.katana proc=42a4cec0} without owner
F/ProcessStats( 1025): Starting service ServiceState{42a6ea20 com.motorola.audioeffects.AudioEffectsService pkg=com.motorola.audioeffects proc=42a6ea20} without owner
I/ApplicationLogger(18227): canRun() : Opted Out
I/UpdateIcingCorporaServi(18227): UpdateCorporaTask done [took 162 ms] updated apps [took 162 ms] 
F/ProcessStats( 1025): Starting service ServiceState{42abda10 com.cleanmaster.fm.service.BackgroundService pkg=com.rhmsoft.fm proc=42abda10} without owner
F/ProcessStats( 1025): Starting service ServiceState{42c48c08 com.whatsapp.messaging.MessageService pkg=com.whatsapp proc=42c48c08} without owner
F/ProcessStats( 1025): Starting service ServiceState{422b0fe8 com.mobisystems.ubreader.launcher.service.NetworkService pkg=com.mobisystems.ubreader_west proc=422b0fe8} without owner
F/ProcessStats( 1025): Starting service ServiceState{42960c98 com.google.android.gms.wearable.service.WearableService pkg=com.google.android.gms proc=42960c98} without owner
F/ProcessStats( 1025): Starting service ServiceState{439052f8 com.motorola.genie.prefetch.PrefetcherService pkg=com.motorola.genie proc=439052f8} without owner
F/ProcessStats( 1025): Starting service ServiceState{42a4cec0 com.facebook.push.mqtt.service.MqttPushService pkg=com.facebook.katana proc=42a4cec0} without owner
F/ProcessStats( 1025): Starting service ServiceState{42a6ea20 com.motorola.audioeffects.AudioEffectsService pkg=com.motorola.audioeffects proc=42a6ea20} without owner
I/ActivityManager( 1025): Process com.android.vending (pid 18155) has died.
F/ProcessStats( 1025): Starting service ServiceState{42abda10 com.cleanmaster.fm.service.BackgroundService pkg=com.rhmsoft.fm proc=42abda10} without owner
F/ProcessStats( 1025): Starting service ServiceState{42c48c08 com.whatsapp.messaging.MessageService pkg=com.whatsapp proc=42c48c08} without owner
F/ProcessStats( 1025): Starting service ServiceState{422b0fe8 com.mobisystems.ubreader.launcher.service.NetworkService pkg=com.mobisystems.ubreader_west proc=422b0fe8} without owner
F/ProcessStats( 1025): Starting service ServiceState{42960c98 com.google.android.gms.wearable.service.WearableService pkg=com.google.android.gms proc=42960c98} without owner
F/ProcessStats( 1025): Starting service ServiceState{439052f8 com.motorola.genie.prefetch.PrefetcherService pkg=com.motorola.genie proc=439052f8} without owner
F/ProcessStats( 1025): Starting service ServiceState{42a4cec0 com.facebook.push.mqtt.service.MqttPushService pkg=com.facebook.katana proc=42a4cec0} without owner
F/ProcessStats( 1025): Starting service ServiceState{42a6ea20 com.motorola.audioeffects.AudioEffectsService pkg=com.motorola.audioeffects proc=42a6ea20} without owner
D/WifiStateMachine( 1025): handleMessage: E msg.what=151572
D/WifiStateMachine( 1025): processMsg: ConnectedState
D/WifiStateMachine( 1025): processMsg: L2ConnectedState
D/WifiStateMachine( 1025): handleMessage: X
D/WifiStateMachine( 1025): handleMessage: E msg.what=131155
D/WifiStateMachine( 1025): processMsg: ConnectedState
D/WifiStateMachine( 1025): processMsg: L2ConnectedState
D/WifiStateMachine( 1025): handleMessage: X
V/AlarmManager( 1025): sending alarm Alarm{429459b0 type 2 com.whatsapp}
V/AlarmManager( 1025): sending alarm Alarm{42948ff0 type 2 com.facebook.katana}
V/AlarmManager( 1025): sending alarm Alarm{429344d8 type 0 com.google.android.googlequicksearchbox}
W/GAV2    (18227): Thread[Background Blocking-0,5,main]: Need to call initialize() and be in fallback mode to start dispatch.
W/GAV2    (18227): Thread[Background Blocking-0,5,main]: dispatch call queued.  Need to call GAServiceManager.getInstance().initialize().
D/dalvikvm( 1025): GC_EXPLICIT freed 3731K, 41% free 30118K/50444K, paused 5ms+19ms, total 165ms
D/WifiStateMachine( 1025): handleMessage: E msg.what=151572
D/WifiStateMachine( 1025): processMsg: ConnectedState
D/WifiStateMachine( 1025): processMsg: L2ConnectedState
D/WifiStateMachine( 1025): handleMessage: X
D/WifiStateMachine( 1025): handleMessage: E msg.what=151572
D/WifiStateMachine( 1025): processMsg: ConnectedState
D/WifiStateMachine( 1025): processMsg: L2ConnectedState
D/WifiStateMachine( 1025): handleMessage: X
I/ActivityManager( 1025): Waited long enough for: ServiceRecord{43cdfcd8 u0 com.motorola.genie/.prefetch.PrefetcherService}
D/WifiStateMachine( 1025): handleMessage: E msg.what=151572
D/WifiStateMachine( 1025): processMsg: ConnectedState
D/WifiStateMachine( 1025): processMsg: L2ConnectedState
D/WifiStateMachine( 1025): handleMessage: X
D/WifiStateMachine( 1025): handleMessage: E msg.what=131155
D/WifiStateMachine( 1025): processMsg: ConnectedState
D/WifiStateMachine( 1025): processMsg: L2ConnectedState
D/WifiStateMachine( 1025): handleMessage: X
I/iu.UploadsManager(14123): End new media; added: 0, uploading: 0, time: 34 ms
D/MtpServer(17855): path: /storage/emulated/0/Download/GiftMe-release.apk parent: 8 storageID: 00010001
D/WifiStateMachine( 1025): handleMessage: E msg.what=151572
D/WifiStateMachine( 1025): processMsg: ConnectedState
D/WifiStateMachine( 1025): processMsg: L2ConnectedState
D/WifiStateMachine( 1025): handleMessage: X
D/WifiStateMachine( 1025): handleMessage: E msg.what=151572
D/WifiStateMachine( 1025): processMsg: ConnectedState
D/WifiStateMachine( 1025): processMsg: L2ConnectedState
D/WifiStateMachine( 1025): handleMessage: X
I/GAV2    (18227): Thread[GAThread,5,main]: No campaign data found.
D/WifiStateMachine( 1025): handleMessage: E msg.what=151572
D/WifiStateMachine( 1025): processMsg: ConnectedState
D/WifiStateMachine( 1025): processMsg: L2ConnectedState
D/WifiStateMachine( 1025): handleMessage: X
D/WifiStateMachine( 1025): handleMessage: E msg.what=131155
D/WifiStateMachine( 1025): processMsg: ConnectedState
D/WifiStateMachine( 1025): processMsg: L2ConnectedState
D/WifiStateMachine( 1025): handleMessage: X
D/Ulp_jni ( 1025): Location CB invoked
D/WifiStateMachine( 1025): handleMessage: E msg.what=151572
D/WifiStateMachine( 1025): processMsg: ConnectedState
D/WifiStateMachine( 1025): processMsg: L2ConnectedState
D/WifiStateMachine( 1025): handleMessage: X
D/WifiStateMachine( 1025): handleMessage: E msg.what=151572
D/WifiStateMachine( 1025): processMsg: ConnectedState
D/WifiStateMachine( 1025): processMsg: L2ConnectedState
D/WifiStateMachine( 1025): handleMessage: X
I/SFPerfTracer(  274):      triggers: (rate: 1010:414947) (303277 sw vsyncs) (962746 skipped) (17:2974844 vsyncs) (19:3732025)
D/WifiStateMachine( 1025): handleMessage: E msg.what=151572
D/WifiStateMachine( 1025): processMsg: ConnectedState
D/WifiStateMachine( 1025): processMsg: L2ConnectedState
D/WifiStateMachine( 1025): handleMessage: X
D/WifiStateMachine( 1025): handleMessage: E msg.what=131155
D/WifiStateMachine( 1025): processMsg: ConnectedState
D/WifiStateMachine( 1025): processMsg: L2ConnectedState
D/WifiStateMachine( 1025): handleMessage: X
D/WifiStateMachine( 1025): handleMessage: E msg.what=151572
D/WifiStateMachine( 1025): processMsg: ConnectedState
D/WifiStateMachine( 1025): processMsg: L2ConnectedState
D/WifiStateMachine( 1025): handleMessage: X
I/MDMCTBK (  273): NetlinkHandler, power_supply subsys
I/MDMCTBK (  273): NetlinkHandler, usbChargerStateChanged
I/MDMCTBK (  273): checkDefaultInst, current pid is = 273
I/MDMCTBK (  273): checkDefaultInst, pid match
I/MDMCTBK (  273): MdmCutbackHndler,readFromFile = /sys/class/power_supply/usb/online
I/MDMCTBK (  273): MdmCutbackHndler,readFromFile = 
E/MDMCTBK (  273): MdmCutbackHndler,Could not open ''
I/MDMCTBK (  273): NetlinkHandler, power_supply subsys
I/MDMCTBK (  273): NetlinkHandler, usbChargerStateChanged
I/MDMCTBK (  273): checkDefaultInst, current pid is = 273
I/MDMCTBK (  273): checkDefaultInst, pid match
I/MDMCTBK (  273): MdmCutbackHndler,readFromFile = /sys/class/power_supply/usb/online
I/MDMCTBK (  273): MdmCutbackHndler,readFromFile = 
E/MDMCTBK (  273): MdmCutbackHndler,Could not open ''
I/ActivityManager( 1025): Start proc com.google.android.gms.wearable for service com.google.android.gms/.wearable.service.WearableService: pid=18307 uid=10022 gids={50022, 3003, 1007, 1028, 1015, 3002, 3001, 3007, 2001, 3006}
D/dalvikvm(  275): GC_EXPLICIT freed 43K, 48% free 9011K/17224K, paused 2ms+12ms, total 46ms
D/dalvikvm(  275): GC_EXPLICIT freed <1K, 48% free 9011K/17224K, paused 2ms+4ms, total 21ms
D/dalvikvm(  275): GC_EXPLICIT freed <1K, 48% free 9011K/17224K, paused 1ms+3ms, total 22ms
W/dalvikvm(18307): VFY: unable to resolve static field 658 (PR_SET_DUMPABLE) in Landroid/system/OsConstants;
D/dalvikvm(18307): VFY: replacing opcode 0x60 at 0x000b
I/MultiDex(18307): VM with version 1.6.0 does not have multidex support
I/MultiDex(18307): install
I/MultiDex(18307): MultiDexExtractor.load(/data/app/com.google.android.gms-1.apk, false)
I/MultiDex(18307): loading existing secondary dex files
I/MultiDex(18307): load found 3 secondary dex files
I/MultiDex(18307): install done
I/ProviderInstaller(18307): Insert disabled by gate 'gms:security:enable_conscrypt_in_gms_application'
