W/BroadcastQueue( 1025): Permission Denial: broadcasting Intent { act=android.net.conn.INET_CONDITION_ACTION flg=0x4000010 (has extras) } from null (pid=-1, uid=-1) requires com.facebook.permission.prod.FB_APP_COMMUNICATION due to registered receiver BroadcastFilter{42d1dde0 u0 ReceiverList{42df3508 21525 com.facebook.orca/10147/u0 remote:42e00d00}}
W/BroadcastQueue( 1025): Permission Denial: broadcasting Intent { act=android.net.conn.CONNECTIVITY_CHANGE flg=0x4000010 (has extras) } from null (pid=-1, uid=-1) requires com.facebook.permission.prod.FB_APP_COMMUNICATION due to registered receiver BroadcastFilter{42d1dde0 u0 ReceiverList{42df3508 21525 com.facebook.orca/10147/u0 remote:42e00d00}}
W/dalvikvm(21525): Unable to resolve superclass of Lcom/facebook/push/adm/ADMBroadcastReceiver; (566)
W/dalvikvm(21525): Link of class 'Lcom/facebook/push/adm/ADMBroadcastReceiver;' failed
E/dalvikvm(21525): Could not find class 'com.facebook.push.adm.ADMBroadcastReceiver', referenced from method com.facebook.push.adm.a.b
W/dalvikvm(21525): VFY: unable to resolve const-class 6907 (Lcom/facebook/push/adm/ADMBroadcastReceiver;) in Lcom/facebook/push/adm/a;
D/dalvikvm(21525): VFY: replacing opcode 0x1c at 0x000e
W/msgr(:<default>):a(21525): Attempt to start service that is already started
W/msgr(:<default>):a(21525): Attempt to start service that is already started
D/WifiStateMachine( 1025): handleMessage: E msg.what=151572
D/WifiStateMachine( 1025): processMsg: ConnectedState
D/WifiStateMachine( 1025): processMsg: L2ConnectedState
D/WifiStateMachine( 1025): handleMessage: X
W/BroadcastQueue( 1025): Permission Denial: broadcasting Intent { act=android.net.conn.CONNECTIVITY_CHANGE flg=0x4000010 (has extras) } from null (pid=-1, uid=-1) requires com.facebook.permission.prod.FB_APP_COMMUNICATION due to registered receiver BroadcastFilter{41ff1168 u0 ReceiverList{41fff520 21525 com.facebook.orca/10147/u0 remote:42027118}}
I/ActivityManager( 1025): Process com.ghisler.android.TotalCommander (pid 21493) has died.
D/dalvikvm( 1025): GC_EXPLICIT freed 3380K, 35% free 33210K/50444K, paused 8ms+21ms, total 213ms
D/WifiStateMachine( 1025): handleMessage: E msg.what=151572
D/WifiStateMachine( 1025): processMsg: ConnectedState
D/WifiStateMachine( 1025): processMsg: L2ConnectedState
D/WifiStateMachine( 1025): handleMessage: X
I/ActivityManager( 1025): START u0 {act=android.intent.action.MAIN cat=[android.intent.category.LAUNCHER] flg=0x10200000 pkg=com.ghisler.android.TotalCommander cmp=com.ghisler.android.TotalCommander/.TotalCommander bnds=[520,385][680,585]} from pid 23877
W/ContextImpl( 1295): Calling a method in the system process without a qualified user: android.app.ContextImpl.sendBroadcast:1252 android.content.ContextWrapper.sendBroadcast:365 com.motorola.motocare.util.TriggerHelper$TriggerBuilder.send:76 com.motorola.motocare.internal.frameworkevents.PauseResumeTrigger.handleFrameworkEvent:53 com.motorola.motocare.internal.frameworkevents.FwEventMonitor$FrameworkListener.processFrameworkEvent:114 
D/WifiStateMachine( 1025): handleMessage: E msg.what=131155
D/WifiStateMachine( 1025): processMsg: ConnectedState
D/WifiStateMachine( 1025): processMsg: L2ConnectedState
D/WifiStateMachine( 1025): handleMessage: X
I/ActivityManager( 1025): Start proc com.ghisler.android.TotalCommander for activity com.ghisler.android.TotalCommander/.TotalCommander: pid=21664 uid=10121 gids={50121, 1028, 1015, 3001, 3002, 3003}
W/ContextImpl( 1295): Calling a method in the system process without a qualified user: android.app.ContextImpl.sendBroadcast:1252 android.content.ContextWrapper.sendBroadcast:365 com.motorola.motocare.util.TriggerHelper$TriggerBuilder.send:76 com.motorola.motocare.internal.frameworkevents.PauseResumeTrigger.handleFrameworkEvent:53 com.motorola.motocare.internal.frameworkevents.FwEventMonitor$FrameworkListener.processFrameworkEvent:114 
I/SFPerfTracer(  274):      triggers: (rate: 2364:89728) (compose: 0:286) (post: 0:27) (render: 97:11310) (2:937489 frames) (3:3898643)
D/SFPerfTracer(  274):        layers: (4:11) (DimLayer: 0:158)* (DimLayer: 0:160)* (FocusedStackFrame: 0:24927)* (StatusBar: 1:304939) (NavigationBar: 0:231232) (DimLayer: 0:29128)* (DimLayer: 0:5708)* (com.android.systemui.ImageWallpaper: 0:572) (com.ghisler.android.TotalCommander/com.ghisler.android.TotalCommander.TotalCommander: 0:66)* (com.android.launcher/com.android.launcher2.Launcher: 2:74) (Starting com.ghisler.android.TotalCommander: 2:2)* 
D/ACRA    (21664): Retrieve application default SharedPreferences.
D/ACRA    (21664): Set OnSharedPreferenceChangeListener.
D/ACRA    (21664): ACRA is enabled for com.ghisler.android.TotalCommander, intializing...
D/ACRA    (21664): Looking for error files in /data/data/com.ghisler.android.TotalCommander/files
V/OUYAF   (21664): ODK version number: 62
W/OUYAF   (21664): Not running on Ouya hardware: peregrine
I/dalvikvm(21525): Total arena pages for JIT: 11
I/dalvikvm(21525): Total arena pages for JIT: 12
E/cutils  (  261): Failed to mkdirat(/storage/sdcard1/Android): Read-only file system
W/Vold    (  261): Returning OperationFailed - no handler for errno 30
W/ContextImpl(21664): Failed to ensure directory: /storage/sdcard1/Android/data/com.ghisler.android.TotalCommander/files
E/cutils  (  261): Failed to mkdirat(/storage/sdcard1/Android): Read-only file system
W/Vold    (  261): Returning OperationFailed - no handler for errno 30
W/ContextImpl(21664): Failed to ensure directory: /storage/sdcard1/Android/data/com.ghisler.android.TotalCommander/files
I/Adreno-EGL(21664): <qeglDrvAPI_eglInitialize:410>: EGL 1.4 QUALCOMM build: AU_LINUX_ANDROID_LNX.LA.3.5.1_RB1.04.04.02.048.018_msm8226_LNX.LA.3.5.1_RB1__release_AU ()
I/Adreno-EGL(21664): OpenGL ES Shader Compiler Version: E031.24.00.08
I/Adreno-EGL(21664): Build Date: 03/07/14 Fri
I/Adreno-EGL(21664): Local Branch: 
I/Adreno-EGL(21664): Remote Branch: quic/LNX.LA.3.5.1_RB1.1
I/Adreno-EGL(21664): Local Patches: NONE
I/Adreno-EGL(21664): Reconstruct Branch: AU_LINUX_ANDROID_LNX.LA.3.5.1_RB1.04.04.02.048.018 + f2fd134 +  NOTHING
D/OpenGLRenderer(21664): Enabling debug mode 0
I/SFPerfTracer(  274):      triggers: (rate: 1214:464049) (396413 sw vsyncs) (1110088 skipped) (103:3960369 vsyncs) (105:4947587)
I/ActivityManager( 1025): Process com.facebook.katana (pid 21262) has died.
W/ActivityManager( 1025): Scheduling restart of crashed service com.facebook.katana/com.facebook.push.mqtt.service.MqttPushService in 906352ms
D/WifiService( 1025): Client connection lost with reason: 4
I/LaunchCheckinHandler( 1025): Displayed com.ghisler.android.TotalCommander/.TotalCommander,cp,ca,607
I/ActivityManager( 1025): Displayed com.ghisler.android.TotalCommander/.TotalCommander: +608ms
E/cutils  (  261): Failed to mkdirat(/storage/sdcard1/Android): Read-only file system
W/Vold    (  261): Returning OperationFailed - no handler for errno 30
W/ContextImpl(21664): Failed to ensure directory: /storage/sdcard1/Android/data/com.ghisler.android.TotalCommander/files
E/cutils  (  261): Failed to mkdirat(/storage/sdcard1/Android): Read-only file system
W/Vold    (  261): Returning OperationFailed - no handler for errno 30
W/ContextImpl(21664): Failed to ensure directory: /storage/sdcard1/Android/data/com.ghisler.android.TotalCommander/files
E/rsC++   (23877): RS Message thread exiting.
D/WifiStateMachine( 1025): handleMessage: E msg.what=151572
D/WifiStateMachine( 1025): processMsg: ConnectedState
D/WifiStateMachine( 1025): processMsg: L2ConnectedState
D/WifiStateMachine( 1025): handleMessage: X
D/WifiStateMachine( 1025): handleMessage: E msg.what=151572
D/WifiStateMachine( 1025): processMsg: ConnectedState
D/WifiStateMachine( 1025): processMsg: L2ConnectedState
D/WifiStateMachine( 1025): handleMessage: X
V/AlarmManager( 1025): sending alarm Alarm{42d02c00 type 2 com.facebook.orca}
V/AlarmManager( 1025): sending alarm Alarm{42cfadf8 type 2 com.google.android.gms}
D/GCM     (23035): Message class com.google.f.a.a.i
D/dalvikvm(21525): GC_CONCURRENT freed 4734K, 29% free 12333K/17224K, paused 8ms+7ms, total 63ms
D/ConnectivityService( 1025): handleInetConditionHoldEnd: net=1, condition=100, published condition=100
I/ModemStatsDSDetect( 1327): onReceive() -Intent { act=android.net.conn.INET_CONDITION_ACTION flg=0x4000010 (has extras) }
I/SBar.NetworkController( 1119): onReceive: ConnectivityManager.INET_CONDITION_ACTION Received
I/SBar.NetworkController( 1119): updateConnectivity: NetworkInfo: NetworkInfo: type: WIFI[], state: CONNECTED/CONNECTED, reason: (unspecified), extra: "UPC624261", roaming: false, failover: false, isAvailable: true, isConnectedToProvisioningNetwork: false, inetCondition= 1
I/ModemStatsDSDetect( 1327): INET_CONDITION=100 ,activeNet=NetworkInfo: type: WIFI[], state: CONNECTED/CONNECTED, reason: (unspecified), extra: "UPC624261", roaming: false, failover: false, isAvailable: true, isConnectedToProvisioningNetwork: false
I/ModemStatsDSDetect( 1327): onReceive() - done, currentInetCondition=100
D/WifiStateMachine( 1025): handleMessage: E msg.what=151572
D/WifiStateMachine( 1025): processMsg: ConnectedState
D/WifiStateMachine( 1025): processMsg: L2ConnectedState
D/WifiStateMachine( 1025): handleMessage: X
D/WifiStateMachine( 1025): handleMessage: E msg.what=131155
D/WifiStateMachine( 1025): processMsg: ConnectedState
D/WifiStateMachine( 1025): processMsg: L2ConnectedState
D/WifiStateMachine( 1025): handleMessage: X
D/WifiStateMachine( 1025): handleMessage: E msg.what=151572
D/WifiStateMachine( 1025): processMsg: ConnectedState
D/WifiStateMachine( 1025): processMsg: L2ConnectedState
D/WifiStateMachine( 1025): handleMessage: X
D/WifiStateMachine( 1025): handleMessage: E msg.what=151572
D/WifiStateMachine( 1025): processMsg: ConnectedState
D/WifiStateMachine( 1025): processMsg: L2ConnectedState
W/PackageParser(21664): No actions in intent filter at /storage/emulated/0/download/GiftMe-release.apk Binary XML file line #15
D/WifiStateMachine( 1025): handleMessage: X
I/SFPerfTracer(  274):      triggers: (rate: 1214:464049) (396413 sw vsyncs) (1110088 skipped) (23:3960457 vsyncs) (25:4947693)
D/WifiStateMachine( 1025): handleMessage: E msg.what=151572
D/WifiStateMachine( 1025): processMsg: ConnectedState
D/WifiStateMachine( 1025): processMsg: L2ConnectedState
D/WifiStateMachine( 1025): handleMessage: X
D/WifiStateMachine( 1025): handleMessage: E msg.what=131155
D/WifiStateMachine( 1025): processMsg: ConnectedState
D/WifiStateMachine( 1025): processMsg: L2ConnectedState
D/WifiStateMachine( 1025): handleMessage: X
D/Ulp_jni ( 1025): Location CB invoked
I/SFPerfTracer(  274):      triggers: (rate: 2364:89728) (compose: 0:286) (post: 0:27) (render: 97:11310) (0:937515 frames) (1:3898743)
D/SFPerfTracer(  274):        layers: (3:11) (DimLayer: 0:158)* (DimLayer: 0:160)* (FocusedStackFrame: 0:24930)* (StatusBar: 0:304966) (NavigationBar: 0:231251) (DimLayer: 0:29128)* (DimLayer: 0:5708)* (com.android.systemui.ImageWallpaper: 0:573)* (com.android.launcher/com.android.launcher2.Launcher: 0:77)* (Starting com.ghisler.android.TotalCommander: 0:34)* (com.ghisler.android.TotalCommander/com.ghisler.android.TotalCommander.TotalCommander: 1:64) 
D/WifiStateMachine( 1025): handleMessage: E msg.what=151572
D/WifiStateMachine( 1025): processMsg: ConnectedState
D/WifiStateMachine( 1025): processMsg: L2ConnectedState
D/WifiStateMachine( 1025): handleMessage: X
D/WifiStateMachine( 1025): handleMessage: E msg.what=151572
D/WifiStateMachine( 1025): processMsg: ConnectedState
D/WifiStateMachine( 1025): processMsg: L2ConnectedState
D/WifiStateMachine( 1025): handleMessage: X
I/SBar.NetworkController( 1119): onSignalStrengthsChanged SignalStrength: 11 0 -120 -160 -120 -1 -1 99 2147483647 2147483647 2147483647 2147483647 2147483647 gsm|lte 0 -108 -1 false 3 3 0 0 0 99 99 99 4 level=3
W/PackageParser(21664): No actions in intent filter at /storage/emulated/0/download/GiftMe-release.apk Binary XML file line #15
D/WifiStateMachine( 1025): handleMessage: E msg.what=151572
D/WifiStateMachine( 1025): processMsg: ConnectedState
D/WifiStateMachine( 1025): processMsg: L2ConnectedState
D/WifiStateMachine( 1025): handleMessage: X
D/WifiStateMachine( 1025): handleMessage: E msg.what=131155
D/WifiStateMachine( 1025): processMsg: ConnectedState
D/WifiStateMachine( 1025): processMsg: L2ConnectedState
D/WifiStateMachine( 1025): handleMessage: X
I/SFPerfTracer(  274):      triggers: (rate: 1214:464049) (396413 sw vsyncs) (1110088 skipped) (32:3960542 vsyncs) (34:4947796)
I/ActivityManager( 1025): START u0 {act=android.intent.action.VIEW dat=file:///storage/emulated/0/download/GiftMe-release.apk typ=application/vnd.android.package-archive flg=0x10000000 cmp=com.android.packageinstaller/.PackageInstallerActivity} from pid 21664
W/ActivityManager( 1025): Activity is launching as a new task, so cancelling activity result.
W/ContextImpl( 1295): Calling a method in the system process without a qualified user: android.app.ContextImpl.sendBroadcast:1252 android.content.ContextWrapper.sendBroadcast:365 com.motorola.motocare.util.TriggerHelper$TriggerBuilder.send:76 com.motorola.motocare.internal.frameworkevents.PauseResumeTrigger.handleFrameworkEvent:53 com.motorola.motocare.internal.frameworkevents.FwEventMonitor$FrameworkListener.processFrameworkEvent:114 
D/WifiStateMachine( 1025): handleMessage: E msg.what=151572
D/WifiStateMachine( 1025): processMsg: ConnectedState
D/WifiStateMachine( 1025): processMsg: L2ConnectedState
I/ActivityManager( 1025): Start proc com.android.packageinstaller for activity com.android.packageinstaller/.PackageInstallerActivity: pid=21725 uid=10085 gids={50085, 1028}
D/WifiStateMachine( 1025): handleMessage: X
D/dalvikvm(  275): GC_EXPLICIT freed 42K, 48% free 9011K/17224K, paused 1ms+2ms, total 23ms
D/dalvikvm(  275): GC_EXPLICIT freed <1K, 48% free 9011K/17224K, paused 1ms+2ms, total 18ms
D/dalvikvm(  275): GC_EXPLICIT freed <1K, 48% free 9011K/17224K, paused 1ms+3ms, total 21ms
W/ContextImpl( 1295): Calling a method in the system process without a qualified user: android.app.ContextImpl.sendBroadcast:1252 android.content.ContextWrapper.sendBroadcast:365 com.motorola.motocare.util.TriggerHelper$TriggerBuilder.send:76 com.motorola.motocare.internal.frameworkevents.PauseResumeTrigger.handleFrameworkEvent:53 com.motorola.motocare.internal.frameworkevents.FwEventMonitor$FrameworkListener.processFrameworkEvent:114 
W/PackageParser(21725): No actions in intent filter at /storage/emulated/0/download/GiftMe-release.apk Binary XML file line #15
E/cutils  (  261): Failed to mkdirat(/storage/sdcard1/Android): Read-only file system
W/Vold    (  261): Returning OperationFailed - no handler for errno 30
W/ContextImpl(21664): Failed to ensure directory: /storage/sdcard1/Android/data/com.ghisler.android.TotalCommander/files
I/SFPerfTracer(  274):      triggers: (rate: 2364:89728) (compose: 0:286) (post: 0:27) (render: 97:11310) (13:937562 frames) (14:3898843)
D/SFPerfTracer(  274):        layers: (4:11) (DimLayer: 0:158)* (DimLayer: 0:160)* (FocusedStackFrame: 0:24935)* (StatusBar: 0:304969) (NavigationBar: 0:231251) (DimLayer: 0:29153)* (DimLayer: 0:5709) (com.android.systemui.ImageWallpaper: 0:573)* (com.ghisler.android.TotalCommander/com.ghisler.android.TotalCommander.TotalCommander: 1:121)* (GiftMe-release.apk: 0:31)* (Starting com.android.packageinstaller: 14:18) 
I/Adreno-EGL(21725): <qeglDrvAPI_eglInitialize:410>: EGL 1.4 QUALCOMM build: AU_LINUX_ANDROID_LNX.LA.3.5.1_RB1.04.04.02.048.018_msm8226_LNX.LA.3.5.1_RB1__release_AU ()
I/Adreno-EGL(21725): OpenGL ES Shader Compiler Version: E031.24.00.08
I/Adreno-EGL(21725): Build Date: 03/07/14 Fri
I/Adreno-EGL(21725): Local Branch: 
I/Adreno-EGL(21725): Remote Branch: quic/LNX.LA.3.5.1_RB1.1
I/Adreno-EGL(21725): Local Patches: NONE
I/Adreno-EGL(21725): Reconstruct Branch: AU_LINUX_ANDROID_LNX.LA.3.5.1_RB1.04.04.02.048.018 + f2fd134 +  NOTHING
D/OpenGLRenderer(21725): Enabling debug mode 0
V/RenderScript(21725): 0x6050b6d0 Launching thread(s), CPUs 4
I/LaunchCheckinHandler( 1025): Displayed com.android.packageinstaller/.PackageInstallerActivity,cp,ca,913
I/ActivityManager( 1025): Displayed com.android.packageinstaller/.PackageInstallerActivity: +913ms
D/WifiStateMachine( 1025): handleMessage: E msg.what=151572
D/WifiStateMachine( 1025): processMsg: ConnectedState
D/WifiStateMachine( 1025): processMsg: L2ConnectedState
D/WifiStateMachine( 1025): handleMessage: X
I/ActivityManager( 1025): START u0 {dat=file:///storage/emulated/0/download/GiftMe-release.apk cmp=com.android.packageinstaller/.InstallAppProgress (has extras)} from pid 21725
W/ContextImpl( 1295): Calling a method in the system process without a qualified user: android.app.ContextImpl.sendBroadcast:1252 android.content.ContextWrapper.sendBroadcast:365 com.motorola.motocare.util.TriggerHelper$TriggerBuilder.send:76 com.motorola.motocare.internal.frameworkevents.PauseResumeTrigger.handleFrameworkEvent:53 com.motorola.motocare.internal.frameworkevents.FwEventMonitor$FrameworkListener.processFrameworkEvent:114 
W/ContextImpl( 1295): Calling a method in the system process without a qualified user: android.app.ContextImpl.sendBroadcast:1252 android.content.ContextWrapper.sendBroadcast:365 com.motorola.motocare.util.TriggerHelper$TriggerBuilder.send:76 com.motorola.motocare.internal.frameworkevents.PauseResumeTrigger.handleFrameworkEvent:53 com.motorola.motocare.internal.frameworkevents.FwEventMonitor$FrameworkListener.processFrameworkEvent:114 
W/InstallAppProgress(21725): Replacing package:co.giftmeapp.gift_me
I/ActivityManager( 1025): Start proc com.android.defcontainer for service com.android.defcontainer/.DefaultContainerService: pid=21762 uid=10013 gids={50013, 1028, 1015, 1023, 2001, 1035}
I/LaunchCheckinHandler( 1025): Displayed com.android.packageinstaller/.InstallAppProgress,wp,ca,153
I/ActivityManager( 1025): Displayed com.android.packageinstaller/.InstallAppProgress: +153ms
W/ActivityManager( 1025): No content provider found for permission revoke: file:///storage/emulated/0/download/GiftMe-release.apk
I/ActivityManager( 1025): Start proc com.android.vending for broadcast com.android.vending/com.google.android.vending.verifier.PackageVerificationReceiver: pid=21789 uid=10039 gids={50039, 3003, 1028, 1015}
D/WifiStateMachine( 1025): handleMessage: E msg.what=151572
D/WifiStateMachine( 1025): processMsg: ConnectedState
D/WifiStateMachine( 1025): processMsg: L2ConnectedState
D/WifiStateMachine( 1025): handleMessage: X
D/WifiStateMachine( 1025): handleMessage: E msg.what=131155
D/WifiStateMachine( 1025): processMsg: ConnectedState
D/WifiStateMachine( 1025): processMsg: L2ConnectedState
D/WifiStateMachine( 1025): handleMessage: X
D/Finsky  (21789): [1] FinskyApp.onCreate: Initializing network with DFE https://android.clients.google.com/fdfe/
I/SFPerfTracer(  274):      triggers: (rate: 1214:464049) (396413 sw vsyncs) (1110088 skipped) (31:3960638 vsyncs) (33:4947905)
D/Finsky  (21789): [1] DailyHygiene.goMakeHygieneIfDirty: No need to run daily hygiene.
W/Settings(21789): Setting download_manager_max_bytes_over_mobile has moved from android.provider.Settings.Secure to android.provider.Settings.Global.
W/Settings(21789): Setting download_manager_recommended_max_bytes_over_mobile has moved from android.provider.Settings.Secure to android.provider.Settings.Global.
I/dalvikvm(21789): Could not find method com.google.android.play.layout.PlayCardViewBase.setTransitionName, referenced from method com.google.android.finsky.utils.PlayCardUtils.bindCard
W/dalvikvm(21789): VFY: unable to resolve virtual method 42705: Lcom/google/android/play/layout/PlayCardViewBase;.setTransitionName (Ljava/lang/String;)V
D/dalvikvm(21789): VFY: replacing opcode 0x6e at 0x00d9
I/dalvikvm(21789): Could not find method com.google.android.play.layout.PlayCardViewBase.setTransitionGroup, referenced from method com.google.android.finsky.utils.PlayCardUtils.bindCard
W/dalvikvm(21789): VFY: unable to resolve virtual method 42704: Lcom/google/android/play/layout/PlayCardViewBase;.setTransitionGroup (Z)V
D/dalvikvm(21789): VFY: replacing opcode 0x6e at 0x0246
I/dalvikvm(21789): Could not find method android.view.View.getTransitionName, referenced from method com.google.android.finsky.navigationmanager.NavigationManager.showPage
W/dalvikvm(21789): VFY: unable to resolve virtual method 9352: Landroid/view/View;.getTransitionName ()Ljava/lang/String;
D/dalvikvm(21789): VFY: replacing opcode 0x6e at 0x001a
D/Finsky  (21789): [1] PackageVerificationReceiver.onReceive: Verification requested, id = 246
D/Finsky  (21789): [1] 2.run: Loaded library for account: [gKXbJhL8NA2nPUzZyFpjB6tKi7U]
D/Finsky  (21789): [1] 2.run: Finished loading 1 libraries.
D/Finsky  (21789): [1] WorkerTask.onPreExecute: Verification Requested for id = 246, data=file:///storage/emulated/0/download/GiftMe-release.apk flags=18 fromVerificationActivity=false
W/PackageParser(21789): No actions in intent filter at /storage/emulated/0/download/GiftMe-release.apk Binary XML file line #15
D/Finsky  (21789): [1] GmsCoreHelper.cleanupNlp: result=false type=4
D/Finsky  (21789): [1] RestoreTracker.stopServiceIfDone: Restore complete with 0 success and 0 failed.
D/WifiStateMachine( 1025): handleMessage: E msg.what=151572
D/WifiStateMachine( 1025): processMsg: ConnectedState
D/WifiStateMachine( 1025): processMsg: L2ConnectedState
D/WifiStateMachine( 1025): handleMessage: X
D/dalvikvm(21789): GC_CONCURRENT freed 6399K, 38% free 10735K/17224K, paused 4ms+5ms, total 40ms
I/SFPerfTracer(  274):      triggers: (rate: 2364:89728) (compose: 0:286) (post: 0:27) (render: 97:11310) (0:937599 frames) (1:3898943)
D/SFPerfTracer(  274):        layers: (3:12) (DimLayer: 0:158)* (DimLayer: 0:160)* (FocusedStackFrame: 0:24943)* (StatusBar: 0:304972) (NavigationBar: 0:231251) (DimLayer: 0:29153)* (DimLayer: 0:5712)* (com.android.systemui.ImageWallpaper: 0:573)* (com.ghisler.android.TotalCommander/com.ghisler.android.TotalCommander.TotalCommander: 0:121)* (Starting com.android.packageinstaller: 0:39)* (com.android.packageinstaller/com.android.packageinstaller.PackageInstallerActivity: 0:31)* (com.android.packageinstaller/com.android.packageinstaller.InstallAppProgress: 1:71) 
D/WifiStateMachine( 1025): handleMessage: E msg.what=151572
D/WifiStateMachine( 1025): processMsg: ConnectedState
D/WifiStateMachine( 1025): processMsg: L2ConnectedState
D/WifiStateMachine( 1025): handleMessage: X
I/qtaguid (21789): Failed write_ctrl(u 58) res=-1 errno=22
I/qtaguid (21789): Untagging socket 58 failed errno=-22
W/NetworkManagementSocketTagger(21789): untagSocket(58) failed with errno -22
D/Finsky  (21789): [1] 2.onResponse: Verification id=246 response=0
D/Finsky  (21789): [1] PackageVerificationReceiver.onReceive: Verification requested, id = 246
W/ActivityManager( 1025): No content provider found for permission revoke: file:///storage/emulated/0/download/GiftMe-release.apk
I/PackageManager( 1025): Copying native libraries to /data/app-lib/vmdl-1853992486
I/SFPerfTracer(  274):      triggers: (rate: 1214:464049) (396413 sw vsyncs) (1110088 skipped) (0:3960659 vsyncs) (2:4948006)
W/PackageParser( 1025): No actions in intent filter at /data/app/vmdl-1853992486.tmp Binary XML file line #15
D/WifiStateMachine( 1025): handleMessage: E msg.what=151572
D/WifiStateMachine( 1025): processMsg: ConnectedState
D/WifiStateMachine( 1025): processMsg: L2ConnectedState
D/WifiStateMachine( 1025): handleMessage: X
D/WifiStateMachine( 1025): handleMessage: E msg.what=131155
D/WifiStateMachine( 1025): processMsg: ConnectedState
D/WifiStateMachine( 1025): processMsg: L2ConnectedState
D/WifiStateMachine( 1025): handleMessage: X
I/ActivityManager( 1025): Force stopping co.giftmeapp.gift_me appid=10155 user=-1: uninstall pkg
I/PackageManager( 1025): Package co.giftmeapp.gift_me codePath changed from /data/app/co.giftmeapp.gift_me-1.apk to /data/app/co.giftmeapp.gift_me-2.apk; Retaining data and using new
D/WifiStateMachine( 1025): handleMessage: E msg.what=151572
D/WifiStateMachine( 1025): processMsg: ConnectedState
D/WifiStateMachine( 1025): processMsg: L2ConnectedState
D/WifiStateMachine( 1025): handleMessage: X
I/PackageManager( 1025): Running dexopt on: co.giftmeapp.gift_me
D/Ulp_jni ( 1025): Location CB invoked
I/ActivityManager( 1025): Process com.android.vending (pid 21789) has died.
D/WifiStateMachine( 1025): handleMessage: E msg.what=151572
D/WifiStateMachine( 1025): processMsg: ConnectedState
D/WifiStateMachine( 1025): processMsg: L2ConnectedState
D/WifiStateMachine( 1025): handleMessage: X
I/SFPerfTracer(  274):      triggers: (rate: 1214:464049) (396413 sw vsyncs) (1110088 skipped) (0:3960677 vsyncs) (2:4948108)
D/dalvikvm(21837): DexOpt: load 137ms, verify+opt 694ms, 2178868 bytes
I/ActivityManager( 1025): Force stopping co.giftmeapp.gift_me appid=10155 user=-1: update pkg
W/PackageManager( 1025): Code path for pkg : co.giftmeapp.gift_me changing from /data/app/co.giftmeapp.gift_me-1.apk to /data/app/co.giftmeapp.gift_me-2.apk
W/PackageManager( 1025): Resource path for pkg : co.giftmeapp.gift_me changing from /data/app/co.giftmeapp.gift_me-1.apk to /data/app/co.giftmeapp.gift_me-2.apk
D/WifiStateMachine( 1025): handleMessage: E msg.what=151572
D/WifiStateMachine( 1025): processMsg: ConnectedState
D/WifiStateMachine( 1025): processMsg: L2ConnectedState
D/WifiStateMachine( 1025): handleMessage: X
D/WifiStateMachine( 1025): handleMessage: E msg.what=131155
D/WifiStateMachine( 1025): processMsg: ConnectedState
D/WifiStateMachine( 1025): processMsg: L2ConnectedState
D/WifiStateMachine( 1025): handleMessage: X
D/dalvikvm( 1025): JIT code cache reset in 3 ms (1535912 bytes 472/0)
D/dalvikvm( 1025): GC_CONCURRENT freed 5554K, 34% free 33717K/50444K, paused 4ms+23ms, total 169ms
D/dalvikvm( 1025): WAIT_FOR_CONCURRENT_GC blocked 43ms
I/ActivityManager( 1025): Force stopping co.giftmeapp.gift_me appid=10155 user=0: pkg removed
D/dalvikvm( 1119): GC_EXPLICIT freed 4285K, 30% free 14228K/20168K, paused 3ms+6ms, total 41ms
D/dalvikvm(21664): GC_EXPLICIT freed 1750K, 39% free 10578K/17224K, paused 10ms+6ms, total 53ms
I/InputReader( 1025): Reconfiguring input devices.  changes=0x00000010
I/PackageManager( 1025): Adding preferred activity ComponentInfo{com.android.mms/com.android.mms.ui.ComposeMessageActivity} for user 0 :
I/PackageManager( 1025):   Action: "android.intent.action.SENDTO"
I/PackageManager( 1025):   Category: "android.intent.category.DEFAULT"
I/PackageManager( 1025):   Scheme: "sms"
I/SFPerfTracer(  274):      triggers: (rate: 2364:89728) (compose: 0:286) (post: 0:27) (render: 97:11310) (0:937599 frames) (1:3899043)
D/SFPerfTracer(  274):        layers: (3:9) (DimLayer: 0:158)* (DimLayer: 0:160)* (FocusedStackFrame: 0:24943)* (StatusBar: 0:304977) (NavigationBar: 0:231251) (DimLayer: 0:29153)* (DimLayer: 0:5712)* (com.android.systemui.ImageWallpaper: 0:573)* (com.android.packageinstaller/com.android.packageinstaller.InstallAppProgress: 1:166) 
I/InputReader( 1025): Reconfiguring input devices.  changes=0x00000010
I/PackageManager( 1025): Adding preferred activity ComponentInfo{com.android.mms/com.android.mms.ui.ComposeMessageActivity} for user 0 :
I/PackageManager( 1025):   Action: "android.intent.action.SENDTO"
I/PackageManager( 1025):   Category: "android.intent.category.DEFAULT"
I/PackageManager( 1025):   Scheme: "smsto"
I/Launcher(23877): Deferring update until onResume
I/PackageManager( 1025): Adding preferred activity ComponentInfo{com.android.mms/com.android.mms.ui.ComposeMessageActivity} for user 0 :
I/PackageManager( 1025):   Action: "android.intent.action.SENDTO"
I/PackageManager( 1025):   Category: "android.intent.category.DEFAULT"
I/PackageManager( 1025):   Scheme: "mms"
I/InputReader( 1025): Reconfiguring input devices.  changes=0x00000010
I/PackageManager( 1025): Adding preferred activity ComponentInfo{com.android.mms/com.android.mms.ui.ComposeMessageActivity} for user 0 :
I/PackageManager( 1025):   Action: "android.intent.action.SENDTO"
I/PackageManager( 1025):   Category: "android.intent.category.DEFAULT"
I/PackageManager( 1025):   Scheme: "mmsto"
I/PackageManager( 1025): Adding preferred activity ComponentInfo{com.android.mms/com.android.mms.ui.ComposeMessageActivity} for user 0 :
I/PackageManager( 1025):   Action: "android.intent.action.SENDTO"
I/PackageManager( 1025):   Category: "android.intent.category.DEFAULT"
I/PackageManager( 1025):   Scheme: "sms"
D/WifiStateMachine( 1025): handleMessage: E msg.what=151572
D/WifiStateMachine( 1025): processMsg: ConnectedState
D/WifiStateMachine( 1025): processMsg: L2ConnectedState
I/PackageManager( 1025): Adding preferred activity ComponentInfo{com.android.mms/com.android.mms.ui.ComposeMessageActivity} for user 0 :
I/PackageManager( 1025):   Action: "android.intent.action.SENDTO"
I/PackageManager( 1025):   Category: "android.intent.category.DEFAULT"
I/PackageManager( 1025):   Scheme: "smsto"
D/WifiStateMachine( 1025): handleMessage: X
I/ActivityManager( 1025): Start proc com.android.keychain for broadcast com.android.keychain/.KeyChainBroadcastReceiver: pid=21855 uid=1000 gids={41000, 1028, 1015, 3002, 3001, 3003, 1021, 3004, 3005, 1000, 3009, 1023, 1010, 1004, 2002, 3006}
W/InputMethodInfo( 1025): Duplicated subtype definition found: , voice
I/PackageManager( 1025): Adding preferred activity ComponentInfo{com.android.mms/com.android.mms.ui.ComposeMessageActivity} for user 0 :
I/PackageManager( 1025):   Action: "android.intent.action.SENDTO"
I/PackageManager( 1025):   Category: "android.intent.category.DEFAULT"
I/PackageManager( 1025):   Scheme: "mms"
I/PackageManager( 1025): Adding preferred activity ComponentInfo{com.android.mms/com.android.mms.ui.ComposeMessageActivity} for user 0 :
I/PackageManager( 1025):   Action: "android.intent.action.SENDTO"
I/PackageManager( 1025):   Category: "android.intent.category.DEFAULT"
I/PackageManager( 1025):   Scheme: "mmsto"
I/PackageManager( 1025): Adding preferred activity ComponentInfo{com.android.mms/com.android.mms.ui.ComposeMessageActivity} for user 0 :
I/PackageManager( 1025):   Action: "android.intent.action.SENDTO"
I/PackageManager( 1025):   Category: "android.intent.category.DEFAULT"
I/PackageManager( 1025):   Scheme: "sms"
D/dalvikvm( 1025): GC_EXPLICIT freed 1750K, 35% free 33267K/50444K, paused 7ms+22ms, total 299ms
I/PackageManager( 1025): Adding preferred activity ComponentInfo{com.android.mms/com.android.mms.ui.ComposeMessageActivity} for user 0 :
I/PackageManager( 1025):   Action: "android.intent.action.SENDTO"
I/PackageManager( 1025):   Category: "android.intent.category.DEFAULT"
I/PackageManager( 1025):   Scheme: "smsto"
W/ContextImpl(21855): Calling a method in the system process without a qualified user: android.app.ContextImpl.startService:1608 android.content.ContextWrapper.startService:494 android.content.ContextWrapper.startService:494 com.android.keychain.KeyChainBroadcastReceiver.onReceive:12 android.app.ActivityThread.handleReceiver:2434 
I/PackageManager( 1025): Adding preferred activity ComponentInfo{com.android.mms/com.android.mms.ui.ComposeMessageActivity} for user 0 :
I/PackageManager( 1025):   Action: "android.intent.action.SENDTO"
I/PackageManager( 1025):   Category: "android.intent.category.DEFAULT"
I/PackageManager( 1025):   Scheme: "mms"
I/PackageManager( 1025): Adding preferred activity ComponentInfo{com.android.mms/com.android.mms.ui.ComposeMessageActivity} for user 0 :
I/PackageManager( 1025):   Action: "android.intent.action.SENDTO"
I/PackageManager( 1025):   Category: "android.intent.category.DEFAULT"
I/PackageManager( 1025):   Scheme: "mmsto"
I/SBar.NetworkController( 1119): refreshSignalCluster: mobile: Signal=zz_moto_stat_sys_signal_3_fully_wide Roaming=(none) mSimIconId=(none) Accessibility="Phone three bars.","Not roaming.",""
I/ActivityManager( 1025): Start proc com.android.vending for broadcast com.android.vending/com.google.android.finsky.receivers.PackageMonitorReceiver$RegisteredReceiver: pid=21876 uid=10039 gids={50039, 3003, 1028, 1015}
I/PackageManager( 1025): Adding preferred activity ComponentInfo{com.android.mms/com.android.mms.ui.ComposeMessageActivity} for user 0 :
I/PackageManager( 1025):   Action: "android.intent.action.SENDTO"
I/PackageManager( 1025):   Category: "android.intent.category.DEFAULT"
I/PackageManager( 1025):   Scheme: "sms"
I/PackageManager( 1025): Adding preferred activity ComponentInfo{com.android.mms/com.android.mms.ui.ComposeMessageActivity} for user 0 :
I/PackageManager( 1025):   Action: "android.intent.action.SENDTO"
I/PackageManager( 1025):   Category: "android.intent.category.DEFAULT"
I/PackageManager( 1025):   Scheme: "smsto"
I/PackageManager( 1025): Adding preferred activity ComponentInfo{com.android.mms/com.android.mms.ui.ComposeMessageActivity} for user 0 :
I/PackageManager( 1025):   Action: "android.intent.action.SENDTO"
I/PackageManager( 1025):   Category: "android.intent.category.DEFAULT"
I/PackageManager( 1025):   Scheme: "mms"
I/Launcher(23877): Deferring update until onResume
I/PackageManager( 1025): Adding preferred activity ComponentInfo{com.android.mms/com.android.mms.ui.ComposeMessageActivity} for user 0 :
I/PackageManager( 1025):   Action: "android.intent.action.SENDTO"
I/PackageManager( 1025):   Category: "android.intent.category.DEFAULT"
I/PackageManager( 1025):   Scheme: "mmsto"
I/PackageManager( 1025): Adding preferred activity ComponentInfo{com.android.mms/com.android.mms.ui.ComposeMessageActivity} for user 0 :
I/PackageManager( 1025):   Action: "android.intent.action.SENDTO"
I/PackageManager( 1025):   Category: "android.intent.category.DEFAULT"
I/PackageManager( 1025):   Scheme: "sms"
I/PackageManager( 1025): Adding preferred activity ComponentInfo{com.android.mms/com.android.mms.ui.ComposeMessageActivity} for user 0 :
I/PackageManager( 1025):   Action: "android.intent.action.SENDTO"
I/PackageManager( 1025):   Category: "android.intent.category.DEFAULT"
I/PackageManager( 1025):   Scheme: "smsto"
I/PackageManager( 1025): Adding preferred activity ComponentInfo{com.android.mms/com.android.mms.ui.ComposeMessageActivity} for user 0 :
I/PackageManager( 1025):   Action: "android.intent.action.SENDTO"
I/PackageManager( 1025):   Category: "android.intent.category.DEFAULT"
I/PackageManager( 1025):   Scheme: "mms"
I/PackageManager( 1025): Adding preferred activity ComponentInfo{com.android.mms/com.android.mms.ui.ComposeMessageActivity} for user 0 :
I/PackageManager( 1025):   Action: "android.intent.action.SENDTO"
I/PackageManager( 1025):   Category: "android.intent.category.DEFAULT"
I/PackageManager( 1025):   Scheme: "mmsto"
I/PackageManager( 1025): Adding preferred activity ComponentInfo{com.android.mms/com.android.mms.ui.ComposeMessageActivity} for user 0 :
I/PackageManager( 1025):   Action: "android.intent.action.SENDTO"
I/PackageManager( 1025):   Category: "android.intent.category.DEFAULT"
I/PackageManager( 1025):   Scheme: "sms"
I/PackageManager( 1025): Adding preferred activity ComponentInfo{com.android.mms/com.android.mms.ui.ComposeMessageActivity} for user 0 :
I/PackageManager( 1025):   Action: "android.intent.action.SENDTO"
I/PackageManager( 1025):   Category: "android.intent.category.DEFAULT"
I/PackageManager( 1025):   Scheme: "smsto"
I/PackageManager( 1025): Adding preferred activity ComponentInfo{com.android.mms/com.android.mms.ui.ComposeMessageActivity} for user 0 :
I/PackageManager( 1025):   Action: "android.intent.action.SENDTO"
I/PackageManager( 1025):   Category: "android.intent.category.DEFAULT"
I/PackageManager( 1025):   Scheme: "mms"
I/PackageManager( 1025): Adding preferred activity ComponentInfo{com.android.mms/com.android.mms.ui.ComposeMessageActivity} for user 0 :
I/PackageManager( 1025):   Action: "android.intent.action.SENDTO"
I/PackageManager( 1025):   Category: "android.intent.category.DEFAULT"
I/PackageManager( 1025):   Scheme: "mmsto"
D/Finsky  (21876): [1] FinskyApp.onCreate: Initializing network with DFE https://android.clients.google.com/fdfe/
D/Finsky  (21876): [1] DailyHygiene.goMakeHygieneIfDirty: No need to run daily hygiene.
W/Settings(21876): Setting download_manager_max_bytes_over_mobile has moved from android.provider.Settings.Secure to android.provider.Settings.Global.
W/Settings(21876): Setting download_manager_recommended_max_bytes_over_mobile has moved from android.provider.Settings.Secure to android.provider.Settings.Global.
I/dalvikvm(21876): Could not find method com.google.android.play.layout.PlayCardViewBase.setTransitionName, referenced from method com.google.android.finsky.utils.PlayCardUtils.bindCard
W/dalvikvm(21876): VFY: unable to resolve virtual method 42705: Lcom/google/android/play/layout/PlayCardViewBase;.setTransitionName (Ljava/lang/String;)V
D/dalvikvm(21876): VFY: replacing opcode 0x6e at 0x00d9
I/dalvikvm(21876): Could not find method com.google.android.play.layout.PlayCardViewBase.setTransitionGroup, referenced from method com.google.android.finsky.utils.PlayCardUtils.bindCard
W/dalvikvm(21876): VFY: unable to resolve virtual method 42704: Lcom/google/android/play/layout/PlayCardViewBase;.setTransitionGroup (Z)V
D/dalvikvm(21876): VFY: replacing opcode 0x6e at 0x0246
I/dalvikvm(21876): Could not find method android.view.View.getTransitionName, referenced from method com.google.android.finsky.navigationmanager.NavigationManager.showPage
W/dalvikvm(21876): VFY: unable to resolve virtual method 9352: Landroid/view/View;.getTransitionName ()Ljava/lang/String;
D/dalvikvm(21876): VFY: replacing opcode 0x6e at 0x001a
D/WifiStateMachine( 1025): handleMessage: E msg.what=151572
D/WifiStateMachine( 1025): processMsg: ConnectedState
D/WifiStateMachine( 1025): processMsg: L2ConnectedState
D/WifiStateMachine( 1025): handleMessage: X
D/BackupManagerService( 1025): Received broadcast Intent { act=android.intent.action.PACKAGE_REMOVED dat=package:co.giftmeapp.gift_me flg=0x4000010 (has extras) }
D/BackupManagerService( 1025): Received broadcast Intent { act=android.intent.action.PACKAGE_ADDED dat=package:co.giftmeapp.gift_me flg=0x4000010 (has extras) }
V/BackupManagerService( 1025): removePackageParticipantsLocked: uid=10155 #1
D/Finsky  (21876): [1] 2.run: Loaded library for account: [gKXbJhL8NA2nPUzZyFpjB6tKi7U]
D/Finsky  (21876): [1] 2.run: Finished loading 1 libraries.
V/BackupManagerService( 1025): addPackageParticipantsLocked: #1
E/NetworkScheduler.SchedulerReceiver(23035): Invalid parameter app
E/NetworkScheduler.SchedulerReceiver(23035): Invalid package name : Perhaps you didn't include a PendingIntent in the extras?
D/PackageBroadcastService(30241): Received broadcast action=android.intent.action.PACKAGE_REMOVED and uri=co.giftmeapp.gift_me
I/ActivityManager( 1025): Start proc com.google.android.apps.docs for broadcast com.google.android.apps.docs/.receivers.AppPackageAddRemoveReceiver: pid=21917 uid=10060 gids={50060, 3003, 1028, 1015}
D/Finsky  (21876): [1] GmsCoreHelper.cleanupNlp: result=false type=4
I/ConfigService(23035): onCreate
I/ConfigService(23035): onBind for Intent { act=com.google.android.gms.config.UPDATE pkg=com.google.android.gms } action com.google.android.gms.config.UPDATE
I/ConfigFetchService(30241): onStartCommand Intent { act=android.intent.action.PACKAGE_REMOVED dat=package:co.giftmeapp.gift_me cmp=com.google.android.gms/.config.ConfigFetchService (has extras) }
D/Finsky  (21876): [1] RestoreTracker.stopServiceIfDone: Restore complete with 0 success and 0 failed.
I/ConfigService(23035): onBind returning update interface
I/ConfigService(23035): onBind for Intent { act=com.google.android.gms.config.START pkg=com.google.android.gms } action com.google.android.gms.config.START
I/ConfigService(23035): onBind returning service broker
I/dalvikvm(21917): Could not find method android.app.Activity.finishAfterTransition, referenced from method r.c_
W/dalvikvm(21917): VFY: unable to resolve virtual method 2773: Landroid/app/Activity;.finishAfterTransition ()V
D/dalvikvm(21917): VFY: replacing opcode 0x6e at 0x0006
W/SyncWapiModule(21917): isPlayServicesEnabled=
W/SyncWapiModule(21917): isPlayServicesEnabled=
I/ActivityManager( 1025): Start proc com.motorola.MotGallery2 for broadcast com.motorola.MotGallery2/com.android.gallery3d.app.PackagesMonitor: pid=21952 uid=10034 gids={50034, 3003, 1028, 1015}
F/ProcessStats( 1025): Starting service ServiceState{42abda10 com.cleanmaster.fm.service.BackgroundService pkg=com.rhmsoft.fm proc=42abda10} without owner
D/WifiStateMachine( 1025): handleMessage: E msg.what=151572
D/WifiStateMachine( 1025): processMsg: ConnectedState
D/WifiStateMachine( 1025): processMsg: L2ConnectedState
D/WifiStateMachine( 1025): handleMessage: X
F/ProcessStats( 1025): Starting service ServiceState{42a5c010 com.viber.voip.api.billing.InAppBillingService pkg=com.viber.voip proc=42a5c010} without owner
F/ProcessStats( 1025): Starting service ServiceState{4210e678 com.viber.service.VoipConnectorService pkg=com.viber.voip proc=4210e678} without owner
F/ProcessStats( 1025): Starting service ServiceState{42a4cec0 com.facebook.push.mqtt.service.MqttPushService pkg=com.facebook.katana proc=42a4cec0} without owner
F/ProcessStats( 1025): Starting service ServiceState{42a6ea20 com.motorola.audioeffects.AudioEffectsService pkg=com.motorola.audioeffects proc=42a6ea20} without owner
F/ProcessStats( 1025): Starting service ServiceState{42a7b468 com.qualcomm.atfwd.AtFwdService pkg=com.qualcomm.atfwd proc=42a7b468} without owner
I/ActivityManager( 1025): Process com.android.defcontainer (pid 21762) has died.
W/GAV2    (21917): Thread[main,5,main]: Need to call initialize() and be in fallback mode to start dispatch.
F/ProcessStats( 1025): Starting service ServiceState{42abda10 com.cleanmaster.fm.service.BackgroundService pkg=com.rhmsoft.fm proc=42abda10} without owner
D/WifiStateMachine( 1025): handleMessage: E msg.what=131155
D/WifiStateMachine( 1025): processMsg: ConnectedState
D/WifiStateMachine( 1025): processMsg: L2ConnectedState
F/ProcessStats( 1025): Starting service ServiceState{42a5c010 com.viber.voip.api.billing.InAppBillingService pkg=com.viber.voip proc=42a5c010} without owner
F/ProcessStats( 1025): Starting service ServiceState{4210e678 com.viber.service.VoipConnectorService pkg=com.viber.voip proc=4210e678} without owner
D/WifiStateMachine( 1025): handleMessage: X
F/ProcessStats( 1025): Starting service ServiceState{42a4cec0 com.facebook.push.mqtt.service.MqttPushService pkg=com.facebook.katana proc=42a4cec0} without owner
F/ProcessStats( 1025): Starting service ServiceState{42a6ea20 com.motorola.audioeffects.AudioEffectsService pkg=com.motorola.audioeffects proc=42a6ea20} without owner
F/ProcessStats( 1025): Starting service ServiceState{42a7b468 com.qualcomm.atfwd.AtFwdService pkg=com.qualcomm.atfwd proc=42a7b468} without owner
I/ActivityManager( 1025): Start proc com.google.android.googlequicksearchbox:search for broadcast com.google.android.googlequicksearchbox/com.google.android.search.core.icingsync.IcingCorporaChangedReceiver: pid=21982 uid=10045 gids={50045, 3003, 3001, 1028, 3002, 1015}
I/ActivityManager( 1025): Start proc com.evernote for broadcast com.evernote/.util.WidgetTracker: pid=21997 uid=10134 gids={50134, 3003, 1028, 1015}
F/ProcessStats( 1025): Starting service ServiceState{42abda10 com.cleanmaster.fm.service.BackgroundService pkg=com.rhmsoft.fm proc=42abda10} without owner
F/ProcessStats( 1025): Starting service ServiceState{42a5c010 com.viber.voip.api.billing.InAppBillingService pkg=com.viber.voip proc=42a5c010} without owner
F/ProcessStats( 1025): Starting service ServiceState{4210e678 com.viber.service.VoipConnectorService pkg=com.viber.voip proc=4210e678} without owner
F/ProcessStats( 1025): Starting service ServiceState{42a4cec0 com.facebook.push.mqtt.service.MqttPushService pkg=com.facebook.katana proc=42a4cec0} without owner
F/ProcessStats( 1025): Starting service ServiceState{42a6ea20 com.motorola.audioeffects.AudioEffectsService pkg=com.motorola.audioeffects proc=42a6ea20} without owner
F/ProcessStats( 1025): Starting service ServiceState{42a7b468 com.qualcomm.atfwd.AtFwdService pkg=com.qualcomm.atfwd proc=42a7b468} without owner
I/ActivityManager( 1025): Process com.android.keychain (pid 21855) has died.
F/ProcessStats( 1025): Starting service ServiceState{42abda10 com.cleanmaster.fm.service.BackgroundService pkg=com.rhmsoft.fm proc=42abda10} without owner
F/ProcessStats( 1025): Starting service ServiceState{42a5c010 com.viber.voip.api.billing.InAppBillingService pkg=com.viber.voip proc=42a5c010} without owner
F/ProcessStats( 1025): Starting service ServiceState{4210e678 com.viber.service.VoipConnectorService pkg=com.viber.voip proc=4210e678} without owner
F/ProcessStats( 1025): Starting service ServiceState{42a4cec0 com.facebook.push.mqtt.service.MqttPushService pkg=com.facebook.katana proc=42a4cec0} without owner
F/ProcessStats( 1025): Starting service ServiceState{42a6ea20 com.motorola.audioeffects.AudioEffectsService pkg=com.motorola.audioeffects proc=42a6ea20} without owner
F/ProcessStats( 1025): Starting service ServiceState{42a7b468 com.qualcomm.atfwd.AtFwdService pkg=com.qualcomm.atfwd proc=42a7b468} without owner
I/SFPerfTracer(  274):      triggers: (rate: 1214:464049) (396413 sw vsyncs) (1110088 skipped) (17:3960712 vsyncs) (19:4948227)
W/GAV2    (21917): Thread[main,5,main]: dispatch call queued.  Need to call GAServiceManager.getInstance().initialize().
F/ProcessStats( 1025): Starting service ServiceState{42abda10 com.cleanmaster.fm.service.BackgroundService pkg=com.rhmsoft.fm proc=42abda10} without owner
F/ProcessStats( 1025): Starting service ServiceState{42a5c010 com.viber.voip.api.billing.InAppBillingService pkg=com.viber.voip proc=42a5c010} without owner
F/ProcessStats( 1025): Starting service ServiceState{4210e678 com.viber.service.VoipConnectorService pkg=com.viber.voip proc=4210e678} without owner
F/ProcessStats( 1025): Starting service ServiceState{42a4cec0 com.facebook.push.mqtt.service.MqttPushService pkg=com.facebook.katana proc=42a4cec0} without owner
F/ProcessStats( 1025): Starting service ServiceState{42a6ea20 com.motorola.audioeffects.AudioEffectsService pkg=com.motorola.audioeffects proc=42a6ea20} without owner
I/MultiDex(21997): VM with version 1.6.0 does not have multidex support
I/MultiDex(21997): install
F/ProcessStats( 1025): Starting service ServiceState{42a7b468 com.qualcomm.atfwd.AtFwdService pkg=com.qualcomm.atfwd proc=42a7b468} without owner
I/MultiDex(21997): MultiDexExtractor.load(/data/app/com.evernote-1.apk, false)
I/ActivityManager( 1025): Process com.android.vending (pid 21876) has died.
F/ProcessStats( 1025): Starting service ServiceState{42abda10 com.cleanmaster.fm.service.BackgroundService pkg=com.rhmsoft.fm proc=42abda10} without owner
I/MultiDex(21997): loading existing secondary dex files
I/MultiDex(21997): load found 0 secondary dex files
I/MultiDex(21997): install done
F/ProcessStats( 1025): Starting service ServiceState{42a5c010 com.viber.voip.api.billing.InAppBillingService pkg=com.viber.voip proc=42a5c010} without owner
F/ProcessStats( 1025): Starting service ServiceState{4210e678 com.viber.service.VoipConnectorService pkg=com.viber.voip proc=4210e678} without owner
F/ProcessStats( 1025): Starting service ServiceState{42a4cec0 com.facebook.push.mqtt.service.MqttPushService pkg=com.facebook.katana proc=42a4cec0} without owner
F/ProcessStats( 1025): Starting service ServiceState{42a6ea20 com.motorola.audioeffects.AudioEffectsService pkg=com.motorola.audioeffects proc=42a6ea20} without owner
F/ProcessStats( 1025): Starting service ServiceState{42a7b468 com.qualcomm.atfwd.AtFwdService pkg=com.qualcomm.atfwd proc=42a7b468} without owner
D/EN      (21997): MemoryMapAppender.ctor()
D/EN      (21997): MemoryMapAppender.ctor-end()
D/EN      (21997): [EvernoteProvider] - Provider+++++onCreate()
D/EN      (21997): [d] - AccountManager()::userIds=102703026
D/EN      (21997): [b] - creating new AccountInfo()::userId102703026
D/EN      (21997): [d] - AccountManager()::adding account::102703026::timcallagy
D/EN      (21997): [d] - AccountManager()::count=1
D/EN      (21997): [d] - initialized:
D/EN      (21997): [a] - getInstance()::
D/EN      (21997): [al] - Register SD Card Receiver ++++++++++++++++++++
D/EN      (21997): [al] - checkForRecentUnmount() end
D/EN      (21997): [a] - locale is set=en_GB
D/EN      (21997): [a] - isDBONSDcard()=true
I/EN      (21997): [al] - getSDCardStatus()::mounted::noStorageText=null
D/EN      (21997): [a] - isDBFileChanged()::lastFilePath in pref=/data/data/com.evernote/files/user-102703026/.external-1428259012787-Evernote.db
E/EN      (21997): [a] - isDBFileChanged()::+++++++++lastFilePath exists/data/data/com.evernote/files/user-102703026/.external-1428259012787-Evernote.db
D/EN      (21997): [a] - getInstance()::DBFile NOT Changed
D/EN      (21997): [a] - isDBONSDcard()=true
D/EN      (21997): [a] - moveToSDcard()::start::Evernote.DB_ON_SDCARD=true
D/EN      (21997): [a] - isDBONSDcard()=true
E/EN      (21997): [a] - isLastDBFileOnSDCard()::+++++++++++lastFilePath exists/data/data/com.evernote/files/user-102703026/.external-1428259012787-Evernote.db
D/EN      (21997): [a] - isDBONSDcard()=true
D/EN      (21997): [a] - getDBfilePath()::++++++++++++++++lastFilePath from preferences/data/data/com.evernote/files/user-102703026/.external-1428259012787-Evernote.db
E/EN      (21997): [a] - getDBfilePath()::++++++++++++++++lastFilePath exists/data/data/com.evernote/files/user-102703026/.external-1428259012787-Evernote.db
D/EN      (21997): [EvernoteProvider] - cleanupOldThumbnailsIfNeeded()
I/ReleaseProperties(21997): Current app is: evernote
I/ReleaseProperties(21997): propFile: release is now loaded
I/ReleaseProperties(21997): propFile: play is now loaded
I/ReleaseProperties(21997): propFile: base is now loaded
I/ReleaseProperties(21997): propFile: override is now loaded
D/MarketUtils(21997): isPackageInstalled() - com.android.vending is installed
D/MarketUtils(21997): isPackageInstalled() - com.android.vending is installed
