W/ContextImpl( 1295): Calling a method in the system process without a qualified user: android.app.ContextImpl.sendBroadcast:1252 android.content.ContextWrapper.sendBroadcast:365 com.motorola.motocare.util.TriggerHelper$TriggerBuilder.send:76 com.motorola.motocare.internal.frameworkevents.PauseResumeTrigger.handleFrameworkEvent:53 com.motorola.motocare.internal.frameworkevents.FwEventMonitor$FrameworkListener.processFrameworkEvent:114 
W/InstallAppProgress( 4192): Replacing package:co.giftmeapp.gift_me
I/ActivityManager( 1025): Start proc com.android.defcontainer for service com.android.defcontainer/.DefaultContainerService: pid=4229 uid=10013 gids={50013, 1028, 1015, 1023, 2001, 1035}
W/ActivityManager( 1025): No content provider found for permission revoke: file:///storage/emulated/0/download/GiftMe-release.apk
I/ActivityManager( 1025): Start proc com.android.vending for broadcast com.android.vending/com.google.android.vending.verifier.PackageVerificationReceiver: pid=4248 uid=10039 gids={50039, 3003, 1028, 1015}
I/LaunchCheckinHandler( 1025): Displayed com.android.packageinstaller/.InstallAppProgress,wp,ca,189
I/ActivityManager( 1025): Displayed com.android.packageinstaller/.InstallAppProgress: +189ms
D/Finsky  ( 4248): [1] FinskyApp.onCreate: Initializing network with DFE https://android.clients.google.com/fdfe/
D/Finsky  ( 4248): [1] DailyHygiene.goMakeHygieneIfDirty: No need to run daily hygiene.
W/Settings( 4248): Setting download_manager_max_bytes_over_mobile has moved from android.provider.Settings.Secure to android.provider.Settings.Global.
W/Settings( 4248): Setting download_manager_recommended_max_bytes_over_mobile has moved from android.provider.Settings.Secure to android.provider.Settings.Global.
I/dalvikvm( 4248): Could not find method com.google.android.play.layout.PlayCardViewBase.setTransitionName, referenced from method com.google.android.finsky.utils.PlayCardUtils.bindCard
W/dalvikvm( 4248): VFY: unable to resolve virtual method 42705: Lcom/google/android/play/layout/PlayCardViewBase;.setTransitionName (Ljava/lang/String;)V
D/dalvikvm( 4248): VFY: replacing opcode 0x6e at 0x00d9
I/dalvikvm( 4248): Could not find method com.google.android.play.layout.PlayCardViewBase.setTransitionGroup, referenced from method com.google.android.finsky.utils.PlayCardUtils.bindCard
W/dalvikvm( 4248): VFY: unable to resolve virtual method 42704: Lcom/google/android/play/layout/PlayCardViewBase;.setTransitionGroup (Z)V
D/dalvikvm( 4248): VFY: replacing opcode 0x6e at 0x0246
I/dalvikvm( 4248): Could not find method android.view.View.getTransitionName, referenced from method com.google.android.finsky.navigationmanager.NavigationManager.showPage
W/dalvikvm( 4248): VFY: unable to resolve virtual method 9352: Landroid/view/View;.getTransitionName ()Ljava/lang/String;
D/dalvikvm( 4248): VFY: replacing opcode 0x6e at 0x001a
D/Finsky  ( 4248): [1] PackageVerificationReceiver.onReceive: Verification requested, id = 96
D/Finsky  ( 4248): [1] 2.run: Loaded library for account: [gKXbJhL8NA2nPUzZyFpjB6tKi7U]
D/Finsky  ( 4248): [1] 2.run: Finished loading 1 libraries.
D/Finsky  ( 4248): [1] WorkerTask.onPreExecute: Verification Requested for id = 96, data=file:///storage/emulated/0/download/GiftMe-release.apk flags=18 fromVerificationActivity=false
W/PackageParser( 4248): No actions in intent filter at /storage/emulated/0/download/GiftMe-release.apk Binary XML file line #15
D/Finsky  ( 4248): [1] GmsCoreHelper.cleanupNlp: result=false type=4
D/Finsky  ( 4248): [1] RestoreTracker.stopServiceIfDone: Restore complete with 0 success and 0 failed.
D/WifiStateMachine( 1025): handleMessage: E msg.what=151572
D/WifiStateMachine( 1025): processMsg: ConnectedState
D/WifiStateMachine( 1025): processMsg: L2ConnectedState
D/WifiStateMachine( 1025): handleMessage: X
D/WifiStateMachine( 1025): handleMessage: E msg.what=131155
D/WifiStateMachine( 1025): processMsg: ConnectedState
D/WifiStateMachine( 1025): processMsg: L2ConnectedState
D/WifiStateMachine( 1025): handleMessage: X
I/SFPerfTracer(  274):      triggers: (rate: 743:309469) (219039 sw vsyncs) (708848 skipped) (17:2049823 vsyncs) (19:2584835)
D/WifiStateMachine( 1025): handleMessage: E msg.what=151572
D/WifiStateMachine( 1025): processMsg: ConnectedState
D/WifiStateMachine( 1025): processMsg: L2ConnectedState
I/qtaguid ( 4248): Failed write_ctrl(u 64) res=-1 errno=22
I/qtaguid ( 4248): Untagging socket 64 failed errno=-22
W/NetworkManagementSocketTagger( 4248): untagSocket(64) failed with errno -22
D/Finsky  ( 4248): [1] 2.onResponse: Verification id=96 response=0
D/WifiStateMachine( 1025): handleMessage: X
D/Finsky  ( 4248): [1] PackageVerificationReceiver.onReceive: Verification requested, id = 96
W/ActivityManager( 1025): No content provider found for permission revoke: file:///storage/emulated/0/download/GiftMe-release.apk
I/PackageManager( 1025): Copying native libraries to /data/app-lib/vmdl-1187701472
W/PackageParser( 1025): No actions in intent filter at /data/app/vmdl-1187701472.tmp Binary XML file line #15
I/ActivityManager( 1025): Process com.android.vending (pid 4248) has died.
I/ActivityManager( 1025): Force stopping co.giftmeapp.gift_me appid=10104 user=-1: uninstall pkg
I/SBar.NetworkController( 1119): onSignalStrengthsChanged SignalStrength: 11 0 -120 -160 -120 -1 -1 99 2147483647 2147483647 2147483647 2147483647 2147483647 gsm|lte 0 -108 -1 false 3 3 0 0 0 99 99 99 4 level=3
I/PackageManager( 1025): Package co.giftmeapp.gift_me codePath changed from /data/app/co.giftmeapp.gift_me-2.apk to /data/app/co.giftmeapp.gift_me-1.apk; Retaining data and using new
I/PackageManager( 1025): Running dexopt on: co.giftmeapp.gift_me
D/WifiStateMachine( 1025): handleMessage: E msg.what=151572
D/WifiStateMachine( 1025): processMsg: ConnectedState
D/WifiStateMachine( 1025): processMsg: L2ConnectedState
D/WifiStateMachine( 1025): handleMessage: X
I/SFPerfTracer(  274):      triggers: (rate: 855:34788) (compose: 0:144) (post: 0:13) (render: 49:8695) (0:481489 frames) (1:2261280)
D/SFPerfTracer(  274):        layers: (3:10) (DimLayer: 0:158)* (DimLayer: 0:44)* (FocusedStackFrame: 0:11709)* (StatusBar: 0:151679) (NavigationBar: 0:109120) (DimLayer: 0:8968)* (DimLayer: 0:1963)* (com.android.wallpaper.fall.FallWallpaper: 0:47157)* (com.android.packageinstaller/com.android.packageinstaller.PackageInstallerActivity: 0:40)* (com.android.packageinstaller/com.android.packageinstaller.InstallAppProgress: 1:95) 
D/dalvikvm( 4303): DexOpt: load 230ms, verify+opt 395ms, 1774468 bytes
D/WifiStateMachine( 1025): handleMessage: E msg.what=151572
D/WifiStateMachine( 1025): processMsg: ConnectedState
D/WifiStateMachine( 1025): processMsg: L2ConnectedState
W/PackageManager( 1025): Code path for pkg : co.giftmeapp.gift_me changing from /data/app/co.giftmeapp.gift_me-2.apk to /data/app/co.giftmeapp.gift_me-1.apk
I/ActivityManager( 1025): Force stopping co.giftmeapp.gift_me appid=10104 user=-1: update pkg
W/PackageManager( 1025): Resource path for pkg : co.giftmeapp.gift_me changing from /data/app/co.giftmeapp.gift_me-2.apk to /data/app/co.giftmeapp.gift_me-1.apk
D/WifiStateMachine( 1025): handleMessage: X
D/WifiStateMachine( 1025): handleMessage: E msg.what=131155
D/WifiStateMachine( 1025): processMsg: ConnectedState
D/WifiStateMachine( 1025): processMsg: L2ConnectedState
D/WifiStateMachine( 1025): handleMessage: X
I/SFPerfTracer(  274):      triggers: (rate: 743:309469) (219039 sw vsyncs) (708848 skipped) (0:2049853 vsyncs) (2:2584937)
I/ActivityManager( 1025): Force stopping co.giftmeapp.gift_me appid=10104 user=0: pkg removed
D/dalvikvm( 2458): GC_EXPLICIT freed 1767K, 45% free 9537K/17224K, paused 3ms+4ms, total 34ms
D/dalvikvm( 1119): GC_EXPLICIT freed 3613K, 29% free 13602K/19072K, paused 2ms+6ms, total 39ms
I/InputReader( 1025): Reconfiguring input devices.  changes=0x00000010
I/PackageManager( 1025): Adding preferred activity ComponentInfo{com.android.mms/com.android.mms.ui.ComposeMessageActivity} for user 0 :
I/PackageManager( 1025):   Action: "android.intent.action.SENDTO"
I/PackageManager( 1025):   Category: "android.intent.category.DEFAULT"
I/PackageManager( 1025):   Scheme: "sms"
D/dalvikvm( 4130): GC_EXPLICIT freed 1138K, 39% free 10536K/17224K, paused 48ms+5ms, total 118ms
D/dalvikvm(12744): GC_EXPLICIT freed 549K, 16% free 15209K/17988K, paused 50ms+15ms, total 131ms
I/PackageManager( 1025): Adding preferred activity ComponentInfo{com.android.mms/com.android.mms.ui.ComposeMessageActivity} for user 0 :
I/PackageManager( 1025):   Action: "android.intent.action.SENDTO"
I/PackageManager( 1025):   Category: "android.intent.category.DEFAULT"
I/PackageManager( 1025):   Scheme: "smsto"
I/PackageManager( 1025): Adding preferred activity ComponentInfo{com.android.mms/com.android.mms.ui.ComposeMessageActivity} for user 0 :
I/PackageManager( 1025):   Action: "android.intent.action.SENDTO"
I/PackageManager( 1025):   Category: "android.intent.category.DEFAULT"
I/PackageManager( 1025):   Scheme: "mms"
I/PackageManager( 1025): Adding preferred activity ComponentInfo{com.android.mms/com.android.mms.ui.ComposeMessageActivity} for user 0 :
I/PackageManager( 1025):   Action: "android.intent.action.SENDTO"
I/PackageManager( 1025):   Category: "android.intent.category.DEFAULT"
I/PackageManager( 1025):   Scheme: "mmsto"
I/InputReader( 1025): Reconfiguring input devices.  changes=0x00000010
I/ActivityManager( 1025): Start proc android.process.acore for broadcast com.android.providers.contacts/.PackageIntentReceiver: pid=4312 uid=10010 gids={50010, 3003, 1028, 1015, 1023}
I/Launcher(12744): Deferring update until onResume
I/PackageManager( 1025): Adding preferred activity ComponentInfo{com.android.mms/com.android.mms.ui.ComposeMessageActivity} for user 0 :
I/PackageManager( 1025):   Action: "android.intent.action.SENDTO"
I/PackageManager( 1025):   Category: "android.intent.category.DEFAULT"
I/PackageManager( 1025):   Scheme: "sms"
D/dalvikvm( 1025): GC_EXPLICIT freed 5390K, 34% free 32174K/48580K, paused 6ms+25ms, total 206ms
I/PackageManager( 1025): Adding preferred activity ComponentInfo{com.android.mms/com.android.mms.ui.ComposeMessageActivity} for user 0 :
I/PackageManager( 1025):   Action: "android.intent.action.SENDTO"
I/PackageManager( 1025):   Category: "android.intent.category.DEFAULT"
I/PackageManager( 1025):   Scheme: "smsto"
I/InputReader( 1025): Reconfiguring input devices.  changes=0x00000010
I/PackageManager( 1025): Adding preferred activity ComponentInfo{com.android.mms/com.android.mms.ui.ComposeMessageActivity} for user 0 :
I/PackageManager( 1025):   Action: "android.intent.action.SENDTO"
I/PackageManager( 1025):   Category: "android.intent.category.DEFAULT"
I/PackageManager( 1025):   Scheme: "mms"
I/PackageManager( 1025): Adding preferred activity ComponentInfo{com.android.mms/com.android.mms.ui.ComposeMessageActivity} for user 0 :
I/PackageManager( 1025):   Action: "android.intent.action.SENDTO"
I/PackageManager( 1025):   Category: "android.intent.category.DEFAULT"
I/PackageManager( 1025):   Scheme: "mmsto"
I/PackageManager( 1025): Adding preferred activity ComponentInfo{com.android.mms/com.android.mms.ui.ComposeMessageActivity} for user 0 :
I/PackageManager( 1025):   Action: "android.intent.action.SENDTO"
I/PackageManager( 1025):   Category: "android.intent.category.DEFAULT"
I/PackageManager( 1025):   Scheme: "sms"
I/PackageManager( 1025): Adding preferred activity ComponentInfo{com.android.mms/com.android.mms.ui.ComposeMessageActivity} for user 0 :
I/PackageManager( 1025):   Action: "android.intent.action.SENDTO"
I/PackageManager( 1025):   Category: "android.intent.category.DEFAULT"
I/PackageManager( 1025):   Scheme: "smsto"
I/PackageManager( 1025): Adding preferred activity ComponentInfo{com.android.mms/com.android.mms.ui.ComposeMessageActivity} for user 0 :
I/PackageManager( 1025):   Action: "android.intent.action.SENDTO"
I/PackageManager( 1025):   Category: "android.intent.category.DEFAULT"
I/PackageManager( 1025):   Scheme: "mms"
D/dalvikvm( 1025): GC_EXPLICIT freed 972K, 35% free 31700K/48580K, paused 8ms+31ms, total 219ms
I/PackageManager( 1025): Adding preferred activity ComponentInfo{com.android.mms/com.android.mms.ui.ComposeMessageActivity} for user 0 :
I/PackageManager( 1025):   Action: "android.intent.action.SENDTO"
I/PackageManager( 1025):   Category: "android.intent.category.DEFAULT"
I/PackageManager( 1025):   Scheme: "mmsto"
I/PackageManager( 1025): Adding preferred activity ComponentInfo{com.android.mms/com.android.mms.ui.ComposeMessageActivity} for user 0 :
I/PackageManager( 1025):   Action: "android.intent.action.SENDTO"
I/PackageManager( 1025):   Category: "android.intent.category.DEFAULT"
I/PackageManager( 1025):   Scheme: "sms"
I/ActivityManager( 1025): Start proc com.android.keychain for broadcast com.android.keychain/.KeyChainBroadcastReceiver: pid=4328 uid=1000 gids={41000, 1028, 1015, 3002, 3001, 3003, 1021, 3004, 3005, 1000, 3009, 1023, 1010, 1004, 2002, 3006}
I/PackageManager( 1025): Adding preferred activity ComponentInfo{com.android.mms/com.android.mms.ui.ComposeMessageActivity} for user 0 :
I/PackageManager( 1025):   Action: "android.intent.action.SENDTO"
I/PackageManager( 1025):   Category: "android.intent.category.DEFAULT"
I/PackageManager( 1025):   Scheme: "smsto"
I/PackageManager( 1025): Adding preferred activity ComponentInfo{com.android.mms/com.android.mms.ui.ComposeMessageActivity} for user 0 :
I/PackageManager( 1025):   Action: "android.intent.action.SENDTO"
I/PackageManager( 1025):   Category: "android.intent.category.DEFAULT"
I/PackageManager( 1025):   Scheme: "mms"
I/PackageManager( 1025): Adding preferred activity ComponentInfo{com.android.mms/com.android.mms.ui.ComposeMessageActivity} for user 0 :
I/PackageManager( 1025):   Action: "android.intent.action.SENDTO"
I/PackageManager( 1025):   Category: "android.intent.category.DEFAULT"
I/PackageManager( 1025):   Scheme: "mmsto"
I/PackageManager( 1025): Adding preferred activity ComponentInfo{com.android.mms/com.android.mms.ui.ComposeMessageActivity} for user 0 :
I/PackageManager( 1025):   Action: "android.intent.action.SENDTO"
I/PackageManager( 1025):   Category: "android.intent.category.DEFAULT"
I/PackageManager( 1025):   Scheme: "sms"
W/ContextImpl( 4328): Calling a method in the system process without a qualified user: android.app.ContextImpl.startService:1608 android.content.ContextWrapper.startService:494 android.content.ContextWrapper.startService:494 com.android.keychain.KeyChainBroadcastReceiver.onReceive:12 android.app.ActivityThread.handleReceiver:2434 
I/PackageManager( 1025): Adding preferred activity ComponentInfo{com.android.mms/com.android.mms.ui.ComposeMessageActivity} for user 0 :
I/PackageManager( 1025):   Action: "android.intent.action.SENDTO"
I/PackageManager( 1025):   Category: "android.intent.category.DEFAULT"
I/PackageManager( 1025):   Scheme: "smsto"
D/WifiStateMachine( 1025): handleMessage: E msg.what=151572
D/WifiStateMachine( 1025): processMsg: ConnectedState
D/WifiStateMachine( 1025): processMsg: L2ConnectedState
I/ActivityManager( 1025): Start proc com.android.vending for broadcast com.android.vending/com.google.android.finsky.receivers.PackageMonitorReceiver$RegisteredReceiver: pid=4341 uid=10039 gids={50039, 3003, 1028, 1015}
D/WifiStateMachine( 1025): handleMessage: X
I/PackageManager( 1025): Adding preferred activity ComponentInfo{com.android.mms/com.android.mms.ui.ComposeMessageActivity} for user 0 :
I/PackageManager( 1025):   Action: "android.intent.action.SENDTO"
I/PackageManager( 1025):   Category: "android.intent.category.DEFAULT"
I/PackageManager( 1025):   Scheme: "mms"
I/Launcher(12744): Deferring update until onResume
I/PackageManager( 1025): Adding preferred activity ComponentInfo{com.android.mms/com.android.mms.ui.ComposeMessageActivity} for user 0 :
I/PackageManager( 1025):   Action: "android.intent.action.SENDTO"
I/PackageManager( 1025):   Category: "android.intent.category.DEFAULT"
I/PackageManager( 1025):   Scheme: "mmsto"
D/Ulp_jni ( 1025): Location CB invoked
I/PackageManager( 1025): Adding preferred activity ComponentInfo{com.android.mms/com.android.mms.ui.ComposeMessageActivity} for user 0 :
I/PackageManager( 1025):   Action: "android.intent.action.SENDTO"
I/PackageManager( 1025):   Category: "android.intent.category.DEFAULT"
I/PackageManager( 1025):   Scheme: "sms"
I/PackageManager( 1025): Adding preferred activity ComponentInfo{com.android.mms/com.android.mms.ui.ComposeMessageActivity} for user 0 :
I/PackageManager( 1025):   Action: "android.intent.action.SENDTO"
I/PackageManager( 1025):   Category: "android.intent.category.DEFAULT"
I/PackageManager( 1025):   Scheme: "smsto"
I/ContactLocale( 4312): AddressBook Labels [en_GB]: [, A, B, C, D, E, F, G, H, I, J, K, L, M, N, O, P, Q, R, S, T, U, V, W, X, Y, Z, , , , , , , , , , , , , , , , , , , , , , , , , , , , , , , , , , , , , , , , , , , , , , , , , , , , , , , , , , , , , , , , , , , , , , , , , , , , , , , , , , , , , , , , , , , , , , , , , , , , , , , , , , , , , , , , , , , , , , , , , , , , , , , , , , , , , , , , , , , , , , , , , , , , , , , , , , , , , , , , , , , , , , , , , , , , , , , , , , , , , , #, ]
I/PackageManager( 1025): Adding preferred activity ComponentInfo{com.android.mms/com.android.mms.ui.ComposeMessageActivity} for user 0 :
I/PackageManager( 1025):   Action: "android.intent.action.SENDTO"
I/PackageManager( 1025):   Category: "android.intent.category.DEFAULT"
I/PackageManager( 1025):   Scheme: "mms"
I/PackageManager( 1025): Adding preferred activity ComponentInfo{com.android.mms/com.android.mms.ui.ComposeMessageActivity} for user 0 :
I/PackageManager( 1025):   Action: "android.intent.action.SENDTO"
I/PackageManager( 1025):   Category: "android.intent.category.DEFAULT"
I/PackageManager( 1025):   Scheme: "mmsto"
D/Finsky  ( 4341): [1] FinskyApp.onCreate: Initializing network with DFE https://android.clients.google.com/fdfe/
D/Finsky  ( 4341): [1] DailyHygiene.goMakeHygieneIfDirty: No need to run daily hygiene.
W/Settings( 4341): Setting download_manager_max_bytes_over_mobile has moved from android.provider.Settings.Secure to android.provider.Settings.Global.
W/Settings( 4341): Setting download_manager_recommended_max_bytes_over_mobile has moved from android.provider.Settings.Secure to android.provider.Settings.Global.
I/dalvikvm( 4341): Could not find method com.google.android.play.layout.PlayCardViewBase.setTransitionName, referenced from method com.google.android.finsky.utils.PlayCardUtils.bindCard
W/dalvikvm( 4341): VFY: unable to resolve virtual method 42705: Lcom/google/android/play/layout/PlayCardViewBase;.setTransitionName (Ljava/lang/String;)V
D/dalvikvm( 4341): VFY: replacing opcode 0x6e at 0x00d9
I/dalvikvm( 4341): Could not find method com.google.android.play.layout.PlayCardViewBase.setTransitionGroup, referenced from method com.google.android.finsky.utils.PlayCardUtils.bindCard
W/dalvikvm( 4341): VFY: unable to resolve virtual method 42704: Lcom/google/android/play/layout/PlayCardViewBase;.setTransitionGroup (Z)V
D/dalvikvm( 4341): VFY: replacing opcode 0x6e at 0x0246
I/dalvikvm( 4341): Could not find method android.view.View.getTransitionName, referenced from method com.google.android.finsky.navigationmanager.NavigationManager.showPage
W/dalvikvm( 4341): VFY: unable to resolve virtual method 9352: Landroid/view/View;.getTransitionName ()Ljava/lang/String;
D/dalvikvm( 4341): VFY: replacing opcode 0x6e at 0x001a
F/ProcessStats( 1025): Starting service ServiceState{428fdff0 com.facebook.push.mqtt.service.MqttPushService pkg=com.facebook.orca proc=428fdff0} without owner
I/ActivityManager( 1025): Process com.android.defcontainer (pid 4229) has died.
D/Finsky  ( 4341): [1] 2.run: Loaded library for account: [gKXbJhL8NA2nPUzZyFpjB6tKi7U]
D/Finsky  ( 4341): [1] 2.run: Finished loading 1 libraries.
F/ProcessStats( 1025): Starting service ServiceState{428fdff0 com.facebook.push.mqtt.service.MqttPushService pkg=com.facebook.orca proc=428fdff0} without owner
D/Finsky  ( 4341): [1] GmsCoreHelper.cleanupNlp: result=false type=4
D/Finsky  ( 4341): [1] RestoreTracker.stopServiceIfDone: Restore complete with 0 success and 0 failed.
E/NetworkScheduler.SchedulerReceiver( 5859): Invalid parameter app
E/NetworkScheduler.SchedulerReceiver( 5859): Invalid package name : Perhaps you didn't include a PendingIntent in the extras?
D/PackageBroadcastService(31646): Received broadcast action=android.intent.action.PACKAGE_REMOVED and uri=co.giftmeapp.gift_me
D/BackupManagerService( 1025): Received broadcast Intent { act=android.intent.action.PACKAGE_REMOVED dat=package:co.giftmeapp.gift_me flg=0x4000010 (has extras) }
I/ConfigService( 5859): onCreate
I/ConfigService( 5859): onBind for Intent { act=com.google.android.gms.config.UPDATE pkg=com.google.android.gms } action com.google.android.gms.config.UPDATE
I/ConfigFetchService(31646): onStartCommand Intent { act=android.intent.action.PACKAGE_REMOVED dat=package:co.giftmeapp.gift_me cmp=com.google.android.gms/.config.ConfigFetchService (has extras) }
I/ActivityManager( 1025): Start proc com.google.android.apps.docs for broadcast com.google.android.apps.docs/.receivers.AppPackageAddRemoveReceiver: pid=4386 uid=10060 gids={50060, 3003, 1028, 1015}
I/ActivityManager( 1025): START u0 {act=android.intent.action.MAIN cat=[android.intent.category.LAUNCHER] flg=0x10000000 pkg=co.giftmeapp.gift_me cmp=co.giftmeapp.gift_me/.GiftMe} from pid 4192
D/BackupManagerService( 1025): Received broadcast Intent { act=android.intent.action.PACKAGE_ADDED dat=package:co.giftmeapp.gift_me flg=0x4000010 (has extras) }
I/ConfigService( 5859): onBind returning update interface
V/BackupManagerService( 1025): removePackageParticipantsLocked: uid=10104 #1
V/BackupManagerService( 1025): addPackageParticipantsLocked: #1
W/ContextImpl( 1295): Calling a method in the system process without a qualified user: android.app.ContextImpl.sendBroadcast:1252 android.content.ContextWrapper.sendBroadcast:365 com.motorola.motocare.util.TriggerHelper$TriggerBuilder.send:76 com.motorola.motocare.internal.frameworkevents.PauseResumeTrigger.handleFrameworkEvent:53 com.motorola.motocare.internal.frameworkevents.FwEventMonitor$FrameworkListener.processFrameworkEvent:114 
I/ConfigService( 5859): onBind for Intent { act=com.google.android.gms.config.START pkg=com.google.android.gms } action com.google.android.gms.config.START
I/ConfigService( 5859): onBind returning service broker
I/ActivityManager( 1025): Start proc co.giftmeapp.gift_me for activity co.giftmeapp.gift_me/.GiftMe: pid=4403 uid=10104 gids={50104, 3003, 1028, 1015}
I/dalvikvm( 4403): Enabling JNI app bug workarounds for target SDK version 7...
D/dalvikvm(  275): GC_EXPLICIT freed 43K, 48% free 9011K/17224K, paused 2ms+3ms, total 22ms
W/ContextImpl( 1295): Calling a method in the system process without a qualified user: android.app.ContextImpl.sendBroadcast:1252 android.content.ContextWrapper.sendBroadcast:365 com.motorola.motocare.util.TriggerHelper$TriggerBuilder.send:76 com.motorola.motocare.internal.frameworkevents.PauseResumeTrigger.handleFrameworkEvent:53 com.motorola.motocare.internal.frameworkevents.FwEventMonitor$FrameworkListener.processFrameworkEvent:114 
D/dalvikvm(  275): GC_EXPLICIT freed <1K, 48% free 9011K/17224K, paused 2ms+2ms, total 19ms
F/ProcessStats( 1025): Starting service ServiceState{428fdff0 com.facebook.push.mqtt.service.MqttPushService pkg=com.facebook.orca proc=428fdff0} without owner
D/dalvikvm(  275): GC_EXPLICIT freed <1K, 48% free 9011K/17224K, paused 1ms+3ms, total 18ms
I/CordovaLog( 4403): Changing log level to DEBUG(3)
D/CordovaActivity( 4403): CordovaActivity.init()
D/WifiStateMachine( 1025): handleMessage: E msg.what=151572
D/WifiStateMachine( 1025): processMsg: ConnectedState
D/WifiStateMachine( 1025): processMsg: L2ConnectedState
I/dalvikvm( 4403): Could not find method android.webkit.CookieManager.setAcceptThirdPartyCookies, referenced from method org.apache.cordova.CordovaWebView.initWebViewSettings
W/dalvikvm( 4403): VFY: unable to resolve virtual method 6167: Landroid/webkit/CookieManager;.setAcceptThirdPartyCookies (Landroid/webkit/WebView;Z)V
D/dalvikvm( 4403): VFY: replacing opcode 0x6e at 0x002a
D/WifiStateMachine( 1025): handleMessage: X
V/WebViewChromiumFactoryProvider( 4403): Binding Chromium to main looper Looper (main, tid 1) {41fabcc8}
I/LibraryLoader( 4403): Expected native library version number "",actual native library version number ""
I/chromium( 4403): [INFO:library_loader_hooks.cc(116)] Chromium logging enabled: level = 0, default verbosity = 0
I/BrowserStartupController( 4403): Initializing chromium process, renderers=0
E/AudioManagerAndroid( 4403): BLUETOOTH permission is missing!
V/PhoneStatusBar( 1119): setLightsOn(true)
V/AlarmManager( 1025): sending alarm Alarm{420fc2d0 type 3 android}
I/Adreno-EGL( 4403): <qeglDrvAPI_eglInitialize:410>: EGL 1.4 QUALCOMM build: AU_LINUX_ANDROID_LNX.LA.3.5.1_RB1.04.04.02.048.018_msm8226_LNX.LA.3.5.1_RB1__release_AU ()
I/Adreno-EGL( 4403): OpenGL ES Shader Compiler Version: E031.24.00.08
I/Adreno-EGL( 4403): Build Date: 03/07/14 Fri
I/Adreno-EGL( 4403): Local Branch: 
I/Adreno-EGL( 4403): Remote Branch: quic/LNX.LA.3.5.1_RB1.1
I/Adreno-EGL( 4403): Local Patches: NONE
I/Adreno-EGL( 4403): Reconstruct Branch: AU_LINUX_ANDROID_LNX.LA.3.5.1_RB1.04.04.02.048.018 + f2fd134 +  NOTHING
E/rsC++   ( 4192): RS Message thread exiting.
W/chromium( 4403): [WARNING:proxy_service.cc(890)] PAC support disabled because there is no system implementation
D/CordovaActivity( 4403): CordovaActivity.createViews()
W/dalvikvm( 4403): VFY: unable to find class referenced in signature (Landroid/webkit/ClientCertRequest;)
W/dalvikvm( 4403): VFY: unable to find class referenced in signature (Landroid/webkit/ClientCertRequest;)
I/dalvikvm( 4403): Could not find method android.webkit.WebViewClient.onReceivedClientCertRequest, referenced from method org.apache.cordova.CordovaWebViewClient.onReceivedClientCertRequest
W/dalvikvm( 4403): VFY: unable to resolve virtual method 6239: Landroid/webkit/WebViewClient;.onReceivedClientCertRequest (Landroid/webkit/WebView;Landroid/webkit/ClientCertRequest;)V
D/dalvikvm( 4403): VFY: replacing opcode 0x6f at 0x001c
I/dalvikvm( 4403): Could not find method android.webkit.WebChromeClient$FileChooserParams.createIntent, referenced from method org.apache.cordova.CordovaChromeClient.onShowFileChooser
W/dalvikvm( 4403): VFY: unable to resolve virtual method 6186: Landroid/webkit/WebChromeClient$FileChooserParams;.createIntent ()Landroid/content/Intent;
D/dalvikvm( 4403): VFY: replacing opcode 0x6e at 0x0000
D/PluginManager( 4403): init()
D/CordovaWebView( 4403): CordovaWebView is running on device made by: motorola
D/CordovaWebView( 4403): >>> loadUrl(file:///android_asset/www/index.html)
D/CordovaWebView( 4403): >>> loadUrlNow()
I/dalvikvm( 4386): Could not find method android.app.Activity.finishAfterTransition, referenced from method r.c_
W/dalvikvm( 4386): VFY: unable to resolve virtual method 2773: Landroid/app/Activity;.finishAfterTransition ()V
D/dalvikvm( 4386): VFY: replacing opcode 0x6e at 0x0006
D/CordovaActivity( 4403): Resuming the App
D/SoftKeyboardDetect( 4403): Ignore this event
D/OpenGLRenderer( 4403): Enabling debug mode 0
D/SoftKeyboardDetect( 4403): Ignore this event
I/LaunchCheckinHandler( 1025): Displayed co.giftmeapp.gift_me/.GiftMe,cp,ca,685
I/ActivityManager( 1025): Displayed co.giftmeapp.gift_me/.GiftMe: +685ms
W/ActivityManager( 1025): Activity ActivityRecord{42ca0438 u0 com.android.packageinstaller/.InstallAppProgress t811 f} being finished, but not in LRU list
D/dalvikvm( 9678): GC_CONCURRENT freed 2138K, 30% free 12183K/17228K, paused 10ms+5ms, total 77ms
I/ActivityManager( 1025): Process android.process.acore (pid 4312) has died.
F/ProcessStats( 1025): Starting service ServiceState{428fdff0 com.facebook.push.mqtt.service.MqttPushService pkg=com.facebook.orca proc=428fdff0} without owner
D/CordovaWebViewClient( 4403): onPageStarted(file:///android_asset/www/index.html)
D/CordovaActivity( 4403): onMessage(onPageStarted,file:///android_asset/www/index.html)
W/SyncWapiModule( 4386): isPlayServicesEnabled=
W/SyncWapiModule( 4386): isPlayServicesEnabled=
W/GAV2    ( 4386): Thread[main,5,main]: Need to call initialize() and be in fallback mode to start dispatch.
I/ActivityManager( 1025): Start proc com.motorola.MotGallery2 for broadcast com.motorola.MotGallery2/com.android.gallery3d.app.PackagesMonitor: pid=4465 uid=10034 gids={50034, 3003, 1028, 1015}
D/WifiStateMachine( 1025): handleMessage: E msg.what=151572
D/WifiStateMachine( 1025): processMsg: ConnectedState
D/WifiStateMachine( 1025): processMsg: L2ConnectedState
D/WifiStateMachine( 1025): handleMessage: X
D/JsMessageQueue( 4403): Set native->JS mode to OnlineEventsBridgeMode
D/WifiStateMachine( 1025): handleMessage: E msg.what=131155
D/WifiStateMachine( 1025): processMsg: ConnectedState
D/WifiStateMachine( 1025): processMsg: L2ConnectedState
D/WifiStateMachine( 1025): handleMessage: X
I/ActivityManager( 1025): Start proc com.google.android.googlequicksearchbox:search for broadcast com.google.android.googlequicksearchbox/com.google.android.search.core.icingsync.IcingCorporaChangedReceiver: pid=4494 uid=10045 gids={50045, 3003, 3001, 1028, 3002, 1015}
F/ProcessStats( 1025): Starting service ServiceState{428fdff0 com.facebook.push.mqtt.service.MqttPushService pkg=com.facebook.orca proc=428fdff0} without owner
I/ActivityManager( 1025): Process com.android.keychain (pid 4328) has died.
F/ProcessStats( 1025): Starting service ServiceState{428fdff0 com.facebook.push.mqtt.service.MqttPushService pkg=com.facebook.orca proc=428fdff0} without owner
I/ActivityManager( 1025): Start proc com.evernote for broadcast com.evernote/.util.WidgetTracker: pid=4506 uid=10134 gids={50134, 3003, 1028, 1015}
F/ProcessStats( 1025): Starting service ServiceState{428fdff0 com.facebook.push.mqtt.service.MqttPushService pkg=com.facebook.orca proc=428fdff0} without owner
I/MultiDex( 4506): VM with version 1.6.0 does not have multidex support
I/MultiDex( 4506): install
I/MultiDex( 4506): MultiDexExtractor.load(/data/app/com.evernote-1.apk, false)
I/ActivityManager( 1025): Process com.android.vending (pid 4341) has died.
F/ProcessStats( 1025): Starting service ServiceState{428fdff0 com.facebook.push.mqtt.service.MqttPushService pkg=com.facebook.orca proc=428fdff0} without owner
I/MultiDex( 4506): loading existing secondary dex files
I/MultiDex( 4506): load found 0 secondary dex files
I/MultiDex( 4506): install done
W/GAV2    ( 4386): Thread[main,5,main]: dispatch call queued.  Need to call GAServiceManager.getInstance().initialize().
F/ProcessStats( 1025): Starting service ServiceState{428fdff0 com.facebook.push.mqtt.service.MqttPushService pkg=com.facebook.orca proc=428fdff0} without owner
D/EN      ( 4506): MemoryMapAppender.ctor()
D/EN      ( 4506): MemoryMapAppender.ctor-end()
D/EN      ( 4506): [EvernoteProvider] - Provider+++++onCreate()
D/EN      ( 4506): [d] - AccountManager()::userIds=102703026
D/EN      ( 4506): [b] - creating new AccountInfo()::userId102703026
I/ActivityManager( 1025): Process com.android.packageinstaller (pid 4192) has died.
F/ProcessStats( 1025): Starting service ServiceState{428fdff0 com.facebook.push.mqtt.service.MqttPushService pkg=com.facebook.orca proc=428fdff0} without owner
D/EN      ( 4506): [d] - AccountManager()::adding account::102703026::timcallagy
D/EN      ( 4506): [d] - AccountManager()::count=1
D/EN      ( 4506): [d] - initialized:
D/EN      ( 4506): [a] - getInstance()::
D/EN      ( 4506): [al] - Register SD Card Receiver ++++++++++++++++++++
D/CordovaLog( 4403): https://js.stripe.com/v2/: Line 2 : You are using Stripe.js in live mode over an insecure connection. This is considered unsafe. Please conduct live requests only on sites served over https. For more info, see https://stripe.com/help/ssl
I/chromium( 4403): [INFO:CONSOLE(2)] "You are using Stripe.js in live mode over an insecure connection. This is considered unsafe. Please conduct live requests only on sites served over https. For more info, see https://stripe.com/help/ssl", source: https://js.stripe.com/v2/ (2)
D/EN      ( 4506): [al] - checkForRecentUnmount() end
D/EN      ( 4506): [a] - locale is set=en_GB
D/EN      ( 4506): [a] - isDBONSDcard()=true
I/EN      ( 4506): [al] - getSDCardStatus()::mounted::noStorageText=null
D/EN      ( 4506): [a] - isDBFileChanged()::lastFilePath in pref=/data/data/com.evernote/files/user-102703026/.external-1428259012787-Evernote.db
E/EN      ( 4506): [a] - isDBFileChanged()::+++++++++lastFilePath exists/data/data/com.evernote/files/user-102703026/.external-1428259012787-Evernote.db
D/EN      ( 4506): [a] - getInstance()::DBFile NOT Changed
D/EN      ( 4506): [a] - isDBONSDcard()=true
D/EN      ( 4506): [a] - moveToSDcard()::start::Evernote.DB_ON_SDCARD=true
D/EN      ( 4506): [a] - isDBONSDcard()=true
E/EN      ( 4506): [a] - isLastDBFileOnSDCard()::+++++++++++lastFilePath exists/data/data/com.evernote/files/user-102703026/.external-1428259012787-Evernote.db
D/EN      ( 4506): [a] - isDBONSDcard()=true
D/EN      ( 4506): [a] - getDBfilePath()::++++++++++++++++lastFilePath from preferences/data/data/com.evernote/files/user-102703026/.external-1428259012787-Evernote.db
E/EN      ( 4506): [a] - getDBfilePath()::++++++++++++++++lastFilePath exists/data/data/com.evernote/files/user-102703026/.external-1428259012787-Evernote.db
D/EN      ( 4506): [EvernoteProvider] - cleanupOldThumbnailsIfNeeded()
I/App     ( 4403): WARNING: Back Button Default Behavior will be overridden.  The backbutton event will be fired!
I/ReleaseProperties( 4506): Current app is: evernote
I/ReleaseProperties( 4506): propFile: release is now loaded
I/ReleaseProperties( 4506): propFile: play is now loaded
I/ReleaseProperties( 4506): propFile: base is now loaded
I/ReleaseProperties( 4506): propFile: override is now loaded
D/MarketUtils( 4506): isPackageInstalled() - com.android.vending is installed
D/MarketUtils( 4506): isPackageInstalled() - com.android.vending is installed
D/CordovaLog( 4403): file:///android_asset/www/js/app.js: Line 22 : Service initialized
D/MarketUtils( 4506): isPackageInstalled() - com.android.vending is installed
I/chromium( 4403): [INFO:CONSOLE(22)] "Service initialized", source: file:///android_asset/www/js/app.js (22)
D/MarketUtils( 4506): isPackageInstalled() - com.android.vending is installed
I/ReleaseProperties( 4506): ReleaseProperties: 
I/ReleaseProperties( 4506):   bundleName=google-play
I/ReleaseProperties( 4506):   revision=AM_702_524
I/ReleaseProperties( 4506):   type=public
I/ReleaseProperties( 4506):   gitHash=313f54a11431af98d659728265b72cfcf9ec527e
I/ReleaseProperties( 4506):   baseSearchUri=market://search?q=
D/ReleaseProperties( 4506): getReferralPersistencePath():: old=false:: path=/storage/emulated/0/.enref
D/MarketUtils( 4506): isPackageInstalled() - com.android.vending is installed
D/MarketUtils( 4506): isPackageInstalled() - com.android.vending is installed
I/ReleaseProperties( 4506): From file referralCode=android
D/CordovaLog( 4403): file:///android_asset/www/js/app.js: Line 184 : facebookConnectPlugin not ready
I/chromium( 4403): [INFO:CONSOLE(184)] "facebookConnectPlugin not ready", source: file:///android_asset/www/js/app.js (184)
D/EN      ( 4506): [a] - isDBONSDcard()=true
D/EN      ( 4506): [Evernote] - VERSION_CODE: 1070243
D/MarketUtils( 4506): isPackageInstalled() - com.android.vending is installed
D/MarketUtils( 4506): isPackageInstalled() - com.android.vending is installed
I/dalvikvm( 4506): Could not find method android.content.pm.PackageManager.getActivityBanner, referenced from method com.evernote.d.b.getActivityBanner
W/dalvikvm( 4506): VFY: unable to resolve virtual method 793: Landroid/content/pm/PackageManager;.getActivityBanner (Landroid/content/ComponentName;)Landroid/graphics/drawable/Drawable;
D/dalvikvm( 4506): VFY: replacing opcode 0x6e at 0x0002
I/dalvikvm( 4506): Could not find method android.content.pm.PackageManager.getActivityBanner, referenced from method com.evernote.d.b.getActivityBanner
W/dalvikvm( 4506): VFY: unable to resolve virtual method 794: Landroid/content/pm/PackageManager;.getActivityBanner (Landroid/content/Intent;)Landroid/graphics/drawable/Drawable;
D/dalvikvm( 4506): VFY: replacing opcode 0x6e at 0x0002
I/dalvikvm( 4506): Could not find method android.content.pm.PackageManager.getApplicationBanner, referenced from method com.evernote.d.b.getApplicationBanner
W/dalvikvm( 4506): VFY: unable to resolve virtual method 801: Landroid/content/pm/PackageManager;.getApplicationBanner (Landroid/content/pm/ApplicationInfo;)Landroid/graphics/drawable/Drawable;
D/dalvikvm( 4506): VFY: replacing opcode 0x6e at 0x0002
I/dalvikvm( 4506): Could not find method android.content.pm.PackageManager.getApplicationBanner, referenced from method com.evernote.d.b.getApplicationBanner
W/dalvikvm( 4506): VFY: unable to resolve virtual method 802: Landroid/content/pm/PackageManager;.getApplicationBanner (Ljava/lang/String;)Landroid/graphics/drawable/Drawable;
D/dalvikvm( 4506): VFY: replacing opcode 0x6e at 0x0002
I/dalvikvm( 4506): Could not find method android.content.pm.PackageManager.getLeanbackLaunchIntentForPackage, referenced from method com.evernote.d.b.getLeanbackLaunchIntentForPackage
W/dalvikvm( 4506): VFY: unable to resolve virtual method 818: Landroid/content/pm/PackageManager;.getLeanbackLaunchIntentForPackage (Ljava/lang/String;)Landroid/content/Intent;
D/dalvikvm( 4506): VFY: replacing opcode 0x6e at 0x0002
I/dalvikvm( 4506): Could not find method android.content.pm.PackageManager.getPackageInstaller, referenced from method com.evernote.d.b.getPackageInstaller
W/dalvikvm( 4506): VFY: unable to resolve virtual method 823: Landroid/content/pm/PackageManager;.getPackageInstaller ()Landroid/content/pm/PackageInstaller;
D/dalvikvm( 4506): VFY: replacing opcode 0x6e at 0x0002
I/dalvikvm( 4506): Could not find method android.content.pm.PackageManager.getUserBadgedDrawableForDensity, referenced from method com.evernote.d.b.getUserBadgedDrawableForDensity
W/dalvikvm( 4506): VFY: unable to resolve virtual method 839: Landroid/content/pm/PackageManager;.getUserBadgedDrawableForDensity (Landroid/graphics/drawable/Drawable;Landroid/os/UserHandle;Landroid/graphics/Rect;I)Landroid/graphics/drawable/Drawable;
D/dalvikvm( 4506): VFY: replacing opcode 0x6e at 0x0002
I/dalvikvm( 4506): Could not find method android.content.pm.PackageManager.getUserBadgedIcon, referenced from method com.evernote.d.b.getUserBadgedIcon
W/dalvikvm( 4506): VFY: unable to resolve virtual method 840: Landroid/content/pm/PackageManager;.getUserBadgedIcon (Landroid/graphics/drawable/Drawable;Landroid/os/UserHandle;)Landroid/graphics/drawable/Drawable;
D/dalvikvm( 4506): VFY: replacing opcode 0x6e at 0x0002
I/dalvikvm( 4506): Could not find method android.content.pm.PackageManager.getUserBadgedLabel, referenced from method com.evernote.d.b.getUserBadgedLabel
W/dalvikvm( 4506): VFY: unable to resolve virtual method 841: Landroid/content/pm/PackageManager;.getUserBadgedLabel (Ljava/lang/CharSequence;Landroid/os/UserHandle;)Ljava/lang/CharSequence;
D/dalvikvm( 4506): VFY: replacing opcode 0x6e at 0x0002
I/Crashlytics( 4506): Initializing Crashlytics 1.1.8.10
D/MarketUtils( 4506): isPackageInstalled() - com.android.vending is installed
D/HockeyApp( 4506): Looking for exceptions in: /data/data/com.evernote/files
D/HockeyApp( 4506): Current handler class = com.evernote.k
D/EN      ( 4506): [ee] - registered crash manager
D/EN      ( 4506): [c] - onApplicationStart()
D/EN      ( 4506): [c] - onApplicationStart() -- loader thread
D/EN      ( 4506): [c] - pushUserIDToDataLayer(), pushing user-id ending in 6
D/MarketUtils( 4506): isPackageInstalled() - com.android.vending is installed
D/MarketUtils( 4506): isPackageInstalled() - com.android.vending is installed
I/ActivityManager( 1025): Start proc com.evernote.widget for broadcast com.evernote.widget/.WidgetStateReceiver: pid=4541 uid=10135 gids={50135, 3003, 1028, 1015}
F/ProcessStats( 1025): Starting service ServiceState{428fdff0 com.facebook.push.mqtt.service.MqttPushService pkg=com.facebook.orca proc=428fdff0} without owner
D/CordovaActivity( 4403): onMessage(spinner,stop)
D/EN      ( 4506): [c] - 	loading saved values from internal storage
I/ReleaseProperties( 4541): Current app is: evernoteWidget
I/ReleaseProperties( 4541): propFile: release is now loaded
I/ReleaseProperties( 4541): propFile: play is now loaded
I/ReleaseProperties( 4541): propFile: base is now loaded
I/SBar.NetworkController( 1119): refreshSignalCluster: wifi: mWifiConnected=true Wifi=zz_moto_stat_sys_wifi_signal_4_fully_wide Activity=zz_moto_stat_sys_wifi_inout_wide in=false out=false Accessibility="Wi-Fi signal full."
I/SBar.NetworkController( 1119): refreshSignalCluster: mobile: mHasMobileDataFeature=true DataTypeShown=(none) Activity=(none) in=false out=false Accessibility="3G"
I/ReleaseProperties( 4541): propFile: override is now loaded
I/ReleaseProperties( 4541): ReleaseProperties: 
I/ReleaseProperties( 4541):   bundleName=none
I/ReleaseProperties( 4541):   revision=unknown
I/ReleaseProperties( 4541):   type=development
I/ReleaseProperties( 4541):   gitHash=?
I/ReleaseProperties( 4541):   baseSearchUri=market://search?q=
D/ReleaseProperties( 4541): getReferralPersistencePath():: old=false:: path=/storage/emulated/0/.enref
I/ReleaseProperties( 4541): From file referralCode=android
F/ProcessStats( 1025): Starting service ServiceState{428fdff0 com.facebook.push.mqtt.service.MqttPushService pkg=com.facebook.orca proc=428fdff0} without owner
D/CordovaWebViewClient( 4403): onPageFinished(file:///android_asset/www/index.html)
D/CordovaActivity( 4403): onMessage(onPageFinished,file:///android_asset/www/index.html)
D/CordovaLog( 4403): file:///android_asset/www/js/app.js: Line 194 : Uncaught ReferenceError: StatusBar is not defined
I/chromium( 4403): [INFO:CONSOLE(194)] "Uncaught ReferenceError: StatusBar is not defined", source: file:///android_asset/www/js/app.js (194)
I/ActivityManager( 1025): Process com.google.android.apps.docs (pid 4386) has died.
F/ProcessStats( 1025): Starting service ServiceState{428fdff0 com.facebook.push.mqtt.service.MqttPushService pkg=com.facebook.orca proc=428fdff0} without owner
D/WifiStateMachine( 1025): handleMessage: E msg.what=151572
D/WifiStateMachine( 1025): processMsg: ConnectedState
D/WifiStateMachine( 1025): processMsg: L2ConnectedState
D/WifiStateMachine( 1025): handleMessage: X
I/ActivityManager( 1025): Start proc com.facebook.katana:dash for broadcast com.facebook.katana/com.facebook.dash.receivers.DashPackageUninstallReceiver: pid=4558 uid=10110 gids={50110, 1028, 1015, 3003}
I/ActivityManager( 1025): Process com.motorola.MotGallery2 (pid 4465) has died.
F/ProcessStats( 1025): Starting service ServiceState{428fdff0 com.facebook.push.mqtt.service.MqttPushService pkg=com.facebook.orca proc=428fdff0} without owner
W/dalvikvm( 4558): VFY: unable to resolve static field 29078 (a) in Lcom/facebook/katana/app/WorkAppTypes;
D/dalvikvm( 4558): VFY: replacing opcode 0x62 at 0x0013
W/dalvikvm( 4558): VFY: unable to resolve static field 29079 (b) in Lcom/facebook/katana/app/WorkAppTypes;
D/dalvikvm( 4558): VFY: replacing opcode 0x62 at 0x001d
E/dalvikvm( 4558): Could not find class 'com.facebook.katana.app.WallpaperFacebookApplicationImpl', referenced from method com.facebook.katana.app.FacebookApplication.a
W/dalvikvm( 4558): VFY: unable to resolve new-instance 379 (Lcom/facebook/katana/app/WallpaperFacebookApplicationImpl;) in Lcom/facebook/katana/app/FacebookApplication;
D/dalvikvm( 4558): VFY: replacing opcode 0x22 at 0x00a9
D/dalvikvm( 4558): DexOpt: unable to opt direct call 0x055f at 0xab in Lcom/facebook/katana/app/FacebookApplication;.a
D/CatchMeIfYouCan( 4558): Process (dash) ca: '/data/data/com.facebook.katana/app_cmiyc/0C66B38F48468E96F8008B6D5A2AE33B4A60265E01'
D/CatchMeIfYouCan( 4558): Process (dash) fc: '/data/data/com.facebook.katana/app_cmiyc/0C66B38F48468E96F8008B6D5A2AE33B4A60265E02'
D/CatchMeIfYouCan( 4558): Process (dash) cp: '('dash', 6, 60000, silent [true], restart [true], logout [true])'
D/ACRA    ( 4558): ACRA is enabled for com.facebook.katana, intializing...
D/ACRA    ( 4558): Looking for error files in /data/data/com.facebook.katana/app_acra-reports
D/ACRA    ( 4558): Looking for error files in /data/data/com.facebook.katana/app_minidumps
D/dalvikvm( 4558): Trying to load lib /data/app-lib/com.facebook.katana-2/libgnustl_shared.so 0x41fabc70
D/dalvikvm( 4558): Added shared lib /data/app-lib/com.facebook.katana-2/libgnustl_shared.so 0x41fabc70
D/dalvikvm( 4558): No JNI_OnLoad found in /data/app-lib/com.facebook.katana-2/libgnustl_shared.so 0x41fabc70, skipping init
D/dalvikvm( 4558): Trying to load lib /data/app-lib/com.facebook.katana-2/libfb_breakpad_client.so 0x41fabc70
D/dalvikvm( 4558): Added shared lib /data/app-lib/com.facebook.katana-2/libfb_breakpad_client.so 0x41fabc70
D/dalvikvm( 4558): Trying to load lib /data/app-lib/com.facebook.katana-2/libfb_dalvik-internals.so 0x41fabc70
D/ConnectPlugin( 4403): onSessionStateChange:OPENED
D/ConnectPlugin( 4403): onSessionStateChange:OPENED
D/dalvikvm( 4558): Added shared lib /data/app-lib/com.facebook.katana-2/libfb_dalvik-internals.so 0x41fabc70
V/DexLibLoader( 4558): about to lock: /data/data/com.facebook.katana/mdex_lock
V/DexLibLoader( 4558): locking /data/data/com.facebook.katana/mdex_lock took 1 ms
V/DexLibLoader( 4558): Secondary program dex metadata: secondary-1.dex.jar.xz afe2a138e590c57cf300e34841fe1dd9dd68fd2b secondary.dex01.Canary
V/DexLibLoader( 4558): Secondary program dex metadata: secondary-2.dex.jar.xz 5c2d05284f9f504005e2320596a43ea99736ee47 secondary.dex02.Canary
V/DexLibLoader( 4558): Secondary program dex metadata: secondary-3.dex.jar.xz da411c2b21627234b41f697afcfff74dab56d7ab secondary.dex03.Canary
V/DexLibLoader( 4558): Secondary program dex metadata: secondary-4.dex.jar.xz afb90a3dbf193c2d7de2c054840ef1704ba30de8 secondary.dex04.Canary
V/DexLibLoader( 4558): Secondary program dex metadata: secondary-5.dex.jar.xz 1176d0bd5a64048bf9d67beca33e98455019d434 secondary.dex05.Canary
V/DexLibLoader( 4558): Secondary program dex metadata: secondary-6.dex.jar.xz f40f17ad4e6586d2a02c454ff59acb1d04a03476 secondary.dex06.Canary
V/DexLibLoader( 4558): Secondary program dex metadata: secondary-7.dex.jar.xz 1c58c0a11ce342a2c04fd0f1ee86872b85397931 secondary.dex07.Canary
V/DexLibLoader( 4558): directory "/data/data/com.facebook.katana/app_secondary_program_dex" contains "program-afe2a138e590c57cf300e34841fe1dd9dd68fd2b6661a1c7.dex.jar" as expected
V/DexLibLoader( 4558): directory "/data/data/com.facebook.katana/app_secondary_program_dex" contains "program-5c2d05284f9f504005e2320596a43ea99736ee476661a1c7.dex.jar" as expected
V/DexLibLoader( 4558): directory "/data/data/com.facebook.katana/app_secondary_program_dex" contains "program-da411c2b21627234b41f697afcfff74dab56d7ab6661a1c7.dex.jar" as expected
V/DexLibLoader( 4558): directory "/data/data/com.facebook.katana/app_secondary_program_dex" contains "program-afb90a3dbf193c2d7de2c054840ef1704ba30de86661a1c7.dex.jar" as expected
V/DexLibLoader( 4558): directory "/data/data/com.facebook.katana/app_secondary_program_dex" contains "program-1176d0bd5a64048bf9d67beca33e98455019d4346661a1c7.dex.jar" as expected
V/DexLibLoader( 4558): directory "/data/data/com.facebook.katana/app_secondary_program_dex" contains "program-f40f17ad4e6586d2a02c454ff59acb1d04a034766661a1c7.dex.jar" as expected
V/DexLibLoader( 4558): directory "/data/data/com.facebook.katana/app_secondary_program_dex" contains "program-1c58c0a11ce342a2c04fd0f1ee86872b853979316661a1c7.dex.jar" as expected
D/DexLibLoader( 4558): ignoring file "program-afe2a138e590c57cf300e34841fe1dd9dd68fd2b6661a1c7.dex.odex" in "/data/data/com.facebook.katana/app_secondary_program_dex"
D/DexLibLoader( 4558): ignoring file "program-5c2d05284f9f504005e2320596a43ea99736ee476661a1c7.dex.odex" in "/data/data/com.facebook.katana/app_secondary_program_dex"
D/DexLibLoader( 4558): ignoring file "program-da411c2b21627234b41f697afcfff74dab56d7ab6661a1c7.dex.odex" in "/data/data/com.facebook.katana/app_secondary_program_dex"
D/DexLibLoader( 4558): ignoring file "program-afb90a3dbf193c2d7de2c054840ef1704ba30de86661a1c7.dex.odex" in "/data/data/com.facebook.katana/app_secondary_program_dex"
D/DexLibLoader( 4558): ignoring file "program-1176d0bd5a64048bf9d67beca33e98455019d4346661a1c7.dex.odex" in "/data/data/com.facebook.katana/app_secondary_program_dex"
D/DexLibLoader( 4558): ignoring file "program-f40f17ad4e6586d2a02c454ff59acb1d04a034766661a1c7.dex.odex" in "/data/data/com.facebook.katana/app_secondary_program_dex"
D/DexLibLoader( 4558): ignoring file "program-1c58c0a11ce342a2c04fd0f1ee86872b853979316661a1c7.dex.odex" in "/data/data/com.facebook.katana/app_secondary_program_dex"
D/DexLibLoader( 4558): directory "/data/data/com.facebook.katana/app_secondary_program_dex" is valid
D/DexLibLoader( 4558): ignoring file "primary_deps" in "/data/data/com.facebook.katana/app_secondary_program_dex_opt"
V/DexLibLoader( 4558): directory "/data/data/com.facebook.katana/app_secondary_program_dex_opt" contains "program-afe2a138e590c57cf300e34841fe1dd9dd68fd2b6661a1c7.dex.dex" as expected
V/DexLibLoader( 4558): directory "/data/data/com.facebook.katana/app_secondary_program_dex_opt" contains "program-5c2d05284f9f504005e2320596a43ea99736ee476661a1c7.dex.dex" as expected
V/DexLibLoader( 4558): directory "/data/data/com.facebook.katana/app_secondary_program_dex_opt" contains "program-da411c2b21627234b41f697afcfff74dab56d7ab6661a1c7.dex.dex" as expected
V/DexLibLoader( 4558): directory "/data/data/com.facebook.katana/app_secondary_program_dex_opt" contains "program-afb90a3dbf193c2d7de2c054840ef1704ba30de86661a1c7.dex.dex" as expected
