* daemon not running. starting it now on port 5037 *
* daemon started successfully *
--------- beginning of /dev/log/system
D/NetworkManagementService( 1025): interface rmnet0setmtu 1410
I/ActivityManager( 1025): Process com.google.android.googlequicksearchbox:search (pid 31833) has died.
F/ProcessStats( 1025): Starting service ServiceState{428fdff0 com.facebook.push.mqtt.service.MqttPushService pkg=com.facebook.orca proc=428fdff0} without owner
I/ActivityManager( 1025): Process com.motorola.MotGallery2 (pid 31815) has died.
F/ProcessStats( 1025): Starting service ServiceState{428fdff0 com.facebook.push.mqtt.service.MqttPushService pkg=com.facebook.orca proc=428fdff0} without owner
I/ActivityManager( 1025): Process com.devexpert.weather (pid 31865) has died.
D/WifiService( 1025): Client connection lost with reason: 4
I/ActivityManager( 1025): Process android.process.acore (pid 31921) has died.
I/ActivityManager( 1025): Process com.android.mms (pid 31895) has died.
I/ActivityManager( 1025): Process com.facebook.katana (pid 27797) has died.
W/ActivityManager( 1025): Scheduling restart of crashed service com.facebook.katana/com.facebook.push.mqtt.service.MqttPushService in 1000ms
I/ActivityManager( 1025): Process uk.co.economist (pid 20816) has died.
W/ActivityManager( 1025): Scheduling restart of crashed service uk.co.economist/.service.EditionDownloadManager in 10998ms
W/ActivityManager( 1025): Service ServiceRecord{421e80d8 u0 uk.co.economist/.service.APIService} in process ProcessRecord{4309b6a8 20816:uk.co.economist/u0a130} not same as in map: null
I/ActivityManager( 1025): Process com.whatsapp (pid 11087) has died.
W/ActivityManager( 1025): Scheduling restart of crashed service com.whatsapp/.messaging.MessageService in 20996ms
I/ActivityManager( 1025): Process com.bambuna.podcastaddict (pid 27934) has died.
W/ActivityManager( 1025): Scheduling restart of crashed service com.bambuna.podcastaddict/.service.PodcastAddictService in 30994ms
I/ActivityManager( 1025): Process com.rhmsoft.fm:service (pid 20949) has died.
W/ActivityManager( 1025): Scheduling restart of crashed service com.rhmsoft.fm/com.cleanmaster.fm.service.BackgroundService in 40990ms
I/ActivityManager( 1025): Process com.google.android.gms.wearable (pid 19121) has died.
W/ActivityManager( 1025): Scheduling restart of crashed service com.google.android.gms/.wearable.service.WearableService in 50967ms
I/ActivityManager( 1025): Process android.process.media (pid 22930) has died.
W/ActivityManager( 1025): Scheduling restart of crashed service com.android.providers.media/.MtpService in 60938ms
D/ConnectivityService( 1025): stopUsingNetworkFeature: teardown net 0: enableSUPL
E/ConnectivityService( 1025): Exception trying to remove a route: java.lang.IllegalStateException: command '39498 interface route remove rmnet0 default 0.0.0.0 0 100.98.241.198' failed with '400 39498 Failed to remove route from default table (No such process)'
D/Nat464Xlat( 1025): requiresClat: netType=3, hasIPv4Address=true
D/MobileDataStateTracker( 1025): default: setPolicyDataEnable(enabled=true)
I/ActivityManager( 1025): Process com.mobisystems.ubreader_west (pid 21060) has died.
W/ActivityManager( 1025): Scheduling restart of crashed service com.mobisystems.ubreader_west/com.mobisystems.ubreader.launcher.service.NetworkService in 70909ms
D/MobileDataStateTracker( 1025): default: setPolicyDataEnable(enabled=true)
D/MobileDataStateTracker( 1025): supl: Broadcast received: android.intent.action.ANY_DATA_STATE apnType=supl
D/MobileDataStateTracker( 1025): supl: Received state=DISCONNECTED, old=CONNECTED, reason=dataDisabled
D/MobileDataStateTracker( 1025): supl: setDetailed state, old =CONNECTED and new state=DISCONNECTED
D/ConnectivityService( 1025): ConnectivityChange for mobile_supl: DISCONNECTED/DISCONNECTED
I/ActivityManager( 1025): Start proc com.android.mms for broadcast com.android.mms/.transaction.MmsSystemEventReceiver: pid=32027 uid=10031 gids={50031, 3003, 1028, 1015}
W/FrameworkListener(  270): Handler 'interface' error (No such device)
W/FrameworkListener(  270): Handler 'interface' error (No such device)
D/ConnectivityService( 1025): resetConnections(rmnet0, 3)
D/Nat464Xlat( 1025): requiresClat: netType=3, hasIPv4Address=true
D/MobileDataStateTracker( 1025): default: setPolicyDataEnable(enabled=true)
D/MobileDataStateTracker( 1025): default: setPolicyDataEnable(enabled=true)
I/ActivityManager( 1025): Start proc android.process.acore for content provider com.android.providers.contacts/.ContactsProvider2: pid=32063 uid=10010 gids={50010, 3003, 1028, 1015, 1023}
D/MobileDataStateTracker( 1025): default: setPolicyDataEnable(enabled=true)
D/MobileDataStateTracker( 1025): default: setPolicyDataEnable(enabled=true)
I/ActivityManager( 1025): Start proc com.facebook.katana for service com.facebook.katana/com.facebook.push.mqtt.service.MqttPushService: pid=32081 uid=10110 gids={50110, 1028, 1015, 3003}
D/WifiService( 1025): New client listening to asynchronous messages
I/ActivityManager( 1025): Start proc com.bambuna.podcastaddict for broadcast com.bambuna.podcastaddict/.receiver.PodcastAddictBroadcastReceiver: pid=32144 uid=10113 gids={50113, 3003, 1028, 1015, 3002}
E/ActivityThread( 8694): Failed to find provider info for com.motorola.blur.setupprovider
W/Vold    (  261): Returning OperationFailed - no handler for errno 30
I/ActivityManager( 1025): Start proc android.process.media for broadcast com.android.providers.downloads/.DownloadReceiver: pid=32173 uid=10018 gids={50018, 1028, 1015, 1023, 1024, 2001, 3003, 3007}
I/ActivityManager( 1025): Start proc com.google.android.setupwizard for broadcast com.google.android.setupwizard/.MobileConnectivityChangeReceiver: pid=32213 uid=10042 gids={50042, 3003}
I/openssl (32173): Crypto mode not selected, openssl will run on its regular mode.
I/openssl (32173): Crypto mode 0 already enabled
I/ActivityManager( 1025): Start proc com.google.android.apps.magazines for broadcast com.google.android.apps.magazines/com.google.apps.dots.android.newsstand.appwidget.NewsWidgetProvider: pid=32239 uid=10077 gids={50077, 3003, 1028, 1015}
E/ActivityThread( 8694): Failed to find provider info for com.motorola.blur.setupprovider
W/Vold    (  261): Returning OperationFailed - no handler for errno 30
W/Vold    (  261): Returning OperationFailed - no handler for errno 30
W/Vold    (  261): Returning OperationFailed - no handler for errno 30
W/Vold    (  261): Returning OperationFailed - no handler for errno 30
E/ActivityThread( 8694): Failed to find provider info for com.motorola.blur.setupprovider
I/ActivityManager( 1025): Start proc com.google.android.gms.unstable for service com.google.android.gms/.droidguard.DroidGuardService: pid=32258 uid=10022 gids={50022, 3003, 1007, 1028, 1015, 3002, 3001, 3007, 2001, 3006}
D/ConnectivityService( 1025): handleInetConditionHoldEnd: net=1, condition=100, published condition=100
I/ActivityManager( 1025): Start proc com.android.chrome for broadcast com.android.chrome/com.google.android.apps.chrome.precache.PrecacheServiceLauncher: pid=32300 uid=10057 gids={50057, 3003, 1028, 1015}
F/ProcessStats( 1025): Starting service ServiceState{42abda10 com.cleanmaster.fm.service.BackgroundService pkg=com.rhmsoft.fm proc=42abda10} without owner
F/ProcessStats( 1025): Starting service ServiceState{42c48c08 com.whatsapp.messaging.MessageService pkg=com.whatsapp proc=42c48c08} without owner
F/ProcessStats( 1025): Starting service ServiceState{422b0fe8 com.mobisystems.ubreader.launcher.service.NetworkService pkg=com.mobisystems.ubreader_west proc=422b0fe8} without owner
F/ProcessStats( 1025): Starting service ServiceState{42960c98 com.google.android.gms.wearable.service.WearableService pkg=com.google.android.gms proc=42960c98} without owner
F/ProcessStats( 1025): Starting service ServiceState{435315a8 uk.co.economist.service.EditionDownloadManager pkg=uk.co.economist proc=435315a8} without owner
F/ProcessStats( 1025): Starting service ServiceState{428fdff0 com.facebook.push.mqtt.service.MqttPushService pkg=com.facebook.orca proc=428fdff0} without owner
I/ActivityManager( 1025): Start proc com.google.android.talk for broadcast com.google.android.talk/com.google.android.apps.hangouts.service.NetworkStateReceiver: pid=32314 uid=10071 gids={50071, 3003, 1028, 1015, 3002}
F/ProcessStats( 1025): Starting service ServiceState{42abda10 com.cleanmaster.fm.service.BackgroundService pkg=com.rhmsoft.fm proc=42abda10} without owner
F/ProcessStats( 1025): Starting service ServiceState{42c48c08 com.whatsapp.messaging.MessageService pkg=com.whatsapp proc=42c48c08} without owner
F/ProcessStats( 1025): Starting service ServiceState{422b0fe8 com.mobisystems.ubreader.launcher.service.NetworkService pkg=com.mobisystems.ubreader_west proc=422b0fe8} without owner
F/ProcessStats( 1025): Starting service ServiceState{42960c98 com.google.android.gms.wearable.service.WearableService pkg=com.google.android.gms proc=42960c98} without owner
F/ProcessStats( 1025): Starting service ServiceState{435315a8 uk.co.economist.service.EditionDownloadManager pkg=uk.co.economist proc=435315a8} without owner
F/ProcessStats( 1025): Starting service ServiceState{428fdff0 com.facebook.push.mqtt.service.MqttPushService pkg=com.facebook.orca proc=428fdff0} without owner
I/ActivityManager( 1025): Process android.process.acore (pid 32063) has died.
F/ProcessStats( 1025): Starting service ServiceState{42abda10 com.cleanmaster.fm.service.BackgroundService pkg=com.rhmsoft.fm proc=42abda10} without owner
F/ProcessStats( 1025): Starting service ServiceState{42c48c08 com.whatsapp.messaging.MessageService pkg=com.whatsapp proc=42c48c08} without owner
F/ProcessStats( 1025): Starting service ServiceState{422b0fe8 com.mobisystems.ubreader.launcher.service.NetworkService pkg=com.mobisystems.ubreader_west proc=422b0fe8} without owner
F/ProcessStats( 1025): Starting service ServiceState{42960c98 com.google.android.gms.wearable.service.WearableService pkg=com.google.android.gms proc=42960c98} without owner
F/ProcessStats( 1025): Starting service ServiceState{435315a8 uk.co.economist.service.EditionDownloadManager pkg=uk.co.economist proc=435315a8} without owner
F/ProcessStats( 1025): Starting service ServiceState{428fdff0 com.facebook.push.mqtt.service.MqttPushService pkg=com.facebook.orca proc=428fdff0} without owner
I/ActivityManager( 1025): Start proc com.mobisystems.ubreader_west for broadcast com.mobisystems.ubreader_west/com.mobisystems.ubreader.launcher.network.NetworkStateReceiver: pid=32336 uid=10117 gids={50117, 3003, 1028, 1015}
W/AppOps  ( 1025): Bad call: specified package qcamera under uid 1013 but it is really -1
W/AppOps  ( 1025): Bad call: specified package qcamera under uid 1013 but it is really -1
W/AppOps  ( 1025): Bad call: specified package qcamera under uid 1013 but it is really -1
W/AppOps  ( 1025): Bad call: specified package qcamera under uid 1013 but it is really -1
F/ProcessStats( 1025): Starting service ServiceState{42abda10 com.cleanmaster.fm.service.BackgroundService pkg=com.rhmsoft.fm proc=42abda10} without owner
F/ProcessStats( 1025): Starting service ServiceState{42c48c08 com.whatsapp.messaging.MessageService pkg=com.whatsapp proc=42c48c08} without owner
F/ProcessStats( 1025): Starting service ServiceState{42960c98 com.google.android.gms.wearable.service.WearableService pkg=com.google.android.gms proc=42960c98} without owner
F/ProcessStats( 1025): Starting service ServiceState{435315a8 uk.co.economist.service.EditionDownloadManager pkg=uk.co.economist proc=435315a8} without owner
F/ProcessStats( 1025): Starting service ServiceState{428fdff0 com.facebook.push.mqtt.service.MqttPushService pkg=com.facebook.orca proc=428fdff0} without owner
I/ActivityManager( 1025): Process com.android.mms (pid 32027) has died.
F/ProcessStats( 1025): Starting service ServiceState{42abda10 com.cleanmaster.fm.service.BackgroundService pkg=com.rhmsoft.fm proc=42abda10} without owner
F/ProcessStats( 1025): Starting service ServiceState{42c48c08 com.whatsapp.messaging.MessageService pkg=com.whatsapp proc=42c48c08} without owner
F/ProcessStats( 1025): Starting service ServiceState{42960c98 com.google.android.gms.wearable.service.WearableService pkg=com.google.android.gms proc=42960c98} without owner
F/ProcessStats( 1025): Starting service ServiceState{435315a8 uk.co.economist.service.EditionDownloadManager pkg=uk.co.economist proc=435315a8} without owner
F/ProcessStats( 1025): Starting service ServiceState{428fdff0 com.facebook.push.mqtt.service.MqttPushService pkg=com.facebook.orca proc=428fdff0} without owner
I/ActivityManager( 1025): Start proc com.rhmsoft.fm:crash.feedback for broadcast com.rhmsoft.fm/com.cleanmaster.fm.receiver.ConnectivityChangeBroadcastReceiver: pid=32354 uid=10105 gids={50105, 3003, 1028, 1015}
I/ActivityManager( 1025): Process com.google.android.setupwizard (pid 32213) has died.
F/ProcessStats( 1025): Starting service ServiceState{42abda10 com.cleanmaster.fm.service.BackgroundService pkg=com.rhmsoft.fm proc=42abda10} without owner
W/Vold    (  261): Returning OperationFailed - no handler for errno 30
F/ProcessStats( 1025): Starting service ServiceState{42c48c08 com.whatsapp.messaging.MessageService pkg=com.whatsapp proc=42c48c08} without owner
W/Vold    (  261): Returning OperationFailed - no handler for errno 30
F/ProcessStats( 1025): Starting service ServiceState{42960c98 com.google.android.gms.wearable.service.WearableService pkg=com.google.android.gms proc=42960c98} without owner
W/Vold    (  261): Returning OperationFailed - no handler for errno 30
F/ProcessStats( 1025): Starting service ServiceState{435315a8 uk.co.economist.service.EditionDownloadManager pkg=uk.co.economist proc=435315a8} without owner
F/ProcessStats( 1025): Starting service ServiceState{428fdff0 com.facebook.push.mqtt.service.MqttPushService pkg=com.facebook.orca proc=428fdff0} without owner
F/ProcessStats( 1025): Starting service ServiceState{42abda10 com.cleanmaster.fm.service.BackgroundService pkg=com.rhmsoft.fm proc=42abda10} without owner
F/ProcessStats( 1025): Starting service ServiceState{42c48c08 com.whatsapp.messaging.MessageService pkg=com.whatsapp proc=42c48c08} without owner
F/ProcessStats( 1025): Starting service ServiceState{42960c98 com.google.android.gms.wearable.service.WearableService pkg=com.google.android.gms proc=42960c98} without owner
F/ProcessStats( 1025): Starting service ServiceState{435315a8 uk.co.economist.service.EditionDownloadManager pkg=uk.co.economist proc=435315a8} without owner
F/ProcessStats( 1025): Starting service ServiceState{428fdff0 com.facebook.push.mqtt.service.MqttPushService pkg=com.facebook.orca proc=428fdff0} without owner
I/ActivityManager( 1025): Process com.google.android.apps.magazines (pid 32239) has died.
F/ProcessStats( 1025): Starting service ServiceState{42abda10 com.cleanmaster.fm.service.BackgroundService pkg=com.rhmsoft.fm proc=42abda10} without owner
F/ProcessStats( 1025): Starting service ServiceState{42c48c08 com.whatsapp.messaging.MessageService pkg=com.whatsapp proc=42c48c08} without owner
F/ProcessStats( 1025): Starting service ServiceState{42960c98 com.google.android.gms.wearable.service.WearableService pkg=com.google.android.gms proc=42960c98} without owner
F/ProcessStats( 1025): Starting service ServiceState{435315a8 uk.co.economist.service.EditionDownloadManager pkg=uk.co.economist proc=435315a8} without owner
F/ProcessStats( 1025): Starting service ServiceState{428fdff0 com.facebook.push.mqtt.service.MqttPushService pkg=com.facebook.orca proc=428fdff0} without owner
I/openssl (32173): Crypto mode not selected, openssl will run on its regular mode.
I/openssl (32173): Crypto mode 0 already enabled
I/ActivityManager( 1025): Start proc com.android.mms for broadcast com.android.mms/.transaction.MmsSystemEventReceiver: pid=32382 uid=10031 gids={50031, 3003, 1028, 1015}
I/ActivityManager( 1025): Start proc com.google.android.setupwizard for broadcast com.google.android.setupwizard/.MobileConnectivityChangeReceiver: pid=32401 uid=10042 gids={50042, 3003}
F/ProcessStats( 1025): Starting service ServiceState{42abda10 com.cleanmaster.fm.service.BackgroundService pkg=com.rhmsoft.fm proc=42abda10} without owner
F/ProcessStats( 1025): Starting service ServiceState{42c48c08 com.whatsapp.messaging.MessageService pkg=com.whatsapp proc=42c48c08} without owner
F/ProcessStats( 1025): Starting service ServiceState{42960c98 com.google.android.gms.wearable.service.WearableService pkg=com.google.android.gms proc=42960c98} without owner
F/ProcessStats( 1025): Starting service ServiceState{435315a8 uk.co.economist.service.EditionDownloadManager pkg=uk.co.economist proc=435315a8} without owner
F/ProcessStats( 1025): Starting service ServiceState{428fdff0 com.facebook.push.mqtt.service.MqttPushService pkg=com.facebook.orca proc=428fdff0} without owner
I/ActivityManager( 1025): Process com.android.chrome (pid 32300) has died.
F/ProcessStats( 1025): Starting service ServiceState{42abda10 com.cleanmaster.fm.service.BackgroundService pkg=com.rhmsoft.fm proc=42abda10} without owner
F/ProcessStats( 1025): Starting service ServiceState{42c48c08 com.whatsapp.messaging.MessageService pkg=com.whatsapp proc=42c48c08} without owner
F/ProcessStats( 1025): Starting service ServiceState{42960c98 com.google.android.gms.wearable.service.WearableService pkg=com.google.android.gms proc=42960c98} without owner
F/ProcessStats( 1025): Starting service ServiceState{435315a8 uk.co.economist.service.EditionDownloadManager pkg=uk.co.economist proc=435315a8} without owner
F/ProcessStats( 1025): Starting service ServiceState{428fdff0 com.facebook.push.mqtt.service.MqttPushService pkg=com.facebook.orca proc=428fdff0} without owner
F/ProcessStats( 1025): Starting service ServiceState{42abda10 com.cleanmaster.fm.service.BackgroundService pkg=com.rhmsoft.fm proc=42abda10} without owner
F/ProcessStats( 1025): Starting service ServiceState{42c48c08 com.whatsapp.messaging.MessageService pkg=com.whatsapp proc=42c48c08} without owner
F/ProcessStats( 1025): Starting service ServiceState{42960c98 com.google.android.gms.wearable.service.WearableService pkg=com.google.android.gms proc=42960c98} without owner
F/ProcessStats( 1025): Starting service ServiceState{435315a8 uk.co.economist.service.EditionDownloadManager pkg=uk.co.economist proc=435315a8} without owner
F/ProcessStats( 1025): Starting service ServiceState{428fdff0 com.facebook.push.mqtt.service.MqttPushService pkg=com.facebook.orca proc=428fdff0} without owner
I/ActivityManager( 1025): Process com.google.android.talk (pid 32314) has died.
W/ActivityManager( 1025): Service ServiceRecord{43920ee8 u0 com.google.android.talk/com.google.android.libraries.hangouts.video.CallService} in process ProcessRecord{428ebd40 32314:com.google.android.talk/u0a71} not same as in map: null
F/ProcessStats( 1025): Starting service ServiceState{42abda10 com.cleanmaster.fm.service.BackgroundService pkg=com.rhmsoft.fm proc=42abda10} without owner
F/ProcessStats( 1025): Starting service ServiceState{42c48c08 com.whatsapp.messaging.MessageService pkg=com.whatsapp proc=42c48c08} without owner
F/ProcessStats( 1025): Starting service ServiceState{42960c98 com.google.android.gms.wearable.service.WearableService pkg=com.google.android.gms proc=42960c98} without owner
F/ProcessStats( 1025): Starting service ServiceState{435315a8 uk.co.economist.service.EditionDownloadManager pkg=uk.co.economist proc=435315a8} without owner
F/ProcessStats( 1025): Starting service ServiceState{428fdff0 com.facebook.push.mqtt.service.MqttPushService pkg=com.facebook.orca proc=428fdff0} without owner
I/ActivityManager( 1025): Start proc android.process.acore for content provider com.android.providers.contacts/.ContactsProvider2: pid=32415 uid=10010 gids={50010, 3003, 1028, 1015, 1023}
I/ActivityManager( 1025): Start proc com.google.android.apps.magazines for broadcast com.google.android.apps.magazines/com.google.apps.dots.android.newsstand.appwidget.NewsWidgetProvider: pid=32434 uid=10077 gids={50077, 3003, 1028, 1015}
F/ProcessStats( 1025): Starting service ServiceState{42abda10 com.cleanmaster.fm.service.BackgroundService pkg=com.rhmsoft.fm proc=42abda10} without owner
F/ProcessStats( 1025): Starting service ServiceState{42c48c08 com.whatsapp.messaging.MessageService pkg=com.whatsapp proc=42c48c08} without owner
F/ProcessStats( 1025): Starting service ServiceState{42960c98 com.google.android.gms.wearable.service.WearableService pkg=com.google.android.gms proc=42960c98} without owner
F/ProcessStats( 1025): Starting service ServiceState{435315a8 uk.co.economist.service.EditionDownloadManager pkg=uk.co.economist proc=435315a8} without owner
F/ProcessStats( 1025): Starting service ServiceState{428fdff0 com.facebook.push.mqtt.service.MqttPushService pkg=com.facebook.orca proc=428fdff0} without owner
I/ActivityManager( 1025): Process com.rhmsoft.fm:crash.feedback (pid 32354) has died.
F/ProcessStats( 1025): Starting service ServiceState{42abda10 com.cleanmaster.fm.service.BackgroundService pkg=com.rhmsoft.fm proc=42abda10} without owner
F/ProcessStats( 1025): Starting service ServiceState{42c48c08 com.whatsapp.messaging.MessageService pkg=com.whatsapp proc=42c48c08} without owner
F/ProcessStats( 1025): Starting service ServiceState{42960c98 com.google.android.gms.wearable.service.WearableService pkg=com.google.android.gms proc=42960c98} without owner
F/ProcessStats( 1025): Starting service ServiceState{435315a8 uk.co.economist.service.EditionDownloadManager pkg=uk.co.economist proc=435315a8} without owner
F/ProcessStats( 1025): Starting service ServiceState{428fdff0 com.facebook.push.mqtt.service.MqttPushService pkg=com.facebook.orca proc=428fdff0} without owner
W/Vold    (  261): Returning OperationFailed - no handler for errno 30
W/Vold    (  261): Returning OperationFailed - no handler for errno 30
W/Vold    (  261): Returning OperationFailed - no handler for errno 30
W/Vold    (  261): Returning OperationFailed - no handler for errno 30
D/ConnectivityService( 1025): handleInetConditionHoldEnd: net=1, condition=100, published condition=100
I/ActivityManager( 1025): Start proc com.android.chrome for broadcast com.android.chrome/com.google.android.apps.chrome.precache.PrecacheServiceLauncher: pid=32486 uid=10057 gids={50057, 3003, 1028, 1015}
F/ProcessStats( 1025): Starting service ServiceState{42abda10 com.cleanmaster.fm.service.BackgroundService pkg=com.rhmsoft.fm proc=42abda10} without owner
F/ProcessStats( 1025): Starting service ServiceState{42c48c08 com.whatsapp.messaging.MessageService pkg=com.whatsapp proc=42c48c08} without owner
F/ProcessStats( 1025): Starting service ServiceState{42960c98 com.google.android.gms.wearable.service.WearableService pkg=com.google.android.gms proc=42960c98} without owner
F/ProcessStats( 1025): Starting service ServiceState{435315a8 uk.co.economist.service.EditionDownloadManager pkg=uk.co.economist proc=435315a8} without owner
F/ProcessStats( 1025): Starting service ServiceState{428fdff0 com.facebook.push.mqtt.service.MqttPushService pkg=com.facebook.orca proc=428fdff0} without owner
I/ActivityManager( 1025): Process com.android.mms (pid 32382) has died.
F/ProcessStats( 1025): Starting service ServiceState{42abda10 com.cleanmaster.fm.service.BackgroundService pkg=com.rhmsoft.fm proc=42abda10} without owner
F/ProcessStats( 1025): Starting service ServiceState{42c48c08 com.whatsapp.messaging.MessageService pkg=com.whatsapp proc=42c48c08} without owner
F/ProcessStats( 1025): Starting service ServiceState{42960c98 com.google.android.gms.wearable.service.WearableService pkg=com.google.android.gms proc=42960c98} without owner
F/ProcessStats( 1025): Starting service ServiceState{435315a8 uk.co.economist.service.EditionDownloadManager pkg=uk.co.economist proc=435315a8} without owner
F/ProcessStats( 1025): Starting service ServiceState{428fdff0 com.facebook.push.mqtt.service.MqttPushService pkg=com.facebook.orca proc=428fdff0} without owner
I/ActivityManager( 1025): Start proc com.google.android.talk for broadcast com.google.android.talk/com.google.android.apps.hangouts.service.NetworkStateReceiver: pid=32499 uid=10071 gids={50071, 3003, 1028, 1015, 3002}
F/ProcessStats( 1025): Starting service ServiceState{42abda10 com.cleanmaster.fm.service.BackgroundService pkg=com.rhmsoft.fm proc=42abda10} without owner
F/ProcessStats( 1025): Starting service ServiceState{42c48c08 com.whatsapp.messaging.MessageService pkg=com.whatsapp proc=42c48c08} without owner
F/ProcessStats( 1025): Starting service ServiceState{42960c98 com.google.android.gms.wearable.service.WearableService pkg=com.google.android.gms proc=42960c98} without owner
F/ProcessStats( 1025): Starting service ServiceState{435315a8 uk.co.economist.service.EditionDownloadManager pkg=uk.co.economist proc=435315a8} without owner
F/ProcessStats( 1025): Starting service ServiceState{428fdff0 com.facebook.push.mqtt.service.MqttPushService pkg=com.facebook.orca proc=428fdff0} without owner
I/ActivityManager( 1025): Process com.google.android.setupwizard (pid 32401) has died.
F/ProcessStats( 1025): Starting service ServiceState{42abda10 com.cleanmaster.fm.service.BackgroundService pkg=com.rhmsoft.fm proc=42abda10} without owner
F/ProcessStats( 1025): Starting service ServiceState{42c48c08 com.whatsapp.messaging.MessageService pkg=com.whatsapp proc=42c48c08} without owner
F/ProcessStats( 1025): Starting service ServiceState{42960c98 com.google.android.gms.wearable.service.WearableService pkg=com.google.android.gms proc=42960c98} without owner
F/ProcessStats( 1025): Starting service ServiceState{435315a8 uk.co.economist.service.EditionDownloadManager pkg=uk.co.economist proc=435315a8} without owner
F/ProcessStats( 1025): Starting service ServiceState{428fdff0 com.facebook.push.mqtt.service.MqttPushService pkg=com.facebook.orca proc=428fdff0} without owner
W/AppOps  ( 1025): Bad call: specified package qcamera under uid 1013 but it is really -1
I/ActivityManager( 1025): Start proc com.rhmsoft.fm:crash.feedback for broadcast com.rhmsoft.fm/com.cleanmaster.fm.receiver.ConnectivityChangeBroadcastReceiver: pid=32521 uid=10105 gids={50105, 3003, 1028, 1015}
W/AppOps  ( 1025): Bad call: specified package qcamera under uid 1013 but it is really -1
W/AppOps  ( 1025): Bad call: specified package qcamera under uid 1013 but it is really -1
F/ProcessStats( 1025): Starting service ServiceState{42abda10 com.cleanmaster.fm.service.BackgroundService pkg=com.rhmsoft.fm proc=42abda10} without owner
W/Vold    (  261): Returning OperationFailed - no handler for errno 30
F/ProcessStats( 1025): Starting service ServiceState{42c48c08 com.whatsapp.messaging.MessageService pkg=com.whatsapp proc=42c48c08} without owner
F/ProcessStats( 1025): Starting service ServiceState{42960c98 com.google.android.gms.wearable.service.WearableService pkg=com.google.android.gms proc=42960c98} without owner
W/Vold    (  261): Returning OperationFailed - no handler for errno 30
F/ProcessStats( 1025): Starting service ServiceState{435315a8 uk.co.economist.service.EditionDownloadManager pkg=uk.co.economist proc=435315a8} without owner
W/Vold    (  261): Returning OperationFailed - no handler for errno 30
F/ProcessStats( 1025): Starting service ServiceState{428fdff0 com.facebook.push.mqtt.service.MqttPushService pkg=com.facebook.orca proc=428fdff0} without owner
W/AppOps  ( 1025): Bad call: specified package qcamera under uid 1013 but it is really -1
I/ActivityManager( 1025): Process android.process.acore (pid 32415) has died.
F/ProcessStats( 1025): Starting service ServiceState{42abda10 com.cleanmaster.fm.service.BackgroundService pkg=com.rhmsoft.fm proc=42abda10} without owner
F/ProcessStats( 1025): Starting service ServiceState{42c48c08 com.whatsapp.messaging.MessageService pkg=com.whatsapp proc=42c48c08} without owner
F/ProcessStats( 1025): Starting service ServiceState{42960c98 com.google.android.gms.wearable.service.WearableService pkg=com.google.android.gms proc=42960c98} without owner
F/ProcessStats( 1025): Starting service ServiceState{435315a8 uk.co.economist.service.EditionDownloadManager pkg=uk.co.economist proc=435315a8} without owner
F/ProcessStats( 1025): Starting service ServiceState{428fdff0 com.facebook.push.mqtt.service.MqttPushService pkg=com.facebook.orca proc=428fdff0} without owner
F/ProcessStats( 1025): Starting service ServiceState{42abda10 com.cleanmaster.fm.service.BackgroundService pkg=com.rhmsoft.fm proc=42abda10} without owner
F/ProcessStats( 1025): Starting service ServiceState{42c48c08 com.whatsapp.messaging.MessageService pkg=com.whatsapp proc=42c48c08} without owner
F/ProcessStats( 1025): Starting service ServiceState{42960c98 com.google.android.gms.wearable.service.WearableService pkg=com.google.android.gms proc=42960c98} without owner
F/ProcessStats( 1025): Starting service ServiceState{435315a8 uk.co.economist.service.EditionDownloadManager pkg=uk.co.economist proc=435315a8} without owner
F/ProcessStats( 1025): Starting service ServiceState{428fdff0 com.facebook.push.mqtt.service.MqttPushService pkg=com.facebook.orca proc=428fdff0} without owner
I/ActivityManager( 1025): Process com.google.android.apps.magazines (pid 32434) has died.
F/ProcessStats( 1025): Starting service ServiceState{42abda10 com.cleanmaster.fm.service.BackgroundService pkg=com.rhmsoft.fm proc=42abda10} without owner
F/ProcessStats( 1025): Starting service ServiceState{42c48c08 com.whatsapp.messaging.MessageService pkg=com.whatsapp proc=42c48c08} without owner
F/ProcessStats( 1025): Starting service ServiceState{42960c98 com.google.android.gms.wearable.service.WearableService pkg=com.google.android.gms proc=42960c98} without owner
F/ProcessStats( 1025): Starting service ServiceState{435315a8 uk.co.economist.service.EditionDownloadManager pkg=uk.co.economist proc=435315a8} without owner
F/ProcessStats( 1025): Starting service ServiceState{428fdff0 com.facebook.push.mqtt.service.MqttPushService pkg=com.facebook.orca proc=428fdff0} without owner
I/openssl (32173): Crypto mode not selected, openssl will run on its regular mode.
I/openssl (32173): Crypto mode 0 already enabled
I/ActivityManager( 1025): Start proc com.android.mms for broadcast com.android.mms/.transaction.MmsSystemEventReceiver: pid=32547 uid=10031 gids={50031, 3003, 1028, 1015}
I/ActivityManager( 1025): Start proc com.google.android.setupwizard for broadcast com.google.android.setupwizard/.MobileConnectivityChangeReceiver: pid=32566 uid=10042 gids={50042, 3003}
F/ProcessStats( 1025): Starting service ServiceState{42abda10 com.cleanmaster.fm.service.BackgroundService pkg=com.rhmsoft.fm proc=42abda10} without owner
F/ProcessStats( 1025): Starting service ServiceState{42c48c08 com.whatsapp.messaging.MessageService pkg=com.whatsapp proc=42c48c08} without owner
F/ProcessStats( 1025): Starting service ServiceState{42960c98 com.google.android.gms.wearable.service.WearableService pkg=com.google.android.gms proc=42960c98} without owner
F/ProcessStats( 1025): Starting service ServiceState{435315a8 uk.co.economist.service.EditionDownloadManager pkg=uk.co.economist proc=435315a8} without owner
F/ProcessStats( 1025): Starting service ServiceState{428fdff0 com.facebook.push.mqtt.service.MqttPushService pkg=com.facebook.orca proc=428fdff0} without owner
I/ActivityManager( 1025): Process com.android.chrome (pid 32486) has died.
F/ProcessStats( 1025): Starting service ServiceState{42abda10 com.cleanmaster.fm.service.BackgroundService pkg=com.rhmsoft.fm proc=42abda10} without owner
F/ProcessStats( 1025): Starting service ServiceState{42c48c08 com.whatsapp.messaging.MessageService pkg=com.whatsapp proc=42c48c08} without owner
F/ProcessStats( 1025): Starting service ServiceState{42960c98 com.google.android.gms.wearable.service.WearableService pkg=com.google.android.gms proc=42960c98} without owner
F/ProcessStats( 1025): Starting service ServiceState{435315a8 uk.co.economist.service.EditionDownloadManager pkg=uk.co.economist proc=435315a8} without owner
F/ProcessStats( 1025): Starting service ServiceState{428fdff0 com.facebook.push.mqtt.service.MqttPushService pkg=com.facebook.orca proc=428fdff0} without owner
F/ProcessStats( 1025): Starting service ServiceState{42abda10 com.cleanmaster.fm.service.BackgroundService pkg=com.rhmsoft.fm proc=42abda10} without owner
F/ProcessStats( 1025): Starting service ServiceState{42c48c08 com.whatsapp.messaging.MessageService pkg=com.whatsapp proc=42c48c08} without owner
F/ProcessStats( 1025): Starting service ServiceState{42960c98 com.google.android.gms.wearable.service.WearableService pkg=com.google.android.gms proc=42960c98} without owner
F/ProcessStats( 1025): Starting service ServiceState{435315a8 uk.co.economist.service.EditionDownloadManager pkg=uk.co.economist proc=435315a8} without owner
F/ProcessStats( 1025): Starting service ServiceState{428fdff0 com.facebook.push.mqtt.service.MqttPushService pkg=com.facebook.orca proc=428fdff0} without owner
I/ActivityManager( 1025): Process com.google.android.talk (pid 32499) has died.
W/ActivityManager( 1025): Service ServiceRecord{43961900 u0 com.google.android.talk/com.google.android.libraries.hangouts.video.CallService} in process ProcessRecord{427f24d0 32499:com.google.android.talk/u0a71} not same as in map: null
F/ProcessStats( 1025): Starting service ServiceState{42abda10 com.cleanmaster.fm.service.BackgroundService pkg=com.rhmsoft.fm proc=42abda10} without owner
F/ProcessStats( 1025): Starting service ServiceState{42c48c08 com.whatsapp.messaging.MessageService pkg=com.whatsapp proc=42c48c08} without owner
F/ProcessStats( 1025): Starting service ServiceState{42960c98 com.google.android.gms.wearable.service.WearableService pkg=com.google.android.gms proc=42960c98} without owner
F/ProcessStats( 1025): Starting service ServiceState{435315a8 uk.co.economist.service.EditionDownloadManager pkg=uk.co.economist proc=435315a8} without owner
F/ProcessStats( 1025): Starting service ServiceState{428fdff0 com.facebook.push.mqtt.service.MqttPushService pkg=com.facebook.orca proc=428fdff0} without owner
I/ActivityManager( 1025): Start proc android.process.acore for content provider com.android.providers.contacts/.ContactsProvider2: pid=32581 uid=10010 gids={50010, 3003, 1028, 1015, 1023}
W/BroadcastQueue( 1025): Permission Denial: broadcasting Intent { act=android.net.conn.INET_CONDITION_ACTION flg=0x4000010 (has extras) } from null (pid=-1, uid=-1) requires com.facebook.permission.prod.FB_APP_COMMUNICATION due to registered receiver BroadcastFilter{42272f48 u0 ReceiverList{42272f08 32081 com.facebook.katana/10110/u0 remote:426656d0}}
W/BroadcastQueue( 1025): Permission Denial: broadcasting Intent { act=android.net.conn.CONNECTIVITY_CHANGE flg=0x4000010 (has extras) } from null (pid=-1, uid=-1) requires com.facebook.permission.prod.FB_APP_COMMUNICATION due to registered receiver BroadcastFilter{42272f48 u0 ReceiverList{42272f08 32081 com.facebook.katana/10110/u0 remote:426656d0}}
F/ProcessStats( 1025): Starting service ServiceState{42abda10 com.cleanmaster.fm.service.BackgroundService pkg=com.rhmsoft.fm proc=42abda10} without owner
F/ProcessStats( 1025): Starting service ServiceState{42c48c08 com.whatsapp.messaging.MessageService pkg=com.whatsapp proc=42c48c08} without owner
F/ProcessStats( 1025): Starting service ServiceState{42960c98 com.google.android.gms.wearable.service.WearableService pkg=com.google.android.gms proc=42960c98} without owner
F/ProcessStats( 1025): Starting service ServiceState{435315a8 uk.co.economist.service.EditionDownloadManager pkg=uk.co.economist proc=435315a8} without owner
F/ProcessStats( 1025): Starting service ServiceState{428fdff0 com.facebook.push.mqtt.service.MqttPushService pkg=com.facebook.orca proc=428fdff0} without owner
I/ActivityManager( 1025): Process com.rhmsoft.fm:crash.feedback (pid 32521) has died.
F/ProcessStats( 1025): Starting service ServiceState{42abda10 com.cleanmaster.fm.service.BackgroundService pkg=com.rhmsoft.fm proc=42abda10} without owner
F/ProcessStats( 1025): Starting service ServiceState{42c48c08 com.whatsapp.messaging.MessageService pkg=com.whatsapp proc=42c48c08} without owner
F/ProcessStats( 1025): Starting service ServiceState{42960c98 com.google.android.gms.wearable.service.WearableService pkg=com.google.android.gms proc=42960c98} without owner
F/ProcessStats( 1025): Starting service ServiceState{435315a8 uk.co.economist.service.EditionDownloadManager pkg=uk.co.economist proc=435315a8} without owner
F/ProcessStats( 1025): Starting service ServiceState{428fdff0 com.facebook.push.mqtt.service.MqttPushService pkg=com.facebook.orca proc=428fdff0} without owner
I/ActivityManager( 1025): Start proc com.google.android.apps.magazines for broadcast com.google.android.apps.magazines/com.google.apps.dots.android.newsstand.appwidget.NewsWidgetProvider: pid=32597 uid=10077 gids={50077, 3003, 1028, 1015}
W/Vold    (  261): Returning OperationFailed - no handler for errno 30
W/Vold    (  261): Returning OperationFailed - no handler for errno 30
W/Vold    (  261): Returning OperationFailed - no handler for errno 30
W/Vold    (  261): Returning OperationFailed - no handler for errno 30
I/ActivityManager( 1025): Start proc com.android.chrome for broadcast com.android.chrome/com.google.android.apps.chrome.precache.PrecacheServiceLauncher: pid=32651 uid=10057 gids={50057, 3003, 1028, 1015}
F/ProcessStats( 1025): Starting service ServiceState{42abda10 com.cleanmaster.fm.service.BackgroundService pkg=com.rhmsoft.fm proc=42abda10} without owner
D/ConnectivityService( 1025): handleInetConditionHoldEnd: net=1, condition=100, published condition=100
V/AlarmManager( 1025): sending alarm Alarm{433a89c0 type 2 com.facebook.katana}
F/ProcessStats( 1025): Starting service ServiceState{42c48c08 com.whatsapp.messaging.MessageService pkg=com.whatsapp proc=42c48c08} without owner
F/ProcessStats( 1025): Starting service ServiceState{42960c98 com.google.android.gms.wearable.service.WearableService pkg=com.google.android.gms proc=42960c98} without owner
F/ProcessStats( 1025): Starting service ServiceState{435315a8 uk.co.economist.service.EditionDownloadManager pkg=uk.co.economist proc=435315a8} without owner
F/ProcessStats( 1025): Starting service ServiceState{428fdff0 com.facebook.push.mqtt.service.MqttPushService pkg=com.facebook.orca proc=428fdff0} without owner
V/AlarmManager( 1025): sending alarm Alarm{4353a368 type 2 com.google.android.gms}
I/ActivityManager( 1025): Process com.android.mms (pid 32547) has died.
F/ProcessStats( 1025): Starting service ServiceState{42abda10 com.cleanmaster.fm.service.BackgroundService pkg=com.rhmsoft.fm proc=42abda10} without owner
F/ProcessStats( 1025): Starting service ServiceState{42c48c08 com.whatsapp.messaging.MessageService pkg=com.whatsapp proc=42c48c08} without owner
F/ProcessStats( 1025): Starting service ServiceState{42960c98 com.google.android.gms.wearable.service.WearableService pkg=com.google.android.gms proc=42960c98} without owner
F/ProcessStats( 1025): Starting service ServiceState{435315a8 uk.co.economist.service.EditionDownloadManager pkg=uk.co.economist proc=435315a8} without owner
F/ProcessStats( 1025): Starting service ServiceState{428fdff0 com.facebook.push.mqtt.service.MqttPushService pkg=com.facebook.orca proc=428fdff0} without owner
W/BroadcastQueue( 1025): Permission Denial: broadcasting Intent { act=android.net.conn.CONNECTIVITY_CHANGE flg=0x4000010 (has extras) } from null (pid=-1, uid=-1) requires com.facebook.permission.prod.FB_APP_COMMUNICATION due to registered receiver BroadcastFilter{433c3e58 u0 ReceiverList{437fe640 32081 com.facebook.katana/10110/u0 remote:42fbc368}}
I/ActivityManager( 1025): Start proc com.google.android.talk for broadcast com.google.android.talk/com.google.android.apps.hangouts.service.NetworkStateReceiver: pid=32665 uid=10071 gids={50071, 3003, 1028, 1015, 3002}
F/ProcessStats( 1025): Starting service ServiceState{42abda10 com.cleanmaster.fm.service.BackgroundService pkg=com.rhmsoft.fm proc=42abda10} without owner
F/ProcessStats( 1025): Starting service ServiceState{42c48c08 com.whatsapp.messaging.MessageService pkg=com.whatsapp proc=42c48c08} without owner
F/ProcessStats( 1025): Starting service ServiceState{42960c98 com.google.android.gms.wearable.service.WearableService pkg=com.google.android.gms proc=42960c98} without owner
F/ProcessStats( 1025): Starting service ServiceState{435315a8 uk.co.economist.service.EditionDownloadManager pkg=uk.co.economist proc=435315a8} without owner
F/ProcessStats( 1025): Starting service ServiceState{428fdff0 com.facebook.push.mqtt.service.MqttPushService pkg=com.facebook.orca proc=428fdff0} without owner
I/ActivityManager( 1025): Process com.google.android.setupwizard (pid 32566) has died.
F/ProcessStats( 1025): Starting service ServiceState{42abda10 com.cleanmaster.fm.service.BackgroundService pkg=com.rhmsoft.fm proc=42abda10} without owner
F/ProcessStats( 1025): Starting service ServiceState{42c48c08 com.whatsapp.messaging.MessageService pkg=com.whatsapp proc=42c48c08} without owner
F/ProcessStats( 1025): Starting service ServiceState{42960c98 com.google.android.gms.wearable.service.WearableService pkg=com.google.android.gms proc=42960c98} without owner
F/ProcessStats( 1025): Starting service ServiceState{435315a8 uk.co.economist.service.EditionDownloadManager pkg=uk.co.economist proc=435315a8} without owner
F/ProcessStats( 1025): Starting service ServiceState{428fdff0 com.facebook.push.mqtt.service.MqttPushService pkg=com.facebook.orca proc=428fdff0} without owner
W/AppOps  ( 1025): Bad call: specified package qcamera under uid 1013 but it is really -1
I/ActivityManager( 1025): Start proc com.rhmsoft.fm:crash.feedback for broadcast com.rhmsoft.fm/com.cleanmaster.fm.receiver.ConnectivityChangeBroadcastReceiver: pid=32690 uid=10105 gids={50105, 3003, 1028, 1015}
W/AppOps  ( 1025): Bad call: specified package qcamera under uid 1013 but it is really -1
W/AppOps  ( 1025): Bad call: specified package qcamera under uid 1013 but it is really -1
F/ProcessStats( 1025): Starting service ServiceState{42abda10 com.cleanmaster.fm.service.BackgroundService pkg=com.rhmsoft.fm proc=42abda10} without owner
W/Vold    (  261): Returning OperationFailed - no handler for errno 30
W/Vold    (  261): Returning OperationFailed - no handler for errno 30
W/Vold    (  261): Returning OperationFailed - no handler for errno 30
W/AppOps  ( 1025): Bad call: specified package qcamera under uid 1013 but it is really -1
F/ProcessStats( 1025): Starting service ServiceState{42c48c08 com.whatsapp.messaging.MessageService pkg=com.whatsapp proc=42c48c08} without owner
F/ProcessStats( 1025): Starting service ServiceState{42960c98 com.google.android.gms.wearable.service.WearableService pkg=com.google.android.gms proc=42960c98} without owner
F/ProcessStats( 1025): Starting service ServiceState{435315a8 uk.co.economist.service.EditionDownloadManager pkg=uk.co.economist proc=435315a8} without owner
F/ProcessStats( 1025): Starting service ServiceState{428fdff0 com.facebook.push.mqtt.service.MqttPushService pkg=com.facebook.orca proc=428fdff0} without owner
W/ContextImpl( 1295): Calling a method in the system process without a qualified user: android.app.ContextImpl.sendBroadcast:1252 android.content.ContextWrapper.sendBroadcast:365 com.motorola.motocare.util.TriggerHelper$TriggerBuilder.send:76 com.motorola.motocare.internal.frameworkevents.ProcessKillTrigger.sendTrigger:147 com.motorola.motocare.internal.frameworkevents.ProcessKillTrigger.handleLmkKill:337 
I/ActivityManager( 1025): Process android.process.acore (pid 32581) has died.
W/ContextImpl( 1295): Calling a method in the system process without a qualified user: android.app.ContextImpl.sendBroadcast:1252 android.content.ContextWrapper.sendBroadcast:365 com.motorola.motocare.util.TriggerHelper$TriggerBuilder.send:76 com.motorola.motocare.internal.frameworkevents.ProcessKillTrigger.sendTrigger:147 com.motorola.motocare.internal.frameworkevents.ProcessKillTrigger.handleLmkKill:337 
F/ProcessStats( 1025): Starting service ServiceState{42abda10 com.cleanmaster.fm.service.BackgroundService pkg=com.rhmsoft.fm proc=42abda10} without owner
F/ProcessStats( 1025): Starting service ServiceState{42c48c08 com.whatsapp.messaging.MessageService pkg=com.whatsapp proc=42c48c08} without owner
F/ProcessStats( 1025): Starting service ServiceState{42960c98 com.google.android.gms.wearable.service.WearableService pkg=com.google.android.gms proc=42960c98} without owner
F/ProcessStats( 1025): Starting service ServiceState{435315a8 uk.co.economist.service.EditionDownloadManager pkg=uk.co.economist proc=435315a8} without owner
F/ProcessStats( 1025): Starting service ServiceState{428fdff0 com.facebook.push.mqtt.service.MqttPushService pkg=com.facebook.orca proc=428fdff0} without owner
W/ContextImpl( 1295): Calling a method in the system process without a qualified user: android.app.ContextImpl.sendBroadcast:1252 android.content.ContextWrapper.sendBroadcast:365 com.motorola.motocare.util.TriggerHelper$TriggerBuilder.send:76 com.motorola.motocare.internal.frameworkevents.ProcessKillTrigger.sendTrigger:147 com.motorola.motocare.internal.frameworkevents.ProcessKillTrigger.handleLmkKill:337 
W/ContextImpl( 1295): Calling a method in the system process without a qualified user: android.app.ContextImpl.sendBroadcast:1252 android.content.ContextWrapper.sendBroadcast:365 com.motorola.motocare.util.TriggerHelper$TriggerBuilder.send:76 com.motorola.motocare.internal.frameworkevents.ProcessKillTrigger.sendTrigger:147 com.motorola.motocare.internal.frameworkevents.ProcessKillTrigger.handleLmkKill:337 
W/ContextImpl( 1295): Calling a method in the system process without a qualified user: android.app.ContextImpl.sendBroadcast:1252 android.content.ContextWrapper.sendBroadcast:365 com.motorola.motocare.util.TriggerHelper$TriggerBuilder.send:76 com.motorola.motocare.internal.frameworkevents.ProcessKillTrigger.sendTrigger:147 com.motorola.motocare.internal.frameworkevents.ProcessKillTrigger.handleLmkKill:337 
W/ContextImpl( 1295): Calling a method in the system process without a qualified user: android.app.ContextImpl.sendBroadcast:1252 android.content.ContextWrapper.sendBroadcast:365 com.motorola.motocare.util.TriggerHelper$TriggerBuilder.send:76 com.motorola.motocare.internal.frameworkevents.ProcessKillTrigger.sendTrigger:147 com.motorola.motocare.internal.frameworkevents.ProcessKillTrigger.handleLmkKill:337 
W/ContextImpl( 1295): Calling a method in the system process without a qualified user: android.app.ContextImpl.sendBroadcast:1252 android.content.ContextWrapper.sendBroadcast:365 com.motorola.motocare.util.TriggerHelper$TriggerBuilder.send:76 com.motorola.motocare.internal.frameworkevents.ProcessKillTrigger.sendTrigger:147 com.motorola.motocare.internal.frameworkevents.ProcessKillTrigger.handleLmkKill:337 
W/ContextImpl( 1295): Calling a method in the system process without a qualified user: android.app.ContextImpl.sendBroadcast:1252 android.content.ContextWrapper.sendBroadcast:365 com.motorola.motocare.util.TriggerHelper$TriggerBuilder.send:76 com.motorola.motocare.internal.frameworkevents.ProcessKillTrigger.sendTrigger:147 com.motorola.motocare.internal.frameworkevents.ProcessKillTrigger.handleLmkKill:337 
W/ContextImpl( 1295): Calling a method in the system process without a qualified user: android.app.ContextImpl.sendBroadcast:1252 android.content.ContextWrapper.sendBroadcast:365 com.motorola.motocare.util.TriggerHelper$TriggerBuilder.send:76 com.motorola.motocare.internal.frameworkevents.ProcessKillTrigger.sendTrigger:147 com.motorola.motocare.internal.frameworkevents.ProcessKillTrigger.handleLmkKill:337 
W/ContextImpl( 1295): Calling a method in the system process without a qualified user: android.app.ContextImpl.sendBroadcast:1252 android.content.ContextWrapper.sendBroadcast:365 com.motorola.motocare.util.TriggerHelper$TriggerBuilder.send:76 com.motorola.motocare.internal.frameworkevents.ProcessKillTrigger.sendTrigger:147 com.motorola.motocare.internal.frameworkevents.ProcessKillTrigger.handleLmkKill:337 
W/ContextImpl( 1295): Calling a method in the system process without a qualified user: android.app.ContextImpl.sendBroadcast:1252 android.content.ContextWrapper.sendBroadcast:365 com.motorola.motocare.util.TriggerHelper$TriggerBuilder.send:76 com.motorola.motocare.internal.frameworkevents.ProcessKillTrigger.sendTrigger:147 com.motorola.motocare.internal.frameworkevents.ProcessKillTrigger.handleLmkKill:337 
W/ContextImpl( 1295): Calling a method in the system process without a qualified user: android.app.ContextImpl.sendBroadcast:1252 android.content.ContextWrapper.sendBroadcast:365 com.motorola.motocare.util.TriggerHelper$TriggerBuilder.send:76 com.motorola.motocare.internal.frameworkevents.ProcessKillTrigger.sendTrigger:147 com.motorola.motocare.internal.frameworkevents.ProcessKillTrigger.handleLmkKill:337 
F/ProcessStats( 1025): Starting service ServiceState{42abda10 com.cleanmaster.fm.service.BackgroundService pkg=com.rhmsoft.fm proc=42abda10} without owner
F/ProcessStats( 1025): Starting service ServiceState{42c48c08 com.whatsapp.messaging.MessageService pkg=com.whatsapp proc=42c48c08} without owner
F/ProcessStats( 1025): Starting service ServiceState{42960c98 com.google.android.gms.wearable.service.WearableService pkg=com.google.android.gms proc=42960c98} without owner
F/ProcessStats( 1025): Starting service ServiceState{435315a8 uk.co.economist.service.EditionDownloadManager pkg=uk.co.economist proc=435315a8} without owner
F/ProcessStats( 1025): Starting service ServiceState{428fdff0 com.facebook.push.mqtt.service.MqttPushService pkg=com.facebook.orca proc=428fdff0} without owner
