D/MarketUtils(15136): isPackageInstalled() - com.android.vending is installed
I/dalvikvm(15136): Could not find method android.content.pm.PackageManager.getActivityBanner, referenced from method com.evernote.d.b.getActivityBanner
W/dalvikvm(15136): VFY: unable to resolve virtual method 793: Landroid/content/pm/PackageManager;.getActivityBanner (Landroid/content/ComponentName;)Landroid/graphics/drawable/Drawable;
D/dalvikvm(15136): VFY: replacing opcode 0x6e at 0x0002
I/dalvikvm(15136): Could not find method android.content.pm.PackageManager.getActivityBanner, referenced from method com.evernote.d.b.getActivityBanner
W/dalvikvm(15136): VFY: unable to resolve virtual method 794: Landroid/content/pm/PackageManager;.getActivityBanner (Landroid/content/Intent;)Landroid/graphics/drawable/Drawable;
D/dalvikvm(15136): VFY: replacing opcode 0x6e at 0x0002
I/dalvikvm(15136): Could not find method android.content.pm.PackageManager.getApplicationBanner, referenced from method com.evernote.d.b.getApplicationBanner
W/dalvikvm(15136): VFY: unable to resolve virtual method 801: Landroid/content/pm/PackageManager;.getApplicationBanner (Landroid/content/pm/ApplicationInfo;)Landroid/graphics/drawable/Drawable;
D/dalvikvm(15136): VFY: replacing opcode 0x6e at 0x0002
I/dalvikvm(15136): Could not find method android.content.pm.PackageManager.getApplicationBanner, referenced from method com.evernote.d.b.getApplicationBanner
W/dalvikvm(15136): VFY: unable to resolve virtual method 802: Landroid/content/pm/PackageManager;.getApplicationBanner (Ljava/lang/String;)Landroid/graphics/drawable/Drawable;
D/dalvikvm(15136): VFY: replacing opcode 0x6e at 0x0002
I/dalvikvm(15136): Could not find method android.content.pm.PackageManager.getLeanbackLaunchIntentForPackage, referenced from method com.evernote.d.b.getLeanbackLaunchIntentForPackage
W/dalvikvm(15136): VFY: unable to resolve virtual method 818: Landroid/content/pm/PackageManager;.getLeanbackLaunchIntentForPackage (Ljava/lang/String;)Landroid/content/Intent;
D/dalvikvm(15136): VFY: replacing opcode 0x6e at 0x0002
I/dalvikvm(15136): Could not find method android.content.pm.PackageManager.getPackageInstaller, referenced from method com.evernote.d.b.getPackageInstaller
W/dalvikvm(15136): VFY: unable to resolve virtual method 823: Landroid/content/pm/PackageManager;.getPackageInstaller ()Landroid/content/pm/PackageInstaller;
D/dalvikvm(15136): VFY: replacing opcode 0x6e at 0x0002
I/dalvikvm(15136): Could not find method android.content.pm.PackageManager.getUserBadgedDrawableForDensity, referenced from method com.evernote.d.b.getUserBadgedDrawableForDensity
W/dalvikvm(15136): VFY: unable to resolve virtual method 839: Landroid/content/pm/PackageManager;.getUserBadgedDrawableForDensity (Landroid/graphics/drawable/Drawable;Landroid/os/UserHandle;Landroid/graphics/Rect;I)Landroid/graphics/drawable/Drawable;
D/dalvikvm(15136): VFY: replacing opcode 0x6e at 0x0002
I/dalvikvm(15136): Could not find method android.content.pm.PackageManager.getUserBadgedIcon, referenced from method com.evernote.d.b.getUserBadgedIcon
W/dalvikvm(15136): VFY: unable to resolve virtual method 840: Landroid/content/pm/PackageManager;.getUserBadgedIcon (Landroid/graphics/drawable/Drawable;Landroid/os/UserHandle;)Landroid/graphics/drawable/Drawable;
D/dalvikvm(15136): VFY: replacing opcode 0x6e at 0x0002
I/dalvikvm(15136): Could not find method android.content.pm.PackageManager.getUserBadgedLabel, referenced from method com.evernote.d.b.getUserBadgedLabel
W/dalvikvm(15136): VFY: unable to resolve virtual method 841: Landroid/content/pm/PackageManager;.getUserBadgedLabel (Ljava/lang/CharSequence;Landroid/os/UserHandle;)Ljava/lang/CharSequence;
D/dalvikvm(15136): VFY: replacing opcode 0x6e at 0x0002
I/Crashlytics(15136): Initializing Crashlytics 1.1.8.10
I/SFPerfTracer(  274):      triggers: (rate: 1110:445110) (337273 sw vsyncs) (1039416 skipped) (59:3303917 vsyncs) (61:4138992)
D/MarketUtils(15136): isPackageInstalled() - com.android.vending is installed
I/SBar.NetworkController( 1119): refreshSignalCluster: wifi: mWifiConnected=true Wifi=zz_moto_stat_sys_wifi_signal_4_fully_wide Activity=zz_moto_stat_sys_wifi_inout_wide in=false out=false Accessibility="Wi-Fi signal full."
I/SBar.NetworkController( 1119): refreshSignalCluster: mobile: mHasMobileDataFeature=true DataTypeShown=(none) Activity=(none) in=false out=false Accessibility="3G"
I/ActivityManager( 1025): Process com.android.packageinstaller (pid 14741) has died.
D/HockeyApp(15136): Looking for exceptions in: /data/data/com.evernote/files
D/HockeyApp(15136): Current handler class = com.evernote.k
D/EN      (15136): [ee] - registered crash manager
D/EN      (15136): [c] - onApplicationStart()
D/EN      (15136): [c] - onApplicationStart() -- loader thread
D/EN      (15136): [c] - pushUserIDToDataLayer(), pushing user-id ending in 6
D/MarketUtils(15136): isPackageInstalled() - com.android.vending is installed
D/MarketUtils(15136): isPackageInstalled() - com.android.vending is installed
I/ActivityManager( 1025): Start proc com.evernote.widget for broadcast com.evernote.widget/.WidgetStateReceiver: pid=15186 uid=10135 gids={50135, 3003, 1028, 1015}
D/EN      (15136): [c] - 	loading saved values from internal storage
I/ActivityManager( 1025): Process com.evernote (pid 15136) has died.
I/ReleaseProperties(15186): Current app is: evernoteWidget
I/ReleaseProperties(15186): propFile: release is now loaded
I/ReleaseProperties(15186): propFile: play is now loaded
I/ReleaseProperties(15186): propFile: base is now loaded
I/ReleaseProperties(15186): propFile: override is now loaded
I/ReleaseProperties(15186): ReleaseProperties: 
I/ReleaseProperties(15186):   bundleName=none
I/ReleaseProperties(15186):   revision=unknown
I/ReleaseProperties(15186):   type=development
I/ReleaseProperties(15186):   gitHash=?
I/ReleaseProperties(15186):   baseSearchUri=market://search?q=
D/ReleaseProperties(15186): getReferralPersistencePath():: old=false:: path=/storage/emulated/0/.enref
I/ReleaseProperties(15186): From file referralCode=android
D/CordovaLog(15045): file:///android_asset/www/js/paypal_giftme.js: Line 4 : GIFTME - paypal init
I/chromium(15045): [INFO:CONSOLE(4)] "GIFTME - paypal init", source: file:///android_asset/www/js/paypal_giftme.js (4)
D/CordovaLog(15045): file:///android_asset/www/js/paypal_giftme.js: Line 9 : Uncaught ReferenceError: PayPalMobile is not defined
I/chromium(15045): [INFO:CONSOLE(9)] "Uncaught ReferenceError: PayPalMobile is not defined", source: file:///android_asset/www/js/paypal_giftme.js (9)
D/CordovaLog(15045): https://js.stripe.com/v2/: Line 2 : You are using Stripe.js in live mode over an insecure connection. This is considered unsafe. Please conduct live requests only on sites served over https. For more info, see https://stripe.com/help/ssl
I/chromium(15045): [INFO:CONSOLE(2)] "You are using Stripe.js in live mode over an insecure connection. This is considered unsafe. Please conduct live requests only on sites served over https. For more info, see https://stripe.com/help/ssl", source: https://js.stripe.com/v2/ (2)
I/App     (15045): WARNING: Back Button Default Behavior will be overridden.  The backbutton event will be fired!
I/ActivityManager( 1025): Start proc com.facebook.katana:dash for broadcast com.facebook.katana/com.facebook.dash.receivers.DashPackageUninstallReceiver: pid=15201 uid=10110 gids={50110, 1028, 1015, 3003}
D/CordovaLog(15045): file:///android_asset/www/js/app.js: Line 24 : Service initialized
I/chromium(15045): [INFO:CONSOLE(24)] "Service initialized", source: file:///android_asset/www/js/app.js (24)
D/CordovaLog(15045): file:///android_asset/www/js/app.js: Line 197 : facebookConnectPlugin not ready
I/chromium(15045): [INFO:CONSOLE(197)] "facebookConnectPlugin not ready", source: file:///android_asset/www/js/app.js (197)
I/ActivityManager( 1025): Process com.evernote.widget (pid 15186) has died.
D/CordovaActivity(15045): onMessage(spinner,stop)
W/dalvikvm(15201): VFY: unable to resolve static field 29078 (a) in Lcom/facebook/katana/app/WorkAppTypes;
D/dalvikvm(15201): VFY: replacing opcode 0x62 at 0x0013
W/dalvikvm(15201): VFY: unable to resolve static field 29079 (b) in Lcom/facebook/katana/app/WorkAppTypes;
D/dalvikvm(15201): VFY: replacing opcode 0x62 at 0x001d
E/dalvikvm(15201): Could not find class 'com.facebook.katana.app.WallpaperFacebookApplicationImpl', referenced from method com.facebook.katana.app.FacebookApplication.a
W/dalvikvm(15201): VFY: unable to resolve new-instance 379 (Lcom/facebook/katana/app/WallpaperFacebookApplicationImpl;) in Lcom/facebook/katana/app/FacebookApplication;
D/dalvikvm(15201): VFY: replacing opcode 0x22 at 0x00a9
D/dalvikvm(15201): DexOpt: unable to opt direct call 0x055f at 0xab in Lcom/facebook/katana/app/FacebookApplication;.a
D/CordovaLog(15045): file:///android_asset/www/js/app.js: Line 207 : Uncaught ReferenceError: StatusBar is not defined
I/chromium(15045): [INFO:CONSOLE(207)] "Uncaught ReferenceError: StatusBar is not defined", source: file:///android_asset/www/js/app.js (207)
D/CatchMeIfYouCan(15201): Process (dash) ca: '/data/data/com.facebook.katana/app_cmiyc/0C66B38F48468E96F8008B6D5A2AE33B4A60265E01'
D/CatchMeIfYouCan(15201): Process (dash) fc: '/data/data/com.facebook.katana/app_cmiyc/0C66B38F48468E96F8008B6D5A2AE33B4A60265E02'
D/CatchMeIfYouCan(15201): Process (dash) cp: '('dash', 6, 60000, silent [true], restart [true], logout [true])'
D/ACRA    (15201): ACRA is enabled for com.facebook.katana, intializing...
D/ACRA    (15201): Looking for error files in /data/data/com.facebook.katana/app_acra-reports
D/ACRA    (15201): Looking for error files in /data/data/com.facebook.katana/app_minidumps
D/dalvikvm(15201): Trying to load lib /data/app-lib/com.facebook.katana-1/libgnustl_shared.so 0x41fad980
D/CordovaWebViewClient(15045): onPageFinished(file:///android_asset/www/index.html)
D/CordovaActivity(15045): onMessage(onPageFinished,file:///android_asset/www/index.html)
D/dalvikvm(15201): Added shared lib /data/app-lib/com.facebook.katana-1/libgnustl_shared.so 0x41fad980
D/dalvikvm(15201): No JNI_OnLoad found in /data/app-lib/com.facebook.katana-1/libgnustl_shared.so 0x41fad980, skipping init
D/dalvikvm(15201): Trying to load lib /data/app-lib/com.facebook.katana-1/libfb_breakpad_client.so 0x41fad980
D/dalvikvm(15201): Added shared lib /data/app-lib/com.facebook.katana-1/libfb_breakpad_client.so 0x41fad980
D/dalvikvm(15201): Trying to load lib /data/app-lib/com.facebook.katana-1/libfb_dalvik-internals.so 0x41fad980
D/dalvikvm(15201): Added shared lib /data/app-lib/com.facebook.katana-1/libfb_dalvik-internals.so 0x41fad980
V/DexLibLoader(15201): about to lock: /data/data/com.facebook.katana/mdex_lock
V/DexLibLoader(15201): locking /data/data/com.facebook.katana/mdex_lock took 1 ms
V/DexLibLoader(15201): Secondary program dex metadata: secondary-1.dex.jar.xz 15ef54b77950d1e6c1cbc3342a20571a9fd8050d secondary.dex01.Canary
V/DexLibLoader(15201): Secondary program dex metadata: secondary-2.dex.jar.xz 14bcaeed5ad488eaf139a59d22cf00efbde5948b secondary.dex02.Canary
V/DexLibLoader(15201): Secondary program dex metadata: secondary-3.dex.jar.xz e8acf246c92474061a3e0f7dafec5559e33da2c5 secondary.dex03.Canary
V/DexLibLoader(15201): Secondary program dex metadata: secondary-4.dex.jar.xz 1d7a13e77be07efb41a2c80160a9aec6fff27ad1 secondary.dex04.Canary
V/DexLibLoader(15201): Secondary program dex metadata: secondary-5.dex.jar.xz 42761fa3dedc1f1a9503bece4f2db80adf01f775 secondary.dex05.Canary
V/DexLibLoader(15201): Secondary program dex metadata: secondary-6.dex.jar.xz 1b4455e1ba1ff38a86723e24cd334fa1062519f1 secondary.dex06.Canary
V/DexLibLoader(15201): Secondary program dex metadata: secondary-7.dex.jar.xz a54de6ef97459e1e5b5c8f874a889a38965d3446 secondary.dex07.Canary
V/DexLibLoader(15201): directory "/data/data/com.facebook.katana/app_secondary_program_dex" contains "program-15ef54b77950d1e6c1cbc3342a20571a9fd8050d6661a1c7.dex.jar" as expected
V/DexLibLoader(15201): directory "/data/data/com.facebook.katana/app_secondary_program_dex" contains "program-14bcaeed5ad488eaf139a59d22cf00efbde5948b6661a1c7.dex.jar" as expected
V/DexLibLoader(15201): directory "/data/data/com.facebook.katana/app_secondary_program_dex" contains "program-e8acf246c92474061a3e0f7dafec5559e33da2c56661a1c7.dex.jar" as expected
V/DexLibLoader(15201): directory "/data/data/com.facebook.katana/app_secondary_program_dex" contains "program-1d7a13e77be07efb41a2c80160a9aec6fff27ad16661a1c7.dex.jar" as expected
V/DexLibLoader(15201): directory "/data/data/com.facebook.katana/app_secondary_program_dex" contains "program-42761fa3dedc1f1a9503bece4f2db80adf01f7756661a1c7.dex.jar" as expected
V/DexLibLoader(15201): directory "/data/data/com.facebook.katana/app_secondary_program_dex" contains "program-1b4455e1ba1ff38a86723e24cd334fa1062519f16661a1c7.dex.jar" as expected
V/DexLibLoader(15201): directory "/data/data/com.facebook.katana/app_secondary_program_dex" contains "program-a54de6ef97459e1e5b5c8f874a889a38965d34466661a1c7.dex.jar" as expected
D/DexLibLoader(15201): ignoring file "program-15ef54b77950d1e6c1cbc3342a20571a9fd8050d6661a1c7.dex.odex" in "/data/data/com.facebook.katana/app_secondary_program_dex"
D/DexLibLoader(15201): ignoring file "program-14bcaeed5ad488eaf139a59d22cf00efbde5948b6661a1c7.dex.odex" in "/data/data/com.facebook.katana/app_secondary_program_dex"
D/DexLibLoader(15201): ignoring file "program-e8acf246c92474061a3e0f7dafec5559e33da2c56661a1c7.dex.odex" in "/data/data/com.facebook.katana/app_secondary_program_dex"
D/DexLibLoader(15201): ignoring file "program-1d7a13e77be07efb41a2c80160a9aec6fff27ad16661a1c7.dex.odex" in "/data/data/com.facebook.katana/app_secondary_program_dex"
D/DexLibLoader(15201): ignoring file "program-42761fa3dedc1f1a9503bece4f2db80adf01f7756661a1c7.dex.odex" in "/data/data/com.facebook.katana/app_secondary_program_dex"
D/DexLibLoader(15201): ignoring file "program-1b4455e1ba1ff38a86723e24cd334fa1062519f16661a1c7.dex.odex" in "/data/data/com.facebook.katana/app_secondary_program_dex"
D/DexLibLoader(15201): ignoring file "program-a54de6ef97459e1e5b5c8f874a889a38965d34466661a1c7.dex.odex" in "/data/data/com.facebook.katana/app_secondary_program_dex"
D/DexLibLoader(15201): directory "/data/data/com.facebook.katana/app_secondary_program_dex" is valid
D/DexLibLoader(15201): ignoring file "primary_deps" in "/data/data/com.facebook.katana/app_secondary_program_dex_opt"
V/DexLibLoader(15201): directory "/data/data/com.facebook.katana/app_secondary_program_dex_opt" contains "program-15ef54b77950d1e6c1cbc3342a20571a9fd8050d6661a1c7.dex.dex" as expected
V/DexLibLoader(15201): directory "/data/data/com.facebook.katana/app_secondary_program_dex_opt" contains "program-14bcaeed5ad488eaf139a59d22cf00efbde5948b6661a1c7.dex.dex" as expected
V/DexLibLoader(15201): directory "/data/data/com.facebook.katana/app_secondary_program_dex_opt" contains "program-e8acf246c92474061a3e0f7dafec5559e33da2c56661a1c7.dex.dex" as expected
V/DexLibLoader(15201): directory "/data/data/com.facebook.katana/app_secondary_program_dex_opt" contains "program-1d7a13e77be07efb41a2c80160a9aec6fff27ad16661a1c7.dex.dex" as expected
V/DexLibLoader(15201): directory "/data/data/com.facebook.katana/app_secondary_program_dex_opt" contains "program-42761fa3dedc1f1a9503bece4f2db80adf01f7756661a1c7.dex.dex" as expected
V/DexLibLoader(15201): directory "/data/data/com.facebook.katana/app_secondary_program_dex_opt" contains "program-1b4455e1ba1ff38a86723e24cd334fa1062519f16661a1c7.dex.dex" as expected
V/DexLibLoader(15201): directory "/data/data/com.facebook.katana/app_secondary_program_dex_opt" contains "program-a54de6ef97459e1e5b5c8f874a889a38965d34466661a1c7.dex.dex" as expected
D/DexLibLoader(15201): directory "/data/data/com.facebook.katana/app_secondary_program_dex_opt" is valid
D/DexLibLoader(15201): loading pre-built cross-dex opt odex files
V/dalvik-internals(15201): hooked dvmResolveClass using jump ()
V/dalvik-internals(15201): hooked dvmFlushBreakpoints using jump ()
V/MultiDexClassLoader(15201): installing MultiDexClassLoader before application classloader
I/dalvikvm(15201): Could not find method dalvik.system.DexFile.loadClassBinaryName, referenced from method com.facebook.common.dextricks.DexFileLoadOld.a
W/dalvikvm(15201): VFY: unable to resolve virtual method 2073: Ldalvik/system/DexFile;.loadClassBinaryName (Ljava/lang/String;Ljava/lang/ClassLoader;)Ljava/lang/Class;
D/dalvikvm(15201): VFY: replacing opcode 0x6e at 0x0000
D/DexLibLoader(15201): released odex store lock
D/DexLibLoader(15201): DexLibLoader.loadAll took 75 ms
D/MemoryReductionHack(15201): Marked as initialized entry corresponding to path /data/app/com.facebook.katana-1.apk
V/dalvik-internals(15201): hooked dvmLinearAlloc using jump ()
V/dalvik-internals(15201): hooked dvmLinearRealloc using jump ()
V/dalvik-internals(15201): hooked dvmLinearFree using jump ()
V/dalvik-internals(15201): hooked dvmLinearStrdup using jump ()
V/dalvik-internals(15201): hooked dvmLinearAllocContains using jump ()
I/dalvik-internals(15201): enlarged linearalloc buffer to 33554432 bytes
D/WifiStateMachine( 1025): handleMessage: E msg.what=151572
D/WifiStateMachine( 1025): processMsg: ConnectedState
D/WifiStateMachine( 1025): processMsg: L2ConnectedState
D/WifiStateMachine( 1025): handleMessage: X
D/ConnectPlugin(15045): onSessionStateChange:OPENED
D/ConnectPlugin(15045): onSessionStateChange:OPENED
D/WifiStateMachine( 1025): handleMessage: E msg.what=131155
D/WifiStateMachine( 1025): processMsg: ConnectedState
D/WifiStateMachine( 1025): processMsg: L2ConnectedState
D/WifiStateMachine( 1025): handleMessage: X
W/StaticBindingVerifier(15201): Verify
I/dalvikvm(15201): Could not find method com.facebook.resources.FbResources.getDrawable, referenced from method com.facebook.resources.impl.DownloadedFbResources.getDrawable
W/dalvikvm(15201): VFY: unable to resolve virtual method 48479: Lcom/facebook/resources/FbResources;.getDrawable (ILandroid/content/res/Resources$Theme;)Landroid/graphics/drawable/Drawable;
D/dalvikvm(15201): VFY: replacing opcode 0x6f at 0x0031
I/ActivityManager( 1025): Start proc com.facebook.katana for content provider com.facebook.katana/.provider.orca.FbSharedPreferencesContentProvider: pid=15232 uid=10110 gids={50110, 1028, 1015, 3003}
D/WifiService( 1025): New client listening to asynchronous messages
W/dalvikvm(15232): VFY: unable to resolve static field 29078 (a) in Lcom/facebook/katana/app/WorkAppTypes;
D/dalvikvm(15232): VFY: replacing opcode 0x62 at 0x0013
W/dalvikvm(15232): VFY: unable to resolve static field 29079 (b) in Lcom/facebook/katana/app/WorkAppTypes;
D/dalvikvm(15232): VFY: replacing opcode 0x62 at 0x001d
E/dalvikvm(15232): Could not find class 'com.facebook.katana.app.WallpaperFacebookApplicationImpl', referenced from method com.facebook.katana.app.FacebookApplication.a
W/dalvikvm(15232): VFY: unable to resolve new-instance 379 (Lcom/facebook/katana/app/WallpaperFacebookApplicationImpl;) in Lcom/facebook/katana/app/FacebookApplication;
D/dalvikvm(15232): VFY: replacing opcode 0x22 at 0x00a9
D/dalvikvm(15232): DexOpt: unable to opt direct call 0x055f at 0xab in Lcom/facebook/katana/app/FacebookApplication;.a
I/ActivityManager( 1025): Start proc com.google.android.partnersetup for broadcast com.google.android.partnersetup/.RlzPingBroadcastReceiver: pid=15255 uid=10025 gids={50025, 3003}
D/WifiService( 1025): Client connection lost with reason: 4
I/ActivityManager( 1025): Process com.facebook.katana:dash (pid 15201) has died.
D/CatchMeIfYouCan(15232): Process (<default>) ca: '/data/user/0/com.facebook.katana/app_cmiyc/A1657CCD543F12E66E587EE52ED9D802E22AAC4701'
D/CatchMeIfYouCan(15232): Process (<default>) fc: '/data/user/0/com.facebook.katana/app_cmiyc/A1657CCD543F12E66E587EE52ED9D802E22AAC4702'
D/CatchMeIfYouCan(15232): Process (<default>) cp: '('default', 3, 120000, silent [true], restart [false], logout [false])'
D/ACRA    (15232): ACRA is enabled for com.facebook.katana, intializing...
D/ACRA    (15232): Looking for error files in /data/user/0/com.facebook.katana/app_acra-reports
D/ACRA    (15232): Looking for error files in /data/user/0/com.facebook.katana/app_minidumps
D/dalvikvm(15232): Trying to load lib /data/app-lib/com.facebook.katana-1/libgnustl_shared.so 0x41fba190
D/dalvikvm(15232): Added shared lib /data/app-lib/com.facebook.katana-1/libgnustl_shared.so 0x41fba190
D/dalvikvm(15232): No JNI_OnLoad found in /data/app-lib/com.facebook.katana-1/libgnustl_shared.so 0x41fba190, skipping init
D/dalvikvm(15232): Trying to load lib /data/app-lib/com.facebook.katana-1/libfb_breakpad_client.so 0x41fba190
D/dalvikvm(15232): Added shared lib /data/app-lib/com.facebook.katana-1/libfb_breakpad_client.so 0x41fba190
D/dalvikvm(15232): Trying to load lib /data/app-lib/com.facebook.katana-1/libfb_dalvik-internals.so 0x41fba190
D/dalvikvm(15232): Added shared lib /data/app-lib/com.facebook.katana-1/libfb_dalvik-internals.so 0x41fba190
V/DexLibLoader(15232): about to lock: /data/user/0/com.facebook.katana/mdex_lock
V/DexLibLoader(15232): locking /data/user/0/com.facebook.katana/mdex_lock took 0 ms
V/DexLibLoader(15232): Secondary program dex metadata: secondary-1.dex.jar.xz 15ef54b77950d1e6c1cbc3342a20571a9fd8050d secondary.dex01.Canary
V/DexLibLoader(15232): Secondary program dex metadata: secondary-2.dex.jar.xz 14bcaeed5ad488eaf139a59d22cf00efbde5948b secondary.dex02.Canary
V/DexLibLoader(15232): Secondary program dex metadata: secondary-3.dex.jar.xz e8acf246c92474061a3e0f7dafec5559e33da2c5 secondary.dex03.Canary
V/DexLibLoader(15232): Secondary program dex metadata: secondary-4.dex.jar.xz 1d7a13e77be07efb41a2c80160a9aec6fff27ad1 secondary.dex04.Canary
V/DexLibLoader(15232): Secondary program dex metadata: secondary-5.dex.jar.xz 42761fa3dedc1f1a9503bece4f2db80adf01f775 secondary.dex05.Canary
V/DexLibLoader(15232): Secondary program dex metadata: secondary-6.dex.jar.xz 1b4455e1ba1ff38a86723e24cd334fa1062519f1 secondary.dex06.Canary
V/DexLibLoader(15232): Secondary program dex metadata: secondary-7.dex.jar.xz a54de6ef97459e1e5b5c8f874a889a38965d3446 secondary.dex07.Canary
V/DexLibLoader(15232): directory "/data/user/0/com.facebook.katana/app_secondary_program_dex" contains "program-15ef54b77950d1e6c1cbc3342a20571a9fd8050d6661a1c7.dex.jar" as expected
V/DexLibLoader(15232): directory "/data/user/0/com.facebook.katana/app_secondary_program_dex" contains "program-14bcaeed5ad488eaf139a59d22cf00efbde5948b6661a1c7.dex.jar" as expected
V/DexLibLoader(15232): directory "/data/user/0/com.facebook.katana/app_secondary_program_dex" contains "program-e8acf246c92474061a3e0f7dafec5559e33da2c56661a1c7.dex.jar" as expected
V/DexLibLoader(15232): directory "/data/user/0/com.facebook.katana/app_secondary_program_dex" contains "program-1d7a13e77be07efb41a2c80160a9aec6fff27ad16661a1c7.dex.jar" as expected
V/DexLibLoader(15232): directory "/data/user/0/com.facebook.katana/app_secondary_program_dex" contains "program-42761fa3dedc1f1a9503bece4f2db80adf01f7756661a1c7.dex.jar" as expected
V/DexLibLoader(15232): directory "/data/user/0/com.facebook.katana/app_secondary_program_dex" contains "program-1b4455e1ba1ff38a86723e24cd334fa1062519f16661a1c7.dex.jar" as expected
V/DexLibLoader(15232): directory "/data/user/0/com.facebook.katana/app_secondary_program_dex" contains "program-a54de6ef97459e1e5b5c8f874a889a38965d34466661a1c7.dex.jar" as expected
D/DexLibLoader(15232): ignoring file "program-15ef54b77950d1e6c1cbc3342a20571a9fd8050d6661a1c7.dex.odex" in "/data/user/0/com.facebook.katana/app_secondary_program_dex"
D/DexLibLoader(15232): ignoring file "program-14bcaeed5ad488eaf139a59d22cf00efbde5948b6661a1c7.dex.odex" in "/data/user/0/com.facebook.katana/app_secondary_program_dex"
D/DexLibLoader(15232): ignoring file "program-e8acf246c92474061a3e0f7dafec5559e33da2c56661a1c7.dex.odex" in "/data/user/0/com.facebook.katana/app_secondary_program_dex"
D/DexLibLoader(15232): ignoring file "program-1d7a13e77be07efb41a2c80160a9aec6fff27ad16661a1c7.dex.odex" in "/data/user/0/com.facebook.katana/app_secondary_program_dex"
D/DexLibLoader(15232): ignoring file "program-42761fa3dedc1f1a9503bece4f2db80adf01f7756661a1c7.dex.odex" in "/data/user/0/com.facebook.katana/app_secondary_program_dex"
D/DexLibLoader(15232): ignoring file "program-1b4455e1ba1ff38a86723e24cd334fa1062519f16661a1c7.dex.odex" in "/data/user/0/com.facebook.katana/app_secondary_program_dex"
D/DexLibLoader(15232): ignoring file "program-a54de6ef97459e1e5b5c8f874a889a38965d34466661a1c7.dex.odex" in "/data/user/0/com.facebook.katana/app_secondary_program_dex"
D/DexLibLoader(15232): directory "/data/user/0/com.facebook.katana/app_secondary_program_dex" is valid
D/DexLibLoader(15232): ignoring file "primary_deps" in "/data/user/0/com.facebook.katana/app_secondary_program_dex_opt"
V/DexLibLoader(15232): directory "/data/user/0/com.facebook.katana/app_secondary_program_dex_opt" contains "program-15ef54b77950d1e6c1cbc3342a20571a9fd8050d6661a1c7.dex.dex" as expected
V/DexLibLoader(15232): directory "/data/user/0/com.facebook.katana/app_secondary_program_dex_opt" contains "program-14bcaeed5ad488eaf139a59d22cf00efbde5948b6661a1c7.dex.dex" as expected
V/DexLibLoader(15232): directory "/data/user/0/com.facebook.katana/app_secondary_program_dex_opt" contains "program-e8acf246c92474061a3e0f7dafec5559e33da2c56661a1c7.dex.dex" as expected
V/DexLibLoader(15232): directory "/data/user/0/com.facebook.katana/app_secondary_program_dex_opt" contains "program-1d7a13e77be07efb41a2c80160a9aec6fff27ad16661a1c7.dex.dex" as expected
V/DexLibLoader(15232): directory "/data/user/0/com.facebook.katana/app_secondary_program_dex_opt" contains "program-42761fa3dedc1f1a9503bece4f2db80adf01f7756661a1c7.dex.dex" as expected
V/DexLibLoader(15232): directory "/data/user/0/com.facebook.katana/app_secondary_program_dex_opt" contains "program-1b4455e1ba1ff38a86723e24cd334fa1062519f16661a1c7.dex.dex" as expected
V/DexLibLoader(15232): directory "/data/user/0/com.facebook.katana/app_secondary_program_dex_opt" contains "program-a54de6ef97459e1e5b5c8f874a889a38965d34466661a1c7.dex.dex" as expected
D/DexLibLoader(15232): directory "/data/user/0/com.facebook.katana/app_secondary_program_dex_opt" is valid
D/DexLibLoader(15232): loading pre-built cross-dex opt odex files
V/dalvik-internals(15232): hooked dvmResolveClass using jump ()
V/dalvik-internals(15232): hooked dvmFlushBreakpoints using jump ()
I/ActivityManager( 1025): Start proc com.android.vending for broadcast com.android.vending/com.google.android.finsky.receivers.PackageMonitorReceiver$RegisteredReceiver: pid=15271 uid=10039 gids={50039, 3003, 1028, 1015}
V/MultiDexClassLoader(15232): installing MultiDexClassLoader before application classloader
I/dalvikvm(15232): Could not find method dalvik.system.DexFile.loadClassBinaryName, referenced from method com.facebook.common.dextricks.DexFileLoadOld.a
W/dalvikvm(15232): VFY: unable to resolve virtual method 2073: Ldalvik/system/DexFile;.loadClassBinaryName (Ljava/lang/String;Ljava/lang/ClassLoader;)Ljava/lang/Class;
D/dalvikvm(15232): VFY: replacing opcode 0x6e at 0x0000
D/DexLibLoader(15232): released odex store lock
D/DexLibLoader(15232): DexLibLoader.loadAll took 49 ms
D/MemoryReductionHack(15232): Marked as initialized entry corresponding to path /data/app/com.facebook.katana-1.apk
D/GcOptimizer(15232): Enabled
V/dalvik-internals(15232): hooked dvmLinearAlloc using jump ()
V/dalvik-internals(15232): hooked dvmLinearRealloc using jump ()
V/dalvik-internals(15232): hooked dvmLinearFree using jump ()
V/dalvik-internals(15232): hooked dvmLinearStrdup using jump ()
V/dalvik-internals(15232): hooked dvmLinearAllocContains using jump ()
I/dalvik-internals(15232): enlarged linearalloc buffer to 33554432 bytes
D/CordovaLog(15045): file:///android_asset/www/js/app.js: Line 115 : Received response from version check.
I/chromium(15045): [INFO:CONSOLE(115)] "Received response from version check.", source: file:///android_asset/www/js/app.js (115)
D/CordovaLog(15045): file:///android_asset/www/js/app.js: Line 117 : Version is supported.
I/chromium(15045): [INFO:CONSOLE(117)] "Version is supported.", source: file:///android_asset/www/js/app.js (117)
I/ActivityManager( 1025): Process com.google.android.partnersetup (pid 15255) has died.
D/Finsky  (15271): [1] FinskyApp.onCreate: Initializing network with DFE https://android.clients.google.com/fdfe/
D/WifiStateMachine( 1025): handleMessage: E msg.what=151572
D/WifiStateMachine( 1025): processMsg: ConnectedState
D/WifiStateMachine( 1025): processMsg: L2ConnectedState
D/WifiStateMachine( 1025): handleMessage: X
W/StaticBindingVerifier(15232): Verify
D/Finsky  (15271): [1] DailyHygiene.goMakeHygieneIfDirty: No need to run daily hygiene.
I/dalvikvm(15232): Could not find method com.facebook.resources.FbResources.getDrawable, referenced from method com.facebook.resources.impl.DownloadedFbResources.getDrawable
W/dalvikvm(15232): VFY: unable to resolve virtual method 48479: Lcom/facebook/resources/FbResources;.getDrawable (ILandroid/content/res/Resources$Theme;)Landroid/graphics/drawable/Drawable;
D/dalvikvm(15232): VFY: replacing opcode 0x6f at 0x0031
W/Settings(15271): Setting download_manager_max_bytes_over_mobile has moved from android.provider.Settings.Secure to android.provider.Settings.Global.
W/Settings(15271): Setting download_manager_recommended_max_bytes_over_mobile has moved from android.provider.Settings.Secure to android.provider.Settings.Global.
I/dalvikvm(15271): Could not find method com.google.android.play.layout.PlayCardViewBase.setTransitionName, referenced from method com.google.android.finsky.utils.PlayCardUtils.bindCard
W/dalvikvm(15271): VFY: unable to resolve virtual method 42705: Lcom/google/android/play/layout/PlayCardViewBase;.setTransitionName (Ljava/lang/String;)V
D/dalvikvm(15271): VFY: replacing opcode 0x6e at 0x00d9
I/dalvikvm(15271): Could not find method com.google.android.play.layout.PlayCardViewBase.setTransitionGroup, referenced from method com.google.android.finsky.utils.PlayCardUtils.bindCard
W/dalvikvm(15271): VFY: unable to resolve virtual method 42704: Lcom/google/android/play/layout/PlayCardViewBase;.setTransitionGroup (Z)V
D/dalvikvm(15271): VFY: replacing opcode 0x6e at 0x0246
D/WifiService( 1025): New client listening to asynchronous messages
I/dalvikvm(15271): Could not find method android.view.View.getTransitionName, referenced from method com.google.android.finsky.navigationmanager.NavigationManager.showPage
W/dalvikvm(15271): VFY: unable to resolve virtual method 9352: Landroid/view/View;.getTransitionName ()Ljava/lang/String;
D/dalvikvm(15271): VFY: replacing opcode 0x6e at 0x001a
D/dalvikvm( 1025): GC_EXPLICIT freed 1889K, 39% free 30866K/50444K, paused 9ms+18ms, total 194ms
D/Finsky  (15271): [1] 2.run: Loaded library for account: [gKXbJhL8NA2nPUzZyFpjB6tKi7U]
D/Finsky  (15271): [1] 2.run: Finished loading 1 libraries.
D/PackageBroadcastService( 7970): Received broadcast action=android.intent.action.PACKAGE_ADDED and uri=co.giftmeapp.gift_me
I/ActivityManager( 1025): Process com.android.vending (pid 15271) has died.
D/dalvikvm(27213): GC_CONCURRENT freed 1550K, 43% free 11659K/20348K, paused 10ms+5ms, total 56ms
D/dalvikvm(27213): WAIT_FOR_CONCURRENT_GC blocked 39ms
D/CordovaLog(15045): file:///android_asset/www/js/app.js: Line 135 : success...
I/chromium(15045): [INFO:CONSOLE(135)] "success...", source: file:///android_asset/www/js/app.js (135)
I/ActivityManager( 1025): Start proc com.google.android.apps.docs for broadcast com.google.android.apps.docs/.receivers.AppPackageAddRemoveReceiver: pid=15326 uid=10060 gids={50060, 3003, 1028, 1015}
D/dalvikvm(  275): GC_EXPLICIT freed 42K, 48% free 9011K/17224K, paused 2ms+3ms, total 24ms
D/dalvikvm(  275): GC_EXPLICIT freed <1K, 48% free 9011K/17224K, paused 1ms+2ms, total 18ms
D/dalvikvm(  275): GC_EXPLICIT freed <1K, 48% free 9011K/17224K, paused 1ms+2ms, total 18ms
I/ConfigFetchService( 7970): onStartCommand Intent { act=android.intent.action.PACKAGE_ADDED dat=package:co.giftmeapp.gift_me cmp=com.google.android.gms/.config.ConfigFetchService (has extras) }
I/ConfigFetchService( 7970): launchTask
I/MDMCTBK (  273): NetlinkHandler, power_supply subsys
I/MDMCTBK (  273): NetlinkHandler, usbChargerStateChanged
I/MDMCTBK (  273): checkDefaultInst, current pid is = 273
I/MDMCTBK (  273): checkDefaultInst, pid match
I/MDMCTBK (  273): MdmCutbackHndler,readFromFile = /sys/class/power_supply/usb/online
I/MDMCTBK (  273): MdmCutbackHndler,readFromFile = 
E/MDMCTBK (  273): MdmCutbackHndler,Could not open ''
I/ConfigFetchService( 7970): service connected
D/ConfigFetchService( 7970): ConfigApi connection successful.
I/MDMCTBK (  273): NetlinkHandler, power_supply subsys
I/MDMCTBK (  273): NetlinkHandler, usbChargerStateChanged
I/MDMCTBK (  273): checkDefaultInst, current pid is = 273
I/MDMCTBK (  273): checkDefaultInst, pid match
I/MDMCTBK (  273): MdmCutbackHndler,readFromFile = /sys/class/power_supply/usb/online
I/MDMCTBK (  273): MdmCutbackHndler,readFromFile = 
E/MDMCTBK (  273): MdmCutbackHndler,Could not open ''
E/dalvikvm(15232): Could not find class 'org.apache.harmony.xnet.provider.jsse.OpenSSLSocketImpl', referenced from method com.facebook.ssl.openssl.check.CheckOpenSSLImplHasRequiredMethods.<clinit>
W/dalvikvm(15232): VFY: unable to resolve const-class 13808 (Lorg/apache/harmony/xnet/provider/jsse/OpenSSLSocketImpl;) in Lcom/facebook/ssl/openssl/check/CheckOpenSSLImplHasRequiredMethods;
D/dalvikvm(15232): VFY: replacing opcode 0x1c at 0x000d
E/dalvikvm(15232): Could not find class 'org.apache.harmony.xnet.provider.jsse.OpenSSLSocketFactoryImpl', referenced from method com.facebook.ssl.openssl.reflect.SSLParametersGetter.<clinit>
W/dalvikvm(15232): VFY: unable to resolve const-class 13807 (Lorg/apache/harmony/xnet/provider/jsse/OpenSSLSocketFactoryImpl;) in Lcom/facebook/ssl/openssl/reflect/SSLParametersGetter;
D/dalvikvm(15232): VFY: replacing opcode 0x1c at 0x000d
E/dalvikvm(15232): Could not find class 'org.apache.harmony.xnet.provider.jsse.SSLParametersImpl', referenced from method com.facebook.ssl.openssl.reflect.SSLParametersGetter.a
W/dalvikvm(15232): VFY: unable to resolve check-cast 13809 (Lorg/apache/harmony/xnet/provider/jsse/SSLParametersImpl;) in Lcom/facebook/ssl/openssl/reflect/SSLParametersGetter;
D/dalvikvm(15232): VFY: replacing opcode 0x1f at 0x0006
E/dalvikvm(15232): Could not find class 'org.apache.harmony.xnet.provider.jsse.SSLParametersImpl', referenced from method com.facebook.ssl.openssl.reflect.SSLSessionTimeoutSetter.<clinit>
W/dalvikvm(15232): VFY: unable to resolve const-class 13809 (Lorg/apache/harmony/xnet/provider/jsse/SSLParametersImpl;) in Lcom/facebook/ssl/openssl/reflect/SSLSessionTimeoutSetter;
D/dalvikvm(15232): VFY: replacing opcode 0x1c at 0x000d
W/dalvikvm(15232): VFY: unable to find class referenced in signature (Lorg/apache/harmony/xnet/provider/jsse/SSLParametersImpl;)
E/dalvikvm(15232): Could not find class 'org.apache.harmony.xnet.provider.jsse.ClientSessionContext', referenced from method com.facebook.ssl.openssl.reflect.SSLSessionTimeoutSetter.a
W/dalvikvm(15232): VFY: unable to resolve check-cast 13806 (Lorg/apache/harmony/xnet/provider/jsse/ClientSessionContext;) in Lcom/facebook/ssl/openssl/reflect/SSLSessionTimeoutSetter;
D/dalvikvm(15232): VFY: replacing opcode 0x1f at 0x0006
W/dalvikvm(15232): VFY: unable to find class referenced in signature (Lorg/apache/harmony/xnet/provider/jsse/SSLParametersImpl;)
W/dalvikvm(15232): Unable to resolve superclass of Lcom/facebook/ssl/openssl/TicketEnabledOpenSSLSocketImplWrapper; (11243)
W/dalvikvm(15232): Link of class 'Lcom/facebook/ssl/openssl/TicketEnabledOpenSSLSocketImplWrapper;' failed
E/dalvikvm(15232): Could not find class 'com.facebook.ssl.openssl.TicketEnabledOpenSSLSocketImplWrapper', referenced from method com.facebook.ssl.openssl.TicketEnabledOpenSSLSocketFactoryHelper.a
W/dalvikvm(15232): VFY: unable to resolve new-instance 10681 (Lcom/facebook/ssl/openssl/TicketEnabledOpenSSLSocketImplWrapper;) in Lcom/facebook/ssl/openssl/TicketEnabledOpenSSLSocketFactoryHelper;
D/dalvikvm(15232): VFY: replacing opcode 0x22 at 0x0000
W/dalvikvm(15232): Unable to resolve superclass of Lcom/facebook/ssl/openssl/TicketEnabledOpenSSLSocketImplWrapper; (11243)
W/dalvikvm(15232): Link of class 'Lcom/facebook/ssl/openssl/TicketEnabledOpenSSLSocketImplWrapper;' failed
D/dalvikvm(15232): DexOpt: unable to opt direct call 0xc22f at 0x08 in Lcom/facebook/ssl/openssl/TicketEnabledOpenSSLSocketFactoryHelper;.a
W/GmsApplication( 7970): Using Auth Proxy for data requests.
I/dalvikvm(15326): Could not find method android.app.Activity.finishAfterTransition, referenced from method r.c_
W/dalvikvm(15326): VFY: unable to resolve virtual method 2773: Landroid/app/Activity;.finishAfterTransition ()V
D/dalvikvm(15326): VFY: replacing opcode 0x6e at 0x0006
D/dalvikvm(15232): Trying to load lib /data/app-lib/com.facebook.katana-1/libfbjni.so 0x41fba190
D/dalvikvm(15232): Added shared lib /data/app-lib/com.facebook.katana-1/libfbjni.so 0x41fba190
D/dalvikvm(15232): Trying to load lib /data/app-lib/com.facebook.katana-1/libcares.so 0x41fba190
I/GoogleURLConnFactory( 7970): Using platform SSLCertificateSocketFactory
D/dalvikvm(15232): Added shared lib /data/app-lib/com.facebook.katana-1/libcares.so 0x41fba190
D/dalvikvm(15232): No JNI_OnLoad found in /data/app-lib/com.facebook.katana-1/libcares.so 0x41fba190, skipping init
D/dalvikvm(15232): Trying to load lib /data/app-lib/com.facebook.katana-1/libdouble-conversion.so 0x41fba190
D/WifiStateMachine( 1025): handleMessage: E msg.what=151572
D/WifiStateMachine( 1025): processMsg: ConnectedState
D/WifiStateMachine( 1025): processMsg: L2ConnectedState
D/WifiStateMachine( 1025): handleMessage: X
D/dalvikvm(15232): Added shared lib /data/app-lib/com.facebook.katana-1/libdouble-conversion.so 0x41fba190
D/dalvikvm(15232): No JNI_OnLoad found in /data/app-lib/com.facebook.katana-1/libdouble-conversion.so 0x41fba190, skipping init
D/dalvikvm(15232): Trying to load lib /data/app-lib/com.facebook.katana-1/libevent.so 0x41fba190
D/dalvikvm(15232): Added shared lib /data/app-lib/com.facebook.katana-1/libevent.so 0x41fba190
D/dalvikvm(15232): No JNI_OnLoad found in /data/app-lib/com.facebook.katana-1/libevent.so 0x41fba190, skipping init
D/dalvikvm(15232): Trying to load lib /data/app-lib/com.facebook.katana-1/libliger.so 0x41fba190
I/GLSUser ( 7970): [ ChannelManager ] Attempting to channel bind connection HttpClient.
I/GLSUser ( 7970): [ ChannelManager ] Skip channel binding on pre-KLP devices.
W/GmsApplication( 7970): Using Auth Proxy for data requests.
D/dalvikvm(15232): Added shared lib /data/app-lib/com.facebook.katana-1/libliger.so 0x41fba190
W/fb4a(:<default>):AbstractMqttPushService(15232): Attempt to start service that is already started
D/dalvikvm( 7970): GC_EXPLICIT freed 1423K, 39% free 10548K/17224K, paused 4ms+17ms, total 75ms
W/GmsApplication( 7970): Using Auth Proxy for data requests.
W/GmsApplication( 7970): Using Auth Proxy for data requests.
W/GmsApplication( 7970): Using Auth Proxy for data requests.
D/dalvikvm(15232): Trying to load lib /data/app-lib/com.facebook.katana-1/libheartbleed.so 0x41fba190
D/dalvikvm(15232): Added shared lib /data/app-lib/com.facebook.katana-1/libheartbleed.so 0x41fba190
W/GmsApplication( 7970): Using Auth Proxy for data requests.
W/SyncWapiModule(15326): isPlayServicesEnabled=
W/SyncWapiModule(15326): isPlayServicesEnabled=
I/ActivityManager( 1025): Process com.facebook.katana (pid 15232) has died.
D/WifiService( 1025): Client connection lost with reason: 4
W/ActivityManager( 1025): Scheduling restart of crashed service com.facebook.katana/com.facebook.push.mqtt.service.MqttPushService in 268435456000ms
I/ActivityManager( 1025): Start proc com.motorola.MotGallery2 for broadcast com.motorola.MotGallery2/com.android.gallery3d.app.PackagesMonitor: pid=15371 uid=10034 gids={50034, 3003, 1028, 1015}
W/GAV2    (15326): Thread[main,5,main]: Need to call initialize() and be in fallback mode to start dispatch.
I/ActivityManager( 1025): Start proc com.google.android.googlequicksearchbox:search for broadcast com.google.android.googlequicksearchbox/com.google.android.search.core.icingsync.IcingCorporaChangedReceiver: pid=15391 uid=10045 gids={50045, 3003, 3001, 1028, 3002, 1015}
I/ActivityManager( 1025): Process com.motorola.MotGallery2 (pid 15371) has died.
I/ActivityManager( 1025): Start proc com.evernote for broadcast com.evernote/.util.WidgetTracker: pid=15415 uid=10134 gids={50134, 3003, 1028, 1015}
I/UpdateIcingCorporaServi(15391): Updating corpora: APPS=co.giftmeapp.gift_me, CONTACTS=MAYBE
W/GAV2    (15326): Thread[main,5,main]: dispatch call queued.  Need to call GAServiceManager.getInstance().initialize().
D/WifiStateMachine( 1025): handleMessage: E msg.what=151572
D/WifiStateMachine( 1025): processMsg: ConnectedState
D/WifiStateMachine( 1025): processMsg: L2ConnectedState
D/WifiStateMachine( 1025): handleMessage: X
I/MultiDex(15415): VM with version 1.6.0 does not have multidex support
I/MultiDex(15415): install
I/MultiDex(15415): MultiDexExtractor.load(/data/app/com.evernote-1.apk, false)
I/MultiDex(15415): loading existing secondary dex files
I/MultiDex(15415): load found 0 secondary dex files
I/MultiDex(15415): install done
I/ActivityManager( 1025): Start proc com.google.android.partnersetup for content provider com.google.android.partnersetup/.RlzAppProvider: pid=15433 uid=10025 gids={50025, 3003}
I/ActivityManager( 1025): Process com.google.android.apps.docs (pid 15326) has died.
I/dalvikvm(15391): Could not find method android.content.pm.PackageManager.getPackageInstaller, referenced from method com.google.android.gms.common.e.p
W/dalvikvm(15391): VFY: unable to resolve virtual method 901: Landroid/content/pm/PackageManager;.getPackageInstaller ()Landroid/content/pm/PackageInstaller;
D/dalvikvm(15391): VFY: replacing opcode 0x6e at 0x000b
D/WifiStateMachine( 1025): handleMessage: E msg.what=131155
D/WifiStateMachine( 1025): processMsg: ConnectedState
D/WifiStateMachine( 1025): processMsg: L2ConnectedState
D/WifiStateMachine( 1025): handleMessage: X
I/ActivityManager( 1025): Process com.google.android.partnersetup (pid 15433) has died.
I/ApplicationLogger(15391): canRun() : Opted Out
I/UpdateIcingCorporaServi(15391): UpdateCorporaTask done [took 243 ms] updated apps [took 243 ms] 
D/EN      (15415): MemoryMapAppender.ctor()
D/EN      (15415): MemoryMapAppender.ctor-end()
D/EN      (15415): [EvernoteProvider] - Provider+++++onCreate()
D/EN      (15415): [d] - AccountManager()::userIds=102703026
D/EN      (15415): [b] - creating new AccountInfo()::userId102703026
I/ActivityManager( 1025): Process com.google.android.googlequicksearchbox:search (pid 15391) has died.
D/EN      (15415): [d] - AccountManager()::adding account::102703026::timcallagy
D/EN      (15415): [d] - AccountManager()::count=1
D/EN      (15415): [d] - initialized:
D/EN      (15415): [a] - getInstance()::
D/EN      (15415): [al] - Register SD Card Receiver ++++++++++++++++++++
D/EN      (15415): [al] - checkForRecentUnmount() end
D/EN      (15415): [a] - locale is set=en_GB
D/EN      (15415): [a] - isDBONSDcard()=true
I/EN      (15415): [al] - getSDCardStatus()::mounted::noStorageText=null
D/EN      (15415): [a] - isDBFileChanged()::lastFilePath in pref=/data/data/com.evernote/files/user-102703026/.external-1428259012787-Evernote.db
E/EN      (15415): [a] - isDBFileChanged()::+++++++++lastFilePath exists/data/data/com.evernote/files/user-102703026/.external-1428259012787-Evernote.db
D/EN      (15415): [a] - getInstance()::DBFile NOT Changed
D/EN      (15415): [a] - isDBONSDcard()=true
D/EN      (15415): [a] - moveToSDcard()::start::Evernote.DB_ON_SDCARD=true
D/EN      (15415): [a] - isDBONSDcard()=true
E/EN      (15415): [a] - isLastDBFileOnSDCard()::+++++++++++lastFilePath exists/data/data/com.evernote/files/user-102703026/.external-1428259012787-Evernote.db
D/EN      (15415): [a] - isDBONSDcard()=true
D/EN      (15415): [a] - getDBfilePath()::++++++++++++++++lastFilePath from preferences/data/data/com.evernote/files/user-102703026/.external-1428259012787-Evernote.db
E/EN      (15415): [a] - getDBfilePath()::++++++++++++++++lastFilePath exists/data/data/com.evernote/files/user-102703026/.external-1428259012787-Evernote.db
D/EN      (15415): [EvernoteProvider] - cleanupOldThumbnailsIfNeeded()
I/ReleaseProperties(15415): Current app is: evernote
I/ReleaseProperties(15415): propFile: release is now loaded
I/ReleaseProperties(15415): propFile: play is now loaded
I/ReleaseProperties(15415): propFile: base is now loaded
I/ReleaseProperties(15415): propFile: override is now loaded
D/MarketUtils(15415): isPackageInstalled() - com.android.vending is installed
D/MarketUtils(15415): isPackageInstalled() - com.android.vending is installed
D/MarketUtils(15415): isPackageInstalled() - com.android.vending is installed
D/ReleaseProperties(15415): getReferralPersistencePath():: old=false:: path=/storage/emulated/0/.enref
D/MarketUtils(15415): isPackageInstalled() - com.android.vending is installed
I/ReleaseProperties(15415): ReleaseProperties: 
I/ReleaseProperties(15415):   bundleName=google-play
I/ReleaseProperties(15415):   revision=AM_702_524
I/ReleaseProperties(15415):   type=public
I/ReleaseProperties(15415):   gitHash=313f54a11431af98d659728265b72cfcf9ec527e
I/ReleaseProperties(15415):   baseSearchUri=market://search?q=
D/MarketUtils(15415): isPackageInstalled() - com.android.vending is installed
D/MarketUtils(15415): isPackageInstalled() - com.android.vending is installed
I/ReleaseProperties(15415): From file referralCode=android
D/EN      (15415): [a] - isDBONSDcard()=true
D/EN      (15415): [Evernote] - VERSION_CODE: 1070243
D/MarketUtils(15415): isPackageInstalled() - com.android.vending is installed
D/MarketUtils(15415): isPackageInstalled() - com.android.vending is installed
I/dalvikvm(15415): Could not find method android.content.pm.PackageManager.getActivityBanner, referenced from method com.evernote.d.b.getActivityBanner
W/dalvikvm(15415): VFY: unable to resolve virtual method 793: Landroid/content/pm/PackageManager;.getActivityBanner (Landroid/content/ComponentName;)Landroid/graphics/drawable/Drawable;
D/dalvikvm(15415): VFY: replacing opcode 0x6e at 0x0002
I/dalvikvm(15415): Could not find method android.content.pm.PackageManager.getActivityBanner, referenced from method com.evernote.d.b.getActivityBanner
W/dalvikvm(15415): VFY: unable to resolve virtual method 794: Landroid/content/pm/PackageManager;.getActivityBanner (Landroid/content/Intent;)Landroid/graphics/drawable/Drawable;
D/dalvikvm(15415): VFY: replacing opcode 0x6e at 0x0002
I/dalvikvm(15415): Could not find method android.content.pm.PackageManager.getApplicationBanner, referenced from method com.evernote.d.b.getApplicationBanner
W/dalvikvm(15415): VFY: unable to resolve virtual method 801: Landroid/content/pm/PackageManager;.getApplicationBanner (Landroid/content/pm/ApplicationInfo;)Landroid/graphics/drawable/Drawable;
D/dalvikvm(15415): VFY: replacing opcode 0x6e at 0x0002
I/dalvikvm(15415): Could not find method android.content.pm.PackageManager.getApplicationBanner, referenced from method com.evernote.d.b.getApplicationBanner
W/dalvikvm(15415): VFY: unable to resolve virtual method 802: Landroid/content/pm/PackageManager;.getApplicationBanner (Ljava/lang/String;)Landroid/graphics/drawable/Drawable;
D/dalvikvm(15415): VFY: replacing opcode 0x6e at 0x0002
I/dalvikvm(15415): Could not find method android.content.pm.PackageManager.getLeanbackLaunchIntentForPackage, referenced from method com.evernote.d.b.getLeanbackLaunchIntentForPackage
W/dalvikvm(15415): VFY: unable to resolve virtual method 818: Landroid/content/pm/PackageManager;.getLeanbackLaunchIntentForPackage (Ljava/lang/String;)Landroid/content/Intent;
D/dalvikvm(15415): VFY: replacing opcode 0x6e at 0x0002
I/dalvikvm(15415): Could not find method android.content.pm.PackageManager.getPackageInstaller, referenced from method com.evernote.d.b.getPackageInstaller
W/dalvikvm(15415): VFY: unable to resolve virtual method 823: Landroid/content/pm/PackageManager;.getPackageInstaller ()Landroid/content/pm/PackageInstaller;
D/dalvikvm(15415): VFY: replacing opcode 0x6e at 0x0002
I/dalvikvm(15415): Could not find method android.content.pm.PackageManager.getUserBadgedDrawableForDensity, referenced from method com.evernote.d.b.getUserBadgedDrawableForDensity
W/dalvikvm(15415): VFY: unable to resolve virtual method 839: Landroid/content/pm/PackageManager;.getUserBadgedDrawableForDensity (Landroid/graphics/drawable/Drawable;Landroid/os/UserHandle;Landroid/graphics/Rect;I)Landroid/graphics/drawable/Drawable;
D/dalvikvm(15415): VFY: replacing opcode 0x6e at 0x0002
I/dalvikvm(15415): Could not find method android.content.pm.PackageManager.getUserBadgedIcon, referenced from method com.evernote.d.b.getUserBadgedIcon
W/dalvikvm(15415): VFY: unable to resolve virtual method 840: Landroid/content/pm/PackageManager;.getUserBadgedIcon (Landroid/graphics/drawable/Drawable;Landroid/os/UserHandle;)Landroid/graphics/drawable/Drawable;
D/dalvikvm(15415): VFY: replacing opcode 0x6e at 0x0002
I/dalvikvm(15415): Could not find method android.content.pm.PackageManager.getUserBadgedLabel, referenced from method com.evernote.d.b.getUserBadgedLabel
W/dalvikvm(15415): VFY: unable to resolve virtual method 841: Landroid/content/pm/PackageManager;.getUserBadgedLabel (Ljava/lang/CharSequence;Landroid/os/UserHandle;)Ljava/lang/CharSequence;
D/dalvikvm(15415): VFY: replacing opcode 0x6e at 0x0002
I/Crashlytics(15415): Initializing Crashlytics 1.1.8.10
D/WifiStateMachine( 1025): handleMessage: E msg.what=151572
D/WifiStateMachine( 1025): processMsg: ConnectedState
D/WifiStateMachine( 1025): processMsg: L2ConnectedState
D/WifiStateMachine( 1025): handleMessage: X
D/MarketUtils(15415): isPackageInstalled() - com.android.vending is installed
