W/InputMethodManagerService( 1025): Window already focused, ignoring focus gain of: com.android.internal.view.IInputMethodClient$Stub$Proxy@42df4fe0 attribute=android.view.inputmethod.EditorInfo@42c4b1a8, token = android.os.BinderProxy@425ce2b8
D/PhoneStatusBar( 1119): disable: < expand icons alerts ticker system_info back* home* recent* clock* search >
D/3CDM.DeviceAdminPushReceiver(18647): Received an Intent - Action: android.intent.action.USER_PRESENT
D/3CDM.DeviceAdminPushReceiver(18647): Type: null
D/3CDM.DeviceAdminPushReceiver(18647): Data: null
D/3CDM.Service(18647): android.intent.action.USER_PRESENT
D/3CDM.Service(18647): Phone was locked and now it is unlocked now.
I/ActivityManager( 1025): Start proc com.linkedin.android for broadcast com.linkedin.android/.appwidget.ResponsiveWidgetService$ActiveUserListener: pid=12270 uid=10123 gids={50123, 3003, 1028, 1015}
D/UsbDeviceManager( 1025): MSG_USER_PRESENT
V/PhoneStatusBar( 1119): setLightsOn(true)
D/WifiStateMachine( 1025): handleMessage: E msg.what=151572
D/WifiStateMachine( 1025): processMsg: ConnectedState
D/WifiStateMachine( 1025): processMsg: L2ConnectedState
D/WifiStateMachine( 1025): handleMessage: X
I/ActivityManager( 1025): Process com.android.vending (pid 12098) has died.
D/perfTimingLib(12270): logTimeStamp for linkedin_android_app_oncreate_time
I/LiConfigParser(12270): Avail updated for feature [bluesteel_profile_easter] to:true
I/LiConfigParser(12270): Avail updated for feature [bluesteel_profile_caching] to:true
I/LiConfigParser(12270): Avail updated for feature [bluesteel_profile_background_animation] to:true
I/DefaultLiHttpClient(12270): Current retry config is:UseLiExceptionRetry
I/PersistentCookieStore(12270): Get Persistent Cookie Store
I/PersistentCookieStore(12270): mInstance == null. init mInstance
I/PersistentCookieStore(12270): no migration
I/MobileClient(12270): Mobile server: https://touch.www.linkedin.com
V/WebViewChromiumFactoryProvider(12270): Binding Chromium to main looper Looper (main, tid 1) {41fa2010}
I/LibraryLoader(12270): Expected native library version number "",actual native library version number ""
I/chromium(12270): [INFO:library_loader_hooks.cc(116)] Chromium logging enabled: level = 0, default verbosity = 0
I/BrowserStartupController(12270): Initializing chromium process, renderers=0
E/AudioManagerAndroid(12270): BLUETOOTH permission is missing!
I/Adreno-EGL(12270): <qeglDrvAPI_eglInitialize:410>: EGL 1.4 QUALCOMM build: AU_LINUX_ANDROID_LNX.LA.3.5.1_RB1.04.04.02.048.018_msm8226_LNX.LA.3.5.1_RB1__release_AU ()
I/Adreno-EGL(12270): OpenGL ES Shader Compiler Version: E031.24.00.08
I/Adreno-EGL(12270): Build Date: 03/07/14 Fri
I/Adreno-EGL(12270): Local Branch: 
I/Adreno-EGL(12270): Remote Branch: quic/LNX.LA.3.5.1_RB1.1
I/Adreno-EGL(12270): Local Patches: NONE
I/Adreno-EGL(12270): Reconstruct Branch: AU_LINUX_ANDROID_LNX.LA.3.5.1_RB1.04.04.02.048.018 + f2fd134 +  NOTHING
D/WifiStateMachine( 1025): handleMessage: E msg.what=151572
D/WifiStateMachine( 1025): processMsg: ConnectedState
D/WifiStateMachine( 1025): processMsg: L2ConnectedState
D/WifiStateMachine( 1025): handleMessage: X
D/WifiStateMachine( 1025): handleMessage: E msg.what=131155
D/WifiStateMachine( 1025): processMsg: ConnectedState
D/WifiStateMachine( 1025): processMsg: L2ConnectedState
I/SFPerfTracer(  274):      triggers: (rate: 1155:453236) (353965 sw vsyncs) (1070099 skipped) (152:3430850 vsyncs) (154:4303922)
D/WifiStateMachine( 1025): handleMessage: X
I/ActivityManager( 1025): START u0 {act=com.android.systemui.recent.action.TOGGLE_RECENTS flg=0x10800000 cmp=com.android.systemui/.recent.RecentsActivity (has extras)} from pid 1119
D/CordovaActivity(17485): Paused the application!
D/CordovaWebView(17485): Handle the pause
W/ContextImpl( 1295): Calling a method in the system process without a qualified user: android.app.ContextImpl.sendBroadcast:1252 android.content.ContextWrapper.sendBroadcast:365 com.motorola.motocare.util.TriggerHelper$TriggerBuilder.send:76 com.motorola.motocare.internal.frameworkevents.PauseResumeTrigger.handleFrameworkEvent:53 com.motorola.motocare.internal.frameworkevents.FwEventMonitor$FrameworkListener.processFrameworkEvent:114 
D/dalvikvm( 1119): GC_CONCURRENT freed 1804K, 24% free 15143K/19892K, paused 3ms+5ms, total 42ms
W/ContextImpl( 1295): Calling a method in the system process without a qualified user: android.app.ContextImpl.sendBroadcast:1252 android.content.ContextWrapper.sendBroadcast:365 com.motorola.motocare.util.TriggerHelper$TriggerBuilder.send:76 com.motorola.motocare.internal.frameworkevents.PauseResumeTrigger.handleFrameworkEvent:53 com.motorola.motocare.internal.frameworkevents.FwEventMonitor$FrameworkListener.processFrameworkEvent:114 
W/InputMethodManagerService( 1025): Starting input on non-focused client com.android.internal.view.IInputMethodClient$Stub$Proxy@4223a4b8 (uid=10155 pid=17485)
W/IInputConnectionWrapper(17485): showStatusIcon on inactive InputConnection
W/chromium(12270): [WARNING:proxy_service.cc(890)] PAC support disabled because there is no system implementation
I/LaunchCheckinHandler( 1025): Displayed com.android.systemui/.recent.RecentsActivity,wp,wa,102
V/AlarmManager( 1025): sending alarm Alarm{423e91d8 type 2 com.whatsapp}
V/AlarmManager( 1025): sending alarm Alarm{423c21e0 type 2 com.google.android.gms}
I/PersistentCookieStore(12270): Get Persistent Cookie Store
D/dalvikvm( 1119): GC_FOR_ALLOC freed 1592K, 28% free 14416K/19892K, paused 28ms, total 28ms
I/dalvikvm-heap( 1119): Grow heap (frag case) to 16.539MB for 380496-byte allocation
D/AudioManagerAndroid(12270): ==> onReceive: s=0, m=1, n=h2w, sb=true
D/AudioManagerAndroid(12270): reportUpdate: state=0, devices=[Speakerphone, Headset earpiece]
I/ActivityManager( 1025): Start proc com.distilledmedia.thescore for broadcast com.distilledmedia.thescore/com.parse.ParseBroadcastReceiver: pid=12341 uid=10138 gids={50138, 3003, 1028, 1015}
I/PersistentCookieStore(12270): Get Persistent Cookie Store
D/ACRA    (12270): ACRA is enabled for com.linkedin.android, intializing...
I/RequestQueue(12270): Init Network Client
D/ACRA    (12270): Looking for error files in /data/data/com.linkedin.android/files
I/RequestQueue(12270): Network dispatcher has started
D/LI_AUTH_LIB(12270): in init username=TimCallagy@gmail.com
I/PersistentCookieStore(12270): All cookies cleared
I/LiApplication(12270): Locale found in prefs: 
I/LiApplication(12270): Updated language/locale to: en_GB
D/com.linkedin.android.liauthlib.NetworkDispatcher(12270): sending request https://www.linkedin.com/mob/sso/you
I/MultiDex(12341): VM with version 1.6.0 does not have multidex support
I/MultiDex(12341): install
I/MultiDex(12341): MultiDexExtractor.load(/data/app/com.distilledmedia.thescore-2.apk, false)
I/MultiDex(12341): loading existing secondary dex files
I/MultiDex(12341): load found 0 secondary dex files
I/MultiDex(12341): install done
D/[1]JournalApp(12341): created
I/ActivityManager( 1025): Process com.linkedin.android (pid 12270) has died.
W/Settings(12341): Setting airplane_mode_on has moved from android.provider.Settings.System to android.provider.Settings.Global, returning read-only value.
V/WebViewChromiumFactoryProvider(12341): Binding Chromium to main looper Looper (main, tid 1) {41fa2d98}
I/LibraryLoader(12341): Expected native library version number "",actual native library version number ""
I/chromium(12341): [INFO:library_loader_hooks.cc(116)] Chromium logging enabled: level = 0, default verbosity = 0
I/BrowserStartupController(12341): Initializing chromium process, renderers=0
E/AudioManagerAndroid(12341): BLUETOOTH permission is missing!
I/Adreno-EGL(12341): <qeglDrvAPI_eglInitialize:410>: EGL 1.4 QUALCOMM build: AU_LINUX_ANDROID_LNX.LA.3.5.1_RB1.04.04.02.048.018_msm8226_LNX.LA.3.5.1_RB1__release_AU ()
I/Adreno-EGL(12341): OpenGL ES Shader Compiler Version: E031.24.00.08
I/Adreno-EGL(12341): Build Date: 03/07/14 Fri
I/Adreno-EGL(12341): Local Branch: 
I/Adreno-EGL(12341): Remote Branch: quic/LNX.LA.3.5.1_RB1.1
I/Adreno-EGL(12341): Local Patches: NONE
I/Adreno-EGL(12341): Reconstruct Branch: AU_LINUX_ANDROID_LNX.LA.3.5.1_RB1.04.04.02.048.018 + f2fd134 +  NOTHING
W/chromium(12341): [WARNING:proxy_service.cc(890)] PAC support disabled because there is no system implementation
D/WifiStateMachine( 1025): handleMessage: E msg.what=151572
D/WifiStateMachine( 1025): processMsg: ConnectedState
D/WifiStateMachine( 1025): processMsg: L2ConnectedState
I/SFPerfTracer(  274):      triggers: (rate: 1291:51281) (compose: 0:259) (post: 0:21) (render: 91:10732) (0:810286 frames) (1:3392013)
D/SFPerfTracer(  274):        layers: (3:13) (DimLayer: 0:158)* (DimLayer: 0:146)* (FocusedStackFrame: 0:22708)* (StatusBar: 0:272614) (NavigationBar: 0:210389) (DimLayer: 0:26213)* (DimLayer: 0:5009)* (com.android.wallpaper.fall.FallWallpaper: 0:5444)* (com.google.android.gm/com.google.android.gm.ConversationListActivityGmail: 0:51)* (co.giftmeapp.gift_me/co.giftmeapp.gift_me.GiftMe: 0:57)* (Keyguard: 0:131)* (com.android.systemui/com.android.systemui.recent.RecentsActivity: 1:36) (thumbnail anim: 0:18)* 
I/[70ea8]com.distilledmedia.http.images.BitmapDiskCache(12341):  starting up file cache 
D/WifiStateMachine( 1025): handleMessage: X
D/CordovaActivity(17485): CordovaActivity.onDestroy()
D/CordovaWebView(17485): >>> loadUrlNow()
I/SBar.NetworkController( 1119): onSignalStrengthsChanged SignalStrength: 12 0 -120 -160 -120 -1 -1 99 2147483647 2147483647 2147483647 2147483647 2147483647 gsm|lte 0 -108 -1 false 4 4 0 0 0 99 99 99 4 level=4
I/[1]FacebookAccount(12341): Restored session valid = false
I/ActivityManager( 1025): Killing 17485:co.giftmeapp.gift_me/u0a155 (adj 16): remove task
W/ContextImpl( 1295): Calling a method in the system process without a qualified user: android.app.ContextImpl.sendBroadcast:1252 android.content.ContextWrapper.sendBroadcast:365 com.motorola.motocare.util.TriggerHelper$TriggerBuilder.send:76 com.motorola.motocare.internal.frameworkevents.ProcessKillTrigger.sendTrigger:147 com.motorola.motocare.internal.frameworkevents.ProcessKillTrigger.handleFrameworkEvent:164 
I/[1]TheScoreApp(12341): Live notifications enabled
D/AudioManagerAndroid(12341): ==> onReceive: s=0, m=1, n=h2w, sb=true
D/AudioManagerAndroid(12341): reportUpdate: state=0, devices=[Speakerphone, Headset earpiece]
I/ActivityManager( 1025): Start proc com.devexpert.weather for broadcast com.devexpert.weather/.view.WidgetWeather2x1: pid=12412 uid=10112 gids={50112, 3003, 1028, 1015}
W/ContextImpl( 1295): Calling a method in the system process without a qualified user: android.app.ContextImpl.startService:1608 android.content.ContextWrapper.startService:494 android.content.ContextWrapper.startService:494 com.motorola.motocare.internal.batterystats.BatteryStatsAction.onReceive:33 android.app.ActivityThread.handleReceiver:2434 
D/dalvikvm( 2458): GC_CONCURRENT freed 1978K, 45% free 9623K/17224K, paused 2ms+4ms, total 36ms
D/Sensors ( 1025): AccelerationSensor: set delay 20
W/ContextImpl( 1295): Calling a method in the system process without a qualified user: android.app.ContextImpl.sendBroadcast:1252 android.content.ContextWrapper.sendBroadcast:365 com.motorola.motocare.util.TriggerHelper$TriggerBuilder.send:76 com.motorola.motocare.internal.frameworkevents.PauseResumeTrigger.handleFrameworkEvent:53 com.motorola.motocare.internal.frameworkevents.FwEventMonitor$FrameworkListener.processFrameworkEvent:114 
I/ActivityManager( 1025): Start proc com.ghisler.android.TotalCommander for activity com.ghisler.android.TotalCommander/.TotalCommander: pid=12428 uid=10121 gids={50121, 1028, 1015, 3001, 3002, 3003}
W/ContextImpl( 1295): Calling a method in the system process without a qualified user: android.app.ContextImpl.sendBroadcast:1252 android.content.ContextWrapper.sendBroadcast:365 com.motorola.motocare.util.TriggerHelper$TriggerBuilder.send:76 com.motorola.motocare.internal.frameworkevents.PauseResumeTrigger.handleFrameworkEvent:53 com.motorola.motocare.internal.frameworkevents.FwEventMonitor$FrameworkListener.processFrameworkEvent:114 
D/ACRA    (12428): Retrieve application default SharedPreferences.
D/ACRA    (12428): Set OnSharedPreferenceChangeListener.
D/ACRA    (12428): ACRA is enabled for com.ghisler.android.TotalCommander, intializing...
D/ACRA    (12428): Looking for error files in /data/data/com.ghisler.android.TotalCommander/files
V/OUYAF   (12428): ODK version number: 62
W/OUYAF   (12428): Not running on Ouya hardware: peregrine
E/cutils  (  261): Failed to mkdirat(/storage/sdcard1/Android): Read-only file system
W/Vold    (  261): Returning OperationFailed - no handler for errno 30
W/ContextImpl(12428): Failed to ensure directory: /storage/sdcard1/Android/data/com.ghisler.android.TotalCommander/files
I/Adreno-EGL(12428): <qeglDrvAPI_eglInitialize:410>: EGL 1.4 QUALCOMM build: AU_LINUX_ANDROID_LNX.LA.3.5.1_RB1.04.04.02.048.018_msm8226_LNX.LA.3.5.1_RB1__release_AU ()
I/Adreno-EGL(12428): OpenGL ES Shader Compiler Version: E031.24.00.08
I/Adreno-EGL(12428): Build Date: 03/07/14 Fri
I/Adreno-EGL(12428): Local Branch: 
I/Adreno-EGL(12428): Remote Branch: quic/LNX.LA.3.5.1_RB1.1
I/Adreno-EGL(12428): Local Patches: NONE
I/Adreno-EGL(12428): Reconstruct Branch: AU_LINUX_ANDROID_LNX.LA.3.5.1_RB1.04.04.02.048.018 + f2fd134 +  NOTHING
I/SFPerfTracer(  274):      triggers: (rate: 1155:453236) (353965 sw vsyncs) (1070099 skipped) (17:3430941 vsyncs) (19:4304023)
D/OpenGLRenderer(12428): Enabling debug mode 0
D/WifiStateMachine( 1025): handleMessage: E msg.what=151572
D/WifiStateMachine( 1025): processMsg: ConnectedState
D/WifiStateMachine( 1025): processMsg: L2ConnectedState
D/WifiStateMachine( 1025): handleMessage: X
I/SBar.NetworkController( 1119): refreshSignalCluster: mobile: Signal=zz_moto_stat_sys_signal_4_fully_wide Roaming=(none) mSimIconId=(none) Accessibility="Phone signal full.","Not roaming.",""
W/PackageParser(12428): No actions in intent filter at /storage/emulated/0/Download/GiftMe-release.apk Binary XML file line #15
I/ActivityManager( 1025): Displayed com.ghisler.android.TotalCommander/.TotalCommander: +605ms
E/cutils  (  261): Failed to mkdirat(/storage/sdcard1/Android): Read-only file system
W/Vold    (  261): Returning OperationFailed - no handler for errno 30
W/ContextImpl(12428): Failed to ensure directory: /storage/sdcard1/Android/data/com.ghisler.android.TotalCommander/files
I/ActivityManager( 1025): Start proc com.rhmsoft.fm:service for service com.rhmsoft.fm/com.cleanmaster.fm.service.BackgroundService: pid=12459 uid=10105 gids={50105, 3003, 1028, 1015}
W/Settings(12459): Setting android_id has moved from android.provider.Settings.System to android.provider.Settings.Secure, returning read-only value.
D/filesDir(12459): /data/data/com.rhmsoft.fm/files
D/WifiStateMachine( 1025): handleMessage: E msg.what=151572
D/WifiStateMachine( 1025): processMsg: ConnectedState
D/WifiStateMachine( 1025): processMsg: L2ConnectedState
D/WifiStateMachine( 1025): handleMessage: X
D/WifiStateMachine( 1025): handleMessage: E msg.what=131155
D/WifiStateMachine( 1025): processMsg: ConnectedState
D/WifiStateMachine( 1025): processMsg: L2ConnectedState
D/WifiStateMachine( 1025): handleMessage: X
D/dalvikvm(12459): Trying to load lib /data/data/com.rhmsoft.fm/lib/libkcmutil.so 0x41fab518
W/linker  (12459): libkcmutil.so has text relocations. This is wasting memory and is a security risk. Please fix.
D/dalvikvm(12459): Added shared lib /data/data/com.rhmsoft.fm/lib/libkcmutil.so 0x41fab518
W/Settings(12459): Setting android_id has moved from android.provider.Settings.System to android.provider.Settings.Secure, returning read-only value.
W/System.err(12459): Commons.readAssetsFileLineString :cn2
W/Settings(12459): Setting android_id has moved from android.provider.Settings.System to android.provider.Settings.Secure, returning read-only value.
I/SFPerfTracer(  274):      triggers: (rate: 1291:51281) (compose: 0:259) (post: 0:21) (render: 91:10732) (0:810307 frames) (1:3392113)
D/SFPerfTracer(  274):        layers: (3:13) (DimLayer: 0:158)* (DimLayer: 0:146)* (FocusedStackFrame: 0:22708)* (StatusBar: 0:272618) (NavigationBar: 0:210389) (DimLayer: 0:26213)* (DimLayer: 0:5009)* (com.android.wallpaper.fall.FallWallpaper: 0:5444)* (com.google.android.gm/com.google.android.gm.ConversationListActivityGmail: 0:51)* (com.android.systemui/com.android.systemui.recent.RecentsActivity: 0:54)* (Starting com.ghisler.android.TotalCommander: 0:29)* (thumbnail anim: 0:16)* (com.ghisler.android.TotalCommander/com.ghisler.android.TotalCommander.TotalCommander: 1:55) 
D/WifiStateMachine( 1025): handleMessage: E msg.what=151572
D/WifiStateMachine( 1025): processMsg: ConnectedState
D/WifiStateMachine( 1025): processMsg: L2ConnectedState
D/WifiStateMachine( 1025): handleMessage: X
W/PackageParser(12428): No actions in intent filter at /storage/emulated/0/Download/GiftMe-release.apk Binary XML file line #15
D/Sensors ( 1025): AccelerationSensor: set delay 200
D/WifiStateMachine( 1025): handleMessage: E msg.what=151572
D/WifiStateMachine( 1025): processMsg: ConnectedState
D/WifiStateMachine( 1025): processMsg: L2ConnectedState
D/WifiStateMachine( 1025): handleMessage: X
I/SFPerfTracer(  274):      triggers: (rate: 1155:453236) (353965 sw vsyncs) (1070099 skipped) (16:3431030 vsyncs) (18:4304130)
I/ActivityManager( 1025): START u0 {act=android.intent.action.VIEW dat=file:///storage/emulated/0/Download/GiftMe-release.apk typ=application/vnd.android.package-archive flg=0x10000000 cmp=com.android.packageinstaller/.PackageInstallerActivity} from pid 12428
W/ActivityManager( 1025): Activity is launching as a new task, so cancelling activity result.
W/ContextImpl( 1295): Calling a method in the system process without a qualified user: android.app.ContextImpl.sendBroadcast:1252 android.content.ContextWrapper.sendBroadcast:365 com.motorola.motocare.util.TriggerHelper$TriggerBuilder.send:76 com.motorola.motocare.internal.frameworkevents.PauseResumeTrigger.handleFrameworkEvent:53 com.motorola.motocare.internal.frameworkevents.FwEventMonitor$FrameworkListener.processFrameworkEvent:114 
I/ActivityManager( 1025): Start proc com.android.packageinstaller for activity com.android.packageinstaller/.PackageInstallerActivity: pid=12495 uid=10085 gids={50085, 1028}
W/ContextImpl( 1295): Calling a method in the system process without a qualified user: android.app.ContextImpl.sendBroadcast:1252 android.content.ContextWrapper.sendBroadcast:365 com.motorola.motocare.util.TriggerHelper$TriggerBuilder.send:76 com.motorola.motocare.internal.frameworkevents.PauseResumeTrigger.handleFrameworkEvent:53 com.motorola.motocare.internal.frameworkevents.FwEventMonitor$FrameworkListener.processFrameworkEvent:114 
W/PackageParser(12495): No actions in intent filter at /storage/emulated/0/Download/GiftMe-release.apk Binary XML file line #15
D/WifiStateMachine( 1025): handleMessage: E msg.what=151572
D/WifiStateMachine( 1025): processMsg: ConnectedState
D/WifiStateMachine( 1025): processMsg: L2ConnectedState
D/WifiStateMachine( 1025): handleMessage: X
E/cutils  (  261): Failed to mkdirat(/storage/sdcard1/Android): Read-only file system
W/Vold    (  261): Returning OperationFailed - no handler for errno 30
W/ContextImpl(12428): Failed to ensure directory: /storage/sdcard1/Android/data/com.ghisler.android.TotalCommander/files
D/WifiStateMachine( 1025): handleMessage: E msg.what=131155
D/WifiStateMachine( 1025): processMsg: ConnectedState
D/WifiStateMachine( 1025): processMsg: L2ConnectedState
D/WifiStateMachine( 1025): handleMessage: X
I/ActivityManager( 1025): Process com.distilledmedia.thescore (pid 12341) has died.
V/AlarmManager( 1025): sending alarm Alarm{421b3398 type 0 com.google.android.gms}
I/iu.UploadsManager(10977): End new media; added: 0, uploading: 0, time: 38 ms
I/Adreno-EGL(12495): <qeglDrvAPI_eglInitialize:410>: EGL 1.4 QUALCOMM build: AU_LINUX_ANDROID_LNX.LA.3.5.1_RB1.04.04.02.048.018_msm8226_LNX.LA.3.5.1_RB1__release_AU ()
I/Adreno-EGL(12495): OpenGL ES Shader Compiler Version: E031.24.00.08
I/Adreno-EGL(12495): Build Date: 03/07/14 Fri
I/Adreno-EGL(12495): Local Branch: 
I/Adreno-EGL(12495): Remote Branch: quic/LNX.LA.3.5.1_RB1.1
I/Adreno-EGL(12495): Local Patches: NONE
I/Adreno-EGL(12495): Reconstruct Branch: AU_LINUX_ANDROID_LNX.LA.3.5.1_RB1.04.04.02.048.018 + f2fd134 +  NOTHING
D/OpenGLRenderer(12495): Enabling debug mode 0
V/RenderScript(12495): 0x6055b0b0 Launching thread(s), CPUs 4
I/SFPerfTracer(  274):      triggers: (rate: 1291:51281) (compose: 0:259) (post: 0:21) (render: 91:10733) (10:810356 frames) (11:3392185)
D/SFPerfTracer(  274):        layers: (4:13) (DimLayer: 0:158)* (DimLayer: 0:146)* (FocusedStackFrame: 0:22714)* (StatusBar: 0:272620) (NavigationBar: 0:210389) (DimLayer: 0:26238)* (DimLayer: 0:5010) (com.android.wallpaper.fall.FallWallpaper: 0:5444)* (com.google.android.gm/com.google.android.gm.ConversationListActivityGmail: 0:51)* (com.ghisler.android.TotalCommander/com.ghisler.android.TotalCommander.TotalCommander: 0:78)* (GiftMe-release.apk: 0:32)* (Starting com.android.packageinstaller: 10:23) (com.android.packageinstaller/com.android.packageinstaller.PackageInstallerActivity: 11:11)* 
I/LaunchCheckinHandler( 1025): Displayed com.android.packageinstaller/.PackageInstallerActivity,cp,ca,757
I/ActivityManager( 1025): Displayed com.android.packageinstaller/.PackageInstallerActivity: +757ms
I/ActivityManager( 1025): Process com.devexpert.weather (pid 12412) has died.
D/WifiStateMachine( 1025): handleMessage: E msg.what=151572
D/WifiStateMachine( 1025): processMsg: ConnectedState
D/WifiStateMachine( 1025): processMsg: L2ConnectedState
D/WifiStateMachine( 1025): handleMessage: X
W/ProcessCpuTracker( 1025): Skipping unknown process pid 12509
W/ProcessCpuTracker( 1025): Skipping unknown process pid 12510
W/ProcessCpuTracker( 1025): Skipping unknown process pid 12513
W/ProcessCpuTracker( 1025): Skipping unknown process pid 12515
W/ProcessCpuTracker( 1025): Skipping unknown process pid 12524
I/ActivityManager( 1025): START u0 {dat=file:///storage/emulated/0/Download/GiftMe-release.apk cmp=com.android.packageinstaller/.InstallAppProgress (has extras)} from pid 12495
W/ContextImpl( 1295): Calling a method in the system process without a qualified user: android.app.ContextImpl.sendBroadcast:1252 android.content.ContextWrapper.sendBroadcast:365 com.motorola.motocare.util.TriggerHelper$TriggerBuilder.send:76 com.motorola.motocare.internal.frameworkevents.PauseResumeTrigger.handleFrameworkEvent:53 com.motorola.motocare.internal.frameworkevents.FwEventMonitor$FrameworkListener.processFrameworkEvent:114 
W/ContextImpl( 1295): Calling a method in the system process without a qualified user: android.app.ContextImpl.sendBroadcast:1252 android.content.ContextWrapper.sendBroadcast:365 com.motorola.motocare.util.TriggerHelper$TriggerBuilder.send:76 com.motorola.motocare.internal.frameworkevents.PauseResumeTrigger.handleFrameworkEvent:53 com.motorola.motocare.internal.frameworkevents.FwEventMonitor$FrameworkListener.processFrameworkEvent:114 
W/InstallAppProgress(12495): Replacing package:co.giftmeapp.gift_me
I/ActivityManager( 1025): Start proc com.android.defcontainer for service com.android.defcontainer/.DefaultContainerService: pid=12534 uid=10013 gids={50013, 1028, 1015, 1023, 2001, 1035}
D/WifiStateMachine( 1025): handleMessage: E msg.what=151572
D/WifiStateMachine( 1025): processMsg: ConnectedState
D/WifiStateMachine( 1025): processMsg: L2ConnectedState
D/dalvikvm( 1025): GC_EXPLICIT freed 4342K, 39% free 30789K/50444K, paused 7ms+18ms, total 172ms
D/WifiStateMachine( 1025): handleMessage: X
I/LaunchCheckinHandler( 1025): Displayed com.android.packageinstaller/.InstallAppProgress,wp,ca,318
I/ActivityManager( 1025): Displayed com.android.packageinstaller/.InstallAppProgress: +318ms
W/ActivityManager( 1025): No content provider found for permission revoke: file:///storage/emulated/0/Download/GiftMe-release.apk
I/ActivityManager( 1025): Start proc com.android.vending for broadcast com.android.vending/com.google.android.vending.verifier.PackageVerificationReceiver: pid=12554 uid=10039 gids={50039, 3003, 1028, 1015}
V/AlarmManager( 1025): sending alarm Alarm{421afc00 type 3 android}
D/Finsky  (12554): [1] FinskyApp.onCreate: Initializing network with DFE https://android.clients.google.com/fdfe/
D/Finsky  (12554): [1] DailyHygiene.goMakeHygieneIfDirty: No need to run daily hygiene.
W/Settings(12554): Setting download_manager_max_bytes_over_mobile has moved from android.provider.Settings.Secure to android.provider.Settings.Global.
W/Settings(12554): Setting download_manager_recommended_max_bytes_over_mobile has moved from android.provider.Settings.Secure to android.provider.Settings.Global.
I/dalvikvm(12554): Could not find method com.google.android.play.layout.PlayCardViewBase.setTransitionName, referenced from method com.google.android.finsky.utils.PlayCardUtils.bindCard
W/dalvikvm(12554): VFY: unable to resolve virtual method 42705: Lcom/google/android/play/layout/PlayCardViewBase;.setTransitionName (Ljava/lang/String;)V
D/dalvikvm(12554): VFY: replacing opcode 0x6e at 0x00d9
I/dalvikvm(12554): Could not find method com.google.android.play.layout.PlayCardViewBase.setTransitionGroup, referenced from method com.google.android.finsky.utils.PlayCardUtils.bindCard
W/dalvikvm(12554): VFY: unable to resolve virtual method 42704: Lcom/google/android/play/layout/PlayCardViewBase;.setTransitionGroup (Z)V
D/dalvikvm(12554): VFY: replacing opcode 0x6e at 0x0246
I/dalvikvm(12554): Could not find method android.view.View.getTransitionName, referenced from method com.google.android.finsky.navigationmanager.NavigationManager.showPage
W/dalvikvm(12554): VFY: unable to resolve virtual method 9352: Landroid/view/View;.getTransitionName ()Ljava/lang/String;
D/dalvikvm(12554): VFY: replacing opcode 0x6e at 0x001a
D/Finsky  (12554): [1] PackageVerificationReceiver.onReceive: Verification requested, id = 225
D/Finsky  (12554): [1] 2.run: Loaded library for account: [gKXbJhL8NA2nPUzZyFpjB6tKi7U]
D/Finsky  (12554): [1] 2.run: Finished loading 1 libraries.
D/Finsky  (12554): [1] WorkerTask.onPreExecute: Verification Requested for id = 225, data=file:///storage/emulated/0/Download/GiftMe-release.apk flags=18 fromVerificationActivity=false
W/PackageParser(12554): No actions in intent filter at /storage/emulated/0/Download/GiftMe-release.apk Binary XML file line #15
I/SFPerfTracer(  274):      triggers: (rate: 1155:453236) (353965 sw vsyncs) (1070099 skipped) (41:3431145 vsyncs) (43:4304260)
D/Finsky  (12554): [1] GmsCoreHelper.cleanupNlp: result=false type=4
D/Finsky  (12554): [1] RestoreTracker.stopServiceIfDone: Restore complete with 0 success and 0 failed.
D/Ulp_jni ( 1025): Location CB invoked
D/WifiStateMachine( 1025): handleMessage: E msg.what=151572
D/WifiStateMachine( 1025): processMsg: ConnectedState
D/WifiStateMachine( 1025): processMsg: L2ConnectedState
D/WifiStateMachine( 1025): handleMessage: X
D/WifiStateMachine( 1025): handleMessage: E msg.what=131155
D/WifiStateMachine( 1025): processMsg: ConnectedState
D/WifiStateMachine( 1025): processMsg: L2ConnectedState
D/WifiStateMachine( 1025): handleMessage: X
V/AlarmManager( 1025): sending alarm Alarm{421852c0 type 0 com.rhmsoft.fm}
V/AlarmManager( 1025): sending alarm Alarm{421801b8 type 1 com.android.deskclock}
D/PWM     (12459): url=http://up.cm.ksmobile.com/filemanager//controller/CloudCfg.php
I/ActivityManager( 1025): Start proc com.android.deskclock for broadcast com.android.deskclock/com.android.alarmclock.DigitalAppWidgetProvider: pid=12598 uid=10015 gids={50015, 1028}
I/ActivityManager( 1025): Process com.android.deskclock (pid 12598) has died.
E/AdwareHttpConnector(12459): 200
I/SFPerfTracer(  274):      triggers: (rate: 1291:51281) (compose: 0:259) (post: 0:21) (render: 91:10733) (0:810385 frames) (1:3392285)
D/SFPerfTracer(  274):        layers: (3:13) (DimLayer: 0:158)* (DimLayer: 0:146)* (FocusedStackFrame: 0:22721)* (StatusBar: 0:272623) (NavigationBar: 0:210389) (DimLayer: 0:26238)* (DimLayer: 0:5013)* (com.android.wallpaper.fall.FallWallpaper: 0:5444)* (com.google.android.gm/com.google.android.gm.ConversationListActivityGmail: 0:51)* (com.ghisler.android.TotalCommander/com.ghisler.android.TotalCommander.TotalCommander: 0:78)* (Starting com.android.packageinstaller: 0:38)* (com.android.packageinstaller/com.android.packageinstaller.PackageInstallerActivity: 0:53)* (com.android.packageinstaller/com.android.packageinstaller.InstallAppProgress: 1:66) 
V/AlarmManager( 1025): sending alarm Alarm{429137f8 type 2 com.google.android.gms}
D/Sensors ( 1025): AccelerationSensor: set delay 20
I/qtaguid (12554): Failed write_ctrl(u 64) res=-1 errno=22
I/qtaguid (12554): Untagging socket 64 failed errno=-22
W/NetworkManagementSocketTagger(12554): untagSocket(64) failed with errno -22
D/WifiStateMachine( 1025): handleMessage: E msg.what=151572
D/WifiStateMachine( 1025): processMsg: ConnectedState
D/WifiStateMachine( 1025): processMsg: L2ConnectedState
D/Finsky  (12554): [1] 2.onResponse: Verification id=225 response=0
D/WifiStateMachine( 1025): handleMessage: X
D/Finsky  (12554): [1] PackageVerificationReceiver.onReceive: Verification requested, id = 225
W/ActivityManager( 1025): No content provider found for permission revoke: file:///storage/emulated/0/Download/GiftMe-release.apk
I/PackageManager( 1025): Copying native libraries to /data/app-lib/vmdl505887810
W/PackageParser( 1025): No actions in intent filter at /data/app/vmdl505887810.tmp Binary XML file line #15
I/SFPerfTracer(  274):      triggers: (rate: 1155:453236) (353965 sw vsyncs) (1070099 skipped) (0:3431172 vsyncs) (2:4304361)
V/AlarmManager( 1025): sending alarm Alarm{421776e8 type 2 com.android.phone}
D/WifiStateMachine( 1025): handleMessage: E msg.what=151572
D/WifiStateMachine( 1025): processMsg: ConnectedState
D/WifiStateMachine( 1025): processMsg: L2ConnectedState
D/WifiStateMachine( 1025): handleMessage: X
I/ActivityManager( 1025): Force stopping co.giftmeapp.gift_me appid=10155 user=-1: uninstall pkg
I/PackageManager( 1025): Package co.giftmeapp.gift_me codePath changed from /data/app/co.giftmeapp.gift_me-2.apk to /data/app/co.giftmeapp.gift_me-1.apk; Retaining data and using new
I/ActivityManager( 1025): Process com.android.vending (pid 12554) has died.
I/PackageManager( 1025): Running dexopt on: co.giftmeapp.gift_me
D/WifiStateMachine( 1025): handleMessage: E msg.what=151572
D/WifiStateMachine( 1025): processMsg: ConnectedState
D/WifiStateMachine( 1025): processMsg: L2ConnectedState
D/WifiStateMachine( 1025): handleMessage: X
D/WifiStateMachine( 1025): handleMessage: E msg.what=131155
D/WifiStateMachine( 1025): processMsg: ConnectedState
D/WifiStateMachine( 1025): processMsg: L2ConnectedState
D/WifiStateMachine( 1025): handleMessage: X
I/ActivityManager( 1025): Start proc com.whatsapp for service com.whatsapp/.messaging.MessageService: pid=12628 uid=10107 gids={50107, 3002, 3003, 1028, 1015}
D/dalvikvm(  275): GC_EXPLICIT freed 42K, 48% free 9011K/17224K, paused 1ms+3ms, total 21ms
D/dalvikvm(  275): GC_EXPLICIT freed <1K, 48% free 9011K/17224K, paused 1ms+2ms, total 21ms
D/dalvikvm(  275): GC_EXPLICIT freed <1K, 48% free 9011K/17224K, paused 2ms+2ms, total 18ms
D/WifiStateMachine( 1025): handleMessage: E msg.what=151572
D/WifiStateMachine( 1025): processMsg: ConnectedState
D/WifiStateMachine( 1025): processMsg: L2ConnectedState
D/WifiStateMachine( 1025): handleMessage: X
E/dalvikvm(12628): Could not find class 'com.amazon.device.messaging.ADM', referenced from method com.whatsapp.App.av
W/dalvikvm(12628): VFY: unable to resolve new-instance 1189 (Lcom/amazon/device/messaging/ADM;) in Lcom/whatsapp/App;
D/dalvikvm(12628): VFY: replacing opcode 0x22 at 0x0000
E/dalvikvm(12628): Could not find class 'com.amazon.device.messaging.ADM', referenced from method com.whatsapp.App.t
W/dalvikvm(12628): VFY: unable to resolve new-instance 1189 (Lcom/amazon/device/messaging/ADM;) in Lcom/whatsapp/App;
D/dalvikvm(12628): VFY: replacing opcode 0x22 at 0x000e
D/dalvikvm(12628): DexOpt: unable to opt direct call 0x2075 at 0x04 in Lcom/whatsapp/App;.av
D/dalvikvm(12628): DexOpt: unable to opt direct call 0x2075 at 0x10 in Lcom/whatsapp/App;.t
I/SFPerfTracer(  274):      triggers: (rate: 1155:453236) (353965 sw vsyncs) (1070099 skipped) (0:3431193 vsyncs) (2:4304462)
W/dalvikvm(12628): Unable to resolve superclass of Lcom/whatsapp/adm/ADMMessageHandler; (1190)
W/dalvikvm(12628): Link of class 'Lcom/whatsapp/adm/ADMMessageHandler;' failed
E/dalvikvm(12628): Could not find class 'com.whatsapp.adm.ADMMessageHandler', referenced from method com.whatsapp.vw.f
W/dalvikvm(12628): VFY: unable to resolve new-instance 2839 (Lcom/whatsapp/adm/ADMMessageHandler;) in Lcom/whatsapp/vw;
D/dalvikvm(12628): VFY: replacing opcode 0x22 at 0x0027
W/dalvikvm(12628): Unable to resolve superclass of Lcom/whatsapp/adm/ADMMessageHandler; (1190)
W/dalvikvm(12628): Link of class 'Lcom/whatsapp/adm/ADMMessageHandler;' failed
E/dalvikvm(12628): Could not find class 'com.whatsapp.adm.ADMMessageHandler', referenced from method com.whatsapp.vw.f
W/dalvikvm(12628): VFY: unable to resolve new-instance 2839 (Lcom/whatsapp/adm/ADMMessageHandler;) in Lcom/whatsapp/vw;
D/dalvikvm(12628): VFY: replacing opcode 0x22 at 0x0040
W/dalvikvm(12628): Unable to resolve superclass of Lcom/whatsapp/adm/ADMMessageHandler; (1190)
W/dalvikvm(12628): Link of class 'Lcom/whatsapp/adm/ADMMessageHandler;' failed
D/dalvikvm(12628): DexOpt: unable to opt direct call 0x6231 at 0x2b in Lcom/whatsapp/vw;.f
W/dalvikvm(12628): Unable to resolve superclass of Lcom/whatsapp/adm/ADMMessageHandler; (1190)
W/dalvikvm(12628): Link of class 'Lcom/whatsapp/adm/ADMMessageHandler;' failed
D/dalvikvm(12628): DexOpt: unable to opt direct call 0x6231 at 0x44 in Lcom/whatsapp/vw;.f
I/dalvikvm(12628): Could not find method android.os.PowerManager.isPowerSaveMode, referenced from method com.whatsapp.BatteryReceiver.a
W/dalvikvm(12628): VFY: unable to resolve virtual method 1506: Landroid/os/PowerManager;.isPowerSaveMode ()Z
D/dalvikvm(12628): VFY: replacing opcode 0x6e at 0x000d
D/Event   (12628): No subscribers registered for event class com.whatsapp.ah3
D/Event   (12628): No subscribers registered for event class de.greenrobot.event.a
I/WhatsApp(12628): LL_I W [1:main]App.java:1142 ntp update processed; device time: Fri Apr 24 18:30:05 GMT+01:00 2015 ntp time: Fri Apr 24 18:30:05 GMT+01:00 2015
D/Event   (12628): No subscribers registered for event class com.whatsapp.alk
D/Event   (12628): No subscribers registered for event class de.greenrobot.event.a
D/dalvikvm(12628): Trying to load lib /data/app-lib/com.whatsapp-1/libvlc.so 0x41fb0d08
D/dalvikvm(12628): Added shared lib /data/app-lib/com.whatsapp-1/libvlc.so 0x41fb0d08
D/dalvikvm(12628): No JNI_OnLoad found in /data/app-lib/com.whatsapp-1/libvlc.so 0x41fb0d08, skipping init
D/dalvikvm(12628): Trying to load lib /data/app-lib/com.whatsapp-1/libresample.so 0x41fb0d08
D/dalvikvm(12628): Added shared lib /data/app-lib/com.whatsapp-1/libresample.so 0x41fb0d08
D/dalvikvm(12628): No JNI_OnLoad found in /data/app-lib/com.whatsapp-1/libresample.so 0x41fb0d08, skipping init
D/dalvikvm(12628): Trying to load lib /data/app-lib/com.whatsapp-1/libwhatsapp.so 0x41fb0d08
D/dalvikvm(12628): Added shared lib /data/app-lib/com.whatsapp-1/libwhatsapp.so 0x41fb0d08
I/WhatsApp(12628): LL_I W [1:main]Runtime.java:421 18:30:05.098 os_core_unix.c !pjlib 2.2.1 for POSIX initialized
I/WhatsApp(12628): LL_I W [1:main]Runtime.java:421 18:30:05.103 wa_audio_dev.c !WA Audio sound library initialized
I/WhatsApp(12628): LL_I W [1:main]Runtime.java:421 18:30:05.104          pjlib  select() I/O Queue created (0x5fe17434)
I/WhatsApp(12628): LL_I W [1:main]Runtime.java:421 18:30:05.105      wa_opus.c  pjmedia_codec_opus_init start
I/WhatsApp(12628): LL_I W [1:main]Runtime.java:421 18:30:05.105      wa_opus.c  pjmedia_codec_opus_init success
D/dalvikvm(12628): Trying to load lib /data/app-lib/com.whatsapp-1/libcurve25519.so 0x41fb0d08
D/dalvikvm(12628): Added shared lib /data/app-lib/com.whatsapp-1/libcurve25519.so 0x41fb0d08
D/dalvikvm(12628): No JNI_OnLoad found in /data/app-lib/com.whatsapp-1/libcurve25519.so 0x41fb0d08, skipping init
I/WhatsApp(12628): LL_I W [1:main]WhatsAppLibLoader.java:77 native library usability testing in progress
I/WhatsApp(12628): LL_I W [1:main]WhatsAppLibLoader.java:77 native library usability testing complete
V/AlarmManager( 1025): sending alarm Alarm{4285ab00 type 3 com.whatsapp}
D/Sensors ( 1025): AccelerationSensor: set delay 200
I/ActivityManager( 1025): Start proc com.android.vending for service com.android.vending/com.google.android.finsky.billing.iab.InAppBillingService: pid=12669 uid=10039 gids={50039, 3003, 1028, 1015}
V/AlarmManager( 1025): sending alarm Alarm{42bb01f8 type 3 com.whatsapp}
D/dalvikvm(12627): DexOpt: load 154ms, verify+opt 743ms, 2178868 bytes
I/SBar.NetworkController( 1119): onSignalStrengthsChanged SignalStrength: 7 0 -120 -160 -120 -1 -1 99 2147483647 2147483647 2147483647 2147483647 2147483647 gsm|lte 0 -108 -1 false 2 2 0 0 0 99 99 99 4 level=2
W/PackageManager( 1025): Code path for pkg : co.giftmeapp.gift_me changing from /data/app/co.giftmeapp.gift_me-2.apk to /data/app/co.giftmeapp.gift_me-1.apk
I/ActivityManager( 1025): Force stopping co.giftmeapp.gift_me appid=10155 user=-1: update pkg
W/PackageManager( 1025): Resource path for pkg : co.giftmeapp.gift_me changing from /data/app/co.giftmeapp.gift_me-2.apk to /data/app/co.giftmeapp.gift_me-1.apk
D/WifiStateMachine( 1025): handleMessage: E msg.what=151572
D/WifiStateMachine( 1025): processMsg: ConnectedState
D/WifiStateMachine( 1025): processMsg: L2ConnectedState
D/WifiStateMachine( 1025): handleMessage: X
I/ActivityManager( 1025): Force stopping co.giftmeapp.gift_me appid=10155 user=0: pkg removed
D/dalvikvm( 2458): GC_EXPLICIT freed 1184K, 45% free 9520K/17224K, paused 2ms+4ms, total 26ms
D/dalvikvm( 5150): GC_EXPLICIT freed 277K, 16% free 14589K/17228K, paused 2ms+9ms, total 40ms
I/InputReader( 1025): Reconfiguring input devices.  changes=0x00000010
I/PackageManager( 1025): Adding preferred activity ComponentInfo{com.android.mms/com.android.mms.ui.ComposeMessageActivity} for user 0 :
I/PackageManager( 1025):   Action: "android.intent.action.SENDTO"
I/PackageManager( 1025):   Category: "android.intent.category.DEFAULT"
I/PackageManager( 1025):   Scheme: "sms"
D/Finsky  (12669): [1] FinskyApp.onCreate: Initializing network with DFE https://android.clients.google.com/fdfe/
D/dalvikvm(12428): GC_EXPLICIT freed 1412K, 40% free 10496K/17224K, paused 2ms+14ms, total 73ms
D/dalvikvm( 1119): GC_EXPLICIT freed 1520K, 34% free 13547K/20264K, paused 2ms+6ms, total 50ms
I/ActivityManager( 1025): Process com.android.defcontainer (pid 12534) has died.
I/PackageManager( 1025): Adding preferred activity ComponentInfo{com.android.mms/com.android.mms.ui.ComposeMessageActivity} for user 0 :
I/PackageManager( 1025):   Action: "android.intent.action.SENDTO"
I/PackageManager( 1025):   Category: "android.intent.category.DEFAULT"
I/PackageManager( 1025):   Scheme: "smsto"
I/PackageManager( 1025): Adding preferred activity ComponentInfo{com.android.mms/com.android.mms.ui.ComposeMessageActivity} for user 0 :
I/PackageManager( 1025):   Action: "android.intent.action.SENDTO"
I/PackageManager( 1025):   Category: "android.intent.category.DEFAULT"
I/PackageManager( 1025):   Scheme: "mms"
I/InputReader( 1025): Reconfiguring input devices.  changes=0x00000010
I/PackageManager( 1025): Adding preferred activity ComponentInfo{com.android.mms/com.android.mms.ui.ComposeMessageActivity} for user 0 :
I/PackageManager( 1025):   Action: "android.intent.action.SENDTO"
I/PackageManager( 1025):   Category: "android.intent.category.DEFAULT"
I/PackageManager( 1025):   Scheme: "mmsto"
I/InputReader( 1025): Reconfiguring input devices.  changes=0x00000010
I/PackageManager( 1025): Adding preferred activity ComponentInfo{com.android.mms/com.android.mms.ui.ComposeMessageActivity} for user 0 :
I/PackageManager( 1025):   Action: "android.intent.action.SENDTO"
I/PackageManager( 1025):   Category: "android.intent.category.DEFAULT"
I/PackageManager( 1025):   Scheme: "sms"
I/Launcher( 5150): Deferring update until onResume
D/dalvikvm( 1025): GC_EXPLICIT freed 5129K, 39% free 31113K/50444K, paused 9ms+27ms, total 237ms
D/dalvikvm( 1025): WAIT_FOR_CONCURRENT_GC blocked 96ms
I/PackageManager( 1025): Adding preferred activity ComponentInfo{com.android.mms/com.android.mms.ui.ComposeMessageActivity} for user 0 :
I/PackageManager( 1025):   Action: "android.intent.action.SENDTO"
I/PackageManager( 1025):   Category: "android.intent.category.DEFAULT"
I/PackageManager( 1025):   Scheme: "smsto"
I/ActivityManager( 1025): Start proc com.android.keychain for broadcast com.android.keychain/.KeyChainBroadcastReceiver: pid=12713 uid=1000 gids={41000, 1028, 1015, 3002, 3001, 3003, 1021, 3004, 3005, 1000, 3009, 1023, 1010, 1004, 2002, 3006}
I/PackageManager( 1025): Adding preferred activity ComponentInfo{com.android.mms/com.android.mms.ui.ComposeMessageActivity} for user 0 :
I/PackageManager( 1025):   Action: "android.intent.action.SENDTO"
I/PackageManager( 1025):   Category: "android.intent.category.DEFAULT"
I/PackageManager( 1025):   Scheme: "mms"
W/InputMethodInfo( 1025): Duplicated subtype definition found: , voice
I/PackageManager( 1025): Adding preferred activity ComponentInfo{com.android.mms/com.android.mms.ui.ComposeMessageActivity} for user 0 :
I/PackageManager( 1025):   Action: "android.intent.action.SENDTO"
I/PackageManager( 1025):   Category: "android.intent.category.DEFAULT"
I/PackageManager( 1025):   Scheme: "mmsto"
D/Finsky  (12669): [1] DailyHygiene.goMakeHygieneIfDirty: No need to run daily hygiene.
I/PackageManager( 1025): Adding preferred activity ComponentInfo{com.android.mms/com.android.mms.ui.ComposeMessageActivity} for user 0 :
I/PackageManager( 1025):   Action: "android.intent.action.SENDTO"
I/PackageManager( 1025):   Category: "android.intent.category.DEFAULT"
I/PackageManager( 1025):   Scheme: "sms"
W/Settings(12669): Setting download_manager_max_bytes_over_mobile has moved from android.provider.Settings.Secure to android.provider.Settings.Global.
W/Settings(12669): Setting download_manager_recommended_max_bytes_over_mobile has moved from android.provider.Settings.Secure to android.provider.Settings.Global.
I/Launcher( 5150): Deferring update until onResume
I/PackageManager( 1025): Adding preferred activity ComponentInfo{com.android.mms/com.android.mms.ui.ComposeMessageActivity} for user 0 :
I/PackageManager( 1025):   Action: "android.intent.action.SENDTO"
I/PackageManager( 1025):   Category: "android.intent.category.DEFAULT"
I/PackageManager( 1025):   Scheme: "smsto"
W/ContextImpl(12713): Calling a method in the system process without a qualified user: android.app.ContextImpl.startService:1608 android.content.ContextWrapper.startService:494 android.content.ContextWrapper.startService:494 com.android.keychain.KeyChainBroadcastReceiver.onReceive:12 android.app.ActivityThread.handleReceiver:2434 
D/dalvikvm( 1025): GC_EXPLICIT freed 792K, 40% free 30765K/50444K, paused 21ms+24ms, total 276ms
I/dalvikvm(12669): Could not find method com.google.android.play.layout.PlayCardViewBase.setTransitionName, referenced from method com.google.android.finsky.utils.PlayCardUtils.bindCard
W/dalvikvm(12669): VFY: unable to resolve virtual method 42705: Lcom/google/android/play/layout/PlayCardViewBase;.setTransitionName (Ljava/lang/String;)V
D/dalvikvm(12669): VFY: replacing opcode 0x6e at 0x00d9
I/dalvikvm(12669): Could not find method com.google.android.play.layout.PlayCardViewBase.setTransitionGroup, referenced from method com.google.android.finsky.utils.PlayCardUtils.bindCard
W/dalvikvm(12669): VFY: unable to resolve virtual method 42704: Lcom/google/android/play/layout/PlayCardViewBase;.setTransitionGroup (Z)V
D/dalvikvm(12669): VFY: replacing opcode 0x6e at 0x0246
D/Event   (12628): No subscribers registered for event class com.whatsapp.alk
D/Event   (12628): No subscribers registered for event class de.greenrobot.event.a
I/PackageManager( 1025): Adding preferred activity ComponentInfo{com.android.mms/com.android.mms.ui.ComposeMessageActivity} for user 0 :
I/PackageManager( 1025):   Action: "android.intent.action.SENDTO"
I/PackageManager( 1025):   Category: "android.intent.category.DEFAULT"
I/PackageManager( 1025):   Scheme: "mms"
I/SFPerfTracer(  274):      triggers: (rate: 1291:51281) (compose: 0:259) (post: 0:21) (render: 91:10733) (0:810385 frames) (1:3392385)
D/SFPerfTracer(  274):        layers: (3:10) (DimLayer: 0:158)* (DimLayer: 0:146)* (FocusedStackFrame: 0:22721)* (StatusBar: 0:272627) (NavigationBar: 0:210389) (DimLayer: 0:26238)* (DimLayer: 0:5013)* (com.android.wallpaper.fall.FallWallpaper: 0:5444)* (com.google.android.gm/com.google.android.gm.ConversationListActivityGmail: 0:51)* (com.android.packageinstaller/com.android.packageinstaller.InstallAppProgress: 1:162) 
I/dalvikvm(12669): Could not find method android.view.View.getTransitionName, referenced from method com.google.android.finsky.navigationmanager.NavigationManager.showPage
W/dalvikvm(12669): VFY: unable to resolve virtual method 9352: Landroid/view/View;.getTransitionName ()Ljava/lang/String;
D/dalvikvm(12669): VFY: replacing opcode 0x6e at 0x001a
I/PackageManager( 1025): Adding preferred activity ComponentInfo{com.android.mms/com.android.mms.ui.ComposeMessageActivity} for user 0 :
I/PackageManager( 1025):   Action: "android.intent.action.SENDTO"
I/PackageManager( 1025):   Category: "android.intent.category.DEFAULT"
I/PackageManager( 1025):   Scheme: "mmsto"
I/PackageManager( 1025): Adding preferred activity ComponentInfo{com.android.mms/com.android.mms.ui.ComposeMessageActivity} for user 0 :
I/PackageManager( 1025):   Action: "android.intent.action.SENDTO"
I/PackageManager( 1025):   Category: "android.intent.category.DEFAULT"
I/PackageManager( 1025):   Scheme: "sms"
I/PackageManager( 1025): Adding preferred activity ComponentInfo{com.android.mms/com.android.mms.ui.ComposeMessageActivity} for user 0 :
I/PackageManager( 1025):   Action: "android.intent.action.SENDTO"
I/PackageManager( 1025):   Category: "android.intent.category.DEFAULT"
I/PackageManager( 1025):   Scheme: "smsto"
I/PackageManager( 1025): Adding preferred activity ComponentInfo{com.android.mms/com.android.mms.ui.ComposeMessageActivity} for user 0 :
I/PackageManager( 1025):   Action: "android.intent.action.SENDTO"
I/PackageManager( 1025):   Category: "android.intent.category.DEFAULT"
I/PackageManager( 1025):   Scheme: "mms"
I/PackageManager( 1025): Adding preferred activity ComponentInfo{com.android.mms/com.android.mms.ui.ComposeMessageActivity} for user 0 :
I/PackageManager( 1025):   Action: "android.intent.action.SENDTO"
I/PackageManager( 1025):   Category: "android.intent.category.DEFAULT"
I/PackageManager( 1025):   Scheme: "mmsto"
I/PackageManager( 1025): Adding preferred activity ComponentInfo{com.android.mms/com.android.mms.ui.ComposeMessageActivity} for user 0 :
I/PackageManager( 1025):   Action: "android.intent.action.SENDTO"
I/PackageManager( 1025):   Category: "android.intent.category.DEFAULT"
I/PackageManager( 1025):   Scheme: "sms"
D/Finsky  (12669): [1] 2.run: Loaded library for account: [gKXbJhL8NA2nPUzZyFpjB6tKi7U]
D/Finsky  (12669): [1] 2.run: Finished loading 1 libraries.
I/PackageManager( 1025): Adding preferred activity ComponentInfo{com.android.mms/com.android.mms.ui.ComposeMessageActivity} for user 0 :
I/PackageManager( 1025):   Action: "android.intent.action.SENDTO"
I/PackageManager( 1025):   Category: "android.intent.category.DEFAULT"
I/PackageManager( 1025):   Scheme: "smsto"
D/WifiStateMachine( 1025): handleMessage: E msg.what=151572
D/WifiStateMachine( 1025): processMsg: ConnectedState
D/WifiStateMachine( 1025): processMsg: L2ConnectedState
I/PackageManager( 1025): Adding preferred activity ComponentInfo{com.android.mms/com.android.mms.ui.ComposeMessageActivity} for user 0 :
D/WifiStateMachine( 1025): handleMessage: X
I/PackageManager( 1025):   Action: "android.intent.action.SENDTO"
I/PackageManager( 1025):   Category: "android.intent.category.DEFAULT"
I/PackageManager( 1025):   Scheme: "mms"
I/PackageManager( 1025): Adding preferred activity ComponentInfo{com.android.mms/com.android.mms.ui.ComposeMessageActivity} for user 0 :
I/PackageManager( 1025):   Action: "android.intent.action.SENDTO"
I/PackageManager( 1025):   Category: "android.intent.category.DEFAULT"
I/PackageManager( 1025):   Scheme: "mmsto"
I/PackageManager( 1025): Adding preferred activity ComponentInfo{com.android.mms/com.android.mms.ui.ComposeMessageActivity} for user 0 :
I/PackageManager( 1025):   Action: "android.intent.action.SENDTO"
I/PackageManager( 1025):   Category: "android.intent.category.DEFAULT"
I/PackageManager( 1025):   Scheme: "sms"
D/WifiStateMachine( 1025): handleMessage: E msg.what=131155
D/WifiStateMachine( 1025): processMsg: ConnectedState
D/WifiStateMachine( 1025): processMsg: L2ConnectedState
D/WifiStateMachine( 1025): handleMessage: X
I/PackageManager( 1025): Adding preferred activity ComponentInfo{com.android.mms/com.android.mms.ui.ComposeMessageActivity} for user 0 :
I/PackageManager( 1025):   Action: "android.intent.action.SENDTO"
I/PackageManager( 1025):   Category: "android.intent.category.DEFAULT"
I/PackageManager( 1025):   Scheme: "smsto"
I/PackageManager( 1025): Adding preferred activity ComponentInfo{com.android.mms/com.android.mms.ui.ComposeMessageActivity} for user 0 :
I/PackageManager( 1025):   Action: "android.intent.action.SENDTO"
I/PackageManager( 1025):   Category: "android.intent.category.DEFAULT"
I/PackageManager( 1025):   Scheme: "mms"
I/PackageManager( 1025): Adding preferred activity ComponentInfo{com.android.mms/com.android.mms.ui.ComposeMessageActivity} for user 0 :
I/PackageManager( 1025):   Action: "android.intent.action.SENDTO"
I/PackageManager( 1025):   Category: "android.intent.category.DEFAULT"
