--------- beginning of /dev/log/system
I/ActivityManager(  588): Start proc com.google.android.partnersetup for broadcast com.google.android.partnersetup/.RlzPingBroadcastReceiver: pid=9670 uid=10037 gids={3003, 1028}
D/PowerManagerService(  588): releaseWakeLock(426c3dc0): PARTIAL_WAKE_LOCK , tag=WakefulIntentService[PackageService], flags=0x1
D/PowerManagerService(  588): releaseWakeLock(42b9ad30): CPU_MIN_FREQ , tag=WindowManager-ScreenRotation-Freq, flags=0x100
D/PowerManagerService(  588): releaseWakeLock(42b74268): CPU_MIN_NUM , tag=WindowManager-ScreenRotation-Num, flags=0x400
I/ActivityManager(  588): Start proc com.htc.opensense.social for broadcast com.htc.opensense/.pluginmanager.RegisterReceiver: pid=9687 uid=10014 gids={2001, 3003, 1015, 1028, 1006, 5005, 3002, 3001, 5003}
W/CpuWake (  588): >>nativeAcquireCpuPerfWakeLock()
W/CpuWake (  588): <<nativeAcquireCpuPerfWakeLock()
I/ActivityManager(  588): START {dat=smsto cmp=com.whatsapp/.SmsDefaultAppWarning u=0} from pid 9152
W/ActivityManager(  588): Duplicate finish request for ActivityRecord{4228db20 com.whatsapp/.Conversation}
I/ActivityManager(  588): Start proc com.android.settings for broadcast com.android.settings/.framework.content.plugin.HtcPluginReceiver: pid=9708 uid=1000 gids={1015, 3002, 3001, 3003, 1028, 5006, 3007, 3006, 2001, 1007}
D/PowerManagerService(  588): releaseWakeLock(42706910): PARTIAL_WAKE_LOCK , tag=Icing, flags=0x1
I/ActivityManager(  588): Start proc android.process.acore for broadcast com.android.providers.contacts/.PackageIntentReceiver: pid=9722 uid=10018 gids={3003, 1015, 5002, 1028}
W/CpuWake (  588): >>nativeReleaseCpuPerfWakeLock()
W/CpuWake (  588): <<nativeReleaseCpuPerfWakeLock()
D/PowerManagerService(  588): releaseWakeLock(42a85fe8): PARTIAL_WAKE_LOCK , tag=ActivityManager-Launch, flags=0x1
I/ActivityManager(  588): Start proc com.google.android.talk for broadcast com.google.android.talk/com.google.android.apps.hangouts.phone.PackageReplacedReceiver: pid=9741 uid=10148 gids={3003, 1015, 1006, 3002, 1028}
I/ActivityManager(  588): Recipient 9640
I/ActivityManager(  588): Process com.google.android.googlequicksearchbox:search (pid 9640) has died.
I/ActivityManager(  588): Recipient 9254
I/WindowState(  588): WIN DEATH: Window{42a47ca0 com.rhmsoft.fm/com.rhmsoft.fm.FileManager paused=false}
I/ActivityManager(  588): Process com.rhmsoft.fm (pid 9254) has died.
W/CpuWake (  588): >>nativeReleaseCpuPerfWakeLock()
W/CpuWake (  588): <<nativeReleaseCpuPerfWakeLock()
I/PackageManager(  588):  setEnabledSetting(), pkgName=com.google.android.talk, clsName=com.google.android.apps.hangouts.phone.ShareIntentSmsOnlyActivity, state=2, flag=1, pid=9741, uid=10148
D/Socket_Alarm( 9741): registerHTCSocketMonitorCallBack
D/Socket_Alarm( 9741): set mSocketMonitor
D/Socket_Alarm( 9741): HTCSocketMonitorImpl::HTCSocketMonitorImpl
I/PackageManager(  588):  setEnabledSetting(), pkgName=com.google.android.talk, clsName=com.google.android.apps.hangouts.sms.SmsReceiver, state=2, flag=1, pid=9741, uid=10148
I/PackageManager(  588):  setEnabledSetting(), pkgName=com.google.android.talk, clsName=com.google.android.apps.hangouts.sms.MmsWapPushReceiver, state=2, flag=1, pid=9741, uid=10148
I/PackageManager(  588):  setEnabledSetting(), pkgName=com.google.android.talk, clsName=com.google.android.apps.hangouts.sms.AbortSmsReceiver, state=2, flag=1, pid=9741, uid=10148
I/PackageManager(  588):  setEnabledSetting(), pkgName=com.google.android.talk, clsName=com.google.android.apps.hangouts.sms.AbortMmsWapPushReceiver, state=2, flag=1, pid=9741, uid=10148
I/PackageManager(  588):  setEnabledSetting(), pkgName=com.google.android.talk, clsName=com.google.android.apps.hangouts.service.NoConfirmationSmsSendService, state=2, flag=1, pid=9741, uid=10148
I/ActivityManager(  588): Start proc com.google.android.apps.plus for broadcast com.google.android.apps.plus/.service.PackagesMediaMonitor: pid=9769 uid=10133 gids={3003, 3002, 1015, 1006, 1028}
I/ActivityManager(  588): Recipient 9657
I/ActivityManager(  588): Process com.android.packageinstaller (pid 9657) has died.
I/ActivityManager(  588): Recipient 9670
I/ActivityManager(  588): Process com.google.android.partnersetup (pid 9670) has died.
I/ActivityManager(  588): Recipient 9708
I/ActivityManager(  588): Process com.android.settings (pid 9708) has died.
D/PowerManagerService(  588): acquireWakeLock(42746480): PARTIAL_WAKE_LOCK , tag=AsyncService, flags=0x1, pid=9769, uid=10133, mUserState=0x3
D/PowerManagerService(  588): releaseWakeLock(42746480): PARTIAL_WAKE_LOCK , tag=AsyncService, flags=0x1
I/ActivityManager(  588): Recipient 9687
I/ActivityManager(  588): Process com.htc.opensense.social (pid 9687) has died.
I/ActivityManager(  588): Recipient 9500
I/ActivityManager(  588): Process com.android.vending (pid 9500) has died.
I/ActivityManager(  588): Start proc com.google.android.googlequicksearchbox:search for broadcast com.google.android.googlequicksearchbox/com.google.android.search.core.icingsync.IcingCorporaChangedReceiver: pid=9788 uid=10038 gids={3003, 3001, 1028, 3002, 1015, 1006}
D/Socket_Alarm( 9769): registerHTCSocketMonitorCallBack
D/Socket_Alarm( 9769): set mSocketMonitor
D/Socket_Alarm( 9769): HTCSocketMonitorImpl::HTCSocketMonitorImpl
I/ActivityManager(  588): Recipient 9741
I/ActivityManager(  588): Process com.google.android.talk (pid 9741) has died.
I/ActivityManager(  588): Start proc ru.yandex.translate for broadcast ru.yandex.translate/com.yandex.metrica.MetricaEventHandler: pid=9803 uid=10181 gids={3003, 1015, 1028}
D/PowerManagerService(  588): acquireWakeLock(429d5cc8): PARTIAL_WAKE_LOCK , tag=wake:com.google.android.gms/.config.ConfigFetchService, flags=0x1, pid=27853, uid=10017, mUserState=0x3
D/PowerManagerService(  588): acquireWakeLock(42865860): PARTIAL_WAKE_LOCK , tag=Config Service fetch, flags=0x1, pid=27853, uid=10017, mUserState=0x3
I/ActivityManager(  588): Recipient 9722
I/ActivityManager(  588): Process android.process.acore (pid 9722) has died.
I/ActivityManager(  588): Start proc com.google.android.partnersetup for content provider com.google.android.partnersetup/.RlzAppProvider: pid=9820 uid=10037 gids={3003, 1028}
D/Socket_Alarm( 9788): registerHTCSocketMonitorCallBack
D/Socket_Alarm( 9788): set mSocketMonitor
D/Socket_Alarm( 9788): HTCSocketMonitorImpl::HTCSocketMonitorImpl
V/LocationManagerService(  588): getProviders
D/PowerManagerService(  588): acquireWakeLock(4234a728): PARTIAL_WAKE_LOCK , tag=Icing, flags=0x1, pid=27853, uid=10017, mUserState=0x3
I/PackageManager(  588):  setEnabledSetting(), pkgName=com.google.android.gms, clsName=com.google.android.gms.people.pub.PeopleProfileActionGatewayActivity, state=2, flag=1, pid=27853, uid=10017
D/PowerManagerService(  588): releaseWakeLock(4234a728): PARTIAL_WAKE_LOCK , tag=Icing, flags=0x1
E/ActivityThread( 9803): Failed to find provider info for co.giftmeapp.gift_me.MetricaContentProvider
I/ActivityManager(  588): Start proc com.htc.opensense.social for broadcast com.htc.opensense/.pluginmanager.RegisterReceiver: pid=9841 uid=10014 gids={2001, 3003, 1015, 1028, 1006, 5005, 3002, 3001, 5003}
I/ActivityManager(  588): Start proc android.process.acore for broadcast com.android.providers.contacts/.PackageIntentReceiver: pid=9854 uid=10018 gids={3003, 1015, 5002, 1028}
D/PowerManagerService(  588): acquireWakeLock(42a277f8): PARTIAL_WAKE_LOCK , tag=ActivityManager-Launch, flags=0x1, pid=588, uid=1000, mUserState=0x3
W/InputMethodManagerService(  588): Window already focused, ignoring focus gain of: com.android.internal.view.IInputMethodClient$Stub$Proxy@429edab8 attribute=null
D/PowerManagerService(  588): acquireWakeLock(42623a90): CPU_MIN_FREQ , tag=WindowManager-ScreenRotation-Freq, flags=0x100, pid=588, uid=1000, mUserState=0x3
D/PowerManagerService(  588): acquireWakeLock(42590c08): CPU_MIN_NUM , tag=WindowManager-ScreenRotation-Num, flags=0x400, pid=588, uid=1000, mUserState=0x3
D/PowerManagerService(  588): acquireWakeLock(42518808): PARTIAL_WAKE_LOCK , tag=SCREEN_FROZEN, flags=0x1, pid=588, uid=1000, mUserState=0x3
I/ActivityManager(  588): Config changed: {1.0 272mcc2mnc en_FR sw360dp w360dp h566dp nrml long port finger -keyb/v/h -nav/h s.40 skin=default fontsize=3 hasNavBar=1}
D/PowerManagerService(  588): acquireWakeLock(42af8970): PARTIAL_WAKE_LOCK , tag=Icing, flags=0x1, pid=27853, uid=10017, mUserState=0x3
D/PowerManagerService(  588): releaseWakeLock(42a277f8): PARTIAL_WAKE_LOCK , tag=ActivityManager-Launch, flags=0x1
D/PowerManagerService(  588): releaseWakeLock(42518808): PARTIAL_WAKE_LOCK , tag=SCREEN_FROZEN, flags=0x1
D/CarrierLabel(  811): CarrierLabel mIntentReceiver : android.intent.action.CONFIGURATION_CHANGED
D/CarrierLabel(  811): updateResources()
W/CarrierLabel(  811): updateNetworkNameExt: mSimState = UNKNOWN
D/CarrierLabel(  811): updateNetworkName showSpn=false spn= showPlmn=true plmn=3
D/TELEPHONY_CALLBACK(  811): @onSignalStrengthChanged: SignalStrength: 5 -1 -1 -1 -1 -1 -1 -1 -1 -1 2147483647 -1 gsm|lte
D/StatusBar.NetworkController(  811): dumpState[hasService=true ServiceState=0 home 3 3 27202  HSPA CSS not supported -1 -1 RoamInd=-1 DefRoamInd=-1EriInd= -1EriMode= -1RadioPowerSv: false EmergOnly=false PhoneType: 1 IsCdma=false SimState=UNKNOWN GprsState=0 DataState=Disconnected DataActivity=NONE NetworkType=HSPA HtcModemLinkOn=false HspaDataDistinquishable=true]
D/SIGNAL_ICON(  811): updateTelephonySignalStrength
D/SIGNAL_ICON(  811): fakeui srv=0 mTimerEnabled=false asu=5
D/SIGNAL_ICON(  811): asu=5
D/SIGNAL_ICON(  811): SUPPORT_5_LEVEL_SIGNAL
D/SIGNAL_ICON(  811): mapTelephonySignalStrength
D/SIGNAL_ICON(  811): maxLevel=5 asu=5 networkType=HSPA
D/SIGNAL_ICON(  811): return iconLevel=2
D/StatusBar.NetworkController(  811): dumpIconState[dataVisible=false dataIconId=stat_sys_data_out_3g_plus signalIconId=stat_sys_5signal_2 wifiVisible=true wifiIconId=stat_sys_wifi_signal_4 airplaneMode=false]
I/ActivityManager(  588): Start proc com.google.android.talk for broadcast com.google.android.talk/com.google.android.apps.hangouts.phone.PackageReplacedReceiver: pid=9878 uid=10148 gids={3003, 1015, 1006, 3002, 1028}
D/PowerManagerService(  588): releaseWakeLock(42623a90): CPU_MIN_FREQ , tag=WindowManager-ScreenRotation-Freq, flags=0x100
D/PowerManagerService(  588): releaseWakeLock(42590c08): CPU_MIN_NUM , tag=WindowManager-ScreenRotation-Num, flags=0x400
I/PackageManager(  588):  setEnabledSetting(), pkgName=com.google.android.talk, clsName=com.google.android.apps.hangouts.phone.ShareIntentSmsOnlyActivity, state=2, flag=1, pid=9878, uid=10148
D/Socket_Alarm( 9878): registerHTCSocketMonitorCallBack
D/Socket_Alarm( 9878): set mSocketMonitor
D/Socket_Alarm( 9878): HTCSocketMonitorImpl::HTCSocketMonitorImpl
I/PackageManager(  588):  setEnabledSetting(), pkgName=com.google.android.talk, clsName=com.google.android.apps.hangouts.sms.SmsReceiver, state=2, flag=1, pid=9878, uid=10148
I/PackageManager(  588):  setEnabledSetting(), pkgName=com.google.android.talk, clsName=com.google.android.apps.hangouts.sms.MmsWapPushReceiver, state=2, flag=1, pid=9878, uid=10148
I/PackageManager(  588):  setEnabledSetting(), pkgName=com.google.android.talk, clsName=com.google.android.apps.hangouts.sms.AbortSmsReceiver, state=2, flag=1, pid=9878, uid=10148
I/PackageManager(  588):  setEnabledSetting(), pkgName=com.google.android.talk, clsName=com.google.android.apps.hangouts.sms.AbortMmsWapPushReceiver, state=2, flag=1, pid=9878, uid=10148
I/PackageManager(  588):  setEnabledSetting(), pkgName=com.google.android.talk, clsName=com.google.android.apps.hangouts.service.NoConfirmationSmsSendService, state=2, flag=1, pid=9878, uid=10148
D/PowerManagerService(  588): acquireWakeLock(42a13cf8): PARTIAL_WAKE_LOCK , tag=*net_scheduler*, flags=0x1, pid=27794, uid=10017, mUserState=0x3
I/ActivityManager(  588): Recipient 9803
I/ActivityManager(  588): Process ru.yandex.translate (pid 9803) has died.
D/PowerManagerService(  588): releaseWakeLock(42a13cf8): PARTIAL_WAKE_LOCK , tag=*net_scheduler*, flags=0x1
I/ActivityManager(  588): Start proc com.instagram.android for broadcast com.instagram.android/com.instagram.selfupdate.SelfUpdateUpgradeEventReceiver: pid=9918 uid=10218 gids={1006, 3003, 1015, 1028}
I/PackageManager(  588):  setEnabledSetting(), pkgName=com.google.android.gms, clsName=com.google.android.gms.people.pub.PeopleProfileActionGatewayActivity, state=2, flag=1, pid=27853, uid=10017
I/ActivityManager(  588): Recipient 9820
I/ActivityManager(  588): Process com.google.android.partnersetup (pid 9820) has died.
I/ActivityManager(  588): Recipient 9841
I/ActivityManager(  588): Process com.htc.opensense.social (pid 9841) has died.
I/ActivityManager(  588): Recipient 9152
I/ActivityManager(  588): Process com.whatsapp (pid 9152) has died.
W/ActivityManager(  588): Scheduling restart of crashed service com.whatsapp/.messaging.MessageService in 5000ms
D/PowerManagerService(  588): releaseWakeLock(42af8970): PARTIAL_WAKE_LOCK , tag=Icing, flags=0x1
D/Socket_Alarm( 9918): registerHTCSocketMonitorCallBack
D/Socket_Alarm( 9918): set mSocketMonitor
D/Socket_Alarm( 9918): HTCSocketMonitorImpl::HTCSocketMonitorImpl
I/ActivityManager(  588): Start proc vivino.web.app for broadcast vivino.web.app/com.android.vivino.receivers.UpgradeBroadcastReceiver: pid=9943 uid=10180 gids={1015, 1006, 3003, 1028}
I/PackageManager(  588):  setEnabledSetting(), pkgName=com.instagram.android, clsName=com.instagram.push.fbns.NetworkBroadcastReceiver, state=2, flag=1, pid=9918, uid=10218
I/PackageManager(  588):  setEnabledSetting(), pkgName=com.instagram.android, clsName=com.instagram.push.fbns.BootCompletedBroadcastReceiver, state=2, flag=1, pid=9918, uid=10218
I/PackageManager(  588):  setEnabledSetting(), pkgName=com.instagram.android, clsName=com.instagram.push.fbns.UserPresentBroadcastReceiver, state=2, flag=1, pid=9918, uid=10218
I/PackageManager(  588):  setEnabledSetting(), pkgName=com.instagram.android, clsName=com.instagram.push.fbns.ServiceKeepaliveReceiver, state=2, flag=1, pid=9918, uid=10218
I/ActivityManager(  588): Start proc com.android.vending for service com.android.vending/com.google.android.finsky.billing.iab.InAppBillingService: pid=9972 uid=10132 gids={3003, 1015, 1028}
I/PackageManager(  588):  setEnabledSetting(), pkgName=com.android.vending, clsName=com.android.vending.AssetBrowserActivity, state=1, flag=1, pid=9972, uid=10132
D/PowerManagerService(  588): acquireWakeLock(428dc0d0): PARTIAL_WAKE_LOCK , tag=*net_scheduler*, flags=0x1, pid=27794, uid=10017, mUserState=0x3
D/PowerManagerService(  588): releaseWakeLock(428dc0d0): PARTIAL_WAKE_LOCK , tag=*net_scheduler*, flags=0x1
I/PackageManager(  588):  setEnabledSetting(), pkgName=com.android.vending, clsName=com.google.android.finsky.activities.DebugActivity, state=2, flag=1, pid=9972, uid=10132
I/ActivityManager(  588): Recipient 9769
I/ActivityManager(  588): Start proc com.htc.task.gtask for broadcast com.htc.task.gtask/.accountservice.ScanFinishedReceiver: pid=10057 uid=10120 gids={3003, 1028}
I/ActivityManager(  588): Process com.google.android.apps.plus (pid 9769) has died.
I/ActivityManager(  588): Recipient 9878
I/ActivityManager(  588): Process com.google.android.talk (pid 9878) has died.
I/ActivityManager(  588): Start proc com.htc.pen for broadcast com.htc.pen/.plugin.PenReceiver: pid=10075 uid=10122 gids={1028}
D/webcoreglue( 9943): netstack: Memory Cache feature is ON
I/ActivityManager(  588): Start proc com.htc.task for broadcast com.htc.task/.TodoTaskReceiver: pid=10094 uid=10126 gids={3003, 1015, 1028}
V/LocationManagerService(  588): getAllProviders
I/ActivityManager(  588): Start proc com.htc.htcpowermanager:remote for broadcast com.htc.htcpowermanager/.powersaver.PowerSaverNotificationReceiver: pid=10112 uid=1000 gids={1015, 3002, 3001, 3003, 1028, 5006, 3007, 3006, 2001, 1007}
D/HostStatisticManager( 9943): netstack: DNS Host Prioritization is: ON, Version: 5.0.1
D/        ( 9943): dl error message Cannot load library: link_image[1891]:   253 could not load needed library 'libcneapiclient.so' for 'libtcpfinaggr.so' (load_library[1093]: Library 'libcneapiclient.so' not found)
D/Socket_Pool( 9943): Failed to create TCP Fin Aggregation interface.
D/Socket_Pool( 9943): netstack: CloseUnusedSockets is ON
D/Socket_Pool( 9943): netstack: system net.statistics value: 0
D/Socket_Pool( 9943): Failed to create TCP Fin Aggregation interface.
D/Socket_Pool( 9943): netstack: CloseUnusedSockets is ON
D/Socket_Pool( 9943): netstack: system net.statistics value: 0
D/        ( 9943): external/chromium/net/http/http_getzip_factory.cc: libgetzip.so successfully loaded
D/        ( 9943): external/chromium/net/http/http_getzip_factory.cc,: GETzip initializing method was found in libgetzip.so
D/        ( 9943): netstack: Getzip is: ON, Version: 5.0.1
D/Socket_Pool( 9943): Failed to create TCP Fin Aggregation interface.
D/Socket_Pool( 9943): netstack: CloseUnusedSockets is ON
D/Socket_Pool( 9943): netstack: system net.statistics value: 0
D/Socket_Pool( 9943): Failed to create TCP Fin Aggregation interface.
D/Socket_Pool( 9943): netstack: CloseUnusedSockets is ON
D/Socket_Pool( 9943): netstack: system net.statistics value: 0
D/Socket_Alarm(10094): registerHTCSocketMonitorCallBack
D/Socket_Alarm(10094): set mSocketMonitor
D/Socket_Alarm(10094): HTCSocketMonitorImpl::HTCSocketMonitorImpl
I/ActivityManager(  588): Recipient 9788
I/ActivityManager(  588): Process com.google.android.googlequicksearchbox:search (pid 9788) has died.
I/ActivityManager(  588): Recipient 9943
I/ActivityManager(  588): Process vivino.web.app (pid 9943) has died.
I/ActivityManager(  588): Start proc com.whatsapp for service com.whatsapp/.messaging.MessageService: pid=10131 uid=10060 gids={3002, 1006, 3003, 1015, 1028}
D/Socket_Alarm(10131): registerHTCSocketMonitorCallBack
D/Socket_Alarm(10131): set mSocketMonitor
D/Socket_Alarm(10131): HTCSocketMonitorImpl::HTCSocketMonitorImpl
D/PowerManagerService(  588): acquireWakeLock(426077b0): PARTIAL_WAKE_LOCK , tag=AlarmManager, flags=0x1, pid=588, uid=1000, mUserState=0x3
V/AlarmManager(  588): sending alarm PendingIntent{426d9480: PendingIntentRecord{429f8200 com.whatsapp broadcastIntent}}, intent=com.whatsapp.alarm.NTP_UPDATE, type=ELAPSED_REALTIME, count=4, when=172800000, repeateInterval=43200000
V/AlarmManager(  588): sending alarm PendingIntent{4206a500: PendingIntentRecord{4249f7d0 com.whatsapp broadcastIntent}}, intent=DEVICE_INFO_ALARM_ACTION, type=ELAPSED_REALTIME, count=47, when=169200000, repeateInterval=3600000
D/PowerManagerService(  588): releaseWakeLock(426077b0): PARTIAL_WAKE_LOCK , tag=AlarmManager, flags=0x1
D/PowerManagerService(  588): releaseWakeLock(42865860): PARTIAL_WAKE_LOCK , tag=Config Service fetch, flags=0x1
I/ActivityManager(  588): Recipient 9918
I/ActivityManager(  588): Process com.instagram.android (pid 9918) has died.
D/PowerManagerService(  588): acquireWakeLock(429f55f8): PARTIAL_WAKE_LOCK , tag=AlarmManager, flags=0x1, pid=588, uid=1000, mUserState=0x3
V/AlarmManager(  588): sending alarm PendingIntent{42900e50: PendingIntentRecord{429ce978 com.android.vending startService}}, intent=null, type=RTC_WAKEUP, count=1, when=1427825568825, repeateInterval=0
D/PowerManagerService(  588): releaseWakeLock(429f55f8): PARTIAL_WAKE_LOCK , tag=AlarmManager, flags=0x1
I/ActivityManager(  588): Recipient 10057
I/ActivityManager(  588): Process com.htc.task.gtask (pid 10057) has died.
I/ActivityManager(  588): Recipient 10075
I/ActivityManager(  588): Process com.htc.pen (pid 10075) has died.
D/TELEPHONY_CALLBACK(  811): @onSignalStrengthChanged: SignalStrength: 4 -1 -1 -1 -1 -1 -1 -1 -1 -1 2147483647 -1 gsm|lte
D/StatusBar.NetworkController(  811): dumpState[hasService=true ServiceState=0 home 3 3 27202  HSPA CSS not supported -1 -1 RoamInd=-1 DefRoamInd=-1EriInd= -1EriMode= -1RadioPowerSv: false EmergOnly=false PhoneType: 1 IsCdma=false SimState=UNKNOWN GprsState=0 DataState=Disconnected DataActivity=NONE NetworkType=HSPA HtcModemLinkOn=false HspaDataDistinquishable=true]
D/SIGNAL_ICON(  811): updateTelephonySignalStrength
D/SIGNAL_ICON(  811): fakeui srv=0 mTimerEnabled=false asu=4
D/SIGNAL_ICON(  811): asu=4
D/SIGNAL_ICON(  811): SUPPORT_5_LEVEL_SIGNAL
D/SIGNAL_ICON(  811): mapTelephonySignalStrength
D/SIGNAL_ICON(  811): maxLevel=5 asu=4 networkType=HSPA
D/SIGNAL_ICON(  811): return iconLevel=2
D/StatusBar.NetworkController(  811): dumpIconState[dataVisible=false dataIconId=stat_sys_data_out_3g_plus signalIconId=stat_sys_5signal_2 wifiVisible=true wifiIconId=stat_sys_wifi_signal_4 airplaneMode=false]
D/TELEPHONY_CALLBACK(  811): @onSignalStrengthChanged: SignalStrength: 3 -1 -1 -1 -1 -1 -1 -1 -1 -1 2147483647 -1 gsm|lte
D/StatusBar.NetworkController(  811): dumpState[hasService=true ServiceState=0 home 3 3 27202  HSPA CSS not supported -1 -1 RoamInd=-1 DefRoamInd=-1EriInd= -1EriMode= -1RadioPowerSv: false EmergOnly=false PhoneType: 1 IsCdma=false SimState=UNKNOWN GprsState=0 DataState=Disconnected DataActivity=NONE NetworkType=HSPA HtcModemLinkOn=false HspaDataDistinquishable=true]
D/SIGNAL_ICON(  811): updateTelephonySignalStrength
D/SIGNAL_ICON(  811): fakeui srv=0 mTimerEnabled=false asu=3
D/SIGNAL_ICON(  811): asu=3
D/SIGNAL_ICON(  811): SUPPORT_5_LEVEL_SIGNAL
D/SIGNAL_ICON(  811): mapTelephonySignalStrength
D/SIGNAL_ICON(  811): maxLevel=5 asu=3 networkType=HSPA
D/SIGNAL_ICON(  811): return iconLevel=1
D/SIGNAL_ICON(  811): refreshViews: mPhoneSignalIconId -> stat_sys_5signal_1
D/StatusBar.NetworkController(  811): dumpIconState[dataVisible=false dataIconId=stat_sys_data_out_3g_plus signalIconId=stat_sys_5signal_1 wifiVisible=true wifiIconId=stat_sys_wifi_signal_4 airplaneMode=false]
D/PowerManagerService(  588): acquireWakeLock(4260fc90): PARTIAL_WAKE_LOCK , tag=AlarmManager, flags=0x1, pid=588, uid=1000, mUserState=0x3
V/AlarmManager(  588): sending alarm PendingIntent{422c63f8: PendingIntentRecord{42482cd0 android broadcastIntent}}, intent=android.intent.action.TIME_TICK, type=RTC, count=1, when=1427825580000, repeateInterval=0
D/PowerManagerService(  588): releaseWakeLock(4260fc90): PARTIAL_WAKE_LOCK , tag=AlarmManager, flags=0x1
D/PowerManagerService(  588): acquireWakeLock(428ee938): PARTIAL_WAKE_LOCK , tag=AlarmManager, flags=0x1, pid=588, uid=1000, mUserState=0x3
V/AlarmManager(  588): sending alarm PendingIntent{424a17c8: PendingIntentRecord{42e4f0b8 com.whatsapp broadcastIntent}}, intent=com.whatsapp.messaging.MessageService.CLIENT_PINGER_ACTION, type=ELAPSED_REALTIME_WAKEUP, count=1, when=167201212, repeateInterval=240000
D/PowerManagerService(  588): releaseWakeLock(428ee938): PARTIAL_WAKE_LOCK , tag=AlarmManager, flags=0x1
D/TELEPHONY_CALLBACK(  811): @onSignalStrengthChanged: SignalStrength: 4 -1 -1 -1 -1 -1 -1 -1 -1 -1 2147483647 -1 gsm|lte
D/StatusBar.NetworkController(  811): dumpState[hasService=true ServiceState=0 home 3 3 27202  HSPA CSS not supported -1 -1 RoamInd=-1 DefRoamInd=-1EriInd= -1EriMode= -1RadioPowerSv: false EmergOnly=false PhoneType: 1 IsCdma=false SimState=UNKNOWN GprsState=0 DataState=Disconnected DataActivity=NONE NetworkType=HSPA HtcModemLinkOn=false HspaDataDistinquishable=true]
D/SIGNAL_ICON(  811): updateTelephonySignalStrength
D/SIGNAL_ICON(  811): fakeui srv=0 mTimerEnabled=false asu=4
D/SIGNAL_ICON(  811): asu=4
D/SIGNAL_ICON(  811): SUPPORT_5_LEVEL_SIGNAL
D/SIGNAL_ICON(  811): mapTelephonySignalStrength
D/SIGNAL_ICON(  811): maxLevel=5 asu=4 networkType=HSPA
D/SIGNAL_ICON(  811): return iconLevel=2
D/SIGNAL_ICON(  811): refreshViews: mPhoneSignalIconId -> stat_sys_5signal_2
D/StatusBar.NetworkController(  811): dumpIconState[dataVisible=false dataIconId=stat_sys_data_out_3g_plus signalIconId=stat_sys_5signal_2 wifiVisible=true wifiIconId=stat_sys_wifi_signal_4 airplaneMode=false]
D/TELEPHONY_CALLBACK(  811): @onSignalStrengthChanged: SignalStrength: 4 -1 -1 -1 -1 -1 -1 -1 -1 -1 2147483647 -1 gsm|lte
D/StatusBar.NetworkController(  811): dumpState[hasService=true ServiceState=0 home 3 3 27202  HSPA CSS not supported -1 -1 RoamInd=-1 DefRoamInd=-1EriInd= -1EriMode= -1RadioPowerSv: false EmergOnly=false PhoneType: 1 IsCdma=false SimState=UNKNOWN GprsState=0 DataState=Disconnected DataActivity=NONE NetworkType=HSPA HtcModemLinkOn=false HspaDataDistinquishable=true]
D/SIGNAL_ICON(  811): updateTelephonySignalStrength
D/SIGNAL_ICON(  811): fakeui srv=0 mTimerEnabled=false asu=4
D/SIGNAL_ICON(  811): asu=4
D/SIGNAL_ICON(  811): SUPPORT_5_LEVEL_SIGNAL
D/SIGNAL_ICON(  811): mapTelephonySignalStrength
D/SIGNAL_ICON(  811): maxLevel=5 asu=4 networkType=HSPA
D/SIGNAL_ICON(  811): return iconLevel=2
D/StatusBar.NetworkController(  811): dumpIconState[dataVisible=false dataIconId=stat_sys_data_out_3g_plus signalIconId=stat_sys_5signal_2 wifiVisible=true wifiIconId=stat_sys_wifi_signal_4 airplaneMode=false]
D/TELEPHONY_CALLBACK(  811): @onSignalStrengthChanged: SignalStrength: 4 -1 -1 -1 -1 -1 -1 -1 -1 -1 2147483647 -1 gsm|lte
D/StatusBar.NetworkController(  811): dumpState[hasService=true ServiceState=0 home 3 3 27202  HSPA CSS not supported -1 -1 RoamInd=-1 DefRoamInd=-1EriInd= -1EriMode= -1RadioPowerSv: false EmergOnly=false PhoneType: 1 IsCdma=false SimState=UNKNOWN GprsState=0 DataState=Disconnected DataActivity=NONE NetworkType=HSPA HtcModemLinkOn=false HspaDataDistinquishable=true]
D/SIGNAL_ICON(  811): updateTelephonySignalStrength
D/SIGNAL_ICON(  811): fakeui srv=0 mTimerEnabled=false asu=4
D/SIGNAL_ICON(  811): asu=4
D/SIGNAL_ICON(  811): SUPPORT_5_LEVEL_SIGNAL
D/SIGNAL_ICON(  811): mapTelephonySignalStrength
D/SIGNAL_ICON(  811): maxLevel=5 asu=4 networkType=HSPA
D/SIGNAL_ICON(  811): return iconLevel=2
D/StatusBar.NetworkController(  811): dumpIconState[dataVisible=false dataIconId=stat_sys_data_out_3g_plus signalIconId=stat_sys_5signal_2 wifiVisible=true wifiIconId=stat_sys_wifi_signal_4 airplaneMode=false]
D/PowerManagerService(  588): TPE algorithm. remove timeout.
D/PowerManagerService(  588): ALG=2, lsvalue=320(5th)->640(6th), last_level=6, lValue=125->125, bValue=0, kValue=0, mPowerState=0x3, mSkippedScreenOn=false, mInitialAnimation=false, immediate=false
D/BatteryService(  588): updateBatteryStats: auto update.
D/PowerManagerService(  588): acquireWakeLock(42623d90): PARTIAL_WAKE_LOCK , tag=BatteryServiceUpdateStats, flags=0x1, pid=588, uid=1000, mUserState=0x3
D/PowerManagerService(  588): releaseWakeLock(42623d90): PARTIAL_WAKE_LOCK , tag=BatteryServiceUpdateStats, flags=0x1
D/BatteryService(  588): updateBatteryStats: update triggered by UEvent.
D/PowerManagerService(  588): acquireWakeLock(42434e90): PARTIAL_WAKE_LOCK , tag=BatteryServiceUpdateStats, flags=0x1, pid=588, uid=1000, mUserState=0x3
D/WifiService(  588): ACTION_BATTERY_CHANGED pluggedType: 2
D/NotificationService(  588): mIntentReceiver() Intent.ACTION_BATTERY_CHANGED
D/PowerUI (  811): closing low battery warning: level=19
D/PowerUI (  811): plugged = true, health = 2, mBatteryLevel = 19, mPluggedBatteryLevel = 12, mLowBatteryWarningLevel2 = 25, mshowLowChargingWarning2 = true
D/PowerManagerService(  588): runHtcPowerSaverCheck ======================================
D/PowerManagerService(  588): releaseWakeLock(42434e90): PARTIAL_WAKE_LOCK , tag=BatteryServiceUpdateStats, flags=0x1
D/TELEPHONY_CALLBACK(  811): @onSignalStrengthChanged: SignalStrength: 4 -1 -1 -1 -1 -1 -1 -1 -1 -1 2147483647 -1 gsm|lte
D/StatusBar.NetworkController(  811): dumpState[hasService=true ServiceState=0 home 3 3 27202  HSPA CSS not supported -1 -1 RoamInd=-1 DefRoamInd=-1EriInd= -1EriMode= -1RadioPowerSv: false EmergOnly=false PhoneType: 1 IsCdma=false SimState=UNKNOWN GprsState=0 DataState=Disconnected DataActivity=NONE NetworkType=HSPA HtcModemLinkOn=false HspaDataDistinquishable=true]
D/SIGNAL_ICON(  811): updateTelephonySignalStrength
D/SIGNAL_ICON(  811): fakeui srv=0 mTimerEnabled=false asu=4
D/SIGNAL_ICON(  811): asu=4
D/SIGNAL_ICON(  811): SUPPORT_5_LEVEL_SIGNAL
D/SIGNAL_ICON(  811): mapTelephonySignalStrength
D/SIGNAL_ICON(  811): maxLevel=5 asu=4 networkType=HSPA
D/SIGNAL_ICON(  811): return iconLevel=2
D/StatusBar.NetworkController(  811): dumpIconState[dataVisible=false dataIconId=stat_sys_data_out_3g_plus signalIconId=stat_sys_5signal_2 wifiVisible=true wifiIconId=stat_sys_wifi_signal_4 airplaneMode=false]
D/PowerManagerService(  588): releaseWakeLock(428041a0): PARTIAL_WAKE_LOCK , tag=wake:com.google.android.gms/.config.ConfigFetchService, flags=0x1
D/PowerManagerService(  588): acquireWakeLock(4273bb28): PARTIAL_WAKE_LOCK , tag=AlarmManager, flags=0x1, pid=588, uid=1000, mUserState=0x3
V/AlarmManager(  588): sending alarm PendingIntent{42a421a0: PendingIntentRecord{42b42fd8 com.whatsapp broadcastIntent}}, intent=com.whatsapp.alarm.CLIENT_PING_TIMEOUT, type=ELAPSED_REALTIME_WAKEUP, count=1, when=166993221, repeateInterval=0
D/PowerManagerService(  588): releaseWakeLock(4273bb28): PARTIAL_WAKE_LOCK , tag=AlarmManager, flags=0x1
D/PowerManagerService(  588): releaseWakeLock(429d5cc8): PARTIAL_WAKE_LOCK , tag=wake:com.google.android.gms/.config.ConfigFetchService, flags=0x1
D/PowerManagerService(  588): acquireWakeLock(42b003d0): PARTIAL_WAKE_LOCK , tag=RILJ, flags=0x1, pid=946, uid=1001, mUserState=0x3
D/PowerManagerService(  588): releaseWakeLock(42b003d0): PARTIAL_WAKE_LOCK , tag=RILJ, flags=0x1
D/PowerManagerService(  588): acquireWakeLock(42932b08): PARTIAL_WAKE_LOCK , tag=RILJ, flags=0x1, pid=946, uid=1001, mUserState=0x3
D/PowerManagerService(  588): releaseWakeLock(42932b08): PARTIAL_WAKE_LOCK , tag=RILJ, flags=0x1
D/TELEPHONY_CALLBACK(  811): @onSignalStrengthChanged: SignalStrength: 4 -1 -1 -1 -1 -1 -1 -1 -1 -1 2147483647 -1 gsm|lte
D/StatusBar.NetworkController(  811): dumpState[hasService=true ServiceState=0 home 3 3 27202  HSPA CSS not supported -1 -1 RoamInd=-1 DefRoamInd=-1EriInd= -1EriMode= -1RadioPowerSv: false EmergOnly=false PhoneType: 1 IsCdma=false SimState=UNKNOWN GprsState=0 DataState=Disconnected DataActivity=NONE NetworkType=HSPA HtcModemLinkOn=false HspaDataDistinquishable=true]
D/SIGNAL_ICON(  811): updateTelephonySignalStrength
D/SIGNAL_ICON(  811): fakeui srv=0 mTimerEnabled=false asu=4
D/SIGNAL_ICON(  811): asu=4
D/SIGNAL_ICON(  811): SUPPORT_5_LEVEL_SIGNAL
D/SIGNAL_ICON(  811): mapTelephonySignalStrength
D/SIGNAL_ICON(  811): maxLevel=5 asu=4 networkType=HSPA
D/SIGNAL_ICON(  811): return iconLevel=2
D/StatusBar.NetworkController(  811): dumpIconState[dataVisible=false dataIconId=stat_sys_data_out_3g_plus signalIconId=stat_sys_5signal_2 wifiVisible=true wifiIconId=stat_sys_wifi_signal_4 airplaneMode=false]
D/PowerManagerService(  588): acquireWakeLock(42903258): PARTIAL_WAKE_LOCK , tag=AlarmManager, flags=0x1, pid=588, uid=1000, mUserState=0x3
V/AlarmManager(  588): sending alarm PendingIntent{422c63f8: PendingIntentRecord{42482cd0 android broadcastIntent}}, intent=android.intent.action.TIME_TICK, type=RTC, count=1, when=1427825640000, repeateInterval=0
D/PowerManagerService(  588): releaseWakeLock(42903258): PARTIAL_WAKE_LOCK , tag=AlarmManager, flags=0x1
D/PowerManagerService(  588): acquireWakeLock(42b9b670): PARTIAL_WAKE_LOCK , tag=RILJ, flags=0x1, pid=946, uid=1001, mUserState=0x3
D/PowerManagerService(  588): releaseWakeLock(42b9b670): PARTIAL_WAKE_LOCK , tag=RILJ, flags=0x1
D/PowerManagerService(  588): acquireWakeLock(42961ef8): PARTIAL_WAKE_LOCK , tag=RILJ, flags=0x1, pid=946, uid=1001, mUserState=0x3
D/PowerManagerService(  588): releaseWakeLock(42961ef8): PARTIAL_WAKE_LOCK , tag=RILJ, flags=0x1
D/TELEPHONY_CALLBACK(  811): @onSignalStrengthChanged: SignalStrength: 3 -1 -1 -1 -1 -1 -1 -1 -1 -1 2147483647 -1 gsm|lte
D/StatusBar.NetworkController(  811): dumpState[hasService=true ServiceState=0 home 3 3 27202  HSPA CSS not supported -1 -1 RoamInd=-1 DefRoamInd=-1EriInd= -1EriMode= -1RadioPowerSv: false EmergOnly=false PhoneType: 1 IsCdma=false SimState=UNKNOWN GprsState=0 DataState=Disconnected DataActivity=NONE NetworkType=HSPA HtcModemLinkOn=false HspaDataDistinquishable=true]
D/SIGNAL_ICON(  811): updateTelephonySignalStrength
D/SIGNAL_ICON(  811): fakeui srv=0 mTimerEnabled=false asu=3
D/SIGNAL_ICON(  811): asu=3
D/SIGNAL_ICON(  811): SUPPORT_5_LEVEL_SIGNAL
D/SIGNAL_ICON(  811): mapTelephonySignalStrength
D/SIGNAL_ICON(  811): maxLevel=5 asu=3 networkType=HSPA
D/SIGNAL_ICON(  811): return iconLevel=1
D/SIGNAL_ICON(  811): refreshViews: mPhoneSignalIconId -> stat_sys_5signal_1
D/StatusBar.NetworkController(  811): dumpIconState[dataVisible=false dataIconId=stat_sys_data_out_3g_plus signalIconId=stat_sys_5signal_1 wifiVisible=true wifiIconId=stat_sys_wifi_signal_4 airplaneMode=false]
D/TELEPHONY_CALLBACK(  811): @onSignalStrengthChanged: SignalStrength: 2 -1 -1 -1 -1 -1 -1 -1 -1 -1 2147483647 -1 gsm|lte
D/StatusBar.NetworkController(  811): dumpState[hasService=true ServiceState=0 home 3 3 27202  HSPA CSS not supported -1 -1 RoamInd=-1 DefRoamInd=-1EriInd= -1EriMode= -1RadioPowerSv: false EmergOnly=false PhoneType: 1 IsCdma=false SimState=UNKNOWN GprsState=0 DataState=Disconnected DataActivity=NONE NetworkType=HSPA HtcModemLinkOn=false HspaDataDistinquishable=true]
D/SIGNAL_ICON(  811): updateTelephonySignalStrength
D/SIGNAL_ICON(  811): fakeui srv=0 mTimerEnabled=false asu=2
D/SIGNAL_ICON(  811): asu=2
D/SIGNAL_ICON(  811): SUPPORT_5_LEVEL_SIGNAL
D/SIGNAL_ICON(  811): mapTelephonySignalStrength
D/SIGNAL_ICON(  811): maxLevel=5 asu=2 networkType=HSPA
D/SIGNAL_ICON(  811): return iconLevel=1
D/StatusBar.NetworkController(  811): dumpIconState[dataVisible=false dataIconId=stat_sys_data_out_3g_plus signalIconId=stat_sys_5signal_1 wifiVisible=true wifiIconId=stat_sys_wifi_signal_4 airplaneMode=false]
D/PowerManagerService(  588): TPE algorithm. schedule timeout.
D/PowerManagerService(  588): ALG=2, lsvalue=640(6th)->320(5th), last_level=6, lValue=125->125, bValue=0, kValue=0, mPowerState=0x3, mSkippedScreenOn=false, mInitialAnimation=false, immediate=false
D/TELEPHONY_CALLBACK(  811): @onSignalStrengthChanged: SignalStrength: 4 -1 -1 -1 -1 -1 -1 -1 -1 -1 2147483647 -1 gsm|lte
D/StatusBar.NetworkController(  811): dumpState[hasService=true ServiceState=0 home 3 3 27202  HSPA CSS not supported -1 -1 RoamInd=-1 DefRoamInd=-1EriInd= -1EriMode= -1RadioPowerSv: false EmergOnly=false PhoneType: 1 IsCdma=false SimState=UNKNOWN GprsState=0 DataState=Disconnected DataActivity=NONE NetworkType=HSPA HtcModemLinkOn=false HspaDataDistinquishable=true]
D/SIGNAL_ICON(  811): updateTelephonySignalStrength
D/SIGNAL_ICON(  811): fakeui srv=0 mTimerEnabled=false asu=4
D/SIGNAL_ICON(  811): asu=4
D/SIGNAL_ICON(  811): SUPPORT_5_LEVEL_SIGNAL
D/SIGNAL_ICON(  811): mapTelephonySignalStrength
D/SIGNAL_ICON(  811): maxLevel=5 asu=4 networkType=HSPA
D/SIGNAL_ICON(  811): return iconLevel=2
D/SIGNAL_ICON(  811): refreshViews: mPhoneSignalIconId -> stat_sys_5signal_2
D/StatusBar.NetworkController(  811): dumpIconState[dataVisible=false dataIconId=stat_sys_data_out_3g_plus signalIconId=stat_sys_5signal_2 wifiVisible=true wifiIconId=stat_sys_wifi_signal_4 airplaneMode=false]
D/PowerManagerService(  588): acquireWakeLock(42babf70): PARTIAL_WAKE_LOCK , tag=AlarmManager, flags=0x1, pid=588, uid=1000, mUserState=0x3
V/AlarmManager(  588): sending alarm PendingIntent{42085b10: PendingIntentRecord{4260afd8 com.google.android.gms broadcastIntent}}, intent=com.google.android.gms.nlp.ALARM_WAKEUP_LOCATOR, type=ELAPSED_REALTIME_WAKEUP, count=1, when=167038765, repeateInterval=0
D/PowerManagerService(  588): acquireWakeLock(43003990): PARTIAL_WAKE_LOCK , tag=NlpWakeLock, flags=0x1, pid=27811, uid=10017, mUserState=0x3
D/PowerManagerService(  588): releaseWakeLock(42babf70): PARTIAL_WAKE_LOCK , tag=AlarmManager, flags=0x1
D/PowerManagerService(  588): acquireWakeLock(42b02c78): PARTIAL_WAKE_LOCK , tag=NlpWakeLock, flags=0x1, pid=27811, uid=10017, mUserState=0x3
D/WifiService(  588): acquireWifiLockLocked: WifiLock{NlpWifiLock type=2 binder=android.os.BinderProxy@42abd2f0}
D/WifiService(  588): updateWifiState(): wifiApEnabled: false, wifiApAirplaneMode: falsegetWifiEnabledState(): 3, getWifiApEnabledState: 11
D/WifiService(  588): updateWifiState(): mAirplaneModeOn.get(): false, mPersistWifiState.get(): 1
D/WifiService(  588): updateWifiState(): mEmergencyCallbackMode: false, mDeviceIdle: false, lockHeld: true, mStopWifiRequested:false
D/WifiService(  588): updateWifiState(): enable and start wifi
D/PowerManagerService(  588): releaseWakeLock(43003990): PARTIAL_WAKE_LOCK , tag=NlpWakeLock, flags=0x1
D/PowerManagerService(  588): acquireWakeLock(42076d10): PARTIAL_WAKE_LOCK , tag=RILJ, flags=0x1, pid=946, uid=1001, mUserState=0x3
D/PowerManagerService(  588): releaseWakeLock(42076d10): PARTIAL_WAKE_LOCK , tag=RILJ, flags=0x1
D/PowerManagerService(  588): acquireWakeLock(426be898): PARTIAL_WAKE_LOCK , tag=NlpWakeLock, flags=0x1, pid=27811, uid=10017, mUserState=0x3
D/PowerManagerService(  588): acquireWakeLock(42b99508): PARTIAL_WAKE_LOCK , tag=GCoreFlp, flags=0x1, pid=27811, uid=10017, mUserState=0x3
D/PowerManagerService(  588): acquireWakeLock(42dde900): PARTIAL_WAKE_LOCK , tag=GCoreFlp, flags=0x1, pid=27811, uid=10017, mUserState=0x3
D/PowerManagerService(  588): releaseWakeLock(42b99508): PARTIAL_WAKE_LOCK , tag=GCoreFlp, flags=0x1
D/PowerManagerService(  588): releaseWakeLock(426be898): PARTIAL_WAKE_LOCK , tag=NlpWakeLock, flags=0x1
D/PowerManagerService(  588): releaseWakeLock(42dde900): PARTIAL_WAKE_LOCK , tag=GCoreFlp, flags=0x1
D/WifiService(  588): releaseWifiLockLocked: WifiLock{NlpWifiLock type=2 binder=android.os.BinderProxy@42abd2f0}
D/WifiService(  588): updateWifiState(): wifiApEnabled: false, wifiApAirplaneMode: falsegetWifiEnabledState(): 3, getWifiApEnabledState: 11
D/WifiService(  588): updateWifiState(): mAirplaneModeOn.get(): false, mPersistWifiState.get(): 1
D/WifiService(  588): updateWifiState(): mEmergencyCallbackMode: false, mDeviceIdle: false, lockHeld: true, mStopWifiRequested:false
D/WifiService(  588): updateWifiState(): enable and start wifi
D/PowerManagerService(  588): releaseWakeLock(42b02c78): PARTIAL_WAKE_LOCK , tag=NlpWakeLock, flags=0x1
D/PowerManagerService(  588): acquireWakeLock(425cac70): PARTIAL_WAKE_LOCK , tag=NlpCollectorWakeLock, flags=0x1, pid=27811, uid=10017, mUserState=0x3
D/PowerManagerService(  588): acquireWakeLock(4228f630): PARTIAL_WAKE_LOCK , tag=NlpCollectorWakeLock, flags=0x1, pid=27811, uid=10017, mUserState=0x3
D/PowerManagerService(  588): acquireWakeLock(42aadcc8): PARTIAL_WAKE_LOCK , tag=NlpCollectorWakeLock, flags=0x1, pid=27811, uid=10017, mUserState=0x3
D/PowerManagerService(  588): acquireWakeLock(42818d60): PARTIAL_WAKE_LOCK , tag=NlpWakeLock, flags=0x1, pid=27811, uid=10017, mUserState=0x3
D/PowerManagerService(  588): releaseWakeLock(42818d60): PARTIAL_WAKE_LOCK , tag=NlpWakeLock, flags=0x1
D/TELEPHONY_CALLBACK(  811): @onSignalStrengthChanged: SignalStrength: 4 -1 -1 -1 -1 -1 -1 -1 -1 -1 2147483647 -1 gsm|lte
D/StatusBar.NetworkController(  811): dumpState[hasService=true ServiceState=0 home 3 3 27202  HSPA CSS not supported -1 -1 RoamInd=-1 DefRoamInd=-1EriInd= -1EriMode= -1RadioPowerSv: false EmergOnly=false PhoneType: 1 IsCdma=false SimState=UNKNOWN GprsState=0 DataState=Disconnected DataActivity=NONE NetworkType=HSPA HtcModemLinkOn=false HspaDataDistinquishable=true]
D/SIGNAL_ICON(  811): updateTelephonySignalStrength
D/SIGNAL_ICON(  811): fakeui srv=0 mTimerEnabled=false asu=4
D/SIGNAL_ICON(  811): asu=4
D/SIGNAL_ICON(  811): SUPPORT_5_LEVEL_SIGNAL
D/SIGNAL_ICON(  811): mapTelephonySignalStrength
D/SIGNAL_ICON(  811): maxLevel=5 asu=4 networkType=HSPA
D/SIGNAL_ICON(  811): return iconLevel=2
D/StatusBar.NetworkController(  811): dumpIconState[dataVisible=false dataIconId=stat_sys_data_out_3g_plus signalIconId=stat_sys_5signal_2 wifiVisible=true wifiIconId=stat_sys_wifi_signal_4 airplaneMode=false]
D/BatteryService(  588): updateBatteryStats: auto update.
D/PowerManagerService(  588): acquireWakeLock(424c0ba8): PARTIAL_WAKE_LOCK , tag=BatteryServiceUpdateStats, flags=0x1, pid=588, uid=1000, mUserState=0x3
D/PowerManagerService(  588): releaseWakeLock(424c0ba8): PARTIAL_WAKE_LOCK , tag=BatteryServiceUpdateStats, flags=0x1
D/BatteryService(  588): updateBatteryStats: update triggered by UEvent.
D/PowerManagerService(  588): acquireWakeLock(42c6e6a8): PARTIAL_WAKE_LOCK , tag=BatteryServiceUpdateStats, flags=0x1, pid=588, uid=1000, mUserState=0x3
D/WifiService(  588): ACTION_BATTERY_CHANGED pluggedType: 2
D/NotificationService(  588): mIntentReceiver() Intent.ACTION_BATTERY_CHANGED
D/PowerManagerService(  588): runHtcPowerSaverCheck ======================================
D/PowerUI (  811): closing low battery warning: level=19
D/PowerUI (  811): plugged = true, health = 2, mBatteryLevel = 19, mPluggedBatteryLevel = 12, mLowBatteryWarningLevel2 = 25, mshowLowChargingWarning2 = true
D/PowerManagerService(  588): releaseWakeLock(42c6e6a8): PARTIAL_WAKE_LOCK , tag=BatteryServiceUpdateStats, flags=0x1
D/PowerManagerService(  588): acquireWakeLock(4226f6c8): PARTIAL_WAKE_LOCK , tag=NlpWakeLock, flags=0x1, pid=27811, uid=10017, mUserState=0x3
D/PowerManagerService(  588): releaseWakeLock(42aadcc8): PARTIAL_WAKE_LOCK , tag=NlpCollectorWakeLock, flags=0x1
D/PowerManagerService(  588): releaseWakeLock(4228f630): PARTIAL_WAKE_LOCK , tag=NlpCollectorWakeLock, flags=0x1
D/PowerManagerService(  588): releaseWakeLock(425cac70): PARTIAL_WAKE_LOCK , tag=NlpCollectorWakeLock, flags=0x1
D/PowerManagerService(  588): acquireWakeLock(4300b188): PARTIAL_WAKE_LOCK , tag=Wakeful StateMachine: GeofencerStateMachine, flags=0x1, pid=27811, uid=10017, mUserState=0x3
D/PowerManagerService(  588): releaseWakeLock(4300b188): PARTIAL_WAKE_LOCK , tag=Wakeful StateMachine: GeofencerStateMachine, flags=0x1
D/PowerManagerService(  588): acquireWakeLock(42e72950): PARTIAL_WAKE_LOCK , tag=NlpWakeLock, flags=0x1, pid=27811, uid=10017, mUserState=0x3
D/PowerManagerService(  588): releaseWakeLock(42e72950): PARTIAL_WAKE_LOCK , tag=NlpWakeLock, flags=0x1
D/PowerManagerService(  588): acquireWakeLock(427fa050): PARTIAL_WAKE_LOCK , tag=GCoreFlp, flags=0x1, pid=27811, uid=10017, mUserState=0x3
D/PowerManagerService(  588): acquireWakeLock(42bc3f98): PARTIAL_WAKE_LOCK , tag=GCoreFlp, flags=0x1, pid=27811, uid=10017, mUserState=0x3
D/PowerManagerService(  588): releaseWakeLock(427fa050): PARTIAL_WAKE_LOCK , tag=GCoreFlp, flags=0x1
D/PowerManagerService(  588): releaseWakeLock(4226f6c8): PARTIAL_WAKE_LOCK , tag=NlpWakeLock, flags=0x1
D/PowerManagerService(  588): releaseWakeLock(42bc3f98): PARTIAL_WAKE_LOCK , tag=GCoreFlp, flags=0x1
D/TELEPHONY_CALLBACK(  811): @onSignalStrengthChanged: SignalStrength: 4 -1 -1 -1 -1 -1 -1 -1 -1 -1 2147483647 -1 gsm|lte
D/StatusBar.NetworkController(  811): dumpState[hasService=true ServiceState=0 home 3 3 27202  HSPA CSS not supported -1 -1 RoamInd=-1 DefRoamInd=-1EriInd= -1EriMode= -1RadioPowerSv: false EmergOnly=false PhoneType: 1 IsCdma=false SimState=UNKNOWN GprsState=0 DataState=Disconnected DataActivity=NONE NetworkType=HSPA HtcModemLinkOn=false HspaDataDistinquishable=true]
D/SIGNAL_ICON(  811): updateTelephonySignalStrength
D/SIGNAL_ICON(  811): fakeui srv=0 mTimerEnabled=false asu=4
D/SIGNAL_ICON(  811): asu=4
D/SIGNAL_ICON(  811): SUPPORT_5_LEVEL_SIGNAL
D/SIGNAL_ICON(  811): mapTelephonySignalStrength
D/SIGNAL_ICON(  811): maxLevel=5 asu=4 networkType=HSPA
D/SIGNAL_ICON(  811): return iconLevel=2
D/StatusBar.NetworkController(  811): dumpIconState[dataVisible=false dataIconId=stat_sys_data_out_3g_plus signalIconId=stat_sys_5signal_2 wifiVisible=true wifiIconId=stat_sys_wifi_signal_4 airplaneMode=false]
D/PowerManagerService(  588): TPE algorithm. remove timeout.
D/PowerManagerService(  588): ALG=2, lsvalue=320(5th)->640(6th), last_level=6, lValue=125->125, bValue=0, kValue=0, mPowerState=0x3, mSkippedScreenOn=false, mInitialAnimation=false, immediate=false
D/TELEPHONY_CALLBACK(  811): @onSignalStrengthChanged: SignalStrength: 4 -1 -1 -1 -1 -1 -1 -1 -1 -1 2147483647 -1 gsm|lte
D/StatusBar.NetworkController(  811): dumpState[hasService=true ServiceState=0 home 3 3 27202  HSPA CSS not supported -1 -1 RoamInd=-1 DefRoamInd=-1EriInd= -1EriMode= -1RadioPowerSv: false EmergOnly=false PhoneType: 1 IsCdma=false SimState=UNKNOWN GprsState=0 DataState=Disconnected DataActivity=NONE NetworkType=HSPA HtcModemLinkOn=false HspaDataDistinquishable=true]
D/SIGNAL_ICON(  811): updateTelephonySignalStrength
D/SIGNAL_ICON(  811): fakeui srv=0 mTimerEnabled=false asu=4
D/SIGNAL_ICON(  811): asu=4
D/SIGNAL_ICON(  811): SUPPORT_5_LEVEL_SIGNAL
D/SIGNAL_ICON(  811): mapTelephonySignalStrength
D/SIGNAL_ICON(  811): maxLevel=5 asu=4 networkType=HSPA
D/SIGNAL_ICON(  811): return iconLevel=2
D/StatusBar.NetworkController(  811): dumpIconState[dataVisible=false dataIconId=stat_sys_data_out_3g_plus signalIconId=stat_sys_5signal_2 wifiVisible=true wifiIconId=stat_sys_wifi_signal_4 airplaneMode=false]
D/TELEPHONY_CALLBACK(  811): @onSignalStrengthChanged: SignalStrength: 4 -1 -1 -1 -1 -1 -1 -1 -1 -1 2147483647 -1 gsm|lte
D/StatusBar.NetworkController(  811): dumpState[hasService=true ServiceState=0 home 3 3 27202  HSPA CSS not supported -1 -1 RoamInd=-1 DefRoamInd=-1EriInd= -1EriMode= -1RadioPowerSv: false EmergOnly=false PhoneType: 1 IsCdma=false SimState=UNKNOWN GprsState=0 DataState=Disconnected DataActivity=NONE NetworkType=HSPA HtcModemLinkOn=false HspaDataDistinquishable=true]
D/SIGNAL_ICON(  811): updateTelephonySignalStrength
D/SIGNAL_ICON(  811): fakeui srv=0 mTimerEnabled=false asu=4
D/SIGNAL_ICON(  811): asu=4
D/SIGNAL_ICON(  811): SUPPORT_5_LEVEL_SIGNAL
D/SIGNAL_ICON(  811): mapTelephonySignalStrength
D/SIGNAL_ICON(  811): maxLevel=5 asu=4 networkType=HSPA
D/SIGNAL_ICON(  811): return iconLevel=2
D/StatusBar.NetworkController(  811): dumpIconState[dataVisible=false dataIconId=stat_sys_data_out_3g_plus signalIconId=stat_sys_5signal_2 wifiVisible=true wifiIconId=stat_sys_wifi_signal_4 airplaneMode=false]
D/TELEPHONY_CALLBACK(  811): @onSignalStrengthChanged: SignalStrength: 4 -1 -1 -1 -1 -1 -1 -1 -1 -1 2147483647 -1 gsm|lte
D/StatusBar.NetworkController(  811): dumpState[hasService=true ServiceState=0 home 3 3 27202  HSPA CSS not supported -1 -1 RoamInd=-1 DefRoamInd=-1EriInd= -1EriMode= -1RadioPowerSv: false EmergOnly=false PhoneType: 1 IsCdma=false SimState=UNKNOWN GprsState=0 DataState=Disconnected DataActivity=NONE NetworkType=HSPA HtcModemLinkOn=false HspaDataDistinquishable=true]
D/SIGNAL_ICON(  811): updateTelephonySignalStrength
D/SIGNAL_ICON(  811): fakeui srv=0 mTimerEnabled=false asu=4
D/SIGNAL_ICON(  811): asu=4
D/SIGNAL_ICON(  811): SUPPORT_5_LEVEL_SIGNAL
D/SIGNAL_ICON(  811): mapTelephonySignalStrength
D/SIGNAL_ICON(  811): maxLevel=5 asu=4 networkType=HSPA
D/SIGNAL_ICON(  811): return iconLevel=2
D/StatusBar.NetworkController(  811): dumpIconState[dataVisible=false dataIconId=stat_sys_data_out_3g_plus signalIconId=stat_sys_5signal_2 wifiVisible=true wifiIconId=stat_sys_wifi_signal_4 airplaneMode=false]
D/PowerManagerService(  588): TPE algorithm. schedule timeout.
D/PowerManagerService(  588): ALG=2, lsvalue=640(6th)->320(5th), last_level=6, lValue=125->125, bValue=0, kValue=0, mPowerState=0x3, mSkippedScreenOn=false, mInitialAnimation=false, immediate=false
D/PowerManagerService(  588): acquireWakeLock(427291e8): PARTIAL_WAKE_LOCK , tag=AlarmManager, flags=0x1, pid=588, uid=1000, mUserState=0x3
V/AlarmManager(  588): sending alarm PendingIntent{422c63f8: PendingIntentRecord{42482cd0 android broadcastIntent}}, intent=android.intent.action.TIME_TICK, type=RTC, count=1, when=1427825700000, repeateInterval=0
D/PowerManagerService(  588): releaseWakeLock(427291e8): PARTIAL_WAKE_LOCK , tag=AlarmManager, flags=0x1
D/TELEPHONY_CALLBACK(  811): @onSignalStrengthChanged: SignalStrength: 4 -1 -1 -1 -1 -1 -1 -1 -1 -1 2147483647 -1 gsm|lte
D/StatusBar.NetworkController(  811): dumpState[hasService=true ServiceState=0 home 3 3 27202  HSPA CSS not supported -1 -1 RoamInd=-1 DefRoamInd=-1EriInd= -1EriMode= -1RadioPowerSv: false EmergOnly=false PhoneType: 1 IsCdma=false SimState=UNKNOWN GprsState=0 DataState=Disconnected DataActivity=NONE NetworkType=HSPA HtcModemLinkOn=false HspaDataDistinquishable=true]
D/SIGNAL_ICON(  811): updateTelephonySignalStrength
D/SIGNAL_ICON(  811): fakeui srv=0 mTimerEnabled=false asu=4
D/SIGNAL_ICON(  811): asu=4
D/SIGNAL_ICON(  811): SUPPORT_5_LEVEL_SIGNAL
D/SIGNAL_ICON(  811): mapTelephonySignalStrength
D/SIGNAL_ICON(  811): maxLevel=5 asu=4 networkType=HSPA
D/SIGNAL_ICON(  811): return iconLevel=2
D/StatusBar.NetworkController(  811): dumpIconState[dataVisible=false dataIconId=stat_sys_data_out_3g_plus signalIconId=stat_sys_5signal_2 wifiVisible=true wifiIconId=stat_sys_wifi_signal_4 airplaneMode=false]
D/TELEPHONY_CALLBACK(  811): @onSignalStrengthChanged: SignalStrength: 3 -1 -1 -1 -1 -1 -1 -1 -1 -1 2147483647 -1 gsm|lte
D/StatusBar.NetworkController(  811): dumpState[hasService=true ServiceState=0 home 3 3 27202  HSPA CSS not supported -1 -1 RoamInd=-1 DefRoamInd=-1EriInd= -1EriMode= -1RadioPowerSv: false EmergOnly=false PhoneType: 1 IsCdma=false SimState=UNKNOWN GprsState=0 DataState=Disconnected DataActivity=NONE NetworkType=HSPA HtcModemLinkOn=false HspaDataDistinquishable=true]
D/SIGNAL_ICON(  811): updateTelephonySignalStrength
D/SIGNAL_ICON(  811): fakeui srv=0 mTimerEnabled=false asu=3
D/SIGNAL_ICON(  811): asu=3
D/SIGNAL_ICON(  811): SUPPORT_5_LEVEL_SIGNAL
D/SIGNAL_ICON(  811): mapTelephonySignalStrength
D/SIGNAL_ICON(  811): maxLevel=5 asu=3 networkType=HSPA
D/SIGNAL_ICON(  811): return iconLevel=1
D/SIGNAL_ICON(  811): refreshViews: mPhoneSignalIconId -> stat_sys_5signal_1
D/StatusBar.NetworkController(  811): dumpIconState[dataVisible=false dataIconId=stat_sys_data_out_3g_plus signalIconId=stat_sys_5signal_1 wifiVisible=true wifiIconId=stat_sys_wifi_signal_4 airplaneMode=false]
D/BatteryService(  588): updateBatteryStats: auto update.
D/PowerManagerService(  588): acquireWakeLock(424e27f0): PARTIAL_WAKE_LOCK , tag=BatteryServiceUpdateStats, flags=0x1, pid=588, uid=1000, mUserState=0x3
