D/GCM     (16934): GcmService start Intent { act=com.google.android.gms.INITIALIZE flg=0x10 pkg=com.google.android.gms cmp=com.google.android.gms/.gcm.GcmService } com.google.android.gms.INITIALIZE
I/dalvikvm(18307): Could not find method android.os.UserManager.getUserProfiles, referenced from method com.google.android.gms.wearable.service.aa.a
W/dalvikvm(18307): VFY: unable to resolve virtual method 1178: Landroid/os/UserManager;.getUserProfiles ()Ljava/util/List;
D/dalvikvm(18307): VFY: replacing opcode 0x6e at 0x0045
D/AuthorizationBluetoothService(16934): Received GmsCore event: Intent { act=com.google.android.gms.INITIALIZE flg=0x10 pkg=com.google.android.gms cmp=com.google.android.gms/.auth.be.proximity.authorization.bt.AuthorizationBluetoothService$AutoStarter }.
E/AuthorizationBluetoothService(16934): Proximity feature is not enabled.
V/GmsCoreStatsServiceLauncher(14123): Received broadcast intent Intent { act=com.google.android.gms.INITIALIZE flg=0x10 pkg=com.google.android.gms cmp=com.google.android.gms/.common.stats.GmsCoreStatsServiceLauncher }
D/WifiStateMachine( 1025): handleMessage: E msg.what=151572
D/WifiStateMachine( 1025): processMsg: ConnectedState
D/WifiStateMachine( 1025): processMsg: L2ConnectedState
D/WifiStateMachine( 1025): handleMessage: X
D/LocationInitializer(14123): Restart initialization of location
E/dalvikvm(18307): Could not find class 'android.telecom.TelecomManager', referenced from method com.google.android.gms.wearable.service.o.a
W/dalvikvm(18307): VFY: unable to resolve check-cast 461 (Landroid/telecom/TelecomManager;) in Lcom/google/android/gms/wearable/service/o;
D/dalvikvm(18307): VFY: replacing opcode 0x1f at 0x0056
W/dalvikvm(18307): VFY: unable to find class referenced in signature (Landroid/telecom/TelecomManager;)
I/dalvikvm(18307): Could not find method android.content.pm.PackageManager.getPackageInstaller, referenced from method com.google.android.gms.common.ff.a
W/dalvikvm(18307): VFY: unable to resolve virtual method 479: Landroid/content/pm/PackageManager;.getPackageInstaller ()Landroid/content/pm/PackageInstaller;
D/dalvikvm(18307): VFY: replacing opcode 0x6e at 0x000d
E/MDM     (19200): [308942] b.run: Couldn't connect to Google API client: ConnectionResult{statusCode=API_UNAVAILABLE, resolution=null}
D/WifiStateMachine( 1025): handleMessage: E msg.what=151572
D/WifiStateMachine( 1025): processMsg: ConnectedState
D/WifiStateMachine( 1025): processMsg: L2ConnectedState
D/WifiStateMachine( 1025): handleMessage: X
D/WifiStateMachine( 1025): handleMessage: E msg.what=131155
D/WifiStateMachine( 1025): processMsg: ConnectedState
D/WifiStateMachine( 1025): processMsg: L2ConnectedState
D/WifiStateMachine( 1025): handleMessage: X
W/ContextImpl( 1295): Calling a method in the system process without a qualified user: android.app.ContextImpl.sendBroadcast:1252 android.content.ContextWrapper.sendBroadcast:365 com.motorola.motocare.util.TriggerHelper$TriggerBuilder.send:76 com.motorola.motocare.internal.frameworkevents.PauseResumeTrigger.handleFrameworkEvent:53 com.motorola.motocare.internal.frameworkevents.FwEventMonitor$FrameworkListener.processFrameworkEvent:114 
I/ActivityManager( 1025): Start proc com.ghisler.android.TotalCommander for activity com.ghisler.android.TotalCommander/.TotalCommander: pid=18353 uid=10121 gids={50121, 1028, 1015, 3001, 3002, 3003}
W/ContextImpl( 1295): Calling a method in the system process without a qualified user: android.app.ContextImpl.sendBroadcast:1252 android.content.ContextWrapper.sendBroadcast:365 com.motorola.motocare.util.TriggerHelper$TriggerBuilder.send:76 com.motorola.motocare.internal.frameworkevents.PauseResumeTrigger.handleFrameworkEvent:53 com.motorola.motocare.internal.frameworkevents.FwEventMonitor$FrameworkListener.processFrameworkEvent:114 
D/ACRA    (18353): Retrieve application default SharedPreferences.
D/ACRA    (18353): Set OnSharedPreferenceChangeListener.
D/ACRA    (18353): ACRA is enabled for com.ghisler.android.TotalCommander, intializing...
D/ACRA    (18353): Looking for error files in /data/data/com.ghisler.android.TotalCommander/files
V/OUYAF   (18353): ODK version number: 62
W/OUYAF   (18353): Not running on Ouya hardware: peregrine
E/cutils  (  261): Failed to mkdirat(/storage/sdcard1/Android): Read-only file system
W/Vold    (  261): Returning OperationFailed - no handler for errno 30
W/ContextImpl(18353): Failed to ensure directory: /storage/sdcard1/Android/data/com.ghisler.android.TotalCommander/files
D/WifiStateMachine( 1025): handleMessage: E msg.what=151572
D/WifiStateMachine( 1025): processMsg: ConnectedState
D/WifiStateMachine( 1025): processMsg: L2ConnectedState
D/WifiStateMachine( 1025): handleMessage: X
I/Adreno-EGL(18353): <qeglDrvAPI_eglInitialize:410>: EGL 1.4 QUALCOMM build: AU_LINUX_ANDROID_LNX.LA.3.5.1_RB1.04.04.02.048.018_msm8226_LNX.LA.3.5.1_RB1__release_AU ()
I/Adreno-EGL(18353): OpenGL ES Shader Compiler Version: E031.24.00.08
I/Adreno-EGL(18353): Build Date: 03/07/14 Fri
I/Adreno-EGL(18353): Local Branch: 
I/Adreno-EGL(18353): Remote Branch: quic/LNX.LA.3.5.1_RB1.1
I/Adreno-EGL(18353): Local Patches: NONE
I/Adreno-EGL(18353): Reconstruct Branch: AU_LINUX_ANDROID_LNX.LA.3.5.1_RB1.04.04.02.048.018 + f2fd134 +  NOTHING
D/OpenGLRenderer(18353): Enabling debug mode 0
W/PackageParser(18353): No actions in intent filter at /storage/emulated/0/Download/GiftMe-release.apk Binary XML file line #15
I/ActivityManager( 1025): Displayed com.ghisler.android.TotalCommander/.TotalCommander: +662ms
E/cutils  (  261): Failed to mkdirat(/storage/sdcard1/Android): Read-only file system
W/Vold    (  261): Returning OperationFailed - no handler for errno 30
W/ContextImpl(18353): Failed to ensure directory: /storage/sdcard1/Android/data/com.ghisler.android.TotalCommander/files
V/AlarmManager( 1025): sending alarm Alarm{43a6e350 type 0 com.google.android.gms}
I/iu.UploadsManager(14123): End new media; added: 0, uploading: 0, time: 33 ms
D/WifiStateMachine( 1025): handleMessage: E msg.what=151572
D/WifiStateMachine( 1025): processMsg: ConnectedState
D/WifiStateMachine( 1025): processMsg: L2ConnectedState
D/WifiStateMachine( 1025): handleMessage: X
I/SFPerfTracer(  274):      triggers: (rate: 1149:45790) (compose: 0:228) (post: 0:20) (render: 74:10160) (0:692064 frames) (1:3020359)
D/SFPerfTracer(  274):        layers: (4:16) (DimLayer: 0:158)* (DimLayer: 0:90)* (FocusedStackFrame: 0:18873)* (StatusBar: 0:235740) (NavigationBar: 0:178730) (DimLayer: 0:22096)* (DimLayer: 0:3865)* (com.android.wallpaper.fall.FallWallpaper: 0:50930)* (: 0:129)* (: 0:434)* (: 0:155) (: 0:130)* (com.android.systemui/com.android.systemui.recent.RecentsActivity: 0:52)* (Starting com.ghisler.android.TotalCommander: 0:29)* (thumbnail anim: 0:16)* (com.ghisler.android.TotalCommander/com.ghisler.android.TotalCommander.TotalCommander: 1:39) 
I/SFPerfTracer(  274):      triggers: (rate: 1010:414947) (303277 sw vsyncs) (962746 skipped) (31:2974933 vsyncs) (33:3732133)
I/ActivityManager( 1025): Process com.motorola.MotGallery2 (pid 18208) has died.
D/WifiStateMachine( 1025): handleMessage: E msg.what=151572
D/WifiStateMachine( 1025): processMsg: ConnectedState
D/WifiStateMachine( 1025): processMsg: L2ConnectedState
D/WifiStateMachine( 1025): handleMessage: X
D/WifiStateMachine( 1025): handleMessage: E msg.what=131155
D/WifiStateMachine( 1025): processMsg: ConnectedState
D/WifiStateMachine( 1025): processMsg: L2ConnectedState
D/WifiStateMachine( 1025): handleMessage: X
D/WifiStateMachine( 1025): handleMessage: E msg.what=151572
D/WifiStateMachine( 1025): processMsg: ConnectedState
D/WifiStateMachine( 1025): processMsg: L2ConnectedState
D/WifiStateMachine( 1025): handleMessage: X
V/AlarmManager( 1025): sending alarm Alarm{429318f8 type 3 android}
D/Ulp_jni ( 1025): Location CB invoked
D/WifiStateMachine( 1025): handleMessage: E msg.what=151572
D/WifiStateMachine( 1025): processMsg: ConnectedState
D/WifiStateMachine( 1025): processMsg: L2ConnectedState
D/WifiStateMachine( 1025): handleMessage: X
W/PackageParser(18353): No actions in intent filter at /storage/emulated/0/Download/GiftMe-release.apk Binary XML file line #15
D/WifiStateMachine( 1025): handleMessage: E msg.what=151572
D/WifiStateMachine( 1025): processMsg: ConnectedState
D/WifiStateMachine( 1025): processMsg: L2ConnectedState
D/WifiStateMachine( 1025): handleMessage: X
D/WifiStateMachine( 1025): handleMessage: E msg.what=131155
D/WifiStateMachine( 1025): processMsg: ConnectedState
D/WifiStateMachine( 1025): processMsg: L2ConnectedState
D/WifiStateMachine( 1025): handleMessage: X
I/SFPerfTracer(  274):      triggers: (rate: 1149:45790) (compose: 0:228) (post: 0:20) (render: 74:10160) (13:692078 frames) (14:3020464)
D/SFPerfTracer(  274):        layers: (6:14) (DimLayer: 0:158)* (DimLayer: 0:90)* (FocusedStackFrame: 0:18874)* (StatusBar: 0:235741) (NavigationBar: 0:178730) (DimLayer: 14:22110) (DimLayer: 0:3865)* (com.android.wallpaper.fall.FallWallpaper: 0:50930)* (: 0:129)* (: 0:434)* (: 0:155) (: 0:130)* (com.ghisler.android.TotalCommander/com.ghisler.android.TotalCommander.TotalCommander: 0:124) (GiftMe-release.apk: 13:18) 
I/ActivityManager( 1025): START u0 {act=android.intent.action.VIEW dat=file:///storage/emulated/0/Download/GiftMe-release.apk typ=application/vnd.android.package-archive flg=0x10000000 cmp=com.android.packageinstaller/.PackageInstallerActivity} from pid 18353
W/ActivityManager( 1025): Activity is launching as a new task, so cancelling activity result.
W/ContextImpl( 1295): Calling a method in the system process without a qualified user: android.app.ContextImpl.sendBroadcast:1252 android.content.ContextWrapper.sendBroadcast:365 com.motorola.motocare.util.TriggerHelper$TriggerBuilder.send:76 com.motorola.motocare.internal.frameworkevents.PauseResumeTrigger.handleFrameworkEvent:53 com.motorola.motocare.internal.frameworkevents.FwEventMonitor$FrameworkListener.processFrameworkEvent:114 
I/SFPerfTracer(  274):      triggers: (rate: 1010:414947) (303277 sw vsyncs) (962746 skipped) (8:2975020 vsyncs) (10:3732242)
I/ActivityManager( 1025): Start proc com.android.packageinstaller for activity com.android.packageinstaller/.PackageInstallerActivity: pid=18406 uid=10085 gids={50085, 1028}
W/ContextImpl( 1295): Calling a method in the system process without a qualified user: android.app.ContextImpl.sendBroadcast:1252 android.content.ContextWrapper.sendBroadcast:365 com.motorola.motocare.util.TriggerHelper$TriggerBuilder.send:76 com.motorola.motocare.internal.frameworkevents.PauseResumeTrigger.handleFrameworkEvent:53 com.motorola.motocare.internal.frameworkevents.FwEventMonitor$FrameworkListener.processFrameworkEvent:114 
W/PackageParser(18406): No actions in intent filter at /storage/emulated/0/Download/GiftMe-release.apk Binary XML file line #15
E/cutils  (  261): Failed to mkdirat(/storage/sdcard1/Android): Read-only file system
W/Vold    (  261): Returning OperationFailed - no handler for errno 30
W/ContextImpl(18353): Failed to ensure directory: /storage/sdcard1/Android/data/com.ghisler.android.TotalCommander/files
D/WifiStateMachine( 1025): handleMessage: E msg.what=151572
D/WifiStateMachine( 1025): processMsg: ConnectedState
D/WifiStateMachine( 1025): processMsg: L2ConnectedState
D/WifiStateMachine( 1025): handleMessage: X
I/Adreno-EGL(18406): <qeglDrvAPI_eglInitialize:410>: EGL 1.4 QUALCOMM build: AU_LINUX_ANDROID_LNX.LA.3.5.1_RB1.04.04.02.048.018_msm8226_LNX.LA.3.5.1_RB1__release_AU ()
I/Adreno-EGL(18406): OpenGL ES Shader Compiler Version: E031.24.00.08
I/Adreno-EGL(18406): Build Date: 03/07/14 Fri
I/Adreno-EGL(18406): Local Branch: 
I/Adreno-EGL(18406): Remote Branch: quic/LNX.LA.3.5.1_RB1.1
I/Adreno-EGL(18406): Local Patches: NONE
I/Adreno-EGL(18406): Reconstruct Branch: AU_LINUX_ANDROID_LNX.LA.3.5.1_RB1.04.04.02.048.018 + f2fd134 +  NOTHING
D/OpenGLRenderer(18406): Enabling debug mode 0
V/RenderScript(18406): 0x6058d0b0 Launching thread(s), CPUs 4
I/LaunchCheckinHandler( 1025): Displayed com.android.packageinstaller/.PackageInstallerActivity,cp,ca,804
I/ActivityManager( 1025): Displayed com.android.packageinstaller/.PackageInstallerActivity: +804ms
D/WifiStateMachine( 1025): handleMessage: E msg.what=151572
D/WifiStateMachine( 1025): processMsg: ConnectedState
D/WifiStateMachine( 1025): processMsg: L2ConnectedState
D/WifiStateMachine( 1025): handleMessage: X
I/ActivityManager( 1025): START u0 {dat=file:///storage/emulated/0/Download/GiftMe-release.apk cmp=com.android.packageinstaller/.InstallAppProgress (has extras)} from pid 18406
W/ContextImpl( 1295): Calling a method in the system process without a qualified user: android.app.ContextImpl.sendBroadcast:1252 android.content.ContextWrapper.sendBroadcast:365 com.motorola.motocare.util.TriggerHelper$TriggerBuilder.send:76 com.motorola.motocare.internal.frameworkevents.PauseResumeTrigger.handleFrameworkEvent:53 com.motorola.motocare.internal.frameworkevents.FwEventMonitor$FrameworkListener.processFrameworkEvent:114 
W/ContextImpl( 1295): Calling a method in the system process without a qualified user: android.app.ContextImpl.sendBroadcast:1252 android.content.ContextWrapper.sendBroadcast:365 com.motorola.motocare.util.TriggerHelper$TriggerBuilder.send:76 com.motorola.motocare.internal.frameworkevents.PauseResumeTrigger.handleFrameworkEvent:53 com.motorola.motocare.internal.frameworkevents.FwEventMonitor$FrameworkListener.processFrameworkEvent:114 
I/ActivityManager( 1025): Process com.google.android.partnersetup (pid 18251) has died.
W/InstallAppProgress(18406): Replacing package:co.giftmeapp.gift_me
I/ActivityManager( 1025): Start proc com.android.defcontainer for service com.android.defcontainer/.DefaultContainerService: pid=18447 uid=10013 gids={50013, 1028, 1015, 1023, 2001, 1035}
I/LaunchCheckinHandler( 1025): Displayed com.android.packageinstaller/.InstallAppProgress,wp,ca,141
I/ActivityManager( 1025): Displayed com.android.packageinstaller/.InstallAppProgress: +142ms
W/ActivityManager( 1025): No content provider found for permission revoke: file:///storage/emulated/0/Download/GiftMe-release.apk
I/ActivityManager( 1025): Start proc com.android.vending for broadcast com.android.vending/com.google.android.vending.verifier.PackageVerificationReceiver: pid=18467 uid=10039 gids={50039, 3003, 1028, 1015}
I/ActivityManager( 1025): Process com.google.android.googlequicksearchbox:search (pid 18227) has died.
D/dalvikvm( 1025): GC_EXPLICIT freed 2284K, 42% free 29374K/50444K, paused 8ms+18ms, total 178ms
D/Finsky  (18467): [1] FinskyApp.onCreate: Initializing network with DFE https://android.clients.google.com/fdfe/
I/ActivityManager( 1025): Start proc com.rhmsoft.fm:service for service com.rhmsoft.fm/com.cleanmaster.fm.service.BackgroundService: pid=18501 uid=10105 gids={50105, 3003, 1028, 1015}
I/SFPerfTracer(  274):      triggers: (rate: 1010:414947) (303277 sw vsyncs) (962746 skipped) (3:2975108 vsyncs) (5:3732343)
D/Finsky  (18467): [1] DailyHygiene.goMakeHygieneIfDirty: No need to run daily hygiene.
I/SFPerfTracer(  274):      triggers: (rate: 1149:45790) (compose: 0:228) (post: 0:20) (render: 74:10160) (0:692147 frames) (1:3020564)
D/SFPerfTracer(  274):        layers: (4:17) (DimLayer: 0:158)* (DimLayer: 0:90)* (FocusedStackFrame: 0:18887)* (StatusBar: 0:235743) (NavigationBar: 0:178730) (DimLayer: 0:22119)* (DimLayer: 0:3869)* (com.android.wallpaper.fall.FallWallpaper: 0:50930)* (: 0:129)* (: 0:434)* (: 0:155) (: 0:130)* (com.ghisler.android.TotalCommander/com.ghisler.android.TotalCommander.TotalCommander: 0:143)* (GiftMe-release.apk: 0:30)* (Starting com.android.packageinstaller: 0:40)* (com.android.packageinstaller/com.android.packageinstaller.PackageInstallerActivity: 0:37)* (com.android.packageinstaller/com.android.packageinstaller.InstallAppProgress: 1:27) 
W/Settings(18467): Setting download_manager_max_bytes_over_mobile has moved from android.provider.Settings.Secure to android.provider.Settings.Global.
W/Settings(18467): Setting download_manager_recommended_max_bytes_over_mobile has moved from android.provider.Settings.Secure to android.provider.Settings.Global.
W/Settings(18501): Setting android_id has moved from android.provider.Settings.System to android.provider.Settings.Secure, returning read-only value.
I/dalvikvm(18467): Could not find method com.google.android.play.layout.PlayCardViewBase.setTransitionName, referenced from method com.google.android.finsky.utils.PlayCardUtils.bindCard
W/dalvikvm(18467): VFY: unable to resolve virtual method 42705: Lcom/google/android/play/layout/PlayCardViewBase;.setTransitionName (Ljava/lang/String;)V
D/dalvikvm(18467): VFY: replacing opcode 0x6e at 0x00d9
I/dalvikvm(18467): Could not find method com.google.android.play.layout.PlayCardViewBase.setTransitionGroup, referenced from method com.google.android.finsky.utils.PlayCardUtils.bindCard
W/dalvikvm(18467): VFY: unable to resolve virtual method 42704: Lcom/google/android/play/layout/PlayCardViewBase;.setTransitionGroup (Z)V
D/dalvikvm(18467): VFY: replacing opcode 0x6e at 0x0246
D/filesDir(18501): /data/data/com.rhmsoft.fm/files
I/dalvikvm(18467): Could not find method android.view.View.getTransitionName, referenced from method com.google.android.finsky.navigationmanager.NavigationManager.showPage
W/dalvikvm(18467): VFY: unable to resolve virtual method 9352: Landroid/view/View;.getTransitionName ()Ljava/lang/String;
D/dalvikvm(18467): VFY: replacing opcode 0x6e at 0x001a
D/Finsky  (18467): [1] PackageVerificationReceiver.onReceive: Verification requested, id = 190
D/Finsky  (18467): [1] 2.run: Loaded library for account: [gKXbJhL8NA2nPUzZyFpjB6tKi7U]
D/Finsky  (18467): [1] 2.run: Finished loading 1 libraries.
D/Finsky  (18467): [1] WorkerTask.onPreExecute: Verification Requested for id = 190, data=file:///storage/emulated/0/Download/GiftMe-release.apk flags=18 fromVerificationActivity=false
D/dalvikvm(18501): Trying to load lib /data/data/com.rhmsoft.fm/lib/libkcmutil.so 0x41faa570
W/linker  (18501): libkcmutil.so has text relocations. This is wasting memory and is a security risk. Please fix.
D/dalvikvm(18501): Added shared lib /data/data/com.rhmsoft.fm/lib/libkcmutil.so 0x41faa570
W/Settings(18501): Setting android_id has moved from android.provider.Settings.System to android.provider.Settings.Secure, returning read-only value.
W/System.err(18501): Commons.readAssetsFileLineString :cn2
W/Settings(18501): Setting android_id has moved from android.provider.Settings.System to android.provider.Settings.Secure, returning read-only value.
W/PackageParser(18467): No actions in intent filter at /storage/emulated/0/Download/GiftMe-release.apk Binary XML file line #15
D/WifiStateMachine( 1025): handleMessage: E msg.what=151572
D/WifiStateMachine( 1025): processMsg: ConnectedState
D/WifiStateMachine( 1025): processMsg: L2ConnectedState
D/WifiStateMachine( 1025): handleMessage: X
D/WifiStateMachine( 1025): handleMessage: E msg.what=131155
D/WifiStateMachine( 1025): processMsg: ConnectedState
D/WifiStateMachine( 1025): processMsg: L2ConnectedState
D/WifiStateMachine( 1025): handleMessage: X
D/Finsky  (18467): [1] GmsCoreHelper.cleanupNlp: result=false type=4
D/Finsky  (18467): [1] RestoreTracker.stopServiceIfDone: Restore complete with 0 success and 0 failed.
I/SBar.NetworkController( 1119): onSignalStrengthsChanged SignalStrength: 11 0 -120 -160 -120 -1 -1 99 2147483647 2147483647 2147483647 2147483647 2147483647 gsm|lte 0 -108 -1 false 3 3 0 0 0 99 99 99 4 level=3
D/WifiStateMachine( 1025): handleMessage: E msg.what=151572
D/WifiStateMachine( 1025): processMsg: ConnectedState
D/WifiStateMachine( 1025): processMsg: L2ConnectedState
D/WifiStateMachine( 1025): handleMessage: X
I/qtaguid (18467): Failed write_ctrl(u 64) res=-1 errno=22
I/qtaguid (18467): Untagging socket 64 failed errno=-22
W/NetworkManagementSocketTagger(18467): untagSocket(64) failed with errno -22
D/Finsky  (18467): [1] 2.onResponse: Verification id=190 response=0
D/Finsky  (18467): [1] PackageVerificationReceiver.onReceive: Verification requested, id = 190
W/ActivityManager( 1025): No content provider found for permission revoke: file:///storage/emulated/0/Download/GiftMe-release.apk
I/PackageManager( 1025): Copying native libraries to /data/app-lib/vmdl1646199
W/PackageParser( 1025): No actions in intent filter at /data/app/vmdl1646199.tmp Binary XML file line #15
I/ActivityManager( 1025): Force stopping co.giftmeapp.gift_me appid=10104 user=-1: uninstall pkg
I/PackageManager( 1025): Package co.giftmeapp.gift_me codePath changed from /data/app/co.giftmeapp.gift_me-2.apk to /data/app/co.giftmeapp.gift_me-1.apk; Retaining data and using new
I/PackageManager( 1025): Running dexopt on: co.giftmeapp.gift_me
I/ActivityManager( 1025): Process com.android.vending (pid 18467) has died.
D/WifiStateMachine( 1025): handleMessage: E msg.what=151572
D/WifiStateMachine( 1025): processMsg: ConnectedState
D/WifiStateMachine( 1025): processMsg: L2ConnectedState
D/WifiStateMachine( 1025): handleMessage: X
I/SFPerfTracer(  274):      triggers: (rate: 1010:414947) (303277 sw vsyncs) (962746 skipped) (0:2975137 vsyncs) (2:3732444)
D/dalvikvm(18546): DexOpt: load 109ms, verify+opt 404ms, 1774468 bytes
W/PackageManager( 1025): Code path for pkg : co.giftmeapp.gift_me changing from /data/app/co.giftmeapp.gift_me-2.apk to /data/app/co.giftmeapp.gift_me-1.apk
I/ActivityManager( 1025): Force stopping co.giftmeapp.gift_me appid=10104 user=-1: update pkg
W/PackageManager( 1025): Resource path for pkg : co.giftmeapp.gift_me changing from /data/app/co.giftmeapp.gift_me-2.apk to /data/app/co.giftmeapp.gift_me-1.apk
I/ActivityManager( 1025): Force stopping co.giftmeapp.gift_me appid=10104 user=0: pkg removed
D/dalvikvm( 2458): GC_EXPLICIT freed 1661K, 45% free 9537K/17224K, paused 3ms+7ms, total 34ms
D/dalvikvm( 1119): GC_EXPLICIT freed 1548K, 32% free 14084K/20556K, paused 2ms+4ms, total 33ms
I/InputReader( 1025): Reconfiguring input devices.  changes=0x00000010
I/PackageManager( 1025): Adding preferred activity ComponentInfo{com.android.mms/com.android.mms.ui.ComposeMessageActivity} for user 0 :
I/PackageManager( 1025):   Action: "android.intent.action.SENDTO"
I/PackageManager( 1025):   Category: "android.intent.category.DEFAULT"
I/PackageManager( 1025):   Scheme: "sms"
I/InputReader( 1025): Reconfiguring input devices.  changes=0x00000010
I/PackageManager( 1025): Adding preferred activity ComponentInfo{com.android.mms/com.android.mms.ui.ComposeMessageActivity} for user 0 :
I/PackageManager( 1025):   Action: "android.intent.action.SENDTO"
I/PackageManager( 1025):   Category: "android.intent.category.DEFAULT"
I/PackageManager( 1025):   Scheme: "smsto"
D/dalvikvm(18353): GC_EXPLICIT freed 1465K, 40% free 10503K/17224K, paused 30ms+12ms, total 116ms
I/PackageManager( 1025): Adding preferred activity ComponentInfo{com.android.mms/com.android.mms.ui.ComposeMessageActivity} for user 0 :
I/PackageManager( 1025):   Action: "android.intent.action.SENDTO"
I/PackageManager( 1025):   Category: "android.intent.category.DEFAULT"
I/PackageManager( 1025):   Scheme: "mms"
D/WifiStateMachine( 1025): handleMessage: E msg.what=151572
D/WifiStateMachine( 1025): processMsg: ConnectedState
D/WifiStateMachine( 1025): processMsg: L2ConnectedState
D/WifiStateMachine( 1025): handleMessage: X
I/PackageManager( 1025): Adding preferred activity ComponentInfo{com.android.mms/com.android.mms.ui.ComposeMessageActivity} for user 0 :
I/PackageManager( 1025):   Action: "android.intent.action.SENDTO"
I/PackageManager( 1025):   Category: "android.intent.category.DEFAULT"
I/PackageManager( 1025):   Scheme: "mmsto"
I/InputReader( 1025): Reconfiguring input devices.  changes=0x00000010
I/PackageManager( 1025): Adding preferred activity ComponentInfo{com.android.mms/com.android.mms.ui.ComposeMessageActivity} for user 0 :
I/PackageManager( 1025):   Action: "android.intent.action.SENDTO"
I/PackageManager( 1025):   Category: "android.intent.category.DEFAULT"
I/PackageManager( 1025):   Scheme: "sms"
I/ActivityManager( 1025): Start proc com.android.launcher for broadcast com.android.launcher/com.android.launcher2.PackageChangedReceiver: pid=18559 uid=10029 gids={50029, 1028}
D/WifiStateMachine( 1025): handleMessage: E msg.what=131155
D/WifiStateMachine( 1025): processMsg: ConnectedState
D/WifiStateMachine( 1025): processMsg: L2ConnectedState
D/WifiStateMachine( 1025): handleMessage: X
D/dalvikvm( 1025): GC_CONCURRENT freed 4747K, 42% free 29728K/50444K, paused 6ms+21ms, total 179ms
D/dalvikvm( 1025): WAIT_FOR_CONCURRENT_GC blocked 152ms
D/dalvikvm( 1025): GC_EXPLICIT freed 458K, 42% free 29270K/50444K, paused 6ms+20ms, total 168ms
D/dalvikvm( 1025): WAIT_FOR_CONCURRENT_GC blocked 245ms
D/dalvikvm( 1025): WAIT_FOR_CONCURRENT_GC blocked 312ms
D/dalvikvm( 1025): WAIT_FOR_CONCURRENT_GC blocked 249ms
I/PackageManager( 1025): Adding preferred activity ComponentInfo{com.android.mms/com.android.mms.ui.ComposeMessageActivity} for user 0 :
I/PackageManager( 1025):   Action: "android.intent.action.SENDTO"
I/PackageManager( 1025):   Category: "android.intent.category.DEFAULT"
I/PackageManager( 1025):   Scheme: "smsto"
I/ActivityManager( 1025): Process com.android.defcontainer (pid 18447) has died.
I/PackageManager( 1025): Adding preferred activity ComponentInfo{com.android.mms/com.android.mms.ui.ComposeMessageActivity} for user 0 :
I/PackageManager( 1025):   Action: "android.intent.action.SENDTO"
I/PackageManager( 1025):   Category: "android.intent.category.DEFAULT"
I/PackageManager( 1025):   Scheme: "mms"
I/PackageManager( 1025): Adding preferred activity ComponentInfo{com.android.mms/com.android.mms.ui.ComposeMessageActivity} for user 0 :
I/PackageManager( 1025):   Action: "android.intent.action.SENDTO"
I/PackageManager( 1025):   Category: "android.intent.category.DEFAULT"
I/PackageManager( 1025):   Scheme: "mmsto"
I/PackageManager( 1025): Adding preferred activity ComponentInfo{com.android.mms/com.android.mms.ui.ComposeMessageActivity} for user 0 :
I/PackageManager( 1025):   Action: "android.intent.action.SENDTO"
I/PackageManager( 1025):   Category: "android.intent.category.DEFAULT"
I/PackageManager( 1025):   Scheme: "sms"
I/PackageManager( 1025): Adding preferred activity ComponentInfo{com.android.mms/com.android.mms.ui.ComposeMessageActivity} for user 0 :
I/PackageManager( 1025):   Action: "android.intent.action.SENDTO"
I/PackageManager( 1025):   Category: "android.intent.category.DEFAULT"
I/PackageManager( 1025):   Scheme: "smsto"
I/PackageManager( 1025): Adding preferred activity ComponentInfo{com.android.mms/com.android.mms.ui.ComposeMessageActivity} for user 0 :
I/PackageManager( 1025):   Action: "android.intent.action.SENDTO"
I/PackageManager( 1025):   Category: "android.intent.category.DEFAULT"
I/PackageManager( 1025):   Scheme: "mms"
I/PackageManager( 1025): Adding preferred activity ComponentInfo{com.android.mms/com.android.mms.ui.ComposeMessageActivity} for user 0 :
I/PackageManager( 1025):   Action: "android.intent.action.SENDTO"
I/PackageManager( 1025):   Category: "android.intent.category.DEFAULT"
I/PackageManager( 1025):   Scheme: "mmsto"
I/PackageManager( 1025): Adding preferred activity ComponentInfo{com.android.mms/com.android.mms.ui.ComposeMessageActivity} for user 0 :
I/PackageManager( 1025):   Action: "android.intent.action.SENDTO"
I/PackageManager( 1025):   Category: "android.intent.category.DEFAULT"
I/PackageManager( 1025):   Scheme: "sms"
I/PackageManager( 1025): Adding preferred activity ComponentInfo{com.android.mms/com.android.mms.ui.ComposeMessageActivity} for user 0 :
I/PackageManager( 1025):   Action: "android.intent.action.SENDTO"
I/PackageManager( 1025):   Category: "android.intent.category.DEFAULT"
I/PackageManager( 1025):   Scheme: "smsto"
I/PackageManager( 1025): Adding preferred activity ComponentInfo{com.android.mms/com.android.mms.ui.ComposeMessageActivity} for user 0 :
I/PackageManager( 1025):   Action: "android.intent.action.SENDTO"
I/PackageManager( 1025):   Category: "android.intent.category.DEFAULT"
I/PackageManager( 1025):   Scheme: "mms"
I/ActivityManager( 1025): Start proc com.android.keychain for broadcast com.android.keychain/.KeyChainBroadcastReceiver: pid=18586 uid=1000 gids={41000, 1028, 1015, 3002, 3001, 3003, 1021, 3004, 3005, 1000, 3009, 1023, 1010, 1004, 2002, 3006}
I/PackageManager( 1025): Adding preferred activity ComponentInfo{com.android.mms/com.android.mms.ui.ComposeMessageActivity} for user 0 :
I/PackageManager( 1025):   Action: "android.intent.action.SENDTO"
I/PackageManager( 1025):   Category: "android.intent.category.DEFAULT"
I/PackageManager( 1025):   Scheme: "mmsto"
I/ActivityManager( 1025): Process com.android.launcher (pid 18559) has died.
I/PackageManager( 1025): Adding preferred activity ComponentInfo{com.android.mms/com.android.mms.ui.ComposeMessageActivity} for user 0 :
I/PackageManager( 1025):   Action: "android.intent.action.SENDTO"
I/PackageManager( 1025):   Category: "android.intent.category.DEFAULT"
I/PackageManager( 1025):   Scheme: "sms"
I/PackageManager( 1025): Adding preferred activity ComponentInfo{com.android.mms/com.android.mms.ui.ComposeMessageActivity} for user 0 :
I/PackageManager( 1025):   Action: "android.intent.action.SENDTO"
I/PackageManager( 1025):   Category: "android.intent.category.DEFAULT"
I/PackageManager( 1025):   Scheme: "smsto"
I/PackageManager( 1025): Adding preferred activity ComponentInfo{com.android.mms/com.android.mms.ui.ComposeMessageActivity} for user 0 :
I/PackageManager( 1025):   Action: "android.intent.action.SENDTO"
I/PackageManager( 1025):   Category: "android.intent.category.DEFAULT"
I/PackageManager( 1025):   Scheme: "mms"
I/PackageManager( 1025): Adding preferred activity ComponentInfo{com.android.mms/com.android.mms.ui.ComposeMessageActivity} for user 0 :
I/PackageManager( 1025):   Action: "android.intent.action.SENDTO"
I/PackageManager( 1025):   Category: "android.intent.category.DEFAULT"
I/PackageManager( 1025):   Scheme: "mmsto"
W/ContextImpl(18586): Calling a method in the system process without a qualified user: android.app.ContextImpl.startService:1608 android.content.ContextWrapper.startService:494 android.content.ContextWrapper.startService:494 com.android.keychain.KeyChainBroadcastReceiver.onReceive:12 android.app.ActivityThread.handleReceiver:2434 
I/PackageManager( 1025): Adding preferred activity ComponentInfo{com.android.mms/com.android.mms.ui.ComposeMessageActivity} for user 0 :
I/PackageManager( 1025):   Action: "android.intent.action.SENDTO"
I/PackageManager( 1025):   Category: "android.intent.category.DEFAULT"
I/PackageManager( 1025):   Scheme: "sms"
I/ActivityManager( 1025): Start proc com.android.vending for broadcast com.android.vending/com.google.android.finsky.receivers.PackageMonitorReceiver$RegisteredReceiver: pid=18599 uid=10039 gids={50039, 3003, 1028, 1015}
I/PackageManager( 1025): Adding preferred activity ComponentInfo{com.android.mms/com.android.mms.ui.ComposeMessageActivity} for user 0 :
I/PackageManager( 1025):   Action: "android.intent.action.SENDTO"
I/PackageManager( 1025):   Category: "android.intent.category.DEFAULT"
I/PackageManager( 1025):   Scheme: "smsto"
I/PackageManager( 1025): Adding preferred activity ComponentInfo{com.android.mms/com.android.mms.ui.ComposeMessageActivity} for user 0 :
I/PackageManager( 1025):   Action: "android.intent.action.SENDTO"
I/PackageManager( 1025):   Category: "android.intent.category.DEFAULT"
I/PackageManager( 1025):   Scheme: "mms"
I/PackageManager( 1025): Adding preferred activity ComponentInfo{com.android.mms/com.android.mms.ui.ComposeMessageActivity} for user 0 :
I/PackageManager( 1025):   Action: "android.intent.action.SENDTO"
I/PackageManager( 1025):   Category: "android.intent.category.DEFAULT"
I/PackageManager( 1025):   Scheme: "mmsto"
I/SBar.NetworkController( 1119): onSignalStrengthsChanged SignalStrength: 12 0 -120 -160 -120 -1 -1 99 2147483647 2147483647 2147483647 2147483647 2147483647 gsm|lte 0 -108 -1 false 4 4 0 0 0 99 99 99 4 level=4
I/ActivityManager( 1025): Process com.android.keychain (pid 18586) has died.
D/Finsky  (18599): [1] FinskyApp.onCreate: Initializing network with DFE https://android.clients.google.com/fdfe/
D/WifiStateMachine( 1025): handleMessage: E msg.what=151572
D/WifiStateMachine( 1025): processMsg: ConnectedState
D/WifiStateMachine( 1025): processMsg: L2ConnectedState
D/WifiStateMachine( 1025): handleMessage: X
D/Finsky  (18599): [1] DailyHygiene.goMakeHygieneIfDirty: No need to run daily hygiene.
W/Settings(18599): Setting download_manager_max_bytes_over_mobile has moved from android.provider.Settings.Secure to android.provider.Settings.Global.
W/Settings(18599): Setting download_manager_recommended_max_bytes_over_mobile has moved from android.provider.Settings.Secure to android.provider.Settings.Global.
I/dalvikvm(18599): Could not find method com.google.android.play.layout.PlayCardViewBase.setTransitionName, referenced from method com.google.android.finsky.utils.PlayCardUtils.bindCard
W/dalvikvm(18599): VFY: unable to resolve virtual method 42705: Lcom/google/android/play/layout/PlayCardViewBase;.setTransitionName (Ljava/lang/String;)V
D/dalvikvm(18599): VFY: replacing opcode 0x6e at 0x00d9
I/dalvikvm(18599): Could not find method com.google.android.play.layout.PlayCardViewBase.setTransitionGroup, referenced from method com.google.android.finsky.utils.PlayCardUtils.bindCard
W/dalvikvm(18599): VFY: unable to resolve virtual method 42704: Lcom/google/android/play/layout/PlayCardViewBase;.setTransitionGroup (Z)V
D/dalvikvm(18599): VFY: replacing opcode 0x6e at 0x0246
I/dalvikvm(18599): Could not find method android.view.View.getTransitionName, referenced from method com.google.android.finsky.navigationmanager.NavigationManager.showPage
W/dalvikvm(18599): VFY: unable to resolve virtual method 9352: Landroid/view/View;.getTransitionName ()Ljava/lang/String;
D/dalvikvm(18599): VFY: replacing opcode 0x6e at 0x001a
E/NetworkScheduler.SchedulerReceiver(16934): Invalid parameter app
E/NetworkScheduler.SchedulerReceiver(16934): Invalid package name : Perhaps you didn't include a PendingIntent in the extras?
D/Finsky  (18599): [1] 2.run: Loaded library for account: [gKXbJhL8NA2nPUzZyFpjB6tKi7U]
D/Finsky  (18599): [1] 2.run: Finished loading 1 libraries.
D/PackageBroadcastService(14123): Received broadcast action=android.intent.action.PACKAGE_REMOVED and uri=co.giftmeapp.gift_me
I/ConfigService(16934): onCreate
I/ConfigService(16934): onBind for Intent { act=com.google.android.gms.config.UPDATE pkg=com.google.android.gms } action com.google.android.gms.config.UPDATE
I/ConfigFetchService(14123): onStartCommand Intent { act=android.intent.action.PACKAGE_REMOVED dat=package:co.giftmeapp.gift_me cmp=com.google.android.gms/.config.ConfigFetchService (has extras) }
I/ConfigService(16934): onBind returning update interface
I/ConfigService(16934): onBind for Intent { act=com.google.android.gms.config.START pkg=com.google.android.gms } action com.google.android.gms.config.START
I/ConfigService(16934): onBind returning service broker
I/ActivityManager( 1025): Start proc com.google.android.apps.docs for broadcast com.google.android.apps.docs/.receivers.AppPackageAddRemoveReceiver: pid=18639 uid=10060 gids={50060, 3003, 1028, 1015}
I/ActivityManager( 1025): Process com.android.vending (pid 18599) has died.
I/dalvikvm(18639): Could not find method android.app.Activity.finishAfterTransition, referenced from method r.c_
W/dalvikvm(18639): VFY: unable to resolve virtual method 2773: Landroid/app/Activity;.finishAfterTransition ()V
D/dalvikvm(18639): VFY: replacing opcode 0x6e at 0x0006
D/BackupManagerService( 1025): Received broadcast Intent { act=android.intent.action.PACKAGE_REMOVED dat=package:co.giftmeapp.gift_me flg=0x4000010 (has extras) }
D/BackupManagerService( 1025): Received broadcast Intent { act=android.intent.action.PACKAGE_ADDED dat=package:co.giftmeapp.gift_me flg=0x4000010 (has extras) }
V/BackupManagerService( 1025): removePackageParticipantsLocked: uid=10104 #1
V/BackupManagerService( 1025): addPackageParticipantsLocked: #1
W/SyncWapiModule(18639): isPlayServicesEnabled=
W/SyncWapiModule(18639): isPlayServicesEnabled=
I/ActivityManager( 1025): START u0 {act=android.intent.action.MAIN cat=[android.intent.category.LAUNCHER] flg=0x10000000 pkg=co.giftmeapp.gift_me cmp=co.giftmeapp.gift_me/.GiftMe} from pid 18406
W/ContextImpl( 1295): Calling a method in the system process without a qualified user: android.app.ContextImpl.sendBroadcast:1252 android.content.ContextWrapper.sendBroadcast:365 com.motorola.motocare.util.TriggerHelper$TriggerBuilder.send:76 com.motorola.motocare.internal.frameworkevents.PauseResumeTrigger.handleFrameworkEvent:53 com.motorola.motocare.internal.frameworkevents.FwEventMonitor$FrameworkListener.processFrameworkEvent:114 
I/ActivityManager( 1025): Start proc co.giftmeapp.gift_me for activity co.giftmeapp.gift_me/.GiftMe: pid=18677 uid=10104 gids={50104, 3003, 1028, 1015}
I/dalvikvm(18677): Enabling JNI app bug workarounds for target SDK version 7...
D/WifiStateMachine( 1025): handleMessage: E msg.what=151572
D/WifiStateMachine( 1025): processMsg: ConnectedState
D/WifiStateMachine( 1025): processMsg: L2ConnectedState
W/ContextImpl( 1295): Calling a method in the system process without a qualified user: android.app.ContextImpl.sendBroadcast:1252 android.content.ContextWrapper.sendBroadcast:365 com.motorola.motocare.util.TriggerHelper$TriggerBuilder.send:76 com.motorola.motocare.internal.frameworkevents.PauseResumeTrigger.handleFrameworkEvent:53 com.motorola.motocare.internal.frameworkevents.FwEventMonitor$FrameworkListener.processFrameworkEvent:114 
D/WifiStateMachine( 1025): handleMessage: X
W/GAV2    (18639): Thread[main,5,main]: Need to call initialize() and be in fallback mode to start dispatch.
V/PhoneStatusBar( 1119): setLightsOn(true)
I/ActivityManager( 1025): Start proc com.motorola.MotGallery2 for broadcast com.motorola.MotGallery2/com.android.gallery3d.app.PackagesMonitor: pid=18707 uid=10034 gids={50034, 3003, 1028, 1015}
D/dalvikvm(  275): GC_EXPLICIT freed 43K, 48% free 9011K/17224K, paused 5ms+2ms, total 31ms
I/CordovaLog(18677): Changing log level to DEBUG(3)
D/CordovaActivity(18677): CordovaActivity.init()
I/dalvikvm(18677): Could not find method android.webkit.CookieManager.setAcceptThirdPartyCookies, referenced from method org.apache.cordova.CordovaWebView.initWebViewSettings
W/dalvikvm(18677): VFY: unable to resolve virtual method 6167: Landroid/webkit/CookieManager;.setAcceptThirdPartyCookies (Landroid/webkit/WebView;Z)V
D/dalvikvm(18677): VFY: replacing opcode 0x6e at 0x002a
D/dalvikvm(  275): GC_EXPLICIT freed <1K, 48% free 9011K/17224K, paused 2ms+2ms, total 22ms
D/dalvikvm(  275): GC_EXPLICIT freed <1K, 48% free 9011K/17224K, paused 2ms+3ms, total 21ms
V/WebViewChromiumFactoryProvider(18677): Binding Chromium to main looper Looper (main, tid 1) {41faad30}
I/LibraryLoader(18677): Expected native library version number "",actual native library version number ""
I/chromium(18677): [INFO:library_loader_hooks.cc(116)] Chromium logging enabled: level = 0, default verbosity = 0
I/BrowserStartupController(18677): Initializing chromium process, renderers=0
E/AudioManagerAndroid(18677): BLUETOOTH permission is missing!
I/Adreno-EGL(18677): <qeglDrvAPI_eglInitialize:410>: EGL 1.4 QUALCOMM build: AU_LINUX_ANDROID_LNX.LA.3.5.1_RB1.04.04.02.048.018_msm8226_LNX.LA.3.5.1_RB1__release_AU ()
I/Adreno-EGL(18677): OpenGL ES Shader Compiler Version: E031.24.00.08
I/Adreno-EGL(18677): Build Date: 03/07/14 Fri
I/Adreno-EGL(18677): Local Branch: 
I/Adreno-EGL(18677): Remote Branch: quic/LNX.LA.3.5.1_RB1.1
I/Adreno-EGL(18677): Local Patches: NONE
I/Adreno-EGL(18677): Reconstruct Branch: AU_LINUX_ANDROID_LNX.LA.3.5.1_RB1.04.04.02.048.018 + f2fd134 +  NOTHING
I/ActivityManager( 1025): Start proc com.google.android.googlequicksearchbox:search for broadcast com.google.android.googlequicksearchbox/com.google.android.search.core.icingsync.IcingCorporaChangedReceiver: pid=18734 uid=10045 gids={50045, 3003, 3001, 1028, 3002, 1015}
I/ActivityManager( 1025): Process com.viber.voip (pid 17825) has died.
W/ActivityManager( 1025): Scheduling restart of crashed service com.viber.voip/com.viber.service.VoipConnectorService in 4000ms
W/ActivityManager( 1025): Scheduling restart of crashed service com.viber.voip/.api.billing.InAppBillingService in 44000ms
W/chromium(18677): [WARNING:proxy_service.cc(890)] PAC support disabled because there is no system implementation
D/CordovaActivity(18677): CordovaActivity.createViews()
W/dalvikvm(18677): VFY: unable to find class referenced in signature (Landroid/webkit/ClientCertRequest;)
W/dalvikvm(18677): VFY: unable to find class referenced in signature (Landroid/webkit/ClientCertRequest;)
I/dalvikvm(18677): Could not find method android.webkit.WebViewClient.onReceivedClientCertRequest, referenced from method org.apache.cordova.CordovaWebViewClient.onReceivedClientCertRequest
W/dalvikvm(18677): VFY: unable to resolve virtual method 6239: Landroid/webkit/WebViewClient;.onReceivedClientCertRequest (Landroid/webkit/WebView;Landroid/webkit/ClientCertRequest;)V
D/dalvikvm(18677): VFY: replacing opcode 0x6f at 0x001c
I/SFPerfTracer(  274):      triggers: (rate: 1149:45790) (compose: 0:228) (post: 0:20) (render: 74:10160) (17:692164 frames) (18:3020675)
D/SFPerfTracer(  274):        layers: (5:14) (DimLayer: 0:158)* (DimLayer: 0:90)* (FocusedStackFrame: 1:18890)* (StatusBar: 0:235749) (NavigationBar: 1:178731) (DimLayer: 0:22119)* (DimLayer: 1:3870) (com.android.wallpaper.fall.FallWallpaper: 0:50930)* (: 0:129)* (: 0:434)* (: 0:155) (: 0:130)* (com.android.packageinstaller/com.android.packageinstaller.InstallAppProgress: 16:129) (Starting co.giftmeapp.gift_me: 1:3)* 
I/dalvikvm(18677): Could not find method android.webkit.WebChromeClient$FileChooserParams.createIntent, referenced from method org.apache.cordova.CordovaChromeClient.onShowFileChooser
W/dalvikvm(18677): VFY: unable to resolve virtual method 6186: Landroid/webkit/WebChromeClient$FileChooserParams;.createIntent ()Landroid/content/Intent;
D/dalvikvm(18677): VFY: replacing opcode 0x6e at 0x0000
D/PluginManager(18677): init()
D/CordovaWebView(18677): CordovaWebView is running on device made by: motorola
D/CordovaWebView(18677): >>> loadUrl(file:///android_asset/www/index.html)
D/CordovaWebView(18677): >>> loadUrlNow()
D/CordovaActivity(18677): Resuming the App
I/ActivityManager( 1025): Start proc com.evernote for broadcast com.evernote/.util.WidgetTracker: pid=18767 uid=10134 gids={50134, 3003, 1028, 1015}
I/ActivityManager( 1025): Process com.motorola.MotGallery2 (pid 18707) has died.
D/AudioManagerAndroid(18677): ==> onReceive: s=0, m=1, n=h2w, sb=true
D/AudioManagerAndroid(18677): reportUpdate: state=0, devices=[Speakerphone, Headset earpiece]
D/SoftKeyboardDetect(18677): Ignore this event
D/OpenGLRenderer(18677): Enabling debug mode 0
I/MultiDex(18767): VM with version 1.6.0 does not have multidex support
I/MultiDex(18767): install
I/MultiDex(18767): MultiDexExtractor.load(/data/app/com.evernote-1.apk, false)
I/MultiDex(18767): loading existing secondary dex files
I/MultiDex(18767): load found 0 secondary dex files
I/MultiDex(18767): install done
D/Ulp_jni ( 1025): Location CB invoked
I/ActivityManager( 1025): Process com.google.android.googlequicksearchbox:search (pid 18734) has died.
D/SoftKeyboardDetect(18677): Ignore this event
W/GAV2    (18639): Thread[main,5,main]: dispatch call queued.  Need to call GAServiceManager.getInstance().initialize().
I/SFPerfTracer(  274):      triggers: (rate: 1010:414947) (303277 sw vsyncs) (962746 skipped) (43:2975198 vsyncs) (45:3732553)
I/LaunchCheckinHandler( 1025): Displayed co.giftmeapp.gift_me/.GiftMe,cp,ca,764
I/ActivityManager( 1025): Displayed co.giftmeapp.gift_me/.GiftMe: +767ms
E/rsC++   (18406): RS Message thread exiting.
D/CordovaWebViewClient(18677): onPageStarted(file:///android_asset/www/index.html)
D/CordovaActivity(18677): onMessage(onPageStarted,file:///android_asset/www/index.html)
I/ActivityManager( 1025): Process com.google.android.apps.docs (pid 18639) has died.
D/WifiStateMachine( 1025): handleMessage: E msg.what=151572
D/WifiStateMachine( 1025): processMsg: ConnectedState
D/WifiStateMachine( 1025): processMsg: L2ConnectedState
D/EN      (18767): MemoryMapAppender.ctor()
D/EN      (18767): MemoryMapAppender.ctor-end()
D/WifiStateMachine( 1025): handleMessage: X
D/EN      (18767): [EvernoteProvider] - Provider+++++onCreate()
D/EN      (18767): [d] - AccountManager()::userIds=102703026
D/EN      (18767): [b] - creating new AccountInfo()::userId102703026
D/JsMessageQueue(18677): Set native->JS mode to OnlineEventsBridgeMode
D/EN      (18767): [d] - AccountManager()::adding account::102703026::timcallagy
D/EN      (18767): [d] - AccountManager()::count=1
D/EN      (18767): [d] - initialized:
D/EN      (18767): [a] - getInstance()::
D/EN      (18767): [al] - Register SD Card Receiver ++++++++++++++++++++
D/EN      (18767): [al] - checkForRecentUnmount() end
D/EN      (18767): [a] - locale is set=en_GB
D/EN      (18767): [a] - isDBONSDcard()=true
I/EN      (18767): [al] - getSDCardStatus()::mounted::noStorageText=null
D/EN      (18767): [a] - isDBFileChanged()::lastFilePath in pref=/data/data/com.evernote/files/user-102703026/.external-1428259012787-Evernote.db
E/EN      (18767): [a] - isDBFileChanged()::+++++++++lastFilePath exists/data/data/com.evernote/files/user-102703026/.external-1428259012787-Evernote.db
D/EN      (18767): [a] - getInstance()::DBFile NOT Changed
D/EN      (18767): [a] - isDBONSDcard()=true
D/EN      (18767): [a] - moveToSDcard()::start::Evernote.DB_ON_SDCARD=true
D/EN      (18767): [a] - isDBONSDcard()=true
E/EN      (18767): [a] - isLastDBFileOnSDCard()::+++++++++++lastFilePath exists/data/data/com.evernote/files/user-102703026/.external-1428259012787-Evernote.db
D/EN      (18767): [a] - isDBONSDcard()=true
D/EN      (18767): [a] - getDBfilePath()::++++++++++++++++lastFilePath from preferences/data/data/com.evernote/files/user-102703026/.external-1428259012787-Evernote.db
E/EN      (18767): [a] - getDBfilePath()::++++++++++++++++lastFilePath exists/data/data/com.evernote/files/user-102703026/.external-1428259012787-Evernote.db
D/EN      (18767): [EvernoteProvider] - cleanupOldThumbnailsIfNeeded()
I/ReleaseProperties(18767): Current app is: evernote
I/ReleaseProperties(18767): propFile: release is now loaded
I/ReleaseProperties(18767): propFile: play is now loaded
I/ReleaseProperties(18767): propFile: base is now loaded
I/ReleaseProperties(18767): propFile: override is now loaded
D/WifiStateMachine( 1025): handleMessage: E msg.what=131155
D/WifiStateMachine( 1025): processMsg: ConnectedState
D/WifiStateMachine( 1025): processMsg: L2ConnectedState
D/MarketUtils(18767): isPackageInstalled() - com.android.vending is installed
D/MarketUtils(18767): isPackageInstalled() - com.android.vending is installed
D/MarketUtils(18767): isPackageInstalled() - com.android.vending is installed
D/WifiStateMachine( 1025): handleMessage: X
D/MarketUtils(18767): isPackageInstalled() - com.android.vending is installed
I/ReleaseProperties(18767): ReleaseProperties: 
I/ReleaseProperties(18767):   bundleName=google-play
I/ReleaseProperties(18767):   revision=AM_702_524
I/ReleaseProperties(18767):   type=public
I/ReleaseProperties(18767):   gitHash=313f54a11431af98d659728265b72cfcf9ec527e
I/ReleaseProperties(18767):   baseSearchUri=market://search?q=
D/ReleaseProperties(18767): getReferralPersistencePath():: old=false:: path=/storage/emulated/0/.enref
D/MarketUtils(18767): isPackageInstalled() - com.android.vending is installed
D/MarketUtils(18767): isPackageInstalled() - com.android.vending is installed
I/ReleaseProperties(18767): From file referralCode=android
D/EN      (18767): [a] - isDBONSDcard()=true
D/EN      (18767): [Evernote] - VERSION_CODE: 1070243
D/MarketUtils(18767): isPackageInstalled() - com.android.vending is installed
D/MarketUtils(18767): isPackageInstalled() - com.android.vending is installed
I/dalvikvm(18767): Could not find method android.content.pm.PackageManager.getActivityBanner, referenced from method com.evernote.d.b.getActivityBanner
W/dalvikvm(18767): VFY: unable to resolve virtual method 793: Landroid/content/pm/PackageManager;.getActivityBanner (Landroid/content/ComponentName;)Landroid/graphics/drawable/Drawable;
D/dalvikvm(18767): VFY: replacing opcode 0x6e at 0x0002
I/dalvikvm(18767): Could not find method android.content.pm.PackageManager.getActivityBanner, referenced from method com.evernote.d.b.getActivityBanner
W/dalvikvm(18767): VFY: unable to resolve virtual method 794: Landroid/content/pm/PackageManager;.getActivityBanner (Landroid/content/Intent;)Landroid/graphics/drawable/Drawable;
D/dalvikvm(18767): VFY: replacing opcode 0x6e at 0x0002
I/dalvikvm(18767): Could not find method android.content.pm.PackageManager.getApplicationBanner, referenced from method com.evernote.d.b.getApplicationBanner
W/dalvikvm(18767): VFY: unable to resolve virtual method 801: Landroid/content/pm/PackageManager;.getApplicationBanner (Landroid/content/pm/ApplicationInfo;)Landroid/graphics/drawable/Drawable;
D/dalvikvm(18767): VFY: replacing opcode 0x6e at 0x0002
I/dalvikvm(18767): Could not find method android.content.pm.PackageManager.getApplicationBanner, referenced from method com.evernote.d.b.getApplicationBanner
W/dalvikvm(18767): VFY: unable to resolve virtual method 802: Landroid/content/pm/PackageManager;.getApplicationBanner (Ljava/lang/String;)Landroid/graphics/drawable/Drawable;
D/dalvikvm(18767): VFY: replacing opcode 0x6e at 0x0002
I/dalvikvm(18767): Could not find method android.content.pm.PackageManager.getLeanbackLaunchIntentForPackage, referenced from method com.evernote.d.b.getLeanbackLaunchIntentForPackage
W/dalvikvm(18767): VFY: unable to resolve virtual method 818: Landroid/content/pm/PackageManager;.getLeanbackLaunchIntentForPackage (Ljava/lang/String;)Landroid/content/Intent;
D/dalvikvm(18767): VFY: replacing opcode 0x6e at 0x0002
