--------- beginning of /dev/log/system
V/LocationManagerService(  588): getProviders
V/LocationManagerService(  588): getLastKnownLocation: gps
V/LocationManagerService(  588): getLastKnownLocation: network
V/LocationManagerService(  588): getLastKnownLocation: hybrid
V/LocationManagerService(  588): In requestLocationUpdates. provider passiveminTime: 1800000single shot: false Receiver: Receiver{42aa7c00 Intent PendingIntent{42aa78d8: PendingIntentRecord{42aa77f0 com.hailocab.consumer broadcastIntent}}}mUpdateRecords: {passive=UpdateRecord{42b35af0 mProvider: passive mUid: 10091}}
V/LocationManagerService(  588): In requestLocationUpdatesLocked. provider: passive requiredPermissions: android.permission.ACCESS_FINE_LOCATION
I/LocationManagerService(  588): request passive (pid 5581) 1800000 0
V/LocationManagerService(  588): [LGPS] _requestLocationUpdates: enableLocationTracking(true)
D/LocationManagerService(  588): _requestLocationUpdates: provider = passive listener = Receiver{42aa7c00 Intent PendingIntent{42aa78d8: PendingIntentRecord{42aa77f0 com.hailocab.consumer broadcastIntent}}}mUpdateRecords: {passive=UpdateRecord{42ef9a60 mProvider: passive mUid: 10091}}
V/LocationManagerService(  588): getProviders
V/LocationManagerService(  588): getLastKnownLocation: network
V/LocationManagerService(  588): getLastKnownLocation: passive
V/LocationManagerService(  588): getLastKnownLocation: hybrid
D/webcoreglue( 5581): netstack: Memory Cache feature is ON
D/PowerManagerService(  588): acquireWakeLock(426575b0): PARTIAL_WAKE_LOCK , tag=MediaScannerService, flags=0x1, pid=4659, uid=10023, mUserState=0x0
I/ActivityManager(  588): Start proc com.vkontakte.android for broadcast com.vkontakte.android/.NetworkStateReceiver: pid=5638 uid=10172 gids={1006, 3003, 1015, 1028}
D/PowerManagerService(  588): acquireWakeLock(429f37b8): PARTIAL_WAKE_LOCK , tag=*net_scheduler*, flags=0x1, pid=27794, uid=10017, mUserState=0x0
I/ActivityManager(  588): Recipient 5444
I/ActivityManager(  588): Process com.htc.cs.dm (pid 5444) has died.
D/PowerManagerService(  588): releaseWakeLock(429f37b8): PARTIAL_WAKE_LOCK , tag=*net_scheduler*, flags=0x1
D/HostStatisticManager( 5581): netstack: DNS Host Prioritization is: ON, Version: 5.0.1
D/        ( 5581): dl error message Cannot load library: link_image[1891]:   253 could not load needed library 'libcneapiclient.so' for 'libtcpfinaggr.so' (load_library[1093]: Library 'libcneapiclient.so' not found)
D/Socket_Pool( 5581): Failed to create TCP Fin Aggregation interface.
D/Socket_Pool( 5581): netstack: CloseUnusedSockets is ON
D/Socket_Pool( 5581): netstack: system net.statistics value: 0
D/Socket_Pool( 5581): Failed to create TCP Fin Aggregation interface.
D/Socket_Pool( 5581): netstack: CloseUnusedSockets is ON
D/Socket_Pool( 5581): netstack: system net.statistics value: 0
D/        ( 5581): external/chromium/net/http/http_getzip_factory.cc: libgetzip.so successfully loaded
D/        ( 5581): external/chromium/net/http/http_getzip_factory.cc,: GETzip initializing method was found in libgetzip.so
D/        ( 5581): netstack: Getzip is: ON, Version: 5.0.1
D/Socket_Pool( 5581): Failed to create TCP Fin Aggregation interface.
D/Socket_Pool( 5581): netstack: CloseUnusedSockets is ON
D/Socket_Pool( 5581): netstack: system net.statistics value: 0
D/Socket_Pool( 5581): Failed to create TCP Fin Aggregation interface.
D/Socket_Pool( 5581): netstack: CloseUnusedSockets is ON
D/Socket_Pool( 5581): netstack: system net.statistics value: 0
D/Socket_Alarm( 5638): registerHTCSocketMonitorCallBack
D/Socket_Alarm( 5638): set mSocketMonitor
D/Socket_Alarm( 5638): HTCSocketMonitorImpl::HTCSocketMonitorImpl
I/ActivityManager(  588): Recipient 5463
I/ActivityManager(  588): Process com.google.android.apps.uploader (pid 5463) has died.
I/ActivityManager(  588): Recipient 5263
I/ActivityManager(  588): Process com.htc.reportagent (pid 5263) has died.
I/ActivityManager(  588): Start proc org.coursera.android for broadcast org.coursera.android/org.coursera.core.legacy.network.CourkitNetworkObservable: pid=5662 uid=10057 gids={3003, 1015, 1028}
I/ActivityManager(  588): Recipient 5505
I/ActivityManager(  588): Process com.google.android.apps.maps (pid 5505) has died.
I/ActivityManager(  588): Recipient 5479
I/ActivityManager(  588): Process com.google.android.talk (pid 5479) has died.
V/LocationManagerService(  588): getProviders
V/LocationManagerService(  588): getProviders
V/LocationManagerService(  588): getProviders
I/ActivityManager(  588): Start proc com.htc.htcpowermanager:remote for broadcast com.htc.htcpowermanager/.smartsync.SmartSyncDataLinkTurnOffReceiver: pid=5704 uid=1000 gids={1015, 3002, 3001, 3003, 1028, 5006, 3007, 3006, 2001, 1007}
V/LocationManagerService(  588): getProviders
D/Socket_Alarm( 5704): registerHTCSocketMonitorCallBack
D/Socket_Alarm( 5704): set mSocketMonitor
D/Socket_Alarm( 5704): HTCSocketMonitorImpl::HTCSocketMonitorImpl
I/ActivityManager(  588): Start proc com.google.android.talk for broadcast com.google.android.talk/com.google.android.apps.hangouts.service.NetworkStateReceiver: pid=5718 uid=10148 gids={3003, 1015, 1006, 3002, 1028}
I/PackageManager(  588):  setEnabledSetting(), pkgName=com.google.android.talk, clsName=com.google.android.apps.hangouts.phone.ShareIntentSmsOnlyActivity, state=2, flag=1, pid=5718, uid=10148
D/Socket_Alarm( 5718): registerHTCSocketMonitorCallBack
D/Socket_Alarm( 5718): set mSocketMonitor
D/Socket_Alarm( 5718): HTCSocketMonitorImpl::HTCSocketMonitorImpl
I/PackageManager(  588):  setEnabledSetting(), pkgName=com.google.android.talk, clsName=com.google.android.apps.hangouts.sms.SmsReceiver, state=2, flag=1, pid=5718, uid=10148
I/PackageManager(  588):  setEnabledSetting(), pkgName=com.google.android.talk, clsName=com.google.android.apps.hangouts.sms.MmsWapPushReceiver, state=2, flag=1, pid=5718, uid=10148
I/PackageManager(  588):  setEnabledSetting(), pkgName=com.google.android.talk, clsName=com.google.android.apps.hangouts.sms.AbortSmsReceiver, state=2, flag=1, pid=5718, uid=10148
I/PackageManager(  588):  setEnabledSetting(), pkgName=com.google.android.talk, clsName=com.google.android.apps.hangouts.sms.AbortMmsWapPushReceiver, state=2, flag=1, pid=5718, uid=10148
I/PackageManager(  588):  setEnabledSetting(), pkgName=com.google.android.talk, clsName=com.google.android.apps.hangouts.service.NoConfirmationSmsSendService, state=2, flag=1, pid=5718, uid=10148
D/PowerManagerService(  588): acquireWakeLock(42ae2610): PARTIAL_WAKE_LOCK , tag=SyncManagerHandleSyncAlarm, flags=0x1, pid=588, uid=1000, mUserState=0x0
D/PowerManagerService(  588): acquireWakeLock(42ab3300): PARTIAL_WAKE_LOCK , tag=SyncLoopWakeLock, flags=0x1, pid=588, uid=1000, mUserState=0x0
D/PowerManagerService(  588): releaseWakeLock(42ae2610): PARTIAL_WAKE_LOCK , tag=SyncManagerHandleSyncAlarm, flags=0x1
D/PowerManagerService(  588): releaseWakeLock(42ab3300): PARTIAL_WAKE_LOCK , tag=SyncLoopWakeLock, flags=0x1
D/PowerManagerService(  588): releaseWakeLock(4263cf18): PARTIAL_WAKE_LOCK , tag=AlarmManager, flags=0x1
D/PowerManagerService(  588): acquireWakeLock(429a3700): PARTIAL_WAKE_LOCK , tag=Icing, flags=0x1, pid=27853, uid=10017, mUserState=0x0
D/PowerManagerService(  588): releaseWakeLock(429a3700): PARTIAL_WAKE_LOCK , tag=Icing, flags=0x1
D/PowerManagerService(  588): acquireWakeLock(424e66a0): PARTIAL_WAKE_LOCK , tag=Icing, flags=0x1, pid=27853, uid=10017, mUserState=0x0
D/PowerManagerService(  588): releaseWakeLock(424e66a0): PARTIAL_WAKE_LOCK , tag=Icing, flags=0x1
D/PowerManagerService(  588): acquireWakeLock(41f69ed8): PARTIAL_WAKE_LOCK , tag=Icing, flags=0x1, pid=27853, uid=10017, mUserState=0x0
D/PowerManagerService(  588): releaseWakeLock(41f69ed8): PARTIAL_WAKE_LOCK , tag=Icing, flags=0x1
I/ActivityManager(  588): Recipient 5534
I/ActivityManager(  588): Process com.google.android.apps.plus (pid 5534) has died.
D/BatteryService(  588): updateBatteryStats: auto update.
D/PowerManagerService(  588): acquireWakeLock(42980c68): PARTIAL_WAKE_LOCK , tag=BatteryServiceUpdateStats, flags=0x1, pid=588, uid=1000, mUserState=0x0
D/PowerManagerService(  588): releaseWakeLock(42980c68): PARTIAL_WAKE_LOCK , tag=BatteryServiceUpdateStats, flags=0x1
D/BatteryService(  588): updateBatteryStats: update triggered by UEvent.
D/PowerManagerService(  588): acquireWakeLock(429371a8): PARTIAL_WAKE_LOCK , tag=BatteryServiceUpdateStats, flags=0x1, pid=588, uid=1000, mUserState=0x0
D/PowerManagerService(  588): releaseWakeLock(429371a8): PARTIAL_WAKE_LOCK , tag=BatteryServiceUpdateStats, flags=0x1
D/PowerUI (  811): closing low battery warning: level=12
D/PowerUI (  811): plugged = true, health = 2, mBatteryLevel = 12, mPluggedBatteryLevel = 12, mLowBatteryWarningLevel2 = 25, mshowLowChargingWarning2 = true
D/WifiService(  588): ACTION_BATTERY_CHANGED pluggedType: 2
D/NotificationService(  588): mIntentReceiver() Intent.ACTION_BATTERY_CHANGED
D/PowerManagerService(  588): runHtcPowerSaverCheck ======================================
I/ActivityManager(  588): Recipient 5560
I/ActivityManager(  588): Process com.rhmsoft.fm:crash.feedback (pid 5560) has died.
I/ActivityManager(  588): Recipient 5638
I/ActivityManager(  588): Process com.vkontakte.android (pid 5638) has died.
D/PowerManagerService(  588): acquireWakeLock(425fedc0): PARTIAL_WAKE_LOCK , tag=AlarmManager, flags=0x1, pid=588, uid=1000, mUserState=0x0
V/AlarmManager(  588): sending alarm PendingIntent{42a8ce88: PendingIntentRecord{42627ce8 com.android.phone broadcastIntent}}, intent=com.android.internal.telephony.gprs-data-stall, type=ELAPSED_REALTIME, count=1, when=165487469, repeateInterval=0
D/PowerManagerService(  588): releaseWakeLock(425fedc0): PARTIAL_WAKE_LOCK , tag=AlarmManager, flags=0x1
D/LocationManagerService(  588): _removeUpdates: listener = Receiver{42983280 Listener android.os.BinderProxy@429b6fe0}mUpdateRecords: {network=UpdateRecord{4294b1d0 mProvider: network mUid: 10014}}
I/LocationManagerService(  588): remove network (pid 897), next minTime = 30000
I/ActivityManager(  588): Recipient 5662
I/ActivityManager(  588): Process org.coursera.android (pid 5662) has died.
D/PowerManagerService(  588): acquireWakeLock(42941c18): PARTIAL_WAKE_LOCK , tag=AlarmManager, flags=0x1, pid=588, uid=1000, mUserState=0x0
V/AlarmManager(  588): sending alarm PendingIntent{42a7cf08: PendingIntentRecord{429597e8 com.whatsapp broadcastIntent}}, intent=com.whatsapp.alarm.CLIENT_PING_TIMEOUT, type=ELAPSED_REALTIME_WAKEUP, count=1, when=165497786, repeateInterval=0
D/PowerManagerService(  588): releaseWakeLock(42941c18): PARTIAL_WAKE_LOCK , tag=AlarmManager, flags=0x1
D/PowerManagerService(  588): acquireWakeLock(42abc928): PARTIAL_WAKE_LOCK , tag=AlarmManager, flags=0x1, pid=588, uid=1000, mUserState=0x0
V/AlarmManager(  588): sending alarm PendingIntent{422c63f8: PendingIntentRecord{42482cd0 android broadcastIntent}}, intent=android.intent.action.TIME_TICK, type=RTC, count=1, when=1427824140000, repeateInterval=0
D/PowerManagerService(  588): releaseWakeLock(42abc928): PARTIAL_WAKE_LOCK , tag=AlarmManager, flags=0x1
D/BatteryService(  588): updateBatteryStats: auto update.
D/PowerManagerService(  588): acquireWakeLock(42b0da50): PARTIAL_WAKE_LOCK , tag=BatteryServiceUpdateStats, flags=0x1, pid=588, uid=1000, mUserState=0x0
D/PowerManagerService(  588): releaseWakeLock(42b0da50): PARTIAL_WAKE_LOCK , tag=BatteryServiceUpdateStats, flags=0x1
D/BatteryService(  588): updateBatteryStats: update triggered by UEvent.
D/PowerManagerService(  588): acquireWakeLock(42a81060): PARTIAL_WAKE_LOCK , tag=BatteryServiceUpdateStats, flags=0x1, pid=588, uid=1000, mUserState=0x0
D/PowerManagerService(  588): runHtcPowerSaverCheck ======================================
D/PowerUI (  811): closing low battery warning: level=12
D/PowerUI (  811): plugged = true, health = 2, mBatteryLevel = 12, mPluggedBatteryLevel = 12, mLowBatteryWarningLevel2 = 25, mshowLowChargingWarning2 = true
D/PowerManagerService(  588): releaseWakeLock(42a81060): PARTIAL_WAKE_LOCK , tag=BatteryServiceUpdateStats, flags=0x1
D/WifiService(  588): ACTION_BATTERY_CHANGED pluggedType: 2
D/NotificationService(  588): mIntentReceiver() Intent.ACTION_BATTERY_CHANGED
D/PowerManagerService(  588): acquireWakeLock(41c096d0): PARTIAL_WAKE_LOCK , tag=AlarmManager, flags=0x1, pid=588, uid=1000, mUserState=0x0
V/AlarmManager(  588): sending alarm PendingIntent{42992f90: PendingIntentRecord{429330c8 com.facebook.katana broadcastIntent}}, intent=com.facebook.common.executors.WakingExecutorService.ACTION_ALARM.com.facebook.katana, type=ELAPSED_REALTIME_WAKEUP, count=1, when=165559159, repeateInterval=0
V/AlarmManager(  588): sending alarm PendingIntent{424d9e88: PendingIntentRecord{42badc18 com.facebook.orca broadcastIntent}}, intent=com.facebook.common.executors.cs.ACTION_ALARM.com.facebook.orca, type=ELAPSED_REALTIME_WAKEUP, count=1, when=165559201, repeateInterval=0
V/AlarmManager(  588): sending alarm PendingIntent{42b9fd00: PendingIntentRecord{42badc18 com.facebook.orca broadcastIntent}}, intent=com.facebook.common.executors.cs.ACTION_ALARM.com.facebook.orca, type=ELAPSED_REALTIME_WAKEUP, count=1, when=165559201, repeateInterval=0
D/PowerManagerService(  588): releaseWakeLock(41c096d0): PARTIAL_WAKE_LOCK , tag=AlarmManager, flags=0x1
I/ActivityManager(  588): Start proc com.htc.MediaCacheService for broadcast com.htc.MediaCacheService/.main.MediaCacheReceiver: pid=5774 uid=10054 gids={1015, 1028}
D/PowerManagerService(  588): releaseWakeLock(426575b0): PARTIAL_WAKE_LOCK , tag=MediaScannerService, flags=0x1
I/ActivityManager(  588): Start proc com.htc.musicenhancer for broadcast com.htc.musicenhancer/.provider.MScannerReceiver: pid=5787 uid=10059 gids={1015, 3003, 1028}
I/ActivityManager(  588): Start proc com.htc.sdm for broadcast com.htc.sdm/.receiver.SDMReceiver: pid=5802 uid=10144 gids={3003, 2001, 1015, 5002, 5005, 1028}
I/ActivityManager(  588): Recipient 5718
I/ActivityManager(  588): Process com.google.android.talk (pid 5718) has died.
W/MountService(  588): getVolumeState(/mnt/sdcard/ext_sd): Unknown volume
I/ActivityManager(  588): Recipient 5581
I/ActivityManager(  588): Process com.hailocab.consumer (pid 5581) has died.
D/PowerManagerService(  588): acquireWakeLock(42c43b88): PARTIAL_WAKE_LOCK , tag=AlarmManager, flags=0x1, pid=588, uid=1000, mUserState=0x0
V/AlarmManager(  588): sending alarm PendingIntent{42703dd8: PendingIntentRecord{425c0328 com.viber.voip broadcastIntent}}, intent=com.viber.voip.action.KEEP_ALIVE_RECEIVE, type=RTC_WAKEUP, count=1, when=1427824196178, repeateInterval=0
D/PowerManagerService(  588): releaseWakeLock(42c43b88): PARTIAL_WAKE_LOCK , tag=AlarmManager, flags=0x1
D/PowerManagerService(  588): acquireWakeLock(42aa9520): PARTIAL_WAKE_LOCK , tag=AlarmManager, flags=0x1, pid=588, uid=1000, mUserState=0x0
V/AlarmManager(  588): sending alarm PendingIntent{4255aa10: PendingIntentRecord{42dda290 nz.barees.android.cachesensedemo broadcastIntent}}, intent=null, type=RTC_WAKEUP, count=1, when=1427824800000, repeateInterval=600000
I/ActivityManager(  588): Start proc nz.barees.android.cachesensedemo for broadcast nz.barees.android.cachesensedemo/.BackupReceiver: pid=5828 uid=10175 gids={3003, 1015, 1006, 1028}
V/AlarmManager(  588): sending alarm PendingIntent{422c63f8: PendingIntentRecord{42482cd0 android broadcastIntent}}, intent=android.intent.action.TIME_TICK, type=RTC, count=1, when=1427824200000, repeateInterval=0
D/PowerManagerService(  588): releaseWakeLock(42aa9520): PARTIAL_WAKE_LOCK , tag=AlarmManager, flags=0x1
I/ActivityManager(  588): Recipient 5704
I/ActivityManager(  588): Process com.htc.htcpowermanager:remote (pid 5704) has died.
D/PowerManagerService(  588): acquireWakeLock(425b1b48): PARTIAL_WAKE_LOCK , tag=AlarmManager, flags=0x1, pid=588, uid=1000, mUserState=0x0
V/AlarmManager(  588): sending alarm PendingIntent{42906688: PendingIntentRecord{42c34550 com.facebook.katana broadcastIntent}}, intent=com.facebook.push.mqtt.keepalive.KeepaliveManager.ACTION_INEXACT_ALARM.com.facebook.katana, type=ELAPSED_REALTIME_WAKEUP, count=1, when=166500000, repeateInterval=900000
V/AlarmManager(  588): sending alarm PendingIntent{42962e10: PendingIntentRecord{425321b8 com.facebook.orca broadcastIntent}}, intent=com.facebook.push.mqtt.keepalive.b.ACTION_INEXACT_ALARM.com.facebook.orca, type=ELAPSED_REALTIME_WAKEUP, count=1, when=166500000, repeateInterval=900000
V/AlarmManager(  588): sending alarm PendingIntent{429ce198: PendingIntentRecord{4249f7d0 com.whatsapp broadcastIntent}}, intent=DEVICE_INFO_ALARM_ACTION, type=ELAPSED_REALTIME, count=1, when=169200000, repeateInterval=3600000
V/AlarmManager(  588): sending alarm PendingIntent{42a828e0: PendingIntentRecord{42feba18 com.facebook.orca broadcastIntent}}, intent=com.facebook.analytics.service.a.ACTION_ALARM, type=RTC_WAKEUP, count=1, when=1427827822257, repeateInterval=3600000
V/AlarmManager(  588): sending alarm PendingIntent{42af5278: PendingIntentRecord{429b30f0 com.facebook.katana broadcastIntent}}, intent=com.facebook.analytics.service.AnalyticsEventUploader.ACTION_ALARM, type=RTC_WAKEUP, count=1, when=1427827822257, repeateInterval=3600000
D/PowerManagerService(  588): releaseWakeLock(425b1b48): PARTIAL_WAKE_LOCK , tag=AlarmManager, flags=0x1
D/PowerManagerService(  588): acquireWakeLock(4257da60): PARTIAL_WAKE_LOCK , tag=Icing, flags=0x1, pid=27853, uid=10017, mUserState=0x0
D/PowerManagerService(  588): releaseWakeLock(4257da60): PARTIAL_WAKE_LOCK , tag=Icing, flags=0x1
D/PowerManagerService(  588): acquireWakeLock(41c58040): PARTIAL_WAKE_LOCK , tag=Icing, flags=0x1, pid=27853, uid=10017, mUserState=0x0
D/PowerManagerService(  588): releaseWakeLock(41c58040): PARTIAL_WAKE_LOCK , tag=Icing, flags=0x1
D/BatteryService(  588): updateBatteryStats: auto update.
D/PowerManagerService(  588): acquireWakeLock(428be040): PARTIAL_WAKE_LOCK , tag=BatteryServiceUpdateStats, flags=0x1, pid=588, uid=1000, mUserState=0x0
D/PowerManagerService(  588): releaseWakeLock(428be040): PARTIAL_WAKE_LOCK , tag=BatteryServiceUpdateStats, flags=0x1
D/BatteryService(  588): updateBatteryStats: update triggered by UEvent.
D/PowerManagerService(  588): acquireWakeLock(426cac90): PARTIAL_WAKE_LOCK , tag=BatteryServiceUpdateStats, flags=0x1, pid=588, uid=1000, mUserState=0x0
D/WifiService(  588): ACTION_BATTERY_CHANGED pluggedType: 2
D/NotificationService(  588): mIntentReceiver() Intent.ACTION_BATTERY_CHANGED
D/PowerManagerService(  588): runHtcPowerSaverCheck ======================================
D/PowerUI (  811): closing low battery warning: level=13
D/PowerUI (  811): plugged = true, health = 2, mBatteryLevel = 13, mPluggedBatteryLevel = 12, mLowBatteryWarningLevel2 = 25, mshowLowChargingWarning2 = true
D/PowerManagerService(  588): releaseWakeLock(426cac90): PARTIAL_WAKE_LOCK , tag=BatteryServiceUpdateStats, flags=0x1
I/ActivityManager(  588): Start proc com.htc.htcpowermanager:remote for broadcast com.htc.htcpowermanager/.powersaver.PowerSaverNotificationReceiver: pid=5873 uid=1000 gids={1015, 3002, 3001, 3003, 1028, 5006, 3007, 3006, 2001, 1007}
D/PowerManagerService(  588): acquireWakeLock(4230f7a0): PARTIAL_WAKE_LOCK , tag=AlarmManager, flags=0x1, pid=588, uid=1000, mUserState=0x0
V/AlarmManager(  588): sending alarm PendingIntent{422c63f8: PendingIntentRecord{42482cd0 android broadcastIntent}}, intent=android.intent.action.TIME_TICK, type=RTC, count=1, when=1427824260000, repeateInterval=0
D/PowerManagerService(  588): releaseWakeLock(4230f7a0): PARTIAL_WAKE_LOCK , tag=AlarmManager, flags=0x1
D/BatteryService(  588): updateBatteryStats: auto update.
D/PowerManagerService(  588): acquireWakeLock(42b3c3f8): PARTIAL_WAKE_LOCK , tag=BatteryServiceUpdateStats, flags=0x1, pid=588, uid=1000, mUserState=0x0
D/PowerManagerService(  588): releaseWakeLock(42b3c3f8): PARTIAL_WAKE_LOCK , tag=BatteryServiceUpdateStats, flags=0x1
D/BatteryService(  588): updateBatteryStats: update triggered by UEvent.
D/PowerManagerService(  588): acquireWakeLock(42a08d58): PARTIAL_WAKE_LOCK , tag=BatteryServiceUpdateStats, flags=0x1, pid=588, uid=1000, mUserState=0x0
D/WifiService(  588): ACTION_BATTERY_CHANGED pluggedType: 2
D/NotificationService(  588): mIntentReceiver() Intent.ACTION_BATTERY_CHANGED
D/PowerManagerService(  588): runHtcPowerSaverCheck ======================================
D/PowerUI (  811): closing low battery warning: level=13
D/PowerUI (  811): plugged = true, health = 2, mBatteryLevel = 13, mPluggedBatteryLevel = 12, mLowBatteryWarningLevel2 = 25, mshowLowChargingWarning2 = true
D/PowerManagerService(  588): releaseWakeLock(42a08d58): PARTIAL_WAKE_LOCK , tag=BatteryServiceUpdateStats, flags=0x1
D/PowerManagerService(  588): acquireWakeLock(425c30a0): PARTIAL_WAKE_LOCK , tag=NlpCollectorWakeLock, flags=0x1, pid=27811, uid=10017, mUserState=0x0
D/WifiService(  588): acquireWifiLockLocked: WifiLock{NlpWifiLock type=2 binder=android.os.BinderProxy@4252b028}
D/WifiService(  588): updateWifiState(): wifiApEnabled: false, wifiApAirplaneMode: falsegetWifiEnabledState(): 3, getWifiApEnabledState: 11
D/WifiService(  588): updateWifiState(): mAirplaneModeOn.get(): false, mPersistWifiState.get(): 1
D/WifiService(  588): updateWifiState(): mEmergencyCallbackMode: false, mDeviceIdle: false, lockHeld: true, mStopWifiRequested:false
D/WifiService(  588): updateWifiState(): enable and start wifi
D/PowerManagerService(  588): acquireWakeLock(4226dd18): PARTIAL_WAKE_LOCK , tag=NlpWakeLock, flags=0x1, pid=27811, uid=10017, mUserState=0x0
D/PowerManagerService(  588): acquireWakeLock(42acee00): PARTIAL_WAKE_LOCK , tag=*net_scheduler*, flags=0x1, pid=27794, uid=10017, mUserState=0x0
D/PowerManagerService(  588): releaseWakeLock(42acee00): PARTIAL_WAKE_LOCK , tag=*net_scheduler*, flags=0x1
D/PowerManagerService(  588): releaseWakeLock(4226dd18): PARTIAL_WAKE_LOCK , tag=NlpWakeLock, flags=0x1
D/WifiService(  588): releaseWifiLockLocked: WifiLock{NlpWifiLock type=2 binder=android.os.BinderProxy@4252b028}
D/WifiService(  588): updateWifiState(): wifiApEnabled: false, wifiApAirplaneMode: falsegetWifiEnabledState(): 3, getWifiApEnabledState: 11
D/WifiService(  588): updateWifiState(): mAirplaneModeOn.get(): false, mPersistWifiState.get(): 1
D/WifiService(  588): updateWifiState(): mEmergencyCallbackMode: false, mDeviceIdle: false, lockHeld: true, mStopWifiRequested:false
D/WifiService(  588): updateWifiState(): enable and start wifi
D/PowerManagerService(  588): releaseWakeLock(425c30a0): PARTIAL_WAKE_LOCK , tag=NlpCollectorWakeLock, flags=0x1
D/PowerManagerService(  588): acquireWakeLock(41f9df38): PARTIAL_WAKE_LOCK , tag=AlarmManager, flags=0x1, pid=588, uid=1000, mUserState=0x0
V/AlarmManager(  588): sending alarm PendingIntent{429b35c8: PendingIntentRecord{42a86c48 com.google.android.gms broadcastIntent}}, intent=com.google.android.intent.action.MCS_HEARTBEAT, type=ELAPSED_REALTIME_WAKEUP, count=1, when=165686018, repeateInterval=0
D/PowerManagerService(  588): acquireWakeLock(42712940): PARTIAL_WAKE_LOCK , tag=GCM_HB_ALARM, flags=0x1, pid=27794, uid=10017, mUserState=0x0
D/PowerManagerService(  588): releaseWakeLock(41f9df38): PARTIAL_WAKE_LOCK , tag=AlarmManager, flags=0x1
D/PowerManagerService(  588): acquireWakeLock(42472200): PARTIAL_WAKE_LOCK , tag=*net_scheduler*, flags=0x1, pid=27794, uid=10017, mUserState=0x0
D/PowerManagerService(  588): releaseWakeLock(42712940): PARTIAL_WAKE_LOCK , tag=GCM_HB_ALARM, flags=0x1
D/PowerManagerService(  588): releaseWakeLock(42472200): PARTIAL_WAKE_LOCK , tag=*net_scheduler*, flags=0x1
D/PowerManagerService(  588): acquireWakeLock(420f50a8): PARTIAL_WAKE_LOCK , tag=GCM_CONN, flags=0x1, pid=27794, uid=10017, mUserState=0x0
D/ConnectivityService(  588): reportInetCondition for net 1, percentage: 100 by 27794/10017
D/ConnectivityService(  588): handleInetConditionChange: net=1, condition=100,mActiveDefaultNetwork=1
D/ConnectivityService(  588): handleInetConditionChange: starting a change hold
D/PowerManagerService(  588): acquireWakeLock(42da8608): PARTIAL_WAKE_LOCK , tag=*net_scheduler*, flags=0x1, pid=27794, uid=10017, mUserState=0x0
D/PowerManagerService(  588): releaseWakeLock(42da8608): PARTIAL_WAKE_LOCK , tag=*net_scheduler*, flags=0x1
D/PowerManagerService(  588): releaseWakeLock(420f50a8): PARTIAL_WAKE_LOCK , tag=GCM_CONN, flags=0x1
D/ConnectivityService(  588): handleInetConditionHoldEnd: net=1, condition=100, published condition=100
D/ConnectivityService(  588): sendStickyBroadcast: action=android.net.conn.INET_CONDITION_ACTION
D/WIFI_ICON(  811): updateConnectivity: type=1 connected=true
D/StatusBar.NetworkController(  811): dumpState[hasService=true ServiceState=0 home 3 3 27202  HSPAP CSS not supported -1 -1 RoamInd=-1 DefRoamInd=-1EriInd= -1EriMode= -1RadioPowerSv: false EmergOnly=false PhoneType: 1 IsCdma=false SimState=UNKNOWN GprsState=0 DataState=Disconnected DataActivity=NONE NetworkType=HSPA+ HtcModemLinkOn=false HspaDataDistinquishable=true]
D/StatusBar.NetworkController(  811): dumpIconState[dataVisible=false dataIconId=stat_sys_data_out_3g_plus signalIconId=stat_sys_5signal_2 wifiVisible=true wifiIconId=stat_sys_wifi_signal_4 airplaneMode=false]
D/PowerManagerService(  588): acquireWakeLock(426751c8): PARTIAL_WAKE_LOCK , tag=AlarmManager, flags=0x1, pid=588, uid=1000, mUserState=0x0
V/AlarmManager(  588): sending alarm PendingIntent{42b80e20: PendingIntentRecord{42dfd438 com.whatsapp broadcastIntent}}, intent=com.whatsapp.messaging.MessageService.CLIENT_PINGER_ACTION, type=ELAPSED_REALTIME_WAKEUP, count=1, when=165936801, repeateInterval=240000
D/PowerManagerService(  588): releaseWakeLock(426751c8): PARTIAL_WAKE_LOCK , tag=AlarmManager, flags=0x1
D/PowerManagerService(  588): acquireWakeLock(4271a120): PARTIAL_WAKE_LOCK , tag=AlarmManager, flags=0x1, pid=588, uid=1000, mUserState=0x0
V/AlarmManager(  588): sending alarm PendingIntent{422c63f8: PendingIntentRecord{42482cd0 android broadcastIntent}}, intent=android.intent.action.TIME_TICK, type=RTC, count=1, when=1427824320000, repeateInterval=0
D/PowerManagerService(  588): releaseWakeLock(4271a120): PARTIAL_WAKE_LOCK , tag=AlarmManager, flags=0x1
D/PowerManagerService(  588): acquireWakeLock(425d0f28): PARTIAL_WAKE_LOCK , tag=AlarmManager, flags=0x1, pid=588, uid=1000, mUserState=0x0
V/AlarmManager(  588): sending alarm PendingIntent{4258af38: PendingIntentRecord{4260afd8 com.google.android.gms broadcastIntent}}, intent=com.google.android.gms.nlp.ALARM_WAKEUP_LOCATOR, type=ELAPSED_REALTIME_WAKEUP, count=1, when=165727587, repeateInterval=0
D/PowerManagerService(  588): acquireWakeLock(4248af68): PARTIAL_WAKE_LOCK , tag=NlpWakeLock, flags=0x1, pid=27811, uid=10017, mUserState=0x0
D/PowerManagerService(  588): releaseWakeLock(425d0f28): PARTIAL_WAKE_LOCK , tag=AlarmManager, flags=0x1
D/PowerManagerService(  588): acquireWakeLock(42ebdcd0): PARTIAL_WAKE_LOCK , tag=NlpWakeLock, flags=0x1, pid=27811, uid=10017, mUserState=0x0
D/WifiService(  588): acquireWifiLockLocked: WifiLock{NlpWifiLock type=2 binder=android.os.BinderProxy@42640948}
D/WifiService(  588): updateWifiState(): wifiApEnabled: false, wifiApAirplaneMode: falsegetWifiEnabledState(): 3, getWifiApEnabledState: 11
D/WifiService(  588): updateWifiState(): mAirplaneModeOn.get(): false, mPersistWifiState.get(): 1
D/WifiService(  588): updateWifiState(): mEmergencyCallbackMode: false, mDeviceIdle: false, lockHeld: true, mStopWifiRequested:false
D/WifiService(  588): updateWifiState(): enable and start wifi
D/PowerManagerService(  588): releaseWakeLock(4248af68): PARTIAL_WAKE_LOCK , tag=NlpWakeLock, flags=0x1
D/PowerManagerService(  588): acquireWakeLock(42b3d630): PARTIAL_WAKE_LOCK , tag=RILJ, flags=0x1, pid=946, uid=1001, mUserState=0x0
D/BatteryService(  588): updateBatteryStats: auto update.
D/PowerManagerService(  588): acquireWakeLock(42a8e458): PARTIAL_WAKE_LOCK , tag=BatteryServiceUpdateStats, flags=0x1, pid=588, uid=1000, mUserState=0x0
D/PowerManagerService(  588): releaseWakeLock(42a8e458): PARTIAL_WAKE_LOCK , tag=BatteryServiceUpdateStats, flags=0x1
D/PowerManagerService(  588): releaseWakeLock(42b3d630): PARTIAL_WAKE_LOCK , tag=RILJ, flags=0x1
D/PowerManagerService(  588): acquireWakeLock(42991ff8): PARTIAL_WAKE_LOCK , tag=NlpWakeLock, flags=0x1, pid=27811, uid=10017, mUserState=0x0
D/PowerManagerService(  588): acquireWakeLock(42926310): PARTIAL_WAKE_LOCK , tag=GCoreFlp, flags=0x1, pid=27811, uid=10017, mUserState=0x0
D/PowerManagerService(  588): acquireWakeLock(428b9dd8): PARTIAL_WAKE_LOCK , tag=GCoreFlp, flags=0x1, pid=27811, uid=10017, mUserState=0x0
D/PowerManagerService(  588): releaseWakeLock(42926310): PARTIAL_WAKE_LOCK , tag=GCoreFlp, flags=0x1
D/PowerManagerService(  588): releaseWakeLock(428b9dd8): PARTIAL_WAKE_LOCK , tag=GCoreFlp, flags=0x1
D/PowerManagerService(  588): releaseWakeLock(42991ff8): PARTIAL_WAKE_LOCK , tag=NlpWakeLock, flags=0x1
D/WifiService(  588): releaseWifiLockLocked: WifiLock{NlpWifiLock type=2 binder=android.os.BinderProxy@42640948}
D/WifiService(  588): updateWifiState(): wifiApEnabled: false, wifiApAirplaneMode: falsegetWifiEnabledState(): 3, getWifiApEnabledState: 11
D/WifiService(  588): updateWifiState(): mAirplaneModeOn.get(): false, mPersistWifiState.get(): 1
D/WifiService(  588): updateWifiState(): mEmergencyCallbackMode: false, mDeviceIdle: false, lockHeld: true, mStopWifiRequested:false
D/WifiService(  588): updateWifiState(): enable and start wifi
D/BatteryService(  588): updateBatteryStats: update triggered by UEvent.
D/PowerManagerService(  588): acquireWakeLock(429bef28): PARTIAL_WAKE_LOCK , tag=BatteryServiceUpdateStats, flags=0x1, pid=588, uid=1000, mUserState=0x0
D/WifiService(  588): ACTION_BATTERY_CHANGED pluggedType: 2
D/NotificationService(  588): mIntentReceiver() Intent.ACTION_BATTERY_CHANGED
D/PowerManagerService(  588): runHtcPowerSaverCheck ======================================
D/PowerUI (  811): closing low battery warning: level=13
D/PowerManagerService(  588): releaseWakeLock(42ebdcd0): PARTIAL_WAKE_LOCK , tag=NlpWakeLock, flags=0x1
D/PowerUI (  811): plugged = true, health = 2, mBatteryLevel = 13, mPluggedBatteryLevel = 12, mLowBatteryWarningLevel2 = 25, mshowLowChargingWarning2 = true
D/PowerManagerService(  588): releaseWakeLock(429bef28): PARTIAL_WAKE_LOCK , tag=BatteryServiceUpdateStats, flags=0x1
D/PowerManagerService(  588): acquireWakeLock(42652750): PARTIAL_WAKE_LOCK , tag=AlarmManager, flags=0x1, pid=588, uid=1000, mUserState=0x0
V/AlarmManager(  588): sending alarm PendingIntent{41cb57c0: PendingIntentRecord{41bfc250 com.whatsapp broadcastIntent}}, intent=com.whatsapp.alarm.CLIENT_PING_TIMEOUT, type=ELAPSED_REALTIME_WAKEUP, count=1, when=165728842, repeateInterval=0
D/PowerManagerService(  588): releaseWakeLock(42652750): PARTIAL_WAKE_LOCK , tag=AlarmManager, flags=0x1
D/PowerManagerService(  588): acquireWakeLock(4224eb40): PARTIAL_WAKE_LOCK , tag=AlarmManager, flags=0x1, pid=588, uid=1000, mUserState=0x0
V/AlarmManager(  588): sending alarm PendingIntent{4257ddb0: PendingIntentRecord{42574750 com.htc.notes broadcastIntent}}, intent=com.htc.notes.ACTION_SYNC_ALL, type=RTC, count=1, when=1427827967005, repeateInterval=3600000
I/ActivityManager(  588): Start proc com.htc.notes:NotesService for broadcast com.htc.notes/.provider.notes.NotesReceiver: pid=5901 uid=9996 gids={3003, 1015, 1006, 2001, 1028}
D/PowerManagerService(  588): releaseWakeLock(4224eb40): PARTIAL_WAKE_LOCK , tag=AlarmManager, flags=0x1
D/PowerManagerService(  588): acquireWakeLock(4264d110): PARTIAL_WAKE_LOCK , tag=AlarmManager, flags=0x1, pid=588, uid=1000, mUserState=0x0
V/AlarmManager(  588): sending alarm PendingIntent{422c63f8: PendingIntentRecord{42482cd0 android broadcastIntent}}, intent=android.intent.action.TIME_TICK, type=RTC, count=1, when=1427824380000, repeateInterval=0
D/PowerManagerService(  588): releaseWakeLock(4264d110): PARTIAL_WAKE_LOCK , tag=AlarmManager, flags=0x1
D/BatteryService(  588): updateBatteryStats: auto update.
D/PowerManagerService(  588): acquireWakeLock(42c44608): PARTIAL_WAKE_LOCK , tag=BatteryServiceUpdateStats, flags=0x1, pid=588, uid=1000, mUserState=0x0
D/PowerManagerService(  588): releaseWakeLock(42c44608): PARTIAL_WAKE_LOCK , tag=BatteryServiceUpdateStats, flags=0x1
D/BatteryService(  588): updateBatteryStats: update triggered by UEvent.
D/PowerManagerService(  588): acquireWakeLock(42278ed0): PARTIAL_WAKE_LOCK , tag=BatteryServiceUpdateStats, flags=0x1, pid=588, uid=1000, mUserState=0x0
D/WifiService(  588): ACTION_BATTERY_CHANGED pluggedType: 2
D/NotificationService(  588): mIntentReceiver() Intent.ACTION_BATTERY_CHANGED
D/PowerManagerService(  588): runHtcPowerSaverCheck ======================================
D/PowerUI (  811): closing low battery warning: level=14
D/PowerUI (  811): plugged = true, health = 2, mBatteryLevel = 14, mPluggedBatteryLevel = 12, mLowBatteryWarningLevel2 = 25, mshowLowChargingWarning2 = true
D/PowerManagerService(  588): releaseWakeLock(42278ed0): PARTIAL_WAKE_LOCK , tag=BatteryServiceUpdateStats, flags=0x1
D/PowerManagerService(  588): acquireWakeLock(426aa7c8): PARTIAL_WAKE_LOCK , tag=AlarmManager, flags=0x1, pid=588, uid=1000, mUserState=0x0
V/AlarmManager(  588): sending alarm PendingIntent{42582730: PendingIntentRecord{42bd2d20 com.whatsapp startService}}, intent=com.whatsapp.MessageService.RECONNECT, type=ELAPSED_REALTIME_WAKEUP, count=1, when=165797213, repeateInterval=0
D/PowerManagerService(  588): releaseWakeLock(426aa7c8): PARTIAL_WAKE_LOCK , tag=AlarmManager, flags=0x1
D/PowerManagerService(  588): acquireWakeLock(42b4e8d0): PARTIAL_WAKE_LOCK , tag=AlarmManager, flags=0x1, pid=588, uid=1000, mUserState=0x0
V/AlarmManager(  588): sending alarm PendingIntent{422c63f8: PendingIntentRecord{42482cd0 android broadcastIntent}}, intent=android.intent.action.TIME_TICK, type=RTC, count=1, when=1427824440000, repeateInterval=0
D/PowerManagerService(  588): releaseWakeLock(42b4e8d0): PARTIAL_WAKE_LOCK , tag=AlarmManager, flags=0x1
D/PowerManagerService(  588): acquireWakeLock(42675bd8): PARTIAL_WAKE_LOCK , tag=AlarmManager, flags=0x1, pid=588, uid=1000, mUserState=0x0
V/AlarmManager(  588): sending alarm PendingIntent{4226e3f8: PendingIntentRecord{42627ce8 com.android.phone broadcastIntent}}, intent=com.android.internal.telephony.gprs-data-stall, type=ELAPSED_REALTIME, count=1, when=165847638, repeateInterval=0
D/PowerManagerService(  588): releaseWakeLock(42675bd8): PARTIAL_WAKE_LOCK , tag=AlarmManager, flags=0x1
D/BatteryService(  588): updateBatteryStats: auto update.
D/PowerManagerService(  588): acquireWakeLock(42fe52a0): PARTIAL_WAKE_LOCK , tag=BatteryServiceUpdateStats, flags=0x1, pid=588, uid=1000, mUserState=0x0
D/PowerManagerService(  588): releaseWakeLock(42fe52a0): PARTIAL_WAKE_LOCK , tag=BatteryServiceUpdateStats, flags=0x1
D/BatteryService(  588): updateBatteryStats: update triggered by UEvent.
D/PowerManagerService(  588): acquireWakeLock(42b71978): PARTIAL_WAKE_LOCK , tag=BatteryServiceUpdateStats, flags=0x1, pid=588, uid=1000, mUserState=0x0
D/WifiService(  588): ACTION_BATTERY_CHANGED pluggedType: 2
D/NotificationService(  588): mIntentReceiver() Intent.ACTION_BATTERY_CHANGED
D/PowerManagerService(  588): runHtcPowerSaverCheck ======================================
D/PowerUI (  811): closing low battery warning: level=14
D/PowerUI (  811): plugged = true, health = 2, mBatteryLevel = 14, mPluggedBatteryLevel = 12, mLowBatteryWarningLevel2 = 25, mshowLowChargingWarning2 = true
D/PowerManagerService(  588): releaseWakeLock(42b71978): PARTIAL_WAKE_LOCK , tag=BatteryServiceUpdateStats, flags=0x1
D/PowerManagerService(  588): acquireWakeLock(42935290): PARTIAL_WAKE_LOCK , tag=AlarmManager, flags=0x1, pid=588, uid=1000, mUserState=0x0
V/AlarmManager(  588): sending alarm PendingIntent{422c63f8: PendingIntentRecord{42482cd0 android broadcastIntent}}, intent=android.intent.action.TIME_TICK, type=RTC, count=1, when=1427824500000, repeateInterval=0
D/PowerManagerService(  588): releaseWakeLock(42935290): PARTIAL_WAKE_LOCK , tag=AlarmManager, flags=0x1
D/PowerManagerService(  588): acquireWakeLock(42bb9c88): PARTIAL_WAKE_LOCK , tag=keyguardWakeAndHandOff, flags=0x1, pid=588, uid=1000, mUserState=0x0
D/PowerManagerService(  588): nativeSetScreenState: on=true
D/PowerManagerService(  588): nativeSetScreenState: err=0
D/PowerManagerService(  588): button light setOrientation:-1
D/PowerManagerService(  588): acquireWakeLock(420efca8): PARTIAL_WAKE_LOCK , tag=sleep_broadcast, flags=0x1, pid=588, uid=1000, mUserState=0x0
D/PowerManagerService(  588): acquireWakeLock(4290fe20): FULL_WAKE_LOCK ACQUIRE_CAUSES_WAKEUP , tag=keyguard, flags=0x1000001a, pid=588, uid=1000, mUserState=0x0
D/PowerManagerService(  588): TPE algorithm. remove timeout.
D/PowerManagerService(  588): ALG=2, lsvalue=225(4th)->320(5th), last_level=5, lValue=125->125, bValue=0, kValue=0, mPowerState=0x3, mSkippedScreenOn=true, mInitialAnimation=false, immediate=false
V/LightsService(  588): setLight #2: color=#ff000000
D/lights  (  588): set_light_buttons_func: on=0 brightness=0
V/LightsService(  588): setLight #1: color=#ff000000
D/PowerManagerService(  588): releaseWakeLock(42bb9c88): PARTIAL_WAKE_LOCK , tag=keyguardWakeAndHandOff, flags=0x1
D/PowerManagerService(  588): ActivityManagerNative.getDefault().wakingUp();
I/InputMethodManagerService(  588): screenObserver: isScreenOn=true
I/InputMethodManagerService(  588): Enable input method client.
D/PowerManagerService(  588): acquireWakeLock(42e72960): PARTIAL_WAKE_LOCK , tag=IdleScreen:command_15, flags=0x1, pid=885, uid=10102, mUserState=0x0
D/AlarmManager(  588): ACTION_SCREEN_ON
D/WifiService(  588): ACTION_SCREEN_ON
D/PowerManagerService(  588): acquireWakeLock(4281b6c8): PARTIAL_WAKE_LOCK , tag=AlarmManager, flags=0x1, pid=588, uid=1000, mUserState=0x0
V/AlarmManager(  588): sending alarm PendingIntent{425d74d0: PendingIntentRecord{425d7430 android broadcastIntent}}, intent=com.android.server.WifiManager.action.UPDATE_WIFI_STATE, type=RTC_WAKEUP, count=1, when=1427824511575, repeateInterval=0
D/BatteryService(  588): updateBatteryStats: update triggered by UEvent.
D/PowerManagerService(  588): acquireWakeLock(42a75f88): PARTIAL_WAKE_LOCK , tag=BatteryServiceUpdateStats, flags=0x1, pid=588, uid=1000, mUserState=0x0
D/PowerManagerService(  588): releaseWakeLock(42e72960): PARTIAL_WAKE_LOCK , tag=IdleScreen:command_15, flags=0x1
D/PowerManagerService(  588): releaseWakeLock(42a75f88): PARTIAL_WAKE_LOCK , tag=BatteryServiceUpdateStats, flags=0x1
D/WifiService(  588): ACTION_BATTERY_CHANGED pluggedType: 2
D/NotificationService(  588): mIntentReceiver() Intent.ACTION_BATTERY_CHANGED
D/PowerManagerService(  588): runHtcPowerSaverCheck ======================================
I/WindowManager(  588): Lock screen displayed!
V/LightsService(  588): setLight #0: color=#ff7d7d7d
D/PowerUI (  811): closing low battery warning: level=14
D/PowerUI (  811): plugged = true, health = 2, mBatteryLevel = 14, mPluggedBatteryLevel = 12, mLowBatteryWarningLevel2 = 25, mshowLowChargingWarning2 = true
D/PowerManagerService(  588): acquireWakeLock(42dece58): PARTIAL_WAKE_LOCK , tag=RILJ, flags=0x1, pid=946, uid=1001, mUserState=0x0
D/PowerManagerService(  588): acquireWakeLock(42d9db10): PARTIAL_WAKE_LOCK , tag=GCoreFlp, flags=0x1, pid=27811, uid=10017, mUserState=0x0
D/PowerManagerService(  588): acquireWakeLock(42dff3c8): PARTIAL_WAKE_LOCK , tag=Wakeful StateMachine: GeofencerStateMachine, flags=0x1, pid=27811, uid=10017, mUserState=0x0
D/PowerManagerService(  588): releaseWakeLock(42d9db10): PARTIAL_WAKE_LOCK , tag=GCoreFlp, flags=0x1
D/PowerManagerService(  588): releaseWakeLock(42dff3c8): PARTIAL_WAKE_LOCK , tag=Wakeful StateMachine: GeofencerStateMachine, flags=0x1
D/PowerManagerService(  588): acquireWakeLock(42b27ec8): PARTIAL_WAKE_LOCK , tag=NlpWakeLock, flags=0x1, pid=27811, uid=10017, mUserState=0x0
D/WifiService(  588): acquireWifiLockLocked: WifiLock{NlpWifiLock type=2 binder=android.os.BinderProxy@42640948}
D/WifiService(  588): updateWifiState(): wifiApEnabled: false, wifiApAirplaneMode: falsegetWifiEnabledState(): 3, getWifiApEnabledState: 11
D/WifiService(  588): updateWifiState(): mAirplaneModeOn.get(): false, mPersistWifiState.get(): 1
D/WifiService(  588): updateWifiState(): mEmergencyCallbackMode: false, mDeviceIdle: false, lockHeld: true, mStopWifiRequested:false
D/WifiService(  588): updateWifiState(): enable and start wifi
D/TELEPHONY_CALLBACK(  811): @onSignalStrengthChanged: SignalStrength: 6 -1 -1 -1 -1 -1 -1 -1 -1 -1 2147483647 -1 gsm|lte
D/StatusBar.NetworkController(  811): dumpState[hasService=true ServiceState=0 home 3 3 27202  HSPAP CSS not supported -1 -1 RoamInd=-1 DefRoamInd=-1EriInd= -1EriMode= -1RadioPowerSv: false EmergOnly=false PhoneType: 1 IsCdma=false SimState=UNKNOWN GprsState=0 DataState=Disconnected DataActivity=NONE NetworkType=HSPA+ HtcModemLinkOn=false HspaDataDistinquishable=true]
D/SIGNAL_ICON(  811): updateTelephonySignalStrength
D/SIGNAL_ICON(  811): fakeui srv=0 mTimerEnabled=false asu=6
D/SIGNAL_ICON(  811): asu=6
D/SIGNAL_ICON(  811): SUPPORT_5_LEVEL_SIGNAL
D/SIGNAL_ICON(  811): mapTelephonySignalStrength
D/SIGNAL_ICON(  811): maxLevel=5 asu=6 networkType=HSPA+
D/SIGNAL_ICON(  811): return iconLevel=2
D/StatusBar.NetworkController(  811): dumpIconState[dataVisible=false dataIconId=stat_sys_data_out_3g_plus signalIconId=stat_sys_5signal_2 wifiVisible=true wifiIconId=stat_sys_wifi_signal_4 airplaneMode=false]
D/PowerManagerService(  588): releaseWakeLock(42dece58): PARTIAL_WAKE_LOCK , tag=RILJ, flags=0x1
D/PowerManagerService(  588): acquireWakeLock(42ab5240): PARTIAL_WAKE_LOCK , tag=RILJ, flags=0x1, pid=946, uid=1001, mUserState=0x0
D/PowerManagerService(  588): releaseWakeLock(42ab5240): PARTIAL_WAKE_LOCK , tag=RILJ, flags=0x1
D/TELEPHONY_CALLBACK(  811): @onServiceStateChanged: 0 home 3 3 27202  HSPA CSS not supported -1 -1 RoamInd=-1 DefRoamInd=-1EriInd= -1EriMode= -1RadioPowerSv: false EmergOnly=false PhoneType: 1
D/StatusBar.NetworkController(  811): dumpState[hasService=true ServiceState=0 home 3 3 27202  HSPA CSS not supported -1 -1 RoamInd=-1 DefRoamInd=-1EriInd= -1EriMode= -1RadioPowerSv: false EmergOnly=false PhoneType: 1 IsCdma=false SimState=UNKNOWN GprsState=0 DataState=Disconnected DataActivity=NONE NetworkType=HSPA+ HtcModemLinkOn=false HspaDataDistinquishable=true]
D/SIGNAL_ICON(  811): updateTelephonySignalStrength
D/SIGNAL_ICON(  811): fakeui srv=0 mTimerEnabled=false asu=6
D/SIGNAL_ICON(  811): asu=6
D/SIGNAL_ICON(  811): SUPPORT_5_LEVEL_SIGNAL
D/SIGNAL_ICON(  811): mapTelephonySignalStrength
D/SIGNAL_ICON(  811): maxLevel=5 asu=6 networkType=HSPA+
D/SIGNAL_ICON(  811): return iconLevel=2
D/DATA_ICON(  811): updateDataNetType: networkType=HSPA+
D/DATA_ICON(  811): updateDataIcon
D/DATA_ICON(  811): NOP
D/StatusBar.NetworkController(  811): dumpIconState[dataVisible=false dataIconId=stat_sys_data_out_3g_plus signalIconId=stat_sys_5signal_2 wifiVisible=true wifiIconId=stat_sys_wifi_signal_4 airplaneMode=false]
D/PowerManagerService(  588): releaseWakeLock(420efca8): PARTIAL_WAKE_LOCK , tag=sleep_broadcast, flags=0x1
D/MobileDataStateTracker(  588): default: Broadcast received: ignore android.intent.action.SERVICE_STATE
D/MobileDataStateTracker(  588): mms: Broadcast received: ignore android.intent.action.SERVICE_STATE
D/MobileDataStateTracker(  588): supl: Broadcast received: ignore android.intent.action.SERVICE_STATE
D/MobileDataStateTracker(  588): dun: Broadcast received: ignore android.intent.action.SERVICE_STATE
D/MobileDataStateTracker(  588): hipri: Broadcast received: ignore android.intent.action.SERVICE_STATE
D/MobileDataStateTracker(  588): fota: Broadcast received: ignore android.intent.action.SERVICE_STATE
D/Socket_Alarm( 5873): registerHTCSocketMonitorCallBack
D/Socket_Alarm( 5873): set mSocketMonitor
D/MobileDataStateTracker(  588): ims: Broadcast received: ignore android.intent.action.SERVICE_STATE
D/MobileDataStateTracker(  588): null: Broadcast received: ignore android.intent.action.SERVICE_STATE
I/TelephonyRegistry(  588): notifyDataConnection: state=0 isDataConnectivityPossible=true reason='nwTypeChanged' apn='null' apnType=default networkType=10 roaming=false errorCause=0preConn = []
D/TELEPHONY_CALLBACK(  811): @onDataConnectionStateChanged: dataState=0 networkType=HSPA
D/MobileDataStateTracker(  588): httpproxy: Broadcast received: ignore android.intent.action.SERVICE_STATE
D/StatusBar.NetworkController(  811): dumpState[hasService=true ServiceState=0 home 3 3 27202  HSPA CSS not supported -1 -1 RoamInd=-1 DefRoamInd=-1EriInd= -1EriMode= -1RadioPowerSv: false EmergOnly=false PhoneType: 1 IsCdma=false SimState=UNKNOWN GprsState=0 DataState=Disconnected DataActivity=NONE NetworkType=HSPA HtcModemLinkOn=false HspaDataDistinquishable=true]
D/DATA_ICON(  811): updateDataNetType: networkType=HSPA
D/DATA_ICON(  811): updateDataIcon
D/DATA_ICON(  811): NOP
D/StatusBar.NetworkController(  811): dumpIconState[dataVisible=false dataIconId=stat_sys_data_out_3g_plus signalIconId=stat_sys_5signal_2 wifiVisible=true wifiIconId=stat_sys_wifi_signal_4 airplaneMode=false]
D/Socket_Alarm( 5873): HTCSocketMonitorImpl::HTCSocketMonitorImpl
D/MobileDataStateTracker(  588): admin: Broadcast received: ignore android.intent.action.SERVICE_STATE
D/MobileDataStateTracker(  588): internet: Broadcast received: ignore android.intent.action.SERVICE_STATE
D/MobileDataStateTracker(  588): null: Broadcast received: ignore android.intent.action.SERVICE_STATE
D/MobileDataStateTracker(  588): cmmail: Broadcast received: ignore android.intent.action.SERVICE_STATE
D/MobileDataStateTracker(  588): null: Broadcast received: ignore android.intent.action.SERVICE_STATE
D/MobileDataStateTracker(  588): cmail: Broadcast received: ignore android.intent.action.SERVICE_STATE
D/MobileDataStateTracker(  588): entitle: Broadcast received: ignore android.intent.action.SERVICE_STATE
D/MobileDataStateTracker(  588): null: Broadcast received: ignore android.intent.action.SERVICE_STATE
D/MobileDataStateTracker(  588): bip: Broadcast received: ignore android.intent.action.SERVICE_STATE
D/MobileDataStateTracker(  588): default: Broadcast received: ACTION_ANY_DATA_CONNECTION_STATE_CHANGED mApnType=default == received apnType=default
D/MobileDataStateTracker(  588): default: Received state=DISCONNECTED, old=DISCONNECTED, reason=nwTypeChanged
D/MobileDataStateTracker(  588): default: mMobileDataState=DISCONNECTED mTeardownRequested=false got [AnyDataCSC] : type=default state=DISCONNECTED reason=nwTypeChanged apn=null roaming=false unavailable=false NetworkType=10 NetworkTypeName=HSPA entitleError=0
D/WifiService(  588): Got ACTION_UPDATE_WIFI_STATE
D/WifiService(  588): updateWifiState(): wifiApEnabled: false, wifiApAirplaneMode: falsegetWifiEnabledState(): 3, getWifiApEnabledState: 11
D/WifiService(  588): updateWifiState(): mAirplaneModeOn.get(): false, mPersistWifiState.get(): 1
D/WifiService(  588): updateWifiState(): mEmergencyCallbackMode: false, mDeviceIdle: false, lockHeld: true, mStopWifiRequested:false
D/WifiService(  588): updateWifiState(): enable and start wifi
D/WifiStateMachine(  588): fetchRssiAndLinkSpeedNative send RSSIChange intent, newSignalLevel =3mLastSignalLevel = -1
D/PowerManagerService(  588): releaseWakeLock(4281b6c8): PARTIAL_WAKE_LOCK , tag=AlarmManager, flags=0x1
D/WIFI_ICON(  811): updateWifiState: action=android.net.wifi.RSSI_CHANGED newRssi=-46 freq=2412 newLevel=3 lastWifiLevel=3
D/StatusBar.NetworkController(  811): dumpIconState[dataVisible=false dataIconId=stat_sys_data_out_3g_plus signalIconId=stat_sys_5signal_2 wifiVisible=true wifiIconId=stat_sys_wifi_signal_4 airplaneMode=false]
D/PowerManagerService(  588): acquireWakeLock(42a28840): PARTIAL_WAKE_LOCK , tag=SWITCH_NETWORK_MODE_WAKE_LOCK, flags=0x1, pid=897, uid=10014, mUserState=0x0
D/PowerManagerService(  588): acquireWakeLock(42b11f40): PARTIAL_WAKE_LOCK , tag=RILJ, flags=0x1, pid=946, uid=1001, mUserState=0x0
D/PowerManagerService(  588): releaseWakeLock(42b11f40): PARTIAL_WAKE_LOCK , tag=RILJ, flags=0x1
D/PowerManagerService(  588): releaseWakeLock(42a28840): PARTIAL_WAKE_LOCK , tag=SWITCH_NETWORK_MODE_WAKE_LOCK, flags=0x1
D/PowerManagerService(  588): acquireWakeLock(42510d00): PARTIAL_WAKE_LOCK , tag=RILJ, flags=0x1, pid=946, uid=1001, mUserState=0x0
D/PowerManagerService(  588): releaseWakeLock(42510d00): PARTIAL_WAKE_LOCK , tag=RILJ, flags=0x1
V/LocationManagerService(  588): In requestLocationUpdates. provider passiveminTime: 5000single shot: false Receiver: Receiver{42096a60 Intent PendingIntent{422c9948: PendingIntentRecord{42b6b310 com.htc.htclocationservice startService}}}mUpdateRecords: {passive=UpdateRecord{42eb9920 mProvider: passive mUid: 10014}}
V/LocationManagerService(  588): In requestLocationUpdatesLocked. provider: passive requiredPermissions: android.permission.ACCESS_FINE_LOCATION
I/LocationManagerService(  588): request passive (pid 897) 5000 0
V/LocationManagerService(  588): [LGPS] _requestLocationUpdates: enableLocationTracking(true)
D/LocationManagerService(  588): _requestLocationUpdates: provider = passive listener = Receiver{42096a60 Intent PendingIntent{422c9948: PendingIntentRecord{42b6b310 com.htc.htclocationservice startService}}}mUpdateRecords: {passive=UpdateRecord{42d9ff88 mProvider: passive mUid: 10014}}
V/LocationManagerService(  588): In requestLocationUpdates. provider networkminTime: 1000single shot: false Listener: android.location.ILocationListener$Stub$Proxy@4290ebf0
V/LocationManagerService(  588): In requestLocationUpdatesLocked. provider: network requiredPermissions: android.permission.ACCESS_COARSE_LOCATION
I/LocationManagerService(  588): request network (pid 897) 1000 1000
V/LocationManagerService(  588): [LGPS] _requestLocationUpdates: enableLocationTracking(true)
D/LocationManagerService(  588): _requestLocationUpdates: provider = network listener = Receiver{42608300 Listener android.os.BinderProxy@42c65f08}mUpdateRecords: {network=UpdateRecord{4281a558 mProvider: network mUid: 10014}}
