W/ContextImpl( 1295): Calling a method in the system process without a qualified user: android.app.ContextImpl.sendBroadcast:1252 android.content.ContextWrapper.sendBroadcast:365 com.motorola.motocare.util.TriggerHelper$TriggerBuilder.send:76 com.motorola.motocare.internal.frameworkevents.ProcessKillTrigger.sendTrigger:147 com.motorola.motocare.internal.frameworkevents.ProcessKillTrigger.handleLmkKill:337 
W/ContextImpl( 1295): Calling a method in the system process without a qualified user: android.app.ContextImpl.sendBroadcast:1252 android.content.ContextWrapper.sendBroadcast:365 com.motorola.motocare.util.TriggerHelper$TriggerBuilder.send:76 com.motorola.motocare.internal.frameworkevents.ProcessKillTrigger.sendTrigger:147 com.motorola.motocare.internal.frameworkevents.ProcessKillTrigger.handleLmkKill:337 
W/ContextImpl( 1295): Calling a method in the system process without a qualified user: android.app.ContextImpl.sendBroadcast:1252 android.content.ContextWrapper.sendBroadcast:365 com.motorola.motocare.util.TriggerHelper$TriggerBuilder.send:76 com.motorola.motocare.internal.frameworkevents.ProcessKillTrigger.sendTrigger:147 com.motorola.motocare.internal.frameworkevents.ProcessKillTrigger.handleLmkKill:337 
V/AlarmManager( 1025): sending alarm Alarm{4322fef8 type 3 com.devexpert.weather}
V/AlarmManager( 1025): sending alarm Alarm{43226040 type 2 com.motorola.ccc.cce}
I/ActivityManager( 1025): Start proc com.devexpert.weather for broadcast com.devexpert.weather/.view.WidgetWeather2x1: pid=16255 uid=10112 gids={50112, 3003, 1028, 1015}
V/AlarmManager( 1025): sending alarm Alarm{43e226f8 type 3 android}
V/AlarmManager( 1025): sending alarm Alarm{43930408 type 3 com.devexpert.weather}
V/AlarmManager( 1025): sending alarm Alarm{4376dbd0 type 3 android}
V/AlarmManager( 1025): sending alarm Alarm{43769868 type 3 com.devexpert.weather}
V/AlarmManager( 1025): sending alarm Alarm{437671a0 type 3 android}
V/AlarmManager( 1025): sending alarm Alarm{43222bd8 type 2 com.google.android.gms}
V/AlarmManager( 1025): sending alarm Alarm{4321fb38 type 2 com.google.android.talk}
V/AlarmManager( 1025): sending alarm Alarm{4321fb88 type 2 com.google.android.talk}
V/AlarmManager( 1025): sending alarm Alarm{431ed320 type 2 com.google.android.talk}
V/AlarmManager( 1025): sending alarm Alarm{431ed370 type 2 free.reddit.news}
I/ActivityManager( 1025): Start proc free.reddit.news for service free.reddit.news/reddit.news.services.InboxServiceFree: pid=16278 uid=10115 gids={50115, 3003, 1028, 1015}
V/AlarmManager( 1025): sending alarm Alarm{431e0590 type 2 com.whatsapp}
V/AlarmManager( 1025): sending alarm Alarm{4374a3b8 type 3 com.devexpert.weather}
I/ActivityManager( 1025): Process com.google.android.music:main (pid 10448) has died.
W/ActivityManager( 1025): Scheduling restart of crashed service com.google.android.music/.wear.WearDataTransferConnectionService in 1000ms
W/ActivityManager( 1025): Service ServiceRecord{438b2f60 u0 com.google.android.music/.net.NetworkMonitor} in process ProcessRecord{42bcd680 10448:com.google.android.music:main/u0a82} not same as in map: null
W/ActivityManager( 1025): Service ServiceRecord{438aa7b0 u0 com.google.android.music/.preferences.MusicPreferenceService$MusicPreferenceServiceBinder} in process ProcessRecord{42bcd680 10448:com.google.android.music:main/u0a82} not same as in map: null
W/ActivityManager( 1025): Service ServiceRecord{43875010 u0 com.google.android.music/.download.artwork.ArtDownloadService} in process ProcessRecord{42bcd680 10448:com.google.android.music:main/u0a82} not same as in map: null
W/ActivityManager( 1025): Service ServiceRecord{4386c758 u0 com.google.android.music/.download.cache.TrackCacheService} in process ProcessRecord{42bcd680 10448:com.google.android.music:main/u0a82} not same as in map: null
W/ActivityManager( 1025): Service ServiceRecord{43869b40 u0 com.google.android.music/.download.TrackDownloadQueueService} in process ProcessRecord{42bcd680 10448:com.google.android.music:main/u0a82} not same as in map: null
W/ActivityManager( 1025): Scheduling restart of crashed service com.google.android.music/.playback.MusicPlaybackService in 11000ms
W/Vold    (  261): Returning OperationFailed - no handler for errno 30
I/ActivityManager( 1025): Process com.devexpert.weather (pid 16255) has died.
I/ActivityManager( 1025): Start proc com.google.android.music:main for service com.google.android.music/.wear.WearDataTransferConnectionService: pid=16313 uid=10082 gids={50082, 3003, 1028, 1015}
I/ActivityManager( 1025): Process free.reddit.news (pid 16278) has died.
W/Vold    (  261): Returning OperationFailed - no handler for errno 30
W/Vold    (  261): Returning OperationFailed - no handler for errno 30
W/Vold    (  261): Returning OperationFailed - no handler for errno 30
W/Vold    (  261): Returning OperationFailed - no handler for errno 30
W/Vold    (  261): Returning OperationFailed - no handler for errno 30
W/Vold    (  261): Returning OperationFailed - no handler for errno 30
W/Vold    (  261): Returning OperationFailed - no handler for errno 30
V/AlarmManager( 1025): sending alarm Alarm{42b77180 type 3 android}
W/ContextImpl( 1295): Calling a method in the system process without a qualified user: android.app.ContextImpl.sendBroadcast:1252 android.content.ContextWrapper.sendBroadcast:365 com.motorola.motocare.util.TriggerHelper$TriggerBuilder.send:76 com.motorola.motocare.internal.frameworkevents.ProcessKillTrigger.sendTrigger:147 com.motorola.motocare.internal.frameworkevents.ProcessKillTrigger.handleLmkKill:337 
W/ContextImpl( 1295): Calling a method in the system process without a qualified user: android.app.ContextImpl.sendBroadcast:1252 android.content.ContextWrapper.sendBroadcast:365 com.motorola.motocare.util.TriggerHelper$TriggerBuilder.send:76 com.motorola.motocare.internal.frameworkevents.ProcessKillTrigger.sendTrigger:147 com.motorola.motocare.internal.frameworkevents.ProcessKillTrigger.handleLmkKill:337 
W/ContextImpl( 1295): Calling a method in the system process without a qualified user: android.app.ContextImpl.sendBroadcast:1252 android.content.ContextWrapper.sendBroadcast:365 com.motorola.motocare.util.TriggerHelper$TriggerBuilder.send:76 com.motorola.motocare.internal.frameworkevents.ProcessKillTrigger.sendTrigger:147 com.motorola.motocare.internal.frameworkevents.ProcessKillTrigger.handleLmkKill:337 
V/AlarmManager( 1025): sending alarm Alarm{42b74078 type 2 com.google.android.talk}
V/AlarmManager( 1025): sending alarm Alarm{42b706a0 type 2 com.google.android.talk}
V/AlarmManager( 1025): sending alarm Alarm{42b6cce8 type 2 com.google.android.talk}
V/AlarmManager( 1025): sending alarm Alarm{42b6c908 type 3 com.devexpert.weather}
V/AlarmManager( 1025): sending alarm Alarm{42b6ac28 type 2 com.google.android.gms}
I/ActivityManager( 1025): Start proc com.devexpert.weather for broadcast com.devexpert.weather/.view.WidgetWeather2x1: pid=16395 uid=10112 gids={50112, 3003, 1028, 1015}
V/AlarmManager( 1025): sending alarm Alarm{42b68190 type 2 com.google.android.talk}
I/ActivityManager( 1025): Start proc com.google.android.talk for broadcast com.google.android.talk/com.google.android.apps.hangouts.service.NetworkStateReceiver: pid=16416 uid=10071 gids={50071, 3003, 1028, 1015, 3002}
I/ActivityManager( 1025): Process com.devexpert.weather (pid 16395) has died.
W/AppOps  ( 1025): Bad call: specified package qcamera under uid 1013 but it is really -1
W/AppOps  ( 1025): Bad call: specified package qcamera under uid 1013 but it is really -1
W/AppOps  ( 1025): Bad call: specified package qcamera under uid 1013 but it is really -1
W/AppOps  ( 1025): Bad call: specified package qcamera under uid 1013 but it is really -1
I/ActivityManager( 1025): Process com.google.android.talk (pid 16416) has died.
W/ActivityManager( 1025): Service ServiceRecord{43cdfcd8 u0 com.google.android.talk/com.google.android.libraries.hangouts.video.CallService} in process ProcessRecord{431b72c0 16416:com.google.android.talk/u0a71} not same as in map: null
D/ConnectivityService( 1025): handleInetConditionHoldEnd: net=1, condition=0, published condition=100
V/AlarmManager( 1025): sending alarm Alarm{42424638 type 2 com.google.android.gms}
I/ActivityManager( 1025): Start proc com.google.android.talk for broadcast com.google.android.talk/com.google.android.apps.hangouts.service.NetworkStateReceiver: pid=16446 uid=10071 gids={50071, 3003, 1028, 1015, 3002}
W/AppOps  ( 1025): Bad call: specified package qcamera under uid 1013 but it is really -1
W/AppOps  ( 1025): Bad call: specified package qcamera under uid 1013 but it is really -1
W/AppOps  ( 1025): Bad call: specified package qcamera under uid 1013 but it is really -1
W/AppOps  ( 1025): Bad call: specified package qcamera under uid 1013 but it is really -1
D/ConnectivityService( 1025): handleInetConditionHoldEnd: net=1, condition=100, published condition=0
I/ActivityManager( 1025): Process com.google.android.talk (pid 16446) has died.
W/ActivityManager( 1025): Service ServiceRecord{43c7e390 u0 com.google.android.talk/com.google.android.libraries.hangouts.video.CallService} in process ProcessRecord{431d55f0 16446:com.google.android.talk/u0a71} not same as in map: null
V/AlarmManager( 1025): sending alarm Alarm{41fe8148 type 3 android}
V/AlarmManager( 1025): sending alarm Alarm{41fe06e8 type 3 com.devexpert.weather}
I/ActivityManager( 1025): Start proc com.devexpert.weather for broadcast com.devexpert.weather/.view.WidgetWeather2x1: pid=16478 uid=10112 gids={50112, 3003, 1028, 1015}
W/ContextImpl( 1295): Calling a method in the system process without a qualified user: android.app.ContextImpl.sendBroadcast:1252 android.content.ContextWrapper.sendBroadcast:365 com.motorola.motocare.util.TriggerHelper$TriggerBuilder.send:76 com.motorola.motocare.internal.frameworkevents.ProcessKillTrigger.sendTrigger:147 com.motorola.motocare.internal.frameworkevents.ProcessKillTrigger.handleLmkKill:337 
W/ContextImpl( 1295): Calling a method in the system process without a qualified user: android.app.ContextImpl.sendBroadcast:1252 android.content.ContextWrapper.sendBroadcast:365 com.motorola.motocare.util.TriggerHelper$TriggerBuilder.send:76 com.motorola.motocare.internal.frameworkevents.ProcessKillTrigger.sendTrigger:147 com.motorola.motocare.internal.frameworkevents.ProcessKillTrigger.handleLmkKill:337 
W/ContextImpl( 1295): Calling a method in the system process without a qualified user: android.app.ContextImpl.sendBroadcast:1252 android.content.ContextWrapper.sendBroadcast:365 com.motorola.motocare.util.TriggerHelper$TriggerBuilder.send:76 com.motorola.motocare.internal.frameworkevents.ProcessKillTrigger.sendTrigger:147 com.motorola.motocare.internal.frameworkevents.ProcessKillTrigger.handleLmkKill:337 
V/AlarmManager( 1025): sending alarm Alarm{42d30cf8 type 3 android}
V/AlarmManager( 1025): sending alarm Alarm{42baf200 type 3 com.devexpert.weather}
V/AlarmManager( 1025): sending alarm Alarm{4375b3d8 type 3 android}
V/AlarmManager( 1025): sending alarm Alarm{41fdd1e0 type 2 com.google.android.talk}
V/AlarmManager( 1025): sending alarm Alarm{41fda738 type 2 com.google.android.talk}
V/AlarmManager( 1025): sending alarm Alarm{41fda0b0 type 2 com.google.android.talk}
V/AlarmManager( 1025): sending alarm Alarm{41fd8438 type 2 com.google.android.talk}
V/AlarmManager( 1025): sending alarm Alarm{41fcb248 type 0 com.viber.voip}
V/AlarmManager( 1025): sending alarm Alarm{41fc7800 type 1 com.android.deskclock}
I/ActivityManager( 1025): Start proc com.android.deskclock for broadcast com.android.deskclock/com.android.alarmclock.DigitalAppWidgetProvider: pid=16509 uid=10015 gids={50015, 1028}
I/ActivityManager( 1025): Process com.motorola.audioeffects (pid 10717) has died.
W/ActivityManager( 1025): Scheduling restart of crashed service com.motorola.audioeffects/.AudioEffectsService in 1000ms
I/ActivityManager( 1025): Start proc com.motorola.audioeffects for service com.motorola.audioeffects/.AudioEffectsService: pid=16530 uid=10002 gids={50002}
V/AlarmManager( 1025): sending alarm Alarm{433eeee8 type 2 com.whatsapp}
V/AlarmManager( 1025): sending alarm Alarm{433b3560 type 3 com.devexpert.weather}
V/AlarmManager( 1025): sending alarm Alarm{433b0c88 type 3 android}
I/ActivityManager( 1025): Process com.bambuna.podcastaddict (pid 13313) has died.
W/ActivityManager( 1025): Scheduling restart of crashed service com.bambuna.podcastaddict/.service.PodcastAddictService in 1000ms
W/ContextImpl( 1295): Calling a method in the system process without a qualified user: android.app.ContextImpl.sendBroadcast:1252 android.content.ContextWrapper.sendBroadcast:365 com.motorola.motocare.util.TriggerHelper$TriggerBuilder.send:76 com.motorola.motocare.internal.frameworkevents.ProcessKillTrigger.sendTrigger:147 com.motorola.motocare.internal.frameworkevents.ProcessKillTrigger.handleLmkKill:337 
I/ActivityManager( 1025): Start proc com.bambuna.podcastaddict for service com.bambuna.podcastaddict/.service.PodcastAddictService: pid=16561 uid=10113 gids={50113, 3003, 1028, 1015, 3002}
W/Vold    (  261): Returning OperationFailed - no handler for errno 30
I/ActivityManager( 1025): Process android.process.media (pid 10730) has died.
W/ActivityManager( 1025): Scheduling restart of crashed service com.android.providers.media/.MtpService in 1000ms
I/ActivityManager( 1025): Start proc android.process.media for service com.android.providers.media/.MtpService: pid=16633 uid=10018 gids={50018, 1028, 1015, 1023, 1024, 2001, 3003, 3007}
I/ActivityManager( 1025): Process com.android.deskclock (pid 16509) has died.
I/openssl (16633): Crypto mode not selected, openssl will run on its regular mode.
I/openssl (16633): Crypto mode 0 already enabled
I/ActivityManager( 1025): Process com.devexpert.weather (pid 16478) has died.
V/AlarmManager( 1025): sending alarm Alarm{43e226f8 type 3 com.devexpert.weather}
V/AlarmManager( 1025): sending alarm Alarm{433aaf08 type 2 com.facebook.katana}
I/ActivityManager( 1025): Start proc com.devexpert.weather for broadcast com.devexpert.weather/.view.WidgetWeather2x1: pid=16662 uid=10112 gids={50112, 3003, 1028, 1015}
V/AlarmManager( 1025): sending alarm Alarm{433a31f8 type 2 com.facebook.orca}
V/AlarmManager( 1025): sending alarm Alarm{433a3248 type 2 com.google.android.gms}
D/ConnectivityService( 1025): handleInetConditionHoldEnd: net=1, condition=100, published condition=100
V/AlarmManager( 1025): sending alarm Alarm{431fe048 type 3 android}
W/ContextImpl( 1295): Calling a method in the system process without a qualified user: android.app.ContextImpl.sendBroadcast:1252 android.content.ContextWrapper.sendBroadcast:365 com.motorola.motocare.util.TriggerHelper$TriggerBuilder.send:76 com.motorola.motocare.internal.frameworkevents.ProcessKillTrigger.sendTrigger:147 com.motorola.motocare.internal.frameworkevents.ProcessKillTrigger.handleLmkKill:337 
W/ContextImpl( 1295): Calling a method in the system process without a qualified user: android.app.ContextImpl.sendBroadcast:1252 android.content.ContextWrapper.sendBroadcast:365 com.motorola.motocare.util.TriggerHelper$TriggerBuilder.send:76 com.motorola.motocare.internal.frameworkevents.ProcessKillTrigger.sendTrigger:147 com.motorola.motocare.internal.frameworkevents.ProcessKillTrigger.handleLmkKill:337 
W/ContextImpl( 1295): Calling a method in the system process without a qualified user: android.app.ContextImpl.sendBroadcast:1252 android.content.ContextWrapper.sendBroadcast:365 com.motorola.motocare.util.TriggerHelper$TriggerBuilder.send:76 com.motorola.motocare.internal.frameworkevents.ProcessKillTrigger.sendTrigger:147 com.motorola.motocare.internal.frameworkevents.ProcessKillTrigger.handleLmkKill:337 
V/AlarmManager( 1025): sending alarm Alarm{431f5e48 type 3 com.devexpert.weather}
V/AlarmManager( 1025): sending alarm Alarm{431f4d80 type 2 android}
V/AlarmManager( 1025): sending alarm Alarm{431f34c0 type 0 com.facebook.orca}
D/ConnectivityService( 1025): Sampling interval elapsed, updating statistics ..
D/ConnectivityService( 1025): Done.
D/ConnectivityService( 1025): Setting timer for 720seconds
V/AlarmManager( 1025): sending alarm Alarm{42e2c820 type 3 android}
V/AlarmManager( 1025): sending alarm Alarm{42e16220 type 3 com.devexpert.weather}
V/AlarmManager( 1025): sending alarm Alarm{42df7cc0 type 3 android}
V/AlarmManager( 1025): sending alarm Alarm{42df32e8 type 3 com.devexpert.weather}
V/AlarmManager( 1025): sending alarm Alarm{42df1f70 type 3 android}
V/AlarmManager( 1025): sending alarm Alarm{42de71e0 type 3 com.devexpert.weather}
V/AlarmManager( 1025): sending alarm Alarm{42ddb010 type 3 android}
V/AlarmManager( 1025): sending alarm Alarm{42dd61e0 type 3 com.devexpert.weather}
V/AlarmManager( 1025): sending alarm Alarm{431ee408 type 2 com.whatsapp}
V/AlarmManager( 1025): sending alarm Alarm{431ed838 type 2 com.google.android.gms}
V/AlarmManager( 1025): sending alarm Alarm{431ea908 type 2 com.google.android.talk}
V/AlarmManager( 1025): sending alarm Alarm{431ea5e8 type 2 com.google.android.talk}
V/AlarmManager( 1025): sending alarm Alarm{431e78d0 type 2 com.google.android.talk}
V/AlarmManager( 1025): sending alarm Alarm{431e7690 type 3 com.whatsapp}
V/AlarmManager( 1025): sending alarm Alarm{42a66838 type 3 android}
V/AlarmManager( 1025): sending alarm Alarm{42a61568 type 3 com.devexpert.weather}
V/AlarmManager( 1025): sending alarm Alarm{42a60ee0 type 3 android}
D/MobileDataStateTracker( 1025): default: setPolicyDataEnable(enabled=true)
D/WifiService( 1025): acquireWifiLockLocked: WifiLock{NlpWifiLock type=2 binder=android.os.BinderProxy@4222d3e8}
D/WifiService( 1025): releaseWifiLockLocked: WifiLock{NlpWifiLock type=2 binder=android.os.BinderProxy@4222d3e8}
V/AlarmManager( 1025): sending alarm Alarm{42e09e10 type 3 android}
V/AlarmManager( 1025): sending alarm Alarm{42de1530 type 2 com.google.android.gms}
V/AlarmManager( 1025): sending alarm Alarm{42dd6630 type 2 com.whatsapp}
I/ActivityManager( 1025): Start proc com.google.android.talk for broadcast com.google.android.talk/com.google.android.apps.hangouts.service.NetworkStateReceiver: pid=16724 uid=10071 gids={50071, 3003, 1028, 1015, 3002}
W/AppOps  ( 1025): Bad call: specified package qcamera under uid 1013 but it is really -1
W/AppOps  ( 1025): Bad call: specified package qcamera under uid 1013 but it is really -1
W/AppOps  ( 1025): Bad call: specified package qcamera under uid 1013 but it is really -1
W/AppOps  ( 1025): Bad call: specified package qcamera under uid 1013 but it is really -1
I/ActivityManager( 1025): Process com.devexpert.weather (pid 16662) has died.
I/ActivityManager( 1025): Process com.google.android.talk (pid 16724) has died.
W/ActivityManager( 1025): Service ServiceRecord{429cb050 u0 com.google.android.talk/com.google.android.libraries.hangouts.video.CallService} in process ProcessRecord{4390c988 16724:com.google.android.talk/u0a71} not same as in map: null
D/ConnectivityService( 1025): handleInetConditionHoldEnd: net=1, condition=0, published condition=100
V/AlarmManager( 1025): sending alarm Alarm{42403da0 type 3 com.devexpert.weather}
V/AlarmManager( 1025): sending alarm Alarm{42f4e970 type 2 com.google.android.gms}
I/ActivityManager( 1025): Start proc com.devexpert.weather for broadcast com.devexpert.weather/.view.WidgetWeather2x1: pid=16756 uid=10112 gids={50112, 3003, 1028, 1015}
I/ActivityManager( 1025): Start proc com.google.android.talk for broadcast com.google.android.talk/com.google.android.apps.hangouts.service.NetworkStateReceiver: pid=16777 uid=10071 gids={50071, 3003, 1028, 1015, 3002}
W/AppOps  ( 1025): Bad call: specified package qcamera under uid 1013 but it is really -1
W/AppOps  ( 1025): Bad call: specified package qcamera under uid 1013 but it is really -1
W/AppOps  ( 1025): Bad call: specified package qcamera under uid 1013 but it is really -1
W/AppOps  ( 1025): Bad call: specified package qcamera under uid 1013 but it is really -1
D/ConnectivityService( 1025): handleInetConditionHoldEnd: net=1, condition=100, published condition=0
I/ActivityManager( 1025): Process com.devexpert.weather (pid 16756) has died.
I/ActivityManager( 1025): Process com.google.android.talk (pid 16777) has died.
W/ActivityManager( 1025): Service ServiceRecord{429c8bf8 u0 com.google.android.talk/com.google.android.libraries.hangouts.video.CallService} in process ProcessRecord{4392ec40 16777:com.google.android.talk/u0a71} not same as in map: null
V/AlarmManager( 1025): sending alarm Alarm{42cb4338 type 3 android}
I/ProcessStatsService( 1025): Prepared write state in 76ms
I/ProcessStatsService( 1025): Prepared write state in 18ms
W/ContextImpl( 1295): Calling a method in the system process without a qualified user: android.app.ContextImpl.sendBroadcast:1252 android.content.ContextWrapper.sendBroadcast:365 com.motorola.motocare.util.TriggerHelper$TriggerBuilder.send:76 com.motorola.motocare.internal.frameworkevents.ProcessKillTrigger.sendTrigger:147 com.motorola.motocare.internal.frameworkevents.ProcessKillTrigger.handleLmkKill:337 
W/ContextImpl( 1295): Calling a method in the system process without a qualified user: android.app.ContextImpl.sendBroadcast:1252 android.content.ContextWrapper.sendBroadcast:365 com.motorola.motocare.util.TriggerHelper$TriggerBuilder.send:76 com.motorola.motocare.internal.frameworkevents.ProcessKillTrigger.sendTrigger:147 com.motorola.motocare.internal.frameworkevents.ProcessKillTrigger.handleLmkKill:337 
W/ContextImpl( 1295): Calling a method in the system process without a qualified user: android.app.ContextImpl.sendBroadcast:1252 android.content.ContextWrapper.sendBroadcast:365 com.motorola.motocare.util.TriggerHelper$TriggerBuilder.send:76 com.motorola.motocare.internal.frameworkevents.ProcessKillTrigger.sendTrigger:147 com.motorola.motocare.internal.frameworkevents.ProcessKillTrigger.handleLmkKill:337 
W/ContextImpl( 1295): Calling a method in the system process without a qualified user: android.app.ContextImpl.sendBroadcast:1252 android.content.ContextWrapper.sendBroadcast:365 com.motorola.motocare.util.TriggerHelper$TriggerBuilder.send:76 com.motorola.motocare.internal.frameworkevents.ProcessKillTrigger.sendTrigger:147 com.motorola.motocare.internal.frameworkevents.ProcessKillTrigger.handleLmkKill:337 
V/AlarmManager( 1025): sending alarm Alarm{42c9da80 type 3 com.devexpert.weather}
I/ActivityManager( 1025): Start proc com.devexpert.weather for broadcast com.devexpert.weather/.view.WidgetWeather2x1: pid=16823 uid=10112 gids={50112, 3003, 1028, 1015}
I/ActivityManager( 1025): Start proc com.google.android.talk for broadcast com.google.android.talk/com.google.android.apps.hangouts.realtimechat.MessagesAvailableReceiver: pid=16841 uid=10071 gids={50071, 3003, 1028, 1015, 3002}
W/AppOps  ( 1025): Bad call: specified package qcamera under uid 1013 but it is really -1
W/AppOps  ( 1025): Bad call: specified package qcamera under uid 1013 but it is really -1
W/AppOps  ( 1025): Bad call: specified package qcamera under uid 1013 but it is really -1
W/AppOps  ( 1025): Bad call: specified package qcamera under uid 1013 but it is really -1
D/ConnectivityService( 1025): handleInetConditionHoldEnd: net=1, condition=100, published condition=100
I/ActivityManager( 1025): Process com.qualcomm.atfwd (pid 14838) has died.
W/ActivityManager( 1025): Scheduling restart of crashed service com.qualcomm.atfwd/.AtFwdService in 1000ms
I/ActivityManager( 1025): Process com.mobisystems.ubreader_west (pid 14964) has died.
W/ActivityManager( 1025): Scheduling restart of crashed service com.mobisystems.ubreader_west/com.mobisystems.ubreader.launcher.service.NetworkService in 10900ms
I/ActivityManager( 1025): Process com.devexpert.weather (pid 16823) has died.
I/ActivityManager( 1025): Start proc com.qualcomm.atfwd for service com.qualcomm.atfwd/.AtFwdService: pid=16887 uid=1000 gids={41000, 1028, 1015, 3002, 3001, 3003, 1021, 3004, 3005, 1000, 3009, 1023, 1010, 1004, 2002, 3006}
I/ActivityManager( 1025): Start proc com.mobisystems.ubreader_west for service com.mobisystems.ubreader_west/com.mobisystems.ubreader.launcher.service.NetworkService: pid=16908 uid=10117 gids={50117, 3003, 1028, 1015}
I/ActivityManager( 1025): Process com.google.android.talk (pid 16841) has died.
W/ActivityManager( 1025): Service ServiceRecord{42858e60 u0 com.google.android.talk/com.google.android.libraries.hangouts.video.CallService} in process ProcessRecord{41fb42c0 16841:com.google.android.talk/u0a71} not same as in map: null
I/ActivityManager( 1025): Start proc com.google.android.talk for broadcast com.google.android.talk/com.google.android.apps.hangouts.realtimechat.MessagesAvailableReceiver: pid=16928 uid=10071 gids={50071, 3003, 1028, 1015, 3002}
W/AppOps  ( 1025): Bad call: specified package qcamera under uid 1013 but it is really -1
W/AppOps  ( 1025): Bad call: specified package qcamera under uid 1013 but it is really -1
W/AppOps  ( 1025): Bad call: specified package qcamera under uid 1013 but it is really -1
W/AppOps  ( 1025): Bad call: specified package qcamera under uid 1013 but it is really -1
D/ConnectivityService( 1025): handleInetConditionHoldEnd: net=1, condition=100, published condition=100
I/ActivityManager( 1025): Process com.google.android.talk (pid 16928) has died.
W/ActivityManager( 1025): Service ServiceRecord{44481680 u0 com.google.android.talk/com.google.android.libraries.hangouts.video.CallService} in process ProcessRecord{42f32aa8 16928:com.google.android.talk/u0a71} not same as in map: null
V/AlarmManager( 1025): sending alarm Alarm{43384c50 type 3 android}
W/ContextImpl( 1295): Calling a method in the system process without a qualified user: android.app.ContextImpl.sendBroadcast:1252 android.content.ContextWrapper.sendBroadcast:365 com.motorola.motocare.util.TriggerHelper$TriggerBuilder.send:76 com.motorola.motocare.internal.frameworkevents.ProcessKillTrigger.sendTrigger:147 com.motorola.motocare.internal.frameworkevents.ProcessKillTrigger.handleLmkKill:337 
W/ContextImpl( 1295): Calling a method in the system process without a qualified user: android.app.ContextImpl.sendBroadcast:1252 android.content.ContextWrapper.sendBroadcast:365 com.motorola.motocare.util.TriggerHelper$TriggerBuilder.send:76 com.motorola.motocare.internal.frameworkevents.ProcessKillTrigger.sendTrigger:147 com.motorola.motocare.internal.frameworkevents.ProcessKillTrigger.handleLmkKill:337 
W/ContextImpl( 1295): Calling a method in the system process without a qualified user: android.app.ContextImpl.sendBroadcast:1252 android.content.ContextWrapper.sendBroadcast:365 com.motorola.motocare.util.TriggerHelper$TriggerBuilder.send:76 com.motorola.motocare.internal.frameworkevents.ProcessKillTrigger.sendTrigger:147 com.motorola.motocare.internal.frameworkevents.ProcessKillTrigger.handleLmkKill:337 
W/ContextImpl( 1295): Calling a method in the system process without a qualified user: android.app.ContextImpl.sendBroadcast:1252 android.content.ContextWrapper.sendBroadcast:365 com.motorola.motocare.util.TriggerHelper$TriggerBuilder.send:76 com.motorola.motocare.internal.frameworkevents.ProcessKillTrigger.sendTrigger:147 com.motorola.motocare.internal.frameworkevents.ProcessKillTrigger.handleLmkKill:337 
W/ContextImpl( 1295): Calling a method in the system process without a qualified user: android.app.ContextImpl.sendBroadcast:1252 android.content.ContextWrapper.sendBroadcast:365 com.motorola.motocare.util.TriggerHelper$TriggerBuilder.send:76 com.motorola.motocare.internal.frameworkevents.ProcessKillTrigger.sendTrigger:147 com.motorola.motocare.internal.frameworkevents.ProcessKillTrigger.handleLmkKill:337 
V/AlarmManager( 1025): sending alarm Alarm{43384990 type 3 com.devexpert.weather}
V/AlarmManager( 1025): sending alarm Alarm{43382408 type 2 free.reddit.news}
I/ActivityManager( 1025): Start proc com.devexpert.weather for broadcast com.devexpert.weather/.view.WidgetWeather2x1: pid=17002 uid=10112 gids={50112, 3003, 1028, 1015}
I/ActivityManager( 1025): Start proc free.reddit.news for service free.reddit.news/reddit.news.services.InboxServiceFree: pid=17016 uid=10115 gids={50115, 3003, 1028, 1015}
V/AlarmManager( 1025): sending alarm Alarm{43380cc8 type 0 com.viber.voip}
W/Vold    (  261): Returning OperationFailed - no handler for errno 30
V/AlarmManager( 1025): sending alarm Alarm{42f34260 type 3 android}
V/AlarmManager( 1025): sending alarm Alarm{43379278 type 2 com.google.android.talk}
V/AlarmManager( 1025): sending alarm Alarm{42f2f830 type 3 com.devexpert.weather}
V/AlarmManager( 1025): sending alarm Alarm{43377150 type 2 com.google.android.talk}
V/AlarmManager( 1025): sending alarm Alarm{43375000 type 2 com.google.android.talk}
V/AlarmManager( 1025): sending alarm Alarm{433710f0 type 2 com.google.android.talk}
V/AlarmManager( 1025): sending alarm Alarm{43370f88 type 0 com.evernote}
I/ActivityManager( 1025): Start proc com.evernote for service com.evernote/.client.BackgroundTaskService: pid=17055 uid=10134 gids={50134, 3003, 1028, 1015}
I/ActivityManager( 1025): Process free.reddit.news (pid 17016) has died.
I/ActivityManager( 1025): Process com.devexpert.weather (pid 17002) has died.
I/ActivityManager( 1025): Process com.evernote (pid 17055) has died.
I/ActivityManager( 1025): Start proc com.whatsapp for service com.whatsapp/.messaging.MessageService: pid=17106 uid=10107 gids={50107, 3002, 3003, 1028, 1015}
V/AlarmManager( 1025): sending alarm Alarm{429d7890 type 3 com.whatsapp}
I/ActivityManager( 1025): Start proc com.android.vending for service com.android.vending/com.google.android.finsky.billing.iab.InAppBillingService: pid=17138 uid=10039 gids={50039, 3003, 1028, 1015}
V/AlarmManager( 1025): sending alarm Alarm{42676e40 type 3 com.whatsapp}
I/ActivityManager( 1025): Process com.paypal.android.p2pmobile (pid 15973) has died.
W/ActivityManager( 1025): Scheduling restart of crashed service com.paypal.android.p2pmobile/.services.WalletService in 1000ms
W/ActivityManager( 1025): Scheduling restart of crashed service com.paypal.android.p2pmobile/.services.AtoService in 11000ms
I/ActivityManager( 1025): Start proc com.paypal.android.p2pmobile for service com.paypal.android.p2pmobile/.services.WalletService: pid=17216 uid=10156 gids={50156, 3003, 1028, 1015}
I/ActivityManager( 1025): Process com.whatsapp (pid 17106) has died.
W/ActivityManager( 1025): Scheduling restart of crashed service com.whatsapp/.messaging.MessageService in 21061632ms
V/AlarmManager( 1025): sending alarm Alarm{434a8510 type 3 android}
W/ContextImpl( 1295): Calling a method in the system process without a qualified user: android.app.ContextImpl.sendBroadcast:1252 android.content.ContextWrapper.sendBroadcast:365 com.motorola.motocare.util.TriggerHelper$TriggerBuilder.send:76 com.motorola.motocare.internal.frameworkevents.ProcessKillTrigger.sendTrigger:147 com.motorola.motocare.internal.frameworkevents.ProcessKillTrigger.handleLmkKill:337 
W/ContextImpl( 1295): Calling a method in the system process without a qualified user: android.app.ContextImpl.sendBroadcast:1252 android.content.ContextWrapper.sendBroadcast:365 com.motorola.motocare.util.TriggerHelper$TriggerBuilder.send:76 com.motorola.motocare.internal.frameworkevents.ProcessKillTrigger.sendTrigger:147 com.motorola.motocare.internal.frameworkevents.ProcessKillTrigger.handleLmkKill:337 
W/ContextImpl( 1295): Calling a method in the system process without a qualified user: android.app.ContextImpl.sendBroadcast:1252 android.content.ContextWrapper.sendBroadcast:365 com.motorola.motocare.util.TriggerHelper$TriggerBuilder.send:76 com.motorola.motocare.internal.frameworkevents.ProcessKillTrigger.sendTrigger:147 com.motorola.motocare.internal.frameworkevents.ProcessKillTrigger.handleLmkKill:337 
W/ContextImpl( 1295): Calling a method in the system process without a qualified user: android.app.ContextImpl.sendBroadcast:1252 android.content.ContextWrapper.sendBroadcast:365 com.motorola.motocare.util.TriggerHelper$TriggerBuilder.send:76 com.motorola.motocare.internal.frameworkevents.ProcessKillTrigger.sendTrigger:147 com.motorola.motocare.internal.frameworkevents.ProcessKillTrigger.handleLmkKill:337 
W/ContextImpl( 1295): Calling a method in the system process without a qualified user: android.app.ContextImpl.sendBroadcast:1252 android.content.ContextWrapper.sendBroadcast:365 com.motorola.motocare.util.TriggerHelper$TriggerBuilder.send:76 com.motorola.motocare.internal.frameworkevents.ProcessKillTrigger.sendTrigger:147 com.motorola.motocare.internal.frameworkevents.ProcessKillTrigger.handleLmkKill:337 
V/AlarmManager( 1025): sending alarm Alarm{42d56cc8 type 2 com.whatsapp}
V/AlarmManager( 1025): sending alarm Alarm{4341f768 type 2 com.google.android.talk}
V/AlarmManager( 1025): sending alarm Alarm{4341e798 type 2 com.google.android.talk}
V/AlarmManager( 1025): sending alarm Alarm{4341c1c0 type 2 com.google.android.talk}
V/AlarmManager( 1025): sending alarm Alarm{43417fb8 type 3 com.devexpert.weather}
V/AlarmManager( 1025): sending alarm Alarm{433fc900 type 2 com.google.android.talk}
I/ActivityManager( 1025): Start proc com.devexpert.weather for broadcast com.devexpert.weather/.view.WidgetWeather2x1: pid=17311 uid=10112 gids={50112, 3003, 1028, 1015}
W/ProcessCpuTracker( 1025): Skipping unknown process pid 17327
W/ProcessCpuTracker( 1025): Skipping unknown process pid 17330
V/AlarmManager( 1025): sending alarm Alarm{42b90470 type 3 android}
V/AlarmManager( 1025): sending alarm Alarm{42b8b2f8 type 3 com.devexpert.weather}
V/AlarmManager( 1025): sending alarm Alarm{42b84820 type 2 com.google.android.gms}
D/ConnectivityService( 1025): handleInetConditionHoldEnd: net=1, condition=100, published condition=100
V/AlarmManager( 1025): sending alarm Alarm{429a5100 type 3 android}
V/AlarmManager( 1025): sending alarm Alarm{429a2c28 type 2 com.google.android.talk}
V/AlarmManager( 1025): sending alarm Alarm{4299b128 type 3 com.devexpert.weather}
V/AlarmManager( 1025): sending alarm Alarm{4299a388 type 2 com.google.android.talk}
V/AlarmManager( 1025): sending alarm Alarm{42990828 type 2 com.google.android.talk}
V/AlarmManager( 1025): sending alarm Alarm{42990480 type 2 android}
D/ConnectivityService( 1025): Sampling interval elapsed, updating statistics ..
D/ConnectivityService( 1025): Done.
D/ConnectivityService( 1025): Setting timer for 720seconds
V/AlarmManager( 1025): sending alarm Alarm{42c42538 type 3 android}
V/AlarmManager( 1025): sending alarm Alarm{42c38a30 type 1 com.android.deskclock}
I/ActivityManager( 1025): Start proc com.android.deskclock for broadcast com.android.deskclock/com.android.alarmclock.DigitalAppWidgetProvider: pid=17357 uid=10015 gids={50015, 1028}
V/AlarmManager( 1025): sending alarm Alarm{42c326f0 type 3 com.devexpert.weather}
V/AlarmManager( 1025): sending alarm Alarm{42c304c0 type 2 com.google.android.talk}
V/AlarmManager( 1025): sending alarm Alarm{42bcdc08 type 3 android}
V/AlarmManager( 1025): sending alarm Alarm{42baf210 type 2 com.whatsapp}
V/AlarmManager( 1025): sending alarm Alarm{42ba1af0 type 2 com.google.android.talk}
V/AlarmManager( 1025): sending alarm Alarm{42bbbfe0 type 3 com.devexpert.weather}
V/AlarmManager( 1025): sending alarm Alarm{42b97168 type 2 com.facebook.katana}
V/AlarmManager( 1025): sending alarm Alarm{42b94188 type 2 com.facebook.orca}
V/AlarmManager( 1025): sending alarm Alarm{42b8dc30 type 2 com.google.android.talk}
V/AlarmManager( 1025): sending alarm Alarm{429dbdf8 type 3 android}
V/AlarmManager( 1025): sending alarm Alarm{429c1b88 type 2 com.google.android.talk}
V/AlarmManager( 1025): sending alarm Alarm{429c0a58 type 3 com.devexpert.weather}
V/AlarmManager( 1025): sending alarm Alarm{429bd390 type 2 com.google.android.gms}
V/AlarmManager( 1025): sending alarm Alarm{429bd3e0 type 1 com.motorola.motocare}
V/AlarmManager( 1025): sending alarm Alarm{429ba7e8 type 0 com.google.android.gms}
W/ContextImpl( 1295): Calling a method in the system process without a qualified user: android.app.ContextImpl.startService:1608 android.content.ContextWrapper.startService:494 android.content.ContextWrapper.startService:494 com.motorola.motocare.internal.batterystats.BatteryStatsAction.onReceive:33 android.app.ActivityThread.handleReceiver:2434 
D/ConnectivityService( 1025): handleInetConditionHoldEnd: net=1, condition=100, published condition=100
V/AlarmManager( 1025): sending alarm Alarm{433daf18 type 3 android}
V/AlarmManager( 1025): sending alarm Alarm{433da9e0 type 2 com.google.android.talk}
V/AlarmManager( 1025): sending alarm Alarm{433d7e20 type 3 com.devexpert.weather}
V/AlarmManager( 1025): sending alarm Alarm{43099f40 type 3 android}
D/WifiService( 1025): acquireWifiLockLocked: WifiLock{NlpWifiLock type=2 binder=android.os.BinderProxy@42ab2868}
I/ActivityManager( 1025): Process com.android.vending (pid 17138) has died.
D/WifiService( 1025): releaseWifiLockLocked: WifiLock{NlpWifiLock type=2 binder=android.os.BinderProxy@42ab2868}
I/ActivityManager( 1025): Process com.android.deskclock (pid 17357) has died.
V/AlarmManager( 1025): sending alarm Alarm{42b40198 type 3 com.devexpert.weather}
V/AlarmManager( 1025): sending alarm Alarm{42b403d0 type 2 com.google.android.gms}
V/AlarmManager( 1025): sending alarm Alarm{42b3dc80 type 2 com.google.android.talk}
V/AlarmManager( 1025): sending alarm Alarm{42b3be80 type 0 com.facebook.katana}
V/AlarmManager( 1025): sending alarm Alarm{42b3bdc0 type 0 android}
D/WifiService( 1025): acquireWifiLockLocked: WifiLock{NlpWifiLock type=2 binder=android.os.BinderProxy@42ab2868}
V/BackupManagerService( 1025): Running a backup pass
V/BackupManagerService( 1025): clearing pending backups
V/PerformBackupTask( 1025): Beginning backup of 5 targets
D/PerformBackupTask( 1025): invokeAgentForBackup on @pm@
D/BackupManagerService( 1025): Now staging backup of android
D/BackupManagerService( 1025): Now staging backup of com.android.providers.settings
D/BackupManagerService( 1025): Now staging backup of com.google.android.calendar
D/BackupManagerService( 1025): Now staging backup of com.google.android.googlequicksearchbox
D/BackupManagerService( 1025): Now staging backup of com.google.android.gm
I/PerformBackupTask( 1025): Backup pass finished.
V/AlarmManager( 1025): sending alarm Alarm{42994688 type 0 android}
V/BackupManagerService( 1025): Running a backup pass
V/BackupManagerService( 1025): clearing pending backups
V/PerformBackupTask( 1025): Beginning backup of 5 targets
D/PerformBackupTask( 1025): invokeAgentForBackup on @pm@
D/BackupManagerService( 1025): Now staging backup of android
D/BackupManagerService( 1025): Now staging backup of com.android.providers.settings
D/BackupManagerService( 1025): Now staging backup of com.google.android.googlequicksearchbox
D/BackupManagerService( 1025): Now staging backup of com.google.android.calendar
D/BackupManagerService( 1025): Now staging backup of com.google.android.gm
V/AlarmManager( 1025): sending alarm Alarm{428703e0 type 0 android}
I/BackupManagerService( 1025): Backup time but one already running
I/PerformBackupTask( 1025): Backup pass finished.
D/WifiService( 1025): releaseWifiLockLocked: WifiLock{NlpWifiLock type=2 binder=android.os.BinderProxy@42ab2868}
V/AlarmManager( 1025): sending alarm Alarm{424d5898 type 3 android}
W/ContextImpl( 1295): Calling a method in the system process without a qualified user: android.app.ContextImpl.sendBroadcast:1252 android.content.ContextWrapper.sendBroadcast:365 com.motorola.motocare.util.TriggerHelper$TriggerBuilder.send:76 com.motorola.motocare.internal.frameworkevents.ProcessKillTrigger.sendTrigger:147 com.motorola.motocare.internal.frameworkevents.ProcessKillTrigger.handleLmkKill:337 
W/ContextImpl( 1295): Calling a method in the system process without a qualified user: android.app.ContextImpl.sendBroadcast:1252 android.content.ContextWrapper.sendBroadcast:365 com.motorola.motocare.util.TriggerHelper$TriggerBuilder.send:76 com.motorola.motocare.internal.frameworkevents.ProcessKillTrigger.sendTrigger:147 com.motorola.motocare.internal.frameworkevents.ProcessKillTrigger.handleLmkKill:337 
V/AlarmManager( 1025): sending alarm Alarm{424daa90 type 2 com.whatsapp}
V/AlarmManager( 1025): sending alarm Alarm{424ca830 type 3 com.devexpert.weather}
V/AlarmManager( 1025): sending alarm Alarm{424ca550 type 0 com.viber.voip}
V/AlarmManager( 1025): sending alarm Alarm{42221288 type 3 android}
V/AlarmManager( 1025): sending alarm Alarm{421d8b08 type 3 com.devexpert.weather}
V/AlarmManager( 1025): sending alarm Alarm{424b6ec0 type 2 android}
D/WifiP2pService( 1025): InactiveState{ when=-3ms what=143375 arg1=1 arg2=196615 obj=android.net.DhcpStateMachine@42a15f20 target=com.android.internal.util.StateMachine$SmHandler }
D/WifiP2pService( 1025): P2pEnabledState{ when=-3ms what=143375 arg1=1 arg2=196615 obj=android.net.DhcpStateMachine@42a15f20 target=com.android.internal.util.StateMachine$SmHandler }
D/WifiP2pService( 1025): InactiveState{ when=0 what=143375 target=com.android.internal.util.StateMachine$SmHandler }
D/WifiP2pService( 1025): P2pEnabledState{ when=0 what=143375 target=com.android.internal.util.StateMachine$SmHandler }
D/ConnectivityService( 1025): Captive portal check NetworkInfo: type: WIFI[], state: CONNECTING/CAPTIVE_PORTAL_CHECK, reason: (unspecified), extra: "Moulin Rouge", roaming: false, failover: false, isAvailable: true, isConnectedToProvisioningNetwork: false
D/ConnectivityService( 1025): handleCaptivePortalTrackerCheck: call captivePortalCheckComplete ni=NetworkInfo: type: WIFI[], state: CONNECTING/CAPTIVE_PORTAL_CHECK, reason: (unspecified), extra: "Moulin Rouge", roaming: false, failover: false, isAvailable: true, isConnectedToProvisioningNetwork: false
D/ConnectivityService( 1025): Captive portal check NetworkInfo: type: WIFI[], state: CONNECTING/CAPTIVE_PORTAL_CHECK, reason: (unspecified), extra: "Moulin Rouge", roaming: false, failover: false, isAvailable: true, isConnectedToProvisioningNetwork: false
D/ConnectivityService( 1025): handleCaptivePortalTrackerCheck: call captivePortalCheckComplete ni=NetworkInfo: type: WIFI[], state: CONNECTING/CAPTIVE_PORTAL_CHECK, reason: (unspecified), extra: "Moulin Rouge", roaming: false, failover: false, isAvailable: true, isConnectedToProvisioningNetwork: false
D/ConnectivityService( 1025): ConnectivityChange for WIFI: CONNECTED/CONNECTED
V/ConnectivityService( 1025): WiFi NOT Tethered!
E/ConnectivityService( 1025): Unexpected mtu value: android.net.wifi.WifiStateTracker@4296b658
D/ConnectivityService( 1025): handleConnectivityChange: address are the same reset per doReset linkProperty[1]: resetMask=0
D/Nat464Xlat( 1025): requiresClat: netType=1, hasIPv4Address=true
D/ConnectivityService( 1025): ConnectivityChange for WIFI: CONNECTED/CONNECTED
V/ConnectivityService( 1025): WiFi NOT Tethered!
E/ConnectivityService( 1025): Unexpected mtu value: android.net.wifi.WifiStateTracker@4296b658
D/ConnectivityService( 1025): handleConnectivityChange: address are the same reset per doReset linkProperty[1]: resetMask=0
D/Nat464Xlat( 1025): requiresClat: netType=1, hasIPv4Address=true
D/MobileDataStateTracker( 1025): default: setPolicyDataEnable(enabled=true)
D/MobileDataStateTracker( 1025): default: setPolicyDataEnable(enabled=true)
D/MobileDataStateTracker( 1025): default: setPolicyDataEnable(enabled=true)
D/MobileDataStateTracker( 1025): default: setPolicyDataEnable(enabled=true)
D/ConnectivityService( 1025): NetTransition Wakelock for ConnectedState released by timeout
I/openssl (16633): Crypto mode not selected, openssl will run on its regular mode.
I/openssl (16633): Crypto mode 0 already enabled
E/ActivityThread(18647): Failed to find provider info for com.motorola.blur.setupprovider
I/ActivityManager( 1025): Start proc com.android.mms for broadcast com.android.mms/.transaction.MmsSystemEventReceiver: pid=17545 uid=10031 gids={50031, 3003, 1028, 1015}
E/ActivityThread(18647): Failed to find provider info for com.motorola.blur.setupprovider
I/ActivityManager( 1025): Start proc com.google.android.setupwizard for broadcast com.google.android.setupwizard/.MobileConnectivityChangeReceiver: pid=17566 uid=10042 gids={50042, 3003}
I/ActivityManager( 1025): Process com.motorola.avatar (pid 15412) has died.
W/ActivityManager( 1025): Scheduling restart of crashed service com.motorola.avatar/.cloud.client.OnBootService in 1000ms
I/ActivityManager( 1025): Start proc com.google.android.apps.magazines for broadcast com.google.android.apps.magazines/com.google.apps.dots.android.newsstand.appwidget.NewsWidgetProvider: pid=17587 uid=10077 gids={50077, 3003, 1028, 1015}
I/ActivityManager( 1025): Process com.devexpert.weather (pid 17311) has died.
W/Vold    (  261): Returning OperationFailed - no handler for errno 30
W/Vold    (  261): Returning OperationFailed - no handler for errno 30
W/Vold    (  261): Returning OperationFailed - no handler for errno 30
W/Vold    (  261): Returning OperationFailed - no handler for errno 30
I/ActivityManager( 1025): Start proc com.google.android.gms.unstable for service com.google.android.gms/.droidguard.DroidGuardService: pid=17606 uid=10022 gids={50022, 3003, 1007, 1028, 1015, 3002, 3001, 3007, 2001, 3006}
I/ActivityManager( 1025): Process com.android.mms (pid 17545) has died.
I/ActivityManager( 1025): Process com.google.android.setupwizard (pid 17566) has died.
D/ConnectivityService( 1025): handleInetConditionHoldEnd: net=1, condition=100, published condition=0
I/ActivityManager( 1025): Start proc com.google.android.talk for broadcast com.google.android.talk/com.google.android.apps.hangouts.service.NetworkStateReceiver: pid=17651 uid=10071 gids={50071, 3003, 1028, 1015, 3002}
I/ActivityManager( 1025): Process com.google.android.apps.magazines (pid 17587) has died.
I/ActivityManager( 1025): Start proc com.android.chrome for broadcast com.android.chrome/com.google.android.apps.chrome.precache.PrecacheServiceLauncher: pid=17681 uid=10057 gids={50057, 3003, 1028, 1015}
W/AppOps  ( 1025): Bad call: specified package qcamera under uid 1013 but it is really -1
W/AppOps  ( 1025): Bad call: specified package qcamera under uid 1013 but it is really -1
W/AppOps  ( 1025): Bad call: specified package qcamera under uid 1013 but it is really -1
W/AppOps  ( 1025): Bad call: specified package qcamera under uid 1013 but it is really -1
I/openssl (16633): Crypto mode not selected, openssl will run on its regular mode.
I/openssl (16633): Crypto mode 0 already enabled
I/ActivityManager( 1025): Start proc com.android.mms for broadcast com.android.mms/.transaction.MmsSystemEventReceiver: pid=17708 uid=10031 gids={50031, 3003, 1028, 1015}
I/ActivityManager( 1025): Process com.google.android.talk (pid 17651) has died.
W/ActivityManager( 1025): Service ServiceRecord{4420cc18 u0 com.google.android.talk/com.google.android.libraries.hangouts.video.CallService} in process ProcessRecord{438506f0 17651:com.google.android.talk/u0a71} not same as in map: null
I/ActivityManager( 1025): Process com.android.chrome (pid 17681) has died.
I/ActivityManager( 1025): Start proc com.google.android.setupwizard for broadcast com.google.android.setupwizard/.MobileConnectivityChangeReceiver: pid=17727 uid=10042 gids={50042, 3003}
I/ActivityManager( 1025): Process com.android.mms (pid 17708) has died.
I/ActivityManager( 1025): Process com.google.android.setupwizard (pid 17727) has died.
I/ActivityManager( 1025): Start proc com.google.android.apps.magazines for broadcast com.google.android.apps.magazines/com.google.apps.dots.android.newsstand.appwidget.NewsWidgetProvider: pid=17742 uid=10077 gids={50077, 3003, 1028, 1015}
W/Vold    (  261): Returning OperationFailed - no handler for errno 30
W/Vold    (  261): Returning OperationFailed - no handler for errno 30
W/Vold    (  261): Returning OperationFailed - no handler for errno 30
W/Vold    (  261): Returning OperationFailed - no handler for errno 30
I/ActivityManager( 1025): Start proc com.google.android.talk for broadcast com.google.android.talk/com.google.android.apps.hangouts.service.NetworkStateReceiver: pid=17792 uid=10071 gids={50071, 3003, 1028, 1015, 3002}
D/ConnectivityService( 1025): handleInetConditionHoldEnd: net=1, condition=100, published condition=100
I/ActivityManager( 1025): Process com.google.android.apps.magazines (pid 17742) has died.
I/ActivityManager( 1025): Start proc com.android.chrome for broadcast com.android.chrome/com.google.android.apps.chrome.precache.PrecacheServiceLauncher: pid=17814 uid=10057 gids={50057, 3003, 1028, 1015}
W/AppOps  ( 1025): Bad call: specified package qcamera under uid 1013 but it is really -1
W/AppOps  ( 1025): Bad call: specified package qcamera under uid 1013 but it is really -1
W/AppOps  ( 1025): Bad call: specified package qcamera under uid 1013 but it is really -1
W/AppOps  ( 1025): Bad call: specified package qcamera under uid 1013 but it is really -1
I/ActivityManager( 1025): Process com.google.android.talk (pid 17792) has died.
W/ActivityManager( 1025): Service ServiceRecord{43921e20 u0 com.google.android.talk/com.google.android.libraries.hangouts.video.CallService} in process ProcessRecord{4397efe0 17792:com.google.android.talk/u0a71} not same as in map: null
W/ProcessCpuTracker( 1025): Skipping unknown process pid 17527
W/ProcessCpuTracker( 1025): Skipping unknown process pid 17528
W/ProcessCpuTracker( 1025): Skipping unknown process pid 17544
W/ProcessCpuTracker( 1025): Skipping unknown process pid 17580
W/ProcessCpuTracker( 1025): Skipping unknown process pid 17848
I/ActivityManager( 1025): Process com.android.chrome (pid 17814) has died.
I/PackageManager( 1025): Adding preferred activity ComponentInfo{com.android.mms/com.android.mms.ui.ComposeMessageActivity} for user 0 :
I/ActivityManager( 1025): Start proc com.google.android.talk for broadcast com.google.android.talk/com.google.android.apps.hangouts.phone.PackageReplacedReceiver: pid=17860 uid=10071 gids={50071, 3003, 1028, 1015, 3002}
I/PackageManager( 1025): Adding preferred activity ComponentInfo{com.android.mms/com.android.mms.ui.ComposeMessageActivity} for user 0 :
