D/WifiStateMachine(  598): DriverStartedState{ what=131127 when=-42ms target=Handler (com.android.internal.util.StateMachine$SmHandler) {422da338} }
D/StateMachine(  598): processMsg: SupplicantStartedState
D/WifiStateMachine(  598): SupplicantStartedState{ what=131127 when=-42ms target=Handler (com.android.internal.util.StateMachine$SmHandler) {422da338} }
D/StateMachine(  598): handleMessage: X
D/StateMachine(  598): handleMessage: E msg.what=131159
D/StateMachine(  598): processMsg: ConnectedState
D/WifiStateMachine(  598): ConnectedState{ what=131159 when=-43ms target=Handler (com.android.internal.util.StateMachine$SmHandler) {422da338} }
D/StateMachine(  598): processMsg: L2ConnectedState
D/WifiStateMachine(  598): L2ConnectedState{ what=131159 when=-43ms target=Handler (com.android.internal.util.StateMachine$SmHandler) {422da338} }
D/StateMachine(  598): processMsg: ConnectModeState
D/WifiStateMachine(  598): ConnectModeState{ what=131159 when=-44ms target=Handler (com.android.internal.util.StateMachine$SmHandler) {422da338} }
D/StateMachine(  598): processMsg: DriverStartedState
D/WifiStateMachine(  598): DriverStartedState{ what=131159 when=-45ms target=Handler (com.android.internal.util.StateMachine$SmHandler) {422da338} }
I/wpa_supplicant(  798): SET_SCREEN_ON+
I/wpa_supplicant(  798): SET_SCREEN_ON : Screen On
I/wpa_supplicant(  798): htc_wext_set_keepalive +
I/wpa_supplicant(  798): getPrivFuncNum -, cmd = 0x8bf6
I/wpa_supplicant(  798): htc_wext_set_keepalive fnum = 0x8bf6
D/WIFI_ICON(  820): updateWifiState: action=android.net.wifi.RSSI_CHANGED newRssi=-54 freq=2412 newLevel=3 lastWifiLevel=3
D/StatusBar.NetworkController(  820): dumpIconState[dataVisible=false dataIconId=stat_sys_data_connected_3g_plus signalIconId=stat_sys_5signal_2 wifiVisible=true wifiIconId=stat_sys_wifi_signal_4 airplaneMode=false]
D/PowerManagerService(  598): releaseWakeLock(42777148): PARTIAL_WAKE_LOCK , tag=RILJ, flags=0x1
D/TELEPHONY_CALLBACK(  820): @onServiceStateChanged: 0 home 3 3 27202  HSPA CSS not supported -1 -1 RoamInd=-1 DefRoamInd=-1EriInd= -1EriMode= -1RadioPowerSv: false EmergOnly=false PhoneType: 1
D/StatusBar.NetworkController(  820): dumpState[hasService=true ServiceState=0 home 3 3 27202  HSPA CSS not supported -1 -1 RoamInd=-1 DefRoamInd=-1EriInd= -1EriMode= -1RadioPowerSv: false EmergOnly=false PhoneType: 1 IsCdma=false SimState=UNKNOWN GprsState=0 DataState=Disconnected DataActivity=NONE NetworkType=UMTS HtcModemLinkOn=false HspaDataDistinquishable=true]
D/SIGNAL_ICON(  820): updateTelephonySignalStrength
D/SIGNAL_ICON(  820): fakeui srv=0 mTimerEnabled=false asu=5
D/SIGNAL_ICON(  820): asu=5
D/SIGNAL_ICON(  820): SUPPORT_5_LEVEL_SIGNAL
D/SIGNAL_ICON(  820): mapTelephonySignalStrength
D/SIGNAL_ICON(  820): maxLevel=5 asu=5 networkType=UMTS
D/SIGNAL_ICON(  820): return iconLevel=2
D/DATA_ICON(  820): updateDataNetType: networkType=UMTS
D/DATA_ICON(  820): updateDataIcon
D/DATA_ICON(  820): NOP
D/MobileDataStateTracker(  598): default: Broadcast received: ignore android.intent.action.SERVICE_STATE
D/GpsLocationProvider(  598): ServiceState.STATE_IN_SERVICE
D/StatusBar.NetworkController(  820): dumpIconState[dataVisible=false dataIconId=stat_sys_data_connected_3g_plus signalIconId=stat_sys_5signal_2 wifiVisible=true wifiIconId=stat_sys_wifi_signal_4 airplaneMode=false]
D/MobileDataStateTracker(  598): mms: Broadcast received: ignore android.intent.action.SERVICE_STATE
D/DATA    (  968): [PhoneNotifier] [DPN] state=DISCONNECTED possible=true reason=nwTypeChanged apn=null type=default lp=<<null>> tech=10 roaming=false errorCause=0 carrier=null
D/DATA    (  968): [PhoneNotifier] update DcParam of default(0)
I/TelephonyRegistry(  598): notifyDataConnection: state=0 isDataConnectivityPossible=true reason='nwTypeChanged' apn='null' apnType=default networkType=10 roaming=false errorCause=0preConn = []
D/TELEPHONY_CALLBACK(  820): @onDataConnectionStateChanged: dataState=0 networkType=HSPA
D/StatusBar.NetworkController(  820): dumpState[hasService=true ServiceState=0 home 3 3 27202  HSPA CSS not supported -1 -1 RoamInd=-1 DefRoamInd=-1EriInd= -1EriMode= -1RadioPowerSv: false EmergOnly=false PhoneType: 1 IsCdma=false SimState=UNKNOWN GprsState=0 DataState=Disconnected DataActivity=NONE NetworkType=HSPA HtcModemLinkOn=false HspaDataDistinquishable=true]
D/DATA_ICON(  820): updateDataNetType: networkType=HSPA
D/MobileDataStateTracker(  598): supl: Broadcast received: ignore android.intent.action.SERVICE_STATE
D/DATA_ICON(  820): updateDataIcon
D/MobileDataStateTracker(  598): dun: Broadcast received: ignore android.intent.action.SERVICE_STATE
D/PowerManagerService(  598): acquireWakeLock(423cc638): PARTIAL_WAKE_LOCK , tag=RILJ, flags=0x1, pid=968, uid=1001, mUserState=0x0
D/DATA_ICON(  820): NOP
D/StatusBar.NetworkController(  820): dumpIconState[dataVisible=false dataIconId=stat_sys_data_connected_3g_plus signalIconId=stat_sys_5signal_2 wifiVisible=true wifiIconId=stat_sys_wifi_signal_4 airplaneMode=false]
D/MobileDataStateTracker(  598): hipri: Broadcast received: ignore android.intent.action.SERVICE_STATE
D/PowerManagerService(  598): releaseWakeLock(423cc638): PARTIAL_WAKE_LOCK , tag=RILJ, flags=0x1
D/MobileDataStateTracker(  598): fota: Broadcast received: ignore android.intent.action.SERVICE_STATE
D/PowerManagerService(  598): acquireWakeLock(421f23c0): PARTIAL_WAKE_LOCK , tag=RILJ, flags=0x1, pid=968, uid=1001, mUserState=0x0
D/MobileDataStateTracker(  598): ims: Broadcast received: ignore android.intent.action.SERVICE_STATE
D/WifiService(  598): Got ACTION_UPDATE_WIFI_STATE
D/WifiService(  598): updateWifiState(): wifiApEnabled: false, wifiApAirplaneMode: falsegetWifiEnabledState(): 3, getWifiApEnabledState: 11
D/WifiService(  598): updateWifiState(): mAirplaneModeOn.get(): false, mPersistWifiState.get(): 1
D/WifiService(  598): updateWifiState(): mEmergencyCallbackMode: false, mDeviceIdle: false, lockHeld: true, mStopWifiRequested:false
D/WifiService(  598): updateWifiState(): enable and start wifi
D/MobileDataStateTracker(  598): null: Broadcast received: ignore android.intent.action.SERVICE_STATE
D/PowerManagerService(  598): releaseWakeLock(421f23c0): PARTIAL_WAKE_LOCK , tag=RILJ, flags=0x1
I/wpa_supplicant(  798): htc_wext_set_keepalive - ret = 0
E/wpa_supplicant(  798): htc_wext_set_PacketFilter: Disable filter Num: 2
I/wpa_supplicant(  798): getPrivFuncNum -, cmd = 0x8bf7
I/wpa_supplicant(  798): htc_wext_set_PacketFilter fnum = 0x8bf7
D/PowerManagerService(  598): releaseWakeLock(42207cc0): PARTIAL_WAKE_LOCK , tag=AlarmManager, flags=0x1
D/MobileDataStateTracker(  598): httpproxy: Broadcast received: ignore android.intent.action.SERVICE_STATE
D/SizeAdaptiveLayout(  820): com.android.internal.widget.SizeAdaptiveLayout@41bae180child view android.widget.LinearLayout@41bb0580 measured out of bounds at 95px clamped to 96px
D/MobileDataStateTracker(  598): admin: Broadcast received: ignore android.intent.action.SERVICE_STATE
D/FlexNetS(28377): CampNetworkInWhiteBlackList had check current PLMN =27202
D/PowerManagerService(  598): acquireWakeLock(4270a6c0): PARTIAL_WAKE_LOCK , tag=RILJ, flags=0x1, pid=968, uid=1001, mUserState=0x0
D/MobileDataStateTracker(  598): internet: Broadcast received: ignore android.intent.action.SERVICE_STATE
D/MobileDataStateTracker(  598): null: Broadcast received: ignore android.intent.action.SERVICE_STATE
D/PowerManagerService(  598): releaseWakeLock(4270a6c0): PARTIAL_WAKE_LOCK , tag=RILJ, flags=0x1
V/FlexNetS(28377): onStartCommand() ACTION_CAMPNETWORK_NOT_IN_SERVICE_OR_ROAMING
V/FlexNetS(28377): handleCommand_AutoMode action: ACTION_CAMPNETWORK_NOT_IN_SERVICE_OR_ROAMING
D/FlexNetS(28377): cancelTimer: ACTION_FAKE_IN_SERVICE_AND_NOT_ROAMING
D/PowerManagerService(  598): acquireWakeLock(42516050): PARTIAL_WAKE_LOCK , tag=SWITCH_NETWORK_MODE_WAKE_LOCK, flags=0x1, pid=28377, uid=10014, mUserState=0x0
D/MobileDataStateTracker(  598): cmmail: Broadcast received: ignore android.intent.action.SERVICE_STATE
D/MobileDataStateTracker(  598): null: Broadcast received: ignore android.intent.action.SERVICE_STATE
D/FlexNetS(28377): cancelTimer: ACTION_SWITCH_TO_GSM_ONLY_MODE
D/MobileDataStateTracker(  598): cmail: Broadcast received: ignore android.intent.action.SERVICE_STATE
D/MobileDataStateTracker(  598): entitle: Broadcast received: ignore android.intent.action.SERVICE_STATE
D/MobileDataStateTracker(  598): null: Broadcast received: ignore android.intent.action.SERVICE_STATE
D/MobileDataStateTracker(  598): bip: Broadcast received: ignore android.intent.action.SERVICE_STATE
D/AutoSetting(28377): receiver - intent: android.intent.action.SERVICE_STATE
D/AutoSetting(28377): receiver - flag: Service state 0, last 0
D/MobileDataStateTracker(  598): default: Broadcast received: ACTION_ANY_DATA_CONNECTION_STATE_CHANGED mApnType=default == received apnType=default
D/MobileDataStateTracker(  598): default: Received state=DISCONNECTED, old=DISCONNECTED, reason=nwTypeChanged
D/PowerManagerService(  598): releaseWakeLock(42516050): PARTIAL_WAKE_LOCK , tag=SWITCH_NETWORK_MODE_WAKE_LOCK, flags=0x1
D/MobileDataStateTracker(  598): default: mMobileDataState=DISCONNECTED mTeardownRequested=true got [AnyDataCSC] : type=default state=DISCONNECTED reason=nwTypeChanged apn=null roaming=false unavailable=false NetworkType=10 NetworkTypeName=HSPA entitleError=0
D/FlexNetS(28377): CampNetworkInWhiteBlackList had check current PLMN =27202
D/PowerManagerService(  598): acquireWakeLock(42bd9098): PARTIAL_WAKE_LOCK , tag=RILJ, flags=0x1, pid=968, uid=1001, mUserState=0x0
D/PowerManagerService(  598): releaseWakeLock(42bd9098): PARTIAL_WAKE_LOCK , tag=RILJ, flags=0x1
D/AutoSetting(28377): receiver - intent: com.htc.app.autosetting.phonestatemonitor.lac_changed
D/AutoSetting(28377): service - onStartCommand() action: com.htc.app.autosetting.requestlocationupdate
D/AutoSetting(28377): service - mHandler: request location update
I/wpa_supplicant(  798): htc_wext_set_PacketFilter - ret = 0
I/wpa_supplicant(  798): background scan directly due to screen On
I/wpa_supplicant(  798): wlan0: wpa_supplicant_scan enter
I/wpa_supplicant(  798): wlan0: Match background scan situation!!!!! Do background scan
I/wpa_ctrl(  598): [wpa_ctrl_request] ctrl address = 50982678, ctrl_conn address = 0
I/wpa_supplicant(  798): wlan0: wpa_supplicant_scan wpa_s->conf->ap_scan=1 , scan_req =2
I/wpa_supplicant(  798): wpa_supplicant_trigger_scan +
I/wpa_ctrl(  598): [wpa_ctrl_request] ctrl address = 50982678, ctrl_conn address = 0
D/StateMachine(  598): handleMessage: X
V/LocationManagerService(  598): In requestLocationUpdates. provider networkminTime: 1000single shot: false Listener: android.location.ILocationListener$Stub$Proxy@425088c0
D/StateMachine(  598): handleMessage: E msg.what=131073
D/StateMachine(  598): processMsg: ConnectedState
D/WifiStateMachine(  598): ConnectedState{ what=131073 when=-124ms target=Handler (com.android.internal.util.StateMachine$SmHandler) {422da338} arg1=2 }
D/StateMachine(  598): processMsg: L2ConnectedState
D/WifiStateMachine(  598): L2ConnectedState{ what=131073 when=-124ms target=Handler (com.android.internal.util.StateMachine$SmHandler) {422da338} arg1=2 }
D/StateMachine(  598): processMsg: ConnectModeState
D/WifiStateMachine(  598): ConnectModeState{ what=131073 when=-124ms target=Handler (com.android.internal.util.StateMachine$SmHandler) {422da338} arg1=2 }
D/StateMachine(  598): processMsg: DriverStartedState
D/WifiStateMachine(  598): DriverStartedState{ what=131073 when=-124ms target=Handler (com.android.internal.util.StateMachine$SmHandler) {422da338} arg1=2 }
D/StateMachine(  598): processMsg: SupplicantStartedState
D/WifiStateMachine(  598): SupplicantStartedState{ what=131073 when=-125ms target=Handler (com.android.internal.util.StateMachine$SmHandler) {422da338} arg1=2 }
D/StateMachine(  598): processMsg: SoftApStartedState
D/WifiStateMachine(  598): SoftApStartedState{ what=131073 when=-125ms target=Handler (com.android.internal.util.StateMachine$SmHandler) {422da338} arg1=2 }
D/StateMachine(  598): processMsg: DefaultState
D/WifiStateMachine(  598): DefaultState{ what=131073 when=-125ms target=Handler (com.android.internal.util.StateMachine$SmHandler) {422da338} arg1=2 }
D/StateMachine(  598): handleMessage: X
D/StateMachine(  598): handleMessage: E msg.what=131083
D/StateMachine(  598): processMsg: ConnectedState
D/WifiStateMachine(  598): ConnectedState{ what=131083 when=-126ms target=Handler (com.android.internal.util.StateMachine$SmHandler) {422da338} }
D/StateMachine(  598): processMsg: L2ConnectedState
D/WifiStateMachine(  598): L2ConnectedState{ what=131083 when=-127ms target=Handler (com.android.internal.util.StateMachine$SmHandler) {422da338} }
D/StateMachine(  598): processMsg: ConnectModeState
D/WifiStateMachine(  598): ConnectModeState{ what=131083 when=-127ms target=Handler (com.android.internal.util.StateMachine$SmHandler) {422da338} }
D/StateMachine(  598): processMsg: DriverStartedState
D/WifiStateMachine(  598): DriverStartedState{ what=131083 when=-128ms target=Handler (com.android.internal.util.StateMachine$SmHandler) {422da338} }
D/StateMachine(  598): processMsg: SupplicantStartedState
D/WifiStateMachine(  598): SupplicantStartedState{ what=131083 when=-128ms target=Handler (com.android.internal.util.StateMachine$SmHandler) {422da338} }
D/StateMachine(  598): processMsg: SoftApStartedState
D/WifiStateMachine(  598): SoftApStartedState{ what=131083 when=-128ms target=Handler (com.android.internal.util.StateMachine$SmHandler) {422da338} }
D/StateMachine(  598): processMsg: DefaultState
D/WifiStateMachine(  598): DefaultState{ what=131083 when=-129ms target=Handler (com.android.internal.util.StateMachine$SmHandler) {422da338} }
D/StateMachine(  598): handleMessage: X
D/StateMachine(  598): handleMessage: E msg.what=131144
D/StateMachine(  598): processMsg: ConnectedState
D/WifiStateMachine(  598): ConnectedState{ what=131144 when=-130ms target=Handler (com.android.internal.util.StateMachine$SmHandler) {422da338} arg1=1 }
D/StateMachine(  598): processMsg: L2ConnectedState
D/WifiStateMachine(  598): L2ConnectedState{ what=131144 when=-130ms target=Handler (com.android.internal.util.StateMachine$SmHandler) {422da338} arg1=1 }
D/StateMachine(  598): handleMessage: X
D/StateMachine(  598): handleMessage: E msg.what=131085
D/StateMachine(  598): processMsg: ConnectedState
D/WifiStateMachine(  598): ConnectedState{ what=131085 when=-130ms target=Handler (com.android.internal.util.StateMachine$SmHandler) {422da338} }
D/StateMachine(  598): processMsg: L2ConnectedState
D/WifiStateMachine(  598): L2ConnectedState{ what=131085 when=-131ms target=Handler (com.android.internal.util.StateMachine$SmHandler) {422da338} }
D/StateMachine(  598): processMsg: ConnectModeState
D/WifiStateMachine(  598): ConnectModeState{ what=131085 when=-131ms target=Handler (com.android.internal.util.StateMachine$SmHandler) {422da338} }
V/LocationManagerService(  598): In requestLocationUpdatesLocked. provider: network requiredPermissions: android.permission.ACCESS_COARSE_LOCATION
D/StateMachine(  598): processMsg: DriverStartedState
D/WifiStateMachine(  598): DriverStartedState{ what=131085 when=-133ms target=Handler (com.android.internal.util.StateMachine$SmHandler) {422da338} }
D/StateMachine(  598): handleMessage: X
D/StateMachine(  598): handleMessage: E msg.what=131149
D/StateMachine(  598): processMsg: ConnectedState
D/WifiStateMachine(  598): ConnectedState{ what=131149 when=-133ms target=Handler (com.android.internal.util.StateMachine$SmHandler) {422da338} }
D/StateMachine(  598): processMsg: L2ConnectedState
D/WifiStateMachine(  598): L2ConnectedState{ what=131149 when=-134ms target=Handler (com.android.internal.util.StateMachine$SmHandler) {422da338} }
D/StateMachine(  598): processMsg: ConnectModeState
D/WifiStateMachine(  598): ConnectModeState{ what=131149 when=-134ms target=Handler (com.android.internal.util.StateMachine$SmHandler) {422da338} }
D/StateMachine(  598): processMsg: DriverStartedState
D/WifiStateMachine(  598): DriverStartedState{ what=131149 when=-134ms target=Handler (com.android.internal.util.StateMachine$SmHandler) {422da338} }
D/StateMachine(  598): handleMessage: X
D/LocationManagerService(  598): [requestLocationUpdatesLocked] package_name[com.htc.bg.uid.shared:10014] Uid[10014
I/LocationManagerService(  598): request network (pid 28377) 1000 1000
V/LocationManagerService(  598): [LGPS] _requestLocationUpdates: enableLocationTracking(true)
D/LocationManagerService(  598): _requestLocationUpdates: provider = network listener = Receiver{423aa580 Listener android.os.BinderProxy@427cb9d0}mUpdateRecords: {network=UpdateRecord{42894ee8 mProvider: network mUid: 10014}}
D/PowerManagerService(  598): acquireWakeLock(42c16db8): PARTIAL_WAKE_LOCK , tag=NetworkLocationLocator, flags=0x1, pid=1065, uid=10017, mUserState=0x0
D/StateMachine(  598): handleMessage: E msg.what=131073
D/StateMachine(  598): processMsg: ConnectedState
D/WifiStateMachine(  598): ConnectedState{ what=131073 when=-2ms target=Handler (com.android.internal.util.StateMachine$SmHandler) {422da338} arg1=2 }
D/StateMachine(  598): processMsg: L2ConnectedState
D/WifiStateMachine(  598): L2ConnectedState{ what=131073 when=-3ms target=Handler (com.android.internal.util.StateMachine$SmHandler) {422da338} arg1=2 }
D/StateMachine(  598): processMsg: ConnectModeState
D/WifiStateMachine(  598): ConnectModeState{ what=131073 when=-3ms target=Handler (com.android.internal.util.StateMachine$SmHandler) {422da338} arg1=2 }
D/StateMachine(  598): processMsg: DriverStartedState
D/WifiStateMachine(  598): DriverStartedState{ what=131073 when=-3ms target=Handler (com.android.internal.util.StateMachine$SmHandler) {422da338} arg1=2 }
D/StateMachine(  598): processMsg: SupplicantStartedState
D/WifiService(  598): acquireWifiLockLocked: WifiLock{NetworkLocationLocator type=2 binder=android.os.BinderProxy@425476f0}
D/WifiService(  598): updateWifiState(): wifiApEnabled: false, wifiApAirplaneMode: falsegetWifiEnabledState(): 3, getWifiApEnabledState: 11
D/WifiService(  598): updateWifiState(): mAirplaneModeOn.get(): false, mPersistWifiState.get(): 1
D/WifiService(  598): updateWifiState(): mEmergencyCallbackMode: false, mDeviceIdle: false, lockHeld: true, mStopWifiRequested:false
D/WifiService(  598): updateWifiState(): enable and start wifi
D/PowerManagerService(  598): acquireWakeLock(42917e18): PARTIAL_WAKE_LOCK , tag=RILJ, flags=0x1, pid=968, uid=1001, mUserState=0x0
D/WifiStateMachine(  598): SupplicantStartedState{ what=131073 when=-8ms target=Handler (com.android.internal.util.StateMachine$SmHandler) {422da338} arg1=2 }
D/StateMachine(  598): processMsg: SoftApStartedState
D/WifiStateMachine(  598): SoftApStartedState{ what=131073 when=-13ms target=Handler (com.android.internal.util.StateMachine$SmHandler) {422da338} arg1=2 }
D/StateMachine(  598): processMsg: DefaultState
D/WifiStateMachine(  598): DefaultState{ what=131073 when=-13ms target=Handler (com.android.internal.util.StateMachine$SmHandler) {422da338} arg1=2 }
D/StateMachine(  598): handleMessage: X
D/StateMachine(  598): handleMessage: E msg.what=131083
D/StateMachine(  598): processMsg: ConnectedState
D/WifiStateMachine(  598): ConnectedState{ what=131083 when=-14ms target=Handler (com.android.internal.util.StateMachine$SmHandler) {422da338} }
D/StateMachine(  598): processMsg: L2ConnectedState
D/WifiStateMachine(  598): L2ConnectedState{ what=131083 when=-14ms target=Handler (com.android.internal.util.StateMachine$SmHandler) {422da338} }
D/StateMachine(  598): processMsg: ConnectModeState
D/WifiStateMachine(  598): ConnectModeState{ what=131083 when=-14ms target=Handler (com.android.internal.util.StateMachine$SmHandler) {422da338} }
D/StateMachine(  598): processMsg: DriverStartedState
D/WifiStateMachine(  598): DriverStartedState{ what=131083 when=-15ms target=Handler (com.android.internal.util.StateMachine$SmHandler) {422da338} }
D/StateMachine(  598): processMsg: SupplicantStartedState
D/WifiStateMachine(  598): SupplicantStartedState{ what=131083 when=-15ms target=Handler (com.android.internal.util.StateMachine$SmHandler) {422da338} }
D/StateMachine(  598): processMsg: SoftApStartedState
D/WifiStateMachine(  598): SoftApStartedState{ what=131083 when=-16ms target=Handler (com.android.internal.util.StateMachine$SmHandler) {422da338} }
D/StateMachine(  598): processMsg: DefaultState
D/WifiStateMachine(  598): DefaultState{ what=131083 when=-16ms target=Handler (com.android.internal.util.StateMachine$SmHandler) {422da338} }
D/StateMachine(  598): handleMessage: X
D/StateMachine(  598): handleMessage: E msg.what=131144
D/StateMachine(  598): processMsg: ConnectedState
D/WifiStateMachine(  598): ConnectedState{ what=131144 when=-17ms target=Handler (com.android.internal.util.StateMachine$SmHandler) {422da338} arg1=1 }
D/StateMachine(  598): processMsg: L2ConnectedState
D/WifiStateMachine(  598): L2ConnectedState{ what=131144 when=-18ms target=Handler (com.android.internal.util.StateMachine$SmHandler) {422da338} arg1=1 }
D/StateMachine(  598): handleMessage: X
D/StateMachine(  598): handleMessage: E msg.what=131085
D/PowerManagerService(  598): releaseWakeLock(42917e18): PARTIAL_WAKE_LOCK , tag=RILJ, flags=0x1
D/StateMachine(  598): processMsg: ConnectedState
D/WifiStateMachine(  598): ConnectedState{ what=131085 when=-19ms target=Handler (com.android.internal.util.StateMachine$SmHandler) {422da338} }
D/StateMachine(  598): processMsg: L2ConnectedState
D/WifiStateMachine(  598): L2ConnectedState{ what=131085 when=-20ms target=Handler (com.android.internal.util.StateMachine$SmHandler) {422da338} }
D/StateMachine(  598): processMsg: ConnectModeState
D/WifiStateMachine(  598): ConnectModeState{ what=131085 when=-20ms target=Handler (com.android.internal.util.StateMachine$SmHandler) {422da338} }
D/StateMachine(  598): processMsg: DriverStartedState
D/PowerManagerService(  598): acquireWakeLock(427b3a48): PARTIAL_WAKE_LOCK , tag=RILJ, flags=0x1, pid=968, uid=1001, mUserState=0x0
D/PowerManagerService(  598): releaseWakeLock(427b3a48): PARTIAL_WAKE_LOCK , tag=RILJ, flags=0x1
D/WifiStateMachine(  598): DriverStartedState{ what=131085 when=-20ms target=Handler (com.android.internal.util.StateMachine$SmHandler) {422da338} }
D/StateMachine(  598): handleMessage: X
D/StateMachine(  598): handleMessage: E msg.what=131149
D/StateMachine(  598): processMsg: ConnectedState
D/WifiStateMachine(  598): ConnectedState{ what=131149 when=-30ms target=Handler (com.android.internal.util.StateMachine$SmHandler) {422da338} }
D/StateMachine(  598): processMsg: L2ConnectedState
D/WifiStateMachine(  598): L2ConnectedState{ what=131149 when=-30ms target=Handler (com.android.internal.util.StateMachine$SmHandler) {422da338} }
D/StateMachine(  598): processMsg: ConnectModeState
D/WifiStateMachine(  598): ConnectModeState{ what=131149 when=-30ms target=Handler (com.android.internal.util.StateMachine$SmHandler) {422da338} }
D/StateMachine(  598): processMsg: DriverStartedState
D/WifiStateMachine(  598): DriverStartedState{ what=131149 when=-31ms target=Handler (com.android.internal.util.StateMachine$SmHandler) {422da338} }
D/StateMachine(  598): handleMessage: X
D/StateMachine(  598): handleMessage: E msg.what=131143
D/StateMachine(  598): processMsg: ConnectedState
D/WifiStateMachine(  598): ConnectedState{ what=131143 when=-31ms target=Handler (com.android.internal.util.StateMachine$SmHandler) {422da338} arg1=2 }
D/StateMachine(  598): processMsg: L2ConnectedState
D/WifiStateMachine(  598): L2ConnectedState{ what=131143 when=-31ms target=Handler (com.android.internal.util.StateMachine$SmHandler) {422da338} arg1=2 }
I/wpa_ctrl(  598): [wpa_ctrl_request] ctrl address = 50982678, ctrl_conn address = 0
D/StateMachine(  598): processMsg: ConnectModeState
D/WifiStateMachine(  598): ConnectModeState{ what=131143 when=-32ms target=Handler (com.android.internal.util.StateMachine$SmHandler) {422da338} arg1=2 }
D/StateMachine(  598): processMsg: DriverStartedState
D/WifiStateMachine(  598): DriverStartedState{ what=131143 when=-32ms target=Handler (com.android.internal.util.StateMachine$SmHandler) {422da338} arg1=2 }
I/wpa_supplicant(  798): SCAN enter
I/wpa_supplicant(  798): Ongoing scan action - reject new request (wpa_state=9)(scanning=1)
I/wpa_ctrl(  598): [wpa_ctrl_request] ctrl address = 50982678, ctrl_conn address = 0
D/StateMachine(  598): handleMessage: X
D/StateMachine(  598): handleMessage: E msg.what=131143
D/StateMachine(  598): processMsg: ConnectedState
D/WifiStateMachine(  598): ConnectedState{ what=131143 when=-32ms target=Handler (com.android.internal.util.StateMachine$SmHandler) {422da338} arg1=2 }
D/StateMachine(  598): processMsg: L2ConnectedState
D/WifiStateMachine(  598): L2ConnectedState{ what=131143 when=-33ms target=Handler (com.android.internal.util.StateMachine$SmHandler) {422da338} arg1=2 }
I/wpa_ctrl(  598): [wpa_ctrl_request] ctrl address = 50982678, ctrl_conn address = 0
D/StateMachine(  598): processMsg: ConnectModeState
D/WifiStateMachine(  598): ConnectModeState{ what=131143 when=-34ms target=Handler (com.android.internal.util.StateMachine$SmHandler) {422da338} arg1=2 }
D/StateMachine(  598): processMsg: DriverStartedState
D/WifiStateMachine(  598): DriverStartedState{ what=131143 when=-34ms target=Handler (com.android.internal.util.StateMachine$SmHandler) {422da338} arg1=2 }
I/wpa_supplicant(  798): SCAN enter
I/wpa_supplicant(  798): Ongoing scan action - reject new request (wpa_state=9)(scanning=1)
I/wpa_ctrl(  598): [wpa_ctrl_request] ctrl address = 50982678, ctrl_conn address = 0
D/StateMachine(  598): handleMessage: X
I/wpa_supplicant(  798): wlan0: [HTC] wpa_supplicant_event():2758- Got an original EVENT_SCAN_RESULTS
I/wpa_supplicant(  798): Got an original EVENT_SCAN_RESULTS
I/wpa_supplicant(  798): _wpa_supplicant_event_scan_results -
I/wpa_supplicant(  798): [Horizon Wi-Free] 72:54:d2:ae:26:95 freq=2412 qual=0 noise=0 level=-47 flags=0xb
I/wpa_supplicant(  798): [Moulin Rouge] 70:54:d2:ae:26:93 freq=2412 qual=0 noise=0 level=-54 flags=0x2b
I/wpa_supplicant(  798): [Horizon Wi-Free] c6:27:95:bc:5c:55 freq=2412 qual=0 noise=0 level=-72 flags=0xb
I/wpa_supplicant(  798): [UPC2532832] c4:27:95:bc:5c:53 freq=2412 qual=0 noise=0 level=-72 flags=0xb
D/StateMachine(  598): handleMessage: E msg.what=147461
D/StateMachine(  598): processMsg: ConnectedState
D/WifiStateMachine(  598): ConnectedState{ what=147461 when=-1ms target=Handler (com.android.internal.util.StateMachine$SmHandler) {422da338} }
D/StateMachine(  598): processMsg: L2ConnectedState
D/WifiStateMachine(  598): L2ConnectedState{ what=147461 when=-2ms target=Handler (com.android.internal.util.StateMachine$SmHandler) {422da338} }
D/StateMachine(  598): processMsg: ConnectModeState
D/WifiStateMachine(  598): ConnectModeState{ what=147461 when=-2ms target=Handler (com.android.internal.util.StateMachine$SmHandler) {422da338} }
I/wpa_ctrl(  598): [wpa_ctrl_request] ctrl address = 50982678, ctrl_conn address = 0
D/StateMachine(  598): processMsg: DriverStartedState
D/WifiStateMachine(  598): DriverStartedState{ what=147461 when=-3ms target=Handler (com.android.internal.util.StateMachine$SmHandler) {422da338} }
D/StateMachine(  598): processMsg: SupplicantStartedState
D/WifiStateMachine(  598): SupplicantStartedState{ what=147461 when=-4ms target=Handler (com.android.internal.util.StateMachine$SmHandler) {422da338} }
I/wpa_ctrl(  598): [wpa_ctrl_request] ctrl address = 50982678, ctrl_conn address = 0
I/wpa_ctrl(  598): [wpa_ctrl_request] ctrl address = 50982678, ctrl_conn address = 0
D/WirelessDisplayService(  598): Receive Wifi scan results available intent.
D/WirelessDisplayService(  598): HANDLE_WIFI_SCAN_RESULT_AVAILABLE, dongle scan = 0
D/WirelessDisplayService(  598): constructDongleInfoFromWifi() dongleScan = false
D/WirelessDisplayService(  598): wfdservice: true, finger gesture: true, don't sendBroadcast
D/StateMachine(  598): handleMessage: X
D/WirelessDisplayService(  598): getDiscoveryDongleList
D/HybridProvider(  598): getName
D/HybridProvider(  598): updateLocation.Not supported
D/WifiService(  598): releaseWifiLockLocked: WifiLock{NetworkLocationLocator type=2 binder=android.os.BinderProxy@425476f0}
D/WifiService(  598): updateWifiState(): wifiApEnabled: false, wifiApAirplaneMode: falsegetWifiEnabledState(): 3, getWifiApEnabledState: 11
D/WifiService(  598): updateWifiState(): mAirplaneModeOn.get(): false, mPersistWifiState.get(): 1
D/WifiService(  598): updateWifiState(): mEmergencyCallbackMode: false, mDeviceIdle: false, lockHeld: true, mStopWifiRequested:false
D/WifiService(  598): updateWifiState(): enable and start wifi
D/StateMachine(  598): handleMessage: E msg.what=131073
D/StateMachine(  598): processMsg: ConnectedState
D/WifiStateMachine(  598): ConnectedState{ what=131073 when=0 target=Handler (com.android.internal.util.StateMachine$SmHandler) {422da338} arg1=2 }
D/StateMachine(  598): processMsg: L2ConnectedState
D/WifiStateMachine(  598): L2ConnectedState{ what=131073 when=0 target=Handler (com.android.internal.util.StateMachine$SmHandler) {422da338} arg1=2 }
D/StateMachine(  598): processMsg: ConnectModeState
D/WifiStateMachine(  598): ConnectModeState{ what=131073 when=-1ms target=Handler (com.android.internal.util.StateMachine$SmHandler) {422da338} arg1=2 }
D/StateMachine(  598): processMsg: DriverStartedState
D/WifiStateMachine(  598): DriverStartedState{ what=131073 when=-1ms target=Handler (com.android.internal.util.StateMachine$SmHandler) {422da338} arg1=2 }
D/StateMachine(  598): processMsg: SupplicantStartedState
D/WifiStateMachine(  598): SupplicantStartedState{ what=131073 when=-1ms target=Handler (com.android.internal.util.StateMachine$SmHandler) {422da338} arg1=2 }
D/StateMachine(  598): processMsg: SoftApStartedState
D/WifiStateMachine(  598): SoftApStartedState{ what=131073 when=-2ms target=Handler (com.android.internal.util.StateMachine$SmHandler) {422da338} arg1=2 }
D/StateMachine(  598): processMsg: DefaultState
D/WifiStateMachine(  598): DefaultState{ what=131073 when=-2ms target=Handler (com.android.internal.util.StateMachine$SmHandler) {422da338} arg1=2 }
D/StateMachine(  598): handleMessage: X
D/StateMachine(  598): handleMessage: E msg.what=131083
D/StateMachine(  598): processMsg: ConnectedState
D/WifiStateMachine(  598): ConnectedState{ what=131083 when=-3ms target=Handler (com.android.internal.util.StateMachine$SmHandler) {422da338} }
D/StateMachine(  598): processMsg: L2ConnectedState
D/WifiStateMachine(  598): L2ConnectedState{ what=131083 when=-3ms target=Handler (com.android.internal.util.StateMachine$SmHandler) {422da338} }
D/StateMachine(  598): processMsg: ConnectModeState
D/WifiStateMachine(  598): ConnectModeState{ what=131083 when=-3ms target=Handler (com.android.internal.util.StateMachine$SmHandler) {422da338} }
D/StateMachine(  598): processMsg: DriverStartedState
D/WifiStateMachine(  598): DriverStartedState{ what=131083 when=-3ms target=Handler (com.android.internal.util.StateMachine$SmHandler) {422da338} }
D/StateMachine(  598): processMsg: SupplicantStartedState
D/WifiStateMachine(  598): SupplicantStartedState{ what=131083 when=-5ms target=Handler (com.android.internal.util.StateMachine$SmHandler) {422da338} }
D/StateMachine(  598): processMsg: SoftApStartedState
D/WifiStateMachine(  598): SoftApStartedState{ what=131083 when=-5ms target=Handler (com.android.internal.util.StateMachine$SmHandler) {422da338} }
D/StateMachine(  598): processMsg: DefaultState
D/WifiStateMachine(  598): DefaultState{ what=131083 when=-5ms target=Handler (com.android.internal.util.StateMachine$SmHandler) {422da338} }
D/StateMachine(  598): handleMessage: X
D/StateMachine(  598): handleMessage: E msg.what=131144
D/StateMachine(  598): processMsg: ConnectedState
D/WifiStateMachine(  598): ConnectedState{ what=131144 when=-6ms target=Handler (com.android.internal.util.StateMachine$SmHandler) {422da338} arg1=1 }
D/StateMachine(  598): processMsg: L2ConnectedState
D/WifiStateMachine(  598): L2ConnectedState{ what=131144 when=-7ms target=Handler (com.android.internal.util.StateMachine$SmHandler) {422da338} arg1=1 }
D/StateMachine(  598): handleMessage: X
D/StateMachine(  598): handleMessage: E msg.what=131085
D/StateMachine(  598): processMsg: ConnectedState
D/WifiStateMachine(  598): ConnectedState{ what=131085 when=-7ms target=Handler (com.android.internal.util.StateMachine$SmHandler) {422da338} }
D/StateMachine(  598): processMsg: L2ConnectedState
D/WifiStateMachine(  598): L2ConnectedState{ what=131085 when=-8ms target=Handler (com.android.internal.util.StateMachine$SmHandler) {422da338} }
D/StateMachine(  598): processMsg: ConnectModeState
D/WifiStateMachine(  598): ConnectModeState{ what=131085 when=-8ms target=Handler (com.android.internal.util.StateMachine$SmHandler) {422da338} }
D/StateMachine(  598): processMsg: DriverStartedState
D/WifiStateMachine(  598): DriverStartedState{ what=131085 when=-9ms target=Handler (com.android.internal.util.StateMachine$SmHandler) {422da338} }
D/StateMachine(  598): handleMessage: X
D/StateMachine(  598): handleMessage: E msg.what=131149
D/StateMachine(  598): processMsg: ConnectedState
D/WifiStateMachine(  598): ConnectedState{ what=131149 when=-9ms target=Handler (com.android.internal.util.StateMachine$SmHandler) {422da338} }
D/PowerManagerService(  598): acquireWakeLock(42221a38): PARTIAL_WAKE_LOCK , tag=GpsLocationProvider, flags=0x1, pid=598, uid=1000, mUserState=0x0
D/PowerManagerService(  598): releaseWakeLock(42c16db8): PARTIAL_WAKE_LOCK , tag=NetworkLocationLocator, flags=0x1
D/StateMachine(  598): processMsg: L2ConnectedState
D/WifiStateMachine(  598): L2ConnectedState{ what=131149 when=-10ms target=Handler (com.android.internal.util.StateMachine$SmHandler) {422da338} }
D/StateMachine(  598): processMsg: ConnectModeState
D/WifiStateMachine(  598): ConnectModeState{ what=131149 when=-10ms target=Handler (com.android.internal.util.StateMachine$SmHandler) {422da338} }
D/StateMachine(  598): processMsg: DriverStartedState
D/WifiStateMachine(  598): DriverStartedState{ what=131149 when=-11ms target=Handler (com.android.internal.util.StateMachine$SmHandler) {422da338} }
D/StateMachine(  598): handleMessage: X
D/GpsLocationProvider(  598): [handleMessage] message :7
D/GpsLocationProvider(  598): Gps MessageHandler. msg.what 7 msg.arg1:0 msg.arg2: 0
D/GpsLocationProvider(  598): [handleMessage] UPDATE_LOCATION
D/GpsLocationProvider(  598): handleUpdateLocation
D/AutoSetting(28377): service - onStartCommand() action: com.htc.app.autosetting.location
V/LocationManagerService(  598): In handleLocationChangedLocked.For provider: network
D/QMI_FW  (  598): QCCI: QMI_CCI_TX: cntl_flag - 00, txn_id - 0312, msg_id - 0039, msg_len - 0021
D/QMI_FW  (  598): QCCI: Sent[258]: 40 bytes to port 2816
D/PowerManagerService(  598): releaseWakeLock(42221a38): PARTIAL_WAKE_LOCK , tag=GpsLocationProvider, flags=0x1
D/PowerManagerService(  598): acquireWakeLock(42767268): PARTIAL_WAKE_LOCK , tag=LocationManagerService, flags=0x1, pid=598, uid=1000, mUserState=0x0
D/PowerManagerService(  598): releaseWakeLock(42767268): PARTIAL_WAKE_LOCK , tag=LocationManagerService, flags=0x1
V/LocationManagerService(  598): In handleLocationChangedLocked.For provider: passive
D/PowerManagerService(  598): acquireWakeLock(42dbfa78): PARTIAL_WAKE_LOCK , tag=LocationManagerService, flags=0x1, pid=598, uid=1000, mUserState=0x0
D/PowerManagerService(  598): releaseWakeLock(42dbfa78): PARTIAL_WAKE_LOCK , tag=LocationManagerService, flags=0x1
D/GpsLocationProvider(  598): [reportHTCStatus] eventMask = 2 , status = 0
D/GpsLocationProvider(  598): [reportHTCStatus] HTC_GPS_STATUS_INJECT_LOCATION
D/AutoSetting(28377): service - handleMessage() incoming message, what:1
D/AutoSetting(28377): service - handleMessage() within range
D/QMI_FW  (  598): QCCI: reader_thread: Received 14 bytes from 258
D/QMI_FW  (  598): QCCI: QMI_CCI_RX: cntl_flag - 02, txn_id - 0312, msg_id - 0039, msg_len - 0007
D/QMI_FW  (  598): QCCI: reader_thread: Received 14 bytes from 258
D/QMI_FW  (  598): QCCI: QMI_CCI_RX: cntl_flag - 04, txn_id - 0000, msg_id - 0039, msg_len - 0007
D/PowerManagerService(  598): acquireWakeLock(4250a0a8): PARTIAL_WAKE_LOCK , tag=LocationManagerService, flags=0x1, pid=598, uid=1000, mUserState=0x0
D/PowerManagerService(  598): releaseWakeLock(4250a0a8): PARTIAL_WAKE_LOCK , tag=LocationManagerService, flags=0x1
D/HtcLockScreen(  598): HtcLockScreen: onInterceptTouchEvent ACTION_DOWN x:263.0 y:902.0
I/FxIdlescreen(  899): FxIdleScreenEngine: onTouchEvent ACTION_DOWN id:0 x:263 y:940
D/HtcLockScreen(  598): HtcLockScreen: onInterceptTouchEvent ACTION_UP x:488.0 y:293.5
I/FxIdlescreen(  899): FxIdleScreenEngine: onTouchEvent ACTION_UP id:0 x:488 y:331 distance:609
D/KeyguardViewMediator(  598): keyguardDone(true)
D/HtcLockScreen(  598): UnlockScreen: onPause
D/PowerManagerService(  598): releaseWakeLock(42c37b90): FULL_WAKE_LOCK ACQUIRE_CAUSES_WAKEUP , tag=keyguard, flags=0x1000001a
D/WirelessDisplayService(  598): ScreenReceiver;android.intent.action.USER_PRESENT,callOnGoing: false, Screen On: true
D/WirelessDisplayService(  598): ScreenReceiver: ACTION_USER_PRESENT: REQ_JOIN_GROUP - TRUE
D/MtpService(25206): [MTP][MptService][onReceive]+android.intent.action.USER_PRESENT
D/MtpService(25206): [MTP][MptService][onReceive]-
D/PhoneStatusBar(  820): disable: < expand icons alerts ticker system_info back home recent* clock >
D/PowerManagerService(  598): acquireWakeLock(427af9c0): PARTIAL_WAKE_LOCK , tag=IdleScreen:command_15, flags=0x1, pid=899, uid=10102, mUserState=0x3
D/PowerManagerService(  598): acquireWakeLock(428e9168): PARTIAL_WAKE_LOCK , tag=IdleScreen_base:remote_15, flags=0x1, pid=899, uid=10102, mUserState=0x3
D/PowerManagerService(  598): releaseWakeLock(427af9c0): PARTIAL_WAKE_LOCK , tag=IdleScreen:command_15, flags=0x1
D/PowerManagerService(  598): acquireWakeLock(429ad950): PARTIAL_WAKE_LOCK , tag=IdleScreen:event_15, flags=0x1, pid=899, uid=10102, mUserState=0x3
D/AutoSetting(28377): receiver - intent: android.intent.action.USER_PRESENT
D/AutoSetting(28377): service - onStartCommand() action: com.htc.app.autosetting.delayrequest
I/Rosie.AllAppsCarouselF_(11581): onResume
D/memalloc(  899): ion: Unmapping buffer  base:0x5908b000 size:2088960
D/memalloc(  899): ion: Unmapping buffer  base:0x50043000 size:4096
D/memalloc(  899): ion: Unmapping buffer  base:0x59389000 size:2088960
D/memalloc(  899): ion: Unmapping buffer  base:0x5113c000 size:4096
D/memalloc(  899): ion: Unmapping buffer  base:0x59587000 size:2088960
D/memalloc(  899): ion: Unmapping buffer  base:0x5116a000 size:4096
D/memalloc(  241): ion: Allocated buffer base:0x45a54000 size:2088960 fd:134
D/memalloc(  241): ion: Freeing buffer base:0x452a6000 size:2088960 fd:108
D/memalloc(  241): ion: Unmapping buffer  base:0x452a6000 size:2088960
D/memalloc(  241): ion: Freeing buffer base:0x40c3e000 size:4096 fd:109
D/memalloc(  241): ion: Unmapping buffer  base:0x40c3e000 size:4096
D/memalloc(  241): ion: Freeing buffer base:0x454a4000 size:2088960 fd:113
D/memalloc(  241): ion: Unmapping buffer  base:0x454a4000 size:2088960
D/memalloc(  241): ion: Freeing buffer base:0x40d06000 size:4096 fd:114
D/memalloc(  241): ion: Unmapping buffer  base:0x40d06000 size:4096
E/hwcomposer(  241): void qhwc::QueuedBufferStore::unlockBuffer(private_handle_t*) Invalid Handle
D/memalloc(  241): ion: Allocated buffer base:0x40c3e000 size:4096 fd:108
D/memalloc(11581): ion: Mapped buffer base:0x5d54e000 size:2088960 offset:0 fd:87
D/memalloc(11581): ion: Mapped buffer base:0x56e45000 size:4096 offset:0 fd:142
W/InputMethodManagerService(  598): Window already focused, ignoring focus gain of: com.android.internal.view.IInputMethodClient$Stub$Proxy@425ecf88 attribute=android.view.inputmethod.EditorInfo@428773f0
D/memalloc(  241): ion: Allocated buffer base:0x452a6000 size:2088960 fd:111
D/memalloc(  241): ion: Allocated buffer base:0x40064000 size:4096 fd:113
D/PowerManagerService(  598): releaseWakeLock(429ad950): PARTIAL_WAKE_LOCK , tag=IdleScreen:event_15, flags=0x1
D/memalloc(11581): ion: Mapped buffer base:0x5e652000 size:2088960 offset:0 fd:144
D/memalloc(11581): ion: Mapped buffer base:0x56e5b000 size:4096 offset:0 fd:146
D/memalloc(  241): ion: Freeing buffer base:0x44ebb000 size:2088960 fd:72
D/memalloc(  241): ion: Unmapping buffer  base:0x44ebb000 size:2088960
D/memalloc(  241): ion: Freeing buffer base:0x4000a000 size:4096 fd:73
D/memalloc(  241): ion: Unmapping buffer  base:0x4000a000 size:4096
D/CAT     (  968): CatService: Return current sInstance
D/memalloc(  241): ion: Allocated buffer base:0x44ebb000 size:2088960 fd:73
D/memalloc(  241): ion: Allocated buffer base:0x40093000 size:4096 fd:74
D/memalloc(11581): ion: Mapped buffer base:0x5f941000 size:2088960 offset:0 fd:183
D/memalloc(11581): ion: Mapped buffer base:0x572c3000 size:4096 offset:0 fd:185
W/Adreno200-ES20(11581): <process_gl_state_enables:463>: GL_INVALID_ENUM
W/SurfaceTexture(11581): [unnamed-11581-61] updateTexImage: clearing GL error: 0x500
D/memalloc(11581): ion: Unmapping buffer  base:0x599a2000 size:348160
D/memalloc(11581): ion: Unmapping buffer  base:0x57222000 size:4096
W/Adreno200-ES20(11581): <process_gl_state_enables:463>: GL_INVALID_ENUM
I/Kids    ( 1253): [CommonUtils] disabled. skipping.
I/ActivityManager(  598): Start proc nz.barees.android.cachesensedemo for broadcast nz.barees.android.cachesensedemo/.BootReceiver: pid=2521 uid=10175 gids={3003, 1015, 1006, 1028}
D/memalloc(  598): ion: Unmapping buffer  base:0x5b26f000 size:2019328
D/memalloc(  598): ion: Unmapping buffer  base:0x40003000 size:4096
D/memalloc(  241): ion: Freeing buffer base:0x450b9000 size:2019328 fd:35
D/memalloc(  241): ion: Unmapping buffer  base:0x450b9000 size:2019328
D/memalloc(  241): ion: Freeing buffer base:0x40063000 size:4096 fd:105
D/memalloc(  241): ion: Unmapping buffer  base:0x40063000 size:4096
D/memalloc(  598): ion: Unmapping buffer  base:0x5b5df000 size:2019328
D/memalloc(  598): ion: Unmapping buffer  base:0x40009000 size:4096
D/memalloc(  241): ion: Freeing buffer base:0x43da4000 size:2019328 fd:43
D/memalloc(  241): ion: Unmapping buffer  base:0x43da4000 size:2019328
D/memalloc(  241): ion: Freeing buffer base:0x40d68000 size:4096 fd:121
D/memalloc(  241): ion: Unmapping buffer  base:0x40d68000 size:4096
E/Trace   ( 2521): error opening trace file: No such file or directory (2)
D/memalloc(  241): ion: Freeing buffer base:0x456a2000 size:2088960 fd:117
D/memalloc(  241): ion: Unmapping buffer  base:0x456a2000 size:2088960
D/memalloc(  241): ion: Freeing buffer base:0x400b7000 size:4096 fd:118
D/memalloc(  241): ion: Unmapping buffer  base:0x400b7000 size:4096
D/PowerManagerService(  598): releaseWakeLock(428e9168): PARTIAL_WAKE_LOCK , tag=IdleScreen_base:remote_15, flags=0x1
I/ActivityThread( 2521): Pub nz.barees.android.cachesensedemo.CacheSenseProvider: nz.barees.android.cachesensedemo.CacheSenseProvider
D/Socket_Alarm( 2521): registerHTCSocketMonitorCallBack
D/Socket_Alarm( 2521): set mSocketMonitor
D/Socket_Alarm( 2521): HTCSocketMonitorImpl::HTCSocketMonitorImpl
D/PowerManagerService(  598): acquireWakeLock(42279b70): PARTIAL_WAKE_LOCK , tag=AlarmManager, flags=0x1, pid=598, uid=1000, mUserState=0x3
V/AlarmManager(  598): sending alarm PendingIntent{41e4c6e8: PendingIntentRecord{42d4ce60 nz.barees.android.cachesensedemo broadcastIntent}}, intent=null, type=RTC_WAKEUP, count=2378372, when=1427023200000, repeateInterval=600000
V/AlarmManager(  598): sending alarm PendingIntent{42279f48: PendingIntentRecord{426b6440 nz.barees.android.cachesensedemo broadcastIntent}}, intent=null, type=ELAPSED_REALTIME, count=16, when=230400000, repeateInterval=14400000
D/StateMachine(  598): handleMessage: E msg.what=131155
D/StateMachine(  598): processMsg: ConnectedState
D/WifiStateMachine(  598): ConnectedState{ what=131155 when=-3ms target=Handler (com.android.internal.util.StateMachine$SmHandler) {422da338} arg1=266 }
D/StateMachine(  598): processMsg: L2ConnectedState
D/WifiStateMachine(  598): L2ConnectedState{ what=131155 when=-3ms target=Handler (com.android.internal.util.StateMachine$SmHandler) {422da338} arg1=266 }
I/wpa_ctrl(  598): [wpa_ctrl_request] ctrl address = 50982678, ctrl_conn address = 0
D/WifiStateMachine(  598): fetchRssiAndLinkSpeedNative RSSI = -48
D/WifiStateMachine(  598): fetchRssiAndLinkSpeedNative send RSSIChange intent, SameSignalLevelCount =1
I/TextToSpeech( 2521): Sucessfully bound to com.google.android.tts
D/StateMachine(  598): handleMessage: X
I/ActivityManager(  598): Start proc com.google.android.tts for service com.google.android.tts/.service.GoogleTTSService: pid=2543 uid=10039 gids={3003, 1015, 1028}
D/PowerManagerService(  598): TPE algorithm. remove timeout.
D/PowerManagerService(  598): ALG=2, lsvalue=320(5th)->640(6th), last_level=5, lValue=125->125, bValue=0, kValue=0, mPowerState=0x3, mSkippedScreenOn=false, mInitialAnimation=false, immediate=false
D/WIFI_ICON(  820): updateWifiState: action=android.net.wifi.RSSI_CHANGED newRssi=-48 freq=2412 newLevel=3 lastWifiLevel=3
D/StatusBar.NetworkController(  820): dumpIconState[dataVisible=false dataIconId=stat_sys_data_connected_3g_plus signalIconId=stat_sys_5signal_2 wifiVisible=true wifiIconId=stat_sys_wifi_signal_4 airplaneMode=false]
D/PowerManagerService(  598): acquireWakeLock(429afa50): PARTIAL_WAKE_LOCK , tag=wake:nz.barees.android.cachesensedemo/.WakefulSyncService, flags=0x1, pid=2521, uid=10175, mUserState=0x3
D/PowerManagerService(  598): releaseWakeLock(42279b70): PARTIAL_WAKE_LOCK , tag=AlarmManager, flags=0x1
D/PowerManagerService(  598): acquireWakeLock(423be640): PARTIAL_WAKE_LOCK , tag=CacheSenseWakelock, flags=0x1, pid=2521, uid=10175, mUserState=0x3
D/PowerManagerService(  598): releaseWakeLock(429afa50): PARTIAL_WAKE_LOCK , tag=wake:nz.barees.android.cachesensedemo/.WakefulSyncService, flags=0x1
E/Trace   ( 2543): error opening trace file: No such file or directory (2)
W/SettingsHelper( 2543): Couldn't read prefered locale from settings.
D/PowerManagerService(  598): releaseWakeLock(423be640): PARTIAL_WAKE_LOCK , tag=CacheSenseWakelock, flags=0x1
W/SettingsHelper( 2543): Couldn't read prefered locale from settings.
E/dalvikvm( 2543): Could not find class 'android.speech.tts.Voice', referenced from method com.google.android.tts.service.GoogleTTSService.onGetVoices
W/dalvikvm( 2543): VFY: unable to resolve new-instance 173 (Landroid/speech/tts/Voice;) in Lcom/google/android/tts/service/GoogleTTSService;
I/GoogleTTSService( 2543): Creating Google TTS service, version 3.3.13.1635260.arm
W/dalvikvm( 2543): VFY: unable to resolve virtual method 566: Landroid/speech/tts/SynthesisRequest;.getVoiceName ()Ljava/lang/String;
W/dalvikvm( 2543): VFY: unable to resolve virtual method 559: Landroid/speech/tts/SynthesisRequest;.getCharSequenceText ()Ljava/lang/CharSequence;
W/dalvikvm( 2543): VFY: unable to resolve virtual method 566: Landroid/speech/tts/SynthesisRequest;.getVoiceName ()Ljava/lang/String;
I/TextToSpeech( 2521): Connected to ComponentInfo{com.google.android.tts/com.google.android.tts.service.GoogleTTSService}
I/patts   ( 2543): [embedded_hmm_synthesizer.cc:21] Embedded HMM synthesizer initialized.
I/patts   ( 2543): [jni_loader.cc:75] Patts JNI loaded successfully.
I/patts   ( 2543): Loading project file (apk mode is true,assets from com.google.android.tts) ...
I/patts   ( 2543): [android_project_file.cc:35] Loading "voices/en-us-x-sfg-phone-hmm/phonology.cfg" ...
I/patts   ( 2543): [android_project_file.cc:35] Loading "voices/en-us-x-sfg-phone-hmm/compressed_lexicon_en_us.blex" ...
I/patts   ( 2543): [android_project_file.cc:35] Loading "voices/en-us-x-sfg-phone-hmm/phonology.pb" ...
I/patts   ( 2543): [android_project_file.cc:35] Loading "voices/en-us-x-sfg-phone-hmm/rewrite_android.far" ...
I/decoder ( 2543): INFO: Loading FST archive from "voices/en-us-x-sfg-phone-hmm/rewrite_android.far" ...
I/patts   ( 2543): [android_project_file.cc:35] Loading "voices/en-us-x-sfg-phone-hmm/tokenize_and_classify_embedded_android.far" ...
I/decoder ( 2543): INFO: Loading FST archive from "voices/en-us-x-sfg-phone-hmm/tokenize_and_classify_embedded_android.far" ...
I/patts   ( 2543): [android_project_file.cc:35] Loading "voices/en-us-x-sfg-phone-hmm/textnorm_params_embedded.pb" ...
I/ActivityManager(  598): Recipient 2455
I/ActivityManager(  598): Process com.freshware.hydro (pid 2455) has died.
I/ActivityManager(  598): Recipient 2070
I/ActivityManager(  598): Process com.htc.htcpowermanager:remote (pid 2070) has died.
D/TELEPHONY_CALLBACK(  820): @onSignalStrengthChanged: SignalStrength: 5 -1 -1 -1 -1 -1 -1 -1 -1 -1 2147483647 -1 gsm|lte
D/StatusBar.NetworkController(  820): dumpState[hasService=true ServiceState=0 home 3 3 27202  HSPA CSS not supported -1 -1 RoamInd=-1 DefRoamInd=-1EriInd= -1EriMode= -1RadioPowerSv: false EmergOnly=false PhoneType: 1 IsCdma=false SimState=UNKNOWN GprsState=0 DataState=Disconnected DataActivity=NONE NetworkType=HSPA HtcModemLinkOn=false HspaDataDistinquishable=true]
D/SIGNAL_ICON(  820): updateTelephonySignalStrength
D/SIGNAL_ICON(  820): fakeui srv=0 mTimerEnabled=false asu=5
D/SIGNAL_ICON(  820): asu=5
D/SIGNAL_ICON(  820): SUPPORT_5_LEVEL_SIGNAL
D/SIGNAL_ICON(  820): mapTelephonySignalStrength
D/SIGNAL_ICON(  820): maxLevel=5 asu=5 networkType=HSPA
D/SIGNAL_ICON(  820): return iconLevel=2
D/StatusBar.NetworkController(  820): dumpIconState[dataVisible=false dataIconId=stat_sys_data_connected_3g_plus signalIconId=stat_sys_5signal_2 wifiVisible=true wifiIconId=stat_sys_wifi_signal_4 airplaneMode=false]
W/Rosie   (11581): closeFolder() -- Folder is null , AnimateClose? false
I/Rearrange(11581): performRearrange true, size:0
I/AppWindowSurface(11581): show 2d surface
D/StateMachine(  598): handleMessage: E msg.what=131155
D/StateMachine(  598): processMsg: ConnectedState
