D/PowerManagerService(  584): releaseWakeLock(4316c168): PARTIAL_WAKE_LOCK , tag=AlarmManager, flags=0x1
D/PowerManagerService(  584): acquireWakeLock(42bf1e50): PARTIAL_WAKE_LOCK , tag=AlarmManager, flags=0x1, pid=584, uid=1000, mUserState=0x0
V/AlarmManager(  584): sending alarm PendingIntent{429db508: PendingIntentRecord{42d0af18 android broadcastIntent}}, intent=android.intent.action.TIME_TICK, type=RTC, count=1, when=1427231700000, repeateInterval=0
V/AlarmManager(  584): sending alarm PendingIntent{4309e1c8: PendingIntentRecord{42c33380 com.google.android.gms broadcastIntent}}, intent=com.google.android.intent.action.MCS_HEARTBEAT, type=ELAPSED_REALTIME_WAKEUP, count=1, when=2339999, repeateInterval=0
D/PowerManagerService(  584): acquireWakeLock(430908f8): PARTIAL_WAKE_LOCK , tag=GCM_HB_ALARM, flags=0x1, pid=1061, uid=10017, mUserState=0x0
D/PowerManagerService(  584): releaseWakeLock(430908f8): PARTIAL_WAKE_LOCK , tag=GCM_HB_ALARM, flags=0x1
D/PowerManagerService(  584): releaseWakeLock(42bf1e50): PARTIAL_WAKE_LOCK , tag=AlarmManager, flags=0x1
D/PowerManagerService(  584): acquireWakeLock(433442f8): PARTIAL_WAKE_LOCK , tag=GCM_CONN, flags=0x1, pid=1061, uid=10017, mUserState=0x0
D/ConnectivityService(  584): reportInetCondition for net 1, percentage: 100 by 1061/10017
D/ConnectivityService(  584): handleInetConditionChange: net=1, condition=100,mActiveDefaultNetwork=1
D/ConnectivityService(  584): handleInetConditionChange: starting a change hold
D/PowerManagerService(  584): acquireWakeLock(4319ad30): PARTIAL_WAKE_LOCK , tag=*net_scheduler*, flags=0x1, pid=1061, uid=10017, mUserState=0x0
D/PowerManagerService(  584): releaseWakeLock(4319ad30): PARTIAL_WAKE_LOCK , tag=*net_scheduler*, flags=0x1
D/PowerManagerService(  584): releaseWakeLock(433442f8): PARTIAL_WAKE_LOCK , tag=GCM_CONN, flags=0x1
D/PowerManagerService(  584): acquireWakeLock(4323b3c0): PARTIAL_WAKE_LOCK , tag=*net_scheduler*, flags=0x1, pid=1061, uid=10017, mUserState=0x0
D/PowerManagerService(  584): acquireWakeLock(42da3858): PARTIAL_WAKE_LOCK , tag=AlarmManager, flags=0x1, pid=584, uid=1000, mUserState=0x0
V/AlarmManager(  584): sending alarm PendingIntent{429db508: PendingIntentRecord{42d0af18 android broadcastIntent}}, intent=android.intent.action.TIME_TICK, type=RTC, count=1, when=1427231760000, repeateInterval=0
D/PowerManagerService(  584): releaseWakeLock(4323b3c0): PARTIAL_WAKE_LOCK , tag=*net_scheduler*, flags=0x1
D/PowerManagerService(  584): releaseWakeLock(42da3858): PARTIAL_WAKE_LOCK , tag=AlarmManager, flags=0x1
D/ConnectivityService(  584): handleInetConditionHoldEnd: net=1, condition=100, published condition=100
D/ConnectivityService(  584): sendStickyBroadcast: action=android.net.conn.INET_CONDITION_ACTION
D/PowerManagerService(  584): acquireWakeLock(42defde0): PARTIAL_WAKE_LOCK , tag=AlarmManager, flags=0x1, pid=584, uid=1000, mUserState=0x0
D/WIFI_ICON(  840): updateConnectivity: type=1 connected=true
V/AlarmManager(  584): sending alarm PendingIntent{429db508: PendingIntentRecord{42d0af18 android broadcastIntent}}, intent=android.intent.action.TIME_TICK, type=RTC, count=1, when=1427231820000, repeateInterval=0
D/StatusBar.NetworkController(  840): dumpState[hasService=true ServiceState=0 home 3 3 27202  HSPA CSS not supported -1 -1 RoamInd=-1 DefRoamInd=-1EriInd= -1EriMode= -1RadioPowerSv: false EmergOnly=false PhoneType: 1 IsCdma=false SimState=UNKNOWN GprsState=0 DataState=Disconnected DataActivity=NONE NetworkType=HSPA HtcModemLinkOn=false HspaDataDistinquishable=true]
D/StatusBar.NetworkController(  840): dumpIconState[dataVisible=false dataIconId=stat_sys_data_connected_hplus signalIconId=stat_sys_5signal_3 wifiVisible=true wifiIconId=stat_sys_wifi_signal_4 airplaneMode=false]
D/PowerManagerService(  584): releaseWakeLock(42defde0): PARTIAL_WAKE_LOCK , tag=AlarmManager, flags=0x1
D/PowerManagerService(  584): acquireWakeLock(431266c8): PARTIAL_WAKE_LOCK , tag=AlarmManager, flags=0x1, pid=584, uid=1000, mUserState=0x0
V/AlarmManager(  584): sending alarm PendingIntent{429db508: PendingIntentRecord{42d0af18 android broadcastIntent}}, intent=android.intent.action.TIME_TICK, type=RTC, count=1, when=1427231940000, repeateInterval=0
V/AlarmManager(  584): sending alarm PendingIntent{42c798d0: PendingIntentRecord{42c84640 com.eventbrite.attendee broadcastIntent}}, intent=null, type=ELAPSED_REALTIME, count=1, when=2505062, repeateInterval=0
V/AlarmManager(  584): sending alarm PendingIntent{42d6d9e0: PendingIntentRecord{42d6d8a8 android broadcastIntent}}, intent=com.android.server.ThrottleManager.action.POLL, type=ELAPSED_REALTIME, count=1, when=2524764, repeateInterval=0
W/ThrottleService(  584): unable to find stats for iface rmnet0
D/PowerManagerService(  584): releaseWakeLock(431266c8): PARTIAL_WAKE_LOCK , tag=AlarmManager, flags=0x1
D/PowerManagerService(  584): acquireWakeLock(42de6948): PARTIAL_WAKE_LOCK , tag=AlarmManager, flags=0x1, pid=584, uid=1000, mUserState=0x0
V/AlarmManager(  584): sending alarm PendingIntent{4312bd00: PendingIntentRecord{43183b88 com.viber.voip broadcastIntent}}, intent=com.viber.voip.action.KEEP_ALIVE_RECEIVE, type=RTC_WAKEUP, count=1, when=1427231972177, repeateInterval=0
D/PowerManagerService(  584): releaseWakeLock(42de6948): PARTIAL_WAKE_LOCK , tag=AlarmManager, flags=0x1
D/PowerManagerService(  584): acquireWakeLock(4340e410): PARTIAL_WAKE_LOCK , tag=AlarmManager, flags=0x1, pid=584, uid=1000, mUserState=0x0
V/AlarmManager(  584): sending alarm PendingIntent{42ba6cc8: PendingIntentRecord{42c33380 com.google.android.gms broadcastIntent}}, intent=com.google.android.intent.action.MCS_HEARTBEAT, type=ELAPSED_REALTIME_WAKEUP, count=1, when=2581845, repeateInterval=0
D/PowerManagerService(  584): acquireWakeLock(43233528): PARTIAL_WAKE_LOCK , tag=GCM_HB_ALARM, flags=0x1, pid=1061, uid=10017, mUserState=0x0
D/PowerManagerService(  584): releaseWakeLock(43233528): PARTIAL_WAKE_LOCK , tag=GCM_HB_ALARM, flags=0x1
D/PowerManagerService(  584): releaseWakeLock(4340e410): PARTIAL_WAKE_LOCK , tag=AlarmManager, flags=0x1
D/PowerManagerService(  584): acquireWakeLock(4323f468): PARTIAL_WAKE_LOCK , tag=*net_scheduler*, flags=0x1, pid=1061, uid=10017, mUserState=0x0
D/PowerManagerService(  584): acquireWakeLock(43337040): PARTIAL_WAKE_LOCK , tag=GCM_CONN, flags=0x1, pid=1061, uid=10017, mUserState=0x0
D/ConnectivityService(  584): reportInetCondition for net 1, percentage: 100 by 1061/10017
D/ConnectivityService(  584): handleInetConditionChange: net=1, condition=100,mActiveDefaultNetwork=1
D/ConnectivityService(  584): handleInetConditionChange: starting a change hold
D/PowerManagerService(  584): releaseWakeLock(4323f468): PARTIAL_WAKE_LOCK , tag=*net_scheduler*, flags=0x1
D/PowerManagerService(  584): releaseWakeLock(43337040): PARTIAL_WAKE_LOCK , tag=GCM_CONN, flags=0x1
D/PowerManagerService(  584): acquireWakeLock(42bd6690): PARTIAL_WAKE_LOCK , tag=*net_scheduler*, flags=0x1, pid=1061, uid=10017, mUserState=0x0
D/PowerManagerService(  584): releaseWakeLock(42bd6690): PARTIAL_WAKE_LOCK , tag=*net_scheduler*, flags=0x1
D/ConnectivityService(  584): handleInetConditionHoldEnd: net=1, condition=100, published condition=100
D/WIFI_ICON(  840): updateConnectivity: type=1 connected=true
D/StatusBar.NetworkController(  840): dumpState[hasService=true ServiceState=0 home 3 3 27202  HSPA CSS not supported -1 -1 RoamInd=-1 DefRoamInd=-1EriInd= -1EriMode= -1RadioPowerSv: false EmergOnly=false PhoneType: 1 IsCdma=false SimState=UNKNOWN GprsState=0 DataState=Disconnected DataActivity=NONE NetworkType=HSPA HtcModemLinkOn=false HspaDataDistinquishable=true]
D/ConnectivityService(  584): sendStickyBroadcast: action=android.net.conn.INET_CONDITION_ACTION
D/StatusBar.NetworkController(  840): dumpIconState[dataVisible=false dataIconId=stat_sys_data_connected_hplus signalIconId=stat_sys_5signal_3 wifiVisible=true wifiIconId=stat_sys_wifi_signal_4 airplaneMode=false]
D/PowerManagerService(  584): acquireWakeLock(4318b750): PARTIAL_WAKE_LOCK , tag=AlarmManager, flags=0x1, pid=584, uid=1000, mUserState=0x0
V/AlarmManager(  584): sending alarm PendingIntent{42fd9508: PendingIntentRecord{43203a78 nz.barees.android.cachesensedemo broadcastIntent}}, intent=null, type=RTC_WAKEUP, count=1, when=1427232600000, repeateInterval=600000
V/AlarmManager(  584): sending alarm PendingIntent{429db508: PendingIntentRecord{42d0af18 android broadcastIntent}}, intent=android.intent.action.TIME_TICK, type=RTC, count=1, when=1427232000000, repeateInterval=0
D/PowerManagerService(  584): releaseWakeLock(4318b750): PARTIAL_WAKE_LOCK , tag=AlarmManager, flags=0x1
D/BatteryService(  584): updateBatteryStats: update triggered by UEvent.
D/PowerManagerService(  584): acquireWakeLock(433e0fa8): PARTIAL_WAKE_LOCK , tag=BatteryServiceUpdateStats, flags=0x1, pid=584, uid=1000, mUserState=0x0
D/PowerManagerService(  584): releaseWakeLock(433e0fa8): PARTIAL_WAKE_LOCK , tag=BatteryServiceUpdateStats, flags=0x1
W/Vold    (  238): USB connected
W/Vold    (  238): Share method ums now available
D/PowerManagerService(  584): acquireWakeLock(4320c7c8): PARTIAL_WAKE_LOCK , tag=RILJ, flags=0x1, pid=984, uid=1001, mUserState=0x0
I/StorageNotification(  840): UMS connection changed to true (media state mounted)
D/BatteryService(  584): sendIntentForSmartSync: Intent { act=com.htc.system.battery.PLUG_CHANGED (has extras) }
D/MountService(  584): sharing = 0 
D/PowerManagerService(  584): runHtcPowerSaverCheck ======================================
D/WifiService(  584): ACTION_BATTERY_CHANGED pluggedType: 2
D/NotificationService(  584): mIntentReceiver() Intent.ACTION_BATTERY_CHANGED
V/LightsService(  584): setLight #8: color=#c8c800
D/PowerManagerService(  584): releaseWakeLock(4320c7c8): PARTIAL_WAKE_LOCK , tag=RILJ, flags=0x1
D/lights  (  584): set_color_led color=13158400, mode=255, off_min=0, off_sec=0
D/lights  (  584): [LedInfo] without indicator attribute, red:c80000, green:c800, blue:0
V/NotificationService(  584): Charging...
V/LightsService(  584): setLight #8: color=#c80000
D/lights  (  584): set_color_led color=13107200, mode=1, off_min=0, off_sec=0
D/lights  (  584): [LedInfo] without indicator attribute, red:c80000, green:0, blue:0
D/lights  (  584): [LedInfo] write attr ok name=/sys/class/leds/amber/brightness string=1,len=1
D/lights  (  584): [LedInfo] write attr ok name=/sys/class/leds/amber/blink string=0,len=1
D/lights  (  584): [LedInfo] write attr ok name=/sys/class/leds/amber/off_timer string=0 0,len=3
D/lights  (  584): [LedInfo] write attr ok name=/sys/class/leds/green/brightness string=0,len=1
D/lights  (  584): [LedInfo] write attr ok name=/sys/class/leds/green/blink string=0,len=1
D/lights  (  584): [LedInfo] write attr ok name=/sys/class/leds/green/off_timer string=0 0,len=3
D/PowerManagerService(  584): nativeSetScreenState: on=true
D/PowerManagerService(  584): nativeSetScreenState: err=0
D/BatteryService(  584): duration: 2575171 discharge: 16
D/BatteryService(  584): updateBatteryStats: update triggered by UEvent.
D/MobileDataStateTracker(  584): default: Broadcast received: ignore android.intent.action.SERVICE_STATE
D/MobileDataStateTracker(  584): mms: Broadcast received: ignore android.intent.action.SERVICE_STATE
D/MobileDataStateTracker(  584): supl: Broadcast received: ignore android.intent.action.SERVICE_STATE
D/MobileDataStateTracker(  584): dun: Broadcast received: ignore android.intent.action.SERVICE_STATE
D/MobileDataStateTracker(  584): hipri: Broadcast received: ignore android.intent.action.SERVICE_STATE
D/MobileDataStateTracker(  584): fota: Broadcast received: ignore android.intent.action.SERVICE_STATE
D/MobileDataStateTracker(  584): ims: Broadcast received: ignore android.intent.action.SERVICE_STATE
D/MobileDataStateTracker(  584): null: Broadcast received: ignore android.intent.action.SERVICE_STATE
D/MobileDataStateTracker(  584): httpproxy: Broadcast received: ignore android.intent.action.SERVICE_STATE
D/MobileDataStateTracker(  584): admin: Broadcast received: ignore android.intent.action.SERVICE_STATE
D/MobileDataStateTracker(  584): internet: Broadcast received: ignore android.intent.action.SERVICE_STATE
D/MobileDataStateTracker(  584): null: Broadcast received: ignore android.intent.action.SERVICE_STATE
D/MobileDataStateTracker(  584): cmmail: Broadcast received: ignore android.intent.action.SERVICE_STATE
D/MobileDataStateTracker(  584): null: Broadcast received: ignore android.intent.action.SERVICE_STATE
D/MobileDataStateTracker(  584): cmail: Broadcast received: ignore android.intent.action.SERVICE_STATE
D/MobileDataStateTracker(  584): entitle: Broadcast received: ignore android.intent.action.SERVICE_STATE
D/MobileDataStateTracker(  584): null: Broadcast received: ignore android.intent.action.SERVICE_STATE
D/MobileDataStateTracker(  584): bip: Broadcast received: ignore android.intent.action.SERVICE_STATE
I/TelephonyRegistry(  584): notifyDataConnection: state=0 isDataConnectivityPossible=true reason='nwTypeChanged' apn='null' apnType=default networkType=2 roaming=false errorCause=0preConn = []
D/MobileDataStateTracker(  584): default: Broadcast received: ACTION_ANY_DATA_CONNECTION_STATE_CHANGED mApnType=default == received apnType=default
D/PowerUI (  840): closing low battery warning: level=34
D/PowerUI (  840): plugged = true, health = 2, mBatteryLevel = 34, mPluggedBatteryLevel = 34, mLowBatteryWarningLevel2 = 25, mshowLowChargingWarning2 = true
D/TELEPHONY_CALLBACK(  840): @onServiceStateChanged: 0 home 3 3 27202  EDGE CSS not supported -1 -1 RoamInd=-1 DefRoamInd=-1EriInd= -1EriMode= -1RadioPowerSv: false EmergOnly=false PhoneType: 1
D/StatusBar.NetworkController(  840): dumpState[hasService=true ServiceState=0 home 3 3 27202  EDGE CSS not supported -1 -1 RoamInd=-1 DefRoamInd=-1EriInd= -1EriMode= -1RadioPowerSv: false EmergOnly=false PhoneType: 1 IsCdma=false SimState=UNKNOWN GprsState=0 DataState=Disconnected DataActivity=NONE NetworkType=HSPA HtcModemLinkOn=false HspaDataDistinquishable=true]
D/SIGNAL_ICON(  840): updateTelephonySignalStrength
D/SIGNAL_ICON(  840): fakeui srv=0 mTimerEnabled=false asu=8
D/SIGNAL_ICON(  840): asu=8
D/SIGNAL_ICON(  840): SUPPORT_5_LEVEL_SIGNAL
D/SIGNAL_ICON(  840): mapTelephonySignalStrength
D/SIGNAL_ICON(  840): maxLevel=5 asu=8 networkType=HSPA
D/SIGNAL_ICON(  840): return iconLevel=3
D/DATA_ICON(  840): updateDataNetType: networkType=HSPA
D/DATA_ICON(  840): updateDataIcon
D/DATA_ICON(  840): NOP
D/StatusBar.NetworkController(  840): dumpIconState[dataVisible=false dataIconId=stat_sys_data_connected_hplus signalIconId=stat_sys_5signal_3 wifiVisible=true wifiIconId=stat_sys_wifi_signal_4 airplaneMode=false]
W/PowerUI (  840): unknown intent: Intent { act=android.intent.action.ACTION_POWER_CONNECTED flg=0x8000010 }
D/MobileDataStateTracker(  584): default: Received state=DISCONNECTED, old=DISCONNECTED, reason=nwTypeChanged
D/MobileDataStateTracker(  584): default: mMobileDataState=DISCONNECTED mTeardownRequested=true got [AnyDataCSC] : type=default state=DISCONNECTED reason=nwTypeChanged apn=null roaming=false unavailable=false NetworkType=2 NetworkTypeName=EDGE entitleError=0
D/PowerManagerService(  584): button light setOrientation:-1
D/PowerManagerService(  584): acquireWakeLock(433c4ad0): PARTIAL_WAKE_LOCK , tag=sleep_broadcast, flags=0x1, pid=584, uid=1000, mUserState=0x0
D/PowerManagerService(  584): acquireWakeLock(42e635a8): FULL_WAKE_LOCK ACQUIRE_CAUSES_WAKEUP , tag=keyguard, flags=0x1000001a, pid=584, uid=1000, mUserState=0x0
D/PowerManagerService(  584): acquireWakeLock(433c5be0): PARTIAL_WAKE_LOCK , tag=GpsLocationProvider, flags=0x1, pid=584, uid=1000, mUserState=0x0
D/PowerManagerService(  584): acquireWakeLock(433c6598): PARTIAL_WAKE_LOCK , tag=BatteryServiceUpdateStats, flags=0x1, pid=584, uid=1000, mUserState=0x0
D/PowerManagerService(  584): releaseWakeLock(433c6598): PARTIAL_WAKE_LOCK , tag=BatteryServiceUpdateStats, flags=0x1
D/PowerManagerService(  584): acquireWakeLock(433c7390): PARTIAL_WAKE_LOCK , tag=NlpCollectorWakeLock, flags=0x1, pid=1390, uid=10017, mUserState=0x0
D/PowerManagerService(  584): acquireWakeLock(433c7bd8): PARTIAL_WAKE_LOCK , tag=RILJ, flags=0x1, pid=984, uid=1001, mUserState=0x0
D/PowerManagerService(  584): ALG=2, lsvalue=10(0th)->10(0th), last_level=0, lValue=64->64, bValue=255, kValue=0, mPowerState=0x3, mSkippedScreenOn=true, mInitialAnimation=false, immediate=false
V/LightsService(  584): setLight #2: color=#ffffffff
D/lights  (  584): set_light_buttons_func: on=16777215 brightness=255
V/LightsService(  584): setLight #1: color=#ff000000
D/PowerManagerService(  584): acquireWakeLock(431acd98): PARTIAL_WAKE_LOCK , tag=Wakeful StateMachine: GeofencerStateMachine, flags=0x1, pid=1390, uid=10017, mUserState=0x0
D/WifiService(  584): acquireWifiLockLocked: WifiLock{NlpWifiLock type=2 binder=android.os.BinderProxy@431ad5e0}
D/PowerManagerService(  584): releaseWakeLock(433c7bd8): PARTIAL_WAKE_LOCK , tag=RILJ, flags=0x1
D/WifiService(  584): updateWifiState(): wifiApEnabled: false, wifiApAirplaneMode: falsegetWifiEnabledState(): 3, getWifiApEnabledState: 11
D/WifiService(  584): updateWifiState(): mAirplaneModeOn.get(): false, mPersistWifiState.get(): 1
D/WifiService(  584): updateWifiState(): mEmergencyCallbackMode: false, mDeviceIdle: false, lockHeld: true, mStopWifiRequested:false
D/WifiService(  584): updateWifiState(): enable and start wifi
D/PowerManagerService(  584): acquireWakeLock(431af720): PARTIAL_WAKE_LOCK , tag=RILJ, flags=0x1, pid=984, uid=1001, mUserState=0x0
D/PowerManagerService(  584): acquireWakeLock(4305c570): PARTIAL_WAKE_LOCK , tag=IdleScreen:command_15, flags=0x1, pid=912, uid=10102, mUserState=0x0
D/PowerManagerService(  584): releaseWakeLock(433c5be0): PARTIAL_WAKE_LOCK , tag=GpsLocationProvider, flags=0x1
D/PowerManagerService(  584): ActivityManagerNative.getDefault().wakingUp();
V/UsbDeviceManager(  584): [USBNET] USB UEVENT: {USB_STATE=CONNECTED, SUBSYSTEM=android_usb, DEVPATH=/devices/virtual/android_usb/android0, SEQNUM=4169, ACTION=change}
V/UsbDeviceManager(  584): [USBNET] USB UEVENT: {SUBSYSTEM=switch, SWITCH_STATE=1, DEVPATH=/devices/virtual/switch/usb_connect2pc, SEQNUM=4170, ACTION=change, SWITCH_NAME=usb_connect2pc}
D/UsbDeviceManager(  584): [USBNET] update2: 5,0
V/UsbDeviceManager(  584): [USBNET] USB UEVENT: {USB_STATE=CONFIGURED, SUBSYSTEM=android_usb, DEVPATH=/devices/virtual/android_usb/android0, SEQNUM=4172, ACTION=change}
D/PowerManagerService(  584): releaseWakeLock(431af720): PARTIAL_WAKE_LOCK , tag=RILJ, flags=0x1
D/PowerManagerService(  584): releaseWakeLock(431acd98): PARTIAL_WAKE_LOCK , tag=Wakeful StateMachine: GeofencerStateMachine, flags=0x1
D/UsbDeviceManager(  584): [USBNET] handleMessage: 5; mConnected=false, mConfiguration=false
D/UsbDeviceManager(  584): [USBNET] sendStickyBroadcast ACTION_USB_CONNECT2PC: 1
D/PowerManagerService(  584): acquireWakeLock(4344e680): PARTIAL_WAKE_LOCK , tag=NlpWakeLock, flags=0x1, pid=1390, uid=10017, mUserState=0x0
D/UsbDeviceManager(  584): [USBNET] handleMessage: 0; mConnected=false, mConfiguration=false
I/WindowManager(  584): Lock screen displayed!
V/LightsService(  584): setLight #0: color=#ff1e1e1e
D/UsbDeviceManager(  584): sendStickyBroadcast: SetCurrentFunctions= mtp,adb,mass_storage
D/PowerManagerService(  584): acquireWakeLock(430e41b0): PARTIAL_WAKE_LOCK , tag=RILJ, flags=0x1, pid=984, uid=1001, mUserState=0x0
D/PowerManagerService(  584): releaseWakeLock(430e41b0): PARTIAL_WAKE_LOCK , tag=RILJ, flags=0x1
D/PowerManagerService(  584): acquireWakeLock(430e58a0): PARTIAL_WAKE_LOCK , tag=RILJ, flags=0x1, pid=984, uid=1001, mUserState=0x0
D/PowerManagerService(  584): releaseWakeLock(430e58a0): PARTIAL_WAKE_LOCK , tag=RILJ, flags=0x1
D/BatteryService(  584): updateBatteryStats: update triggered by UEvent.
D/PowerManagerService(  584): acquireWakeLock(430e79c8): PARTIAL_WAKE_LOCK , tag=BatteryServiceUpdateStats, flags=0x1, pid=584, uid=1000, mUserState=0x0
D/PowerManagerService(  584): releaseWakeLock(430e79c8): PARTIAL_WAKE_LOCK , tag=BatteryServiceUpdateStats, flags=0x1
D/PowerManagerService(  584): runHtcPowerSaverCheck ======================================
D/TELEPHONY_CALLBACK(  840): @onDataConnectionStateChanged: dataState=0 networkType=EDGE
D/PowerManagerService(  584): releaseWakeLock(4305c570): PARTIAL_WAKE_LOCK , tag=IdleScreen:command_15, flags=0x1
D/StatusBar.NetworkController(  840): dumpState[hasService=true ServiceState=0 home 3 3 27202  EDGE CSS not supported -1 -1 RoamInd=-1 DefRoamInd=-1EriInd= -1EriMode= -1RadioPowerSv: false EmergOnly=false PhoneType: 1 IsCdma=false SimState=UNKNOWN GprsState=0 DataState=Disconnected DataActivity=NONE NetworkType=EDGE HtcModemLinkOn=false HspaDataDistinquishable=true]
D/DATA_ICON(  840): updateDataNetType: networkType=EDGE
D/DATA_ICON(  840): updateDataIcon
D/WifiService(  584): ACTION_BATTERY_CHANGED pluggedType: 2
D/NotificationService(  584): mIntentReceiver() Intent.ACTION_BATTERY_CHANGED
D/DATA_ICON(  840): NOP
D/StatusBar.NetworkController(  840): dumpIconState[dataVisible=false dataIconId=stat_sys_data_connected_hplus signalIconId=stat_sys_5signal_3 wifiVisible=true wifiIconId=stat_sys_wifi_signal_4 airplaneMode=false]
D/PhoneStatusBar(  840): addNotification score=-10
D/AlarmManager(  584): ACTION_SCREEN_ON
D/WifiService(  584): ACTION_SCREEN_ON
D/PowerManagerService(  584): acquireWakeLock(432c2208): PARTIAL_WAKE_LOCK , tag=AlarmManager, flags=0x1, pid=584, uid=1000, mUserState=0x0
D/PowerUI (  840): closing low battery warning: level=34
D/PowerUI (  840): plugged = true, health = 2, mBatteryLevel = 34, mPluggedBatteryLevel = 34, mLowBatteryWarningLevel2 = 25, mshowLowChargingWarning2 = true
V/AlarmManager(  584): sending alarm PendingIntent{42d2e3c8: PendingIntentRecord{42d2e328 android broadcastIntent}}, intent=com.android.server.WifiManager.action.UPDATE_WIFI_STATE, type=RTC_WAKEUP, count=1, when=1427232017844, repeateInterval=0
D/WifiStateMachine(  584): fetchRssiAndLinkSpeedNative send RSSIChange intent, newSignalLevel =3mLastSignalLevel = -1
D/WIFI_ICON(  840): updateWifiState: action=android.net.wifi.RSSI_CHANGED newRssi=-45 freq=2412 newLevel=3 lastWifiLevel=3
I/InputMethodManagerService(  584): screenObserver: isScreenOn=true
D/StatusBar.NetworkController(  840): dumpIconState[dataVisible=false dataIconId=stat_sys_data_connected_hplus signalIconId=stat_sys_5signal_3 wifiVisible=true wifiIconId=stat_sys_wifi_signal_4 airplaneMode=false]
V/UsbDeviceManager(  584): [USBNET] USB UEVENT: {USB_STATE=DISCONNECTED, SUBSYSTEM=android_usb, DEVPATH=/devices/virtual/android_usb/android0, SEQNUM=4174, ACTION=change}
I/InputMethodManagerService(  584): Enable input method client.
I/Vold    (  238): un-mount CDROM, USB_STATE=DISCONNECTED
W/Vold    (  238): CDROM ISO unmount at /sys/class/android_usb/f_mass_storage/lun1/file 
E/Vold    (  238): Cannot open CDROM lunfile
W/Vold    (  238): PCTOOL ISO unmount at /sys/class/android_usb/f_mass_storage/lun0/file 
D/PowerManagerService(  584): acquireWakeLock(431b6358): PARTIAL_WAKE_LOCK , tag=MAILSERVICE_PWR_LOCK, flags=0x1, pid=8553, uid=10112, mUserState=0x0
D/PowerManagerService(  584): acquireWakeLock(43016478): PARTIAL_WAKE_LOCK , tag=RILJ, flags=0x1, pid=984, uid=1001, mUserState=0x0
V/UsbDeviceManager(  584): [USBNET] USB UEVENT: {USB_STATE=CONFIGURED, SUBSYSTEM=android_usb, DEVPATH=/devices/virtual/android_usb/android0, SEQNUM=4175, ACTION=change}
D/PowerManagerService(  584): releaseWakeLock(43016478): PARTIAL_WAKE_LOCK , tag=RILJ, flags=0x1
D/UsbDeviceManager(  584): [USBNET] handleMessage: 0; mConnected=true, mConfiguration=true
D/UsbDeviceManager(  584): sendStickyBroadcast: SetCurrentFunctions= mtp,adb,mass_storage
D/PowerManagerService(  584): acquireWakeLock(42fa8d30): PARTIAL_WAKE_LOCK , tag=RILJ, flags=0x1, pid=984, uid=1001, mUserState=0x0
D/TELEPHONY_CALLBACK(  840): @onSignalStrengthChanged: SignalStrength: 4 -1 -1 -1 -1 -1 -1 -1 -1 -1 2147483647 -1 gsm|lte
D/PowerManagerService(  584): releaseWakeLock(42fa8d30): PARTIAL_WAKE_LOCK , tag=RILJ, flags=0x1
D/StatusBar.NetworkController(  840): dumpState[hasService=true ServiceState=0 home 3 3 27202  EDGE CSS not supported -1 -1 RoamInd=-1 DefRoamInd=-1EriInd= -1EriMode= -1RadioPowerSv: false EmergOnly=false PhoneType: 1 IsCdma=false SimState=UNKNOWN GprsState=0 DataState=Disconnected DataActivity=NONE NetworkType=EDGE HtcModemLinkOn=false HspaDataDistinquishable=true]
D/SIGNAL_ICON(  840): updateTelephonySignalStrength
D/SIGNAL_ICON(  840): fakeui srv=0 mTimerEnabled=false asu=4
D/SIGNAL_ICON(  840): asu=4
D/SIGNAL_ICON(  840): SUPPORT_5_LEVEL_SIGNAL
D/SIGNAL_ICON(  840): mapTelephonySignalStrength
D/SIGNAL_ICON(  840): maxLevel=5 asu=4 networkType=EDGE
D/SIGNAL_ICON(  840): return iconLevel=2
I/ActivityManager(  584): Start proc com.android.htccontacts for broadcast com.android.htccontacts/.peopleyouknow.PeopleYouKnowReceiver: pid=8871 uid=10018 gids={3003, 1015, 5002, 1028}
D/SIGNAL_ICON(  840): refreshViews: mPhoneSignalIconId -> stat_sys_5signal_2
D/StatusBar.NetworkController(  840): dumpIconState[dataVisible=false dataIconId=stat_sys_data_connected_hplus signalIconId=stat_sys_5signal_2 wifiVisible=true wifiIconId=stat_sys_wifi_signal_4 airplaneMode=false]
D/PowerManagerService(  584): acquireWakeLock(42d3c828): PARTIAL_WAKE_LOCK , tag=*net_scheduler*, flags=0x1, pid=1061, uid=10017, mUserState=0x0
D/PowerManagerService(  584): acquireWakeLock(42d27750): PARTIAL_WAKE_LOCK , tag=Wakeful StateMachine: GeofencerStateMachine, flags=0x1, pid=1390, uid=10017, mUserState=0x0
D/PowerManagerService(  584): releaseWakeLock(4344e680): PARTIAL_WAKE_LOCK , tag=NlpWakeLock, flags=0x1
D/WifiService(  584): releaseWifiLockLocked: WifiLock{NlpWifiLock type=2 binder=android.os.BinderProxy@431ad5e0}
D/PowerManagerService(  584): releaseWakeLock(42d27750): PARTIAL_WAKE_LOCK , tag=Wakeful StateMachine: GeofencerStateMachine, flags=0x1
D/WifiService(  584): updateWifiState(): wifiApEnabled: false, wifiApAirplaneMode: falsegetWifiEnabledState(): 3, getWifiApEnabledState: 11
D/WifiService(  584): updateWifiState(): mAirplaneModeOn.get(): false, mPersistWifiState.get(): 1
D/WifiService(  584): updateWifiState(): mEmergencyCallbackMode: false, mDeviceIdle: false, lockHeld: true, mStopWifiRequested:false
D/WifiService(  584): updateWifiState(): enable and start wifi
D/PowerManagerService(  584): releaseWakeLock(42d3c828): PARTIAL_WAKE_LOCK , tag=*net_scheduler*, flags=0x1
D/PowerManagerService(  584): acquireWakeLock(42c364e0): PARTIAL_WAKE_LOCK , tag=SyncLoopWakeLock, flags=0x1, pid=584, uid=1000, mUserState=0x0
D/PowerManagerService(  584): acquireWakeLock(42b81208): PARTIAL_WAKE_LOCK , tag=GCoreFlp, flags=0x1, pid=1390, uid=10017, mUserState=0x0
D/PowerManagerService(  584): releaseWakeLock(42b81208): PARTIAL_WAKE_LOCK , tag=GCoreFlp, flags=0x1
D/PowerManagerService(  584): releaseWakeLock(433c7390): PARTIAL_WAKE_LOCK , tag=NlpCollectorWakeLock, flags=0x1
D/PowerManagerService(  584): releaseWakeLock(433c4ad0): PARTIAL_WAKE_LOCK , tag=sleep_broadcast, flags=0x1
D/PowerManagerService(  584): acquireWakeLock(42e03998): PARTIAL_WAKE_LOCK , tag=NlpWakeLock, flags=0x1, pid=1390, uid=10017, mUserState=0x0
D/WifiService(  584): acquireWifiLockLocked: WifiLock{NlpWifiLock type=2 binder=android.os.BinderProxy@42cd1da8}
D/WifiService(  584): updateWifiState(): wifiApEnabled: false, wifiApAirplaneMode: falsegetWifiEnabledState(): 3, getWifiApEnabledState: 11
D/WifiService(  584): updateWifiState(): mAirplaneModeOn.get(): false, mPersistWifiState.get(): 1
D/WifiService(  584): updateWifiState(): mEmergencyCallbackMode: false, mDeviceIdle: false, lockHeld: true, mStopWifiRequested:false
D/WifiService(  584): updateWifiState(): enable and start wifi
D/PowerManagerService(  584): acquireWakeLock(42ccaf98): PARTIAL_WAKE_LOCK , tag=RILJ, flags=0x1, pid=984, uid=1001, mUserState=0x0
D/PowerManagerService(  584): releaseWakeLock(42ccaf98): PARTIAL_WAKE_LOCK , tag=RILJ, flags=0x1
V/AlarmManager(  584): sending alarm PendingIntent{42a39c50: PendingIntentRecord{42d0b2c0 android broadcastIntent}}, intent=com.htc.intent.action.Socket_RXTXGrouping, type=RTC_WAKEUP, count=1, when=1427232018535, repeateInterval=0
D/PowerManagerService(  584): acquireWakeLock(42a6c090): PARTIAL_WAKE_LOCK , tag=*sync*_mail_Account {name=ili****************m, type=com.htc.android.mail}, flags=0x1, pid=584, uid=1000, mUserState=0x0
D/PowerManagerService(  584): releaseWakeLock(42c364e0): PARTIAL_WAKE_LOCK , tag=SyncLoopWakeLock, flags=0x1
D/PowerManagerService(  584): acquireWakeLock(42b77150): PARTIAL_WAKE_LOCK , tag=SyncLoopWakeLock, flags=0x1, pid=584, uid=1000, mUserState=0x0
D/PowerManagerService(  584): releaseWakeLock(431b6358): PARTIAL_WAKE_LOCK , tag=MAILSERVICE_PWR_LOCK, flags=0x1
D/PowerManagerService(  584): releaseWakeLock(42b77150): PARTIAL_WAKE_LOCK , tag=SyncLoopWakeLock, flags=0x1
W/ActivityManager(  584): Unable to start service Intent { act=com.orangelabs.rcs.service.api.client.IImsApi }: not found
D/WifiService(  584): acquireWifiLockLocked: WifiLock{EmailServiceController_WIFI_LOCK type=1 binder=android.os.BinderProxy@433f3de0}
D/WifiService(  584): updateWifiState(): wifiApEnabled: false, wifiApAirplaneMode: falsegetWifiEnabledState(): 3, getWifiApEnabledState: 11
D/WifiService(  584): updateWifiState(): mAirplaneModeOn.get(): false, mPersistWifiState.get(): 1
D/WifiService(  584): updateWifiState(): mEmergencyCallbackMode: false, mDeviceIdle: false, lockHeld: true, mStopWifiRequested:false
D/WifiService(  584): updateWifiState(): enable and start wifi
E/ActivityThread( 8871): Failed to find provider info for com.orangelabs.rcs.settings
E/ActivityThread( 8871): Failed to find provider info for com.orangelabs.rcs.settings
D/PowerManagerService(  584): acquireWakeLock(43452da8): PARTIAL_WAKE_LOCK , tag=EmailServiceController_PWR_LOCK, flags=0x1, pid=8553, uid=10112, mUserState=0x0
D/PowerManagerService(  584): acquireWakeLock(43431990): PARTIAL_WAKE_LOCK , tag=ServiceStateTracker, flags=0x1, pid=984, uid=1001, mUserState=0x0
D/PowerManagerService(  584): acquireWakeLock(433e5f98): PARTIAL_WAKE_LOCK , tag=NlpWakeLock, flags=0x1, pid=1390, uid=10017, mUserState=0x0
E/ActivityThread( 8871): Failed to find provider info for com.orangelabs.rcs.settings
W/ActivityManager(  584): Unable to start service Intent { act=com.orangelabs.rcs.service.api.client.IImsApi }: not found
D/PowerManagerService(  584): acquireWakeLock(432c21d0): PARTIAL_WAKE_LOCK , tag=GCoreFlp, flags=0x1, pid=1390, uid=10017, mUserState=0x0
D/PowerManagerService(  584): releaseWakeLock(433e5f98): PARTIAL_WAKE_LOCK , tag=NlpWakeLock, flags=0x1
D/PowerManagerService(  584): releaseWakeLock(43431990): PARTIAL_WAKE_LOCK , tag=ServiceStateTracker, flags=0x1
D/PowerManagerService(  584): acquireWakeLock(43028400): PARTIAL_WAKE_LOCK , tag=GCoreFlp, flags=0x1, pid=1390, uid=10017, mUserState=0x0
D/PowerManagerService(  584): releaseWakeLock(432c21d0): PARTIAL_WAKE_LOCK , tag=GCoreFlp, flags=0x1
D/PowerManagerService(  584): acquireWakeLock(42ff7ce0): PARTIAL_WAKE_LOCK , tag=RILJ, flags=0x1, pid=984, uid=1001, mUserState=0x0
D/PowerManagerService(  584): releaseWakeLock(42ff7ce0): PARTIAL_WAKE_LOCK , tag=RILJ, flags=0x1
D/PowerManagerService(  584): releaseWakeLock(43028400): PARTIAL_WAKE_LOCK , tag=GCoreFlp, flags=0x1
W/ActivityManager(  584): Unable to start service Intent { act=com.orangelabs.rcs.service.api.client.capability.ICapabilityApi }: not found
D/PowerManagerService(  584): acquireWakeLock(42dd2fb8): PARTIAL_WAKE_LOCK , tag=NlpWakeLock, flags=0x1, pid=1390, uid=10017, mUserState=0x0
W/ActivityManager(  584): Unable to start service Intent { act=com.orangelabs.rcs.service.api.client.IImsApi }: not found
D/PowerManagerService(  584): acquireWakeLock(42d552c8): PARTIAL_WAKE_LOCK , tag=GCoreFlp, flags=0x1, pid=1390, uid=10017, mUserState=0x0
D/PowerManagerService(  584): releaseWakeLock(42dd2fb8): PARTIAL_WAKE_LOCK , tag=NlpWakeLock, flags=0x1
D/PowerManagerService(  584): acquireWakeLock(42cf0a10): PARTIAL_WAKE_LOCK , tag=GCoreFlp, flags=0x1, pid=1390, uid=10017, mUserState=0x0
I/ActivityManager(  584): Start proc com.google.android.apps.uploader for broadcast com.google.android.apps.uploader/com.google.android.picasasync.BatteryReceiver: pid=8890 uid=10115 gids={3003, 1015, 1028}
D/WifiService(  584): releaseWifiLockLocked: WifiLock{NlpWifiLock type=2 binder=android.os.BinderProxy@42cd1da8}
D/PowerManagerService(  584): releaseWakeLock(42d552c8): PARTIAL_WAKE_LOCK , tag=GCoreFlp, flags=0x1
D/WifiService(  584): updateWifiState(): wifiApEnabled: false, wifiApAirplaneMode: falsegetWifiEnabledState(): 3, getWifiApEnabledState: 11
D/WifiService(  584): updateWifiState(): mAirplaneModeOn.get(): false, mPersistWifiState.get(): 1
D/WifiService(  584): updateWifiState(): mEmergencyCallbackMode: false, mDeviceIdle: false, lockHeld: true, mStopWifiRequested:false
D/WifiService(  584): updateWifiState(): enable and start wifi
D/PowerManagerService(  584): releaseWakeLock(42cf0a10): PARTIAL_WAKE_LOCK , tag=GCoreFlp, flags=0x1
W/ActivityManager(  584): Unable to start service Intent { act=com.orangelabs.rcs.service.api.client.richcall.IRichCallApi }: not found
W/ActivityManager(  584): Unable to start service Intent { act=com.orangelabs.rcs.service.api.client.IImsApi }: not found
W/ActivityManager(  584): Unable to start service Intent { act=com.orangelabs.rcs.service.api.client.messaging.IMessagingApi }: not found
D/PowerManagerService(  584): releaseWakeLock(42e03998): PARTIAL_WAKE_LOCK , tag=NlpWakeLock, flags=0x1
D/PowerManagerService(  584): releaseWakeLock(42e635a8): FULL_WAKE_LOCK ACQUIRE_CAUSES_WAKEUP , tag=keyguard, flags=0x1000001a
D/PhoneStatusBar(  840): disable: < expand icons alerts ticker system_info back home recent* clock >
D/PowerManagerService(  584): acquireWakeLock(42e89910): PARTIAL_WAKE_LOCK , tag=*net_scheduler*, flags=0x1, pid=1061, uid=10017, mUserState=0x3
D/PowerManagerService(  584): acquireWakeLock(42c99c20): PARTIAL_WAKE_LOCK , tag=IdleScreen:command_15, flags=0x1, pid=912, uid=10102, mUserState=0x3
D/PowerManagerService(  584): acquireWakeLock(4299ae88): PARTIAL_WAKE_LOCK , tag=IdleScreen_base:remote_15, flags=0x1, pid=912, uid=10102, mUserState=0x3
D/PowerManagerService(  584): acquireWakeLock(431b62a0): PARTIAL_WAKE_LOCK , tag=IdleScreen:event_15, flags=0x1, pid=912, uid=10102, mUserState=0x3
D/PowerManagerService(  584): releaseWakeLock(42e89910): PARTIAL_WAKE_LOCK , tag=*net_scheduler*, flags=0x1
D/PowerManagerService(  584): releaseWakeLock(42c99c20): PARTIAL_WAKE_LOCK , tag=IdleScreen:command_15, flags=0x1
D/PowerManagerService(  584): releaseWakeLock(431b62a0): PARTIAL_WAKE_LOCK , tag=IdleScreen:event_15, flags=0x1
I/ActivityManager(  584): Start proc com.google.android.apps.plus for broadcast com.google.android.apps.plus/.service.BatteryReceiver: pid=8909 uid=10133 gids={3003, 3002, 1015, 1006, 1028}
W/InputMethodManagerService(  584): Window already focused, ignoring focus gain of: com.android.internal.view.IInputMethodClient$Stub$Proxy@42c42238 attribute=android.view.inputmethod.EditorInfo@42d293a8
D/PowerManagerService(  584): releaseWakeLock(4299ae88): PARTIAL_WAKE_LOCK , tag=IdleScreen_base:remote_15, flags=0x1
D/PowerManagerService(  584): ALG=2, lsvalue=10(0th)->90(2th), last_level=0, lValue=64->64, bValue=255, kValue=0, mPowerState=0x3, mSkippedScreenOn=false, mInitialAnimation=false, immediate=false
D/WifiStateMachine(  584): fetchRssiAndLinkSpeedNative send RSSIChange intent, SameSignalLevelCount =1
D/WIFI_ICON(  840): updateWifiState: action=android.net.wifi.RSSI_CHANGED newRssi=-54 freq=2412 newLevel=3 lastWifiLevel=3
D/StatusBar.NetworkController(  840): dumpIconState[dataVisible=false dataIconId=stat_sys_data_connected_hplus signalIconId=stat_sys_5signal_2 wifiVisible=true wifiIconId=stat_sys_wifi_signal_4 airplaneMode=false]
D/Socket_Alarm( 8909): registerHTCSocketMonitorCallBack
D/Socket_Alarm( 8909): set mSocketMonitor
D/Socket_Alarm( 8909): HTCSocketMonitorImpl::HTCSocketMonitorImpl
D/PowerManagerService(  584): acquireWakeLock(42bb3060): PARTIAL_WAKE_LOCK , tag=fingerprint_scanner_static, flags=0x1, pid=1189, uid=10017, mUserState=0x3
D/PowerManagerService(  584): acquireWakeLock(43164990): PARTIAL_WAKE_LOCK , tag=fingerprint_scanner_local, flags=0x1, pid=1189, uid=10017, mUserState=0x3
D/PowerManagerService(  584): releaseWakeLock(42bb3060): PARTIAL_WAKE_LOCK , tag=fingerprint_scanner_static, flags=0x1
I/ActivityManager(  584): Start proc com.android.chrome for broadcast com.android.chrome/org.chromium.base.PowerStatusReceiver: pid=8931 uid=10030 gids={1006, 3003, 1015, 1028}
D/PowerManagerService(  584): acquireWakeLock(43021370): PARTIAL_WAKE_LOCK , tag=SWITCH_NETWORK_MODE_WAKE_LOCK, flags=0x1, pid=917, uid=10014, mUserState=0x3
D/PowerManagerService(  584): releaseWakeLock(43021370): PARTIAL_WAKE_LOCK , tag=SWITCH_NETWORK_MODE_WAKE_LOCK, flags=0x1
I/ActivityManager(  584): Recipient 8424
I/ActivityManager(  584): Process com.hailocab.consumer (pid 8424) has died.
I/ActivityManager(  584): Start proc com.htc.syncagent for broadcast com.htc.syncagent/.svc.HTCSyncBroadcastReceiver: pid=8947 uid=10041 gids={3003, 1028}
D/PowerManagerService(  584): acquireWakeLock(42fb0260): PARTIAL_WAKE_LOCK , tag=UlrDispatchingService, flags=0x1, pid=1390, uid=10017, mUserState=0x3
V/LocationManagerService(  584): In requestLocationUpdates. provider passiveminTime: 5000single shot: false Receiver: Receiver{4333aef0 Intent PendingIntent{4301e9a0: PendingIntentRecord{42c76c50 com.htc.htclocationservice startService}}}mUpdateRecords: {passive=UpdateRecord{4332b3a8 mProvider: passive mUid: 10014}}
V/LocationManagerService(  584): In requestLocationUpdatesLocked. provider: passive requiredPermissions: android.permission.ACCESS_FINE_LOCATION
I/LocationManagerService(  584): request passive (pid 917) 5000 0
V/LocationManagerService(  584): [LGPS] _requestLocationUpdates: enableLocationTracking(true)
D/LocationManagerService(  584): _requestLocationUpdates: provider = passive listener = Receiver{4333aef0 Intent PendingIntent{4301e9a0: PendingIntentRecord{42c76c50 com.htc.htclocationservice startService}}}mUpdateRecords: {passive=UpdateRecord{4342a258 mProvider: passive mUid: 10014}}
V/LocationManagerService(  584): In requestLocationUpdates. provider networkminTime: 1000single shot: false Listener: android.location.ILocationListener$Stub$Proxy@4311dba8
V/LocationManagerService(  584): In requestLocationUpdatesLocked. provider: network requiredPermissions: android.permission.ACCESS_COARSE_LOCATION
I/LocationManagerService(  584): request network (pid 917) 1000 1000
V/LocationManagerService(  584): [LGPS] _requestLocationUpdates: enableLocationTracking(true)
D/LocationManagerService(  584): _requestLocationUpdates: provider = network listener = Receiver{43239578 Listener android.os.BinderProxy@430e2ef0}mUpdateRecords: {network=UpdateRecord{43341068 mProvider: network mUid: 10014}}
D/PowerManagerService(  584): acquireWakeLock(42cf6300): PARTIAL_WAKE_LOCK , tag=NetworkLocationLocator, flags=0x1, pid=1061, uid=10017, mUserState=0x3
D/WifiService(  584): acquireWifiLockLocked: WifiLock{NetworkLocationLocator type=2 binder=android.os.BinderProxy@42e16a30}
D/WifiService(  584): updateWifiState(): wifiApEnabled: false, wifiApAirplaneMode: falsegetWifiEnabledState(): 3, getWifiApEnabledState: 11
D/WifiService(  584): updateWifiState(): mAirplaneModeOn.get(): false, mPersistWifiState.get(): 1
D/WifiService(  584): updateWifiState(): mEmergencyCallbackMode: false, mDeviceIdle: false, lockHeld: true, mStopWifiRequested:false
D/WifiService(  584): updateWifiState(): enable and start wifi
D/PowerManagerService(  584): acquireWakeLock(4304e5b8): PARTIAL_WAKE_LOCK , tag=RILJ, flags=0x1, pid=984, uid=1001, mUserState=0x3
D/PowerManagerService(  584): releaseWakeLock(4304e5b8): PARTIAL_WAKE_LOCK , tag=RILJ, flags=0x1
I/ActivityManager(  584): Start proc com.android.settings for broadcast com.android.settings/.MLReceiver: pid=8965 uid=1000 gids={1015, 3002, 3001, 3003, 1028, 5006, 3007, 3006, 2001, 1007}
D/WifiService(  584): releaseWifiLockLocked: WifiLock{NetworkLocationLocator type=2 binder=android.os.BinderProxy@42e16a30}
D/WifiService(  584): updateWifiState(): wifiApEnabled: false, wifiApAirplaneMode: falsegetWifiEnabledState(): 3, getWifiApEnabledState: 11
D/WifiService(  584): updateWifiState(): mAirplaneModeOn.get(): false, mPersistWifiState.get(): 1
D/WifiService(  584): updateWifiState(): mEmergencyCallbackMode: false, mDeviceIdle: false, lockHeld: true, mStopWifiRequested:false
D/WifiService(  584): updateWifiState(): enable and start wifi
D/PowerManagerService(  584): releaseWakeLock(42cf6300): PARTIAL_WAKE_LOCK , tag=NetworkLocationLocator, flags=0x1
D/PowerManagerService(  584): acquireWakeLock(433401a0): PARTIAL_WAKE_LOCK , tag=NetworkLocationLocator, flags=0x1, pid=1061, uid=10017, mUserState=0x3
D/WifiService(  584): acquireWifiLockLocked: WifiLock{NetworkLocationLocator type=2 binder=android.os.BinderProxy@42e16a30}
D/WifiService(  584): updateWifiState(): wifiApEnabled: false, wifiApAirplaneMode: falsegetWifiEnabledState(): 3, getWifiApEnabledState: 11
D/WifiService(  584): updateWifiState(): mAirplaneModeOn.get(): false, mPersistWifiState.get(): 1
D/WifiService(  584): updateWifiState(): mEmergencyCallbackMode: false, mDeviceIdle: false, lockHeld: true, mStopWifiRequested:false
D/WifiService(  584): updateWifiState(): enable and start wifi
D/PowerManagerService(  584): acquireWakeLock(43329aa8): PARTIAL_WAKE_LOCK , tag=RILJ, flags=0x1, pid=984, uid=1001, mUserState=0x3
D/PowerManagerService(  584): releaseWakeLock(43329aa8): PARTIAL_WAKE_LOCK , tag=RILJ, flags=0x1
D/PowerManagerService(  584): acquireWakeLock(4340a2d0): PARTIAL_WAKE_LOCK , tag=GpsLocationProvider, flags=0x1, pid=584, uid=1000, mUserState=0x3
V/LocationManagerService(  584): In handleLocationChangedLocked.For provider: network
D/PowerManagerService(  584): acquireWakeLock(430e33e8): PARTIAL_WAKE_LOCK , tag=LocationManagerService, flags=0x1, pid=584, uid=1000, mUserState=0x3
D/PowerManagerService(  584): releaseWakeLock(430e33e8): PARTIAL_WAKE_LOCK , tag=LocationManagerService, flags=0x1
V/LocationManagerService(  584): In handleLocationChangedLocked.For provider: passive
D/PowerManagerService(  584): acquireWakeLock(42e6d688): PARTIAL_WAKE_LOCK , tag=LocationManagerService, flags=0x1, pid=584, uid=1000, mUserState=0x3
D/PowerManagerService(  584): releaseWakeLock(42e6d688): PARTIAL_WAKE_LOCK , tag=LocationManagerService, flags=0x1
D/PowerManagerService(  584): acquireWakeLock(432731f0): PARTIAL_WAKE_LOCK , tag=LocationManagerService, flags=0x1, pid=584, uid=1000, mUserState=0x3
D/PowerManagerService(  584): releaseWakeLock(4340a2d0): PARTIAL_WAKE_LOCK , tag=GpsLocationProvider, flags=0x1
D/QMI_FW  (  584): QCCI: QMI_CCI_TX: cntl_flag - 00, txn_id - 001c, msg_id - 0039, msg_len - 0021
D/QMI_FW  (  584): QCCI: Sent[254]: 40 bytes to port 2816
D/QMI_FW  (  584): QCCI: reader_thread: Received 14 bytes from 254
D/QMI_FW  (  584): QCCI: QMI_CCI_RX: cntl_flag - 02, txn_id - 001c, msg_id - 0039, msg_len - 0007
D/QMI_FW  (  584): QCCI: reader_thread: Received 14 bytes from 254
D/QMI_FW  (  584): QCCI: QMI_CCI_RX: cntl_flag - 04, txn_id - 0000, msg_id - 0039, msg_len - 0007
D/PowerManagerService(  584): releaseWakeLock(43164990): PARTIAL_WAKE_LOCK , tag=fingerprint_scanner_local, flags=0x1
D/WifiService(  584): releaseWifiLockLocked: WifiLock{NetworkLocationLocator type=2 binder=android.os.BinderProxy@42e16a30}
D/WifiService(  584): updateWifiState(): wifiApEnabled: false, wifiApAirplaneMode: falsegetWifiEnabledState(): 3, getWifiApEnabledState: 11
D/WifiService(  584): updateWifiState(): mAirplaneModeOn.get(): false, mPersistWifiState.get(): 1
D/WifiService(  584): updateWifiState(): mEmergencyCallbackMode: false, mDeviceIdle: false, lockHeld: true, mStopWifiRequested:false
D/WifiService(  584): updateWifiState(): enable and start wifi
D/PowerManagerService(  584): releaseWakeLock(433401a0): PARTIAL_WAKE_LOCK , tag=NetworkLocationLocator, flags=0x1
D/PowerManagerService(  584): acquireWakeLock(42bff130): PARTIAL_WAKE_LOCK , tag=GpsLocationProvider, flags=0x1, pid=584, uid=1000, mUserState=0x3
D/QMI_FW  (  584): QCCI: QMI_CCI_TX: cntl_flag - 00, txn_id - 001d, msg_id - 0039, msg_len - 0021
D/QMI_FW  (  584): QCCI: Sent[254]: 40 bytes to port 2816
D/PowerManagerService(  584): releaseWakeLock(42bff130): PARTIAL_WAKE_LOCK , tag=GpsLocationProvider, flags=0x1
D/QMI_FW  (  584): QCCI: reader_thread: Received 14 bytes from 254
D/QMI_FW  (  584): QCCI: QMI_CCI_RX: cntl_flag - 02, txn_id - 001d, msg_id - 0039, msg_len - 0007
D/QMI_FW  (  584): QCCI: reader_thread: Received 14 bytes from 254
D/QMI_FW  (  584): QCCI: QMI_CCI_RX: cntl_flag - 04, txn_id - 0000, msg_id - 0039, msg_len - 0007
V/LocationManagerService(  584): In handleLocationChangedLocked.For provider: network
V/LocationManagerService(  584): In handleLocationChangedLocked.For provider: passive
W/MountService(  584): getVolumeState(/mnt/sdcard/ext_sd): Unknown volume
E/NotificationService(  584): Ignoring notification with icon==0: Notification(pri=0 contentView=null vibrate=null sound=nullnull defaults=0x0 flags=0x62 kind=[null])
D/PhoneStatusBar(  840): addNotification score=0
V/LightsService(  584): setLight #8: color=#c8c800
D/lights  (  584): set_color_led color=13158400, mode=255, off_min=0, off_sec=0
D/lights  (  584): [LedInfo] without indicator attribute, red:c80000, green:c800, blue:0
V/NotificationService(  584): Charging...
V/LightsService(  584): setLight #8: color=#c80000
D/lights  (  584): set_color_led color=13107200, mode=1, off_min=0, off_sec=0
D/lights  (  584): [LedInfo] without indicator attribute, red:c80000, green:0, blue:0
D/lights  (  584): [LedInfo] write attr ok name=/sys/class/leds/amber/brightness string=1,len=1
D/lights  (  584): [LedInfo] write attr ok name=/sys/class/leds/amber/blink string=0,len=1
D/lights  (  584): [LedInfo] write attr ok name=/sys/class/leds/amber/off_timer string=0 0,len=3
D/lights  (  584): [LedInfo] write attr ok name=/sys/class/leds/green/brightness string=0,len=1
D/lights  (  584): [LedInfo] write attr ok name=/sys/class/leds/green/blink string=0,len=1
D/lights  (  584): [LedInfo] write attr ok name=/sys/class/leds/green/off_timer string=0 0,len=3
E/NotificationService(  584): Ignoring notification with icon==0: Notification(pri=0 contentView=null vibrate=null sound=nullnull defaults=0x0 flags=0x62 kind=[null])
D/PowerManagerService(  584): acquireWakeLock(4316fc68): PARTIAL_WAKE_LOCK , tag=wake:com.google.android.gms/com.google.android.libraries.social.mediamonitor.MediaMonitorIntentService, flags=0x1, pid=1189, uid=10017, mUserState=0x3
D/WifiService(  584): Got ACTION_UPDATE_WIFI_STATE
D/WifiService(  584): updateWifiState(): wifiApEnabled: false, wifiApAirplaneMode: falsegetWifiEnabledState(): 3, getWifiApEnabledState: 11
D/WifiService(  584): updateWifiState(): mAirplaneModeOn.get(): false, mPersistWifiState.get(): 1
D/WifiService(  584): updateWifiState(): mEmergencyCallbackMode: false, mDeviceIdle: false, lockHeld: true, mStopWifiRequested:false
D/WifiService(  584): updateWifiState(): enable and start wifi
D/PowerManagerService(  584): releaseWakeLock(4316fc68): PARTIAL_WAKE_LOCK , tag=wake:com.google.android.gms/com.google.android.libraries.social.mediamonitor.MediaMonitorIntentService, flags=0x1
D/PowerManagerService(  584): releaseWakeLock(432c2208): PARTIAL_WAKE_LOCK , tag=AlarmManager, flags=0x1
I/ActivityManager(  584): Start proc com.htc.task for broadcast com.htc.task/.notification.NotifyReceiver: pid=8985 uid=10126 gids={3003, 1015, 1028}
D/PowerManagerService(  584): acquireWakeLock(42fd9050): PARTIAL_WAKE_LOCK , tag=GCoreFlp, flags=0x1, pid=1390, uid=10017, mUserState=0x3
I/ActivityManager(  584): Recipient 7904
I/ActivityManager(  584): Process com.vkontakte.android (pid 7904) has died.
D/PowerManagerService(  584): releaseWakeLock(42fd9050): PARTIAL_WAKE_LOCK , tag=GCoreFlp, flags=0x1
I/ActivityManager(  584): Recipient 7717
I/ActivityManager(  584): Process com.htc.Weather (pid 7717) has died.
D/PowerManagerService(  584): acquireWakeLock(42aff058): PARTIAL_WAKE_LOCK , tag=SyncLoopWakeLock, flags=0x1, pid=584, uid=1000, mUserState=0x3
D/PowerManagerService(  584): releaseWakeLock(42fb0260): PARTIAL_WAKE_LOCK , tag=UlrDispatchingService, flags=0x1
D/WifiService(  584): releaseWifiLockLocked: WifiLock{EmailServiceController_WIFI_LOCK type=1 binder=android.os.BinderProxy@433f3de0}
D/WifiService(  584): updateWifiState(): wifiApEnabled: false, wifiApAirplaneMode: falsegetWifiEnabledState(): 3, getWifiApEnabledState: 11
D/WifiService(  584): updateWifiState(): mAirplaneModeOn.get(): false, mPersistWifiState.get(): 1
D/WifiService(  584): updateWifiState(): mEmergencyCallbackMode: false, mDeviceIdle: false, lockHeld: true, mStopWifiRequested:false
D/WifiService(  584): updateWifiState(): enable and start wifi
D/PowerManagerService(  584): releaseWakeLock(43452da8): PARTIAL_WAKE_LOCK , tag=EmailServiceController_PWR_LOCK, flags=0x1
D/PowerManagerService(  584): releaseWakeLock(42a6c090): PARTIAL_WAKE_LOCK , tag=*sync*_mail_Account {name=ili****************m, type=com.htc.android.mail}, flags=0x1
D/PowerManagerService(  584): releaseWakeLock(42aff058): PARTIAL_WAKE_LOCK , tag=SyncLoopWakeLock, flags=0x1
D/PowerManagerService(  584): acquireWakeLock(42cda538): PARTIAL_WAKE_LOCK , tag=TaskNotification_3, flags=0x1, pid=8985, uid=10126, mUserState=0x3
I/ActivityManager(  584): Start proc com.htc.android.worldclock for broadcast com.htc.android.worldclock/.alarmclock.AlarmReceiver: pid=9000 uid=10164 gids={3003, 1028}
D/PowerManagerService(  584): acquireWakeLock(42e73610): PARTIAL_WAKE_LOCK , tag=GCoreFlp, flags=0x1, pid=1390, uid=10017, mUserState=0x3
D/PowerManagerService(  584): releaseWakeLock(42e73610): PARTIAL_WAKE_LOCK , tag=GCoreFlp, flags=0x1
D/Socket_Alarm( 8985): registerHTCSocketMonitorCallBack
D/Socket_Alarm( 8985): set mSocketMonitor
