W/System.err( 9638): 	at android.app.ActivityThread.main(ActivityThread.java:5454)
W/System.err( 9638): 	at java.lang.reflect.Method.invokeNative(Native Method)
W/System.err( 9638): 	at java.lang.reflect.Method.invoke(Method.java:511)
W/System.err( 9638): 	at com.android.internal.os.ZygoteInit$MethodAndArgsCaller.run(ZygoteInit.java:1029)
W/System.err( 9638): 	at com.android.internal.os.ZygoteInit.main(ZygoteInit.java:796)
W/System.err( 9638): 	at dalvik.system.NativeStart.main(Native Method)
I/ActivityThread( 9638): Pub com.htc.cachemanager: com.htc.opensense.cachemanager.CacheProvider
I/ActivityThread( 9638): Pub com.htc.htctwitter.provider.CacheImageProvider: com.htc.htctwitter.provider.TwitterCacheImageProvider
I/ActivityThread( 9638): Pub com.htc.socialnetwork.facebook: com.htc.socialnetwork.facebook.FacebookDB
I/[PluginManager]RegisterService( 9638): onHandleIntent, action: android.intent.action.PACKAGE_ADDED, data: package:co.giftmeapp.giftme
D/WidgetScanner( 1163): onReceive: Intent { act=android.intent.action.PACKAGE_ADDED dat=package flg=0x8000010 cmp=com.htc.launcher/.widget.WidgetScannerTrigger (has extras) }
D/WidgetScanner( 1163): onReceiveInternal: Intent { act=android.intent.action.PACKAGE_ADDED dat=package flg=0x8000010 cmp=com.htc.launcher/.widget.WidgetScannerService (has extras) }
I/ActivityManager(  584): Start proc com.android.settings for broadcast com.android.settings/.framework.content.plugin.HtcPluginReceiver: pid=9652 uid=1000 gids={1015, 3002, 3001, 3003, 1028, 5006, 3007, 3006, 2001, 1007}
E/Trace   ( 9652): error opening trace file: No such file or directory (2)
D/HtcWidgetScanner( 1163): onPackageAdded: co.giftmeapp.giftme
D/FxWidgetScanner( 1163): onPackageAdded: co.giftmeapp.giftme
D/FxWidgetScanner( 1163): addWidgetList
D/FxWidgetScanner( 1163): ResolveInfo size 0
D/WidgetScanner( 1163): upadted? false
I/ActivityThread( 9652): Pub wispr: com.android.settings.wifi.WISPrProvider
I/ActivityThread( 9652): Pub com.android.settings.provider.cdmasettings: com.android.settings.HtcCdmaSettingsProvider
D/HtcCdmaSettingsProvider( 9652): onCreate !
D/PowerManagerService(  584): acquireWakeLock(4324a308): PARTIAL_WAKE_LOCK , tag=AsyncService, flags=0x1, pid=9540, uid=10133, mUserState=0x3
D/PowerManagerService(  584): releaseWakeLock(4324a308): PARTIAL_WAKE_LOCK , tag=AsyncService, flags=0x1
D/CordovaLog( 9450): file:///android_asset/www/js/ratchet.min.js: Line 10 : Uncaught Error: SYNTAX_ERR: DOM Exception 12
E/Web Console( 9450): Uncaught Error: SYNTAX_ERR: DOM Exception 12 at file:///android_asset/www/js/ratchet.min.js:10
D/Event   ( 9366): No subscribers registered for event class com.whatsapp.alk
D/Event   ( 9366): No subscribers registered for event class de.greenrobot.event.a
W/dalvikvm( 9366): VFY: unable to resolve virtual method 136: Landroid/app/AlarmManager;.setExact (IJLandroid/app/PendingIntent;)V
D/PackageBroadcastService( 1189): Received broadcast action=android.intent.action.PACKAGE_ADDED and uri=co.giftmeapp.giftme
E/SQLiteLog( 9366): (5) statement aborts at 1: [PRAGMA journal_mode=TRUNCATE;] 
D/StateMachine(  584): handleMessage: E msg.what=131155
W/ManagedEGLContext( 1163): doTerminate failed: EGL count is 2 but managed count is 1
D/StateMachine(  584): processMsg: ConnectedState
D/WifiStateMachine(  584): ConnectedState{ what=131155 when=-143ms target=Handler (com.android.internal.util.StateMachine$SmHandler) {42cae278} arg1=9 }
D/StateMachine(  584): processMsg: L2ConnectedState
D/WifiStateMachine(  584): L2ConnectedState{ what=131155 when=-150ms target=Handler (com.android.internal.util.StateMachine$SmHandler) {42cae278} arg1=9 }
I/wpa_supplicant(  809): Change stage from stage3 to stage0
D/WifiStateMachine(  584): fetchRssiAndLinkSpeedNative RSSI = -44
D/StateMachine(  584): handleMessage: X
D/Socket_Alarm( 9540): registerHTCSocketMonitorCallBack
D/Socket_Alarm( 9540): set mSocketMonitor
D/Socket_Alarm( 9540): HTCSocketMonitorImpl::HTCSocketMonitorImpl
I/ActivityManager(  584): Start proc ru.yandex.translate for broadcast ru.yandex.translate/com.yandex.metrica.MetricaEventHandler: pid=9676 uid=10181 gids={3003, 1015, 1028}
I/UpdateIcingCorporaServi( 2717): Updating corpora: APPS=co.giftmeapp.giftme, CONTACTS=MAYBE
E/Trace   ( 9676): error opening trace file: No such file or directory (2)
I/ActivityManager(  584): Recipient 9611
I/ActivityManager(  584): Process com.android.packageinstaller (pid 9611) has died.
D/PowerManagerService(  584): acquireWakeLock(430a3d40): PARTIAL_WAKE_LOCK , tag=wake:com.google.android.gms/.config.ConfigFetchService, flags=0x1, pid=1189, uid=10017, mUserState=0x3
I/ConfigFetchService( 1189): onStartCommand Intent { act=android.intent.action.PACKAGE_ADDED dat=package cmp=com.google.android.gms/.config.ConfigFetchService (has extras) }
I/ActivityThread( 9676): Pub ru.yandex.translate.MetricaContentProvider: ru.yandex.translate.core.MetricaContentProvider
I/ConfigFetchService( 1189): launchTask
D/PowerManagerService(  584): acquireWakeLock(432c76b8): PARTIAL_WAKE_LOCK , tag=Config Service fetch, flags=0x1, pid=1189, uid=10017, mUserState=0x3
I/{Metrica for Apps}:{Log}( 9676): Initializing of Metrica, Release type, Version 1.60, API Level 16, Dated 28.10.2014.
I/ActivityManager(  584): Recipient 9623
I/ActivityManager(  584): Process com.google.android.partnersetup (pid 9623) has died.
I/ConfigFetchService( 1189): service connected
E/ActivityThread( 9676): Failed to find provider info for co.giftmeapp.giftme.MetricaContentProvider
D/ConfigFetchService( 1189): ConfigApi connection successful.
D/PowerManagerService(  584): acquireWakeLock(43104a40): PARTIAL_WAKE_LOCK , tag=Icing, flags=0x1, pid=1189, uid=10017, mUserState=0x3
W/GmsApplication( 1189): Using Auth Proxy for data requests.
W/GmsApplication( 1189): Using Auth Proxy for data requests.
V/ConfigFetchTask( 1189): ConfigFetchTask getDeviceDataVersionInfo(): ABFEt1Vu9Z4NGb80vPgGp0lEKD2S1kY6uZGU1jNyAIo-8XSqtTmtznaygY2A17TmMKQKnoiRBYJadyK9uD0BhLMh-HRHizWZioxLZJR2RvHFcjpEenSC73Gb8XXu43DYCvm5y58M3JNgsldIcnE6eN5Z74UJkgYogcjbj4JLDHD0MC_uCV37ISrC9K0C2mDPWskXrdCCTYGtWW-loqpFqnxisxBsLmYUxxeTp3L8dS1wiM0T72vdHyxpeEp4gadPZyKWPIjyeCmphhCEvp1DCndJFYd6s6Ak4khQGqtszuegT-VBv4jbGjViBwkz-WOQIJWsiLaybr6s-chE1tI22T68L9ws7K2GnrG2fm9VLOLWOPZoDh03xEs
I/ActivityManager(  584): Recipient 9652
I/ActivityManager(  584): Process com.android.settings (pid 9652) has died.
I/PackageManager(  584):  setEnabledSetting(), pkgName=com.google.android.gms, clsName=com.google.android.gms.people.pub.PeopleProfileActionGatewayActivity, state=2, flag=1, pid=1189, uid=10017
I/GoogleURLConnFactory( 1189): Using platform SSLCertificateSocketFactory
I/[PluginManager]RegisterService( 9638): onHandleIntent, action: android.intent.action.PACKAGE_REPLACED, data: package:co.giftmeapp.giftme
E/NetworkScheduler.SchedulerReceiver( 1061): Invalid parameter app
E/NetworkScheduler.SchedulerReceiver( 1061): Invalid package name : Perhaps you didn't include a PendingIntent in the extras?
D/PowerManagerService(  584): acquireWakeLock(4335d540): PARTIAL_WAKE_LOCK , tag=*net_scheduler*, flags=0x1, pid=1061, uid=10017, mUserState=0x3
D/StateMachine(  584): handleMessage: E msg.what=131218
D/StateMachine(  584): processMsg: ConnectedState
D/WifiStateMachine(  584): ConnectedState{ what=131218 when=0 target=Handler (com.android.internal.util.StateMachine$SmHandler) {42cae278} }
D/StateMachine(  584): processMsg: L2ConnectedState
D/WifiStateMachine(  584): L2ConnectedState{ what=131218 when=-1ms target=Handler (com.android.internal.util.StateMachine$SmHandler) {42cae278} }
D/StateMachine(  584): processMsg: ConnectModeState
D/WifiStateMachine(  584): ConnectModeState{ what=131218 when=-1ms target=Handler (com.android.internal.util.StateMachine$SmHandler) {42cae278} }
D/StateMachine(  584): processMsg: DriverStartedState
D/WifiStateMachine(  584): DriverStartedState{ what=131218 when=-1ms target=Handler (com.android.internal.util.StateMachine$SmHandler) {42cae278} }
D/StateMachine(  584): handleMessage: X
D/PowerManagerService(  584): releaseWakeLock(4335d540): PARTIAL_WAKE_LOCK , tag=*net_scheduler*, flags=0x1
D/libc    (  249): _resolv_cache_lookup: lookup
D/libc    (  249): [SMD]bl_level = 30
D/libc    (  249): [SMD][Mode1]: Screen on and original TTL is expired
D/libc    (  249):  Cache EXPIRED (STALE ENTRY 0x41f16f20 DISCARDED) or need renew
D/libc    (  249): [SMD][v0913] Extended TTL = 43200, original TTL = 67
D/PackageBroadcastService( 1189): Received broadcast action=android.intent.action.PACKAGE_REPLACED and uri=co.giftmeapp.giftme
I/ActivityManager(  584): Start proc com.instagram.android for broadcast com.instagram.android/com.instagram.selfupdate.SelfUpdateUpgradeEventReceiver: pid=9699 uid=10218 gids={1006, 3003, 1015, 1028}
W/GmsApplication( 1189): Using Auth Proxy for data requests.
E/Trace   ( 9699): error opening trace file: No such file or directory (2)
I/PackageManager(  584):  setEnabledSetting(), pkgName=com.google.android.gms, clsName=com.google.android.gms.people.pub.PeopleProfileActionGatewayActivity, state=2, flag=1, pid=1189, uid=10017
W/GmsApplication( 1189): Using Auth Proxy for data requests.
D/PowerManagerService(  584): releaseWakeLock(43104a40): PARTIAL_WAKE_LOCK , tag=Icing, flags=0x1
W/GmsApplication( 1189): Using Auth Proxy for data requests.
W/GmsApplication( 1189): Using Auth Proxy for data requests.
I/ConfigFetchService( 1189): fetch service done; releasing wakelock
I/ConfigFetchService( 1189): stopping self
D/PowerManagerService(  584): releaseWakeLock(432c76b8): PARTIAL_WAKE_LOCK , tag=Config Service fetch, flags=0x1
D/PowerManagerService(  584): acquireWakeLock(42fe7978): PARTIAL_WAKE_LOCK , tag=Icing, flags=0x1, pid=1189, uid=10017, mUserState=0x3
D/CordovaLog( 9450): file:///android_asset/www/js/ratchet.min.js: Line 10 : Uncaught Error: SYNTAX_ERR: DOM Exception 12
E/Web Console( 9450): Uncaught Error: SYNTAX_ERR: DOM Exception 12 at file:///android_asset/www/js/ratchet.min.js:10
I/ActivityThread( 9699): Pub com.instagram.contentprovider.CurrentUserProvider: com.instagram.contentprovider.CurrentUserProvider
I/ApplicationLogger( 2717): canRun() : Opted Out
I/UpdateIcingCorporaServi( 2717): UpdateCorporaTask done [took 2138 ms] updated apps [took 2138 ms] 
W/dalvikvm( 9699): VFY: unable to resolve virtual method 84: Landroid/app/ActivityManager;.isLowRamDevice ()Z
D/PowerManagerService(  584): TPE algorithm. schedule timeout.
D/PowerManagerService(  584): ALG=2, lsvalue=40(1th)->10(0th), last_level=1, lValue=64->64, bValue=255, kValue=0, mPowerState=0x3, mSkippedScreenOn=false, mInitialAnimation=false, immediate=false
D/libc    (  249): _resolv_cache_lookup: lookup
D/libc    (  249): NOT IN CACHE
D/        ( 9450): netstack: Caching Of Redirection is: ON, Version: 5.0.1
D/libc    (  249): [SMD][v0913] Extended TTL = 43200, original TTL = 60
D/Socket_Alarm( 9699): registerHTCSocketMonitorCallBack
D/Socket_Alarm( 9699): set mSocketMonitor
D/Socket_Alarm( 9699): HTCSocketMonitorImpl::HTCSocketMonitorImpl
W/dalvikvm( 9699): VFY: unable to resolve static method 1221: Landroid/provider/Settings$Global;.getInt (Landroid/content/ContentResolver;Ljava/lang/String;I)I
D/StateMachine(  584): handleMessage: E msg.what=131155
D/StateMachine(  584): processMsg: ConnectedState
D/WifiStateMachine(  584): ConnectedState{ what=131155 when=-6ms target=Handler (com.android.internal.util.StateMachine$SmHandler) {42cae278} arg1=9 }
D/StateMachine(  584): processMsg: L2ConnectedState
D/WifiStateMachine(  584): L2ConnectedState{ what=131155 when=-11ms target=Handler (com.android.internal.util.StateMachine$SmHandler) {42cae278} arg1=9 }
D/WifiStateMachine(  584): fetchRssiAndLinkSpeedNative RSSI = -43
D/StateMachine(  584): handleMessage: X
I/ActivityManager(  584): Start proc vivino.web.app for broadcast vivino.web.app/com.android.vivino.receivers.UpgradeBroadcastReceiver: pid=9732 uid=10180 gids={1015, 1006, 3003, 1028}
E/Trace   ( 9732): error opening trace file: No such file or directory (2)
I/PackageManager(  584):  setEnabledSetting(), pkgName=com.instagram.android, clsName=com.instagram.push.fbns.NetworkBroadcastReceiver, state=2, flag=1, pid=9699, uid=10218
I/PackageManager(  584):  setEnabledSetting(), pkgName=com.instagram.android, clsName=com.instagram.push.fbns.BootCompletedBroadcastReceiver, state=2, flag=1, pid=9699, uid=10218
I/PackageManager(  584):  setEnabledSetting(), pkgName=com.instagram.android, clsName=com.instagram.push.fbns.UserPresentBroadcastReceiver, state=2, flag=1, pid=9699, uid=10218
I/PackageManager(  584):  setEnabledSetting(), pkgName=com.instagram.android, clsName=com.instagram.push.fbns.ServiceKeepaliveReceiver, state=2, flag=1, pid=9699, uid=10218
D/libc    (  249): _resolv_cache_lookup: lookup
D/libc    (  249): [SMD]bl_level = 30
D/libc    (  249): [SMD][Mode1]: Screen on and original TTL is expired
D/libc    (  249):  Cache EXPIRED (STALE ENTRY 0x41f4d700 DISCARDED) or need renew
D/libc    (  249): [SMD][v0913] Extended TTL = 43200, original TTL = 15
I/Icing   ( 1189): Indexing CEC82479CB4A988E6F3D9B8FDA0B7FB285E14631 from com.google.android.googlequicksearchbox
I/ActivityManager(  584): Recipient 9676
I/ActivityManager(  584): Process ru.yandex.translate (pid 9676) has died.
I/ActivityManager(  584): Recipient 9638
I/ActivityManager(  584): Process com.htc.opensense.social (pid 9638) has died.
I/global  ( 7749): call createSocket() return a new socket.
I/Icing   ( 1189): Not enough disk space for indexing trimmable
I/ActivityManager(  584): Recipient 9573
I/ActivityManager(  584): Process com.google.android.talk (pid 9573) has died.
D/libc    (  249): _resolv_cache_lookup: lookup
D/libc    (  249): NOT IN CACHE
D/libc    (  249): [SMD][v0913] Extended TTL = 43200, original TTL = 39
D/libc    (  249): _resolv_cache_lookup: lookup
D/libc    (  249): [SMD]bl_level = 30
D/libc    (  249): [SMD][Mode1]: Screen on and original TTL is expired
D/libc    (  249):  Cache EXPIRED (STALE ENTRY 0x41f2c678 DISCARDED) or need renew
D/libc    (  249): [SMD][v0913] Extended TTL = 43200, original TTL = 2
W/dalvikvm( 9732): VFY: unable to resolve virtual method 1677: Landroid/os/StatFs;.getAvailableBlocksLong ()J
D/libc    (  249): _resolv_cache_lookup: lookup
D/libc    (  249): NOT IN CACHE
D/libc    (  249): [SMD][v0913] Extended TTL = 43200, original TTL = 17
I/global  ( 9732): call createSocket() return a new socket.
W/MixpanelAPI.ResourceReader( 9732): Can't load names for Android view ids from 'vivino.web.app.R$id', ids by name will not be available in the events editor.
W/dalvikvm( 9450): disableGcForExternalAlloc: true
W/MixpanelAPI.ConfigurationChecker( 9732): No receivers for action com.google.android.c2dm.intent.REGISTRATION
W/dalvikvm( 9450): disableGcForExternalAlloc: false
D/libc    (  249): _resolv_cache_lookup: lookup
D/libc    (  249): [SMD]bl_level = 30
D/libc    (  249): [SMD][Mode1]: Screen on and original TTL is expired
D/libc    (  249):  Cache EXPIRED (STALE ENTRY 0x41f2c388 DISCARDED) or need renew
D/libc    (  249): [SMD][v0913] Extended TTL = 43200, original TTL = 1101
I/ActivityManager(  584): Start proc com.htc.task.gtask for broadcast com.htc.task.gtask/.accountservice.ScanFinishedReceiver: pid=9804 uid=10120 gids={3003, 1028}
D/Finsky  ( 9487): [767] InAppBillingUtils.pickAccount: vivino.web.app: Account determined from installer data - [gKXbJhL8NA2nPUzZyFpjB6tKi7U]
I/ActivityManager(  584): Recipient 9732
I/ActivityManager(  584): Process vivino.web.app (pid 9732) has died.
E/Trace   ( 9804): error opening trace file: No such file or directory (2)
I/ActivityManager(  584): Start proc com.htc.pen for broadcast com.htc.pen/.plugin.PenReceiver: pid=9817 uid=10122 gids={1028}
E/Trace   ( 9817): error opening trace file: No such file or directory (2)
I/ActivityThread( 9817): Pub com.htc.penmenu15: com.htc.pen.provider.PenMenu15Provider
I/ActivityThread( 9817): Pub com.htc.penmenu: com.htc.pen.provider.PenMenuProvider
I/Icing   ( 1189): Not enough disk space for indexing trimmable
W/dalvikvm( 9450): disableGcForExternalAlloc: true
I/ActivityThread( 9817): Pub com.htc.pen: com.htc.pen.provider.PenProvider
I/Icing   ( 1189): Indexing done CEC82479CB4A988E6F3D9B8FDA0B7FB285E14631
D/libc    (  249): _resolv_cache_lookup: lookup
D/libc    (  249): [SMD]bl_level = 30
D/libc    (  249): [SMD][Mode1]: Screen on and original TTL is not expired
D/libc    (  249): FOUND IN CACHE entry=0x41f16f20
I/ActivityManager(  584): Start proc com.htc.task for broadcast com.htc.task/.TodoTaskReceiver: pid=9833 uid=10126 gids={3003, 1015, 1028}
E/Trace   ( 9833): error opening trace file: No such file or directory (2)
W/dalvikvm( 9450): disableGcForExternalAlloc: false
D/PenUtils( 9817): getDefaultPen() start 22
I/ActivityThread( 9833): Pub com.htc.task.dm.specific: com.htc.task.TaskSpecificProvider
D/PowerManagerService(  584): acquireWakeLock(42c10720): PARTIAL_WAKE_LOCK , tag=*net_scheduler*, flags=0x1, pid=1061, uid=10017, mUserState=0x3
D/PowerManagerService(  584): releaseWakeLock(42c10720): PARTIAL_WAKE_LOCK , tag=*net_scheduler*, flags=0x1
I/ActivityThread( 9833): Pub com.htc.task.dm: com.htc.task.APICProviderDecorator
D/DBProvider( 9833): onCreate
I/ActivityManager(  584): Start proc com.htc.htcpowermanager:remote for broadcast com.htc.htcpowermanager/.powersaver.PowerSaverNotificationReceiver: pid=9847 uid=1000 gids={1015, 3002, 3001, 3003, 1028, 5006, 3007, 3006, 2001, 1007}
D/Socket_Alarm( 9833): registerHTCSocketMonitorCallBack
D/Socket_Alarm( 9833): set mSocketMonitor
D/Socket_Alarm( 9833): HTCSocketMonitorImpl::HTCSocketMonitorImpl
D/StateMachine(  584): handleMessage: E msg.what=131155
D/StateMachine(  584): processMsg: ConnectedState
D/WifiStateMachine(  584): ConnectedState{ what=131155 when=-8ms target=Handler (com.android.internal.util.StateMachine$SmHandler) {42cae278} arg1=9 }
D/StateMachine(  584): processMsg: L2ConnectedState
D/WifiStateMachine(  584): L2ConnectedState{ what=131155 when=-15ms target=Handler (com.android.internal.util.StateMachine$SmHandler) {42cae278} arg1=9 }
E/Trace   ( 9847): error opening trace file: No such file or directory (2)
D/WifiStateMachine(  584): fetchRssiAndLinkSpeedNative RSSI = -42
D/StateMachine(  584): handleMessage: X
D/PenUtils( 9817): getDefaultPen() end 50
I/ActivityThread( 9847): Pub com.htc.htcpowermanager: com.htc.htcpowermanager.smartsync.SmartSyncProvider
D/SizeAdaptiveLayout(  840): com.android.internal.widget.SizeAdaptiveLayout@42560050child view android.widget.LinearLayout@42562450 measured out of bounds at 95px clamped to 96px
D/libc    (  249): _resolv_cache_lookup: lookup
D/libc    (  249): [SMD]bl_level = 30
D/libc    (  249): [SMD][Mode1]: Screen on and original TTL is not expired
D/libc    (  249): FOUND IN CACHE entry=0x41f173c8
D/PowerManagerService(  584): releaseWakeLock(431e5078): PARTIAL_WAKE_LOCK , tag=AlarmManager, flags=0x1
I/ActivityManager(  584): Recipient 9540
I/ActivityManager(  584): Process com.google.android.apps.plus (pid 9540) has died.
I/ActivityManager(  584): Recipient 9804
I/ActivityManager(  584): Process com.htc.task.gtask (pid 9804) has died.
I/ActivityManager(  584): Recipient 9699
I/ActivityManager(  584): Process com.instagram.android (pid 9699) has died.
D/PowerManagerService(  584): releaseWakeLock(42fe7978): PARTIAL_WAKE_LOCK , tag=Icing, flags=0x1
D/StateMachine(  584): handleMessage: E msg.what=131218
D/StateMachine(  584): processMsg: ConnectedState
D/WifiStateMachine(  584): ConnectedState{ what=131218 when=-1ms target=Handler (com.android.internal.util.StateMachine$SmHandler) {42cae278} }
D/StateMachine(  584): processMsg: L2ConnectedState
D/WifiStateMachine(  584): L2ConnectedState{ what=131218 when=-1ms target=Handler (com.android.internal.util.StateMachine$SmHandler) {42cae278} }
D/StateMachine(  584): processMsg: ConnectModeState
D/WifiStateMachine(  584): ConnectModeState{ what=131218 when=-5ms target=Handler (com.android.internal.util.StateMachine$SmHandler) {42cae278} }
D/StateMachine(  584): processMsg: DriverStartedState
D/WifiStateMachine(  584): DriverStartedState{ what=131218 when=-5ms target=Handler (com.android.internal.util.StateMachine$SmHandler) {42cae278} }
D/StateMachine(  584): handleMessage: X
D/KInfoc  ( 2791): clear batch timer
D/KInfoc  ( 2791): set batch timer
D/KInfoc  ( 2791):  BATCH REPORTER STARTED ........
D/KInfoc  ( 2791):  -> ICH DIR : /data/data/com.rhmsoft.fm/files/infoc_1
I/ConfigService( 1061): onDestroy
W/KInfoc  ( 2791): The data section count is not equal! table:fm_public, count in format:13, count in data:14.
D/KInfoc  ( 2791):  * ENCODED HEADER : 87 LIMIT=3072
D/KInfoc  ( 2791):  [ BATCH REPORT ]
D/KInfoc  ( 2791): com.cm.kinfoc.l@424e2480
D/libc    (  249): _resolv_cache_lookup: lookup
D/libc    (  249): [SMD]bl_level = 30
D/libc    (  249): [SMD][Mode1]: Screen on and original TTL is expired
D/libc    (  249):  Cache EXPIRED (STALE ENTRY 0x41f18a08 DISCARDED) or need renew
D/libc    (  249): [SMD][v0913] Extended TTL = 43200, original TTL = 17
D/KInfoc  ( 2791):     * SUCCESS
D/KInfoc  ( 2791):  * REPORT SUCCESS : DC+H=4 DC=3 SIZE=145
W/dalvikvm( 9450): disableGcForExternalAlloc: true
W/dalvikvm( 9450): disableGcForExternalAlloc: false
D/StateMachine(  584): handleMessage: E msg.what=131155
D/StateMachine(  584): processMsg: ConnectedState
D/WifiStateMachine(  584): ConnectedState{ what=131155 when=-3ms target=Handler (com.android.internal.util.StateMachine$SmHandler) {42cae278} arg1=9 }
D/StateMachine(  584): processMsg: L2ConnectedState
D/WifiStateMachine(  584): L2ConnectedState{ what=131155 when=-3ms target=Handler (com.android.internal.util.StateMachine$SmHandler) {42cae278} arg1=9 }
D/WifiStateMachine(  584): fetchRssiAndLinkSpeedNative RSSI = -43
D/StateMachine(  584): handleMessage: X
W/dalvikvm( 7749): VFY: unable to resolve virtual method 462: Landroid/graphics/Bitmap;.getAllocationByteCount ()I
D/KInfoc  ( 2791):  -> ICH DIR : /data/data/com.rhmsoft.fm/files/infoc_2
W/KInfoc  ( 2791): The data section count is not equal! table:fm_public, count in format:13, count in data:14.
D/KInfoc  ( 2791):  * ENCODED HEADER : 87 LIMIT=3072
D/KInfoc  ( 2791):  [ BATCH REPORT ]
D/KInfoc  ( 2791): com.cm.kinfoc.l@424f7230
D/libc    (  249): _resolv_cache_lookup: lookup
D/libc    (  249): [SMD]bl_level = 30
D/libc    (  249): [SMD][Mode1]: Screen on and original TTL is not expired
D/libc    (  249): FOUND IN CACHE entry=0x41f1b158
I/global  ( 2791): call createSocket() return a new socket.
W/dalvikvm( 7749): VFY: unable to resolve virtual method 462: Landroid/graphics/Bitmap;.getAllocationByteCount ()I
D/KInfoc  ( 2791):     * SUCCESS
D/KInfoc  ( 2791):  * REPORT SUCCESS : DC+H=4 DC=3 SIZE=145
D/StateMachine(  584): handleMessage: E msg.what=131155
D/StateMachine(  584): processMsg: ConnectedState
D/WifiStateMachine(  584): ConnectedState{ what=131155 when=-5ms target=Handler (com.android.internal.util.StateMachine$SmHandler) {42cae278} arg1=9 }
D/StateMachine(  584): processMsg: L2ConnectedState
D/WifiStateMachine(  584): L2ConnectedState{ what=131155 when=-5ms target=Handler (com.android.internal.util.StateMachine$SmHandler) {42cae278} arg1=9 }
D/WifiStateMachine(  584): fetchRssiAndLinkSpeedNative RSSI = -43
D/StateMachine(  584): handleMessage: X
D/PowerManagerService(  584): acquireWakeLock(43215c58): PARTIAL_WAKE_LOCK , tag=AlarmManager, flags=0x1, pid=584, uid=1000, mUserState=0x3
V/AlarmManager(  584): sending alarm PendingIntent{42c9b9f0: PendingIntentRecord{42cd85f8 com.android.vending startService}}, intent=null, type=RTC_WAKEUP, count=1, when=1427232170581, repeateInterval=0
D/PowerManagerService(  584): releaseWakeLock(43215c58): PARTIAL_WAKE_LOCK , tag=AlarmManager, flags=0x1
D/PowerManagerService(  584): acquireWakeLock(42c9e958): PARTIAL_WAKE_LOCK , tag=AlarmManager, flags=0x1, pid=584, uid=1000, mUserState=0x3
V/AlarmManager(  584): sending alarm PendingIntent{43115c58: PendingIntentRecord{433380a0 com.whatsapp broadcastIntent}}, intent=com.whatsapp.messaging.MessageService.CLIENT_PINGER_ACTION, type=ELAPSED_REALTIME_WAKEUP, count=1, when=2994697, repeateInterval=240000
D/PowerManagerService(  584): releaseWakeLock(42c9e958): PARTIAL_WAKE_LOCK , tag=AlarmManager, flags=0x1
D/StateMachine(  584): handleMessage: E msg.what=131155
D/StateMachine(  584): processMsg: ConnectedState
D/WifiStateMachine(  584): ConnectedState{ what=131155 when=-2ms target=Handler (com.android.internal.util.StateMachine$SmHandler) {42cae278} arg1=9 }
D/StateMachine(  584): processMsg: L2ConnectedState
D/WifiStateMachine(  584): L2ConnectedState{ what=131155 when=-2ms target=Handler (com.android.internal.util.StateMachine$SmHandler) {42cae278} arg1=9 }
D/WifiStateMachine(  584): fetchRssiAndLinkSpeedNative RSSI = -40
D/StateMachine(  584): handleMessage: X
I/ActivityManager(  584): Start proc com.google.android.gsf.login for service com.google.android.gsf.login/com.google.android.gsf.loginservice.GoogleLoginService: pid=9873 uid=10017 gids={3003, 1015, 1028, 2001, 1007, 3006, 1006, 3002, 3001}
E/Trace   ( 9873): error opening trace file: No such file or directory (2)
D/libc    (  249): _resolv_cache_lookup: lookup
D/libc    (  249): [SMD]bl_level = 30
D/libc    (  249): [SMD][Mode1]: Screen on and original TTL is not expired
D/libc    (  249): FOUND IN CACHE entry=0x41f16f20
I/global  ( 9487): call createSocket() return a new socket.
D/Finsky  ( 9487): [1] 5.onFinished: Installation state replication succeeded.
D/StateMachine(  584): handleMessage: E msg.what=131155
D/StateMachine(  584): processMsg: ConnectedState
D/WifiStateMachine(  584): ConnectedState{ what=131155 when=-3ms target=Handler (com.android.internal.util.StateMachine$SmHandler) {42cae278} arg1=9 }
D/StateMachine(  584): processMsg: L2ConnectedState
D/WifiStateMachine(  584): L2ConnectedState{ what=131155 when=-3ms target=Handler (com.android.internal.util.StateMachine$SmHandler) {42cae278} arg1=9 }
D/WifiStateMachine(  584): fetchRssiAndLinkSpeedNative RSSI = -41
D/StateMachine(  584): handleMessage: X
D/StateMachine(  584): handleMessage: E msg.what=131155
D/StateMachine(  584): processMsg: ConnectedState
D/WifiStateMachine(  584): ConnectedState{ what=131155 when=-3ms target=Handler (com.android.internal.util.StateMachine$SmHandler) {42cae278} arg1=9 }
D/StateMachine(  584): processMsg: L2ConnectedState
D/WifiStateMachine(  584): L2ConnectedState{ what=131155 when=-3ms target=Handler (com.android.internal.util.StateMachine$SmHandler) {42cae278} arg1=9 }
D/WifiStateMachine(  584): fetchRssiAndLinkSpeedNative RSSI = -41
D/StateMachine(  584): handleMessage: X
D/PowerManagerService(  584): acquireWakeLock(43202f70): PARTIAL_WAKE_LOCK , tag=AlarmManager, flags=0x1, pid=584, uid=1000, mUserState=0x3
V/AlarmManager(  584): sending alarm PendingIntent{43036818: PendingIntentRecord{430a21e0 com.android.phone broadcastIntent}}, intent=com.android.internal.telephony.gprs-data-stall, type=ELAPSED_REALTIME, count=1, when=2761702, repeateInterval=0
D/PowerManagerService(  584): releaseWakeLock(43202f70): PARTIAL_WAKE_LOCK , tag=AlarmManager, flags=0x1
D/PowerManagerService(  584): ALG=2, lsvalue=10(0th)->40(1th), last_level=1, lValue=64->64, bValue=255, kValue=0, mPowerState=0x3, mSkippedScreenOn=false, mInitialAnimation=false, immediate=false
D/PowerManagerService(  584): acquireWakeLock(431b81e8): PARTIAL_WAKE_LOCK , tag=AlarmManager, flags=0x1, pid=584, uid=1000, mUserState=0x3
V/AlarmManager(  584): sending alarm PendingIntent{429db508: PendingIntentRecord{42d0af18 android broadcastIntent}}, intent=android.intent.action.TIME_TICK, type=RTC, count=1, when=1427232180000, repeateInterval=0
D/PowerManagerService(  584): releaseWakeLock(431b81e8): PARTIAL_WAKE_LOCK , tag=AlarmManager, flags=0x1
W/ManagedEGLContext( 1163): doTerminate failed: EGL count is 2 but managed count is 1
D/StateMachine(  584): handleMessage: E msg.what=131155
D/StateMachine(  584): processMsg: ConnectedState
D/WifiStateMachine(  584): ConnectedState{ what=131155 when=-3ms target=Handler (com.android.internal.util.StateMachine$SmHandler) {42cae278} arg1=9 }
D/StateMachine(  584): processMsg: L2ConnectedState
D/WifiStateMachine(  584): L2ConnectedState{ what=131155 when=-3ms target=Handler (com.android.internal.util.StateMachine$SmHandler) {42cae278} arg1=9 }
D/WifiStateMachine(  584): fetchRssiAndLinkSpeedNative RSSI = -41
D/StateMachine(  584): handleMessage: X
D/StateMachine(  584): handleMessage: E msg.what=131155
D/StateMachine(  584): processMsg: ConnectedState
D/WifiStateMachine(  584): ConnectedState{ what=131155 when=-3ms target=Handler (com.android.internal.util.StateMachine$SmHandler) {42cae278} arg1=9 }
D/StateMachine(  584): processMsg: L2ConnectedState
D/WifiStateMachine(  584): L2ConnectedState{ what=131155 when=-3ms target=Handler (com.android.internal.util.StateMachine$SmHandler) {42cae278} arg1=9 }
D/WifiStateMachine(  584): fetchRssiAndLinkSpeedNative RSSI = -41
D/StateMachine(  584): handleMessage: X
D/PowerManagerService(  584): TPE algorithm. schedule timeout.
D/PowerManagerService(  584): ALG=2, lsvalue=40(1th)->10(0th), last_level=1, lValue=64->64, bValue=255, kValue=0, mPowerState=0x3, mSkippedScreenOn=false, mInitialAnimation=false, immediate=false
V/MediaProvider( 7347): [MediaProvider][update]+files,_id=33468
D/MediaProvider( 7347): [MediaProvider][update]-1
V/MediaProvider( 7347): [MediaProvider][update]+files,_id=4388
D/MediaProvider( 7347): [MediaProvider][update]-1
V/MediaProvider( 7347): [MediaProvider][update]+files,_id=33825
D/MediaProvider( 7347): [MediaProvider][update]-1
V/MediaProvider( 7347): [MediaProvider][update]+files,_id=45639
D/MediaProvider( 7347): [MediaProvider][update]-1
V/MediaProvider( 7347): [MediaProvider][update]+files,_id=47146
D/MediaProvider( 7347): [MediaProvider][update]-1
V/MediaProvider( 7347): [MediaProvider][update]+files,_id=1191
D/MediaProvider( 7347): [MediaProvider][update]-1
V/MediaProvider( 7347): [MediaProvider][update]+files,_id=1192
D/MediaProvider( 7347): [MediaProvider][update]-1
V/MediaProvider( 7347): [MediaProvider][update]+files,_id=1193
D/MediaProvider( 7347): [MediaProvider][update]-1
V/MediaProvider( 7347): [MediaProvider][update]+files,_id=1179
D/MediaProvider( 7347): [MediaProvider][update]-1
V/MediaProvider( 7347): [MediaProvider][update]+files,_id=479
D/MediaProvider( 7347): [MediaProvider][update]-1
V/MediaProvider( 7347): [MediaProvider][update]+files,_id=706
D/MediaProvider( 7347): [MediaProvider][update]-1
V/MediaProvider( 7347): [MediaProvider][update]+files,_id=47893
D/MediaProvider( 7347): [MediaProvider][update]-0
V/MediaProvider( 7347): [MediaProvider][update]+files,_id=8148
D/MediaProvider( 7347): [MediaProvider][update]-1
V/MediaProvider( 7347): [MediaProvider][update]+files,_id=10570
D/MediaProvider( 7347): [MediaProvider][update]-1
V/MediaProvider( 7347): [MediaProvider][update]+files,_id=10571
D/MediaProvider( 7347): [MediaProvider][update]-1
V/MediaProvider( 7347): [MediaProvider][update]+files,_id=34944
D/MediaProvider( 7347): [MediaProvider][update]-1
V/MediaProvider( 7347): [MediaProvider][update]+files,_id=10572
D/MediaProvider( 7347): [MediaProvider][update]-1
V/MediaProvider( 7347): [MediaProvider][update]+files,_id=2
D/MediaProvider( 7347): [MediaProvider][update]-1
V/MediaProvider( 7347): [MediaProvider][update]+files,_id=17195
D/MediaProvider( 7347): [MediaProvider][update]-1
V/MediaProvider( 7347): [MediaProvider][update]+files,_id=17196
D/MediaProvider( 7347): [MediaProvider][update]-1
V/MediaProvider( 7347): [MediaProvider][update]+files,_id=47212
D/MediaProvider( 7347): [MediaProvider][update]-1
D/MediaProvider( 7347): bulkInsert() for uri=content://media/external/file, caller:android.process.media, PID:7347
D/MediaProvider( 7347): [MediaProvider][bulkInsert]+, volumeName=, uri content://media/external/file, values [Landroid.content.ContentValues;@431d5218
D/MediaProvider( 7347): [MediaProvider][bulkInsert][getDatabaseForUri]+
D/MediaProvider( 7347): [MediaProvider][bulkInsert][beginTransaction]+
D/MediaProvider( 7347): insertFile(), volid(SD_Volid):1057688272
D/MediaScanner( 7347):  prescan time: 40408ms
D/MediaScanner( 7347):     scan time: 114897ms
D/MediaScanner( 7347): postscan time: 2ms
D/MediaScanner( 7347):    total time: 155307ms
D/MediaScanner( 7347): -----------------------------------------------------------------
D/MediaScanner( 7347): firstscan(media) time: 49772ms
D/MediaScanner( 7347): secondscan(non-media) time: 65125ms
D/MediaScanner( 7347):  [Update]   Image: 0 Video: 0 Audio: 0 Other: 35
D/MediaScanner( 7347):  [Insert]   Image: 0 Video: 0 Audio: 0 Other: 11
D/MediaScanner( 7347):  [Delete]   Image: 6 Video: 0 Audio: 0 Other: 5
D/MediaScanner( 7347):  [Total]    File(Image+Video+Audio+Others) in database : 29630
D/MediaScannerService( 7347): [MediaScannerService][levelScan]-
D/MediaProvider( 7347): [onReceive]ACTION_MEDIA_SCANNER_FINISHED: file:///storage/sdcard0
V/MediaProvider( 7347): [recoverOldTable]ready to send upgrade complete intent file:///storage/sdcard0
V/MediaProvider( 7347): [recoverOldTable]upgrade uri file:///storage/sdcard0
E/SQLiteLog( 7347): (1) duplicate column name: _isFOTA
E/MediaProvider( 7347): _isFOTA already exists
V/MediaProvider( 7347): [recoverOldTable]old tables had been recovered
I/ActivityManager(  584): Start proc com.htc.MediaCacheService for broadcast com.htc.MediaCacheService/.main.MediaCacheReceiver: pid=9890 uid=10054 gids={1015, 1028}
E/Trace   ( 9890): error opening trace file: No such file or directory (2)
D/StateMachine(  584): handleMessage: E msg.what=131155
D/StateMachine(  584): processMsg: ConnectedState
D/WifiStateMachine(  584): ConnectedState{ what=131155 when=-3ms target=Handler (com.android.internal.util.StateMachine$SmHandler) {42cae278} arg1=9 }
D/StateMachine(  584): processMsg: L2ConnectedState
D/WifiStateMachine(  584): L2ConnectedState{ what=131155 when=-3ms target=Handler (com.android.internal.util.StateMachine$SmHandler) {42cae278} arg1=9 }
D/WifiStateMachine(  584): fetchRssiAndLinkSpeedNative RSSI = -41
D/StateMachine(  584): handleMessage: X
D/TAG     ( 7347): mWakeLock.release() at scan()
D/MediaScannerService( 7347): done scanning volume external
D/PowerManagerService(  584): releaseWakeLock(4318e4c8): PARTIAL_WAKE_LOCK , tag=MediaScannerService, flags=0x1
I/ActivityManager(  584): Start proc com.htc.musicenhancer for broadcast com.htc.musicenhancer/.provider.MScannerReceiver: pid=9904 uid=10059 gids={1015, 3003, 1028}
D/MediaProvider( 7347): [MP][DEBUG][noRemovableStorage] TRUE!!
D/MediaScannerService( 7347): [MP][State][4] EmptyQueue & Stop Scan
D/MediaScannerService( 7347): Failed to delete file /data/data/com.android.providers.media/pause_scan
E/Trace   ( 9904): error opening trace file: No such file or directory (2)
I/ActivityThread( 9904): Pub music: com.htc.musicenhancer.provider.DownloadProvider
I/ActivityManager(  584): Start proc com.htc.sdm for broadcast com.htc.sdm/.receiver.SDMReceiver: pid=9922 uid=10144 gids={3003, 2001, 1015, 5002, 5005, 1028}
E/Trace   ( 9922): error opening trace file: No such file or directory (2)
I/ActivityThread( 9922): Pub com.htc.sdm.provider.SDMProvider: com.htc.sdm.provider.SDMProvider
I/ActivityManager(  584): Start proc com.google.android.music:main for broadcast com.google.android.music/.store.MediaStoreImportService$Receiver: pid=9937 uid=10210 gids={3003, 1015, 1028}
I/SDMSharedPref( 9922): putBoolean: SDStatus true
E/Trace   ( 9937): error opening trace file: No such file or directory (2)
I/SDMSharedPref( 9922): getString: SoundSetGUID value: 28c33567b07d4dec8d38d4547d595163
E/SQLiteLog( 7347): (5) statement aborts at 1: [PRAGMA journal_mode=TRUNCATE;] 
I/SDMSharedPref( 9922): getString: SoundSetGUID value: 28c33567b07d4dec8d38d4547d595163
D/RingtoneManager( 9922): setActualDefaultRingtoneUri(context, 1, content://media/external/audio/media/18661)
D/RingtoneManager( 9922): setActualDefaultRingtoneUri(context, 1, content://media/external/audio/media/18661, mode_cdma)
D/RingtoneManager( 9922): setActualDefaultRingtoneUri(context, 1, content://media/external/audio/media/18661, mode_wcdma)
D/SDM     ( 9922): [SDMDBUtil] c fileUri=content://media/external/audio/media/18661
D/RingtoneManager( 9922): getActualDefaultRingtoneUri(context, 1)
I/SDMSharedPref( 9922): getString: SoundSetGUID value: 28c33567b07d4dec8d38d4547d595163
I/ActivityThread( 9937): Pub com.google.android.music.ConfigContent: com.google.android.music.store.ConfigContentProvider
W/dalvikvm( 9937): VFY: unable to resolve virtual method 1700: Landroid/os/Looper;.quitSafely ()V
I/ActivityThread( 9937): Pub com.google.android.music.MusicContent: com.google.android.music.store.MusicContentProvider
W/dalvikvm( 9937): VFY: unable to resolve virtual method 199: Landroid/app/Activity;.isDestroyed ()Z
I/MusicStore( 9937): Database version: 107
I/ActivityThread( 9937): Pub com.google.android.music.icing: com.google.android.music.icing.IcingContentProvider
I/ActivityThread( 9937): Pub com.google.android.music.xdi: com.google.android.music.xdi.XdiContentProvider
W/dalvikvm( 9937): VFY: unable to resolve virtual method 338: Landroid/app/ActivityManager;.isLowRamDevice ()Z
W/MountService(  584): getVolumeState(/mnt/sdcard/ext_sd): Unknown volume
V/JNIHelp ( 9937): Registering com/google/android/gms/org/conscrypt/NativeCrypto's 235 native methods...
I/ActivityManager(  584): Recipient 9817
I/ActivityManager(  584): Process com.htc.pen (pid 9817) has died.
I/ProviderInstaller( 9937): Installed default security provider GmsCore_OpenSSL
D/AndroidMusic( 9937): GMSCore installation verified
I/ConfigStore( 9937): Config Database version: 1
W/dalvikvm( 9937): VFY: unable to resolve virtual method 853: Landroid/content/res/Configuration;.getLayoutDirection ()I
W/dalvikvm( 9937): VFY: unable to resolve virtual method 665: Landroid/content/Context;.getExternalFilesDirs (Ljava/lang/String;)[Ljava/io/File;
W/dalvikvm( 9937): VFY: unable to resolve virtual method 665: Landroid/content/Context;.getExternalFilesDirs (Ljava/lang/String;)[Ljava/io/File;
I/PackageManager(  584):  setEnabledSetting(), pkgName=com.google.android.music, clsName=com.android.music.MediaAppWidgetProvider, state=1, flag=1, pid=9937, uid=10210
D/AudioService(  584): get device = speaker for stream = STREAM_MUSIC
I/MediaRouter( 9937): Found default route: MediaRouter.RouteInfo{ uniqueId=android/.support.v7.media.SystemMediaRouteProvider:DEFAULT_ROUTE, name=Phone, description=null, enabled=true, connecting=false, canDisconnect=false, playbackType=0, playbackStream=3, volumeHandling=1, volume=15, volumeMax=15, presentationDisplayId=-1, extras=null, settingsIntent=null, providerPackageName=android }
I/NetworkMonitor( 9937): type=WIFI subType= reason=null isConnected=true
D/StateMachine(  584): handleMessage: E msg.what=131218
D/StateMachine(  584): processMsg: ConnectedState
D/WifiStateMachine(  584): ConnectedState{ what=131218 when=0 target=Handler (com.android.internal.util.StateMachine$SmHandler) {42cae278} }
D/StateMachine(  584): processMsg: L2ConnectedState
D/WifiStateMachine(  584): L2ConnectedState{ what=131218 when=0 target=Handler (com.android.internal.util.StateMachine$SmHandler) {42cae278} }
D/StateMachine(  584): processMsg: ConnectModeState
D/WifiStateMachine(  584): ConnectModeState{ what=131218 when=-1ms target=Handler (com.android.internal.util.StateMachine$SmHandler) {42cae278} }
D/StateMachine(  584): processMsg: DriverStartedState
D/WifiStateMachine(  584): DriverStartedState{ what=131218 when=-1ms target=Handler (com.android.internal.util.StateMachine$SmHandler) {42cae278} }
D/StateMachine(  584): handleMessage: X
D/StateMachine(  584): handleMessage: E msg.what=131218
D/StateMachine(  584): processMsg: ConnectedState
D/WifiStateMachine(  584): ConnectedState{ what=131218 when=-5ms target=Handler (com.android.internal.util.StateMachine$SmHandler) {42cae278} }
D/StateMachine(  584): processMsg: L2ConnectedState
D/WifiStateMachine(  584): L2ConnectedState{ what=131218 when=-5ms target=Handler (com.android.internal.util.StateMachine$SmHandler) {42cae278} }
D/StateMachine(  584): processMsg: ConnectModeState
D/WifiStateMachine(  584): ConnectModeState{ what=131218 when=-5ms target=Handler (com.android.internal.util.StateMachine$SmHandler) {42cae278} }
D/StateMachine(  584): processMsg: DriverStartedState
D/WifiStateMachine(  584): DriverStartedState{ what=131218 when=-5ms target=Handler (com.android.internal.util.StateMachine$SmHandler) {42cae278} }
D/StateMachine(  584): handleMessage: X
I/NetworkMonitor( 9937): type=WIFI subType= reason=null isConnected=true
D/StateMachine(  584): handleMessage: E msg.what=131218
D/StateMachine(  584): processMsg: ConnectedState
D/WifiStateMachine(  584): ConnectedState{ what=131218 when=0 target=Handler (com.android.internal.util.StateMachine$SmHandler) {42cae278} }
D/StateMachine(  584): processMsg: L2ConnectedState
D/WifiStateMachine(  584): L2ConnectedState{ what=131218 when=-3ms target=Handler (com.android.internal.util.StateMachine$SmHandler) {42cae278} }
D/StateMachine(  584): processMsg: ConnectModeState
D/WifiStateMachine(  584): ConnectModeState{ what=131218 when=-4ms target=Handler (com.android.internal.util.StateMachine$SmHandler) {42cae278} }
D/StateMachine(  584): processMsg: DriverStartedState
D/WifiStateMachine(  584): DriverStartedState{ what=131218 when=-4ms target=Handler (com.android.internal.util.StateMachine$SmHandler) {42cae278} }
D/StateMachine(  584): handleMessage: X
D/StateMachine(  584): handleMessage: E msg.what=131218
D/StateMachine(  584): processMsg: ConnectedState
D/WifiStateMachine(  584): ConnectedState{ what=131218 when=-4ms target=Handler (com.android.internal.util.StateMachine$SmHandler) {42cae278} }
D/StateMachine(  584): processMsg: L2ConnectedState
D/WifiStateMachine(  584): L2ConnectedState{ what=131218 when=-4ms target=Handler (com.android.internal.util.StateMachine$SmHandler) {42cae278} }
D/StateMachine(  584): processMsg: ConnectModeState
D/WifiStateMachine(  584): ConnectModeState{ what=131218 when=-5ms target=Handler (com.android.internal.util.StateMachine$SmHandler) {42cae278} }
D/StateMachine(  584): processMsg: DriverStartedState
D/WifiStateMachine(  584): DriverStartedState{ what=131218 when=-5ms target=Handler (com.android.internal.util.StateMachine$SmHandler) {42cae278} }
D/StateMachine(  584): handleMessage: X
D/SyncManager(  584): setIsSyncable: Account {name=inf*********s, type=com.google}, provider com.google.android.music.MusicContent, user 0 -> 1
D/SyncManager(  584): setIsSyncable: already set to 1, doing nothing
I/PackageManager(  584):  setEnabledSetting(), pkgName=com.google.android.music, clsName=com.google.android.music.Settings.NetworkUsage, state=1, flag=1, pid=9937, uid=10210
D/SyncManager(  584): setSyncAutomatically:  provider com.google.android.music.MusicContent, user 0 -> false
D/SyncManager(  584): setSyncAutomatically: already set to false, doing nothing
D/SyncManager(  584): setIsSyncable: Account {name=tim****************m, type=com.google}, provider com.google.android.music.MusicContent, user 0 -> 0
D/SyncManager(  584): setIsSyncable: already set to 0, doing nothing
D/PowerManagerService(  584): acquireWakeLock(433e9920): PARTIAL_WAKE_LOCK , tag=SyncLoopWakeLock, flags=0x1, pid=584, uid=1000, mUserState=0x3
W/ArtDownloadService( 9937): Setting cache size 0
D/PowerManagerService(  584): releaseWakeLock(433e9920): PARTIAL_WAKE_LOCK , tag=SyncLoopWakeLock, flags=0x1
I/MediaStoreImporter( 9937): Update: incremental Added music: 0 Updated music: 0 Deleted music: 0 Created playlists: 0 Updated playlists: 0 Deleted playlists: 0 Inserted playlist items: 0 Deleted playlist items: 0 Removed orphaned playlist items: 0
I/ActivityManager(  584): Recipient 9833
I/ActivityManager(  584): Process com.htc.task (pid 9833) has died.
I/ActivityManager(  584): Recipient 9847
I/ActivityManager(  584): Process com.htc.htcpowermanager:remote (pid 9847) has died.
D/StateMachine(  584): handleMessage: E msg.what=131155
D/StateMachine(  584): processMsg: ConnectedState
D/WifiStateMachine(  584): ConnectedState{ what=131155 when=-1ms target=Handler (com.android.internal.util.StateMachine$SmHandler) {42cae278} arg1=9 }
D/StateMachine(  584): processMsg: L2ConnectedState
D/WifiStateMachine(  584): L2ConnectedState{ what=131155 when=-1ms target=Handler (com.android.internal.util.StateMachine$SmHandler) {42cae278} arg1=9 }
D/WifiStateMachine(  584): fetchRssiAndLinkSpeedNative RSSI = -41
D/StateMachine(  584): handleMessage: X
I/ActivityManager(  584): Recipient 9873
I/ActivityManager(  584): Process com.google.android.gsf.login (pid 9873) has died.
I/ActivityManager(  584): Recipient 9922
I/ActivityManager(  584): Process com.htc.sdm (pid 9922) has died.
D/StateMachine(  584): handleMessage: E msg.what=131155
D/StateMachine(  584): processMsg: ConnectedState
D/WifiStateMachine(  584): ConnectedState{ what=131155 when=-3ms target=Handler (com.android.internal.util.StateMachine$SmHandler) {42cae278} arg1=9 }
D/StateMachine(  584): processMsg: L2ConnectedState
D/WifiStateMachine(  584): L2ConnectedState{ what=131155 when=-3ms target=Handler (com.android.internal.util.StateMachine$SmHandler) {42cae278} arg1=9 }
D/WifiStateMachine(  584): fetchRssiAndLinkSpeedNative RSSI = -41
D/StateMachine(  584): handleMessage: X
D/PowerManagerService(  584): acquireWakeLock(430726e8): PARTIAL_WAKE_LOCK , tag=wake:com.google.android.music/.leanback.AutoCacheSchedulingService, flags=0x1, pid=9937, uid=10210, mUserState=0x3
I/GHttpClientFactory( 9937): Using the GMSCore's GoogleHttpClient
I/PackageManager(  584):  setEnabledSetting(), pkgName=com.google.android.music, clsName=com.google.android.music.leanback.AutoCacheSchedulingService$ActionReceiver, state=2, flag=1, pid=9937, uid=10210
D/Socket_Alarm( 9937): registerHTCSocketMonitorCallBack
D/Socket_Alarm( 9937): set mSocketMonitor
D/Socket_Alarm( 9937): HTCSocketMonitorImpl::HTCSocketMonitorImpl
I/MusicLeanback( 9937): Conditions not met for autocaching.
I/MusicLeanback( 9937): Stop autocaching.
D/PowerManagerService(  584): releaseWakeLock(430726e8): PARTIAL_WAKE_LOCK , tag=wake:com.google.android.music/.leanback.AutoCacheSchedulingService, flags=0x1
D/PowerManagerService(  584): acquireWakeLock(42c5de70): PARTIAL_WAKE_LOCK , tag=RILJ, flags=0x1, pid=984, uid=1001, mUserState=0x3
D/PowerManagerService(  584): releaseWakeLock(42c5de70): PARTIAL_WAKE_LOCK , tag=RILJ, flags=0x1
D/PowerManagerService(  584): acquireWakeLock(42bceb98): PARTIAL_WAKE_LOCK , tag=RILJ, flags=0x1, pid=984, uid=1001, mUserState=0x3
D/PowerManagerService(  584): releaseWakeLock(42bceb98): PARTIAL_WAKE_LOCK , tag=RILJ, flags=0x1
D/PowerManagerService(  584): acquireWakeLock(42b904f0): PARTIAL_WAKE_LOCK , tag=RILJ, flags=0x1, pid=984, uid=1001, mUserState=0x3
D/PowerManagerService(  584): releaseWakeLock(42b904f0): PARTIAL_WAKE_LOCK , tag=RILJ, flags=0x1
D/StateMachine(  584): handleMessage: E msg.what=131155
D/StateMachine(  584): processMsg: ConnectedState
D/WifiStateMachine(  584): ConnectedState{ what=131155 when=-3ms target=Handler (com.android.internal.util.StateMachine$SmHandler) {42cae278} arg1=9 }
D/StateMachine(  584): processMsg: L2ConnectedState
D/WifiStateMachine(  584): L2ConnectedState{ what=131155 when=-3ms target=Handler (com.android.internal.util.StateMachine$SmHandler) {42cae278} arg1=9 }
D/WifiStateMachine(  584): fetchRssiAndLinkSpeedNative RSSI = -41
D/StateMachine(  584): handleMessage: X
D/PowerManagerService(  584): acquireWakeLock(42c57b38): PARTIAL_WAKE_LOCK , tag=RILJ, flags=0x1, pid=984, uid=1001, mUserState=0x3
D/PowerManagerService(  584): releaseWakeLock(42c57b38): PARTIAL_WAKE_LOCK , tag=RILJ, flags=0x1
D/PowerManagerService(  584): acquireWakeLock(42bd47a8): PARTIAL_WAKE_LOCK , tag=RILJ, flags=0x1, pid=984, uid=1001, mUserState=0x3
D/PowerManagerService(  584): releaseWakeLock(42bd47a8): PARTIAL_WAKE_LOCK , tag=RILJ, flags=0x1
D/PowerManagerService(  584): acquireWakeLock(42b6da78): PARTIAL_WAKE_LOCK , tag=RILJ, flags=0x1, pid=984, uid=1001, mUserState=0x3
D/PowerManagerService(  584): releaseWakeLock(42b6da78): PARTIAL_WAKE_LOCK , tag=RILJ, flags=0x1
D/PowerManagerService(  584): acquireWakeLock(431d4090): PARTIAL_WAKE_LOCK , tag=RILJ, flags=0x1, pid=984, uid=1001, mUserState=0x3
D/PowerManagerService(  584): releaseWakeLock(431d4090): PARTIAL_WAKE_LOCK , tag=RILJ, flags=0x1
D/AutoSetting(  917): receiver - intent: com.htc.app.autosetting.phonestatemonitor.lac_changed
D/AutoSetting(  917): service - onCreate()
D/AutoSetting(  917): service - onStartCommand() action: com.htc.app.autosetting.requestlocationupdate
D/AutoSetting(  917): service - mHandler: request passive update
V/LocationManagerService(  584): In requestLocationUpdates. provider passiveminTime: 5000single shot: false Receiver: Receiver{4333aef0 Intent PendingIntent{4301e9a0: PendingIntentRecord{42c76c50 com.htc.htclocationservice startService}}}mUpdateRecords: {passive=UpdateRecord{4342a258 mProvider: passive mUid: 10014}}
V/LocationManagerService(  584): In requestLocationUpdatesLocked. provider: passive requiredPermissions: android.permission.ACCESS_FINE_LOCATION
D/LocationManagerService(  584): [requestLocationUpdatesLocked] package_name[com.htc.bg.uid.shared:10014] Uid[10014
D/AutoSetting(  917): service - mHandler: request location update
D/LocationManagerService(  584): [requestLocationUpdatesLocked] package_name[com.htc.bg.uid.shared:10014] Uid[10014
D/StateMachine(  584): handleMessage: E msg.what=131073
D/StateMachine(  584): processMsg: ConnectedState
D/WifiStateMachine(  584): ConnectedState{ what=131073 when=0 target=Handler (com.android.internal.util.StateMachine$SmHandler) {42cae278} arg1=2 }
D/StateMachine(  584): processMsg: L2ConnectedState
I/LocationManagerService(  584): request passive (pid 917) 5000 0
V/LocationManagerService(  584): [LGPS] _requestLocationUpdates: enableLocationTracking(true)
