D/SizeAdaptiveLayout(  820): com.android.internal.widget.SizeAdaptiveLayout@41af0338child view android.widget.FrameLayout@41c90fe0 measured out of bounds at 95px clamped to 96px
D/SizeAdaptiveLayout(  820): com.android.internal.widget.SizeAdaptiveLayout@419f1428child view android.widget.FrameLayout@41cb00e8 measured out of bounds at 95px clamped to 96px
D/SizeAdaptiveLayout(  820): com.android.internal.widget.SizeAdaptiveLayout@419f00e0child view android.widget.FrameLayout@41b55f28 measured out of bounds at 95px clamped to 96px
D/FxWorkspace(11581): hideFxSurface was true, set to false
D/mode10  (11581): FxView.setVisibility: 0
D/memalloc(  241): ion: Freeing buffer base:0x435b0000 size:1949696 fd:56
D/memalloc(  241): ion: Unmapping buffer  base:0x435b0000 size:1949696
D/memalloc(  241): ion: Freeing buffer base:0x40ace000 size:4096 fd:53
D/memalloc(  241): ion: Unmapping buffer  base:0x40ace000 size:4096
D/Rosie.IndicatorPagedVi_(11581): com.htc.launcher.AllAppsPagedView@41e48410.onViewPause
I/AppWindowSurface(11581): hide 2d surface
D/PowerManagerService(  598): releaseWakeLock(423f17f0): PARTIAL_WAKE_LOCK , tag=SCREEN_FROZEN, flags=0x1
I/ActivityManager(  598): Start proc com.htc.android.rosie.widget for service com.htc.clock3dwidget/.ClockWidgetService: pid=2395 uid=10189 gids={3003, 3002, 3001, 2001, 1015, 1028}
E/Trace   ( 2395): error opening trace file: No such file or directory (2)
V/MfLog   (  974): BrowseLayerCarouselFragment{419d73f8 #0 id=0x36f8056f}, onConfigurationChanged
V/MfLog   (  974): Dialer{41b68b80 #1 id=0x40000001 i7ery0.BrowseLayerCarouselFragment.1.PEOPLE_DIALER}, onConfigurationChanged
I/Rosie.AllAppsCarouselF_(11581): onResume
I/VolumePanel(  598): ACTION_CONFIGURATION_CHANGED
D/mode10  (11581): FxSurfaceView.surfaceChanged, mViewObject:com.htc.fusion.fx.FxViewObject@64583940
D/memalloc(  241): ion: Allocated buffer base:0x435b0000 size:2088960 fd:52
D/memalloc(  241): ion: Allocated buffer base:0x40ace000 size:4096 fd:53
D/memalloc(11581): ion: Mapped buffer base:0x5cc0f000 size:2088960 offset:0 fd:90
D/memalloc(11581): ion: Mapped buffer base:0x50032000 size:4096 offset:0 fd:92
D/memalloc(  241): ion: Allocated buffer base:0x437ae000 size:2088960 fd:57
D/memalloc(  241): ion: Allocated buffer base:0x4009b000 size:4096 fd:58
D/memalloc(11581): ion: Mapped buffer base:0x5d10b000 size:2088960 offset:0 fd:112
D/memalloc(11581): ion: Mapped buffer base:0x50043000 size:4096 offset:0 fd:115
D/memalloc(  241): ion: Allocated buffer base:0x44789000 size:2088960 fd:65
D/memalloc(  241): ion: Allocated buffer base:0x400bc000 size:4096 fd:68
D/memalloc(11581): ion: Mapped buffer base:0x5d350000 size:2088960 offset:0 fd:117
D/memalloc(11581): ion: Mapped buffer base:0x56e44000 size:4096 offset:0 fd:139
D/CarrierLabel(  820): CarrierLabel mIntentReceiver : android.intent.action.CONFIGURATION_CHANGED
D/CarrierLabel(  820): updateResources()
W/CarrierLabel(  820): updateNetworkNameExt: mSimState = UNKNOWN
D/CarrierLabel(  820): updateNetworkName showSpn=false spn= showPlmn=true plmn=3
D/memalloc(  241): ion: Allocated buffer base:0x44ebb000 size:2088960 fd:72
D/memalloc(  241): ion: Allocated buffer base:0x4000a000 size:4096 fd:73
D/memalloc(11581): ion: Mapped buffer base:0x5d54e000 size:2088960 offset:0 fd:141
D/memalloc(11581): ion: Mapped buffer base:0x56e45000 size:4096 offset:0 fd:143
D/FxWorkspace(11581): unshrink, completed
D/memalloc(  241): ion: Allocated buffer base:0x421d9000 size:139264 fd:99
D/memalloc(  241): ion: Allocated buffer base:0x400b7000 size:4096 fd:100
D/memalloc(  820): ion: Mapped buffer base:0x53c19000 size:139264 offset:0 fd:77
D/memalloc(  820): ion: Mapped buffer base:0x50033000 size:4096 offset:0 fd:88
D/FxNavbar(11581): onAnimationEnd: slide_on
D/FxWorkspace(11581): onAnimatedToActionMode
D/FxFuture(11581): FxFuture_get return m_value = true
D/CAT     (  968): CatService: Return current sInstance
V/InputMethodManagerService(  598): unbindCurrentInputLocked: client = android.os.BinderProxy@4254d740
I/InputMethodManagerService(  598): Disable input method client.
V/InputMethodManagerService(  598): switching to client: client = android.os.BinderProxy@428a33c0
I/InputMethodManagerService(  598): Enable input method client.
W/Adreno200-ES20(11581): <process_gl_state_enables:463>: GL_INVALID_ENUM
W/IInputConnectionWrapper( 1670): showStatusIcon on inactive InputConnection
W/IInputConnectionWrapper( 1670): InputConnection = android.webkit.WebViewClassic$WebViewInputConnection@41993048, active client = false
D/memalloc(  241): ion: Allocated buffer base:0x450b9000 size:2088960 fd:107
D/memalloc(  241): ion: Allocated buffer base:0x400b8000 size:4096 fd:108
D/memalloc(11581): ion: Mapped buffer base:0x5e652000 size:2088960 offset:0 fd:87
D/memalloc(11581): ion: Mapped buffer base:0x56e5b000 size:4096 offset:0 fd:146
D/memalloc(  241): ion: Allocated buffer base:0x426b2000 size:348160 fd:111
D/memalloc(  241): ion: Allocated buffer base:0x4001f000 size:4096 fd:113
D/memalloc(11581): ion: Mapped buffer base:0x599a2000 size:348160 offset:0 fd:149
D/memalloc(11581): ion: Mapped buffer base:0x57222000 size:4096 offset:0 fd:151
I/ActivityManager(  598): Recipient 2173
I/ActivityManager(  598): Recipient 2230
E/dalvikvm( 2344): Could not find class 'android.telephony.CellInfoCdma', referenced from method com.facebook.common.hardware.j.c
W/dalvikvm( 2344): VFY: unable to resolve instanceof 965 (Landroid/telephony/CellInfoCdma;) in Lcom/facebook/common/hardware/j;
W/SurfaceTexture(11581): [unnamed-11581-61] updateTexImage: clearing GL error: 0x500
D/memalloc(  241): ion: Allocated buffer base:0x42715000 size:348160 fd:116
D/memalloc(  241): ion: Allocated buffer base:0x400c4000 size:4096 fd:117
D/memalloc(  241): ion: Freeing buffer base:0x426b2000 size:348160 fd:111
D/memalloc(  241): ion: Unmapping buffer  base:0x426b2000 size:348160
D/memalloc(  241): ion: Freeing buffer base:0x4001f000 size:4096 fd:113
D/memalloc(  241): ion: Unmapping buffer  base:0x4001f000 size:4096
D/memalloc(11581): ion: Mapped buffer base:0x5a3eb000 size:348160 offset:0 fd:157
D/memalloc(11581): ion: Mapped buffer base:0x5722c000 size:4096 offset:0 fd:159
D/memalloc(  241): ion: Allocated buffer base:0x426b2000 size:348160 fd:111
D/memalloc(  241): ion: Allocated buffer base:0x400c5000 size:4096 fd:113
D/memalloc(  241): ion: Freeing buffer base:0x42715000 size:348160 fd:116
D/memalloc(  241): ion: Unmapping buffer  base:0x42715000 size:348160
D/memalloc(  241): ion: Freeing buffer base:0x400c4000 size:4096 fd:117
D/memalloc(  241): ion: Unmapping buffer  base:0x400c4000 size:4096
D/memalloc(11581): ion: Mapped buffer base:0x5a440000 size:348160 offset:0 fd:162
D/memalloc(11581): ion: Mapped buffer base:0x572ac000 size:4096 offset:0 fd:181
D/memalloc(  241): ion: Freeing buffer base:0x426b2000 size:348160 fd:111
D/memalloc(  241): ion: Unmapping buffer  base:0x426b2000 size:348160
D/memalloc(  241): ion: Freeing buffer base:0x400c5000 size:4096 fd:113
D/memalloc(  241): ion: Unmapping buffer  base:0x400c5000 size:4096
D/FxManager(11581): FxManager.addControl, found control id=2002
D/FxManager(11581): FxManager.addControl, found control id=2003
D/FxManager(11581): FxManager.addControl, found control id=2004
D/FxManager(11581): FxManager.addControl, found control id=2005
D/FxManager(11581): FxManager.addControl, found control id=2006
D/FxManager(11581): FxManager.addControl, found control id=2007
D/FxManager(11581): FxManager.addControl, found control id=2008
D/FxManager(11581): FxManager.addControl, found control id=2009
D/FxManager(11581): FxManager.addControl, found control id=2010
D/FxManager(11581): FxManager.addControl, found control id=2011
D/FxManager(11581): FxManager.addControl, found control id=2012
D/FxManager(11581): FxManager.addControl, found control id=2013
D/FxManager(11581): FxManager.addControl, found control id=2014
D/FxManager(11581): FxManager.addControl, found control id=2015
D/FxManager(11581): FxManager.addControl, found control id=2016
D/FxManager(11581): FxManager.addControl, found control id=2017
D/FxManager(11581): FxManager.addControl, found control id=2018
D/FxManager(11581): FxManager.addControl, found control id=2019
D/FxManager(11581): FxManager.addControl, found control id=2020
D/FxManager(11581): FxManager.addControl, found control id=2021
D/FxManager(11581): FxManager.addControl, found control id=2022
D/FxManager(11581): FxManager.addControl, found control id=2023
D/FxManager(11581): FxManager.addControl, found control id=2024
D/FxManager(11581): FxManager.addControl, found control id=2025
D/FxManager(11581): FxManager.addControl, found control id=2026
D/FxManager(11581): FxManager.addControl, found control id=2027
D/FxManager(11581): FxManager.addControl, found control id=2028
D/FxManager(11581): FxManager.addControl, found control id=2029
D/FxManager(11581): FxManager.addControl, found control id=2030
D/FxManager(11581): FxManager.addControl, found control id=2031
D/FxManager(11581): FxManager.addControl, found control id=2032
D/FxManager(11581): FxManager.addControl, found control id=2033
D/FxManager(11581): FxManager.addControl, found control id=2034
D/FxManager(11581): FxManager.addControl, found control id=2035
D/FxManager(11581): FxManager.addControl, found control id=2036
D/FxManager(11581): FxManager.addControl, found control id=2037
D/FxManager(11581): FxManager.addControl, found control id=2038
D/FxManager(11581): FxManager.addControl, found control id=2039
D/FxManager(11581): FxManager.addControl, found control id=2040
D/FxManager(11581): FxManager.addControl, found control id=2041
D/FxManager(11581): FxManager.addControl, found control id=2042
D/FxManager(11581): FxManager.addControl, found control id=2043
D/FxManager(11581): FxManager.addControl, found control id=2044
D/FxManager(11581): FxManager.addControl, found control id=2045
D/FxManager(11581): FxManager.addControl, found control id=2046
D/FxManager(11581): FxManager.addControl, found control id=2047
D/FxManager(11581): FxManager.addControl, found control id=2048
D/FxManager(11581): FxManager.addControl, found control id=2049
D/FxManager(11581): FxManager.addControl, found control id=2050
D/FxManager(11581): FxManager.addControl, found control id=2051
D/FxManager(11581): FxManager.addControl, found control id=2052
D/FxManager(11581): FxManager.addControl, found control id=2053
D/FxManager(11581): FxManager.addControl, found control id=2054
D/FxManager(11581): FxManager.addControl, found control id=2055
D/FxManager(11581): FxManager.addControl, found control id=2056
D/PowerManagerService(  598): releaseWakeLock(422cdaf8): PARTIAL_WAKE_LOCK , tag=ActivityManager-Launch, flags=0x1
I/ActivityManager(  598): Process ru.mail.mailapp (pid 2173) has died.
I/ActivityManager(  598): Process nz.barees.android.cachesensedemo (pid 2230) has died.
D/FxManager(11581): FxManager.addControl, found control id=2057
D/FxManager(11581): FxManager.addControl, found control id=2058
D/FxManager(11581): FxManager.addControl, found control id=2003
D/FxManager(11581): FxManager.addControl, found control id=2004
D/FxManager(11581): FxManager.addControl, found control id=2003
D/FxManager(11581): FxManager.addControl, found control id=2004
D/FxManager(11581): FxManager.addControl, found control id=2059
D/FxManager(11581): FxManager.addControl, found control id=2060
E/mode10  (11581): <11908> [FxSettingButton]: Initialize() failed!
E/mode10  (11581): <11908> [FxSettingButton]: Initialize() failed!
W/CpuWake (  598): >>nativeReleaseCpuPerfWakeLock()
W/CpuWake (  598): <<nativeReleaseCpuPerfWakeLock()
D/FxManager(11581): FxManager.addControl, found control id=2005
D/FxManager(11581): FxManager.addControl, found control id=2005
D/FxManager(11581): FxManager.addControl, found control id=2006
D/FxManager(11581): FxManager.addControl, found control id=2006
E/mode10  (11581): <11908> [FxSettingButton]: Initialize() failed!
E/mode10  (11581): <11908> [FxSettingButton]: Initialize() failed!
D/PowerManagerService(  598): releaseWakeLock(42531fc0): CPU_MIN_FREQ , tag=WindowManager-ScreenRotation-Freq, flags=0x100
D/PowerManagerService(  598): releaseWakeLock(424fa4c0): CPU_MIN_NUM , tag=WindowManager-ScreenRotation-Num, flags=0x400
D/FxManager(11581): FxManager.addControl, found control id=2003
D/FxManager(11581): FxManager.addControl, found control id=2004
D/FxManager(11581): FxManager.addControl, found control id=2003
D/FxManager(11581): FxManager.addControl, found control id=2004
D/FxManager(11581): FxManager.addControl, found control id=2005
D/FxManager(11581): FxManager.addControl, found control id=2006
D/FxManager(11581): FxManager.addControl, found control id=2007
D/FxManager(11581): FxManager.addControl, found control id=2008
D/FxManager(11581): FxManager.addControl, found control id=2009
D/FxManager(11581): FxManager.addControl, found control id=2010
D/FxManager(11581): FxManager.addControl, found control id=2011
D/FxManager(11581): FxManager.addControl, found control id=2012
D/FxManager(11581): FxManager.addControl, found control id=2013
D/FxManager(11581): FxManager.addControl, found control id=2014
D/FxManager(11581): FxManager.addControl, found control id=2015
D/FxManager(11581): FxManager.addControl, found control id=2016
D/FxManager(11581): FxManager.addControl, found control id=2017
D/FxManager(11581): FxManager.addControl, found control id=2018
D/FxManager(11581): FxManager.addControl, found control id=2019
D/FxManager(11581): FxManager.addControl, found control id=2020
D/FxManager(11581): FxManager.addControl, found control id=2021
W/FxRemoteObject(11581): Cannot find fxObject(button.calculator02.sin)
W/FxRemoteObject(11581): Cannot find fxObject(button.calculator02.cos)
W/FxRemoteObject(11581): Cannot find fxObject(button.calculator02.tan)
W/FxRemoteObject(11581): Cannot find fxObject(button.calculator02.ln)
W/FxRemoteObject(11581): Cannot find fxObject(button.calculator02.log)
W/FxRemoteObject(11581): Cannot find fxObject(button.calculator02.exc)
W/FxRemoteObject(11581): Cannot find fxObject(button.calculator02.pi)
W/FxRemoteObject(11581): Cannot find fxObject(button.calculator02.e)
W/FxRemoteObject(11581): Cannot find fxObject(button.calculator02.rad)
W/FxRemoteObject(11581): Cannot find fxObject(button.calculator02.arr)
W/FxRemoteObject(11581): Cannot find fxObject(button.calculator02.par.1)
W/FxRemoteObject(11581): Cannot find fxObject(button.calculator02.par.2)
D/FxManager(11581): FxManager.addControl, found control id=2022
D/FxManager(11581): FxManager.addControl, found control id=2023
D/FxManager(11581): FxManager.addControl, found control id=2024
I/HtcScreenBrightnessWidget( 2395): GetCurrentSetting: nRet = 2
I/HtcScreenBrightnessWidget( 2395): GetCurrentSetting: nRet = 2
D/WidgetScreenBrightness( 2395): playmarker
E/mode10  (11581): <11908> [FxSettingButton]: Initialize() failed!
I/HtcScreenBrightnessWidget( 2395): GetCurrentSetting: nRet = 2
D/FxManager(11581): FxManager.addControl, found control id=2003
D/FxManager(11581): FxManager.addControl, found control id=2004
D/FxManager(11581): FxManager.addControl, found control id=2025
D/FxManager(11581): FxManager.addControl, found control id=2003
D/FxManager(11581): FxManager.addControl, found control id=2026
D/FxManager(11581): FxManager.addControl, found control id=2004
D/FxManager(11581): FxManager.addControl, found control id=2027
D/FxManager(11581): FxManager.addControl, found control id=2003
D/FxManager(11581): FxManager.addControl, found control id=2004
D/FxManager(11581): FxManager.addControl, found control id=2028
D/FxManager(11581): FxManager.addControl, found control id=2029
D/FxManager(11581): FxManager.addControl, found control id=2030
D/FxManager(11581): FxManager.addControl, found control id=2031
D/FxManager(11581): FxManager.addControl, found control id=2032
D/FxManager(11581): FxManager.addControl, found control id=2033
D/FxManager(11581): FxManager.addControl, found control id=2034
D/FxManager(11581): FxManager.addControl, found control id=2035
D/FxManager(11581): FxManager.addControl, found control id=2005
D/FxManager(11581): FxManager.addControl, found control id=2006
D/FxManager(11581): FxManager.addControl, found control id=2036
D/FxManager(11581): FxManager.addControl, found control id=2037
D/FxManager(11581): FxManager.addControl, found control id=2038
D/FxManager(11581): FxManager.addControl, found control id=2005
D/FxManager(11581): FxManager.addControl, found control id=2006
D/FxManager(11581): FxManager.addControl, found control id=2039
D/FxManager(11581): FxManager.addControl, found control id=2040
D/FxManager(11581): FxManager.addControl, found control id=2041
D/FxManager(11581): FxManager.addControl, found control id=2042
D/FxManager(11581): FxManager.addControl, found control id=2043
D/FxManager(11581): FxManager.addControl, found control id=2044
D/FxManager(11581): FxManager.addControl, found control id=2045
D/FxManager(11581): FxManager.addControl, found control id=2046
D/FxManager(11581): FxManager.addControl, found control id=2047
D/FxManager(11581): FxManager.addControl, found control id=2048
E/mode10  (11581): <11908> [FxSettingButton]: Initialize() failed!
E/mode10  (11581): <11908> [FxSettingButton]: Initialize() failed!
E/mode10  (11581): <11908> [FxSettingButton]: Initialize() failed!
E/mode10  (11581): <11908> [FxSettingButton]: Initialize() failed!
D/HtcDialer(  974): updateButtonTextPreferred() mShouldUpdateCallBtnPreferred=true slot=1
D/HtcDialer(  974): updateButtonTextPreferred() mShouldUpdateCallBtnPreferred=true slot=1
D/HtcDialer(  974): updateButtonTextPreferred() mShouldUpdateCallBtnPreferred=true slot=1
D/my      (  974): myGC1
I/NativeImageProcessor( 2344): == read 42 bytes ==
I/NativeImageProcessor( 2344): == read -1 bytes ==
W/dalvikvm( 2344): VFY: unable to resolve static method 7243: Landroid/text/format/DateFormat;.getBestDateTimePattern (Ljava/util/Locale;Ljava/lang/String;)Ljava/lang/String;
W/dalvikvm( 2344): VFY: unable to resolve static method 7243: Landroid/text/format/DateFormat;.getBestDateTimePattern (Ljava/util/Locale;Ljava/lang/String;)Ljava/lang/String;
W/BroadcastQueue(  598): Permission Denial: broadcasting Intent { act=android.net.conn.INET_CONDITION_ACTION flg=0x8000010 (has extras) } from null (pid=-1, uid=-1) requires com.facebook.permission.prod.FB_APP_COMMUNICATION due to registered receiver BroadcastFilter{4284d7b8 ReceiverList{42850520 2344 com.facebook.orca/10000 remote:426f4218}}
W/BroadcastQueue(  598): Permission Denial: broadcasting Intent { act=android.net.conn.CONNECTIVITY_CHANGE flg=0x8000010 (has extras) } from null (pid=-1, uid=-1) requires com.facebook.permission.prod.FB_APP_COMMUNICATION due to registered receiver BroadcastFilter{4284d7b8 ReceiverList{42850520 2344 com.facebook.orca/10000 remote:426f4218}}
W/dalvikvm( 2344): Unable to resolve superclass of Lcom/facebook/push/adm/ADMBroadcastReceiver; (624)
W/dalvikvm( 2344): Link of class 'Lcom/facebook/push/adm/ADMBroadcastReceiver;' failed
E/dalvikvm( 2344): Could not find class 'com.facebook.push.adm.ADMBroadcastReceiver', referenced from method com.facebook.push.adm.a.b
W/dalvikvm( 2344): VFY: unable to resolve const-class 7921 (Lcom/facebook/push/adm/ADMBroadcastReceiver;) in Lcom/facebook/push/adm/a;
D/StateMachine(  598): handleMessage: E msg.what=131218
D/StateMachine(  598): processMsg: ConnectedState
D/WifiStateMachine(  598): ConnectedState{ what=131218 when=0 target=Handler (com.android.internal.util.StateMachine$SmHandler) {422da338} }
D/StateMachine(  598): processMsg: L2ConnectedState
D/WifiStateMachine(  598): L2ConnectedState{ what=131218 when=0 target=Handler (com.android.internal.util.StateMachine$SmHandler) {422da338} }
D/StateMachine(  598): processMsg: ConnectModeState
D/WifiStateMachine(  598): ConnectModeState{ what=131218 when=-1ms target=Handler (com.android.internal.util.StateMachine$SmHandler) {422da338} }
D/StateMachine(  598): processMsg: DriverStartedState
D/WifiStateMachine(  598): DriverStartedState{ what=131218 when=-1ms target=Handler (com.android.internal.util.StateMachine$SmHandler) {422da338} }
W/dalvikvm(  820): disableGcForExternalAlloc: true
I/wpa_ctrl(  598): [wpa_ctrl_request] ctrl address = 50982678, ctrl_conn address = 0
D/StateMachine(  598): handleMessage: X
V/LightsService(  598): setLight #8: color=#c8c800
D/lights  (  598): set_color_led color=13158400, mode=255, off_min=0, off_sec=0
D/lights  (  598): [LedInfo] without indicator attribute, red:c80000, green:c800, blue:0
V/NotificationService(  598): Charging...
V/LightsService(  598): setLight #8: color=#c80000
D/lights  (  598): set_color_led color=13107200, mode=1, off_min=0, off_sec=0
D/lights  (  598): [LedInfo] without indicator attribute, red:c80000, green:0, blue:0
D/lights  (  598): [LedInfo] write attr ok name=/sys/class/leds/amber/brightness string=1,len=1
D/lights  (  598): [LedInfo] write attr ok name=/sys/class/leds/amber/blink string=0,len=1
D/lights  (  598): [LedInfo] write attr ok name=/sys/class/leds/amber/off_timer string=0 0,len=3
D/lights  (  598): [LedInfo] write attr ok name=/sys/class/leds/green/brightness string=0,len=1
D/lights  (  598): [LedInfo] write attr ok name=/sys/class/leds/green/blink string=0,len=1
D/lights  (  598): [LedInfo] write attr ok name=/sys/class/leds/green/off_timer string=0 0,len=3
D/memalloc(  820): ion: Unmapping buffer  base:0x53bf7000 size:139264
D/memalloc(  820): ion: Unmapping buffer  base:0x40ebb000 size:4096
D/memalloc(  820): ion: Unmapping buffer  base:0x53c9b000 size:139264
D/memalloc(  820): ion: Unmapping buffer  base:0x50030000 size:4096
D/memalloc(  820): ion: Unmapping buffer  base:0x53c19000 size:139264
D/memalloc(  820): ion: Unmapping buffer  base:0x50033000 size:4096
D/memalloc(  241): ion: Freeing buffer base:0x42195000 size:139264 fd:76
D/memalloc(  241): ion: Unmapping buffer  base:0x42195000 size:139264
D/memalloc(  241): ion: Freeing buffer base:0x4000c000 size:4096 fd:82
D/memalloc(  241): ion: Unmapping buffer  base:0x4000c000 size:4096
D/memalloc(  241): ion: Freeing buffer base:0x421b7000 size:139264 fd:93
D/memalloc(  241): ion: Unmapping buffer  base:0x421b7000 size:139264
D/memalloc(  241): ion: Freeing buffer base:0x4001d000 size:4096 fd:94
D/memalloc(  241): ion: Unmapping buffer  base:0x4001d000 size:4096
D/memalloc(  241): ion: Allocated buffer base:0x452b7000 size:2088960 fd:76
D/memalloc(  241): ion: Allocated buffer base:0x40063000 size:4096 fd:82
D/memalloc(  820): ion: Mapped buffer base:0x55814000 size:2088960 offset:0 fd:76
D/memalloc(  820): ion: Mapped buffer base:0x40ebb000 size:4096 offset:0 fd:78
D/memalloc(  241): ion: Allocated buffer base:0x454b5000 size:2088960 fd:93
D/memalloc(  241): ion: Allocated buffer base:0x40035000 size:4096 fd:94
D/memalloc(  820): ion: Mapped buffer base:0x57b22000 size:2088960 offset:0 fd:81
D/memalloc(  820): ion: Mapped buffer base:0x50030000 size:4096 offset:0 fd:83
D/PhoneStatusBar(  820): disable: < expand icons alerts TICKER* system_info back home recent clock >
D/memalloc(  241): ion: Freeing buffer base:0x421d9000 size:139264 fd:99
D/memalloc(  241): ion: Unmapping buffer  base:0x421d9000 size:139264
D/memalloc(  241): ion: Freeing buffer base:0x400b7000 size:4096 fd:100
D/memalloc(  241): ion: Unmapping buffer  base:0x400b7000 size:4096
E/hwcomposer(  241): void qhwc::QueuedBufferStore::unlockBuffer(private_handle_t*) Invalid Handle
D/memalloc(  241): ion: Allocated buffer base:0x456b3000 size:2088960 fd:99
D/memalloc(  241): ion: Allocated buffer base:0x40064000 size:4096 fd:100
D/memalloc(  820): ion: Mapped buffer base:0x57d20000 size:2088960 offset:0 fd:85
D/memalloc(  820): ion: Mapped buffer base:0x50033000 size:4096 offset:0 fd:87
I/PackageManager(  598):  setEnabledSetting(), pkgName=com.facebook.orca, clsName=com.facebook.rti.orca.NetworkBroadcastReceiver, state=2, flag=1, pid=2344, uid=10000
I/PackageManager(  598):  setEnabledSetting(), pkgName=com.facebook.orca, clsName=com.facebook.rti.orca.UserPresentBroadcastReceiver, state=2, flag=1, pid=2344, uid=10000
I/PackageManager(  598):  setEnabledSetting(), pkgName=com.facebook.orca, clsName=com.facebook.rti.orca.KeepAliveBroadcastReceiver, state=2, flag=1, pid=2344, uid=10000
I/PackageManager(  598):  setEnabledSetting(), pkgName=com.facebook.orca, clsName=com.facebook.rti.orca.PackageReplacedBroadcastReceiver, state=2, flag=1, pid=2344, uid=10000
I/PackageManager(  598):  setEnabledSetting(), pkgName=com.facebook.orca, clsName=com.facebook.rti.orca.BootCompleteBroadcastReceiver, state=2, flag=1, pid=2344, uid=10000
D/StateMachine(  598): handleMessage: E msg.what=131218
D/StateMachine(  598): processMsg: ConnectedState
D/WifiStateMachine(  598): ConnectedState{ what=131218 when=0 target=Handler (com.android.internal.util.StateMachine$SmHandler) {422da338} }
D/StateMachine(  598): processMsg: L2ConnectedState
D/WifiStateMachine(  598): L2ConnectedState{ what=131218 when=-1ms target=Handler (com.android.internal.util.StateMachine$SmHandler) {422da338} }
D/StateMachine(  598): processMsg: ConnectModeState
D/WifiStateMachine(  598): ConnectModeState{ what=131218 when=-1ms target=Handler (com.android.internal.util.StateMachine$SmHandler) {422da338} }
D/StateMachine(  598): processMsg: DriverStartedState
D/WifiStateMachine(  598): DriverStartedState{ what=131218 when=-1ms target=Handler (com.android.internal.util.StateMachine$SmHandler) {422da338} }
I/wpa_ctrl(  598): [wpa_ctrl_request] ctrl address = 50982678, ctrl_conn address = 0
D/StateMachine(  598): handleMessage: X
D/StateMachine(  598): handleMessage: E msg.what=131218
D/StateMachine(  598): processMsg: ConnectedState
D/WifiStateMachine(  598): ConnectedState{ what=131218 when=0 target=Handler (com.android.internal.util.StateMachine$SmHandler) {422da338} }
D/StateMachine(  598): processMsg: L2ConnectedState
D/WifiStateMachine(  598): L2ConnectedState{ what=131218 when=0 target=Handler (com.android.internal.util.StateMachine$SmHandler) {422da338} }
D/StateMachine(  598): processMsg: ConnectModeState
D/WifiStateMachine(  598): ConnectModeState{ what=131218 when=0 target=Handler (com.android.internal.util.StateMachine$SmHandler) {422da338} }
D/StateMachine(  598): processMsg: DriverStartedState
D/WifiStateMachine(  598): DriverStartedState{ what=131218 when=-1ms target=Handler (com.android.internal.util.StateMachine$SmHandler) {422da338} }
I/wpa_ctrl(  598): [wpa_ctrl_request] ctrl address = 50982678, ctrl_conn address = 0
D/StateMachine(  598): handleMessage: X
D/StateMachine(  598): handleMessage: E msg.what=131218
D/StateMachine(  598): processMsg: ConnectedState
D/WifiStateMachine(  598): ConnectedState{ what=131218 when=0 target=Handler (com.android.internal.util.StateMachine$SmHandler) {422da338} }
D/StateMachine(  598): processMsg: L2ConnectedState
D/WifiStateMachine(  598): L2ConnectedState{ what=131218 when=0 target=Handler (com.android.internal.util.StateMachine$SmHandler) {422da338} }
D/StateMachine(  598): processMsg: ConnectModeState
D/WifiStateMachine(  598): ConnectModeState{ what=131218 when=-1ms target=Handler (com.android.internal.util.StateMachine$SmHandler) {422da338} }
D/StateMachine(  598): processMsg: DriverStartedState
D/WifiStateMachine(  598): DriverStartedState{ what=131218 when=-1ms target=Handler (com.android.internal.util.StateMachine$SmHandler) {422da338} }
W/msgr(:<default>):a( 2344): Attempt to start service that is already started
I/wpa_ctrl(  598): [wpa_ctrl_request] ctrl address = 50982678, ctrl_conn address = 0
D/StateMachine(  598): handleMessage: X
W/dalvikvm(  820): disableGcForExternalAlloc: false
D/TELEPHONY_CALLBACK(  820): @onSignalStrengthChanged: SignalStrength: 5 -1 -1 -1 -1 -1 -1 -1 -1 -1 2147483647 -1 gsm|lte
D/StatusBar.NetworkController(  820): dumpState[hasService=true ServiceState=0 home 3 3 27202  HSPA CSS not supported -1 -1 RoamInd=-1 DefRoamInd=-1EriInd= -1EriMode= -1RadioPowerSv: false EmergOnly=false PhoneType: 1 IsCdma=false SimState=UNKNOWN GprsState=0 DataState=Disconnected DataActivity=NONE NetworkType=HSPA HtcModemLinkOn=false HspaDataDistinquishable=true]
D/SIGNAL_ICON(  820): updateTelephonySignalStrength
D/SIGNAL_ICON(  820): fakeui srv=0 mTimerEnabled=false asu=5
D/SIGNAL_ICON(  820): asu=5
D/SIGNAL_ICON(  820): SUPPORT_5_LEVEL_SIGNAL
D/SIGNAL_ICON(  820): mapTelephonySignalStrength
D/SIGNAL_ICON(  820): maxLevel=5 asu=5 networkType=HSPA
D/SIGNAL_ICON(  820): return iconLevel=2
D/StatusBar.NetworkController(  820): dumpIconState[dataVisible=false dataIconId=stat_sys_data_connected_3g_plus signalIconId=stat_sys_5signal_2 wifiVisible=true wifiIconId=stat_sys_wifi_signal_4 airplaneMode=false]
W/BroadcastQueue(  598): Permission Denial: broadcasting Intent { act=android.net.conn.CONNECTIVITY_CHANGE flg=0x8000010 (has extras) } from null (pid=-1, uid=-1) requires com.facebook.permission.prod.FB_APP_COMMUNICATION due to registered receiver BroadcastFilter{425fac28 ReceiverList{42600630 2344 com.facebook.orca/10000 remote:42376ec0}}
D/StateMachine(  598): handleMessage: E msg.what=131218
D/StateMachine(  598): processMsg: ConnectedState
D/WifiStateMachine(  598): ConnectedState{ what=131218 when=-1ms target=Handler (com.android.internal.util.StateMachine$SmHandler) {422da338} }
D/StateMachine(  598): processMsg: L2ConnectedState
D/WifiStateMachine(  598): L2ConnectedState{ what=131218 when=-1ms target=Handler (com.android.internal.util.StateMachine$SmHandler) {422da338} }
D/StateMachine(  598): processMsg: ConnectModeState
D/WifiStateMachine(  598): ConnectModeState{ what=131218 when=-1ms target=Handler (com.android.internal.util.StateMachine$SmHandler) {422da338} }
D/StateMachine(  598): processMsg: DriverStartedState
D/WifiStateMachine(  598): DriverStartedState{ what=131218 when=-1ms target=Handler (com.android.internal.util.StateMachine$SmHandler) {422da338} }
I/wpa_ctrl(  598): [wpa_ctrl_request] ctrl address = 50982678, ctrl_conn address = 0
D/StateMachine(  598): handleMessage: X
I/PackageManager(  598):  setEnabledSetting(), pkgName=com.facebook.orca, clsName=com.facebook.push.crossapp.PackageRemoveReceiverInManifest, state=2, flag=1, pid=2344, uid=10000
I/System.out( 2344): ~~~ loading file libphone_data/PhoneNumberMetadataProto_US
D/StateMachine(  598): handleMessage: E msg.what=131155
D/StateMachine(  598): processMsg: ConnectedState
D/WifiStateMachine(  598): ConnectedState{ what=131155 when=0 target=Handler (com.android.internal.util.StateMachine$SmHandler) {422da338} arg1=264 }
D/StateMachine(  598): processMsg: L2ConnectedState
D/WifiStateMachine(  598): L2ConnectedState{ what=131155 when=0 target=Handler (com.android.internal.util.StateMachine$SmHandler) {422da338} arg1=264 }
I/wpa_ctrl(  598): [wpa_ctrl_request] ctrl address = 50982678, ctrl_conn address = 0
D/WifiStateMachine(  598): fetchRssiAndLinkSpeedNative RSSI = -52
D/StateMachine(  598): handleMessage: X
W/dalvikvm( 2344): VFY: unable to resolve virtual method 7159: Landroid/telephony/TelephonyManager;.getGroupIdLevel1 ()Ljava/lang/String;
W/dalvikvm(  820): disableGcForExternalAlloc: true
D/PhoneStatusBar(  820): disable: < expand icons alerts ticker* system_info back home recent clock >
W/dalvikvm(  820): disableGcForExternalAlloc: false
V/LightsService(  598): setLight #8: color=#c8c800
D/lights  (  598): set_color_led color=13158400, mode=255, off_min=0, off_sec=0
D/lights  (  598): [LedInfo] without indicator attribute, red:c80000, green:c800, blue:0
V/NotificationService(  598): Charging...
V/LightsService(  598): setLight #8: color=#c80000
D/lights  (  598): set_color_led color=13107200, mode=1, off_min=0, off_sec=0
D/lights  (  598): [LedInfo] without indicator attribute, red:c80000, green:0, blue:0
D/lights  (  598): [LedInfo] write attr ok name=/sys/class/leds/amber/brightness string=1,len=1
D/lights  (  598): [LedInfo] write attr ok name=/sys/class/leds/amber/blink string=0,len=1
D/lights  (  598): [LedInfo] write attr ok name=/sys/class/leds/amber/off_timer string=0 0,len=3
D/lights  (  598): [LedInfo] write attr ok name=/sys/class/leds/green/brightness string=0,len=1
D/lights  (  598): [LedInfo] write attr ok name=/sys/class/leds/green/blink string=0,len=1
D/lights  (  598): [LedInfo] write attr ok name=/sys/class/leds/green/off_timer string=0 0,len=3
D/memalloc(  820): ion: Unmapping buffer  base:0x55814000 size:2088960
D/memalloc(  820): ion: Unmapping buffer  base:0x40ebb000 size:4096
D/memalloc(  820): ion: Unmapping buffer  base:0x57b22000 size:2088960
D/memalloc(  820): ion: Unmapping buffer  base:0x50030000 size:4096
D/memalloc(  820): ion: Unmapping buffer  base:0x57d20000 size:2088960
D/memalloc(  820): ion: Unmapping buffer  base:0x50033000 size:4096
D/memalloc(  241): ion: Freeing buffer base:0x452b7000 size:2088960 fd:76
D/memalloc(  241): ion: Unmapping buffer  base:0x452b7000 size:2088960
D/memalloc(  241): ion: Freeing buffer base:0x40063000 size:4096 fd:82
D/memalloc(  241): ion: Unmapping buffer  base:0x40063000 size:4096
D/memalloc(  241): ion: Freeing buffer base:0x454b5000 size:2088960 fd:93
D/memalloc(  241): ion: Unmapping buffer  base:0x454b5000 size:2088960
W/InputMethodManagerService(  598): Window already focused, ignoring focus gain of: com.android.internal.view.IInputMethodClient$Stub$Proxy@4258a958 attribute=null
D/memalloc(  241): ion: Freeing buffer base:0x40035000 size:4096 fd:94
D/memalloc(  241): ion: Unmapping buffer  base:0x40035000 size:4096
D/memalloc(  241): ion: Allocated buffer base:0x42195000 size:139264 fd:76
D/memalloc(  241): ion: Allocated buffer base:0x40c3e000 size:4096 fd:82
D/memalloc(  820): ion: Mapped buffer base:0x53cff000 size:139264 offset:0 fd:76
D/memalloc(  820): ion: Mapped buffer base:0x40ebb000 size:4096 offset:0 fd:78
D/memalloc(  241): ion: Allocated buffer base:0x421b7000 size:139264 fd:93
D/memalloc(  241): ion: Allocated buffer base:0x4006e000 size:4096 fd:94
D/memalloc(  820): ion: Mapped buffer base:0x53d77000 size:139264 offset:0 fd:81
D/memalloc(  820): ion: Mapped buffer base:0x50030000 size:4096 offset:0 fd:83
D/memalloc(  241): ion: Freeing buffer base:0x456b3000 size:2088960 fd:99
D/memalloc(  241): ion: Unmapping buffer  base:0x456b3000 size:2088960
D/memalloc(  241): ion: Freeing buffer base:0x40064000 size:4096 fd:100
D/memalloc(  241): ion: Unmapping buffer  base:0x40064000 size:4096
E/hwcomposer(  241): void qhwc::QueuedBufferStore::unlockBuffer(private_handle_t*) Invalid Handle
D/PowerManagerService(  598): acquireWakeLock(42ac2de0): PARTIAL_WAKE_LOCK , tag=RILJ, flags=0x1, pid=968, uid=1001, mUserState=0x3
D/PowerManagerService(  598): releaseWakeLock(42ac2de0): PARTIAL_WAKE_LOCK , tag=RILJ, flags=0x1
D/PowerManagerService(  598): acquireWakeLock(42982538): PARTIAL_WAKE_LOCK , tag=RILJ, flags=0x1, pid=968, uid=1001, mUserState=0x3
D/PowerManagerService(  598): releaseWakeLock(42982538): PARTIAL_WAKE_LOCK , tag=RILJ, flags=0x1
W/dalvikvm(  820): disableGcForExternalAlloc: true
V/LightsService(  598): setLight #8: color=#c8c800
D/lights  (  598): set_color_led color=13158400, mode=255, off_min=0, off_sec=0
D/lights  (  598): [LedInfo] without indicator attribute, red:c80000, green:c800, blue:0
V/NotificationService(  598): Charging...
V/LightsService(  598): setLight #8: color=#c80000
D/lights  (  598): set_color_led color=13107200, mode=1, off_min=0, off_sec=0
D/lights  (  598): [LedInfo] without indicator attribute, red:c80000, green:0, blue:0
D/lights  (  598): [LedInfo] write attr ok name=/sys/class/leds/amber/brightness string=1,len=1
D/lights  (  598): [LedInfo] write attr ok name=/sys/class/leds/amber/blink string=0,len=1
D/lights  (  598): [LedInfo] write attr ok name=/sys/class/leds/amber/off_timer string=0 0,len=3
D/lights  (  598): [LedInfo] write attr ok name=/sys/class/leds/green/brightness string=0,len=1
D/lights  (  598): [LedInfo] write attr ok name=/sys/class/leds/green/blink string=0,len=1
D/lights  (  598): [LedInfo] write attr ok name=/sys/class/leds/green/off_timer string=0 0,len=3
D/memalloc(  820): ion: Unmapping buffer  base:0x53cff000 size:139264
D/memalloc(  820): ion: Unmapping buffer  base:0x40ebb000 size:4096
D/memalloc(  820): ion: Unmapping buffer  base:0x53d77000 size:139264
D/memalloc(  820): ion: Unmapping buffer  base:0x50030000 size:4096
D/memalloc(  241): ion: Freeing buffer base:0x421b7000 size:139264 fd:93
D/memalloc(  241): ion: Unmapping buffer  base:0x421b7000 size:139264
D/memalloc(  241): ion: Freeing buffer base:0x4006e000 size:4096 fd:94
D/memalloc(  241): ion: Unmapping buffer  base:0x4006e000 size:4096
D/memalloc(  241): ion: Allocated buffer base:0x452b7000 size:2088960 fd:93
D/memalloc(  241): ion: Allocated buffer base:0x40d06000 size:4096 fd:94
D/memalloc(  820): ion: Mapped buffer base:0x55814000 size:2088960 offset:0 fd:76
D/memalloc(  820): ion: Mapped buffer base:0x40ebb000 size:4096 offset:0 fd:78
D/memalloc(  241): ion: Allocated buffer base:0x454b5000 size:2088960 fd:99
D/memalloc(  241): ion: Allocated buffer base:0x40d68000 size:4096 fd:100
D/memalloc(  820): ion: Mapped buffer base:0x57b22000 size:2088960 offset:0 fd:81
D/memalloc(  820): ion: Mapped buffer base:0x50030000 size:4096 offset:0 fd:83
D/PhoneStatusBar(  820): disable: < expand icons alerts TICKER* system_info back home recent clock >
D/memalloc(  241): ion: Freeing buffer base:0x42195000 size:139264 fd:76
D/memalloc(  241): ion: Unmapping buffer  base:0x42195000 size:139264
D/memalloc(  241): ion: Freeing buffer base:0x40c3e000 size:4096 fd:82
D/memalloc(  241): ion: Unmapping buffer  base:0x40c3e000 size:4096
E/hwcomposer(  241): void qhwc::QueuedBufferStore::unlockBuffer(private_handle_t*) Invalid Handle
D/memalloc(  241): ion: Allocated buffer base:0x456b3000 size:2088960 fd:76
D/memalloc(  241): ion: Allocated buffer base:0x40c3e000 size:4096 fd:82
D/memalloc(  820): ion: Mapped buffer base:0x57d20000 size:2088960 offset:0 fd:85
D/memalloc(  820): ion: Mapped buffer base:0x50033000 size:4096 offset:0 fd:87
W/dalvikvm(  820): disableGcForExternalAlloc: false
D/TELEPHONY_CALLBACK(  820): @onSignalStrengthChanged: SignalStrength: 5 -1 -1 -1 -1 -1 -1 -1 -1 -1 2147483647 -1 gsm|lte
D/StatusBar.NetworkController(  820): dumpState[hasService=true ServiceState=0 home 3 3 27202  HSPA CSS not supported -1 -1 RoamInd=-1 DefRoamInd=-1EriInd= -1EriMode= -1RadioPowerSv: false EmergOnly=false PhoneType: 1 IsCdma=false SimState=UNKNOWN GprsState=0 DataState=Disconnected DataActivity=NONE NetworkType=HSPA HtcModemLinkOn=false HspaDataDistinquishable=true]
D/SIGNAL_ICON(  820): updateTelephonySignalStrength
D/SIGNAL_ICON(  820): fakeui srv=0 mTimerEnabled=false asu=5
D/SIGNAL_ICON(  820): asu=5
D/SIGNAL_ICON(  820): SUPPORT_5_LEVEL_SIGNAL
D/SIGNAL_ICON(  820): mapTelephonySignalStrength
D/SIGNAL_ICON(  820): maxLevel=5 asu=5 networkType=HSPA
D/SIGNAL_ICON(  820): return iconLevel=2
D/StatusBar.NetworkController(  820): dumpIconState[dataVisible=false dataIconId=stat_sys_data_connected_3g_plus signalIconId=stat_sys_5signal_2 wifiVisible=true wifiIconId=stat_sys_wifi_signal_4 airplaneMode=false]
D/StateMachine(  598): handleMessage: E msg.what=131155
D/StateMachine(  598): processMsg: ConnectedState
D/WifiStateMachine(  598): ConnectedState{ what=131155 when=-4ms target=Handler (com.android.internal.util.StateMachine$SmHandler) {422da338} arg1=264 }
D/StateMachine(  598): processMsg: L2ConnectedState
D/WifiStateMachine(  598): L2ConnectedState{ what=131155 when=-4ms target=Handler (com.android.internal.util.StateMachine$SmHandler) {422da338} arg1=264 }
I/wpa_supplicant(  798): Change stage from stage0 to stage3
I/wpa_supplicant(  798): Don't scan again before 3 minutes, avoid too many scan when stage change frequently
I/wpa_ctrl(  598): [wpa_ctrl_request] ctrl address = 50982678, ctrl_conn address = 0
D/WifiStateMachine(  598): fetchRssiAndLinkSpeedNative RSSI = -56
D/StateMachine(  598): handleMessage: X
W/dalvikvm(  820): disableGcForExternalAlloc: true
D/PowerManagerService(  598): acquireWakeLock(42738cb8): PARTIAL_WAKE_LOCK , tag=RILJ, flags=0x1, pid=968, uid=1001, mUserState=0x3
D/PowerManagerService(  598): releaseWakeLock(42738cb8): PARTIAL_WAKE_LOCK , tag=RILJ, flags=0x1
D/PhoneStatusBar(  820): disable: < expand icons alerts ticker* system_info back home recent clock >
V/LightsService(  598): setLight #8: color=#c8c800
D/lights  (  598): set_color_led color=13158400, mode=255, off_min=0, off_sec=0
D/lights  (  598): [LedInfo] without indicator attribute, red:c80000, green:c800, blue:0
V/NotificationService(  598): Charging...
V/LightsService(  598): setLight #8: color=#c80000
D/lights  (  598): set_color_led color=13107200, mode=1, off_min=0, off_sec=0
D/lights  (  598): [LedInfo] without indicator attribute, red:c80000, green:0, blue:0
D/lights  (  598): [LedInfo] write attr ok name=/sys/class/leds/amber/brightness string=1,len=1
D/lights  (  598): [LedInfo] write attr ok name=/sys/class/leds/amber/blink string=0,len=1
D/lights  (  598): [LedInfo] write attr ok name=/sys/class/leds/amber/off_timer string=0 0,len=3
D/lights  (  598): [LedInfo] write attr ok name=/sys/class/leds/green/brightness string=0,len=1
D/lights  (  598): [LedInfo] write attr ok name=/sys/class/leds/green/blink string=0,len=1
D/lights  (  598): [LedInfo] write attr ok name=/sys/class/leds/green/off_timer string=0 0,len=3
V/LightsService(  598): setLight #8: color=#c8c800
D/lights  (  598): set_color_led color=13158400, mode=255, off_min=0, off_sec=0
D/lights  (  598): [LedInfo] without indicator attribute, red:c80000, green:c800, blue:0
V/NotificationService(  598): Charging...
V/LightsService(  598): setLight #8: color=#c80000
D/lights  (  598): set_color_led color=13107200, mode=1, off_min=0, off_sec=0
D/lights  (  598): [LedInfo] without indicator attribute, red:c80000, green:0, blue:0
D/lights  (  598): [LedInfo] write attr ok name=/sys/class/leds/amber/brightness string=1,len=1
D/lights  (  598): [LedInfo] write attr ok name=/sys/class/leds/amber/blink string=0,len=1
W/dalvikvm(  820): disableGcForExternalAlloc: false
I/vk_longpoll(  369): Starting LongPoll service.
D/lights  (  598): [LedInfo] write attr ok name=/sys/class/leds/amber/off_timer string=0 0,len=3
D/lights  (  598): [LedInfo] write attr ok name=/sys/class/leds/green/brightness string=0,len=1
D/lights  (  598): [LedInfo] write attr ok name=/sys/class/leds/green/blink string=0,len=1
D/lights  (  598): [LedInfo] write attr ok name=/sys/class/leds/green/off_timer string=0 0,len=3
D/vk_longpoll(  369): started = false
D/vk_longpoll(  369): LongPoll starting
I/LocalService(  369): Received start id 1: Intent { act=com.vkontakte.android.CANCEL_NOTIFICATION cmp=com.vkontakte.android/.LongPollService }
I/ActivityManager(  598): Start proc com.freshware.hydro for broadcast com.freshware.hydro/.alerts.AlertBroadcastReceiver: pid=2455 uid=10173 gids={1015, 3003, 1028}
W/InputMethodManagerService(  598): Window already focused, ignoring focus gain of: com.android.internal.view.IInputMethodClient$Stub$Proxy@41dbbcc8 attribute=null
D/memalloc(  820): ion: Unmapping buffer  base:0x55814000 size:2088960
D/memalloc(  820): ion: Unmapping buffer  base:0x40ebb000 size:4096
D/memalloc(  820): ion: Unmapping buffer  base:0x57b22000 size:2088960
D/memalloc(  820): ion: Unmapping buffer  base:0x50030000 size:4096
D/memalloc(  820): ion: Unmapping buffer  base:0x57d20000 size:2088960
D/memalloc(  820): ion: Unmapping buffer  base:0x50033000 size:4096
D/memalloc(  241): ion: Freeing buffer base:0x452b7000 size:2088960 fd:93
D/memalloc(  241): ion: Unmapping buffer  base:0x452b7000 size:2088960
D/memalloc(  241): ion: Freeing buffer base:0x40d06000 size:4096 fd:94
D/memalloc(  241): ion: Unmapping buffer  base:0x40d06000 size:4096
D/memalloc(  241): ion: Freeing buffer base:0x454b5000 size:2088960 fd:99
D/memalloc(  241): ion: Unmapping buffer  base:0x454b5000 size:2088960
D/memalloc(  241): ion: Freeing buffer base:0x40d68000 size:4096 fd:100
D/memalloc(  241): ion: Unmapping buffer  base:0x40d68000 size:4096
D/memalloc(  241): ion: Allocated buffer base:0x42195000 size:139264 fd:93
D/memalloc(  241): ion: Allocated buffer base:0x4000b000 size:4096 fd:94
D/memalloc(  820): ion: Mapped buffer base:0x53cff000 size:139264 offset:0 fd:76
D/memalloc(  820): ion: Mapped buffer base:0x40ebb000 size:4096 offset:0 fd:78
D/memalloc(  241): ion: Allocated buffer base:0x421b7000 size:139264 fd:99
D/memalloc(  241): ion: Allocated buffer base:0x40005000 size:4096 fd:100
D/memalloc(  820): ion: Mapped buffer base:0x53d77000 size:139264 offset:0 fd:81
D/memalloc(  820): ion: Mapped buffer base:0x50030000 size:4096 offset:0 fd:83
D/memalloc(  241): ion: Freeing buffer base:0x456b3000 size:2088960 fd:76
D/memalloc(  241): ion: Unmapping buffer  base:0x456b3000 size:2088960
D/memalloc(  241): ion: Freeing buffer base:0x40c3e000 size:4096 fd:82
D/memalloc(  241): ion: Unmapping buffer  base:0x40c3e000 size:4096
E/hwcomposer(  241): void qhwc::QueuedBufferStore::unlockBuffer(private_handle_t*) Invalid Handle
D/memalloc(  241): ion: Allocated buffer base:0x421d9000 size:139264 fd:76
E/Trace   ( 2455): error opening trace file: No such file or directory (2)
D/memalloc(  241): ion: Allocated buffer base:0x400c7000 size:4096 fd:82
D/memalloc(  820): ion: Mapped buffer base:0x54002000 size:139264 offset:0 fd:85
D/memalloc(  820): ion: Mapped buffer base:0x50033000 size:4096 offset:0 fd:87
D/CAT     (  968): CatService: Return current sInstance
D/PowerManagerService(  598): TPE algorithm. remove timeout.
D/PowerManagerService(  598): nativeSetScreenState: on=false
D/Socket_Alarm( 2455): registerHTCSocketMonitorCallBack
D/Socket_Alarm( 2455): set mSocketMonitor
D/Socket_Alarm( 2455): HTCSocketMonitorImpl::HTCSocketMonitorImpl
D/PowerManagerService(  598): nativeSetScreenState: err=0
D/PowerManagerService(  598): setScreenStateLocked, turn off the button light 
V/LightsService(  598): setLight #2: color=#0
D/lights  (  598): set_light_buttons_func: on=0 brightness=0
V/LightsService(  598): setLight #1: color=#0
D/PowerManagerService(  598): acquireWakeLock(425d8d90): PARTIAL_WAKE_LOCK , tag=sleep_broadcast, flags=0x1, pid=598, uid=1000, mUserState=0x0
V/LightsService(  598): setLight #0: color=#ff000000
D/PowerManagerService(  598): acquireWakeLock(425c0870): PARTIAL_WAKE_LOCK , tag=RILJ, flags=0x1, pid=968, uid=1001, mUserState=0x0
D/PowerManagerService(  598): releaseWakeLock(425c0870): PARTIAL_WAKE_LOCK , tag=RILJ, flags=0x1
D/KeyguardViewMediator(  598): password timeout now
D/PowerManagerService(  598): acquireWakeLock(425a2ff8): PARTIAL_WAKE_LOCK , tag=show keyguard, flags=0x1, pid=598, uid=1000, mUserState=0x0
D/PowerManagerService(  598): ActivityManagerNative.getDefault().goingToSleep();
I/Rosie.AllAppsCarouselF_(11581): onPause
I/vk_longpoll(  369): Before get long poll history, pts=81307
D/Rosie.IndicatorPagedVi_(11581): com.htc.launcher.AllAppsPagedView@41e48410.onViewPause
W/Rosie   (11581): closeFolder() -- Folder is null , AnimateClose? false
D/PowerManagerService(  598): acquireWakeLock(42595290): PARTIAL_WAKE_LOCK , tag=ActivityManager-Sleep, flags=0x1, pid=598, uid=1000, mUserState=0x0
I/InputMethodManagerService(  598): screenObserver: isScreenOn=false
I/InputMethodManagerService(  598): Disable input method client.
D/CAT     (  968): CatService: Return current sInstance
D/HtcFooter(  598): layerDrawableIndex = 0
D/HtcFooter(  598): layerDrawableIndex = 0
D/HtcLockScreen(  598): UnlockScreen: setVisibility :4
V/KeyguardViewManager(  598): KGVM: Set visibility on com.android.internal.policy.impl.KeyguardViewManager$KeyguardViewHost@41d92ec0 to 6291456
D/PowerManagerService(  598): acquireWakeLock(423773b0): PARTIAL_WAKE_LOCK , tag=HtcLockScreen:event_15, flags=0x1, pid=598, uid=1000, mUserState=0x0
D/PhoneStatusBar(  820): disable: < expand icons alerts ticker system_info back home RECENT* clock >
D/PowerManagerService(  598): releaseWakeLock(425a2ff8): PARTIAL_WAKE_LOCK , tag=show keyguard, flags=0x1
D/PowerManagerService(  598): acquireWakeLock(4231a610): PARTIAL_WAKE_LOCK , tag=IdleScreen:command_15, flags=0x1, pid=899, uid=10102, mUserState=0x0
D/HtcLockScreen(  598): UnlockScreen: onPause
D/PowerManagerService(  598): releaseWakeLock(4231a610): PARTIAL_WAKE_LOCK , tag=IdleScreen:command_15, flags=0x1
D/HtcFooter(  598): layerDrawableIndex = 0
D/PowerManagerService(  598): acquireWakeLock(422c1d68): PARTIAL_WAKE_LOCK , tag=RILJ, flags=0x1, pid=968, uid=1001, mUserState=0x0
D/LockPatternKeyguardView(  598): **** UPDATE SCREEN: mode=LockScreen last mode=LockScreen, force = false
D/HtcLockScreen(  598): UnlockScreen: setVisibility :8
D/PowerManagerService(  598): releaseWakeLock(422c1d68): PARTIAL_WAKE_LOCK , tag=RILJ, flags=0x1
D/memalloc(11581): ion: Unmapping buffer  base:0x5d54e000 size:2088960
D/memalloc(11581): ion: Unmapping buffer  base:0x56e45000 size:4096
D/memalloc(11581): ion: Unmapping buffer  base:0x5e652000 size:2088960
D/memalloc(11581): ion: Unmapping buffer  base:0x56e5b000 size:4096
D/memalloc(  241): ion: Freeing buffer base:0x450b9000 size:2088960 fd:107
D/memalloc(  241): ion: Unmapping buffer  base:0x450b9000 size:2088960
D/memalloc(  241): ion: Freeing buffer base:0x400b8000 size:4096 fd:108
D/memalloc(  241): ion: Unmapping buffer  base:0x400b8000 size:4096
W/ManagedEGLContext(11581): doTerminate failed: EGL count is 2 but managed count is 1
D/memalloc(  241): ion: Allocated buffer base:0x450b9000 size:2019328 fd:35
D/memalloc(  241): ion: Allocated buffer base:0x40063000 size:4096 fd:105
D/TELEPHONY_CALLBACK(  820): @onServiceStateChanged: 0 home 3 3 27202  UMTS CSS not supported -1 -1 RoamInd=-1 DefRoamInd=-1EriInd= -1EriMode= -1RadioPowerSv: false EmergOnly=false PhoneType: 1
D/memalloc(  598): ion: Mapped buffer base:0x5b26f000 size:2019328 offset:0 fd:324
D/memalloc(  598): ion: Mapped buffer base:0x40003000 size:4096 offset:0 fd:332
D/GpsLocationProvider(  598): ServiceState.STATE_IN_SERVICE
