D/WifiStateMachine( 1025): handleMessage: X
D/Ulp_jni ( 1025): Location CB invoked
D/WifiStateMachine( 1025): handleMessage: E msg.what=151572
D/WifiStateMachine( 1025): processMsg: ConnectedState
D/WifiStateMachine( 1025): processMsg: L2ConnectedState
D/WifiStateMachine( 1025): handleMessage: X
D/WifiStateMachine( 1025): handleMessage: E msg.what=151572
D/WifiStateMachine( 1025): processMsg: ConnectedState
D/WifiStateMachine( 1025): processMsg: L2ConnectedState
D/WifiStateMachine( 1025): handleMessage: X
D/WifiStateMachine( 1025): handleMessage: E msg.what=131155
D/WifiStateMachine( 1025): processMsg: ConnectedState
D/WifiStateMachine( 1025): processMsg: L2ConnectedState
D/WifiStateMachine( 1025): handleMessage: X
I/SBar.NetworkController( 1119): refreshSignalCluster: mobile: Signal=zz_moto_stat_sys_signal_3_fully_wide Roaming=(none) mSimIconId=(none) Accessibility="Phone three bars.","Not roaming.",""
D/WifiStateMachine( 1025): handleMessage: E msg.what=151572
D/WifiStateMachine( 1025): processMsg: ConnectedState
D/WifiStateMachine( 1025): processMsg: L2ConnectedState
D/WifiStateMachine( 1025): handleMessage: X
D/WifiStateMachine( 1025): handleMessage: E msg.what=151572
D/WifiStateMachine( 1025): processMsg: ConnectedState
D/WifiStateMachine( 1025): processMsg: L2ConnectedState
D/WifiStateMachine( 1025): handleMessage: X
D/WifiStateMachine( 1025): handleMessage: E msg.what=151572
D/WifiStateMachine( 1025): processMsg: ConnectedState
D/WifiStateMachine( 1025): processMsg: L2ConnectedState
D/WifiStateMachine( 1025): handleMessage: X
D/WifiStateMachine( 1025): handleMessage: E msg.what=131155
D/WifiStateMachine( 1025): processMsg: ConnectedState
D/WifiStateMachine( 1025): processMsg: L2ConnectedState
D/WifiStateMachine( 1025): handleMessage: X
I/SBar.NetworkController( 1119): onSignalStrengthsChanged SignalStrength: 4 0 -120 -160 -120 -1 -1 99 2147483647 2147483647 2147483647 2147483647 2147483647 gsm|lte 0 -108 -1 false 1 1 0 0 0 99 99 99 4 level=1
D/WifiStateMachine( 1025): handleMessage: E msg.what=151572
D/WifiStateMachine( 1025): processMsg: ConnectedState
D/WifiStateMachine( 1025): processMsg: L2ConnectedState
D/WifiStateMachine( 1025): handleMessage: X
I/SBar.NetworkController( 1119): refreshSignalCluster: mobile: Signal=zz_moto_stat_sys_signal_2_fully_wide Roaming=(none) mSimIconId=(none) Accessibility="Phone two bars.","Not roaming.",""
D/WifiStateMachine( 1025): handleMessage: E msg.what=151572
D/WifiStateMachine( 1025): processMsg: ConnectedState
D/WifiStateMachine( 1025): processMsg: L2ConnectedState
D/WifiStateMachine( 1025): handleMessage: X
D/WifiStateMachine( 1025): handleMessage: E msg.what=151572
D/WifiStateMachine( 1025): processMsg: ConnectedState
D/WifiStateMachine( 1025): processMsg: L2ConnectedState
D/WifiStateMachine( 1025): handleMessage: X
D/WifiStateMachine( 1025): handleMessage: E msg.what=131155
D/WifiStateMachine( 1025): processMsg: ConnectedState
D/WifiStateMachine( 1025): processMsg: L2ConnectedState
D/WifiStateMachine( 1025): handleMessage: X
D/WifiStateMachine( 1025): handleMessage: E msg.what=151572
D/WifiStateMachine( 1025): processMsg: ConnectedState
D/WifiStateMachine( 1025): processMsg: L2ConnectedState
D/WifiStateMachine( 1025): handleMessage: X
D/WifiStateMachine( 1025): handleMessage: E msg.what=151572
D/WifiStateMachine( 1025): processMsg: ConnectedState
D/WifiStateMachine( 1025): processMsg: L2ConnectedState
D/WifiStateMachine( 1025): handleMessage: X
D/Ulp_jni ( 1025): Location CB invoked
I/MDMCTBK (  273): NetlinkHandler, power_supply subsys
I/MDMCTBK (  273): NetlinkHandler, usbChargerStateChanged
I/MDMCTBK (  273): checkDefaultInst, current pid is = 273
I/MDMCTBK (  273): checkDefaultInst, pid match
I/MDMCTBK (  273): MdmCutbackHndler,readFromFile = /sys/class/power_supply/usb/online
I/MDMCTBK (  273): MdmCutbackHndler,readFromFile = 
E/MDMCTBK (  273): MdmCutbackHndler,Could not open ''
I/SFPerfTracer(  274):      triggers: (rate: 1158:453714) (364121 sw vsyncs) (1072533 skipped) (17:3447863 vsyncs) (19:4332881)
I/SBar.NetworkController( 1119): refreshSignalCluster: mobile: Signal=zz_moto_stat_sys_signal_1_fully_wide Roaming=(none) mSimIconId=(none) Accessibility="Phone one bar.","Not roaming.",""
D/WifiStateMachine( 1025): handleMessage: E msg.what=151572
D/WifiStateMachine( 1025): processMsg: ConnectedState
D/WifiStateMachine( 1025): processMsg: L2ConnectedState
D/WifiStateMachine( 1025): handleMessage: X
D/WifiStateMachine( 1025): handleMessage: E msg.what=131155
D/WifiStateMachine( 1025): processMsg: ConnectedState
D/WifiStateMachine( 1025): processMsg: L2ConnectedState
D/WifiStateMachine( 1025): handleMessage: X
D/WifiStateMachine( 1025): handleMessage: E msg.what=151572
D/WifiStateMachine( 1025): processMsg: ConnectedState
D/WifiStateMachine( 1025): processMsg: L2ConnectedState
D/WifiStateMachine( 1025): handleMessage: X
V/AlarmManager( 1025): sending alarm Alarm{433a8b60 type 3 android}
D/WifiStateMachine( 1025): handleMessage: E msg.what=151572
D/WifiStateMachine( 1025): processMsg: ConnectedState
D/WifiStateMachine( 1025): processMsg: L2ConnectedState
D/WifiStateMachine( 1025): handleMessage: X
D/WifiStateMachine( 1025): handleMessage: E msg.what=151572
D/WifiStateMachine( 1025): processMsg: ConnectedState
D/WifiStateMachine( 1025): processMsg: L2ConnectedState
D/WifiStateMachine( 1025): handleMessage: X
D/WifiStateMachine( 1025): handleMessage: E msg.what=131155
D/WifiStateMachine( 1025): processMsg: ConnectedState
D/WifiStateMachine( 1025): processMsg: L2ConnectedState
D/WifiStateMachine( 1025): handleMessage: X
D/WifiStateMachine( 1025): handleMessage: E msg.what=151572
D/WifiStateMachine( 1025): processMsg: ConnectedState
D/WifiStateMachine( 1025): processMsg: L2ConnectedState
D/WifiStateMachine( 1025): handleMessage: X
D/WifiStateMachine( 1025): handleMessage: E msg.what=151572
D/WifiStateMachine( 1025): processMsg: ConnectedState
D/WifiStateMachine( 1025): processMsg: L2ConnectedState
D/WifiStateMachine( 1025): handleMessage: X
D/WifiStateMachine( 1025): handleMessage: E msg.what=151572
D/WifiStateMachine( 1025): processMsg: ConnectedState
D/WifiStateMachine( 1025): processMsg: L2ConnectedState
D/WifiStateMachine( 1025): handleMessage: X
D/WifiStateMachine( 1025): handleMessage: E msg.what=131155
D/WifiStateMachine( 1025): processMsg: ConnectedState
D/WifiStateMachine( 1025): processMsg: L2ConnectedState
D/WifiStateMachine( 1025): handleMessage: X
D/WifiStateMachine( 1025): handleMessage: E msg.what=151572
D/WifiStateMachine( 1025): processMsg: ConnectedState
D/WifiStateMachine( 1025): processMsg: L2ConnectedState
D/WifiStateMachine( 1025): handleMessage: X
D/WifiStateMachine( 1025): handleMessage: E msg.what=151572
D/WifiStateMachine( 1025): processMsg: ConnectedState
D/WifiStateMachine( 1025): processMsg: L2ConnectedState
D/WifiStateMachine( 1025): handleMessage: X
V/AlarmManager( 1025): sending alarm Alarm{43658ae8 type 3 com.devexpert.weather}
I/ActivityManager( 1025): Start proc com.devexpert.weather for broadcast com.devexpert.weather/.view.WidgetWeather2x1: pid=21446 uid=10112 gids={50112, 3003, 1028, 1015}
D/dalvikvm(  275): GC_EXPLICIT freed 43K, 48% free 9011K/17224K, paused 2ms+3ms, total 37ms
D/dalvikvm(  275): GC_EXPLICIT freed <1K, 48% free 9011K/17224K, paused 1ms+2ms, total 30ms
D/dalvikvm(  275): GC_EXPLICIT freed <1K, 48% free 9011K/17224K, paused 2ms+2ms, total 18ms
D/WifiStateMachine( 1025): handleMessage: E msg.what=151572
D/WifiStateMachine( 1025): processMsg: ConnectedState
D/WifiStateMachine( 1025): processMsg: L2ConnectedState
D/WifiStateMachine( 1025): handleMessage: X
D/Ulp_jni ( 1025): Location CB invoked
D/WifiStateMachine( 1025): handleMessage: E msg.what=131155
D/WifiStateMachine( 1025): processMsg: ConnectedState
D/WifiStateMachine( 1025): processMsg: L2ConnectedState
D/WifiStateMachine( 1025): handleMessage: X
D/WifiStateMachine( 1025): handleMessage: E msg.what=151572
D/WifiStateMachine( 1025): processMsg: ConnectedState
D/WifiStateMachine( 1025): processMsg: L2ConnectedState
D/WifiStateMachine( 1025): handleMessage: X
D/WifiStateMachine( 1025): handleMessage: E msg.what=151572
D/WifiStateMachine( 1025): processMsg: ConnectedState
D/WifiStateMachine( 1025): processMsg: L2ConnectedState
D/WifiStateMachine( 1025): handleMessage: X
D/WifiStateMachine( 1025): handleMessage: E msg.what=151572
D/WifiStateMachine( 1025): processMsg: ConnectedState
D/WifiStateMachine( 1025): processMsg: L2ConnectedState
D/WifiStateMachine( 1025): handleMessage: X
D/WifiStateMachine( 1025): handleMessage: E msg.what=131155
D/WifiStateMachine( 1025): processMsg: ConnectedState
D/WifiStateMachine( 1025): processMsg: L2ConnectedState
D/WifiStateMachine( 1025): handleMessage: X
D/WifiStateMachine( 1025): handleMessage: E msg.what=151572
D/WifiStateMachine( 1025): processMsg: ConnectedState
D/WifiStateMachine( 1025): processMsg: L2ConnectedState
D/WifiStateMachine( 1025): handleMessage: X
D/WifiStateMachine( 1025): handleMessage: E msg.what=151572
D/WifiStateMachine( 1025): processMsg: ConnectedState
D/WifiStateMachine( 1025): processMsg: L2ConnectedState
D/WifiStateMachine( 1025): handleMessage: X
D/WifiStateMachine( 1025): handleMessage: E msg.what=151572
D/WifiStateMachine( 1025): processMsg: ConnectedState
D/WifiStateMachine( 1025): processMsg: L2ConnectedState
D/WifiStateMachine( 1025): handleMessage: X
D/WifiStateMachine( 1025): handleMessage: E msg.what=131155
D/WifiStateMachine( 1025): processMsg: ConnectedState
D/WifiStateMachine( 1025): processMsg: L2ConnectedState
D/WifiStateMachine( 1025): handleMessage: X
D/WifiStateMachine( 1025): handleMessage: E msg.what=151572
D/WifiStateMachine( 1025): processMsg: ConnectedState
D/WifiStateMachine( 1025): processMsg: L2ConnectedState
D/WifiStateMachine( 1025): handleMessage: X
D/WifiStateMachine( 1025): handleMessage: E msg.what=151572
D/WifiStateMachine( 1025): processMsg: ConnectedState
D/WifiStateMachine( 1025): processMsg: L2ConnectedState
D/WifiStateMachine( 1025): handleMessage: X
D/WifiStateMachine( 1025): handleMessage: E msg.what=151572
D/WifiStateMachine( 1025): processMsg: ConnectedState
D/WifiStateMachine( 1025): processMsg: L2ConnectedState
D/WifiStateMachine( 1025): handleMessage: X
D/WifiStateMachine( 1025): handleMessage: E msg.what=131155
D/WifiStateMachine( 1025): processMsg: ConnectedState
D/WifiStateMachine( 1025): processMsg: L2ConnectedState
D/WifiStateMachine( 1025): handleMessage: X
D/WifiStateMachine( 1025): handleMessage: E msg.what=151572
D/WifiStateMachine( 1025): processMsg: ConnectedState
D/WifiStateMachine( 1025): processMsg: L2ConnectedState
D/WifiStateMachine( 1025): handleMessage: X
D/Ulp_jni ( 1025): Location CB invoked
D/WifiStateMachine( 1025): handleMessage: E msg.what=151572
D/WifiStateMachine( 1025): processMsg: ConnectedState
D/WifiStateMachine( 1025): processMsg: L2ConnectedState
D/WifiStateMachine( 1025): handleMessage: X
D/WifiStateMachine( 1025): handleMessage: E msg.what=151572
D/WifiStateMachine( 1025): processMsg: ConnectedState
D/WifiStateMachine( 1025): processMsg: L2ConnectedState
D/WifiStateMachine( 1025): handleMessage: X
D/WifiStateMachine( 1025): handleMessage: E msg.what=131155
D/WifiStateMachine( 1025): processMsg: ConnectedState
D/WifiStateMachine( 1025): processMsg: L2ConnectedState
D/WifiStateMachine( 1025): handleMessage: X
D/WifiStateMachine( 1025): handleMessage: E msg.what=151572
D/WifiStateMachine( 1025): processMsg: ConnectedState
D/WifiStateMachine( 1025): processMsg: L2ConnectedState
D/WifiStateMachine( 1025): handleMessage: X
D/WifiStateMachine( 1025): handleMessage: E msg.what=151572
D/WifiStateMachine( 1025): processMsg: ConnectedState
D/WifiStateMachine( 1025): processMsg: L2ConnectedState
D/WifiStateMachine( 1025): handleMessage: X
D/WifiStateMachine( 1025): handleMessage: E msg.what=151572
D/WifiStateMachine( 1025): processMsg: ConnectedState
D/WifiStateMachine( 1025): processMsg: L2ConnectedState
D/WifiStateMachine( 1025): handleMessage: X
D/WifiStateMachine( 1025): handleMessage: E msg.what=131155
D/WifiStateMachine( 1025): processMsg: ConnectedState
D/WifiStateMachine( 1025): processMsg: L2ConnectedState
D/WifiStateMachine( 1025): handleMessage: X
D/WifiStateMachine( 1025): handleMessage: E msg.what=151572
D/WifiStateMachine( 1025): processMsg: ConnectedState
D/WifiStateMachine( 1025): processMsg: L2ConnectedState
D/WifiStateMachine( 1025): handleMessage: X
D/WifiStateMachine( 1025): handleMessage: E msg.what=151572
D/WifiStateMachine( 1025): processMsg: ConnectedState
D/WifiStateMachine( 1025): processMsg: L2ConnectedState
D/WifiStateMachine( 1025): handleMessage: X
I/SBar.NetworkController( 1119): refreshSignalCluster: wifi: mWifiConnected=true Wifi=zz_moto_stat_sys_wifi_signal_4_fully_wide Activity=zz_moto_stat_sys_wifi_inout_wide in=false out=false Accessibility="Wi-Fi signal full."
D/WifiStateMachine( 1025): handleMessage: E msg.what=151572
D/WifiStateMachine( 1025): processMsg: ConnectedState
D/WifiStateMachine( 1025): processMsg: L2ConnectedState
D/WifiStateMachine( 1025): handleMessage: X
D/WifiStateMachine( 1025): handleMessage: E msg.what=131155
D/WifiStateMachine( 1025): processMsg: ConnectedState
D/WifiStateMachine( 1025): processMsg: L2ConnectedState
D/WifiStateMachine( 1025): handleMessage: X
D/WifiStateMachine( 1025): handleMessage: E msg.what=151572
D/WifiStateMachine( 1025): processMsg: ConnectedState
D/WifiStateMachine( 1025): processMsg: L2ConnectedState
D/WifiStateMachine( 1025): handleMessage: X
I/SFPerfTracer(  274):      triggers: (rate: 1158:453714) (364121 sw vsyncs) (1072533 skipped) (17:3447947 vsyncs) (19:4332984)
D/WifiStateMachine( 1025): handleMessage: E msg.what=151572
D/WifiStateMachine( 1025): processMsg: ConnectedState
D/WifiStateMachine( 1025): processMsg: L2ConnectedState
D/WifiStateMachine( 1025): handleMessage: X
D/Ulp_jni ( 1025): Location CB invoked
D/WifiStateMachine( 1025): handleMessage: E msg.what=151572
D/WifiStateMachine( 1025): processMsg: ConnectedState
D/WifiStateMachine( 1025): processMsg: L2ConnectedState
D/WifiStateMachine( 1025): handleMessage: X
D/WifiStateMachine( 1025): handleMessage: E msg.what=131155
D/WifiStateMachine( 1025): processMsg: ConnectedState
D/WifiStateMachine( 1025): processMsg: L2ConnectedState
D/WifiStateMachine( 1025): handleMessage: X
D/WifiStateMachine( 1025): handleMessage: E msg.what=151572
D/WifiStateMachine( 1025): processMsg: ConnectedState
D/WifiStateMachine( 1025): processMsg: L2ConnectedState
D/WifiStateMachine( 1025): handleMessage: X
D/WifiStateMachine( 1025): handleMessage: E msg.what=151572
D/WifiStateMachine( 1025): processMsg: ConnectedState
D/WifiStateMachine( 1025): processMsg: L2ConnectedState
D/WifiStateMachine( 1025): handleMessage: X
D/WifiStateMachine( 1025): handleMessage: E msg.what=151572
D/WifiStateMachine( 1025): processMsg: ConnectedState
D/WifiStateMachine( 1025): processMsg: L2ConnectedState
D/WifiStateMachine( 1025): handleMessage: X
D/WifiStateMachine( 1025): handleMessage: E msg.what=131155
D/WifiStateMachine( 1025): processMsg: ConnectedState
D/WifiStateMachine( 1025): processMsg: L2ConnectedState
D/WifiStateMachine( 1025): handleMessage: X
D/WifiStateMachine( 1025): handleMessage: E msg.what=151572
D/WifiStateMachine( 1025): processMsg: ConnectedState
D/WifiStateMachine( 1025): processMsg: L2ConnectedState
D/WifiStateMachine( 1025): handleMessage: X
D/WifiStateMachine( 1025): handleMessage: E msg.what=151572
D/WifiStateMachine( 1025): processMsg: ConnectedState
D/WifiStateMachine( 1025): processMsg: L2ConnectedState
D/WifiStateMachine( 1025): handleMessage: X
D/WifiStateMachine( 1025): handleMessage: E msg.what=151572
D/WifiStateMachine( 1025): processMsg: ConnectedState
D/WifiStateMachine( 1025): processMsg: L2ConnectedState
D/WifiStateMachine( 1025): handleMessage: X
D/WifiStateMachine( 1025): handleMessage: E msg.what=131155
D/WifiStateMachine( 1025): processMsg: ConnectedState
D/WifiStateMachine( 1025): processMsg: L2ConnectedState
D/WifiStateMachine( 1025): handleMessage: X
D/WifiStateMachine( 1025): handleMessage: E msg.what=151572
D/WifiStateMachine( 1025): processMsg: ConnectedState
D/WifiStateMachine( 1025): processMsg: L2ConnectedState
D/WifiStateMachine( 1025): handleMessage: X
D/WifiStateMachine( 1025): handleMessage: E msg.what=151572
D/WifiStateMachine( 1025): processMsg: ConnectedState
D/WifiStateMachine( 1025): processMsg: L2ConnectedState
D/WifiStateMachine( 1025): handleMessage: X
D/WifiStateMachine( 1025): handleMessage: E msg.what=151572
D/WifiStateMachine( 1025): processMsg: ConnectedState
D/WifiStateMachine( 1025): processMsg: L2ConnectedState
D/WifiStateMachine( 1025): handleMessage: X
D/Ulp_jni ( 1025): Location CB invoked
D/WifiStateMachine( 1025): handleMessage: E msg.what=131155
D/WifiStateMachine( 1025): processMsg: ConnectedState
D/WifiStateMachine( 1025): processMsg: L2ConnectedState
D/WifiStateMachine( 1025): handleMessage: X
D/WifiStateMachine( 1025): handleMessage: E msg.what=151572
D/WifiStateMachine( 1025): processMsg: ConnectedState
D/WifiStateMachine( 1025): processMsg: L2ConnectedState
D/WifiStateMachine( 1025): handleMessage: X
D/WifiStateMachine( 1025): handleMessage: E msg.what=151572
D/WifiStateMachine( 1025): processMsg: ConnectedState
D/WifiStateMachine( 1025): processMsg: L2ConnectedState
D/WifiStateMachine( 1025): handleMessage: X
D/WifiStateMachine( 1025): handleMessage: E msg.what=151572
D/WifiStateMachine( 1025): processMsg: ConnectedState
D/WifiStateMachine( 1025): processMsg: L2ConnectedState
D/WifiStateMachine( 1025): handleMessage: X
D/WifiStateMachine( 1025): handleMessage: E msg.what=131155
D/WifiStateMachine( 1025): processMsg: ConnectedState
D/WifiStateMachine( 1025): processMsg: L2ConnectedState
D/WifiStateMachine( 1025): handleMessage: X
D/WifiStateMachine( 1025): handleMessage: E msg.what=151572
D/WifiStateMachine( 1025): processMsg: ConnectedState
D/WifiStateMachine( 1025): processMsg: L2ConnectedState
D/WifiStateMachine( 1025): handleMessage: X
D/WifiStateMachine( 1025): handleMessage: E msg.what=151572
D/WifiStateMachine( 1025): processMsg: ConnectedState
D/WifiStateMachine( 1025): processMsg: L2ConnectedState
D/WifiStateMachine( 1025): handleMessage: X
I/PowerManagerService( 1025): Nap time...
I/PowerManagerService( 1025): Going to sleep due to screen timeout...
D/SurfaceFlinger(  274): Screen released, type=0 flinger=0xb769f450
D/qdhwcomposer(  274): hwc_blank: Blanking display: 0
D/WifiStateMachine( 1025): handleMessage: E msg.what=151572
D/WifiStateMachine( 1025): processMsg: ConnectedState
D/WifiStateMachine( 1025): processMsg: L2ConnectedState
D/WifiStateMachine( 1025): handleMessage: X
D/qdhwcomposer(  274): hwc_blank: Done blanking display: 0
D/SurfaceControl( 1025): Excessive delay in blankDisplay() while turning screen off: 200ms
I/AonLTInterfaceService( 1295): AodLT package version: 1000000
W/ContextImpl( 1295): Calling a method in the system process without a qualified user: android.app.ContextImpl.sendBroadcast:1252 android.content.ContextWrapper.sendBroadcast:365 com.motorola.motocare.util.TriggerHelper$TriggerBuilder.send:76 com.motorola.motocare.internal.frameworkevents.PauseResumeTrigger.handleFrameworkEvent:53 com.motorola.motocare.internal.frameworkevents.FwEventMonitor$FrameworkListener.processFrameworkEvent:114 
D/CordovaActivity(18567): Paused the application!
D/CordovaWebView(18567): Handle the pause
F/ProcessStats( 1025): Starting service ServiceState{42abda10 com.cleanmaster.fm.service.BackgroundService pkg=com.rhmsoft.fm proc=42abda10} without owner
F/ProcessStats( 1025): Starting service ServiceState{42c48c08 com.whatsapp.messaging.MessageService pkg=com.whatsapp proc=42c48c08} without owner
F/ProcessStats( 1025): Starting service ServiceState{43399718 com.paypal.android.p2pmobile.services.AtoService pkg=com.paypal.android.p2pmobile proc=43399718} without owner
F/ProcessStats( 1025): Starting service ServiceState{43231e48 com.paypal.android.p2pmobile.services.WalletService pkg=com.paypal.android.p2pmobile proc=43231e48} without owner
F/ProcessStats( 1025): Starting service ServiceState{42a4cec0 com.facebook.push.mqtt.service.MqttPushService pkg=com.facebook.katana proc=42a4cec0} without owner
F/ProcessStats( 1025): Starting service ServiceState{428fdff0 com.facebook.push.mqtt.service.MqttPushService pkg=com.facebook.orca proc=428fdff0} without owner
D/WifiStateMachine( 1025): handleScreenStateChanged: false
D/WifiStateMachine( 1025): handleMessage: E msg.what=131154
D/WifiStateMachine( 1025): processMsg: ConnectedState
D/WifiStateMachine( 1025): processMsg: L2ConnectedState
D/WifiStateMachine( 1025): handleMessage: X
D/WifiStateMachine( 1025): handleMessage: E msg.what=131163
D/WifiStateMachine( 1025): processMsg: ConnectedState
D/WifiStateMachine( 1025): processMsg: L2ConnectedState
D/WifiStateMachine( 1025): processMsg: ConnectModeState
D/WifiStateMachine( 1025): processMsg: DriverStartedState
D/WifiStateMachine( 1025): processMsg: SupplicantStartedState
D/WifiStateMachine( 1025): processMsg: DefaultState
D/WifiStateMachine( 1025): handleMessage: X
W/IInputConnectionWrapper(18567): getExtractedText on inactive InputConnection
D/WifiStateMachine( 1025): handleMessage: E msg.what=131158
D/WifiStateMachine( 1025): processMsg: ConnectedState
D/WifiStateMachine( 1025): processMsg: L2ConnectedState
D/WifiStateMachine( 1025): processMsg: ConnectModeState
D/WifiStateMachine( 1025): processMsg: DriverStartedState
D/WifiStateMachine( 1025): setSuspendOptimizationsNative: 4 true
W/IInputConnectionWrapper(18567): getTextBeforeCursor on inactive InputConnection
W/IInputConnectionWrapper(18567): getSelectedText on inactive InputConnection
W/IInputConnectionWrapper(18567): getTextAfterCursor on inactive InputConnection
E/bo      ( 9630): onStartInput event aborted: com.touchtype.keyboard.c.ag: could not obtain extracted text (class com.touchtype.keyboard.c.ag)
D/Sensors ( 1025): AccelerationSensor: Set Sensors state 0x0
D/audio_hw_primary(  277): adev_set_parameters: enter: screen_state=off
V/msm8974_platform(  277): platform_set_parameters: enter: screen_state=off
V/msm8974_platform(  277): platform_set_parameters: exit with code(-2)
E/audio_a2dp_hw(  277): adev_set_parameters: ERROR: set param called even when stream out is null
D/WifiStateMachine( 1025): handleMessage: X
D/dalvikvm( 9630): GC_CONCURRENT freed 3399K, 36% free 12093K/18668K, paused 3ms+6ms, total 64ms
D/dalvikvm( 9630): WAIT_FOR_CONCURRENT_GC blocked 8ms
V/AlarmManager( 1025): sending alarm Alarm{424a3828 type 2 com.google.android.gms}
D/WifiStateMachine( 1025): handleMessage: E msg.what=131155
D/WifiStateMachine( 1025): processMsg: ConnectedState
D/WifiStateMachine( 1025): processMsg: L2ConnectedState
D/WifiStateMachine( 1025): handleMessage: X
D/GCM     (20136): Message class com.google.f.a.a.i
D/ConnectivityService( 1025): handleInetConditionHoldEnd: net=1, condition=100, published condition=100
I/ModemStatsDSDetect( 1327): onReceive() -Intent { act=android.net.conn.INET_CONDITION_ACTION flg=0x4000010 (has extras) }
I/ModemStatsDSDetect( 1327): INET_CONDITION=100 ,activeNet=NetworkInfo: type: WIFI[], state: CONNECTED/CONNECTED, reason: (unspecified), extra: "Moulin Rouge", roaming: false, failover: false, isAvailable: true, isConnectedToProvisioningNetwork: false
I/ModemStatsDSDetect( 1327): onReceive() - done, currentInetCondition=100
I/SBar.NetworkController( 1119): onReceive: ConnectivityManager.INET_CONDITION_ACTION Received
I/SBar.NetworkController( 1119): updateConnectivity: NetworkInfo: NetworkInfo: type: WIFI[], state: CONNECTED/CONNECTED, reason: (unspecified), extra: "Moulin Rouge", roaming: false, failover: false, isAvailable: true, isConnectedToProvisioningNetwork: false, inetCondition= 1
W/ContextImpl( 1295): Calling a method in the system process without a qualified user: android.app.ContextImpl.startService:1608 android.content.ContextWrapper.startService:494 android.content.ContextWrapper.startService:494 com.motorola.motocare.internal.batterystats.BatteryStatsAction.onReceive:33 android.app.ActivityThread.handleReceiver:2434 
D/dalvikvm( 2458): GC_CONCURRENT freed 1884K, 45% free 9535K/17224K, paused 1ms+3ms, total 21ms
D/dalvikvm( 1295): GC_CONCURRENT freed 1886K, 46% free 9358K/17224K, paused 1ms+1ms, total 18ms
D/dalvikvm( 1295): GC_EXPLICIT freed 1322K, 46% free 9327K/17224K, paused 1ms+3ms, total 21ms
D/Ulp_jni ( 1025): Location CB invoked
V/AlarmManager( 1025): sending alarm Alarm{438967a0 type 2 com.android.keyguard}
V/KeyguardHostView( 1119): Initial transport state: 0, pbstate=1
D/dalvikvm( 1119): GC_CONCURRENT freed 1331K, 33% free 13396K/19892K, paused 3ms+3ms, total 42ms
D/dalvikvm( 1119): WAIT_FOR_CONCURRENT_GC blocked 12ms
D/KeyguardHostView( 1119): showSecurityScreen(None)
D/KeyguardHostView( 1119): getSecurityView(Invalid)
D/KeyguardHostView( 1119): getSecurityView(None)
V/KeyguardHostView( 1119): hide transport, gen:318
V/KeyguardHostView( 1119): music state changed: 1
D/KeyguardHostView( 1119): showSecurityScreen(None)
W/View    ( 1119): requestLayout() improperly called by android.widget.TextClock{41fd1eb8 V.ED.... ......ID 104,0-484,213 #7f0a004b app:id/clock_view} during layout: running second layout pass
W/View    ( 1119): requestLayout() improperly called by android.widget.TextClock{42126850 V.ED.... ......ID 139,0-277,38 #7f0a0050 app:id/date_view} during layout: running second layout pass
W/View    ( 1119): requestLayout() improperly called by android.widget.TextView{41fc4a48 V.ED.... ......ID 293,0-449,38 #7f0a0051 app:id/alarm_status} during layout: running second layout pass
D/PhoneStatusBar( 1119): disable: < expand icons alerts ticker system_info BACK* HOME* RECENT* CLOCK* search >
I/ActivityManager( 1025): Process com.devexpert.weather (pid 21446) has died.
D/Ulp_jni ( 1025): Location CB invoked
V/AlarmManager( 1025): sending alarm Alarm{4388f140 type 3 android}
D/Ulp_jni ( 1025): Location CB invoked
V/AlarmManager( 1025): sending alarm Alarm{43874298 type 3 com.devexpert.weather}
V/AlarmManager( 1025): sending alarm Alarm{43870a70 type 2 com.google.android.gms}
I/ActivityManager( 1025): Start proc com.devexpert.weather for broadcast com.devexpert.weather/.view.WidgetWeather2x1: pid=21546 uid=10112 gids={50112, 3003, 1028, 1015}
V/AlarmManager( 1025): sending alarm Alarm{4386b588 type 2 com.google.android.gms}
D/WifiService( 1025): acquireWifiLockLocked: WifiLock{NlpWifiLock type=2 binder=android.os.BinderProxy@426d58d8}
D/WifiService( 1025): releaseWifiLockLocked: WifiLock{NlpWifiLock type=2 binder=android.os.BinderProxy@426d58d8}
D/Ulp_jni ( 1025): Location CB invoked
D/Ulp_jni ( 1025): Location CB invoked
D/Ulp_jni ( 1025): Location CB invoked
D/Ulp_jni ( 1025): Location CB invoked
D/dalvikvm( 1295): GC_CONCURRENT freed 1897K, 46% free 9351K/17224K, paused 3ms+2ms, total 18ms
W/ContextImpl( 1295): Calling a method in the system process without a qualified user: android.app.ContextImpl.sendBroadcast:1252 android.content.ContextWrapper.sendBroadcast:365 com.motorola.motocare.util.TriggerHelper$TriggerBuilder.send:76 com.motorola.motocare.internal.frameworkevents.ProcessKillTrigger.sendTrigger:147 com.motorola.motocare.internal.frameworkevents.ProcessKillTrigger.handleLmkKill:337 
D/dalvikvm( 1295): GC_EXPLICIT freed 476K, 46% free 9325K/17224K, paused 7ms+3ms, total 39ms
D/Ulp_jni ( 1025): Location CB invoked
V/AlarmManager( 1025): sending alarm Alarm{42faced8 type 3 android}
V/AlarmManager( 1025): sending alarm Alarm{42f49518 type 2 com.google.android.gms}
V/AlarmManager( 1025): sending alarm Alarm{42f2e030 type 1 com.evernote}
I/ActivityManager( 1025): Start proc com.evernote for service com.evernote/.client.ReminderService: pid=21588 uid=10134 gids={50134, 3003, 1028, 1015}
V/AlarmManager( 1025): sending alarm Alarm{42f2e080 type 1 com.android.deskclock}
I/ActivityManager( 1025): Start proc com.android.deskclock for broadcast com.android.deskclock/com.android.alarmclock.DigitalAppWidgetProvider: pid=21593 uid=10015 gids={50015, 1028}
I/MultiDex(21588): VM with version 1.6.0 does not have multidex support
I/MultiDex(21588): install
I/MultiDex(21588): MultiDexExtractor.load(/data/app/com.evernote-1.apk, false)
I/MultiDex(21588): loading existing secondary dex files
I/MultiDex(21588): load found 0 secondary dex files
I/MultiDex(21588): install done
D/EN      (21588): MemoryMapAppender.ctor()
I/ActivityManager( 1025): Process com.devexpert.weather (pid 21546) has died.
D/EN      (21588): MemoryMapAppender.ctor-end()
D/EN      (21588): [EvernoteProvider] - Provider+++++onCreate()
D/EN      (21588): [d] - AccountManager()::userIds=102703026
D/EN      (21588): [b] - creating new AccountInfo()::userId102703026
D/EN      (21588): [d] - AccountManager()::adding account::102703026::timcallagy
D/EN      (21588): [d] - AccountManager()::count=1
D/EN      (21588): [d] - initialized:
D/EN      (21588): [a] - getInstance()::
D/EN      (21588): [al] - Register SD Card Receiver ++++++++++++++++++++
D/EN      (21588): [al] - checkForRecentUnmount() end
D/EN      (21588): [a] - locale is set=en_GB
D/EN      (21588): [a] - isDBONSDcard()=true
I/EN      (21588): [al] - getSDCardStatus()::mounted::noStorageText=null
D/EN      (21588): [a] - isDBFileChanged()::lastFilePath in pref=/data/data/com.evernote/files/user-102703026/.external-1428259012787-Evernote.db
E/EN      (21588): [a] - isDBFileChanged()::+++++++++lastFilePath exists/data/data/com.evernote/files/user-102703026/.external-1428259012787-Evernote.db
D/EN      (21588): [a] - getInstance()::DBFile NOT Changed
D/EN      (21588): [a] - isDBONSDcard()=true
D/EN      (21588): [a] - moveToSDcard()::start::Evernote.DB_ON_SDCARD=true
D/EN      (21588): [a] - isDBONSDcard()=true
E/EN      (21588): [a] - isLastDBFileOnSDCard()::+++++++++++lastFilePath exists/data/data/com.evernote/files/user-102703026/.external-1428259012787-Evernote.db
D/EN      (21588): [a] - isDBONSDcard()=true
D/EN      (21588): [a] - getDBfilePath()::++++++++++++++++lastFilePath from preferences/data/data/com.evernote/files/user-102703026/.external-1428259012787-Evernote.db
E/EN      (21588): [a] - getDBfilePath()::++++++++++++++++lastFilePath exists/data/data/com.evernote/files/user-102703026/.external-1428259012787-Evernote.db
D/EN      (21588): [EvernoteProvider] - cleanupOldThumbnailsIfNeeded()
I/ReleaseProperties(21588): Current app is: evernote
I/ReleaseProperties(21588): propFile: release is now loaded
I/ReleaseProperties(21588): propFile: play is now loaded
I/ReleaseProperties(21588): propFile: base is now loaded
I/ReleaseProperties(21588): propFile: override is now loaded
D/MarketUtils(21588): isPackageInstalled() - com.android.vending is installed
D/MarketUtils(21588): isPackageInstalled() - com.android.vending is installed
D/MarketUtils(21588): isPackageInstalled() - com.android.vending is installed
D/ReleaseProperties(21588): getReferralPersistencePath():: old=false:: path=/storage/emulated/0/.enref
D/MarketUtils(21588): isPackageInstalled() - com.android.vending is installed
I/ReleaseProperties(21588): ReleaseProperties: 
I/ReleaseProperties(21588):   bundleName=google-play
I/ReleaseProperties(21588):   revision=AM_702_524
I/ReleaseProperties(21588):   type=public
I/ReleaseProperties(21588):   gitHash=313f54a11431af98d659728265b72cfcf9ec527e
I/ReleaseProperties(21588):   baseSearchUri=market://search?q=
D/MarketUtils(21588): isPackageInstalled() - com.android.vending is installed
D/MarketUtils(21588): isPackageInstalled() - com.android.vending is installed
I/ReleaseProperties(21588): From file referralCode=android
D/EN      (21588): [a] - isDBONSDcard()=true
D/EN      (21588): [Evernote] - VERSION_CODE: 1070243
D/MarketUtils(21588): isPackageInstalled() - com.android.vending is installed
D/MarketUtils(21588): isPackageInstalled() - com.android.vending is installed
I/dalvikvm(21588): Could not find method android.content.pm.PackageManager.getActivityBanner, referenced from method com.evernote.d.b.getActivityBanner
W/dalvikvm(21588): VFY: unable to resolve virtual method 793: Landroid/content/pm/PackageManager;.getActivityBanner (Landroid/content/ComponentName;)Landroid/graphics/drawable/Drawable;
D/dalvikvm(21588): VFY: replacing opcode 0x6e at 0x0002
I/dalvikvm(21588): Could not find method android.content.pm.PackageManager.getActivityBanner, referenced from method com.evernote.d.b.getActivityBanner
W/dalvikvm(21588): VFY: unable to resolve virtual method 794: Landroid/content/pm/PackageManager;.getActivityBanner (Landroid/content/Intent;)Landroid/graphics/drawable/Drawable;
D/dalvikvm(21588): VFY: replacing opcode 0x6e at 0x0002
I/dalvikvm(21588): Could not find method android.content.pm.PackageManager.getApplicationBanner, referenced from method com.evernote.d.b.getApplicationBanner
W/dalvikvm(21588): VFY: unable to resolve virtual method 801: Landroid/content/pm/PackageManager;.getApplicationBanner (Landroid/content/pm/ApplicationInfo;)Landroid/graphics/drawable/Drawable;
D/dalvikvm(21588): VFY: replacing opcode 0x6e at 0x0002
I/dalvikvm(21588): Could not find method android.content.pm.PackageManager.getApplicationBanner, referenced from method com.evernote.d.b.getApplicationBanner
W/dalvikvm(21588): VFY: unable to resolve virtual method 802: Landroid/content/pm/PackageManager;.getApplicationBanner (Ljava/lang/String;)Landroid/graphics/drawable/Drawable;
D/dalvikvm(21588): VFY: replacing opcode 0x6e at 0x0002
I/dalvikvm(21588): Could not find method android.content.pm.PackageManager.getLeanbackLaunchIntentForPackage, referenced from method com.evernote.d.b.getLeanbackLaunchIntentForPackage
W/dalvikvm(21588): VFY: unable to resolve virtual method 818: Landroid/content/pm/PackageManager;.getLeanbackLaunchIntentForPackage (Ljava/lang/String;)Landroid/content/Intent;
D/dalvikvm(21588): VFY: replacing opcode 0x6e at 0x0002
I/dalvikvm(21588): Could not find method android.content.pm.PackageManager.getPackageInstaller, referenced from method com.evernote.d.b.getPackageInstaller
W/dalvikvm(21588): VFY: unable to resolve virtual method 823: Landroid/content/pm/PackageManager;.getPackageInstaller ()Landroid/content/pm/PackageInstaller;
D/dalvikvm(21588): VFY: replacing opcode 0x6e at 0x0002
I/dalvikvm(21588): Could not find method android.content.pm.PackageManager.getUserBadgedDrawableForDensity, referenced from method com.evernote.d.b.getUserBadgedDrawableForDensity
W/dalvikvm(21588): VFY: unable to resolve virtual method 839: Landroid/content/pm/PackageManager;.getUserBadgedDrawableForDensity (Landroid/graphics/drawable/Drawable;Landroid/os/UserHandle;Landroid/graphics/Rect;I)Landroid/graphics/drawable/Drawable;
D/dalvikvm(21588): VFY: replacing opcode 0x6e at 0x0002
I/dalvikvm(21588): Could not find method android.content.pm.PackageManager.getUserBadgedIcon, referenced from method com.evernote.d.b.getUserBadgedIcon
W/dalvikvm(21588): VFY: unable to resolve virtual method 840: Landroid/content/pm/PackageManager;.getUserBadgedIcon (Landroid/graphics/drawable/Drawable;Landroid/os/UserHandle;)Landroid/graphics/drawable/Drawable;
D/dalvikvm(21588): VFY: replacing opcode 0x6e at 0x0002
I/dalvikvm(21588): Could not find method android.content.pm.PackageManager.getUserBadgedLabel, referenced from method com.evernote.d.b.getUserBadgedLabel
W/dalvikvm(21588): VFY: unable to resolve virtual method 841: Landroid/content/pm/PackageManager;.getUserBadgedLabel (Ljava/lang/CharSequence;Landroid/os/UserHandle;)Ljava/lang/CharSequence;
D/dalvikvm(21588): VFY: replacing opcode 0x6e at 0x0002
I/Crashlytics(21588): Initializing Crashlytics 1.1.8.10
I/ActivityManager( 1025): Process com.android.deskclock (pid 21593) has died.
D/MarketUtils(21588): isPackageInstalled() - com.android.vending is installed
D/HockeyApp(21588): Looking for exceptions in: /data/data/com.evernote/files
D/HockeyApp(21588): Current handler class = com.evernote.k
D/EN      (21588): [ee] - registered crash manager
D/EN      (21588): [c] - onApplicationStart()
D/EN      (21588): [c] - onApplicationStart() -- loader thread
D/EN      (21588): [c] - pushUserIDToDataLayer(), pushing user-id ending in 6
I/EN      (21588): [ReminderService] - ReminderService:cancelAlarm
D/EN      (21588): [ReminderService] - ReminderService::alarm_notification: guid = null linkedNBGuid = null
E/EN      (21588): [ReminderService] - ReminderService::alarm_notification: no guids present
D/EN      (21588): [c] - 	loading saved values from internal storage
D/EN      (21588): [a] - onOpen()+++++++++
I/EN      (21588): [dm] - ReminderUtil: no personal reminder found
I/EN      (21588): [dm] - ReminderUtil: no linked reminder found
D/MarketUtils(21588): isPackageInstalled() - com.android.vending is installed
D/MarketUtils(21588): isPackageInstalled() - com.android.vending is installed
I/EN      (21588): [ReminderService] - ReminderService: setAlarm time = Fri Apr 24 22:00:00 GMT+01:00 2015
I/EN      (21588): [ReminderService] - ReminderService: no reminders found for period between Fri Apr 24 19:00:00 GMT+01:00 2015 and Fri Apr 24 22:00:00 GMT+01:00 2015 alarm set for next interval!
D/EN      (21588): [ReminderService] - ReminderService: total time to run = 43 millis
I/ActivityManager( 1025): Process com.evernote (pid 21588) has died.
D/Ulp_jni ( 1025): Location CB invoked
I/MDMCTBK (  273): NetlinkHandler, power_supply subsys
I/MDMCTBK (  273): NetlinkHandler, usbChargerStateChanged
I/MDMCTBK (  273): checkDefaultInst, current pid is = 273
I/MDMCTBK (  273): checkDefaultInst, pid match
I/MDMCTBK (  273): MdmCutbackHndler,readFromFile = /sys/class/power_supply/usb/online
I/MDMCTBK (  273): MdmCutbackHndler,readFromFile = 
E/MDMCTBK (  273): MdmCutbackHndler,Could not open ''
I/MDMCTBK (  273): NetlinkHandler, power_supply subsys
I/MDMCTBK (  273): NetlinkHandler, usbChargerStateChanged
I/MDMCTBK (  273): checkDefaultInst, current pid is = 273
I/MDMCTBK (  273): checkDefaultInst, pid match
I/MDMCTBK (  273): MdmCutbackHndler,readFromFile = /sys/class/power_supply/usb/online
I/MDMCTBK (  273): MdmCutbackHndler,readFromFile = 
E/MDMCTBK (  273): MdmCutbackHndler,Could not open ''
D/Ulp_jni ( 1025): Location CB invoked
D/Ulp_jni ( 1025): Location CB invoked
D/Ulp_jni ( 1025): Location CB invoked
I/ActivityManager( 1025): Start proc com.whatsapp for service com.whatsapp/.messaging.MessageService: pid=21666 uid=10107 gids={50107, 3002, 3003, 1028, 1015}
E/dalvikvm(21666): Could not find class 'com.amazon.device.messaging.ADM', referenced from method com.whatsapp.App.av
W/dalvikvm(21666): VFY: unable to resolve new-instance 1189 (Lcom/amazon/device/messaging/ADM;) in Lcom/whatsapp/App;
D/dalvikvm(21666): VFY: replacing opcode 0x22 at 0x0000
E/dalvikvm(21666): Could not find class 'com.amazon.device.messaging.ADM', referenced from method com.whatsapp.App.t
W/dalvikvm(21666): VFY: unable to resolve new-instance 1189 (Lcom/amazon/device/messaging/ADM;) in Lcom/whatsapp/App;
D/dalvikvm(21666): VFY: replacing opcode 0x22 at 0x000e
D/dalvikvm(21666): DexOpt: unable to opt direct call 0x2075 at 0x04 in Lcom/whatsapp/App;.av
D/dalvikvm(21666): DexOpt: unable to opt direct call 0x2075 at 0x10 in Lcom/whatsapp/App;.t
W/dalvikvm(21666): Unable to resolve superclass of Lcom/whatsapp/adm/ADMMessageHandler; (1190)
W/dalvikvm(21666): Link of class 'Lcom/whatsapp/adm/ADMMessageHandler;' failed
E/dalvikvm(21666): Could not find class 'com.whatsapp.adm.ADMMessageHandler', referenced from method com.whatsapp.vw.f
W/dalvikvm(21666): VFY: unable to resolve new-instance 2839 (Lcom/whatsapp/adm/ADMMessageHandler;) in Lcom/whatsapp/vw;
D/dalvikvm(21666): VFY: replacing opcode 0x22 at 0x0027
W/dalvikvm(21666): Unable to resolve superclass of Lcom/whatsapp/adm/ADMMessageHandler; (1190)
W/dalvikvm(21666): Link of class 'Lcom/whatsapp/adm/ADMMessageHandler;' failed
E/dalvikvm(21666): Could not find class 'com.whatsapp.adm.ADMMessageHandler', referenced from method com.whatsapp.vw.f
W/dalvikvm(21666): VFY: unable to resolve new-instance 2839 (Lcom/whatsapp/adm/ADMMessageHandler;) in Lcom/whatsapp/vw;
D/dalvikvm(21666): VFY: replacing opcode 0x22 at 0x0040
W/dalvikvm(21666): Unable to resolve superclass of Lcom/whatsapp/adm/ADMMessageHandler; (1190)
W/dalvikvm(21666): Link of class 'Lcom/whatsapp/adm/ADMMessageHandler;' failed
D/dalvikvm(21666): DexOpt: unable to opt direct call 0x6231 at 0x2b in Lcom/whatsapp/vw;.f
W/dalvikvm(21666): Unable to resolve superclass of Lcom/whatsapp/adm/ADMMessageHandler; (1190)
W/dalvikvm(21666): Link of class 'Lcom/whatsapp/adm/ADMMessageHandler;' failed
D/dalvikvm(21666): DexOpt: unable to opt direct call 0x6231 at 0x44 in Lcom/whatsapp/vw;.f
I/dalvikvm(21666): Could not find method android.os.PowerManager.isPowerSaveMode, referenced from method com.whatsapp.BatteryReceiver.a
W/dalvikvm(21666): VFY: unable to resolve virtual method 1506: Landroid/os/PowerManager;.isPowerSaveMode ()Z
D/dalvikvm(21666): VFY: replacing opcode 0x6e at 0x000d
D/Event   (21666): No subscribers registered for event class com.whatsapp.ah3
D/Event   (21666): No subscribers registered for event class de.greenrobot.event.a
I/WhatsApp(21666): LL_I W [1:main]App.java:1142 ntp update processed; device time: Fri Apr 24 19:00:45 GMT+01:00 2015 ntp time: Fri Apr 24 19:00:45 GMT+01:00 2015
D/Event   (21666): No subscribers registered for event class com.whatsapp.alk
D/Event   (21666): No subscribers registered for event class de.greenrobot.event.a
D/dalvikvm(21666): Trying to load lib /data/app-lib/com.whatsapp-1/libvlc.so 0x41faa050
D/dalvikvm(21666): Added shared lib /data/app-lib/com.whatsapp-1/libvlc.so 0x41faa050
D/dalvikvm(21666): No JNI_OnLoad found in /data/app-lib/com.whatsapp-1/libvlc.so 0x41faa050, skipping init
D/dalvikvm(21666): Trying to load lib /data/app-lib/com.whatsapp-1/libresample.so 0x41faa050
D/dalvikvm(21666): Added shared lib /data/app-lib/com.whatsapp-1/libresample.so 0x41faa050
D/dalvikvm(21666): No JNI_OnLoad found in /data/app-lib/com.whatsapp-1/libresample.so 0x41faa050, skipping init
D/dalvikvm(21666): Trying to load lib /data/app-lib/com.whatsapp-1/libwhatsapp.so 0x41faa050
D/dalvikvm(21666): Added shared lib /data/app-lib/com.whatsapp-1/libwhatsapp.so 0x41faa050
I/WhatsApp(21666): LL_I W [1:main]Runtime.java:421 19:00:45.360 os_core_unix.c !pjlib 2.2.1 for POSIX initialized
I/WhatsApp(21666): LL_I W [1:main]Runtime.java:421 19:00:45.366 wa_audio_dev.c !WA Audio sound library initialized
I/WhatsApp(21666): LL_I W [1:main]Runtime.java:421 19:00:45.367          pjlib  select() I/O Queue created (0x5fe16e3c)
I/WhatsApp(21666): LL_I W [1:main]Runtime.java:421 19:00:45.368      wa_opus.c  pjmedia_codec_opus_init start
I/WhatsApp(21666): LL_I W [1:main]Runtime.java:421 19:00:45.368      wa_opus.c  pjmedia_codec_opus_init success
D/dalvikvm(21666): Trying to load lib /data/app-lib/com.whatsapp-1/libcurve25519.so 0x41faa050
D/dalvikvm(21666): Added shared lib /data/app-lib/com.whatsapp-1/libcurve25519.so 0x41faa050
D/dalvikvm(21666): No JNI_OnLoad found in /data/app-lib/com.whatsapp-1/libcurve25519.so 0x41faa050, skipping init
I/WhatsApp(21666): LL_I W [1:main]WhatsAppLibLoader.java:77 native library usability testing in progress
I/WhatsApp(21666): LL_I W [1:main]WhatsAppLibLoader.java:77 native library usability testing complete
D/dalvikvm( 1025): GC_EXPLICIT freed 2173K, 38% free 31754K/50444K, paused 6ms+18ms, total 163ms
V/AlarmManager( 1025): sending alarm Alarm{442bd440 type 3 com.whatsapp}
V/AlarmManager( 1025): sending alarm Alarm{441dd108 type 3 com.devexpert.weather}
V/AlarmManager( 1025): sending alarm Alarm{43f7fca0 type 2 android}
I/ActivityManager( 1025): Start proc com.android.vending for service com.android.vending/com.google.android.finsky.billing.iab.InAppBillingService: pid=21699 uid=10039 gids={50039, 3003, 1028, 1015}
V/AlarmManager( 1025): sending alarm Alarm{431b82a8 type 3 com.whatsapp}
I/ActivityManager( 1025): Start proc com.devexpert.weather for broadcast com.devexpert.weather/.view.WidgetWeather2x1: pid=21724 uid=10112 gids={50112, 3003, 1028, 1015}
D/Finsky  (21699): [1] FinskyApp.onCreate: Initializing network with DFE https://android.clients.google.com/fdfe/
D/Finsky  (21699): [1] DailyHygiene.goMakeHygieneIfDirty: No need to run daily hygiene.
W/Settings(21699): Setting download_manager_max_bytes_over_mobile has moved from android.provider.Settings.Secure to android.provider.Settings.Global.
W/Settings(21699): Setting download_manager_recommended_max_bytes_over_mobile has moved from android.provider.Settings.Secure to android.provider.Settings.Global.
D/ConnectivityService( 1025): Sampling interval elapsed, updating statistics ..
I/dalvikvm(21699): Could not find method com.google.android.play.layout.PlayCardViewBase.setTransitionName, referenced from method com.google.android.finsky.utils.PlayCardUtils.bindCard
W/dalvikvm(21699): VFY: unable to resolve virtual method 42705: Lcom/google/android/play/layout/PlayCardViewBase;.setTransitionName (Ljava/lang/String;)V
D/dalvikvm(21699): VFY: replacing opcode 0x6e at 0x00d9
I/ActivityManager( 1025): Process com.devexpert.weather (pid 21724) has died.
D/ConnectivityService( 1025): Done.
D/ConnectivityService( 1025): Setting timer for 720seconds
I/dalvikvm(21699): Could not find method com.google.android.play.layout.PlayCardViewBase.setTransitionGroup, referenced from method com.google.android.finsky.utils.PlayCardUtils.bindCard
W/dalvikvm(21699): VFY: unable to resolve virtual method 42704: Lcom/google/android/play/layout/PlayCardViewBase;.setTransitionGroup (Z)V
D/dalvikvm(21699): VFY: replacing opcode 0x6e at 0x0246
I/dalvikvm(21699): Could not find method android.view.View.getTransitionName, referenced from method com.google.android.finsky.navigationmanager.NavigationManager.showPage
W/dalvikvm(21699): VFY: unable to resolve virtual method 9352: Landroid/view/View;.getTransitionName ()Ljava/lang/String;
D/dalvikvm(21699): VFY: replacing opcode 0x6e at 0x001a
D/Finsky  (21699): [1] 2.run: Loaded library for account: [gKXbJhL8NA2nPUzZyFpjB6tKi7U]
D/Finsky  (21699): [1] 2.run: Finished loading 1 libraries.
D/Finsky  (21699): [463638] InAppBillingUtils.pickAccount: com.whatsapp: Account determined from installer data - [gKXbJhL8NA2nPUzZyFpjB6tKi7U]
D/Finsky  (21699): [463639] InAppBillingUtils.pickAccount: com.whatsapp: Account determined from installer data - [gKXbJhL8NA2nPUzZyFpjB6tKi7U]
I/dalvikvm(21699): Total arena pages for JIT: 11
I/dalvikvm(21699): Total arena pages for JIT: 12
I/dalvikvm(21699): Total arena pages for JIT: 13
I/dalvikvm(21699): Total arena pages for JIT: 14
D/Finsky  (21699): [1] GmsCoreHelper.cleanupNlp: result=false type=4
D/Finsky  (21699): [1] RestoreTracker.stopServiceIfDone: Restore complete with 0 success and 0 failed.
D/Finsky  (21699): [463638] InAppBillingUtils.pickAccount: com.whatsapp: Account determined from installer data - [gKXbJhL8NA2nPUzZyFpjB6tKi7U]
D/Event   (21666): No subscribers registered for event class com.whatsapp.alk
D/Event   (21666): No subscribers registered for event class de.greenrobot.event.a
D/Ulp_jni ( 1025): Location CB invoked
I/ActivityManager( 1025): Process com.viber.voip (pid 21338) has died.
W/ActivityManager( 1025): Scheduling restart of crashed service com.viber.voip/com.viber.service.VoipConnectorService in 14605ms
W/ActivityManager( 1025): Scheduling restart of crashed service com.viber.voip/.api.billing.InAppBillingService in 24605ms
I/ActivityManager( 1025): Process com.google.android.gms (pid 20117) has died.
W/ActivityManager( 1025): Scheduling restart of crashed service com.google.android.gms/.analytics.service.AnalyticsService in 34182ms
V/GAV3    (16248): Thread[main,5,main]: service disconnected: ComponentInfo{com.google.android.gms/com.google.android.gms.analytics.service.AnalyticsService}
V/GAV3    (16248): Thread[main,5,main]: Unexpected disconnect.
V/GAV3    (16248): Thread[main,5,main]: service disconnected: ComponentInfo{com.google.android.gms/com.google.android.gms.analytics.service.AnalyticsService}
V/GAV3    (16248): Thread[main,5,main]: Unexpected disconnect.
I/ActivityManager( 1025): Process com.google.android.gms.wearable (pid 20268) has died.
W/ActivityManager( 1025): Scheduling restart of crashed service com.google.android.gms/.wearable.service.WearableService in 43963ms
D/dalvikvm(27213): GC_CONCURRENT freed 1602K, 42% free 11861K/20348K, paused 3ms+6ms, total 33ms
I/ActivityManager( 1025): Process com.bambuna.podcastaddict (pid 18192) has died.
W/ActivityManager( 1025): Scheduling restart of crashed service com.bambuna.podcastaddict/.service.PodcastAddictService in 53417ms
I/ActivityManager( 1025): Start proc com.rhmsoft.fm:service for service com.rhmsoft.fm/com.cleanmaster.fm.service.BackgroundService: pid=22527 uid=10105 gids={50105, 3003, 1028, 1015}
W/Settings(22527): Setting android_id has moved from android.provider.Settings.System to android.provider.Settings.Secure, returning read-only value.
D/filesDir(22527): /data/data/com.rhmsoft.fm/files
D/dalvikvm(22527): Trying to load lib /data/data/com.rhmsoft.fm/lib/libkcmutil.so 0x41fac248
W/linker  (22527): libkcmutil.so has text relocations. This is wasting memory and is a security risk. Please fix.
D/dalvikvm(22527): Added shared lib /data/data/com.rhmsoft.fm/lib/libkcmutil.so 0x41fac248
W/Settings(22527): Setting android_id has moved from android.provider.Settings.System to android.provider.Settings.Secure, returning read-only value.
W/System.err(22527): Commons.readAssetsFileLineString :cn2
W/Settings(22527): Setting android_id has moved from android.provider.Settings.System to android.provider.Settings.Secure, returning read-only value.
V/GAV3    (16248): Thread[Service Reconnect,5,main]: connecting to Analytics service
I/ActivityManager( 1025): Start proc com.google.android.gms for service com.google.android.gms/.analytics.service.AnalyticsService: pid=22554 uid=10022 gids={50022, 3003, 1007, 1028, 1015, 3002, 3001, 3007, 2001, 3006}
