I/DPLogger(22239): DPLogger - Name was too long. Truncating; original name: Metrics:UrgentBatchTransmitter, truncated name: Metrics:UrgentBatchTran
W/BaseMetricsServiceFacto(22239): createMetricsService - Skipping batch pipeline setup for ; RESERVED_FOR_LOCATION_SERVICE:  because no configuration is provided.
W/BaseMetricsServiceFacto(22239): createMetricsService - Skipping batch pipeline setup for ; RESERVED_FOR_NON_ANONYMOUS_METRICS:  because no configuration is provided.
I/Metrics:BatchTransmitte(22239): QueuePusher.sendBatches - Drained batch queue.; Number of NORMAL queue batches sent: 0
I/Metrics:BatchTransmitte(22239): QueuePusher.sendBatches - Drained batch queue.; Number of HIGH queue batches sent: 0
I/DPLogger(22239): DPLogger - Name was too long. Truncating; original name: MetricsBroadcastReceiver, truncated name: MetricsBroadcastReceive
W/fb4a(:<default>):AbstractMqttPushService(22221): Attempt to start service that is already started
V/PanelView( 1119): animationTick called with dtms=0; nothing to do (h=495.6128 v=1888.5453)
V/PanelView( 1119): animationTick called with dtms=-11; nothing to do (h=495.6128 v=1888.5453)
V/DexElementCompatibility(22239): ElementObjectFileFileDexFile is not the right one for this platform
V/DexElementCompatibility(22239): ElementObjectFileZipFileDexFile is not the right one for this platform
D/dalvikvm(22221): Trying to load lib /data/app-lib/com.facebook.katana-1/libheartbleed.so 0x41fb44e0
D/dalvikvm(22239): GC_CONCURRENT freed 1675K, 20% free 13895K/17224K, paused 7ms+5ms, total 79ms
D/dalvikvm(22239): WAIT_FOR_CONCURRENT_GC blocked 50ms
D/dalvikvm(22239): WAIT_FOR_CONCURRENT_GC blocked 44ms
D/dalvikvm(22221): Added shared lib /data/app-lib/com.facebook.katana-1/libheartbleed.so 0x41fb44e0
V/AmazonApplication(22239): Unable to execute setConfigCallbackForViewRoot on Android Platform4.4.4
I/com.amazon.mShop.android.shopping/com.amazon.identity.auth.device.api.MAPInit(22239): Initializing MAP (130050001 / MAPAndroidLib-1.0.906.4) for app com.amazon.mShop.android.shopping
W/com.amazon.dcp.settings.SettingsCache(22239): Permission to read device settings doesn't exist. This is normal on third-party devices.
I/com.amazon.dcp.settings.SettingsCache(22239): Always use default values for settings
D/WifiService( 1025): New client listening to asynchronous messages
I/com.amazon.mShop.android.shopping/com.amazon.identity.auth.device.features.FeatureCache(22239): Caching feature IsolateApplication as false
I/DPLogger(22239): DPLogger - Name was too long. Truncating; original name: CrashDescriptorStorageUtil, truncated name: CrashDescriptorStorageU
I/CrashDescriptorStorageU(22239): loadFromSharedPreferences - No keys retrieved from shared preferences.;
I/com.amazon.device.crashmanager.CrashDetectionHelper(22239): Installing crash detector as default exception handler.
I/DPLogger(22239): DPLogger - Name was too long. Truncating; original name: AbstractDetArtifactProcessor, truncated name: AbstractDetArtifactProc
I/DPLogger(22239): DPLogger - Name was too long. Truncating; original name: JavaCrashArtifactProcessor, truncated name: JavaCrashArtifactProces
I/com.amazon.mShop.android.shopping/com.amazon.identity.auth.device.features.FeatureCache(22239): Caching feature IsolateApplication as false
V/DexElementCompatibility(22239): ElementObjectFileFileDexFile is not the right one for this platform
I/com.amazon.mShop.android.shopping/com.amazon.identity.auth.device.features.FeatureCache(22239): Caching feature IsolateApplication as false
V/DexElementCompatibility(22239): ElementObjectFileZipFileDexFile is not the right one for this platform
I/com.amazon.mShop.android.shopping/com.amazon.identity.auth.device.utils.CentralApkUtils(22239): Cannot find amazon authenticator. returning null
I/com.amazon.mShop.android.shopping/com.amazon.identity.auth.device.utils.CentralApkUtils(22239): No central apk detected. This should be a 3P device.
I/com.amazon.mShop.android.shopping/com.amazon.identity.auth.device.features.FeatureCache(22239): Caching feature IsolateApplication as false
I/com.amazon.mShop.android.shopping/com.amazon.identity.auth.device.attribute.DeviceAttributeCache(22239): Setting device attribute CentralAPK to false
I/com.amazon.mShop.android.shopping/com.amazon.identity.auth.device.features.FeatureCache(22239): Caching feature IsolateApplication as false
I/com.amazon.mShop.android.shopping/com.amazon.identity.auth.device.features.FeatureCache(22239): Caching feature IsolateApplication as false
I/com.amazon.mShop.android.shopping/com.amazon.identity.auth.device.features.FeatureCache(22239): Caching feature IsolateApplication as false
I/CrashDescriptorStorageU(22239): saveToSharedPreferences - Added last cleared cache to shared preferences = ; 1429950542397
I/CrashDescriptorStorageU(22239): saveToSharedPreferences - Number of keys stored in shared preferences = ; 0
I/com.amazon.mShop.android.shopping/com.amazon.identity.auth.device.features.FeatureCache(22239): Caching feature IsolateApplication as false
I/ActivityManager( 1025): Start proc com.google.android.partnersetup for broadcast com.google.android.partnersetup/.RlzPingBroadcastReceiver: pid=22338 uid=10025 gids={50025, 3003}
D/dalvikvm(22239): GC_CONCURRENT freed 1547K, 17% free 14395K/17224K, paused 7ms+3ms, total 63ms
D/dalvikvm(22239): WAIT_FOR_CONCURRENT_GC blocked 44ms
I/com.amazon.mShop.android.shopping/com.amazon.identity.auth.device.storage.DistributedDataStorage(22239): Am the latest application. Setting up alarm to clean database
I/ActivityManager( 1025): Process com.amazon.mShop.android.shopping (pid 22239) has died.
D/WifiService( 1025): Client connection lost with reason: 4
I/ActivityManager( 1025): Start proc com.android.vending for broadcast com.android.vending/com.google.android.finsky.receivers.PackageMonitorReceiver$RegisteredReceiver: pid=22354 uid=10039 gids={50039, 3003, 1028, 1015}
I/ActivityManager( 1025): Process com.google.android.partnersetup (pid 22338) has died.
D/Finsky  (22354): [1] FinskyApp.onCreate: Initializing network with DFE https://android.clients.google.com/fdfe/
D/WifiStateMachine( 1025): handleMessage: E msg.what=151572
D/WifiStateMachine( 1025): processMsg: ConnectedState
D/WifiStateMachine( 1025): processMsg: L2ConnectedState
D/WifiStateMachine( 1025): handleMessage: X
D/Finsky  (22354): [1] DailyHygiene.goMakeHygieneIfDirty: No need to run daily hygiene.
W/Settings(22354): Setting download_manager_max_bytes_over_mobile has moved from android.provider.Settings.Secure to android.provider.Settings.Global.
W/Settings(22354): Setting download_manager_recommended_max_bytes_over_mobile has moved from android.provider.Settings.Secure to android.provider.Settings.Global.
I/dalvikvm(22354): Could not find method com.google.android.play.layout.PlayCardViewBase.setTransitionName, referenced from method com.google.android.finsky.utils.PlayCardUtils.bindCard
W/dalvikvm(22354): VFY: unable to resolve virtual method 42705: Lcom/google/android/play/layout/PlayCardViewBase;.setTransitionName (Ljava/lang/String;)V
D/dalvikvm(22354): VFY: replacing opcode 0x6e at 0x00d9
I/dalvikvm(22354): Could not find method com.google.android.play.layout.PlayCardViewBase.setTransitionGroup, referenced from method com.google.android.finsky.utils.PlayCardUtils.bindCard
W/dalvikvm(22354): VFY: unable to resolve virtual method 42704: Lcom/google/android/play/layout/PlayCardViewBase;.setTransitionGroup (Z)V
D/dalvikvm(22354): VFY: replacing opcode 0x6e at 0x0246
I/dalvikvm(22354): Could not find method android.view.View.getTransitionName, referenced from method com.google.android.finsky.navigationmanager.NavigationManager.showPage
W/dalvikvm(22354): VFY: unable to resolve virtual method 9352: Landroid/view/View;.getTransitionName ()Ljava/lang/String;
D/dalvikvm(22354): VFY: replacing opcode 0x6e at 0x001a
D/Finsky  (22354): [1] 2.run: Loaded library for account: [gKXbJhL8NA2nPUzZyFpjB6tKi7U]
D/Finsky  (22354): [1] 2.run: Finished loading 1 libraries.
D/PackageBroadcastService(30241): Received broadcast action=android.intent.action.PACKAGE_ADDED and uri=co.giftmeapp.gift_me
D/dalvikvm(27213): GC_CONCURRENT freed 1948K, 66% free 11621K/33708K, paused 8ms+5ms, total 69ms
D/dalvikvm(27213): WAIT_FOR_CONCURRENT_GC blocked 11ms
I/ConfigService(23035): onCreate
I/ConfigService(23035): onBind for Intent { act=com.google.android.gms.config.UPDATE pkg=com.google.android.gms } action com.google.android.gms.config.UPDATE
I/ConfigFetchService(30241): onStartCommand Intent { act=android.intent.action.PACKAGE_ADDED dat=package:co.giftmeapp.gift_me cmp=com.google.android.gms/.config.ConfigFetchService (has extras) }
I/ConfigFetchService(30241): launchTask
I/ConfigService(23035): onBind returning update interface
I/ActivityManager( 1025): Start proc com.google.android.apps.docs for broadcast com.google.android.apps.docs/.receivers.AppPackageAddRemoveReceiver: pid=22407 uid=10060 gids={50060, 3003, 1028, 1015}
I/ActivityManager( 1025): Process com.android.vending (pid 22354) has died.
I/ConfigService(23035): onBind for Intent { act=com.google.android.gms.config.START pkg=com.google.android.gms } action com.google.android.gms.config.START
I/ConfigService(23035): onBind returning service broker
D/dalvikvm(30241): GC_CONCURRENT freed 2014K, 37% free 10928K/17224K, paused 3ms+24ms, total 108ms
I/ConfigFetchService(30241): service connected
D/ConfigFetchService(30241): ConfigApi connection successful.
V/ConfigFetchTask(30241): ConfigFetchTask getDeviceDataVersionInfo(): ABFEt1XbWKZqpeuQUdA_hPbanD23wYFxbRk2Fgm59sR5dAIyi7aLpUzZSLCd5WNJYiBS8WgN1UOcLgfe0FqALYYFt1hd6A-b7gN7WWMFBG7VSyWOJ5fy-cc6yABfv3XucmfB6KWj2oSw_h6c4spvbotQbbwGWRueTz2nwDTwRhGMvZMzNpxWhkdnmvnuP6Hl4Ssry5ufbgG1cK1O0_AzOBdRwslm55tEmI90CymYfNT9iSz6h6XuKkQk1zyS-0xk2lrnDZH9-dz7DDlmoSSg_CIx2B-Cm3t0JBsegdWM_4LOSowPOnndNIs
I/GoogleURLConnFactory(30241): Using platform SSLCertificateSocketFactory
W/GmsApplication(30241): Using Auth Proxy for data requests.
I/GoogleURLConnFactory(30241): Using platform SSLCertificateSocketFactory
I/GLSUser (30241): [ ChannelManager ] Attempting to channel bind connection HttpClient.
I/GLSUser (30241): [ ChannelManager ] Skip channel binding on pre-KLP devices.
W/GmsApplication(30241): Using Auth Proxy for data requests.
I/dalvikvm(22407): Could not find method android.app.Activity.finishAfterTransition, referenced from method r.c_
W/dalvikvm(22407): VFY: unable to resolve virtual method 2773: Landroid/app/Activity;.finishAfterTransition ()V
D/dalvikvm(22407): VFY: replacing opcode 0x6e at 0x0006
I/ConfigFetchService(30241): fetch service done; releasing wakelock
I/ConfigFetchService(30241): stopping self
W/GmsApplication(30241): Using Auth Proxy for data requests.
W/GmsApplication(30241): Using Auth Proxy for data requests.
W/GmsApplication(30241): Using Auth Proxy for data requests.
W/GmsApplication(30241): Using Auth Proxy for data requests.
D/WifiStateMachine( 1025): handleMessage: E msg.what=151572
D/WifiStateMachine( 1025): processMsg: ConnectedState
D/WifiStateMachine( 1025): processMsg: L2ConnectedState
W/SyncWapiModule(22407): isPlayServicesEnabled=
W/SyncWapiModule(22407): isPlayServicesEnabled=
D/WifiStateMachine( 1025): handleMessage: X
W/GAV2    (22407): Thread[main,5,main]: Need to call initialize() and be in fallback mode to start dispatch.
I/ActivityManager( 1025): Start proc com.motorola.MotGallery2 for broadcast com.motorola.MotGallery2/com.android.gallery3d.app.PackagesMonitor: pid=22446 uid=10034 gids={50034, 3003, 1028, 1015}
I/ActivityManager( 1025): Start proc com.google.android.googlequicksearchbox:search for broadcast com.google.android.googlequicksearchbox/com.google.android.search.core.icingsync.IcingCorporaChangedReceiver: pid=22462 uid=10045 gids={50045, 3003, 3001, 1028, 3002, 1015}
I/ActivityManager( 1025): Process com.motorola.MotGallery2 (pid 22446) has died.
I/ActivityManager( 1025): Start proc com.evernote for broadcast com.evernote/.util.WidgetTracker: pid=22478 uid=10134 gids={50134, 3003, 1028, 1015}
I/UpdateIcingCorporaServi(22462): Updating corpora: APPS=co.giftmeapp.gift_me, CONTACTS=MAYBE
W/GAV2    (22407): Thread[main,5,main]: dispatch call queued.  Need to call GAServiceManager.getInstance().initialize().
I/MultiDex(22478): VM with version 1.6.0 does not have multidex support
I/MultiDex(22478): install
I/MultiDex(22478): MultiDexExtractor.load(/data/app/com.evernote-1.apk, false)
I/MultiDex(22478): loading existing secondary dex files
I/MultiDex(22478): load found 0 secondary dex files
I/MultiDex(22478): install done
I/ActivityManager( 1025): Start proc com.google.android.partnersetup for content provider com.google.android.partnersetup/.RlzAppProvider: pid=22499 uid=10025 gids={50025, 3003}
I/ActivityManager( 1025): Process com.google.android.apps.docs (pid 22407) has died.
I/SFPerfTracer(  274):      triggers: (rate: 2364:89732) (compose: 0:286) (post: 0:27) (render: 97:11310) (17:937651 frames) (18:3899154)
D/SFPerfTracer(  274):        layers: (3:11) (DimLayer: 0:158)* (DimLayer: 0:160)* (FocusedStackFrame: 0:24949)* (StatusBar: 18:305005) (NavigationBar: 1:231271) (DimLayer: 0:29153)* (DimLayer: 0:5714)* (com.android.systemui.ImageWallpaper: 0:573)* (com.android.packageinstaller/com.android.packageinstaller.InstallAppProgress: 0:200)* (Starting co.giftmeapp.gift_me: 0:27)* (co.giftmeapp.gift_me/co.giftmeapp.gift_me.GiftMe: 0:46) 
I/dalvikvm(22462): Could not find method android.content.pm.PackageManager.getPackageInstaller, referenced from method com.google.android.gms.common.e.p
W/dalvikvm(22462): VFY: unable to resolve virtual method 901: Landroid/content/pm/PackageManager;.getPackageInstaller ()Landroid/content/pm/PackageInstaller;
D/dalvikvm(22462): VFY: replacing opcode 0x6e at 0x000b
I/ActivityManager( 1025): Process com.google.android.partnersetup (pid 22499) has died.
D/EN      (22478): MemoryMapAppender.ctor()
D/EN      (22478): MemoryMapAppender.ctor-end()
D/EN      (22478): [EvernoteProvider] - Provider+++++onCreate()
D/EN      (22478): [d] - AccountManager()::userIds=102703026
D/EN      (22478): [b] - creating new AccountInfo()::userId102703026
D/EN      (22478): [d] - AccountManager()::adding account::102703026::timcallagy
D/EN      (22478): [d] - AccountManager()::count=1
D/EN      (22478): [d] - initialized:
D/EN      (22478): [a] - getInstance()::
D/EN      (22478): [al] - Register SD Card Receiver ++++++++++++++++++++
D/EN      (22478): [al] - checkForRecentUnmount() end
D/EN      (22478): [a] - locale is set=en_GB
D/EN      (22478): [a] - isDBONSDcard()=true
I/EN      (22478): [al] - getSDCardStatus()::mounted::noStorageText=null
D/EN      (22478): [a] - isDBFileChanged()::lastFilePath in pref=/data/data/com.evernote/files/user-102703026/.external-1428259012787-Evernote.db
E/EN      (22478): [a] - isDBFileChanged()::+++++++++lastFilePath exists/data/data/com.evernote/files/user-102703026/.external-1428259012787-Evernote.db
D/EN      (22478): [a] - getInstance()::DBFile NOT Changed
D/EN      (22478): [a] - isDBONSDcard()=true
D/EN      (22478): [a] - moveToSDcard()::start::Evernote.DB_ON_SDCARD=true
D/EN      (22478): [a] - isDBONSDcard()=true
E/EN      (22478): [a] - isLastDBFileOnSDCard()::+++++++++++lastFilePath exists/data/data/com.evernote/files/user-102703026/.external-1428259012787-Evernote.db
D/EN      (22478): [a] - isDBONSDcard()=true
D/EN      (22478): [a] - getDBfilePath()::++++++++++++++++lastFilePath from preferences/data/data/com.evernote/files/user-102703026/.external-1428259012787-Evernote.db
E/EN      (22478): [a] - getDBfilePath()::++++++++++++++++lastFilePath exists/data/data/com.evernote/files/user-102703026/.external-1428259012787-Evernote.db
D/EN      (22478): [EvernoteProvider] - cleanupOldThumbnailsIfNeeded()
I/ReleaseProperties(22478): Current app is: evernote
I/ReleaseProperties(22478): propFile: release is now loaded
I/ActivityManager( 1025): Process com.facebook.katana (pid 22221) has died.
D/WifiService( 1025): Client connection lost with reason: 4
W/ActivityManager( 1025): Scheduling restart of crashed service com.facebook.katana/com.facebook.push.mqtt.service.MqttPushService in 3625408ms
I/ReleaseProperties(22478): propFile: play is now loaded
I/ApplicationLogger(22462): canRun() : Opted Out
I/UpdateIcingCorporaServi(22462): UpdateCorporaTask done [took 281 ms] updated apps [took 281 ms] 
I/ReleaseProperties(22478): propFile: base is now loaded
I/ReleaseProperties(22478): propFile: override is now loaded
D/MarketUtils(22478): isPackageInstalled() - com.android.vending is installed
D/MarketUtils(22478): isPackageInstalled() - com.android.vending is installed
D/MarketUtils(22478): isPackageInstalled() - com.android.vending is installed
D/MarketUtils(22478): isPackageInstalled() - com.android.vending is installed
I/ReleaseProperties(22478): ReleaseProperties: 
I/ReleaseProperties(22478):   bundleName=google-play
I/ReleaseProperties(22478):   revision=AM_702_524
I/ReleaseProperties(22478):   type=public
I/ReleaseProperties(22478):   gitHash=313f54a11431af98d659728265b72cfcf9ec527e
I/ReleaseProperties(22478):   baseSearchUri=market://search?q=
D/MarketUtils(22478): isPackageInstalled() - com.android.vending is installed
D/MarketUtils(22478): isPackageInstalled() - com.android.vending is installed
D/ReleaseProperties(22478): getReferralPersistencePath():: old=false:: path=/storage/emulated/0/.enref
D/EN      (22478): [a] - isDBONSDcard()=true
D/EN      (22478): [Evernote] - VERSION_CODE: 1070243
D/MarketUtils(22478): isPackageInstalled() - com.android.vending is installed
I/ReleaseProperties(22478): From file referralCode=android
D/MarketUtils(22478): isPackageInstalled() - com.android.vending is installed
I/dalvikvm(22478): Could not find method android.content.pm.PackageManager.getActivityBanner, referenced from method com.evernote.d.b.getActivityBanner
W/dalvikvm(22478): VFY: unable to resolve virtual method 793: Landroid/content/pm/PackageManager;.getActivityBanner (Landroid/content/ComponentName;)Landroid/graphics/drawable/Drawable;
D/dalvikvm(22478): VFY: replacing opcode 0x6e at 0x0002
I/dalvikvm(22478): Could not find method android.content.pm.PackageManager.getActivityBanner, referenced from method com.evernote.d.b.getActivityBanner
W/dalvikvm(22478): VFY: unable to resolve virtual method 794: Landroid/content/pm/PackageManager;.getActivityBanner (Landroid/content/Intent;)Landroid/graphics/drawable/Drawable;
D/dalvikvm(22478): VFY: replacing opcode 0x6e at 0x0002
I/dalvikvm(22478): Could not find method android.content.pm.PackageManager.getApplicationBanner, referenced from method com.evernote.d.b.getApplicationBanner
W/dalvikvm(22478): VFY: unable to resolve virtual method 801: Landroid/content/pm/PackageManager;.getApplicationBanner (Landroid/content/pm/ApplicationInfo;)Landroid/graphics/drawable/Drawable;
D/dalvikvm(22478): VFY: replacing opcode 0x6e at 0x0002
I/dalvikvm(22478): Could not find method android.content.pm.PackageManager.getApplicationBanner, referenced from method com.evernote.d.b.getApplicationBanner
W/dalvikvm(22478): VFY: unable to resolve virtual method 802: Landroid/content/pm/PackageManager;.getApplicationBanner (Ljava/lang/String;)Landroid/graphics/drawable/Drawable;
D/dalvikvm(22478): VFY: replacing opcode 0x6e at 0x0002
I/dalvikvm(22478): Could not find method android.content.pm.PackageManager.getLeanbackLaunchIntentForPackage, referenced from method com.evernote.d.b.getLeanbackLaunchIntentForPackage
W/dalvikvm(22478): VFY: unable to resolve virtual method 818: Landroid/content/pm/PackageManager;.getLeanbackLaunchIntentForPackage (Ljava/lang/String;)Landroid/content/Intent;
D/dalvikvm(22478): VFY: replacing opcode 0x6e at 0x0002
I/dalvikvm(22478): Could not find method android.content.pm.PackageManager.getPackageInstaller, referenced from method com.evernote.d.b.getPackageInstaller
W/dalvikvm(22478): VFY: unable to resolve virtual method 823: Landroid/content/pm/PackageManager;.getPackageInstaller ()Landroid/content/pm/PackageInstaller;
D/dalvikvm(22478): VFY: replacing opcode 0x6e at 0x0002
I/dalvikvm(22478): Could not find method android.content.pm.PackageManager.getUserBadgedDrawableForDensity, referenced from method com.evernote.d.b.getUserBadgedDrawableForDensity
W/dalvikvm(22478): VFY: unable to resolve virtual method 839: Landroid/content/pm/PackageManager;.getUserBadgedDrawableForDensity (Landroid/graphics/drawable/Drawable;Landroid/os/UserHandle;Landroid/graphics/Rect;I)Landroid/graphics/drawable/Drawable;
D/dalvikvm(22478): VFY: replacing opcode 0x6e at 0x0002
I/dalvikvm(22478): Could not find method android.content.pm.PackageManager.getUserBadgedIcon, referenced from method com.evernote.d.b.getUserBadgedIcon
W/dalvikvm(22478): VFY: unable to resolve virtual method 840: Landroid/content/pm/PackageManager;.getUserBadgedIcon (Landroid/graphics/drawable/Drawable;Landroid/os/UserHandle;)Landroid/graphics/drawable/Drawable;
D/dalvikvm(22478): VFY: replacing opcode 0x6e at 0x0002
I/dalvikvm(22478): Could not find method android.content.pm.PackageManager.getUserBadgedLabel, referenced from method com.evernote.d.b.getUserBadgedLabel
W/dalvikvm(22478): VFY: unable to resolve virtual method 841: Landroid/content/pm/PackageManager;.getUserBadgedLabel (Ljava/lang/CharSequence;Landroid/os/UserHandle;)Ljava/lang/CharSequence;
D/dalvikvm(22478): VFY: replacing opcode 0x6e at 0x0002
I/Crashlytics(22478): Initializing Crashlytics 1.1.8.10
D/MarketUtils(22478): isPackageInstalled() - com.android.vending is installed
D/WifiStateMachine( 1025): handleMessage: E msg.what=151572
D/WifiStateMachine( 1025): processMsg: ConnectedState
D/WifiStateMachine( 1025): processMsg: L2ConnectedState
D/WifiStateMachine( 1025): handleMessage: X
D/HockeyApp(22478): Looking for exceptions in: /data/data/com.evernote/files
D/HockeyApp(22478): Current handler class = com.evernote.k
D/EN      (22478): [ee] - registered crash manager
D/EN      (22478): [c] - onApplicationStart()
D/EN      (22478): [c] - onApplicationStart() -- loader thread
D/EN      (22478): [c] - pushUserIDToDataLayer(), pushing user-id ending in 6
D/MarketUtils(22478): isPackageInstalled() - com.android.vending is installed
D/MarketUtils(22478): isPackageInstalled() - com.android.vending is installed
I/ActivityManager( 1025): Start proc com.evernote.widget for broadcast com.evernote.widget/.WidgetStateReceiver: pid=22543 uid=10135 gids={50135, 3003, 1028, 1015}
D/EN      (22478): [c] - 	loading saved values from internal storage
D/WifiStateMachine( 1025): handleMessage: E msg.what=131155
D/WifiStateMachine( 1025): processMsg: ConnectedState
D/WifiStateMachine( 1025): processMsg: L2ConnectedState
D/WifiStateMachine( 1025): handleMessage: X
D/dalvikvm(  275): GC_EXPLICIT freed 42K, 48% free 9011K/17224K, paused 2ms+3ms, total 21ms
D/dalvikvm(  275): GC_EXPLICIT freed <1K, 48% free 9011K/17224K, paused 1ms+2ms, total 17ms
I/ReleaseProperties(22543): Current app is: evernoteWidget
I/ReleaseProperties(22543): propFile: release is now loaded
I/ReleaseProperties(22543): propFile: play is now loaded
D/dalvikvm(  275): GC_EXPLICIT freed <1K, 48% free 9011K/17224K, paused 1ms+2ms, total 17ms
I/ReleaseProperties(22543): propFile: base is now loaded
I/ReleaseProperties(22543): propFile: override is now loaded
I/ReleaseProperties(22543): ReleaseProperties: 
I/ReleaseProperties(22543):   bundleName=none
I/ReleaseProperties(22543):   revision=unknown
I/ReleaseProperties(22543):   type=development
I/ReleaseProperties(22543):   gitHash=?
I/ReleaseProperties(22543):   baseSearchUri=market://search?q=
D/ReleaseProperties(22543): getReferralPersistencePath():: old=false:: path=/storage/emulated/0/.enref
I/ReleaseProperties(22543): From file referralCode=android
I/ActivityManager( 1025): Start proc com.amazon.mShop.android.shopping for broadcast com.amazon.mShop.android.shopping/com.amazon.clouddrive.library.device.receivers.PackageReceiverProxy: pid=22561 uid=10157 gids={50157, 3003, 1028, 1015}
I/ActivityManager( 1025): Process com.google.android.googlequicksearchbox:search (pid 22462) has died.
W/ProcessCpuTracker( 1025): Skipping unknown process pid 22462
I/Icing   (30241): Indexing D11140B64A23ADCF9607D6E17FA4854A5443BF22 from com.google.android.googlequicksearchbox
I/ActivityManager( 1025): Process com.evernote (pid 22478) has died.
D/WifiStateMachine( 1025): handleMessage: E msg.what=151572
D/WifiStateMachine( 1025): processMsg: ConnectedState
D/WifiStateMachine( 1025): processMsg: L2ConnectedState
D/dalvikvm(22561): GC_CONCURRENT freed 4513K, 27% free 12674K/17224K, paused 3ms+6ms, total 143ms
D/dalvikvm(22561): WAIT_FOR_CONCURRENT_GC blocked 101ms
D/WifiStateMachine( 1025): handleMessage: X
I/ActivityManager( 1025): Start proc com.google.android.googlequicksearchbox:search for content provider com.google.android.googlequicksearchbox/com.google.android.search.core.icingsync.InternalIcingCorporaProvider: pid=22586 uid=10045 gids={50045, 3003, 3001, 1028, 3002, 1015}
V/PanelView( 1119): animationTick called with dtms=0; nothing to do (h=887.2319 v=-1657.4579)
V/PanelView( 1119): animationTick called with dtms=-15; nothing to do (h=887.2319 v=-1657.4579)
D/dalvikvm( 1025): GC_EXPLICIT freed 950K, 34% free 33543K/50444K, paused 8ms+29ms, total 290ms
D/dalvikvm(22561): GC_CONCURRENT freed 1189K, 22% free 13532K/17224K, paused 4ms+3ms, total 82ms
D/dalvikvm(22561): WAIT_FOR_CONCURRENT_GC blocked 38ms
I/dalvikvm(22586): Could not find method android.content.pm.PackageManager.getPackageInstaller, referenced from method com.google.android.gms.common.e.p
W/dalvikvm(22586): VFY: unable to resolve virtual method 901: Landroid/content/pm/PackageManager;.getPackageInstaller ()Landroid/content/pm/PackageInstaller;
D/dalvikvm(22586): VFY: replacing opcode 0x6e at 0x000b
W/InputMethodManagerService( 1025): Window already focused, ignoring focus gain of: com.android.internal.view.IInputMethodClient$Stub$Proxy@43e12578 attribute=null, token = android.os.BinderProxy@42ac8ed0
I/SFPerfTracer(  274):      triggers: (rate: 1214:464049) (396413 sw vsyncs) (1110088 skipped) (19:3960888 vsyncs) (21:4948444)
V/PhoneStatusBar( 1119): setLightsOn(true)
I/Icing   (30241): Indexing done D11140B64A23ADCF9607D6E17FA4854A5443BF22
D/dalvikvm( 1295): GC_CONCURRENT freed 2199K, 46% free 9429K/17224K, paused 2ms+1ms, total 24ms
I/DPLogger(22561): DPLogger - Name was too long. Truncating; original name: BaseMetricsServiceFactory, truncated name: BaseMetricsServiceFacto
I/DPLogger(22561): DPLogger - Name was too long. Truncating; original name: MetricsConfigurationParser, truncated name: MetricsConfigurationPar
I/MetricsConfigurationPar(22561): MetricsConfigurationParser - Picking configuration; Domain: prod, Build: user, isDebuggable: false
I/DPLogger(22561): DPLogger - Name was too long. Truncating; original name: TComm.HttpClientSrrManager, truncated name: TComm.HttpClientSrrMana
I/DPLogger(22561): DPLogger - Name was too long. Truncating; original name: AndroidDeviceInfoManager, truncated name: AndroidDeviceInfoManage
I/DPLogger(22561): DPLogger - Name was too long. Truncating; original name: Metrics:BoundedByteArrayQueue, truncated name: Metrics:BoundedByteArra
I/DPLogger(22561): DPLogger - Name was too long. Truncating; original name: Metrics:NonVolatileBoundedByteArrayQueue, truncated name: Metrics:NonVolatileBoun
I/DPLogger(22561): DPLogger - Name was too long. Truncating; original name: Metrics:BatchTransmitter, truncated name: Metrics:BatchTransmitte
I/DPLogger(22561): DPLogger - Name was too long. Truncating; original name: Metrics:ThreadPoolBatchTransmitter, truncated name: Metrics:ThreadPoolBatch
I/DPLogger(22561): DPLogger - Name was too long. Truncating; original name: PeriodicBatchTransmitter, truncated name: PeriodicBatchTransmitte
I/DPLogger(22561): DPLogger - Name was too long. Truncating; original name: Metrics:UrgentBatchTransmitter, truncated name: Metrics:UrgentBatchTran
W/BaseMetricsServiceFacto(22561): createMetricsService - Skipping batch pipeline setup for ; RESERVED_FOR_LOCATION_SERVICE:  because no configuration is provided.
W/BaseMetricsServiceFacto(22561): createMetricsService - Skipping batch pipeline setup for ; RESERVED_FOR_NON_ANONYMOUS_METRICS:  because no configuration is provided.
I/Metrics:BatchTransmitte(22561): QueuePusher.sendBatches - Drained batch queue.; Number of NORMAL queue batches sent: 0
I/Metrics:BatchTransmitte(22561): QueuePusher.sendBatches - Drained batch queue.; Number of HIGH queue batches sent: 0
I/DPLogger(22561): DPLogger - Name was too long. Truncating; original name: MetricsBroadcastReceiver, truncated name: MetricsBroadcastReceive
V/DexElementCompatibility(22561): ElementObjectFileFileDexFile is not the right one for this platform
V/DexElementCompatibility(22561): ElementObjectFileZipFileDexFile is not the right one for this platform
D/dalvikvm(22561): GC_CONCURRENT freed 1698K, 20% free 13881K/17224K, paused 2ms+2ms, total 46ms
D/dalvikvm(22561): WAIT_FOR_CONCURRENT_GC blocked 29ms
D/dalvikvm(22561): WAIT_FOR_CONCURRENT_GC blocked 29ms
D/dalvikvm(22561): WAIT_FOR_CONCURRENT_GC blocked 29ms
D/dalvikvm(22561): WAIT_FOR_CONCURRENT_GC blocked 29ms
V/AmazonApplication(22561): Unable to execute setConfigCallbackForViewRoot on Android Platform4.4.4
D/WifiService( 1025): New client listening to asynchronous messages
I/com.amazon.mShop.android.shopping/com.amazon.identity.auth.device.api.MAPInit(22561): Initializing MAP (130050001 / MAPAndroidLib-1.0.906.4) for app com.amazon.mShop.android.shopping
I/DPLogger(22561): DPLogger - Name was too long. Truncating; original name: CrashDescriptorStorageUtil, truncated name: CrashDescriptorStorageU
I/CrashDescriptorStorageU(22561): loadFromSharedPreferences - No keys retrieved from shared preferences.;
W/com.amazon.dcp.settings.SettingsCache(22561): Permission to read device settings doesn't exist. This is normal on third-party devices.
I/com.amazon.dcp.settings.SettingsCache(22561): Always use default values for settings
I/com.amazon.device.crashmanager.CrashDetectionHelper(22561): Installing crash detector as default exception handler.
V/DexElementCompatibility(22561): ElementObjectFileFileDexFile is not the right one for this platform
V/DexElementCompatibility(22561): ElementObjectFileZipFileDexFile is not the right one for this platform
I/com.amazon.mShop.android.shopping/com.amazon.identity.auth.device.features.FeatureCache(22561): Caching feature IsolateApplication as false
I/com.amazon.mShop.android.shopping/com.amazon.identity.auth.device.features.FeatureCache(22561): Caching feature IsolateApplication as false
I/DPLogger(22561): DPLogger - Name was too long. Truncating; original name: AbstractDetArtifactProcessor, truncated name: AbstractDetArtifactProc
I/DPLogger(22561): DPLogger - Name was too long. Truncating; original name: JavaCrashArtifactProcessor, truncated name: JavaCrashArtifactProces
I/com.amazon.mShop.android.shopping/com.amazon.identity.auth.device.features.FeatureCache(22561): Caching feature IsolateApplication as false
I/com.amazon.mShop.android.shopping/com.amazon.identity.auth.device.utils.CentralApkUtils(22561): Cannot find amazon authenticator. returning null
I/com.amazon.mShop.android.shopping/com.amazon.identity.auth.device.utils.CentralApkUtils(22561): No central apk detected. This should be a 3P device.
I/com.amazon.mShop.android.shopping/com.amazon.identity.auth.device.features.FeatureCache(22561): Caching feature IsolateApplication as false
I/com.amazon.mShop.android.shopping/com.amazon.identity.auth.device.attribute.DeviceAttributeCache(22561): Setting device attribute CentralAPK to false
I/com.amazon.mShop.android.shopping/com.amazon.identity.auth.device.features.FeatureCache(22561): Caching feature IsolateApplication as false
I/com.amazon.mShop.android.shopping/com.amazon.identity.auth.device.features.FeatureCache(22561): Caching feature IsolateApplication as false
I/com.amazon.mShop.android.shopping/com.amazon.identity.auth.device.features.FeatureCache(22561): Caching feature IsolateApplication as false
I/CrashDescriptorStorageU(22561): saveToSharedPreferences - Added last cleared cache to shared preferences = ; 1429950542397
I/CrashDescriptorStorageU(22561): saveToSharedPreferences - Number of keys stored in shared preferences = ; 0
I/ActivityManager( 1025): Process com.evernote.widget (pid 22543) has died.
I/ActivityManager( 1025): Process com.google.android.googlequicksearchbox:search (pid 22586) has died.
D/WifiStateMachine( 1025): handleMessage: E msg.what=151572
D/WifiStateMachine( 1025): processMsg: ConnectedState
D/WifiStateMachine( 1025): processMsg: L2ConnectedState
D/WifiStateMachine( 1025): handleMessage: X
I/com.amazon.mShop.android.shopping/com.amazon.identity.auth.device.features.FeatureCache(22561): Caching feature IsolateApplication as false
D/dalvikvm(22561): GC_CONCURRENT freed 1530K, 17% free 14397K/17224K, paused 2ms+4ms, total 55ms
D/dalvikvm(22561): WAIT_FOR_CONCURRENT_GC blocked 47ms
E/NetworkScheduler.SchedulerReceiver(23035): Invalid parameter app
E/NetworkScheduler.SchedulerReceiver(23035): Invalid package name : Perhaps you didn't include a PendingIntent in the extras?
I/com.amazon.mShop.android.shopping/com.amazon.identity.auth.device.storage.DistributedDataStorage(22561): Am the latest application. Setting up alarm to clean database
D/PackageBroadcastService(30241): Received broadcast action=android.intent.action.PACKAGE_REPLACED and uri=co.giftmeapp.gift_me
I/com.amazon.mShop.android.shopping/com.amazon.identity.auth.device.features.FeatureCache(22561): Caching feature IsolateApplication as false
I/com.amazon.mShop.android.shopping/com.amazon.identity.auth.device.features.FeatureCache(22561): Caching feature IsolateApplication as false
I/com.amazon.mShop.android.shopping/com.amazon.identity.auth.device.features.FeatureCache(22561): Caching feature IsolateApplication as false
I/com.amazon.mShop.android.shopping/com.amazon.identity.auth.device.features.FeatureCache(22561): Caching feature IsolateApplication as false
I/ActivityManager( 1025): Start proc com.google.android.apps.magazines for broadcast com.google.android.apps.magazines/com.google.apps.dots.android.app.receiver.FirstInstallNotificationReceiver: pid=22652 uid=10077 gids={50077, 3003, 1028, 1015}
D/WifiService( 1025): Client connection lost with reason: 4
I/ActivityManager( 1025): Process com.amazon.mShop.android.shopping (pid 22561) has died.
I/dalvikvm(22652): Could not find method android.accounts.AccountManager.getPreviousName, referenced from method com.google.apps.dots.android.newsstand.auth.AccountManagerDelegate.getPreviousName
W/dalvikvm(22652): VFY: unable to resolve virtual method 7: Landroid/accounts/AccountManager;.getPreviousName (Landroid/accounts/Account;)Ljava/lang/String;
D/dalvikvm(22652): VFY: replacing opcode 0x6e at 0x0002
E/cutils  (  261): Failed to mkdirat(/storage/sdcard1/Android): Read-only file system
W/Vold    (  261): Returning OperationFailed - no handler for errno 30
W/ContextImpl(22652): Failed to ensure directory: /storage/sdcard1/Android/data/com.google.android.apps.magazines/cache
E/cutils  (  261): Failed to mkdirat(/storage/sdcard1/Android): Read-only file system
W/Vold    (  261): Returning OperationFailed - no handler for errno 30
W/ContextImpl(22652): Failed to ensure directory: /storage/sdcard1/Android/data/com.google.android.apps.magazines/files
E/cutils  (  261): Failed to mkdirat(/storage/sdcard1/Android): Read-only file system
W/Vold    (  261): Returning OperationFailed - no handler for errno 30
W/ContextImpl(22652): Failed to ensure directory: /storage/sdcard1/Android/data/com.google.android.apps.magazines/cache
E/cutils  (  261): Failed to mkdirat(/storage/sdcard1/Android): Read-only file system
W/Vold    (  261): Returning OperationFailed - no handler for errno 30
W/ContextImpl(22652): Failed to ensure directory: /storage/sdcard1/Android/data/com.google.android.apps.magazines/files
V/WebViewChromiumFactoryProvider(22652): Binding Chromium to main looper Looper (main, tid 1) {41fa3dd0}
I/LibraryLoader(22652): Expected native library version number "",actual native library version number ""
I/chromium(22652): [INFO:library_loader_hooks.cc(116)] Chromium logging enabled: level = 0, default verbosity = 0
I/BrowserStartupController(22652): Initializing chromium process, renderers=0
E/AudioManagerAndroid(22652): BLUETOOTH permission is missing!
I/Adreno-EGL(22652): <qeglDrvAPI_eglInitialize:410>: EGL 1.4 QUALCOMM build: AU_LINUX_ANDROID_LNX.LA.3.5.1_RB1.04.04.02.048.018_msm8226_LNX.LA.3.5.1_RB1__release_AU ()
I/Adreno-EGL(22652): OpenGL ES Shader Compiler Version: E031.24.00.08
I/Adreno-EGL(22652): Build Date: 03/07/14 Fri
I/Adreno-EGL(22652): Local Branch: 
I/Adreno-EGL(22652): Remote Branch: quic/LNX.LA.3.5.1_RB1.1
I/Adreno-EGL(22652): Local Patches: NONE
I/Adreno-EGL(22652): Reconstruct Branch: AU_LINUX_ANDROID_LNX.LA.3.5.1_RB1.04.04.02.048.018 + f2fd134 +  NOTHING
I/NSApplication(22652): Starting up...
I/ActivityManager( 1025): Start proc com.google.android.apps.cloudprint for broadcast com.google.android.apps.cloudprint/.printdialog.receivers.UpgradeBroadcastReceiver: pid=22702 uid=10058 gids={50058, 3003, 1028}
D/AudioManagerAndroid(22652): ==> onReceive: s=0, m=1, n=h2w, sb=true
D/AudioManagerAndroid(22652): reportUpdate: state=0, devices=[Speakerphone, Headset earpiece]
W/ContextImpl( 1295): Calling a method in the system process without a qualified user: android.app.ContextImpl.sendBroadcast:1252 android.content.ContextWrapper.sendBroadcast:365 com.motorola.motocare.util.TriggerHelper$TriggerBuilder.send:76 com.motorola.motocare.internal.frameworkevents.ProcessKillTrigger.sendTrigger:147 com.motorola.motocare.internal.frameworkevents.ProcessKillTrigger.handleLmkKill:337 
W/ContextImpl( 1295): Calling a method in the system process without a qualified user: android.app.ContextImpl.sendBroadcast:1252 android.content.ContextWrapper.sendBroadcast:365 com.motorola.motocare.util.TriggerHelper$TriggerBuilder.send:76 com.motorola.motocare.internal.frameworkevents.ProcessKillTrigger.sendTrigger:147 com.motorola.motocare.internal.frameworkevents.ProcessKillTrigger.handleLmkKill:337 
W/ContextImpl( 1295): Calling a method in the system process without a qualified user: android.app.ContextImpl.sendBroadcast:1252 android.content.ContextWrapper.sendBroadcast:365 com.motorola.motocare.util.TriggerHelper$TriggerBuilder.send:76 com.motorola.motocare.internal.frameworkevents.ProcessKillTrigger.sendTrigger:147 com.motorola.motocare.internal.frameworkevents.ProcessKillTrigger.handleLmkKill:337 
W/ContextImpl( 1295): Calling a method in the system process without a qualified user: android.app.ContextImpl.sendBroadcast:1252 android.content.ContextWrapper.sendBroadcast:365 com.motorola.motocare.util.TriggerHelper$TriggerBuilder.send:76 com.motorola.motocare.internal.frameworkevents.ProcessKillTrigger.sendTrigger:147 com.motorola.motocare.internal.frameworkevents.ProcessKillTrigger.handleLmkKill:337 
W/ContextImpl( 1295): Calling a method in the system process without a qualified user: android.app.ContextImpl.sendBroadcast:1252 android.content.ContextWrapper.sendBroadcast:365 com.motorola.motocare.util.TriggerHelper$TriggerBuilder.send:76 com.motorola.motocare.internal.frameworkevents.ProcessKillTrigger.sendTrigger:147 com.motorola.motocare.internal.frameworkevents.ProcessKillTrigger.handleLmkKill:337 
W/ContextImpl( 1295): Calling a method in the system process without a qualified user: android.app.ContextImpl.sendBroadcast:1252 android.content.ContextWrapper.sendBroadcast:365 com.motorola.motocare.util.TriggerHelper$TriggerBuilder.send:76 com.motorola.motocare.internal.frameworkevents.ProcessKillTrigger.sendTrigger:147 com.motorola.motocare.internal.frameworkevents.ProcessKillTrigger.handleLmkKill:337 
W/ContextImpl( 1295): Calling a method in the system process without a qualified user: android.app.ContextImpl.sendBroadcast:1252 android.content.ContextWrapper.sendBroadcast:365 com.motorola.motocare.util.TriggerHelper$TriggerBuilder.send:76 com.motorola.motocare.internal.frameworkevents.ProcessKillTrigger.sendTrigger:147 com.motorola.motocare.internal.frameworkevents.ProcessKillTrigger.handleLmkKill:337 
W/ContextImpl( 1295): Calling a method in the system process without a qualified user: android.app.ContextImpl.sendBroadcast:1252 android.content.ContextWrapper.sendBroadcast:365 com.motorola.motocare.util.TriggerHelper$TriggerBuilder.send:76 com.motorola.motocare.internal.frameworkevents.ProcessKillTrigger.sendTrigger:147 com.motorola.motocare.internal.frameworkevents.ProcessKillTrigger.handleLmkKill:337 
W/ContextImpl( 1295): Calling a method in the system process without a qualified user: android.app.ContextImpl.sendBroadcast:1252 android.content.ContextWrapper.sendBroadcast:365 com.motorola.motocare.util.TriggerHelper$TriggerBuilder.send:76 com.motorola.motocare.internal.frameworkevents.ProcessKillTrigger.sendTrigger:147 com.motorola.motocare.internal.frameworkevents.ProcessKillTrigger.handleLmkKill:337 
W/ContextImpl( 1295): Calling a method in the system process without a qualified user: android.app.ContextImpl.sendBroadcast:1252 android.content.ContextWrapper.sendBroadcast:365 com.motorola.motocare.util.TriggerHelper$TriggerBuilder.send:76 com.motorola.motocare.internal.frameworkevents.ProcessKillTrigger.sendTrigger:147 com.motorola.motocare.internal.frameworkevents.ProcessKillTrigger.handleLmkKill:337 
W/ContextImpl( 1295): Calling a method in the system process without a qualified user: android.app.ContextImpl.sendBroadcast:1252 android.content.ContextWrapper.sendBroadcast:365 com.motorola.motocare.util.TriggerHelper$TriggerBuilder.send:76 com.motorola.motocare.internal.frameworkevents.ProcessKillTrigger.sendTrigger:147 com.motorola.motocare.internal.frameworkevents.ProcessKillTrigger.handleLmkKill:337 
W/ContextImpl( 1295): Calling a method in the system process without a qualified user: android.app.ContextImpl.sendBroadcast:1252 android.content.ContextWrapper.sendBroadcast:365 com.motorola.motocare.util.TriggerHelper$TriggerBuilder.send:76 com.motorola.motocare.internal.frameworkevents.ProcessKillTrigger.sendTrigger:147 com.motorola.motocare.internal.frameworkevents.ProcessKillTrigger.handleLmkKill:337 
W/ContextImpl( 1295): Calling a method in the system process without a qualified user: android.app.ContextImpl.sendBroadcast:1252 android.content.ContextWrapper.sendBroadcast:365 com.motorola.motocare.util.TriggerHelper$TriggerBuilder.send:76 com.motorola.motocare.internal.frameworkevents.ProcessKillTrigger.sendTrigger:147 com.motorola.motocare.internal.frameworkevents.ProcessKillTrigger.handleLmkKill:337 
W/ContextImpl( 1295): Calling a method in the system process without a qualified user: android.app.ContextImpl.sendBroadcast:1252 android.content.ContextWrapper.sendBroadcast:365 com.motorola.motocare.util.TriggerHelper$TriggerBuilder.send:76 com.motorola.motocare.internal.frameworkevents.ProcessKillTrigger.sendTrigger:147 com.motorola.motocare.internal.frameworkevents.ProcessKillTrigger.handleLmkKill:337 
W/ContextImpl( 1295): Calling a method in the system process without a qualified user: android.app.ContextImpl.sendBroadcast:1252 android.content.ContextWrapper.sendBroadcast:365 com.motorola.motocare.util.TriggerHelper$TriggerBuilder.send:76 com.motorola.motocare.internal.frameworkevents.ProcessKillTrigger.sendTrigger:147 com.motorola.motocare.internal.frameworkevents.ProcessKillTrigger.handleLmkKill:337 
W/ContextImpl( 1295): Calling a method in the system process without a qualified user: android.app.ContextImpl.sendBroadcast:1252 android.content.ContextWrapper.sendBroadcast:365 com.motorola.motocare.util.TriggerHelper$TriggerBuilder.send:76 com.motorola.motocare.internal.frameworkevents.ProcessKillTrigger.sendTrigger:147 com.motorola.motocare.internal.frameworkevents.ProcessKillTrigger.handleLmkKill:337 
W/ContextImpl( 1295): Calling a method in the system process without a qualified user: android.app.ContextImpl.sendBroadcast:1252 android.content.ContextWrapper.sendBroadcast:365 com.motorola.motocare.util.TriggerHelper$TriggerBuilder.send:76 com.motorola.motocare.internal.frameworkevents.ProcessKillTrigger.sendTrigger:147 com.motorola.motocare.internal.frameworkevents.ProcessKillTrigger.handleLmkKill:337 
I/ActivityManager( 1025): Process com.google.android.apps.magazines (pid 22652) has died.
W/ContextImpl( 1295): Calling a method in the system process without a qualified user: android.app.ContextImpl.sendBroadcast:1252 android.content.ContextWrapper.sendBroadcast:365 com.motorola.motocare.util.TriggerHelper$TriggerBuilder.send:76 com.motorola.motocare.internal.frameworkevents.ProcessKillTrigger.sendTrigger:147 com.motorola.motocare.internal.frameworkevents.ProcessKillTrigger.handleLmkKill:337 
W/ContextImpl( 1295): Calling a method in the system process without a qualified user: android.app.ContextImpl.sendBroadcast:1252 android.content.ContextWrapper.sendBroadcast:365 com.motorola.motocare.util.TriggerHelper$TriggerBuilder.send:76 com.motorola.motocare.internal.frameworkevents.ProcessKillTrigger.sendTrigger:147 com.motorola.motocare.internal.frameworkevents.ProcessKillTrigger.handleLmkKill:337 
W/ContextImpl( 1295): Calling a method in the system process without a qualified user: android.app.ContextImpl.sendBroadcast:1252 android.content.ContextWrapper.sendBroadcast:365 com.motorola.motocare.util.TriggerHelper$TriggerBuilder.send:76 com.motorola.motocare.internal.frameworkevents.ProcessKillTrigger.sendTrigger:147 com.motorola.motocare.internal.frameworkevents.ProcessKillTrigger.handleLmkKill:337 
W/ContextImpl( 1295): Calling a method in the system process without a qualified user: android.app.ContextImpl.sendBroadcast:1252 android.content.ContextWrapper.sendBroadcast:365 com.motorola.motocare.util.TriggerHelper$TriggerBuilder.send:76 com.motorola.motocare.internal.frameworkevents.ProcessKillTrigger.sendTrigger:147 com.motorola.motocare.internal.frameworkevents.ProcessKillTrigger.handleLmkKill:337 
W/ContextImpl( 1295): Calling a method in the system process without a qualified user: android.app.ContextImpl.sendBroadcast:1252 android.content.ContextWrapper.sendBroadcast:365 com.motorola.motocare.util.TriggerHelper$TriggerBuilder.send:76 com.motorola.motocare.internal.frameworkevents.ProcessKillTrigger.sendTrigger:147 com.motorola.motocare.internal.frameworkevents.ProcessKillTrigger.handleLmkKill:337 
W/ContextImpl( 1295): Calling a method in the system process without a qualified user: android.app.ContextImpl.sendBroadcast:1252 android.content.ContextWrapper.sendBroadcast:365 com.motorola.motocare.util.TriggerHelper$TriggerBuilder.send:76 com.motorola.motocare.internal.frameworkevents.ProcessKillTrigger.sendTrigger:147 com.motorola.motocare.internal.frameworkevents.ProcessKillTrigger.handleLmkKill:337 
W/ContextImpl( 1295): Calling a method in the system process without a qualified user: android.app.ContextImpl.sendBroadcast:1252 android.content.ContextWrapper.sendBroadcast:365 com.motorola.motocare.util.TriggerHelper$TriggerBuilder.send:76 com.motorola.motocare.internal.frameworkevents.ProcessKillTrigger.sendTrigger:147 com.motorola.motocare.internal.frameworkevents.ProcessKillTrigger.handleLmkKill:337 
W/ContextImpl( 1295): Calling a method in the system process without a qualified user: android.app.ContextImpl.sendBroadcast:1252 android.content.ContextWrapper.sendBroadcast:365 com.motorola.motocare.util.TriggerHelper$TriggerBuilder.send:76 com.motorola.motocare.internal.frameworkevents.ProcessKillTrigger.sendTrigger:147 com.motorola.motocare.internal.frameworkevents.ProcessKillTrigger.handleLmkKill:337 
W/ContextImpl( 1295): Calling a method in the system process without a qualified user: android.app.ContextImpl.sendBroadcast:1252 android.content.ContextWrapper.sendBroadcast:365 com.motorola.motocare.util.TriggerHelper$TriggerBuilder.send:76 com.motorola.motocare.internal.frameworkevents.ProcessKillTrigger.sendTrigger:147 com.motorola.motocare.internal.frameworkevents.ProcessKillTrigger.handleLmkKill:337 
W/ContextImpl( 1295): Calling a method in the system process without a qualified user: android.app.ContextImpl.sendBroadcast:1252 android.content.ContextWrapper.sendBroadcast:365 com.motorola.motocare.util.TriggerHelper$TriggerBuilder.send:76 com.motorola.motocare.internal.frameworkevents.ProcessKillTrigger.sendTrigger:147 com.motorola.motocare.internal.frameworkevents.ProcessKillTrigger.handleLmkKill:337 
W/ContextImpl( 1295): Calling a method in the system process without a qualified user: android.app.ContextImpl.sendBroadcast:1252 android.content.ContextWrapper.sendBroadcast:365 com.motorola.motocare.util.TriggerHelper$TriggerBuilder.send:76 com.motorola.motocare.internal.frameworkevents.ProcessKillTrigger.sendTrigger:147 com.motorola.motocare.internal.frameworkevents.ProcessKillTrigger.handleLmkKill:337 
W/ContextImpl( 1295): Calling a method in the system process without a qualified user: android.app.ContextImpl.sendBroadcast:1252 android.content.ContextWrapper.sendBroadcast:365 com.motorola.motocare.util.TriggerHelper$TriggerBuilder.send:76 com.motorola.motocare.internal.frameworkevents.ProcessKillTrigger.sendTrigger:147 com.motorola.motocare.internal.frameworkevents.ProcessKillTrigger.handleLmkKill:337 
W/ContextImpl( 1295): Calling a method in the system process without a qualified user: android.app.ContextImpl.sendBroadcast:1252 android.content.ContextWrapper.sendBroadcast:365 com.motorola.motocare.util.TriggerHelper$TriggerBuilder.send:76 com.motorola.motocare.internal.frameworkevents.ProcessKillTrigger.sendTrigger:147 com.motorola.motocare.internal.frameworkevents.ProcessKillTrigger.handleLmkKill:337 
