D/EN      (13789): [d] - AccountManager()::userIds=102703026
D/EN      (13789): [b] - creating new AccountInfo()::userId102703026
D/EN      (13789): [d] - AccountManager()::adding account::102703026::timcallagy
D/EN      (13789): [d] - AccountManager()::count=1
D/EN      (13789): [d] - initialized:
D/EN      (13789): [a] - getInstance()::
D/EN      (13789): [al] - Register SD Card Receiver ++++++++++++++++++++
D/EN      (13789): [al] - checkForRecentUnmount() end
D/EN      (13789): [a] - locale is set=en_GB
D/EN      (13789): [a] - isDBONSDcard()=true
I/EN      (13789): [al] - getSDCardStatus()::mounted::noStorageText=null
D/EN      (13789): [a] - isDBFileChanged()::lastFilePath in pref=/data/data/com.evernote/files/user-102703026/.external-1428259012787-Evernote.db
E/EN      (13789): [a] - isDBFileChanged()::+++++++++lastFilePath exists/data/data/com.evernote/files/user-102703026/.external-1428259012787-Evernote.db
D/EN      (13789): [a] - getInstance()::DBFile NOT Changed
D/EN      (13789): [a] - isDBONSDcard()=true
D/EN      (13789): [a] - moveToSDcard()::start::Evernote.DB_ON_SDCARD=true
D/EN      (13789): [a] - isDBONSDcard()=true
E/EN      (13789): [a] - isLastDBFileOnSDCard()::+++++++++++lastFilePath exists/data/data/com.evernote/files/user-102703026/.external-1428259012787-Evernote.db
D/EN      (13789): [a] - isDBONSDcard()=true
D/EN      (13789): [a] - getDBfilePath()::++++++++++++++++lastFilePath from preferences/data/data/com.evernote/files/user-102703026/.external-1428259012787-Evernote.db
E/EN      (13789): [a] - getDBfilePath()::++++++++++++++++lastFilePath exists/data/data/com.evernote/files/user-102703026/.external-1428259012787-Evernote.db
D/EN      (13789): [EvernoteProvider] - cleanupOldThumbnailsIfNeeded()
I/ReleaseProperties(13789): Current app is: evernote
I/ReleaseProperties(13789): propFile: release is now loaded
I/ReleaseProperties(13789): propFile: play is now loaded
I/ReleaseProperties(13789): propFile: base is now loaded
I/ReleaseProperties(13789): propFile: override is now loaded
D/MarketUtils(13789): isPackageInstalled() - com.android.vending is installed
D/MarketUtils(13789): isPackageInstalled() - com.android.vending is installed
D/ReleaseProperties(13789): getReferralPersistencePath():: old=false:: path=/storage/emulated/0/.enref
D/MarketUtils(13789): isPackageInstalled() - com.android.vending is installed
D/MarketUtils(13789): isPackageInstalled() - com.android.vending is installed
I/ReleaseProperties(13789): ReleaseProperties: 
I/ReleaseProperties(13789):   bundleName=google-play
I/ReleaseProperties(13789):   revision=AM_702_524
I/ReleaseProperties(13789):   type=public
I/ReleaseProperties(13789):   gitHash=313f54a11431af98d659728265b72cfcf9ec527e
I/ReleaseProperties(13789):   baseSearchUri=market://search?q=
D/MarketUtils(13789): isPackageInstalled() - com.android.vending is installed
D/MarketUtils(13789): isPackageInstalled() - com.android.vending is installed
I/ReleaseProperties(13789): From file referralCode=android
D/EN      (13789): [a] - isDBONSDcard()=true
D/EN      (13789): [Evernote] - VERSION_CODE: 1070243
D/MarketUtils(13789): isPackageInstalled() - com.android.vending is installed
D/MarketUtils(13789): isPackageInstalled() - com.android.vending is installed
I/dalvikvm(13789): Could not find method android.content.pm.PackageManager.getActivityBanner, referenced from method com.evernote.d.b.getActivityBanner
W/dalvikvm(13789): VFY: unable to resolve virtual method 793: Landroid/content/pm/PackageManager;.getActivityBanner (Landroid/content/ComponentName;)Landroid/graphics/drawable/Drawable;
D/dalvikvm(13789): VFY: replacing opcode 0x6e at 0x0002
I/dalvikvm(13789): Could not find method android.content.pm.PackageManager.getActivityBanner, referenced from method com.evernote.d.b.getActivityBanner
W/dalvikvm(13789): VFY: unable to resolve virtual method 794: Landroid/content/pm/PackageManager;.getActivityBanner (Landroid/content/Intent;)Landroid/graphics/drawable/Drawable;
D/dalvikvm(13789): VFY: replacing opcode 0x6e at 0x0002
I/dalvikvm(13789): Could not find method android.content.pm.PackageManager.getApplicationBanner, referenced from method com.evernote.d.b.getApplicationBanner
W/dalvikvm(13789): VFY: unable to resolve virtual method 801: Landroid/content/pm/PackageManager;.getApplicationBanner (Landroid/content/pm/ApplicationInfo;)Landroid/graphics/drawable/Drawable;
D/dalvikvm(13789): VFY: replacing opcode 0x6e at 0x0002
I/dalvikvm(13789): Could not find method android.content.pm.PackageManager.getApplicationBanner, referenced from method com.evernote.d.b.getApplicationBanner
W/dalvikvm(13789): VFY: unable to resolve virtual method 802: Landroid/content/pm/PackageManager;.getApplicationBanner (Ljava/lang/String;)Landroid/graphics/drawable/Drawable;
D/dalvikvm(13789): VFY: replacing opcode 0x6e at 0x0002
I/dalvikvm(13789): Could not find method android.content.pm.PackageManager.getLeanbackLaunchIntentForPackage, referenced from method com.evernote.d.b.getLeanbackLaunchIntentForPackage
W/dalvikvm(13789): VFY: unable to resolve virtual method 818: Landroid/content/pm/PackageManager;.getLeanbackLaunchIntentForPackage (Ljava/lang/String;)Landroid/content/Intent;
D/dalvikvm(13789): VFY: replacing opcode 0x6e at 0x0002
I/dalvikvm(13789): Could not find method android.content.pm.PackageManager.getPackageInstaller, referenced from method com.evernote.d.b.getPackageInstaller
W/dalvikvm(13789): VFY: unable to resolve virtual method 823: Landroid/content/pm/PackageManager;.getPackageInstaller ()Landroid/content/pm/PackageInstaller;
D/dalvikvm(13789): VFY: replacing opcode 0x6e at 0x0002
I/dalvikvm(13789): Could not find method android.content.pm.PackageManager.getUserBadgedDrawableForDensity, referenced from method com.evernote.d.b.getUserBadgedDrawableForDensity
W/dalvikvm(13789): VFY: unable to resolve virtual method 839: Landroid/content/pm/PackageManager;.getUserBadgedDrawableForDensity (Landroid/graphics/drawable/Drawable;Landroid/os/UserHandle;Landroid/graphics/Rect;I)Landroid/graphics/drawable/Drawable;
D/dalvikvm(13789): VFY: replacing opcode 0x6e at 0x0002
I/dalvikvm(13789): Could not find method android.content.pm.PackageManager.getUserBadgedIcon, referenced from method com.evernote.d.b.getUserBadgedIcon
W/dalvikvm(13789): VFY: unable to resolve virtual method 840: Landroid/content/pm/PackageManager;.getUserBadgedIcon (Landroid/graphics/drawable/Drawable;Landroid/os/UserHandle;)Landroid/graphics/drawable/Drawable;
D/dalvikvm(13789): VFY: replacing opcode 0x6e at 0x0002
I/dalvikvm(13789): Could not find method android.content.pm.PackageManager.getUserBadgedLabel, referenced from method com.evernote.d.b.getUserBadgedLabel
W/dalvikvm(13789): VFY: unable to resolve virtual method 841: Landroid/content/pm/PackageManager;.getUserBadgedLabel (Ljava/lang/CharSequence;Landroid/os/UserHandle;)Ljava/lang/CharSequence;
D/dalvikvm(13789): VFY: replacing opcode 0x6e at 0x0002
I/Crashlytics(13789): Initializing Crashlytics 1.1.8.10
D/MarketUtils(13789): isPackageInstalled() - com.android.vending is installed
D/HockeyApp(13789): Looking for exceptions in: /data/data/com.evernote/files
D/HockeyApp(13789): Current handler class = com.evernote.k
D/EN      (13789): [ee] - registered crash manager
D/EN      (13789): [c] - onApplicationStart()
D/EN      (13789): [c] - onApplicationStart() -- loader thread
D/EN      (13789): [c] - pushUserIDToDataLayer(), pushing user-id ending in 6
D/MarketUtils(13789): isPackageInstalled() - com.android.vending is installed
D/MarketUtils(13789): isPackageInstalled() - com.android.vending is installed
I/ActivityManager( 1025): Start proc com.evernote.widget for broadcast com.evernote.widget/.WidgetStateReceiver: pid=13847 uid=10135 gids={50135, 3003, 1028, 1015}
D/EN      (13789): [c] - 	loading saved values from internal storage
I/ApplicationLogger(13773): canRun() : Opted Out
I/UpdateIcingCorporaServi(13773): UpdateCorporaTask done [took 256 ms] updated apps [took 256 ms] 
F/ProcessStats( 1025): Starting service ServiceState{42cd8260 com.facebook.push.mqtt.service.MqttPushService pkg=com.facebook.katana proc=42cd8260} without owner
I/ReleaseProperties(13847): Current app is: evernoteWidget
I/ReleaseProperties(13847): propFile: release is now loaded
I/ReleaseProperties(13847): propFile: play is now loaded
I/ReleaseProperties(13847): propFile: base is now loaded
I/ReleaseProperties(13847): propFile: override is now loaded
I/ReleaseProperties(13847): ReleaseProperties: 
I/ReleaseProperties(13847):   bundleName=none
I/ReleaseProperties(13847):   revision=unknown
I/ReleaseProperties(13847):   type=development
I/ReleaseProperties(13847):   gitHash=?
I/ReleaseProperties(13847):   baseSearchUri=market://search?q=
D/ReleaseProperties(13847): getReferralPersistencePath():: old=false:: path=/storage/emulated/0/.enref
I/ReleaseProperties(13847): From file referralCode=android
I/ActivityManager( 1025): Start proc com.pixowl.thesandbox.android for broadcast com.pixowl.thesandbox.android/com.heyzap.sdk.ads.PackageAddedReceiver: pid=13866 uid=10146 gids={50146, 1028, 1015, 3003}
F/ProcessStats( 1025): Starting service ServiceState{42cd8260 com.facebook.push.mqtt.service.MqttPushService pkg=com.facebook.katana proc=42cd8260} without owner
I/ActivityManager( 1025): Start proc android.process.acore for broadcast com.android.providers.contacts/.PackageIntentReceiver: pid=13878 uid=10010 gids={50010, 3003, 1028, 1015, 1023}
E/NetworkScheduler.SchedulerReceiver( 5859): Invalid parameter app
E/NetworkScheduler.SchedulerReceiver( 5859): Invalid package name : Perhaps you didn't include a PendingIntent in the extras?
D/PackageBroadcastService(12704): Received broadcast action=android.intent.action.PACKAGE_REPLACED and uri=co.giftmeapp.gift_me
I/ActivityManager( 1025): Start proc com.google.android.apps.magazines for broadcast com.google.android.apps.magazines/com.google.apps.dots.android.app.receiver.FirstInstallNotificationReceiver: pid=13896 uid=10077 gids={50077, 3003, 1028, 1015}
I/ContactLocale(13878): AddressBook Labels [en_GB]: [, A, B, C, D, E, F, G, H, I, J, K, L, M, N, O, P, Q, R, S, T, U, V, W, X, Y, Z, , , , , , , , , , , , , , , , , , , , , , , , , , , , , , , , , , , , , , , , , , , , , , , , , , , , , , , , , , , , , , , , , , , , , , , , , , , , , , , , , , , , , , , , , , , , , , , , , , , , , , , , , , , , , , , , , , , , , , , , , , , , , , , , , , , , , , , , , , , , , , , , , , , , , , , , , , , , , , , , , , , , , , , , , , , , , , , , , , , , , , #, ]
I/ActivityManager( 1025): Process com.google.android.apps.docs (pid 13728) has died.
I/dalvikvm(13896): Could not find method android.accounts.AccountManager.getPreviousName, referenced from method com.google.apps.dots.android.newsstand.auth.AccountManagerDelegate.getPreviousName
W/dalvikvm(13896): VFY: unable to resolve virtual method 7: Landroid/accounts/AccountManager;.getPreviousName (Landroid/accounts/Account;)Ljava/lang/String;
D/dalvikvm(13896): VFY: replacing opcode 0x6e at 0x0002
E/cutils  (  261): Failed to mkdirat(/storage/sdcard1/Android): Read-only file system
W/Vold    (  261): Returning OperationFailed - no handler for errno 30
W/ContextImpl(13896): Failed to ensure directory: /storage/sdcard1/Android/data/com.google.android.apps.magazines/cache
E/cutils  (  261): Failed to mkdirat(/storage/sdcard1/Android): Read-only file system
W/Vold    (  261): Returning OperationFailed - no handler for errno 30
W/ContextImpl(13896): Failed to ensure directory: /storage/sdcard1/Android/data/com.google.android.apps.magazines/files
E/cutils  (  261): Failed to mkdirat(/storage/sdcard1/Android): Read-only file system
W/Vold    (  261): Returning OperationFailed - no handler for errno 30
W/ContextImpl(13896): Failed to ensure directory: /storage/sdcard1/Android/data/com.google.android.apps.magazines/cache
E/cutils  (  261): Failed to mkdirat(/storage/sdcard1/Android): Read-only file system
W/Vold    (  261): Returning OperationFailed - no handler for errno 30
W/ContextImpl(13896): Failed to ensure directory: /storage/sdcard1/Android/data/com.google.android.apps.magazines/files
V/WebViewChromiumFactoryProvider(13896): Binding Chromium to main looper Looper (main, tid 1) {41fa62d0}
I/LibraryLoader(13896): Expected native library version number "",actual native library version number ""
I/chromium(13896): [INFO:library_loader_hooks.cc(116)] Chromium logging enabled: level = 0, default verbosity = 0
I/BrowserStartupController(13896): Initializing chromium process, renderers=0
E/AudioManagerAndroid(13896): BLUETOOTH permission is missing!
I/Adreno-EGL(13896): <qeglDrvAPI_eglInitialize:410>: EGL 1.4 QUALCOMM build: AU_LINUX_ANDROID_LNX.LA.3.5.1_RB1.04.04.02.048.018_msm8226_LNX.LA.3.5.1_RB1__release_AU ()
I/Adreno-EGL(13896): OpenGL ES Shader Compiler Version: E031.24.00.08
I/Adreno-EGL(13896): Build Date: 03/07/14 Fri
I/Adreno-EGL(13896): Local Branch: 
I/Adreno-EGL(13896): Remote Branch: quic/LNX.LA.3.5.1_RB1.1
I/Adreno-EGL(13896): Local Patches: NONE
I/Adreno-EGL(13896): Reconstruct Branch: AU_LINUX_ANDROID_LNX.LA.3.5.1_RB1.04.04.02.048.018 + f2fd134 +  NOTHING
D/WifiStateMachine( 1025): handleMessage: E msg.what=151572
D/WifiStateMachine( 1025): processMsg: ConnectedState
D/WifiStateMachine( 1025): processMsg: L2ConnectedState
D/WifiStateMachine( 1025): handleMessage: X
I/NSApplication(13896): Starting up...
I/ActivityManager( 1025): Start proc com.google.android.apps.cloudprint for broadcast com.google.android.apps.cloudprint/.printdialog.receivers.UpgradeBroadcastReceiver: pid=13948 uid=10058 gids={50058, 3003, 1028}
I/ActivityManager( 1025): Process com.google.android.googlequicksearchbox:search (pid 13773) has died.
I/ActivityManager( 1025): Process com.evernote (pid 13789) has died.
I/ActivityManager( 1025): Start proc com.motorola.context for broadcast com.motorola.context/.engine.mediator.MediatorReceiver: pid=13961 uid=10011 gids={50011, 3001, 3002, 3003}
I/ActivityManager( 1025): Start proc com.google.android.googlequicksearchbox:search for broadcast com.google.android.googlequicksearchbox/.GelStubAppWatcher: pid=13977 uid=10045 gids={50045, 3003, 3001, 1028, 3002, 1015}
I/Icing   (12704): Indexing D11140B64A23ADCF9607D6E17FA4854A5443BF22 from com.google.android.googlequicksearchbox
I/dalvikvm(13977): Could not find method android.content.pm.PackageManager.getPackageInstaller, referenced from method com.google.android.gms.common.e.p
W/dalvikvm(13977): VFY: unable to resolve virtual method 901: Landroid/content/pm/PackageManager;.getPackageInstaller ()Landroid/content/pm/PackageInstaller;
D/dalvikvm(13977): VFY: replacing opcode 0x6e at 0x000b
D/Icing   (12704): Loaded CLD2 Version V2.0 - 20141016
I/ActivityManager( 1025): Process android.process.acore (pid 13878) has died.
I/Icing   (12704): Indexing done D11140B64A23ADCF9607D6E17FA4854A5443BF22
I/ActivityManager( 1025): Process com.google.android.apps.magazines (pid 13896) has died.
D/WifiStateMachine( 1025): handleMessage: E msg.what=151572
D/WifiStateMachine( 1025): processMsg: ConnectedState
D/WifiStateMachine( 1025): processMsg: L2ConnectedState
D/WifiStateMachine( 1025): handleMessage: X
I/ActivityManager( 1025): Process com.pixowl.thesandbox.android (pid 13866) has died.
D/WifiStateMachine( 1025): handleMessage: E msg.what=151572
D/WifiStateMachine( 1025): processMsg: ConnectedState
D/WifiStateMachine( 1025): processMsg: L2ConnectedState
D/WifiStateMachine( 1025): handleMessage: X
D/WifiStateMachine( 1025): handleMessage: E msg.what=131155
D/WifiStateMachine( 1025): processMsg: ConnectedState
D/WifiStateMachine( 1025): processMsg: L2ConnectedState
D/WifiStateMachine( 1025): handleMessage: X
D/dalvikvm( 1295): GC_CONCURRENT freed 2074K, 46% free 9343K/17224K, paused 3ms+1ms, total 31ms
D/WifiStateMachine( 1025): handleMessage: E msg.what=151572
D/WifiStateMachine( 1025): processMsg: ConnectedState
D/WifiStateMachine( 1025): processMsg: L2ConnectedState
D/WifiStateMachine( 1025): handleMessage: X
I/ConfigService( 5859): onDestroy
D/WifiStateMachine( 1025): handleMessage: E msg.what=151572
D/WifiStateMachine( 1025): processMsg: ConnectedState
D/WifiStateMachine( 1025): processMsg: L2ConnectedState
D/WifiStateMachine( 1025): handleMessage: X
W/ContextImpl( 1295): Calling a method in the system process without a qualified user: android.app.ContextImpl.sendBroadcast:1252 android.content.ContextWrapper.sendBroadcast:365 com.motorola.motocare.util.TriggerHelper$TriggerBuilder.send:76 com.motorola.motocare.internal.frameworkevents.ProcessKillTrigger.sendTrigger:147 com.motorola.motocare.internal.frameworkevents.ProcessKillTrigger.handleLmkKill:337 
W/ContextImpl( 1295): Calling a method in the system process without a qualified user: android.app.ContextImpl.sendBroadcast:1252 android.content.ContextWrapper.sendBroadcast:365 com.motorola.motocare.util.TriggerHelper$TriggerBuilder.send:76 com.motorola.motocare.internal.frameworkevents.ProcessKillTrigger.sendTrigger:147 com.motorola.motocare.internal.frameworkevents.ProcessKillTrigger.handleLmkKill:337 
W/ContextImpl( 1295): Calling a method in the system process without a qualified user: android.app.ContextImpl.sendBroadcast:1252 android.content.ContextWrapper.sendBroadcast:365 com.motorola.motocare.util.TriggerHelper$TriggerBuilder.send:76 com.motorola.motocare.internal.frameworkevents.ProcessKillTrigger.sendTrigger:147 com.motorola.motocare.internal.frameworkevents.ProcessKillTrigger.handleLmkKill:337 
W/ContextImpl( 1295): Calling a method in the system process without a qualified user: android.app.ContextImpl.sendBroadcast:1252 android.content.ContextWrapper.sendBroadcast:365 com.motorola.motocare.util.TriggerHelper$TriggerBuilder.send:76 com.motorola.motocare.internal.frameworkevents.ProcessKillTrigger.sendTrigger:147 com.motorola.motocare.internal.frameworkevents.ProcessKillTrigger.handleLmkKill:337 
W/ContextImpl( 1295): Calling a method in the system process without a qualified user: android.app.ContextImpl.sendBroadcast:1252 android.content.ContextWrapper.sendBroadcast:365 com.motorola.motocare.util.TriggerHelper$TriggerBuilder.send:76 com.motorola.motocare.internal.frameworkevents.ProcessKillTrigger.sendTrigger:147 com.motorola.motocare.internal.frameworkevents.ProcessKillTrigger.handleLmkKill:337 
W/ContextImpl( 1295): Calling a method in the system process without a qualified user: android.app.ContextImpl.sendBroadcast:1252 android.content.ContextWrapper.sendBroadcast:365 com.motorola.motocare.util.TriggerHelper$TriggerBuilder.send:76 com.motorola.motocare.internal.frameworkevents.ProcessKillTrigger.sendTrigger:147 com.motorola.motocare.internal.frameworkevents.ProcessKillTrigger.handleLmkKill:337 
W/ContextImpl( 1295): Calling a method in the system process without a qualified user: android.app.ContextImpl.sendBroadcast:1252 android.content.ContextWrapper.sendBroadcast:365 com.motorola.motocare.util.TriggerHelper$TriggerBuilder.send:76 com.motorola.motocare.internal.frameworkevents.ProcessKillTrigger.sendTrigger:147 com.motorola.motocare.internal.frameworkevents.ProcessKillTrigger.handleLmkKill:337 
W/ContextImpl( 1295): Calling a method in the system process without a qualified user: android.app.ContextImpl.sendBroadcast:1252 android.content.ContextWrapper.sendBroadcast:365 com.motorola.motocare.util.TriggerHelper$TriggerBuilder.send:76 com.motorola.motocare.internal.frameworkevents.ProcessKillTrigger.sendTrigger:147 com.motorola.motocare.internal.frameworkevents.ProcessKillTrigger.handleLmkKill:337 
W/ContextImpl( 1295): Calling a method in the system process without a qualified user: android.app.ContextImpl.sendBroadcast:1252 android.content.ContextWrapper.sendBroadcast:365 com.motorola.motocare.util.TriggerHelper$TriggerBuilder.send:76 com.motorola.motocare.internal.frameworkevents.ProcessKillTrigger.sendTrigger:147 com.motorola.motocare.internal.frameworkevents.ProcessKillTrigger.handleLmkKill:337 
W/ContextImpl( 1295): Calling a method in the system process without a qualified user: android.app.ContextImpl.sendBroadcast:1252 android.content.ContextWrapper.sendBroadcast:365 com.motorola.motocare.util.TriggerHelper$TriggerBuilder.send:76 com.motorola.motocare.internal.frameworkevents.ProcessKillTrigger.sendTrigger:147 com.motorola.motocare.internal.frameworkevents.ProcessKillTrigger.handleLmkKill:337 
W/ContextImpl( 1295): Calling a method in the system process without a qualified user: android.app.ContextImpl.sendBroadcast:1252 android.content.ContextWrapper.sendBroadcast:365 com.motorola.motocare.util.TriggerHelper$TriggerBuilder.send:76 com.motorola.motocare.internal.frameworkevents.ProcessKillTrigger.sendTrigger:147 com.motorola.motocare.internal.frameworkevents.ProcessKillTrigger.handleLmkKill:337 
W/ContextImpl( 1295): Calling a method in the system process without a qualified user: android.app.ContextImpl.sendBroadcast:1252 android.content.ContextWrapper.sendBroadcast:365 com.motorola.motocare.util.TriggerHelper$TriggerBuilder.send:76 com.motorola.motocare.internal.frameworkevents.ProcessKillTrigger.sendTrigger:147 com.motorola.motocare.internal.frameworkevents.ProcessKillTrigger.handleLmkKill:337 
W/ContextImpl( 1295): Calling a method in the system process without a qualified user: android.app.ContextImpl.sendBroadcast:1252 android.content.ContextWrapper.sendBroadcast:365 com.motorola.motocare.util.TriggerHelper$TriggerBuilder.send:76 com.motorola.motocare.internal.frameworkevents.ProcessKillTrigger.sendTrigger:147 com.motorola.motocare.internal.frameworkevents.ProcessKillTrigger.handleLmkKill:337 
W/ContextImpl( 1295): Calling a method in the system process without a qualified user: android.app.ContextImpl.sendBroadcast:1252 android.content.ContextWrapper.sendBroadcast:365 com.motorola.motocare.util.TriggerHelper$TriggerBuilder.send:76 com.motorola.motocare.internal.frameworkevents.ProcessKillTrigger.sendTrigger:147 com.motorola.motocare.internal.frameworkevents.ProcessKillTrigger.handleLmkKill:337 
W/ContextImpl( 1295): Calling a method in the system process without a qualified user: android.app.ContextImpl.sendBroadcast:1252 android.content.ContextWrapper.sendBroadcast:365 com.motorola.motocare.util.TriggerHelper$TriggerBuilder.send:76 com.motorola.motocare.internal.frameworkevents.ProcessKillTrigger.sendTrigger:147 com.motorola.motocare.internal.frameworkevents.ProcessKillTrigger.handleLmkKill:337 
W/ContextImpl( 1295): Calling a method in the system process without a qualified user: android.app.ContextImpl.sendBroadcast:1252 android.content.ContextWrapper.sendBroadcast:365 com.motorola.motocare.util.TriggerHelper$TriggerBuilder.send:76 com.motorola.motocare.internal.frameworkevents.ProcessKillTrigger.sendTrigger:147 com.motorola.motocare.internal.frameworkevents.ProcessKillTrigger.handleLmkKill:337 
W/ContextImpl( 1295): Calling a method in the system process without a qualified user: android.app.ContextImpl.sendBroadcast:1252 android.content.ContextWrapper.sendBroadcast:365 com.motorola.motocare.util.TriggerHelper$TriggerBuilder.send:76 com.motorola.motocare.internal.frameworkevents.ProcessKillTrigger.sendTrigger:147 com.motorola.motocare.internal.frameworkevents.ProcessKillTrigger.handleLmkKill:337 
W/ContextImpl( 1295): Calling a method in the system process without a qualified user: android.app.ContextImpl.sendBroadcast:1252 android.content.ContextWrapper.sendBroadcast:365 com.motorola.motocare.util.TriggerHelper$TriggerBuilder.send:76 com.motorola.motocare.internal.frameworkevents.ProcessKillTrigger.sendTrigger:147 com.motorola.motocare.internal.frameworkevents.ProcessKillTrigger.handleLmkKill:337 
W/ContextImpl( 1295): Calling a method in the system process without a qualified user: android.app.ContextImpl.sendBroadcast:1252 android.content.ContextWrapper.sendBroadcast:365 com.motorola.motocare.util.TriggerHelper$TriggerBuilder.send:76 com.motorola.motocare.internal.frameworkevents.ProcessKillTrigger.sendTrigger:147 com.motorola.motocare.internal.frameworkevents.ProcessKillTrigger.handleLmkKill:337 
W/ContextImpl( 1295): Calling a method in the system process without a qualified user: android.app.ContextImpl.sendBroadcast:1252 android.content.ContextWrapper.sendBroadcast:365 com.motorola.motocare.util.TriggerHelper$TriggerBuilder.send:76 com.motorola.motocare.internal.frameworkevents.ProcessKillTrigger.sendTrigger:147 com.motorola.motocare.internal.frameworkevents.ProcessKillTrigger.handleLmkKill:337 
W/ContextImpl( 1295): Calling a method in the system process without a qualified user: android.app.ContextImpl.sendBroadcast:1252 android.content.ContextWrapper.sendBroadcast:365 com.motorola.motocare.util.TriggerHelper$TriggerBuilder.send:76 com.motorola.motocare.internal.frameworkevents.ProcessKillTrigger.sendTrigger:147 com.motorola.motocare.internal.frameworkevents.ProcessKillTrigger.handleLmkKill:337 
W/ContextImpl( 1295): Calling a method in the system process without a qualified user: android.app.ContextImpl.sendBroadcast:1252 android.content.ContextWrapper.sendBroadcast:365 com.motorola.motocare.util.TriggerHelper$TriggerBuilder.send:76 com.motorola.motocare.internal.frameworkevents.ProcessKillTrigger.sendTrigger:147 com.motorola.motocare.internal.frameworkevents.ProcessKillTrigger.handleLmkKill:337 
W/ContextImpl( 1295): Calling a method in the system process without a qualified user: android.app.ContextImpl.sendBroadcast:1252 android.content.ContextWrapper.sendBroadcast:365 com.motorola.motocare.util.TriggerHelper$TriggerBuilder.send:76 com.motorola.motocare.internal.frameworkevents.ProcessKillTrigger.sendTrigger:147 com.motorola.motocare.internal.frameworkevents.ProcessKillTrigger.handleLmkKill:337 
D/dalvikvm( 1295): GC_CONCURRENT freed 1931K, 46% free 9347K/17224K, paused 2ms+2ms, total 18ms
W/ContextImpl( 1295): Calling a method in the system process without a qualified user: android.app.ContextImpl.sendBroadcast:1252 android.content.ContextWrapper.sendBroadcast:365 com.motorola.motocare.util.TriggerHelper$TriggerBuilder.send:76 com.motorola.motocare.internal.frameworkevents.ProcessKillTrigger.sendTrigger:147 com.motorola.motocare.internal.frameworkevents.ProcessKillTrigger.handleLmkKill:337 
W/ContextImpl( 1295): Calling a method in the system process without a qualified user: android.app.ContextImpl.sendBroadcast:1252 android.content.ContextWrapper.sendBroadcast:365 com.motorola.motocare.util.TriggerHelper$TriggerBuilder.send:76 com.motorola.motocare.internal.frameworkevents.ProcessKillTrigger.sendTrigger:147 com.motorola.motocare.internal.frameworkevents.ProcessKillTrigger.handleLmkKill:337 
W/ContextImpl( 1295): Calling a method in the system process without a qualified user: android.app.ContextImpl.sendBroadcast:1252 android.content.ContextWrapper.sendBroadcast:365 com.motorola.motocare.util.TriggerHelper$TriggerBuilder.send:76 com.motorola.motocare.internal.frameworkevents.ProcessKillTrigger.sendTrigger:147 com.motorola.motocare.internal.frameworkevents.ProcessKillTrigger.handleLmkKill:337 
W/ContextImpl( 1295): Calling a method in the system process without a qualified user: android.app.ContextImpl.sendBroadcast:1252 android.content.ContextWrapper.sendBroadcast:365 com.motorola.motocare.util.TriggerHelper$TriggerBuilder.send:76 com.motorola.motocare.internal.frameworkevents.ProcessKillTrigger.sendTrigger:147 com.motorola.motocare.internal.frameworkevents.ProcessKillTrigger.handleLmkKill:337 
W/ContextImpl( 1295): Calling a method in the system process without a qualified user: android.app.ContextImpl.sendBroadcast:1252 android.content.ContextWrapper.sendBroadcast:365 com.motorola.motocare.util.TriggerHelper$TriggerBuilder.send:76 com.motorola.motocare.internal.frameworkevents.ProcessKillTrigger.sendTrigger:147 com.motorola.motocare.internal.frameworkevents.ProcessKillTrigger.handleLmkKill:337 
W/ContextImpl( 1295): Calling a method in the system process without a qualified user: android.app.ContextImpl.sendBroadcast:1252 android.content.ContextWrapper.sendBroadcast:365 com.motorola.motocare.util.TriggerHelper$TriggerBuilder.send:76 com.motorola.motocare.internal.frameworkevents.ProcessKillTrigger.sendTrigger:147 com.motorola.motocare.internal.frameworkevents.ProcessKillTrigger.handleLmkKill:337 
W/ContextImpl( 1295): Calling a method in the system process without a qualified user: android.app.ContextImpl.sendBroadcast:1252 android.content.ContextWrapper.sendBroadcast:365 com.motorola.motocare.util.TriggerHelper$TriggerBuilder.send:76 com.motorola.motocare.internal.frameworkevents.ProcessKillTrigger.sendTrigger:147 com.motorola.motocare.internal.frameworkevents.ProcessKillTrigger.handleLmkKill:337 
W/ContextImpl( 1295): Calling a method in the system process without a qualified user: android.app.ContextImpl.sendBroadcast:1252 android.content.ContextWrapper.sendBroadcast:365 com.motorola.motocare.util.TriggerHelper$TriggerBuilder.send:76 com.motorola.motocare.internal.frameworkevents.ProcessKillTrigger.sendTrigger:147 com.motorola.motocare.internal.frameworkevents.ProcessKillTrigger.handleLmkKill:337 
W/ContextImpl( 1295): Calling a method in the system process without a qualified user: android.app.ContextImpl.sendBroadcast:1252 android.content.ContextWrapper.sendBroadcast:365 com.motorola.motocare.util.TriggerHelper$TriggerBuilder.send:76 com.motorola.motocare.internal.frameworkevents.ProcessKillTrigger.sendTrigger:147 com.motorola.motocare.internal.frameworkevents.ProcessKillTrigger.handleLmkKill:337 
W/ContextImpl( 1295): Calling a method in the system process without a qualified user: android.app.ContextImpl.sendBroadcast:1252 android.content.ContextWrapper.sendBroadcast:365 com.motorola.motocare.util.TriggerHelper$TriggerBuilder.send:76 com.motorola.motocare.internal.frameworkevents.ProcessKillTrigger.sendTrigger:147 com.motorola.motocare.internal.frameworkevents.ProcessKillTrigger.handleLmkKill:337 
W/ContextImpl( 1295): Calling a method in the system process without a qualified user: android.app.ContextImpl.sendBroadcast:1252 android.content.ContextWrapper.sendBroadcast:365 com.motorola.motocare.util.TriggerHelper$TriggerBuilder.send:76 com.motorola.motocare.internal.frameworkevents.ProcessKillTrigger.sendTrigger:147 com.motorola.motocare.internal.frameworkevents.ProcessKillTrigger.handleLmkKill:337 
W/ContextImpl( 1295): Calling a method in the system process without a qualified user: android.app.ContextImpl.sendBroadcast:1252 android.content.ContextWrapper.sendBroadcast:365 com.motorola.motocare.util.TriggerHelper$TriggerBuilder.send:76 com.motorola.motocare.internal.frameworkevents.ProcessKillTrigger.sendTrigger:147 com.motorola.motocare.internal.frameworkevents.ProcessKillTrigger.handleLmkKill:337 
W/ContextImpl( 1295): Calling a method in the system process without a qualified user: android.app.ContextImpl.sendBroadcast:1252 android.content.ContextWrapper.sendBroadcast:365 com.motorola.motocare.util.TriggerHelper$TriggerBuilder.send:76 com.motorola.motocare.internal.frameworkevents.ProcessKillTrigger.sendTrigger:147 com.motorola.motocare.internal.frameworkevents.ProcessKillTrigger.handleLmkKill:337 
W/ContextImpl( 1295): Calling a method in the system process without a qualified user: android.app.ContextImpl.sendBroadcast:1252 android.content.ContextWrapper.sendBroadcast:365 com.motorola.motocare.util.TriggerHelper$TriggerBuilder.send:76 com.motorola.motocare.internal.frameworkevents.ProcessKillTrigger.sendTrigger:147 com.motorola.motocare.internal.frameworkevents.ProcessKillTrigger.handleLmkKill:337 
W/ContextImpl( 1295): Calling a method in the system process without a qualified user: android.app.ContextImpl.sendBroadcast:1252 android.content.ContextWrapper.sendBroadcast:365 com.motorola.motocare.util.TriggerHelper$TriggerBuilder.send:76 com.motorola.motocare.internal.frameworkevents.ProcessKillTrigger.sendTrigger:147 com.motorola.motocare.internal.frameworkevents.ProcessKillTrigger.handleLmkKill:337 
W/ContextImpl( 1295): Calling a method in the system process without a qualified user: android.app.ContextImpl.sendBroadcast:1252 android.content.ContextWrapper.sendBroadcast:365 com.motorola.motocare.util.TriggerHelper$TriggerBuilder.send:76 com.motorola.motocare.internal.frameworkevents.ProcessKillTrigger.sendTrigger:147 com.motorola.motocare.internal.frameworkevents.ProcessKillTrigger.handleLmkKill:337 
W/ContextImpl( 1295): Calling a method in the system process without a qualified user: android.app.ContextImpl.sendBroadcast:1252 android.content.ContextWrapper.sendBroadcast:365 com.motorola.motocare.util.TriggerHelper$TriggerBuilder.send:76 com.motorola.motocare.internal.frameworkevents.ProcessKillTrigger.sendTrigger:147 com.motorola.motocare.internal.frameworkevents.ProcessKillTrigger.handleLmkKill:337 
W/ContextImpl( 1295): Calling a method in the system process without a qualified user: android.app.ContextImpl.sendBroadcast:1252 android.content.ContextWrapper.sendBroadcast:365 com.motorola.motocare.util.TriggerHelper$TriggerBuilder.send:76 com.motorola.motocare.internal.frameworkevents.ProcessKillTrigger.sendTrigger:147 com.motorola.motocare.internal.frameworkevents.ProcessKillTrigger.handleLmkKill:337 
W/ContextImpl( 1295): Calling a method in the system process without a qualified user: android.app.ContextImpl.sendBroadcast:1252 android.content.ContextWrapper.sendBroadcast:365 com.motorola.motocare.util.TriggerHelper$TriggerBuilder.send:76 com.motorola.motocare.internal.frameworkevents.ProcessKillTrigger.sendTrigger:147 com.motorola.motocare.internal.frameworkevents.ProcessKillTrigger.handleLmkKill:337 
W/ContextImpl( 1295): Calling a method in the system process without a qualified user: android.app.ContextImpl.sendBroadcast:1252 android.content.ContextWrapper.sendBroadcast:365 com.motorola.motocare.util.TriggerHelper$TriggerBuilder.send:76 com.motorola.motocare.internal.frameworkevents.ProcessKillTrigger.sendTrigger:147 com.motorola.motocare.internal.frameworkevents.ProcessKillTrigger.handleLmkKill:337 
W/ContextImpl( 1295): Calling a method in the system process without a qualified user: android.app.ContextImpl.sendBroadcast:1252 android.content.ContextWrapper.sendBroadcast:365 com.motorola.motocare.util.TriggerHelper$TriggerBuilder.send:76 com.motorola.motocare.internal.frameworkevents.ProcessKillTrigger.sendTrigger:147 com.motorola.motocare.internal.frameworkevents.ProcessKillTrigger.handleLmkKill:337 
W/ContextImpl( 1295): Calling a method in the system process without a qualified user: android.app.ContextImpl.sendBroadcast:1252 android.content.ContextWrapper.sendBroadcast:365 com.motorola.motocare.util.TriggerHelper$TriggerBuilder.send:76 com.motorola.motocare.internal.frameworkevents.ProcessKillTrigger.sendTrigger:147 com.motorola.motocare.internal.frameworkevents.ProcessKillTrigger.handleLmkKill:337 
W/ContextImpl( 1295): Calling a method in the system process without a qualified user: android.app.ContextImpl.sendBroadcast:1252 android.content.ContextWrapper.sendBroadcast:365 com.motorola.motocare.util.TriggerHelper$TriggerBuilder.send:76 com.motorola.motocare.internal.frameworkevents.ProcessKillTrigger.sendTrigger:147 com.motorola.motocare.internal.frameworkevents.ProcessKillTrigger.handleLmkKill:337 
W/ContextImpl( 1295): Calling a method in the system process without a qualified user: android.app.ContextImpl.sendBroadcast:1252 android.content.ContextWrapper.sendBroadcast:365 com.motorola.motocare.util.TriggerHelper$TriggerBuilder.send:76 com.motorola.motocare.internal.frameworkevents.ProcessKillTrigger.sendTrigger:147 com.motorola.motocare.internal.frameworkevents.ProcessKillTrigger.handleLmkKill:337 
W/ContextImpl( 1295): Calling a method in the system process without a qualified user: android.app.ContextImpl.sendBroadcast:1252 android.content.ContextWrapper.sendBroadcast:365 com.motorola.motocare.util.TriggerHelper$TriggerBuilder.send:76 com.motorola.motocare.internal.frameworkevents.ProcessKillTrigger.sendTrigger:147 com.motorola.motocare.internal.frameworkevents.ProcessKillTrigger.handleLmkKill:337 
W/ContextImpl( 1295): Calling a method in the system process without a qualified user: android.app.ContextImpl.sendBroadcast:1252 android.content.ContextWrapper.sendBroadcast:365 com.motorola.motocare.util.TriggerHelper$TriggerBuilder.send:76 com.motorola.motocare.internal.frameworkevents.ProcessKillTrigger.sendTrigger:147 com.motorola.motocare.internal.frameworkevents.ProcessKillTrigger.handleLmkKill:337 
W/ContextImpl( 1295): Calling a method in the system process without a qualified user: android.app.ContextImpl.sendBroadcast:1252 android.content.ContextWrapper.sendBroadcast:365 com.motorola.motocare.util.TriggerHelper$TriggerBuilder.send:76 com.motorola.motocare.internal.frameworkevents.ProcessKillTrigger.sendTrigger:147 com.motorola.motocare.internal.frameworkevents.ProcessKillTrigger.handleLmkKill:337 
W/ContextImpl( 1295): Calling a method in the system process without a qualified user: android.app.ContextImpl.sendBroadcast:1252 android.content.ContextWrapper.sendBroadcast:365 com.motorola.motocare.util.TriggerHelper$TriggerBuilder.send:76 com.motorola.motocare.internal.frameworkevents.ProcessKillTrigger.sendTrigger:147 com.motorola.motocare.internal.frameworkevents.ProcessKillTrigger.handleLmkKill:337 
W/ContextImpl( 1295): Calling a method in the system process without a qualified user: android.app.ContextImpl.sendBroadcast:1252 android.content.ContextWrapper.sendBroadcast:365 com.motorola.motocare.util.TriggerHelper$TriggerBuilder.send:76 com.motorola.motocare.internal.frameworkevents.ProcessKillTrigger.sendTrigger:147 com.motorola.motocare.internal.frameworkevents.ProcessKillTrigger.handleLmkKill:337 
W/ContextImpl( 1295): Calling a method in the system process without a qualified user: android.app.ContextImpl.sendBroadcast:1252 android.content.ContextWrapper.sendBroadcast:365 com.motorola.motocare.util.TriggerHelper$TriggerBuilder.send:76 com.motorola.motocare.internal.frameworkevents.ProcessKillTrigger.sendTrigger:147 com.motorola.motocare.internal.frameworkevents.ProcessKillTrigger.handleLmkKill:337 
W/ContextImpl( 1295): Calling a method in the system process without a qualified user: android.app.ContextImpl.sendBroadcast:1252 android.content.ContextWrapper.sendBroadcast:365 com.motorola.motocare.util.TriggerHelper$TriggerBuilder.send:76 com.motorola.motocare.internal.frameworkevents.ProcessKillTrigger.sendTrigger:147 com.motorola.motocare.internal.frameworkevents.ProcessKillTrigger.handleLmkKill:337 
W/ContextImpl( 1295): Calling a method in the system process without a qualified user: android.app.ContextImpl.sendBroadcast:1252 android.content.ContextWrapper.sendBroadcast:365 com.motorola.motocare.util.TriggerHelper$TriggerBuilder.send:76 com.motorola.motocare.internal.frameworkevents.ProcessKillTrigger.sendTrigger:147 com.motorola.motocare.internal.frameworkevents.ProcessKillTrigger.handleLmkKill:337 
W/ContextImpl( 1295): Calling a method in the system process without a qualified user: android.app.ContextImpl.sendBroadcast:1252 android.content.ContextWrapper.sendBroadcast:365 com.motorola.motocare.util.TriggerHelper$TriggerBuilder.send:76 com.motorola.motocare.internal.frameworkevents.ProcessKillTrigger.sendTrigger:147 com.motorola.motocare.internal.frameworkevents.ProcessKillTrigger.handleLmkKill:337 
W/ContextImpl( 1295): Calling a method in the system process without a qualified user: android.app.ContextImpl.sendBroadcast:1252 android.content.ContextWrapper.sendBroadcast:365 com.motorola.motocare.util.TriggerHelper$TriggerBuilder.send:76 com.motorola.motocare.internal.frameworkevents.ProcessKillTrigger.sendTrigger:147 com.motorola.motocare.internal.frameworkevents.ProcessKillTrigger.handleLmkKill:337 
D/dalvikvm( 1295): GC_EXPLICIT freed 495K, 46% free 9318K/17224K, paused 2ms+4ms, total 30ms
D/Ulp_jni ( 1025): Location CB invoked
I/SBar.NetworkController( 1119): refreshSignalCluster: mobile: Signal=zz_moto_stat_sys_signal_3_fully_wide Roaming=(none) mSimIconId=(none) Accessibility="Phone three bars.","Not roaming.",""
D/WifiStateMachine( 1025): handleMessage: E msg.what=151572
D/WifiStateMachine( 1025): processMsg: ConnectedState
D/WifiStateMachine( 1025): processMsg: L2ConnectedState
D/WifiStateMachine( 1025): handleMessage: X
D/WifiStateMachine( 1025): handleMessage: E msg.what=131155
D/WifiStateMachine( 1025): processMsg: ConnectedState
D/WifiStateMachine( 1025): processMsg: L2ConnectedState
D/WifiStateMachine( 1025): handleMessage: X
I/SBar.NetworkController( 1119): onSignalStrengthsChanged SignalStrength: 12 0 -120 -160 -120 -1 -1 99 2147483647 2147483647 2147483647 2147483647 2147483647 gsm|lte 0 -108 -1 false 4 4 0 0 0 99 99 99 4 level=4
I/SBar.NetworkController( 1119): refreshSignalCluster: mobile: Signal=zz_moto_stat_sys_signal_4_fully_wide Roaming=(none) mSimIconId=(none) Accessibility="Phone signal full.","Not roaming.",""
D/WifiStateMachine( 1025): handleMessage: E msg.what=151572
D/WifiStateMachine( 1025): processMsg: ConnectedState
D/WifiStateMachine( 1025): processMsg: L2ConnectedState
D/WifiStateMachine( 1025): handleMessage: X
I/MDMCTBK (  273): NetlinkHandler, power_supply subsys
I/MDMCTBK (  273): NetlinkHandler, usbChargerStateChanged
I/MDMCTBK (  273): checkDefaultInst, current pid is = 273
I/MDMCTBK (  273): checkDefaultInst, pid match
I/MDMCTBK (  273): MdmCutbackHndler,readFromFile = /sys/class/power_supply/usb/online
I/MDMCTBK (  273): MdmCutbackHndler,readFromFile = 
E/MDMCTBK (  273): MdmCutbackHndler,Could not open ''
I/MDMCTBK (  273): NetlinkHandler, power_supply subsys
I/MDMCTBK (  273): NetlinkHandler, usbChargerStateChanged
I/MDMCTBK (  273): checkDefaultInst, current pid is = 273
I/MDMCTBK (  273): checkDefaultInst, pid match
I/MDMCTBK (  273): MdmCutbackHndler,readFromFile = /sys/class/power_supply/usb/online
I/MDMCTBK (  273): MdmCutbackHndler,readFromFile = 
E/MDMCTBK (  273): MdmCutbackHndler,Could not open ''
D/WifiStateMachine( 1025): handleMessage: E msg.what=151572
D/WifiStateMachine( 1025): processMsg: ConnectedState
D/WifiStateMachine( 1025): processMsg: L2ConnectedState
D/WifiStateMachine( 1025): handleMessage: X
D/WifiStateMachine( 1025): handleMessage: E msg.what=151572
D/WifiStateMachine( 1025): processMsg: ConnectedState
D/WifiStateMachine( 1025): processMsg: L2ConnectedState
D/WifiStateMachine( 1025): handleMessage: X
D/WifiStateMachine( 1025): handleMessage: E msg.what=131155
D/WifiStateMachine( 1025): processMsg: ConnectedState
D/WifiStateMachine( 1025): processMsg: L2ConnectedState
D/WifiStateMachine( 1025): handleMessage: X
D/WifiStateMachine( 1025): handleMessage: E msg.what=151572
D/WifiStateMachine( 1025): processMsg: ConnectedState
D/WifiStateMachine( 1025): processMsg: L2ConnectedState
D/WifiStateMachine( 1025): handleMessage: X
D/WifiStateMachine( 1025): handleMessage: E msg.what=151572
D/WifiStateMachine( 1025): processMsg: ConnectedState
D/WifiStateMachine( 1025): processMsg: L2ConnectedState
D/WifiStateMachine( 1025): handleMessage: X
D/WifiStateMachine( 1025): handleMessage: E msg.what=151572
D/WifiStateMachine( 1025): processMsg: ConnectedState
D/WifiStateMachine( 1025): processMsg: L2ConnectedState
D/WifiStateMachine( 1025): handleMessage: X
D/WifiStateMachine( 1025): handleMessage: E msg.what=131155
D/WifiStateMachine( 1025): processMsg: ConnectedState
D/WifiStateMachine( 1025): processMsg: L2ConnectedState
D/WifiStateMachine( 1025): handleMessage: X
D/WifiStateMachine( 1025): handleMessage: E msg.what=151572
D/WifiStateMachine( 1025): processMsg: ConnectedState
D/WifiStateMachine( 1025): processMsg: L2ConnectedState
D/WifiStateMachine( 1025): handleMessage: X
V/AlarmManager( 1025): sending alarm Alarm{437e3810 type 2 com.google.android.talk}
V/AlarmManager( 1025): sending alarm Alarm{437e3210 type 2 com.whatsapp}
V/AlarmManager( 1025): sending alarm Alarm{437d8800 type 2 com.google.android.talk}
V/AlarmManager( 1025): sending alarm Alarm{437d72f8 type 2 com.google.android.talk}
V/AlarmManager( 1025): sending alarm Alarm{437d7100 type 3 com.devexpert.weather}
V/AlarmManager( 1025): sending alarm Alarm{437fa8e8 type 0 com.android.vending}
I/ActivityManager( 1025): Start proc com.devexpert.weather for broadcast com.devexpert.weather/.view.WidgetWeather2x1: pid=14018 uid=10112 gids={50112, 3003, 1028, 1015}
D/WifiStateMachine( 1025): handleMessage: E msg.what=151572
D/WifiStateMachine( 1025): processMsg: ConnectedState
D/WifiStateMachine( 1025): processMsg: L2ConnectedState
D/WifiStateMachine( 1025): handleMessage: X
I/SFPerfTracer(  274):      triggers: (rate: 633:266611) (189004 sw vsyncs) (606309 skipped) (18:1740166 vsyncs) (20:2206925)
I/dalvikvm(12668): Total arena pages for JIT: 11
I/dalvikvm(12668): Total arena pages for JIT: 12
I/dalvikvm(12668): Total arena pages for JIT: 13
I/dalvikvm(12668): Total arena pages for JIT: 14
I/ActivityManager( 1025): START u0 {act=com.android.systemui.recent.action.TOGGLE_RECENTS flg=0x10800000 cmp=com.android.systemui/.recent.RecentsActivity (has extras)} from pid 1119
W/ContextImpl( 1295): Calling a method in the system process without a qualified user: android.app.ContextImpl.sendBroadcast:1252 android.content.ContextWrapper.sendBroadcast:365 com.motorola.motocare.util.TriggerHelper$TriggerBuilder.send:76 com.motorola.motocare.internal.frameworkevents.PauseResumeTrigger.handleFrameworkEvent:53 com.motorola.motocare.internal.frameworkevents.FwEventMonitor$FrameworkListener.processFrameworkEvent:114 
D/CordovaActivity(13497): Paused the application!
D/CordovaWebView(13497): Handle the pause
W/ContextImpl( 1295): Calling a method in the system process without a qualified user: android.app.ContextImpl.sendBroadcast:1252 android.content.ContextWrapper.sendBroadcast:365 com.motorola.motocare.util.TriggerHelper$TriggerBuilder.send:76 com.motorola.motocare.internal.frameworkevents.PauseResumeTrigger.handleFrameworkEvent:53 com.motorola.motocare.internal.frameworkevents.FwEventMonitor$FrameworkListener.processFrameworkEvent:114 
D/dalvikvm( 1119): GC_FOR_ALLOC freed 975K, 28% free 14549K/20188K, paused 27ms, total 27ms
W/InputMethodManagerService( 1025): Starting input on non-focused client com.android.internal.view.IInputMethodClient$Stub$Proxy@42007bc0 (uid=10104 pid=13497)
W/IInputConnectionWrapper(13497): showStatusIcon on inactive InputConnection
I/ActivityManager( 1025): Process com.google.android.apps.cloudprint (pid 13948) has died.
I/LaunchCheckinHandler( 1025): Displayed com.android.systemui/.recent.RecentsActivity,wp,wa,129
I/SFPerfTracer(  274):      triggers: (rate: 753:30146) (compose: 0:117) (post: 0:11) (render: 38:8339) (5:408755 frames) (6:1998807)
D/SFPerfTracer(  274):        layers: (3:12) (DimLayer: 0:129)* (DimLayer: 0:32)* (FocusedStackFrame: 1:9749)* (StatusBar: 0:126910) (NavigationBar: 1:90361) (DimLayer: 0:5769)* (DimLayer: 0:1497)* (com.android.wallpaper.fall.FallWallpaper: 0:12666)* (com.android.packageinstaller/com.android.packageinstaller.InstallAppProgress: 0:128)* (Starting co.giftmeapp.gift_me: 0:38)* (co.giftmeapp.gift_me/co.giftmeapp.gift_me.GiftMe: 0:33) (com.android.systemui/com.android.systemui.recent.RecentsActivity: 6:6)* 
I/ActivityManager( 1025): Process com.evernote.widget (pid 13847) has died.
F/ProcessStats( 1025): Starting service ServiceState{42cd8260 com.facebook.push.mqtt.service.MqttPushService pkg=com.facebook.katana proc=42cd8260} without owner
I/ActivityManager( 1025): Process com.google.android.partnersetup (pid 13806) has died.
F/ProcessStats( 1025): Starting service ServiceState{42cd8260 com.facebook.push.mqtt.service.MqttPushService pkg=com.facebook.katana proc=42cd8260} without owner
F/ProcessStats( 1025): Starting service ServiceState{42cd8260 com.facebook.push.mqtt.service.MqttPushService pkg=com.facebook.katana proc=42cd8260} without owner
W/ManagedEGLContext(13497): doTerminate failed: EGL count is 2 but managed count is 1
D/WifiStateMachine( 1025): handleMessage: E msg.what=151572
D/WifiStateMachine( 1025): processMsg: ConnectedState
D/WifiStateMachine( 1025): processMsg: L2ConnectedState
D/WifiStateMachine( 1025): handleMessage: X
D/WifiStateMachine( 1025): handleMessage: E msg.what=131155
D/WifiStateMachine( 1025): processMsg: ConnectedState
D/WifiStateMachine( 1025): processMsg: L2ConnectedState
D/WifiStateMachine( 1025): handleMessage: X
D/Finsky  (12668): [1] 5.onFinished: Installation state replication succeeded.
D/Ulp_jni ( 1025): Location CB invoked
D/CordovaActivity(13497): CordovaActivity.onDestroy()
D/CordovaWebView(13497): >>> loadUrlNow()
I/ActivityManager( 1025): Killing 13497:co.giftmeapp.gift_me/u0a104 (adj 9): remove task
W/ContextImpl( 1295): Calling a method in the system process without a qualified user: android.app.ContextImpl.sendBroadcast:1252 android.content.ContextWrapper.sendBroadcast:365 com.motorola.motocare.util.TriggerHelper$TriggerBuilder.send:76 com.motorola.motocare.internal.frameworkevents.ProcessKillTrigger.sendTrigger:147 com.motorola.motocare.internal.frameworkevents.ProcessKillTrigger.handleFrameworkEvent:164 
I/WindowState( 1025): WIN DEATH: Window{4205c928 u0 co.giftmeapp.gift_me/co.giftmeapp.gift_me.GiftMe}
D/WifiStateMachine( 1025): handleMessage: E msg.what=151572
D/WifiStateMachine( 1025): processMsg: ConnectedState
D/WifiStateMachine( 1025): processMsg: L2ConnectedState
D/WifiStateMachine( 1025): handleMessage: X
W/ContextImpl( 1295): Calling a method in the system process without a qualified user: android.app.ContextImpl.sendBroadcast:1252 android.content.ContextWrapper.sendBroadcast:365 com.motorola.motocare.util.TriggerHelper$TriggerBuilder.send:76 com.motorola.motocare.internal.frameworkevents.PauseResumeTrigger.handleFrameworkEvent:53 com.motorola.motocare.internal.frameworkevents.FwEventMonitor$FrameworkListener.processFrameworkEvent:114 
