W/ContextImpl( 1295): Calling a method in the system process without a qualified user: android.app.ContextImpl.sendBroadcast:1252 android.content.ContextWrapper.sendBroadcast:365 com.motorola.motocare.util.TriggerHelper$TriggerBuilder.send:76 com.motorola.motocare.internal.frameworkevents.ProcessKillTrigger.sendTrigger:147 com.motorola.motocare.internal.frameworkevents.ProcessKillTrigger.handleLmkKill:337 
W/ContextImpl( 1295): Calling a method in the system process without a qualified user: android.app.ContextImpl.sendBroadcast:1252 android.content.ContextWrapper.sendBroadcast:365 com.motorola.motocare.util.TriggerHelper$TriggerBuilder.send:76 com.motorola.motocare.internal.frameworkevents.ProcessKillTrigger.sendTrigger:147 com.motorola.motocare.internal.frameworkevents.ProcessKillTrigger.handleLmkKill:337 
W/ContextImpl( 1295): Calling a method in the system process without a qualified user: android.app.ContextImpl.sendBroadcast:1252 android.content.ContextWrapper.sendBroadcast:365 com.motorola.motocare.util.TriggerHelper$TriggerBuilder.send:76 com.motorola.motocare.internal.frameworkevents.ProcessKillTrigger.sendTrigger:147 com.motorola.motocare.internal.frameworkevents.ProcessKillTrigger.handleLmkKill:337 
W/ContextImpl( 1295): Calling a method in the system process without a qualified user: android.app.ContextImpl.sendBroadcast:1252 android.content.ContextWrapper.sendBroadcast:365 com.motorola.motocare.util.TriggerHelper$TriggerBuilder.send:76 com.motorola.motocare.internal.frameworkevents.ProcessKillTrigger.sendTrigger:147 com.motorola.motocare.internal.frameworkevents.ProcessKillTrigger.handleLmkKill:337 
W/ContextImpl( 1295): Calling a method in the system process without a qualified user: android.app.ContextImpl.sendBroadcast:1252 android.content.ContextWrapper.sendBroadcast:365 com.motorola.motocare.util.TriggerHelper$TriggerBuilder.send:76 com.motorola.motocare.internal.frameworkevents.ProcessKillTrigger.sendTrigger:147 com.motorola.motocare.internal.frameworkevents.ProcessKillTrigger.handleLmkKill:337 
W/ContextImpl( 1295): Calling a method in the system process without a qualified user: android.app.ContextImpl.sendBroadcast:1252 android.content.ContextWrapper.sendBroadcast:365 com.motorola.motocare.util.TriggerHelper$TriggerBuilder.send:76 com.motorola.motocare.internal.frameworkevents.ProcessKillTrigger.sendTrigger:147 com.motorola.motocare.internal.frameworkevents.ProcessKillTrigger.handleLmkKill:337 
W/ContextImpl( 1295): Calling a method in the system process without a qualified user: android.app.ContextImpl.sendBroadcast:1252 android.content.ContextWrapper.sendBroadcast:365 com.motorola.motocare.util.TriggerHelper$TriggerBuilder.send:76 com.motorola.motocare.internal.frameworkevents.ProcessKillTrigger.sendTrigger:147 com.motorola.motocare.internal.frameworkevents.ProcessKillTrigger.handleLmkKill:337 
W/ContextImpl( 1295): Calling a method in the system process without a qualified user: android.app.ContextImpl.sendBroadcast:1252 android.content.ContextWrapper.sendBroadcast:365 com.motorola.motocare.util.TriggerHelper$TriggerBuilder.send:76 com.motorola.motocare.internal.frameworkevents.ProcessKillTrigger.sendTrigger:147 com.motorola.motocare.internal.frameworkevents.ProcessKillTrigger.handleLmkKill:337 
W/ContextImpl( 1295): Calling a method in the system process without a qualified user: android.app.ContextImpl.sendBroadcast:1252 android.content.ContextWrapper.sendBroadcast:365 com.motorola.motocare.util.TriggerHelper$TriggerBuilder.send:76 com.motorola.motocare.internal.frameworkevents.ProcessKillTrigger.sendTrigger:147 com.motorola.motocare.internal.frameworkevents.ProcessKillTrigger.handleLmkKill:337 
W/ContextImpl( 1295): Calling a method in the system process without a qualified user: android.app.ContextImpl.sendBroadcast:1252 android.content.ContextWrapper.sendBroadcast:365 com.motorola.motocare.util.TriggerHelper$TriggerBuilder.send:76 com.motorola.motocare.internal.frameworkevents.ProcessKillTrigger.sendTrigger:147 com.motorola.motocare.internal.frameworkevents.ProcessKillTrigger.handleLmkKill:337 
W/ContextImpl( 1295): Calling a method in the system process without a qualified user: android.app.ContextImpl.sendBroadcast:1252 android.content.ContextWrapper.sendBroadcast:365 com.motorola.motocare.util.TriggerHelper$TriggerBuilder.send:76 com.motorola.motocare.internal.frameworkevents.ProcessKillTrigger.sendTrigger:147 com.motorola.motocare.internal.frameworkevents.ProcessKillTrigger.handleLmkKill:337 
W/ContextImpl( 1295): Calling a method in the system process without a qualified user: android.app.ContextImpl.sendBroadcast:1252 android.content.ContextWrapper.sendBroadcast:365 com.motorola.motocare.util.TriggerHelper$TriggerBuilder.send:76 com.motorola.motocare.internal.frameworkevents.ProcessKillTrigger.sendTrigger:147 com.motorola.motocare.internal.frameworkevents.ProcessKillTrigger.handleLmkKill:337 
W/ContextImpl( 1295): Calling a method in the system process without a qualified user: android.app.ContextImpl.sendBroadcast:1252 android.content.ContextWrapper.sendBroadcast:365 com.motorola.motocare.util.TriggerHelper$TriggerBuilder.send:76 com.motorola.motocare.internal.frameworkevents.ProcessKillTrigger.sendTrigger:147 com.motorola.motocare.internal.frameworkevents.ProcessKillTrigger.handleLmkKill:337 
W/ContextImpl( 1295): Calling a method in the system process without a qualified user: android.app.ContextImpl.sendBroadcast:1252 android.content.ContextWrapper.sendBroadcast:365 com.motorola.motocare.util.TriggerHelper$TriggerBuilder.send:76 com.motorola.motocare.internal.frameworkevents.ProcessKillTrigger.sendTrigger:147 com.motorola.motocare.internal.frameworkevents.ProcessKillTrigger.handleLmkKill:337 
W/ContextImpl( 1295): Calling a method in the system process without a qualified user: android.app.ContextImpl.sendBroadcast:1252 android.content.ContextWrapper.sendBroadcast:365 com.motorola.motocare.util.TriggerHelper$TriggerBuilder.send:76 com.motorola.motocare.internal.frameworkevents.ProcessKillTrigger.sendTrigger:147 com.motorola.motocare.internal.frameworkevents.ProcessKillTrigger.handleLmkKill:337 
W/ContextImpl( 1295): Calling a method in the system process without a qualified user: android.app.ContextImpl.sendBroadcast:1252 android.content.ContextWrapper.sendBroadcast:365 com.motorola.motocare.util.TriggerHelper$TriggerBuilder.send:76 com.motorola.motocare.internal.frameworkevents.ProcessKillTrigger.sendTrigger:147 com.motorola.motocare.internal.frameworkevents.ProcessKillTrigger.handleLmkKill:337 
W/ContextImpl( 1295): Calling a method in the system process without a qualified user: android.app.ContextImpl.sendBroadcast:1252 android.content.ContextWrapper.sendBroadcast:365 com.motorola.motocare.util.TriggerHelper$TriggerBuilder.send:76 com.motorola.motocare.internal.frameworkevents.ProcessKillTrigger.sendTrigger:147 com.motorola.motocare.internal.frameworkevents.ProcessKillTrigger.handleLmkKill:337 
W/ContextImpl( 1295): Calling a method in the system process without a qualified user: android.app.ContextImpl.sendBroadcast:1252 android.content.ContextWrapper.sendBroadcast:365 com.motorola.motocare.util.TriggerHelper$TriggerBuilder.send:76 com.motorola.motocare.internal.frameworkevents.ProcessKillTrigger.sendTrigger:147 com.motorola.motocare.internal.frameworkevents.ProcessKillTrigger.handleLmkKill:337 
W/ContextImpl( 1295): Calling a method in the system process without a qualified user: android.app.ContextImpl.sendBroadcast:1252 android.content.ContextWrapper.sendBroadcast:365 com.motorola.motocare.util.TriggerHelper$TriggerBuilder.send:76 com.motorola.motocare.internal.frameworkevents.ProcessKillTrigger.sendTrigger:147 com.motorola.motocare.internal.frameworkevents.ProcessKillTrigger.handleLmkKill:337 
W/ContextImpl( 1295): Calling a method in the system process without a qualified user: android.app.ContextImpl.sendBroadcast:1252 android.content.ContextWrapper.sendBroadcast:365 com.motorola.motocare.util.TriggerHelper$TriggerBuilder.send:76 com.motorola.motocare.internal.frameworkevents.ProcessKillTrigger.sendTrigger:147 com.motorola.motocare.internal.frameworkevents.ProcessKillTrigger.handleLmkKill:337 
W/ContextImpl( 1295): Calling a method in the system process without a qualified user: android.app.ContextImpl.sendBroadcast:1252 android.content.ContextWrapper.sendBroadcast:365 com.motorola.motocare.util.TriggerHelper$TriggerBuilder.send:76 com.motorola.motocare.internal.frameworkevents.ProcessKillTrigger.sendTrigger:147 com.motorola.motocare.internal.frameworkevents.ProcessKillTrigger.handleLmkKill:337 
W/ContextImpl( 1295): Calling a method in the system process without a qualified user: android.app.ContextImpl.sendBroadcast:1252 android.content.ContextWrapper.sendBroadcast:365 com.motorola.motocare.util.TriggerHelper$TriggerBuilder.send:76 com.motorola.motocare.internal.frameworkevents.ProcessKillTrigger.sendTrigger:147 com.motorola.motocare.internal.frameworkevents.ProcessKillTrigger.handleLmkKill:337 
I/SFPerfTracer(  274):      triggers: (rate: 1124:447900) (341063 sw vsyncs) (1049212 skipped) (0:3339717 vsyncs) (2:4187755)
I/SFPerfTracer(  274):      triggers: (rate: 1254:49928) (compose: 0:251) (post: 0:21) (render: 86:10589) (0:785640 frames) (1:3316882)
D/SFPerfTracer(  274):        layers: (5:22) (DimLayer: 0:158)* (DimLayer: 0:134)* (FocusedStackFrame: 0:21909)* (StatusBar: 0:265634) (NavigationBar: 0:204294) (DimLayer: 0:24997)* (DimLayer: 0:4791)* (com.android.wallpaper.fall.FallWallpaper: 0:10711)* (co.giftmeapp.gift_me/com.paypal.android.sdk.payments.LoginActivity: 0:124) (SurfaceView: 0:16) (InputMethod: 0:74) (PopupWindow:42052900: 0:4)* (PopupWindow:42052900: 0:4)* (PopupWindow:42052900: 0:4)* (PopupWindow:42052900: 0:3)* (PopupWindow:42052900: 0:3)* (PopupWindow:42052900: 0:4)* (PopupWindow:42052900: 0:4)* (PopupWindow:42052900: 0:3)* (PopupWindow:42782f38: 0:4)* (PopupWindow:42782f38: 0:4)* (PopupWindow:42782f38: 0:4)* 
I/ActivityManager( 1025): Start proc com.viber.voip for service com.viber.voip/com.viber.service.VoipConnectorService: pid=22920 uid=10108 gids={50108, 3003, 1028, 1015, 3002, 3001}
I/ActivityManager( 1025): Process com.devexpert.weather (pid 22834) has died.
I/SFPerfTracer(  274):      triggers: (rate: 1254:49929) (compose: 0:251) (post: 0:21) (render: 86:10590) (12:785664 frames) (13:3316957)
D/SFPerfTracer(  274):        layers: (6:17) (DimLayer: 0:158)* (DimLayer: 0:134)* (FocusedStackFrame: 0:21910)* (StatusBar: 1:265639) (NavigationBar: 1:204295) (DimLayer: 8:25012) (DimLayer: 0:4791)* (com.android.wallpaper.fall.FallWallpaper: 0:10711)* (co.giftmeapp.gift_me/com.paypal.android.sdk.payments.LoginActivity: 11:159) (SurfaceView: 0:16)* (InputMethod: 11:96) (PopupWindow:42782f38: 0:3)* (PopupWindow:42782f38: 0:4)* (PopupWindow:42782f38: 0:4)* (PopupWindow:42782f38: 0:4)* (PopupWindow:42782f38: 0:3)* (Authenticating: 13:24) 
W/ContextImpl( 1295): Calling a method in the system process without a qualified user: android.app.ContextImpl.sendBroadcast:1252 android.content.ContextWrapper.sendBroadcast:365 com.motorola.motocare.util.TriggerHelper$TriggerBuilder.send:76 com.motorola.motocare.internal.frameworkevents.PauseResumeTrigger.handleFrameworkEvent:53 com.motorola.motocare.internal.frameworkevents.FwEventMonitor$FrameworkListener.processFrameworkEvent:114 
W/ContextImpl( 1295): Calling a method in the system process without a qualified user: android.app.ContextImpl.sendBroadcast:1252 android.content.ContextWrapper.sendBroadcast:365 com.motorola.motocare.util.TriggerHelper$TriggerBuilder.send:76 com.motorola.motocare.internal.frameworkevents.PauseResumeTrigger.handleFrameworkEvent:53 com.motorola.motocare.internal.frameworkevents.FwEventMonitor$FrameworkListener.processFrameworkEvent:114 
I/SFPerfTracer(  274):      triggers: (rate: 1124:447900) (341063 sw vsyncs) (1049212 skipped) (42:3339796 vsyncs) (44:4187886)
I/ActivityManager( 1025): Start proc com.facebook.orca for service com.facebook.orca/com.facebook.push.mqtt.service.MqttPushService: pid=23017 uid=10147 gids={50147, 3003, 1028, 1015}
I/ActivityManager( 1025): Process com.google.android.inputmethod.latin (pid 22657) has died.
I/SFPerfTracer(  274):      triggers: (rate: 1124:447900) (341063 sw vsyncs) (1049212 skipped) (27:3339898 vsyncs) (29:4187998)
W/ContextImpl( 1295): Calling a method in the system process without a qualified user: android.app.ContextImpl.sendBroadcast:1252 android.content.ContextWrapper.sendBroadcast:365 com.motorola.motocare.util.TriggerHelper$TriggerBuilder.send:76 com.motorola.motocare.internal.frameworkevents.PauseResumeTrigger.handleFrameworkEvent:53 com.motorola.motocare.internal.frameworkevents.FwEventMonitor$FrameworkListener.processFrameworkEvent:114 
W/ContextImpl( 1295): Calling a method in the system process without a qualified user: android.app.ContextImpl.sendBroadcast:1252 android.content.ContextWrapper.sendBroadcast:365 com.motorola.motocare.util.TriggerHelper$TriggerBuilder.send:76 com.motorola.motocare.internal.frameworkevents.PauseResumeTrigger.handleFrameworkEvent:53 com.motorola.motocare.internal.frameworkevents.FwEventMonitor$FrameworkListener.processFrameworkEvent:114 
W/ContextImpl( 1295): Calling a method in the system process without a qualified user: android.app.ContextImpl.sendBroadcast:1252 android.content.ContextWrapper.sendBroadcast:365 com.motorola.motocare.util.TriggerHelper$TriggerBuilder.send:76 com.motorola.motocare.internal.frameworkevents.PauseResumeTrigger.handleFrameworkEvent:53 com.motorola.motocare.internal.frameworkevents.FwEventMonitor$FrameworkListener.processFrameworkEvent:114 
W/ContextImpl( 1295): Calling a method in the system process without a qualified user: android.app.ContextImpl.sendBroadcast:1252 android.content.ContextWrapper.sendBroadcast:365 com.motorola.motocare.util.TriggerHelper$TriggerBuilder.send:76 com.motorola.motocare.internal.frameworkevents.PauseResumeTrigger.handleFrameworkEvent:53 com.motorola.motocare.internal.frameworkevents.FwEventMonitor$FrameworkListener.processFrameworkEvent:114 
W/ContextImpl( 1295): Calling a method in the system process without a qualified user: android.app.ContextImpl.sendBroadcast:1252 android.content.ContextWrapper.sendBroadcast:365 com.motorola.motocare.util.TriggerHelper$TriggerBuilder.send:76 com.motorola.motocare.internal.frameworkevents.PauseResumeTrigger.handleFrameworkEvent:53 com.motorola.motocare.internal.frameworkevents.FwEventMonitor$FrameworkListener.processFrameworkEvent:114 
I/SFPerfTracer(  274):      triggers: (rate: 1254:49929) (compose: 0:251) (post: 0:21) (render: 86:10590) (38:785730 frames) (39:3317086)
D/SFPerfTracer(  274):        layers: (5:14) (DimLayer: 0:158)* (DimLayer: 0:134)* (FocusedStackFrame: 0:21915)* (StatusBar: 0:265645) (NavigationBar: 0:204295) (DimLayer: 14:25042) (DimLayer: 0:4791)* (com.android.wallpaper.fall.FallWallpaper: 0:10711)* (co.giftmeapp.gift_me/com.paypal.android.sdk.payments.LoginActivity: 0:194)* (InputMethod: 0:97)* (Authenticating: 0:57)* (co.giftmeapp.gift_me/com.paypal.android.sdk.payments.PaymentConfirmActivity: 0:27) (Processing: 0:37)* (Processing: 39:43) 
W/ContextImpl( 1295): Calling a method in the system process without a qualified user: android.app.ContextImpl.sendBroadcast:1252 android.content.ContextWrapper.sendBroadcast:365 com.motorola.motocare.util.TriggerHelper$TriggerBuilder.send:76 com.motorola.motocare.internal.frameworkevents.PauseResumeTrigger.handleFrameworkEvent:53 com.motorola.motocare.internal.frameworkevents.FwEventMonitor$FrameworkListener.processFrameworkEvent:114 
I/ActivityManager( 1025): Start proc com.facebook.katana for content provider com.facebook.katana/.provider.AttributionIdProvider: pid=23084 uid=10110 gids={50110, 1028, 1015, 3003}
W/WindowManager( 1025): Rebuild removed 6 windows but added 5
W/WindowManager( 1025): java.lang.RuntimeException: here
W/WindowManager( 1025): 	at com.android.server.wm.WindowManagerService.rebuildAppWindowListLocked(WindowManagerService.java:8096)
W/WindowManager( 1025): 	at com.android.server.wm.WindowManagerService.rebuildAppWindowListLocked(WindowManagerService.java:8032)
W/WindowManager( 1025): 	at com.android.server.wm.WindowManagerService.handleAnimatingStoppedAndTransitionLocked(WindowManagerService.java:8776)
W/WindowManager( 1025): 	at com.android.server.wm.WindowManagerService.performLayoutAndPlaceSurfacesLockedInner(WindowManagerService.java:9311)
W/WindowManager( 1025): 	at com.android.server.wm.WindowManagerService.performLayoutAndPlaceSurfacesLockedLoop(WindowManagerService.java:8248)
W/WindowManager( 1025): 	at com.android.server.wm.WindowManagerService.performLayoutAndPlaceSurfacesLocked(WindowManagerService.java:8190)
W/WindowManager( 1025): 	at com.android.server.wm.WindowManagerService.access$300(WindowManagerService.java:165)
W/WindowManager( 1025): 	at com.android.server.wm.WindowManagerService$H.handleMessage(WindowManagerService.java:7224)
W/WindowManager( 1025): 	at android.os.Handler.dispatchMessage(Handler.java:102)
W/WindowManager( 1025): 	at android.os.Looper.loop(Looper.java:136)
W/WindowManager( 1025): 	at android.os.HandlerThread.run(HandlerThread.java:61)
W/WindowManager( 1025): This window was lost: Window{4388df78 u0 Processing}
W/WindowManager( 1025): mDisplayId=0 mSession=Session{4217fa10 21777:u0a10155} mClient=android.os.BinderProxy@42932ce0
W/WindowManager( 1025): mOwnerUid=10155 mShowToOwnerOnly=true package=co.giftmeapp.gift_me appop=NONE
W/WindowManager( 1025): mAttrs=WM.LayoutParams{(0,0)(wrapxwrap) gr=#11 sim=#120 ty=2 fl=#41020002 pfl=0x8 fmt=-2 wanim=0x10302a2}
W/WindowManager( 1025): Requested w=684 h=324 mLayoutSeq=127168
W/WindowManager( 1025): mBaseLayer=21000 mSubLayer=0 mAnimLayer=21030+0=21030 mLastLayer=21035
W/WindowManager( 1025): mToken=AppWindowToken{438a8190 token=Token{4200a9d8 ActivityRecord{42a4abd0 u0 co.giftmeapp.gift_me/com.paypal.android.sdk.payments.PaymentConfirmActivity t1456}}}
W/WindowManager( 1025): mRootToken=AppWindowToken{438a8190 token=Token{4200a9d8 ActivityRecord{42a4abd0 u0 co.giftmeapp.gift_me/com.paypal.android.sdk.payments.PaymentConfirmActivity t1456}}}
W/WindowManager( 1025): mAppToken=AppWindowToken{438a8190 token=Token{4200a9d8 ActivityRecord{42a4abd0 u0 co.giftmeapp.gift_me/com.paypal.android.sdk.payments.PaymentConfirmActivity t1456}}}
W/WindowManager( 1025): mViewVisibility=0x8 mHaveFrame=true mObscured=false
W/WindowManager( 1025): mSeq=0 mSystemUiVisibility=0x0
W/WindowManager( 1025): mGivenContentInsets=[0,0][0,0] mGivenVisibleInsets=[0,0][0,0]
W/WindowManager( 1025): mConfiguration={1.0 272mcc3mnc en_GB ldltr sw360dp w360dp h567dp 320dpi nrml port finger -keyb/v/h -nav/h s.324?spn}
W/WindowManager( 1025): mHasSurface=true mShownFrame=[18.0,455.0][702.0,779.0] isReadyForDisplay()=false
W/WindowManager( 1025): mFrame=[18,455][702,779] last=[18,455][702,779]
W/WindowManager( 1025): mSystemDecorRect=[0,0][684,324] last=[0,0][684,324]
W/WindowManager( 1025): Frames: containing=[0,50][720,1184] parent=[0,50][720,1184]
W/WindowManager( 1025):     display=[0,50][720,1184] overscan=[0,50][720,1184]
W/WindowManager( 1025):     content=[18,455][702,779] visible=[18,455][702,779]
W/WindowManager( 1025):     decor=[0,50][720,1184]
W/WindowManager( 1025): Cur insets: overscan=[0,0][0,0] content=[0,0][0,0] visible=[0,0][0,0]
W/WindowManager( 1025): Lst insets: overscan=[0,0][0,0] content=[0,0][0,0] visible=[0,0][0,0]
W/WindowManager( 1025): WindowStateAnimator{4377ecc8 Processing}:
W/WindowManager( 1025):   mSurface=Surface(name=Processing)
W/WindowManager( 1025):   mDrawState=HAS_DRAWN mLastHidden=true
W/WindowManager( 1025):   Surface: shown=false layer=21035 alpha=0.0 rect=(18.0,455.0) 684.0 x 324.0
W/WindowManager( 1025):   mShownAlpha=1.0 mAlpha=1.0 mLastAlpha=0.0
W/WindowManager( 1025): mExiting=false mRemoveOnExit=false mDestroying=true mRemoved=false
W/WindowManager( 1025): Current app token list:
V/WindowManager( 1025):   Display 0
V/WindowManager( 1025):   #7: Token{41fddc58 ActivityRecord{436d8e70 u0 co.giftmeapp.gift_me/.GiftMe t1456}}
V/WindowManager( 1025):   #6: Token{42b38ab8 ActivityRecord{428657a8 u0 com.ghisler.android.TotalCommander/.TotalCommander t1103}}
V/WindowManager( 1025):   #5: Token{42b37e80 ActivityRecord{420fe240 u0 com.android.systemui/.recent.RecentsActivity t1412}}
V/WindowManager( 1025):   #4: Token{4246dc70 ActivityRecord{42c14330 u0 com.google.android.gm/.ConversationListActivityGmail t1442}}
V/WindowManager( 1025):   #3: Token{42a0c568 ActivityRecord{42a0c2f0 u0 com.android.launcher/com.android.launcher2.Launcher t1}}
V/WindowManager( 1025):   #2: Token{428f5358 ActivityRecord{42d0c2d8 u0 com.android.settings/.SubSettings t1382}}
V/WindowManager( 1025):   #1: Token{427020a8 ActivityRecord{42cfc8c8 u0 com.android.settings/.Settings t1382}}
V/WindowManager( 1025):   #0: Token{425cfae8 ActivityRecord{438b3f80 u0 com.android.bluetooth/.opp.BluetoothOppTransferHistory t1131}}
W/WindowManager( 1025): Final window list:
V/WindowManager( 1025):   #0: Window{42bd22a0 u0 SearchPanel}
V/WindowManager( 1025):   #1: Window{42945540 u0 NavigationBar}
V/WindowManager( 1025):   #2: Window{428c7110 u0 StatusBar}
V/WindowManager( 1025):   #3: Window{42cbc2c8 u0 com.android.keyguard}
V/WindowManager( 1025):   #4: Window{428628e0 u0 Keyguard}
V/WindowManager( 1025):   #5: Window{428b9328 u0 KeyguardScrim}
V/WindowManager( 1025):   #6: Window{430d0778 u0 SurfaceView}
V/WindowManager( 1025):   #7: Window{43729c38 u0 InputMethod}
V/WindowManager( 1025):   #8: Window{438dfbe0 u0 co.giftmeapp.gift_me/co.giftmeapp.gift_me.GiftMe}
V/WindowManager( 1025):   #9: Window{42d41f58 u0 co.giftmeapp.gift_me/co.giftmeapp.gift_me.GiftMe}
V/WindowManager( 1025):   #10: Window{4338f800 u0 com.ghisler.android.TotalCommander/com.ghisler.android.TotalCommander.TotalCommander}
V/WindowManager( 1025):   #11: Window{42e24a00 u0 com.android.systemui/com.android.systemui.recent.RecentsActivity}
V/WindowManager( 1025):   #12: Window{43940bb8 u0 com.android.launcher/com.android.launcher2.Launcher}
V/WindowManager( 1025):   #13: Window{42030fe0 u0 com.android.wallpaper.fall.FallWallpaper}
D/WifiService( 1025): New client listening to asynchronous messages
I/SFPerfTracer(  274):      triggers: (rate: 1124:447900) (341063 sw vsyncs) (1049212 skipped) (8:3339984 vsyncs) (10:4188099)
I/ActivityManager( 1025): Process com.google.android.gms.wearable (pid 22695) has died.
W/ActivityManager( 1025): Scheduling restart of crashed service com.google.android.gms/.wearable.service.WearableService in 16000ms
I/ActivityManager( 1025): Process com.viber.voip (pid 22920) has died.
W/ActivityManager( 1025): Scheduling restart of crashed service com.viber.voip/com.viber.service.VoipConnectorService in 81060ms
W/ActivityManager( 1025): Scheduling restart of crashed service com.viber.voip/.api.billing.InAppBillingService in 167436ms
W/InputMethodManagerService( 1025): Window already focused, ignoring focus gain of: com.android.internal.view.IInputMethodClient$Stub$Proxy@42a95d08 attribute=null, token = android.os.BinderProxy@42158d58
W/BroadcastQueue( 1025): Permission Denial: broadcasting Intent { act=android.net.conn.INET_CONDITION_ACTION flg=0x4000010 (has extras) } from null (pid=-1, uid=-1) requires com.facebook.permission.prod.FB_APP_COMMUNICATION due to registered receiver BroadcastFilter{42816298 u0 ReceiverList{4286a5c8 23017 com.facebook.orca/10147/u0 remote:428ee090}}
W/BroadcastQueue( 1025): Permission Denial: broadcasting Intent { act=android.net.conn.CONNECTIVITY_CHANGE flg=0x4000010 (has extras) } from null (pid=-1, uid=-1) requires com.facebook.permission.prod.FB_APP_COMMUNICATION due to registered receiver BroadcastFilter{42816298 u0 ReceiverList{4286a5c8 23017 com.facebook.orca/10147/u0 remote:428ee090}}
D/WifiService( 1025): Client connection lost with reason: 4
I/ActivityManager( 1025): Process com.facebook.katana (pid 23084) has died.
W/ActivityManager( 1025): Scheduling restart of crashed service com.facebook.katana/com.facebook.push.mqtt.service.MqttPushService in 1024000ms
W/BroadcastQueue( 1025): Permission Denial: broadcasting Intent { act=android.net.conn.CONNECTIVITY_CHANGE flg=0x4000010 (has extras) } from null (pid=-1, uid=-1) requires com.facebook.permission.prod.FB_APP_COMMUNICATION due to registered receiver BroadcastFilter{42afd9b0 u0 ReceiverList{42b00e68 23017 com.facebook.orca/10147/u0 remote:4223fdb8}}
I/SFPerfTracer(  274):      triggers: (rate: 1124:447900) (341063 sw vsyncs) (1049212 skipped) (17:3340077 vsyncs) (19:4188207)
I/ActivityManager( 1025): Start proc com.google.android.gms.wearable for service com.google.android.gms/.wearable.service.WearableService: pid=23198 uid=10022 gids={50022, 3003, 1007, 1028, 1015, 3002, 3001, 3007, 2001, 3006}
V/AlarmManager( 1025): sending alarm Alarm{4289c3a0 type 3 android}
I/SFPerfTracer(  274):      triggers: (rate: 1124:447900) (341063 sw vsyncs) (1049212 skipped) (0:3340157 vsyncs) (1:4188308)
I/SFPerfTracer(  274):      triggers: (rate: 1254:49929) (compose: 0:251) (post: 0:21) (render: 86:10590) (0:785759 frames) (1:3317186)
D/SFPerfTracer(  274):        layers: (3:12) (DimLayer: 0:158)* (DimLayer: 0:134)* (FocusedStackFrame: 0:21919)* (StatusBar: 1:265664) (NavigationBar: 0:204295) (DimLayer: 0:25060)* (DimLayer: 0:4791)* (com.android.wallpaper.fall.FallWallpaper: 0:10711)* (co.giftmeapp.gift_me/com.paypal.android.sdk.payments.PaymentConfirmActivity: 0:46)* (Processing: 0:68)* (co.giftmeapp.gift_me/co.giftmeapp.gift_me.GiftMe: 0:26) (co.giftmeapp.gift_me/co.giftmeapp.gift_me.GiftMe: 0:48)* 
W/ContextImpl( 1295): Calling a method in the system process without a qualified user: android.app.ContextImpl.sendBroadcast:1252 android.content.ContextWrapper.sendBroadcast:365 com.motorola.motocare.util.TriggerHelper$TriggerBuilder.send:76 com.motorola.motocare.internal.frameworkevents.ProcessKillTrigger.sendTrigger:147 com.motorola.motocare.internal.frameworkevents.ProcessKillTrigger.handleLmkKill:337 
W/ContextImpl( 1295): Calling a method in the system process without a qualified user: android.app.ContextImpl.sendBroadcast:1252 android.content.ContextWrapper.sendBroadcast:365 com.motorola.motocare.util.TriggerHelper$TriggerBuilder.send:76 com.motorola.motocare.internal.frameworkevents.ProcessKillTrigger.sendTrigger:147 com.motorola.motocare.internal.frameworkevents.ProcessKillTrigger.handleLmkKill:337 
W/ContextImpl( 1295): Calling a method in the system process without a qualified user: android.app.ContextImpl.sendBroadcast:1252 android.content.ContextWrapper.sendBroadcast:365 com.motorola.motocare.util.TriggerHelper$TriggerBuilder.send:76 com.motorola.motocare.internal.frameworkevents.ProcessKillTrigger.sendTrigger:147 com.motorola.motocare.internal.frameworkevents.ProcessKillTrigger.handleLmkKill:337 
W/ContextImpl( 1295): Calling a method in the system process without a qualified user: android.app.ContextImpl.sendBroadcast:1252 android.content.ContextWrapper.sendBroadcast:365 com.motorola.motocare.util.TriggerHelper$TriggerBuilder.send:76 com.motorola.motocare.internal.frameworkevents.ProcessKillTrigger.sendTrigger:147 com.motorola.motocare.internal.frameworkevents.ProcessKillTrigger.handleLmkKill:337 
W/ContextImpl( 1295): Calling a method in the system process without a qualified user: android.app.ContextImpl.sendBroadcast:1252 android.content.ContextWrapper.sendBroadcast:365 com.motorola.motocare.util.TriggerHelper$TriggerBuilder.send:76 com.motorola.motocare.internal.frameworkevents.ProcessKillTrigger.sendTrigger:147 com.motorola.motocare.internal.frameworkevents.ProcessKillTrigger.handleLmkKill:337 
V/AlarmManager( 1025): sending alarm Alarm{42873698 type 2 com.facebook.orca}
V/AlarmManager( 1025): sending alarm Alarm{4286b3e8 type 2 com.facebook.katana}
V/AlarmManager( 1025): sending alarm Alarm{4286a0a8 type 2 com.google.android.talk}
V/AlarmManager( 1025): sending alarm Alarm{42861140 type 2 com.google.android.talk}
V/AlarmManager( 1025): sending alarm Alarm{4285a3a8 type 3 com.devexpert.weather}
V/AlarmManager( 1025): sending alarm Alarm{428464c0 type 2 com.google.android.talk}
V/AlarmManager( 1025): sending alarm Alarm{42811c70 type 2 free.reddit.news}
I/ActivityManager( 1025): Start proc free.reddit.news for service free.reddit.news/reddit.news.services.InboxServiceFree: pid=23240 uid=10115 gids={50115, 3003, 1028, 1015}
V/AlarmManager( 1025): sending alarm Alarm{4280c260 type 2 com.facebook.katana}
I/ActivityManager( 1025): Start proc com.devexpert.weather for broadcast com.devexpert.weather/.view.WidgetWeather2x1: pid=23252 uid=10112 gids={50112, 3003, 1028, 1015}
W/Vold    (  261): Returning OperationFailed - no handler for errno 30
I/ActivityManager( 1025): Process com.devexpert.weather (pid 23252) has died.
I/ActivityManager( 1025): Process free.reddit.news (pid 23240) has died.
I/ActivityManager( 1025): Start proc com.viber.voip for service com.viber.voip/com.viber.service.VoipConnectorService: pid=23311 uid=10108 gids={50108, 3003, 1028, 1015, 3002, 3001}
V/AlarmManager( 1025): sending alarm Alarm{42e1f7a0 type 3 android}
V/AlarmManager( 1025): sending alarm Alarm{42e1f850 type 2 com.google.android.gms}
V/AlarmManager( 1025): sending alarm Alarm{42fc88a0 type 2 com.google.android.talk}
V/AlarmManager( 1025): sending alarm Alarm{42fc88f0 type 2 com.google.android.talk}
V/AlarmManager( 1025): sending alarm Alarm{4306bbd0 type 2 com.google.android.talk}
V/AlarmManager( 1025): sending alarm Alarm{4306bc20 type 3 com.devexpert.weather}
V/AlarmManager( 1025): sending alarm Alarm{4306bc70 type 2 com.google.android.talk}
I/ActivityManager( 1025): Start proc com.devexpert.weather for broadcast com.devexpert.weather/.view.WidgetWeather2x1: pid=23361 uid=10112 gids={50112, 3003, 1028, 1015}
I/SFPerfTracer(  274):      triggers: (rate: 1124:447900) (341063 sw vsyncs) (1049212 skipped) (17:3340245 vsyncs) (19:4188414)
I/ActivityManager( 1025): Process com.devexpert.weather (pid 23361) has died.
I/PowerManagerService( 1025): Nap time...
I/PowerManagerService( 1025): Going to sleep due to screen timeout...
F/ProcessStats( 1025): Starting service ServiceState{42c48c08 com.whatsapp.messaging.MessageService pkg=com.whatsapp proc=42c48c08} without owner
F/ProcessStats( 1025): Starting service ServiceState{43399718 com.paypal.android.p2pmobile.services.AtoService pkg=com.paypal.android.p2pmobile proc=43399718} without owner
F/ProcessStats( 1025): Starting service ServiceState{43231e48 com.paypal.android.p2pmobile.services.WalletService pkg=com.paypal.android.p2pmobile proc=43231e48} without owner
F/ProcessStats( 1025): Starting service ServiceState{42a4cec0 com.facebook.push.mqtt.service.MqttPushService pkg=com.facebook.katana proc=42a4cec0} without owner
D/WifiService( 1025): acquireWifiLockLocked: WifiLock{NlpWifiLock type=2 binder=android.os.BinderProxy@43921d00}
D/ConnectivityService( 1025): startUsingNetworkFeature reconnecting to 0: enableSUPL
D/ConnectivityService( 1025): startUsingNetworkFeature X: return APN_REQUEST_STARTED
D/MobileDataStateTracker( 1025): supl: Broadcast received: android.intent.action.ANY_DATA_STATE apnType=supl
D/MobileDataStateTracker( 1025): supl: Received state=CONNECTING, old=DISCONNECTED, reason=dataEnabled
D/MobileDataStateTracker( 1025): supl: setDetailed state, old =IDLE and new state=CONNECTING
I/ActivityManager( 1025): Start proc com.android.mms for broadcast com.android.mms/.transaction.MmsSystemEventReceiver: pid=23400 uid=10031 gids={50031, 3003, 1028, 1015}
W/ContextImpl( 1295): Calling a method in the system process without a qualified user: android.app.ContextImpl.sendBroadcast:1252 android.content.ContextWrapper.sendBroadcast:365 com.motorola.motocare.util.TriggerHelper$TriggerBuilder.send:76 com.motorola.motocare.internal.frameworkevents.ProcessKillTrigger.sendTrigger:147 com.motorola.motocare.internal.frameworkevents.ProcessKillTrigger.handleLmkKill:337 
W/ContextImpl( 1295): Calling a method in the system process without a qualified user: android.app.ContextImpl.sendBroadcast:1252 android.content.ContextWrapper.sendBroadcast:365 com.motorola.motocare.util.TriggerHelper$TriggerBuilder.send:76 com.motorola.motocare.internal.frameworkevents.ProcessKillTrigger.sendTrigger:147 com.motorola.motocare.internal.frameworkevents.ProcessKillTrigger.handleLmkKill:337 
W/ContextImpl( 1295): Calling a method in the system process without a qualified user: android.app.ContextImpl.sendBroadcast:1252 android.content.ContextWrapper.sendBroadcast:365 com.motorola.motocare.util.TriggerHelper$TriggerBuilder.send:76 com.motorola.motocare.internal.frameworkevents.ProcessKillTrigger.sendTrigger:147 com.motorola.motocare.internal.frameworkevents.ProcessKillTrigger.handleLmkKill:337 
I/ActivityManager( 1025): Process com.android.mms (pid 23400) has died.
W/ContextImpl( 1295): Calling a method in the system process without a qualified user: android.app.ContextImpl.sendBroadcast:1252 android.content.ContextWrapper.sendBroadcast:365 com.motorola.motocare.util.TriggerHelper$TriggerBuilder.send:76 com.motorola.motocare.internal.frameworkevents.PauseResumeTrigger.handleFrameworkEvent:53 com.motorola.motocare.internal.frameworkevents.FwEventMonitor$FrameworkListener.processFrameworkEvent:114 
W/ContextImpl( 1295): Calling a method in the system process without a qualified user: android.app.ContextImpl.startService:1608 android.content.ContextWrapper.startService:494 android.content.ContextWrapper.startService:494 com.motorola.motocare.internal.batterystats.BatteryStatsAction.onReceive:33 android.app.ActivityThread.handleReceiver:2434 
D/MobileDataStateTracker( 1025): supl: Broadcast received: android.intent.action.ANY_DATA_STATE apnType=supl
D/MobileDataStateTracker( 1025): supl: Received state=CONNECTING, old=CONNECTING, reason=(unspecified)
I/ActivityManager( 1025): Start proc com.android.mms for broadcast com.android.mms/.transaction.MmsSystemEventReceiver: pid=23446 uid=10031 gids={50031, 3003, 1028, 1015}
I/ActivityManager( 1025): Process com.android.mms (pid 23446) has died.
D/MobileDataStateTracker( 1025): supl: Broadcast received: android.intent.action.ANY_DATA_STATE apnType=supl
D/MobileDataStateTracker( 1025): supl: Received state=CONNECTED, old=CONNECTING, reason=connected
D/MobileDataStateTracker( 1025): supl: Unexpected mtu value: 0
D/MobileDataStateTracker( 1025): supl: Using FW overlay value config_mobile_mtu
D/MobileDataStateTracker( 1025): supl: setDetailed state, old =CONNECTING and new state=CONNECTED
D/ConnectivityService( 1025): ConnectivityChange for mobile_supl: CONNECTED/CONNECTED
D/ConnectivityService( 1025): Setting MTU size: rmnet0, 1410
D/NetworkManagementService( 1025): Enter setMtu in NetworkManagementService
I/ActivityManager( 1025): Start proc com.android.mms for broadcast com.android.mms/.transaction.MmsSystemEventReceiver: pid=23490 uid=10031 gids={50031, 3003, 1028, 1015}
D/NetworkManagementService( 1025): interface rmnet0setmtu 1410
E/ConnectivityService( 1025): Exception trying to remove a route: java.lang.IllegalStateException: command '69090 interface route remove rmnet0 default 0.0.0.0 0 100.64.149.38' failed with '400 69090 Failed to remove route from default table (No such process)'
D/Nat464Xlat( 1025): requiresClat: netType=3, hasIPv4Address=true
D/MobileDataStateTracker( 1025): default: setPolicyDataEnable(enabled=true)
D/MobileDataStateTracker( 1025): default: setPolicyDataEnable(enabled=true)
I/ActivityManager( 1025): Process com.android.mms (pid 23490) has died.
V/AlarmManager( 1025): sending alarm Alarm{422560b0 type 2 com.facebook.orca}
V/AlarmManager( 1025): sending alarm Alarm{4223e5f8 type 0 com.facebook.orca}
V/AlarmManager( 1025): sending alarm Alarm{42236dd8 type 2 com.android.keyguard}
E/ActivityThread(18647): Failed to find provider info for com.motorola.blur.setupprovider
D/ConnectivityService( 1025): requestRouteToHostAddress ok=true
I/openssl (22770): Crypto mode not selected, openssl will run on its regular mode.
I/openssl (22770): Crypto mode 0 already enabled
I/ActivityManager( 1025): Start proc com.android.mms for broadcast com.android.mms/.transaction.MmsSystemEventReceiver: pid=23592 uid=10031 gids={50031, 3003, 1028, 1015}
I/ActivityManager( 1025): Start proc com.google.android.setupwizard for broadcast com.google.android.setupwizard/.MobileConnectivityChangeReceiver: pid=23615 uid=10042 gids={50042, 3003}
I/ActivityManager( 1025): Process com.facebook.orca (pid 23017) has died.
W/ActivityManager( 1025): Scheduling restart of crashed service com.facebook.orca/com.facebook.push.mqtt.service.MqttPushService in 1000ms
I/ActivityManager( 1025): Start proc com.google.android.apps.magazines for broadcast com.google.android.apps.magazines/com.google.apps.dots.android.newsstand.appwidget.NewsWidgetProvider: pid=23630 uid=10077 gids={50077, 3003, 1028, 1015}
W/Vold    (  261): Returning OperationFailed - no handler for errno 30
W/Vold    (  261): Returning OperationFailed - no handler for errno 30
W/Vold    (  261): Returning OperationFailed - no handler for errno 30
W/Vold    (  261): Returning OperationFailed - no handler for errno 30
I/ActivityManager( 1025): Process com.android.mms (pid 23592) has died.
D/ConnectivityService( 1025): handleInetConditionHoldEnd: net=1, condition=100, published condition=100
I/ActivityManager( 1025): Start proc com.google.android.talk for broadcast com.google.android.talk/com.google.android.apps.hangouts.service.NetworkStateReceiver: pid=23689 uid=10071 gids={50071, 3003, 1028, 1015, 3002}
I/ActivityManager( 1025): Process com.google.android.setupwizard (pid 23615) has died.
I/ActivityManager( 1025): Process com.google.android.apps.magazines (pid 23630) has died.
I/ActivityManager( 1025): Start proc com.google.android.gms.unstable for service com.google.android.gms/.droidguard.DroidGuardService: pid=23701 uid=10022 gids={50022, 3003, 1007, 1028, 1015, 3002, 3001, 3007, 2001, 3006}
I/ActivityManager( 1025): Start proc com.facebook.orca for service com.facebook.orca/com.facebook.push.mqtt.service.MqttPushService: pid=23731 uid=10147 gids={50147, 3003, 1028, 1015}
I/ActivityManager( 1025): Start proc com.android.chrome for broadcast com.android.chrome/com.google.android.apps.chrome.precache.PrecacheServiceLauncher: pid=23745 uid=10057 gids={50057, 3003, 1028, 1015}
W/AppOps  ( 1025): Bad call: specified package qcamera under uid 1013 but it is really -1
W/AppOps  ( 1025): Bad call: specified package qcamera under uid 1013 but it is really -1
W/AppOps  ( 1025): Bad call: specified package qcamera under uid 1013 but it is really -1
W/AppOps  ( 1025): Bad call: specified package qcamera under uid 1013 but it is really -1
I/ActivityManager( 1025): Process com.google.android.talk (pid 23689) has died.
W/ActivityManager( 1025): Service ServiceRecord{427ffeb8 u0 com.google.android.talk/com.google.android.libraries.hangouts.video.CallService} in process ProcessRecord{43209db0 23689:com.google.android.talk/u0a71} not same as in map: null
I/ActivityManager( 1025): Process com.android.chrome (pid 23745) has died.
W/BroadcastQueue( 1025): Permission Denial: broadcasting Intent { act=android.net.conn.INET_CONDITION_ACTION flg=0x4000010 (has extras) } from null (pid=-1, uid=-1) requires com.facebook.permission.prod.FB_APP_COMMUNICATION due to registered receiver BroadcastFilter{42061e50 u0 ReceiverList{4213ec80 23731 com.facebook.orca/10147/u0 remote:428bff18}}
W/BroadcastQueue( 1025): Permission Denial: broadcasting Intent { act=android.net.conn.CONNECTIVITY_CHANGE flg=0x4000010 (has extras) } from null (pid=-1, uid=-1) requires com.facebook.permission.prod.FB_APP_COMMUNICATION due to registered receiver BroadcastFilter{42061e50 u0 ReceiverList{4213ec80 23731 com.facebook.orca/10147/u0 remote:428bff18}}
I/ActivityManager( 1025): Process com.google.android.gms.unstable (pid 23701) has died.
W/ActivityManager( 1025): Scheduling restart of crashed service com.google.android.gms/.droidguard.DroidGuardService in 1000ms
W/BroadcastQueue( 1025): Permission Denial: broadcasting Intent { act=android.net.conn.CONNECTIVITY_CHANGE flg=0x4000010 (has extras) } from null (pid=-1, uid=-1) requires com.facebook.permission.prod.FB_APP_COMMUNICATION due to registered receiver BroadcastFilter{438fb4a0 u0 ReceiverList{438fb460 23731 com.facebook.orca/10147/u0 remote:4391a3e8}}
I/ActivityManager( 1025): Process com.viber.voip (pid 23311) has died.
W/ActivityManager( 1025): Scheduling restart of crashed service com.viber.voip/com.viber.service.VoipConnectorService in 324240ms
W/ActivityManager( 1025): Scheduling restart of crashed service com.viber.voip/.api.billing.InAppBillingService in 669744ms
I/ActivityManager( 1025): Start proc com.google.android.talk for broadcast com.google.android.talk/com.google.android.apps.hangouts.phone.PackageReplacedReceiver: pid=23865 uid=10071 gids={50071, 3003, 1028, 1015, 3002}
I/PackageManager( 1025): Adding preferred activity ComponentInfo{com.android.mms/com.android.mms.ui.ComposeMessageActivity} for user 0 :
I/PackageManager( 1025): Adding preferred activity ComponentInfo{com.android.mms/com.android.mms.ui.ComposeMessageActivity} for user 0 :
I/PackageManager( 1025): Adding preferred activity ComponentInfo{com.android.mms/com.android.mms.ui.ComposeMessageActivity} for user 0 :
I/PackageManager( 1025): Adding preferred activity ComponentInfo{com.android.mms/com.android.mms.ui.ComposeMessageActivity} for user 0 :
I/PackageManager( 1025): Adding preferred activity ComponentInfo{com.android.mms/com.android.mms.ui.ComposeMessageActivity} for user 0 :
I/PackageManager( 1025): Adding preferred activity ComponentInfo{com.android.mms/com.android.mms.ui.ComposeMessageActivity} for user 0 :
I/PackageManager( 1025): Adding preferred activity ComponentInfo{com.android.mms/com.android.mms.ui.ComposeMessageActivity} for user 0 :
I/PackageManager( 1025): Adding preferred activity ComponentInfo{com.android.mms/com.android.mms.ui.ComposeMessageActivity} for user 0 :
I/ActivityManager( 1025): Start proc com.google.android.googlequicksearchbox:search for broadcast com.google.android.googlequicksearchbox/com.google.android.search.core.GooglePlayServicesHelper$GmsPackageWatcher: pid=23910 uid=10045 gids={50045, 3003, 3001, 1028, 3002, 1015}
W/AppOps  ( 1025): Bad call: specified package qcamera under uid 1013 but it is really -1
W/AppOps  ( 1025): Bad call: specified package qcamera under uid 1013 but it is really -1
W/AppOps  ( 1025): Bad call: specified package qcamera under uid 1013 but it is really -1
W/AppOps  ( 1025): Bad call: specified package qcamera under uid 1013 but it is really -1
I/ActivityManager( 1025): Process com.google.android.talk (pid 23865) has died.
W/ActivityManager( 1025): Service ServiceRecord{42807888 u0 com.google.android.talk/com.google.android.libraries.hangouts.video.CallService} in process ProcessRecord{434fa488 23865:com.google.android.talk/u0a71} not same as in map: null
I/ActivityManager( 1025): Start proc com.google.android.partnersetup for content provider com.google.android.partnersetup/.RlzAppProvider: pid=23936 uid=10025 gids={50025, 3003}
I/ActivityManager( 1025): Start proc com.android.vending for broadcast com.android.vending/com.google.android.finsky.receivers.PackageMonitorReceiver$RegisteredReceiver: pid=23951 uid=10039 gids={50039, 3003, 1028, 1015}
I/ActivityManager( 1025): Process com.google.android.googlequicksearchbox:search (pid 23910) has died.
I/ActivityManager( 1025): Process com.google.android.partnersetup (pid 23936) has died.
D/WifiService( 1025): acquireWifiLockLocked: WifiLock{NlpWifiLock type=2 binder=android.os.BinderProxy@4306ace8}
I/ActivityManager( 1025): Process com.android.vending (pid 23951) has died.
I/ActivityManager( 1025): Start proc com.motorola.MotGallery2 for broadcast com.motorola.MotGallery2/com.android.gallery3d.app.PackagesMonitor: pid=24008 uid=10034 gids={50034, 3003, 1028, 1015}
I/ActivityManager( 1025): Start proc com.google.android.googlequicksearchbox:search for broadcast com.google.android.googlequicksearchbox/com.google.android.search.core.icingsync.IcingCorporaChangedReceiver: pid=24025 uid=10045 gids={50045, 3003, 3001, 1028, 3002, 1015}
I/ActivityManager( 1025): Process com.motorola.MotGallery2 (pid 24008) has died.
I/ActivityManager( 1025): Start proc com.google.android.partnersetup for content provider com.google.android.partnersetup/.RlzAppProvider: pid=24046 uid=10025 gids={50025, 3003}
D/WifiService( 1025): releaseWifiLockLocked: WifiLock{NlpWifiLock type=2 binder=android.os.BinderProxy@4306ace8}
I/ActivityManager( 1025): Process com.google.android.googlequicksearchbox:search (pid 24025) has died.
I/ActivityManager( 1025): Process com.google.android.partnersetup (pid 24046) has died.
V/AlarmManager( 1025): sending alarm Alarm{42e0d388 type 3 android}
V/AlarmManager( 1025): sending alarm Alarm{42e0d448 type 2 com.facebook.orca}
V/AlarmManager( 1025): sending alarm Alarm{4306f370 type 2 com.google.android.talk}
V/AlarmManager( 1025): sending alarm Alarm{4306f3c0 type 2 com.google.android.talk}
V/AlarmManager( 1025): sending alarm Alarm{4306f410 type 2 com.google.android.talk}
V/AlarmManager( 1025): sending alarm Alarm{43089d60 type 2 com.google.android.gms}
V/AlarmManager( 1025): sending alarm Alarm{43089db0 type 3 com.devexpert.weather}
V/AlarmManager( 1025): sending alarm Alarm{43089e00 type 2 com.google.android.talk}
I/ActivityManager( 1025): Start proc com.devexpert.weather for broadcast com.devexpert.weather/.view.WidgetWeather2x1: pid=24080 uid=10112 gids={50112, 3003, 1028, 1015}
I/ActivityManager( 1025): Process com.devexpert.weather (pid 24080) has died.
D/ConnectivityService( 1025): stopUsingNetworkFeature: teardown net 0: enableSUPL
D/MobileDataStateTracker( 1025): supl: Broadcast received: android.intent.action.ANY_DATA_STATE apnType=supl
D/MobileDataStateTracker( 1025): supl: Received state=DISCONNECTED, old=CONNECTED, reason=dataDisabled
D/MobileDataStateTracker( 1025): supl: setDetailed state, old =CONNECTED and new state=DISCONNECTED
D/ConnectivityService( 1025): ConnectivityChange for mobile_supl: DISCONNECTED/DISCONNECTED
I/ActivityManager( 1025): Start proc com.android.mms for broadcast com.android.mms/.transaction.MmsSystemEventReceiver: pid=24111 uid=10031 gids={50031, 3003, 1028, 1015}
W/FrameworkListener(  270): Handler 'interface' error (No such device)
W/FrameworkListener(  270): Handler 'interface' error (No such device)
D/ConnectivityService( 1025): resetConnections(rmnet0, 3)
D/Nat464Xlat( 1025): requiresClat: netType=3, hasIPv4Address=true
D/MobileDataStateTracker( 1025): default: setPolicyDataEnable(enabled=true)
D/MobileDataStateTracker( 1025): default: setPolicyDataEnable(enabled=true)
D/MobileDataStateTracker( 1025): default: setPolicyDataEnable(enabled=true)
D/MobileDataStateTracker( 1025): default: setPolicyDataEnable(enabled=true)
I/ActivityManager( 1025): Process com.android.mms (pid 24111) has died.
E/ActivityThread(18647): Failed to find provider info for com.motorola.blur.setupprovider
I/openssl (22770): Crypto mode not selected, openssl will run on its regular mode.
I/openssl (22770): Crypto mode 0 already enabled
E/ActivityThread(18647): Failed to find provider info for com.motorola.blur.setupprovider
I/ActivityManager( 1025): Start proc com.android.mms for broadcast com.android.mms/.transaction.MmsSystemEventReceiver: pid=24193 uid=10031 gids={50031, 3003, 1028, 1015}
I/ActivityManager( 1025): Start proc com.google.android.setupwizard for broadcast com.google.android.setupwizard/.MobileConnectivityChangeReceiver: pid=24214 uid=10042 gids={50042, 3003}
I/ActivityManager( 1025): Start proc com.google.android.apps.magazines for broadcast com.google.android.apps.magazines/com.google.apps.dots.android.newsstand.appwidget.NewsWidgetProvider: pid=24230 uid=10077 gids={50077, 3003, 1028, 1015}
I/ActivityManager( 1025): Process com.android.mms (pid 24193) has died.
W/Vold    (  261): Returning OperationFailed - no handler for errno 30
W/Vold    (  261): Returning OperationFailed - no handler for errno 30
I/ActivityManager( 1025): Process com.google.android.setupwizard (pid 24214) has died.
W/Vold    (  261): Returning OperationFailed - no handler for errno 30
W/Vold    (  261): Returning OperationFailed - no handler for errno 30
I/ActivityManager( 1025): Start proc com.google.android.gms.unstable for service com.google.android.gms/.droidguard.DroidGuardService: pid=24248 uid=10022 gids={50022, 3003, 1007, 1028, 1015, 3002, 3001, 3007, 2001, 3006}
D/ConnectivityService( 1025): handleInetConditionHoldEnd: net=1, condition=100, published condition=100
I/ActivityManager( 1025): Start proc com.google.android.talk for broadcast com.google.android.talk/com.google.android.apps.hangouts.service.NetworkStateReceiver: pid=24298 uid=10071 gids={50071, 3003, 1028, 1015, 3002}
I/ActivityManager( 1025): Start proc com.android.chrome for broadcast com.android.chrome/com.google.android.apps.chrome.precache.PrecacheServiceLauncher: pid=24330 uid=10057 gids={50057, 3003, 1028, 1015}
W/AppOps  ( 1025): Bad call: specified package qcamera under uid 1013 but it is really -1
W/AppOps  ( 1025): Bad call: specified package qcamera under uid 1013 but it is really -1
W/AppOps  ( 1025): Bad call: specified package qcamera under uid 1013 but it is really -1
W/AppOps  ( 1025): Bad call: specified package qcamera under uid 1013 but it is really -1
I/ActivityManager( 1025): Process com.google.android.apps.magazines (pid 24230) has died.
I/ActivityManager( 1025): Process com.google.android.talk (pid 24298) has died.
W/ActivityManager( 1025): Service ServiceRecord{4420cae0 u0 com.google.android.talk/com.google.android.libraries.hangouts.video.CallService} in process ProcessRecord{427c11d8 24298:com.google.android.talk/u0a71} not same as in map: null
I/openssl (22770): Crypto mode not selected, openssl will run on its regular mode.
I/openssl (22770): Crypto mode 0 already enabled
