W/dalvikvm( 2747): VFY: unable to resolve virtual method 6387: Landroid/webkit/CookieManager;.setAcceptThirdPartyCookies (Landroid/webkit/WebView;Z)V
D/dalvikvm( 2747): VFY: replacing opcode 0x6e at 0x002a
V/WebViewChromiumFactoryProvider( 2747): Binding Chromium to main looper Looper (main, tid 1) {41fa9fa0}
I/LibraryLoader( 2747): Expected native library version number "",actual native library version number ""
I/chromium( 2747): [INFO:library_loader_hooks.cc(116)] Chromium logging enabled: level = 0, default verbosity = 0
I/BrowserStartupController( 2747): Initializing chromium process, renderers=0
E/AudioManagerAndroid( 2747): BLUETOOTH permission is missing!
W/SyncWapiModule( 2719): isPlayServicesEnabled=
W/SyncWapiModule( 2719): isPlayServicesEnabled=
I/Adreno-EGL( 2747): <qeglDrvAPI_eglInitialize:410>: EGL 1.4 QUALCOMM build: AU_LINUX_ANDROID_LNX.LA.3.5.1_RB1.04.04.02.048.018_msm8226_LNX.LA.3.5.1_RB1__release_AU ()
I/Adreno-EGL( 2747): OpenGL ES Shader Compiler Version: E031.24.00.08
I/Adreno-EGL( 2747): Build Date: 03/07/14 Fri
I/Adreno-EGL( 2747): Local Branch: 
I/Adreno-EGL( 2747): Remote Branch: quic/LNX.LA.3.5.1_RB1.1
I/Adreno-EGL( 2747): Local Patches: NONE
I/Adreno-EGL( 2747): Reconstruct Branch: AU_LINUX_ANDROID_LNX.LA.3.5.1_RB1.04.04.02.048.018 + f2fd134 +  NOTHING
W/chromium( 2747): [WARNING:proxy_service.cc(890)] PAC support disabled because there is no system implementation
D/CordovaActivity( 2747): CordovaActivity.createViews()
W/dalvikvm( 2747): VFY: unable to find class referenced in signature (Landroid/webkit/ClientCertRequest;)
W/dalvikvm( 2747): VFY: unable to find class referenced in signature (Landroid/webkit/ClientCertRequest;)
I/dalvikvm( 2747): Could not find method android.webkit.WebViewClient.onReceivedClientCertRequest, referenced from method org.apache.cordova.CordovaWebViewClient.onReceivedClientCertRequest
W/dalvikvm( 2747): VFY: unable to resolve virtual method 6462: Landroid/webkit/WebViewClient;.onReceivedClientCertRequest (Landroid/webkit/WebView;Landroid/webkit/ClientCertRequest;)V
D/dalvikvm( 2747): VFY: replacing opcode 0x6f at 0x001c
I/ActivityManager( 1025): Start proc com.motorola.MotGallery2 for broadcast com.motorola.MotGallery2/com.android.gallery3d.app.PackagesMonitor: pid=2787 uid=10034 gids={50034, 3003, 1028, 1015}
I/dalvikvm( 2747): Could not find method android.webkit.WebChromeClient$FileChooserParams.createIntent, referenced from method org.apache.cordova.CordovaChromeClient.onShowFileChooser
W/dalvikvm( 2747): VFY: unable to resolve virtual method 6406: Landroid/webkit/WebChromeClient$FileChooserParams;.createIntent ()Landroid/content/Intent;
D/dalvikvm( 2747): VFY: replacing opcode 0x6e at 0x0000
F/ProcessStats( 1025): Starting service ServiceState{42abda10 com.cleanmaster.fm.service.BackgroundService pkg=com.rhmsoft.fm proc=42abda10} without owner
D/PluginManager( 2747): init()
D/CordovaWebView( 2747): CordovaWebView is running on device made by: motorola
F/ProcessStats( 1025): Starting service ServiceState{42a5c010 com.viber.voip.api.billing.InAppBillingService pkg=com.viber.voip proc=42a5c010} without owner
F/ProcessStats( 1025): Starting service ServiceState{4210e678 com.viber.service.VoipConnectorService pkg=com.viber.voip proc=4210e678} without owner
F/ProcessStats( 1025): Starting service ServiceState{42c48c08 com.whatsapp.messaging.MessageService pkg=com.whatsapp proc=42c48c08} without owner
F/ProcessStats( 1025): Starting service ServiceState{43399718 com.paypal.android.p2pmobile.services.AtoService pkg=com.paypal.android.p2pmobile proc=43399718} without owner
F/ProcessStats( 1025): Starting service ServiceState{43231e48 com.paypal.android.p2pmobile.services.WalletService pkg=com.paypal.android.p2pmobile proc=43231e48} without owner
F/ProcessStats( 1025): Starting service ServiceState{422b0fe8 com.mobisystems.ubreader.launcher.service.NetworkService pkg=com.mobisystems.ubreader_west proc=422b0fe8} without owner
F/ProcessStats( 1025): Starting service ServiceState{428fdff0 com.facebook.push.mqtt.service.MqttPushService pkg=com.facebook.orca proc=428fdff0} without owner
W/GAV2    ( 2719): Thread[main,5,main]: Need to call initialize() and be in fallback mode to start dispatch.
I/ActivityManager( 1025): Process com.android.defcontainer (pid 2553) has died.
D/CordovaWebView( 2747): >>> loadUrl(file:///android_asset/www/index.html)
D/CordovaWebView( 2747): >>> loadUrlNow()
D/CordovaActivity( 2747): Resuming the App
F/ProcessStats( 1025): Starting service ServiceState{42abda10 com.cleanmaster.fm.service.BackgroundService pkg=com.rhmsoft.fm proc=42abda10} without owner
F/ProcessStats( 1025): Starting service ServiceState{42a5c010 com.viber.voip.api.billing.InAppBillingService pkg=com.viber.voip proc=42a5c010} without owner
F/ProcessStats( 1025): Starting service ServiceState{4210e678 com.viber.service.VoipConnectorService pkg=com.viber.voip proc=4210e678} without owner
F/ProcessStats( 1025): Starting service ServiceState{42c48c08 com.whatsapp.messaging.MessageService pkg=com.whatsapp proc=42c48c08} without owner
F/ProcessStats( 1025): Starting service ServiceState{43399718 com.paypal.android.p2pmobile.services.AtoService pkg=com.paypal.android.p2pmobile proc=43399718} without owner
F/ProcessStats( 1025): Starting service ServiceState{43231e48 com.paypal.android.p2pmobile.services.WalletService pkg=com.paypal.android.p2pmobile proc=43231e48} without owner
F/ProcessStats( 1025): Starting service ServiceState{422b0fe8 com.mobisystems.ubreader.launcher.service.NetworkService pkg=com.mobisystems.ubreader_west proc=422b0fe8} without owner
F/ProcessStats( 1025): Starting service ServiceState{428fdff0 com.facebook.push.mqtt.service.MqttPushService pkg=com.facebook.orca proc=428fdff0} without owner
D/AudioManagerAndroid( 2747): ==> onReceive: s=0, m=1, n=h2w, sb=true
D/AudioManagerAndroid( 2747): reportUpdate: state=0, devices=[Speakerphone, Headset earpiece]
D/SoftKeyboardDetect( 2747): Ignore this event
D/OpenGLRenderer( 2747): Enabling debug mode 0
D/dalvikvm( 1225): GC_EXPLICIT freed 496K, 46% free 9453K/17224K, paused 4ms+9ms, total 96ms
I/ActivityManager( 1025): Start proc com.google.android.googlequicksearchbox:search for broadcast com.google.android.googlequicksearchbox/com.google.android.search.core.icingsync.IcingCorporaChangedReceiver: pid=2828 uid=10045 gids={50045, 3003, 3001, 1028, 3002, 1015}
I/ActivityManager( 1025): Process com.android.keychain (pid 2702) has died.
D/dalvikvm(  275): GC_EXPLICIT freed 43K, 48% free 9011K/17224K, paused 1ms+3ms, total 22ms
D/WifiStateMachine( 1025): handleMessage: E msg.what=151572
D/WifiStateMachine( 1025): processMsg: ConnectedState
D/WifiStateMachine( 1025): processMsg: L2ConnectedState
D/SoftKeyboardDetect( 2747): Ignore this event
D/dalvikvm(  275): GC_EXPLICIT freed <1K, 48% free 9011K/17224K, paused 1ms+3ms, total 21ms
I/LaunchCheckinHandler( 1025): Displayed co.giftmeapp.gift_me/.GiftMe,cp,ca,829
I/ActivityManager( 1025): Displayed co.giftmeapp.gift_me/.GiftMe: +829ms
D/WifiStateMachine( 1025): handleMessage: X
D/dalvikvm(  275): GC_EXPLICIT freed <1K, 48% free 9011K/17224K, paused 2ms+4ms, total 20ms
E/rsC++   ( 2517): RS Message thread exiting.
D/WifiStateMachine( 1025): handleMessage: E msg.what=131155
D/WifiStateMachine( 1025): processMsg: ConnectedState
D/WifiStateMachine( 1025): processMsg: L2ConnectedState
D/WifiStateMachine( 1025): handleMessage: X
W/GAV2    ( 2719): Thread[main,5,main]: dispatch call queued.  Need to call GAServiceManager.getInstance().initialize().
F/ProcessStats( 1025): Starting service ServiceState{42abda10 com.cleanmaster.fm.service.BackgroundService pkg=com.rhmsoft.fm proc=42abda10} without owner
F/ProcessStats( 1025): Starting service ServiceState{42a5c010 com.viber.voip.api.billing.InAppBillingService pkg=com.viber.voip proc=42a5c010} without owner
F/ProcessStats( 1025): Starting service ServiceState{4210e678 com.viber.service.VoipConnectorService pkg=com.viber.voip proc=4210e678} without owner
I/SFPerfTracer(  274):      triggers: (rate: 1256:50046) (compose: 0:251) (post: 0:21) (render: 87:10608) (7:787353 frames) (8:3321011)
D/SFPerfTracer(  274):        layers: (4:11) (DimLayer: 0:158)* (DimLayer: 0:134)* (FocusedStackFrame: 1:22005)* (StatusBar: 0:266363) (NavigationBar: 0:204508) (DimLayer: 0:25244)* (DimLayer: 0:4819)* (com.android.wallpaper.fall.FallWallpaper: 0:11448)* (com.android.packageinstaller/com.android.packageinstaller.InstallAppProgress: 0:179)* (Starting co.giftmeapp.gift_me: 8:36) (co.giftmeapp.gift_me/co.giftmeapp.gift_me.GiftMe: 1:11) 
F/ProcessStats( 1025): Starting service ServiceState{42c48c08 com.whatsapp.messaging.MessageService pkg=com.whatsapp proc=42c48c08} without owner
F/ProcessStats( 1025): Starting service ServiceState{43399718 com.paypal.android.p2pmobile.services.AtoService pkg=com.paypal.android.p2pmobile proc=43399718} without owner
F/ProcessStats( 1025): Starting service ServiceState{43231e48 com.paypal.android.p2pmobile.services.WalletService pkg=com.paypal.android.p2pmobile proc=43231e48} without owner
F/ProcessStats( 1025): Starting service ServiceState{422b0fe8 com.mobisystems.ubreader.launcher.service.NetworkService pkg=com.mobisystems.ubreader_west proc=422b0fe8} without owner
F/ProcessStats( 1025): Starting service ServiceState{428fdff0 com.facebook.push.mqtt.service.MqttPushService pkg=com.facebook.orca proc=428fdff0} without owner
I/ActivityManager( 1025): Process com.android.vending (pid 2579) has died.
F/ProcessStats( 1025): Starting service ServiceState{42abda10 com.cleanmaster.fm.service.BackgroundService pkg=com.rhmsoft.fm proc=42abda10} without owner
F/ProcessStats( 1025): Starting service ServiceState{42a5c010 com.viber.voip.api.billing.InAppBillingService pkg=com.viber.voip proc=42a5c010} without owner
F/ProcessStats( 1025): Starting service ServiceState{4210e678 com.viber.service.VoipConnectorService pkg=com.viber.voip proc=4210e678} without owner
F/ProcessStats( 1025): Starting service ServiceState{42c48c08 com.whatsapp.messaging.MessageService pkg=com.whatsapp proc=42c48c08} without owner
F/ProcessStats( 1025): Starting service ServiceState{43399718 com.paypal.android.p2pmobile.services.AtoService pkg=com.paypal.android.p2pmobile proc=43399718} without owner
F/ProcessStats( 1025): Starting service ServiceState{43231e48 com.paypal.android.p2pmobile.services.WalletService pkg=com.paypal.android.p2pmobile proc=43231e48} without owner
F/ProcessStats( 1025): Starting service ServiceState{422b0fe8 com.mobisystems.ubreader.launcher.service.NetworkService pkg=com.mobisystems.ubreader_west proc=422b0fe8} without owner
F/ProcessStats( 1025): Starting service ServiceState{428fdff0 com.facebook.push.mqtt.service.MqttPushService pkg=com.facebook.orca proc=428fdff0} without owner
I/ActivityManager( 1025): Start proc com.evernote for broadcast com.evernote/.util.WidgetTracker: pid=2844 uid=10134 gids={50134, 3003, 1028, 1015}
F/ProcessStats( 1025): Starting service ServiceState{42abda10 com.cleanmaster.fm.service.BackgroundService pkg=com.rhmsoft.fm proc=42abda10} without owner
F/ProcessStats( 1025): Starting service ServiceState{42a5c010 com.viber.voip.api.billing.InAppBillingService pkg=com.viber.voip proc=42a5c010} without owner
F/ProcessStats( 1025): Starting service ServiceState{4210e678 com.viber.service.VoipConnectorService pkg=com.viber.voip proc=4210e678} without owner
F/ProcessStats( 1025): Starting service ServiceState{42c48c08 com.whatsapp.messaging.MessageService pkg=com.whatsapp proc=42c48c08} without owner
F/ProcessStats( 1025): Starting service ServiceState{43399718 com.paypal.android.p2pmobile.services.AtoService pkg=com.paypal.android.p2pmobile proc=43399718} without owner
D/CordovaWebViewClient( 2747): onPageStarted(file:///android_asset/www/index.html)
D/CordovaActivity( 2747): onMessage(onPageStarted,file:///android_asset/www/index.html)
F/ProcessStats( 1025): Starting service ServiceState{43231e48 com.paypal.android.p2pmobile.services.WalletService pkg=com.paypal.android.p2pmobile proc=43231e48} without owner
F/ProcessStats( 1025): Starting service ServiceState{422b0fe8 com.mobisystems.ubreader.launcher.service.NetworkService pkg=com.mobisystems.ubreader_west proc=422b0fe8} without owner
F/ProcessStats( 1025): Starting service ServiceState{428fdff0 com.facebook.push.mqtt.service.MqttPushService pkg=com.facebook.orca proc=428fdff0} without owner
I/ActivityManager( 1025): Process com.google.android.apps.docs (pid 2719) has died.
F/ProcessStats( 1025): Starting service ServiceState{42abda10 com.cleanmaster.fm.service.BackgroundService pkg=com.rhmsoft.fm proc=42abda10} without owner
F/ProcessStats( 1025): Starting service ServiceState{42a5c010 com.viber.voip.api.billing.InAppBillingService pkg=com.viber.voip proc=42a5c010} without owner
F/ProcessStats( 1025): Starting service ServiceState{4210e678 com.viber.service.VoipConnectorService pkg=com.viber.voip proc=4210e678} without owner
F/ProcessStats( 1025): Starting service ServiceState{42c48c08 com.whatsapp.messaging.MessageService pkg=com.whatsapp proc=42c48c08} without owner
F/ProcessStats( 1025): Starting service ServiceState{43399718 com.paypal.android.p2pmobile.services.AtoService pkg=com.paypal.android.p2pmobile proc=43399718} without owner
F/ProcessStats( 1025): Starting service ServiceState{43231e48 com.paypal.android.p2pmobile.services.WalletService pkg=com.paypal.android.p2pmobile proc=43231e48} without owner
F/ProcessStats( 1025): Starting service ServiceState{422b0fe8 com.mobisystems.ubreader.launcher.service.NetworkService pkg=com.mobisystems.ubreader_west proc=422b0fe8} without owner
F/ProcessStats( 1025): Starting service ServiceState{428fdff0 com.facebook.push.mqtt.service.MqttPushService pkg=com.facebook.orca proc=428fdff0} without owner
I/MultiDex( 2844): VM with version 1.6.0 does not have multidex support
I/MultiDex( 2844): install
I/MultiDex( 2844): MultiDexExtractor.load(/data/app/com.evernote-1.apk, false)
I/MultiDex( 2844): loading existing secondary dex files
I/MultiDex( 2844): load found 0 secondary dex files
I/MultiDex( 2844): install done
D/JsMessageQueue( 2747): Set native->JS mode to OnlineEventsBridgeMode
D/Ulp_jni ( 1025): Location CB invoked
D/EN      ( 2844): MemoryMapAppender.ctor()
D/EN      ( 2844): MemoryMapAppender.ctor-end()
D/EN      ( 2844): [EvernoteProvider] - Provider+++++onCreate()
D/EN      ( 2844): [d] - AccountManager()::userIds=102703026
D/EN      ( 2844): [b] - creating new AccountInfo()::userId102703026
D/EN      ( 2844): [d] - AccountManager()::adding account::102703026::timcallagy
D/EN      ( 2844): [d] - AccountManager()::count=1
D/WifiStateMachine( 1025): handleMessage: E msg.what=151572
D/WifiStateMachine( 1025): processMsg: ConnectedState
D/WifiStateMachine( 1025): processMsg: L2ConnectedState
D/EN      ( 2844): [d] - initialized:
D/EN      ( 2844): [a] - getInstance()::
D/EN      ( 2844): [al] - Register SD Card Receiver ++++++++++++++++++++
D/WifiStateMachine( 1025): handleMessage: X
D/EN      ( 2844): [al] - checkForRecentUnmount() end
D/EN      ( 2844): [a] - locale is set=en_GB
D/EN      ( 2844): [a] - isDBONSDcard()=true
I/EN      ( 2844): [al] - getSDCardStatus()::mounted::noStorageText=null
D/EN      ( 2844): [a] - isDBFileChanged()::lastFilePath in pref=/data/data/com.evernote/files/user-102703026/.external-1428259012787-Evernote.db
E/EN      ( 2844): [a] - isDBFileChanged()::+++++++++lastFilePath exists/data/data/com.evernote/files/user-102703026/.external-1428259012787-Evernote.db
D/EN      ( 2844): [a] - getInstance()::DBFile NOT Changed
D/EN      ( 2844): [a] - isDBONSDcard()=true
D/EN      ( 2844): [a] - moveToSDcard()::start::Evernote.DB_ON_SDCARD=true
D/EN      ( 2844): [a] - isDBONSDcard()=true
E/EN      ( 2844): [a] - isLastDBFileOnSDCard()::+++++++++++lastFilePath exists/data/data/com.evernote/files/user-102703026/.external-1428259012787-Evernote.db
D/EN      ( 2844): [a] - isDBONSDcard()=true
D/EN      ( 2844): [a] - getDBfilePath()::++++++++++++++++lastFilePath from preferences/data/data/com.evernote/files/user-102703026/.external-1428259012787-Evernote.db
E/EN      ( 2844): [a] - getDBfilePath()::++++++++++++++++lastFilePath exists/data/data/com.evernote/files/user-102703026/.external-1428259012787-Evernote.db
D/EN      ( 2844): [EvernoteProvider] - cleanupOldThumbnailsIfNeeded()
I/ReleaseProperties( 2844): Current app is: evernote
I/ReleaseProperties( 2844): propFile: release is now loaded
I/ReleaseProperties( 2844): propFile: play is now loaded
I/ReleaseProperties( 2844): propFile: base is now loaded
I/ReleaseProperties( 2844): propFile: override is now loaded
D/MarketUtils( 2844): isPackageInstalled() - com.android.vending is installed
D/MarketUtils( 2844): isPackageInstalled() - com.android.vending is installed
D/MarketUtils( 2844): isPackageInstalled() - com.android.vending is installed
D/ReleaseProperties( 2844): getReferralPersistencePath():: old=false:: path=/storage/emulated/0/.enref
D/MarketUtils( 2844): isPackageInstalled() - com.android.vending is installed
I/ReleaseProperties( 2844): ReleaseProperties: 
I/ReleaseProperties( 2844):   bundleName=google-play
I/ReleaseProperties( 2844):   revision=AM_702_524
I/ReleaseProperties( 2844):   type=public
I/ReleaseProperties( 2844):   gitHash=313f54a11431af98d659728265b72cfcf9ec527e
I/ReleaseProperties( 2844):   baseSearchUri=market://search?q=
D/MarketUtils( 2844): isPackageInstalled() - com.android.vending is installed
D/MarketUtils( 2844): isPackageInstalled() - com.android.vending is installed
I/ReleaseProperties( 2844): From file referralCode=android
D/EN      ( 2844): [a] - isDBONSDcard()=true
D/EN      ( 2844): [Evernote] - VERSION_CODE: 1070243
D/MarketUtils( 2844): isPackageInstalled() - com.android.vending is installed
D/MarketUtils( 2844): isPackageInstalled() - com.android.vending is installed
I/dalvikvm( 2844): Could not find method android.content.pm.PackageManager.getActivityBanner, referenced from method com.evernote.d.b.getActivityBanner
W/dalvikvm( 2844): VFY: unable to resolve virtual method 793: Landroid/content/pm/PackageManager;.getActivityBanner (Landroid/content/ComponentName;)Landroid/graphics/drawable/Drawable;
D/dalvikvm( 2844): VFY: replacing opcode 0x6e at 0x0002
I/dalvikvm( 2844): Could not find method android.content.pm.PackageManager.getActivityBanner, referenced from method com.evernote.d.b.getActivityBanner
W/dalvikvm( 2844): VFY: unable to resolve virtual method 794: Landroid/content/pm/PackageManager;.getActivityBanner (Landroid/content/Intent;)Landroid/graphics/drawable/Drawable;
D/dalvikvm( 2844): VFY: replacing opcode 0x6e at 0x0002
I/dalvikvm( 2844): Could not find method android.content.pm.PackageManager.getApplicationBanner, referenced from method com.evernote.d.b.getApplicationBanner
W/dalvikvm( 2844): VFY: unable to resolve virtual method 801: Landroid/content/pm/PackageManager;.getApplicationBanner (Landroid/content/pm/ApplicationInfo;)Landroid/graphics/drawable/Drawable;
D/dalvikvm( 2844): VFY: replacing opcode 0x6e at 0x0002
I/dalvikvm( 2844): Could not find method android.content.pm.PackageManager.getApplicationBanner, referenced from method com.evernote.d.b.getApplicationBanner
W/dalvikvm( 2844): VFY: unable to resolve virtual method 802: Landroid/content/pm/PackageManager;.getApplicationBanner (Ljava/lang/String;)Landroid/graphics/drawable/Drawable;
D/dalvikvm( 2844): VFY: replacing opcode 0x6e at 0x0002
I/dalvikvm( 2844): Could not find method android.content.pm.PackageManager.getLeanbackLaunchIntentForPackage, referenced from method com.evernote.d.b.getLeanbackLaunchIntentForPackage
W/dalvikvm( 2844): VFY: unable to resolve virtual method 818: Landroid/content/pm/PackageManager;.getLeanbackLaunchIntentForPackage (Ljava/lang/String;)Landroid/content/Intent;
D/dalvikvm( 2844): VFY: replacing opcode 0x6e at 0x0002
I/dalvikvm( 2844): Could not find method android.content.pm.PackageManager.getPackageInstaller, referenced from method com.evernote.d.b.getPackageInstaller
W/dalvikvm( 2844): VFY: unable to resolve virtual method 823: Landroid/content/pm/PackageManager;.getPackageInstaller ()Landroid/content/pm/PackageInstaller;
D/dalvikvm( 2844): VFY: replacing opcode 0x6e at 0x0002
I/dalvikvm( 2844): Could not find method android.content.pm.PackageManager.getUserBadgedDrawableForDensity, referenced from method com.evernote.d.b.getUserBadgedDrawableForDensity
W/dalvikvm( 2844): VFY: unable to resolve virtual method 839: Landroid/content/pm/PackageManager;.getUserBadgedDrawableForDensity (Landroid/graphics/drawable/Drawable;Landroid/os/UserHandle;Landroid/graphics/Rect;I)Landroid/graphics/drawable/Drawable;
D/dalvikvm( 2844): VFY: replacing opcode 0x6e at 0x0002
I/dalvikvm( 2844): Could not find method android.content.pm.PackageManager.getUserBadgedIcon, referenced from method com.evernote.d.b.getUserBadgedIcon
W/dalvikvm( 2844): VFY: unable to resolve virtual method 840: Landroid/content/pm/PackageManager;.getUserBadgedIcon (Landroid/graphics/drawable/Drawable;Landroid/os/UserHandle;)Landroid/graphics/drawable/Drawable;
D/dalvikvm( 2844): VFY: replacing opcode 0x6e at 0x0002
I/dalvikvm( 2844): Could not find method android.content.pm.PackageManager.getUserBadgedLabel, referenced from method com.evernote.d.b.getUserBadgedLabel
W/dalvikvm( 2844): VFY: unable to resolve virtual method 841: Landroid/content/pm/PackageManager;.getUserBadgedLabel (Ljava/lang/CharSequence;Landroid/os/UserHandle;)Ljava/lang/CharSequence;
D/dalvikvm( 2844): VFY: replacing opcode 0x6e at 0x0002
I/Crashlytics( 2844): Initializing Crashlytics 1.1.8.10
D/CordovaLog( 2747): https://js.stripe.com/v2/: Line 2 : You are using Stripe.js in live mode over an insecure connection. This is considered unsafe. Please conduct live requests only on sites served over https. For more info, see https://stripe.com/help/ssl
I/chromium( 2747): [INFO:CONSOLE(2)] "You are using Stripe.js in live mode over an insecure connection. This is considered unsafe. Please conduct live requests only on sites served over https. For more info, see https://stripe.com/help/ssl", source: https://js.stripe.com/v2/ (2)
I/App     ( 2747): WARNING: Back Button Default Behavior will be overridden.  The backbutton event will be fired!
D/MarketUtils( 2844): isPackageInstalled() - com.android.vending is installed
D/CordovaLog( 2747): file:///android_asset/www/js/app.js: Line 24 : Service initialized
I/chromium( 2747): [INFO:CONSOLE(24)] "Service initialized", source: file:///android_asset/www/js/app.js (24)
D/CordovaLog( 2747): file:///android_asset/www/js/app.js: Line 197 : facebookConnectPlugin not ready
I/chromium( 2747): [INFO:CONSOLE(197)] "facebookConnectPlugin not ready", source: file:///android_asset/www/js/app.js (197)
D/HockeyApp( 2844): Looking for exceptions in: /data/data/com.evernote/files
D/HockeyApp( 2844): Current handler class = com.evernote.k
D/EN      ( 2844): [ee] - registered crash manager
D/EN      ( 2844): [c] - onApplicationStart()
D/EN      ( 2844): [c] - onApplicationStart() -- loader thread
D/EN      ( 2844): [c] - pushUserIDToDataLayer(), pushing user-id ending in 6
D/MarketUtils( 2844): isPackageInstalled() - com.android.vending is installed
D/MarketUtils( 2844): isPackageInstalled() - com.android.vending is installed
I/ActivityManager( 1025): Start proc com.evernote.widget for broadcast com.evernote.widget/.WidgetStateReceiver: pid=2894 uid=10135 gids={50135, 3003, 1028, 1015}
F/ProcessStats( 1025): Starting service ServiceState{42abda10 com.cleanmaster.fm.service.BackgroundService pkg=com.rhmsoft.fm proc=42abda10} without owner
F/ProcessStats( 1025): Starting service ServiceState{42a5c010 com.viber.voip.api.billing.InAppBillingService pkg=com.viber.voip proc=42a5c010} without owner
D/EN      ( 2844): [c] - 	loading saved values from internal storage
F/ProcessStats( 1025): Starting service ServiceState{4210e678 com.viber.service.VoipConnectorService pkg=com.viber.voip proc=4210e678} without owner
F/ProcessStats( 1025): Starting service ServiceState{42c48c08 com.whatsapp.messaging.MessageService pkg=com.whatsapp proc=42c48c08} without owner
F/ProcessStats( 1025): Starting service ServiceState{43399718 com.paypal.android.p2pmobile.services.AtoService pkg=com.paypal.android.p2pmobile proc=43399718} without owner
F/ProcessStats( 1025): Starting service ServiceState{43231e48 com.paypal.android.p2pmobile.services.WalletService pkg=com.paypal.android.p2pmobile proc=43231e48} without owner
D/CordovaActivity( 2747): onMessage(spinner,stop)
F/ProcessStats( 1025): Starting service ServiceState{422b0fe8 com.mobisystems.ubreader.launcher.service.NetworkService pkg=com.mobisystems.ubreader_west proc=422b0fe8} without owner
F/ProcessStats( 1025): Starting service ServiceState{428fdff0 com.facebook.push.mqtt.service.MqttPushService pkg=com.facebook.orca proc=428fdff0} without owner
I/ActivityManager( 1025): Process com.motorola.MotGallery2 (pid 2787) has died.
F/ProcessStats( 1025): Starting service ServiceState{42abda10 com.cleanmaster.fm.service.BackgroundService pkg=com.rhmsoft.fm proc=42abda10} without owner
F/ProcessStats( 1025): Starting service ServiceState{42a5c010 com.viber.voip.api.billing.InAppBillingService pkg=com.viber.voip proc=42a5c010} without owner
F/ProcessStats( 1025): Starting service ServiceState{4210e678 com.viber.service.VoipConnectorService pkg=com.viber.voip proc=4210e678} without owner
F/ProcessStats( 1025): Starting service ServiceState{42c48c08 com.whatsapp.messaging.MessageService pkg=com.whatsapp proc=42c48c08} without owner
F/ProcessStats( 1025): Starting service ServiceState{43399718 com.paypal.android.p2pmobile.services.AtoService pkg=com.paypal.android.p2pmobile proc=43399718} without owner
F/ProcessStats( 1025): Starting service ServiceState{43231e48 com.paypal.android.p2pmobile.services.WalletService pkg=com.paypal.android.p2pmobile proc=43231e48} without owner
D/CordovaLog( 2747): file:///android_asset/www/js/paypal_giftme.js: Line 4 : GIFTME - paypal init
I/chromium( 2747): [INFO:CONSOLE(4)] "GIFTME - paypal init", source: file:///android_asset/www/js/paypal_giftme.js (4)
D/CordovaLog( 2747): file:///android_asset/www/js/app.js: Line 208 : Uncaught ReferenceError: StatusBar is not defined
I/chromium( 2747): [INFO:CONSOLE(208)] "Uncaught ReferenceError: StatusBar is not defined", source: file:///android_asset/www/js/app.js (208)
D/CordovaLog( 2747): file:///android_asset/www/js/paypal_giftme.js: Line 82 : GIFTME - Preparing to Render
I/chromium( 2747): [INFO:CONSOLE(82)] "GIFTME - Preparing to Render", source: file:///android_asset/www/js/paypal_giftme.js (82)
D/CordovaLog( 2747): file:///android_asset/www/js/paypal_giftme.js: Line 61 : GIFTME - config
I/chromium( 2747): [INFO:CONSOLE(61)] "GIFTME - config", source: file:///android_asset/www/js/paypal_giftme.js (61)
I/ReleaseProperties( 2894): Current app is: evernoteWidget
I/SFPerfTracer(  274):      triggers: (rate: 1128:448710) (341677 sw vsyncs) (1051421 skipped) (1:3344474 vsyncs) (3:4194329)
F/ProcessStats( 1025): Starting service ServiceState{422b0fe8 com.mobisystems.ubreader.launcher.service.NetworkService pkg=com.mobisystems.ubreader_west proc=422b0fe8} without owner
F/ProcessStats( 1025): Starting service ServiceState{428fdff0 com.facebook.push.mqtt.service.MqttPushService pkg=com.facebook.orca proc=428fdff0} without owner
I/ReleaseProperties( 2894): propFile: release is now loaded
I/ReleaseProperties( 2894): propFile: play is now loaded
I/ReleaseProperties( 2894): propFile: base is now loaded
I/ReleaseProperties( 2894): propFile: override is now loaded
I/ReleaseProperties( 2894): ReleaseProperties: 
I/ReleaseProperties( 2894):   bundleName=none
I/ReleaseProperties( 2894):   revision=unknown
I/ReleaseProperties( 2894):   type=development
I/ReleaseProperties( 2894):   gitHash=?
I/ReleaseProperties( 2894):   baseSearchUri=market://search?q=
W/PluginManager( 2747): THREAD WARNING: exec() call to PayPalMobile.prepareToRender blocked the main thread for 90ms. Plugin should use CordovaInterface.getThreadPool().
W/paypal.sdk( 2747): PayPalService created. PayPalSDK/PayPal-Android-SDK 2.8.8 (Android 4.4.4; motorola XT1039; )
D/ReleaseProperties( 2894): getReferralPersistencePath():: old=false:: path=/storage/emulated/0/.enref
I/ReleaseProperties( 2894): From file referralCode=android
I/dalvikvm( 2747): Could not find method com.google.android.gms.common.GooglePlayServicesUtil.isGooglePlayServicesAvailable, referenced from method com.paypal.android.sdk.bA.a
W/dalvikvm( 2747): VFY: unable to resolve static method 9706: Lcom/google/android/gms/common/GooglePlayServicesUtil;.isGooglePlayServicesAvailable (Landroid/content/Context;)I
D/dalvikvm( 2747): VFY: replacing opcode 0x71 at 0x0006
I/ActivityManager( 1025): Start proc com.viber.voip for broadcast com.viber.voip/com.viber.jni.apps.AppsSyncController$AppRemovedReceiver: pid=2918 uid=10108 gids={50108, 3003, 1028, 1015, 3002, 3001}
F/ProcessStats( 1025): Starting service ServiceState{42abda10 com.cleanmaster.fm.service.BackgroundService pkg=com.rhmsoft.fm proc=42abda10} without owner
F/ProcessStats( 1025): Starting service ServiceState{42a5c010 com.viber.voip.api.billing.InAppBillingService pkg=com.viber.voip proc=42a5c010} without owner
F/ProcessStats( 1025): Starting service ServiceState{4210e678 com.viber.service.VoipConnectorService pkg=com.viber.voip proc=4210e678} without owner
F/ProcessStats( 1025): Starting service ServiceState{42c48c08 com.whatsapp.messaging.MessageService pkg=com.whatsapp proc=42c48c08} without owner
F/ProcessStats( 1025): Starting service ServiceState{43399718 com.paypal.android.p2pmobile.services.AtoService pkg=com.paypal.android.p2pmobile proc=43399718} without owner
F/ProcessStats( 1025): Starting service ServiceState{43231e48 com.paypal.android.p2pmobile.services.WalletService pkg=com.paypal.android.p2pmobile proc=43231e48} without owner
F/ProcessStats( 1025): Starting service ServiceState{422b0fe8 com.mobisystems.ubreader.launcher.service.NetworkService pkg=com.mobisystems.ubreader_west proc=422b0fe8} without owner
F/ProcessStats( 1025): Starting service ServiceState{428fdff0 com.facebook.push.mqtt.service.MqttPushService pkg=com.facebook.orca proc=428fdff0} without owner
I/ActivityManager( 1025): Process com.android.packageinstaller (pid 2517) has died.
F/ProcessStats( 1025): Starting service ServiceState{42abda10 com.cleanmaster.fm.service.BackgroundService pkg=com.rhmsoft.fm proc=42abda10} without owner
F/ProcessStats( 1025): Starting service ServiceState{42a5c010 com.viber.voip.api.billing.InAppBillingService pkg=com.viber.voip proc=42a5c010} without owner
F/ProcessStats( 1025): Starting service ServiceState{4210e678 com.viber.service.VoipConnectorService pkg=com.viber.voip proc=4210e678} without owner
F/ProcessStats( 1025): Starting service ServiceState{42c48c08 com.whatsapp.messaging.MessageService pkg=com.whatsapp proc=42c48c08} without owner
F/ProcessStats( 1025): Starting service ServiceState{43399718 com.paypal.android.p2pmobile.services.AtoService pkg=com.paypal.android.p2pmobile proc=43399718} without owner
F/ProcessStats( 1025): Starting service ServiceState{43231e48 com.paypal.android.p2pmobile.services.WalletService pkg=com.paypal.android.p2pmobile proc=43231e48} without owner
F/ProcessStats( 1025): Starting service ServiceState{422b0fe8 com.mobisystems.ubreader.launcher.service.NetworkService pkg=com.mobisystems.ubreader_west proc=422b0fe8} without owner
F/ProcessStats( 1025): Starting service ServiceState{428fdff0 com.facebook.push.mqtt.service.MqttPushService pkg=com.facebook.orca proc=428fdff0} without owner
D/Logger  ( 2918): creating log dir /storage/emulated/0/viber/.logs/trace/
D/Logger  ( 2918): oldFilesNames :[]
D/Logger  ( 2918): main_4.clg deleted=false
D/Logger  ( 2918): main_3.clg renamedTo=false main_4.clg
D/Logger  ( 2918): main_2.clg renamedTo=false main_3.clg
D/Logger  ( 2918): main_1.clg renamedTo=false main_2.clg
D/Logger  ( 2918): main.clg renamedTo=false main_1.clg
I/dalvikvm( 2918): Could not find method android.os.PowerManager.isInteractive, referenced from method com.viber.voip.util.hf.b
W/dalvikvm( 2918): VFY: unable to resolve virtual method 1673: Landroid/os/PowerManager;.isInteractive ()Z
D/dalvikvm( 2918): VFY: replacing opcode 0x6e at 0x003c
D/CordovaLog( 2747): file:///android_asset/www/js/paypal_giftme.js: Line 67 : GIFTME - on prepare render
I/chromium( 2747): [INFO:CONSOLE(67)] "GIFTME - on prepare render", source: file:///android_asset/www/js/paypal_giftme.js (67)
D/CordovaLog( 2747): file:///android_asset/www/cordova.js: Line 305 : Error in Success callbackId: PayPalMobile796581488 : TypeError: Cannot set property 'onclick' of null
I/chromium( 2747): [INFO:CONSOLE(305)] "Error in Success callbackId: PayPalMobile796581488 : TypeError: Cannot set property 'onclick' of null", source: file:///android_asset/www/cordova.js (305)
D/CordovaLog( 2747): file:///android_asset/www/cordova.js: Line 1075 : processMessage failed: Error: TypeError: Cannot set property 'onclick' of null
I/chromium( 2747): [INFO:CONSOLE(1075)] "processMessage failed: Error: TypeError: Cannot set property 'onclick' of null", source: file:///android_asset/www/cordova.js (1075)
D/CordovaLog( 2747): file:///android_asset/www/cordova.js: Line 1076 : processMessage failed: Stack: TypeError: Cannot set property 'onclick' of null
D/CordovaLog( 2747):     at ppApp.onPrepareRender (file:///android_asset/www/js/paypal_giftme.js:75:27)
D/CordovaLog( 2747):     at Object.cordova.callbackFromNative (file:///android_asset/www/cordova.js:286:58)
D/CordovaLog( 2747):     at processMessage (file:///android_asset/www/cordova.js:1070:21)
D/CordovaLog( 2747):     at androidExec.processMessages (file:///android_asset/www/cordova.js:1107:13)
I/chromium( 2747): [INFO:CONSOLE(1076)] "processMessage failed: Stack: TypeError: Cannot set property 'onclick' of null
I/chromium( 2747):     at ppApp.onPrepareRender (file:///android_asset/www/js/paypal_giftme.js:75:27)
I/chromium( 2747):     at Object.cordova.callbackFromNative (file:///android_asset/www/cordova.js:286:58)
I/chromium( 2747):     at processMessage (file:///android_asset/www/cordova.js:1070:21)
I/chromium( 2747):     at androidExec.processMessages (file:///android_asset/www/cordova.js:1107:13)", source: file:///android_asset/www/cordova.js (1076)
D/CordovaLog( 2747): file:///android_asset/www/cordova.js: Line 1077 : processMessage failed: Message: S01 PayPalMobile796581488 sOK
I/chromium( 2747): [INFO:CONSOLE(1077)] "processMessage failed: Message: S01 PayPalMobile796581488 sOK", source: file:///android_asset/www/cordova.js (1077)
D/dalvikvm( 2918): DexOpt: couldn't find field Landroid/app/Notification;.category
W/dalvikvm( 2918): VFY: unable to resolve instance field 19
D/dalvikvm( 2918): VFY: replacing opcode 0x5b at 0x001e
D/dalvikvm( 2918): DexOpt: couldn't find field Landroid/app/Notification;.category
W/dalvikvm( 2918): VFY: unable to resolve instance field 19
D/dalvikvm( 2918): VFY: replacing opcode 0x5b at 0x0193
D/dalvikvm( 2918): Trying to load lib /data/app-lib/com.viber.voip-2/libCrossUnblocker.so 0x41fa9eb8
D/ConnectPlugin( 2747): onSessionStateChange:OPENED
D/ConnectPlugin( 2747): onSessionStateChange:OPENED
D/dalvikvm( 2918): Added shared lib /data/app-lib/com.viber.voip-2/libCrossUnblocker.so 0x41fa9eb8
D/WifiStateMachine( 1025): handleMessage: E msg.what=151572
D/WifiStateMachine( 1025): processMsg: ConnectedState
D/WifiStateMachine( 1025): processMsg: L2ConnectedState
D/WifiStateMachine( 1025): handleMessage: X
I/ActivityManager( 1025): Start proc com.facebook.katana:dash for broadcast com.facebook.katana/com.facebook.dash.receivers.DashPackageUninstallReceiver: pid=2959 uid=10110 gids={50110, 1028, 1015, 3003}
I/Crashlytics( 2918): Initializing Crashlytics 1.1.11.10
D/CordovaWebViewClient( 2747): onPageFinished(file:///android_asset/www/index.html)
D/CordovaActivity( 2747): onMessage(onPageFinished,file:///android_asset/www/index.html)
W/dalvikvm( 2959): VFY: unable to resolve static field 29078 (a) in Lcom/facebook/katana/app/WorkAppTypes;
D/dalvikvm( 2959): VFY: replacing opcode 0x62 at 0x0013
W/dalvikvm( 2959): VFY: unable to resolve static field 29079 (b) in Lcom/facebook/katana/app/WorkAppTypes;
D/dalvikvm( 2959): VFY: replacing opcode 0x62 at 0x001d
E/dalvikvm( 2959): Could not find class 'com.facebook.katana.app.WallpaperFacebookApplicationImpl', referenced from method com.facebook.katana.app.FacebookApplication.a
W/dalvikvm( 2959): VFY: unable to resolve new-instance 379 (Lcom/facebook/katana/app/WallpaperFacebookApplicationImpl;) in Lcom/facebook/katana/app/FacebookApplication;
D/dalvikvm( 2959): VFY: replacing opcode 0x22 at 0x00a9
D/dalvikvm( 2959): DexOpt: unable to opt direct call 0x055f at 0xab in Lcom/facebook/katana/app/FacebookApplication;.a
D/CatchMeIfYouCan( 2959): Process (dash) ca: '/data/data/com.facebook.katana/app_cmiyc/0C66B38F48468E96F8008B6D5A2AE33B4A60265E01'
D/CatchMeIfYouCan( 2959): Process (dash) fc: '/data/data/com.facebook.katana/app_cmiyc/0C66B38F48468E96F8008B6D5A2AE33B4A60265E02'
D/CatchMeIfYouCan( 2959): Process (dash) cp: '('dash', 6, 60000, silent [true], restart [true], logout [true])'
D/ACRA    ( 2959): ACRA is enabled for com.facebook.katana, intializing...
D/ACRA    ( 2959): Looking for error files in /data/data/com.facebook.katana/app_acra-reports
D/ACRA    ( 2959): Looking for error files in /data/data/com.facebook.katana/app_minidumps
D/dalvikvm( 2959): Trying to load lib /data/app-lib/com.facebook.katana-1/libgnustl_shared.so 0x41faac18
D/dalvikvm( 2959): Added shared lib /data/app-lib/com.facebook.katana-1/libgnustl_shared.so 0x41faac18
D/dalvikvm( 2959): No JNI_OnLoad found in /data/app-lib/com.facebook.katana-1/libgnustl_shared.so 0x41faac18, skipping init
D/dalvikvm( 2959): Trying to load lib /data/app-lib/com.facebook.katana-1/libfb_breakpad_client.so 0x41faac18
D/dalvikvm( 2959): Added shared lib /data/app-lib/com.facebook.katana-1/libfb_breakpad_client.so 0x41faac18
D/dalvikvm( 2959): Trying to load lib /data/app-lib/com.facebook.katana-1/libfb_dalvik-internals.so 0x41faac18
D/dalvikvm( 2959): Added shared lib /data/app-lib/com.facebook.katana-1/libfb_dalvik-internals.so 0x41faac18
V/DexLibLoader( 2959): about to lock: /data/data/com.facebook.katana/mdex_lock
V/DexLibLoader( 2959): locking /data/data/com.facebook.katana/mdex_lock took 0 ms
V/DexLibLoader( 2959): Secondary program dex metadata: secondary-1.dex.jar.xz 15ef54b77950d1e6c1cbc3342a20571a9fd8050d secondary.dex01.Canary
V/DexLibLoader( 2959): Secondary program dex metadata: secondary-2.dex.jar.xz 14bcaeed5ad488eaf139a59d22cf00efbde5948b secondary.dex02.Canary
V/DexLibLoader( 2959): Secondary program dex metadata: secondary-3.dex.jar.xz e8acf246c92474061a3e0f7dafec5559e33da2c5 secondary.dex03.Canary
V/DexLibLoader( 2959): Secondary program dex metadata: secondary-4.dex.jar.xz 1d7a13e77be07efb41a2c80160a9aec6fff27ad1 secondary.dex04.Canary
V/DexLibLoader( 2959): Secondary program dex metadata: secondary-5.dex.jar.xz 42761fa3dedc1f1a9503bece4f2db80adf01f775 secondary.dex05.Canary
V/DexLibLoader( 2959): Secondary program dex metadata: secondary-6.dex.jar.xz 1b4455e1ba1ff38a86723e24cd334fa1062519f1 secondary.dex06.Canary
V/DexLibLoader( 2959): Secondary program dex metadata: secondary-7.dex.jar.xz a54de6ef97459e1e5b5c8f874a889a38965d3446 secondary.dex07.Canary
D/dalvikvm( 2747): GC_CONCURRENT freed 5456K, 33% free 11618K/17224K, paused 4ms+4ms, total 43ms
V/DexLibLoader( 2959): directory "/data/data/com.facebook.katana/app_secondary_program_dex" contains "program-15ef54b77950d1e6c1cbc3342a20571a9fd8050d6661a1c7.dex.jar" as expected
V/DexLibLoader( 2959): directory "/data/data/com.facebook.katana/app_secondary_program_dex" contains "program-14bcaeed5ad488eaf139a59d22cf00efbde5948b6661a1c7.dex.jar" as expected
V/DexLibLoader( 2959): directory "/data/data/com.facebook.katana/app_secondary_program_dex" contains "program-e8acf246c92474061a3e0f7dafec5559e33da2c56661a1c7.dex.jar" as expected
V/DexLibLoader( 2959): directory "/data/data/com.facebook.katana/app_secondary_program_dex" contains "program-1d7a13e77be07efb41a2c80160a9aec6fff27ad16661a1c7.dex.jar" as expected
V/DexLibLoader( 2959): directory "/data/data/com.facebook.katana/app_secondary_program_dex" contains "program-42761fa3dedc1f1a9503bece4f2db80adf01f7756661a1c7.dex.jar" as expected
V/DexLibLoader( 2959): directory "/data/data/com.facebook.katana/app_secondary_program_dex" contains "program-1b4455e1ba1ff38a86723e24cd334fa1062519f16661a1c7.dex.jar" as expected
V/DexLibLoader( 2959): directory "/data/data/com.facebook.katana/app_secondary_program_dex" contains "program-a54de6ef97459e1e5b5c8f874a889a38965d34466661a1c7.dex.jar" as expected
D/DexLibLoader( 2959): ignoring file "program-15ef54b77950d1e6c1cbc3342a20571a9fd8050d6661a1c7.dex.odex" in "/data/data/com.facebook.katana/app_secondary_program_dex"
D/DexLibLoader( 2959): ignoring file "program-14bcaeed5ad488eaf139a59d22cf00efbde5948b6661a1c7.dex.odex" in "/data/data/com.facebook.katana/app_secondary_program_dex"
D/DexLibLoader( 2959): ignoring file "program-e8acf246c92474061a3e0f7dafec5559e33da2c56661a1c7.dex.odex" in "/data/data/com.facebook.katana/app_secondary_program_dex"
D/DexLibLoader( 2959): ignoring file "program-1d7a13e77be07efb41a2c80160a9aec6fff27ad16661a1c7.dex.odex" in "/data/data/com.facebook.katana/app_secondary_program_dex"
D/DexLibLoader( 2959): ignoring file "program-42761fa3dedc1f1a9503bece4f2db80adf01f7756661a1c7.dex.odex" in "/data/data/com.facebook.katana/app_secondary_program_dex"
D/DexLibLoader( 2959): ignoring file "program-1b4455e1ba1ff38a86723e24cd334fa1062519f16661a1c7.dex.odex" in "/data/data/com.facebook.katana/app_secondary_program_dex"
D/DexLibLoader( 2959): ignoring file "program-a54de6ef97459e1e5b5c8f874a889a38965d34466661a1c7.dex.odex" in "/data/data/com.facebook.katana/app_secondary_program_dex"
D/DexLibLoader( 2959): directory "/data/data/com.facebook.katana/app_secondary_program_dex" is valid
D/DexLibLoader( 2959): ignoring file "primary_deps" in "/data/data/com.facebook.katana/app_secondary_program_dex_opt"
V/DexLibLoader( 2959): directory "/data/data/com.facebook.katana/app_secondary_program_dex_opt" contains "program-15ef54b77950d1e6c1cbc3342a20571a9fd8050d6661a1c7.dex.dex" as expected
V/DexLibLoader( 2959): directory "/data/data/com.facebook.katana/app_secondary_program_dex_opt" contains "program-14bcaeed5ad488eaf139a59d22cf00efbde5948b6661a1c7.dex.dex" as expected
V/DexLibLoader( 2959): directory "/data/data/com.facebook.katana/app_secondary_program_dex_opt" contains "program-e8acf246c92474061a3e0f7dafec5559e33da2c56661a1c7.dex.dex" as expected
V/DexLibLoader( 2959): directory "/data/data/com.facebook.katana/app_secondary_program_dex_opt" contains "program-1d7a13e77be07efb41a2c80160a9aec6fff27ad16661a1c7.dex.dex" as expected
V/DexLibLoader( 2959): directory "/data/data/com.facebook.katana/app_secondary_program_dex_opt" contains "program-42761fa3dedc1f1a9503bece4f2db80adf01f7756661a1c7.dex.dex" as expected
V/DexLibLoader( 2959): directory "/data/data/com.facebook.katana/app_secondary_program_dex_opt" contains "program-1b4455e1ba1ff38a86723e24cd334fa1062519f16661a1c7.dex.dex" as expected
V/DexLibLoader( 2959): directory "/data/data/com.facebook.katana/app_secondary_program_dex_opt" contains "program-a54de6ef97459e1e5b5c8f874a889a38965d34466661a1c7.dex.dex" as expected
D/DexLibLoader( 2959): directory "/data/data/com.facebook.katana/app_secondary_program_dex_opt" is valid
D/DexLibLoader( 2959): loading pre-built cross-dex opt odex files
V/dalvik-internals( 2959): hooked dvmResolveClass using jump ()
V/dalvik-internals( 2959): hooked dvmFlushBreakpoints using jump ()
V/MultiDexClassLoader( 2959): installing MultiDexClassLoader before application classloader
I/dalvikvm( 2959): Could not find method dalvik.system.DexFile.loadClassBinaryName, referenced from method com.facebook.common.dextricks.DexFileLoadOld.a
W/dalvikvm( 2959): VFY: unable to resolve virtual method 2073: Ldalvik/system/DexFile;.loadClassBinaryName (Ljava/lang/String;Ljava/lang/ClassLoader;)Ljava/lang/Class;
D/dalvikvm( 2959): VFY: replacing opcode 0x6e at 0x0000
D/DexLibLoader( 2959): released odex store lock
D/DexLibLoader( 2959): DexLibLoader.loadAll took 139 ms
D/MemoryReductionHack( 2959): Marked as initialized entry corresponding to path /data/app/com.facebook.katana-1.apk
V/dalvik-internals( 2959): hooked dvmLinearAlloc using jump ()
V/dalvik-internals( 2959): hooked dvmLinearRealloc using jump ()
V/dalvik-internals( 2959): hooked dvmLinearFree using jump ()
V/dalvik-internals( 2959): hooked dvmLinearStrdup using jump ()
V/dalvik-internals( 2959): hooked dvmLinearAllocContains using jump ()
I/dalvik-internals( 2959): enlarged linearalloc buffer to 33554432 bytes
D/CordovaLog( 2747): file:///android_asset/www/js/app.js: Line 115 : Received response from version check.
I/chromium( 2747): [INFO:CONSOLE(115)] "Received response from version check.", source: file:///android_asset/www/js/app.js (115)
D/CordovaLog( 2747): file:///android_asset/www/js/app.js: Line 117 : Version is supported.
I/chromium( 2747): [INFO:CONSOLE(117)] "Version is supported.", source: file:///android_asset/www/js/app.js (117)
D/WifiStateMachine( 1025): handleMessage: E msg.what=151572
D/WifiStateMachine( 1025): processMsg: ConnectedState
D/WifiStateMachine( 1025): processMsg: L2ConnectedState
D/WifiStateMachine( 1025): handleMessage: X
D/WifiStateMachine( 1025): handleMessage: E msg.what=131155
D/WifiStateMachine( 1025): processMsg: ConnectedState
D/WifiStateMachine( 1025): processMsg: L2ConnectedState
D/WifiStateMachine( 1025): handleMessage: X
W/StaticBindingVerifier( 2959): Verify
D/EN      ( 2844): [a] - onOpen()+++++++++
W/ContextImpl( 2648): Implicit intents with startService are not safe: Intent { act=com.google.android.gms.analytics.service.START (has extras) } android.content.ContextWrapper.bindService:517 com.google.analytics.tracking.android.AnalyticsGmsCoreClient.b:82 com.google.analytics.tracking.android.GAServiceProxy.j:279 
D/EN      ( 2844): [b] - isUserBusiness()::userBusinessId=0
I/dalvikvm( 2959): Could not find method com.facebook.resources.FbResources.getDrawable, referenced from method com.facebook.resources.impl.DownloadedFbResources.getDrawable
W/dalvikvm( 2959): VFY: unable to resolve virtual method 48479: Lcom/facebook/resources/FbResources;.getDrawable (ILandroid/content/res/Resources$Theme;)Landroid/graphics/drawable/Drawable;
D/dalvikvm( 2959): VFY: replacing opcode 0x6f at 0x0031
I/GAV2    ( 2648): Thread[GAThread,1,main]: No campaign data found.
D/EN      ( 2844): [b] - isUserBusiness()::userBusinessId=0
D/EN      ( 2844): [b] - isUserBusiness()::userBusinessId=0
D/EN      ( 2844): [p] - scheduleSyncAlarmIfApplicable()
I/EN      ( 2844): [p] - Jitter, max=1200000::interval=3600000::jitter=123236
I/EN      ( 2844): [p] - Scheduling for 3123 seconds
I/EN      ( 2844): [au] - Copying to /data/data/com.evernote/files/user-102703026/Temp/.note_script.js
I/EN      ( 2844): [au] - Copied totalLength=30880
D/WifiService( 1025): New client listening to asynchronous messages
I/EN      ( 2844): [au] - Copying to /data/data/com.evernote/files/user-102703026/Temp/.edit_note_script.js
I/EN      ( 2844): [au] - Copied totalLength=779
D/EN      ( 2844): [BillingUtil] - checking if billing supported
I/ActivityManager( 1025): Start proc com.android.vending for service com.android.vending/com.google.android.finsky.billing.iab.InAppBillingService: pid=3007 uid=10039 gids={50039, 3003, 1028, 1015}
D/EN      ( 2844): [c] - ENAndroidBilling:loadTransactions:loading transactions
D/CordovaLog( 2747): file:///android_asset/www/js/app.js: Line 135 : success...
I/chromium( 2747): [INFO:CONSOLE(135)] "success...", source: file:///android_asset/www/js/app.js (135)
D/EN      ( 2844): [c] - ENAndroidBilling:loadTransactions:total transactions found = 0
I/EN      ( 2844): [c] - ENAndroidBilling:Application starting, user is LOGGED in,check if user is premium
I/EN      ( 2844): [c] - ENAndroidBilling:Application starting, user is not premium, check for transactions
I/EN      ( 2844): [c] - ENAndroidBilling:Application starting, launched billing thread to check for pending transactions
D/EN      ( 2844): [c] - ENAndroidBilling:sRetryThread:top
I/EN      ( 2844): [c] - ENAndroidBilling:sRetryThread:no billing transactions found
D/EN      ( 2844): [c] - ENAndroidBilling:sRetryThread:exiting thread
D/dalvikvm( 1025): GC_CONCURRENT freed 4882K, 38% free 31536K/50444K, paused 9ms+21ms, total 207ms
I/ActivityManager( 1025): Process com.google.android.googlequicksearchbox:search (pid 2828) has died.
D/EN      ( 2844): [bb] - getNotebookName: nbGuid =[ced75e6d-9d4c-4636-9bed-9291f62ffd73] 
I/ActivityManager( 1025): Start proc com.google.android.partnersetup for broadcast com.google.android.partnersetup/.RlzPingBroadcastReceiver: pid=3033 uid=10025 gids={50025, 3003}
D/Finsky  ( 3007): [1] FinskyApp.onCreate: Initializing network with DFE https://android.clients.google.com/fdfe/
F/ProcessStats( 1025): Starting service ServiceState{42abda10 com.cleanmaster.fm.service.BackgroundService pkg=com.rhmsoft.fm proc=42abda10} without owner
F/ProcessStats( 1025): Starting service ServiceState{42c48c08 com.whatsapp.messaging.MessageService pkg=com.whatsapp proc=42c48c08} without owner
F/ProcessStats( 1025): Starting service ServiceState{43399718 com.paypal.android.p2pmobile.services.AtoService pkg=com.paypal.android.p2pmobile proc=43399718} without owner
F/ProcessStats( 1025): Starting service ServiceState{43231e48 com.paypal.android.p2pmobile.services.WalletService pkg=com.paypal.android.p2pmobile proc=43231e48} without owner
F/ProcessStats( 1025): Starting service ServiceState{422b0fe8 com.mobisystems.ubreader.launcher.service.NetworkService pkg=com.mobisystems.ubreader_west proc=422b0fe8} without owner
