D/StrictMode(18551): 	at android.app.ActivityThread.access$1500(ActivityThread.java:139)
D/StrictMode(18551): 	at android.app.ActivityThread$H.handleMessage(ActivityThread.java:1270)
D/StrictMode(18551): 	at android.os.Handler.dispatchMessage(Handler.java:102)
D/StrictMode(18551): 	at android.os.Looper.loop(Looper.java:136)
D/StrictMode(18551): 	at android.app.ActivityThread.main(ActivityThread.java:5086)
D/StrictMode(18551): 	at java.lang.reflect.Method.invokeNative(Native Method)
D/StrictMode(18551): 	at java.lang.reflect.Method.invoke(Method.java:515)
D/StrictMode(18551): 	at com.android.internal.os.ZygoteInit$MethodAndArgsCaller.run(ZygoteInit.java:785)
D/StrictMode(18551): 	at com.android.internal.os.ZygoteInit.main(ZygoteInit.java:601)
D/StrictMode(18551): 	at dalvik.system.NativeStart.main(Native Method)
D/StrictMode(18551): StrictMode policy violation; ~duration=140 ms: android.os.StrictMode$StrictModeDiskReadViolation: policy=31 violation=2
D/StrictMode(18551): 	at android.os.StrictMode$AndroidBlockGuardPolicy.onReadFromDisk(StrictMode.java:1135)
D/StrictMode(18551): 	at android.app.SharedPreferencesImpl.awaitLoadedLocked(SharedPreferencesImpl.java:203)
D/StrictMode(18551): 	at android.app.SharedPreferencesImpl.getBoolean(SharedPreferencesImpl.java:260)
D/StrictMode(18551): 	at android.preference.PreferenceManager.setDefaultValues(PreferenceManager.java:481)
D/StrictMode(18551): 	at com.google.android.apps.gmm.shared.d.a.a(PG:1086)
D/StrictMode(18551): 	at com.google.android.apps.gmm.base.app.d.a(PG:1136)
D/StrictMode(18551): 	at com.google.android.apps.gmm.base.app.d.<init>(PG:578)
D/StrictMode(18551): 	at com.google.android.apps.gmm.base.app.GoogleMapsApplication.a(PG:156)
D/StrictMode(18551): 	at com.google.android.apps.gmm.base.app.GoogleMapsApplication.onCreate(PG:111)
D/StrictMode(18551): 	at android.app.Instrumentation.callApplicationOnCreate(Instrumentation.java:1030)
D/StrictMode(18551): 	at android.app.ActivityThread.handleBindApplication(ActivityThread.java:4409)
D/StrictMode(18551): 	at android.app.ActivityThread.access$1500(ActivityThread.java:139)
D/StrictMode(18551): 	at android.app.ActivityThread$H.handleMessage(ActivityThread.java:1270)
D/StrictMode(18551): 	at android.os.Handler.dispatchMessage(Handler.java:102)
D/StrictMode(18551): 	at android.os.Looper.loop(Looper.java:136)
D/StrictMode(18551): 	at android.app.ActivityThread.main(ActivityThread.java:5086)
D/StrictMode(18551): 	at java.lang.reflect.Method.invokeNative(Native Method)
D/StrictMode(18551): 	at java.lang.reflect.Method.invoke(Method.java:515)
D/StrictMode(18551): 	at com.android.internal.os.ZygoteInit$MethodAndArgsCaller.run(ZygoteInit.java:785)
D/StrictMode(18551): 	at com.android.internal.os.ZygoteInit.main(ZygoteInit.java:601)
D/StrictMode(18551): 	at dalvik.system.NativeStart.main(Native Method)
D/StrictMode(18551): StrictMode policy violation; ~duration=137 ms: android.os.StrictMode$StrictModeDiskReadViolation: policy=31 violation=2
D/StrictMode(18551): 	at android.os.StrictMode$AndroidBlockGuardPolicy.onReadFromDisk(StrictMode.java:1135)
D/StrictMode(18551): 	at android.app.SharedPreferencesImpl.awaitLoadedLocked(SharedPreferencesImpl.java:203)
D/StrictMode(18551): 	at android.app.SharedPreferencesImpl.getInt(SharedPreferencesImpl.java:239)
D/StrictMode(18551): 	at com.google.android.apps.gmm.shared.d.a.a(PG:1184)
D/StrictMode(18551): 	at com.google.android.apps.gmm.shared.d.a.a(PG:1092)
D/StrictMode(18551): 	at com.google.android.apps.gmm.base.app.d.a(PG:1136)
D/StrictMode(18551): 	at com.google.android.apps.gmm.base.app.d.<init>(PG:578)
D/StrictMode(18551): 	at com.google.android.apps.gmm.base.app.GoogleMapsApplication.a(PG:156)
D/StrictMode(18551): 	at com.google.android.apps.gmm.base.app.GoogleMapsApplication.onCreate(PG:111)
D/StrictMode(18551): 	at android.app.Instrumentation.callApplicationOnCreate(Instrumentation.java:1030)
D/StrictMode(18551): 	at android.app.ActivityThread.handleBindApplication(ActivityThread.java:4409)
D/StrictMode(18551): 	at android.app.ActivityThread.access$1500(ActivityThread.java:139)
D/StrictMode(18551): 	at android.app.ActivityThread$H.handleMessage(ActivityThread.java:1270)
D/StrictMode(18551): 	at android.os.Handler.dispatchMessage(Handler.java:102)
D/StrictMode(18551): 	at android.os.Looper.loop(Looper.java:136)
D/StrictMode(18551): 	at android.app.ActivityThread.main(ActivityThread.java:5086)
D/StrictMode(18551): 	at java.lang.reflect.Method.invokeNative(Native Method)
D/StrictMode(18551): 	at java.lang.reflect.Method.invoke(Method.java:515)
D/StrictMode(18551): 	at com.android.internal.os.ZygoteInit$MethodAndArgsCaller.run(ZygoteInit.java:785)
D/StrictMode(18551): 	at com.android.internal.os.ZygoteInit.main(ZygoteInit.java:601)
D/StrictMode(18551): 	at dalvik.system.NativeStart.main(Native Method)
D/StrictMode(18551): StrictMode policy violation; ~duration=129 ms: android.os.StrictMode$StrictModeDiskReadViolation: policy=31 violation=2
D/StrictMode(18551): 	at android.os.StrictMode$AndroidBlockGuardPolicy.onReadFromDisk(StrictMode.java:1135)
D/StrictMode(18551): 	at libcore.io.BlockGuardOs.open(BlockGuardOs.java:106)
D/StrictMode(18551): 	at libcore.io.IoUtils.canOpenReadOnly(IoUtils.java:163)
D/StrictMode(18551): 	at dalvik.system.DexPathList.findLibrary(DexPathList.java:384)
D/StrictMode(18551): 	at dalvik.system.BaseDexClassLoader.findLibrary(BaseDexClassLoader.java:77)
D/StrictMode(18551): 	at java.lang.Runtime.loadLibrary(Runtime.java:356)
D/StrictMode(18551): 	at java.lang.System.loadLibrary(System.java:526)
D/StrictMode(18551): 	at com.google.android.apps.gmm.map.util.jni.NativeHelper.initialize(PG:42)
D/StrictMode(18551): 	at com.google.android.apps.gmm.map.m.e.<clinit>(PG:89)
D/StrictMode(18551): 	at com.google.android.apps.gmm.base.app.d.a(PG:1135)
D/StrictMode(18551): 	at com.google.android.apps.gmm.base.app.d.<init>(PG:578)
D/StrictMode(18551): 	at com.google.android.apps.gmm.base.app.GoogleMapsApplication.a(PG:156)
D/StrictMode(18551): 	at com.google.android.apps.gmm.base.app.GoogleMapsApplication.onCreate(PG:111)
D/StrictMode(18551): 	at android.app.Instrumentation.callApplicationOnCreate(Instrumentation.java:1030)
D/StrictMode(18551): 	at android.app.ActivityThread.handleBindApplication(ActivityThread.java:4409)
D/StrictMode(18551): 	at android.app.ActivityThread.access$1500(ActivityThread.java:139)
D/StrictMode(18551): 	at android.app.ActivityThread$H.handleMessage(ActivityThread.java:1270)
D/StrictMode(18551): 	at android.os.Handler.dispatchMessage(Handler.java:102)
D/StrictMode(18551): 	at android.os.Looper.loop(Looper.java:136)
D/StrictMode(18551): 	at android.app.ActivityThread.main(ActivityThread.java:5086)
D/StrictMode(18551): 	at java.lang.reflect.Method.invokeNative(Native Method)
D/StrictMode(18551): 	at java.lang.reflect.Method.invoke(Method.java:515)
D/StrictMode(18551): 	at com.android.internal.os.ZygoteInit$MethodAndArgsCaller.run(ZygoteInit.java:785)
D/StrictMode(18551): 	at com.android.internal.os.ZygoteInit.main(ZygoteInit.java:601)
D/StrictMode(18551): 	at dalvik.system.NativeStart.main(Native Method)
D/StrictMode(18551): StrictMode policy violation; ~duration=103 ms: android.os.StrictMode$StrictModeDiskReadViolation: policy=31 violation=2
D/StrictMode(18551): 	at android.os.StrictMode$AndroidBlockGuardPolicy.onReadFromDisk(StrictMode.java:1135)
D/StrictMode(18551): 	at libcore.io.BlockGuardOs.open(BlockGuardOs.java:106)
D/StrictMode(18551): 	at libcore.io.IoBridge.open(IoBridge.java:393)
D/StrictMode(18551): 	at java.io.FileInputStream.<init>(FileInputStream.java:78)
D/StrictMode(18551): 	at android.app.ContextImpl.openFileInput(ContextImpl.java:909)
D/StrictMode(18551): 	at android.content.ContextWrapper.openFileInput(ContextWrapper.java:179)
D/StrictMode(18551): 	at com.google.android.apps.gmm.shared.f.h.a(PG:150)
D/StrictMode(18551): 	at com.google.android.apps.gmm.map.m.e.a(PG:356)
D/StrictMode(18551): 	at com.google.android.apps.gmm.base.app.d.a(PG:1135)
D/StrictMode(18551): 	at com.google.android.apps.gmm.base.app.d.<init>(PG:578)
D/StrictMode(18551): 	at com.google.android.apps.gmm.base.app.GoogleMapsApplication.a(PG:156)
D/StrictMode(18551): 	at com.google.android.apps.gmm.base.app.GoogleMapsApplication.onCreate(PG:111)
D/StrictMode(18551): 	at android.app.Instrumentation.callApplicationOnCreate(Instrumentation.java:1030)
D/StrictMode(18551): 	at android.app.ActivityThread.handleBindApplication(ActivityThread.java:4409)
D/StrictMode(18551): 	at android.app.ActivityThread.access$1500(ActivityThread.java:139)
D/StrictMode(18551): 	at android.app.ActivityThread$H.handleMessage(ActivityThread.java:1270)
D/StrictMode(18551): 	at android.os.Handler.dispatchMessage(Handler.java:102)
D/StrictMode(18551): 	at android.os.Looper.loop(Looper.java:136)
D/StrictMode(18551): 	at android.app.ActivityThread.main(ActivityThread.java:5086)
D/StrictMode(18551): 	at java.lang.reflect.Method.invokeNative(Native Method)
D/StrictMode(18551): 	at java.lang.reflect.Method.invoke(Method.java:515)
D/StrictMode(18551): 	at com.android.internal.os.ZygoteInit$MethodAndArgsCaller.run(ZygoteInit.java:785)
D/StrictMode(18551): 	at com.android.internal.os.ZygoteInit.main(ZygoteInit.java:601)
D/StrictMode(18551): 	at dalvik.system.NativeStart.main(Native Method)
D/StrictMode(18551): StrictMode policy violation; ~duration=93 ms: android.os.StrictMode$StrictModeDiskReadViolation: policy=31 violation=2
D/StrictMode(18551): 	at android.os.StrictMode$AndroidBlockGuardPolicy.onReadFromDisk(StrictMode.java:1135)
D/StrictMode(18551): 	at libcore.io.BlockGuardOs.read(BlockGuardOs.java:148)
D/StrictMode(18551): 	at libcore.io.IoBridge.read(IoBridge.java:425)
D/StrictMode(18551): 	at java.io.FileInputStream.read(FileInputStream.java:179)
D/StrictMode(18551): 	at java.io.BufferedInputStream.read(BufferedInputStream.java:283)
D/StrictMode(18551): 	at java.io.DataInputStream.read(DataInputStream.java:63)
D/StrictMode(18551): 	at com.google.r.j.c(PG:1152)
D/StrictMode(18551): 	at com.google.r.j.a(PG:121)
D/StrictMode(18551): 	at com.google.v.a.a.dv.<init>(PG:24)
D/StrictMode(18551): 	at com.google.v.a.a.dw.b(PG:68)
D/StrictMode(18551): 	at com.google.v.a.a.dw.a(PG:62)
D/StrictMode(18551): 	at com.google.r.e.b(PG:170)
D/StrictMode(18551): 	at com.google.r.e.b(PG:21)
D/StrictMode(18551): 	at com.google.android.apps.gmm.shared.f.h.a(PG:151)
D/StrictMode(18551): 	at com.google.android.apps.gmm.map.m.e.a(PG:356)
D/StrictMode(18551): 	at com.google.android.apps.gmm.base.app.d.a(PG:1135)
D/StrictMode(18551): 	at com.google.android.apps.gmm.base.app.d.<init>(PG:578)
D/StrictMode(18551): 	at com.google.android.apps.gmm.base.app.GoogleMapsApplication.a(PG:156)
D/StrictMode(18551): 	at com.google.android.apps.gmm.base.app.GoogleMapsApplication.onCreate(PG:111)
D/StrictMode(18551): 	at android.app.Instrumentation.callApplicationOnCreate(Instrumentation.java:1030)
D/StrictMode(18551): 	at android.app.ActivityThread.handleBindApplication(ActivityThread.java:4409)
D/StrictMode(18551): 	at android.app.ActivityThread.access$1500(ActivityThread.java:139)
D/StrictMode(18551): 	at android.app.ActivityThread$H.handleMessage(ActivityThread.java:1270)
D/StrictMode(18551): 	at android.os.Handler.dispatchMessage(Handler.java:102)
D/StrictMode(18551): 	at android.os.Looper.loop(Looper.java:136)
D/StrictMode(18551): 	at android.app.ActivityThread.main(ActivityThread.java:5086)
D/StrictMode(18551): 	at java.lang.reflect.Method.invokeNative(Native Method)
D/StrictMode(18551): 	at java.lang.reflect.Method.invoke(Method.java:515)
D/StrictMode(18551): 	at com.android.internal.os.ZygoteInit$MethodAndArgsCaller.run(ZygoteInit.java:785)
D/StrictMode(18551): 	at com.android.internal.os.ZygoteInit.main(ZygoteInit.java:601)
D/StrictMode(18551): 	at dalvik.system.NativeStart.main(Native Method)
D/StrictMode(18551): StrictMode policy violation; ~duration=90 ms: android.os.StrictMode$StrictModeDiskReadViolation: policy=31 violation=2
D/StrictMode(18551): 	at android.os.StrictMode$AndroidBlockGuardPolicy.onReadFromDisk(StrictMode.java:1135)
D/StrictMode(18551): 	at libcore.io.BlockGuardOs.read(BlockGuardOs.java:148)
D/StrictMode(18551): 	at libcore.io.IoBridge.read(IoBridge.java:425)
D/StrictMode(18551): 	at java.io.FileInputStream.read(FileInputStream.java:179)
D/StrictMode(18551): 	at java.io.BufferedInputStream.read(BufferedInputStream.java:283)
D/StrictMode(18551): 	at java.io.DataInputStream.read(DataInputStream.java:63)
D/StrictMode(18551): 	at com.google.r.j.c(PG:1152)
D/StrictMode(18551): 	at com.google.r.j.b(PG:1234)
D/StrictMode(18551): 	at com.google.r.j.g(PG:548)
D/StrictMode(18551): 	at com.google.v.a.a.dv.<init>(PG:43)
D/StrictMode(18551): 	at com.google.v.a.a.dw.b(PG:68)
D/StrictMode(18551): 	at com.google.v.a.a.dw.a(PG:62)
D/StrictMode(18551): 	at com.google.r.e.b(PG:170)
D/StrictMode(18551): 	at com.google.r.e.b(PG:21)
D/StrictMode(18551): 	at com.google.android.apps.gmm.shared.f.h.a(PG:151)
D/StrictMode(18551): 	at com.google.android.apps.gmm.map.m.e.a(PG:356)
D/StrictMode(18551): 	at com.google.android.apps.gmm.base.app.d.a(PG:1135)
D/StrictMode(18551): 	at com.google.android.apps.gmm.base.app.d.<init>(PG:578)
D/StrictMode(18551): 	at com.google.android.apps.gmm.base.app.GoogleMapsApplication.a(PG:156)
D/StrictMode(18551): 	at com.google.android.apps.gmm.base.app.GoogleMapsApplication.onCreate(PG:111)
D/StrictMode(18551): 	at android.app.Instrumentation.callApplicationOnCreate(Instrumentation.java:1030)
D/StrictMode(18551): 	at android.app.ActivityThread.handleBindApplication(ActivityThread.java:4409)
D/StrictMode(18551): 	at android.app.ActivityThread.access$1500(ActivityThread.java:139)
D/StrictMode(18551): 	at android.app.ActivityThread$H.handleMessage(ActivityThread.java:1270)
D/StrictMode(18551): 	at android.os.Handler.dispatchMessage(Handler.java:102)
D/StrictMode(18551): 	at android.os.Looper.loop(Looper.java:136)
D/StrictMode(18551): 	at android.app.ActivityThread.main(ActivityThread.java:5086)
D/StrictMode(18551): 	at java.lang.reflect.Method.invokeNative(Native Method)
D/StrictMode(18551): 	at java.lang.reflect.Method.invoke(Method.java:515)
D/StrictMode(18551): 	at com.android.internal.os.ZygoteInit$MethodAndArgsCaller.run(ZygoteInit.java:785)
D/StrictMode(18551): 	at com.android.internal.os.ZygoteInit.main(ZygoteInit.java:601)
D/StrictMode(18551): 	at dalvik.system.NativeStart.main(Native Method)
I/ActivityManager( 1025): Start proc com.devexpert.weather for broadcast com.devexpert.weather/.view.WidgetWeather2x1: pid=18575 uid=10112 gids={50112, 3003, 1028, 1015}
I/ActivityManager( 1025): Process com.motorola.genie (pid 18358) has died.
I/dalvikvm(18551): Could not find method android.os.PowerManager.isPowerSaveMode, referenced from method com.google.android.apps.gmm.iamhere.ble.m.b
W/dalvikvm(18551): VFY: unable to resolve virtual method 1246: Landroid/os/PowerManager;.isPowerSaveMode ()Z
D/dalvikvm(18551): VFY: replacing opcode 0x6e at 0x0074
W/ActivityThread(18551): ClassLoader.loadClass: The class loader returned by Thread.getContextClassLoader() may fail for processes that host multiple applications. You should explicitly specify a context class loader. For example: Thread.setContextClassLoader(getClass().getClassLoader());
I/dalvikvm(18551): Could not find method android.content.pm.PackageManager.getPackageInstaller, referenced from method com.google.android.gms.common.d.a
W/dalvikvm(18551): VFY: unable to resolve virtual method 573: Landroid/content/pm/PackageManager;.getPackageInstaller ()Landroid/content/pm/PackageInstaller;
D/dalvikvm(18551): VFY: replacing opcode 0x6e at 0x000f
W/com.google.a.a.b.d.a(18551): Application name is not set. Call Builder#setApplicationName.
I/ActivityManager( 1025): Start proc com.google.android.music:main for service com.google.android.music/.wear.WearDataTransferConnectionService: pid=18590 uid=10082 gids={50082, 3003, 1028, 1015}
I/ActivityManager( 1025): Process com.google.android.partnersetup (pid 18526) has died.
I/ActivityManager( 1025): Process com.google.android.apps.maps (pid 18551) has died.
D/GCM     (31010): Message class com.google.f.a.a.i
I/GoogleURLConnFactory(31010): Using platform SSLCertificateSocketFactory
W/Uploader(31010): No account for auth token provided
I/MusicStore(18590): Database version: 107
D/dalvikvm(18590): Trying to load lib /data/app-lib/com.google.android.gms-1/libgmscore.so 0x4204ef38
D/dalvikvm(18590): Added shared lib /data/app-lib/com.google.android.gms-1/libgmscore.so 0x4204ef38
D/dalvikvm(18590): No JNI_OnLoad found in /data/app-lib/com.google.android.gms-1/libgmscore.so 0x4204ef38, skipping init
D/dalvikvm(18590): Trying to load lib /data/app-lib/com.google.android.gms-1/libconscrypt_gmscore_jni.so 0x4204ef38
D/dalvikvm(18590): Added shared lib /data/app-lib/com.google.android.gms-1/libconscrypt_gmscore_jni.so 0x4204ef38
V/JNIHelp (18590): Registering com/google/android/gms/org/conscrypt/NativeCrypto's 235 native methods...
I/ActivityManager( 1025): Process com.devexpert.weather (pid 18575) has died.
D/dalvikvm(18590): Trying to load lib /data/app-lib/com.google.android.gms-1/libgmscore.so 0x4204ef38
D/dalvikvm(18590): Shared lib '/data/app-lib/com.google.android.gms-1/libgmscore.so' already loaded in same CL 0x4204ef38
D/dalvikvm(18590): Trying to load lib /data/app-lib/com.google.android.gms-1/libconscrypt_gmscore_jni.so 0x4204ef38
D/dalvikvm(18590): Shared lib '/data/app-lib/com.google.android.gms-1/libconscrypt_gmscore_jni.so' already loaded in same CL 0x4204ef38
I/ProviderInstaller(18590): Installed default security provider GmsCore_OpenSSL
D/AndroidMusic(18590): GMSCore installation verified
I/ConfigStore(18590): Config Database version: 1
D/WifiStateMachine( 1025): handleMessage: E msg.what=151572
D/WifiStateMachine( 1025): processMsg: ConnectedState
D/WifiStateMachine( 1025): processMsg: L2ConnectedState
D/WifiStateMachine( 1025): handleMessage: X
D/ConnectivityService( 1025): handleInetConditionHoldEnd: net=1, condition=100, published condition=100
I/ModemStatsDSDetect( 1327): onReceive() -Intent { act=android.net.conn.INET_CONDITION_ACTION flg=0x4000010 (has extras) }
I/ModemStatsDSDetect( 1327): INET_CONDITION=100 ,activeNet=NetworkInfo: type: WIFI[], state: CONNECTED/CONNECTED, reason: (unspecified), extra: "Moulin Rouge", roaming: false, failover: false, isAvailable: true, isConnectedToProvisioningNetwork: false
I/ModemStatsDSDetect( 1327): onReceive() - done, currentInetCondition=100
I/SBar.NetworkController( 1119): onReceive: ConnectivityManager.INET_CONDITION_ACTION Received
I/SBar.NetworkController( 1119): updateConnectivity: NetworkInfo: NetworkInfo: type: WIFI[], state: CONNECTED/CONNECTED, reason: (unspecified), extra: "Moulin Rouge", roaming: false, failover: false, isAvailable: true, isConnectedToProvisioningNetwork: false, inetCondition= 1
D/dalvikvm( 1025): GC_EXPLICIT freed 910K, 40% free 30367K/50444K, paused 6ms+18ms, total 180ms
E/cutils  (  261): Failed to mkdirat(/storage/sdcard1/Android): Read-only file system
W/Vold    (  261): Returning OperationFailed - no handler for errno 30
W/ContextImpl(18590): Failed to ensure directory: /storage/sdcard1/Android/data/com.google.android.music/files
E/cutils  (  261): Failed to mkdirat(/storage/sdcard1/Android): Read-only file system
W/Vold    (  261): Returning OperationFailed - no handler for errno 30
W/ContextImpl(18590): Failed to ensure directory: /storage/sdcard1/Android/data/com.google.android.music/files
E/cutils  (  261): Failed to mkdirat(/storage/sdcard1/Android): Read-only file system
W/Vold    (  261): Returning OperationFailed - no handler for errno 30
W/ContextImpl(18590): Failed to ensure directory: /storage/sdcard1/Android/data/com.google.android.music/files
I/MediaRouter(18590): Found default route: MediaRouter.RouteInfo{ uniqueId=android/.support.v7.media.SystemMediaRouteProvider:DEFAULT_ROUTE, name=Phone, description=null, enabled=true, connecting=false, canDisconnect=false, playbackType=0, playbackStream=3, volumeHandling=1, volume=0, volumeMax=15, presentationDisplayId=-1, extras=null, settingsIntent=null, providerPackageName=android }
E/dalvikvm(18590): Could not find class 'android.app.Notification$MediaStyle', referenced from method com.google.android.music.playback.MusicPlaybackService.buildLNotification
W/dalvikvm(18590): VFY: unable to resolve new-instance 54 (Landroid/app/Notification$MediaStyle;) in Lcom/google/android/music/playback/MusicPlaybackService;
D/dalvikvm(18590): VFY: replacing opcode 0x22 at 0x001d
D/dalvikvm(18590): DexOpt: couldn't find field Landroid/app/Notification;.visibility
W/dalvikvm(18590): VFY: unable to resolve instance field 27
D/dalvikvm(18590): VFY: replacing opcode 0x59 at 0x0059
D/dalvikvm(18590): DexOpt: unable to opt direct call 0x0203 at 0x1f in Lcom/google/android/music/playback/MusicPlaybackService;.buildLNotification
I/dalvikvm(18590): Could not find method android.view.View.setClipToOutline, referenced from method com.google.android.music.leanback.LeanbackUtils.clipToOutline
W/dalvikvm(18590): VFY: unable to resolve virtual method 15104: Landroid/view/View;.setClipToOutline (Z)V
D/dalvikvm(18590): VFY: replacing opcode 0x6e at 0x0007
I/GHttpClientFactory(18590): Using the GMSCore's GoogleHttpClient
D/SystemUtils(18590): getSystemProperty: lpa.decode=true
D/LocalDevicePlayback(18590): LPAPlayer detected. Disabling gapless.
I/NetworkMonitor(18590): type=WIFI subType= reason=null isConnected=true
E/cutils  (  261): Failed to mkdirat(/storage/sdcard1/Android): Read-only file system
W/Vold    (  261): Returning OperationFailed - no handler for errno 30
W/ContextImpl(18590): Failed to ensure directory: /storage/sdcard1/Android/data/com.google.android.music/files
E/cutils  (  261): Failed to mkdirat(/storage/sdcard1/Android): Read-only file system
W/Vold    (  261): Returning OperationFailed - no handler for errno 30
W/ContextImpl(18590): Failed to ensure directory: /storage/sdcard1/Android/data/com.google.android.music/files
I/NetworkMonitor(18590): type=WIFI subType= reason=null isConnected=true
E/ConnectionService(18590): Failed to connect to GoogleApiClient: ConnectionResult{statusCode=unknown status code 16, resolution=null}
I/LocalDevicePlayback(18590): Streaming client created.
W/ArtDownloadService(18590): Setting cache size 0
D/dalvikvm(31010): GC_EXPLICIT freed 1038K, 40% free 10356K/17224K, paused 2ms+5ms, total 31ms
E/cutils  (  261): Failed to mkdirat(/storage/sdcard1/Android): Read-only file system
W/Vold    (  261): Returning OperationFailed - no handler for errno 30
W/ContextImpl(18590): Failed to ensure directory: /storage/sdcard1/Android/data/com.google.android.music/cache
E/cutils  (  261): Failed to mkdirat(/storage/sdcard1/Android): Read-only file system
W/Vold    (  261): Returning OperationFailed - no handler for errno 30
W/ContextImpl(18590): Failed to ensure directory: /storage/sdcard1/Android/data/com.google.android.music/cache
D/WifiStateMachine( 1025): handleMessage: E msg.what=151572
D/WifiStateMachine( 1025): processMsg: ConnectedState
D/WifiStateMachine( 1025): processMsg: L2ConnectedState
D/WifiStateMachine( 1025): handleMessage: X
I/SFPerfTracer(  274):      triggers: (rate: 1248:49550) (compose: 0:251) (post: 0:20) (render: 84:10545) (0:778703 frames) (1:3295024)
D/SFPerfTracer(  274):        layers: (4:10) (DimLayer: 0:158)* (DimLayer: 0:126)* (FocusedStackFrame: 0:21438)* (StatusBar: 0:263343) (NavigationBar: 0:202061) (DimLayer: 0:24258)* (DimLayer: 0:4652)* (com.android.wallpaper.fall.FallWallpaper: 1:9109) (co.giftmeapp.gift_me/co.giftmeapp.gift_me.GiftMe: 0:261)* (Keyguard: 0:40) 
D/WifiStateMachine( 1025): handleMessage: E msg.what=151572
D/WifiStateMachine( 1025): processMsg: ConnectedState
D/WifiStateMachine( 1025): processMsg: L2ConnectedState
D/WifiStateMachine( 1025): handleMessage: X
D/WifiStateMachine( 1025): handleMessage: E msg.what=131155
D/WifiStateMachine( 1025): processMsg: ConnectedState
D/WifiStateMachine( 1025): processMsg: L2ConnectedState
D/WifiStateMachine( 1025): handleMessage: X
D/WifiStateMachine( 1025): handleMessage: E msg.what=151572
D/WifiStateMachine( 1025): processMsg: ConnectedState
D/WifiStateMachine( 1025): processMsg: L2ConnectedState
D/WifiStateMachine( 1025): handleMessage: X
W/BroadcastQueue( 1025): Permission Denial: broadcasting Intent { act=android.net.conn.INET_CONDITION_ACTION flg=0x4000010 (has extras) } from null (pid=-1, uid=-1) requires com.facebook.permission.prod.FB_APP_COMMUNICATION due to registered receiver BroadcastFilter{42b27208 u0 ReceiverList{433958a0 18422 com.facebook.katana/10110/u0 remote:4299f830}}
W/BroadcastQueue( 1025): Permission Denial: broadcasting Intent { act=android.net.conn.CONNECTIVITY_CHANGE flg=0x4000010 (has extras) } from null (pid=-1, uid=-1) requires com.facebook.permission.prod.FB_APP_COMMUNICATION due to registered receiver BroadcastFilter{42b27208 u0 ReceiverList{433958a0 18422 com.facebook.katana/10110/u0 remote:4299f830}}
W/dalvikvm(18422): Unable to resolve superclass of Lcom/facebook/push/adm/ADMBroadcastReceiver; (505)
W/dalvikvm(18422): Link of class 'Lcom/facebook/push/adm/ADMBroadcastReceiver;' failed
E/dalvikvm(18422): Could not find class 'com.facebook.push.adm.ADMBroadcastReceiver', referenced from method com.facebook.push.adm.ADMPushManager.b
W/dalvikvm(18422): VFY: unable to resolve const-class 8355 (Lcom/facebook/push/adm/ADMBroadcastReceiver;) in Lcom/facebook/push/adm/ADMPushManager;
D/dalvikvm(18422): VFY: replacing opcode 0x1c at 0x000e
W/fb4a(:<default>):AbstractMqttPushService(18422): Attempt to start service that is already started
W/fb4a(:<default>):AbstractMqttPushService(18422): Attempt to start service that is already started
D/dalvikvm(18422): GC_CONCURRENT freed 4180K, 25% free 13001K/17224K, paused 4ms+5ms, total 57ms
W/BroadcastQueue( 1025): Permission Denial: broadcasting Intent { act=android.net.conn.CONNECTIVITY_CHANGE flg=0x4000010 (has extras) } from null (pid=-1, uid=-1) requires com.facebook.permission.prod.FB_APP_COMMUNICATION due to registered receiver BroadcastFilter{428ebae8 u0 ReceiverList{43095a50 18422 com.facebook.katana/10110/u0 remote:4229b3e8}}
D/GcOptimizer(18422): Configure for next cold start: enable
D/WifiStateMachine( 1025): handleMessage: E msg.what=151572
D/WifiStateMachine( 1025): processMsg: ConnectedState
D/WifiStateMachine( 1025): processMsg: L2ConnectedState
D/WifiStateMachine( 1025): handleMessage: X
I/ActivityManager( 1025): Start proc com.facebook.orca for content provider com.facebook.orca/.notify.MessengerLoggedInUserProvider: pid=18705 uid=10147 gids={50147, 3003, 1028, 1015}
D/ACRA    (18705): ACRA is enabled for com.facebook.orca, intializing...
D/ACRA    (18705): Looking for error files in /data/user/0/com.facebook.orca/app_acra-reports
D/ACRA    (18705): Looking for error files in /data/user/0/com.facebook.orca/app_minidumps
D/dalvikvm(18705): Trying to load lib /data/app-lib/com.facebook.orca-2/libgnustl_shared.so 0x41fb4418
D/dalvikvm(18705): Added shared lib /data/app-lib/com.facebook.orca-2/libgnustl_shared.so 0x41fb4418
D/dalvikvm(18705): No JNI_OnLoad found in /data/app-lib/com.facebook.orca-2/libgnustl_shared.so 0x41fb4418, skipping init
D/dalvikvm(18705): Trying to load lib /data/app-lib/com.facebook.orca-2/libfb_breakpad_client.so 0x41fb4418
D/dalvikvm(18705): Added shared lib /data/app-lib/com.facebook.orca-2/libfb_breakpad_client.so 0x41fb4418
D/dalvikvm(18705): Trying to load lib /data/app-lib/com.facebook.orca-2/libfb_dalvik-internals.so 0x41fb4418
D/dalvikvm(18705): Added shared lib /data/app-lib/com.facebook.orca-2/libfb_dalvik-internals.so 0x41fb4418
V/DexLibLoader(18705): about to lock: /data/user/0/com.facebook.orca/mdex_lock
V/DexLibLoader(18705): locking /data/user/0/com.facebook.orca/mdex_lock took 1 ms
V/DexLibLoader(18705): Secondary program dex metadata: secondary-1.dex.jar 790183d1fb728678b0d8546ed8e9eaef90404089 secondary.dex01.Canary
V/DexLibLoader(18705): Secondary program dex metadata: secondary-2.dex.jar 03b795797c6ded9e8b3df575980b7d37d9ca8dad secondary.dex02.Canary
V/DexLibLoader(18705): Secondary program dex metadata: secondary-3.dex.jar 5ccf73e2daa6156653af1c6485ad6053f38846b9 secondary.dex03.Canary
V/DexLibLoader(18705): directory "/data/user/0/com.facebook.orca/app_secondary_program_dex" contains "program-790183d1fb728678b0d8546ed8e9eaef904040896661a1c7.dex.jar" as expected
V/DexLibLoader(18705): directory "/data/user/0/com.facebook.orca/app_secondary_program_dex" contains "program-03b795797c6ded9e8b3df575980b7d37d9ca8dad6661a1c7.dex.jar" as expected
V/DexLibLoader(18705): directory "/data/user/0/com.facebook.orca/app_secondary_program_dex" contains "program-5ccf73e2daa6156653af1c6485ad6053f38846b96661a1c7.dex.jar" as expected
D/DexLibLoader(18705): ignoring file "program-790183d1fb728678b0d8546ed8e9eaef904040896661a1c7.dex.odex" in "/data/user/0/com.facebook.orca/app_secondary_program_dex"
D/DexLibLoader(18705): ignoring file "program-03b795797c6ded9e8b3df575980b7d37d9ca8dad6661a1c7.dex.odex" in "/data/user/0/com.facebook.orca/app_secondary_program_dex"
D/DexLibLoader(18705): ignoring file "program-5ccf73e2daa6156653af1c6485ad6053f38846b96661a1c7.dex.odex" in "/data/user/0/com.facebook.orca/app_secondary_program_dex"
D/DexLibLoader(18705): directory "/data/user/0/com.facebook.orca/app_secondary_program_dex" is valid
D/DexLibLoader(18705): ignoring file "primary_deps" in "/data/user/0/com.facebook.orca/app_secondary_program_dex_opt"
V/DexLibLoader(18705): directory "/data/user/0/com.facebook.orca/app_secondary_program_dex_opt" contains "program-790183d1fb728678b0d8546ed8e9eaef904040896661a1c7.dex.dex" as expected
V/DexLibLoader(18705): directory "/data/user/0/com.facebook.orca/app_secondary_program_dex_opt" contains "program-03b795797c6ded9e8b3df575980b7d37d9ca8dad6661a1c7.dex.dex" as expected
V/DexLibLoader(18705): directory "/data/user/0/com.facebook.orca/app_secondary_program_dex_opt" contains "program-5ccf73e2daa6156653af1c6485ad6053f38846b96661a1c7.dex.dex" as expected
D/DexLibLoader(18705): directory "/data/user/0/com.facebook.orca/app_secondary_program_dex_opt" is valid
D/DexLibLoader(18705): loading pre-built cross-dex opt odex files
V/dalvik-internals(18705): hooked dvmResolveClass using jump ()
V/dalvik-internals(18705): hooked dvmFlushBreakpoints using jump ()
V/MultiDexClassLoader(18705): installing MultiDexClassLoader before application classloader
I/dalvikvm(18705): Could not find method dalvik.system.DexFile.loadClassBinaryName, referenced from method com.facebook.common.l.g.a
W/dalvikvm(18705): VFY: unable to resolve virtual method 1453: Ldalvik/system/DexFile;.loadClassBinaryName (Ljava/lang/String;Ljava/lang/ClassLoader;)Ljava/lang/Class;
D/dalvikvm(18705): VFY: replacing opcode 0x6e at 0x0000
D/DexLibLoader(18705): released odex store lock
D/DexLibLoader(18705): DexLibLoader.loadAll took 72 ms
D/WifiStateMachine( 1025): handleMessage: E msg.what=151572
D/WifiStateMachine( 1025): processMsg: ConnectedState
D/WifiStateMachine( 1025): processMsg: L2ConnectedState
D/WifiStateMachine( 1025): handleMessage: X
D/WifiStateMachine( 1025): handleMessage: E msg.what=131155
D/WifiStateMachine( 1025): processMsg: ConnectedState
D/WifiStateMachine( 1025): processMsg: L2ConnectedState
D/WifiStateMachine( 1025): handleMessage: X
W/bp      (18705): Verify
I/ActivityManager( 1025): Process com.bambuna.podcastaddict (pid 16561) has died.
W/ActivityManager( 1025): Scheduling restart of crashed service com.bambuna.podcastaddict/.service.PodcastAddictService in 1000ms
I/ActivityManager( 1025): Process com.google.android.gms.wearable (pid 25005) has died.
W/ActivityManager( 1025): Scheduling restart of crashed service com.google.android.gms/.wearable.service.WearableService in 34220ms
I/ActivityManager( 1025): Start proc com.google.android.gms.wearable for service com.google.android.gms/.wearable.service.WearableService: pid=18750 uid=10022 gids={50022, 3003, 1007, 1028, 1015, 3002, 3001, 3007, 2001, 3006}
D/dalvikvm(  275): GC_EXPLICIT freed 43K, 48% free 9011K/17224K, paused 2ms+2ms, total 22ms
D/dalvikvm(  275): GC_EXPLICIT freed <1K, 48% free 9011K/17224K, paused 2ms+3ms, total 20ms
D/dalvikvm(  275): GC_EXPLICIT freed <1K, 48% free 9011K/17224K, paused 1ms+3ms, total 18ms
W/dalvikvm(18750): VFY: unable to resolve static field 658 (PR_SET_DUMPABLE) in Landroid/system/OsConstants;
D/dalvikvm(18750): VFY: replacing opcode 0x60 at 0x000b
E/dalvikvm(18705): Could not find class 'org.apache.harmony.xnet.provider.jsse.OpenSSLSocketImpl', referenced from method com.facebook.ssl.openssl.a.b.<clinit>
W/dalvikvm(18705): VFY: unable to resolve const-class 10658 (Lorg/apache/harmony/xnet/provider/jsse/OpenSSLSocketImpl;) in Lcom/facebook/ssl/openssl/a/b;
D/dalvikvm(18705): VFY: replacing opcode 0x1c at 0x000d
E/dalvikvm(18705): Could not find class 'org.apache.harmony.xnet.provider.jsse.OpenSSLSocketFactoryImpl', referenced from method com.facebook.ssl.openssl.b.b.<clinit>
W/dalvikvm(18705): VFY: unable to resolve const-class 10657 (Lorg/apache/harmony/xnet/provider/jsse/OpenSSLSocketFactoryImpl;) in Lcom/facebook/ssl/openssl/b/b;
D/dalvikvm(18705): VFY: replacing opcode 0x1c at 0x000d
E/dalvikvm(18705): Could not find class 'org.apache.harmony.xnet.provider.jsse.SSLParametersImpl', referenced from method com.facebook.ssl.openssl.b.b.a
W/dalvikvm(18705): VFY: unable to resolve check-cast 10660 (Lorg/apache/harmony/xnet/provider/jsse/SSLParametersImpl;) in Lcom/facebook/ssl/openssl/b/b;
D/dalvikvm(18705): VFY: replacing opcode 0x1f at 0x0006
E/dalvikvm(18705): Could not find class 'org.apache.harmony.xnet.provider.jsse.SSLParametersImpl', referenced from method com.facebook.ssl.openssl.b.c.<clinit>
W/dalvikvm(18705): VFY: unable to resolve const-class 10660 (Lorg/apache/harmony/xnet/provider/jsse/SSLParametersImpl;) in Lcom/facebook/ssl/openssl/b/c;
D/dalvikvm(18705): VFY: replacing opcode 0x1c at 0x000d
W/dalvikvm(18705): VFY: unable to find class referenced in signature (Lorg/apache/harmony/xnet/provider/jsse/SSLParametersImpl;)
E/dalvikvm(18705): Could not find class 'org.apache.harmony.xnet.provider.jsse.ClientSessionContext', referenced from method com.facebook.ssl.openssl.b.c.a
W/dalvikvm(18705): VFY: unable to resolve check-cast 10656 (Lorg/apache/harmony/xnet/provider/jsse/ClientSessionContext;) in Lcom/facebook/ssl/openssl/b/c;
D/dalvikvm(18705): VFY: replacing opcode 0x1f at 0x0006
W/dalvikvm(18705): VFY: unable to find class referenced in signature (Lorg/apache/harmony/xnet/provider/jsse/SSLParametersImpl;)
W/dalvikvm(18705): Unable to resolve superclass of Lcom/facebook/ssl/openssl/TicketEnabledOpenSSLSocketImplWrapper; (10659)
W/dalvikvm(18705): Link of class 'Lcom/facebook/ssl/openssl/TicketEnabledOpenSSLSocketImplWrapper;' failed
E/dalvikvm(18705): Could not find class 'com.facebook.ssl.openssl.TicketEnabledOpenSSLSocketImplWrapper', referenced from method com.facebook.ssl.openssl.b.a
W/dalvikvm(18705): VFY: unable to resolve new-instance 7258 (Lcom/facebook/ssl/openssl/TicketEnabledOpenSSLSocketImplWrapper;) in Lcom/facebook/ssl/openssl/b;
D/dalvikvm(18705): VFY: replacing opcode 0x22 at 0x0000
W/dalvikvm(18705): Unable to resolve superclass of Lcom/facebook/ssl/openssl/TicketEnabledOpenSSLSocketImplWrapper; (10659)
W/dalvikvm(18705): Link of class 'Lcom/facebook/ssl/openssl/TicketEnabledOpenSSLSocketImplWrapper;' failed
D/dalvikvm(18705): DexOpt: unable to opt direct call 0x9f40 at 0x08 in Lcom/facebook/ssl/openssl/b;.a
I/MultiDex(18750): VM with version 1.6.0 does not have multidex support
I/MultiDex(18750): install
I/MultiDex(18750): MultiDexExtractor.load(/data/app/com.google.android.gms-1.apk, false)
I/MultiDex(18750): loading existing secondary dex files
I/MultiDex(18750): load found 3 secondary dex files
I/ActivityManager( 1025): Process com.google.android.music:main (pid 18590) has died.
W/ActivityManager( 1025): Service ServiceRecord{43be0150 u0 com.google.android.music/.download.artwork.ArtDownloadService} in process ProcessRecord{431d55f0 18590:com.google.android.music:main/u0a82} not same as in map: null
W/ActivityManager( 1025): Service ServiceRecord{43b4dca0 u0 com.google.android.music/.download.cache.TrackCacheService} in process ProcessRecord{431d55f0 18590:com.google.android.music:main/u0a82} not same as in map: null
W/ActivityManager( 1025): Scheduling restart of crashed service com.google.android.music/.wear.WearDataTransferConnectionService in 33960ms
W/ActivityManager( 1025): Service ServiceRecord{4395bd80 u0 com.google.android.music/.download.TrackDownloadQueueService} in process ProcessRecord{431d55f0 18590:com.google.android.music:main/u0a82} not same as in map: null
W/ActivityManager( 1025): Scheduling restart of crashed service com.google.android.music/.leanback.AutoCacheSchedulingService in 43959ms
W/ActivityManager( 1025): Scheduling restart of crashed service com.google.android.music/.wear.WearMetadataSyncService in 53959ms
W/ActivityManager( 1025): Service ServiceRecord{430e4e30 u0 com.google.android.music/.net.NetworkMonitor} in process ProcessRecord{431d55f0 18590:com.google.android.music:main/u0a82} not same as in map: null
W/ActivityManager( 1025): Service ServiceRecord{43046258 u0 com.google.android.music/.preferences.MusicPreferenceService$MusicPreferenceServiceBinder} in process ProcessRecord{431d55f0 18590:com.google.android.music:main/u0a82} not same as in map: null
W/ActivityManager( 1025): Scheduling restart of crashed service com.google.android.music/.playback.MusicPlaybackService in 53959ms
I/MultiDex(18750): install done
W/msgr(:<default>):a(18705): Attempt to start service that is already started
I/ProviderInstaller(18750): Insert disabled by gate 'gms:security:enable_conscrypt_in_gms_application'
D/GCM     (31010): GcmService start Intent { act=com.google.android.gms.INITIALIZE flg=0x10 pkg=com.google.android.gms cmp=com.google.android.gms/.gcm.GcmService } com.google.android.gms.INITIALIZE
I/dalvikvm(18750): Could not find method android.os.UserManager.getUserProfiles, referenced from method com.google.android.gms.wearable.service.aa.a
W/dalvikvm(18750): VFY: unable to resolve virtual method 1178: Landroid/os/UserManager;.getUserProfiles ()Ljava/util/List;
D/dalvikvm(18750): VFY: replacing opcode 0x6e at 0x0045
D/AuthorizationBluetoothService(31010): Received GmsCore event: Intent { act=com.google.android.gms.INITIALIZE flg=0x10 pkg=com.google.android.gms cmp=com.google.android.gms/.auth.be.proximity.authorization.bt.AuthorizationBluetoothService$AutoStarter }.
E/AuthorizationBluetoothService(31010): Proximity feature is not enabled.
I/PowerManagerService( 1025): Nap time...
I/PowerManagerService( 1025): Going to sleep due to screen timeout...
V/GmsCoreStatsServiceLauncher(11661): Received broadcast intent Intent { act=com.google.android.gms.INITIALIZE flg=0x10 pkg=com.google.android.gms cmp=com.google.android.gms/.common.stats.GmsCoreStatsServiceLauncher }
D/Ulp_jni ( 1025): Location CB invoked
D/dalvikvm(18705): Trying to load lib /data/app-lib/com.facebook.orca-2/libfbjni.so 0x41fb4418
D/LocationInitializer(11661): Restart initialization of location
D/dalvikvm(18705): Added shared lib /data/app-lib/com.facebook.orca-2/libfbjni.so 0x41fb4418
D/dalvikvm(18705): Trying to load lib /data/app-lib/com.facebook.orca-2/libheartbleed.so 0x41fb4418
D/dalvikvm(18705): Added shared lib /data/app-lib/com.facebook.orca-2/libheartbleed.so 0x41fb4418
I/SFPerfTracer(  274):      triggers: (rate: 1248:49554) (compose: 0:251) (post: 0:20) (render: 84:10545) (0:778742 frames) (1:3295124)
D/SFPerfTracer(  274):        layers: (4:11) (DimLayer: 0:158)* (DimLayer: 0:126)* (FocusedStackFrame: 0:21438)* (StatusBar: 0:263381) (NavigationBar: 0:202061) (DimLayer: 0:24258)* (DimLayer: 0:4652)* (com.android.wallpaper.fall.FallWallpaper: 1:9180) (co.giftmeapp.gift_me/co.giftmeapp.gift_me.GiftMe: 0:261)* (Keyguard: 0:40) (ElectronBeam: 0:1)* 
E/dalvikvm(18750): Could not find class 'android.telecom.TelecomManager', referenced from method com.google.android.gms.wearable.service.o.a
W/dalvikvm(18750): VFY: unable to resolve check-cast 461 (Landroid/telecom/TelecomManager;) in Lcom/google/android/gms/wearable/service/o;
D/dalvikvm(18750): VFY: replacing opcode 0x1f at 0x0056
W/dalvikvm(18750): VFY: unable to find class referenced in signature (Landroid/telecom/TelecomManager;)
I/dalvikvm(18750): Could not find method android.content.pm.PackageManager.getPackageInstaller, referenced from method com.google.android.gms.common.ff.a
W/dalvikvm(18750): VFY: unable to resolve virtual method 479: Landroid/content/pm/PackageManager;.getPackageInstaller ()Landroid/content/pm/PackageInstaller;
D/dalvikvm(18750): VFY: replacing opcode 0x6e at 0x000d
E/MDM     (31342): [421073] b.run: Couldn't connect to Google API client: ConnectionResult{statusCode=API_UNAVAILABLE, resolution=null}
D/WifiStateMachine( 1025): handleMessage: E msg.what=151572
D/WifiStateMachine( 1025): processMsg: ConnectedState
D/WifiStateMachine( 1025): processMsg: L2ConnectedState
D/WifiStateMachine( 1025): handleMessage: X
D/dalvikvm(18422): GC_CONCURRENT freed 7004K, 34% free 14152K/21196K, paused 4ms+7ms, total 71ms
D/SurfaceFlinger(  274): Screen released, type=0 flinger=0xb769f450
D/qdhwcomposer(  274): hwc_blank: Blanking display: 0
I/SFPerfTracer(  274):       trigger: vsync rate (-52.393%)	(28.564 vps)	(35.009 ms)* 	(245 drops)	(356 vsyncs)
I/SFPerfTracer(  274):      triggers: (rate: 1116:446491) (339181 sw vsyncs) (1044753 skipped) (356:3313385 vsyncs) (358:4151978)
I/ActivityManager( 1025): Start proc com.bambuna.podcastaddict for service com.bambuna.podcastaddict/.service.PodcastAddictService: pid=18801 uid=10113 gids={50113, 3003, 1028, 1015, 3002}
I/InputReader( 1025): Reconfiguring input devices.  changes=0x00000010
I/PackageManager( 1025): Adding preferred activity ComponentInfo{com.android.mms/com.android.mms.ui.ComposeMessageActivity} for user 0 :
I/PackageManager( 1025):   Action: "android.intent.action.SENDTO"
I/PackageManager( 1025):   Category: "android.intent.category.DEFAULT"
I/PackageManager( 1025):   Scheme: "sms"
I/PackageManager( 1025): Adding preferred activity ComponentInfo{com.android.mms/com.android.mms.ui.ComposeMessageActivity} for user 0 :
I/PackageManager( 1025):   Action: "android.intent.action.SENDTO"
I/PackageManager( 1025):   Category: "android.intent.category.DEFAULT"
I/PackageManager( 1025):   Scheme: "smsto"
I/Launcher( 2206): Deferring update until onResume
D/qdhwcomposer(  274): hwc_blank: Done blanking display: 0
D/SurfaceControl( 1025): Excessive delay in blankDisplay() while turning screen off: 209ms
I/PackageManager( 1025): Adding preferred activity ComponentInfo{com.android.mms/com.android.mms.ui.ComposeMessageActivity} for user 0 :
I/PackageManager( 1025):   Action: "android.intent.action.SENDTO"
I/PackageManager( 1025):   Category: "android.intent.category.DEFAULT"
I/PackageManager( 1025):   Scheme: "mms"
I/ActivityManager( 1025): Start proc com.android.vending for broadcast com.android.vending/com.google.android.finsky.receivers.PackageMonitorReceiver$RegisteredReceiver: pid=18813 uid=10039 gids={50039, 3003, 1028, 1015}
I/Launcher( 2206): Deferring update until onResume
I/PackageManager( 1025): Adding preferred activity ComponentInfo{com.android.mms/com.android.mms.ui.ComposeMessageActivity} for user 0 :
I/PackageManager( 1025):   Action: "android.intent.action.SENDTO"
I/PackageManager( 1025):   Category: "android.intent.category.DEFAULT"
I/PackageManager( 1025):   Scheme: "mmsto"
I/PackageManager( 1025): Adding preferred activity ComponentInfo{com.android.mms/com.android.mms.ui.ComposeMessageActivity} for user 0 :
I/PackageManager( 1025):   Action: "android.intent.action.SENDTO"
I/PackageManager( 1025):   Category: "android.intent.category.DEFAULT"
I/PackageManager( 1025):   Scheme: "sms"
I/PackageManager( 1025): Adding preferred activity ComponentInfo{com.android.mms/com.android.mms.ui.ComposeMessageActivity} for user 0 :
I/PackageManager( 1025):   Action: "android.intent.action.SENDTO"
I/PackageManager( 1025):   Category: "android.intent.category.DEFAULT"
I/PackageManager( 1025):   Scheme: "smsto"
I/PackageManager( 1025): Adding preferred activity ComponentInfo{com.android.mms/com.android.mms.ui.ComposeMessageActivity} for user 0 :
I/PackageManager( 1025):   Action: "android.intent.action.SENDTO"
I/PackageManager( 1025):   Category: "android.intent.category.DEFAULT"
I/PackageManager( 1025):   Scheme: "mms"
I/PackageManager( 1025): Adding preferred activity ComponentInfo{com.android.mms/com.android.mms.ui.ComposeMessageActivity} for user 0 :
I/PackageManager( 1025):   Action: "android.intent.action.SENDTO"
I/PackageManager( 1025):   Category: "android.intent.category.DEFAULT"
I/PackageManager( 1025):   Scheme: "mmsto"
I/Fabric  (18801): Initializing Crashlytics 2.0.0.15
E/cutils  (  261): Failed to mkdirat(/storage/sdcard1/Android): Read-only file system
W/Vold    (  261): Returning OperationFailed - no handler for errno 30
W/ContextImpl(18801): Failed to ensure directory: /storage/sdcard1/Android/data/com.bambuna.podcastaddict/files
W/ServerHelper(18801): sendServerDataAsync()
E/PodcastAddictService(18801): starting service: #697
I/CleanupHelper(18801): setupAutoTrashCleanerService()
D/Finsky  (18813): [1] FinskyApp.onCreate: Initializing network with DFE https://android.clients.google.com/fdfe/
W/GAV2    (18801): Thread[z,1,main]: Need to call initialize() and be in fallback mode to start dispatch.
W/GAV2    (18801): Thread[z,1,main]: dispatch call queued.  Need to call GAServiceManager.getInstance().initialize().
D/WifiStateMachine( 1025): handleMessage: E msg.what=151572
D/WifiStateMachine( 1025): processMsg: ConnectedState
D/WifiStateMachine( 1025): processMsg: L2ConnectedState
D/WifiStateMachine( 1025): handleMessage: X
D/Finsky  (18813): [1] DailyHygiene.goMakeHygieneIfDirty: No need to run daily hygiene.
W/Settings(18813): Setting download_manager_max_bytes_over_mobile has moved from android.provider.Settings.Secure to android.provider.Settings.Global.
W/Settings(18813): Setting download_manager_recommended_max_bytes_over_mobile has moved from android.provider.Settings.Secure to android.provider.Settings.Global.
I/dalvikvm(18813): Could not find method com.google.android.play.layout.PlayCardViewBase.setTransitionName, referenced from method com.google.android.finsky.utils.PlayCardUtils.bindCard
W/dalvikvm(18813): VFY: unable to resolve virtual method 42705: Lcom/google/android/play/layout/PlayCardViewBase;.setTransitionName (Ljava/lang/String;)V
D/dalvikvm(18813): VFY: replacing opcode 0x6e at 0x00d9
I/dalvikvm(18813): Could not find method com.google.android.play.layout.PlayCardViewBase.setTransitionGroup, referenced from method com.google.android.finsky.utils.PlayCardUtils.bindCard
W/dalvikvm(18813): VFY: unable to resolve virtual method 42704: Lcom/google/android/play/layout/PlayCardViewBase;.setTransitionGroup (Z)V
D/dalvikvm(18813): VFY: replacing opcode 0x6e at 0x0246
I/ActivityManager( 1025): Process com.facebook.orca (pid 18705) has died.
W/ActivityManager( 1025): Scheduling restart of crashed service com.facebook.orca/com.facebook.push.mqtt.service.MqttPushService in 65536000ms
I/dalvikvm(18813): Could not find method android.view.View.getTransitionName, referenced from method com.google.android.finsky.navigationmanager.NavigationManager.showPage
W/dalvikvm(18813): VFY: unable to resolve virtual method 9352: Landroid/view/View;.getTransitionName ()Ljava/lang/String;
D/dalvikvm(18813): VFY: replacing opcode 0x6e at 0x001a
D/Finsky  (18813): [1] 2.run: Loaded library for account: [gKXbJhL8NA2nPUzZyFpjB6tKi7U]
D/Finsky  (18813): [1] 2.run: Finished loading 1 libraries.
D/PackageBroadcastService(11661): Received broadcast action=android.intent.action.PACKAGE_CHANGED and uri=com.motorola.genie
I/ActivityManager( 1025): Start proc com.motorola.MotGallery2 for broadcast com.motorola.MotGallery2/com.android.gallery3d.app.PackagesMonitor: pid=18887 uid=10034 gids={50034, 3003, 1028, 1015}
I/AonLTInterfaceService( 1295): AodLT package version: 1000000
D/KeyguardHostView( 1119): showSecurityScreen(None)
D/dalvikvm( 1025): GC_EXPLICIT freed 1474K, 40% free 30564K/50444K, paused 7ms+22ms, total 201ms
D/KeyguardHostView( 1119): getSecurityView(None)
I/ActivityManager( 1025): Process com.android.vending (pid 18813) has died.
D/WifiStateMachine( 1025): handleScreenStateChanged: false
D/WifiStateMachine( 1025): handleMessage: E msg.what=131154
D/WifiStateMachine( 1025): processMsg: ConnectedState
D/WifiStateMachine( 1025): processMsg: L2ConnectedState
D/WifiStateMachine( 1025): handleMessage: X
D/WifiStateMachine( 1025): handleMessage: E msg.what=131163
D/WifiStateMachine( 1025): processMsg: ConnectedState
D/WifiStateMachine( 1025): processMsg: L2ConnectedState
D/WifiStateMachine( 1025): processMsg: ConnectModeState
D/WifiStateMachine( 1025): processMsg: DriverStartedState
D/WifiStateMachine( 1025): processMsg: SupplicantStartedState
D/WifiStateMachine( 1025): processMsg: DefaultState
D/WifiStateMachine( 1025): handleMessage: X
D/WifiStateMachine( 1025): handleMessage: E msg.what=131158
D/WifiStateMachine( 1025): processMsg: ConnectedState
D/WifiStateMachine( 1025): processMsg: L2ConnectedState
D/WifiStateMachine( 1025): processMsg: ConnectModeState
D/WifiStateMachine( 1025): processMsg: DriverStartedState
D/WifiStateMachine( 1025): setSuspendOptimizationsNative: 4 true
D/Sensors ( 1025): AccelerationSensor: Set Sensors state 0x0
D/audio_hw_primary(  277): adev_set_parameters: enter: screen_state=off
V/msm8974_platform(  277): platform_set_parameters: enter: screen_state=off
V/msm8974_platform(  277): platform_set_parameters: exit with code(-2)
E/audio_a2dp_hw(  277): adev_set_parameters: ERROR: set param called even when stream out is null
V/KeyguardHostView( 1119): Initial transport state: 0, pbstate=1
D/WifiStateMachine( 1025): handleMessage: X
W/IdleConnectionHandler(18422): Removing a connection that never existed!
