I/MDMCTBK (  273): MdmCutbackHndler,readFromFile = /sys/class/power_supply/usb/online
I/MDMCTBK (  273): MdmCutbackHndler,readFromFile = 
E/MDMCTBK (  273): MdmCutbackHndler,Could not open ''
V/GAV3    ( 8246): Thread[main,5,main]: service connected, binder: android.os.BinderProxy@41ff8e78
V/GAV3    ( 8246): Thread[main,5,main]: bound to service
V/GAV3    ( 8246): Thread[main,5,main]: Connected to service
D/dalvikvm(27213): GC_CONCURRENT freed 1966K, 40% free 12349K/20348K, paused 3ms+10ms, total 57ms
D/dalvikvm(27213): WAIT_FOR_CONCURRENT_GC blocked 33ms
D/dalvikvm(27213): WAIT_FOR_CONCURRENT_GC blocked 34ms
D/dalvikvm(27213): WAIT_FOR_CONCURRENT_GC blocked 33ms
D/dalvikvm(27213): WAIT_FOR_CONCURRENT_GC blocked 34ms
D/dalvikvm(27213): WAIT_FOR_CONCURRENT_GC blocked 34ms
D/dalvikvm(27213): WAIT_FOR_CONCURRENT_GC blocked 35ms
D/dalvikvm(27213): WAIT_FOR_CONCURRENT_GC blocked 35ms
D/dalvikvm(27213): WAIT_FOR_CONCURRENT_GC blocked 34ms
D/dalvikvm(27213): WAIT_FOR_CONCURRENT_GC blocked 34ms
D/dalvikvm(27213): WAIT_FOR_CONCURRENT_GC blocked 34ms
D/dalvikvm(27213): WAIT_FOR_CONCURRENT_GC blocked 34ms
D/dalvikvm(27213): WAIT_FOR_CONCURRENT_GC blocked 35ms
D/dalvikvm(27213): WAIT_FOR_CONCURRENT_GC blocked 35ms
D/dalvikvm(27213): WAIT_FOR_CONCURRENT_GC blocked 34ms
D/dalvikvm(27213): WAIT_FOR_CONCURRENT_GC blocked 34ms
D/dalvikvm(27213): WAIT_FOR_CONCURRENT_GC blocked 36ms
D/dalvikvm(27213): WAIT_FOR_CONCURRENT_GC blocked 38ms
D/dalvikvm(23032): GC_CONCURRENT freed 1939K, 37% free 10910K/17224K, paused 2ms+11ms, total 52ms
I/GCoreUlr(23032): WorldUpdater received intent Intent { act=com.google.android.location.reporting.ACTION_UPDATE_WORLD cmp=com.google.android.gms/com.google.android.location.reporting.service.DispatchingService (has extras) } with receiverAction android.intent.action.ACTION_POWER_CONNECTED
I/dalvikvm( 8595): Could not find method android.content.pm.PackageManager.getPackageInstaller, referenced from method com.google.android.gms.common.ff.a
W/dalvikvm( 8595): VFY: unable to resolve virtual method 479: Landroid/content/pm/PackageManager;.getPackageInstaller ()Landroid/content/pm/PackageInstaller;
D/dalvikvm( 8595): VFY: replacing opcode 0x6e at 0x000d
I/GCoreUlr(23032): WorldUpdater:android.intent.action.ACTION_POWER_CONNECTED: Ensuring that reporting is stopped because of reasons: {account#2#=[InactiveReason{mVersionCode=0, mIdentifier=6, mName='ReportingNotEnabled'}, InactiveReason{mVersionCode=0, mIdentifier=14, mName='HistoryNotEnabled'}]}
I/GCoreUlr(23032): Unbound from all location providers
I/GCoreUlr(23032): DispatchingService.onDestroy()
I/GCoreUlr(23032): Unbound from all location providers
D/dalvikvm(27213): GC_EXPLICIT freed 1032K, 41% free 12191K/20348K, paused 2ms+7ms, total 36ms
D/dalvikvm(27213): GC_EXPLICIT freed 733K, 41% free 12192K/20348K, paused 3ms+6ms, total 38ms
D/dalvikvm(27213): GC_EXPLICIT freed 722K, 41% free 12202K/20348K, paused 3ms+5ms, total 39ms
I/ActivityManager( 1025): Start proc com.motorola.genie for broadcast com.motorola.genie/.prefetch.PowerStatusReceiver: pid=10069 uid=10026 gids={50026, 3003, 1028, 1015}
E/LocalFingerprints(27213): cannot compute fingerprint for: content://media/external/images/media/3224
E/LocalFingerprints(27213): java.io.FileNotFoundException: No such file or directory
E/LocalFingerprints(27213): 	at android.database.DatabaseUtils.readExceptionWithFileNotFoundExceptionFromParcel(DatabaseUtils.java:146)
E/LocalFingerprints(27213): 	at android.content.ContentProviderProxy.openTypedAssetFile(ContentProviderNative.java:682)
E/LocalFingerprints(27213): 	at android.content.ContentResolver.openTypedAssetFileDescriptor(ContentResolver.java:1063)
E/LocalFingerprints(27213): 	at android.content.ContentResolver.openAssetFileDescriptor(ContentResolver.java:904)
E/LocalFingerprints(27213): 	at android.content.ContentResolver.openInputStream(ContentResolver.java:629)
E/LocalFingerprints(27213): 	at hti.a(PG:160)
E/LocalFingerprints(27213): 	at hrm.a(PG:135)
E/LocalFingerprints(27213): 	at com.google.android.libraries.social.autobackup.FingerprintScannerIntentService.onHandleIntent(PG:77)
E/LocalFingerprints(27213): 	at android.app.IntentService$ServiceHandler.handleMessage(IntentService.java:65)
E/LocalFingerprints(27213): 	at android.os.Handler.dispatchMessage(Handler.java:102)
E/LocalFingerprints(27213): 	at android.os.Looper.loop(Looper.java:136)
E/LocalFingerprints(27213): 	at android.os.HandlerThread.run(HandlerThread.java:61)
D/WifiStateMachine( 1025): handleMessage: E msg.what=151572
D/WifiStateMachine( 1025): processMsg: ConnectedState
D/WifiStateMachine( 1025): processMsg: L2ConnectedState
I/SBar.NetworkController( 1119): refreshSignalCluster: wifi: mWifiConnected=true Wifi=zz_moto_stat_sys_wifi_signal_4_fully_wide Activity=zz_moto_stat_sys_wifi_out_wide in=false out=false Accessibility="Wi-Fi signal full."
I/SBar.NetworkController( 1119): refreshSignalCluster: mobile: Signal=zz_moto_stat_sys_signal_1_fully_wide Roaming=(none) mSimIconId=(none) Accessibility="Phone one bar.","Not roaming.",""
I/SBar.NetworkController( 1119): refreshSignalCluster: mobile: mHasMobileDataFeature=true DataTypeShown=(none) Activity=(none) in=false out=false Accessibility="3G"
I/ActivityManager( 1025): Start proc com.motorola.contextual.smartrules2 for broadcast com.motorola.contextual.smartrules2/com.motorola.batterysaverlib.BatteryNotificationReceiver: pid=10094 uid=10035 gids={50035, 3003, 1028, 1015, 3001, 3002}
D/WifiStateMachine( 1025): handleMessage: X
I/ActivityManager( 1025): Start proc com.motorola.MotGallery2 for broadcast com.motorola.MotGallery2/com.viewdle.receivers.PowerConnectedReceiver: pid=10110 uid=10034 gids={50034, 3003, 1028, 1015}
I/ActivityManager( 1025): Start proc com.android.chrome for broadcast com.android.chrome/com.google.android.apps.chrome.precache.PrecacheServiceLauncher: pid=10133 uid=10057 gids={50057, 3003, 1028, 1015}
I/ActivityManager( 1025): Process com.motorola.contextual.smartrules2 (pid 10094) has died.
D/dalvikvm(  275): GC_EXPLICIT freed 42K, 48% free 9011K/17224K, paused 2ms+2ms, total 23ms
D/dalvikvm(  275): GC_EXPLICIT freed <1K, 48% free 9011K/17224K, paused 1ms+3ms, total 17ms
D/dalvikvm(  275): GC_EXPLICIT freed <1K, 48% free 9011K/17224K, paused 2ms+3ms, total 17ms
I/ActivityManager( 1025): Start proc com.facebook.katana for broadcast com.facebook.katana/com.facebook.vault.service.VaultPowerConnectionReceiver: pid=10148 uid=10110 gids={50110, 1028, 1015, 3003}
I/ActivityManager( 1025): Process com.motorola.MotGallery2 (pid 10110) has died.
W/dalvikvm(10148): VFY: unable to resolve static field 29078 (a) in Lcom/facebook/katana/app/WorkAppTypes;
D/dalvikvm(10148): VFY: replacing opcode 0x62 at 0x0013
W/dalvikvm(10148): VFY: unable to resolve static field 29079 (b) in Lcom/facebook/katana/app/WorkAppTypes;
D/dalvikvm(10148): VFY: replacing opcode 0x62 at 0x001d
E/dalvikvm(10148): Could not find class 'com.facebook.katana.app.WallpaperFacebookApplicationImpl', referenced from method com.facebook.katana.app.FacebookApplication.a
W/dalvikvm(10148): VFY: unable to resolve new-instance 379 (Lcom/facebook/katana/app/WallpaperFacebookApplicationImpl;) in Lcom/facebook/katana/app/FacebookApplication;
D/dalvikvm(10148): VFY: replacing opcode 0x22 at 0x00a9
D/dalvikvm(10148): DexOpt: unable to opt direct call 0x055f at 0xab in Lcom/facebook/katana/app/FacebookApplication;.a
D/CatchMeIfYouCan(10148): Process (<default>) ca: '/data/data/com.facebook.katana/app_cmiyc/A1657CCD543F12E66E587EE52ED9D802E22AAC4701'
D/CatchMeIfYouCan(10148): Process (<default>) fc: '/data/data/com.facebook.katana/app_cmiyc/A1657CCD543F12E66E587EE52ED9D802E22AAC4702'
D/CatchMeIfYouCan(10148): Process (<default>) cp: '('default', 3, 120000, silent [true], restart [false], logout [false])'
D/ACRA    (10148): ACRA is enabled for com.facebook.katana, intializing...
D/ACRA    (10148): Looking for error files in /data/data/com.facebook.katana/app_acra-reports
D/ACRA    (10148): Looking for error files in /data/data/com.facebook.katana/app_minidumps
D/dalvikvm(10148): Trying to load lib /data/app-lib/com.facebook.katana-1/libgnustl_shared.so 0x41fb3690
D/dalvikvm(10148): Added shared lib /data/app-lib/com.facebook.katana-1/libgnustl_shared.so 0x41fb3690
D/dalvikvm(10148): No JNI_OnLoad found in /data/app-lib/com.facebook.katana-1/libgnustl_shared.so 0x41fb3690, skipping init
D/dalvikvm(10148): Trying to load lib /data/app-lib/com.facebook.katana-1/libfb_breakpad_client.so 0x41fb3690
D/dalvikvm(10148): Added shared lib /data/app-lib/com.facebook.katana-1/libfb_breakpad_client.so 0x41fb3690
D/dalvikvm(10148): Trying to load lib /data/app-lib/com.facebook.katana-1/libfb_dalvik-internals.so 0x41fb3690
D/dalvikvm(10148): Added shared lib /data/app-lib/com.facebook.katana-1/libfb_dalvik-internals.so 0x41fb3690
V/DexLibLoader(10148): about to lock: /data/data/com.facebook.katana/mdex_lock
V/DexLibLoader(10148): locking /data/data/com.facebook.katana/mdex_lock took 0 ms
V/DexLibLoader(10148): Secondary program dex metadata: secondary-1.dex.jar.xz 15ef54b77950d1e6c1cbc3342a20571a9fd8050d secondary.dex01.Canary
V/DexLibLoader(10148): Secondary program dex metadata: secondary-2.dex.jar.xz 14bcaeed5ad488eaf139a59d22cf00efbde5948b secondary.dex02.Canary
V/DexLibLoader(10148): Secondary program dex metadata: secondary-3.dex.jar.xz e8acf246c92474061a3e0f7dafec5559e33da2c5 secondary.dex03.Canary
V/DexLibLoader(10148): Secondary program dex metadata: secondary-4.dex.jar.xz 1d7a13e77be07efb41a2c80160a9aec6fff27ad1 secondary.dex04.Canary
V/DexLibLoader(10148): Secondary program dex metadata: secondary-5.dex.jar.xz 42761fa3dedc1f1a9503bece4f2db80adf01f775 secondary.dex05.Canary
V/DexLibLoader(10148): Secondary program dex metadata: secondary-6.dex.jar.xz 1b4455e1ba1ff38a86723e24cd334fa1062519f1 secondary.dex06.Canary
V/DexLibLoader(10148): Secondary program dex metadata: secondary-7.dex.jar.xz a54de6ef97459e1e5b5c8f874a889a38965d3446 secondary.dex07.Canary
V/DexLibLoader(10148): directory "/data/data/com.facebook.katana/app_secondary_program_dex" contains "program-15ef54b77950d1e6c1cbc3342a20571a9fd8050d6661a1c7.dex.jar" as expected
V/DexLibLoader(10148): directory "/data/data/com.facebook.katana/app_secondary_program_dex" contains "program-14bcaeed5ad488eaf139a59d22cf00efbde5948b6661a1c7.dex.jar" as expected
V/DexLibLoader(10148): directory "/data/data/com.facebook.katana/app_secondary_program_dex" contains "program-e8acf246c92474061a3e0f7dafec5559e33da2c56661a1c7.dex.jar" as expected
V/DexLibLoader(10148): directory "/data/data/com.facebook.katana/app_secondary_program_dex" contains "program-1d7a13e77be07efb41a2c80160a9aec6fff27ad16661a1c7.dex.jar" as expected
V/DexLibLoader(10148): directory "/data/data/com.facebook.katana/app_secondary_program_dex" contains "program-42761fa3dedc1f1a9503bece4f2db80adf01f7756661a1c7.dex.jar" as expected
V/DexLibLoader(10148): directory "/data/data/com.facebook.katana/app_secondary_program_dex" contains "program-1b4455e1ba1ff38a86723e24cd334fa1062519f16661a1c7.dex.jar" as expected
V/DexLibLoader(10148): directory "/data/data/com.facebook.katana/app_secondary_program_dex" contains "program-a54de6ef97459e1e5b5c8f874a889a38965d34466661a1c7.dex.jar" as expected
D/DexLibLoader(10148): ignoring file "program-15ef54b77950d1e6c1cbc3342a20571a9fd8050d6661a1c7.dex.odex" in "/data/data/com.facebook.katana/app_secondary_program_dex"
D/DexLibLoader(10148): ignoring file "program-14bcaeed5ad488eaf139a59d22cf00efbde5948b6661a1c7.dex.odex" in "/data/data/com.facebook.katana/app_secondary_program_dex"
D/DexLibLoader(10148): ignoring file "program-e8acf246c92474061a3e0f7dafec5559e33da2c56661a1c7.dex.odex" in "/data/data/com.facebook.katana/app_secondary_program_dex"
D/DexLibLoader(10148): ignoring file "program-1d7a13e77be07efb41a2c80160a9aec6fff27ad16661a1c7.dex.odex" in "/data/data/com.facebook.katana/app_secondary_program_dex"
D/DexLibLoader(10148): ignoring file "program-42761fa3dedc1f1a9503bece4f2db80adf01f7756661a1c7.dex.odex" in "/data/data/com.facebook.katana/app_secondary_program_dex"
D/DexLibLoader(10148): ignoring file "program-1b4455e1ba1ff38a86723e24cd334fa1062519f16661a1c7.dex.odex" in "/data/data/com.facebook.katana/app_secondary_program_dex"
D/DexLibLoader(10148): ignoring file "program-a54de6ef97459e1e5b5c8f874a889a38965d34466661a1c7.dex.odex" in "/data/data/com.facebook.katana/app_secondary_program_dex"
D/DexLibLoader(10148): directory "/data/data/com.facebook.katana/app_secondary_program_dex" is valid
D/DexLibLoader(10148): ignoring file "primary_deps" in "/data/data/com.facebook.katana/app_secondary_program_dex_opt"
V/DexLibLoader(10148): directory "/data/data/com.facebook.katana/app_secondary_program_dex_opt" contains "program-15ef54b77950d1e6c1cbc3342a20571a9fd8050d6661a1c7.dex.dex" as expected
V/DexLibLoader(10148): directory "/data/data/com.facebook.katana/app_secondary_program_dex_opt" contains "program-14bcaeed5ad488eaf139a59d22cf00efbde5948b6661a1c7.dex.dex" as expected
V/DexLibLoader(10148): directory "/data/data/com.facebook.katana/app_secondary_program_dex_opt" contains "program-e8acf246c92474061a3e0f7dafec5559e33da2c56661a1c7.dex.dex" as expected
V/DexLibLoader(10148): directory "/data/data/com.facebook.katana/app_secondary_program_dex_opt" contains "program-1d7a13e77be07efb41a2c80160a9aec6fff27ad16661a1c7.dex.dex" as expected
V/DexLibLoader(10148): directory "/data/data/com.facebook.katana/app_secondary_program_dex_opt" contains "program-42761fa3dedc1f1a9503bece4f2db80adf01f7756661a1c7.dex.dex" as expected
V/DexLibLoader(10148): directory "/data/data/com.facebook.katana/app_secondary_program_dex_opt" contains "program-1b4455e1ba1ff38a86723e24cd334fa1062519f16661a1c7.dex.dex" as expected
V/DexLibLoader(10148): directory "/data/data/com.facebook.katana/app_secondary_program_dex_opt" contains "program-a54de6ef97459e1e5b5c8f874a889a38965d34466661a1c7.dex.dex" as expected
D/DexLibLoader(10148): directory "/data/data/com.facebook.katana/app_secondary_program_dex_opt" is valid
D/DexLibLoader(10148): loading pre-built cross-dex opt odex files
V/dalvik-internals(10148): hooked dvmResolveClass using jump ()
V/dalvik-internals(10148): hooked dvmFlushBreakpoints using jump ()
V/MultiDexClassLoader(10148): installing MultiDexClassLoader before application classloader
I/dalvikvm(10148): Could not find method dalvik.system.DexFile.loadClassBinaryName, referenced from method com.facebook.common.dextricks.DexFileLoadOld.a
W/dalvikvm(10148): VFY: unable to resolve virtual method 2073: Ldalvik/system/DexFile;.loadClassBinaryName (Ljava/lang/String;Ljava/lang/ClassLoader;)Ljava/lang/Class;
D/dalvikvm(10148): VFY: replacing opcode 0x6e at 0x0000
D/DexLibLoader(10148): released odex store lock
D/DexLibLoader(10148): DexLibLoader.loadAll took 68 ms
D/MemoryReductionHack(10148): Marked as initialized entry corresponding to path /data/app/com.facebook.katana-1.apk
D/GcOptimizer(10148): Enabled
V/dalvik-internals(10148): hooked dvmLinearAlloc using jump ()
V/dalvik-internals(10148): hooked dvmLinearRealloc using jump ()
V/dalvik-internals(10148): hooked dvmLinearFree using jump ()
V/dalvik-internals(10148): hooked dvmLinearStrdup using jump ()
V/dalvik-internals(10148): hooked dvmLinearAllocContains using jump ()
I/dalvik-internals(10148): enlarged linearalloc buffer to 33554432 bytes
I/ActivityManager( 1025): Process com.android.chrome (pid 10133) has died.
D/WifiStateMachine( 1025): handleMessage: E msg.what=151572
D/WifiStateMachine( 1025): processMsg: ConnectedState
D/WifiStateMachine( 1025): processMsg: L2ConnectedState
D/WifiStateMachine( 1025): handleMessage: X
I/SFPerfTracer(  274):      triggers: (rate: 1296:51429) (compose: 0:262) (post: 0:21) (render: 92:10760) (35:813810 frames) (36:3407895)
D/SFPerfTracer(  274):        layers: (4:10) (DimLayer: 0:158)* (DimLayer: 0:146)* (FocusedStackFrame: 0:22900)* (StatusBar: 34:273903) (NavigationBar: 0:211012) (DimLayer: 0:26649)* (DimLayer: 0:5075)* (com.android.wallpaper.fall.FallWallpaper: 10:6364) (co.giftmeapp.gift_me/com.paypal.android.sdk.payments.PaymentConfirmActivity: 0:60)* (Keyguard: 0:39) 
W/StaticBindingVerifier(10148): Verify
I/dalvikvm(10148): Could not find method com.facebook.resources.FbResources.getDrawable, referenced from method com.facebook.resources.impl.DownloadedFbResources.getDrawable
W/dalvikvm(10148): VFY: unable to resolve virtual method 48479: Lcom/facebook/resources/FbResources;.getDrawable (ILandroid/content/res/Resources$Theme;)Landroid/graphics/drawable/Drawable;
D/dalvikvm(10148): VFY: replacing opcode 0x6f at 0x0031
D/WifiService( 1025): New client listening to asynchronous messages
W/ContextImpl( 1295): Calling a method in the system process without a qualified user: android.app.ContextImpl.startService:1608 android.content.ContextWrapper.startService:494 android.content.ContextWrapper.startService:494 com.motorola.motocare.internal.batterystats.BatteryStatsAction.onReceive:33 android.app.ActivityThread.handleReceiver:2434 
E/dalvikvm(10148): Could not find class 'org.apache.harmony.xnet.provider.jsse.OpenSSLSocketImpl', referenced from method com.facebook.ssl.openssl.check.CheckOpenSSLImplHasRequiredMethods.<clinit>
W/dalvikvm(10148): VFY: unable to resolve const-class 13808 (Lorg/apache/harmony/xnet/provider/jsse/OpenSSLSocketImpl;) in Lcom/facebook/ssl/openssl/check/CheckOpenSSLImplHasRequiredMethods;
D/dalvikvm(10148): VFY: replacing opcode 0x1c at 0x000d
I/SBar.NetworkController( 1119): onSignalStrengthsChanged SignalStrength: 11 0 -120 -160 -120 -1 -1 99 2147483647 2147483647 2147483647 2147483647 2147483647 gsm|lte 0 -108 -1 false 3 3 0 0 0 99 99 99 4 level=3
E/dalvikvm(10148): Could not find class 'org.apache.harmony.xnet.provider.jsse.OpenSSLSocketFactoryImpl', referenced from method com.facebook.ssl.openssl.reflect.SSLParametersGetter.<clinit>
W/dalvikvm(10148): VFY: unable to resolve const-class 13807 (Lorg/apache/harmony/xnet/provider/jsse/OpenSSLSocketFactoryImpl;) in Lcom/facebook/ssl/openssl/reflect/SSLParametersGetter;
D/dalvikvm(10148): VFY: replacing opcode 0x1c at 0x000d
E/dalvikvm(10148): Could not find class 'org.apache.harmony.xnet.provider.jsse.SSLParametersImpl', referenced from method com.facebook.ssl.openssl.reflect.SSLParametersGetter.a
W/dalvikvm(10148): VFY: unable to resolve check-cast 13809 (Lorg/apache/harmony/xnet/provider/jsse/SSLParametersImpl;) in Lcom/facebook/ssl/openssl/reflect/SSLParametersGetter;
D/dalvikvm(10148): VFY: replacing opcode 0x1f at 0x0006
E/dalvikvm(10148): Could not find class 'org.apache.harmony.xnet.provider.jsse.SSLParametersImpl', referenced from method com.facebook.ssl.openssl.reflect.SSLSessionTimeoutSetter.<clinit>
W/dalvikvm(10148): VFY: unable to resolve const-class 13809 (Lorg/apache/harmony/xnet/provider/jsse/SSLParametersImpl;) in Lcom/facebook/ssl/openssl/reflect/SSLSessionTimeoutSetter;
D/dalvikvm(10148): VFY: replacing opcode 0x1c at 0x000d
W/dalvikvm(10148): VFY: unable to find class referenced in signature (Lorg/apache/harmony/xnet/provider/jsse/SSLParametersImpl;)
E/dalvikvm(10148): Could not find class 'org.apache.harmony.xnet.provider.jsse.ClientSessionContext', referenced from method com.facebook.ssl.openssl.reflect.SSLSessionTimeoutSetter.a
W/dalvikvm(10148): VFY: unable to resolve check-cast 13806 (Lorg/apache/harmony/xnet/provider/jsse/ClientSessionContext;) in Lcom/facebook/ssl/openssl/reflect/SSLSessionTimeoutSetter;
D/dalvikvm(10148): VFY: replacing opcode 0x1f at 0x0006
W/dalvikvm(10148): VFY: unable to find class referenced in signature (Lorg/apache/harmony/xnet/provider/jsse/SSLParametersImpl;)
W/dalvikvm(10148): Unable to resolve superclass of Lcom/facebook/ssl/openssl/TicketEnabledOpenSSLSocketImplWrapper; (11243)
W/dalvikvm(10148): Link of class 'Lcom/facebook/ssl/openssl/TicketEnabledOpenSSLSocketImplWrapper;' failed
E/dalvikvm(10148): Could not find class 'com.facebook.ssl.openssl.TicketEnabledOpenSSLSocketImplWrapper', referenced from method com.facebook.ssl.openssl.TicketEnabledOpenSSLSocketFactoryHelper.a
W/dalvikvm(10148): VFY: unable to resolve new-instance 10681 (Lcom/facebook/ssl/openssl/TicketEnabledOpenSSLSocketImplWrapper;) in Lcom/facebook/ssl/openssl/TicketEnabledOpenSSLSocketFactoryHelper;
D/dalvikvm(10148): VFY: replacing opcode 0x22 at 0x0000
W/dalvikvm(10148): Unable to resolve superclass of Lcom/facebook/ssl/openssl/TicketEnabledOpenSSLSocketImplWrapper; (11243)
W/dalvikvm(10148): Link of class 'Lcom/facebook/ssl/openssl/TicketEnabledOpenSSLSocketImplWrapper;' failed
D/dalvikvm(10148): DexOpt: unable to opt direct call 0xc22f at 0x08 in Lcom/facebook/ssl/openssl/TicketEnabledOpenSSLSocketFactoryHelper;.a
I/SBar.NetworkController( 1119): refreshSignalCluster: mobile: Signal=zz_moto_stat_sys_signal_2_fully_wide Roaming=(none) mSimIconId=(none) Accessibility="Phone two bars.","Not roaming.",""
W/ContextImpl( 1295): Calling a method in the system process without a qualified user: android.app.ContextImpl.startService:1608 android.content.ContextWrapper.startService:494 android.content.ContextWrapper.startService:494 com.motorola.motocare.internal.batterystats.BatteryStatsAction.onReceive:33 android.app.ActivityThread.handleReceiver:2434 
D/GCM     (20136): GcmService start Intent { act=com.google.android.gms.INITIALIZE flg=0x10 pkg=com.google.android.gms cmp=com.google.android.gms/.gcm.GcmService } com.google.android.gms.INITIALIZE
D/dalvikvm(10148): Trying to load lib /data/app-lib/com.facebook.katana-1/libfbjni.so 0x41fb3690
D/dalvikvm(10148): Added shared lib /data/app-lib/com.facebook.katana-1/libfbjni.so 0x41fb3690
D/dalvikvm(10148): Trying to load lib /data/app-lib/com.facebook.katana-1/libcares.so 0x41fb3690
D/dalvikvm(10148): Added shared lib /data/app-lib/com.facebook.katana-1/libcares.so 0x41fb3690
D/dalvikvm(10148): No JNI_OnLoad found in /data/app-lib/com.facebook.katana-1/libcares.so 0x41fb3690, skipping init
D/dalvikvm(10148): Trying to load lib /data/app-lib/com.facebook.katana-1/libdouble-conversion.so 0x41fb3690
D/dalvikvm(10148): Added shared lib /data/app-lib/com.facebook.katana-1/libdouble-conversion.so 0x41fb3690
D/dalvikvm(10148): No JNI_OnLoad found in /data/app-lib/com.facebook.katana-1/libdouble-conversion.so 0x41fb3690, skipping init
D/dalvikvm(10148): Trying to load lib /data/app-lib/com.facebook.katana-1/libevent.so 0x41fb3690
D/dalvikvm(10148): Added shared lib /data/app-lib/com.facebook.katana-1/libevent.so 0x41fb3690
D/dalvikvm(10148): No JNI_OnLoad found in /data/app-lib/com.facebook.katana-1/libevent.so 0x41fb3690, skipping init
D/dalvikvm(10148): Trying to load lib /data/app-lib/com.facebook.katana-1/libliger.so 0x41fb3690
D/AuthorizationBluetoothService(20136): Received GmsCore event: Intent { act=com.google.android.gms.INITIALIZE flg=0x10 pkg=com.google.android.gms cmp=com.google.android.gms/.auth.be.proximity.authorization.bt.AuthorizationBluetoothService$AutoStarter }.
E/AuthorizationBluetoothService(20136): Proximity feature is not enabled.
V/GmsCoreStatsServiceLauncher( 8595): Received broadcast intent Intent { act=com.google.android.gms.INITIALIZE flg=0x10 pkg=com.google.android.gms cmp=com.google.android.gms/.common.stats.GmsCoreStatsServiceLauncher }
D/WifiStateMachine( 1025): handleMessage: E msg.what=131155
D/WifiStateMachine( 1025): processMsg: ConnectedState
D/WifiStateMachine( 1025): processMsg: L2ConnectedState
D/WifiStateMachine( 1025): handleMessage: X
D/WifiStateMachine( 1025): handleMessage: E msg.what=151572
D/WifiStateMachine( 1025): processMsg: ConnectedState
D/WifiStateMachine( 1025): processMsg: L2ConnectedState
D/WifiStateMachine( 1025): handleMessage: X
E/MDM     (23032): [445942] b.run: Couldn't connect to Google API client: ConnectionResult{statusCode=API_UNAVAILABLE, resolution=null}
D/dalvikvm(10148): Added shared lib /data/app-lib/com.facebook.katana-1/libliger.so 0x41fb3690
I/ActivityManager( 1025): Start proc com.google.android.googlequicksearchbox:search for broadcast com.google.android.googlequicksearchbox/com.google.android.search.core.UdcSettingBroadcastReceiver: pid=10207 uid=10045 gids={50045, 3003, 3001, 1028, 3002, 1015}
D/LocationInitializer( 8595): Restart initialization of location
W/fb4a(:<default>):AbstractMqttPushService(10148): Attempt to start service that is already started
D/dalvikvm(10148): Trying to load lib /data/app-lib/com.facebook.katana-1/libheartbleed.so 0x41fb3690
D/dalvikvm(10148): Added shared lib /data/app-lib/com.facebook.katana-1/libheartbleed.so 0x41fb3690
I/ActivityManager( 1025): Start proc com.google.android.partnersetup for content provider com.google.android.partnersetup/.RlzAppProvider: pid=10231 uid=10025 gids={50025, 3003}
I/dalvikvm(10207): Could not find method android.content.pm.PackageManager.getPackageInstaller, referenced from method com.google.android.gms.common.e.p
W/dalvikvm(10207): VFY: unable to resolve virtual method 901: Landroid/content/pm/PackageManager;.getPackageInstaller ()Landroid/content/pm/PackageInstaller;
D/dalvikvm(10207): VFY: replacing opcode 0x6e at 0x000b
I/ActivityManager( 1025): Start proc com.google.android.apps.maps for broadcast com.google.android.apps.maps/com.google.android.apps.gmm.iamhere.ble.StartBleServiceReceiver: pid=10250 uid=10064 gids={50064, 3003, 1028, 1015, 3002, 3001}
D/WifiService( 1025): Client connection lost with reason: 4
I/ActivityManager( 1025): Process com.facebook.katana (pid 10148) has died.
W/ActivityManager( 1025): Scheduling restart of crashed service com.facebook.katana/com.facebook.push.mqtt.service.MqttPushService in 15016192ms
D/dalvikvm( 2458): GC_CONCURRENT freed 1889K, 44% free 9673K/17224K, paused 3ms+3ms, total 21ms
I/ActivityManager( 1025): Process com.google.android.googlequicksearchbox:search (pid 10207) has died.
I/ActivityManager( 1025): Process com.google.android.partnersetup (pid 10231) has died.
D/dalvikvm(10250): Trying to load lib /data/app-lib/com.google.android.apps.maps-2/libcrashreporterer.so 0x41fa9d30
D/dalvikvm(10250): Added shared lib /data/app-lib/com.google.android.apps.maps-2/libcrashreporterer.so 0x41fa9d30
D/dalvikvm(10250): Trying to load lib /data/app-lib/com.google.android.apps.maps-2/libgmm-jni.so 0x41fa9d30
D/dalvikvm(10250): Added shared lib /data/app-lib/com.google.android.apps.maps-2/libgmm-jni.so 0x41fa9d30
D/StrictMode(10250): StrictMode policy violation; ~duration=105 ms: android.os.StrictMode$StrictModeDiskReadViolation: policy=31 violation=2
D/StrictMode(10250): 	at android.os.StrictMode$AndroidBlockGuardPolicy.onReadFromDisk(StrictMode.java:1135)
D/StrictMode(10250): 	at libcore.io.BlockGuardOs.open(BlockGuardOs.java:106)
D/StrictMode(10250): 	at libcore.io.IoUtils.canOpenReadOnly(IoUtils.java:163)
D/StrictMode(10250): 	at dalvik.system.DexPathList.findLibrary(DexPathList.java:384)
D/StrictMode(10250): 	at dalvik.system.BaseDexClassLoader.findLibrary(BaseDexClassLoader.java:77)
D/StrictMode(10250): 	at java.lang.Runtime.loadLibrary(Runtime.java:356)
D/StrictMode(10250): 	at java.lang.System.loadLibrary(System.java:526)
D/StrictMode(10250): 	at com.google.android.libraries.social.jni.crashreporter.NativeCrashHandler.a(PG:189)
D/StrictMode(10250): 	at com.google.android.libraries.social.jni.crashreporter.NativeCrashHandler.a(PG:87)
D/StrictMode(10250): 	at com.google.android.apps.gmm.base.app.d.<init>(PG:562)
D/StrictMode(10250): 	at com.google.android.apps.gmm.base.app.GoogleMapsApplication.a(PG:156)
D/StrictMode(10250): 	at com.google.android.apps.gmm.base.app.GoogleMapsApplication.onCreate(PG:111)
D/StrictMode(10250): 	at android.app.Instrumentation.callApplicationOnCreate(Instrumentation.java:1030)
D/StrictMode(10250): 	at android.app.ActivityThread.handleBindApplication(ActivityThread.java:4409)
D/StrictMode(10250): 	at android.app.ActivityThread.access$1500(ActivityThread.java:139)
D/StrictMode(10250): 	at android.app.ActivityThread$H.handleMessage(ActivityThread.java:1270)
D/StrictMode(10250): 	at android.os.Handler.dispatchMessage(Handler.java:102)
D/StrictMode(10250): 	at android.os.Looper.loop(Looper.java:136)
D/StrictMode(10250): 	at android.app.ActivityThread.main(ActivityThread.java:5086)
D/StrictMode(10250): 	at java.lang.reflect.Method.invokeNative(Native Method)
D/StrictMode(10250): 	at java.lang.reflect.Method.invoke(Method.java:515)
D/StrictMode(10250): 	at com.android.internal.os.ZygoteInit$MethodAndArgsCaller.run(ZygoteInit.java:785)
D/StrictMode(10250): 	at com.android.internal.os.ZygoteInit.main(ZygoteInit.java:601)
D/StrictMode(10250): 	at dalvik.system.NativeStart.main(Native Method)
D/StrictMode(10250): StrictMode policy violation; ~duration=100 ms: android.os.StrictMode$StrictModeDiskReadViolation: policy=31 violation=2
D/StrictMode(10250): 	at android.os.StrictMode$AndroidBlockGuardPolicy.onReadFromDisk(StrictMode.java:1135)
D/StrictMode(10250): 	at android.app.SharedPreferencesImpl.awaitLoadedLocked(SharedPreferencesImpl.java:203)
D/StrictMode(10250): 	at android.app.SharedPreferencesImpl.getBoolean(SharedPreferencesImpl.java:260)
D/StrictMode(10250): 	at android.preference.PreferenceManager.setDefaultValues(PreferenceManager.java:481)
D/StrictMode(10250): 	at com.google.android.apps.gmm.shared.d.a.a(PG:1086)
D/StrictMode(10250): 	at com.google.android.apps.gmm.base.app.d.a(PG:1136)
D/StrictMode(10250): 	at com.google.android.apps.gmm.base.app.d.<init>(PG:578)
D/StrictMode(10250): 	at com.google.android.apps.gmm.base.app.GoogleMapsApplication.a(PG:156)
D/StrictMode(10250): 	at com.google.android.apps.gmm.base.app.GoogleMapsApplication.onCreate(PG:111)
D/StrictMode(10250): 	at android.app.Instrumentation.callApplicationOnCreate(Instrumentation.java:1030)
D/StrictMode(10250): 	at android.app.ActivityThread.handleBindApplication(ActivityThread.java:4409)
D/StrictMode(10250): 	at android.app.ActivityThread.access$1500(ActivityThread.java:139)
D/StrictMode(10250): 	at android.app.ActivityThread$H.handleMessage(ActivityThread.java:1270)
D/StrictMode(10250): 	at android.os.Handler.dispatchMessage(Handler.java:102)
D/StrictMode(10250): 	at android.os.Looper.loop(Looper.java:136)
D/StrictMode(10250): 	at android.app.ActivityThread.main(ActivityThread.java:5086)
D/StrictMode(10250): 	at java.lang.reflect.Method.invokeNative(Native Method)
D/StrictMode(10250): 	at java.lang.reflect.Method.invoke(Method.java:515)
D/StrictMode(10250): 	at com.android.internal.os.ZygoteInit$MethodAndArgsCaller.run(ZygoteInit.java:785)
D/StrictMode(10250): 	at com.android.internal.os.ZygoteInit.main(ZygoteInit.java:601)
D/StrictMode(10250): 	at dalvik.system.NativeStart.main(Native Method)
D/StrictMode(10250): StrictMode policy violation; ~duration=85 ms: android.os.StrictMode$StrictModeDiskReadViolation: policy=31 violation=2
D/StrictMode(10250): 	at android.os.StrictMode$AndroidBlockGuardPolicy.onReadFromDisk(StrictMode.java:1135)
D/StrictMode(10250): 	at libcore.io.BlockGuardOs.open(BlockGuardOs.java:106)
D/StrictMode(10250): 	at libcore.io.IoUtils.canOpenReadOnly(IoUtils.java:163)
D/StrictMode(10250): 	at dalvik.system.DexPathList.findLibrary(DexPathList.java:384)
D/StrictMode(10250): 	at dalvik.system.BaseDexClassLoader.findLibrary(BaseDexClassLoader.java:77)
D/StrictMode(10250): 	at java.lang.Runtime.loadLibrary(Runtime.java:356)
D/StrictMode(10250): 	at java.lang.System.loadLibrary(System.java:526)
D/StrictMode(10250): 	at com.google.android.apps.gmm.map.util.jni.NativeHelper.initialize(PG:42)
D/StrictMode(10250): 	at com.google.android.apps.gmm.map.m.e.<clinit>(PG:89)
D/StrictMode(10250): 	at com.google.android.apps.gmm.base.app.d.a(PG:1135)
D/StrictMode(10250): 	at com.google.android.apps.gmm.base.app.d.<init>(PG:578)
D/StrictMode(10250): 	at com.google.android.apps.gmm.base.app.GoogleMapsApplication.a(PG:156)
D/StrictMode(10250): 	at com.google.android.apps.gmm.base.app.GoogleMapsApplication.onCreate(PG:111)
D/StrictMode(10250): 	at android.app.Instrumentation.callApplicationOnCreate(Instrumentation.java:1030)
D/StrictMode(10250): 	at android.app.ActivityThread.handleBindApplication(ActivityThread.java:4409)
D/StrictMode(10250): 	at android.app.ActivityThread.access$1500(ActivityThread.java:139)
D/StrictMode(10250): 	at android.app.ActivityThread$H.handleMessage(ActivityThread.java:1270)
D/StrictMode(10250): 	at android.os.Handler.dispatchMessage(Handler.java:102)
D/StrictMode(10250): 	at android.os.Looper.loop(Looper.java:136)
D/StrictMode(10250): 	at android.app.ActivityThread.main(ActivityThread.java:5086)
D/StrictMode(10250): 	at java.lang.reflect.Method.invokeNative(Native Method)
D/StrictMode(10250): 	at java.lang.reflect.Method.invoke(Method.java:515)
D/StrictMode(10250): 	at com.android.internal.os.ZygoteInit$MethodAndArgsCaller.run(ZygoteInit.java:785)
D/StrictMode(10250): 	at com.android.internal.os.ZygoteInit.main(ZygoteInit.java:601)
D/StrictMode(10250): 	at dalvik.system.NativeStart.main(Native Method)
D/StrictMode(10250): StrictMode policy violation; ~duration=70 ms: android.os.StrictMode$StrictModeDiskReadViolation: policy=31 violation=2
D/StrictMode(10250): 	at android.os.StrictMode$AndroidBlockGuardPolicy.onReadFromDisk(StrictMode.java:1135)
D/StrictMode(10250): 	at libcore.io.BlockGuardOs.open(BlockGuardOs.java:106)
D/StrictMode(10250): 	at libcore.io.IoBridge.open(IoBridge.java:393)
D/StrictMode(10250): 	at java.io.FileInputStream.<init>(FileInputStream.java:78)
D/StrictMode(10250): 	at android.app.ContextImpl.openFileInput(ContextImpl.java:909)
D/StrictMode(10250): 	at android.content.ContextWrapper.openFileInput(ContextWrapper.java:179)
D/StrictMode(10250): 	at com.google.android.apps.gmm.shared.f.h.a(PG:150)
D/StrictMode(10250): 	at com.google.android.apps.gmm.map.m.e.a(PG:356)
D/StrictMode(10250): 	at com.google.android.apps.gmm.base.app.d.a(PG:1135)
D/StrictMode(10250): 	at com.google.android.apps.gmm.base.app.d.<init>(PG:578)
D/StrictMode(10250): 	at com.google.android.apps.gmm.base.app.GoogleMapsApplication.a(PG:156)
D/StrictMode(10250): 	at com.google.android.apps.gmm.base.app.GoogleMapsApplication.onCreate(PG:111)
D/StrictMode(10250): 	at android.app.Instrumentation.callApplicationOnCreate(Instrumentation.java:1030)
D/StrictMode(10250): 	at android.app.ActivityThread.handleBindApplication(ActivityThread.java:4409)
D/StrictMode(10250): 	at android.app.ActivityThread.access$1500(ActivityThread.java:139)
D/StrictMode(10250): 	at android.app.ActivityThread$H.handleMessage(ActivityThread.java:1270)
D/StrictMode(10250): 	at android.os.Handler.dispatchMessage(Handler.java:102)
D/StrictMode(10250): 	at android.os.Looper.loop(Looper.java:136)
D/StrictMode(10250): 	at android.app.ActivityThread.main(ActivityThread.java:5086)
D/StrictMode(10250): 	at java.lang.reflect.Method.invokeNative(Native Method)
D/StrictMode(10250): 	at java.lang.reflect.Method.invoke(Method.java:515)
D/StrictMode(10250): 	at com.android.internal.os.ZygoteInit$MethodAndArgsCaller.run(ZygoteInit.java:785)
D/StrictMode(10250): 	at com.android.internal.os.ZygoteInit.main(ZygoteInit.java:601)
D/StrictMode(10250): 	at dalvik.system.NativeStart.main(Native Method)
D/StrictMode(10250): StrictMode policy violation; ~duration=67 ms: android.os.StrictMode$StrictModeDiskReadViolation: policy=31 violation=2
D/StrictMode(10250): 	at android.os.StrictMode$AndroidBlockGuardPolicy.onReadFromDisk(StrictMode.java:1135)
D/StrictMode(10250): 	at libcore.io.BlockGuardOs.read(BlockGuardOs.java:148)
D/StrictMode(10250): 	at libcore.io.IoBridge.read(IoBridge.java:425)
D/StrictMode(10250): 	at java.io.FileInputStream.read(FileInputStream.java:179)
D/StrictMode(10250): 	at java.io.BufferedInputStream.read(BufferedInputStream.java:283)
D/StrictMode(10250): 	at java.io.DataInputStream.read(DataInputStream.java:63)
D/StrictMode(10250): 	at com.google.r.j.c(PG:1152)
D/StrictMode(10250): 	at com.google.r.j.a(PG:121)
D/StrictMode(10250): 	at com.google.v.a.a.dv.<init>(PG:24)
D/StrictMode(10250): 	at com.google.v.a.a.dw.b(PG:68)
D/StrictMode(10250): 	at com.google.v.a.a.dw.a(PG:62)
D/StrictMode(10250): 	at com.google.r.e.b(PG:170)
D/StrictMode(10250): 	at com.google.r.e.b(PG:21)
D/StrictMode(10250): 	at com.google.android.apps.gmm.shared.f.h.a(PG:151)
D/StrictMode(10250): 	at com.google.android.apps.gmm.map.m.e.a(PG:356)
D/StrictMode(10250): 	at com.google.android.apps.gmm.base.app.d.a(PG:1135)
D/StrictMode(10250): 	at com.google.android.apps.gmm.base.app.d.<init>(PG:578)
D/StrictMode(10250): 	at com.google.android.apps.gmm.base.app.GoogleMapsApplication.a(PG:156)
D/StrictMode(10250): 	at com.google.android.apps.gmm.base.app.GoogleMapsApplication.onCreate(PG:111)
D/StrictMode(10250): 	at android.app.Instrumentation.callApplicationOnCreate(Instrumentation.java:1030)
D/StrictMode(10250): 	at android.app.ActivityThread.handleBindApplication(ActivityThread.java:4409)
D/StrictMode(10250): 	at android.app.ActivityThread.access$1500(ActivityThread.java:139)
D/StrictMode(10250): 	at android.app.ActivityThread$H.handleMessage(ActivityThread.java:1270)
D/StrictMode(10250): 	at android.os.Handler.dispatchMessage(Handler.java:102)
D/StrictMode(10250): 	at android.os.Looper.loop(Looper.java:136)
D/StrictMode(10250): 	at android.app.ActivityThread.main(ActivityThread.java:5086)
D/StrictMode(10250): 	at java.lang.reflect.Method.invokeNative(Native Method)
D/StrictMode(10250): 	at java.lang.reflect.Method.invoke(Method.java:515)
D/StrictMode(10250): 	at com.android.internal.os.ZygoteInit$MethodAndArgsCaller.run(ZygoteInit.java:785)
D/StrictMode(10250): 	at com.android.internal.os.ZygoteInit.main(ZygoteInit.java:601)
D/StrictMode(10250): 	at dalvik.system.NativeStart.main(Native Method)
D/StrictMode(10250): StrictMode policy violation; ~duration=65 ms: android.os.StrictMode$StrictModeDiskReadViolation: policy=31 violation=2
D/StrictMode(10250): 	at android.os.StrictMode$AndroidBlockGuardPolicy.onReadFromDisk(StrictMode.java:1135)
D/StrictMode(10250): 	at libcore.io.BlockGuardOs.read(BlockGuardOs.java:148)
D/StrictMode(10250): 	at libcore.io.IoBridge.read(IoBridge.java:425)
D/StrictMode(10250): 	at java.io.FileInputStream.read(FileInputStream.java:179)
D/StrictMode(10250): 	at java.io.BufferedInputStream.read(BufferedInputStream.java:283)
D/StrictMode(10250): 	at java.io.DataInputStream.read(DataInputStream.java:63)
D/StrictMode(10250): 	at com.google.r.j.c(PG:1152)
D/StrictMode(10250): 	at com.google.r.j.b(PG:1234)
D/StrictMode(10250): 	at com.google.r.j.g(PG:548)
D/StrictMode(10250): 	at com.google.v.a.a.dv.<init>(PG:43)
D/StrictMode(10250): 	at com.google.v.a.a.dw.b(PG:68)
D/StrictMode(10250): 	at com.google.v.a.a.dw.a(PG:62)
D/StrictMode(10250): 	at com.google.r.e.b(PG:170)
D/StrictMode(10250): 	at com.google.r.e.b(PG:21)
D/StrictMode(10250): 	at com.google.android.apps.gmm.shared.f.h.a(PG:151)
D/StrictMode(10250): 	at com.google.android.apps.gmm.map.m.e.a(PG:356)
D/StrictMode(10250): 	at com.google.android.apps.gmm.base.app.d.a(PG:1135)
D/StrictMode(10250): 	at com.google.android.apps.gmm.base.app.d.<init>(PG:578)
D/StrictMode(10250): 	at com.google.android.apps.gmm.base.app.GoogleMapsApplication.a(PG:156)
D/StrictMode(10250): 	at com.google.android.apps.gmm.base.app.GoogleMapsApplication.onCreate(PG:111)
D/StrictMode(10250): 	at android.app.Instrumentation.callApplicationOnCreate(Instrumentation.java:1030)
D/StrictMode(10250): 	at android.app.ActivityThread.handleBindApplication(ActivityThread.java:4409)
D/StrictMode(10250): 	at android.app.ActivityThread.access$1500(ActivityThread.java:139)
D/StrictMode(10250): 	at android.app.ActivityThread$H.handleMessage(ActivityThread.java:1270)
D/StrictMode(10250): 	at android.os.Handler.dispatchMessage(Handler.java:102)
D/StrictMode(10250): 	at android.os.Looper.loop(Looper.java:136)
D/StrictMode(10250): 	at android.app.ActivityThread.main(ActivityThread.java:5086)
D/StrictMode(10250): 	at java.lang.reflect.Method.invokeNative(Native Method)
D/StrictMode(10250): 	at java.lang.reflect.Method.invoke(Method.java:515)
D/StrictMode(10250): 	at com.android.internal.os.ZygoteInit$MethodAndArgsCaller.run(ZygoteInit.java:785)
D/StrictMode(10250): 	at com.android.internal.os.ZygoteInit.main(ZygoteInit.java:601)
D/StrictMode(10250): 	at dalvik.system.NativeStart.main(Native Method)
D/CCE     (18647): App motocare requested CCE to send settings
W/BroadcastQueue( 1025): Permission Denial: broadcasting Intent { act=com.motorola.cce.Actions.CCE_SEND_SETTINGS flg=0x10 (has extras) } from com.motorola.genie (pid=10069, uid=10026) is not exported from uid 10034 due to receiver com.motorola.MotGallery2/com.motorola.blur.service.blur.SharedSettingsReceiver
I/FWQAActionReceiver( 1295): Receiver invoked with intent #Intent;action=com.motorola.contextual.actions.Sync;launchFlags=0x30;component=com.motorola.contextual.fw/.actions.ActionReceiver;S.com.motorola.smartactions.intent.extra.EVENT=fire_request;d.com.motorola.smartactions.intent.extra.VERSION=1.0;S.com.motorola.smartactions.intent.extra.REQUEST_ID=com.motorola.smartactions.low_battery.action.1.child.1%3A21;B.com.motorola.smartactions.intent.extra.SAVE_DEFAULT=true;S.com.motorola.smartactions.intent.extra.CONFIG=%23Intent%3Bd.com.motorola.smartactions.intent.extra.CONFIG_VERSION%3D1.0%3BB.state%3Dtrue%3Bend;end
W/ContextImpl( 1295): Calling a method in the system process without a qualified user: android.app.ContextImpl.startService:1608 android.content.ContextWrapper.startService:494 android.content.ContextWrapper.startService:494 com.motorola.contextual.fw.actions.StatefulActionHelper.registerForSettingChanges:81 com.motorola.contextual.fw.actions.Sync.registerForSettingChanges:214 
W/ActivityThread(10250): ClassLoader.loadClass: The class loader returned by Thread.getContextClassLoader() may fail for processes that host multiple applications. You should explicitly specify a context class loader. For example: Thread.setContextClassLoader(getClass().getClassLoader());
W/ContextImpl( 1295): Calling a method in the system process without a qualified user: android.app.ContextImpl.startService:1608 android.content.ContextWrapper.startService:494 android.content.ContextWrapper.startService:494 com.motorola.contextual.fw.actions.Utils.writeToDebugService:174 com.motorola.contextual.fw.actions.StatefulAction.setState:261 
I/FWQASync( 1295): removePendingAction
I/FWQASync( 1295): Sync state to be set to true
I/FWQASync( 1295): Old state is true
W/ContextImpl( 1295): Calling a method in the system process without a qualified user: android.app.ContextImpl.startService:1608 android.content.ContextWrapper.startService:494 android.content.ContextWrapper.startService:494 com.motorola.contextual.fw.actions.Utils.writeToDebugService:174 com.motorola.contextual.fw.actions.StatefulAction.setState:278 
I/FWQAActionReceiver( 1295): Sending response intent: #Intent;action=com.motorola.smartactions.intent.action.ACTION_PUBLISHER_EVENT;S.com.motorola.smartactions.intent.extra.EVENT=fire_response;S.com.motorola.smartactions.intent.extra.RESPONSE_ID=com.motorola.smartactions.low_battery.action.1.child.1%3A21;S.com.motorola.smartactions.intent.extra.PUBLISHER_KEY=com.motorola.contextual.actions.Sync;S.com.motorola.smartactions.intent.extra.STATUS=success;end
W/ContextImpl( 1295): Calling a method in the system process without a qualified user: android.app.ContextImpl.sendBroadcast:1252 android.content.ContextWrapper.sendBroadcast:365 android.content.ContextWrapper.sendBroadcast:365 com.motorola.contextual.fw.actions.ActionReceiver.onReceive:80 android.app.ActivityThread.handleReceiver:2434 
I/FWQASettingsService( 1295): In onStartCommand with intent Intent { cmp=com.motorola.contextual.fw/.actions.SettingsService (has extras) }
I/FWQASettingsService( 1295): Setting already registered
W/FWQASettingsService( 1295): Duplicate request
D/dalvikvm( 1295): GC_CONCURRENT freed 1970K, 46% free 9316K/17224K, paused 1ms+2ms, total 22ms
I/FWQADebugService( 1295): MM to QA fire_request com.motorola.contextual.actions.Sync com.motorola.smartactions.low_battery.action.1.child.1:21 1429901248552 
I/SBar.NetworkController( 1119): refreshSignalCluster: mobile: Signal=zz_moto_stat_sys_signal_3_fully_wide Roaming=(none) mSimIconId=(none) Accessibility="Phone three bars.","Not roaming.",""
I/ActivityManager( 1025): Start proc com.motorola.contextual.smartrules2 for broadcast com.motorola.contextual.smartrules2/com.motorola.checkin.AnalyticsReceiver: pid=10277 uid=10035 gids={50035, 3003, 1028, 1015, 3001, 3002}
I/ActivityManager( 1025): Process com.google.android.apps.maps (pid 10250) has died.
E/ActivityThread( 1295): Failed to find provider info for com.motorola.contextual.analytics
E/FWQADebugQA( 1295): Error: Cannot write to Debug Provider :java.lang.IllegalArgumentException: Unknown URL content://com.motorola.contextual.analytics/debug
I/FWQADebugService( 1295): QA to MM true com.motorola.contextual.actions.Sync com.motorola.smartactions.low_battery.action.1.child.1:21 1429901248552 success
E/ActivityThread( 1295): Failed to find provider info for com.motorola.contextual.analytics
E/FWQADebugQA( 1295): Error: Cannot write to Debug Provider :java.lang.IllegalArgumentException: Unknown URL content://com.motorola.contextual.analytics/debug
I/FWQADebugService( 1295):  onDestroy
D/WifiStateMachine( 1025): handleMessage: E msg.what=151572
D/WifiStateMachine( 1025): processMsg: ConnectedState
D/WifiStateMachine( 1025): processMsg: L2ConnectedState
D/WifiStateMachine( 1025): handleMessage: X
D/dalvikvm( 1025): GC_EXPLICIT freed 1068K, 37% free 31797K/50444K, paused 5ms+16ms, total 170ms
D/Checkin (10277): publish the event [tag = SMART_ACTIONS event name = ACTION]
D/Checkin (10277): publish the event [tag = SMART_ACTIONS event name = ACTION]
V/GAV3    ( 8246): Thread[Service Reconnect,5,main]: connecting to Analytics service
V/GAV3    ( 8246): Thread[main,5,main]: service connected, binder: android.os.BinderProxy@41ff8e78
V/GAV3    ( 8246): Thread[Service Reconnect,5,main]: connect: bindService returned true for Intent { act=com.google.android.gms.analytics.service.START cmp=com.google.android.gms/.analytics.service.AnalyticsService (has extras) }
V/GAV3    ( 8246): Thread[main,5,main]: bound to service
V/GAV3    ( 8246): Thread[main,5,main]: Connected to service
W/ContextImpl( 8078): Implicit intents with startService are not safe: Intent { act=com.google.android.gms.analytics.service.START (has extras) } android.content.ContextWrapper.bindService:517 com.google.analytics.tracking.android.AnalyticsGmsCoreClient.b:82 com.google.analytics.tracking.android.GAServiceProxy.j:279 
I/ActivityManager( 1025): Process com.motorola.genie (pid 10069) has died.
D/WifiStateMachine( 1025): handleMessage: E msg.what=151572
D/WifiStateMachine( 1025): processMsg: ConnectedState
D/WifiStateMachine( 1025): processMsg: L2ConnectedState
D/WifiStateMachine( 1025): handleMessage: X
I/ActivityManager( 1025): Process com.motorola.contextual.smartrules2 (pid 10277) has died.
I/SBar.NetworkController( 1119): onSignalStrengthsChanged SignalStrength: 12 0 -120 -160 -120 -1 -1 99 2147483647 2147483647 2147483647 2147483647 2147483647 gsm|lte 0 -108 -1 false 4 4 0 0 0 99 99 99 4 level=4
D/WifiStateMachine( 1025): handleMessage: E msg.what=151572
D/WifiStateMachine( 1025): processMsg: ConnectedState
D/WifiStateMachine( 1025): processMsg: L2ConnectedState
D/WifiStateMachine( 1025): handleMessage: X
D/WifiStateMachine( 1025): handleMessage: E msg.what=131155
D/WifiStateMachine( 1025): processMsg: ConnectedState
D/WifiStateMachine( 1025): processMsg: L2ConnectedState
D/WifiStateMachine( 1025): handleMessage: X
I/wpa_supplicant( 1113): wlan0: WPA: Group rekeying completed with 70:54:d2:ae:26:93 [GTK=TKIP]
D/MDMCTBK (  273): reply_len: 40 reply is = IFNAME=wlan0 <3>CTRL-EVENT-STATE-CHANGE 
D/MDMCTBK (  273): Event received = CTRL-EVENT-STATE-CHANGE 
D/MDMCTBK (  273): reply_len: 40 reply is = IFNAME=wlan0 <3>WPA: Group rekeying comp
D/MDMCTBK (  273): Event received = WPA: Group rekeying comp
D/MDMCTBK (  273): reply_len: 40 reply is = IFNAME=wlan0 <3>CTRL-EVENT-STATE-CHANGE 
D/MDMCTBK (  273): Event received = CTRL-EVENT-STATE-CHANGE 
D/WifiStateMachine( 1025): handleMessage: E msg.what=147462
D/WifiStateMachine( 1025): processMsg: ConnectedState
D/WifiStateMachine( 1025): processMsg: L2ConnectedState
D/WifiStateMachine( 1025): processMsg: ConnectModeState
D/WifiStateMachine( 1025): handleMessage: X
D/WifiStateMachine( 1025): handleMessage: E msg.what=147462
D/WifiStateMachine( 1025): processMsg: ConnectedState
D/WifiStateMachine( 1025): processMsg: L2ConnectedState
D/WifiStateMachine( 1025): processMsg: ConnectModeState
D/WifiStateMachine( 1025): handleMessage: X
I/SFPerfTracer(  274):      triggers: (rate: 1296:51437) (compose: 0:262) (post: 0:21) (render: 92:10760) (0:813853 frames) (1:3407995)
D/SFPerfTracer(  274):        layers: (4:10) (DimLayer: 0:158)* (DimLayer: 0:146)* (FocusedStackFrame: 0:22900)* (StatusBar: 0:273940) (NavigationBar: 0:211012) (DimLayer: 0:26649)* (DimLayer: 0:5075)* (com.android.wallpaper.fall.FallWallpaper: 1:6435) (co.giftmeapp.gift_me/com.paypal.android.sdk.payments.PaymentConfirmActivity: 0:60)* (Keyguard: 0:39) 
D/WifiStateMachine( 1025): handleMessage: E msg.what=151572
D/WifiStateMachine( 1025): processMsg: ConnectedState
D/WifiStateMachine( 1025): processMsg: L2ConnectedState
I/SBar.NetworkController( 1119): refreshSignalCluster: mobile: Signal=zz_moto_stat_sys_signal_4_fully_wide Roaming=(none) mSimIconId=(none) Accessibility="Phone signal full.","Not roaming.",""
D/WifiStateMachine( 1025): handleMessage: X
D/WifiStateMachine( 1025): handleMessage: E msg.what=151572
D/WifiStateMachine( 1025): processMsg: ConnectedState
D/WifiStateMachine( 1025): processMsg: L2ConnectedState
D/WifiStateMachine( 1025): handleMessage: X
I/PowerManagerService( 1025): Nap time...
I/PowerManagerService( 1025): Going to sleep due to screen timeout...
D/Ulp_jni ( 1025): Location CB invoked
D/WifiStateMachine( 1025): handleMessage: E msg.what=151572
D/WifiStateMachine( 1025): processMsg: ConnectedState
D/WifiStateMachine( 1025): processMsg: L2ConnectedState
D/WifiStateMachine( 1025): handleMessage: X
