D/dalvikvm(  275): GC_EXPLICIT freed 42K, 48% free 9011K/17224K, paused 2ms+3ms, total 23ms
D/dalvikvm(27213): GC_CONCURRENT freed 3561K, 40% free 12234K/20348K, paused 9ms+5ms, total 89ms
D/dalvikvm(27213): WAIT_FOR_CONCURRENT_GC blocked 39ms
D/dalvikvm(  275): GC_EXPLICIT freed <1K, 48% free 9011K/17224K, paused 2ms+2ms, total 19ms
V/ConfigFetchTask( 5063): ConfigFetchTask getDeviceDataVersionInfo(): ABFEt1WTD8dQ8xZDIZANjzvC74e8OnMd-o4GlpSZ8urzXFEGJkLon7diqlvJMme2JwchPpYL-NqrpiNckMYfgVQ62neNlmVL1RJw9in3LpfSF3Rszvi95ybVY63GPcuesa7--es5usz0GiJnJ8v-Sz0wdWg0HscHl7h2vgkA_RwVDhTzO_L2mMb8sLlhTYPNBGXZZEqIJNAX6CSKvH9ycqswNrohEi3vYiWVDNdAvHwV6lZW4QeEezjBmcuckNJFd4VtFQyH_3EwsjkpJTq2LACQy4jMRuMF9wEHmBIy0XhIOKqnWpvIARokMfswjPyOL_QmffNpmgRVj-lsPoqfgDJzqoypmhW4eP0zldKtBwjChk16Ow7XVAg
D/dalvikvm(  275): GC_EXPLICIT freed <1K, 48% free 9011K/17224K, paused 1ms+3ms, total 20ms
I/GoogleURLConnFactory( 5063): Using platform SSLCertificateSocketFactory
D/dalvikvm(26633): Trying to load lib /data/app-lib/com.facebook.katana-1/libfbjni.so 0x41fb99e0
D/dalvikvm(26633): Added shared lib /data/app-lib/com.facebook.katana-1/libfbjni.so 0x41fb99e0
D/dalvikvm(26633): Trying to load lib /data/app-lib/com.facebook.katana-1/libcares.so 0x41fb99e0
D/dalvikvm(26633): Added shared lib /data/app-lib/com.facebook.katana-1/libcares.so 0x41fb99e0
D/dalvikvm(26633): No JNI_OnLoad found in /data/app-lib/com.facebook.katana-1/libcares.so 0x41fb99e0, skipping init
D/dalvikvm(26633): Trying to load lib /data/app-lib/com.facebook.katana-1/libdouble-conversion.so 0x41fb99e0
D/dalvikvm(26633): Added shared lib /data/app-lib/com.facebook.katana-1/libdouble-conversion.so 0x41fb99e0
D/dalvikvm(26633): No JNI_OnLoad found in /data/app-lib/com.facebook.katana-1/libdouble-conversion.so 0x41fb99e0, skipping init
D/dalvikvm(26633): Trying to load lib /data/app-lib/com.facebook.katana-1/libevent.so 0x41fb99e0
D/dalvikvm(26633): Added shared lib /data/app-lib/com.facebook.katana-1/libevent.so 0x41fb99e0
D/dalvikvm(26633): No JNI_OnLoad found in /data/app-lib/com.facebook.katana-1/libevent.so 0x41fb99e0, skipping init
D/dalvikvm(26633): Trying to load lib /data/app-lib/com.facebook.katana-1/libliger.so 0x41fb99e0
D/WifiStateMachine( 1025): handleMessage: E msg.what=151572
D/WifiStateMachine( 1025): processMsg: ConnectedState
D/WifiStateMachine( 1025): processMsg: L2ConnectedState
D/WifiStateMachine( 1025): handleMessage: X
D/dalvikvm(26633): Added shared lib /data/app-lib/com.facebook.katana-1/libliger.so 0x41fb99e0
I/ConfigFetchService( 5063): fetch service done; releasing wakelock
I/ConfigFetchService( 5063): stopping self
W/fb4a(:<default>):AbstractMqttPushService(26633): Attempt to start service that is already started
I/dalvikvm(26749): Could not find method android.app.Activity.finishAfterTransition, referenced from method r.c_
W/dalvikvm(26749): VFY: unable to resolve virtual method 2773: Landroid/app/Activity;.finishAfterTransition ()V
D/dalvikvm(26749): VFY: replacing opcode 0x6e at 0x0006
D/dalvikvm(26633): Trying to load lib /data/app-lib/com.facebook.katana-1/libheartbleed.so 0x41fb99e0
D/dalvikvm(26633): Added shared lib /data/app-lib/com.facebook.katana-1/libheartbleed.so 0x41fb99e0
D/WifiStateMachine( 1025): handleMessage: E msg.what=131155
D/WifiStateMachine( 1025): processMsg: ConnectedState
D/WifiStateMachine( 1025): processMsg: L2ConnectedState
D/WifiStateMachine( 1025): handleMessage: X
W/SyncWapiModule(26749): isPlayServicesEnabled=
W/SyncWapiModule(26749): isPlayServicesEnabled=
W/GAV2    (26749): Thread[main,5,main]: Need to call initialize() and be in fallback mode to start dispatch.
I/ActivityManager( 1025): Start proc com.motorola.MotGallery2 for broadcast com.motorola.MotGallery2/com.android.gallery3d.app.PackagesMonitor: pid=26797 uid=10034 gids={50034, 3003, 1028, 1015}
I/ActivityManager( 1025): Start proc com.google.android.googlequicksearchbox:search for broadcast com.google.android.googlequicksearchbox/com.google.android.search.core.icingsync.IcingCorporaChangedReceiver: pid=26813 uid=10045 gids={50045, 3003, 3001, 1028, 3002, 1015}
D/WifiService( 1025): Client connection lost with reason: 4
I/ActivityManager( 1025): Start proc com.facebook.orca for service com.facebook.orca/com.facebook.push.mqtt.service.MqttPushService: pid=26826 uid=10147 gids={50147, 3003, 1028, 1015}
I/ActivityManager( 1025): Process com.facebook.katana (pid 26633) has died.
W/ActivityManager( 1025): Scheduling restart of crashed service com.facebook.katana/com.facebook.push.mqtt.service.MqttPushService in 4000ms
W/GAV2    (26749): Thread[main,5,main]: dispatch call queued.  Need to call GAServiceManager.getInstance().initialize().
I/ActivityManager( 1025): Process com.google.android.apps.docs (pid 26749) has died.
D/WifiStateMachine( 1025): handleMessage: E msg.what=151572
D/WifiStateMachine( 1025): processMsg: ConnectedState
D/WifiStateMachine( 1025): processMsg: L2ConnectedState
D/WifiStateMachine( 1025): handleMessage: X
I/ActivityManager( 1025): Start proc com.evernote for broadcast com.evernote/.util.WidgetTracker: pid=26843 uid=10134 gids={50134, 3003, 1028, 1015}
I/UpdateIcingCorporaServi(26813): Updating corpora: APPS=co.giftmeapp.gift_me, CONTACTS=MAYBE
I/MultiDex(26843): VM with version 1.6.0 does not have multidex support
I/MultiDex(26843): install
I/MultiDex(26843): MultiDexExtractor.load(/data/app/com.evernote-1.apk, false)
I/MultiDex(26843): loading existing secondary dex files
I/MultiDex(26843): load found 0 secondary dex files
I/MultiDex(26843): install done
D/ACRA    (26826): ACRA is enabled for com.facebook.orca, intializing...
I/ActivityManager( 1025): Start proc com.google.android.partnersetup for content provider com.google.android.partnersetup/.RlzAppProvider: pid=26859 uid=10025 gids={50025, 3003}
D/ACRA    (26826): Looking for error files in /data/data/com.facebook.orca/app_acra-reports
D/ACRA    (26826): Looking for error files in /data/data/com.facebook.orca/app_minidumps
D/dalvikvm(26826): Trying to load lib /data/app-lib/com.facebook.orca-2/libgnustl_shared.so 0x41fad790
D/dalvikvm(26826): Added shared lib /data/app-lib/com.facebook.orca-2/libgnustl_shared.so 0x41fad790
D/dalvikvm(26826): No JNI_OnLoad found in /data/app-lib/com.facebook.orca-2/libgnustl_shared.so 0x41fad790, skipping init
D/dalvikvm(26826): Trying to load lib /data/app-lib/com.facebook.orca-2/libfb_breakpad_client.so 0x41fad790
D/dalvikvm(26826): Added shared lib /data/app-lib/com.facebook.orca-2/libfb_breakpad_client.so 0x41fad790
I/dalvikvm(26813): Could not find method android.content.pm.PackageManager.getPackageInstaller, referenced from method com.google.android.gms.common.e.p
W/dalvikvm(26813): VFY: unable to resolve virtual method 901: Landroid/content/pm/PackageManager;.getPackageInstaller ()Landroid/content/pm/PackageInstaller;
D/dalvikvm(26813): VFY: replacing opcode 0x6e at 0x000b
D/dalvikvm(26826): Trying to load lib /data/app-lib/com.facebook.orca-2/libfb_dalvik-internals.so 0x41fad790
D/dalvikvm(26826): Added shared lib /data/app-lib/com.facebook.orca-2/libfb_dalvik-internals.so 0x41fad790
V/DexLibLoader(26826): about to lock: /data/data/com.facebook.orca/mdex_lock
V/DexLibLoader(26826): locking /data/data/com.facebook.orca/mdex_lock took 0 ms
V/DexLibLoader(26826): Secondary program dex metadata: secondary-1.dex.jar 790183d1fb728678b0d8546ed8e9eaef90404089 secondary.dex01.Canary
V/DexLibLoader(26826): Secondary program dex metadata: secondary-2.dex.jar 03b795797c6ded9e8b3df575980b7d37d9ca8dad secondary.dex02.Canary
V/DexLibLoader(26826): Secondary program dex metadata: secondary-3.dex.jar 5ccf73e2daa6156653af1c6485ad6053f38846b9 secondary.dex03.Canary
V/DexLibLoader(26826): directory "/data/data/com.facebook.orca/app_secondary_program_dex" contains "program-790183d1fb728678b0d8546ed8e9eaef904040896661a1c7.dex.jar" as expected
V/DexLibLoader(26826): directory "/data/data/com.facebook.orca/app_secondary_program_dex" contains "program-03b795797c6ded9e8b3df575980b7d37d9ca8dad6661a1c7.dex.jar" as expected
V/DexLibLoader(26826): directory "/data/data/com.facebook.orca/app_secondary_program_dex" contains "program-5ccf73e2daa6156653af1c6485ad6053f38846b96661a1c7.dex.jar" as expected
D/DexLibLoader(26826): ignoring file "program-790183d1fb728678b0d8546ed8e9eaef904040896661a1c7.dex.odex" in "/data/data/com.facebook.orca/app_secondary_program_dex"
D/DexLibLoader(26826): ignoring file "program-03b795797c6ded9e8b3df575980b7d37d9ca8dad6661a1c7.dex.odex" in "/data/data/com.facebook.orca/app_secondary_program_dex"
D/DexLibLoader(26826): ignoring file "program-5ccf73e2daa6156653af1c6485ad6053f38846b96661a1c7.dex.odex" in "/data/data/com.facebook.orca/app_secondary_program_dex"
D/DexLibLoader(26826): directory "/data/data/com.facebook.orca/app_secondary_program_dex" is valid
D/DexLibLoader(26826): ignoring file "primary_deps" in "/data/data/com.facebook.orca/app_secondary_program_dex_opt"
V/DexLibLoader(26826): directory "/data/data/com.facebook.orca/app_secondary_program_dex_opt" contains "program-790183d1fb728678b0d8546ed8e9eaef904040896661a1c7.dex.dex" as expected
V/DexLibLoader(26826): directory "/data/data/com.facebook.orca/app_secondary_program_dex_opt" contains "program-03b795797c6ded9e8b3df575980b7d37d9ca8dad6661a1c7.dex.dex" as expected
V/DexLibLoader(26826): directory "/data/data/com.facebook.orca/app_secondary_program_dex_opt" contains "program-5ccf73e2daa6156653af1c6485ad6053f38846b96661a1c7.dex.dex" as expected
D/DexLibLoader(26826): directory "/data/data/com.facebook.orca/app_secondary_program_dex_opt" is valid
D/DexLibLoader(26826): loading pre-built cross-dex opt odex files
V/dalvik-internals(26826): hooked dvmResolveClass using jump ()
V/dalvik-internals(26826): hooked dvmFlushBreakpoints using jump ()
D/CordovaLog(26395): file:///android_asset/www/js/ratchet.min.js: Line 10 : Uncaught SyntaxError: Failed to execute 'querySelector' on 'Document': '#give-gift/10152911418808392/156/' is not a valid selector.
I/chromium(26395): [INFO:CONSOLE(10)] "Uncaught SyntaxError: Failed to execute 'querySelector' on 'Document': '#give-gift/10152911418808392/156/' is not a valid selector.", source: file:///android_asset/www/js/ratchet.min.js (10)
V/MultiDexClassLoader(26826): installing MultiDexClassLoader before application classloader
I/dalvikvm(26826): Could not find method dalvik.system.DexFile.loadClassBinaryName, referenced from method com.facebook.common.l.g.a
W/dalvikvm(26826): VFY: unable to resolve virtual method 1453: Ldalvik/system/DexFile;.loadClassBinaryName (Ljava/lang/String;Ljava/lang/ClassLoader;)Ljava/lang/Class;
D/dalvikvm(26826): VFY: replacing opcode 0x6e at 0x0000
D/DexLibLoader(26826): released odex store lock
D/DexLibLoader(26826): DexLibLoader.loadAll took 109 ms
I/ActivityManager( 1025): Process com.motorola.MotGallery2 (pid 26797) has died.
I/ActivityManager( 1025): Process com.google.android.partnersetup (pid 26859) has died.
D/EN      (26843): MemoryMapAppender.ctor()
D/EN      (26843): MemoryMapAppender.ctor-end()
I/SFPerfTracer(  274):      triggers: (rate: 1125:447968) (341201 sw vsyncs) (1049391 skipped) (20:3341707 vsyncs) (22:4190471)
D/EN      (26843): [EvernoteProvider] - Provider+++++onCreate()
D/EN      (26843): [d] - AccountManager()::userIds=102703026
D/EN      (26843): [b] - creating new AccountInfo()::userId102703026
D/EN      (26843): [d] - AccountManager()::adding account::102703026::timcallagy
D/EN      (26843): [d] - AccountManager()::count=1
D/EN      (26843): [d] - initialized:
D/EN      (26843): [a] - getInstance()::
D/EN      (26843): [al] - Register SD Card Receiver ++++++++++++++++++++
D/EN      (26843): [al] - checkForRecentUnmount() end
D/EN      (26843): [a] - locale is set=en_GB
D/EN      (26843): [a] - isDBONSDcard()=true
I/EN      (26843): [al] - getSDCardStatus()::mounted::noStorageText=null
D/EN      (26843): [a] - isDBFileChanged()::lastFilePath in pref=/data/data/com.evernote/files/user-102703026/.external-1428259012787-Evernote.db
E/EN      (26843): [a] - isDBFileChanged()::+++++++++lastFilePath exists/data/data/com.evernote/files/user-102703026/.external-1428259012787-Evernote.db
D/EN      (26843): [a] - getInstance()::DBFile NOT Changed
D/EN      (26843): [a] - isDBONSDcard()=true
D/EN      (26843): [a] - moveToSDcard()::start::Evernote.DB_ON_SDCARD=true
D/EN      (26843): [a] - isDBONSDcard()=true
E/EN      (26843): [a] - isLastDBFileOnSDCard()::+++++++++++lastFilePath exists/data/data/com.evernote/files/user-102703026/.external-1428259012787-Evernote.db
D/EN      (26843): [a] - isDBONSDcard()=true
D/EN      (26843): [a] - getDBfilePath()::++++++++++++++++lastFilePath from preferences/data/data/com.evernote/files/user-102703026/.external-1428259012787-Evernote.db
E/EN      (26843): [a] - getDBfilePath()::++++++++++++++++lastFilePath exists/data/data/com.evernote/files/user-102703026/.external-1428259012787-Evernote.db
D/EN      (26843): [EvernoteProvider] - cleanupOldThumbnailsIfNeeded()
W/bp      (26826): Verify
I/ReleaseProperties(26843): Current app is: evernote
I/ReleaseProperties(26843): propFile: release is now loaded
I/ApplicationLogger(26813): canRun() : Opted Out
I/UpdateIcingCorporaServi(26813): UpdateCorporaTask done [took 452 ms] updated apps [took 452 ms] 
I/ReleaseProperties(26843): propFile: play is now loaded
I/ReleaseProperties(26843): propFile: base is now loaded
I/ReleaseProperties(26843): propFile: override is now loaded
D/MarketUtils(26843): isPackageInstalled() - com.android.vending is installed
D/MarketUtils(26843): isPackageInstalled() - com.android.vending is installed
D/MarketUtils(26843): isPackageInstalled() - com.android.vending is installed
D/MarketUtils(26843): isPackageInstalled() - com.android.vending is installed
I/ReleaseProperties(26843): ReleaseProperties: 
I/ReleaseProperties(26843):   bundleName=google-play
I/ReleaseProperties(26843):   revision=AM_702_524
I/ReleaseProperties(26843):   type=public
I/ReleaseProperties(26843):   gitHash=313f54a11431af98d659728265b72cfcf9ec527e
I/ReleaseProperties(26843):   baseSearchUri=market://search?q=
D/MarketUtils(26843): isPackageInstalled() - com.android.vending is installed
D/MarketUtils(26843): isPackageInstalled() - com.android.vending is installed
D/ReleaseProperties(26843): getReferralPersistencePath():: old=false:: path=/storage/emulated/0/.enref
D/EN      (26843): [a] - isDBONSDcard()=true
D/EN      (26843): [Evernote] - VERSION_CODE: 1070243
D/MarketUtils(26843): isPackageInstalled() - com.android.vending is installed
D/MarketUtils(26843): isPackageInstalled() - com.android.vending is installed
I/ReleaseProperties(26843): From file referralCode=android
I/dalvikvm(26843): Could not find method android.content.pm.PackageManager.getActivityBanner, referenced from method com.evernote.d.b.getActivityBanner
W/dalvikvm(26843): VFY: unable to resolve virtual method 793: Landroid/content/pm/PackageManager;.getActivityBanner (Landroid/content/ComponentName;)Landroid/graphics/drawable/Drawable;
D/dalvikvm(26843): VFY: replacing opcode 0x6e at 0x0002
I/dalvikvm(26843): Could not find method android.content.pm.PackageManager.getActivityBanner, referenced from method com.evernote.d.b.getActivityBanner
W/dalvikvm(26843): VFY: unable to resolve virtual method 794: Landroid/content/pm/PackageManager;.getActivityBanner (Landroid/content/Intent;)Landroid/graphics/drawable/Drawable;
D/dalvikvm(26843): VFY: replacing opcode 0x6e at 0x0002
I/dalvikvm(26843): Could not find method android.content.pm.PackageManager.getApplicationBanner, referenced from method com.evernote.d.b.getApplicationBanner
W/dalvikvm(26843): VFY: unable to resolve virtual method 801: Landroid/content/pm/PackageManager;.getApplicationBanner (Landroid/content/pm/ApplicationInfo;)Landroid/graphics/drawable/Drawable;
D/dalvikvm(26843): VFY: replacing opcode 0x6e at 0x0002
I/dalvikvm(26843): Could not find method android.content.pm.PackageManager.getApplicationBanner, referenced from method com.evernote.d.b.getApplicationBanner
W/dalvikvm(26843): VFY: unable to resolve virtual method 802: Landroid/content/pm/PackageManager;.getApplicationBanner (Ljava/lang/String;)Landroid/graphics/drawable/Drawable;
D/dalvikvm(26843): VFY: replacing opcode 0x6e at 0x0002
I/dalvikvm(26843): Could not find method android.content.pm.PackageManager.getLeanbackLaunchIntentForPackage, referenced from method com.evernote.d.b.getLeanbackLaunchIntentForPackage
W/dalvikvm(26843): VFY: unable to resolve virtual method 818: Landroid/content/pm/PackageManager;.getLeanbackLaunchIntentForPackage (Ljava/lang/String;)Landroid/content/Intent;
D/dalvikvm(26843): VFY: replacing opcode 0x6e at 0x0002
I/dalvikvm(26843): Could not find method android.content.pm.PackageManager.getPackageInstaller, referenced from method com.evernote.d.b.getPackageInstaller
W/dalvikvm(26843): VFY: unable to resolve virtual method 823: Landroid/content/pm/PackageManager;.getPackageInstaller ()Landroid/content/pm/PackageInstaller;
D/dalvikvm(26843): VFY: replacing opcode 0x6e at 0x0002
I/ActivityManager( 1025): Process com.google.android.googlequicksearchbox:search (pid 26813) has died.
I/dalvikvm(26843): Could not find method android.content.pm.PackageManager.getUserBadgedDrawableForDensity, referenced from method com.evernote.d.b.getUserBadgedDrawableForDensity
W/dalvikvm(26843): VFY: unable to resolve virtual method 839: Landroid/content/pm/PackageManager;.getUserBadgedDrawableForDensity (Landroid/graphics/drawable/Drawable;Landroid/os/UserHandle;Landroid/graphics/Rect;I)Landroid/graphics/drawable/Drawable;
D/dalvikvm(26843): VFY: replacing opcode 0x6e at 0x0002
I/dalvikvm(26843): Could not find method android.content.pm.PackageManager.getUserBadgedIcon, referenced from method com.evernote.d.b.getUserBadgedIcon
W/dalvikvm(26843): VFY: unable to resolve virtual method 840: Landroid/content/pm/PackageManager;.getUserBadgedIcon (Landroid/graphics/drawable/Drawable;Landroid/os/UserHandle;)Landroid/graphics/drawable/Drawable;
D/dalvikvm(26843): VFY: replacing opcode 0x6e at 0x0002
I/dalvikvm(26843): Could not find method android.content.pm.PackageManager.getUserBadgedLabel, referenced from method com.evernote.d.b.getUserBadgedLabel
W/dalvikvm(26843): VFY: unable to resolve virtual method 841: Landroid/content/pm/PackageManager;.getUserBadgedLabel (Ljava/lang/CharSequence;Landroid/os/UserHandle;)Ljava/lang/CharSequence;
D/dalvikvm(26843): VFY: replacing opcode 0x6e at 0x0002
I/Crashlytics(26843): Initializing Crashlytics 1.1.8.10
D/WifiStateMachine( 1025): handleMessage: E msg.what=151572
D/WifiStateMachine( 1025): processMsg: ConnectedState
D/WifiStateMachine( 1025): processMsg: L2ConnectedState
D/WifiStateMachine( 1025): handleMessage: X
E/dalvikvm(26826): Could not find class 'org.apache.harmony.xnet.provider.jsse.OpenSSLSocketImpl', referenced from method com.facebook.ssl.openssl.a.b.<clinit>
W/dalvikvm(26826): VFY: unable to resolve const-class 10658 (Lorg/apache/harmony/xnet/provider/jsse/OpenSSLSocketImpl;) in Lcom/facebook/ssl/openssl/a/b;
D/dalvikvm(26826): VFY: replacing opcode 0x1c at 0x000d
E/dalvikvm(26826): Could not find class 'org.apache.harmony.xnet.provider.jsse.OpenSSLSocketFactoryImpl', referenced from method com.facebook.ssl.openssl.b.b.<clinit>
W/dalvikvm(26826): VFY: unable to resolve const-class 10657 (Lorg/apache/harmony/xnet/provider/jsse/OpenSSLSocketFactoryImpl;) in Lcom/facebook/ssl/openssl/b/b;
D/dalvikvm(26826): VFY: replacing opcode 0x1c at 0x000d
E/dalvikvm(26826): Could not find class 'org.apache.harmony.xnet.provider.jsse.SSLParametersImpl', referenced from method com.facebook.ssl.openssl.b.b.a
W/dalvikvm(26826): VFY: unable to resolve check-cast 10660 (Lorg/apache/harmony/xnet/provider/jsse/SSLParametersImpl;) in Lcom/facebook/ssl/openssl/b/b;
D/dalvikvm(26826): VFY: replacing opcode 0x1f at 0x0006
E/dalvikvm(26826): Could not find class 'org.apache.harmony.xnet.provider.jsse.SSLParametersImpl', referenced from method com.facebook.ssl.openssl.b.c.<clinit>
W/dalvikvm(26826): VFY: unable to resolve const-class 10660 (Lorg/apache/harmony/xnet/provider/jsse/SSLParametersImpl;) in Lcom/facebook/ssl/openssl/b/c;
D/dalvikvm(26826): VFY: replacing opcode 0x1c at 0x000d
W/dalvikvm(26826): VFY: unable to find class referenced in signature (Lorg/apache/harmony/xnet/provider/jsse/SSLParametersImpl;)
E/dalvikvm(26826): Could not find class 'org.apache.harmony.xnet.provider.jsse.ClientSessionContext', referenced from method com.facebook.ssl.openssl.b.c.a
W/dalvikvm(26826): VFY: unable to resolve check-cast 10656 (Lorg/apache/harmony/xnet/provider/jsse/ClientSessionContext;) in Lcom/facebook/ssl/openssl/b/c;
D/dalvikvm(26826): VFY: replacing opcode 0x1f at 0x0006
W/dalvikvm(26826): VFY: unable to find class referenced in signature (Lorg/apache/harmony/xnet/provider/jsse/SSLParametersImpl;)
W/dalvikvm(26826): Unable to resolve superclass of Lcom/facebook/ssl/openssl/TicketEnabledOpenSSLSocketImplWrapper; (10659)
W/dalvikvm(26826): Link of class 'Lcom/facebook/ssl/openssl/TicketEnabledOpenSSLSocketImplWrapper;' failed
E/dalvikvm(26826): Could not find class 'com.facebook.ssl.openssl.TicketEnabledOpenSSLSocketImplWrapper', referenced from method com.facebook.ssl.openssl.b.a
W/dalvikvm(26826): VFY: unable to resolve new-instance 7258 (Lcom/facebook/ssl/openssl/TicketEnabledOpenSSLSocketImplWrapper;) in Lcom/facebook/ssl/openssl/b;
D/dalvikvm(26826): VFY: replacing opcode 0x22 at 0x0000
W/dalvikvm(26826): Unable to resolve superclass of Lcom/facebook/ssl/openssl/TicketEnabledOpenSSLSocketImplWrapper; (10659)
W/dalvikvm(26826): Link of class 'Lcom/facebook/ssl/openssl/TicketEnabledOpenSSLSocketImplWrapper;' failed
D/dalvikvm(26826): DexOpt: unable to opt direct call 0x9f40 at 0x08 in Lcom/facebook/ssl/openssl/b;.a
W/msgr(:<default>):a(26826): Attempt to start service that is already started
D/dalvikvm(26826): Trying to load lib /data/app-lib/com.facebook.orca-2/libfbjni.so 0x41fad790
D/dalvikvm(26826): Added shared lib /data/app-lib/com.facebook.orca-2/libfbjni.so 0x41fad790
D/dalvikvm(26826): Trying to load lib /data/app-lib/com.facebook.orca-2/libheartbleed.so 0x41fad790
D/dalvikvm(26826): Added shared lib /data/app-lib/com.facebook.orca-2/libheartbleed.so 0x41fad790
D/MarketUtils(26843): isPackageInstalled() - com.android.vending is installed
D/HockeyApp(26843): Looking for exceptions in: /data/data/com.evernote/files
D/HockeyApp(26843): Current handler class = com.evernote.k
D/EN      (26843): [ee] - registered crash manager
D/EN      (26843): [c] - onApplicationStart()
D/EN      (26843): [c] - onApplicationStart() -- loader thread
D/EN      (26843): [c] - pushUserIDToDataLayer(), pushing user-id ending in 6
D/MarketUtils(26843): isPackageInstalled() - com.android.vending is installed
D/MarketUtils(26843): isPackageInstalled() - com.android.vending is installed
I/ActivityManager( 1025): Start proc com.evernote.widget for broadcast com.evernote.widget/.WidgetStateReceiver: pid=26931 uid=10135 gids={50135, 3003, 1028, 1015}
D/EN      (26843): [c] - 	loading saved values from internal storage
I/ReleaseProperties(26931): Current app is: evernoteWidget
I/ReleaseProperties(26931): propFile: release is now loaded
I/ReleaseProperties(26931): propFile: play is now loaded
I/ReleaseProperties(26931): propFile: base is now loaded
I/ReleaseProperties(26931): propFile: override is now loaded
I/ReleaseProperties(26931): ReleaseProperties: 
I/ReleaseProperties(26931):   bundleName=none
I/ReleaseProperties(26931):   revision=unknown
I/ReleaseProperties(26931):   type=development
I/ReleaseProperties(26931):   gitHash=?
I/ReleaseProperties(26931):   baseSearchUri=market://search?q=
D/ReleaseProperties(26931): getReferralPersistencePath():: old=false:: path=/storage/emulated/0/.enref
I/ReleaseProperties(26931): From file referralCode=android
I/ActivityManager( 1025): Process com.evernote (pid 26843) has died.
I/Icing   ( 5063): Indexing D11140B64A23ADCF9607D6E17FA4854A5443BF22 from com.google.android.googlequicksearchbox
E/NetworkScheduler.SchedulerReceiver(31010): Invalid parameter app
E/NetworkScheduler.SchedulerReceiver(31010): Invalid package name : Perhaps you didn't include a PendingIntent in the extras?
D/PackageBroadcastService( 5063): Received broadcast action=android.intent.action.PACKAGE_REPLACED and uri=co.giftmeapp.gift_me
I/ActivityManager( 1025): Start proc com.google.android.apps.magazines for broadcast com.google.android.apps.magazines/com.google.apps.dots.android.app.receiver.FirstInstallNotificationReceiver: pid=26949 uid=10077 gids={50077, 3003, 1028, 1015}
I/ActivityManager( 1025): Process com.evernote.widget (pid 26931) has died.
I/ActivityManager( 1025): Start proc com.google.android.googlequicksearchbox:search for content provider com.google.android.googlequicksearchbox/com.google.android.search.core.icingsync.InternalIcingCorporaProvider: pid=26961 uid=10045 gids={50045, 3003, 3001, 1028, 3002, 1015}
D/CordovaLog(26395): file:///android_asset/www/js/GiveGiftView.js: Line 17 : GIFTME - buy now clicked
I/chromium(26395): [INFO:CONSOLE(17)] "GIFTME - buy now clicked", source: file:///android_asset/www/js/GiveGiftView.js (17)
D/ConnectPlugin(26395): activity result in plugin: requestCode(0), resultCode(0)
I/ActivityManager( 1025): START u0 {cmp=co.giftmeapp.gift_me/com.paypal.android.sdk.payments.PaymentActivity (has extras)} from pid 26395
D/CordovaActivity(26395): Paused the application!
D/CordovaWebView(26395): Handle the pause
W/PluginManager(26395): THREAD WARNING: exec() call to PayPalMobile.renderSinglePaymentUI blocked the main thread for 54ms. Plugin should use CordovaInterface.getThreadPool().
W/ContextImpl( 1295): Calling a method in the system process without a qualified user: android.app.ContextImpl.sendBroadcast:1252 android.content.ContextWrapper.sendBroadcast:365 com.motorola.motocare.util.TriggerHelper$TriggerBuilder.send:76 com.motorola.motocare.internal.frameworkevents.PauseResumeTrigger.handleFrameworkEvent:53 com.motorola.motocare.internal.frameworkevents.FwEventMonitor$FrameworkListener.processFrameworkEvent:114 
W/ContextImpl( 1295): Calling a method in the system process without a qualified user: android.app.ContextImpl.sendBroadcast:1252 android.content.ContextWrapper.sendBroadcast:365 com.motorola.motocare.util.TriggerHelper$TriggerBuilder.send:76 com.motorola.motocare.internal.frameworkevents.PauseResumeTrigger.handleFrameworkEvent:53 com.motorola.motocare.internal.frameworkevents.FwEventMonitor$FrameworkListener.processFrameworkEvent:114 
D/WifiStateMachine( 1025): handleMessage: E msg.what=151572
D/WifiStateMachine( 1025): processMsg: ConnectedState
D/WifiStateMachine( 1025): processMsg: L2ConnectedState
D/WifiStateMachine( 1025): handleMessage: X
D/dalvikvm(26395): GC_FOR_ALLOC freed 828K, 34% free 11533K/17224K, paused 25ms, total 25ms
I/dalvikvm-heap(26395): Grow heap (frag case) to 13.612MB for 330016-byte allocation
I/dalvikvm(26949): Could not find method android.accounts.AccountManager.getPreviousName, referenced from method com.google.apps.dots.android.newsstand.auth.AccountManagerDelegate.getPreviousName
W/dalvikvm(26949): VFY: unable to resolve virtual method 7: Landroid/accounts/AccountManager;.getPreviousName (Landroid/accounts/Account;)Ljava/lang/String;
D/dalvikvm(26949): VFY: replacing opcode 0x6e at 0x0002
I/dalvikvm(26961): Could not find method android.content.pm.PackageManager.getPackageInstaller, referenced from method com.google.android.gms.common.e.p
W/dalvikvm(26961): VFY: unable to resolve virtual method 901: Landroid/content/pm/PackageManager;.getPackageInstaller ()Landroid/content/pm/PackageInstaller;
D/dalvikvm(26961): VFY: replacing opcode 0x6e at 0x000b
E/cutils  (  261): Failed to mkdirat(/storage/sdcard1/Android): Read-only file system
W/Vold    (  261): Returning OperationFailed - no handler for errno 30
W/ContextImpl(26949): Failed to ensure directory: /storage/sdcard1/Android/data/com.google.android.apps.magazines/cache
E/cutils  (  261): Failed to mkdirat(/storage/sdcard1/Android): Read-only file system
W/Vold    (  261): Returning OperationFailed - no handler for errno 30
W/ContextImpl(26949): Failed to ensure directory: /storage/sdcard1/Android/data/com.google.android.apps.magazines/files
E/cutils  (  261): Failed to mkdirat(/storage/sdcard1/Android): Read-only file system
W/Vold    (  261): Returning OperationFailed - no handler for errno 30
W/ContextImpl(26949): Failed to ensure directory: /storage/sdcard1/Android/data/com.google.android.apps.magazines/cache
E/cutils  (  261): Failed to mkdirat(/storage/sdcard1/Android): Read-only file system
W/Vold    (  261): Returning OperationFailed - no handler for errno 30
W/ContextImpl(26949): Failed to ensure directory: /storage/sdcard1/Android/data/com.google.android.apps.magazines/files
I/Icing   ( 5063): Indexing done D11140B64A23ADCF9607D6E17FA4854A5443BF22
V/WebViewChromiumFactoryProvider(26949): Binding Chromium to main looper Looper (main, tid 1) {41fa7d90}
I/LibraryLoader(26949): Expected native library version number "",actual native library version number ""
I/chromium(26949): [INFO:library_loader_hooks.cc(116)] Chromium logging enabled: level = 0, default verbosity = 0
I/BrowserStartupController(26949): Initializing chromium process, renderers=0
E/AudioManagerAndroid(26949): BLUETOOTH permission is missing!
I/ActivityManager( 1025): Process com.google.android.googlequicksearchbox:search (pid 26961) has died.
I/Adreno-EGL(26949): <qeglDrvAPI_eglInitialize:410>: EGL 1.4 QUALCOMM build: AU_LINUX_ANDROID_LNX.LA.3.5.1_RB1.04.04.02.048.018_msm8226_LNX.LA.3.5.1_RB1__release_AU ()
I/Adreno-EGL(26949): OpenGL ES Shader Compiler Version: E031.24.00.08
I/Adreno-EGL(26949): Build Date: 03/07/14 Fri
I/Adreno-EGL(26949): Local Branch: 
I/Adreno-EGL(26949): Remote Branch: quic/LNX.LA.3.5.1_RB1.1
I/Adreno-EGL(26949): Local Patches: NONE
I/Adreno-EGL(26949): Reconstruct Branch: AU_LINUX_ANDROID_LNX.LA.3.5.1_RB1.04.04.02.048.018 + f2fd134 +  NOTHING
D/dalvikvm( 1025): GC_EXPLICIT freed 983K, 38% free 31301K/50444K, paused 8ms+18ms, total 184ms
I/NSApplication(26949): Starting up...
I/ActivityManager( 1025): Start proc com.google.android.apps.cloudprint for broadcast com.google.android.apps.cloudprint/.printdialog.receivers.UpgradeBroadcastReceiver: pid=27019 uid=10058 gids={50058, 3003, 1028}
D/AudioManagerAndroid(26949): ==> onReceive: s=0, m=1, n=h2w, sb=true
D/AudioManagerAndroid(26949): reportUpdate: state=0, devices=[Speakerphone, Headset earpiece]
V/PhoneStatusBar( 1119): setLightsOn(true)
D/WifiStateMachine( 1025): handleMessage: E msg.what=131155
D/WifiStateMachine( 1025): processMsg: ConnectedState
D/WifiStateMachine( 1025): processMsg: L2ConnectedState
D/WifiStateMachine( 1025): handleMessage: X
W/PaymentActivity(26395): Please add PayPalService.EXTRA_PAYPAL_CONFIGURATION to this activity for restart resiliency.
I/ActivityManager( 1025): START u0 {cmp=co.giftmeapp.gift_me/com.paypal.android.sdk.payments.PaymentMethodActivity (has extras)} from pid 26395
W/ContextImpl( 1295): Calling a method in the system process without a qualified user: android.app.ContextImpl.sendBroadcast:1252 android.content.ContextWrapper.sendBroadcast:365 com.motorola.motocare.util.TriggerHelper$TriggerBuilder.send:76 com.motorola.motocare.internal.frameworkevents.PauseResumeTrigger.handleFrameworkEvent:53 com.motorola.motocare.internal.frameworkevents.FwEventMonitor$FrameworkListener.processFrameworkEvent:114 
I/ActivityManager( 1025): Process com.google.android.apps.magazines (pid 26949) has died.
W/ContextImpl( 1295): Calling a method in the system process without a qualified user: android.app.ContextImpl.sendBroadcast:1252 android.content.ContextWrapper.sendBroadcast:365 com.motorola.motocare.util.TriggerHelper$TriggerBuilder.send:76 com.motorola.motocare.internal.frameworkevents.PauseResumeTrigger.handleFrameworkEvent:53 com.motorola.motocare.internal.frameworkevents.FwEventMonitor$FrameworkListener.processFrameworkEvent:114 
D/dalvikvm(26395): Trying to load lib /data/app-lib/co.giftmeapp.gift_me-2/libcardioDecider.so 0x41fa5d20
D/dalvikvm(26395): Added shared lib /data/app-lib/co.giftmeapp.gift_me-2/libcardioDecider.so 0x41fa5d20
D/dalvikvm(26395): Trying to load lib /data/app-lib/co.giftmeapp.gift_me-2/libopencv_core.so 0x41fa5d20
V/PhoneStatusBar( 1119): setLightsOn(true)
I/ActivityManager( 1025): Start proc com.motorola.context for broadcast com.motorola.context/.engine.mediator.MediatorReceiver: pid=27035 uid=10011 gids={50011, 3001, 3002, 3003}
W/linker  (26395): libopencv_core.so has text relocations. This is wasting memory and is a security risk. Please fix.
D/dalvikvm(26395): Added shared lib /data/app-lib/co.giftmeapp.gift_me-2/libopencv_core.so 0x41fa5d20
D/dalvikvm(26395): No JNI_OnLoad found in /data/app-lib/co.giftmeapp.gift_me-2/libopencv_core.so 0x41fa5d20, skipping init
D/dalvikvm(26395): Trying to load lib /data/app-lib/co.giftmeapp.gift_me-2/libopencv_imgproc.so 0x41fa5d20
W/linker  (26395): libopencv_imgproc.so has text relocations. This is wasting memory and is a security risk. Please fix.
D/dalvikvm(26395): Added shared lib /data/app-lib/co.giftmeapp.gift_me-2/libopencv_imgproc.so 0x41fa5d20
D/dalvikvm(26395): No JNI_OnLoad found in /data/app-lib/co.giftmeapp.gift_me-2/libopencv_imgproc.so 0x41fa5d20, skipping init
I/ActivityManager( 1025): Process com.google.android.apps.cloudprint (pid 27019) has died.
D/dalvikvm(26395): Trying to load lib /data/app-lib/co.giftmeapp.gift_me-2/libcardioRecognizer.so 0x41fa5d20
D/dalvikvm(26395): Added shared lib /data/app-lib/co.giftmeapp.gift_me-2/libcardioRecognizer.so 0x41fa5d20
W/AppOps  ( 1025): Bad call: specified package qcamera under uid 1013 but it is really -1
I/ActivityManager( 1025): Start proc com.motorola.MotGallery2 for broadcast com.motorola.MotGallery2/com.motorola.blur.service.blur.StartupReceiver: pid=27049 uid=10034 gids={50034, 3003, 1028, 1015}
W/AppOps  ( 1025): Bad call: specified package qcamera under uid 1013 but it is really -1
W/AppOps  ( 1025): Bad call: specified package qcamera under uid 1013 but it is really -1
D/dalvikvm(  275): GC_EXPLICIT freed 42K, 48% free 9011K/17224K, paused 2ms+3ms, total 31ms
I/ActivityManager( 1025): Process com.motorola.context (pid 27035) has died.
D/dalvikvm(  275): GC_EXPLICIT freed <1K, 48% free 9011K/17224K, paused 2ms+2ms, total 19ms
I/LaunchCheckinHandler( 1025): Displayed co.giftmeapp.gift_me/com.paypal.android.sdk.payments.PaymentMethodActivity,wp,ca,316
I/LaunchCheckinHandler( 1025): Displayed co.giftmeapp.gift_me/com.paypal.android.sdk.payments.PaymentActivity,wp,ca,790 (total)
I/ActivityManager( 1025): Displayed co.giftmeapp.gift_me/com.paypal.android.sdk.payments.PaymentMethodActivity: +316ms (total +790ms)
W/AppOps  ( 1025): Bad call: specified package qcamera under uid 1013 but it is really -1
W/AppOps  ( 1025): Bad call: specified package qcamera under uid 1013 but it is really -1
D/dalvikvm(  275): GC_EXPLICIT freed <1K, 48% free 9011K/17224K, paused 2ms+2ms, total 21ms
I/ActivityManager( 1025): Process com.facebook.orca (pid 26826) has died.
W/ActivityManager( 1025): Scheduling restart of crashed service com.facebook.orca/com.facebook.push.mqtt.service.MqttPushService in 11165ms
I/SFPerfTracer(  274):      triggers: (rate: 1254:49942) (compose: 0:251) (post: 0:21) (render: 86:10595) (0:786136 frames) (1:3318510)
D/SFPerfTracer(  274):        layers: (4:11) (DimLayer: 0:158)* (DimLayer: 0:134)* (FocusedStackFrame: 1:21952)* (StatusBar: 0:265879) (NavigationBar: 0:204414) (DimLayer: 0:25084)* (DimLayer: 1:4802) (com.android.wallpaper.fall.FallWallpaper: 0:10773)* (co.giftmeapp.gift_me/co.giftmeapp.gift_me.GiftMe: 0:101) (co.giftmeapp.gift_me/com.paypal.android.sdk.payments.PaymentActivity: 0:23)* (co.giftmeapp.gift_me/com.paypal.android.sdk.payments.PaymentMethodActivity: 1:11)* 
W/AppOps  ( 1025): Bad call: specified package qcamera under uid 1013 but it is really -1
I/AwesomePlayer(  277): setDataSource_l(URL suppressed)
D/QCUtils (  277): extended extractor not needed, return default
I/AwesomePlayer(  277): setDataSource_l(URL suppressed)
D/QCUtils (  277): extended extractor not needed, return default
I/CameraClient(  277): Opening camera 0
D/QCameraStateMachine(  277): static void* qcamera::QCameraStateMachine::smEvtProcRoutine(void*): E
D/QCamera2HWI(  277): static void* qcamera::QCamera2HardwareInterface::defferedWorkRoutine(void*): start data proc
D/MotISP_GPU(  277): int MotISP_GPU::Init(int, int): GPU resolution: 1280x720
E/QCamera2HWI(  277): [KPI Perf] int qcamera::QCamera2HardwareInterface::openCamera(hw_device_t**): E PROFILE_OPEN_CAMERA camera id 0
I/QCameraHalWatchdog(  277): Starting Watchdog Thread...
I/CCEUtils(27049): device type: OLDMOTO
E/mm-camera-intf(  277): mm_camera_open: dev name = /dev/video1, cam_idx = 1
I/Adreno-EGL(  277): <qeglDrvAPI_eglInitialize:410>: EGL 1.4 QUALCOMM build: AU_LINUX_ANDROID_LNX.LA.3.5.1_RB1.04.04.02.048.018_msm8226_LNX.LA.3.5.1_RB1__release_AU ()
I/Adreno-EGL(  277): OpenGL ES Shader Compiler Version: E031.24.00.08
I/Adreno-EGL(  277): Build Date: 03/07/14 Fri
I/Adreno-EGL(  277): Local Branch: 
I/Adreno-EGL(  277): Remote Branch: quic/LNX.LA.3.5.1_RB1.1
I/Adreno-EGL(  277): Local Patches: NONE
I/Adreno-EGL(  277): Reconstruct Branch: AU_LINUX_ANDROID_LNX.LA.3.5.1_RB1.04.04.02.048.018 + f2fd134 +  NOTHING
E/mm-camera-sensor(  422): module_sensor_start_session:658 session 1
I/ActivityManager( 1025): Start proc com.google.android.googlequicksearchbox:search for broadcast com.google.android.googlequicksearchbox/.GelStubAppWatcher: pid=27079 uid=10045 gids={50045, 3003, 3001, 1028, 3002, 1015}
E/mm-camera(  422): module_drsd_start_session:1189] E
E/mm-camera(  422): isp_tintless_open: E: b6d0cd81
E/hdr     (  422): Session id 0x1 started
E/mm-camera(  422): isp_tintless_get_version: lib returned version 3.61 err=0
E/mm-camera(  422): af_fdprio_process: Processing frame 0 cmd: 0
E/mm-camera(  422): is_module_start_session: Enter
E/mm-camera(  422): is_module_start_session: Exit successful
E/mm-camera(  422): is_module_get_port: Exit successful
E/mm-camera(  422): c2d_module_start_session:238, info: starting session 1
E/mm-camera(  422): c2d_thread_func:41: c2d_thread entering the polling loop...
E/mm-camera(  422): c2d_module_start_session:285, info: c2d_thread created.
E/mm-camera(  422): c2d_module_start_session:307, info: session 1 started.
I/ActivityManager( 1025): Process com.motorola.MotGallery2 (pid 27049) has died.
D/WifiStateMachine( 1025): handleMessage: E msg.what=151572
D/WifiStateMachine( 1025): processMsg: ConnectedState
D/WifiStateMachine( 1025): processMsg: L2ConnectedState
D/WifiStateMachine( 1025): handleMessage: X
I/ActivityManager( 1025): Start proc uk.co.economist for broadcast uk.co.economist/com.urbanairship.push.GCMPushReceiver: pid=27107 uid=10130 gids={50130, 3003, 1028, 1015}
I/ActivityManager( 1025): Process com.google.android.googlequicksearchbox:search (pid 27079) has died.
E/mm-camera-sensor(  422): sensor_write_lsc:268 using default or module LSC
E/mm-camera-sensor(  422): module_sensor_start_session:702 failed
E/mm-camera-sensor(  422): module_sensor_start_session:708 failed
E/mm-camera-intf(  277): mm_camera_open:  opened, break out while loop
D/QCamera2HWI(  277): int qcamera::QCamera2HardwareInterface::openCamera(): enable_4k2k is 0
E/qomx_image_core(  277): OMX_Init:94] Complete 2
E/QCameraHWI_Mem(  277): int qcamera::QCameraMemory::alloc(int, int, int) : No memory pool available
D/QCameraHWI_Mem(  277): static int qcamera::QCameraMemory::allocOneBuffer(qcamera::QCameraMemory::QCameraMemInfo&, int, int, bool) : ION buffer 0x1 with size 297192 allocated
E/QCameraHWI_Mem(  277): int qcamera::QCameraMemory::alloc(int, int, int) : No memory pool available
D/QCameraHWI_Mem(  277): static int qcamera::QCameraMemory::allocOneBuffer(qcamera::QCameraMemory::QCameraMemInfo&, int, int, bool) : ION buffer 0x1 with size 65544 allocated
D/QCameraParameters(  277): int32_t qcamera::QCameraParameters::initDefaultParameters(): supported preview sizes: 1280x720,864x480,800x480,768x432,720x480,640x480,576x432,480x320,384x288,352x288,320x240,240x160,176x144
D/QCameraParameters(  277): int32_t qcamera::QCameraParameters::initDefaultParameters(): supported video sizes: 1280x720,864x480,800x480,720x480,640x480,480x320,352x288,320x240,176x144
D/QCameraParameters(  277): int32_t qcamera::QCameraParameters::initDefaultParameters(): supported pic sizes: 2592x1944,2592x1456,2048x1536,1920x1080,1600x1200,1440x1080,1280x960,1280x768,1280x720,1024x768,800x600,800x480,720x480,640x480
I/QCameraParameters(  277): int32_t qcamera::QCameraParameters::initDefaultParameters(): supported live snapshot sizes: 1280x768,1280x720,1024x768,800x600,864x480,800x480,720x480,640x480,352x288,320x240,176x144
D/QCameraParameters(  277): int32_t qcamera::QCameraParameters::initDefaultParameters(): supported fps ranges: (15000,15000),(15000,30000)
E/QCameraParameters(  277): int32_t qcamera::QCameraParameters::setPreviewFpsRange(int, int): Setting preview fps range 15000,30000
D/QCameraParameters(  277): int32_t qcamera::QCameraParameters::initDefaultParameters(): supported fps rates: 15,16,17,18,19,20,21,22,23,24,25,26,27,28,29,30
D/QCameraParameters(  277): int32_t qcamera::QCameraParameters::setAEBracket(const char*), EXP_BRACKETING_OFF
D/QCameraParameters(  277): int32_t qcamera::QCameraParameters::initDefaultParameters(): Supported WNR:ON/OFF default:ON
D/QCameraParameters(  277): int32_t qcamera::QCameraParameters::initDefaultParameters(): Supported TINTLESS:ON/OFF default:ON
D/QCameraParameters(  277): int32_t qcamera::QCameraParameters::setNumOfSnapshot(): nBurstNum = 1, nExpnum = 1
E/Thermal-Lib(  277): Thermal-Lib-Client: thermal_client_register_callback: Client Registration failed
E/Thermal-Lib(  277): Thermal-Lib-Client: thermal_client_register_callback: Client Registration failed
I/QCameraHalWatchdog(  277): Stopped Watchdog Thread...
E/Thermal-Lib(  277): Thermal-Lib-Client: thermal_client_register_callback: Client Registration failed
E/Thermal-Lib(  277): Thermal-Lib-Client: thermal_client_register_callback: Client Registration failed
I/QCamera2HWI(  277): getParameters standard
I/QCameraHalWatchdog(  277): Starting Watchdog Thread...
E/QCamera2HWI(  277): [KPI Perf] static void qcamera::QCamera2HardwareInterface::stop_preview(camera_device*): E PROFILE_STOP_PREVIEW
D/QCameraStateMachine(  277): int32_t qcamera::QCameraStateMachine::procEvtPreviewStoppedState(qcamera::qcamera_sm_evt_enum_t, void*): already in preview stopped state, do nothing
D/QCamera2HWI(  277): [KPI Perf] static void qcamera::QCamera2HardwareInterface::stop_preview(camera_device*): X
I/QCameraHalWatchdog(  277): Stopped Watchdog Thread...
I/QCameraHalWatchdog(  277): Starting Watchdog Thread...
D/QCameraStateMachine(  277): int32_t qcamera::QCameraStateMachine::procEvtPreviewStoppedState(qcamera::qcamera_sm_evt_enum_t, void*): No ops for evt(20) in state(0)
I/QCameraHalWatchdog(  277): Stopped Watchdog Thread...
I/QCameraHalWatchdog(  277): Starting Watchdog Thread...
I/QCameraHalWatchdog(  277): Stopped Watchdog Thread...
I/CameraClient(  277): Destroying camera 0
I/QCameraHalWatchdog(  277): Starting Watchdog Thread...
D/QCamera2HWI(  277): [KPI Perf] static int qcamera::QCamera2HardwareInterface::close_camera_device(hw_device_t*): E
D/QCamera2HWI(  277): static void* qcamera::QCamera2HardwareInterface::defferedWorkRoutine(void*): stop data proc
E/qomx_image_core(  277): OMX_Deinit:118] Complete
E/QCameraPostProc(  277): int32_t qcamera::QCameraPostProcessor::deinit(): Jpeg closed, rc = 0, mJpegClientHandle = 28100
E/mm-camera(  422): mct_pipeline_get_stream: no children
E/mm-camera(  422): mct_pipeline_process_set:1824: Couldn't find stream
D/QCameraStateMachine(  277): static void* qcamera::QCameraStateMachine::smEvtProcRoutine(void*): X
E/mm-camera-sensor(  422): module_sensor_stop_session:727 session 1
D/QCamera2HWI(  277): [KPI Perf] static int qcamera::QCamera2HardwareInterface::close_camera_device(hw_device_t*): X
I/QCameraHalWatchdog(  277): Stopped Watchdog Thread...
E/mm-camera(  422): stats_module_stop_session: list =0xb7887258, remove port =0xb7886c00 name=stats_sink from module=0xb766da98, name=stats
E/mm-camera(  422): stats_module_stop_session: 1 port =0xb7886c00 name=stats_sink 
E/mm-camera(  422): stats_module_stop_session: 2 port =0xb7886c00 name=stats_sink 
E/hdr     (  422): Session id 0x1 stopped
E/mm-camera(  422): c2d_module_stop_session:323, info: stopping session 1 ...
E/mm-camera(  422): c2d_thread_process_pipe_message:714, C2D_THREAD_MSG_ABORT: c2d_thread exiting..
E/mm-camera(  422): c2d_module_stop_session:365, info: session 1 stopped.
E/mm-camera-CORE(  422): mot_af_deinit: E
E/mm-camera(  422): is_module_stop_session: Enter
E/mm-camera(  422): is_module_stop_session: Exit successful
E/mm-camera(  422): stats_module_stop_session: 3 port =0xb7886c00 name=stats_sink 
I/ActivityManager( 1025): Process com.viber.voip (pid 26543) has died.
W/ActivityManager( 1025): Scheduling restart of crashed service com.viber.voip/com.viber.service.VoipConnectorService in 1296960ms
W/ActivityManager( 1025): Scheduling restart of crashed service com.viber.voip/.api.billing.InAppBillingService in 2678976ms
I/Economist(27107): User is not logged in
D/Ulp_jni ( 1025): Location CB invoked
I/com.newrelic.agent.android(27107): Loaded configuration: HarvestConfiguration{collect_network_errors=true, cross_process_id='UAUCV1NACgsEVlZRBA==', data_report_period=60, data_token=[2842733, 13762828], error_limit=50, report_max_transaction_age=600, report_max_transaction_count=1000, response_body_limit=2048, server_timestamp=1417568805, stack_trace_limit=100, activity_trace_max_size=65534, activity_trace_max_report_attempts=1, activity_trace_min_utilization=0.30000001192092896, at_capture=ActivityTraceConfiguration{maxTotalTraceCount=1}}
I/com.newrelic.agent.android(27107): Application state monitor has started
I/com.newrelic.agent.android(27107): Measurement Engine initialized.
I/com.newrelic.agent.android(27107): New Relic Agent v4.178.0
I/com.newrelic.agent.android(27107): Harvester: connected
I/com.newrelic.agent.android(27107): Harvester: Sending 0 HTTP transactions.
I/com.newrelic.agent.android(27107): Harvester: Sending 0 HTTP errors.
I/com.newrelic.agent.android(27107): Harvester: Sending 0 activity traces.
E/mm-camera-sensor(  422): Got some events
E/mm-camera-sensor(  422): sensor_thread_func:152 sensor_thread_func:Sensor thread is exiting
D/The Economist APID(27107): 6855de6b-02a2-4126-88af-261db5a37b30
I/Crittercism(27107): Initializing Crittercism 5.0.6 for App ID 541be4a1d478bc3b68000001
W/Crittercism(27107): Crittercism should be initialized in onCreate() of MainActivity
W/Crittercism(27107): Application context not provided. Automatic breadcrumbs will not be recorded.
I/ActivityManager( 1025): Start proc com.facebook.katana for content provider com.facebook.katana/.provider.AttributionIdProvider: pid=27166 uid=10110 gids={50110, 1028, 1015, 3003}
I/ActivityManager( 1025): Process com.google.android.gms.wearable (pid 24772) has died.
W/ActivityManager( 1025): Scheduling restart of crashed service com.google.android.gms/.wearable.service.WearableService in 20235ms
W/dalvikvm(27166): VFY: unable to resolve static field 29078 (a) in Lcom/facebook/katana/app/WorkAppTypes;
D/dalvikvm(27166): VFY: replacing opcode 0x62 at 0x0013
W/dalvikvm(27166): VFY: unable to resolve static field 29079 (b) in Lcom/facebook/katana/app/WorkAppTypes;
D/dalvikvm(27166): VFY: replacing opcode 0x62 at 0x001d
E/dalvikvm(27166): Could not find class 'com.facebook.katana.app.WallpaperFacebookApplicationImpl', referenced from method com.facebook.katana.app.FacebookApplication.a
W/dalvikvm(27166): VFY: unable to resolve new-instance 379 (Lcom/facebook/katana/app/WallpaperFacebookApplicationImpl;) in Lcom/facebook/katana/app/FacebookApplication;
D/dalvikvm(27166): VFY: replacing opcode 0x22 at 0x00a9
D/dalvikvm(27166): DexOpt: unable to opt direct call 0x055f at 0xab in Lcom/facebook/katana/app/FacebookApplication;.a
D/CatchMeIfYouCan(27166): Process (<default>) ca: '/data/user/0/com.facebook.katana/app_cmiyc/A1657CCD543F12E66E587EE52ED9D802E22AAC4701'
D/CatchMeIfYouCan(27166): Process (<default>) fc: '/data/user/0/com.facebook.katana/app_cmiyc/A1657CCD543F12E66E587EE52ED9D802E22AAC4702'
D/CatchMeIfYouCan(27166): Process (<default>) cp: '('default', 3, 120000, silent [true], restart [false], logout [false])'
D/ACRA    (27166): ACRA is enabled for com.facebook.katana, intializing...
D/ACRA    (27166): Looking for error files in /data/user/0/com.facebook.katana/app_acra-reports
D/ACRA    (27166): Looking for error files in /data/user/0/com.facebook.katana/app_minidumps
D/dalvikvm(27166): Trying to load lib /data/app-lib/com.facebook.katana-1/libgnustl_shared.so 0x41fb4bd8
D/dalvikvm(27166): Added shared lib /data/app-lib/com.facebook.katana-1/libgnustl_shared.so 0x41fb4bd8
D/dalvikvm(27166): No JNI_OnLoad found in /data/app-lib/com.facebook.katana-1/libgnustl_shared.so 0x41fb4bd8, skipping init
D/dalvikvm(27166): Trying to load lib /data/app-lib/com.facebook.katana-1/libfb_breakpad_client.so 0x41fb4bd8
D/dalvikvm(27166): Added shared lib /data/app-lib/com.facebook.katana-1/libfb_breakpad_client.so 0x41fb4bd8
D/dalvikvm(27166): Trying to load lib /data/app-lib/com.facebook.katana-1/libfb_dalvik-internals.so 0x41fb4bd8
D/dalvikvm(27166): Added shared lib /data/app-lib/com.facebook.katana-1/libfb_dalvik-internals.so 0x41fb4bd8
V/DexLibLoader(27166): about to lock: /data/user/0/com.facebook.katana/mdex_lock
V/DexLibLoader(27166): locking /data/user/0/com.facebook.katana/mdex_lock took 1 ms
V/DexLibLoader(27166): Secondary program dex metadata: secondary-1.dex.jar.xz 15ef54b77950d1e6c1cbc3342a20571a9fd8050d secondary.dex01.Canary
V/DexLibLoader(27166): Secondary program dex metadata: secondary-2.dex.jar.xz 14bcaeed5ad488eaf139a59d22cf00efbde5948b secondary.dex02.Canary
