I/LaunchCheckinHandler( 1025): Displayed co.giftmeapp.gift_me/com.paypal.android.sdk.payments.PaymentConfirmActivity,wp,ca,203
I/SFPerfTracer(  274):       trigger: render     (31.367 ms)	(6.367 ms off for 6 triggers)	(6 triggers)	(6 renders)
I/SFPerfTracer(  274):      triggers: (rate: 1129:448965) (341936 sw vsyncs) (1052177 skipped) (27:3347127 vsyncs) (29:4197994)
I/SFPerfTracer(  274):      triggers: (rate: 1258:50109) (compose: 0:251) (post: 0:21) (render: 89:10638) (0:788404 frames) (1:3323516)
D/SFPerfTracer(  274):        layers: (3:13) (DimLayer: 0:158)* (DimLayer: 0:134)* (FocusedStackFrame: 0:22093)* (StatusBar: 1:266639) (NavigationBar: 0:204600) (DimLayer: 0:25513)* (DimLayer: 0:4845)* (com.android.wallpaper.fall.FallWallpaper: 0:11699)* (co.giftmeapp.gift_me/co.giftmeapp.gift_me.GiftMe: 0:43)* (co.giftmeapp.gift_me/com.paypal.android.sdk.payments.PaymentMethodActivity: 0:42)* (Authenticating: 0:67)* (co.giftmeapp.gift_me/com.paypal.android.sdk.payments.PaymentConfirmActivity: 0:39) (Processing: 0:36)* 
W/ContextImpl( 1295): Calling a method in the system process without a qualified user: android.app.ContextImpl.sendBroadcast:1252 android.content.ContextWrapper.sendBroadcast:365 com.motorola.motocare.util.TriggerHelper$TriggerBuilder.send:76 com.motorola.motocare.internal.frameworkevents.PauseResumeTrigger.handleFrameworkEvent:53 com.motorola.motocare.internal.frameworkevents.FwEventMonitor$FrameworkListener.processFrameworkEvent:114 
W/ContextImpl( 1295): Calling a method in the system process without a qualified user: android.app.ContextImpl.sendBroadcast:1252 android.content.ContextWrapper.sendBroadcast:365 com.motorola.motocare.util.TriggerHelper$TriggerBuilder.send:76 com.motorola.motocare.internal.frameworkevents.PauseResumeTrigger.handleFrameworkEvent:53 com.motorola.motocare.internal.frameworkevents.FwEventMonitor$FrameworkListener.processFrameworkEvent:114 
W/ContextImpl( 1295): Calling a method in the system process without a qualified user: android.app.ContextImpl.sendBroadcast:1252 android.content.ContextWrapper.sendBroadcast:365 com.motorola.motocare.util.TriggerHelper$TriggerBuilder.send:76 com.motorola.motocare.internal.frameworkevents.PauseResumeTrigger.handleFrameworkEvent:53 com.motorola.motocare.internal.frameworkevents.FwEventMonitor$FrameworkListener.processFrameworkEvent:114 
W/ContextImpl( 1295): Calling a method in the system process without a qualified user: android.app.ContextImpl.sendBroadcast:1252 android.content.ContextWrapper.sendBroadcast:365 com.motorola.motocare.util.TriggerHelper$TriggerBuilder.send:76 com.motorola.motocare.internal.frameworkevents.PauseResumeTrigger.handleFrameworkEvent:53 com.motorola.motocare.internal.frameworkevents.FwEventMonitor$FrameworkListener.processFrameworkEvent:114 
W/ContextImpl( 1295): Calling a method in the system process without a qualified user: android.app.ContextImpl.sendBroadcast:1252 android.content.ContextWrapper.sendBroadcast:365 com.motorola.motocare.util.TriggerHelper$TriggerBuilder.send:76 com.motorola.motocare.internal.frameworkevents.PauseResumeTrigger.handleFrameworkEvent:53 com.motorola.motocare.internal.frameworkevents.FwEventMonitor$FrameworkListener.processFrameworkEvent:114 
W/ContextImpl( 1295): Calling a method in the system process without a qualified user: android.app.ContextImpl.sendBroadcast:1252 android.content.ContextWrapper.sendBroadcast:365 com.motorola.motocare.util.TriggerHelper$TriggerBuilder.send:76 com.motorola.motocare.internal.frameworkevents.PauseResumeTrigger.handleFrameworkEvent:53 com.motorola.motocare.internal.frameworkevents.FwEventMonitor$FrameworkListener.processFrameworkEvent:114 
I/SFPerfTracer(  274):      triggers: (rate: 1129:448965) (341936 sw vsyncs) (1052177 skipped) (68:3347232 vsyncs) (70:4198112)
I/SFPerfTracer(  274):      triggers: (rate: 1258:50109) (compose: 0:251) (post: 0:21) (render: 89:10638) (0:788455 frames) (1:3323616)
D/SFPerfTracer(  274):        layers: (3:11) (DimLayer: 0:158)* (DimLayer: 0:134)* (FocusedStackFrame: 0:22096)* (StatusBar: 1:266651) (NavigationBar: 0:204600) (DimLayer: 0:25540)* (DimLayer: 0:4845)* (com.android.wallpaper.fall.FallWallpaper: 0:11699)* (co.giftmeapp.gift_me/com.paypal.android.sdk.payments.PaymentConfirmActivity: 0:62)* (Processing: 0:64)* (co.giftmeapp.gift_me/co.giftmeapp.gift_me.GiftMe: 0:23) 
V/AlarmManager( 1025): sending alarm Alarm{4280c838 type 3 android}
I/SFPerfTracer(  274):      triggers: (rate: 1129:448965) (341936 sw vsyncs) (1052177 skipped) (17:3347313 vsyncs) (19:4198219)
V/AlarmManager( 1025): sending alarm Alarm{4280b2f0 type 2 com.facebook.katana}
V/AlarmManager( 1025): sending alarm Alarm{427fe328 type 2 com.facebook.orca}
V/AlarmManager( 1025): sending alarm Alarm{427f0488 type 3 com.devexpert.weather}
V/AlarmManager( 1025): sending alarm Alarm{427ee428 type 0 com.google.android.gms}
I/ActivityManager( 1025): Start proc com.devexpert.weather for broadcast com.devexpert.weather/.view.WidgetWeather2x1: pid=17182 uid=10112 gids={50112, 3003, 1028, 1015}
I/ActivityManager( 1025): Process com.devexpert.weather (pid 17182) has died.
I/ActivityManager( 1025): Start proc com.devexpert.weather for broadcast com.devexpert.weather/.view.WidgetWeather4x1: pid=17213 uid=10112 gids={50112, 3003, 1028, 1015}
I/ActivityManager( 1025): Process com.devexpert.weather (pid 17213) has died.
I/SFPerfTracer(  274):      triggers: (rate: 1129:448965) (341936 sw vsyncs) (1052177 skipped) (18:3347402 vsyncs) (20:4198326)
W/ContextImpl( 1295): Calling a method in the system process without a qualified user: android.app.ContextImpl.sendBroadcast:1252 android.content.ContextWrapper.sendBroadcast:365 com.motorola.motocare.util.TriggerHelper$TriggerBuilder.send:76 com.motorola.motocare.internal.frameworkevents.ProcessKillTrigger.sendTrigger:147 com.motorola.motocare.internal.frameworkevents.ProcessKillTrigger.handleLmkKill:337 
W/ContextImpl( 1295): Calling a method in the system process without a qualified user: android.app.ContextImpl.sendBroadcast:1252 android.content.ContextWrapper.sendBroadcast:365 com.motorola.motocare.util.TriggerHelper$TriggerBuilder.send:76 com.motorola.motocare.internal.frameworkevents.ProcessKillTrigger.sendTrigger:147 com.motorola.motocare.internal.frameworkevents.ProcessKillTrigger.handleLmkKill:337 
W/ContextImpl( 1295): Calling a method in the system process without a qualified user: android.app.ContextImpl.sendBroadcast:1252 android.content.ContextWrapper.sendBroadcast:365 com.motorola.motocare.util.TriggerHelper$TriggerBuilder.send:76 com.motorola.motocare.internal.frameworkevents.ProcessKillTrigger.sendTrigger:147 com.motorola.motocare.internal.frameworkevents.ProcessKillTrigger.handleLmkKill:337 
W/ContextImpl( 1295): Calling a method in the system process without a qualified user: android.app.ContextImpl.sendBroadcast:1252 android.content.ContextWrapper.sendBroadcast:365 com.motorola.motocare.util.TriggerHelper$TriggerBuilder.send:76 com.motorola.motocare.internal.frameworkevents.ProcessKillTrigger.sendTrigger:147 com.motorola.motocare.internal.frameworkevents.ProcessKillTrigger.handleLmkKill:337 
W/ContextImpl( 1295): Calling a method in the system process without a qualified user: android.app.ContextImpl.sendBroadcast:1252 android.content.ContextWrapper.sendBroadcast:365 com.motorola.motocare.util.TriggerHelper$TriggerBuilder.send:76 com.motorola.motocare.internal.frameworkevents.ProcessKillTrigger.sendTrigger:147 com.motorola.motocare.internal.frameworkevents.ProcessKillTrigger.handleLmkKill:337 
W/ContextImpl( 1295): Calling a method in the system process without a qualified user: android.app.ContextImpl.sendBroadcast:1252 android.content.ContextWrapper.sendBroadcast:365 com.motorola.motocare.util.TriggerHelper$TriggerBuilder.send:76 com.motorola.motocare.internal.frameworkevents.ProcessKillTrigger.sendTrigger:147 com.motorola.motocare.internal.frameworkevents.ProcessKillTrigger.handleLmkKill:337 
W/ContextImpl( 1295): Calling a method in the system process without a qualified user: android.app.ContextImpl.sendBroadcast:1252 android.content.ContextWrapper.sendBroadcast:365 com.motorola.motocare.util.TriggerHelper$TriggerBuilder.send:76 com.motorola.motocare.internal.frameworkevents.ProcessKillTrigger.sendTrigger:147 com.motorola.motocare.internal.frameworkevents.ProcessKillTrigger.handleLmkKill:337 
W/ContextImpl( 1295): Calling a method in the system process without a qualified user: android.app.ContextImpl.sendBroadcast:1252 android.content.ContextWrapper.sendBroadcast:365 com.motorola.motocare.util.TriggerHelper$TriggerBuilder.send:76 com.motorola.motocare.internal.frameworkevents.ProcessKillTrigger.sendTrigger:147 com.motorola.motocare.internal.frameworkevents.ProcessKillTrigger.handleLmkKill:337 
V/AlarmManager( 1025): sending alarm Alarm{429fbf20 type 3 android}
I/SFPerfTracer(  274):      triggers: (rate: 1129:448965) (341936 sw vsyncs) (1052177 skipped) (4:3347450 vsyncs) (6:4198431)
I/PowerManagerService( 1025): Nap time...
I/PowerManagerService( 1025): Going to sleep due to screen timeout...
I/SFPerfTracer(  274):      triggers: (rate: 1258:50109) (compose: 0:251) (post: 0:21) (render: 89:10638) (22:788477 frames) (23:3323727)
D/SFPerfTracer(  274):        layers: (4:10) (DimLayer: 0:158)* (DimLayer: 0:134)* (FocusedStackFrame: 0:22096)* (StatusBar: 0:266722) (NavigationBar: 0:204600) (DimLayer: 0:25540)* (DimLayer: 0:4845)* (com.android.wallpaper.fall.FallWallpaper: 0:11699)* (co.giftmeapp.gift_me/co.giftmeapp.gift_me.GiftMe: 0:23) (ElectronBeam: 23:25) 
W/ContextImpl( 1295): Calling a method in the system process without a qualified user: android.app.ContextImpl.sendBroadcast:1252 android.content.ContextWrapper.sendBroadcast:365 com.motorola.motocare.util.TriggerHelper$TriggerBuilder.send:76 com.motorola.motocare.internal.frameworkevents.PauseResumeTrigger.handleFrameworkEvent:53 com.motorola.motocare.internal.frameworkevents.FwEventMonitor$FrameworkListener.processFrameworkEvent:114 
F/ProcessStats( 1025): Starting service ServiceState{42c48c08 com.whatsapp.messaging.MessageService pkg=com.whatsapp proc=42c48c08} without owner
F/ProcessStats( 1025): Starting service ServiceState{43399718 com.paypal.android.p2pmobile.services.AtoService pkg=com.paypal.android.p2pmobile proc=43399718} without owner
F/ProcessStats( 1025): Starting service ServiceState{43231e48 com.paypal.android.p2pmobile.services.WalletService pkg=com.paypal.android.p2pmobile proc=43231e48} without owner
F/ProcessStats( 1025): Starting service ServiceState{42962c18 com.bambuna.podcastaddict.service.PodcastAddictService pkg=com.bambuna.podcastaddict proc=42962c18} without owner
F/ProcessStats( 1025): Starting service ServiceState{42a4cec0 com.facebook.push.mqtt.service.MqttPushService pkg=com.facebook.katana proc=42a4cec0} without owner
V/AlarmManager( 1025): sending alarm Alarm{43f22628 type 0 com.google.android.gms}
I/ActivityManager( 1025): Start proc com.google.android.gm for content provider com.google.android.gm/.provider.SearchQuery$Provider: pid=17327 uid=10065 gids={50065, 3003, 1028, 1015}
D/ActivityThread(17327): Loading provider com.google.android.gmail.provider;com.android.mail.notifier;com.google.android.gm.email.provider;com.google.android.gm.email.notifier: com.android.email.provider.EmailProvider
W/ActivityManager( 1025): Unable to start service Intent { act=com.google.android.gm.email.EXCHANGE_INTENT pkg=com.google.android.gm.exchange } U=0: not found
W/ActivityManager( 1025): Unable to start service Intent { act=com.google.android.gm.email.EXCHANGE_INTENT pkg=com.google.android.gm.exchange } U=0: not found
W/ActivityManager( 1025): Unable to start service Intent { act=com.google.android.gm.email.EXCHANGE_INTENT pkg=com.google.android.gm.exchange } U=0: not found
W/ActivityManager( 1025): Unable to start service Intent { cmp=com.google.android.gm/com.android.email.service.AttachmentService } U=0: not found
W/ActivityManager( 1025): Unable to start service Intent { act=com.google.android.gm.email.EXCHANGE_INTENT pkg=com.google.android.gm.exchange } U=0: not found
I/ActivityManager( 1025): Process com.google.android.gm (pid 17327) has died.
W/ContextImpl( 1295): Calling a method in the system process without a qualified user: android.app.ContextImpl.startService:1608 android.content.ContextWrapper.startService:494 android.content.ContextWrapper.startService:494 com.motorola.motocare.internal.batterystats.BatteryStatsAction.onReceive:33 android.app.ActivityThread.handleReceiver:2434 
V/AlarmManager( 1025): sending alarm Alarm{42fc53b8 type 3 com.devexpert.weather}
V/AlarmManager( 1025): sending alarm Alarm{42fc5420 type 2 com.motorola.avatar}
I/ActivityManager( 1025): Start proc com.devexpert.weather for broadcast com.devexpert.weather/.view.WidgetWeather2x1: pid=17389 uid=10112 gids={50112, 3003, 1028, 1015}
I/ActivityManager( 1025): Start proc com.motorola.avatar for service com.motorola.avatar/.cloud.client.CloudService: pid=17400 uid=10003 gids={50003, 3003, 1028, 1015}
V/AlarmManager( 1025): sending alarm Alarm{42fc5470 type 0 com.facebook.orca}
I/ActivityManager( 1025): Process com.devexpert.weather (pid 17389) has died.
V/AlarmManager( 1025): sending alarm Alarm{4393ead0 type 2 com.android.keyguard}
V/AlarmManager( 1025): sending alarm Alarm{4393aa28 type 2 com.facebook.orca}
V/AlarmManager( 1025): sending alarm Alarm{439375b8 type 3 android}
V/AlarmManager( 1025): sending alarm Alarm{430870c0 type 3 com.devexpert.weather}
V/AlarmManager( 1025): sending alarm Alarm{43085280 type 2 com.google.android.gms}
I/ActivityManager( 1025): Start proc com.devexpert.weather for broadcast com.devexpert.weather/.view.WidgetWeather2x1: pid=17432 uid=10112 gids={50112, 3003, 1028, 1015}
W/ContextImpl( 1295): Calling a method in the system process without a qualified user: android.app.ContextImpl.sendBroadcast:1252 android.content.ContextWrapper.sendBroadcast:365 com.motorola.motocare.util.TriggerHelper$TriggerBuilder.send:76 com.motorola.motocare.internal.frameworkevents.ProcessKillTrigger.sendTrigger:147 com.motorola.motocare.internal.frameworkevents.ProcessKillTrigger.handleLmkKill:337 
W/ContextImpl( 1295): Calling a method in the system process without a qualified user: android.app.ContextImpl.sendBroadcast:1252 android.content.ContextWrapper.sendBroadcast:365 com.motorola.motocare.util.TriggerHelper$TriggerBuilder.send:76 com.motorola.motocare.internal.frameworkevents.ProcessKillTrigger.sendTrigger:147 com.motorola.motocare.internal.frameworkevents.ProcessKillTrigger.handleLmkKill:337 
V/AlarmManager( 1025): sending alarm Alarm{42cc9e60 type 3 android}
V/AlarmManager( 1025): sending alarm Alarm{42cc5280 type 2 com.whatsapp}
V/AlarmManager( 1025): sending alarm Alarm{42cc40b0 type 3 com.devexpert.weather}
V/AlarmManager( 1025): sending alarm Alarm{42cc25b0 type 2 android}
V/AlarmManager( 1025): sending alarm Alarm{42cbbbb8 type 2 com.google.android.gms}
V/AlarmManager( 1025): sending alarm Alarm{42cb98f0 type 2 com.google.android.gms}
V/AlarmManager( 1025): sending alarm Alarm{42cb62c0 type 0 com.twitter.android}
I/ActivityManager( 1025): Start proc com.twitter.android for service com.twitter.android/com.twitter.library.platform.TwitterDataSyncService: pid=17466 uid=10132 gids={50132, 3003, 1028, 1015}
V/AlarmManager( 1025): sending alarm Alarm{42cb3f10 type 1 com.motorola.motocare}
V/AlarmManager( 1025): sending alarm Alarm{42caf230 type 0 com.viber.voip}
D/ConnectivityService( 1025): Sampling interval elapsed, updating statistics ..
D/ConnectivityService( 1025): Done.
D/ConnectivityService( 1025): Setting timer for 720seconds
D/WifiService( 1025): acquireWifiLockLocked: WifiLock{NlpWifiLock type=2 binder=android.os.BinderProxy@428097e0}
I/ActivityManager( 1025): Process com.devexpert.weather (pid 17432) has died.
D/WifiService( 1025): releaseWifiLockLocked: WifiLock{NlpWifiLock type=2 binder=android.os.BinderProxy@428097e0}
W/ContextImpl( 1295): Calling a method in the system process without a qualified user: android.app.ContextImpl.startService:1608 android.content.ContextWrapper.startService:494 android.content.ContextWrapper.startService:494 com.motorola.motocare.internal.batterystats.BatteryStatsAction.onReceive:33 android.app.ActivityThread.handleReceiver:2434 
D/ConnectivityService( 1025): handleInetConditionHoldEnd: net=1, condition=100, published condition=100
W/Vold    (  261): Returning OperationFailed - no handler for errno 30
W/AppOps  ( 1025): Bad call: specified package qcamera under uid 1013 but it is really -1
W/AppOps  ( 1025): Bad call: specified package qcamera under uid 1013 but it is really -1
W/AppOps  ( 1025): Bad call: specified package qcamera under uid 1013 but it is really -1
W/AppOps  ( 1025): Bad call: specified package qcamera under uid 1013 but it is really -1
W/AppOps  ( 1025): Bad call: specified package qcamera under uid 1013 but it is really -1
W/AppOps  ( 1025): Bad call: specified package qcamera under uid 1013 but it is really -1
W/ActivityManager( 1025): Unable to start service Intent { act=com.twitter.intent.action.GET_OEM cmp=com.twitter.twitteroemhelper/.OemHelperService } U=0: not found
W/AppOps  ( 1025): Bad call: specified package qcamera under uid 1013 but it is really -1
W/AppOps  ( 1025): Bad call: specified package qcamera under uid 1013 but it is really -1
W/AppOps  ( 1025): Bad call: specified package qcamera under uid 1013 but it is really -1
W/AppOps  ( 1025): Bad call: specified package qcamera under uid 1013 but it is really -1
W/AppOps  ( 1025): Bad call: specified package qcamera under uid 1013 but it is really -1
W/AppOps  ( 1025): Bad call: specified package qcamera under uid 1013 but it is really -1
W/Vold    (  261): Returning OperationFailed - no handler for errno 30
I/ActivityManager( 1025): Process com.twitter.android (pid 17466) has died.
W/ActivityManager( 1025): Service ServiceRecord{43eb8770 u0 com.twitter.android/com.twitter.internal.android.service.AsyncService} in process ProcessRecord{42e07e88 17466:com.twitter.android/u0a132} not same as in map: null
D/WifiService( 1025): acquireWifiLockLocked: WifiLock{VoipServiceWifiLock type=1 binder=android.os.BinderProxy@42b75c00}
I/ActivityManager( 1025): Process com.facebook.orca (pid 15596) has died.
W/ActivityManager( 1025): Scheduling restart of crashed service com.facebook.orca/com.facebook.push.mqtt.service.MqttPushService in 1000ms
I/ActivityManager( 1025): Start proc com.facebook.orca for service com.facebook.orca/com.facebook.push.mqtt.service.MqttPushService: pid=17767 uid=10147 gids={50147, 3003, 1028, 1015}
W/BroadcastQueue( 1025): Permission Denial: broadcasting Intent { act=android.net.conn.INET_CONDITION_ACTION flg=0x4000010 (has extras) } from null (pid=-1, uid=-1) requires com.facebook.permission.prod.FB_APP_COMMUNICATION due to registered receiver BroadcastFilter{42aa32b8 u0 ReceiverList{42af2370 17767 com.facebook.orca/10147/u0 remote:4231be58}}
W/BroadcastQueue( 1025): Permission Denial: broadcasting Intent { act=android.net.conn.CONNECTIVITY_CHANGE flg=0x4000010 (has extras) } from null (pid=-1, uid=-1) requires com.facebook.permission.prod.FB_APP_COMMUNICATION due to registered receiver BroadcastFilter{42aa32b8 u0 ReceiverList{42af2370 17767 com.facebook.orca/10147/u0 remote:4231be58}}
W/BroadcastQueue( 1025): Permission Denial: broadcasting Intent { act=android.net.conn.CONNECTIVITY_CHANGE flg=0x4000010 (has extras) } from null (pid=-1, uid=-1) requires com.facebook.permission.prod.FB_APP_COMMUNICATION due to registered receiver BroadcastFilter{42897210 u0 ReceiverList{42a52960 17767 com.facebook.orca/10147/u0 remote:421465a8}}
I/ActivityManager( 1025): Process com.motorola.avatar (pid 17400) has died.
W/ActivityManager( 1025): Scheduling restart of crashed service com.motorola.avatar/.cloud.client.OnBootService in 1000ms
E/UsbDebuggingManager( 1025): got -1 reading
V/UsbDeviceManager( 1025): USB UEVENT: {USB_STATE=DISCONNECTED, SUBSYSTEM=android_usb, DEVPATH=/devices/virtual/android_usb/android0, SEQNUM=413182, ACTION=change}
E/UsbDebuggingManager( 1025): Communication error: 
E/UsbDebuggingManager( 1025): java.io.IOException: Connection refused
E/UsbDebuggingManager( 1025): 	at android.net.LocalSocketImpl.connectLocal(Native Method)
E/UsbDebuggingManager( 1025): 	at android.net.LocalSocketImpl.connect(LocalSocketImpl.java:287)
E/UsbDebuggingManager( 1025): 	at android.net.LocalSocket.connect(LocalSocket.java:130)
E/UsbDebuggingManager( 1025): 	at com.android.server.usb.UsbDebuggingManager.listenToSocket(UsbDebuggingManager.java:75)
E/UsbDebuggingManager( 1025): 	at com.android.server.usb.UsbDebuggingManager.run(UsbDebuggingManager.java:111)
E/UsbDebuggingManager( 1025): 	at java.lang.Thread.run(Thread.java:841)
I/PowerManagerService( 1025): Waking up from sleep...
I/WindowManager( 1025): Lock screen displayed!
D/DisplayPowerController( 1025): Unblocked screen on after 1525550805 ms
I/ActivityManager( 1025): Start proc com.google.android.apps.uploader for broadcast com.google.android.apps.uploader/com.google.android.picasasync.BatteryReceiver: pid=17876 uid=10079 gids={50079, 3003, 1028, 1015}
I/ActivityManager( 1025): Process com.google.android.gms (pid 16374) has died.
W/ActivityManager( 1025): Scheduling restart of crashed service com.google.android.gms/.analytics.service.AnalyticsService in 1000ms
I/SFPerfTracer(  274):      triggers: (rate: 1129:448965) (342064 sw vsyncs) (1052177 skipped) (0:3347473 vsyncs) (128:4198588)
I/ActivityManager( 1025): Start proc com.google.android.gms for broadcast com.google.android.gms/com.google.android.libraries.social.autobackup.AutoBackupEnvironment$BatteryReceiver: pid=18123 uid=10022 gids={50022, 3003, 1007, 1028, 1015, 3002, 3001, 3007, 2001, 3006}
I/ActivityManager( 1025): Process com.google.android.apps.uploader (pid 17876) has died.
D/UsbDeviceManager( 1025): setEnabledFunctions mtp,adb makeDefault: false
D/UsbDeviceManager( 1025): broadcasting Intent { act=android.hardware.usb.action.USB_STATE flg=0x20000000 (has extras) } connected: false configured: false
I/ActivityManager( 1025): Start proc com.motorola.genie for broadcast com.motorola.genie/.prefetch.PowerStatusReceiver: pid=18579 uid=10026 gids={50026, 3003, 1028, 1015}
I/ActivityManager( 1025): Start proc com.motorola.contextual.smartrules2 for broadcast com.motorola.contextual.smartrules2/com.motorola.batterysaverlib.BatteryNotificationReceiver: pid=18691 uid=10035 gids={50035, 3003, 1028, 1015, 3001, 3002}
V/UsbDeviceManager( 1025): USB UEVENT: {USB_STATE=CONNECTED, SUBSYSTEM=android_usb, DEVPATH=/devices/virtual/android_usb/android0, SEQNUM=413198, ACTION=change}
V/UsbDeviceManager( 1025): USB UEVENT: {USB_STATE=DISCONNECTED, SUBSYSTEM=android_usb, DEVPATH=/devices/virtual/android_usb/android0, SEQNUM=413199, ACTION=change}
V/UsbDeviceManager( 1025): USB UEVENT: {USB_STATE=CONNECTED, SUBSYSTEM=android_usb, DEVPATH=/devices/virtual/android_usb/android0, SEQNUM=413201, ACTION=change}
D/UsbDeviceManager( 1025): broadcasting Intent { act=android.hardware.usb.action.USB_STATE flg=0x20000000 (has extras) } connected: true configured: false
D/UsbDeviceManager( 1025): broadcasting Intent { act=android.hardware.usb.action.USB_STATE flg=0x20000000 (has extras) } connected: true configured: false
V/UsbDeviceManager( 1025): USB UEVENT: {USB_STATE=CONFIGURED, SUBSYSTEM=android_usb, DEVPATH=/devices/virtual/android_usb/android0, SEQNUM=413203, ACTION=change}
D/UsbDeviceManager( 1025): broadcasting Intent { act=android.hardware.usb.action.USB_STATE flg=0x20000000 (has extras) } connected: true configured: true
I/ActivityManager( 1025): Start proc com.motorola.MotGallery2 for broadcast com.motorola.MotGallery2/com.viewdle.receivers.PowerConnectedReceiver: pid=18995 uid=10034 gids={50034, 3003, 1028, 1015}
I/ActivityManager( 1025): Process com.motorola.genie (pid 18579) has died.
I/EntropyMixer( 1025): Writing entropy...
I/ActivityManager( 1025): Process com.motorola.contextual.smartrules2 (pid 18691) has died.
I/ActivityManager( 1025): Process com.google.android.gms (pid 18123) has died.
W/ActivityManager( 1025): Scheduling restart of crashed service com.google.android.gms/.analytics.service.AnalyticsService in 4000ms
I/ActivityManager( 1025): Start proc com.android.chrome for broadcast com.android.chrome/com.google.android.apps.chrome.precache.PrecacheServiceLauncher: pid=19195 uid=10057 gids={50057, 3003, 1028, 1015}
I/ActivityManager( 1025): Process com.motorola.MotGallery2 (pid 18995) has died.
W/ContextImpl( 1295): Calling a method in the system process without a qualified user: android.app.ContextImpl.startService:1608 android.content.ContextWrapper.startService:494 android.content.ContextWrapper.startService:494 com.motorola.motocare.internal.batterystats.BatteryStatsAction.onReceive:33 android.app.ActivityThread.handleReceiver:2434 
I/SFPerfTracer(  274):      triggers: (rate: 1258:50122) (compose: 0:251) (post: 0:21) (render: 89:10638) (34:788568 frames) (35:3323828)
D/SFPerfTracer(  274):        layers: (4:11) (DimLayer: 0:158)* (DimLayer: 0:134)* (FocusedStackFrame: 0:22097)* (StatusBar: 33:266762) (NavigationBar: 0:204602) (DimLayer: 0:25540)* (DimLayer: 0:4845)* (com.android.wallpaper.fall.FallWallpaper: 10:11730) (co.giftmeapp.gift_me/co.giftmeapp.gift_me.GiftMe: 0:26)* (ElectronBeam: 0:27)* (Keyguard: 1:51) 
I/ActivityManager( 1025): Process com.android.chrome (pid 19195) has died.
I/ActivityManager( 1025): Start proc com.google.android.gms for broadcast com.google.android.gms/.subscribedfeeds.ConfigurationReceiver: pid=19616 uid=10022 gids={50022, 3003, 1007, 1028, 1015, 3002, 3001, 3007, 2001, 3006}
W/BroadcastQueue( 1025): Permission Denial: broadcasting Intent { act=com.motorola.cce.Actions.CCE_SEND_SETTINGS flg=0x10 (has extras) } from com.motorola.genie (pid=18579, uid=10026) is not exported from uid 10034 due to receiver com.motorola.MotGallery2/com.motorola.blur.service.blur.SharedSettingsReceiver
I/ActivityManager( 1025): Start proc com.google.android.apps.uploader for broadcast com.google.android.apps.uploader/com.google.android.picasasync.BatteryReceiver: pid=19980 uid=10079 gids={50079, 3003, 1028, 1015}
I/ActivityManager( 1025): Process com.facebook.orca (pid 17767) has died.
W/ActivityManager( 1025): Scheduling restart of crashed service com.facebook.orca/com.facebook.push.mqtt.service.MqttPushService in 4000ms
I/ActivityManager( 1025): Start proc com.motorola.genie for broadcast com.motorola.genie/.prefetch.PowerStatusReceiver: pid=20505 uid=10026 gids={50026, 3003, 1028, 1015}
I/ActivityManager( 1025): Start proc com.motorola.contextual.smartrules2 for broadcast com.motorola.contextual.smartrules2/com.motorola.batterysaverlib.BatteryNotificationReceiver: pid=20527 uid=10035 gids={50035, 3003, 1028, 1015, 3001, 3002}
I/ActivityManager( 1025): Start proc com.motorola.MotGallery2 for broadcast com.motorola.MotGallery2/com.viewdle.receivers.PowerConnectedReceiver: pid=20543 uid=10034 gids={50034, 3003, 1028, 1015}
I/ActivityManager( 1025): Start proc com.android.chrome for broadcast com.android.chrome/com.google.android.apps.chrome.precache.PrecacheServiceLauncher: pid=20556 uid=10057 gids={50057, 3003, 1028, 1015}
I/ActivityManager( 1025): Start proc com.facebook.katana for broadcast com.facebook.katana/com.facebook.vault.service.VaultPowerConnectionReceiver: pid=20572 uid=10110 gids={50110, 1028, 1015, 3003}
F/ProcessStats( 1025): Starting service ServiceState{42c48c08 com.whatsapp.messaging.MessageService pkg=com.whatsapp proc=42c48c08} without owner
F/ProcessStats( 1025): Starting service ServiceState{43399718 com.paypal.android.p2pmobile.services.AtoService pkg=com.paypal.android.p2pmobile proc=43399718} without owner
F/ProcessStats( 1025): Starting service ServiceState{43231e48 com.paypal.android.p2pmobile.services.WalletService pkg=com.paypal.android.p2pmobile proc=43231e48} without owner
F/ProcessStats( 1025): Starting service ServiceState{42962c18 com.bambuna.podcastaddict.service.PodcastAddictService pkg=com.bambuna.podcastaddict proc=42962c18} without owner
F/ProcessStats( 1025): Starting service ServiceState{42a4cec0 com.facebook.push.mqtt.service.MqttPushService pkg=com.facebook.katana proc=42a4cec0} without owner
F/ProcessStats( 1025): Starting service ServiceState{428fdff0 com.facebook.push.mqtt.service.MqttPushService pkg=com.facebook.orca proc=428fdff0} without owner
I/ActivityManager( 1025): Process com.google.android.apps.uploader (pid 19980) has died.
F/ProcessStats( 1025): Starting service ServiceState{42c48c08 com.whatsapp.messaging.MessageService pkg=com.whatsapp proc=42c48c08} without owner
F/ProcessStats( 1025): Starting service ServiceState{43399718 com.paypal.android.p2pmobile.services.AtoService pkg=com.paypal.android.p2pmobile proc=43399718} without owner
F/ProcessStats( 1025): Starting service ServiceState{43231e48 com.paypal.android.p2pmobile.services.WalletService pkg=com.paypal.android.p2pmobile proc=43231e48} without owner
F/ProcessStats( 1025): Starting service ServiceState{42962c18 com.bambuna.podcastaddict.service.PodcastAddictService pkg=com.bambuna.podcastaddict proc=42962c18} without owner
F/ProcessStats( 1025): Starting service ServiceState{428fdff0 com.facebook.push.mqtt.service.MqttPushService pkg=com.facebook.orca proc=428fdff0} without owner
I/ActivityManager( 1025): Process com.motorola.contextual.smartrules2 (pid 20527) has died.
I/ActivityManager( 1025): Process com.motorola.MotGallery2 (pid 20543) has died.
I/ActivityManager( 1025): Process com.android.chrome (pid 20556) has died.
D/WifiService( 1025): New client listening to asynchronous messages
I/ActivityManager( 1025): Start proc com.google.android.googlequicksearchbox:search for broadcast com.google.android.googlequicksearchbox/com.google.android.search.core.UdcSettingBroadcastReceiver: pid=20609 uid=10045 gids={50045, 3003, 3001, 1028, 3002, 1015}
--------- beginning of /dev/log/main
E/dalvikvm(20572): Could not find class 'org.apache.harmony.xnet.provider.jsse.SSLParametersImpl', referenced from method com.facebook.ssl.openssl.reflect.SSLSessionTimeoutSetter.<clinit>
W/dalvikvm(20572): VFY: unable to resolve const-class 13809 (Lorg/apache/harmony/xnet/provider/jsse/SSLParametersImpl;) in Lcom/facebook/ssl/openssl/reflect/SSLSessionTimeoutSetter;
D/dalvikvm(20572): VFY: replacing opcode 0x1c at 0x000d
W/dalvikvm(20572): VFY: unable to find class referenced in signature (Lorg/apache/harmony/xnet/provider/jsse/SSLParametersImpl;)
E/dalvikvm(20572): Could not find class 'org.apache.harmony.xnet.provider.jsse.ClientSessionContext', referenced from method com.facebook.ssl.openssl.reflect.SSLSessionTimeoutSetter.a
W/dalvikvm(20572): VFY: unable to resolve check-cast 13806 (Lorg/apache/harmony/xnet/provider/jsse/ClientSessionContext;) in Lcom/facebook/ssl/openssl/reflect/SSLSessionTimeoutSetter;
D/dalvikvm(20572): VFY: replacing opcode 0x1f at 0x0006
W/dalvikvm(20572): VFY: unable to find class referenced in signature (Lorg/apache/harmony/xnet/provider/jsse/SSLParametersImpl;)
W/dalvikvm(20572): Unable to resolve superclass of Lcom/facebook/ssl/openssl/TicketEnabledOpenSSLSocketImplWrapper; (11243)
W/dalvikvm(20572): Link of class 'Lcom/facebook/ssl/openssl/TicketEnabledOpenSSLSocketImplWrapper;' failed
E/dalvikvm(20572): Could not find class 'com.facebook.ssl.openssl.TicketEnabledOpenSSLSocketImplWrapper', referenced from method com.facebook.ssl.openssl.TicketEnabledOpenSSLSocketFactoryHelper.a
W/dalvikvm(20572): VFY: unable to resolve new-instance 10681 (Lcom/facebook/ssl/openssl/TicketEnabledOpenSSLSocketImplWrapper;) in Lcom/facebook/ssl/openssl/TicketEnabledOpenSSLSocketFactoryHelper;
D/dalvikvm(20572): VFY: replacing opcode 0x22 at 0x0000
W/dalvikvm(20572): Unable to resolve superclass of Lcom/facebook/ssl/openssl/TicketEnabledOpenSSLSocketImplWrapper; (11243)
W/dalvikvm(20572): Link of class 'Lcom/facebook/ssl/openssl/TicketEnabledOpenSSLSocketImplWrapper;' failed
D/dalvikvm(20572): DexOpt: unable to opt direct call 0xc22f at 0x08 in Lcom/facebook/ssl/openssl/TicketEnabledOpenSSLSocketFactoryHelper;.a
D/dalvikvm(20572): Trying to load lib /data/app-lib/com.facebook.katana-1/libfbjni.so 0x41fba508
D/dalvikvm(20572): Added shared lib /data/app-lib/com.facebook.katana-1/libfbjni.so 0x41fba508
D/dalvikvm(20572): Trying to load lib /data/app-lib/com.facebook.katana-1/libcares.so 0x41fba508
D/dalvikvm(20572): Added shared lib /data/app-lib/com.facebook.katana-1/libcares.so 0x41fba508
D/dalvikvm(20572): No JNI_OnLoad found in /data/app-lib/com.facebook.katana-1/libcares.so 0x41fba508, skipping init
D/dalvikvm(20572): Trying to load lib /data/app-lib/com.facebook.katana-1/libdouble-conversion.so 0x41fba508
D/dalvikvm(20572): Added shared lib /data/app-lib/com.facebook.katana-1/libdouble-conversion.so 0x41fba508
D/dalvikvm(20572): No JNI_OnLoad found in /data/app-lib/com.facebook.katana-1/libdouble-conversion.so 0x41fba508, skipping init
D/dalvikvm(20572): Trying to load lib /data/app-lib/com.facebook.katana-1/libevent.so 0x41fba508
D/dalvikvm(20572): Added shared lib /data/app-lib/com.facebook.katana-1/libevent.so 0x41fba508
D/dalvikvm(20572): No JNI_OnLoad found in /data/app-lib/com.facebook.katana-1/libevent.so 0x41fba508, skipping init
D/dalvikvm(20572): Trying to load lib /data/app-lib/com.facebook.katana-1/libliger.so 0x41fba508
D/dalvikvm(20572): Added shared lib /data/app-lib/com.facebook.katana-1/libliger.so 0x41fba508
W/fb4a(:<default>):AbstractMqttPushService(20572): Attempt to start service that is already started
D/WifiStateMachine( 1025): handleMessage: E msg.what=131155
D/WifiStateMachine( 1025): processMsg: ConnectedState
D/WifiStateMachine( 1025): processMsg: L2ConnectedState
D/WifiStateMachine( 1025): handleMessage: X
D/WifiStateMachine( 1025): handleMessage: E msg.what=151572
D/WifiStateMachine( 1025): processMsg: ConnectedState
D/WifiStateMachine( 1025): processMsg: L2ConnectedState
D/WifiStateMachine( 1025): handleMessage: X
D/dalvikvm(20572): Trying to load lib /data/app-lib/com.facebook.katana-1/libheartbleed.so 0x41fba508
D/dalvikvm(20572): Added shared lib /data/app-lib/com.facebook.katana-1/libheartbleed.so 0x41fba508
I/ActivityManager( 1025): Start proc com.google.android.partnersetup for content provider com.google.android.partnersetup/.RlzAppProvider: pid=20643 uid=10025 gids={50025, 3003}
I/dalvikvm(20609): Could not find method android.content.pm.PackageManager.getPackageInstaller, referenced from method com.google.android.gms.common.e.p
W/dalvikvm(20609): VFY: unable to resolve virtual method 901: Landroid/content/pm/PackageManager;.getPackageInstaller ()Landroid/content/pm/PackageInstaller;
D/dalvikvm(20609): VFY: replacing opcode 0x6e at 0x000b
I/ActivityManager( 1025): Start proc com.google.android.apps.maps for broadcast com.google.android.apps.maps/com.google.android.apps.gmm.iamhere.ble.StartBleServiceReceiver: pid=20661 uid=10064 gids={50064, 3003, 1028, 1015, 3002, 3001}
I/ActivityManager( 1025): Process com.google.android.googlequicksearchbox:search (pid 20609) has died.
D/dalvikvm(  275): GC_EXPLICIT freed 43K, 48% free 9011K/17224K, paused 2ms+3ms, total 26ms
I/ActivityManager( 1025): Process com.google.android.partnersetup (pid 20643) has died.
D/dalvikvm(  275): GC_EXPLICIT freed <1K, 48% free 9011K/17224K, paused 2ms+5ms, total 23ms
D/dalvikvm(  275): GC_EXPLICIT freed <1K, 48% free 9011K/17224K, paused 1ms+3ms, total 17ms
D/dalvikvm(20661): Trying to load lib /data/app-lib/com.google.android.apps.maps-2/libcrashreporterer.so 0x41fb0cc8
D/dalvikvm(20661): Added shared lib /data/app-lib/com.google.android.apps.maps-2/libcrashreporterer.so 0x41fb0cc8
D/dalvikvm(20661): Trying to load lib /data/app-lib/com.google.android.apps.maps-2/libgmm-jni.so 0x41fb0cc8
D/dalvikvm(20661): Added shared lib /data/app-lib/com.google.android.apps.maps-2/libgmm-jni.so 0x41fb0cc8
D/StrictMode(20661): StrictMode policy violation; ~duration=184 ms: android.os.StrictMode$StrictModeDiskReadViolation: policy=31 violation=2
D/StrictMode(20661): 	at android.os.StrictMode$AndroidBlockGuardPolicy.onReadFromDisk(StrictMode.java:1135)
D/StrictMode(20661): 	at libcore.io.BlockGuardOs.open(BlockGuardOs.java:106)
D/StrictMode(20661): 	at libcore.io.IoUtils.canOpenReadOnly(IoUtils.java:163)
D/StrictMode(20661): 	at dalvik.system.DexPathList.findLibrary(DexPathList.java:384)
D/StrictMode(20661): 	at dalvik.system.BaseDexClassLoader.findLibrary(BaseDexClassLoader.java:77)
D/StrictMode(20661): 	at java.lang.Runtime.loadLibrary(Runtime.java:356)
D/StrictMode(20661): 	at java.lang.System.loadLibrary(System.java:526)
D/StrictMode(20661): 	at com.google.android.libraries.social.jni.crashreporter.NativeCrashHandler.a(PG:189)
D/StrictMode(20661): 	at com.google.android.libraries.social.jni.crashreporter.NativeCrashHandler.a(PG:87)
D/StrictMode(20661): 	at com.google.android.apps.gmm.base.app.d.<init>(PG:562)
D/StrictMode(20661): 	at com.google.android.apps.gmm.base.app.GoogleMapsApplication.a(PG:156)
D/StrictMode(20661): 	at com.google.android.apps.gmm.base.app.GoogleMapsApplication.onCreate(PG:111)
D/StrictMode(20661): 	at android.app.Instrumentation.callApplicationOnCreate(Instrumentation.java:1030)
D/StrictMode(20661): 	at android.app.ActivityThread.handleBindApplication(ActivityThread.java:4409)
D/StrictMode(20661): 	at android.app.ActivityThread.access$1500(ActivityThread.java:139)
D/StrictMode(20661): 	at android.app.ActivityThread$H.handleMessage(ActivityThread.java:1270)
D/StrictMode(20661): 	at android.os.Handler.dispatchMessage(Handler.java:102)
D/StrictMode(20661): 	at android.os.Looper.loop(Looper.java:136)
D/StrictMode(20661): 	at android.app.ActivityThread.main(ActivityThread.java:5086)
D/StrictMode(20661): 	at java.lang.reflect.Method.invokeNative(Native Method)
D/StrictMode(20661): 	at java.lang.reflect.Method.invoke(Method.java:515)
D/StrictMode(20661): 	at com.android.internal.os.ZygoteInit$MethodAndArgsCaller.run(ZygoteInit.java:785)
D/StrictMode(20661): 	at com.android.internal.os.ZygoteInit.main(ZygoteInit.java:601)
D/StrictMode(20661): 	at dalvik.system.NativeStart.main(Native Method)
D/StrictMode(20661): StrictMode policy violation; ~duration=175 ms: android.os.StrictMode$StrictModeDiskReadViolation: policy=31 violation=2
D/StrictMode(20661): 	at android.os.StrictMode$AndroidBlockGuardPolicy.onReadFromDisk(StrictMode.java:1135)
D/StrictMode(20661): 	at android.app.SharedPreferencesImpl.awaitLoadedLocked(SharedPreferencesImpl.java:203)
D/StrictMode(20661): 	at android.app.SharedPreferencesImpl.getBoolean(SharedPreferencesImpl.java:260)
D/StrictMode(20661): 	at android.preference.PreferenceManager.setDefaultValues(PreferenceManager.java:481)
D/StrictMode(20661): 	at com.google.android.apps.gmm.shared.d.a.a(PG:1086)
D/StrictMode(20661): 	at com.google.android.apps.gmm.base.app.d.a(PG:1136)
D/StrictMode(20661): 	at com.google.android.apps.gmm.base.app.d.<init>(PG:578)
D/StrictMode(20661): 	at com.google.android.apps.gmm.base.app.GoogleMapsApplication.a(PG:156)
D/StrictMode(20661): 	at com.google.android.apps.gmm.base.app.GoogleMapsApplication.onCreate(PG:111)
D/StrictMode(20661): 	at android.app.Instrumentation.callApplicationOnCreate(Instrumentation.java:1030)
D/StrictMode(20661): 	at android.app.ActivityThread.handleBindApplication(ActivityThread.java:4409)
D/StrictMode(20661): 	at android.app.ActivityThread.access$1500(ActivityThread.java:139)
D/StrictMode(20661): 	at android.app.ActivityThread$H.handleMessage(ActivityThread.java:1270)
D/StrictMode(20661): 	at android.os.Handler.dispatchMessage(Handler.java:102)
D/StrictMode(20661): 	at android.os.Looper.loop(Looper.java:136)
D/StrictMode(20661): 	at android.app.ActivityThread.main(ActivityThread.java:5086)
D/StrictMode(20661): 	at java.lang.reflect.Method.invokeNative(Native Method)
D/StrictMode(20661): 	at java.lang.reflect.Method.invoke(Method.java:515)
D/StrictMode(20661): 	at com.android.internal.os.ZygoteInit$MethodAndArgsCaller.run(ZygoteInit.java:785)
D/StrictMode(20661): 	at com.android.internal.os.ZygoteInit.main(ZygoteInit.java:601)
D/StrictMode(20661): 	at dalvik.system.NativeStart.main(Native Method)
D/StrictMode(20661): StrictMode policy violation; ~duration=152 ms: android.os.StrictMode$StrictModeDiskReadViolation: policy=31 violation=2
D/StrictMode(20661): 	at android.os.StrictMode$AndroidBlockGuardPolicy.onReadFromDisk(StrictMode.java:1135)
D/StrictMode(20661): 	at libcore.io.BlockGuardOs.open(BlockGuardOs.java:106)
D/StrictMode(20661): 	at libcore.io.IoUtils.canOpenReadOnly(IoUtils.java:163)
D/StrictMode(20661): 	at dalvik.system.DexPathList.findLibrary(DexPathList.java:384)
D/StrictMode(20661): 	at dalvik.system.BaseDexClassLoader.findLibrary(BaseDexClassLoader.java:77)
D/StrictMode(20661): 	at java.lang.Runtime.loadLibrary(Runtime.java:356)
D/StrictMode(20661): 	at java.lang.System.loadLibrary(System.java:526)
D/StrictMode(20661): 	at com.google.android.apps.gmm.map.util.jni.NativeHelper.initialize(PG:42)
D/StrictMode(20661): 	at com.google.android.apps.gmm.map.m.e.<clinit>(PG:89)
D/StrictMode(20661): 	at com.google.android.apps.gmm.base.app.d.a(PG:1135)
D/StrictMode(20661): 	at com.google.android.apps.gmm.base.app.d.<init>(PG:578)
D/StrictMode(20661): 	at com.google.android.apps.gmm.base.app.GoogleMapsApplication.a(PG:156)
D/StrictMode(20661): 	at com.google.android.apps.gmm.base.app.GoogleMapsApplication.onCreate(PG:111)
D/StrictMode(20661): 	at android.app.Instrumentation.callApplicationOnCreate(Instrumentation.java:1030)
D/StrictMode(20661): 	at android.app.ActivityThread.handleBindApplication(ActivityThread.java:4409)
D/StrictMode(20661): 	at android.app.ActivityThread.access$1500(ActivityThread.java:139)
D/StrictMode(20661): 	at android.app.ActivityThread$H.handleMessage(ActivityThread.java:1270)
D/StrictMode(20661): 	at android.os.Handler.dispatchMessage(Handler.java:102)
D/StrictMode(20661): 	at android.os.Looper.loop(Looper.java:136)
D/StrictMode(20661): 	at android.app.ActivityThread.main(ActivityThread.java:5086)
D/StrictMode(20661): 	at java.lang.reflect.Method.invokeNative(Native Method)
D/StrictMode(20661): 	at java.lang.reflect.Method.invoke(Method.java:515)
D/StrictMode(20661): 	at com.android.internal.os.ZygoteInit$MethodAndArgsCaller.run(ZygoteInit.java:785)
D/StrictMode(20661): 	at com.android.internal.os.ZygoteInit.main(ZygoteInit.java:601)
D/StrictMode(20661): 	at dalvik.system.NativeStart.main(Native Method)
D/StrictMode(20661): StrictMode policy violation; ~duration=101 ms: android.os.StrictMode$StrictModeDiskReadViolation: policy=31 violation=2
D/StrictMode(20661): 	at android.os.StrictMode$AndroidBlockGuardPolicy.onReadFromDisk(StrictMode.java:1135)
D/StrictMode(20661): 	at libcore.io.BlockGuardOs.open(BlockGuardOs.java:106)
D/StrictMode(20661): 	at libcore.io.IoBridge.open(IoBridge.java:393)
D/StrictMode(20661): 	at java.io.FileInputStream.<init>(FileInputStream.java:78)
D/StrictMode(20661): 	at android.app.ContextImpl.openFileInput(ContextImpl.java:909)
D/StrictMode(20661): 	at android.content.ContextWrapper.openFileInput(ContextWrapper.java:179)
D/StrictMode(20661): 	at com.google.android.apps.gmm.shared.f.h.a(PG:150)
D/StrictMode(20661): 	at com.google.android.apps.gmm.map.m.e.a(PG:356)
D/StrictMode(20661): 	at com.google.android.apps.gmm.base.app.d.a(PG:1135)
D/StrictMode(20661): 	at com.google.android.apps.gmm.base.app.d.<init>(PG:578)
D/StrictMode(20661): 	at com.google.android.apps.gmm.base.app.GoogleMapsApplication.a(PG:156)
D/StrictMode(20661): 	at com.google.android.apps.gmm.base.app.GoogleMapsApplication.onCreate(PG:111)
D/StrictMode(20661): 	at android.app.Instrumentation.callApplicationOnCreate(Instrumentation.java:1030)
D/StrictMode(20661): 	at android.app.ActivityThread.handleBindApplication(ActivityThread.java:4409)
D/StrictMode(20661): 	at android.app.ActivityThread.access$1500(ActivityThread.java:139)
D/StrictMode(20661): 	at android.app.ActivityThread$H.handleMessage(ActivityThread.java:1270)
D/StrictMode(20661): 	at android.os.Handler.dispatchMessage(Handler.java:102)
D/StrictMode(20661): 	at android.os.Looper.loop(Looper.java:136)
D/StrictMode(20661): 	at android.app.ActivityThread.main(ActivityThread.java:5086)
D/StrictMode(20661): 	at java.lang.reflect.Method.invokeNative(Native Method)
D/StrictMode(20661): 	at java.lang.reflect.Method.invoke(Method.java:515)
D/StrictMode(20661): 	at com.android.internal.os.ZygoteInit$MethodAndArgsCaller.run(ZygoteInit.java:785)
D/StrictMode(20661): 	at com.android.internal.os.ZygoteInit.main(ZygoteInit.java:601)
D/StrictMode(20661): 	at dalvik.system.NativeStart.main(Native Method)
D/StrictMode(20661): StrictMode policy violation; ~duration=95 ms: android.os.StrictMode$StrictModeDiskReadViolation: policy=31 violation=2
D/StrictMode(20661): 	at android.os.StrictMode$AndroidBlockGuardPolicy.onReadFromDisk(StrictMode.java:1135)
D/StrictMode(20661): 	at libcore.io.BlockGuardOs.read(BlockGuardOs.java:148)
D/StrictMode(20661): 	at libcore.io.IoBridge.read(IoBridge.java:425)
D/StrictMode(20661): 	at java.io.FileInputStream.read(FileInputStream.java:179)
D/StrictMode(20661): 	at java.io.BufferedInputStream.read(BufferedInputStream.java:283)
D/StrictMode(20661): 	at java.io.DataInputStream.read(DataInputStream.java:63)
D/StrictMode(20661): 	at com.google.r.j.c(PG:1152)
D/StrictMode(20661): 	at com.google.r.j.a(PG:121)
D/StrictMode(20661): 	at com.google.v.a.a.dv.<init>(PG:24)
D/StrictMode(20661): 	at com.google.v.a.a.dw.b(PG:68)
D/StrictMode(20661): 	at com.google.v.a.a.dw.a(PG:62)
D/StrictMode(20661): 	at com.google.r.e.b(PG:170)
D/StrictMode(20661): 	at com.google.r.e.b(PG:21)
D/StrictMode(20661): 	at com.google.android.apps.gmm.shared.f.h.a(PG:151)
D/StrictMode(20661): 	at com.google.android.apps.gmm.map.m.e.a(PG:356)
D/StrictMode(20661): 	at com.google.android.apps.gmm.base.app.d.a(PG:1135)
D/StrictMode(20661): 	at com.google.android.apps.gmm.base.app.d.<init>(PG:578)
D/StrictMode(20661): 	at com.google.android.apps.gmm.base.app.GoogleMapsApplication.a(PG:156)
D/StrictMode(20661): 	at com.google.android.apps.gmm.base.app.GoogleMapsApplication.onCreate(PG:111)
D/StrictMode(20661): 	at android.app.Instrumentation.callApplicationOnCreate(Instrumentation.java:1030)
D/StrictMode(20661): 	at android.app.ActivityThread.handleBindApplication(ActivityThread.java:4409)
D/StrictMode(20661): 	at android.app.ActivityThread.access$1500(ActivityThread.java:139)
D/StrictMode(20661): 	at android.app.ActivityThread$H.handleMessage(ActivityThread.java:1270)
D/StrictMode(20661): 	at android.os.Handler.dispatchMessage(Handler.java:102)
D/StrictMode(20661): 	at android.os.Looper.loop(Looper.java:136)
D/StrictMode(20661): 	at android.app.ActivityThread.main(ActivityThread.java:5086)
D/StrictMode(20661): 	at java.lang.reflect.Method.invokeNative(Native Method)
D/StrictMode(20661): 	at java.lang.reflect.Method.invoke(Method.java:515)
D/StrictMode(20661): 	at com.android.internal.os.ZygoteInit$MethodAndArgsCaller.run(ZygoteInit.java:785)
D/StrictMode(20661): 	at com.android.internal.os.ZygoteInit.main(ZygoteInit.java:601)
D/StrictMode(20661): 	at dalvik.system.NativeStart.main(Native Method)
D/StrictMode(20661): StrictMode policy violation; ~duration=89 ms: android.os.StrictMode$StrictModeDiskReadViolation: policy=31 violation=2
D/StrictMode(20661): 	at android.os.StrictMode$AndroidBlockGuardPolicy.onReadFromDisk(StrictMode.java:1135)
D/StrictMode(20661): 	at libcore.io.BlockGuardOs.read(BlockGuardOs.java:148)
D/StrictMode(20661): 	at libcore.io.IoBridge.read(IoBridge.java:425)
D/StrictMode(20661): 	at java.io.FileInputStream.read(FileInputStream.java:179)
D/StrictMode(20661): 	at java.io.BufferedInputStream.read(BufferedInputStream.java:283)
D/StrictMode(20661): 	at java.io.DataInputStream.read(DataInputStream.java:63)
D/StrictMode(20661): 	at com.google.r.j.c(PG:1152)
D/StrictMode(20661): 	at com.google.r.j.b(PG:1234)
D/StrictMode(20661): 	at com.google.r.j.g(PG:548)
D/StrictMode(20661): 	at com.google.v.a.a.dv.<init>(PG:43)
D/StrictMode(20661): 	at com.google.v.a.a.dw.b(PG:68)
D/StrictMode(20661): 	at com.google.v.a.a.dw.a(PG:62)
D/StrictMode(20661): 	at com.google.r.e.b(PG:170)
D/StrictMode(20661): 	at com.google.r.e.b(PG:21)
D/StrictMode(20661): 	at com.google.android.apps.gmm.shared.f.h.a(PG:151)
D/StrictMode(20661): 	at com.google.android.apps.gmm.map.m.e.a(PG:356)
D/StrictMode(20661): 	at com.google.android.apps.gmm.base.app.d.a(PG:1135)
D/StrictMode(20661): 	at com.google.android.apps.gmm.base.app.d.<init>(PG:578)
D/StrictMode(20661): 	at com.google.android.apps.gmm.base.app.GoogleMapsApplication.a(PG:156)
D/StrictMode(20661): 	at com.google.android.apps.gmm.base.app.GoogleMapsApplication.onCreate(PG:111)
D/StrictMode(20661): 	at android.app.Instrumentation.callApplicationOnCreate(Instrumentation.java:1030)
D/StrictMode(20661): 	at android.app.ActivityThread.handleBindApplication(ActivityThread.java:4409)
D/StrictMode(20661): 	at android.app.ActivityThread.access$1500(ActivityThread.java:139)
D/StrictMode(20661): 	at android.app.ActivityThread$H.handleMessage(ActivityThread.java:1270)
D/StrictMode(20661): 	at android.os.Handler.dispatchMessage(Handler.java:102)
D/StrictMode(20661): 	at android.os.Looper.loop(Looper.java:136)
D/StrictMode(20661): 	at android.app.ActivityThread.main(ActivityThread.java:5086)
D/StrictMode(20661): 	at java.lang.reflect.Method.invokeNative(Native Method)
D/StrictMode(20661): 	at java.lang.reflect.Method.invoke(Method.java:515)
D/StrictMode(20661): 	at com.android.internal.os.ZygoteInit$MethodAndArgsCaller.run(ZygoteInit.java:785)
D/StrictMode(20661): 	at com.android.internal.os.ZygoteInit.main(ZygoteInit.java:601)
D/StrictMode(20661): 	at dalvik.system.NativeStart.main(Native Method)
V/GAV3    ( 8968): Thread[Service Reconnect,5,main]: connecting to Analytics service
V/GAV3    ( 8968): Thread[main,5,main]: service connected, binder: android.os.BinderProxy@42022f00
V/GAV3    ( 8968): Thread[main,5,main]: bound to service
