D/Ulp_jni ( 1025): Location CB invoked
D/WifiStateMachine( 1025): handleMessage: E msg.what=151572
D/WifiStateMachine( 1025): processMsg: ConnectedState
D/WifiStateMachine( 1025): processMsg: L2ConnectedState
D/WifiStateMachine( 1025): handleMessage: X
D/WifiStateMachine( 1025): handleMessage: E msg.what=151572
D/WifiStateMachine( 1025): processMsg: ConnectedState
D/WifiStateMachine( 1025): processMsg: L2ConnectedState
D/WifiStateMachine( 1025): handleMessage: X
D/WifiStateMachine( 1025): handleMessage: E msg.what=131155
D/WifiStateMachine( 1025): processMsg: ConnectedState
D/WifiStateMachine( 1025): processMsg: L2ConnectedState
D/WifiStateMachine( 1025): handleMessage: X
V/AlarmManager( 1025): sending alarm Alarm{42ae54e8 type 3 com.devexpert.weather}
V/AlarmManager( 1025): sending alarm Alarm{42ae3448 type 2 com.google.android.gms}
I/ActivityManager( 1025): Start proc com.devexpert.weather for broadcast com.devexpert.weather/.view.WidgetWeather2x1: pid=10938 uid=10112 gids={50112, 3003, 1028, 1015}
V/AlarmManager( 1025): sending alarm Alarm{42adff40 type 2 com.google.android.gms}
D/Sensors ( 1025): AccelerationSensor: set delay 20
D/GCM     (16934): Message class com.google.f.a.a.i
I/ActivityManager( 1025): Process com.android.vending (pid 10785) has died.
D/WifiStateMachine( 1025): handleMessage: E msg.what=151572
D/WifiStateMachine( 1025): processMsg: ConnectedState
D/WifiStateMachine( 1025): processMsg: L2ConnectedState
D/WifiStateMachine( 1025): handleMessage: X
D/ConnectivityService( 1025): handleInetConditionHoldEnd: net=1, condition=100, published condition=100
I/ModemStatsDSDetect( 1327): onReceive() -Intent { act=android.net.conn.INET_CONDITION_ACTION flg=0x4000010 (has extras) }
I/ModemStatsDSDetect( 1327): INET_CONDITION=100 ,activeNet=NetworkInfo: type: WIFI[], state: CONNECTED/CONNECTED, reason: (unspecified), extra: "Moulin Rouge", roaming: false, failover: false, isAvailable: true, isConnectedToProvisioningNetwork: false
I/ModemStatsDSDetect( 1327): onReceive() - done, currentInetCondition=100
I/SBar.NetworkController( 1119): onReceive: ConnectivityManager.INET_CONDITION_ACTION Received
I/SBar.NetworkController( 1119): updateConnectivity: NetworkInfo: NetworkInfo: type: WIFI[], state: CONNECTED/CONNECTED, reason: (unspecified), extra: "Moulin Rouge", roaming: false, failover: false, isAvailable: true, isConnectedToProvisioningNetwork: false, inetCondition= 1
D/WifiStateMachine( 1025): handleMessage: E msg.what=151572
D/WifiStateMachine( 1025): processMsg: ConnectedState
D/WifiStateMachine( 1025): processMsg: L2ConnectedState
D/WifiStateMachine( 1025): handleMessage: X
D/WifiStateMachine( 1025): handleMessage: E msg.what=151572
D/WifiStateMachine( 1025): processMsg: ConnectedState
D/WifiStateMachine( 1025): processMsg: L2ConnectedState
D/WifiStateMachine( 1025): handleMessage: X
D/WifiStateMachine( 1025): handleMessage: E msg.what=131155
D/WifiStateMachine( 1025): processMsg: ConnectedState
D/WifiStateMachine( 1025): processMsg: L2ConnectedState
D/WifiStateMachine( 1025): handleMessage: X
D/WifiStateMachine( 1025): handleMessage: E msg.what=151572
D/WifiStateMachine( 1025): processMsg: ConnectedState
D/WifiStateMachine( 1025): processMsg: L2ConnectedState
D/WifiStateMachine( 1025): handleMessage: X
D/Sensors ( 1025): AccelerationSensor: set delay 200
D/WifiStateMachine( 1025): handleMessage: E msg.what=151572
D/WifiStateMachine( 1025): processMsg: ConnectedState
D/WifiStateMachine( 1025): processMsg: L2ConnectedState
D/WifiStateMachine( 1025): handleMessage: X
D/WifiStateMachine( 1025): handleMessage: E msg.what=151572
D/WifiStateMachine( 1025): processMsg: ConnectedState
D/WifiStateMachine( 1025): processMsg: L2ConnectedState
D/WifiStateMachine( 1025): handleMessage: X
D/WifiStateMachine( 1025): handleMessage: E msg.what=131155
D/WifiStateMachine( 1025): processMsg: ConnectedState
D/WifiStateMachine( 1025): processMsg: L2ConnectedState
D/WifiStateMachine( 1025): handleMessage: X
D/WifiStateMachine( 1025): handleMessage: E msg.what=151572
D/WifiStateMachine( 1025): processMsg: ConnectedState
D/WifiStateMachine( 1025): processMsg: L2ConnectedState
D/WifiStateMachine( 1025): handleMessage: X
D/WifiStateMachine( 1025): handleMessage: E msg.what=151572
D/WifiStateMachine( 1025): processMsg: ConnectedState
D/WifiStateMachine( 1025): processMsg: L2ConnectedState
D/WifiStateMachine( 1025): handleMessage: X
D/Ulp_jni ( 1025): Location CB invoked
D/WifiStateMachine( 1025): handleMessage: E msg.what=151572
D/WifiStateMachine( 1025): processMsg: ConnectedState
D/WifiStateMachine( 1025): processMsg: L2ConnectedState
D/WifiStateMachine( 1025): handleMessage: X
D/WifiStateMachine( 1025): handleMessage: E msg.what=131155
D/WifiStateMachine( 1025): processMsg: ConnectedState
D/WifiStateMachine( 1025): processMsg: L2ConnectedState
D/WifiStateMachine( 1025): handleMessage: X
D/WifiStateMachine( 1025): handleMessage: E msg.what=151572
D/WifiStateMachine( 1025): processMsg: ConnectedState
D/WifiStateMachine( 1025): processMsg: L2ConnectedState
D/WifiStateMachine( 1025): handleMessage: X
D/WifiStateMachine( 1025): handleMessage: E msg.what=151572
D/WifiStateMachine( 1025): processMsg: ConnectedState
D/WifiStateMachine( 1025): processMsg: L2ConnectedState
D/WifiStateMachine( 1025): handleMessage: X
D/WifiStateMachine( 1025): handleMessage: E msg.what=151572
D/WifiStateMachine( 1025): processMsg: ConnectedState
D/WifiStateMachine( 1025): processMsg: L2ConnectedState
D/WifiStateMachine( 1025): handleMessage: X
D/WifiStateMachine( 1025): handleMessage: E msg.what=131155
D/WifiStateMachine( 1025): processMsg: ConnectedState
D/WifiStateMachine( 1025): processMsg: L2ConnectedState
D/WifiStateMachine( 1025): handleMessage: X
D/WifiStateMachine( 1025): handleMessage: E msg.what=151572
D/WifiStateMachine( 1025): processMsg: ConnectedState
D/WifiStateMachine( 1025): processMsg: L2ConnectedState
D/WifiStateMachine( 1025): handleMessage: X
D/WifiStateMachine( 1025): handleMessage: E msg.what=151572
D/WifiStateMachine( 1025): processMsg: ConnectedState
D/WifiStateMachine( 1025): processMsg: L2ConnectedState
D/WifiStateMachine( 1025): handleMessage: X
D/WifiStateMachine( 1025): handleMessage: E msg.what=151572
D/WifiStateMachine( 1025): processMsg: ConnectedState
D/WifiStateMachine( 1025): processMsg: L2ConnectedState
D/WifiStateMachine( 1025): handleMessage: X
D/WifiStateMachine( 1025): handleMessage: E msg.what=131155
D/WifiStateMachine( 1025): processMsg: ConnectedState
D/WifiStateMachine( 1025): processMsg: L2ConnectedState
D/WifiStateMachine( 1025): handleMessage: X
D/WifiStateMachine( 1025): handleMessage: E msg.what=151572
D/WifiStateMachine( 1025): processMsg: ConnectedState
D/WifiStateMachine( 1025): processMsg: L2ConnectedState
D/WifiStateMachine( 1025): handleMessage: X
D/WifiStateMachine( 1025): handleMessage: E msg.what=151572
D/WifiStateMachine( 1025): processMsg: ConnectedState
D/WifiStateMachine( 1025): processMsg: L2ConnectedState
D/WifiStateMachine( 1025): handleMessage: X
I/ActivityManager( 1025): START u0 {act=android.intent.action.MAIN cat=[android.intent.category.HOME] flg=0x10200000 cmp=com.android.launcher/com.android.launcher2.Launcher} from pid 1025
W/ContextImpl( 1295): Calling a method in the system process without a qualified user: android.app.ContextImpl.sendBroadcast:1252 android.content.ContextWrapper.sendBroadcast:365 com.motorola.motocare.util.TriggerHelper$TriggerBuilder.send:76 com.motorola.motocare.internal.frameworkevents.PauseResumeTrigger.handleFrameworkEvent:53 com.motorola.motocare.internal.frameworkevents.FwEventMonitor$FrameworkListener.processFrameworkEvent:114 
D/CordovaActivity( 9742): Paused the application!
D/CordovaWebView( 9742): Handle the pause
W/ContextImpl( 1295): Calling a method in the system process without a qualified user: android.app.ContextImpl.sendBroadcast:1252 android.content.ContextWrapper.sendBroadcast:365 com.motorola.motocare.util.TriggerHelper$TriggerBuilder.send:76 com.motorola.motocare.internal.frameworkevents.PauseResumeTrigger.handleFrameworkEvent:53 com.motorola.motocare.internal.frameworkevents.FwEventMonitor$FrameworkListener.processFrameworkEvent:114 
I/Adreno-EGL( 8139): <qeglDrvAPI_eglInitialize:410>: EGL 1.4 QUALCOMM build: AU_LINUX_ANDROID_LNX.LA.3.5.1_RB1.04.04.02.048.018_msm8226_LNX.LA.3.5.1_RB1__release_AU ()
I/Adreno-EGL( 8139): OpenGL ES Shader Compiler Version: E031.24.00.08
I/Adreno-EGL( 8139): Build Date: 03/07/14 Fri
I/Adreno-EGL( 8139): Local Branch: 
I/Adreno-EGL( 8139): Remote Branch: quic/LNX.LA.3.5.1_RB1.1
I/Adreno-EGL( 8139): Local Patches: NONE
I/Adreno-EGL( 8139): Reconstruct Branch: AU_LINUX_ANDROID_LNX.LA.3.5.1_RB1.04.04.02.048.018 + f2fd134 +  NOTHING
W/InputMethodManagerService( 1025): Starting input on non-focused client com.android.internal.view.IInputMethodClient$Stub$Proxy@4220b698 (uid=10104 pid=9742)
W/IInputConnectionWrapper( 9742): showStatusIcon on inactive InputConnection
I/ActivityManager( 1025): Process com.devexpert.weather (pid 10938) has died.
D/dalvikvm( 1119): GC_FOR_ALLOC freed 1310K, 28% free 14112K/19444K, paused 34ms, total 34ms
V/RenderScript( 8139): 0x6293b220 Launching thread(s), CPUs 4
I/LaunchCheckinHandler( 1025): Displayed com.android.launcher/com.android.launcher2.Launcher,wp,wa,225
I/SFPerfTracer(  274):      triggers: (rate: 989:39997) (compose: 0:178) (post: 0:18) (render: 58:9286) (11:588763 frames) (12:2659648)
D/SFPerfTracer(  274):        layers: (5:10) (DimLayer: 0:158)* (DimLayer: 0:60)* (FocusedStackFrame: 0:15348)* (StatusBar: 12:191181) (NavigationBar: 11:143862) (DimLayer: 0:19166)* (DimLayer: 0:2877)* (com.android.wallpaper.fall.FallWallpaper: 4:888) (co.giftmeapp.gift_me/co.giftmeapp.gift_me.GiftMe: 12:2153) (com.android.launcher/com.android.launcher2.Launcher: 1:11) 
D/WifiStateMachine( 1025): handleMessage: E msg.what=151572
D/WifiStateMachine( 1025): processMsg: ConnectedState
D/WifiStateMachine( 1025): processMsg: L2ConnectedState
D/WifiStateMachine( 1025): handleMessage: X
W/ManagedEGLContext( 9742): doTerminate failed: EGL count is 2 but managed count is 1
D/WifiStateMachine( 1025): handleMessage: E msg.what=131155
D/WifiStateMachine( 1025): processMsg: ConnectedState
D/WifiStateMachine( 1025): processMsg: L2ConnectedState
D/WifiStateMachine( 1025): handleMessage: X
D/Ulp_jni ( 1025): Location CB invoked
D/dalvikvm( 8139): GC_FOR_ALLOC freed 690K, 18% free 14498K/17552K, paused 18ms, total 18ms
I/ActivityManager( 1025): START u0 {act=android.intent.action.MAIN cat=[android.intent.category.LAUNCHER] flg=0x10200000 cmp=co.giftmeapp.gift_me/.GiftMe bnds=[520,385][680,585]} from pid 8139
W/ContextImpl( 1295): Calling a method in the system process without a qualified user: android.app.ContextImpl.sendBroadcast:1252 android.content.ContextWrapper.sendBroadcast:365 com.motorola.motocare.util.TriggerHelper$TriggerBuilder.send:76 com.motorola.motocare.internal.frameworkevents.PauseResumeTrigger.handleFrameworkEvent:53 com.motorola.motocare.internal.frameworkevents.FwEventMonitor$FrameworkListener.processFrameworkEvent:114 
W/ContextImpl( 1295): Calling a method in the system process without a qualified user: android.app.ContextImpl.sendBroadcast:1252 android.content.ContextWrapper.sendBroadcast:365 com.motorola.motocare.util.TriggerHelper$TriggerBuilder.send:76 com.motorola.motocare.internal.frameworkevents.PauseResumeTrigger.handleFrameworkEvent:53 com.motorola.motocare.internal.frameworkevents.FwEventMonitor$FrameworkListener.processFrameworkEvent:114 
D/CordovaActivity( 9742): Resuming the App
V/PhoneStatusBar( 1119): setLightsOn(true)
D/WifiStateMachine( 1025): handleMessage: E msg.what=151572
D/WifiStateMachine( 1025): processMsg: ConnectedState
D/WifiStateMachine( 1025): processMsg: L2ConnectedState
D/WifiStateMachine( 1025): handleMessage: X
I/LaunchCheckinHandler( 1025): Displayed co.giftmeapp.gift_me/.GiftMe,wp,wa,170
V/PhoneStatusBar( 1119): setLightsOn(true)
E/rsC++   ( 8139): RS Message thread exiting.
D/WifiStateMachine( 1025): handleMessage: E msg.what=151572
D/WifiStateMachine( 1025): processMsg: ConnectedState
D/WifiStateMachine( 1025): processMsg: L2ConnectedState
D/WifiStateMachine( 1025): handleMessage: X
I/SFPerfTracer(  274):      triggers: (rate: 867:355537) (256150 sw vsyncs) (819317 skipped) (119:2554446 vsyncs) (121:3199850)
I/SFPerfTracer(  274):      triggers: (rate: 989:39997) (compose: 0:178) (post: 0:18) (render: 58:9286) (0:588796 frames) (1:2659748)
D/SFPerfTracer(  274):        layers: (3:11) (DimLayer: 0:158)* (DimLayer: 0:60)* (FocusedStackFrame: 0:15348)* (StatusBar: 0:191207) (NavigationBar: 0:143901) (DimLayer: 0:19166)* (DimLayer: 0:2877)* (com.android.wallpaper.fall.FallWallpaper: 0:911)* (co.giftmeapp.gift_me/co.giftmeapp.gift_me.GiftMe: 0:2165)* (com.android.launcher/com.android.launcher2.Launcher: 0:54)* (co.giftmeapp.gift_me/co.giftmeapp.gift_me.GiftMe: 1:32) 
D/CordovaLog( 9742): file:///android_asset/www/js/ratchet.min.js: Line 10 : Uncaught SyntaxError: Failed to execute 'querySelector' on 'Document': '#home/' is not a valid selector.
I/chromium( 9742): [INFO:CONSOLE(10)] "Uncaught SyntaxError: Failed to execute 'querySelector' on 'Document': '#home/' is not a valid selector.", source: file:///android_asset/www/js/ratchet.min.js (10)
D/WifiStateMachine( 1025): handleMessage: E msg.what=151572
D/WifiStateMachine( 1025): processMsg: ConnectedState
D/WifiStateMachine( 1025): processMsg: L2ConnectedState
D/WifiStateMachine( 1025): handleMessage: X
D/WifiStateMachine( 1025): handleMessage: E msg.what=131155
D/WifiStateMachine( 1025): processMsg: ConnectedState
D/WifiStateMachine( 1025): processMsg: L2ConnectedState
D/WifiStateMachine( 1025): handleMessage: X
D/WifiStateMachine( 1025): handleMessage: E msg.what=151572
D/WifiStateMachine( 1025): processMsg: ConnectedState
D/WifiStateMachine( 1025): processMsg: L2ConnectedState
I/SBar.NetworkController( 1119): onSignalStrengthsChanged SignalStrength: 2 0 -120 -160 -120 -1 -1 99 2147483647 2147483647 2147483647 2147483647 2147483647 gsm|lte 0 -108 -1 false 0 0 0 0 0 99 99 99 4 level=0
D/WifiStateMachine( 1025): handleMessage: X
D/WifiStateMachine( 1025): handleMessage: E msg.what=151572
D/WifiStateMachine( 1025): processMsg: ConnectedState
D/WifiStateMachine( 1025): processMsg: L2ConnectedState
D/WifiStateMachine( 1025): handleMessage: X
D/WifiStateMachine( 1025): handleMessage: E msg.what=151572
D/WifiStateMachine( 1025): processMsg: ConnectedState
D/WifiStateMachine( 1025): processMsg: L2ConnectedState
D/WifiStateMachine( 1025): handleMessage: X
I/SFPerfTracer(  274):      triggers: (rate: 989:39997) (compose: 0:178) (post: 0:18) (render: 58:9286) (0:588796 frames) (1:2659848)
D/SFPerfTracer(  274):        layers: (3:9) (DimLayer: 0:158)* (DimLayer: 0:60)* (FocusedStackFrame: 0:15348)* (StatusBar: 0:191211) (NavigationBar: 0:143901) (DimLayer: 0:19166)* (DimLayer: 0:2877)* (com.android.wallpaper.fall.FallWallpaper: 0:911)* (co.giftmeapp.gift_me/co.giftmeapp.gift_me.GiftMe: 1:130) 
D/WifiStateMachine( 1025): handleMessage: E msg.what=131155
D/WifiStateMachine( 1025): processMsg: ConnectedState
D/WifiStateMachine( 1025): processMsg: L2ConnectedState
D/WifiStateMachine( 1025): handleMessage: X
I/SFPerfTracer(  274):      triggers: (rate: 867:355537) (256150 sw vsyncs) (819317 skipped) (116:2554600 vsyncs) (118:3200019)
D/WifiStateMachine( 1025): handleMessage: E msg.what=151572
D/WifiStateMachine( 1025): processMsg: ConnectedState
D/WifiStateMachine( 1025): processMsg: L2ConnectedState
D/WifiStateMachine( 1025): handleMessage: X
I/SBar.NetworkController( 1119): refreshSignalCluster: mobile: Signal=zz_moto_stat_sys_signal_0_fully_wide Roaming=(none) mSimIconId=(none) Accessibility="No phone.","Not roaming.",""
D/WifiStateMachine( 1025): handleMessage: E msg.what=151572
D/WifiStateMachine( 1025): processMsg: ConnectedState
D/WifiStateMachine( 1025): processMsg: L2ConnectedState
D/WifiStateMachine( 1025): handleMessage: X
D/WifiStateMachine( 1025): handleMessage: E msg.what=151572
D/WifiStateMachine( 1025): processMsg: ConnectedState
D/WifiStateMachine( 1025): processMsg: L2ConnectedState
D/WifiStateMachine( 1025): handleMessage: X
D/WifiStateMachine( 1025): handleMessage: E msg.what=131155
D/WifiStateMachine( 1025): processMsg: ConnectedState
D/WifiStateMachine( 1025): processMsg: L2ConnectedState
D/WifiStateMachine( 1025): handleMessage: X
D/WifiStateMachine( 1025): handleMessage: E msg.what=151572
D/WifiStateMachine( 1025): processMsg: ConnectedState
D/WifiStateMachine( 1025): processMsg: L2ConnectedState
D/WifiStateMachine( 1025): handleMessage: X
D/Ulp_jni ( 1025): Location CB invoked
D/WifiStateMachine( 1025): handleMessage: E msg.what=151572
D/WifiStateMachine( 1025): processMsg: ConnectedState
D/WifiStateMachine( 1025): processMsg: L2ConnectedState
D/WifiStateMachine( 1025): handleMessage: X
V/AlarmManager( 1025): sending alarm Alarm{42cbe548 type 3 android}
D/WifiStateMachine( 1025): handleMessage: E msg.what=151572
D/WifiStateMachine( 1025): processMsg: ConnectedState
D/WifiStateMachine( 1025): processMsg: L2ConnectedState
D/WifiStateMachine( 1025): handleMessage: X
D/WifiStateMachine( 1025): handleMessage: E msg.what=131155
D/WifiStateMachine( 1025): processMsg: ConnectedState
D/WifiStateMachine( 1025): processMsg: L2ConnectedState
D/WifiStateMachine( 1025): handleMessage: X
D/WifiStateMachine( 1025): handleMessage: E msg.what=151572
D/WifiStateMachine( 1025): processMsg: ConnectedState
D/WifiStateMachine( 1025): processMsg: L2ConnectedState
D/WifiStateMachine( 1025): handleMessage: X
D/WifiStateMachine( 1025): handleMessage: E msg.what=151572
D/WifiStateMachine( 1025): processMsg: ConnectedState
D/WifiStateMachine( 1025): processMsg: L2ConnectedState
D/WifiStateMachine( 1025): handleMessage: X
I/SBar.NetworkController( 1119): onSignalStrengthsChanged SignalStrength: 8 0 -120 -160 -120 -1 -1 99 2147483647 2147483647 2147483647 2147483647 2147483647 gsm|lte 0 -108 -1 false 3 3 0 0 0 99 99 99 4 level=3
I/SBar.NetworkController( 1119): refreshSignalCluster: mobile: Signal=zz_moto_stat_sys_signal_1_fully_wide Roaming=(none) mSimIconId=(none) Accessibility="Phone one bar.","Not roaming.",""
D/WifiStateMachine( 1025): handleMessage: E msg.what=151572
D/WifiStateMachine( 1025): processMsg: ConnectedState
D/WifiStateMachine( 1025): processMsg: L2ConnectedState
D/WifiStateMachine( 1025): handleMessage: X
I/SBar.NetworkController( 1119): refreshSignalCluster: mobile: Signal=zz_moto_stat_sys_signal_2_fully_wide Roaming=(none) mSimIconId=(none) Accessibility="Phone two bars.","Not roaming.",""
D/WifiStateMachine( 1025): handleMessage: E msg.what=131155
D/WifiStateMachine( 1025): processMsg: ConnectedState
D/WifiStateMachine( 1025): processMsg: L2ConnectedState
D/WifiStateMachine( 1025): handleMessage: X
D/WifiStateMachine( 1025): handleMessage: E msg.what=151572
D/WifiStateMachine( 1025): processMsg: ConnectedState
D/WifiStateMachine( 1025): processMsg: L2ConnectedState
D/WifiStateMachine( 1025): handleMessage: X
I/SBar.NetworkController( 1119): refreshSignalCluster: mobile: Signal=zz_moto_stat_sys_signal_3_fully_wide Roaming=(none) mSimIconId=(none) Accessibility="Phone three bars.","Not roaming.",""
D/WifiStateMachine( 1025): handleMessage: E msg.what=151572
D/WifiStateMachine( 1025): processMsg: ConnectedState
D/WifiStateMachine( 1025): processMsg: L2ConnectedState
D/WifiStateMachine( 1025): handleMessage: X
D/WifiStateMachine( 1025): handleMessage: E msg.what=151572
D/WifiStateMachine( 1025): processMsg: ConnectedState
D/WifiStateMachine( 1025): processMsg: L2ConnectedState
D/WifiStateMachine( 1025): handleMessage: X
D/WifiStateMachine( 1025): handleMessage: E msg.what=131155
D/WifiStateMachine( 1025): processMsg: ConnectedState
D/WifiStateMachine( 1025): processMsg: L2ConnectedState
D/WifiStateMachine( 1025): handleMessage: X
D/WifiStateMachine( 1025): handleMessage: E msg.what=151572
D/WifiStateMachine( 1025): processMsg: ConnectedState
D/WifiStateMachine( 1025): processMsg: L2ConnectedState
D/WifiStateMachine( 1025): handleMessage: X
D/WifiStateMachine( 1025): handleMessage: E msg.what=151572
D/WifiStateMachine( 1025): processMsg: ConnectedState
D/WifiStateMachine( 1025): processMsg: L2ConnectedState
D/WifiStateMachine( 1025): handleMessage: X
D/Ulp_jni ( 1025): Location CB invoked
D/WifiStateMachine( 1025): handleMessage: E msg.what=151572
D/WifiStateMachine( 1025): processMsg: ConnectedState
D/WifiStateMachine( 1025): processMsg: L2ConnectedState
D/WifiStateMachine( 1025): handleMessage: X
D/WifiStateMachine( 1025): handleMessage: E msg.what=131155
D/WifiStateMachine( 1025): processMsg: ConnectedState
D/WifiStateMachine( 1025): processMsg: L2ConnectedState
D/WifiStateMachine( 1025): handleMessage: X
D/WifiStateMachine( 1025): handleMessage: E msg.what=151572
D/WifiStateMachine( 1025): processMsg: ConnectedState
D/WifiStateMachine( 1025): processMsg: L2ConnectedState
D/WifiStateMachine( 1025): handleMessage: X
D/WifiStateMachine( 1025): handleMessage: E msg.what=151572
D/WifiStateMachine( 1025): processMsg: ConnectedState
D/WifiStateMachine( 1025): processMsg: L2ConnectedState
D/WifiStateMachine( 1025): handleMessage: X
D/WifiStateMachine( 1025): handleMessage: E msg.what=151572
D/WifiStateMachine( 1025): processMsg: ConnectedState
D/WifiStateMachine( 1025): processMsg: L2ConnectedState
D/WifiStateMachine( 1025): handleMessage: X
D/WifiStateMachine( 1025): handleMessage: E msg.what=131155
D/WifiStateMachine( 1025): processMsg: ConnectedState
D/WifiStateMachine( 1025): processMsg: L2ConnectedState
D/WifiStateMachine( 1025): handleMessage: X
D/WifiStateMachine( 1025): handleMessage: E msg.what=151572
D/WifiStateMachine( 1025): processMsg: ConnectedState
D/WifiStateMachine( 1025): processMsg: L2ConnectedState
D/WifiStateMachine( 1025): handleMessage: X
D/WifiStateMachine( 1025): handleMessage: E msg.what=151572
D/WifiStateMachine( 1025): processMsg: ConnectedState
D/WifiStateMachine( 1025): processMsg: L2ConnectedState
D/WifiStateMachine( 1025): handleMessage: X
D/WifiStateMachine( 1025): handleMessage: E msg.what=151572
D/WifiStateMachine( 1025): processMsg: ConnectedState
D/WifiStateMachine( 1025): processMsg: L2ConnectedState
D/WifiStateMachine( 1025): handleMessage: X
I/SBar.NetworkController( 1119): onSignalStrengthsChanged SignalStrength: 6 0 -120 -160 -120 -1 -1 99 2147483647 2147483647 2147483647 2147483647 2147483647 gsm|lte 0 -108 -1 false 2 2 0 0 0 99 99 99 4 level=2
D/WifiStateMachine( 1025): handleMessage: E msg.what=131155
D/WifiStateMachine( 1025): processMsg: ConnectedState
D/WifiStateMachine( 1025): processMsg: L2ConnectedState
D/WifiStateMachine( 1025): handleMessage: X
D/WifiStateMachine( 1025): handleMessage: E msg.what=151572
D/WifiStateMachine( 1025): processMsg: ConnectedState
D/WifiStateMachine( 1025): processMsg: L2ConnectedState
D/WifiStateMachine( 1025): handleMessage: X
D/WifiStateMachine( 1025): handleMessage: E msg.what=151572
D/WifiStateMachine( 1025): processMsg: ConnectedState
D/WifiStateMachine( 1025): processMsg: L2ConnectedState
D/WifiStateMachine( 1025): handleMessage: X
I/SBar.NetworkController( 1119): onSignalStrengthsChanged SignalStrength: 4 0 -120 -160 -120 -1 -1 99 2147483647 2147483647 2147483647 2147483647 2147483647 gsm|lte 0 -108 -1 false 1 1 0 0 0 99 99 99 4 level=1
D/WifiStateMachine( 1025): handleMessage: E msg.what=151572
D/WifiStateMachine( 1025): processMsg: ConnectedState
D/WifiStateMachine( 1025): processMsg: L2ConnectedState
D/WifiStateMachine( 1025): handleMessage: X
D/WifiStateMachine( 1025): handleMessage: E msg.what=131155
D/WifiStateMachine( 1025): processMsg: ConnectedState
D/WifiStateMachine( 1025): processMsg: L2ConnectedState
D/WifiStateMachine( 1025): handleMessage: X
D/Ulp_jni ( 1025): Location CB invoked
D/WifiStateMachine( 1025): handleMessage: E msg.what=151572
D/WifiStateMachine( 1025): processMsg: ConnectedState
D/WifiStateMachine( 1025): processMsg: L2ConnectedState
D/WifiStateMachine( 1025): handleMessage: X
D/WifiStateMachine( 1025): handleMessage: E msg.what=151572
D/WifiStateMachine( 1025): processMsg: ConnectedState
D/WifiStateMachine( 1025): processMsg: L2ConnectedState
D/WifiStateMachine( 1025): handleMessage: X
I/SFPerfTracer(  274):      triggers: (rate: 867:355537) (256150 sw vsyncs) (819317 skipped) (0:2554680 vsyncs) (1:3200120)
D/WifiStateMachine( 1025): handleMessage: E msg.what=151572
D/WifiStateMachine( 1025): processMsg: ConnectedState
D/WifiStateMachine( 1025): processMsg: L2ConnectedState
D/WifiStateMachine( 1025): handleMessage: X
D/WifiStateMachine( 1025): handleMessage: E msg.what=131155
D/WifiStateMachine( 1025): processMsg: ConnectedState
D/WifiStateMachine( 1025): processMsg: L2ConnectedState
D/WifiStateMachine( 1025): handleMessage: X
D/WifiStateMachine( 1025): handleMessage: E msg.what=151572
D/WifiStateMachine( 1025): processMsg: ConnectedState
D/WifiStateMachine( 1025): processMsg: L2ConnectedState
D/WifiStateMachine( 1025): handleMessage: X
I/SBar.NetworkController( 1119): onSignalStrengthsChanged SignalStrength: 8 0 -120 -160 -120 -1 -1 99 2147483647 2147483647 2147483647 2147483647 2147483647 gsm|lte 0 -108 -1 false 3 3 0 0 0 99 99 99 4 level=3
D/WifiStateMachine( 1025): handleMessage: E msg.what=151572
D/WifiStateMachine( 1025): processMsg: ConnectedState
D/WifiStateMachine( 1025): processMsg: L2ConnectedState
D/WifiStateMachine( 1025): handleMessage: X
D/WifiStateMachine( 1025): handleMessage: E msg.what=151572
D/WifiStateMachine( 1025): processMsg: ConnectedState
D/WifiStateMachine( 1025): processMsg: L2ConnectedState
D/WifiStateMachine( 1025): handleMessage: X
D/WifiStateMachine( 1025): handleMessage: E msg.what=131155
D/WifiStateMachine( 1025): processMsg: ConnectedState
D/WifiStateMachine( 1025): processMsg: L2ConnectedState
D/WifiStateMachine( 1025): handleMessage: X
D/WifiStateMachine( 1025): handleMessage: E msg.what=151572
D/WifiStateMachine( 1025): processMsg: ConnectedState
D/WifiStateMachine( 1025): processMsg: L2ConnectedState
D/WifiStateMachine( 1025): handleMessage: X
D/WifiStateMachine( 1025): handleMessage: E msg.what=151572
D/WifiStateMachine( 1025): processMsg: ConnectedState
D/WifiStateMachine( 1025): processMsg: L2ConnectedState
D/WifiStateMachine( 1025): handleMessage: X
D/WifiStateMachine( 1025): handleMessage: E msg.what=151572
D/WifiStateMachine( 1025): processMsg: ConnectedState
D/WifiStateMachine( 1025): processMsg: L2ConnectedState
D/WifiStateMachine( 1025): handleMessage: X
V/AlarmManager( 1025): sending alarm Alarm{42ca1150 type 3 com.devexpert.weather}
I/ActivityManager( 1025): Start proc com.devexpert.weather for broadcast com.devexpert.weather/.view.WidgetWeather2x1: pid=11088 uid=10112 gids={50112, 3003, 1028, 1015}
D/dalvikvm(  275): GC_EXPLICIT freed 41K, 48% free 9011K/17224K, paused 2ms+11ms, total 39ms
D/dalvikvm(  275): GC_EXPLICIT freed <1K, 48% free 9011K/17224K, paused 1ms+2ms, total 17ms
D/dalvikvm(  275): GC_EXPLICIT freed <1K, 48% free 9011K/17224K, paused 2ms+3ms, total 17ms
D/WifiStateMachine( 1025): handleMessage: E msg.what=131155
D/WifiStateMachine( 1025): processMsg: ConnectedState
D/WifiStateMachine( 1025): processMsg: L2ConnectedState
D/WifiStateMachine( 1025): handleMessage: X
D/WifiStateMachine( 1025): handleMessage: E msg.what=151572
D/WifiStateMachine( 1025): processMsg: ConnectedState
D/WifiStateMachine( 1025): processMsg: L2ConnectedState
D/WifiStateMachine( 1025): handleMessage: X
D/Ulp_jni ( 1025): Location CB invoked
D/WifiStateMachine( 1025): handleMessage: E msg.what=151572
D/WifiStateMachine( 1025): processMsg: ConnectedState
D/WifiStateMachine( 1025): processMsg: L2ConnectedState
D/WifiStateMachine( 1025): handleMessage: X
D/WifiStateMachine( 1025): handleMessage: E msg.what=151572
D/WifiStateMachine( 1025): processMsg: ConnectedState
D/WifiStateMachine( 1025): processMsg: L2ConnectedState
D/WifiStateMachine( 1025): handleMessage: X
D/WifiStateMachine( 1025): handleMessage: E msg.what=131155
D/WifiStateMachine( 1025): processMsg: ConnectedState
D/WifiStateMachine( 1025): processMsg: L2ConnectedState
D/WifiStateMachine( 1025): handleMessage: X
D/WifiStateMachine( 1025): handleMessage: E msg.what=151572
D/WifiStateMachine( 1025): processMsg: ConnectedState
D/WifiStateMachine( 1025): processMsg: L2ConnectedState
D/WifiStateMachine( 1025): handleMessage: X
D/dalvikvm( 1295): GC_CONCURRENT freed 1906K, 46% free 9403K/17224K, paused 2ms+2ms, total 20ms
D/WifiStateMachine( 1025): handleMessage: E msg.what=151572
D/WifiStateMachine( 1025): processMsg: ConnectedState
D/WifiStateMachine( 1025): processMsg: L2ConnectedState
D/WifiStateMachine( 1025): handleMessage: X
W/ContextImpl( 1295): Calling a method in the system process without a qualified user: android.app.ContextImpl.sendBroadcast:1252 android.content.ContextWrapper.sendBroadcast:365 com.motorola.motocare.util.TriggerHelper$TriggerBuilder.send:76 com.motorola.motocare.internal.frameworkevents.ProcessKillTrigger.sendTrigger:147 com.motorola.motocare.internal.frameworkevents.ProcessKillTrigger.handleLmkKill:337 
W/ContextImpl( 1295): Calling a method in the system process without a qualified user: android.app.ContextImpl.sendBroadcast:1252 android.content.ContextWrapper.sendBroadcast:365 com.motorola.motocare.util.TriggerHelper$TriggerBuilder.send:76 com.motorola.motocare.internal.frameworkevents.ProcessKillTrigger.sendTrigger:147 com.motorola.motocare.internal.frameworkevents.ProcessKillTrigger.handleLmkKill:337 
D/dalvikvm( 1295): GC_EXPLICIT freed 469K, 46% free 9378K/17224K, paused 2ms+3ms, total 21ms
D/WifiStateMachine( 1025): handleMessage: E msg.what=151572
D/WifiStateMachine( 1025): processMsg: ConnectedState
D/WifiStateMachine( 1025): processMsg: L2ConnectedState
D/WifiStateMachine( 1025): handleMessage: X
D/WifiStateMachine( 1025): handleMessage: E msg.what=131155
D/WifiStateMachine( 1025): processMsg: ConnectedState
D/WifiStateMachine( 1025): processMsg: L2ConnectedState
D/WifiStateMachine( 1025): handleMessage: X
D/WifiStateMachine( 1025): handleMessage: E msg.what=151572
D/WifiStateMachine( 1025): processMsg: ConnectedState
D/WifiStateMachine( 1025): processMsg: L2ConnectedState
D/WifiStateMachine( 1025): handleMessage: X
D/WifiStateMachine( 1025): handleMessage: E msg.what=151572
D/WifiStateMachine( 1025): processMsg: ConnectedState
D/WifiStateMachine( 1025): processMsg: L2ConnectedState
D/WifiStateMachine( 1025): handleMessage: X
D/WifiStateMachine( 1025): handleMessage: E msg.what=151572
D/WifiStateMachine( 1025): processMsg: ConnectedState
D/WifiStateMachine( 1025): processMsg: L2ConnectedState
D/WifiStateMachine( 1025): handleMessage: X
D/WifiStateMachine( 1025): handleMessage: E msg.what=131155
D/WifiStateMachine( 1025): processMsg: ConnectedState
D/WifiStateMachine( 1025): processMsg: L2ConnectedState
D/WifiStateMachine( 1025): handleMessage: X
D/WifiStateMachine( 1025): handleMessage: E msg.what=151572
D/WifiStateMachine( 1025): processMsg: ConnectedState
D/WifiStateMachine( 1025): processMsg: L2ConnectedState
D/WifiStateMachine( 1025): handleMessage: X
D/WifiStateMachine( 1025): handleMessage: E msg.what=151572
D/WifiStateMachine( 1025): processMsg: ConnectedState
D/WifiStateMachine( 1025): processMsg: L2ConnectedState
D/WifiStateMachine( 1025): handleMessage: X
D/Ulp_jni ( 1025): Location CB invoked
D/WifiStateMachine( 1025): handleMessage: E msg.what=151572
D/WifiStateMachine( 1025): processMsg: ConnectedState
D/WifiStateMachine( 1025): processMsg: L2ConnectedState
D/WifiStateMachine( 1025): handleMessage: X
D/WifiStateMachine( 1025): handleMessage: E msg.what=131155
D/WifiStateMachine( 1025): processMsg: ConnectedState
D/WifiStateMachine( 1025): processMsg: L2ConnectedState
D/WifiStateMachine( 1025): handleMessage: X
D/WifiStateMachine( 1025): handleMessage: E msg.what=151572
D/WifiStateMachine( 1025): processMsg: ConnectedState
D/WifiStateMachine( 1025): processMsg: L2ConnectedState
D/WifiStateMachine( 1025): handleMessage: X
D/WifiStateMachine( 1025): handleMessage: E msg.what=151572
D/WifiStateMachine( 1025): processMsg: ConnectedState
D/WifiStateMachine( 1025): processMsg: L2ConnectedState
D/WifiStateMachine( 1025): handleMessage: X
D/WifiStateMachine( 1025): handleMessage: E msg.what=151572
D/WifiStateMachine( 1025): processMsg: ConnectedState
D/WifiStateMachine( 1025): processMsg: L2ConnectedState
D/WifiStateMachine( 1025): handleMessage: X
D/WifiStateMachine( 1025): handleMessage: E msg.what=131155
D/WifiStateMachine( 1025): processMsg: ConnectedState
D/WifiStateMachine( 1025): processMsg: L2ConnectedState
D/WifiStateMachine( 1025): handleMessage: X
D/WifiStateMachine( 1025): handleMessage: E msg.what=151572
D/WifiStateMachine( 1025): processMsg: ConnectedState
D/WifiStateMachine( 1025): processMsg: L2ConnectedState
D/WifiStateMachine( 1025): handleMessage: X
D/WifiStateMachine( 1025): handleMessage: E msg.what=151572
D/WifiStateMachine( 1025): processMsg: ConnectedState
D/WifiStateMachine( 1025): processMsg: L2ConnectedState
D/WifiStateMachine( 1025): handleMessage: X
D/WifiStateMachine( 1025): handleMessage: E msg.what=151572
D/WifiStateMachine( 1025): processMsg: ConnectedState
D/WifiStateMachine( 1025): processMsg: L2ConnectedState
D/WifiStateMachine( 1025): handleMessage: X
D/WifiStateMachine( 1025): handleMessage: E msg.what=131155
D/WifiStateMachine( 1025): processMsg: ConnectedState
D/WifiStateMachine( 1025): processMsg: L2ConnectedState
D/WifiStateMachine( 1025): handleMessage: X
D/WifiStateMachine( 1025): handleMessage: E msg.what=151572
D/WifiStateMachine( 1025): processMsg: ConnectedState
D/WifiStateMachine( 1025): processMsg: L2ConnectedState
D/WifiStateMachine( 1025): handleMessage: X
D/WifiStateMachine( 1025): handleMessage: E msg.what=151572
D/WifiStateMachine( 1025): processMsg: ConnectedState
D/WifiStateMachine( 1025): processMsg: L2ConnectedState
D/WifiStateMachine( 1025): handleMessage: X
D/WifiStateMachine( 1025): handleMessage: E msg.what=151572
D/WifiStateMachine( 1025): processMsg: ConnectedState
D/WifiStateMachine( 1025): processMsg: L2ConnectedState
D/WifiStateMachine( 1025): handleMessage: X
D/Ulp_jni ( 1025): Location CB invoked
D/WifiStateMachine( 1025): handleMessage: E msg.what=131155
D/WifiStateMachine( 1025): processMsg: ConnectedState
D/WifiStateMachine( 1025): processMsg: L2ConnectedState
D/WifiStateMachine( 1025): handleMessage: X
D/WifiStateMachine( 1025): handleMessage: E msg.what=151572
D/WifiStateMachine( 1025): processMsg: ConnectedState
D/WifiStateMachine( 1025): processMsg: L2ConnectedState
D/WifiStateMachine( 1025): handleMessage: X
D/WifiStateMachine( 1025): handleMessage: E msg.what=151572
D/WifiStateMachine( 1025): processMsg: ConnectedState
D/WifiStateMachine( 1025): processMsg: L2ConnectedState
D/WifiStateMachine( 1025): handleMessage: X
D/WifiStateMachine( 1025): handleMessage: E msg.what=151572
D/WifiStateMachine( 1025): processMsg: ConnectedState
D/WifiStateMachine( 1025): processMsg: L2ConnectedState
D/WifiStateMachine( 1025): handleMessage: X
D/WifiStateMachine( 1025): handleMessage: E msg.what=131155
D/WifiStateMachine( 1025): processMsg: ConnectedState
D/WifiStateMachine( 1025): processMsg: L2ConnectedState
D/WifiStateMachine( 1025): handleMessage: X
I/SBar.NetworkController( 1119): refreshSignalCluster: wifi: mWifiConnected=true Wifi=zz_moto_stat_sys_wifi_signal_4_fully_wide Activity=zz_moto_stat_sys_wifi_inout_wide in=false out=false Accessibility="Wi-Fi signal full."
I/SBar.NetworkController( 1119): refreshSignalCluster: mobile: mHasMobileDataFeature=true DataTypeShown=(none) Activity=(none) in=false out=false Accessibility="3G"
I/SFPerfTracer(  274):      triggers: (rate: 867:355537) (256150 sw vsyncs) (819317 skipped) (17:2554766 vsyncs) (19:3200223)
D/WifiStateMachine( 1025): handleMessage: E msg.what=151572
D/WifiStateMachine( 1025): processMsg: ConnectedState
D/WifiStateMachine( 1025): processMsg: L2ConnectedState
D/WifiStateMachine( 1025): handleMessage: X
D/WifiStateMachine( 1025): handleMessage: E msg.what=151572
D/WifiStateMachine( 1025): processMsg: ConnectedState
D/WifiStateMachine( 1025): processMsg: L2ConnectedState
D/WifiStateMachine( 1025): handleMessage: X
D/WifiStateMachine( 1025): handleMessage: E msg.what=151572
D/WifiStateMachine( 1025): processMsg: ConnectedState
D/WifiStateMachine( 1025): processMsg: L2ConnectedState
D/WifiStateMachine( 1025): handleMessage: X
D/WifiStateMachine( 1025): handleMessage: E msg.what=131155
D/WifiStateMachine( 1025): processMsg: ConnectedState
D/WifiStateMachine( 1025): processMsg: L2ConnectedState
D/WifiStateMachine( 1025): handleMessage: X
D/WifiStateMachine( 1025): handleMessage: E msg.what=151572
D/WifiStateMachine( 1025): processMsg: ConnectedState
D/WifiStateMachine( 1025): processMsg: L2ConnectedState
D/WifiStateMachine( 1025): handleMessage: X
I/SBar.NetworkController( 1119): onSignalStrengthsChanged SignalStrength: 4 0 -120 -160 -120 -1 -1 99 2147483647 2147483647 2147483647 2147483647 2147483647 gsm|lte 0 -108 -1 false 1 1 0 0 0 99 99 99 4 level=1
D/WifiStateMachine( 1025): handleMessage: E msg.what=151572
D/WifiStateMachine( 1025): processMsg: ConnectedState
D/WifiStateMachine( 1025): processMsg: L2ConnectedState
D/WifiStateMachine( 1025): handleMessage: X
D/WifiStateMachine( 1025): handleMessage: E msg.what=151572
D/WifiStateMachine( 1025): processMsg: ConnectedState
D/WifiStateMachine( 1025): processMsg: L2ConnectedState
D/WifiStateMachine( 1025): handleMessage: X
D/WifiStateMachine( 1025): handleMessage: E msg.what=131155
D/WifiStateMachine( 1025): processMsg: ConnectedState
D/WifiStateMachine( 1025): processMsg: L2ConnectedState
D/WifiStateMachine( 1025): handleMessage: X
D/WifiStateMachine( 1025): handleMessage: E msg.what=151572
D/WifiStateMachine( 1025): processMsg: ConnectedState
D/WifiStateMachine( 1025): processMsg: L2ConnectedState
D/WifiStateMachine( 1025): handleMessage: X
D/Ulp_jni ( 1025): Location CB invoked
D/WifiStateMachine( 1025): handleMessage: E msg.what=151572
D/WifiStateMachine( 1025): processMsg: ConnectedState
D/WifiStateMachine( 1025): processMsg: L2ConnectedState
D/WifiStateMachine( 1025): handleMessage: X
V/AlarmManager( 1025): sending alarm Alarm{4339a748 type 3 android}
D/WifiStateMachine( 1025): handleMessage: E msg.what=151572
D/WifiStateMachine( 1025): processMsg: ConnectedState
D/WifiStateMachine( 1025): processMsg: L2ConnectedState
D/WifiStateMachine( 1025): handleMessage: X
D/WifiStateMachine( 1025): handleMessage: E msg.what=131155
D/WifiStateMachine( 1025): processMsg: ConnectedState
D/WifiStateMachine( 1025): processMsg: L2ConnectedState
D/WifiStateMachine( 1025): handleMessage: X
D/WifiStateMachine( 1025): handleMessage: E msg.what=151572
D/WifiStateMachine( 1025): processMsg: ConnectedState
D/WifiStateMachine( 1025): processMsg: L2ConnectedState
D/WifiStateMachine( 1025): handleMessage: X
D/WifiStateMachine( 1025): handleMessage: E msg.what=151572
D/WifiStateMachine( 1025): processMsg: ConnectedState
D/WifiStateMachine( 1025): processMsg: L2ConnectedState
D/WifiStateMachine( 1025): handleMessage: X
D/WifiStateMachine( 1025): handleMessage: E msg.what=151572
D/WifiStateMachine( 1025): processMsg: ConnectedState
D/WifiStateMachine( 1025): processMsg: L2ConnectedState
D/WifiStateMachine( 1025): handleMessage: X
D/WifiStateMachine( 1025): handleMessage: E msg.what=131155
D/WifiStateMachine( 1025): processMsg: ConnectedState
D/WifiStateMachine( 1025): processMsg: L2ConnectedState
D/WifiStateMachine( 1025): handleMessage: X
D/WifiStateMachine( 1025): handleMessage: E msg.what=151572
D/WifiStateMachine( 1025): processMsg: ConnectedState
D/WifiStateMachine( 1025): processMsg: L2ConnectedState
D/WifiStateMachine( 1025): handleMessage: X
I/SBar.NetworkController( 1119): refreshSignalCluster: mobile: Signal=zz_moto_stat_sys_signal_2_fully_wide Roaming=(none) mSimIconId=(none) Accessibility="Phone two bars.","Not roaming.",""
D/WifiStateMachine( 1025): handleMessage: E msg.what=151572
D/WifiStateMachine( 1025): processMsg: ConnectedState
D/WifiStateMachine( 1025): processMsg: L2ConnectedState
D/WifiStateMachine( 1025): handleMessage: X
I/MDMCTBK (  273): NetlinkHandler, power_supply subsys
I/MDMCTBK (  273): NetlinkHandler, usbChargerStateChanged
I/MDMCTBK (  273): checkDefaultInst, current pid is = 273
I/MDMCTBK (  273): checkDefaultInst, pid match
I/MDMCTBK (  273): MdmCutbackHndler,readFromFile = /sys/class/power_supply/usb/online
I/MDMCTBK (  273): MdmCutbackHndler,readFromFile = 
E/MDMCTBK (  273): MdmCutbackHndler,Could not open ''
I/MDMCTBK (  273): NetlinkHandler, power_supply subsys
I/MDMCTBK (  273): NetlinkHandler, usbChargerStateChanged
I/MDMCTBK (  273): checkDefaultInst, current pid is = 273
I/MDMCTBK (  273): checkDefaultInst, pid match
I/MDMCTBK (  273): MdmCutbackHndler,readFromFile = /sys/class/power_supply/usb/online
I/MDMCTBK (  273): MdmCutbackHndler,readFromFile = 
E/MDMCTBK (  273): MdmCutbackHndler,Could not open ''
I/MDMCTBK (  273): NetlinkHandler, power_supply subsys
I/MDMCTBK (  273): NetlinkHandler, usbChargerStateChanged
I/MDMCTBK (  273): checkDefaultInst, current pid is = 273
I/MDMCTBK (  273): checkDefaultInst, pid match
I/MDMCTBK (  273): MdmCutbackHndler,readFromFile = /sys/class/power_supply/usb/online
I/MDMCTBK (  273): MdmCutbackHndler,readFromFile = 
E/MDMCTBK (  273): MdmCutbackHndler,Could not open ''
I/MDMCTBK (  273): NetlinkHandler, power_supply subsys
I/MDMCTBK (  273): NetlinkHandler, usbChargerStateChanged
I/MDMCTBK (  273): checkDefaultInst, current pid is = 273
I/MDMCTBK (  273): checkDefaultInst, pid match
I/MDMCTBK (  273): MdmCutbackHndler,readFromFile = /sys/class/power_supply/usb/online
I/MDMCTBK (  273): MdmCutbackHndler,readFromFile = 
E/MDMCTBK (  273): MdmCutbackHndler,Could not open ''
D/WifiStateMachine( 1025): handleMessage: E msg.what=151572
D/WifiStateMachine( 1025): processMsg: ConnectedState
D/WifiStateMachine( 1025): processMsg: L2ConnectedState
D/WifiStateMachine( 1025): handleMessage: X
I/SBar.NetworkController( 1119): onSignalStrengthsChanged SignalStrength: 8 0 -120 -160 -120 -1 -1 99 2147483647 2147483647 2147483647 2147483647 2147483647 gsm|lte 0 -108 -1 false 3 3 0 0 0 99 99 99 4 level=3
I/SBar.NetworkController( 1119): refreshSignalCluster: mobile: Signal=zz_moto_stat_sys_signal_3_fully_wide Roaming=(none) mSimIconId=(none) Accessibility="Phone three bars.","Not roaming.",""
D/WifiStateMachine( 1025): handleMessage: E msg.what=131155
D/WifiStateMachine( 1025): processMsg: ConnectedState
D/WifiStateMachine( 1025): processMsg: L2ConnectedState
D/WifiStateMachine( 1025): handleMessage: X
D/WifiStateMachine( 1025): handleMessage: E msg.what=151572
D/WifiStateMachine( 1025): processMsg: ConnectedState
D/WifiStateMachine( 1025): processMsg: L2ConnectedState
D/WifiStateMachine( 1025): handleMessage: X
D/WifiStateMachine( 1025): handleMessage: E msg.what=151572
D/WifiStateMachine( 1025): processMsg: ConnectedState
D/WifiStateMachine( 1025): processMsg: L2ConnectedState
D/WifiStateMachine( 1025): handleMessage: X
D/Ulp_jni ( 1025): Location CB invoked
I/SFPerfTracer(  274):      triggers: (rate: 989:39997) (compose: 0:178) (post: 0:18) (render: 58:9286) (0:588796 frames) (1:2659948)
D/SFPerfTracer(  274):        layers: (3:9) (DimLayer: 0:158)* (DimLayer: 0:60)* (FocusedStackFrame: 0:15348)* (StatusBar: 1:191257) (NavigationBar: 0:143901) (DimLayer: 0:19166)* (DimLayer: 0:2877)* (com.android.wallpaper.fall.FallWallpaper: 0:911)* (co.giftmeapp.gift_me/co.giftmeapp.gift_me.GiftMe: 0:176) 
D/WifiStateMachine( 1025): handleMessage: E msg.what=151572
D/WifiStateMachine( 1025): processMsg: ConnectedState
D/WifiStateMachine( 1025): processMsg: L2ConnectedState
D/WifiStateMachine( 1025): handleMessage: X
D/WifiStateMachine( 1025): handleMessage: E msg.what=131155
D/WifiStateMachine( 1025): processMsg: ConnectedState
D/WifiStateMachine( 1025): processMsg: L2ConnectedState
D/WifiStateMachine( 1025): handleMessage: X
D/WifiStateMachine( 1025): handleMessage: E msg.what=151572
D/WifiStateMachine( 1025): processMsg: ConnectedState
D/WifiStateMachine( 1025): processMsg: L2ConnectedState
D/WifiStateMachine( 1025): handleMessage: X
D/WifiStateMachine( 1025): handleMessage: E msg.what=151572
D/WifiStateMachine( 1025): processMsg: ConnectedState
D/WifiStateMachine( 1025): processMsg: L2ConnectedState
D/WifiStateMachine( 1025): handleMessage: X
D/WifiStateMachine( 1025): handleMessage: E msg.what=151572
D/WifiStateMachine( 1025): processMsg: ConnectedState
D/WifiStateMachine( 1025): processMsg: L2ConnectedState
D/WifiStateMachine( 1025): handleMessage: X
D/WifiStateMachine( 1025): handleMessage: E msg.what=131155
D/WifiStateMachine( 1025): processMsg: ConnectedState
D/WifiStateMachine( 1025): processMsg: L2ConnectedState
D/WifiStateMachine( 1025): handleMessage: X
D/WifiStateMachine( 1025): handleMessage: E msg.what=151572
D/WifiStateMachine( 1025): processMsg: ConnectedState
D/WifiStateMachine( 1025): processMsg: L2ConnectedState
D/WifiStateMachine( 1025): handleMessage: X
D/WifiStateMachine( 1025): handleMessage: E msg.what=151572
D/WifiStateMachine( 1025): processMsg: ConnectedState
D/WifiStateMachine( 1025): processMsg: L2ConnectedState
D/WifiStateMachine( 1025): handleMessage: X
D/WifiStateMachine( 1025): handleMessage: E msg.what=151572
D/WifiStateMachine( 1025): processMsg: ConnectedState
D/WifiStateMachine( 1025): processMsg: L2ConnectedState
D/WifiStateMachine( 1025): handleMessage: X
D/MDMCTBK (  273): reply_len: 40 reply is = IFNAME=wlan0 <3>CTRL-EVENT-STATE-CHANGE 
D/MDMCTBK (  273): Event received = CTRL-EVENT-STATE-CHANGE 
D/WifiStateMachine( 1025): handleMessage: E msg.what=147462
D/WifiStateMachine( 1025): processMsg: ConnectedState
D/WifiStateMachine( 1025): processMsg: L2ConnectedState
D/WifiStateMachine( 1025): processMsg: ConnectModeState
D/WifiStateMachine( 1025): handleMessage: X
I/wpa_supplicant( 1113): wlan0: WPA: Group rekeying completed with 70:54:d2:ae:26:93 [GTK=TKIP]
D/MDMCTBK (  273): reply_len: 40 reply is = IFNAME=wlan0 <3>WPA: Group rekeying comp
D/MDMCTBK (  273): Event received = WPA: Group rekeying comp
D/MDMCTBK (  273): reply_len: 40 reply is = IFNAME=wlan0 <3>CTRL-EVENT-STATE-CHANGE 
D/MDMCTBK (  273): Event received = CTRL-EVENT-STATE-CHANGE 
D/WifiStateMachine( 1025): handleMessage: E msg.what=147462
D/WifiStateMachine( 1025): processMsg: ConnectedState
D/WifiStateMachine( 1025): processMsg: L2ConnectedState
D/WifiStateMachine( 1025): processMsg: ConnectModeState
D/WifiStateMachine( 1025): handleMessage: X
D/WifiStateMachine( 1025): handleMessage: E msg.what=131155
D/WifiStateMachine( 1025): processMsg: ConnectedState
D/WifiStateMachine( 1025): processMsg: L2ConnectedState
D/WifiStateMachine( 1025): handleMessage: X
D/WifiStateMachine( 1025): handleMessage: E msg.what=151572
D/WifiStateMachine( 1025): processMsg: ConnectedState
D/WifiStateMachine( 1025): processMsg: L2ConnectedState
D/WifiStateMachine( 1025): handleMessage: X
D/WifiStateMachine( 1025): handleMessage: E msg.what=151572
D/WifiStateMachine( 1025): processMsg: ConnectedState
D/WifiStateMachine( 1025): processMsg: L2ConnectedState
D/WifiStateMachine( 1025): handleMessage: X
D/WifiStateMachine( 1025): handleMessage: E msg.what=151572
D/WifiStateMachine( 1025): processMsg: ConnectedState
D/WifiStateMachine( 1025): processMsg: L2ConnectedState
D/WifiStateMachine( 1025): handleMessage: X
D/Ulp_jni ( 1025): Location CB invoked
D/WifiStateMachine( 1025): handleMessage: E msg.what=131155
D/WifiStateMachine( 1025): processMsg: ConnectedState
D/WifiStateMachine( 1025): processMsg: L2ConnectedState
D/WifiStateMachine( 1025): handleMessage: X
D/WifiStateMachine( 1025): handleMessage: E msg.what=151572
D/WifiStateMachine( 1025): processMsg: ConnectedState
D/WifiStateMachine( 1025): processMsg: L2ConnectedState
D/WifiStateMachine( 1025): handleMessage: X
D/WifiStateMachine( 1025): handleMessage: E msg.what=151572
D/WifiStateMachine( 1025): processMsg: ConnectedState
D/WifiStateMachine( 1025): processMsg: L2ConnectedState
D/WifiStateMachine( 1025): handleMessage: X
D/WifiStateMachine( 1025): handleMessage: E msg.what=151572
D/WifiStateMachine( 1025): processMsg: ConnectedState
D/WifiStateMachine( 1025): processMsg: L2ConnectedState
D/WifiStateMachine( 1025): handleMessage: X
D/WifiStateMachine( 1025): handleMessage: E msg.what=131155
D/WifiStateMachine( 1025): processMsg: ConnectedState
D/WifiStateMachine( 1025): processMsg: L2ConnectedState
D/WifiStateMachine( 1025): handleMessage: X
D/WifiStateMachine( 1025): handleMessage: E msg.what=151572
D/WifiStateMachine( 1025): processMsg: ConnectedState
D/WifiStateMachine( 1025): processMsg: L2ConnectedState
D/WifiStateMachine( 1025): handleMessage: X
D/WifiStateMachine( 1025): handleMessage: E msg.what=151572
D/WifiStateMachine( 1025): processMsg: ConnectedState
D/WifiStateMachine( 1025): processMsg: L2ConnectedState
D/WifiStateMachine( 1025): handleMessage: X
D/WifiStateMachine( 1025): handleMessage: E msg.what=151572
D/WifiStateMachine( 1025): processMsg: ConnectedState
D/WifiStateMachine( 1025): processMsg: L2ConnectedState
D/WifiStateMachine( 1025): handleMessage: X
D/WifiStateMachine( 1025): handleMessage: E msg.what=131155
D/WifiStateMachine( 1025): processMsg: ConnectedState
D/WifiStateMachine( 1025): processMsg: L2ConnectedState
D/WifiStateMachine( 1025): handleMessage: X
D/WifiStateMachine( 1025): handleMessage: E msg.what=151572
D/WifiStateMachine( 1025): processMsg: ConnectedState
D/WifiStateMachine( 1025): processMsg: L2ConnectedState
D/WifiStateMachine( 1025): handleMessage: X
D/WifiStateMachine( 1025): handleMessage: E msg.what=151572
D/WifiStateMachine( 1025): processMsg: ConnectedState
D/WifiStateMachine( 1025): processMsg: L2ConnectedState
D/WifiStateMachine( 1025): handleMessage: X
D/WifiStateMachine( 1025): handleMessage: E msg.what=151572
D/WifiStateMachine( 1025): processMsg: ConnectedState
D/WifiStateMachine( 1025): processMsg: L2ConnectedState
D/WifiStateMachine( 1025): handleMessage: X
V/AlarmManager( 1025): sending alarm Alarm{421781b0 type 3 com.devexpert.weather}
