D/WifiStateMachine( 1025): processMsg: L2ConnectedState
D/WifiStateMachine( 1025): handleMessage: X
D/WifiStateMachine( 1025): handleMessage: E msg.what=151572
D/WifiStateMachine( 1025): processMsg: ConnectedState
D/WifiStateMachine( 1025): processMsg: L2ConnectedState
D/WifiStateMachine( 1025): handleMessage: X
W/PackageParser(14147): No actions in intent filter at /storage/emulated/0/Download/GiftMe-release.apk Binary XML file line #15
D/WifiStateMachine( 1025): handleMessage: E msg.what=131155
D/WifiStateMachine( 1025): processMsg: ConnectedState
D/WifiStateMachine( 1025): processMsg: L2ConnectedState
D/WifiStateMachine( 1025): handleMessage: X
D/dalvikvm(20316): GC_CONCURRENT freed 2064K, 29% free 12273K/17228K, paused 2ms+5ms, total 39ms
D/WifiStateMachine( 1025): handleMessage: E msg.what=151572
D/WifiStateMachine( 1025): processMsg: ConnectedState
D/WifiStateMachine( 1025): processMsg: L2ConnectedState
D/WifiStateMachine( 1025): handleMessage: X
I/SFPerfTracer(  274):      triggers: (rate: 1129:448965) (341936 sw vsyncs) (1052177 skipped) (16:3346199 vsyncs) (18:4196647)
I/ActivityManager( 1025): START u0 {act=android.intent.action.VIEW dat=file:///storage/emulated/0/Download/GiftMe-release.apk typ=application/vnd.android.package-archive flg=0x10000000 cmp=com.android.packageinstaller/.PackageInstallerActivity} from pid 14147
W/ActivityManager( 1025): Activity is launching as a new task, so cancelling activity result.
W/ContextImpl( 1295): Calling a method in the system process without a qualified user: android.app.ContextImpl.sendBroadcast:1252 android.content.ContextWrapper.sendBroadcast:365 com.motorola.motocare.util.TriggerHelper$TriggerBuilder.send:76 com.motorola.motocare.internal.frameworkevents.PauseResumeTrigger.handleFrameworkEvent:53 com.motorola.motocare.internal.frameworkevents.FwEventMonitor$FrameworkListener.processFrameworkEvent:114 
I/SFPerfTracer(  274):      triggers: (rate: 1258:50097) (compose: 0:251) (post: 0:21) (render: 88:10625) (3:788046 frames) (4:3322548)
D/SFPerfTracer(  274):        layers: (5:11) (DimLayer: 0:158)* (DimLayer: 0:134)* (FocusedStackFrame: 0:22045)* (StatusBar: 0:266603) (NavigationBar: 0:204579) (DimLayer: 2:25398) (DimLayer: 0:4831)* (com.android.wallpaper.fall.FallWallpaper: 0:11699)* (com.ghisler.android.TotalCommander/com.ghisler.android.TotalCommander.TotalCommander: 0:84) (GiftMe-release.apk: 2:21) (Starting com.android.packageinstaller: 3:3)* 
I/ActivityManager( 1025): Start proc com.android.packageinstaller for activity com.android.packageinstaller/.PackageInstallerActivity: pid=14218 uid=10085 gids={50085, 1028}
W/ContextImpl( 1295): Calling a method in the system process without a qualified user: android.app.ContextImpl.sendBroadcast:1252 android.content.ContextWrapper.sendBroadcast:365 com.motorola.motocare.util.TriggerHelper$TriggerBuilder.send:76 com.motorola.motocare.internal.frameworkevents.PauseResumeTrigger.handleFrameworkEvent:53 com.motorola.motocare.internal.frameworkevents.FwEventMonitor$FrameworkListener.processFrameworkEvent:114 
W/PackageParser(14218): No actions in intent filter at /storage/emulated/0/Download/GiftMe-release.apk Binary XML file line #15
E/cutils  (  261): Failed to mkdirat(/storage/sdcard1/Android): Read-only file system
W/Vold    (  261): Returning OperationFailed - no handler for errno 30
W/ContextImpl(14147): Failed to ensure directory: /storage/sdcard1/Android/data/com.ghisler.android.TotalCommander/files
I/Adreno-EGL(14218): <qeglDrvAPI_eglInitialize:410>: EGL 1.4 QUALCOMM build: AU_LINUX_ANDROID_LNX.LA.3.5.1_RB1.04.04.02.048.018_msm8226_LNX.LA.3.5.1_RB1__release_AU ()
I/Adreno-EGL(14218): OpenGL ES Shader Compiler Version: E031.24.00.08
I/Adreno-EGL(14218): Build Date: 03/07/14 Fri
I/Adreno-EGL(14218): Local Branch: 
I/Adreno-EGL(14218): Remote Branch: quic/LNX.LA.3.5.1_RB1.1
I/Adreno-EGL(14218): Local Patches: NONE
I/Adreno-EGL(14218): Reconstruct Branch: AU_LINUX_ANDROID_LNX.LA.3.5.1_RB1.04.04.02.048.018 + f2fd134 +  NOTHING
D/OpenGLRenderer(14218): Enabling debug mode 0
V/RenderScript(14218): 0x6056c0b0 Launching thread(s), CPUs 4
D/WifiStateMachine( 1025): handleMessage: E msg.what=151572
D/WifiStateMachine( 1025): processMsg: ConnectedState
D/WifiStateMachine( 1025): processMsg: L2ConnectedState
I/LaunchCheckinHandler( 1025): Displayed com.android.packageinstaller/.PackageInstallerActivity,cp,ca,730
I/ActivityManager( 1025): Displayed com.android.packageinstaller/.PackageInstallerActivity: +730ms
D/WifiStateMachine( 1025): handleMessage: X
D/WifiStateMachine( 1025): handleMessage: E msg.what=151572
D/WifiStateMachine( 1025): processMsg: ConnectedState
D/WifiStateMachine( 1025): processMsg: L2ConnectedState
D/WifiStateMachine( 1025): handleMessage: X
D/WifiStateMachine( 1025): handleMessage: E msg.what=131155
D/WifiStateMachine( 1025): processMsg: ConnectedState
D/WifiStateMachine( 1025): processMsg: L2ConnectedState
D/WifiStateMachine( 1025): handleMessage: X
D/Ulp_jni ( 1025): Location CB invoked
D/WifiStateMachine( 1025): handleMessage: E msg.what=151572
D/WifiStateMachine( 1025): processMsg: ConnectedState
D/WifiStateMachine( 1025): processMsg: L2ConnectedState
D/WifiStateMachine( 1025): handleMessage: X
I/ActivityManager( 1025): START u0 {dat=file:///storage/emulated/0/Download/GiftMe-release.apk cmp=com.android.packageinstaller/.InstallAppProgress (has extras)} from pid 14218
W/ContextImpl( 1295): Calling a method in the system process without a qualified user: android.app.ContextImpl.sendBroadcast:1252 android.content.ContextWrapper.sendBroadcast:365 com.motorola.motocare.util.TriggerHelper$TriggerBuilder.send:76 com.motorola.motocare.internal.frameworkevents.PauseResumeTrigger.handleFrameworkEvent:53 com.motorola.motocare.internal.frameworkevents.FwEventMonitor$FrameworkListener.processFrameworkEvent:114 
W/ContextImpl( 1295): Calling a method in the system process without a qualified user: android.app.ContextImpl.sendBroadcast:1252 android.content.ContextWrapper.sendBroadcast:365 com.motorola.motocare.util.TriggerHelper$TriggerBuilder.send:76 com.motorola.motocare.internal.frameworkevents.PauseResumeTrigger.handleFrameworkEvent:53 com.motorola.motocare.internal.frameworkevents.FwEventMonitor$FrameworkListener.processFrameworkEvent:114 
W/InstallAppProgress(14218): Replacing package:co.giftmeapp.gift_me
I/ActivityManager( 1025): Start proc com.android.defcontainer for service com.android.defcontainer/.DefaultContainerService: pid=14255 uid=10013 gids={50013, 1028, 1015, 1023, 2001, 1035}
I/LaunchCheckinHandler( 1025): Displayed com.android.packageinstaller/.InstallAppProgress,wp,ca,171
I/ActivityManager( 1025): Displayed com.android.packageinstaller/.InstallAppProgress: +171ms
D/dalvikvm( 1025): GC_EXPLICIT freed 3532K, 39% free 30989K/50444K, paused 4ms+22ms, total 190ms
I/SFPerfTracer(  274):      triggers: (rate: 1129:448965) (341936 sw vsyncs) (1052177 skipped) (6:3346283 vsyncs) (8:4196752)
W/ActivityManager( 1025): No content provider found for permission revoke: file:///storage/emulated/0/Download/GiftMe-release.apk
I/ActivityManager( 1025): Start proc com.android.vending for broadcast com.android.vending/com.google.android.vending.verifier.PackageVerificationReceiver: pid=14284 uid=10039 gids={50039, 3003, 1028, 1015}
I/SFPerfTracer(  274):      triggers: (rate: 1258:50098) (compose: 0:251) (post: 0:21) (render: 88:10625) (2:788106 frames) (3:3322649)
D/SFPerfTracer(  274):        layers: (4:13) (DimLayer: 0:158)* (DimLayer: 0:134)* (FocusedStackFrame: 0:22054)* (StatusBar: 0:266603) (NavigationBar: 0:204579) (DimLayer: 0:25406)* (DimLayer: 0:4834) (com.android.wallpaper.fall.FallWallpaper: 0:11699)* (com.ghisler.android.TotalCommander/com.ghisler.android.TotalCommander.TotalCommander: 0:103)* (GiftMe-release.apk: 0:32)* (Starting com.android.packageinstaller: 0:38)* (com.android.packageinstaller/com.android.packageinstaller.PackageInstallerActivity: 3:55)* (com.android.packageinstaller/com.android.packageinstaller.InstallAppProgress: 3:22) 
D/Finsky  (14284): [1] FinskyApp.onCreate: Initializing network with DFE https://android.clients.google.com/fdfe/
D/Finsky  (14284): [1] DailyHygiene.goMakeHygieneIfDirty: No need to run daily hygiene.
W/Settings(14284): Setting download_manager_max_bytes_over_mobile has moved from android.provider.Settings.Secure to android.provider.Settings.Global.
W/Settings(14284): Setting download_manager_recommended_max_bytes_over_mobile has moved from android.provider.Settings.Secure to android.provider.Settings.Global.
I/dalvikvm(14284): Could not find method com.google.android.play.layout.PlayCardViewBase.setTransitionName, referenced from method com.google.android.finsky.utils.PlayCardUtils.bindCard
W/dalvikvm(14284): VFY: unable to resolve virtual method 42705: Lcom/google/android/play/layout/PlayCardViewBase;.setTransitionName (Ljava/lang/String;)V
D/dalvikvm(14284): VFY: replacing opcode 0x6e at 0x00d9
I/dalvikvm(14284): Could not find method com.google.android.play.layout.PlayCardViewBase.setTransitionGroup, referenced from method com.google.android.finsky.utils.PlayCardUtils.bindCard
W/dalvikvm(14284): VFY: unable to resolve virtual method 42704: Lcom/google/android/play/layout/PlayCardViewBase;.setTransitionGroup (Z)V
D/dalvikvm(14284): VFY: replacing opcode 0x6e at 0x0246
I/dalvikvm(14284): Could not find method android.view.View.getTransitionName, referenced from method com.google.android.finsky.navigationmanager.NavigationManager.showPage
W/dalvikvm(14284): VFY: unable to resolve virtual method 9352: Landroid/view/View;.getTransitionName ()Ljava/lang/String;
D/dalvikvm(14284): VFY: replacing opcode 0x6e at 0x001a
D/Finsky  (14284): [1] PackageVerificationReceiver.onReceive: Verification requested, id = 220
D/Finsky  (14284): [1] 2.run: Loaded library for account: [gKXbJhL8NA2nPUzZyFpjB6tKi7U]
D/Finsky  (14284): [1] 2.run: Finished loading 1 libraries.
D/Finsky  (14284): [1] WorkerTask.onPreExecute: Verification Requested for id = 220, data=file:///storage/emulated/0/Download/GiftMe-release.apk flags=18 fromVerificationActivity=false
W/PackageParser(14284): No actions in intent filter at /storage/emulated/0/Download/GiftMe-release.apk Binary XML file line #15
D/WifiStateMachine( 1025): handleMessage: E msg.what=151572
D/WifiStateMachine( 1025): processMsg: ConnectedState
D/WifiStateMachine( 1025): processMsg: L2ConnectedState
D/Finsky  (14284): [1] GmsCoreHelper.cleanupNlp: result=false type=4
D/WifiStateMachine( 1025): handleMessage: X
D/Finsky  (14284): [1] RestoreTracker.stopServiceIfDone: Restore complete with 0 success and 0 failed.
D/WifiStateMachine( 1025): handleMessage: E msg.what=151572
D/WifiStateMachine( 1025): processMsg: ConnectedState
D/WifiStateMachine( 1025): processMsg: L2ConnectedState
D/WifiStateMachine( 1025): handleMessage: X
D/WifiStateMachine( 1025): handleMessage: E msg.what=131155
D/WifiStateMachine( 1025): processMsg: ConnectedState
D/WifiStateMachine( 1025): processMsg: L2ConnectedState
D/WifiStateMachine( 1025): handleMessage: X
I/qtaguid (14284): Failed write_ctrl(u 64) res=-1 errno=22
I/qtaguid (14284): Untagging socket 64 failed errno=-22
W/NetworkManagementSocketTagger(14284): untagSocket(64) failed with errno -22
D/Finsky  (14284): [1] 2.onResponse: Verification id=220 response=0
D/Finsky  (14284): [1] PackageVerificationReceiver.onReceive: Verification requested, id = 220
W/ActivityManager( 1025): No content provider found for permission revoke: file:///storage/emulated/0/Download/GiftMe-release.apk
I/PackageManager( 1025): Copying native libraries to /data/app-lib/vmdl-2084221471
I/SFPerfTracer(  274):      triggers: (rate: 1129:448965) (341936 sw vsyncs) (1052177 skipped) (0:3346307 vsyncs) (2:4196854)
D/WifiStateMachine( 1025): handleMessage: E msg.what=151572
D/WifiStateMachine( 1025): processMsg: ConnectedState
D/WifiStateMachine( 1025): processMsg: L2ConnectedState
D/WifiStateMachine( 1025): handleMessage: X
W/PackageParser( 1025): No actions in intent filter at /data/app/vmdl-2084221471.tmp Binary XML file line #15
I/ActivityManager( 1025): Force stopping co.giftmeapp.gift_me appid=10155 user=-1: uninstall pkg
I/PackageManager( 1025): Package co.giftmeapp.gift_me codePath changed from /data/app/co.giftmeapp.gift_me-1.apk to /data/app/co.giftmeapp.gift_me-2.apk; Retaining data and using new
V/AlarmManager( 1025): sending alarm Alarm{42ce0e78 type 3 com.devexpert.weather}
V/AlarmManager( 1025): sending alarm Alarm{42ce05f0 type 2 com.google.android.talk}
V/AlarmManager( 1025): sending alarm Alarm{42cd3a28 type 2 com.google.android.talk}
V/AlarmManager( 1025): sending alarm Alarm{42cd1968 type 2 com.google.android.talk}
D/WifiStateMachine( 1025): handleMessage: E msg.what=151572
D/WifiStateMachine( 1025): processMsg: ConnectedState
D/WifiStateMachine( 1025): processMsg: L2ConnectedState
D/WifiStateMachine( 1025): handleMessage: X
V/AlarmManager( 1025): sending alarm Alarm{42cd0998 type 0 com.rhmsoft.fm}
V/AlarmManager( 1025): sending alarm Alarm{42ce1808 type 1 com.rhmsoft.fm}
D/PWM     (13976): url=http://up.cm.ksmobile.com/filemanager//controller/CloudCfg.php
I/KInfoc  (13976): Auto Post
W/Settings(13976): Setting android_id has moved from android.provider.Settings.System to android.provider.Settings.Secure, returning read-only value.
D/KInfoc  (13976): set batch timer
I/PackageManager( 1025): Running dexopt on: co.giftmeapp.gift_me
E/AdwareHttpConnector(13976): 200
I/SFPerfTracer(  274):      triggers: (rate: 1258:50098) (compose: 0:251) (post: 0:21) (render: 88:10625) (0:788106 frames) (1:3322749)
D/SFPerfTracer(  274):        layers: (3:9) (DimLayer: 0:158)* (DimLayer: 0:134)* (FocusedStackFrame: 0:22056)* (StatusBar: 0:266606) (NavigationBar: 0:204579) (DimLayer: 0:25406)* (DimLayer: 0:4835)* (com.android.wallpaper.fall.FallWallpaper: 0:11699)* (com.android.packageinstaller/com.android.packageinstaller.InstallAppProgress: 1:120) 
D/WifiStateMachine( 1025): handleMessage: E msg.what=151572
D/WifiStateMachine( 1025): processMsg: ConnectedState
D/WifiStateMachine( 1025): processMsg: L2ConnectedState
D/WifiStateMachine( 1025): handleMessage: X
I/SFPerfTracer(  274):      triggers: (rate: 1129:448965) (341936 sw vsyncs) (1052177 skipped) (0:3346337 vsyncs) (2:4196956)
D/WifiStateMachine( 1025): handleMessage: E msg.what=131155
D/WifiStateMachine( 1025): processMsg: ConnectedState
D/WifiStateMachine( 1025): processMsg: L2ConnectedState
D/WifiStateMachine( 1025): handleMessage: X
D/dalvikvm(14353): DexOpt: load 124ms, verify+opt 642ms, 2178868 bytes
I/ActivityManager( 1025): Force stopping co.giftmeapp.gift_me appid=10155 user=-1: update pkg
W/PackageManager( 1025): Code path for pkg : co.giftmeapp.gift_me changing from /data/app/co.giftmeapp.gift_me-1.apk to /data/app/co.giftmeapp.gift_me-2.apk
W/PackageManager( 1025): Resource path for pkg : co.giftmeapp.gift_me changing from /data/app/co.giftmeapp.gift_me-1.apk to /data/app/co.giftmeapp.gift_me-2.apk
D/WifiStateMachine( 1025): handleMessage: E msg.what=151572
D/WifiStateMachine( 1025): processMsg: ConnectedState
D/WifiStateMachine( 1025): processMsg: L2ConnectedState
D/WifiStateMachine( 1025): handleMessage: X
I/ActivityManager( 1025): Force stopping co.giftmeapp.gift_me appid=10155 user=0: pkg removed
D/dalvikvm( 2458): GC_EXPLICIT freed 1258K, 45% free 9515K/17224K, paused 7ms+4ms, total 32ms
D/dalvikvm(14147): GC_EXPLICIT freed 1493K, 39% free 10508K/17224K, paused 2ms+20ms, total 72ms
I/InputReader( 1025): Reconfiguring input devices.  changes=0x00000010
D/dalvikvm( 1119): GC_EXPLICIT freed 3417K, 35% free 13523K/20592K, paused 2ms+14ms, total 45ms
I/PackageManager( 1025): Adding preferred activity ComponentInfo{com.android.mms/com.android.mms.ui.ComposeMessageActivity} for user 0 :
I/PackageManager( 1025):   Action: "android.intent.action.SENDTO"
I/PackageManager( 1025):   Category: "android.intent.category.DEFAULT"
I/PackageManager( 1025):   Scheme: "sms"
I/ActivityManager( 1025): Start proc com.bambuna.podcastaddict for broadcast com.bambuna.podcastaddict/.receiver.PodcastAddictBroadcastReceiver: pid=14370 uid=10113 gids={50113, 3003, 1028, 1015, 3002}
D/dalvikvm(  275): GC_EXPLICIT freed 42K, 48% free 9011K/17224K, paused 2ms+2ms, total 21ms
I/PackageManager( 1025): Adding preferred activity ComponentInfo{com.android.mms/com.android.mms.ui.ComposeMessageActivity} for user 0 :
I/PackageManager( 1025):   Action: "android.intent.action.SENDTO"
I/PackageManager( 1025):   Category: "android.intent.category.DEFAULT"
I/PackageManager( 1025):   Scheme: "smsto"
D/dalvikvm(14284): GC_EXPLICIT freed 4669K, 40% free 10448K/17224K, paused 6ms+8ms, total 149ms
D/dalvikvm(  275): GC_EXPLICIT freed <1K, 48% free 9011K/17224K, paused 1ms+2ms, total 18ms
I/PackageManager( 1025): Adding preferred activity ComponentInfo{com.android.mms/com.android.mms.ui.ComposeMessageActivity} for user 0 :
I/PackageManager( 1025):   Action: "android.intent.action.SENDTO"
I/PackageManager( 1025):   Category: "android.intent.category.DEFAULT"
I/PackageManager( 1025):   Scheme: "mms"
D/dalvikvm(  275): GC_EXPLICIT freed <1K, 48% free 9011K/17224K, paused 1ms+2ms, total 18ms
D/dalvikvm(13694): GC_EXPLICIT freed 855K, 18% free 15203K/18400K, paused 2ms+5ms, total 192ms
D/dalvikvm( 1025): GC_EXPLICIT freed 4848K, 39% free 31265K/50444K, paused 5ms+22ms, total 216ms
I/PackageManager( 1025): Adding preferred activity ComponentInfo{com.android.mms/com.android.mms.ui.ComposeMessageActivity} for user 0 :
I/PackageManager( 1025):   Action: "android.intent.action.SENDTO"
I/PackageManager( 1025):   Category: "android.intent.category.DEFAULT"
I/PackageManager( 1025):   Scheme: "mmsto"
I/InputReader( 1025): Reconfiguring input devices.  changes=0x00000010
I/PackageManager( 1025): Adding preferred activity ComponentInfo{com.android.mms/com.android.mms.ui.ComposeMessageActivity} for user 0 :
I/PackageManager( 1025):   Action: "android.intent.action.SENDTO"
I/PackageManager( 1025):   Category: "android.intent.category.DEFAULT"
I/PackageManager( 1025):   Scheme: "sms"
I/Launcher(13694): Deferring update until onResume
I/PackageManager( 1025): Adding preferred activity ComponentInfo{com.android.mms/com.android.mms.ui.ComposeMessageActivity} for user 0 :
I/PackageManager( 1025):   Action: "android.intent.action.SENDTO"
I/PackageManager( 1025):   Category: "android.intent.category.DEFAULT"
I/PackageManager( 1025):   Scheme: "smsto"
I/InputReader( 1025): Reconfiguring input devices.  changes=0x00000010
I/PackageManager( 1025): Adding preferred activity ComponentInfo{com.android.mms/com.android.mms.ui.ComposeMessageActivity} for user 0 :
I/PackageManager( 1025):   Action: "android.intent.action.SENDTO"
I/PackageManager( 1025):   Category: "android.intent.category.DEFAULT"
I/PackageManager( 1025):   Scheme: "mms"
D/dalvikvm( 1025): GC_EXPLICIT freed 780K, 39% free 30844K/50444K, paused 10ms+19ms, total 191ms
I/PackageManager( 1025): Adding preferred activity ComponentInfo{com.android.mms/com.android.mms.ui.ComposeMessageActivity} for user 0 :
I/PackageManager( 1025):   Action: "android.intent.action.SENDTO"
I/PackageManager( 1025):   Category: "android.intent.category.DEFAULT"
I/PackageManager( 1025):   Scheme: "mmsto"
W/InputMethodInfo( 1025): Duplicated subtype definition found: , voice
I/Fabric  (14370): Initializing Crashlytics 2.0.0.15
I/PackageManager( 1025): Adding preferred activity ComponentInfo{com.android.mms/com.android.mms.ui.ComposeMessageActivity} for user 0 :
I/PackageManager( 1025):   Action: "android.intent.action.SENDTO"
I/PackageManager( 1025):   Category: "android.intent.category.DEFAULT"
I/PackageManager( 1025):   Scheme: "sms"
I/PackageManager( 1025): Adding preferred activity ComponentInfo{com.android.mms/com.android.mms.ui.ComposeMessageActivity} for user 0 :
I/PackageManager( 1025):   Action: "android.intent.action.SENDTO"
I/PackageManager( 1025):   Category: "android.intent.category.DEFAULT"
I/PackageManager( 1025):   Scheme: "smsto"
I/PackageManager( 1025): Adding preferred activity ComponentInfo{com.android.mms/com.android.mms.ui.ComposeMessageActivity} for user 0 :
I/PackageManager( 1025):   Action: "android.intent.action.SENDTO"
I/PackageManager( 1025):   Category: "android.intent.category.DEFAULT"
I/PackageManager( 1025):   Scheme: "mms"
I/KInfoc  (13976): Auto Post
I/PackageManager( 1025): Adding preferred activity ComponentInfo{com.android.mms/com.android.mms.ui.ComposeMessageActivity} for user 0 :
I/PackageManager( 1025):   Action: "android.intent.action.SENDTO"
I/PackageManager( 1025):   Category: "android.intent.category.DEFAULT"
I/PackageManager( 1025):   Scheme: "mmsto"
W/Settings(13976): Setting android_id has moved from android.provider.Settings.System to android.provider.Settings.Secure, returning read-only value.
I/PackageManager( 1025): Adding preferred activity ComponentInfo{com.android.mms/com.android.mms.ui.ComposeMessageActivity} for user 0 :
I/PackageManager( 1025):   Action: "android.intent.action.SENDTO"
I/PackageManager( 1025):   Category: "android.intent.category.DEFAULT"
I/PackageManager( 1025):   Scheme: "sms"
I/Launcher(13694): Deferring update until onResume
I/PackageManager( 1025): Adding preferred activity ComponentInfo{com.android.mms/com.android.mms.ui.ComposeMessageActivity} for user 0 :
I/PackageManager( 1025):   Action: "android.intent.action.SENDTO"
I/PackageManager( 1025):   Category: "android.intent.category.DEFAULT"
I/PackageManager( 1025):   Scheme: "smsto"
I/PackageManager( 1025): Adding preferred activity ComponentInfo{com.android.mms/com.android.mms.ui.ComposeMessageActivity} for user 0 :
I/PackageManager( 1025):   Action: "android.intent.action.SENDTO"
I/PackageManager( 1025):   Category: "android.intent.category.DEFAULT"
I/PackageManager( 1025):   Scheme: "mms"
E/cutils  (  261): Failed to mkdirat(/storage/sdcard1/Android): Read-only file system
W/Vold    (  261): Returning OperationFailed - no handler for errno 30
W/ContextImpl(14370): Failed to ensure directory: /storage/sdcard1/Android/data/com.bambuna.podcastaddict/files
I/PackageManager( 1025): Adding preferred activity ComponentInfo{com.android.mms/com.android.mms.ui.ComposeMessageActivity} for user 0 :
I/PackageManager( 1025):   Action: "android.intent.action.SENDTO"
I/PackageManager( 1025):   Category: "android.intent.category.DEFAULT"
I/PackageManager( 1025):   Scheme: "mmsto"
D/WifiStateMachine( 1025): handleMessage: E msg.what=151572
D/WifiStateMachine( 1025): processMsg: ConnectedState
D/WifiStateMachine( 1025): processMsg: L2ConnectedState
D/WifiStateMachine( 1025): handleMessage: X
I/PackageManager( 1025): Adding preferred activity ComponentInfo{com.android.mms/com.android.mms.ui.ComposeMessageActivity} for user 0 :
I/PackageManager( 1025):   Action: "android.intent.action.SENDTO"
I/PackageManager( 1025):   Category: "android.intent.category.DEFAULT"
I/PackageManager( 1025):   Scheme: "sms"
W/ServerHelper(14370): sendServerDataAsync()
I/PackageManager( 1025): Adding preferred activity ComponentInfo{com.android.mms/com.android.mms.ui.ComposeMessageActivity} for user 0 :
I/PackageManager( 1025):   Action: "android.intent.action.SENDTO"
I/PackageManager( 1025):   Category: "android.intent.category.DEFAULT"
I/PackageManager( 1025):   Scheme: "smsto"
I/PackageManager( 1025): Adding preferred activity ComponentInfo{com.android.mms/com.android.mms.ui.ComposeMessageActivity} for user 0 :
I/PackageManager( 1025):   Action: "android.intent.action.SENDTO"
I/PackageManager( 1025):   Category: "android.intent.category.DEFAULT"
I/PackageManager( 1025):   Scheme: "mms"
I/PackageManager( 1025): Adding preferred activity ComponentInfo{com.android.mms/com.android.mms.ui.ComposeMessageActivity} for user 0 :
I/PackageManager( 1025):   Action: "android.intent.action.SENDTO"
I/PackageManager( 1025):   Category: "android.intent.category.DEFAULT"
I/PackageManager( 1025):   Scheme: "mmsto"
E/PodcastAddictService(14370): starting service: #721
I/PackageManager( 1025): Adding preferred activity ComponentInfo{com.android.mms/com.android.mms.ui.ComposeMessageActivity} for user 0 :
I/PackageManager( 1025):   Action: "android.intent.action.SENDTO"
I/PackageManager( 1025):   Category: "android.intent.category.DEFAULT"
I/PackageManager( 1025):   Scheme: "sms"
I/ActivityManager( 1025): Start proc com.android.keychain for broadcast com.android.keychain/.KeyChainBroadcastReceiver: pid=14412 uid=1000 gids={41000, 1028, 1015, 3002, 3001, 3003, 1021, 3004, 3005, 1000, 3009, 1023, 1010, 1004, 2002, 3006}
I/CleanupHelper(14370): setupAutoTrashCleanerService()
W/GAV2    (14370): Thread[z,1,main]: Need to call initialize() and be in fallback mode to start dispatch.
I/PackageManager( 1025): Adding preferred activity ComponentInfo{com.android.mms/com.android.mms.ui.ComposeMessageActivity} for user 0 :
I/PackageManager( 1025):   Action: "android.intent.action.SENDTO"
I/PackageManager( 1025):   Category: "android.intent.category.DEFAULT"
I/PackageManager( 1025):   Scheme: "smsto"
I/PackageManager( 1025): Adding preferred activity ComponentInfo{com.android.mms/com.android.mms.ui.ComposeMessageActivity} for user 0 :
I/PackageManager( 1025):   Action: "android.intent.action.SENDTO"
I/PackageManager( 1025):   Category: "android.intent.category.DEFAULT"
I/PackageManager( 1025):   Scheme: "mms"
W/GAV2    (14370): Thread[z,1,main]: dispatch call queued.  Need to call GAServiceManager.getInstance().initialize().
I/PackageManager( 1025): Adding preferred activity ComponentInfo{com.android.mms/com.android.mms.ui.ComposeMessageActivity} for user 0 :
I/PackageManager( 1025):   Action: "android.intent.action.SENDTO"
I/PackageManager( 1025):   Category: "android.intent.category.DEFAULT"
I/PackageManager( 1025):   Scheme: "mmsto"
W/ContextImpl(14412): Calling a method in the system process without a qualified user: android.app.ContextImpl.startService:1608 android.content.ContextWrapper.startService:494 android.content.ContextWrapper.startService:494 com.android.keychain.KeyChainBroadcastReceiver.onReceive:12 android.app.ActivityThread.handleReceiver:2434 
E/NetworkScheduler.SchedulerReceiver(31010): Invalid parameter app
E/NetworkScheduler.SchedulerReceiver(31010): Invalid package name : Perhaps you didn't include a PendingIntent in the extras?
I/ActivityManager( 1025): Start proc com.google.android.apps.docs for broadcast com.google.android.apps.docs/.receivers.AppPackageAddRemoveReceiver: pid=14436 uid=10060 gids={50060, 3003, 1028, 1015}
F/ProcessStats( 1025): Starting service ServiceState{42c48c08 com.whatsapp.messaging.MessageService pkg=com.whatsapp proc=42c48c08} without owner
D/PackageBroadcastService(13180): Received broadcast action=android.intent.action.PACKAGE_REMOVED and uri=co.giftmeapp.gift_me
F/ProcessStats( 1025): Starting service ServiceState{43399718 com.paypal.android.p2pmobile.services.AtoService pkg=com.paypal.android.p2pmobile proc=43399718} without owner
F/ProcessStats( 1025): Starting service ServiceState{43231e48 com.paypal.android.p2pmobile.services.WalletService pkg=com.paypal.android.p2pmobile proc=43231e48} without owner
F/ProcessStats( 1025): Starting service ServiceState{42a4cec0 com.facebook.push.mqtt.service.MqttPushService pkg=com.facebook.katana proc=42a4cec0} without owner
F/ProcessStats( 1025): Starting service ServiceState{428fdff0 com.facebook.push.mqtt.service.MqttPushService pkg=com.facebook.orca proc=428fdff0} without owner
I/ActivityManager( 1025): Process com.devexpert.weather (pid 14116) has died.
F/ProcessStats( 1025): Starting service ServiceState{42c48c08 com.whatsapp.messaging.MessageService pkg=com.whatsapp proc=42c48c08} without owner
D/BackupManagerService( 1025): Received broadcast Intent { act=android.intent.action.PACKAGE_REMOVED dat=package:co.giftmeapp.gift_me flg=0x4000010 (has extras) }
F/ProcessStats( 1025): Starting service ServiceState{43399718 com.paypal.android.p2pmobile.services.AtoService pkg=com.paypal.android.p2pmobile proc=43399718} without owner
F/ProcessStats( 1025): Starting service ServiceState{43231e48 com.paypal.android.p2pmobile.services.WalletService pkg=com.paypal.android.p2pmobile proc=43231e48} without owner
F/ProcessStats( 1025): Starting service ServiceState{42a4cec0 com.facebook.push.mqtt.service.MqttPushService pkg=com.facebook.katana proc=42a4cec0} without owner
F/ProcessStats( 1025): Starting service ServiceState{428fdff0 com.facebook.push.mqtt.service.MqttPushService pkg=com.facebook.orca proc=428fdff0} without owner
D/BackupManagerService( 1025): Received broadcast Intent { act=android.intent.action.PACKAGE_ADDED dat=package:co.giftmeapp.gift_me flg=0x4000010 (has extras) }
V/BackupManagerService( 1025): removePackageParticipantsLocked: uid=10155 #1
V/BackupManagerService( 1025): addPackageParticipantsLocked: #1
I/ConfigService(31010): onCreate
I/ConfigService(31010): onBind for Intent { act=com.google.android.gms.config.UPDATE pkg=com.google.android.gms } action com.google.android.gms.config.UPDATE
I/ConfigService(31010): onBind returning update interface
I/dalvikvm(13180): Could not find method android.content.pm.PackageManager.getPackageInstaller, referenced from method com.google.android.gms.common.ff.a
W/dalvikvm(13180): VFY: unable to resolve virtual method 479: Landroid/content/pm/PackageManager;.getPackageInstaller ()Landroid/content/pm/PackageInstaller;
D/dalvikvm(13180): VFY: replacing opcode 0x6e at 0x000d
I/ConfigService(31010): onBind for Intent { act=com.google.android.gms.config.START pkg=com.google.android.gms } action com.google.android.gms.config.START
I/ConfigService(31010): onBind returning service broker
I/ConfigFetchService(13180): onStartCommand Intent { act=android.intent.action.PACKAGE_REMOVED dat=package:co.giftmeapp.gift_me cmp=com.google.android.gms/.config.ConfigFetchService (has extras) }
I/dalvikvm(13180): Could not find method android.os.UserHandle.isOwner, referenced from method com.google.android.gms.icing.service.v.d
W/dalvikvm(13180): VFY: unable to resolve virtual method 1360: Landroid/os/UserHandle;.isOwner ()Z
D/dalvikvm(13180): VFY: replacing opcode 0x6e at 0x0018
I/dalvikvm(14436): Could not find method android.app.Activity.finishAfterTransition, referenced from method r.c_
W/dalvikvm(14436): VFY: unable to resolve virtual method 2773: Landroid/app/Activity;.finishAfterTransition ()V
D/dalvikvm(14436): VFY: replacing opcode 0x6e at 0x0006
I/ActivityManager( 1025): START u0 {act=android.intent.action.MAIN cat=[android.intent.category.LAUNCHER] flg=0x10000000 pkg=co.giftmeapp.gift_me cmp=co.giftmeapp.gift_me/.GiftMe} from pid 14218
D/dalvikvm(13180): Trying to load lib /data/app-lib/com.google.android.gms-1/libAppDataSearch.so 0x41fb1790
W/ContextImpl( 1295): Calling a method in the system process without a qualified user: android.app.ContextImpl.sendBroadcast:1252 android.content.ContextWrapper.sendBroadcast:365 com.motorola.motocare.util.TriggerHelper$TriggerBuilder.send:76 com.motorola.motocare.internal.frameworkevents.PauseResumeTrigger.handleFrameworkEvent:53 com.motorola.motocare.internal.frameworkevents.FwEventMonitor$FrameworkListener.processFrameworkEvent:114 
D/dalvikvm(13180): Added shared lib /data/app-lib/com.google.android.gms-1/libAppDataSearch.so 0x41fb1790
D/dalvikvm(13180): No JNI_OnLoad found in /data/app-lib/com.google.android.gms-1/libAppDataSearch.so 0x41fb1790, skipping init
I/ActivityManager( 1025): Start proc co.giftmeapp.gift_me for activity co.giftmeapp.gift_me/.GiftMe: pid=14460 uid=10155 gids={50155, 3003, 1028, 1015}
I/dalvikvm(14460): Enabling JNI app bug workarounds for target SDK version 7...
W/ContextImpl( 1295): Calling a method in the system process without a qualified user: android.app.ContextImpl.sendBroadcast:1252 android.content.ContextWrapper.sendBroadcast:365 com.motorola.motocare.util.TriggerHelper$TriggerBuilder.send:76 com.motorola.motocare.internal.frameworkevents.PauseResumeTrigger.handleFrameworkEvent:53 com.motorola.motocare.internal.frameworkevents.FwEventMonitor$FrameworkListener.processFrameworkEvent:114 
V/PhoneStatusBar( 1119): setLightsOn(true)
I/CordovaLog(14460): Changing log level to DEBUG(3)
D/CordovaActivity(14460): CordovaActivity.init()
I/dalvikvm(14460): Could not find method android.webkit.CookieManager.setAcceptThirdPartyCookies, referenced from method org.apache.cordova.CordovaWebView.initWebViewSettings
W/dalvikvm(14460): VFY: unable to resolve virtual method 6387: Landroid/webkit/CookieManager;.setAcceptThirdPartyCookies (Landroid/webkit/WebView;Z)V
D/dalvikvm(14460): VFY: replacing opcode 0x6e at 0x002a
I/ConfigFetchService(13180): service connected
D/WifiStateMachine( 1025): handleMessage: E msg.what=151572
D/WifiStateMachine( 1025): processMsg: ConnectedState
D/WifiStateMachine( 1025): processMsg: L2ConnectedState
D/WifiStateMachine( 1025): handleMessage: X
V/WebViewChromiumFactoryProvider(14460): Binding Chromium to main looper Looper (main, tid 1) {41fa3f08}
I/LibraryLoader(14460): Expected native library version number "",actual native library version number ""
I/chromium(14460): [INFO:library_loader_hooks.cc(116)] Chromium logging enabled: level = 0, default verbosity = 0
I/BrowserStartupController(14460): Initializing chromium process, renderers=0
E/AudioManagerAndroid(14460): BLUETOOTH permission is missing!
D/WifiStateMachine( 1025): handleMessage: E msg.what=131155
D/WifiStateMachine( 1025): processMsg: ConnectedState
D/WifiStateMachine( 1025): processMsg: L2ConnectedState
I/Adreno-EGL(14460): <qeglDrvAPI_eglInitialize:410>: EGL 1.4 QUALCOMM build: AU_LINUX_ANDROID_LNX.LA.3.5.1_RB1.04.04.02.048.018_msm8226_LNX.LA.3.5.1_RB1__release_AU ()
I/Adreno-EGL(14460): OpenGL ES Shader Compiler Version: E031.24.00.08
I/Adreno-EGL(14460): Build Date: 03/07/14 Fri
I/Adreno-EGL(14460): Local Branch: 
I/Adreno-EGL(14460): Remote Branch: quic/LNX.LA.3.5.1_RB1.1
I/Adreno-EGL(14460): Local Patches: NONE
I/Adreno-EGL(14460): Reconstruct Branch: AU_LINUX_ANDROID_LNX.LA.3.5.1_RB1.04.04.02.048.018 + f2fd134 +  NOTHING
D/WifiStateMachine( 1025): handleMessage: X
W/chromium(14460): [WARNING:proxy_service.cc(890)] PAC support disabled because there is no system implementation
D/CordovaActivity(14460): CordovaActivity.createViews()
W/dalvikvm(14460): VFY: unable to find class referenced in signature (Landroid/webkit/ClientCertRequest;)
W/dalvikvm(14460): VFY: unable to find class referenced in signature (Landroid/webkit/ClientCertRequest;)
I/dalvikvm(14460): Could not find method android.webkit.WebViewClient.onReceivedClientCertRequest, referenced from method org.apache.cordova.CordovaWebViewClient.onReceivedClientCertRequest
W/dalvikvm(14460): VFY: unable to resolve virtual method 6462: Landroid/webkit/WebViewClient;.onReceivedClientCertRequest (Landroid/webkit/WebView;Landroid/webkit/ClientCertRequest;)V
D/dalvikvm(14460): VFY: replacing opcode 0x6f at 0x001c
I/dalvikvm(14460): Could not find method android.webkit.WebChromeClient$FileChooserParams.createIntent, referenced from method org.apache.cordova.CordovaChromeClient.onShowFileChooser
W/dalvikvm(14460): VFY: unable to resolve virtual method 6406: Landroid/webkit/WebChromeClient$FileChooserParams;.createIntent ()Landroid/content/Intent;
D/dalvikvm(14460): VFY: replacing opcode 0x6e at 0x0000
D/PluginManager(14460): init()
D/CordovaWebView(14460): CordovaWebView is running on device made by: motorola
D/CordovaWebView(14460): >>> loadUrl(file:///android_asset/www/index.html)
D/CordovaWebView(14460): >>> loadUrlNow()
I/Icing   (13180): Storage manager: low false usage 4.43MB avail 1.34GB capacity 4.70GB
W/Icing   (13180): Received bad json for section weights override -- ignoring.
W/Icing   (13180): Received bad json for corpus scoring config -- ignoring.
W/Icing   (13180): Received bad json for corpus context scoring override -- ignoring.
I/dalvikvm(13180): Could not find method android.os.UserHandle.isOwner, referenced from method com.google.android.gms.icing.impl.a.f.a
W/dalvikvm(13180): VFY: unable to resolve virtual method 1360: Landroid/os/UserHandle;.isOwner ()Z
D/dalvikvm(13180): VFY: replacing opcode 0x6e at 0x0015
D/CordovaActivity(14460): Resuming the App
D/AudioManagerAndroid(14460): ==> onReceive: s=0, m=1, n=h2w, sb=true
D/AudioManagerAndroid(14460): reportUpdate: state=0, devices=[Speakerphone, Headset earpiece]
D/SoftKeyboardDetect(14460): Ignore this event
W/SyncWapiModule(14436): isPlayServicesEnabled=
W/SyncWapiModule(14436): isPlayServicesEnabled=
D/OpenGLRenderer(14460): Enabling debug mode 0
W/GAV2    (14436): Thread[main,5,main]: Need to call initialize() and be in fallback mode to start dispatch.
I/ActivityManager( 1025): Start proc com.motorola.MotGallery2 for broadcast com.motorola.MotGallery2/com.android.gallery3d.app.PackagesMonitor: pid=14520 uid=10034 gids={50034, 3003, 1028, 1015}
D/SoftKeyboardDetect(14460): Ignore this event
I/LaunchCheckinHandler( 1025): Displayed co.giftmeapp.gift_me/.GiftMe,cp,ca,701
I/ActivityManager( 1025): Displayed co.giftmeapp.gift_me/.GiftMe: +702ms
F/ProcessStats( 1025): Starting service ServiceState{42c48c08 com.whatsapp.messaging.MessageService pkg=com.whatsapp proc=42c48c08} without owner
E/Icing   (13180): Lite index crc check failed: 3026624224 vs 325435102
F/ProcessStats( 1025): Starting service ServiceState{43399718 com.paypal.android.p2pmobile.services.AtoService pkg=com.paypal.android.p2pmobile proc=43399718} without owner
F/ProcessStats( 1025): Starting service ServiceState{43231e48 com.paypal.android.p2pmobile.services.WalletService pkg=com.paypal.android.p2pmobile proc=43231e48} without owner
F/ProcessStats( 1025): Starting service ServiceState{42a4cec0 com.facebook.push.mqtt.service.MqttPushService pkg=com.facebook.katana proc=42a4cec0} without owner
F/ProcessStats( 1025): Starting service ServiceState{428fdff0 com.facebook.push.mqtt.service.MqttPushService pkg=com.facebook.orca proc=428fdff0} without owner
E/rsC++   (14218): RS Message thread exiting.
I/ActivityManager( 1025): Process com.android.defcontainer (pid 14255) has died.
F/ProcessStats( 1025): Starting service ServiceState{42c48c08 com.whatsapp.messaging.MessageService pkg=com.whatsapp proc=42c48c08} without owner
I/SFPerfTracer(  274):      triggers: (rate: 1129:448965) (341936 sw vsyncs) (1052177 skipped) (45:3346420 vsyncs) (47:4197089)
F/ProcessStats( 1025): Starting service ServiceState{43399718 com.paypal.android.p2pmobile.services.AtoService pkg=com.paypal.android.p2pmobile proc=43399718} without owner
F/ProcessStats( 1025): Starting service ServiceState{43231e48 com.paypal.android.p2pmobile.services.WalletService pkg=com.paypal.android.p2pmobile proc=43231e48} without owner
F/ProcessStats( 1025): Starting service ServiceState{42a4cec0 com.facebook.push.mqtt.service.MqttPushService pkg=com.facebook.katana proc=42a4cec0} without owner
F/ProcessStats( 1025): Starting service ServiceState{428fdff0 com.facebook.push.mqtt.service.MqttPushService pkg=com.facebook.orca proc=428fdff0} without owner
D/CordovaWebViewClient(14460): onPageStarted(file:///android_asset/www/index.html)
D/CordovaActivity(14460): onMessage(onPageStarted,file:///android_asset/www/index.html)
I/ActivityManager( 1025): Start proc com.google.android.googlequicksearchbox:search for broadcast com.google.android.googlequicksearchbox/com.google.android.search.core.icingsync.IcingCorporaChangedReceiver: pid=14539 uid=10045 gids={50045, 3003, 3001, 1028, 3002, 1015}
F/ProcessStats( 1025): Starting service ServiceState{42c48c08 com.whatsapp.messaging.MessageService pkg=com.whatsapp proc=42c48c08} without owner
F/ProcessStats( 1025): Starting service ServiceState{43399718 com.paypal.android.p2pmobile.services.AtoService pkg=com.paypal.android.p2pmobile proc=43399718} without owner
F/ProcessStats( 1025): Starting service ServiceState{43231e48 com.paypal.android.p2pmobile.services.WalletService pkg=com.paypal.android.p2pmobile proc=43231e48} without owner
F/ProcessStats( 1025): Starting service ServiceState{42a4cec0 com.facebook.push.mqtt.service.MqttPushService pkg=com.facebook.katana proc=42a4cec0} without owner
F/ProcessStats( 1025): Starting service ServiceState{428fdff0 com.facebook.push.mqtt.service.MqttPushService pkg=com.facebook.orca proc=428fdff0} without owner
I/ActivityManager( 1025): Process com.android.keychain (pid 14412) has died.
F/ProcessStats( 1025): Starting service ServiceState{42c48c08 com.whatsapp.messaging.MessageService pkg=com.whatsapp proc=42c48c08} without owner
F/ProcessStats( 1025): Starting service ServiceState{43399718 com.paypal.android.p2pmobile.services.AtoService pkg=com.paypal.android.p2pmobile proc=43399718} without owner
F/ProcessStats( 1025): Starting service ServiceState{43231e48 com.paypal.android.p2pmobile.services.WalletService pkg=com.paypal.android.p2pmobile proc=43231e48} without owner
F/ProcessStats( 1025): Starting service ServiceState{42a4cec0 com.facebook.push.mqtt.service.MqttPushService pkg=com.facebook.katana proc=42a4cec0} without owner
F/ProcessStats( 1025): Starting service ServiceState{428fdff0 com.facebook.push.mqtt.service.MqttPushService pkg=com.facebook.orca proc=428fdff0} without owner
D/WifiStateMachine( 1025): handleMessage: E msg.what=151572
D/WifiStateMachine( 1025): processMsg: ConnectedState
D/WifiStateMachine( 1025): processMsg: L2ConnectedState
D/WifiStateMachine( 1025): handleMessage: X
D/JsMessageQueue(14460): Set native->JS mode to OnlineEventsBridgeMode
I/ActivityManager( 1025): Start proc com.evernote for broadcast com.evernote/.util.WidgetTracker: pid=14557 uid=10134 gids={50134, 3003, 1028, 1015}
F/ProcessStats( 1025): Starting service ServiceState{42c48c08 com.whatsapp.messaging.MessageService pkg=com.whatsapp proc=42c48c08} without owner
F/ProcessStats( 1025): Starting service ServiceState{43399718 com.paypal.android.p2pmobile.services.AtoService pkg=com.paypal.android.p2pmobile proc=43399718} without owner
F/ProcessStats( 1025): Starting service ServiceState{43231e48 com.paypal.android.p2pmobile.services.WalletService pkg=com.paypal.android.p2pmobile proc=43231e48} without owner
F/ProcessStats( 1025): Starting service ServiceState{42a4cec0 com.facebook.push.mqtt.service.MqttPushService pkg=com.facebook.katana proc=42a4cec0} without owner
F/ProcessStats( 1025): Starting service ServiceState{428fdff0 com.facebook.push.mqtt.service.MqttPushService pkg=com.facebook.orca proc=428fdff0} without owner
I/ActivityManager( 1025): Process com.android.vending (pid 14284) has died.
F/ProcessStats( 1025): Starting service ServiceState{42c48c08 com.whatsapp.messaging.MessageService pkg=com.whatsapp proc=42c48c08} without owner
F/ProcessStats( 1025): Starting service ServiceState{43399718 com.paypal.android.p2pmobile.services.AtoService pkg=com.paypal.android.p2pmobile proc=43399718} without owner
F/ProcessStats( 1025): Starting service ServiceState{43231e48 com.paypal.android.p2pmobile.services.WalletService pkg=com.paypal.android.p2pmobile proc=43231e48} without owner
F/ProcessStats( 1025): Starting service ServiceState{42a4cec0 com.facebook.push.mqtt.service.MqttPushService pkg=com.facebook.katana proc=42a4cec0} without owner
F/ProcessStats( 1025): Starting service ServiceState{428fdff0 com.facebook.push.mqtt.service.MqttPushService pkg=com.facebook.orca proc=428fdff0} without owner
W/GAV2    (14436): Thread[main,5,main]: dispatch call queued.  Need to call GAServiceManager.getInstance().initialize().
F/ProcessStats( 1025): Starting service ServiceState{42c48c08 com.whatsapp.messaging.MessageService pkg=com.whatsapp proc=42c48c08} without owner
F/ProcessStats( 1025): Starting service ServiceState{43399718 com.paypal.android.p2pmobile.services.AtoService pkg=com.paypal.android.p2pmobile proc=43399718} without owner
F/ProcessStats( 1025): Starting service ServiceState{43231e48 com.paypal.android.p2pmobile.services.WalletService pkg=com.paypal.android.p2pmobile proc=43231e48} without owner
F/ProcessStats( 1025): Starting service ServiceState{42a4cec0 com.facebook.push.mqtt.service.MqttPushService pkg=com.facebook.katana proc=42a4cec0} without owner
F/ProcessStats( 1025): Starting service ServiceState{428fdff0 com.facebook.push.mqtt.service.MqttPushService pkg=com.facebook.orca proc=428fdff0} without owner
I/ActivityManager( 1025): Process com.google.android.apps.docs (pid 14436) has died.
F/ProcessStats( 1025): Starting service ServiceState{42c48c08 com.whatsapp.messaging.MessageService pkg=com.whatsapp proc=42c48c08} without owner
F/ProcessStats( 1025): Starting service ServiceState{43399718 com.paypal.android.p2pmobile.services.AtoService pkg=com.paypal.android.p2pmobile proc=43399718} without owner
F/ProcessStats( 1025): Starting service ServiceState{43231e48 com.paypal.android.p2pmobile.services.WalletService pkg=com.paypal.android.p2pmobile proc=43231e48} without owner
F/ProcessStats( 1025): Starting service ServiceState{42a4cec0 com.facebook.push.mqtt.service.MqttPushService pkg=com.facebook.katana proc=42a4cec0} without owner
F/ProcessStats( 1025): Starting service ServiceState{428fdff0 com.facebook.push.mqtt.service.MqttPushService pkg=com.facebook.orca proc=428fdff0} without owner
I/MultiDex(14557): VM with version 1.6.0 does not have multidex support
I/MultiDex(14557): install
I/MultiDex(14557): MultiDexExtractor.load(/data/app/com.evernote-1.apk, false)
I/MultiDex(14557): loading existing secondary dex files
I/MultiDex(14557): load found 0 secondary dex files
I/MultiDex(14557): install done
I/dalvikvm(13180): Total arena pages for JIT: 11
I/dalvikvm(13180): Total arena pages for JIT: 12
I/dalvikvm(13180): Total arena pages for JIT: 13
I/dalvikvm(13180): Total arena pages for JIT: 14
I/Icing   (13180): updateResources: need to parse e{com.google.android.gms}
I/Icing   (13180): Internal init done: storage state 0
D/EN      (14557): MemoryMapAppender.ctor()
D/EN      (14557): MemoryMapAppender.ctor-end()
I/App     (14460): WARNING: Back Button Default Behavior will be overridden.  The backbutton event will be fired!
D/CordovaLog(14460): https://js.stripe.com/v2/: Line 2 : You are using Stripe.js in live mode over an insecure connection. This is considered unsafe. Please conduct live requests only on sites served over https. For more info, see https://stripe.com/help/ssl
I/chromium(14460): [INFO:CONSOLE(2)] "You are using Stripe.js in live mode over an insecure connection. This is considered unsafe. Please conduct live requests only on sites served over https. For more info, see https://stripe.com/help/ssl", source: https://js.stripe.com/v2/ (2)
D/CordovaLog(14460): file:///android_asset/www/js/app.js: Line 24 : Service initialized
I/chromium(14460): [INFO:CONSOLE(24)] "Service initialized", source: file:///android_asset/www/js/app.js (24)
D/CordovaLog(14460): file:///android_asset/www/js/app.js: Line 197 : facebookConnectPlugin not ready
I/chromium(14460): [INFO:CONSOLE(197)] "facebookConnectPlugin not ready", source: file:///android_asset/www/js/app.js (197)
D/EN      (14557): [EvernoteProvider] - Provider+++++onCreate()
D/EN      (14557): [d] - AccountManager()::userIds=102703026
D/EN      (14557): [b] - creating new AccountInfo()::userId102703026
D/EN      (14557): [d] - AccountManager()::adding account::102703026::timcallagy
D/EN      (14557): [d] - AccountManager()::count=1
D/EN      (14557): [d] - initialized:
D/EN      (14557): [a] - getInstance()::
D/EN      (14557): [al] - Register SD Card Receiver ++++++++++++++++++++
D/EN      (14557): [al] - checkForRecentUnmount() end
D/EN      (14557): [a] - locale is set=en_GB
D/EN      (14557): [a] - isDBONSDcard()=true
I/EN      (14557): [al] - getSDCardStatus()::mounted::noStorageText=null
D/EN      (14557): [a] - isDBFileChanged()::lastFilePath in pref=/data/data/com.evernote/files/user-102703026/.external-1428259012787-Evernote.db
E/EN      (14557): [a] - isDBFileChanged()::+++++++++lastFilePath exists/data/data/com.evernote/files/user-102703026/.external-1428259012787-Evernote.db
D/EN      (14557): [a] - getInstance()::DBFile NOT Changed
D/EN      (14557): [a] - isDBONSDcard()=true
D/EN      (14557): [a] - moveToSDcard()::start::Evernote.DB_ON_SDCARD=true
D/EN      (14557): [a] - isDBONSDcard()=true
E/EN      (14557): [a] - isLastDBFileOnSDCard()::+++++++++++lastFilePath exists/data/data/com.evernote/files/user-102703026/.external-1428259012787-Evernote.db
D/EN      (14557): [a] - isDBONSDcard()=true
D/EN      (14557): [a] - getDBfilePath()::++++++++++++++++lastFilePath from preferences/data/data/com.evernote/files/user-102703026/.external-1428259012787-Evernote.db
E/EN      (14557): [a] - getDBfilePath()::++++++++++++++++lastFilePath exists/data/data/com.evernote/files/user-102703026/.external-1428259012787-Evernote.db
D/EN      (14557): [EvernoteProvider] - cleanupOldThumbnailsIfNeeded()
I/Icing   (13180): Post-init done
I/ReleaseProperties(14557): Current app is: evernote
I/ReleaseProperties(14557): propFile: release is now loaded
I/ReleaseProperties(14557): propFile: play is now loaded
I/ReleaseProperties(14557): propFile: base is now loaded
I/ReleaseProperties(14557): propFile: override is now loaded
D/MarketUtils(14557): isPackageInstalled() - com.android.vending is installed
D/MarketUtils(14557): isPackageInstalled() - com.android.vending is installed
D/MarketUtils(14557): isPackageInstalled() - com.android.vending is installed
D/ReleaseProperties(14557): getReferralPersistencePath():: old=false:: path=/storage/emulated/0/.enref
D/MarketUtils(14557): isPackageInstalled() - com.android.vending is installed
I/ReleaseProperties(14557): ReleaseProperties: 
I/ReleaseProperties(14557):   bundleName=google-play
I/ReleaseProperties(14557):   revision=AM_702_524
I/ReleaseProperties(14557):   type=public
I/ReleaseProperties(14557):   gitHash=313f54a11431af98d659728265b72cfcf9ec527e
I/ReleaseProperties(14557):   baseSearchUri=market://search?q=
D/MarketUtils(14557): isPackageInstalled() - com.android.vending is installed
D/MarketUtils(14557): isPackageInstalled() - com.android.vending is installed
I/ReleaseProperties(14557): From file referralCode=android
D/EN      (14557): [a] - isDBONSDcard()=true
