D/StrictMode(26889): 	at com.android.internal.os.ZygoteInit$MethodAndArgsCaller.run(ZygoteInit.java:785)
D/StrictMode(26889): 	at com.android.internal.os.ZygoteInit.main(ZygoteInit.java:601)
D/StrictMode(26889): 	at dalvik.system.NativeStart.main(Native Method)
D/StrictMode(26889): StrictMode policy violation; ~duration=194 ms: android.os.StrictMode$StrictModeDiskReadViolation: policy=31 violation=2
D/StrictMode(26889): 	at android.os.StrictMode$AndroidBlockGuardPolicy.onReadFromDisk(StrictMode.java:1135)
D/StrictMode(26889): 	at libcore.io.BlockGuardOs.open(BlockGuardOs.java:106)
D/StrictMode(26889): 	at libcore.io.IoUtils.canOpenReadOnly(IoUtils.java:163)
D/StrictMode(26889): 	at dalvik.system.DexPathList.findLibrary(DexPathList.java:384)
D/StrictMode(26889): 	at dalvik.system.BaseDexClassLoader.findLibrary(BaseDexClassLoader.java:77)
D/StrictMode(26889): 	at java.lang.Runtime.loadLibrary(Runtime.java:356)
D/StrictMode(26889): 	at java.lang.System.loadLibrary(System.java:526)
D/StrictMode(26889): 	at com.google.android.apps.gmm.map.util.jni.NativeHelper.initialize(PG:42)
D/StrictMode(26889): 	at com.google.android.apps.gmm.map.m.e.<clinit>(PG:89)
D/StrictMode(26889): 	at com.google.android.apps.gmm.base.app.d.a(PG:1135)
D/StrictMode(26889): 	at com.google.android.apps.gmm.base.app.d.<init>(PG:578)
D/StrictMode(26889): 	at com.google.android.apps.gmm.base.app.GoogleMapsApplication.a(PG:156)
D/StrictMode(26889): 	at com.google.android.apps.gmm.base.app.GoogleMapsApplication.onCreate(PG:111)
D/StrictMode(26889): 	at android.app.Instrumentation.callApplicationOnCreate(Instrumentation.java:1030)
D/StrictMode(26889): 	at android.app.ActivityThread.handleBindApplication(ActivityThread.java:4409)
D/StrictMode(26889): 	at android.app.ActivityThread.access$1500(ActivityThread.java:139)
D/StrictMode(26889): 	at android.app.ActivityThread$H.handleMessage(ActivityThread.java:1270)
D/StrictMode(26889): 	at android.os.Handler.dispatchMessage(Handler.java:102)
D/StrictMode(26889): 	at android.os.Looper.loop(Looper.java:136)
D/StrictMode(26889): 	at android.app.ActivityThread.main(ActivityThread.java:5086)
D/StrictMode(26889): 	at java.lang.reflect.Method.invokeNative(Native Method)
D/StrictMode(26889): 	at java.lang.reflect.Method.invoke(Method.java:515)
D/StrictMode(26889): 	at com.android.internal.os.ZygoteInit$MethodAndArgsCaller.run(ZygoteInit.java:785)
D/StrictMode(26889): 	at com.android.internal.os.ZygoteInit.main(ZygoteInit.java:601)
D/StrictMode(26889): 	at dalvik.system.NativeStart.main(Native Method)
D/StrictMode(26889): StrictMode policy violation; ~duration=143 ms: android.os.StrictMode$StrictModeDiskReadViolation: policy=31 violation=2
D/StrictMode(26889): 	at android.os.StrictMode$AndroidBlockGuardPolicy.onReadFromDisk(StrictMode.java:1135)
D/StrictMode(26889): 	at libcore.io.BlockGuardOs.open(BlockGuardOs.java:106)
D/StrictMode(26889): 	at libcore.io.IoBridge.open(IoBridge.java:393)
D/StrictMode(26889): 	at java.io.FileInputStream.<init>(FileInputStream.java:78)
D/StrictMode(26889): 	at android.app.ContextImpl.openFileInput(ContextImpl.java:909)
D/StrictMode(26889): 	at android.content.ContextWrapper.openFileInput(ContextWrapper.java:179)
D/StrictMode(26889): 	at com.google.android.apps.gmm.shared.f.h.a(PG:150)
D/StrictMode(26889): 	at com.google.android.apps.gmm.map.m.e.a(PG:356)
D/StrictMode(26889): 	at com.google.android.apps.gmm.base.app.d.a(PG:1135)
D/StrictMode(26889): 	at com.google.android.apps.gmm.base.app.d.<init>(PG:578)
D/StrictMode(26889): 	at com.google.android.apps.gmm.base.app.GoogleMapsApplication.a(PG:156)
D/StrictMode(26889): 	at com.google.android.apps.gmm.base.app.GoogleMapsApplication.onCreate(PG:111)
D/StrictMode(26889): 	at android.app.Instrumentation.callApplicationOnCreate(Instrumentation.java:1030)
D/StrictMode(26889): 	at android.app.ActivityThread.handleBindApplication(ActivityThread.java:4409)
D/StrictMode(26889): 	at android.app.ActivityThread.access$1500(ActivityThread.java:139)
D/StrictMode(26889): 	at android.app.ActivityThread$H.handleMessage(ActivityThread.java:1270)
D/StrictMode(26889): 	at android.os.Handler.dispatchMessage(Handler.java:102)
D/StrictMode(26889): 	at android.os.Looper.loop(Looper.java:136)
D/StrictMode(26889): 	at android.app.ActivityThread.main(ActivityThread.java:5086)
D/StrictMode(26889): 	at java.lang.reflect.Method.invokeNative(Native Method)
D/StrictMode(26889): 	at java.lang.reflect.Method.invoke(Method.java:515)
D/StrictMode(26889): 	at com.android.internal.os.ZygoteInit$MethodAndArgsCaller.run(ZygoteInit.java:785)
D/StrictMode(26889): 	at com.android.internal.os.ZygoteInit.main(ZygoteInit.java:601)
D/StrictMode(26889): 	at dalvik.system.NativeStart.main(Native Method)
D/StrictMode(26889): StrictMode policy violation; ~duration=128 ms: android.os.StrictMode$StrictModeDiskReadViolation: policy=31 violation=2
D/StrictMode(26889): 	at android.os.StrictMode$AndroidBlockGuardPolicy.onReadFromDisk(StrictMode.java:1135)
D/StrictMode(26889): 	at libcore.io.BlockGuardOs.read(BlockGuardOs.java:148)
D/StrictMode(26889): 	at libcore.io.IoBridge.read(IoBridge.java:425)
D/StrictMode(26889): 	at java.io.FileInputStream.read(FileInputStream.java:179)
D/StrictMode(26889): 	at java.io.BufferedInputStream.read(BufferedInputStream.java:283)
D/StrictMode(26889): 	at java.io.DataInputStream.read(DataInputStream.java:63)
D/StrictMode(26889): 	at com.google.r.j.c(PG:1152)
D/StrictMode(26889): 	at com.google.r.j.a(PG:121)
D/StrictMode(26889): 	at com.google.v.a.a.dv.<init>(PG:24)
D/StrictMode(26889): 	at com.google.v.a.a.dw.b(PG:68)
D/StrictMode(26889): 	at com.google.v.a.a.dw.a(PG:62)
D/StrictMode(26889): 	at com.google.r.e.b(PG:170)
D/StrictMode(26889): 	at com.google.r.e.b(PG:21)
D/StrictMode(26889): 	at com.google.android.apps.gmm.shared.f.h.a(PG:151)
D/StrictMode(26889): 	at com.google.android.apps.gmm.map.m.e.a(PG:356)
D/StrictMode(26889): 	at com.google.android.apps.gmm.base.app.d.a(PG:1135)
D/StrictMode(26889): 	at com.google.android.apps.gmm.base.app.d.<init>(PG:578)
D/StrictMode(26889): 	at com.google.android.apps.gmm.base.app.GoogleMapsApplication.a(PG:156)
D/StrictMode(26889): 	at com.google.android.apps.gmm.base.app.GoogleMapsApplication.onCreate(PG:111)
D/StrictMode(26889): 	at android.app.Instrumentation.callApplicationOnCreate(Instrumentation.java:1030)
D/StrictMode(26889): 	at android.app.ActivityThread.handleBindApplication(ActivityThread.java:4409)
D/StrictMode(26889): 	at android.app.ActivityThread.access$1500(ActivityThread.java:139)
D/StrictMode(26889): 	at android.app.ActivityThread$H.handleMessage(ActivityThread.java:1270)
D/StrictMode(26889): 	at android.os.Handler.dispatchMessage(Handler.java:102)
D/StrictMode(26889): 	at android.os.Looper.loop(Looper.java:136)
D/StrictMode(26889): 	at android.app.ActivityThread.main(ActivityThread.java:5086)
D/StrictMode(26889): 	at java.lang.reflect.Method.invokeNative(Native Method)
D/StrictMode(26889): 	at java.lang.reflect.Method.invoke(Method.java:515)
D/StrictMode(26889): 	at com.android.internal.os.ZygoteInit$MethodAndArgsCaller.run(ZygoteInit.java:785)
D/StrictMode(26889): 	at com.android.internal.os.ZygoteInit.main(ZygoteInit.java:601)
D/StrictMode(26889): 	at dalvik.system.NativeStart.main(Native Method)
D/StrictMode(26889): StrictMode policy violation; ~duration=123 ms: android.os.StrictMode$StrictModeDiskReadViolation: policy=31 violation=2
D/StrictMode(26889): 	at android.os.StrictMode$AndroidBlockGuardPolicy.onReadFromDisk(StrictMode.java:1135)
D/StrictMode(26889): 	at libcore.io.BlockGuardOs.read(BlockGuardOs.java:148)
D/StrictMode(26889): 	at libcore.io.IoBridge.read(IoBridge.java:425)
D/StrictMode(26889): 	at java.io.FileInputStream.read(FileInputStream.java:179)
D/StrictMode(26889): 	at java.io.BufferedInputStream.read(BufferedInputStream.java:283)
D/StrictMode(26889): 	at java.io.DataInputStream.read(DataInputStream.java:63)
D/StrictMode(26889): 	at com.google.r.j.c(PG:1152)
D/StrictMode(26889): 	at com.google.r.j.b(PG:1234)
D/StrictMode(26889): 	at com.google.r.j.g(PG:548)
D/StrictMode(26889): 	at com.google.v.a.a.dv.<init>(PG:43)
D/StrictMode(26889): 	at com.google.v.a.a.dw.b(PG:68)
D/StrictMode(26889): 	at com.google.v.a.a.dw.a(PG:62)
D/StrictMode(26889): 	at com.google.r.e.b(PG:170)
D/StrictMode(26889): 	at com.google.r.e.b(PG:21)
D/StrictMode(26889): 	at com.google.android.apps.gmm.shared.f.h.a(PG:151)
D/StrictMode(26889): 	at com.google.android.apps.gmm.map.m.e.a(PG:356)
D/StrictMode(26889): 	at com.google.android.apps.gmm.base.app.d.a(PG:1135)
D/StrictMode(26889): 	at com.google.android.apps.gmm.base.app.d.<init>(PG:578)
D/StrictMode(26889): 	at com.google.android.apps.gmm.base.app.GoogleMapsApplication.a(PG:156)
D/StrictMode(26889): 	at com.google.android.apps.gmm.base.app.GoogleMapsApplication.onCreate(PG:111)
D/StrictMode(26889): 	at android.app.Instrumentation.callApplicationOnCreate(Instrumentation.java:1030)
D/StrictMode(26889): 	at android.app.ActivityThread.handleBindApplication(ActivityThread.java:4409)
D/StrictMode(26889): 	at android.app.ActivityThread.access$1500(ActivityThread.java:139)
D/StrictMode(26889): 	at android.app.ActivityThread$H.handleMessage(ActivityThread.java:1270)
D/StrictMode(26889): 	at android.os.Handler.dispatchMessage(Handler.java:102)
D/StrictMode(26889): 	at android.os.Looper.loop(Looper.java:136)
D/StrictMode(26889): 	at android.app.ActivityThread.main(ActivityThread.java:5086)
D/StrictMode(26889): 	at java.lang.reflect.Method.invokeNative(Native Method)
D/StrictMode(26889): 	at java.lang.reflect.Method.invoke(Method.java:515)
D/StrictMode(26889): 	at com.android.internal.os.ZygoteInit$MethodAndArgsCaller.run(ZygoteInit.java:785)
D/StrictMode(26889): 	at com.android.internal.os.ZygoteInit.main(ZygoteInit.java:601)
D/StrictMode(26889): 	at dalvik.system.NativeStart.main(Native Method)
W/ActivityThread(26889): ClassLoader.loadClass: The class loader returned by Thread.getContextClassLoader() may fail for processes that host multiple applications. You should explicitly specify a context class loader. For example: Thread.setContextClassLoader(getClass().getClassLoader());
D/3CDM.DeviceAdminPushReceiver(18647): Received an Intent - Action: android.intent.action.USER_PRESENT
D/3CDM.DeviceAdminPushReceiver(18647): Type: null
D/3CDM.DeviceAdminPushReceiver(18647): Data: null
D/3CDM.Service(18647): android.intent.action.USER_PRESENT
D/3CDM.Service(18647): Phone was locked and now it is unlocked now.
I/ActivityManager( 1025): Start proc com.linkedin.android for broadcast com.linkedin.android/.appwidget.ResponsiveWidgetService$ActiveUserListener: pid=26915 uid=10123 gids={50123, 3003, 1028, 1015}
I/ActivityManager( 1025): Process com.google.android.apps.maps (pid 26889) has died.
D/CordovaActivity(21707): CordovaActivity.onDestroy()
D/CordovaWebView(21707): >>> loadUrlNow()
I/SFPerfTracer(  274):      triggers: (rate: 1250:49614) (compose: 0:251) (post: 0:20) (render: 84:10545) (0:779641 frames) (1:3297603)
D/SFPerfTracer(  274):        layers: (3:11) (DimLayer: 0:158)* (DimLayer: 0:126)* (FocusedStackFrame: 0:21489)* (StatusBar: 0:263782) (NavigationBar: 0:202397) (DimLayer: 0:24310)* (DimLayer: 0:4680)* (com.android.wallpaper.fall.FallWallpaper: 0:9339)* (co.giftmeapp.gift_me/co.giftmeapp.gift_me.GiftMe: 0:315)* (com.android.systemui/com.android.systemui.recent.RecentsActivity: 1:78) (thumbnail anim: 0:17)* 
W/IdleConnectionHandler(21707): Removing a connection that never existed!
W/IdleConnectionHandler(21707): Removing a connection that never existed!
W/IdleConnectionHandler(21707): Removing a connection that never existed!
W/IdleConnectionHandler(21707): Removing a connection that never existed!
W/IdleConnectionHandler(21707): Removing a connection that never existed!
I/ActivityManager( 1025): Killing 21707:co.giftmeapp.gift_me/u0a155 (adj 16): remove task
W/ContextImpl( 1295): Calling a method in the system process without a qualified user: android.app.ContextImpl.sendBroadcast:1252 android.content.ContextWrapper.sendBroadcast:365 com.motorola.motocare.util.TriggerHelper$TriggerBuilder.send:76 com.motorola.motocare.internal.frameworkevents.ProcessKillTrigger.sendTrigger:147 com.motorola.motocare.internal.frameworkevents.ProcessKillTrigger.handleFrameworkEvent:164 
D/perfTimingLib(26915): logTimeStamp for linkedin_android_app_oncreate_time
D/WifiStateMachine( 1025): handleMessage: E msg.what=151572
D/WifiStateMachine( 1025): processMsg: ConnectedState
D/WifiStateMachine( 1025): processMsg: L2ConnectedState
D/WifiStateMachine( 1025): handleMessage: X
I/LiConfigParser(26915): Avail updated for feature [bluesteel_profile_easter] to:true
I/LiConfigParser(26915): Avail updated for feature [bluesteel_profile_caching] to:true
I/LiConfigParser(26915): Avail updated for feature [bluesteel_profile_background_animation] to:true
I/DefaultLiHttpClient(26915): Current retry config is:UseLiExceptionRetry
I/PersistentCookieStore(26915): Get Persistent Cookie Store
I/PersistentCookieStore(26915): mInstance == null. init mInstance
I/PersistentCookieStore(26915): no migration
I/MobileClient(26915): Mobile server: https://touch.www.linkedin.com
V/WebViewChromiumFactoryProvider(26915): Binding Chromium to main looper Looper (main, tid 1) {41fa45a0}
I/LibraryLoader(26915): Expected native library version number "",actual native library version number ""
I/chromium(26915): [INFO:library_loader_hooks.cc(116)] Chromium logging enabled: level = 0, default verbosity = 0
I/BrowserStartupController(26915): Initializing chromium process, renderers=0
E/AudioManagerAndroid(26915): BLUETOOTH permission is missing!
I/Adreno-EGL(26915): <qeglDrvAPI_eglInitialize:410>: EGL 1.4 QUALCOMM build: AU_LINUX_ANDROID_LNX.LA.3.5.1_RB1.04.04.02.048.018_msm8226_LNX.LA.3.5.1_RB1__release_AU ()
I/Adreno-EGL(26915): OpenGL ES Shader Compiler Version: E031.24.00.08
I/Adreno-EGL(26915): Build Date: 03/07/14 Fri
I/Adreno-EGL(26915): Local Branch: 
I/Adreno-EGL(26915): Remote Branch: quic/LNX.LA.3.5.1_RB1.1
I/Adreno-EGL(26915): Local Patches: NONE
I/Adreno-EGL(26915): Reconstruct Branch: AU_LINUX_ANDROID_LNX.LA.3.5.1_RB1.04.04.02.048.018 + f2fd134 +  NOTHING
W/chromium(26915): [WARNING:proxy_service.cc(890)] PAC support disabled because there is no system implementation
I/PersistentCookieStore(26915): Get Persistent Cookie Store
D/AudioManagerAndroid(26915): ==> onReceive: s=0, m=1, n=h2w, sb=true
D/AudioManagerAndroid(26915): reportUpdate: state=0, devices=[Speakerphone, Headset earpiece]
I/ActivityManager( 1025): Start proc com.distilledmedia.thescore for broadcast com.distilledmedia.thescore/com.parse.ParseBroadcastReceiver: pid=26958 uid=10138 gids={50138, 3003, 1028, 1015}
D/ACRA    (26915): ACRA is enabled for com.linkedin.android, intializing...
I/PersistentCookieStore(26915): Get Persistent Cookie Store
I/RequestQueue(26915): Init Network Client
I/RequestQueue(26915): Network dispatcher has started
D/LI_AUTH_LIB(26915): in init username=TimCallagy@gmail.com
I/PersistentCookieStore(26915): All cookies cleared
D/com.linkedin.android.liauthlib.NetworkDispatcher(26915): sending request https://www.linkedin.com/mob/sso/you
D/ACRA    (26915): Looking for error files in /data/data/com.linkedin.android/files
I/LiApplication(26915): Locale found in prefs: 
I/LiApplication(26915): Updated language/locale to: en_GB
I/MultiDex(26958): VM with version 1.6.0 does not have multidex support
I/MultiDex(26958): install
I/MultiDex(26958): MultiDexExtractor.load(/data/app/com.distilledmedia.thescore-2.apk, false)
I/MultiDex(26958): loading existing secondary dex files
I/MultiDex(26958): load found 0 secondary dex files
I/MultiDex(26958): install done
D/[1]JournalApp(26958): created
W/Settings(26958): Setting airplane_mode_on has moved from android.provider.Settings.System to android.provider.Settings.Global, returning read-only value.
V/WebViewChromiumFactoryProvider(26958): Binding Chromium to main looper Looper (main, tid 1) {41fa5328}
I/LibraryLoader(26958): Expected native library version number "",actual native library version number ""
I/chromium(26958): [INFO:library_loader_hooks.cc(116)] Chromium logging enabled: level = 0, default verbosity = 0
I/BrowserStartupController(26958): Initializing chromium process, renderers=0
E/AudioManagerAndroid(26958): BLUETOOTH permission is missing!
I/Adreno-EGL(26958): <qeglDrvAPI_eglInitialize:410>: EGL 1.4 QUALCOMM build: AU_LINUX_ANDROID_LNX.LA.3.5.1_RB1.04.04.02.048.018_msm8226_LNX.LA.3.5.1_RB1__release_AU ()
I/Adreno-EGL(26958): OpenGL ES Shader Compiler Version: E031.24.00.08
I/Adreno-EGL(26958): Build Date: 03/07/14 Fri
I/Adreno-EGL(26958): Local Branch: 
I/Adreno-EGL(26958): Remote Branch: quic/LNX.LA.3.5.1_RB1.1
I/Adreno-EGL(26958): Local Patches: NONE
I/Adreno-EGL(26958): Reconstruct Branch: AU_LINUX_ANDROID_LNX.LA.3.5.1_RB1.04.04.02.048.018 + f2fd134 +  NOTHING
W/chromium(26958): [WARNING:proxy_service.cc(890)] PAC support disabled because there is no system implementation
I/[6b9fa]com.distilledmedia.http.images.BitmapDiskCache(26958):  starting up file cache 
I/[1]FacebookAccount(26958): Restored session valid = false
I/[1]TheScoreApp(26958): Live notifications enabled
D/AudioManagerAndroid(26958): ==> onReceive: s=0, m=1, n=h2w, sb=true
D/AudioManagerAndroid(26958): reportUpdate: state=0, devices=[Speakerphone, Headset earpiece]
D/com.linkedin.android.liauthlib.NetworkDispatcher(26915): got response from https://www.linkedin.com/mob/sso/you
I/ActivityManager( 1025): Start proc com.devexpert.weather for broadcast com.devexpert.weather/.view.WidgetWeather2x1: pid=27025 uid=10112 gids={50112, 3003, 1028, 1015}
D/WifiStateMachine( 1025): handleMessage: E msg.what=151572
D/WifiStateMachine( 1025): processMsg: ConnectedState
D/WifiStateMachine( 1025): processMsg: L2ConnectedState
D/WifiStateMachine( 1025): handleMessage: X
I/SFPerfTracer(  274):      triggers: (rate: 1117:446552) (339764 sw vsyncs) (1045196 skipped) (88:3317107 vsyncs) (90:4157299)
I/SBar.NetworkController( 1119): onSignalStrengthsChanged SignalStrength: 3 0 -120 -160 -120 -1 -1 99 2147483647 2147483647 2147483647 2147483647 2147483647 gsm|lte 0 -108 -1 false 1 1 0 0 0 99 99 99 4 level=1
W/BroadcastQueue( 1025): Permission Denial: broadcasting Intent { act=android.net.conn.INET_CONDITION_ACTION flg=0x4000010 (has extras) } from null (pid=-1, uid=-1) requires com.facebook.permission.prod.FB_APP_COMMUNICATION due to registered receiver BroadcastFilter{42b736a0 u0 ReceiverList{42f33d98 26758 com.facebook.katana/10110/u0 remote:428e56f0}}
W/BroadcastQueue( 1025): Permission Denial: broadcasting Intent { act=android.net.conn.CONNECTIVITY_CHANGE flg=0x4000010 (has extras) } from null (pid=-1, uid=-1) requires com.facebook.permission.prod.FB_APP_COMMUNICATION due to registered receiver BroadcastFilter{42b736a0 u0 ReceiverList{42f33d98 26758 com.facebook.katana/10110/u0 remote:428e56f0}}
W/dalvikvm(26758): Unable to resolve superclass of Lcom/facebook/push/adm/ADMBroadcastReceiver; (505)
W/dalvikvm(26758): Link of class 'Lcom/facebook/push/adm/ADMBroadcastReceiver;' failed
E/dalvikvm(26758): Could not find class 'com.facebook.push.adm.ADMBroadcastReceiver', referenced from method com.facebook.push.adm.ADMPushManager.b
W/dalvikvm(26758): VFY: unable to resolve const-class 8355 (Lcom/facebook/push/adm/ADMBroadcastReceiver;) in Lcom/facebook/push/adm/ADMPushManager;
D/dalvikvm(26758): VFY: replacing opcode 0x1c at 0x000e
D/WifiStateMachine( 1025): handleMessage: E msg.what=151572
D/WifiStateMachine( 1025): processMsg: ConnectedState
D/WifiStateMachine( 1025): processMsg: L2ConnectedState
D/WifiStateMachine( 1025): handleMessage: X
D/WifiStateMachine( 1025): handleMessage: E msg.what=131155
D/WifiStateMachine( 1025): processMsg: ConnectedState
D/WifiStateMachine( 1025): processMsg: L2ConnectedState
D/WifiStateMachine( 1025): handleMessage: X
W/fb4a(:<default>):AbstractMqttPushService(26758): Attempt to start service that is already started
W/fb4a(:<default>):AbstractMqttPushService(26758): Attempt to start service that is already started
D/dalvikvm(26758): GC_CONCURRENT freed 4107K, 25% free 13007K/17224K, paused 5ms+6ms, total 61ms
W/BroadcastQueue( 1025): Permission Denial: broadcasting Intent { act=android.net.conn.CONNECTIVITY_CHANGE flg=0x4000010 (has extras) } from null (pid=-1, uid=-1) requires com.facebook.permission.prod.FB_APP_COMMUNICATION due to registered receiver BroadcastFilter{42a46308 u0 ReceiverList{42cf0b70 26758 com.facebook.katana/10110/u0 remote:424a80a8}}
D/GcOptimizer(26758): Configure for next cold start: enable
D/WifiStateMachine( 1025): handleMessage: E msg.what=151572
D/WifiStateMachine( 1025): processMsg: ConnectedState
D/WifiStateMachine( 1025): processMsg: L2ConnectedState
D/WifiStateMachine( 1025): handleMessage: X
I/ActivityManager( 1025): Start proc com.facebook.orca for content provider com.facebook.orca/.notify.MessengerLoggedInUserProvider: pid=27071 uid=10147 gids={50147, 3003, 1028, 1015}
D/ACRA    (27071): ACRA is enabled for com.facebook.orca, intializing...
D/ACRA    (27071): Looking for error files in /data/user/0/com.facebook.orca/app_acra-reports
D/ACRA    (27071): Looking for error files in /data/user/0/com.facebook.orca/app_minidumps
D/dalvikvm(27071): Trying to load lib /data/app-lib/com.facebook.orca-2/libgnustl_shared.so 0x41fb1738
D/dalvikvm(27071): Added shared lib /data/app-lib/com.facebook.orca-2/libgnustl_shared.so 0x41fb1738
D/dalvikvm(27071): No JNI_OnLoad found in /data/app-lib/com.facebook.orca-2/libgnustl_shared.so 0x41fb1738, skipping init
D/dalvikvm(27071): Trying to load lib /data/app-lib/com.facebook.orca-2/libfb_breakpad_client.so 0x41fb1738
D/dalvikvm(27071): Added shared lib /data/app-lib/com.facebook.orca-2/libfb_breakpad_client.so 0x41fb1738
D/dalvikvm(27071): Trying to load lib /data/app-lib/com.facebook.orca-2/libfb_dalvik-internals.so 0x41fb1738
D/dalvikvm(27071): Added shared lib /data/app-lib/com.facebook.orca-2/libfb_dalvik-internals.so 0x41fb1738
V/DexLibLoader(27071): about to lock: /data/user/0/com.facebook.orca/mdex_lock
V/DexLibLoader(27071): locking /data/user/0/com.facebook.orca/mdex_lock took 1 ms
V/DexLibLoader(27071): Secondary program dex metadata: secondary-1.dex.jar 790183d1fb728678b0d8546ed8e9eaef90404089 secondary.dex01.Canary
V/DexLibLoader(27071): Secondary program dex metadata: secondary-2.dex.jar 03b795797c6ded9e8b3df575980b7d37d9ca8dad secondary.dex02.Canary
V/DexLibLoader(27071): Secondary program dex metadata: secondary-3.dex.jar 5ccf73e2daa6156653af1c6485ad6053f38846b9 secondary.dex03.Canary
V/DexLibLoader(27071): directory "/data/user/0/com.facebook.orca/app_secondary_program_dex" contains "program-790183d1fb728678b0d8546ed8e9eaef904040896661a1c7.dex.jar" as expected
V/DexLibLoader(27071): directory "/data/user/0/com.facebook.orca/app_secondary_program_dex" contains "program-03b795797c6ded9e8b3df575980b7d37d9ca8dad6661a1c7.dex.jar" as expected
V/DexLibLoader(27071): directory "/data/user/0/com.facebook.orca/app_secondary_program_dex" contains "program-5ccf73e2daa6156653af1c6485ad6053f38846b96661a1c7.dex.jar" as expected
D/DexLibLoader(27071): ignoring file "program-790183d1fb728678b0d8546ed8e9eaef904040896661a1c7.dex.odex" in "/data/user/0/com.facebook.orca/app_secondary_program_dex"
D/DexLibLoader(27071): ignoring file "program-03b795797c6ded9e8b3df575980b7d37d9ca8dad6661a1c7.dex.odex" in "/data/user/0/com.facebook.orca/app_secondary_program_dex"
D/DexLibLoader(27071): ignoring file "program-5ccf73e2daa6156653af1c6485ad6053f38846b96661a1c7.dex.odex" in "/data/user/0/com.facebook.orca/app_secondary_program_dex"
D/DexLibLoader(27071): directory "/data/user/0/com.facebook.orca/app_secondary_program_dex" is valid
D/DexLibLoader(27071): ignoring file "primary_deps" in "/data/user/0/com.facebook.orca/app_secondary_program_dex_opt"
V/DexLibLoader(27071): directory "/data/user/0/com.facebook.orca/app_secondary_program_dex_opt" contains "program-790183d1fb728678b0d8546ed8e9eaef904040896661a1c7.dex.dex" as expected
V/DexLibLoader(27071): directory "/data/user/0/com.facebook.orca/app_secondary_program_dex_opt" contains "program-03b795797c6ded9e8b3df575980b7d37d9ca8dad6661a1c7.dex.dex" as expected
V/DexLibLoader(27071): directory "/data/user/0/com.facebook.orca/app_secondary_program_dex_opt" contains "program-5ccf73e2daa6156653af1c6485ad6053f38846b96661a1c7.dex.dex" as expected
D/DexLibLoader(27071): directory "/data/user/0/com.facebook.orca/app_secondary_program_dex_opt" is valid
D/DexLibLoader(27071): loading pre-built cross-dex opt odex files
V/dalvik-internals(27071): hooked dvmResolveClass using jump ()
V/dalvik-internals(27071): hooked dvmFlushBreakpoints using jump ()
V/MultiDexClassLoader(27071): installing MultiDexClassLoader before application classloader
I/dalvikvm(27071): Could not find method dalvik.system.DexFile.loadClassBinaryName, referenced from method com.facebook.common.l.g.a
W/dalvikvm(27071): VFY: unable to resolve virtual method 1453: Ldalvik/system/DexFile;.loadClassBinaryName (Ljava/lang/String;Ljava/lang/ClassLoader;)Ljava/lang/Class;
D/dalvikvm(27071): VFY: replacing opcode 0x6e at 0x0000
D/DexLibLoader(27071): released odex store lock
D/DexLibLoader(27071): DexLibLoader.loadAll took 72 ms
W/bp      (27071): Verify
D/WifiStateMachine( 1025): handleMessage: E msg.what=151572
D/WifiStateMachine( 1025): processMsg: ConnectedState
D/WifiStateMachine( 1025): processMsg: L2ConnectedState
D/WifiStateMachine( 1025): handleMessage: X
E/dalvikvm(27071): Could not find class 'org.apache.harmony.xnet.provider.jsse.OpenSSLSocketImpl', referenced from method com.facebook.ssl.openssl.a.b.<clinit>
W/dalvikvm(27071): VFY: unable to resolve const-class 10658 (Lorg/apache/harmony/xnet/provider/jsse/OpenSSLSocketImpl;) in Lcom/facebook/ssl/openssl/a/b;
D/dalvikvm(27071): VFY: replacing opcode 0x1c at 0x000d
E/dalvikvm(27071): Could not find class 'org.apache.harmony.xnet.provider.jsse.OpenSSLSocketFactoryImpl', referenced from method com.facebook.ssl.openssl.b.b.<clinit>
W/dalvikvm(27071): VFY: unable to resolve const-class 10657 (Lorg/apache/harmony/xnet/provider/jsse/OpenSSLSocketFactoryImpl;) in Lcom/facebook/ssl/openssl/b/b;
D/dalvikvm(27071): VFY: replacing opcode 0x1c at 0x000d
E/dalvikvm(27071): Could not find class 'org.apache.harmony.xnet.provider.jsse.SSLParametersImpl', referenced from method com.facebook.ssl.openssl.b.b.a
W/dalvikvm(27071): VFY: unable to resolve check-cast 10660 (Lorg/apache/harmony/xnet/provider/jsse/SSLParametersImpl;) in Lcom/facebook/ssl/openssl/b/b;
D/dalvikvm(27071): VFY: replacing opcode 0x1f at 0x0006
E/dalvikvm(27071): Could not find class 'org.apache.harmony.xnet.provider.jsse.SSLParametersImpl', referenced from method com.facebook.ssl.openssl.b.c.<clinit>
W/dalvikvm(27071): VFY: unable to resolve const-class 10660 (Lorg/apache/harmony/xnet/provider/jsse/SSLParametersImpl;) in Lcom/facebook/ssl/openssl/b/c;
D/dalvikvm(27071): VFY: replacing opcode 0x1c at 0x000d
W/dalvikvm(27071): VFY: unable to find class referenced in signature (Lorg/apache/harmony/xnet/provider/jsse/SSLParametersImpl;)
E/dalvikvm(27071): Could not find class 'org.apache.harmony.xnet.provider.jsse.ClientSessionContext', referenced from method com.facebook.ssl.openssl.b.c.a
W/dalvikvm(27071): VFY: unable to resolve check-cast 10656 (Lorg/apache/harmony/xnet/provider/jsse/ClientSessionContext;) in Lcom/facebook/ssl/openssl/b/c;
D/dalvikvm(27071): VFY: replacing opcode 0x1f at 0x0006
W/dalvikvm(27071): VFY: unable to find class referenced in signature (Lorg/apache/harmony/xnet/provider/jsse/SSLParametersImpl;)
W/dalvikvm(27071): Unable to resolve superclass of Lcom/facebook/ssl/openssl/TicketEnabledOpenSSLSocketImplWrapper; (10659)
W/dalvikvm(27071): Link of class 'Lcom/facebook/ssl/openssl/TicketEnabledOpenSSLSocketImplWrapper;' failed
E/dalvikvm(27071): Could not find class 'com.facebook.ssl.openssl.TicketEnabledOpenSSLSocketImplWrapper', referenced from method com.facebook.ssl.openssl.b.a
W/dalvikvm(27071): VFY: unable to resolve new-instance 7258 (Lcom/facebook/ssl/openssl/TicketEnabledOpenSSLSocketImplWrapper;) in Lcom/facebook/ssl/openssl/b;
D/dalvikvm(27071): VFY: replacing opcode 0x22 at 0x0000
W/dalvikvm(27071): Unable to resolve superclass of Lcom/facebook/ssl/openssl/TicketEnabledOpenSSLSocketImplWrapper; (10659)
W/dalvikvm(27071): Link of class 'Lcom/facebook/ssl/openssl/TicketEnabledOpenSSLSocketImplWrapper;' failed
D/dalvikvm(27071): DexOpt: unable to opt direct call 0x9f40 at 0x08 in Lcom/facebook/ssl/openssl/b;.a
W/msgr(:<default>):a(27071): Attempt to start service that is already started
D/dalvikvm(27071): Trying to load lib /data/app-lib/com.facebook.orca-2/libfbjni.so 0x41fb1738
D/dalvikvm(27071): Added shared lib /data/app-lib/com.facebook.orca-2/libfbjni.so 0x41fb1738
D/dalvikvm(27071): Trying to load lib /data/app-lib/com.facebook.orca-2/libheartbleed.so 0x41fb1738
D/dalvikvm(27071): Added shared lib /data/app-lib/com.facebook.orca-2/libheartbleed.so 0x41fb1738
I/ActivityManager( 1025): Process com.linkedin.android (pid 26915) has died.
I/ActivityManager( 1025): Process com.distilledmedia.thescore (pid 26958) has died.
I/ActivityManager( 1025): Process com.devexpert.weather (pid 27025) has died.
D/WifiStateMachine( 1025): handleMessage: E msg.what=151572
D/WifiStateMachine( 1025): processMsg: ConnectedState
D/WifiStateMachine( 1025): processMsg: L2ConnectedState
D/WifiStateMachine( 1025): handleMessage: X
D/WifiStateMachine( 1025): handleMessage: E msg.what=131155
D/WifiStateMachine( 1025): processMsg: ConnectedState
D/WifiStateMachine( 1025): processMsg: L2ConnectedState
D/WifiStateMachine( 1025): handleMessage: X
D/Ulp_jni ( 1025): Location CB invoked
I/PackageManager( 1025): Adding preferred activity ComponentInfo{com.android.mms/com.android.mms.ui.ComposeMessageActivity} for user 0 :
I/PackageManager( 1025):   Action: "android.intent.action.SENDTO"
I/PackageManager( 1025):   Category: "android.intent.category.DEFAULT"
I/PackageManager( 1025):   Scheme: "sms"
I/InputReader( 1025): Reconfiguring input devices.  changes=0x00000010
I/PackageManager( 1025): Adding preferred activity ComponentInfo{com.android.mms/com.android.mms.ui.ComposeMessageActivity} for user 0 :
I/PackageManager( 1025):   Action: "android.intent.action.SENDTO"
I/PackageManager( 1025):   Category: "android.intent.category.DEFAULT"
I/PackageManager( 1025):   Scheme: "smsto"
I/PackageManager( 1025): Adding preferred activity ComponentInfo{com.android.mms/com.android.mms.ui.ComposeMessageActivity} for user 0 :
I/PackageManager( 1025):   Action: "android.intent.action.SENDTO"
I/PackageManager( 1025):   Category: "android.intent.category.DEFAULT"
I/PackageManager( 1025):   Scheme: "mms"
I/Launcher( 2206): Deferring update until onResume
I/PackageManager( 1025): Adding preferred activity ComponentInfo{com.android.mms/com.android.mms.ui.ComposeMessageActivity} for user 0 :
I/PackageManager( 1025):   Action: "android.intent.action.SENDTO"
I/PackageManager( 1025):   Category: "android.intent.category.DEFAULT"
I/PackageManager( 1025):   Scheme: "mmsto"
I/ActivityManager( 1025): Start proc com.android.vending for broadcast com.android.vending/com.google.android.finsky.receivers.PackageMonitorReceiver$RegisteredReceiver: pid=27147 uid=10039 gids={50039, 3003, 1028, 1015}
I/PackageManager( 1025): Adding preferred activity ComponentInfo{com.android.mms/com.android.mms.ui.ComposeMessageActivity} for user 0 :
I/PackageManager( 1025):   Action: "android.intent.action.SENDTO"
I/PackageManager( 1025):   Category: "android.intent.category.DEFAULT"
I/PackageManager( 1025):   Scheme: "sms"
I/Launcher( 2206): Deferring update until onResume
I/PackageManager( 1025): Adding preferred activity ComponentInfo{com.android.mms/com.android.mms.ui.ComposeMessageActivity} for user 0 :
I/PackageManager( 1025):   Action: "android.intent.action.SENDTO"
I/PackageManager( 1025):   Category: "android.intent.category.DEFAULT"
I/PackageManager( 1025):   Scheme: "smsto"
I/PackageManager( 1025): Adding preferred activity ComponentInfo{com.android.mms/com.android.mms.ui.ComposeMessageActivity} for user 0 :
I/PackageManager( 1025):   Action: "android.intent.action.SENDTO"
I/PackageManager( 1025):   Category: "android.intent.category.DEFAULT"
I/PackageManager( 1025):   Scheme: "mms"
I/PackageManager( 1025): Adding preferred activity ComponentInfo{com.android.mms/com.android.mms.ui.ComposeMessageActivity} for user 0 :
I/PackageManager( 1025):   Action: "android.intent.action.SENDTO"
I/PackageManager( 1025):   Category: "android.intent.category.DEFAULT"
I/PackageManager( 1025):   Scheme: "mmsto"
D/WifiStateMachine( 1025): handleMessage: E msg.what=151572
D/WifiStateMachine( 1025): processMsg: ConnectedState
D/WifiStateMachine( 1025): processMsg: L2ConnectedState
I/SBar.NetworkController( 1119): refreshSignalCluster: mobile: Signal=zz_moto_stat_sys_signal_3_fully_wide Roaming=(none) mSimIconId=(none) Accessibility="Phone three bars.","Not roaming.",""
D/WifiStateMachine( 1025): handleMessage: X
D/Finsky  (27147): [1] FinskyApp.onCreate: Initializing network with DFE https://android.clients.google.com/fdfe/
D/Finsky  (27147): [1] DailyHygiene.goMakeHygieneIfDirty: No need to run daily hygiene.
W/Settings(27147): Setting download_manager_max_bytes_over_mobile has moved from android.provider.Settings.Secure to android.provider.Settings.Global.
W/Settings(27147): Setting download_manager_recommended_max_bytes_over_mobile has moved from android.provider.Settings.Secure to android.provider.Settings.Global.
I/dalvikvm(27147): Could not find method com.google.android.play.layout.PlayCardViewBase.setTransitionName, referenced from method com.google.android.finsky.utils.PlayCardUtils.bindCard
W/dalvikvm(27147): VFY: unable to resolve virtual method 42705: Lcom/google/android/play/layout/PlayCardViewBase;.setTransitionName (Ljava/lang/String;)V
D/dalvikvm(27147): VFY: replacing opcode 0x6e at 0x00d9
I/dalvikvm(27147): Could not find method com.google.android.play.layout.PlayCardViewBase.setTransitionGroup, referenced from method com.google.android.finsky.utils.PlayCardUtils.bindCard
W/dalvikvm(27147): VFY: unable to resolve virtual method 42704: Lcom/google/android/play/layout/PlayCardViewBase;.setTransitionGroup (Z)V
D/dalvikvm(27147): VFY: replacing opcode 0x6e at 0x0246
I/dalvikvm(27147): Could not find method android.view.View.getTransitionName, referenced from method com.google.android.finsky.navigationmanager.NavigationManager.showPage
W/dalvikvm(27147): VFY: unable to resolve virtual method 9352: Landroid/view/View;.getTransitionName ()Ljava/lang/String;
D/dalvikvm(27147): VFY: replacing opcode 0x6e at 0x001a
D/Finsky  (27147): [1] 2.run: Loaded library for account: [gKXbJhL8NA2nPUzZyFpjB6tKi7U]
D/Finsky  (27147): [1] 2.run: Finished loading 1 libraries.
D/PackageBroadcastService(11661): Received broadcast action=android.intent.action.PACKAGE_CHANGED and uri=com.motorola.genie
I/ActivityManager( 1025): Start proc com.motorola.MotGallery2 for broadcast com.motorola.MotGallery2/com.android.gallery3d.app.PackagesMonitor: pid=27209 uid=10034 gids={50034, 3003, 1028, 1015}
I/ActivityManager( 1025): Start proc com.google.android.googlequicksearchbox:search for broadcast com.google.android.googlequicksearchbox/com.google.android.search.core.icingsync.IcingCorporaChangedReceiver: pid=27242 uid=10045 gids={50045, 3003, 3001, 1028, 3002, 1015}
D/Finsky  (27147): [1] GmsCoreHelper.cleanupNlp: result=false type=4
D/Finsky  (27147): [1] RestoreTracker.stopServiceIfDone: Restore complete with 0 success and 0 failed.
I/ActivityManager( 1025): Start proc com.viber.voip for service com.viber.voip/com.viber.service.VoipConnectorService: pid=27260 uid=10108 gids={50108, 3003, 1028, 1015, 3002, 3001}
D/dalvikvm(  275): GC_EXPLICIT freed 43K, 48% free 9011K/17224K, paused 2ms+3ms, total 25ms
D/dalvikvm(  275): GC_EXPLICIT freed <1K, 48% free 9011K/17224K, paused 1ms+3ms, total 18ms
D/dalvikvm(  275): GC_EXPLICIT freed <1K, 48% free 9011K/17224K, paused 1ms+3ms, total 18ms
D/dalvikvm( 1025): GC_EXPLICIT freed 1616K, 39% free 30903K/50444K, paused 6ms+17ms, total 164ms
I/UpdateIcingCorporaServi(27242): Updating corpora: APPS=com.motorola.genie, CONTACTS=MAYBE
D/WifiStateMachine( 1025): handleMessage: E msg.what=151572
D/WifiStateMachine( 1025): processMsg: ConnectedState
D/WifiStateMachine( 1025): processMsg: L2ConnectedState
D/WifiStateMachine( 1025): handleMessage: X
I/ActivityManager( 1025): Start proc com.google.android.partnersetup for content provider com.google.android.partnersetup/.RlzAppProvider: pid=27279 uid=10025 gids={50025, 3003}
I/dalvikvm(27242): Could not find method android.content.pm.PackageManager.getPackageInstaller, referenced from method com.google.android.gms.common.e.p
W/dalvikvm(27242): VFY: unable to resolve virtual method 901: Landroid/content/pm/PackageManager;.getPackageInstaller ()Landroid/content/pm/PackageInstaller;
D/dalvikvm(27242): VFY: replacing opcode 0x6e at 0x000b
D/Logger  (27260): creating log dir /storage/emulated/0/viber/.logs/trace/
D/Logger  (27260): oldFilesNames :[]
D/Logger  (27260): main_4.clg deleted=false
D/Logger  (27260): main_3.clg renamedTo=false main_4.clg
D/Logger  (27260): main_2.clg renamedTo=false main_3.clg
D/Logger  (27260): main_1.clg renamedTo=false main_2.clg
D/Logger  (27260): main.clg renamedTo=false main_1.clg
I/dalvikvm(27260): Could not find method android.os.PowerManager.isInteractive, referenced from method com.viber.voip.util.hf.b
W/dalvikvm(27260): VFY: unable to resolve virtual method 1673: Landroid/os/PowerManager;.isInteractive ()Z
D/dalvikvm(27260): VFY: replacing opcode 0x6e at 0x003c
I/ApplicationLogger(27242): canRun() : Opted Out
I/UpdateIcingCorporaServi(27242): UpdateCorporaTask done [took 192 ms] updated apps [took 192 ms] 
F/ProcessStats( 1025): Starting service ServiceState{42c48c08 com.whatsapp.messaging.MessageService pkg=com.whatsapp proc=42c48c08} without owner
F/ProcessStats( 1025): Starting service ServiceState{43399718 com.paypal.android.p2pmobile.services.AtoService pkg=com.paypal.android.p2pmobile proc=43399718} without owner
F/ProcessStats( 1025): Starting service ServiceState{43231e48 com.paypal.android.p2pmobile.services.WalletService pkg=com.paypal.android.p2pmobile proc=43231e48} without owner
I/ActivityManager( 1025): Process com.motorola.MotGallery2 (pid 27209) has died.
F/ProcessStats( 1025): Starting service ServiceState{42c48c08 com.whatsapp.messaging.MessageService pkg=com.whatsapp proc=42c48c08} without owner
F/ProcessStats( 1025): Starting service ServiceState{43399718 com.paypal.android.p2pmobile.services.AtoService pkg=com.paypal.android.p2pmobile proc=43399718} without owner
F/ProcessStats( 1025): Starting service ServiceState{43231e48 com.paypal.android.p2pmobile.services.WalletService pkg=com.paypal.android.p2pmobile proc=43231e48} without owner
D/dalvikvm(27260): DexOpt: couldn't find field Landroid/app/Notification;.category
W/dalvikvm(27260): VFY: unable to resolve instance field 19
D/dalvikvm(27260): VFY: replacing opcode 0x5b at 0x001e
D/dalvikvm(27260): DexOpt: couldn't find field Landroid/app/Notification;.category
W/dalvikvm(27260): VFY: unable to resolve instance field 19
D/dalvikvm(27260): VFY: replacing opcode 0x5b at 0x0193
D/dalvikvm(27260): Trying to load lib /data/app-lib/com.viber.voip-2/libCrossUnblocker.so 0x41fb2100
D/dalvikvm(27260): Added shared lib /data/app-lib/com.viber.voip-2/libCrossUnblocker.so 0x41fb2100
I/Crashlytics(27260): Initializing Crashlytics 1.1.11.10
D/WifiStateMachine( 1025): handleMessage: E msg.what=151572
D/WifiStateMachine( 1025): processMsg: ConnectedState
D/WifiStateMachine( 1025): processMsg: L2ConnectedState
D/WifiStateMachine( 1025): handleMessage: X
D/WifiStateMachine( 1025): handleMessage: E msg.what=131155
D/WifiStateMachine( 1025): processMsg: ConnectedState
D/WifiStateMachine( 1025): processMsg: L2ConnectedState
D/WifiStateMachine( 1025): handleMessage: X
W/BroadcastQueue( 1025): Permission Denial: broadcasting Intent { act=android.net.conn.INET_CONDITION_ACTION flg=0x4000010 (has extras) } from null (pid=-1, uid=-1) requires com.facebook.permission.prod.FB_APP_COMMUNICATION due to registered receiver BroadcastFilter{42daf5b0 u0 ReceiverList{43373510 27071 com.facebook.orca/10147/u0 remote:42aec1b0}}
W/BroadcastQueue( 1025): Permission Denial: broadcasting Intent { act=android.net.conn.CONNECTIVITY_CHANGE flg=0x4000010 (has extras) } from null (pid=-1, uid=-1) requires com.facebook.permission.prod.FB_APP_COMMUNICATION due to registered receiver BroadcastFilter{42daf5b0 u0 ReceiverList{43373510 27071 com.facebook.orca/10147/u0 remote:42aec1b0}}
W/dalvikvm(27071): Unable to resolve superclass of Lcom/facebook/push/adm/ADMBroadcastReceiver; (566)
W/dalvikvm(27071): Link of class 'Lcom/facebook/push/adm/ADMBroadcastReceiver;' failed
E/dalvikvm(27071): Could not find class 'com.facebook.push.adm.ADMBroadcastReceiver', referenced from method com.facebook.push.adm.a.b
W/dalvikvm(27071): VFY: unable to resolve const-class 6907 (Lcom/facebook/push/adm/ADMBroadcastReceiver;) in Lcom/facebook/push/adm/a;
D/dalvikvm(27071): VFY: replacing opcode 0x1c at 0x000e
W/msgr(:<default>):a(27071): Attempt to start service that is already started
W/msgr(:<default>):a(27071): Attempt to start service that is already started
W/BroadcastQueue( 1025): Permission Denial: broadcasting Intent { act=android.net.conn.CONNECTIVITY_CHANGE flg=0x4000010 (has extras) } from null (pid=-1, uid=-1) requires com.facebook.permission.prod.FB_APP_COMMUNICATION due to registered receiver BroadcastFilter{42c20a78 u0 ReceiverList{430a3b80 27071 com.facebook.orca/10147/u0 remote:429d8960}}
D/WifiStateMachine( 1025): handleMessage: E msg.what=151572
D/WifiStateMachine( 1025): processMsg: ConnectedState
D/WifiStateMachine( 1025): processMsg: L2ConnectedState
D/WifiStateMachine( 1025): handleMessage: X
I/ActivityManager( 1025): Process com.android.vending (pid 27147) has died.
I/ActivityManager( 1025): Process com.google.android.googlequicksearchbox:search (pid 27242) has died.
D/dalvikvm(27071): GC_CONCURRENT freed 4965K, 30% free 12222K/17224K, paused 5ms+5ms, total 55ms
D/dalvikvm(27071): WAIT_FOR_CONCURRENT_GC blocked 22ms
W/msgr(:<default>):g(27071): dbResult is null for seqId 3860 , delta: DeltaWrapper (
W/msgr(:<default>):g(27071):   deltaForcedFetch : DeltaForcedFetch (
W/msgr(:<default>):g(27071):     threadKey : ThreadKey (
W/msgr(:<default>):g(27071):       otherUserFbId : 100004130409229
W/msgr(:<default>):g(27071):     ),
W/msgr(:<default>):g(27071):     isLazy : true
W/msgr(:<default>):g(27071):   )
W/msgr(:<default>):g(27071): )
D/WifiStateMachine( 1025): handleMessage: E msg.what=151572
D/WifiStateMachine( 1025): processMsg: ConnectedState
D/WifiStateMachine( 1025): processMsg: L2ConnectedState
D/WifiStateMachine( 1025): handleMessage: X
I/dalvikvm(27071): Total arena pages for JIT: 11
I/dalvikvm(27071): Total arena pages for JIT: 12
I/dalvikvm(27071): Total arena pages for JIT: 13
I/dalvikvm(27071): Total arena pages for JIT: 14
I/dalvikvm(27071): Total arena pages for JIT: 15
D/dalvikvm(27071): GC_CONCURRENT freed 1755K, 28% free 12473K/17224K, paused 3ms+4ms, total 49ms
E/cutils  (  261): Failed to mkdirat(/storage/sdcard1/Android): Read-only file system
W/Vold    (  261): Returning OperationFailed - no handler for errno 30
W/ContextImpl(27071): Failed to ensure directory: /storage/sdcard1/Android/data/com.facebook.orca/files
E/cutils  (  261): Failed to mkdirat(/storage/sdcard1/Android): Read-only file system
W/Vold    (  261): Returning OperationFailed - no handler for errno 30
W/ContextImpl(27071): Failed to ensure directory: /storage/sdcard1/Android/data/com.facebook.orca/files
W/Settings(27071): Setting install_non_market_apps has moved from android.provider.Settings.Secure to android.provider.Settings.Global.
D/dalvikvm(27071): Trying to load lib /data/app-lib/com.facebook.orca-2/libfb_filesystem.so 0x41fb1738
D/dalvikvm(27071): Added shared lib /data/app-lib/com.facebook.orca-2/libfb_filesystem.so 0x41fb1738
D/dalvikvm(27071): No JNI_OnLoad found in /data/app-lib/com.facebook.orca-2/libfb_filesystem.so 0x41fb1738, skipping init
E/cutils  (  261): Failed to mkdirat(/storage/sdcard1/Android): Read-only file system
W/Vold    (  261): Returning OperationFailed - no handler for errno 30
W/ContextImpl(27071): Failed to ensure directory: /storage/sdcard1/Android/data/com.facebook.orca/cache
E/cutils  (  261): Failed to mkdirat(/storage/sdcard1/Android): Read-only file system
W/Vold    (  261): Returning OperationFailed - no handler for errno 30
W/ContextImpl(27071): Failed to ensure directory: /storage/sdcard1/Android/data/com.facebook.orca/files/Download
I/SBar.NetworkController( 1119): refreshSignalCluster: mobile: Signal=zz_moto_stat_sys_signal_2_fully_wide Roaming=(none) mSimIconId=(none) Accessibility="Phone two bars.","Not roaming.",""
D/WifiStateMachine( 1025): handleMessage: E msg.what=151572
D/WifiStateMachine( 1025): processMsg: ConnectedState
D/WifiStateMachine( 1025): processMsg: L2ConnectedState
D/WifiStateMachine( 1025): handleMessage: X
D/WifiStateMachine( 1025): handleMessage: E msg.what=131155
D/WifiStateMachine( 1025): processMsg: ConnectedState
D/WifiStateMachine( 1025): processMsg: L2ConnectedState
D/WifiStateMachine( 1025): handleMessage: X
D/WifiStateMachine( 1025): handleMessage: E msg.what=151572
D/WifiStateMachine( 1025): processMsg: ConnectedState
D/WifiStateMachine( 1025): processMsg: L2ConnectedState
D/WifiStateMachine( 1025): handleMessage: X
I/SFPerfTracer(  274):      triggers: (rate: 1117:446552) (339764 sw vsyncs) (1045196 skipped) (17:3317202 vsyncs) (19:4157412)
W/ContextImpl( 1295): Calling a method in the system process without a qualified user: android.app.ContextImpl.sendBroadcast:1252 android.content.ContextWrapper.sendBroadcast:365 com.motorola.motocare.util.TriggerHelper$TriggerBuilder.send:76 com.motorola.motocare.internal.frameworkevents.PauseResumeTrigger.handleFrameworkEvent:53 com.motorola.motocare.internal.frameworkevents.FwEventMonitor$FrameworkListener.processFrameworkEvent:114 
I/ActivityManager( 1025): Start proc com.ghisler.android.TotalCommander for activity com.ghisler.android.TotalCommander/.TotalCommander: pid=27388 uid=10121 gids={50121, 1028, 1015, 3001, 3002, 3003}
W/ContextImpl( 1295): Calling a method in the system process without a qualified user: android.app.ContextImpl.sendBroadcast:1252 android.content.ContextWrapper.sendBroadcast:365 com.motorola.motocare.util.TriggerHelper$TriggerBuilder.send:76 com.motorola.motocare.internal.frameworkevents.PauseResumeTrigger.handleFrameworkEvent:53 com.motorola.motocare.internal.frameworkevents.FwEventMonitor$FrameworkListener.processFrameworkEvent:114 
D/ACRA    (27388): Retrieve application default SharedPreferences.
D/ACRA    (27388): Set OnSharedPreferenceChangeListener.
D/ACRA    (27388): ACRA is enabled for com.ghisler.android.TotalCommander, intializing...
D/ACRA    (27388): Looking for error files in /data/data/com.ghisler.android.TotalCommander/files
V/OUYAF   (27388): ODK version number: 62
W/OUYAF   (27388): Not running on Ouya hardware: peregrine
I/ActivityManager( 1025): Process com.google.android.partnersetup (pid 27279) has died.
E/cutils  (  261): Failed to mkdirat(/storage/sdcard1/Android): Read-only file system
W/Vold    (  261): Returning OperationFailed - no handler for errno 30
W/ContextImpl(27388): Failed to ensure directory: /storage/sdcard1/Android/data/com.ghisler.android.TotalCommander/files
I/Adreno-EGL(27388): <qeglDrvAPI_eglInitialize:410>: EGL 1.4 QUALCOMM build: AU_LINUX_ANDROID_LNX.LA.3.5.1_RB1.04.04.02.048.018_msm8226_LNX.LA.3.5.1_RB1__release_AU ()
I/Adreno-EGL(27388): OpenGL ES Shader Compiler Version: E031.24.00.08
I/Adreno-EGL(27388): Build Date: 03/07/14 Fri
I/Adreno-EGL(27388): Local Branch: 
I/Adreno-EGL(27388): Remote Branch: quic/LNX.LA.3.5.1_RB1.1
I/Adreno-EGL(27388): Local Patches: NONE
I/Adreno-EGL(27388): Reconstruct Branch: AU_LINUX_ANDROID_LNX.LA.3.5.1_RB1.04.04.02.048.018 + f2fd134 +  NOTHING
D/OpenGLRenderer(27388): Enabling debug mode 0
W/PackageParser(27388): No actions in intent filter at /storage/emulated/0/Download/GiftMe-release.apk Binary XML file line #15
D/WifiStateMachine( 1025): handleMessage: E msg.what=151572
D/WifiStateMachine( 1025): processMsg: ConnectedState
D/WifiStateMachine( 1025): processMsg: L2ConnectedState
I/ActivityManager( 1025): Displayed com.ghisler.android.TotalCommander/.TotalCommander: +788ms
D/WifiStateMachine( 1025): handleMessage: X
E/cutils  (  261): Failed to mkdirat(/storage/sdcard1/Android): Read-only file system
W/Vold    (  261): Returning OperationFailed - no handler for errno 30
W/ContextImpl(27388): Failed to ensure directory: /storage/sdcard1/Android/data/com.ghisler.android.TotalCommander/files
I/SFPerfTracer(  274):      triggers: (rate: 1250:49615) (compose: 0:251) (post: 0:20) (render: 84:10545) (8:779667 frames) (9:3297704)
D/SFPerfTracer(  274):        layers: (4:12) (DimLayer: 0:158)* (DimLayer: 0:126)* (FocusedStackFrame: 0:21489)* (StatusBar: 0:263829) (NavigationBar: 0:202397) (DimLayer: 0:24310)* (DimLayer: 0:4680)* (com.android.wallpaper.fall.FallWallpaper: 0:9339)* (com.android.systemui/com.android.systemui.recent.RecentsActivity: 0:95)* (Starting com.ghisler.android.TotalCommander: 9:31) (thumbnail anim: 0:18)* (com.ghisler.android.TotalCommander/com.ghisler.android.TotalCommander.TotalCommander: 5:10) 
D/WifiStateMachine( 1025): handleMessage: E msg.what=151572
D/WifiStateMachine( 1025): processMsg: ConnectedState
D/WifiStateMachine( 1025): processMsg: L2ConnectedState
D/WifiStateMachine( 1025): handleMessage: X
D/WifiStateMachine( 1025): handleMessage: E msg.what=131155
D/WifiStateMachine( 1025): processMsg: ConnectedState
D/WifiStateMachine( 1025): processMsg: L2ConnectedState
D/WifiStateMachine( 1025): handleMessage: X
