--------- beginning of /dev/log/system
D/PowerUI (  820): plugged = true, health = 2, mBatteryLevel = 98, mPluggedBatteryLevel = 81, mLowBatteryWarningLevel2 = 25, mshowLowChargingWarning2 = true
D/PowerManagerService(  598): releaseWakeLock(428e2590): PARTIAL_WAKE_LOCK , tag=BatteryServiceUpdateStats, flags=0x1
D/PowerManagerService(  598): acquireWakeLock(427bfcb0): PARTIAL_WAKE_LOCK , tag=AlarmManager, flags=0x1, pid=598, uid=1000, mUserState=0x0
V/AlarmManager(  598): sending alarm PendingIntent{42231a28: PendingIntentRecord{4252efb8 com.google.android.gms broadcastIntent}}, intent=com.google.android.intent.action.MCS_HEARTBEAT, type=ELAPSED_REALTIME_WAKEUP, count=1, when=248159356, repeateInterval=0
D/PowerManagerService(  598): acquireWakeLock(427fc9e8): PARTIAL_WAKE_LOCK , tag=GCM_HB_ALARM, flags=0x1, pid=30541, uid=10017, mUserState=0x0
D/PowerManagerService(  598): releaseWakeLock(427fc9e8): PARTIAL_WAKE_LOCK , tag=GCM_HB_ALARM, flags=0x1
D/PowerManagerService(  598): releaseWakeLock(427bfcb0): PARTIAL_WAKE_LOCK , tag=AlarmManager, flags=0x1
D/PowerManagerService(  598): acquireWakeLock(4240edb0): PARTIAL_WAKE_LOCK , tag=*net_scheduler*, flags=0x1, pid=30541, uid=10017, mUserState=0x0
D/PowerManagerService(  598): acquireWakeLock(42203e38): PARTIAL_WAKE_LOCK , tag=*net_scheduler*, flags=0x1, pid=30541, uid=10017, mUserState=0x0
D/PowerManagerService(  598): releaseWakeLock(4240edb0): PARTIAL_WAKE_LOCK , tag=*net_scheduler*, flags=0x1
D/PowerManagerService(  598): acquireWakeLock(42317218): PARTIAL_WAKE_LOCK , tag=GCM_CONN, flags=0x1, pid=30541, uid=10017, mUserState=0x0
D/ConnectivityService(  598): reportInetCondition for net 1, percentage: 100 by 30541/10017
D/ConnectivityService(  598): handleInetConditionChange: net=1, condition=100,mActiveDefaultNetwork=1
D/ConnectivityService(  598): handleInetConditionChange: starting a change hold
D/PowerManagerService(  598): releaseWakeLock(42317218): PARTIAL_WAKE_LOCK , tag=GCM_CONN, flags=0x1
D/PowerManagerService(  598): acquireWakeLock(4222f8f0): PARTIAL_WAKE_LOCK , tag=*net_scheduler*, flags=0x1, pid=30541, uid=10017, mUserState=0x0
D/PowerManagerService(  598): releaseWakeLock(4222f8f0): PARTIAL_WAKE_LOCK , tag=*net_scheduler*, flags=0x1
D/PowerManagerService(  598): acquireWakeLock(426154e8): PARTIAL_WAKE_LOCK , tag=*net_scheduler*, flags=0x1, pid=30541, uid=10017, mUserState=0x0
D/PowerManagerService(  598): releaseWakeLock(426154e8): PARTIAL_WAKE_LOCK , tag=*net_scheduler*, flags=0x1
D/PowerManagerService(  598): acquireWakeLock(4293aec8): PARTIAL_WAKE_LOCK , tag=*net_scheduler*, flags=0x1, pid=30541, uid=10017, mUserState=0x0
D/PowerManagerService(  598): releaseWakeLock(4293aec8): PARTIAL_WAKE_LOCK , tag=*net_scheduler*, flags=0x1
D/PowerManagerService(  598): releaseWakeLock(42203e38): PARTIAL_WAKE_LOCK , tag=*net_scheduler*, flags=0x1
D/PowerManagerService(  598): acquireWakeLock(4277d360): PARTIAL_WAKE_LOCK , tag=*net_scheduler*, flags=0x1, pid=30541, uid=10017, mUserState=0x0
D/PowerManagerService(  598): releaseWakeLock(4277d360): PARTIAL_WAKE_LOCK , tag=*net_scheduler*, flags=0x1
D/PowerManagerService(  598): acquireWakeLock(42aba600): PARTIAL_WAKE_LOCK , tag=*net_scheduler*, flags=0x1, pid=30541, uid=10017, mUserState=0x0
D/PowerManagerService(  598): releaseWakeLock(42aba600): PARTIAL_WAKE_LOCK , tag=*net_scheduler*, flags=0x1
D/PowerManagerService(  598): acquireWakeLock(42889310): PARTIAL_WAKE_LOCK , tag=*net_scheduler*, flags=0x1, pid=30541, uid=10017, mUserState=0x0
D/PowerManagerService(  598): releaseWakeLock(42889310): PARTIAL_WAKE_LOCK , tag=*net_scheduler*, flags=0x1
D/ConnectivityService(  598): handleInetConditionHoldEnd: net=1, condition=100, published condition=100
D/ConnectivityService(  598): sendStickyBroadcast: action=android.net.conn.INET_CONDITION_ACTION
D/WIFI_ICON(  820): updateConnectivity: type=1 connected=true
D/StatusBar.NetworkController(  820): dumpState[hasService=true ServiceState=0 home 3 3 27202  EDGE CSS not supported -1 -1 RoamInd=-1 DefRoamInd=-1EriInd= -1EriMode= -1RadioPowerSv: false EmergOnly=false PhoneType: 1 IsCdma=false SimState=UNKNOWN GprsState=0 DataState=Disconnected DataActivity=NONE NetworkType=EDGE HtcModemLinkOn=false HspaDataDistinquishable=true]
D/StatusBar.NetworkController(  820): dumpIconState[dataVisible=false dataIconId=stat_sys_data_connected_e signalIconId=stat_sys_5signal_3 wifiVisible=true wifiIconId=stat_sys_wifi_signal_4 airplaneMode=false]
D/PowerManagerService(  598): acquireWakeLock(42834420): PARTIAL_WAKE_LOCK , tag=AlarmManager, flags=0x1, pid=598, uid=1000, mUserState=0x0
V/AlarmManager(  598): sending alarm PendingIntent{41e71340: PendingIntentRecord{41e349f0 android broadcastIntent}}, intent=android.intent.action.TIME_TICK, type=RTC, count=1, when=1427053080000, repeateInterval=0
D/PowerManagerService(  598): releaseWakeLock(42834420): PARTIAL_WAKE_LOCK , tag=AlarmManager, flags=0x1
D/BatteryService(  598): updateBatteryStats: auto update.
D/PowerManagerService(  598): acquireWakeLock(4225b248): PARTIAL_WAKE_LOCK , tag=BatteryServiceUpdateStats, flags=0x1, pid=598, uid=1000, mUserState=0x0
D/PowerManagerService(  598): releaseWakeLock(4225b248): PARTIAL_WAKE_LOCK , tag=BatteryServiceUpdateStats, flags=0x1
D/BatteryService(  598): updateBatteryStats: update triggered by UEvent.
D/PowerManagerService(  598): acquireWakeLock(4277f2b8): PARTIAL_WAKE_LOCK , tag=BatteryServiceUpdateStats, flags=0x1, pid=598, uid=1000, mUserState=0x0
D/WifiService(  598): ACTION_BATTERY_CHANGED pluggedType: 2
D/PowerManagerService(  598): runHtcPowerSaverCheck ======================================
D/PowerUI (  820): closing low battery warning: level=98
D/PowerUI (  820): plugged = true, health = 2, mBatteryLevel = 98, mPluggedBatteryLevel = 81, mLowBatteryWarningLevel2 = 25, mshowLowChargingWarning2 = true
D/NotificationService(  598): mIntentReceiver() Intent.ACTION_BATTERY_CHANGED
D/PowerManagerService(  598): releaseWakeLock(4277f2b8): PARTIAL_WAKE_LOCK , tag=BatteryServiceUpdateStats, flags=0x1
D/PowerManagerService(  598): acquireWakeLock(42666860): PARTIAL_WAKE_LOCK , tag=AlarmManager, flags=0x1, pid=598, uid=1000, mUserState=0x0
V/AlarmManager(  598): sending alarm PendingIntent{41e71340: PendingIntentRecord{41e349f0 android broadcastIntent}}, intent=android.intent.action.TIME_TICK, type=RTC, count=1, when=1427053140000, repeateInterval=0
D/PowerManagerService(  598): releaseWakeLock(42666860): PARTIAL_WAKE_LOCK , tag=AlarmManager, flags=0x1
D/BatteryService(  598): updateBatteryStats: auto update.
D/PowerManagerService(  598): acquireWakeLock(4275d8e0): PARTIAL_WAKE_LOCK , tag=BatteryServiceUpdateStats, flags=0x1, pid=598, uid=1000, mUserState=0x0
D/PowerManagerService(  598): releaseWakeLock(4275d8e0): PARTIAL_WAKE_LOCK , tag=BatteryServiceUpdateStats, flags=0x1
D/BatteryService(  598): updateBatteryStats: update triggered by UEvent.
D/PowerManagerService(  598): acquireWakeLock(42c13520): PARTIAL_WAKE_LOCK , tag=BatteryServiceUpdateStats, flags=0x1, pid=598, uid=1000, mUserState=0x0
D/WifiService(  598): ACTION_BATTERY_CHANGED pluggedType: 2
D/NotificationService(  598): mIntentReceiver() Intent.ACTION_BATTERY_CHANGED
D/PowerUI (  820): closing low battery warning: level=99
D/PowerUI (  820): plugged = true, health = 2, mBatteryLevel = 99, mPluggedBatteryLevel = 81, mLowBatteryWarningLevel2 = 25, mshowLowChargingWarning2 = true
D/PowerManagerService(  598): runHtcPowerSaverCheck ======================================
D/PowerManagerService(  598): releaseWakeLock(42c13520): PARTIAL_WAKE_LOCK , tag=BatteryServiceUpdateStats, flags=0x1
D/PowerManagerService(  598): acquireWakeLock(42a9e940): PARTIAL_WAKE_LOCK , tag=AlarmManager, flags=0x1, pid=598, uid=1000, mUserState=0x0
V/AlarmManager(  598): sending alarm PendingIntent{420fbcd0: PendingIntentRecord{420afae8 nz.barees.android.cachesensedemo broadcastIntent}}, intent=null, type=RTC_WAKEUP, count=1, when=1427053800000, repeateInterval=600000
V/AlarmManager(  598): sending alarm PendingIntent{41e71340: PendingIntentRecord{41e349f0 android broadcastIntent}}, intent=android.intent.action.TIME_TICK, type=RTC, count=1, when=1427053200000, repeateInterval=0
D/PowerManagerService(  598): releaseWakeLock(42a9e940): PARTIAL_WAKE_LOCK , tag=AlarmManager, flags=0x1
D/BatteryService(  598): updateBatteryStats: auto update.
D/PowerManagerService(  598): acquireWakeLock(427671c8): PARTIAL_WAKE_LOCK , tag=BatteryServiceUpdateStats, flags=0x1, pid=598, uid=1000, mUserState=0x0
D/PowerManagerService(  598): releaseWakeLock(427671c8): PARTIAL_WAKE_LOCK , tag=BatteryServiceUpdateStats, flags=0x1
D/BatteryService(  598): updateBatteryStats: update triggered by UEvent.
D/PowerManagerService(  598): acquireWakeLock(4292a5d0): PARTIAL_WAKE_LOCK , tag=BatteryServiceUpdateStats, flags=0x1, pid=598, uid=1000, mUserState=0x0
D/WifiService(  598): ACTION_BATTERY_CHANGED pluggedType: 2
D/NotificationService(  598): mIntentReceiver() Intent.ACTION_BATTERY_CHANGED
D/PowerManagerService(  598): runHtcPowerSaverCheck ======================================
D/PowerUI (  820): closing low battery warning: level=99
D/PowerUI (  820): plugged = true, health = 2, mBatteryLevel = 99, mPluggedBatteryLevel = 81, mLowBatteryWarningLevel2 = 25, mshowLowChargingWarning2 = true
D/PowerManagerService(  598): releaseWakeLock(4292a5d0): PARTIAL_WAKE_LOCK , tag=BatteryServiceUpdateStats, flags=0x1
D/PowerManagerService(  598): acquireWakeLock(42354fc0): PARTIAL_WAKE_LOCK , tag=NlpCollectorWakeLock, flags=0x1, pid=12419, uid=10017, mUserState=0x0
D/WifiService(  598): acquireWifiLockLocked: WifiLock{NlpWifiLock type=2 binder=android.os.BinderProxy@42738098}
D/WifiService(  598): updateWifiState(): wifiApEnabled: false, wifiApAirplaneMode: falsegetWifiEnabledState(): 3, getWifiApEnabledState: 11
D/WifiService(  598): updateWifiState(): mAirplaneModeOn.get(): false, mPersistWifiState.get(): 1
D/WifiService(  598): updateWifiState(): mEmergencyCallbackMode: false, mDeviceIdle: false, lockHeld: true, mStopWifiRequested:false
D/WifiService(  598): updateWifiState(): enable and start wifi
D/PowerManagerService(  598): acquireWakeLock(4269aae0): PARTIAL_WAKE_LOCK , tag=NlpWakeLock, flags=0x1, pid=12419, uid=10017, mUserState=0x0
D/PowerManagerService(  598): acquireWakeLock(42936288): PARTIAL_WAKE_LOCK , tag=*net_scheduler*, flags=0x1, pid=30541, uid=10017, mUserState=0x0
D/PowerManagerService(  598): releaseWakeLock(42936288): PARTIAL_WAKE_LOCK , tag=*net_scheduler*, flags=0x1
D/PowerManagerService(  598): releaseWakeLock(4269aae0): PARTIAL_WAKE_LOCK , tag=NlpWakeLock, flags=0x1
D/WifiService(  598): releaseWifiLockLocked: WifiLock{NlpWifiLock type=2 binder=android.os.BinderProxy@42738098}
D/WifiService(  598): updateWifiState(): wifiApEnabled: false, wifiApAirplaneMode: falsegetWifiEnabledState(): 3, getWifiApEnabledState: 11
D/WifiService(  598): updateWifiState(): mAirplaneModeOn.get(): false, mPersistWifiState.get(): 1
D/WifiService(  598): updateWifiState(): mEmergencyCallbackMode: false, mDeviceIdle: false, lockHeld: true, mStopWifiRequested:false
D/WifiService(  598): updateWifiState(): enable and start wifi
D/PowerManagerService(  598): releaseWakeLock(42354fc0): PARTIAL_WAKE_LOCK , tag=NlpCollectorWakeLock, flags=0x1
D/PowerManagerService(  598): acquireWakeLock(42742220): PARTIAL_WAKE_LOCK , tag=GCM_CONN, flags=0x1, pid=30541, uid=10017, mUserState=0x0
D/ConnectivityService(  598): reportInetCondition for net 1, percentage: 100 by 30541/10017
D/ConnectivityService(  598): handleInetConditionChange: net=1, condition=100,mActiveDefaultNetwork=1
D/ConnectivityService(  598): handleInetConditionChange: starting a change hold
D/PowerManagerService(  598): acquireWakeLock(42c35868): PARTIAL_WAKE_LOCK , tag=GOOGLE_C2DM, flags=0x1, pid=30541, uid=10017, mUserState=0x0
D/PowerManagerService(  598): releaseWakeLock(42742220): PARTIAL_WAKE_LOCK , tag=GCM_CONN, flags=0x1
D/PowerManagerService(  598): acquireWakeLock(42d163c0): PARTIAL_WAKE_LOCK , tag=*net_scheduler*, flags=0x1, pid=30541, uid=10017, mUserState=0x0
D/PowerManagerService(  598): acquireWakeLock(42c54950): PARTIAL_WAKE_LOCK , tag=GCM_CONN, flags=0x1, pid=30541, uid=10017, mUserState=0x0
D/PowerManagerService(  598): releaseWakeLock(42d163c0): PARTIAL_WAKE_LOCK , tag=*net_scheduler*, flags=0x1
D/ConnectivityService(  598): reportInetCondition for net 1, percentage: 100 by 30541/10017
D/ConnectivityService(  598): handleInetConditionChange: net=1, condition=100,mActiveDefaultNetwork=1
D/ConnectivityService(  598): handleInetConditionChange: currently in hold - not setting new end evt
D/PowerManagerService(  598): acquireWakeLock(42abc010): PARTIAL_WAKE_LOCK , tag=*net_scheduler*, flags=0x1, pid=30541, uid=10017, mUserState=0x0
D/PowerManagerService(  598): releaseWakeLock(42abc010): PARTIAL_WAKE_LOCK , tag=*net_scheduler*, flags=0x1
D/PowerManagerService(  598): releaseWakeLock(42c54950): PARTIAL_WAKE_LOCK , tag=GCM_CONN, flags=0x1
D/PowerManagerService(  598): releaseWakeLock(42c35868): PARTIAL_WAKE_LOCK , tag=GOOGLE_C2DM, flags=0x1
D/ConnectivityService(  598): handleInetConditionHoldEnd: net=1, condition=100, published condition=100
D/ConnectivityService(  598): sendStickyBroadcast: action=android.net.conn.INET_CONDITION_ACTION
D/WIFI_ICON(  820): updateConnectivity: type=1 connected=true
D/StatusBar.NetworkController(  820): dumpState[hasService=true ServiceState=0 home 3 3 27202  EDGE CSS not supported -1 -1 RoamInd=-1 DefRoamInd=-1EriInd= -1EriMode= -1RadioPowerSv: false EmergOnly=false PhoneType: 1 IsCdma=false SimState=UNKNOWN GprsState=0 DataState=Disconnected DataActivity=NONE NetworkType=EDGE HtcModemLinkOn=false HspaDataDistinquishable=true]
D/StatusBar.NetworkController(  820): dumpIconState[dataVisible=false dataIconId=stat_sys_data_connected_e signalIconId=stat_sys_5signal_3 wifiVisible=true wifiIconId=stat_sys_wifi_signal_4 airplaneMode=false]
D/PowerManagerService(  598): acquireWakeLock(42774618): PARTIAL_WAKE_LOCK , tag=AlarmManager, flags=0x1, pid=598, uid=1000, mUserState=0x0
V/AlarmManager(  598): sending alarm PendingIntent{41e71340: PendingIntentRecord{41e349f0 android broadcastIntent}}, intent=android.intent.action.TIME_TICK, type=RTC, count=1, when=1427053260000, repeateInterval=0
D/PowerManagerService(  598): releaseWakeLock(42774618): PARTIAL_WAKE_LOCK , tag=AlarmManager, flags=0x1
D/PowerManagerService(  598): acquireWakeLock(426b7128): PARTIAL_WAKE_LOCK , tag=AlarmManager, flags=0x1, pid=598, uid=1000, mUserState=0x0
V/AlarmManager(  598): sending alarm PendingIntent{42860788: PendingIntentRecord{42564750 com.whatsapp broadcastIntent}}, intent=com.whatsapp.messaging.MessageService.CLIENT_PINGER_ACTION, type=ELAPSED_REALTIME_WAKEUP, count=1, when=248588769, repeateInterval=240000
D/PowerManagerService(  598): releaseWakeLock(426b7128): PARTIAL_WAKE_LOCK , tag=AlarmManager, flags=0x1
D/PowerManagerService(  598): acquireWakeLock(4266b578): PARTIAL_WAKE_LOCK , tag=AlarmManager, flags=0x1, pid=598, uid=1000, mUserState=0x0
V/AlarmManager(  598): sending alarm PendingIntent{41b28b08: PendingIntentRecord{41ad4c00 com.google.android.gms broadcastIntent}}, intent=ALARM_WAKEUP244749088, type=ELAPSED_REALTIME_WAKEUP, count=1, when=248349509, repeateInterval=0
D/PowerManagerService(  598): releaseWakeLock(4266b578): PARTIAL_WAKE_LOCK , tag=AlarmManager, flags=0x1
D/PowerManagerService(  598): acquireWakeLock(4263d9d8): PARTIAL_WAKE_LOCK , tag=AlarmManager, flags=0x1, pid=598, uid=1000, mUserState=0x0
V/AlarmManager(  598): sending alarm PendingIntent{426646f8: PendingIntentRecord{42296d28 com.viber.voip broadcastIntent}}, intent=com.viber.voip.action.KEEP_ALIVE_RECEIVE, type=RTC_WAKEUP, count=1, when=1427053291634, repeateInterval=0
D/PowerManagerService(  598): releaseWakeLock(4263d9d8): PARTIAL_WAKE_LOCK , tag=AlarmManager, flags=0x1
D/PowerManagerService(  598): acquireWakeLock(425eaba8): PARTIAL_WAKE_LOCK , tag=AlarmManager, flags=0x1, pid=598, uid=1000, mUserState=0x0
V/AlarmManager(  598): sending alarm PendingIntent{42790e78: PendingIntentRecord{426862e8 com.whatsapp broadcastIntent}}, intent=com.whatsapp.alarm.CLIENT_PING_TIMEOUT, type=ELAPSED_REALTIME_WAKEUP, count=1, when=248380783, repeateInterval=0
D/PowerManagerService(  598): releaseWakeLock(425eaba8): PARTIAL_WAKE_LOCK , tag=AlarmManager, flags=0x1
D/PowerManagerService(  598): acquireWakeLock(425c1f08): PARTIAL_WAKE_LOCK , tag=AlarmManager, flags=0x1, pid=598, uid=1000, mUserState=0x0
V/AlarmManager(  598): sending alarm PendingIntent{42838598: PendingIntentRecord{4282d780 com.htc.htcpowermanager broadcastIntent}}, intent=SMARTSYNC_SERVICE_BROADCAST_SCREEN_OFF_TIME, type=RTC_WAKEUP, count=1, when=1427053299505, repeateInterval=0
D/PowerManagerService(  598): releaseWakeLock(425c1f08): PARTIAL_WAKE_LOCK , tag=AlarmManager, flags=0x1
D/PowerManagerService(  598): acquireWakeLock(4252cad8): PARTIAL_WAKE_LOCK , tag=SmartSyncScreenOnOffTimeReceiver, flags=0x1, pid=17220, uid=1000, mUserState=0x0
I/ActivityManager(  598): Start proc com.htc.android.worldclock for content provider com.htc.android.worldclock/.alarmclock.AlarmProvider: pid=17775 uid=10164 gids={3003, 1028}
D/PowerManagerService(  598): acquireWakeLock(422911c8): PARTIAL_WAKE_LOCK , tag=AlarmManager, flags=0x1, pid=598, uid=1000, mUserState=0x0
V/AlarmManager(  598): sending alarm PendingIntent{422acf80: PendingIntentRecord{422a80c8 com.htc.htcpowermanager broadcastIntent}}, intent=SMARTSYNC_DM_TURN_OFF_WIFI, type=RTC_WAKEUP, count=1, when=1427053299843, repeateInterval=0
D/PowerManagerService(  598): releaseWakeLock(422911c8): PARTIAL_WAKE_LOCK , tag=AlarmManager, flags=0x1
D/PowerManagerService(  598): releaseWakeLock(4252cad8): PARTIAL_WAKE_LOCK , tag=SmartSyncScreenOnOffTimeReceiver, flags=0x1
D/BatteryService(  598): updateBatteryStats: auto update.
D/PowerManagerService(  598): acquireWakeLock(41b067f0): PARTIAL_WAKE_LOCK , tag=BatteryServiceUpdateStats, flags=0x1, pid=598, uid=1000, mUserState=0x0
D/PowerManagerService(  598): releaseWakeLock(41b067f0): PARTIAL_WAKE_LOCK , tag=BatteryServiceUpdateStats, flags=0x1
D/BatteryService(  598): updateBatteryStats: update triggered by UEvent.
D/PowerManagerService(  598): acquireWakeLock(426bba80): PARTIAL_WAKE_LOCK , tag=BatteryServiceUpdateStats, flags=0x1, pid=598, uid=1000, mUserState=0x0
D/WifiService(  598): ACTION_BATTERY_CHANGED pluggedType: 2
D/NotificationService(  598): mIntentReceiver() Intent.ACTION_BATTERY_CHANGED
D/PowerManagerService(  598): runHtcPowerSaverCheck ======================================
D/PowerUI (  820): closing low battery warning: level=99
D/PowerUI (  820): plugged = true, health = 2, mBatteryLevel = 99, mPluggedBatteryLevel = 81, mLowBatteryWarningLevel2 = 25, mshowLowChargingWarning2 = true
D/PowerManagerService(  598): releaseWakeLock(426bba80): PARTIAL_WAKE_LOCK , tag=BatteryServiceUpdateStats, flags=0x1
D/PowerManagerService(  598): acquireWakeLock(422670f0): PARTIAL_WAKE_LOCK , tag=AlarmManager, flags=0x1, pid=598, uid=1000, mUserState=0x0
V/AlarmManager(  598): sending alarm PendingIntent{42108cc0: PendingIntentRecord{421805a0 com.facebook.orca broadcastIntent}}, intent=com.facebook.push.mqtt.keepalive.b.ACTION_INEXACT_ALARM.com.facebook.orca, type=ELAPSED_REALTIME_WAKEUP, count=1, when=249300000, repeateInterval=900000
V/AlarmManager(  598): sending alarm PendingIntent{41ff9a80: PendingIntentRecord{425470f8 com.facebook.katana broadcastIntent}}, intent=com.facebook.push.mqtt.keepalive.KeepaliveManager.ACTION_INEXACT_ALARM.com.facebook.katana, type=ELAPSED_REALTIME_WAKEUP, count=1, when=249300000, repeateInterval=900000
V/AlarmManager(  598): sending alarm PendingIntent{4277cd20: PendingIntentRecord{425b2108 com.whatsapp broadcastIntent}}, intent=DEVICE_INFO_ALARM_ACTION, type=ELAPSED_REALTIME, count=1, when=252000000, repeateInterval=3600000
I/ActivityManager(  598): Start proc ru.mail.mailapp for service ru.mail.mailapp/ru.mail.util.push.PushTokenChecker: pid=17787 uid=10139 gids={3003, 1015, 1028}
V/AlarmManager(  598): sending alarm PendingIntent{42af2b18: PendingIntentRecord{42330c88 ru.mail.mailapp startService}}, intent=ru.mail.mailapp.ACTION_PUSH_TOKEN_CHECK, type=ELAPSED_REALTIME, count=1, when=259200000, repeateInterval=10800000
D/PowerManagerService(  598): releaseWakeLock(422670f0): PARTIAL_WAKE_LOCK , tag=AlarmManager, flags=0x1
I/ActivityManager(  598): Recipient 17234
I/ActivityManager(  598): Process com.htc.android.mail:sync (pid 17234) has died.
V/LocationManagerService(  598): getAllProviders
V/LocationManagerService(  598): getLastKnownLocation: network
V/LocationManagerService(  598): getLastKnownLocation: passive
V/LocationManagerService(  598): getLastKnownLocation: hybrid
V/LocationManagerService(  598): getLastKnownLocation: gps
V/LocationManagerService(  598): getAllProviders
V/LocationManagerService(  598): getLastKnownLocation: network
V/LocationManagerService(  598): getLastKnownLocation: passive
V/LocationManagerService(  598): getLastKnownLocation: hybrid
V/LocationManagerService(  598): getLastKnownLocation: gps
V/LocationManagerService(  598): getAllProviders
V/LocationManagerService(  598): getLastKnownLocation: network
V/LocationManagerService(  598): getLastKnownLocation: passive
V/LocationManagerService(  598): getLastKnownLocation: hybrid
V/LocationManagerService(  598): getLastKnownLocation: gps
D/Socket_Alarm(17787): registerHTCSocketMonitorCallBack
D/Socket_Alarm(17787): set mSocketMonitor
D/Socket_Alarm(17787): HTCSocketMonitorImpl::HTCSocketMonitorImpl
D/PowerManagerService(  598): acquireWakeLock(423a1970): PARTIAL_WAKE_LOCK , tag=AlarmManager, flags=0x1, pid=598, uid=1000, mUserState=0x0
V/AlarmManager(  598): sending alarm PendingIntent{423c0e98: PendingIntentRecord{42330c88 ru.mail.mailapp startService}}, intent=ru.mail.mailapp.ACTION_PUSH_TOKEN_CHECK, type=ELAPSED_REALTIME, count=23, when=259200000, repeateInterval=10800000
D/PowerManagerService(  598): releaseWakeLock(423a1970): PARTIAL_WAKE_LOCK , tag=AlarmManager, flags=0x1
D/webcoreglue(17787): netstack: Memory Cache feature is ON
I/ActivityManager(  598): Recipient 14273
I/ActivityManager(  598): Process com.google.android.music:main (pid 14273) has died.
W/ActivityManager(  598): Scheduling restart of crashed service com.google.android.music/.playback.MusicPlaybackService in 5000ms
I/ActivityManager(  598): Recipient 14103
I/ActivityManager(  598): Process com.bambuna.podcastaddict (pid 14103) has died.
W/ActivityManager(  598): Scheduling restart of crashed service com.bambuna.podcastaddict/.service.PodcastAddictService in 14987ms
D/PowerManagerService(  598): acquireWakeLock(41ff0f50): PARTIAL_WAKE_LOCK , tag=SyncLoopWakeLock, flags=0x1, pid=598, uid=1000, mUserState=0x0
D/PowerManagerService(  598): acquireWakeLock(425e8a20): PARTIAL_WAKE_LOCK , tag=*sync*_ru.mail.mailbox.content_Account {name=muw**********u, type=ru.mail}, flags=0x1, pid=598, uid=1000, mUserState=0x0
D/PowerManagerService(  598): releaseWakeLock(41ff0f50): PARTIAL_WAKE_LOCK , tag=SyncLoopWakeLock, flags=0x1
D/PowerManagerService(  598): acquireWakeLock(42259258): PARTIAL_WAKE_LOCK , tag=SyncLoopWakeLock, flags=0x1, pid=598, uid=1000, mUserState=0x0
D/PowerManagerService(  598): releaseWakeLock(42259258): PARTIAL_WAKE_LOCK , tag=SyncLoopWakeLock, flags=0x1
D/PowerManagerService(  598): acquireWakeLock(4233ad40): PARTIAL_WAKE_LOCK , tag=SyncLoopWakeLock, flags=0x1, pid=598, uid=1000, mUserState=0x0
D/PowerManagerService(  598): releaseWakeLock(425e8a20): PARTIAL_WAKE_LOCK , tag=*sync*_ru.mail.mailbox.content_Account {name=muw**********u, type=ru.mail}, flags=0x1
D/PowerManagerService(  598): acquireWakeLock(4265aa88): PARTIAL_WAKE_LOCK , tag=*sync*_ru.mail.mailbox.content_Account {name=muw**********u, type=ru.mail}, flags=0x1, pid=598, uid=1000, mUserState=0x0
D/PowerManagerService(  598): releaseWakeLock(4233ad40): PARTIAL_WAKE_LOCK , tag=SyncLoopWakeLock, flags=0x1
D/PowerManagerService(  598): acquireWakeLock(423d8cf0): PARTIAL_WAKE_LOCK , tag=SyncLoopWakeLock, flags=0x1, pid=598, uid=1000, mUserState=0x0
D/PowerManagerService(  598): releaseWakeLock(423d8cf0): PARTIAL_WAKE_LOCK , tag=SyncLoopWakeLock, flags=0x1
D/PowerManagerService(  598): acquireWakeLock(421bdef8): PARTIAL_WAKE_LOCK , tag=SyncLoopWakeLock, flags=0x1, pid=598, uid=1000, mUserState=0x0
D/HostStatisticManager(17787): netstack: DNS Host Prioritization is: ON, Version: 5.0.1
D/        (17787): dl error message Cannot load library: link_image[1891]:   252 could not load needed library 'libcneapiclient.so' for 'libtcpfinaggr.so' (load_library[1093]: Library 'libcneapiclient.so' not found)
D/Socket_Pool(17787): Failed to create TCP Fin Aggregation interface.
D/Socket_Pool(17787): netstack: CloseUnusedSockets is ON
D/Socket_Pool(17787): netstack: system net.statistics value: 0
D/Socket_Pool(17787): Failed to create TCP Fin Aggregation interface.
D/Socket_Pool(17787): netstack: CloseUnusedSockets is ON
D/Socket_Pool(17787): netstack: system net.statistics value: 0
D/        (17787): external/chromium/net/http/http_getzip_factory.cc: libgetzip.so successfully loaded
D/        (17787): external/chromium/net/http/http_getzip_factory.cc,: GETzip initializing method was found in libgetzip.so
D/        (17787): netstack: Getzip is: ON, Version: 5.0.1
D/Socket_Pool(17787): Failed to create TCP Fin Aggregation interface.
D/Socket_Pool(17787): netstack: CloseUnusedSockets is ON
D/Socket_Pool(17787): netstack: system net.statistics value: 0
D/Socket_Pool(17787): Failed to create TCP Fin Aggregation interface.
D/Socket_Pool(17787): netstack: CloseUnusedSockets is ON
D/Socket_Pool(17787): netstack: system net.statistics value: 0
D/PowerManagerService(  598): releaseWakeLock(4265aa88): PARTIAL_WAKE_LOCK , tag=*sync*_ru.mail.mailbox.content_Account {name=muw**********u, type=ru.mail}, flags=0x1
D/PowerManagerService(  598): releaseWakeLock(421bdef8): PARTIAL_WAKE_LOCK , tag=SyncLoopWakeLock, flags=0x1
W/AlarmManager(  598): RXTXtriggerAlarmsLocked
D/PowerManagerService(  598): acquireWakeLock(42671fa8): PARTIAL_WAKE_LOCK , tag=AlarmManager, flags=0x1, pid=598, uid=1000, mUserState=0x0
V/AlarmManager(  598): sending alarm PendingIntent{41e71140: PendingIntentRecord{41e34818 android broadcastIntent}}, intent=com.htc.intent.action.Socket_RXTXGrouping, type=RTC_WAKEUP, count=1, when=1427053317949, repeateInterval=0
D/PowerManagerService(  598): releaseWakeLock(42671fa8): PARTIAL_WAKE_LOCK , tag=AlarmManager, flags=0x1
D/PowerManagerService(  598): acquireWakeLock(41b19df0): PARTIAL_WAKE_LOCK , tag=AlarmManager, flags=0x1, pid=598, uid=1000, mUserState=0x0
V/AlarmManager(  598): sending alarm PendingIntent{41e71340: PendingIntentRecord{41e349f0 android broadcastIntent}}, intent=android.intent.action.TIME_TICK, type=RTC, count=1, when=1427053320000, repeateInterval=0
D/PowerManagerService(  598): releaseWakeLock(41b19df0): PARTIAL_WAKE_LOCK , tag=AlarmManager, flags=0x1
I/ActivityManager(  598): Start proc com.google.android.music:main for service com.google.android.music/.playback.MusicPlaybackService: pid=17849 uid=10210 gids={3003, 1015, 1028}
I/PackageManager(  598):  setEnabledSetting(), pkgName=com.google.android.music, clsName=com.android.music.MediaAppWidgetProvider, state=1, flag=1, pid=17849, uid=10210
D/PowerManagerService(  598): acquireWakeLock(42520360): PARTIAL_WAKE_LOCK , tag=AudioOut_4, flags=0x1, pid=254, uid=1013, mUserState=0x0
D/PowerManagerService(  598): acquireWakeLock(424069c0): PARTIAL_WAKE_LOCK , tag=AudioOut_5, flags=0x1, pid=254, uid=1013, mUserState=0x0
W/PowerManagerService(  598): Can not get flags by lock
D/PowerManagerService(  598): acquireWakeLock(422aae60): PARTIAL_WAKE_LOCK , tag=com.google.android.music.playback.LocalDevicePlayback.mAsyncWakeLock, flags=0x1, pid=17849, uid=10210, mUserState=0x0
D/PowerManagerService(  598): releaseWakeLock(424069c0): PARTIAL_WAKE_LOCK , tag=AudioOut_5, flags=0x1
D/PowerManagerService(  598): releaseWakeLock(422aae60): PARTIAL_WAKE_LOCK , tag=com.google.android.music.playback.LocalDevicePlayback.mAsyncWakeLock, flags=0x1
I/PackageManager(  598):  setEnabledSetting(), pkgName=com.google.android.music, clsName=com.google.android.music.Settings.NetworkUsage, state=1, flag=1, pid=17849, uid=10210
D/PowerManagerService(  598): acquireWakeLock(427e7678): PARTIAL_WAKE_LOCK , tag=SyncLoopWakeLock, flags=0x1, pid=598, uid=1000, mUserState=0x0
D/PowerManagerService(  598): releaseWakeLock(427e7678): PARTIAL_WAKE_LOCK , tag=SyncLoopWakeLock, flags=0x1
D/PowerManagerService(  598): releaseWakeLock(42520360): PARTIAL_WAKE_LOCK , tag=AudioOut_4, flags=0x1
D/PowerManagerService(  598): acquireWakeLock(424d85a8): PARTIAL_WAKE_LOCK , tag=wake:com.google.android.music/.leanback.AutoCacheSchedulingService, flags=0x1, pid=17849, uid=10210, mUserState=0x0
I/PackageManager(  598):  setEnabledSetting(), pkgName=com.google.android.music, clsName=com.google.android.music.leanback.AutoCacheSchedulingService$ActionReceiver, state=2, flag=1, pid=17849, uid=10210
D/Socket_Alarm(17849): registerHTCSocketMonitorCallBack
D/Socket_Alarm(17849): set mSocketMonitor
D/Socket_Alarm(17849): HTCSocketMonitorImpl::HTCSocketMonitorImpl
D/PowerManagerService(  598): releaseWakeLock(424d85a8): PARTIAL_WAKE_LOCK , tag=wake:com.google.android.music/.leanback.AutoCacheSchedulingService, flags=0x1
I/ActivityManager(  598): Start proc com.bambuna.podcastaddict for service com.bambuna.podcastaddict/.service.PodcastAddictService: pid=17896 uid=10186 gids={3003, 1028, 1015, 3002}
I/ActivityManager(  598): Recipient 17584
I/ActivityManager(  598): Process com.twitter.android (pid 17584) has died.
D/Socket_Alarm(17896): registerHTCSocketMonitorCallBack
D/Socket_Alarm(17896): set mSocketMonitor
D/Socket_Alarm(17896): HTCSocketMonitorImpl::HTCSocketMonitorImpl
D/PowerManagerService(  598): acquireWakeLock(426d2fa0): PARTIAL_WAKE_LOCK , tag=GCM_CONN, flags=0x1, pid=30541, uid=10017, mUserState=0x0
D/ConnectivityService(  598): reportInetCondition for net 1, percentage: 100 by 30541/10017
D/ConnectivityService(  598): handleInetConditionChange: net=1, condition=100,mActiveDefaultNetwork=1
D/ConnectivityService(  598): handleInetConditionChange: starting a change hold
D/PowerManagerService(  598): acquireWakeLock(425e09e8): PARTIAL_WAKE_LOCK , tag=GOOGLE_C2DM, flags=0x1, pid=30541, uid=10017, mUserState=0x0
D/PowerManagerService(  598): acquireWakeLock(423d2f28): PARTIAL_WAKE_LOCK , tag=*net_scheduler*, flags=0x1, pid=30541, uid=10017, mUserState=0x0
D/PowerManagerService(  598): releaseWakeLock(426d2fa0): PARTIAL_WAKE_LOCK , tag=GCM_CONN, flags=0x1
D/PowerManagerService(  598): releaseWakeLock(423d2f28): PARTIAL_WAKE_LOCK , tag=*net_scheduler*, flags=0x1
D/PowerManagerService(  598): acquireWakeLock(4220bf40): PARTIAL_WAKE_LOCK , tag=C2DM_LIB, flags=0x1, pid=17092, uid=10028, mUserState=0x0
D/PowerManagerService(  598): releaseWakeLock(425e09e8): PARTIAL_WAKE_LOCK , tag=GOOGLE_C2DM, flags=0x1
D/PowerManagerService(  598): releaseWakeLock(4220bf40): PARTIAL_WAKE_LOCK , tag=C2DM_LIB, flags=0x1
D/ConnectivityService(  598): handleInetConditionHoldEnd: net=1, condition=100, published condition=100
D/ConnectivityService(  598): sendStickyBroadcast: action=android.net.conn.INET_CONDITION_ACTION
D/WIFI_ICON(  820): updateConnectivity: type=1 connected=true
D/StatusBar.NetworkController(  820): dumpState[hasService=true ServiceState=0 home 3 3 27202  EDGE CSS not supported -1 -1 RoamInd=-1 DefRoamInd=-1EriInd= -1EriMode= -1RadioPowerSv: false EmergOnly=false PhoneType: 1 IsCdma=false SimState=UNKNOWN GprsState=0 DataState=Disconnected DataActivity=NONE NetworkType=EDGE HtcModemLinkOn=false HspaDataDistinquishable=true]
D/StatusBar.NetworkController(  820): dumpIconState[dataVisible=false dataIconId=stat_sys_data_connected_e signalIconId=stat_sys_5signal_3 wifiVisible=true wifiIconId=stat_sys_wifi_signal_4 airplaneMode=false]
I/ActivityManager(  598): Start proc android.process.acore for content provider com.android.providers.contacts/.HtcContactsProvider2: pid=17954 uid=10018 gids={3003, 1015, 5002, 1028}
D/PowerManagerService(  598): acquireWakeLock(425af778): PARTIAL_WAKE_LOCK , tag=wake:com.facebook.katana/com.facebook.push.mqtt.receiver.MqttReceiver, flags=0x1, pid=17092, uid=10028, mUserState=0x0
D/PowerManagerService(  598): releaseWakeLock(425af778): PARTIAL_WAKE_LOCK , tag=wake:com.facebook.katana/com.facebook.push.mqtt.receiver.MqttReceiver, flags=0x1
I/ActivityManager(  598): Recipient 17508
I/ActivityManager(  598): Process com.htc.calendar (pid 17508) has died.
I/ActivityManager(  598): Recipient 17687
I/ActivityManager(  598): Process com.dropbox.android:crash_uploader (pid 17687) has died.
I/ActivityManager(  598): Recipient 17531
I/ActivityManager(  598): Process com.google.android.syncadapters.calendar (pid 17531) has died.
D/PowerManagerService(  598): acquireWakeLock(425c1f08): PARTIAL_WAKE_LOCK , tag=FbClientConnManager, flags=0x1, pid=17092, uid=10028, mUserState=0x0
I/ActivityManager(  598): Recipient 17360
I/ActivityManager(  598): Process nz.barees.android.cachesensedemo (pid 17360) has died.
I/ActivityManager(  598): Recipient 17775
I/ActivityManager(  598): Process com.htc.android.worldclock (pid 17775) has died.
I/ActivityManager(  598): Recipient 17220
I/ActivityManager(  598): Process com.htc.htcpowermanager:remote (pid 17220) has died.
I/ActivityManager(  598): Recipient 17787
I/ActivityManager(  598): Process ru.mail.mailapp (pid 17787) has died.
D/PowerManagerService(  598): releaseWakeLock(425c1f08): PARTIAL_WAKE_LOCK , tag=FbClientConnManager, flags=0x1
I/ActivityManager(  598): Recipient 17954
I/ActivityManager(  598): Process android.process.acore (pid 17954) has died.
D/PowerManagerService(  598): acquireWakeLock(4250f370): PARTIAL_WAKE_LOCK , tag=AlarmManager, flags=0x1, pid=598, uid=1000, mUserState=0x0
V/AlarmManager(  598): sending alarm PendingIntent{41f20578: PendingIntentRecord{41bca4f0 android broadcastIntent}}, intent=android.content.syncmanager.SYNC_ALARM, type=ELAPSED_REALTIME_WAKEUP, count=1, when=248432207, repeateInterval=0
D/PowerManagerService(  598): acquireWakeLock(42448020): PARTIAL_WAKE_LOCK , tag=SyncManagerHandleSyncAlarm, flags=0x1, pid=598, uid=1000, mUserState=0x0
D/PowerManagerService(  598): releaseWakeLock(4250f370): PARTIAL_WAKE_LOCK , tag=AlarmManager, flags=0x1
D/PowerManagerService(  598): acquireWakeLock(4241ebe0): PARTIAL_WAKE_LOCK , tag=SyncLoopWakeLock, flags=0x1, pid=598, uid=1000, mUserState=0x0
D/PowerManagerService(  598): releaseWakeLock(42448020): PARTIAL_WAKE_LOCK , tag=SyncManagerHandleSyncAlarm, flags=0x1
D/PowerManagerService(  598): releaseWakeLock(4241ebe0): PARTIAL_WAKE_LOCK , tag=SyncLoopWakeLock, flags=0x1
D/PowerManagerService(  598): acquireWakeLock(42307bf0): PARTIAL_WAKE_LOCK , tag=Icing, flags=0x1, pid=31280, uid=10017, mUserState=0x0
D/PowerManagerService(  598): releaseWakeLock(42307bf0): PARTIAL_WAKE_LOCK , tag=Icing, flags=0x1
D/PowerManagerService(  598): acquireWakeLock(422a1b18): PARTIAL_WAKE_LOCK , tag=Icing, flags=0x1, pid=31280, uid=10017, mUserState=0x0
D/PowerManagerService(  598): releaseWakeLock(422a1b18): PARTIAL_WAKE_LOCK , tag=Icing, flags=0x1
D/PowerManagerService(  598): acquireWakeLock(42276b38): PARTIAL_WAKE_LOCK , tag=Icing, flags=0x1, pid=31280, uid=10017, mUserState=0x0
D/PowerManagerService(  598): releaseWakeLock(42276b38): PARTIAL_WAKE_LOCK , tag=Icing, flags=0x1
D/PowerManagerService(  598): acquireWakeLock(4223d330): PARTIAL_WAKE_LOCK , tag=AlarmManager, flags=0x1, pid=598, uid=1000, mUserState=0x0
V/AlarmManager(  598): sending alarm PendingIntent{41fe0428: PendingIntentRecord{41fc2f18 com.htc.htcpowermanager broadcastIntent}}, intent=SMARTSYNC_DM_TURN_OFF_MOBILE, type=RTC_WAKEUP, count=1, when=1427053359843, repeateInterval=0
I/ActivityManager(  598): Start proc com.htc.htcpowermanager:remote for broadcast com.htc.htcpowermanager/.smartsync.SmartSyncDataLinkTurnOffReceiver: pid=18002 uid=1000 gids={1015, 3002, 3001, 3003, 1028, 5006, 3007, 3006, 2001, 1007}
D/Socket_Alarm(18002): registerHTCSocketMonitorCallBack
D/Socket_Alarm(18002): set mSocketMonitor
D/Socket_Alarm(18002): HTCSocketMonitorImpl::HTCSocketMonitorImpl
D/PowerManagerService(  598): releaseWakeLock(4223d330): PARTIAL_WAKE_LOCK , tag=AlarmManager, flags=0x1
D/BatteryService(  598): updateBatteryStats: auto update.
D/PowerManagerService(  598): acquireWakeLock(421f8548): PARTIAL_WAKE_LOCK , tag=BatteryServiceUpdateStats, flags=0x1, pid=598, uid=1000, mUserState=0x0
D/PowerManagerService(  598): releaseWakeLock(421f8548): PARTIAL_WAKE_LOCK , tag=BatteryServiceUpdateStats, flags=0x1
D/BatteryService(  598): updateBatteryStats: update triggered by UEvent.
D/PowerManagerService(  598): acquireWakeLock(421d7800): PARTIAL_WAKE_LOCK , tag=BatteryServiceUpdateStats, flags=0x1, pid=598, uid=1000, mUserState=0x0
D/WifiService(  598): ACTION_BATTERY_CHANGED pluggedType: 2
D/NotificationService(  598): mIntentReceiver() Intent.ACTION_BATTERY_CHANGED
D/PowerManagerService(  598): runHtcPowerSaverCheck ======================================
D/PowerUI (  820): closing low battery warning: level=99
D/PowerUI (  820): plugged = true, health = 2, mBatteryLevel = 99, mPluggedBatteryLevel = 81, mLowBatteryWarningLevel2 = 25, mshowLowChargingWarning2 = true
D/PowerManagerService(  598): releaseWakeLock(421d7800): PARTIAL_WAKE_LOCK , tag=BatteryServiceUpdateStats, flags=0x1
D/PowerManagerService(  598): acquireWakeLock(42066b68): PARTIAL_WAKE_LOCK , tag=AlarmManager, flags=0x1, pid=598, uid=1000, mUserState=0x0
V/AlarmManager(  598): sending alarm PendingIntent{420c4bf0: PendingIntentRecord{426ee238 com.facebook.orca broadcastIntent}}, intent=com.facebook.common.executors.cr.ACTION_ALARM.com.facebook.orca, type=ELAPSED_REALTIME_WAKEUP, count=1, when=248459170, repeateInterval=0
D/PowerManagerService(  598): releaseWakeLock(42066b68): PARTIAL_WAKE_LOCK , tag=AlarmManager, flags=0x1
D/PowerManagerService(  598): acquireWakeLock(427bb648): PARTIAL_WAKE_LOCK , tag=AlarmManager, flags=0x1, pid=598, uid=1000, mUserState=0x0
V/AlarmManager(  598): sending alarm PendingIntent{41e71340: PendingIntentRecord{41e349f0 android broadcastIntent}}, intent=android.intent.action.TIME_TICK, type=RTC, count=1, when=1427053380000, repeateInterval=0
D/PowerManagerService(  598): releaseWakeLock(427bb648): PARTIAL_WAKE_LOCK , tag=AlarmManager, flags=0x1
D/PowerManagerService(  598): acquireWakeLock(41f27d98): PARTIAL_WAKE_LOCK , tag=DHCP, flags=0x1, pid=598, uid=1000, mUserState=0x0
D/WifiStateMachine(  598): handlePreDhcpSetup Held wake lock during DHCP
D/PowerManagerService(  598): acquireWakeLock(41dbbc78): PARTIAL_WAKE_LOCK , tag=WifiStateMachine, flags=0x1, pid=598, uid=1000, mUserState=0x0
D/PowerManagerService(  598): acquireWakeLock(41bd4a10): PARTIAL_WAKE_LOCK , tag=AlarmManager, flags=0x1, pid=598, uid=1000, mUserState=0x0
V/AlarmManager(  598): sending alarm PendingIntent{427abe68: PendingIntentRecord{425a69c8 android broadcastIntent}}, intent=android.net.wifi.DHCP_RENEW, type=ELAPSED_REALTIME_WAKEUP, count=1, when=248493248, repeateInterval=0
D/PowerManagerService(  598): releaseWakeLock(41bd4a10): PARTIAL_WAKE_LOCK , tag=AlarmManager, flags=0x1
D/PowerManagerService(  598): releaseWakeLock(41f27d98): PARTIAL_WAKE_LOCK , tag=DHCP, flags=0x1
D/WifiStateMachine(  598): handlePostDhcpSetup release wake lock during DHCP
D/PowerManagerService(  598): releaseWakeLock(41dbbc78): PARTIAL_WAKE_LOCK , tag=WifiStateMachine, flags=0x1
D/ConnectivityService(  598): requestNetworkTransitionWakelock for WifiStateMachine  by WifiStateMachine
D/PowerManagerService(  598): acquireWakeLock(42901408): PARTIAL_WAKE_LOCK , tag=ConnectivityService, flags=0x1, pid=598, uid=1000, mUserState=0x0
D/ConnectivityService(  598): ConnectivityChange for WIFI/: CONNECTING/VERIFYING_POOR_LINK, default=1
D/WifiStateMachine(  598): VerifyingLinkState: enableIpv6
D/ConnectivityService(  598): ConnectivityChange for WIFI/: CONNECTED/CONNECTED, default=1
V/ConnectivityService(  598): Policy requires mobile_dun/EDGE teardown quickly
D/MobileDataStateTracker(  598): dun: setTeardownRequested(true)
D/MobileDataStateTracker(  598): dun: setTeardownRequested(true)
V/ConnectivityService(  598): Policy requires mobile/EDGE teardown quickly
D/MobileDataStateTracker(  598): default: setTeardownRequested(true)
D/MobileDataStateTracker(  598): default: setTeardownRequested(true)
D/ConnectivityService(  598): Setting TCP values: [524288,1048576,2097152,262144,524288,1048576] which comes from [net.tcp.buffersize.wifi]
D/ConnectivityService(  598): handleConnectivityChange: address are the same reset per doReset linkProperty[1]: resetMask=0
D/ConnectivityService(  598): Removing 192.168.1.1/32 -> 0.0.0.0 for interface wlan0
D/ConnectivityService(  598): Removing 0.0.0.0/0 -> 192.168.1.1 for interface wlan0
D/ConnectivityService(  598): Adding 192.168.1.1/32 -> 0.0.0.0 for interface wlan0
D/ConnectivityService(  598): Adding 0.0.0.0/0 -> 192.168.1.1 for interface wlan0
D/ConnectivityService(  598): sendStickyBroadcast: action=android.net.conn.CONNECTIVITY_CHANGE_IMMEDIATE
D/PowerManagerService(  598): acquireWakeLock(42759688): PARTIAL_WAKE_LOCK , tag=NetworkStats, flags=0x1, pid=598, uid=1000, mUserState=0x0
D/ConnectivityService(  598): sendStickyBroadcastDelayed: delayMs=1000, action=android.net.conn.CONNECTIVITY_CHANGE
I/ActivityManager(  598): Start proc com.android.settings for broadcast com.android.settings/.wifi.WifiStatusReceiver: pid=18043 uid=1000 gids={1015, 3002, 3001, 3003, 1028, 5006, 3007, 3006, 2001, 1007}
D/PowerManagerService(  598): releaseWakeLock(42759688): PARTIAL_WAKE_LOCK , tag=NetworkStats, flags=0x1
D/PowerManagerService(  598): acquireWakeLock(4250ead8): PARTIAL_WAKE_LOCK , tag=UlrDispatchingService, flags=0x1, pid=12419, uid=10017, mUserState=0x0
D/PowerManagerService(  598): releaseWakeLock(4250ead8): PARTIAL_WAKE_LOCK , tag=UlrDispatchingService, flags=0x1
D/PowerManagerService(  598): releaseWakeLock(42901408): PARTIAL_WAKE_LOCK , tag=ConnectivityService, flags=0x1
D/ConnectivityService(  598): NetTransition Wakelock for WifiStateMachine released by timeout
D/PowerManagerService(  598): acquireWakeLock(426706a8): PARTIAL_WAKE_LOCK , tag=GCoreFlp, flags=0x1, pid=12419, uid=10017, mUserState=0x0
D/PowerManagerService(  598): releaseWakeLock(426706a8): PARTIAL_WAKE_LOCK , tag=GCoreFlp, flags=0x1
D/ConnectivityService(  598): sendStickyBroadcast: action=android.net.conn.CONNECTIVITY_CHANGE
D/WifiService(  598): forceUpdateRSSI when title bar UI already can get RSSI change intent
D/WIFI_ICON(  820): updateConnectivity: type=1 connected=true
D/WifiStateMachine(  598): BroadcastRSSIForIMS, newrssi =-49 , oldRssi= -200
D/ConnectivityService(  598): reportInetCondition for net 1, percentage: 0 by 30541/10017
D/StatusBar.NetworkController(  820): dumpState[hasService=true ServiceState=0 home 3 3 27202  EDGE CSS not supported -1 -1 RoamInd=-1 DefRoamInd=-1EriInd= -1EriMode= -1RadioPowerSv: false EmergOnly=false PhoneType: 1 IsCdma=false SimState=UNKNOWN GprsState=0 DataState=Disconnected DataActivity=NONE NetworkType=EDGE HtcModemLinkOn=false HspaDataDistinquishable=true]
D/StatusBar.NetworkController(  820): dumpIconState[dataVisible=false dataIconId=stat_sys_data_connected_e signalIconId=stat_sys_5signal_3 wifiVisible=true wifiIconId=stat_sys_wifi_signal_4 airplaneMode=false]
D/ConnectivityService(  598): handleInetConditionChange: net=1, condition=0,mActiveDefaultNetwork=1
D/ConnectivityService(  598): handleInetConditionChange: starting a change hold
D/WIFI_ICON(  820): updateWifiState: action=android.net.wifi.RSSI_CHANGED newRssi=-49 freq=2412 newLevel=3 lastWifiLevel=3
D/StatusBar.NetworkController(  820): dumpIconState[dataVisible=false dataIconId=stat_sys_data_connected_e signalIconId=stat_sys_5signal_3 wifiVisible=true wifiIconId=stat_sys_wifi_signal_4 airplaneMode=false]
D/PowerManagerService(  598): acquireWakeLock(421043a0): PARTIAL_WAKE_LOCK , tag=SyncLoopWakeLock, flags=0x1, pid=598, uid=1000, mUserState=0x0
D/LocationManagerService(  598): LocationProvider is AVAILABLE
D/PowerManagerService(  598): acquireWakeLock(421fff38): PARTIAL_WAKE_LOCK , tag=GpsLocationProvider, flags=0x1, pid=598, uid=1000, mUserState=0x0
D/PowerManagerService(  598): releaseWakeLock(421043a0): PARTIAL_WAKE_LOCK , tag=SyncLoopWakeLock, flags=0x1
I/ActivityManager(  598): Start proc com.htc.cs.dm for broadcast com.htc.cs.dm/.receiver.NetworkChangeReceiver: pid=18067 uid=10192 gids={3003, 1028}
D/PowerManagerService(  598): releaseWakeLock(421fff38): PARTIAL_WAKE_LOCK , tag=GpsLocationProvider, flags=0x1
D/Socket_Alarm(18067): registerHTCSocketMonitorCallBack
D/Socket_Alarm(18067): set mSocketMonitor
D/Socket_Alarm(18067): HTCSocketMonitorImpl::HTCSocketMonitorImpl
I/ActivityManager(  598): Start proc com.google.android.apps.uploader for broadcast com.google.android.apps.uploader/com.google.android.picasasync.ConnectivityReceiver: pid=18087 uid=10115 gids={3003, 1015, 1028}
V/LocationManagerService(  598): In requestLocationUpdates. provider passiveminTime: 5000single shot: false Receiver: Receiver{426d5260 Intent PendingIntent{420dc1a8: PendingIntentRecord{42805de0 com.htc.htclocationservice startService}}}mUpdateRecords: {passive=UpdateRecord{427fb048 mProvider: passive mUid: 10014}}
V/LocationManagerService(  598): In requestLocationUpdatesLocked. provider: passive requiredPermissions: android.permission.ACCESS_FINE_LOCATION
I/LocationManagerService(  598): request passive (pid 32324) 5000 0
V/LocationManagerService(  598): [LGPS] _requestLocationUpdates: enableLocationTracking(true)
D/LocationManagerService(  598): _requestLocationUpdates: provider = passive listener = Receiver{426d5260 Intent PendingIntent{420dc1a8: PendingIntentRecord{42805de0 com.htc.htclocationservice startService}}}mUpdateRecords: {passive=UpdateRecord{42f95748 mProvider: passive mUid: 10014}}
I/ActivityManager(  598): Start proc com.htc.reportagent for broadcast com.htc.reportagent/.receiver.NetworkChangeReceiver: pid=18102 uid=10124 gids={3003, 1007, 1028}
I/ActivityManager(  598): Start proc com.google.android.talk for broadcast com.google.android.talk/com.google.android.apps.hangouts.service.NetworkStateReceiver: pid=18116 uid=10148 gids={3003, 1015, 1006, 3002, 1028}
I/PackageManager(  598):  setEnabledSetting(), pkgName=com.htc.reportagent, clsName=com.htc.reportagent.receiver.PowerConnectedReceiver, state=2, flag=1, pid=18102, uid=10124
I/PackageManager(  598):  setEnabledSetting(), pkgName=com.google.android.talk, clsName=com.google.android.apps.hangouts.phone.ShareIntentSmsOnlyActivity, state=2, flag=1, pid=18116, uid=10148
D/Socket_Alarm(18116): registerHTCSocketMonitorCallBack
D/Socket_Alarm(18116): set mSocketMonitor
D/Socket_Alarm(18116): HTCSocketMonitorImpl::HTCSocketMonitorImpl
I/PackageManager(  598):  setEnabledSetting(), pkgName=com.google.android.talk, clsName=com.google.android.apps.hangouts.sms.SmsReceiver, state=2, flag=1, pid=18116, uid=10148
I/PackageManager(  598):  setEnabledSetting(), pkgName=com.google.android.talk, clsName=com.google.android.apps.hangouts.sms.MmsWapPushReceiver, state=2, flag=1, pid=18116, uid=10148
I/PackageManager(  598):  setEnabledSetting(), pkgName=com.google.android.talk, clsName=com.google.android.apps.hangouts.sms.AbortSmsReceiver, state=2, flag=1, pid=18116, uid=10148
I/PackageManager(  598):  setEnabledSetting(), pkgName=com.google.android.talk, clsName=com.google.android.apps.hangouts.sms.AbortMmsWapPushReceiver, state=2, flag=1, pid=18116, uid=10148
I/PackageManager(  598):  setEnabledSetting(), pkgName=com.google.android.talk, clsName=com.google.android.apps.hangouts.service.NoConfirmationSmsSendService, state=2, flag=1, pid=18116, uid=10148
I/ActivityManager(  598): Start proc com.google.android.apps.maps for broadcast com.google.android.apps.maps/com.google.userfeedback.android.api.FeedbackConnectivityReceiver: pid=18145 uid=10032 gids={3003, 1015, 3002, 3001, 1028}
D/PowerManagerService(  598): acquireWakeLock(426102a8): PARTIAL_WAKE_LOCK , tag=SystemUpdateService, flags=0x1, pid=31280, uid=10017, mUserState=0x0
D/PowerManagerService(  598): releaseWakeLock(426102a8): PARTIAL_WAKE_LOCK , tag=SystemUpdateService, flags=0x1
D/ConnectivityService(  598): reportInetCondition for net 1, percentage: 100 by 30541/10017
D/ConnectivityService(  598): handleInetConditionChange: net=1, condition=100,mActiveDefaultNetwork=1
D/ConnectivityService(  598): handleInetConditionChange: currently in hold - not setting new end evt
D/ConnectivityService(  598): handleInetConditionHoldEnd: net=1, condition=100, published condition=0
D/ConnectivityService(  598): sendStickyBroadcast: action=android.net.conn.INET_CONDITION_ACTION
D/WIFI_ICON(  820): updateConnectivity: type=1 connected=true
D/StatusBar.NetworkController(  820): dumpState[hasService=true ServiceState=0 home 3 3 27202  EDGE CSS not supported -1 -1 RoamInd=-1 DefRoamInd=-1EriInd= -1EriMode= -1RadioPowerSv: false EmergOnly=false PhoneType: 1 IsCdma=false SimState=UNKNOWN GprsState=0 DataState=Disconnected DataActivity=NONE NetworkType=EDGE HtcModemLinkOn=false HspaDataDistinquishable=true]
D/StatusBar.NetworkController(  820): dumpIconState[dataVisible=false dataIconId=stat_sys_data_connected_e signalIconId=stat_sys_5signal_3 wifiVisible=true wifiIconId=stat_sys_wifi_signal_4 airplaneMode=false]
I/ActivityManager(  598): Start proc com.google.android.apps.plus for broadcast com.google.android.apps.plus/.service.ConnectivityReceiver: pid=18170 uid=10133 gids={3003, 3002, 1015, 1006, 1028}
I/ActivityManager(  598): Recipient 18002
I/ActivityManager(  598): Process com.htc.htcpowermanager:remote (pid 18002) has died.
I/ActivityManager(  598): Start proc com.rhmsoft.fm:crash.feedback for broadcast com.rhmsoft.fm/com.cleanmaster.fm.receiver.ConnectivityChangeBroadcastReceiver: pid=18191 uid=10220 gids={3003, 1015, 1028}
