D/WifiStateMachine( 1025): processMsg: L2ConnectedState
D/WifiStateMachine( 1025): handleMessage: X
I/ActivityManager( 1025): Start proc com.google.android.partnersetup for content provider com.google.android.partnersetup/.RlzAppProvider: pid=3469 uid=10025 gids={50025, 3003}
I/dalvikvm( 3442): Could not find method android.content.pm.PackageManager.getPackageInstaller, referenced from method com.google.android.gms.common.e.p
W/dalvikvm( 3442): VFY: unable to resolve virtual method 901: Landroid/content/pm/PackageManager;.getPackageInstaller ()Landroid/content/pm/PackageInstaller;
D/dalvikvm( 3442): VFY: replacing opcode 0x6e at 0x000b
I/ApplicationLogger( 3442): canRun() : Opted Out
I/UpdateIcingCorporaServi( 3442): UpdateCorporaTask done [took 191 ms] updated apps [took 190 ms] 
F/ProcessStats( 1025): Starting service ServiceState{42abda10 com.cleanmaster.fm.service.BackgroundService pkg=com.rhmsoft.fm proc=42abda10} without owner
D/MDMCTBK (  273): reply_len: 40 reply is = IFNAME=wlan0 <3>CTRL-EVENT-BSS-ADDED 279
D/MDMCTBK (  273): Event received = CTRL-EVENT-BSS-ADDED 279
D/MDMCTBK (  273): reply_len: 40 reply is = IFNAME=wlan0 <3>CTRL-EVENT-BSS-ADDED 279
D/MDMCTBK (  273): Event received = CTRL-EVENT-BSS-ADDED 279
D/MDMCTBK (  273): reply_len: 40 reply is = IFNAME=wlan0 <3>CTRL-EVENT-SCAN-RESULTS 
D/MDMCTBK (  273): Event received = CTRL-EVENT-SCAN-RESULTS 
D/TCMD    (  465): NL - Read 56 bytes from update socket.
D/TCMD    (  465): NL - message type is RTM_NEWLINK
D/TCMD    (  465): Listening for incoming client connection request
D/WifiStateMachine( 1025): handleMessage: E msg.what=147461
D/WifiStateMachine( 1025): processMsg: ConnectedState
D/WifiStateMachine( 1025): processMsg: L2ConnectedState
D/WifiStateMachine( 1025): processMsg: ConnectModeState
D/WifiStateMachine( 1025): processMsg: DriverStartedState
D/WifiStateMachine( 1025): processMsg: SupplicantStartedState
F/ProcessStats( 1025): Starting service ServiceState{42a4cec0 com.facebook.push.mqtt.service.MqttPushService pkg=com.facebook.katana proc=42a4cec0} without owner
F/ProcessStats( 1025): Starting service ServiceState{428fdff0 com.facebook.push.mqtt.service.MqttPushService pkg=com.facebook.orca proc=428fdff0} without owner
D/WifiStateMachine( 1025): handleMessage: X
I/ActivityManager( 1025): Process android.process.acore (pid 3408) has died.
F/ProcessStats( 1025): Starting service ServiceState{42abda10 com.cleanmaster.fm.service.BackgroundService pkg=com.rhmsoft.fm proc=42abda10} without owner
F/ProcessStats( 1025): Starting service ServiceState{42a4cec0 com.facebook.push.mqtt.service.MqttPushService pkg=com.facebook.katana proc=42a4cec0} without owner
F/ProcessStats( 1025): Starting service ServiceState{428fdff0 com.facebook.push.mqtt.service.MqttPushService pkg=com.facebook.orca proc=428fdff0} without owner
D/WifiService( 1025): releaseWifiLockLocked: WifiLock{NlpWifiLock type=2 binder=android.os.BinderProxy@42ab4170}
I/ActivityManager( 1025): Process com.motorola.MotGallery2 (pid 3428) has died.
I/ActivityManager( 1025): Process com.google.android.googlequicksearchbox:search (pid 3442) has died.
I/ActivityManager( 1025): Process com.google.android.partnersetup (pid 3469) has died.
D/Ulp_jni ( 1025): Location CB invoked
I/ActivityManager( 1025): Start proc com.rhmsoft.fm:service for service com.rhmsoft.fm/com.cleanmaster.fm.service.BackgroundService: pid=3493 uid=10105 gids={50105, 3003, 1028, 1015}
D/dalvikvm(  275): GC_EXPLICIT freed 43K, 48% free 9011K/17224K, paused 2ms+10ms, total 40ms
D/dalvikvm(  275): GC_EXPLICIT freed <1K, 48% free 9011K/17224K, paused 2ms+3ms, total 21ms
D/dalvikvm(  275): GC_EXPLICIT freed <1K, 48% free 9011K/17224K, paused 1ms+2ms, total 27ms
W/Settings( 3493): Setting android_id has moved from android.provider.Settings.System to android.provider.Settings.Secure, returning read-only value.
D/filesDir( 3493): /data/data/com.rhmsoft.fm/files
D/dalvikvm( 3493): Trying to load lib /data/data/com.rhmsoft.fm/lib/libkcmutil.so 0x41fb0398
W/linker  ( 3493): libkcmutil.so has text relocations. This is wasting memory and is a security risk. Please fix.
D/dalvikvm( 3493): Added shared lib /data/data/com.rhmsoft.fm/lib/libkcmutil.so 0x41fb0398
W/Settings( 3493): Setting android_id has moved from android.provider.Settings.System to android.provider.Settings.Secure, returning read-only value.
W/System.err( 3493): Commons.readAssetsFileLineString :cn2
W/Settings( 3493): Setting android_id has moved from android.provider.Settings.System to android.provider.Settings.Secure, returning read-only value.
D/Ulp_jni ( 1025): Location CB invoked
I/ActivityManager( 1025): Start proc com.facebook.orca for service com.facebook.orca/com.facebook.push.mqtt.service.MqttPushService: pid=3528 uid=10147 gids={50147, 3003, 1028, 1015}
D/ACRA    ( 3528): ACRA is enabled for com.facebook.orca, intializing...
D/ACRA    ( 3528): Looking for error files in /data/data/com.facebook.orca/app_acra-reports
D/ACRA    ( 3528): Looking for error files in /data/data/com.facebook.orca/app_minidumps
D/dalvikvm( 3528): Trying to load lib /data/app-lib/com.facebook.orca-2/libgnustl_shared.so 0x41fab7c8
D/dalvikvm( 3528): Added shared lib /data/app-lib/com.facebook.orca-2/libgnustl_shared.so 0x41fab7c8
D/dalvikvm( 3528): No JNI_OnLoad found in /data/app-lib/com.facebook.orca-2/libgnustl_shared.so 0x41fab7c8, skipping init
D/dalvikvm( 3528): Trying to load lib /data/app-lib/com.facebook.orca-2/libfb_breakpad_client.so 0x41fab7c8
D/dalvikvm( 3528): Added shared lib /data/app-lib/com.facebook.orca-2/libfb_breakpad_client.so 0x41fab7c8
D/dalvikvm( 3528): Trying to load lib /data/app-lib/com.facebook.orca-2/libfb_dalvik-internals.so 0x41fab7c8
D/dalvikvm( 3528): Added shared lib /data/app-lib/com.facebook.orca-2/libfb_dalvik-internals.so 0x41fab7c8
V/DexLibLoader( 3528): about to lock: /data/data/com.facebook.orca/mdex_lock
V/DexLibLoader( 3528): locking /data/data/com.facebook.orca/mdex_lock took 0 ms
V/DexLibLoader( 3528): Secondary program dex metadata: secondary-1.dex.jar 790183d1fb728678b0d8546ed8e9eaef90404089 secondary.dex01.Canary
V/DexLibLoader( 3528): Secondary program dex metadata: secondary-2.dex.jar 03b795797c6ded9e8b3df575980b7d37d9ca8dad secondary.dex02.Canary
V/DexLibLoader( 3528): Secondary program dex metadata: secondary-3.dex.jar 5ccf73e2daa6156653af1c6485ad6053f38846b9 secondary.dex03.Canary
V/DexLibLoader( 3528): directory "/data/data/com.facebook.orca/app_secondary_program_dex" contains "program-790183d1fb728678b0d8546ed8e9eaef904040896661a1c7.dex.jar" as expected
V/DexLibLoader( 3528): directory "/data/data/com.facebook.orca/app_secondary_program_dex" contains "program-03b795797c6ded9e8b3df575980b7d37d9ca8dad6661a1c7.dex.jar" as expected
V/DexLibLoader( 3528): directory "/data/data/com.facebook.orca/app_secondary_program_dex" contains "program-5ccf73e2daa6156653af1c6485ad6053f38846b96661a1c7.dex.jar" as expected
D/DexLibLoader( 3528): ignoring file "program-790183d1fb728678b0d8546ed8e9eaef904040896661a1c7.dex.odex" in "/data/data/com.facebook.orca/app_secondary_program_dex"
D/DexLibLoader( 3528): ignoring file "program-03b795797c6ded9e8b3df575980b7d37d9ca8dad6661a1c7.dex.odex" in "/data/data/com.facebook.orca/app_secondary_program_dex"
D/DexLibLoader( 3528): ignoring file "program-5ccf73e2daa6156653af1c6485ad6053f38846b96661a1c7.dex.odex" in "/data/data/com.facebook.orca/app_secondary_program_dex"
D/DexLibLoader( 3528): directory "/data/data/com.facebook.orca/app_secondary_program_dex" is valid
D/DexLibLoader( 3528): ignoring file "primary_deps" in "/data/data/com.facebook.orca/app_secondary_program_dex_opt"
V/DexLibLoader( 3528): directory "/data/data/com.facebook.orca/app_secondary_program_dex_opt" contains "program-790183d1fb728678b0d8546ed8e9eaef904040896661a1c7.dex.dex" as expected
V/DexLibLoader( 3528): directory "/data/data/com.facebook.orca/app_secondary_program_dex_opt" contains "program-03b795797c6ded9e8b3df575980b7d37d9ca8dad6661a1c7.dex.dex" as expected
V/DexLibLoader( 3528): directory "/data/data/com.facebook.orca/app_secondary_program_dex_opt" contains "program-5ccf73e2daa6156653af1c6485ad6053f38846b96661a1c7.dex.dex" as expected
D/DexLibLoader( 3528): directory "/data/data/com.facebook.orca/app_secondary_program_dex_opt" is valid
D/DexLibLoader( 3528): loading pre-built cross-dex opt odex files
V/dalvik-internals( 3528): hooked dvmResolveClass using jump ()
V/dalvik-internals( 3528): hooked dvmFlushBreakpoints using jump ()
V/MultiDexClassLoader( 3528): installing MultiDexClassLoader before application classloader
I/dalvikvm( 3528): Could not find method dalvik.system.DexFile.loadClassBinaryName, referenced from method com.facebook.common.l.g.a
W/dalvikvm( 3528): VFY: unable to resolve virtual method 1453: Ldalvik/system/DexFile;.loadClassBinaryName (Ljava/lang/String;Ljava/lang/ClassLoader;)Ljava/lang/Class;
D/dalvikvm( 3528): VFY: replacing opcode 0x6e at 0x0000
D/DexLibLoader( 3528): released odex store lock
D/DexLibLoader( 3528): DexLibLoader.loadAll took 18 ms
W/bp      ( 3528): Verify
E/dalvikvm( 3528): Could not find class 'org.apache.harmony.xnet.provider.jsse.OpenSSLSocketImpl', referenced from method com.facebook.ssl.openssl.a.b.<clinit>
W/dalvikvm( 3528): VFY: unable to resolve const-class 10658 (Lorg/apache/harmony/xnet/provider/jsse/OpenSSLSocketImpl;) in Lcom/facebook/ssl/openssl/a/b;
D/dalvikvm( 3528): VFY: replacing opcode 0x1c at 0x000d
E/dalvikvm( 3528): Could not find class 'org.apache.harmony.xnet.provider.jsse.OpenSSLSocketFactoryImpl', referenced from method com.facebook.ssl.openssl.b.b.<clinit>
W/dalvikvm( 3528): VFY: unable to resolve const-class 10657 (Lorg/apache/harmony/xnet/provider/jsse/OpenSSLSocketFactoryImpl;) in Lcom/facebook/ssl/openssl/b/b;
D/dalvikvm( 3528): VFY: replacing opcode 0x1c at 0x000d
E/dalvikvm( 3528): Could not find class 'org.apache.harmony.xnet.provider.jsse.SSLParametersImpl', referenced from method com.facebook.ssl.openssl.b.b.a
W/dalvikvm( 3528): VFY: unable to resolve check-cast 10660 (Lorg/apache/harmony/xnet/provider/jsse/SSLParametersImpl;) in Lcom/facebook/ssl/openssl/b/b;
D/dalvikvm( 3528): VFY: replacing opcode 0x1f at 0x0006
E/dalvikvm( 3528): Could not find class 'org.apache.harmony.xnet.provider.jsse.SSLParametersImpl', referenced from method com.facebook.ssl.openssl.b.c.<clinit>
W/dalvikvm( 3528): VFY: unable to resolve const-class 10660 (Lorg/apache/harmony/xnet/provider/jsse/SSLParametersImpl;) in Lcom/facebook/ssl/openssl/b/c;
D/dalvikvm( 3528): VFY: replacing opcode 0x1c at 0x000d
W/dalvikvm( 3528): VFY: unable to find class referenced in signature (Lorg/apache/harmony/xnet/provider/jsse/SSLParametersImpl;)
E/dalvikvm( 3528): Could not find class 'org.apache.harmony.xnet.provider.jsse.ClientSessionContext', referenced from method com.facebook.ssl.openssl.b.c.a
W/dalvikvm( 3528): VFY: unable to resolve check-cast 10656 (Lorg/apache/harmony/xnet/provider/jsse/ClientSessionContext;) in Lcom/facebook/ssl/openssl/b/c;
D/dalvikvm( 3528): VFY: replacing opcode 0x1f at 0x0006
W/dalvikvm( 3528): VFY: unable to find class referenced in signature (Lorg/apache/harmony/xnet/provider/jsse/SSLParametersImpl;)
W/dalvikvm( 3528): Unable to resolve superclass of Lcom/facebook/ssl/openssl/TicketEnabledOpenSSLSocketImplWrapper; (10659)
W/dalvikvm( 3528): Link of class 'Lcom/facebook/ssl/openssl/TicketEnabledOpenSSLSocketImplWrapper;' failed
E/dalvikvm( 3528): Could not find class 'com.facebook.ssl.openssl.TicketEnabledOpenSSLSocketImplWrapper', referenced from method com.facebook.ssl.openssl.b.a
W/dalvikvm( 3528): VFY: unable to resolve new-instance 7258 (Lcom/facebook/ssl/openssl/TicketEnabledOpenSSLSocketImplWrapper;) in Lcom/facebook/ssl/openssl/b;
D/dalvikvm( 3528): VFY: replacing opcode 0x22 at 0x0000
W/dalvikvm( 3528): Unable to resolve superclass of Lcom/facebook/ssl/openssl/TicketEnabledOpenSSLSocketImplWrapper; (10659)
W/dalvikvm( 3528): Link of class 'Lcom/facebook/ssl/openssl/TicketEnabledOpenSSLSocketImplWrapper;' failed
D/dalvikvm( 3528): DexOpt: unable to opt direct call 0x9f40 at 0x08 in Lcom/facebook/ssl/openssl/b;.a
W/msgr(:<default>):a( 3528): Attempt to start service that is already started
D/dalvikvm( 3528): Trying to load lib /data/app-lib/com.facebook.orca-2/libfbjni.so 0x41fab7c8
D/dalvikvm( 3528): Added shared lib /data/app-lib/com.facebook.orca-2/libfbjni.so 0x41fab7c8
D/dalvikvm( 3528): Trying to load lib /data/app-lib/com.facebook.orca-2/libheartbleed.so 0x41fab7c8
D/dalvikvm( 3528): Added shared lib /data/app-lib/com.facebook.orca-2/libheartbleed.so 0x41fab7c8
V/AlarmManager( 1025): sending alarm Alarm{42869d00 type 2 com.whatsapp}
V/AlarmManager( 1025): sending alarm Alarm{42869258 type 3 com.devexpert.weather}
V/AlarmManager( 1025): sending alarm Alarm{42559db8 type 2 com.facebook.orca}
V/AlarmManager( 1025): sending alarm Alarm{428677a8 type 0 com.rhmsoft.fm}
V/AlarmManager( 1025): sending alarm Alarm{42865d90 type 0 com.viber.voip}
D/PWM     ( 3493): url=http://up.cm.ksmobile.com/filemanager//controller/CloudCfg.php
I/ActivityManager( 1025): Start proc com.devexpert.weather for broadcast com.devexpert.weather/.view.WidgetWeather2x1: pid=3570 uid=10112 gids={50112, 3003, 1028, 1015}
I/ActivityManager( 1025): Process com.devexpert.weather (pid 3570) has died.
E/AdwareHttpConnector( 3493): 200
W/BroadcastQueue( 1025): Permission Denial: broadcasting Intent { act=android.net.conn.INET_CONDITION_ACTION flg=0x4000010 (has extras) } from null (pid=-1, uid=-1) requires com.facebook.permission.prod.FB_APP_COMMUNICATION due to registered receiver BroadcastFilter{427fa360 u0 ReceiverList{42bdb170 3528 com.facebook.orca/10147/u0 remote:427ed6c8}}
W/BroadcastQueue( 1025): Permission Denial: broadcasting Intent { act=android.net.conn.CONNECTIVITY_CHANGE flg=0x4000010 (has extras) } from null (pid=-1, uid=-1) requires com.facebook.permission.prod.FB_APP_COMMUNICATION due to registered receiver BroadcastFilter{427fa360 u0 ReceiverList{42bdb170 3528 com.facebook.orca/10147/u0 remote:427ed6c8}}
W/dalvikvm( 3528): Unable to resolve superclass of Lcom/facebook/push/adm/ADMBroadcastReceiver; (566)
W/dalvikvm( 3528): Link of class 'Lcom/facebook/push/adm/ADMBroadcastReceiver;' failed
E/dalvikvm( 3528): Could not find class 'com.facebook.push.adm.ADMBroadcastReceiver', referenced from method com.facebook.push.adm.a.b
W/dalvikvm( 3528): VFY: unable to resolve const-class 6907 (Lcom/facebook/push/adm/ADMBroadcastReceiver;) in Lcom/facebook/push/adm/a;
D/dalvikvm( 3528): VFY: replacing opcode 0x1c at 0x000e
W/msgr(:<default>):a( 3528): Attempt to start service that is already started
W/msgr(:<default>):a( 3528): Attempt to start service that is already started
W/BroadcastQueue( 1025): Permission Denial: broadcasting Intent { act=android.net.conn.CONNECTIVITY_CHANGE flg=0x4000010 (has extras) } from null (pid=-1, uid=-1) requires com.facebook.permission.prod.FB_APP_COMMUNICATION due to registered receiver BroadcastFilter{422cc5c0 u0 ReceiverList{42b5d658 3528 com.facebook.orca/10147/u0 remote:42015300}}
D/Ulp_jni ( 1025): Location CB invoked
I/ActivityManager( 1025): Process com.facebook.orca (pid 3528) has died.
W/ActivityManager( 1025): Scheduling restart of crashed service com.facebook.orca/com.facebook.push.mqtt.service.MqttPushService in 74252ms
D/Ulp_jni ( 1025): Location CB invoked
I/KInfoc  ( 3493): Auto Post
W/Settings( 3493): Setting android_id has moved from android.provider.Settings.System to android.provider.Settings.Secure, returning read-only value.
D/KInfoc  ( 3493): set batch timer
I/MDMCTBK (  273): NetlinkHandler, power_supply subsys
I/MDMCTBK (  273): NetlinkHandler, usbChargerStateChanged
I/MDMCTBK (  273): checkDefaultInst, current pid is = 273
I/MDMCTBK (  273): checkDefaultInst, pid match
I/MDMCTBK (  273): MdmCutbackHndler,readFromFile = /sys/class/power_supply/usb/online
I/MDMCTBK (  273): MdmCutbackHndler,readFromFile = 
E/MDMCTBK (  273): MdmCutbackHndler,Could not open ''
I/MDMCTBK (  273): NetlinkHandler, power_supply subsys
I/MDMCTBK (  273): NetlinkHandler, usbChargerStateChanged
I/MDMCTBK (  273): checkDefaultInst, current pid is = 273
I/MDMCTBK (  273): checkDefaultInst, pid match
I/MDMCTBK (  273): MdmCutbackHndler,readFromFile = /sys/class/power_supply/usb/online
I/MDMCTBK (  273): MdmCutbackHndler,readFromFile = 
E/MDMCTBK (  273): MdmCutbackHndler,Could not open ''
D/WifiService( 1025): acquireWifiLockLocked: WifiLock{NlpWifiLock type=2 binder=android.os.BinderProxy@42232c68}
D/WifiService( 1025): releaseWifiLockLocked: WifiLock{NlpWifiLock type=2 binder=android.os.BinderProxy@42232c68}
V/AlarmManager( 1025): sending alarm Alarm{4225bd90 type 3 android}
D/Ulp_jni ( 1025): Location CB invoked
V/AlarmManager( 1025): sending alarm Alarm{42259df0 type 2 com.whatsapp}
V/AlarmManager( 1025): sending alarm Alarm{42243188 type 1 com.rhmsoft.fm}
I/KInfoc  ( 3493): Auto Post
W/Settings( 3493): Setting android_id has moved from android.provider.Settings.System to android.provider.Settings.Secure, returning read-only value.
D/Ulp_jni ( 1025): Location CB invoked
D/dalvikvm( 1295): GC_CONCURRENT freed 1910K, 46% free 9406K/17224K, paused 2ms+2ms, total 17ms
W/ContextImpl( 1295): Calling a method in the system process without a qualified user: android.app.ContextImpl.sendBroadcast:1252 android.content.ContextWrapper.sendBroadcast:365 com.motorola.motocare.util.TriggerHelper$TriggerBuilder.send:76 com.motorola.motocare.internal.frameworkevents.ProcessKillTrigger.sendTrigger:147 com.motorola.motocare.internal.frameworkevents.ProcessKillTrigger.handleLmkKill:337 
W/ContextImpl( 1295): Calling a method in the system process without a qualified user: android.app.ContextImpl.sendBroadcast:1252 android.content.ContextWrapper.sendBroadcast:365 com.motorola.motocare.util.TriggerHelper$TriggerBuilder.send:76 com.motorola.motocare.internal.frameworkevents.ProcessKillTrigger.sendTrigger:147 com.motorola.motocare.internal.frameworkevents.ProcessKillTrigger.handleLmkKill:337 
W/ContextImpl( 1295): Calling a method in the system process without a qualified user: android.app.ContextImpl.sendBroadcast:1252 android.content.ContextWrapper.sendBroadcast:365 com.motorola.motocare.util.TriggerHelper$TriggerBuilder.send:76 com.motorola.motocare.internal.frameworkevents.ProcessKillTrigger.sendTrigger:147 com.motorola.motocare.internal.frameworkevents.ProcessKillTrigger.handleLmkKill:337 
W/ContextImpl( 1295): Calling a method in the system process without a qualified user: android.app.ContextImpl.sendBroadcast:1252 android.content.ContextWrapper.sendBroadcast:365 com.motorola.motocare.util.TriggerHelper$TriggerBuilder.send:76 com.motorola.motocare.internal.frameworkevents.ProcessKillTrigger.sendTrigger:147 com.motorola.motocare.internal.frameworkevents.ProcessKillTrigger.handleLmkKill:337 
W/ContextImpl( 1295): Calling a method in the system process without a qualified user: android.app.ContextImpl.sendBroadcast:1252 android.content.ContextWrapper.sendBroadcast:365 com.motorola.motocare.util.TriggerHelper$TriggerBuilder.send:76 com.motorola.motocare.internal.frameworkevents.ProcessKillTrigger.sendTrigger:147 com.motorola.motocare.internal.frameworkevents.ProcessKillTrigger.handleLmkKill:337 
W/ContextImpl( 1295): Calling a method in the system process without a qualified user: android.app.ContextImpl.sendBroadcast:1252 android.content.ContextWrapper.sendBroadcast:365 com.motorola.motocare.util.TriggerHelper$TriggerBuilder.send:76 com.motorola.motocare.internal.frameworkevents.ProcessKillTrigger.sendTrigger:147 com.motorola.motocare.internal.frameworkevents.ProcessKillTrigger.handleLmkKill:337 
W/ContextImpl( 1295): Calling a method in the system process without a qualified user: android.app.ContextImpl.sendBroadcast:1252 android.content.ContextWrapper.sendBroadcast:365 com.motorola.motocare.util.TriggerHelper$TriggerBuilder.send:76 com.motorola.motocare.internal.frameworkevents.ProcessKillTrigger.sendTrigger:147 com.motorola.motocare.internal.frameworkevents.ProcessKillTrigger.handleLmkKill:337 
W/ContextImpl( 1295): Calling a method in the system process without a qualified user: android.app.ContextImpl.sendBroadcast:1252 android.content.ContextWrapper.sendBroadcast:365 com.motorola.motocare.util.TriggerHelper$TriggerBuilder.send:76 com.motorola.motocare.internal.frameworkevents.ProcessKillTrigger.sendTrigger:147 com.motorola.motocare.internal.frameworkevents.ProcessKillTrigger.handleLmkKill:337 
W/ContextImpl( 1295): Calling a method in the system process without a qualified user: android.app.ContextImpl.sendBroadcast:1252 android.content.ContextWrapper.sendBroadcast:365 com.motorola.motocare.util.TriggerHelper$TriggerBuilder.send:76 com.motorola.motocare.internal.frameworkevents.ProcessKillTrigger.sendTrigger:147 com.motorola.motocare.internal.frameworkevents.ProcessKillTrigger.handleLmkKill:337 
W/ContextImpl( 1295): Calling a method in the system process without a qualified user: android.app.ContextImpl.sendBroadcast:1252 android.content.ContextWrapper.sendBroadcast:365 com.motorola.motocare.util.TriggerHelper$TriggerBuilder.send:76 com.motorola.motocare.internal.frameworkevents.ProcessKillTrigger.sendTrigger:147 com.motorola.motocare.internal.frameworkevents.ProcessKillTrigger.handleLmkKill:337 
W/ContextImpl( 1295): Calling a method in the system process without a qualified user: android.app.ContextImpl.sendBroadcast:1252 android.content.ContextWrapper.sendBroadcast:365 com.motorola.motocare.util.TriggerHelper$TriggerBuilder.send:76 com.motorola.motocare.internal.frameworkevents.ProcessKillTrigger.sendTrigger:147 com.motorola.motocare.internal.frameworkevents.ProcessKillTrigger.handleLmkKill:337 
W/ContextImpl( 1295): Calling a method in the system process without a qualified user: android.app.ContextImpl.sendBroadcast:1252 android.content.ContextWrapper.sendBroadcast:365 com.motorola.motocare.util.TriggerHelper$TriggerBuilder.send:76 com.motorola.motocare.internal.frameworkevents.ProcessKillTrigger.sendTrigger:147 com.motorola.motocare.internal.frameworkevents.ProcessKillTrigger.handleLmkKill:337 
W/ContextImpl( 1295): Calling a method in the system process without a qualified user: android.app.ContextImpl.sendBroadcast:1252 android.content.ContextWrapper.sendBroadcast:365 com.motorola.motocare.util.TriggerHelper$TriggerBuilder.send:76 com.motorola.motocare.internal.frameworkevents.ProcessKillTrigger.sendTrigger:147 com.motorola.motocare.internal.frameworkevents.ProcessKillTrigger.handleLmkKill:337 
W/ContextImpl( 1295): Calling a method in the system process without a qualified user: android.app.ContextImpl.sendBroadcast:1252 android.content.ContextWrapper.sendBroadcast:365 com.motorola.motocare.util.TriggerHelper$TriggerBuilder.send:76 com.motorola.motocare.internal.frameworkevents.ProcessKillTrigger.sendTrigger:147 com.motorola.motocare.internal.frameworkevents.ProcessKillTrigger.handleLmkKill:337 
W/ContextImpl( 1295): Calling a method in the system process without a qualified user: android.app.ContextImpl.sendBroadcast:1252 android.content.ContextWrapper.sendBroadcast:365 com.motorola.motocare.util.TriggerHelper$TriggerBuilder.send:76 com.motorola.motocare.internal.frameworkevents.ProcessKillTrigger.sendTrigger:147 com.motorola.motocare.internal.frameworkevents.ProcessKillTrigger.handleLmkKill:337 
D/dalvikvm( 1295): GC_EXPLICIT freed 571K, 46% free 9384K/17224K, paused 2ms+3ms, total 25ms
D/Ulp_jni ( 1025): Location CB invoked
D/KInfoc  ( 3493): clear batch timer
D/KInfoc  ( 3493): set batch timer
D/KInfoc  ( 3493):  BATCH REPORTER STARTED ........
D/Ulp_jni ( 1025): Location CB invoked
I/rmt_storage(  435): rmt_storage_connect_cb: clnt_h=0x5de conn_h=0xb6f751d0
I/rmt_storage(  435): rmt_storage_rw_iovec_cb: /boot/modem_fs1: clnt_h=0x1: req_h=0x5e2 msg_id=3: R/W request received
I/rmt_storage(  435): wakelock acquired: 1, error no: 42
I/rmt_storage(  435): rmt_storage_client_thread: /boot/modem_fs1: clnt_h=0x1 Unblock worker thread (th_id: -1225306392)
I/rmt_storage(  435): rmt_storage_client_thread: /boot/modem_fs1: clnt_h=0x1: req_h=0x5e2 msg_id=3: Bytes written = 1572864
I/rmt_storage(  435): rmt_storage_client_thread: /boot/modem_fs1: clnt_h=0x1: req_h=0x5e2 msg_id=3: Send response: res=0 err=0
I/rmt_storage(  435): rmt_storage_client_thread: /boot/modem_fs1: clnt_h=0x1 About to block rmt_storage client thread (th_id: -1225306392) wakelock released: 1, error no: 0
I/rmt_storage(  435): 
I/rmt_storage(  435): rmt_storage_disconnect_cb: clnt_h=0x0x5de conn_h=0x0xb6f751d0
D/Ulp_jni ( 1025): Location CB invoked
D/Ulp_jni ( 1025): Location CB invoked
I/ActivityManager( 1025): Start proc com.facebook.orca for service com.facebook.orca/com.facebook.push.mqtt.service.MqttPushService: pid=3645 uid=10147 gids={50147, 3003, 1028, 1015}
D/ACRA    ( 3645): ACRA is enabled for com.facebook.orca, intializing...
D/ACRA    ( 3645): Looking for error files in /data/data/com.facebook.orca/app_acra-reports
D/ACRA    ( 3645): Looking for error files in /data/data/com.facebook.orca/app_minidumps
D/dalvikvm( 3645): Trying to load lib /data/app-lib/com.facebook.orca-2/libgnustl_shared.so 0x41fad6b8
D/dalvikvm( 3645): Added shared lib /data/app-lib/com.facebook.orca-2/libgnustl_shared.so 0x41fad6b8
D/dalvikvm( 3645): No JNI_OnLoad found in /data/app-lib/com.facebook.orca-2/libgnustl_shared.so 0x41fad6b8, skipping init
D/dalvikvm( 3645): Trying to load lib /data/app-lib/com.facebook.orca-2/libfb_breakpad_client.so 0x41fad6b8
D/dalvikvm( 3645): Added shared lib /data/app-lib/com.facebook.orca-2/libfb_breakpad_client.so 0x41fad6b8
D/dalvikvm( 3645): Trying to load lib /data/app-lib/com.facebook.orca-2/libfb_dalvik-internals.so 0x41fad6b8
D/dalvikvm( 3645): Added shared lib /data/app-lib/com.facebook.orca-2/libfb_dalvik-internals.so 0x41fad6b8
V/DexLibLoader( 3645): about to lock: /data/data/com.facebook.orca/mdex_lock
V/DexLibLoader( 3645): locking /data/data/com.facebook.orca/mdex_lock took 0 ms
V/DexLibLoader( 3645): Secondary program dex metadata: secondary-1.dex.jar 790183d1fb728678b0d8546ed8e9eaef90404089 secondary.dex01.Canary
V/DexLibLoader( 3645): Secondary program dex metadata: secondary-2.dex.jar 03b795797c6ded9e8b3df575980b7d37d9ca8dad secondary.dex02.Canary
V/DexLibLoader( 3645): Secondary program dex metadata: secondary-3.dex.jar 5ccf73e2daa6156653af1c6485ad6053f38846b9 secondary.dex03.Canary
V/DexLibLoader( 3645): directory "/data/data/com.facebook.orca/app_secondary_program_dex" contains "program-790183d1fb728678b0d8546ed8e9eaef904040896661a1c7.dex.jar" as expected
V/DexLibLoader( 3645): directory "/data/data/com.facebook.orca/app_secondary_program_dex" contains "program-03b795797c6ded9e8b3df575980b7d37d9ca8dad6661a1c7.dex.jar" as expected
V/DexLibLoader( 3645): directory "/data/data/com.facebook.orca/app_secondary_program_dex" contains "program-5ccf73e2daa6156653af1c6485ad6053f38846b96661a1c7.dex.jar" as expected
D/DexLibLoader( 3645): ignoring file "program-790183d1fb728678b0d8546ed8e9eaef904040896661a1c7.dex.odex" in "/data/data/com.facebook.orca/app_secondary_program_dex"
D/DexLibLoader( 3645): ignoring file "program-03b795797c6ded9e8b3df575980b7d37d9ca8dad6661a1c7.dex.odex" in "/data/data/com.facebook.orca/app_secondary_program_dex"
D/DexLibLoader( 3645): ignoring file "program-5ccf73e2daa6156653af1c6485ad6053f38846b96661a1c7.dex.odex" in "/data/data/com.facebook.orca/app_secondary_program_dex"
D/DexLibLoader( 3645): directory "/data/data/com.facebook.orca/app_secondary_program_dex" is valid
D/DexLibLoader( 3645): ignoring file "primary_deps" in "/data/data/com.facebook.orca/app_secondary_program_dex_opt"
V/DexLibLoader( 3645): directory "/data/data/com.facebook.orca/app_secondary_program_dex_opt" contains "program-790183d1fb728678b0d8546ed8e9eaef904040896661a1c7.dex.dex" as expected
V/DexLibLoader( 3645): directory "/data/data/com.facebook.orca/app_secondary_program_dex_opt" contains "program-03b795797c6ded9e8b3df575980b7d37d9ca8dad6661a1c7.dex.dex" as expected
V/DexLibLoader( 3645): directory "/data/data/com.facebook.orca/app_secondary_program_dex_opt" contains "program-5ccf73e2daa6156653af1c6485ad6053f38846b96661a1c7.dex.dex" as expected
D/DexLibLoader( 3645): directory "/data/data/com.facebook.orca/app_secondary_program_dex_opt" is valid
D/DexLibLoader( 3645): loading pre-built cross-dex opt odex files
V/dalvik-internals( 3645): hooked dvmResolveClass using jump ()
V/dalvik-internals( 3645): hooked dvmFlushBreakpoints using jump ()
V/MultiDexClassLoader( 3645): installing MultiDexClassLoader before application classloader
I/dalvikvm( 3645): Could not find method dalvik.system.DexFile.loadClassBinaryName, referenced from method com.facebook.common.l.g.a
W/dalvikvm( 3645): VFY: unable to resolve virtual method 1453: Ldalvik/system/DexFile;.loadClassBinaryName (Ljava/lang/String;Ljava/lang/ClassLoader;)Ljava/lang/Class;
D/dalvikvm( 3645): VFY: replacing opcode 0x6e at 0x0000
D/DexLibLoader( 3645): released odex store lock
D/DexLibLoader( 3645): DexLibLoader.loadAll took 15 ms
W/bp      ( 3645): Verify
E/dalvikvm( 3645): Could not find class 'org.apache.harmony.xnet.provider.jsse.OpenSSLSocketImpl', referenced from method com.facebook.ssl.openssl.a.b.<clinit>
W/dalvikvm( 3645): VFY: unable to resolve const-class 10658 (Lorg/apache/harmony/xnet/provider/jsse/OpenSSLSocketImpl;) in Lcom/facebook/ssl/openssl/a/b;
D/dalvikvm( 3645): VFY: replacing opcode 0x1c at 0x000d
E/dalvikvm( 3645): Could not find class 'org.apache.harmony.xnet.provider.jsse.OpenSSLSocketFactoryImpl', referenced from method com.facebook.ssl.openssl.b.b.<clinit>
W/dalvikvm( 3645): VFY: unable to resolve const-class 10657 (Lorg/apache/harmony/xnet/provider/jsse/OpenSSLSocketFactoryImpl;) in Lcom/facebook/ssl/openssl/b/b;
D/dalvikvm( 3645): VFY: replacing opcode 0x1c at 0x000d
E/dalvikvm( 3645): Could not find class 'org.apache.harmony.xnet.provider.jsse.SSLParametersImpl', referenced from method com.facebook.ssl.openssl.b.b.a
W/dalvikvm( 3645): VFY: unable to resolve check-cast 10660 (Lorg/apache/harmony/xnet/provider/jsse/SSLParametersImpl;) in Lcom/facebook/ssl/openssl/b/b;
D/dalvikvm( 3645): VFY: replacing opcode 0x1f at 0x0006
E/dalvikvm( 3645): Could not find class 'org.apache.harmony.xnet.provider.jsse.SSLParametersImpl', referenced from method com.facebook.ssl.openssl.b.c.<clinit>
W/dalvikvm( 3645): VFY: unable to resolve const-class 10660 (Lorg/apache/harmony/xnet/provider/jsse/SSLParametersImpl;) in Lcom/facebook/ssl/openssl/b/c;
D/dalvikvm( 3645): VFY: replacing opcode 0x1c at 0x000d
W/dalvikvm( 3645): VFY: unable to find class referenced in signature (Lorg/apache/harmony/xnet/provider/jsse/SSLParametersImpl;)
E/dalvikvm( 3645): Could not find class 'org.apache.harmony.xnet.provider.jsse.ClientSessionContext', referenced from method com.facebook.ssl.openssl.b.c.a
W/dalvikvm( 3645): VFY: unable to resolve check-cast 10656 (Lorg/apache/harmony/xnet/provider/jsse/ClientSessionContext;) in Lcom/facebook/ssl/openssl/b/c;
D/dalvikvm( 3645): VFY: replacing opcode 0x1f at 0x0006
W/dalvikvm( 3645): VFY: unable to find class referenced in signature (Lorg/apache/harmony/xnet/provider/jsse/SSLParametersImpl;)
W/dalvikvm( 3645): Unable to resolve superclass of Lcom/facebook/ssl/openssl/TicketEnabledOpenSSLSocketImplWrapper; (10659)
W/dalvikvm( 3645): Link of class 'Lcom/facebook/ssl/openssl/TicketEnabledOpenSSLSocketImplWrapper;' failed
E/dalvikvm( 3645): Could not find class 'com.facebook.ssl.openssl.TicketEnabledOpenSSLSocketImplWrapper', referenced from method com.facebook.ssl.openssl.b.a
W/dalvikvm( 3645): VFY: unable to resolve new-instance 7258 (Lcom/facebook/ssl/openssl/TicketEnabledOpenSSLSocketImplWrapper;) in Lcom/facebook/ssl/openssl/b;
D/dalvikvm( 3645): VFY: replacing opcode 0x22 at 0x0000
W/dalvikvm( 3645): Unable to resolve superclass of Lcom/facebook/ssl/openssl/TicketEnabledOpenSSLSocketImplWrapper; (10659)
W/dalvikvm( 3645): Link of class 'Lcom/facebook/ssl/openssl/TicketEnabledOpenSSLSocketImplWrapper;' failed
D/dalvikvm( 3645): DexOpt: unable to opt direct call 0x9f40 at 0x08 in Lcom/facebook/ssl/openssl/b;.a
W/msgr(:<default>):a( 3645): Attempt to start service that is already started
D/dalvikvm( 3645): Trying to load lib /data/app-lib/com.facebook.orca-2/libfbjni.so 0x41fad6b8
D/dalvikvm( 3645): Added shared lib /data/app-lib/com.facebook.orca-2/libfbjni.so 0x41fad6b8
D/dalvikvm( 3645): Trying to load lib /data/app-lib/com.facebook.orca-2/libheartbleed.so 0x41fad6b8
D/dalvikvm( 3645): Added shared lib /data/app-lib/com.facebook.orca-2/libheartbleed.so 0x41fad6b8
I/ActivityManager( 1025): Process com.android.vending (pid 3215) has died.
W/BroadcastQueue( 1025): Permission Denial: broadcasting Intent { act=android.net.conn.INET_CONDITION_ACTION flg=0x4000010 (has extras) } from null (pid=-1, uid=-1) requires com.facebook.permission.prod.FB_APP_COMMUNICATION due to registered receiver BroadcastFilter{42be9128 u0 ReceiverList{42beaae0 3645 com.facebook.orca/10147/u0 remote:42c4bf38}}
W/BroadcastQueue( 1025): Permission Denial: broadcasting Intent { act=android.net.conn.CONNECTIVITY_CHANGE flg=0x4000010 (has extras) } from null (pid=-1, uid=-1) requires com.facebook.permission.prod.FB_APP_COMMUNICATION due to registered receiver BroadcastFilter{42be9128 u0 ReceiverList{42beaae0 3645 com.facebook.orca/10147/u0 remote:42c4bf38}}
W/dalvikvm( 3645): Unable to resolve superclass of Lcom/facebook/push/adm/ADMBroadcastReceiver; (566)
W/dalvikvm( 3645): Link of class 'Lcom/facebook/push/adm/ADMBroadcastReceiver;' failed
E/dalvikvm( 3645): Could not find class 'com.facebook.push.adm.ADMBroadcastReceiver', referenced from method com.facebook.push.adm.a.b
W/dalvikvm( 3645): VFY: unable to resolve const-class 6907 (Lcom/facebook/push/adm/ADMBroadcastReceiver;) in Lcom/facebook/push/adm/a;
D/dalvikvm( 3645): VFY: replacing opcode 0x1c at 0x000e
W/msgr(:<default>):a( 3645): Attempt to start service that is already started
W/msgr(:<default>):a( 3645): Attempt to start service that is already started
W/BroadcastQueue( 1025): Permission Denial: broadcasting Intent { act=android.net.conn.CONNECTIVITY_CHANGE flg=0x4000010 (has extras) } from null (pid=-1, uid=-1) requires com.facebook.permission.prod.FB_APP_COMMUNICATION due to registered receiver BroadcastFilter{42fc5d18 u0 ReceiverList{42b239b8 3645 com.facebook.orca/10147/u0 remote:42b078e8}}
V/AlarmManager( 1025): sending alarm Alarm{4291a348 type 3 android}
D/Ulp_jni ( 1025): Location CB invoked
V/AlarmManager( 1025): sending alarm Alarm{42cd2110 type 3 com.devexpert.weather}
V/AlarmManager( 1025): sending alarm Alarm{436406f8 type 2 com.facebook.orca}
I/ActivityManager( 1025): Start proc com.devexpert.weather for broadcast com.devexpert.weather/.view.WidgetWeather2x1: pid=3727 uid=10112 gids={50112, 3003, 1028, 1015}
V/AlarmManager( 1025): sending alarm Alarm{43640748 type 1 com.android.deskclock}
D/dalvikvm( 1025): GC_EXPLICIT freed 1573K, 40% free 30472K/50444K, paused 5ms+19ms, total 165ms
I/ActivityManager( 1025): Start proc com.android.deskclock for broadcast com.android.deskclock/com.android.alarmclock.DigitalAppWidgetProvider: pid=3745 uid=10015 gids={50015, 1028}
I/ActivityManager( 1025): Process com.devexpert.weather (pid 3727) has died.
D/Ulp_jni ( 1025): Location CB invoked
V/AlarmManager( 1025): sending alarm Alarm{436c0368 type 2 android}
D/ConnectivityService( 1025): Sampling interval elapsed, updating statistics ..
D/ConnectivityService( 1025): Done.
D/ConnectivityService( 1025): Setting timer for 720seconds
D/Ulp_jni ( 1025): Location CB invoked
D/Ulp_jni ( 1025): Location CB invoked
D/Ulp_jni ( 1025): Location CB invoked
D/Ulp_jni ( 1025): Location CB invoked
D/dalvikvm( 1295): GC_CONCURRENT freed 1899K, 46% free 9405K/17224K, paused 2ms+1ms, total 17ms
W/ContextImpl( 1295): Calling a method in the system process without a qualified user: android.app.ContextImpl.sendBroadcast:1252 android.content.ContextWrapper.sendBroadcast:365 com.motorola.motocare.util.TriggerHelper$TriggerBuilder.send:76 com.motorola.motocare.internal.frameworkevents.ProcessKillTrigger.sendTrigger:147 com.motorola.motocare.internal.frameworkevents.ProcessKillTrigger.handleLmkKill:337 
W/ContextImpl( 1295): Calling a method in the system process without a qualified user: android.app.ContextImpl.sendBroadcast:1252 android.content.ContextWrapper.sendBroadcast:365 com.motorola.motocare.util.TriggerHelper$TriggerBuilder.send:76 com.motorola.motocare.internal.frameworkevents.ProcessKillTrigger.sendTrigger:147 com.motorola.motocare.internal.frameworkevents.ProcessKillTrigger.handleLmkKill:337 
D/dalvikvm( 1295): GC_EXPLICIT freed 411K, 46% free 9380K/17224K, paused 7ms+4ms, total 43ms
V/AlarmManager( 1025): sending alarm Alarm{436bd0f0 type 3 android}
D/Ulp_jni ( 1025): Location CB invoked
V/AlarmManager( 1025): sending alarm Alarm{436bd068 type 3 com.devexpert.weather}
V/AlarmManager( 1025): sending alarm Alarm{43658ef8 type 2 com.google.android.gms}
I/ActivityManager( 1025): Start proc com.devexpert.weather for broadcast com.devexpert.weather/.view.WidgetWeather2x1: pid=3771 uid=10112 gids={50112, 3003, 1028, 1015}
D/GCM     (16934): Message class com.google.f.a.a.i
I/ActivityManager( 1025): Process com.android.deskclock (pid 3745) has died.
D/ConnectivityService( 1025): handleInetConditionHoldEnd: net=1, condition=100, published condition=100
I/ModemStatsDSDetect( 1327): onReceive() -Intent { act=android.net.conn.INET_CONDITION_ACTION flg=0x4000010 (has extras) }
I/SBar.NetworkController( 1119): onReceive: ConnectivityManager.INET_CONDITION_ACTION Received
I/ModemStatsDSDetect( 1327): INET_CONDITION=100 ,activeNet=NetworkInfo: type: WIFI[], state: CONNECTED/CONNECTED, reason: (unspecified), extra: "Moulin Rouge", roaming: false, failover: false, isAvailable: true, isConnectedToProvisioningNetwork: false
I/ModemStatsDSDetect( 1327): onReceive() - done, currentInetCondition=100
I/SBar.NetworkController( 1119): updateConnectivity: NetworkInfo: NetworkInfo: type: WIFI[], state: CONNECTED/CONNECTED, reason: (unspecified), extra: "Moulin Rouge", roaming: false, failover: false, isAvailable: true, isConnectedToProvisioningNetwork: false, inetCondition= 1
D/Ulp_jni ( 1025): Location CB invoked
I/MDMCTBK (  273): NetlinkHandler, power_supply subsys
I/MDMCTBK (  273): NetlinkHandler, usbChargerStateChanged
I/MDMCTBK (  273): checkDefaultInst, current pid is = 273
I/MDMCTBK (  273): checkDefaultInst, pid match
I/MDMCTBK (  273): MdmCutbackHndler,readFromFile = /sys/class/power_supply/usb/online
I/MDMCTBK (  273): MdmCutbackHndler,readFromFile = 
E/MDMCTBK (  273): MdmCutbackHndler,Could not open ''
I/MDMCTBK (  273): NetlinkHandler, power_supply subsys
I/MDMCTBK (  273): NetlinkHandler, usbChargerStateChanged
I/MDMCTBK (  273): checkDefaultInst, current pid is = 273
I/MDMCTBK (  273): checkDefaultInst, pid match
I/MDMCTBK (  273): MdmCutbackHndler,readFromFile = /sys/class/power_supply/usb/online
I/MDMCTBK (  273): MdmCutbackHndler,readFromFile = 
E/MDMCTBK (  273): MdmCutbackHndler,Could not open ''
D/Ulp_jni ( 1025): Location CB invoked
D/MDMCTBK (  273): reply_len: 40 reply is = IFNAME=wlan0 <3>CTRL-EVENT-BSS-REMOVED 2
D/MDMCTBK (  273): Event received = CTRL-EVENT-BSS-REMOVED 2
D/MDMCTBK (  273): reply_len: 40 reply is = IFNAME=wlan0 <3>CTRL-EVENT-BSS-REMOVED 2
D/MDMCTBK (  273): Event received = CTRL-EVENT-BSS-REMOVED 2
D/MDMCTBK (  273): reply_len: 40 reply is = IFNAME=wlan0 <3>CTRL-EVENT-BSS-REMOVED 2
D/MDMCTBK (  273): Event received = CTRL-EVENT-BSS-REMOVED 2
D/MDMCTBK (  273): reply_len: 40 reply is = IFNAME=wlan0 <3>CTRL-EVENT-BSS-REMOVED 2
D/MDMCTBK (  273): Event received = CTRL-EVENT-BSS-REMOVED 2
D/MDMCTBK (  273): reply_len: 40 reply is = IFNAME=wlan0 <3>CTRL-EVENT-BSS-REMOVED 2
D/MDMCTBK (  273): Event received = CTRL-EVENT-BSS-REMOVED 2
D/Ulp_jni ( 1025): Location CB invoked
D/Ulp_jni ( 1025): Location CB invoked
V/AlarmManager( 1025): sending alarm Alarm{42bb71d8 type 3 com.devexpert.weather}
V/AlarmManager( 1025): sending alarm Alarm{42bb0b18 type 1 com.google.android.inputmethod.latin}
I/ActivityManager( 1025): Start proc com.google.android.inputmethod.latin for broadcast com.google.android.inputmethod.latin/com.android.inputmethod.latin.personalization.DictionaryDecayBroadcastReciever: pid=3799 uid=10074 gids={50074, 3003, 1028, 1015}
I/ActivityManager( 1025): Process com.devexpert.weather (pid 3771) has died.
D/Ulp_jni ( 1025): Location CB invoked
I/MDMCTBK (  273): NetlinkHandler, power_supply subsys
I/MDMCTBK (  273): NetlinkHandler, usbChargerStateChanged
I/MDMCTBK (  273): checkDefaultInst, current pid is = 273
I/MDMCTBK (  273): checkDefaultInst, pid match
I/MDMCTBK (  273): MdmCutbackHndler,readFromFile = /sys/class/power_supply/usb/online
I/MDMCTBK (  273): MdmCutbackHndler,readFromFile = 
E/MDMCTBK (  273): MdmCutbackHndler,Could not open ''
I/MDMCTBK (  273): NetlinkHandler, power_supply subsys
I/MDMCTBK (  273): NetlinkHandler, usbChargerStateChanged
I/MDMCTBK (  273): checkDefaultInst, current pid is = 273
I/MDMCTBK (  273): checkDefaultInst, pid match
I/MDMCTBK (  273): MdmCutbackHndler,readFromFile = /sys/class/power_supply/usb/online
I/MDMCTBK (  273): MdmCutbackHndler,readFromFile = 
E/MDMCTBK (  273): MdmCutbackHndler,Could not open ''
V/AlarmManager( 1025): sending alarm Alarm{42bb0358 type 3 android}
D/Ulp_jni ( 1025): Location CB invoked
D/dalvikvm( 1295): GC_CONCURRENT freed 1895K, 46% free 9405K/17224K, paused 1ms+1ms, total 17ms
W/ContextImpl( 1295): Calling a method in the system process without a qualified user: android.app.ContextImpl.sendBroadcast:1252 android.content.ContextWrapper.sendBroadcast:365 com.motorola.motocare.util.TriggerHelper$TriggerBuilder.send:76 com.motorola.motocare.internal.frameworkevents.ProcessKillTrigger.sendTrigger:147 com.motorola.motocare.internal.frameworkevents.ProcessKillTrigger.handleLmkKill:337 
W/ContextImpl( 1295): Calling a method in the system process without a qualified user: android.app.ContextImpl.sendBroadcast:1252 android.content.ContextWrapper.sendBroadcast:365 com.motorola.motocare.util.TriggerHelper$TriggerBuilder.send:76 com.motorola.motocare.internal.frameworkevents.ProcessKillTrigger.sendTrigger:147 com.motorola.motocare.internal.frameworkevents.ProcessKillTrigger.handleLmkKill:337 
D/dalvikvm( 1295): GC_EXPLICIT freed 412K, 46% free 9380K/17224K, paused 2ms+3ms, total 21ms
D/Ulp_jni ( 1025): Location CB invoked
D/Ulp_jni ( 1025): Location CB invoked
V/AlarmManager( 1025): sending alarm Alarm{42a969e0 type 3 com.devexpert.weather}
I/ActivityManager( 1025): Start proc com.devexpert.weather for broadcast com.devexpert.weather/.view.WidgetWeather2x1: pid=3831 uid=10112 gids={50112, 3003, 1028, 1015}
I/ActivityManager( 1025): Process com.google.android.inputmethod.latin (pid 3799) has died.
D/KInfoc  ( 3493): clear batch timer
D/KInfoc  ( 3493): set batch timer
D/KInfoc  ( 3493):  BATCH REPORTER STARTED ........
D/Ulp_jni ( 1025): Location CB invoked
D/Ulp_jni ( 1025): Location CB invoked
I/GCM     (16934): GCM message com.facebook.katana 0:1429441364470531%2a9664f1f9fd7ecd
I/ActivityManager( 1025): Start proc com.facebook.katana for broadcast com.facebook.katana/com.facebook.push.c2dm.C2DMBroadcastReceiver: pid=3856 uid=10110 gids={50110, 1028, 1015, 3003}
W/dalvikvm( 3856): VFY: unable to resolve static field 29078 (a) in Lcom/facebook/katana/app/WorkAppTypes;
D/dalvikvm( 3856): VFY: replacing opcode 0x62 at 0x0013
W/dalvikvm( 3856): VFY: unable to resolve static field 29079 (b) in Lcom/facebook/katana/app/WorkAppTypes;
D/dalvikvm( 3856): VFY: replacing opcode 0x62 at 0x001d
E/dalvikvm( 3856): Could not find class 'com.facebook.katana.app.WallpaperFacebookApplicationImpl', referenced from method com.facebook.katana.app.FacebookApplication.a
W/dalvikvm( 3856): VFY: unable to resolve new-instance 379 (Lcom/facebook/katana/app/WallpaperFacebookApplicationImpl;) in Lcom/facebook/katana/app/FacebookApplication;
D/dalvikvm( 3856): VFY: replacing opcode 0x22 at 0x00a9
D/dalvikvm( 3856): DexOpt: unable to opt direct call 0x055f at 0xab in Lcom/facebook/katana/app/FacebookApplication;.a
D/CatchMeIfYouCan( 3856): Process (<default>) ca: '/data/data/com.facebook.katana/app_cmiyc/A1657CCD543F12E66E587EE52ED9D802E22AAC4701'
D/CatchMeIfYouCan( 3856): Process (<default>) fc: '/data/data/com.facebook.katana/app_cmiyc/A1657CCD543F12E66E587EE52ED9D802E22AAC4702'
D/CatchMeIfYouCan( 3856): Process (<default>) cp: '('default', 3, 120000, silent [true], restart [false], logout [false])'
D/ACRA    ( 3856): ACRA is enabled for com.facebook.katana, intializing...
D/ACRA    ( 3856): Looking for error files in /data/data/com.facebook.katana/app_acra-reports
D/ACRA    ( 3856): Looking for error files in /data/data/com.facebook.katana/app_minidumps
D/dalvikvm( 3856): Trying to load lib /data/app-lib/com.facebook.katana-1/libgnustl_shared.so 0x41fbb190
D/dalvikvm( 3856): Added shared lib /data/app-lib/com.facebook.katana-1/libgnustl_shared.so 0x41fbb190
D/dalvikvm( 3856): No JNI_OnLoad found in /data/app-lib/com.facebook.katana-1/libgnustl_shared.so 0x41fbb190, skipping init
D/dalvikvm( 3856): Trying to load lib /data/app-lib/com.facebook.katana-1/libfb_breakpad_client.so 0x41fbb190
D/dalvikvm( 3856): Added shared lib /data/app-lib/com.facebook.katana-1/libfb_breakpad_client.so 0x41fbb190
D/dalvikvm( 3856): Trying to load lib /data/app-lib/com.facebook.katana-1/libfb_dalvik-internals.so 0x41fbb190
D/dalvikvm( 3856): Added shared lib /data/app-lib/com.facebook.katana-1/libfb_dalvik-internals.so 0x41fbb190
V/DexLibLoader( 3856): about to lock: /data/data/com.facebook.katana/mdex_lock
V/DexLibLoader( 3856): locking /data/data/com.facebook.katana/mdex_lock took 1 ms
V/DexLibLoader( 3856): Secondary program dex metadata: secondary-1.dex.jar.xz 15ef54b77950d1e6c1cbc3342a20571a9fd8050d secondary.dex01.Canary
V/DexLibLoader( 3856): Secondary program dex metadata: secondary-2.dex.jar.xz 14bcaeed5ad488eaf139a59d22cf00efbde5948b secondary.dex02.Canary
V/DexLibLoader( 3856): Secondary program dex metadata: secondary-3.dex.jar.xz e8acf246c92474061a3e0f7dafec5559e33da2c5 secondary.dex03.Canary
V/DexLibLoader( 3856): Secondary program dex metadata: secondary-4.dex.jar.xz 1d7a13e77be07efb41a2c80160a9aec6fff27ad1 secondary.dex04.Canary
V/DexLibLoader( 3856): Secondary program dex metadata: secondary-5.dex.jar.xz 42761fa3dedc1f1a9503bece4f2db80adf01f775 secondary.dex05.Canary
V/DexLibLoader( 3856): Secondary program dex metadata: secondary-6.dex.jar.xz 1b4455e1ba1ff38a86723e24cd334fa1062519f1 secondary.dex06.Canary
V/DexLibLoader( 3856): Secondary program dex metadata: secondary-7.dex.jar.xz a54de6ef97459e1e5b5c8f874a889a38965d3446 secondary.dex07.Canary
V/DexLibLoader( 3856): directory "/data/data/com.facebook.katana/app_secondary_program_dex" contains "program-15ef54b77950d1e6c1cbc3342a20571a9fd8050d6661a1c7.dex.jar" as expected
V/DexLibLoader( 3856): directory "/data/data/com.facebook.katana/app_secondary_program_dex" contains "program-14bcaeed5ad488eaf139a59d22cf00efbde5948b6661a1c7.dex.jar" as expected
V/DexLibLoader( 3856): directory "/data/data/com.facebook.katana/app_secondary_program_dex" contains "program-e8acf246c92474061a3e0f7dafec5559e33da2c56661a1c7.dex.jar" as expected
V/DexLibLoader( 3856): directory "/data/data/com.facebook.katana/app_secondary_program_dex" contains "program-1d7a13e77be07efb41a2c80160a9aec6fff27ad16661a1c7.dex.jar" as expected
V/DexLibLoader( 3856): directory "/data/data/com.facebook.katana/app_secondary_program_dex" contains "program-42761fa3dedc1f1a9503bece4f2db80adf01f7756661a1c7.dex.jar" as expected
V/DexLibLoader( 3856): directory "/data/data/com.facebook.katana/app_secondary_program_dex" contains "program-1b4455e1ba1ff38a86723e24cd334fa1062519f16661a1c7.dex.jar" as expected
V/DexLibLoader( 3856): directory "/data/data/com.facebook.katana/app_secondary_program_dex" contains "program-a54de6ef97459e1e5b5c8f874a889a38965d34466661a1c7.dex.jar" as expected
D/DexLibLoader( 3856): ignoring file "program-15ef54b77950d1e6c1cbc3342a20571a9fd8050d6661a1c7.dex.odex" in "/data/data/com.facebook.katana/app_secondary_program_dex"
D/DexLibLoader( 3856): ignoring file "program-14bcaeed5ad488eaf139a59d22cf00efbde5948b6661a1c7.dex.odex" in "/data/data/com.facebook.katana/app_secondary_program_dex"
D/DexLibLoader( 3856): ignoring file "program-e8acf246c92474061a3e0f7dafec5559e33da2c56661a1c7.dex.odex" in "/data/data/com.facebook.katana/app_secondary_program_dex"
D/DexLibLoader( 3856): ignoring file "program-1d7a13e77be07efb41a2c80160a9aec6fff27ad16661a1c7.dex.odex" in "/data/data/com.facebook.katana/app_secondary_program_dex"
D/DexLibLoader( 3856): ignoring file "program-42761fa3dedc1f1a9503bece4f2db80adf01f7756661a1c7.dex.odex" in "/data/data/com.facebook.katana/app_secondary_program_dex"
D/DexLibLoader( 3856): ignoring file "program-1b4455e1ba1ff38a86723e24cd334fa1062519f16661a1c7.dex.odex" in "/data/data/com.facebook.katana/app_secondary_program_dex"
D/DexLibLoader( 3856): ignoring file "program-a54de6ef97459e1e5b5c8f874a889a38965d34466661a1c7.dex.odex" in "/data/data/com.facebook.katana/app_secondary_program_dex"
D/DexLibLoader( 3856): directory "/data/data/com.facebook.katana/app_secondary_program_dex" is valid
D/DexLibLoader( 3856): ignoring file "primary_deps" in "/data/data/com.facebook.katana/app_secondary_program_dex_opt"
V/DexLibLoader( 3856): directory "/data/data/com.facebook.katana/app_secondary_program_dex_opt" contains "program-15ef54b77950d1e6c1cbc3342a20571a9fd8050d6661a1c7.dex.dex" as expected
V/DexLibLoader( 3856): directory "/data/data/com.facebook.katana/app_secondary_program_dex_opt" contains "program-14bcaeed5ad488eaf139a59d22cf00efbde5948b6661a1c7.dex.dex" as expected
V/DexLibLoader( 3856): directory "/data/data/com.facebook.katana/app_secondary_program_dex_opt" contains "program-e8acf246c92474061a3e0f7dafec5559e33da2c56661a1c7.dex.dex" as expected
