I/dalvikvm(18767): Could not find method android.content.pm.PackageManager.getPackageInstaller, referenced from method com.evernote.d.b.getPackageInstaller
W/dalvikvm(18767): VFY: unable to resolve virtual method 823: Landroid/content/pm/PackageManager;.getPackageInstaller ()Landroid/content/pm/PackageInstaller;
D/dalvikvm(18767): VFY: replacing opcode 0x6e at 0x0002
I/dalvikvm(18767): Could not find method android.content.pm.PackageManager.getUserBadgedDrawableForDensity, referenced from method com.evernote.d.b.getUserBadgedDrawableForDensity
W/dalvikvm(18767): VFY: unable to resolve virtual method 839: Landroid/content/pm/PackageManager;.getUserBadgedDrawableForDensity (Landroid/graphics/drawable/Drawable;Landroid/os/UserHandle;Landroid/graphics/Rect;I)Landroid/graphics/drawable/Drawable;
D/dalvikvm(18767): VFY: replacing opcode 0x6e at 0x0002
I/dalvikvm(18767): Could not find method android.content.pm.PackageManager.getUserBadgedIcon, referenced from method com.evernote.d.b.getUserBadgedIcon
W/dalvikvm(18767): VFY: unable to resolve virtual method 840: Landroid/content/pm/PackageManager;.getUserBadgedIcon (Landroid/graphics/drawable/Drawable;Landroid/os/UserHandle;)Landroid/graphics/drawable/Drawable;
D/dalvikvm(18767): VFY: replacing opcode 0x6e at 0x0002
I/dalvikvm(18767): Could not find method android.content.pm.PackageManager.getUserBadgedLabel, referenced from method com.evernote.d.b.getUserBadgedLabel
W/dalvikvm(18767): VFY: unable to resolve virtual method 841: Landroid/content/pm/PackageManager;.getUserBadgedLabel (Ljava/lang/CharSequence;Landroid/os/UserHandle;)Ljava/lang/CharSequence;
D/dalvikvm(18767): VFY: replacing opcode 0x6e at 0x0002
I/Crashlytics(18767): Initializing Crashlytics 1.1.8.10
D/MarketUtils(18767): isPackageInstalled() - com.android.vending is installed
D/HockeyApp(18767): Looking for exceptions in: /data/data/com.evernote/files
D/HockeyApp(18767): Current handler class = com.evernote.k
D/EN      (18767): [ee] - registered crash manager
D/EN      (18767): [c] - onApplicationStart()
D/EN      (18767): [c] - onApplicationStart() -- loader thread
D/EN      (18767): [c] - pushUserIDToDataLayer(), pushing user-id ending in 6
D/MarketUtils(18767): isPackageInstalled() - com.android.vending is installed
D/MarketUtils(18767): isPackageInstalled() - com.android.vending is installed
I/ActivityManager( 1025): Start proc com.evernote.widget for broadcast com.evernote.widget/.WidgetStateReceiver: pid=18811 uid=10135 gids={50135, 3003, 1028, 1015}
D/EN      (18767): [c] - 	loading saved values from internal storage
I/ActivityManager( 1025): Process com.android.packageinstaller (pid 18406) has died.
I/ReleaseProperties(18811): Current app is: evernoteWidget
I/ReleaseProperties(18811): propFile: release is now loaded
I/ReleaseProperties(18811): propFile: play is now loaded
I/ReleaseProperties(18811): propFile: base is now loaded
I/ReleaseProperties(18811): propFile: override is now loaded
D/ReleaseProperties(18811): getReferralPersistencePath():: old=false:: path=/storage/emulated/0/.enref
I/ReleaseProperties(18811): From file referralCode=android
I/ReleaseProperties(18811): ReleaseProperties: 
I/ReleaseProperties(18811):   bundleName=none
I/ReleaseProperties(18811):   revision=unknown
I/ReleaseProperties(18811):   type=development
I/ReleaseProperties(18811):   gitHash=?
I/ReleaseProperties(18811):   baseSearchUri=market://search?q=
I/ActivityManager( 1025): Start proc com.viber.voip for broadcast com.viber.voip/com.viber.jni.apps.AppsSyncController$AppRemovedReceiver: pid=18826 uid=10108 gids={50108, 3003, 1028, 1015, 3002, 3001}
I/ActivityManager( 1025): Process com.evernote (pid 18767) has died.
D/Logger  (18826): creating log dir /storage/emulated/0/viber/.logs/trace/
D/Logger  (18826): oldFilesNames :[]
D/Logger  (18826): main_4.clg deleted=false
D/Logger  (18826): main_3.clg renamedTo=false main_4.clg
D/Logger  (18826): main_2.clg renamedTo=false main_3.clg
D/Logger  (18826): main_1.clg renamedTo=false main_2.clg
D/Logger  (18826): main.clg renamedTo=false main_1.clg
D/CordovaLog(18677): https://js.stripe.com/v2/: Line 2 : You are using Stripe.js in live mode over an insecure connection. This is considered unsafe. Please conduct live requests only on sites served over https. For more info, see https://stripe.com/help/ssl
I/chromium(18677): [INFO:CONSOLE(2)] "You are using Stripe.js in live mode over an insecure connection. This is considered unsafe. Please conduct live requests only on sites served over https. For more info, see https://stripe.com/help/ssl", source: https://js.stripe.com/v2/ (2)
I/App     (18677): WARNING: Back Button Default Behavior will be overridden.  The backbutton event will be fired!
I/ActivityManager( 1025): Process com.evernote.widget (pid 18811) has died.
I/dalvikvm(18826): Could not find method android.os.PowerManager.isInteractive, referenced from method com.viber.voip.util.hf.b
W/dalvikvm(18826): VFY: unable to resolve virtual method 1673: Landroid/os/PowerManager;.isInteractive ()Z
D/dalvikvm(18826): VFY: replacing opcode 0x6e at 0x003c
D/CordovaLog(18677): file:///android_asset/www/js/app.js: Line 24 : Service initialized
I/chromium(18677): [INFO:CONSOLE(24)] "Service initialized", source: file:///android_asset/www/js/app.js (24)
D/CordovaLog(18677): file:///android_asset/www/js/app.js: Line 197 : facebookConnectPlugin not ready
I/chromium(18677): [INFO:CONSOLE(197)] "facebookConnectPlugin not ready", source: file:///android_asset/www/js/app.js (197)
D/dalvikvm(18826): DexOpt: couldn't find field Landroid/app/Notification;.category
W/dalvikvm(18826): VFY: unable to resolve instance field 19
D/dalvikvm(18826): VFY: replacing opcode 0x5b at 0x001e
D/dalvikvm(18826): DexOpt: couldn't find field Landroid/app/Notification;.category
W/dalvikvm(18826): VFY: unable to resolve instance field 19
D/dalvikvm(18826): VFY: replacing opcode 0x5b at 0x0193
D/dalvikvm(18826): Trying to load lib /data/app-lib/com.viber.voip-2/libCrossUnblocker.so 0x41fabcc0
D/dalvikvm(18826): Added shared lib /data/app-lib/com.viber.voip-2/libCrossUnblocker.so 0x41fabcc0
D/CordovaActivity(18677): onMessage(spinner,stop)
I/ActivityManager( 1025): Start proc com.facebook.katana:dash for broadcast com.facebook.katana/com.facebook.dash.receivers.DashPackageUninstallReceiver: pid=18855 uid=10110 gids={50110, 1028, 1015, 3003}
D/CordovaLog(18677): file:///android_asset/www/js/app.js: Line 207 : Uncaught ReferenceError: StatusBar is not defined
I/chromium(18677): [INFO:CONSOLE(207)] "Uncaught ReferenceError: StatusBar is not defined", source: file:///android_asset/www/js/app.js (207)
I/Crashlytics(18826): Initializing Crashlytics 1.1.11.10
D/CordovaWebViewClient(18677): onPageFinished(file:///android_asset/www/index.html)
D/CordovaActivity(18677): onMessage(onPageFinished,file:///android_asset/www/index.html)
D/WifiStateMachine( 1025): handleMessage: E msg.what=151572
D/WifiStateMachine( 1025): processMsg: ConnectedState
D/WifiStateMachine( 1025): processMsg: L2ConnectedState
D/WifiStateMachine( 1025): handleMessage: X
W/dalvikvm(18855): VFY: unable to resolve static field 29078 (a) in Lcom/facebook/katana/app/WorkAppTypes;
D/dalvikvm(18855): VFY: replacing opcode 0x62 at 0x0013
W/dalvikvm(18855): VFY: unable to resolve static field 29079 (b) in Lcom/facebook/katana/app/WorkAppTypes;
D/dalvikvm(18855): VFY: replacing opcode 0x62 at 0x001d
E/dalvikvm(18855): Could not find class 'com.facebook.katana.app.WallpaperFacebookApplicationImpl', referenced from method com.facebook.katana.app.FacebookApplication.a
W/dalvikvm(18855): VFY: unable to resolve new-instance 379 (Lcom/facebook/katana/app/WallpaperFacebookApplicationImpl;) in Lcom/facebook/katana/app/FacebookApplication;
D/dalvikvm(18855): VFY: replacing opcode 0x22 at 0x00a9
D/dalvikvm(18855): DexOpt: unable to opt direct call 0x055f at 0xab in Lcom/facebook/katana/app/FacebookApplication;.a
D/CatchMeIfYouCan(18855): Process (dash) ca: '/data/data/com.facebook.katana/app_cmiyc/0C66B38F48468E96F8008B6D5A2AE33B4A60265E01'
D/CatchMeIfYouCan(18855): Process (dash) fc: '/data/data/com.facebook.katana/app_cmiyc/0C66B38F48468E96F8008B6D5A2AE33B4A60265E02'
D/CatchMeIfYouCan(18855): Process (dash) cp: '('dash', 6, 60000, silent [true], restart [true], logout [true])'
D/ACRA    (18855): ACRA is enabled for com.facebook.katana, intializing...
D/ACRA    (18855): Looking for error files in /data/data/com.facebook.katana/app_acra-reports
D/ACRA    (18855): Looking for error files in /data/data/com.facebook.katana/app_minidumps
D/dalvikvm(18855): Trying to load lib /data/app-lib/com.facebook.katana-1/libgnustl_shared.so 0x41fabb28
D/dalvikvm(18855): Added shared lib /data/app-lib/com.facebook.katana-1/libgnustl_shared.so 0x41fabb28
D/dalvikvm(18855): No JNI_OnLoad found in /data/app-lib/com.facebook.katana-1/libgnustl_shared.so 0x41fabb28, skipping init
D/dalvikvm(18855): Trying to load lib /data/app-lib/com.facebook.katana-1/libfb_breakpad_client.so 0x41fabb28
D/dalvikvm(18855): Added shared lib /data/app-lib/com.facebook.katana-1/libfb_breakpad_client.so 0x41fabb28
D/dalvikvm(18855): Trying to load lib /data/app-lib/com.facebook.katana-1/libfb_dalvik-internals.so 0x41fabb28
D/dalvikvm(18855): Added shared lib /data/app-lib/com.facebook.katana-1/libfb_dalvik-internals.so 0x41fabb28
V/DexLibLoader(18855): about to lock: /data/data/com.facebook.katana/mdex_lock
V/DexLibLoader(18855): locking /data/data/com.facebook.katana/mdex_lock took 0 ms
V/DexLibLoader(18855): Secondary program dex metadata: secondary-1.dex.jar.xz 15ef54b77950d1e6c1cbc3342a20571a9fd8050d secondary.dex01.Canary
V/DexLibLoader(18855): Secondary program dex metadata: secondary-2.dex.jar.xz 14bcaeed5ad488eaf139a59d22cf00efbde5948b secondary.dex02.Canary
V/DexLibLoader(18855): Secondary program dex metadata: secondary-3.dex.jar.xz e8acf246c92474061a3e0f7dafec5559e33da2c5 secondary.dex03.Canary
V/DexLibLoader(18855): Secondary program dex metadata: secondary-4.dex.jar.xz 1d7a13e77be07efb41a2c80160a9aec6fff27ad1 secondary.dex04.Canary
V/DexLibLoader(18855): Secondary program dex metadata: secondary-5.dex.jar.xz 42761fa3dedc1f1a9503bece4f2db80adf01f775 secondary.dex05.Canary
V/DexLibLoader(18855): Secondary program dex metadata: secondary-6.dex.jar.xz 1b4455e1ba1ff38a86723e24cd334fa1062519f1 secondary.dex06.Canary
V/DexLibLoader(18855): Secondary program dex metadata: secondary-7.dex.jar.xz a54de6ef97459e1e5b5c8f874a889a38965d3446 secondary.dex07.Canary
V/DexLibLoader(18855): directory "/data/data/com.facebook.katana/app_secondary_program_dex" contains "program-15ef54b77950d1e6c1cbc3342a20571a9fd8050d6661a1c7.dex.jar" as expected
V/DexLibLoader(18855): directory "/data/data/com.facebook.katana/app_secondary_program_dex" contains "program-14bcaeed5ad488eaf139a59d22cf00efbde5948b6661a1c7.dex.jar" as expected
V/DexLibLoader(18855): directory "/data/data/com.facebook.katana/app_secondary_program_dex" contains "program-e8acf246c92474061a3e0f7dafec5559e33da2c56661a1c7.dex.jar" as expected
V/DexLibLoader(18855): directory "/data/data/com.facebook.katana/app_secondary_program_dex" contains "program-1d7a13e77be07efb41a2c80160a9aec6fff27ad16661a1c7.dex.jar" as expected
V/DexLibLoader(18855): directory "/data/data/com.facebook.katana/app_secondary_program_dex" contains "program-42761fa3dedc1f1a9503bece4f2db80adf01f7756661a1c7.dex.jar" as expected
V/DexLibLoader(18855): directory "/data/data/com.facebook.katana/app_secondary_program_dex" contains "program-1b4455e1ba1ff38a86723e24cd334fa1062519f16661a1c7.dex.jar" as expected
V/DexLibLoader(18855): directory "/data/data/com.facebook.katana/app_secondary_program_dex" contains "program-a54de6ef97459e1e5b5c8f874a889a38965d34466661a1c7.dex.jar" as expected
D/DexLibLoader(18855): ignoring file "program-15ef54b77950d1e6c1cbc3342a20571a9fd8050d6661a1c7.dex.odex" in "/data/data/com.facebook.katana/app_secondary_program_dex"
D/DexLibLoader(18855): ignoring file "program-14bcaeed5ad488eaf139a59d22cf00efbde5948b6661a1c7.dex.odex" in "/data/data/com.facebook.katana/app_secondary_program_dex"
D/DexLibLoader(18855): ignoring file "program-e8acf246c92474061a3e0f7dafec5559e33da2c56661a1c7.dex.odex" in "/data/data/com.facebook.katana/app_secondary_program_dex"
D/DexLibLoader(18855): ignoring file "program-1d7a13e77be07efb41a2c80160a9aec6fff27ad16661a1c7.dex.odex" in "/data/data/com.facebook.katana/app_secondary_program_dex"
D/DexLibLoader(18855): ignoring file "program-42761fa3dedc1f1a9503bece4f2db80adf01f7756661a1c7.dex.odex" in "/data/data/com.facebook.katana/app_secondary_program_dex"
D/DexLibLoader(18855): ignoring file "program-1b4455e1ba1ff38a86723e24cd334fa1062519f16661a1c7.dex.odex" in "/data/data/com.facebook.katana/app_secondary_program_dex"
D/DexLibLoader(18855): ignoring file "program-a54de6ef97459e1e5b5c8f874a889a38965d34466661a1c7.dex.odex" in "/data/data/com.facebook.katana/app_secondary_program_dex"
D/DexLibLoader(18855): directory "/data/data/com.facebook.katana/app_secondary_program_dex" is valid
D/DexLibLoader(18855): ignoring file "primary_deps" in "/data/data/com.facebook.katana/app_secondary_program_dex_opt"
V/DexLibLoader(18855): directory "/data/data/com.facebook.katana/app_secondary_program_dex_opt" contains "program-15ef54b77950d1e6c1cbc3342a20571a9fd8050d6661a1c7.dex.dex" as expected
V/DexLibLoader(18855): directory "/data/data/com.facebook.katana/app_secondary_program_dex_opt" contains "program-14bcaeed5ad488eaf139a59d22cf00efbde5948b6661a1c7.dex.dex" as expected
V/DexLibLoader(18855): directory "/data/data/com.facebook.katana/app_secondary_program_dex_opt" contains "program-e8acf246c92474061a3e0f7dafec5559e33da2c56661a1c7.dex.dex" as expected
V/DexLibLoader(18855): directory "/data/data/com.facebook.katana/app_secondary_program_dex_opt" contains "program-1d7a13e77be07efb41a2c80160a9aec6fff27ad16661a1c7.dex.dex" as expected
V/DexLibLoader(18855): directory "/data/data/com.facebook.katana/app_secondary_program_dex_opt" contains "program-42761fa3dedc1f1a9503bece4f2db80adf01f7756661a1c7.dex.dex" as expected
V/DexLibLoader(18855): directory "/data/data/com.facebook.katana/app_secondary_program_dex_opt" contains "program-1b4455e1ba1ff38a86723e24cd334fa1062519f16661a1c7.dex.dex" as expected
V/DexLibLoader(18855): directory "/data/data/com.facebook.katana/app_secondary_program_dex_opt" contains "program-a54de6ef97459e1e5b5c8f874a889a38965d34466661a1c7.dex.dex" as expected
D/DexLibLoader(18855): directory "/data/data/com.facebook.katana/app_secondary_program_dex_opt" is valid
D/DexLibLoader(18855): loading pre-built cross-dex opt odex files
V/dalvik-internals(18855): hooked dvmResolveClass using jump ()
V/dalvik-internals(18855): hooked dvmFlushBreakpoints using jump ()
V/MultiDexClassLoader(18855): installing MultiDexClassLoader before application classloader
I/dalvikvm(18855): Could not find method dalvik.system.DexFile.loadClassBinaryName, referenced from method com.facebook.common.dextricks.DexFileLoadOld.a
W/dalvikvm(18855): VFY: unable to resolve virtual method 2073: Ldalvik/system/DexFile;.loadClassBinaryName (Ljava/lang/String;Ljava/lang/ClassLoader;)Ljava/lang/Class;
D/dalvikvm(18855): VFY: replacing opcode 0x6e at 0x0000
D/DexLibLoader(18855): released odex store lock
D/DexLibLoader(18855): DexLibLoader.loadAll took 113 ms
D/MemoryReductionHack(18855): Marked as initialized entry corresponding to path /data/app/com.facebook.katana-1.apk
V/dalvik-internals(18855): hooked dvmLinearAlloc using jump ()
V/dalvik-internals(18855): hooked dvmLinearRealloc using jump ()
V/dalvik-internals(18855): hooked dvmLinearFree using jump ()
V/dalvik-internals(18855): hooked dvmLinearStrdup using jump ()
V/dalvik-internals(18855): hooked dvmLinearAllocContains using jump ()
I/dalvik-internals(18855): enlarged linearalloc buffer to 33554432 bytes
D/CordovaLog(18677): file:///android_asset/www/js/app.js: Line 115 : Received response from version check.
I/chromium(18677): [INFO:CONSOLE(115)] "Received response from version check.", source: file:///android_asset/www/js/app.js (115)
D/CordovaLog(18677): file:///android_asset/www/js/app.js: Line 117 : Version is supported.
I/chromium(18677): [INFO:CONSOLE(117)] "Version is supported.", source: file:///android_asset/www/js/app.js (117)
I/ActivityManager( 1025): Process com.google.android.gms.wearable (pid 18307) has died.
W/ActivityManager( 1025): Scheduling restart of crashed service com.google.android.gms/.wearable.service.WearableService in 83864ms
I/ActivityManager( 1025): Process com.viber.voip (pid 18826) has died.
W/ActivityManager( 1025): Scheduling restart of crashed service com.viber.voip/com.viber.service.VoipConnectorService in 39898ms
W/ActivityManager( 1025): Scheduling restart of crashed service com.viber.voip/.api.billing.InAppBillingService in 176000ms
W/StaticBindingVerifier(18855): Verify
I/dalvikvm(18855): Could not find method com.facebook.resources.FbResources.getDrawable, referenced from method com.facebook.resources.impl.DownloadedFbResources.getDrawable
W/dalvikvm(18855): VFY: unable to resolve virtual method 48479: Lcom/facebook/resources/FbResources;.getDrawable (ILandroid/content/res/Resources$Theme;)Landroid/graphics/drawable/Drawable;
D/dalvikvm(18855): VFY: replacing opcode 0x6f at 0x0031
I/ActivityManager( 1025): Start proc com.facebook.katana for content provider com.facebook.katana/.provider.orca.FbSharedPreferencesContentProvider: pid=18924 uid=10110 gids={50110, 1028, 1015, 3003}
D/WifiStateMachine( 1025): handleMessage: E msg.what=151572
D/WifiStateMachine( 1025): processMsg: ConnectedState
D/WifiStateMachine( 1025): processMsg: L2ConnectedState
D/WifiStateMachine( 1025): handleMessage: X
D/WifiService( 1025): New client listening to asynchronous messages
I/ActivityManager( 1025): Process android.process.media (pid 17855) has died.
W/ActivityManager( 1025): Scheduling restart of crashed service com.android.providers.media/.MtpService in 162840ms
W/dalvikvm(18924): VFY: unable to resolve static field 29078 (a) in Lcom/facebook/katana/app/WorkAppTypes;
D/dalvikvm(18924): VFY: replacing opcode 0x62 at 0x0013
W/dalvikvm(18924): VFY: unable to resolve static field 29079 (b) in Lcom/facebook/katana/app/WorkAppTypes;
D/dalvikvm(18924): VFY: replacing opcode 0x62 at 0x001d
E/dalvikvm(18924): Could not find class 'com.facebook.katana.app.WallpaperFacebookApplicationImpl', referenced from method com.facebook.katana.app.FacebookApplication.a
W/dalvikvm(18924): VFY: unable to resolve new-instance 379 (Lcom/facebook/katana/app/WallpaperFacebookApplicationImpl;) in Lcom/facebook/katana/app/FacebookApplication;
D/dalvikvm(18924): VFY: replacing opcode 0x22 at 0x00a9
D/dalvikvm(18924): DexOpt: unable to opt direct call 0x055f at 0xab in Lcom/facebook/katana/app/FacebookApplication;.a
D/CatchMeIfYouCan(18924): Process (<default>) ca: '/data/user/0/com.facebook.katana/app_cmiyc/A1657CCD543F12E66E587EE52ED9D802E22AAC4701'
D/CatchMeIfYouCan(18924): Process (<default>) fc: '/data/user/0/com.facebook.katana/app_cmiyc/A1657CCD543F12E66E587EE52ED9D802E22AAC4702'
D/CatchMeIfYouCan(18924): Process (<default>) cp: '('default', 3, 120000, silent [true], restart [false], logout [false])'
D/ACRA    (18924): ACRA is enabled for com.facebook.katana, intializing...
D/ACRA    (18924): Looking for error files in /data/user/0/com.facebook.katana/app_acra-reports
D/ACRA    (18924): Looking for error files in /data/user/0/com.facebook.katana/app_minidumps
D/dalvikvm(18924): Trying to load lib /data/app-lib/com.facebook.katana-1/libgnustl_shared.so 0x41fb83f8
D/dalvikvm(18924): Added shared lib /data/app-lib/com.facebook.katana-1/libgnustl_shared.so 0x41fb83f8
D/dalvikvm(18924): No JNI_OnLoad found in /data/app-lib/com.facebook.katana-1/libgnustl_shared.so 0x41fb83f8, skipping init
D/dalvikvm(18924): Trying to load lib /data/app-lib/com.facebook.katana-1/libfb_breakpad_client.so 0x41fb83f8
D/dalvikvm(18924): Added shared lib /data/app-lib/com.facebook.katana-1/libfb_breakpad_client.so 0x41fb83f8
D/dalvikvm(18924): Trying to load lib /data/app-lib/com.facebook.katana-1/libfb_dalvik-internals.so 0x41fb83f8
D/dalvikvm(18924): Added shared lib /data/app-lib/com.facebook.katana-1/libfb_dalvik-internals.so 0x41fb83f8
V/DexLibLoader(18924): about to lock: /data/user/0/com.facebook.katana/mdex_lock
V/DexLibLoader(18924): locking /data/user/0/com.facebook.katana/mdex_lock took 1 ms
V/DexLibLoader(18924): Secondary program dex metadata: secondary-1.dex.jar.xz 15ef54b77950d1e6c1cbc3342a20571a9fd8050d secondary.dex01.Canary
V/DexLibLoader(18924): Secondary program dex metadata: secondary-2.dex.jar.xz 14bcaeed5ad488eaf139a59d22cf00efbde5948b secondary.dex02.Canary
V/DexLibLoader(18924): Secondary program dex metadata: secondary-3.dex.jar.xz e8acf246c92474061a3e0f7dafec5559e33da2c5 secondary.dex03.Canary
V/DexLibLoader(18924): Secondary program dex metadata: secondary-4.dex.jar.xz 1d7a13e77be07efb41a2c80160a9aec6fff27ad1 secondary.dex04.Canary
V/DexLibLoader(18924): Secondary program dex metadata: secondary-5.dex.jar.xz 42761fa3dedc1f1a9503bece4f2db80adf01f775 secondary.dex05.Canary
V/DexLibLoader(18924): Secondary program dex metadata: secondary-6.dex.jar.xz 1b4455e1ba1ff38a86723e24cd334fa1062519f1 secondary.dex06.Canary
V/DexLibLoader(18924): Secondary program dex metadata: secondary-7.dex.jar.xz a54de6ef97459e1e5b5c8f874a889a38965d3446 secondary.dex07.Canary
V/DexLibLoader(18924): directory "/data/user/0/com.facebook.katana/app_secondary_program_dex" contains "program-15ef54b77950d1e6c1cbc3342a20571a9fd8050d6661a1c7.dex.jar" as expected
V/DexLibLoader(18924): directory "/data/user/0/com.facebook.katana/app_secondary_program_dex" contains "program-14bcaeed5ad488eaf139a59d22cf00efbde5948b6661a1c7.dex.jar" as expected
V/DexLibLoader(18924): directory "/data/user/0/com.facebook.katana/app_secondary_program_dex" contains "program-e8acf246c92474061a3e0f7dafec5559e33da2c56661a1c7.dex.jar" as expected
V/DexLibLoader(18924): directory "/data/user/0/com.facebook.katana/app_secondary_program_dex" contains "program-1d7a13e77be07efb41a2c80160a9aec6fff27ad16661a1c7.dex.jar" as expected
V/DexLibLoader(18924): directory "/data/user/0/com.facebook.katana/app_secondary_program_dex" contains "program-42761fa3dedc1f1a9503bece4f2db80adf01f7756661a1c7.dex.jar" as expected
V/DexLibLoader(18924): directory "/data/user/0/com.facebook.katana/app_secondary_program_dex" contains "program-1b4455e1ba1ff38a86723e24cd334fa1062519f16661a1c7.dex.jar" as expected
V/DexLibLoader(18924): directory "/data/user/0/com.facebook.katana/app_secondary_program_dex" contains "program-a54de6ef97459e1e5b5c8f874a889a38965d34466661a1c7.dex.jar" as expected
D/DexLibLoader(18924): ignoring file "program-15ef54b77950d1e6c1cbc3342a20571a9fd8050d6661a1c7.dex.odex" in "/data/user/0/com.facebook.katana/app_secondary_program_dex"
D/DexLibLoader(18924): ignoring file "program-14bcaeed5ad488eaf139a59d22cf00efbde5948b6661a1c7.dex.odex" in "/data/user/0/com.facebook.katana/app_secondary_program_dex"
D/DexLibLoader(18924): ignoring file "program-e8acf246c92474061a3e0f7dafec5559e33da2c56661a1c7.dex.odex" in "/data/user/0/com.facebook.katana/app_secondary_program_dex"
D/DexLibLoader(18924): ignoring file "program-1d7a13e77be07efb41a2c80160a9aec6fff27ad16661a1c7.dex.odex" in "/data/user/0/com.facebook.katana/app_secondary_program_dex"
D/DexLibLoader(18924): ignoring file "program-42761fa3dedc1f1a9503bece4f2db80adf01f7756661a1c7.dex.odex" in "/data/user/0/com.facebook.katana/app_secondary_program_dex"
D/DexLibLoader(18924): ignoring file "program-1b4455e1ba1ff38a86723e24cd334fa1062519f16661a1c7.dex.odex" in "/data/user/0/com.facebook.katana/app_secondary_program_dex"
D/DexLibLoader(18924): ignoring file "program-a54de6ef97459e1e5b5c8f874a889a38965d34466661a1c7.dex.odex" in "/data/user/0/com.facebook.katana/app_secondary_program_dex"
D/DexLibLoader(18924): directory "/data/user/0/com.facebook.katana/app_secondary_program_dex" is valid
D/DexLibLoader(18924): ignoring file "primary_deps" in "/data/user/0/com.facebook.katana/app_secondary_program_dex_opt"
V/DexLibLoader(18924): directory "/data/user/0/com.facebook.katana/app_secondary_program_dex_opt" contains "program-15ef54b77950d1e6c1cbc3342a20571a9fd8050d6661a1c7.dex.dex" as expected
V/DexLibLoader(18924): directory "/data/user/0/com.facebook.katana/app_secondary_program_dex_opt" contains "program-14bcaeed5ad488eaf139a59d22cf00efbde5948b6661a1c7.dex.dex" as expected
V/DexLibLoader(18924): directory "/data/user/0/com.facebook.katana/app_secondary_program_dex_opt" contains "program-e8acf246c92474061a3e0f7dafec5559e33da2c56661a1c7.dex.dex" as expected
V/DexLibLoader(18924): directory "/data/user/0/com.facebook.katana/app_secondary_program_dex_opt" contains "program-1d7a13e77be07efb41a2c80160a9aec6fff27ad16661a1c7.dex.dex" as expected
V/DexLibLoader(18924): directory "/data/user/0/com.facebook.katana/app_secondary_program_dex_opt" contains "program-42761fa3dedc1f1a9503bece4f2db80adf01f7756661a1c7.dex.dex" as expected
V/DexLibLoader(18924): directory "/data/user/0/com.facebook.katana/app_secondary_program_dex_opt" contains "program-1b4455e1ba1ff38a86723e24cd334fa1062519f16661a1c7.dex.dex" as expected
V/DexLibLoader(18924): directory "/data/user/0/com.facebook.katana/app_secondary_program_dex_opt" contains "program-a54de6ef97459e1e5b5c8f874a889a38965d34466661a1c7.dex.dex" as expected
D/DexLibLoader(18924): directory "/data/user/0/com.facebook.katana/app_secondary_program_dex_opt" is valid
I/ActivityManager( 1025): Start proc com.google.android.partnersetup for broadcast com.google.android.partnersetup/.RlzPingBroadcastReceiver: pid=18952 uid=10025 gids={50025, 3003}
I/ActivityManager( 1025): Process com.facebook.katana:dash (pid 18855) has died.
D/WifiService( 1025): Client connection lost with reason: 4
D/DexLibLoader(18924): loading pre-built cross-dex opt odex files
V/dalvik-internals(18924): hooked dvmResolveClass using jump ()
V/dalvik-internals(18924): hooked dvmFlushBreakpoints using jump ()
I/SBar.NetworkController( 1119): onSignalStrengthsChanged SignalStrength: 11 0 -120 -160 -120 -1 -1 99 2147483647 2147483647 2147483647 2147483647 2147483647 gsm|lte 0 -108 -1 false 3 3 0 0 0 99 99 99 4 level=3
V/MultiDexClassLoader(18924): installing MultiDexClassLoader before application classloader
I/dalvikvm(18924): Could not find method dalvik.system.DexFile.loadClassBinaryName, referenced from method com.facebook.common.dextricks.DexFileLoadOld.a
W/dalvikvm(18924): VFY: unable to resolve virtual method 2073: Ldalvik/system/DexFile;.loadClassBinaryName (Ljava/lang/String;Ljava/lang/ClassLoader;)Ljava/lang/Class;
D/dalvikvm(18924): VFY: replacing opcode 0x6e at 0x0000
D/DexLibLoader(18924): released odex store lock
D/DexLibLoader(18924): DexLibLoader.loadAll took 117 ms
D/MemoryReductionHack(18924): Marked as initialized entry corresponding to path /data/app/com.facebook.katana-1.apk
D/GcOptimizer(18924): Enabled
V/dalvik-internals(18924): hooked dvmLinearAlloc using jump ()
V/dalvik-internals(18924): hooked dvmLinearRealloc using jump ()
V/dalvik-internals(18924): hooked dvmLinearFree using jump ()
V/dalvik-internals(18924): hooked dvmLinearStrdup using jump ()
V/dalvik-internals(18924): hooked dvmLinearAllocContains using jump ()
I/dalvik-internals(18924): enlarged linearalloc buffer to 33554432 bytes
I/ActivityManager( 1025): Start proc com.android.vending for broadcast com.android.vending/com.google.android.finsky.receivers.PackageMonitorReceiver$RegisteredReceiver: pid=18973 uid=10039 gids={50039, 3003, 1028, 1015}
I/ActivityManager( 1025): Process com.google.android.gms (pid 14123) has died.
W/ActivityManager( 1025): Scheduling restart of crashed service com.google.android.gms/.analytics.service.AnalyticsService in 1000ms
I/ConfigService(16934): onDestroy
D/dalvikvm(27213): GC_CONCURRENT freed 1805K, 44% free 11430K/20100K, paused 3ms+5ms, total 54ms
D/dalvikvm( 1025): GC_EXPLICIT freed 1962K, 41% free 29851K/50444K, paused 7ms+22ms, total 186ms
I/ActivityManager( 1025): Start proc com.google.android.gms for service com.google.android.gms/.ads.identifier.service.AdvertisingIdService: pid=19301 uid=10022 gids={50022, 3003, 1007, 1028, 1015, 3002, 3001, 3007, 2001, 3006}
D/ConnectPlugin(18677): login FB
D/ConnectPlugin(18677): activity result in plugin: requestCode(0), resultCode(0)
D/ConnectPlugin(18677): onSessionStateChange:OPENING
D/Finsky  (18973): [1] FinskyApp.onCreate: Initializing network with DFE https://android.clients.google.com/fdfe/
I/ActivityManager( 1025): START u0 {act=SSO_WITH_FALLBACK cmp=co.giftmeapp.gift_me/com.facebook.LoginActivity (has extras)} from pid 18677
D/CordovaActivity(18677): Paused the application!
D/CordovaWebView(18677): Handle the pause
W/ContextImpl( 1295): Calling a method in the system process without a qualified user: android.app.ContextImpl.sendBroadcast:1252 android.content.ContextWrapper.sendBroadcast:365 com.motorola.motocare.util.TriggerHelper$TriggerBuilder.send:76 com.motorola.motocare.internal.frameworkevents.PauseResumeTrigger.handleFrameworkEvent:53 com.motorola.motocare.internal.frameworkevents.FwEventMonitor$FrameworkListener.processFrameworkEvent:114 
W/PluginManager(18677): THREAD WARNING: exec() call to FacebookConnectPlugin.login blocked the main thread for 56ms. Plugin should use CordovaInterface.getThreadPool().
W/ContextImpl( 1295): Calling a method in the system process without a qualified user: android.app.ContextImpl.sendBroadcast:1252 android.content.ContextWrapper.sendBroadcast:365 com.motorola.motocare.util.TriggerHelper$TriggerBuilder.send:76 com.motorola.motocare.internal.frameworkevents.PauseResumeTrigger.handleFrameworkEvent:53 com.motorola.motocare.internal.frameworkevents.FwEventMonitor$FrameworkListener.processFrameworkEvent:114 
W/dalvikvm(19301): VFY: unable to resolve static field 658 (PR_SET_DUMPABLE) in Landroid/system/OsConstants;
D/dalvikvm(19301): VFY: replacing opcode 0x60 at 0x000b
I/MultiDex(19301): VM with version 1.6.0 does not have multidex support
I/MultiDex(19301): install
I/MultiDex(19301): MultiDexExtractor.load(/data/app/com.google.android.gms-1.apk, false)
I/MultiDex(19301): loading existing secondary dex files
I/MultiDex(19301): load found 3 secondary dex files
W/StaticBindingVerifier(18924): Verify
D/Finsky  (18973): [1] DailyHygiene.goMakeHygieneIfDirty: No need to run daily hygiene.
W/Settings(18973): Setting download_manager_max_bytes_over_mobile has moved from android.provider.Settings.Secure to android.provider.Settings.Global.
W/Settings(18973): Setting download_manager_recommended_max_bytes_over_mobile has moved from android.provider.Settings.Secure to android.provider.Settings.Global.
I/MultiDex(19301): install done
I/dalvikvm(18973): Could not find method com.google.android.play.layout.PlayCardViewBase.setTransitionName, referenced from method com.google.android.finsky.utils.PlayCardUtils.bindCard
W/dalvikvm(18973): VFY: unable to resolve virtual method 42705: Lcom/google/android/play/layout/PlayCardViewBase;.setTransitionName (Ljava/lang/String;)V
D/dalvikvm(18973): VFY: replacing opcode 0x6e at 0x00d9
I/dalvikvm(18973): Could not find method com.google.android.play.layout.PlayCardViewBase.setTransitionGroup, referenced from method com.google.android.finsky.utils.PlayCardUtils.bindCard
W/dalvikvm(18973): VFY: unable to resolve virtual method 42704: Lcom/google/android/play/layout/PlayCardViewBase;.setTransitionGroup (Z)V
D/dalvikvm(18973): VFY: replacing opcode 0x6e at 0x0246
I/dalvikvm(18924): Could not find method com.facebook.resources.FbResources.getDrawable, referenced from method com.facebook.resources.impl.DownloadedFbResources.getDrawable
W/dalvikvm(18924): VFY: unable to resolve virtual method 48479: Lcom/facebook/resources/FbResources;.getDrawable (ILandroid/content/res/Resources$Theme;)Landroid/graphics/drawable/Drawable;
D/dalvikvm(18924): VFY: replacing opcode 0x6f at 0x0031
V/PhoneStatusBar( 1119): setLightsOn(true)
I/dalvikvm(18973): Could not find method android.view.View.getTransitionName, referenced from method com.google.android.finsky.navigationmanager.NavigationManager.showPage
W/dalvikvm(18973): VFY: unable to resolve virtual method 9352: Landroid/view/View;.getTransitionName ()Ljava/lang/String;
D/dalvikvm(18973): VFY: replacing opcode 0x6e at 0x001a
D/WifiStateMachine( 1025): handleMessage: E msg.what=151572
D/WifiStateMachine( 1025): processMsg: ConnectedState
D/WifiStateMachine( 1025): processMsg: L2ConnectedState
D/WifiService( 1025): New client listening to asynchronous messages
D/WifiStateMachine( 1025): handleMessage: X
I/LaunchCheckinHandler( 1025): Displayed co.giftmeapp.gift_me/com.facebook.LoginActivity,wp,ca,262
I/ActivityManager( 1025): Displayed co.giftmeapp.gift_me/com.facebook.LoginActivity: +262ms
I/ActivityManager( 1025): Process com.google.android.partnersetup (pid 18952) has died.
D/WifiStateMachine( 1025): handleMessage: E msg.what=131155
D/WifiStateMachine( 1025): processMsg: ConnectedState
D/WifiStateMachine( 1025): processMsg: L2ConnectedState
D/WifiStateMachine( 1025): handleMessage: X
D/Finsky  (18973): [1] 2.run: Loaded library for account: [gKXbJhL8NA2nPUzZyFpjB6tKi7U]
D/Finsky  (18973): [1] 2.run: Finished loading 1 libraries.
D/dalvikvm(32113): GC_CONCURRENT freed 2014K, 32% free 11850K/17228K, paused 6ms+3ms, total 64ms
I/ActivityManager( 1025): Start proc com.google.android.apps.docs for broadcast com.google.android.apps.docs/.receivers.AppPackageAddRemoveReceiver: pid=19496 uid=10060 gids={50060, 3003, 1028, 1015}
I/ActivityManager( 1025): Process com.android.vending (pid 18973) has died.
D/dalvikvm(27213): GC_CONCURRENT freed 1461K, 41% free 11975K/20100K, paused 2ms+13ms, total 39ms
I/ProviderInstaller(19301): Insert disabled by gate 'gms:security:enable_conscrypt_in_gms_application'
I/dalvikvm(19496): Could not find method android.app.Activity.finishAfterTransition, referenced from method r.c_
W/dalvikvm(19496): VFY: unable to resolve virtual method 2773: Landroid/app/Activity;.finishAfterTransition ()V
D/dalvikvm(19496): VFY: replacing opcode 0x6e at 0x0006
D/PackageBroadcastService(19301): Received broadcast action=android.intent.action.PACKAGE_ADDED and uri=co.giftmeapp.gift_me
I/MDMCTBK (  273): NetlinkHandler, power_supply subsys
I/MDMCTBK (  273): NetlinkHandler, usbChargerStateChanged
I/MDMCTBK (  273): checkDefaultInst, current pid is = 273
I/MDMCTBK (  273): checkDefaultInst, pid match
I/MDMCTBK (  273): MdmCutbackHndler,readFromFile = /sys/class/power_supply/usb/online
I/MDMCTBK (  273): MdmCutbackHndler,readFromFile = 
E/MDMCTBK (  273): MdmCutbackHndler,Could not open ''
I/ConfigService(16934): onCreate
I/ConfigService(16934): onBind for Intent { act=com.google.android.gms.config.UPDATE pkg=com.google.android.gms } action com.google.android.gms.config.UPDATE
I/MDMCTBK (  273): NetlinkHandler, power_supply subsys
I/MDMCTBK (  273): NetlinkHandler, usbChargerStateChanged
I/MDMCTBK (  273): checkDefaultInst, current pid is = 273
I/MDMCTBK (  273): checkDefaultInst, pid match
I/MDMCTBK (  273): MdmCutbackHndler,readFromFile = /sys/class/power_supply/usb/online
I/MDMCTBK (  273): MdmCutbackHndler,readFromFile = 
E/MDMCTBK (  273): MdmCutbackHndler,Could not open ''
I/ConfigService(16934): onBind returning update interface
I/dalvikvm(19301): Could not find method android.content.pm.PackageManager.getPackageInstaller, referenced from method com.google.android.gms.common.ff.a
W/dalvikvm(19301): VFY: unable to resolve virtual method 479: Landroid/content/pm/PackageManager;.getPackageInstaller ()Landroid/content/pm/PackageInstaller;
D/dalvikvm(19301): VFY: replacing opcode 0x6e at 0x000d
I/ActivityManager( 1025): Start proc com.google.android.gms.wearable for service com.google.android.gms/.wearable.service.WearableControlService: pid=19651 uid=10022 gids={50022, 3003, 1007, 1028, 1015, 3002, 3001, 3007, 2001, 3006}
I/ConfigService(16934): onBind for Intent { act=com.google.android.gms.config.START pkg=com.google.android.gms } action com.google.android.gms.config.START
I/ConfigService(16934): onBind returning service broker
D/dalvikvm(  275): GC_EXPLICIT freed 43K, 48% free 9011K/17224K, paused 2ms+3ms, total 24ms
I/ConfigFetchService(19301): onStartCommand Intent { act=android.intent.action.PACKAGE_ADDED dat=package:co.giftmeapp.gift_me cmp=com.google.android.gms/.config.ConfigFetchService (has extras) }
I/ConfigFetchService(19301): launchTask
D/dalvikvm(  275): GC_EXPLICIT freed <1K, 48% free 9011K/17224K, paused 2ms+3ms, total 20ms
W/GmsApplication(19301): Using Auth Proxy for data requests.
D/dalvikvm(  275): GC_EXPLICIT freed <1K, 48% free 9011K/17224K, paused 2ms+3ms, total 26ms
I/ConfigFetchService(19301): service connected
W/dalvikvm(19651): VFY: unable to resolve static field 658 (PR_SET_DUMPABLE) in Landroid/system/OsConstants;
D/dalvikvm(19651): VFY: replacing opcode 0x60 at 0x000b
I/dalvikvm(19301): Could not find method android.os.UserHandle.isOwner, referenced from method com.google.android.gms.icing.service.v.d
W/dalvikvm(19301): VFY: unable to resolve virtual method 1360: Landroid/os/UserHandle;.isOwner ()Z
D/dalvikvm(19301): VFY: replacing opcode 0x6e at 0x0018
I/MultiDex(19651): VM with version 1.6.0 does not have multidex support
I/MultiDex(19651): install
I/MultiDex(19651): MultiDexExtractor.load(/data/app/com.google.android.gms-1.apk, false)
I/MultiDex(19651): loading existing secondary dex files
I/MultiDex(19651): load found 3 secondary dex files
I/MultiDex(19651): install done
I/GoogleURLConnFactory(19301): Using platform SSLCertificateSocketFactory
I/ProviderInstaller(19651): Insert disabled by gate 'gms:security:enable_conscrypt_in_gms_application'
D/dalvikvm(19301): Trying to load lib /data/app-lib/com.google.android.gms-1/libAppDataSearch.so 0x41fb90f0
D/dalvikvm(19301): Added shared lib /data/app-lib/com.google.android.gms-1/libAppDataSearch.so 0x41fb90f0
D/dalvikvm(19301): No JNI_OnLoad found in /data/app-lib/com.google.android.gms-1/libAppDataSearch.so 0x41fb90f0, skipping init
I/dalvikvm(19651): Could not find method android.os.UserManager.getUserProfiles, referenced from method com.google.android.gms.wearable.service.aa.a
W/dalvikvm(19651): VFY: unable to resolve virtual method 1178: Landroid/os/UserManager;.getUserProfiles ()Ljava/util/List;
D/dalvikvm(19651): VFY: replacing opcode 0x6e at 0x0045
I/GLSUser (19301): [ ChannelManager ] Attempting to channel bind connection HttpClient.
I/GLSUser (19301): [ ChannelManager ] Skip channel binding on pre-KLP devices.
D/ConfigFetchService(19301): ConfigApi connection successful.
I/ActivityManager( 1025): Process com.rhmsoft.fm:service (pid 18501) has died.
W/ActivityManager( 1025): Scheduling restart of crashed service com.rhmsoft.fm/com.cleanmaster.fm.service.BackgroundService in 122852ms
E/dalvikvm(18924): Could not find class 'org.apache.harmony.xnet.provider.jsse.OpenSSLSocketImpl', referenced from method com.facebook.ssl.openssl.check.CheckOpenSSLImplHasRequiredMethods.<clinit>
W/dalvikvm(18924): VFY: unable to resolve const-class 13808 (Lorg/apache/harmony/xnet/provider/jsse/OpenSSLSocketImpl;) in Lcom/facebook/ssl/openssl/check/CheckOpenSSLImplHasRequiredMethods;
D/dalvikvm(18924): VFY: replacing opcode 0x1c at 0x000d
E/dalvikvm(18924): Could not find class 'org.apache.harmony.xnet.provider.jsse.OpenSSLSocketFactoryImpl', referenced from method com.facebook.ssl.openssl.reflect.SSLParametersGetter.<clinit>
W/dalvikvm(18924): VFY: unable to resolve const-class 13807 (Lorg/apache/harmony/xnet/provider/jsse/OpenSSLSocketFactoryImpl;) in Lcom/facebook/ssl/openssl/reflect/SSLParametersGetter;
D/dalvikvm(18924): VFY: replacing opcode 0x1c at 0x000d
E/dalvikvm(18924): Could not find class 'org.apache.harmony.xnet.provider.jsse.SSLParametersImpl', referenced from method com.facebook.ssl.openssl.reflect.SSLParametersGetter.a
W/dalvikvm(18924): VFY: unable to resolve check-cast 13809 (Lorg/apache/harmony/xnet/provider/jsse/SSLParametersImpl;) in Lcom/facebook/ssl/openssl/reflect/SSLParametersGetter;
D/dalvikvm(18924): VFY: replacing opcode 0x1f at 0x0006
E/dalvikvm(18924): Could not find class 'org.apache.harmony.xnet.provider.jsse.SSLParametersImpl', referenced from method com.facebook.ssl.openssl.reflect.SSLSessionTimeoutSetter.<clinit>
W/dalvikvm(18924): VFY: unable to resolve const-class 13809 (Lorg/apache/harmony/xnet/provider/jsse/SSLParametersImpl;) in Lcom/facebook/ssl/openssl/reflect/SSLSessionTimeoutSetter;
D/dalvikvm(18924): VFY: replacing opcode 0x1c at 0x000d
W/dalvikvm(18924): VFY: unable to find class referenced in signature (Lorg/apache/harmony/xnet/provider/jsse/SSLParametersImpl;)
E/dalvikvm(18924): Could not find class 'org.apache.harmony.xnet.provider.jsse.ClientSessionContext', referenced from method com.facebook.ssl.openssl.reflect.SSLSessionTimeoutSetter.a
W/dalvikvm(18924): VFY: unable to resolve check-cast 13806 (Lorg/apache/harmony/xnet/provider/jsse/ClientSessionContext;) in Lcom/facebook/ssl/openssl/reflect/SSLSessionTimeoutSetter;
D/dalvikvm(18924): VFY: replacing opcode 0x1f at 0x0006
W/dalvikvm(18924): VFY: unable to find class referenced in signature (Lorg/apache/harmony/xnet/provider/jsse/SSLParametersImpl;)
D/dalvikvm(18924): Trying to load lib /data/app-lib/com.facebook.katana-1/libfbjni.so 0x41fb83f8
W/GmsApplication(19301): Using Auth Proxy for data requests.
W/dalvikvm(18924): Unable to resolve superclass of Lcom/facebook/ssl/openssl/TicketEnabledOpenSSLSocketImplWrapper; (11243)
W/dalvikvm(18924): Link of class 'Lcom/facebook/ssl/openssl/TicketEnabledOpenSSLSocketImplWrapper;' failed
E/dalvikvm(18924): Could not find class 'com.facebook.ssl.openssl.TicketEnabledOpenSSLSocketImplWrapper', referenced from method com.facebook.ssl.openssl.TicketEnabledOpenSSLSocketFactoryHelper.a
W/dalvikvm(18924): VFY: unable to resolve new-instance 10681 (Lcom/facebook/ssl/openssl/TicketEnabledOpenSSLSocketImplWrapper;) in Lcom/facebook/ssl/openssl/TicketEnabledOpenSSLSocketFactoryHelper;
D/dalvikvm(18924): VFY: replacing opcode 0x22 at 0x0000
W/dalvikvm(18924): Unable to resolve superclass of Lcom/facebook/ssl/openssl/TicketEnabledOpenSSLSocketImplWrapper; (11243)
W/dalvikvm(18924): Link of class 'Lcom/facebook/ssl/openssl/TicketEnabledOpenSSLSocketImplWrapper;' failed
D/dalvikvm(18924): DexOpt: unable to opt direct call 0xc22f at 0x08 in Lcom/facebook/ssl/openssl/TicketEnabledOpenSSLSocketFactoryHelper;.a
D/dalvikvm(18924): Added shared lib /data/app-lib/com.facebook.katana-1/libfbjni.so 0x41fb83f8
D/dalvikvm(18924): Trying to load lib /data/app-lib/com.facebook.katana-1/libcares.so 0x41fb83f8
D/dalvikvm(18924): Added shared lib /data/app-lib/com.facebook.katana-1/libcares.so 0x41fb83f8
D/dalvikvm(18924): No JNI_OnLoad found in /data/app-lib/com.facebook.katana-1/libcares.so 0x41fb83f8, skipping init
D/dalvikvm(18924): Trying to load lib /data/app-lib/com.facebook.katana-1/libdouble-conversion.so 0x41fb83f8
D/dalvikvm(18924): Added shared lib /data/app-lib/com.facebook.katana-1/libdouble-conversion.so 0x41fb83f8
D/dalvikvm(18924): No JNI_OnLoad found in /data/app-lib/com.facebook.katana-1/libdouble-conversion.so 0x41fb83f8, skipping init
D/dalvikvm(18924): Trying to load lib /data/app-lib/com.facebook.katana-1/libevent.so 0x41fb83f8
D/dalvikvm(18924): Added shared lib /data/app-lib/com.facebook.katana-1/libevent.so 0x41fb83f8
D/dalvikvm(18924): No JNI_OnLoad found in /data/app-lib/com.facebook.katana-1/libevent.so 0x41fb83f8, skipping init
D/dalvikvm(18924): Trying to load lib /data/app-lib/com.facebook.katana-1/libliger.so 0x41fb83f8
D/WifiStateMachine( 1025): handleMessage: E msg.what=151572
D/WifiStateMachine( 1025): processMsg: ConnectedState
D/WifiStateMachine( 1025): processMsg: L2ConnectedState
D/WifiStateMachine( 1025): handleMessage: X
W/GmsApplication(19301): Using Auth Proxy for data requests.
D/dalvikvm(16934): GC_EXPLICIT freed 635K, 39% free 10573K/17224K, paused 2ms+6ms, total 70ms
D/dalvikvm(18924): Added shared lib /data/app-lib/com.facebook.katana-1/libliger.so 0x41fb83f8
W/GmsApplication(19301): Using Auth Proxy for data requests.
W/GmsApplication(19301): Using Auth Proxy for data requests.
D/dalvikvm(27213): GC_EXPLICIT freed 906K, 41% free 11947K/20100K, paused 4ms+7ms, total 72ms
W/GmsApplication(19301): Using Auth Proxy for data requests.
V/ConfigFetchTask(19301): ConfigFetchTask getDeviceDataVersionInfo(): ABFEt1W99lu7616xwkR8xshoUZQgj8Ppxx6B96zQcrZeovgU2watES5xr4cIaGF6sgmnAHJF1h9mWpA7N5CFtkHSCFRVTUlbi0WSOuv9-ZNxlHggbpEU613cAis4w2nEuEHtO7hzUfxI6ltHCY_ldj2Dx3V-YEeS96dM3Ldijnb20k0uhr9dAKSjFGxct6t2okOWt1FmtLqAo48UYHKeCgv7QhoAUYm3tZC4YGSIZH4DAIW5J6xzoU1bNw5kBpmlV4hVZikHVRsRId56OqjIyGpwNuUm5GrXpTNq-hPkdoq02EOMXuK0rOq6TJCexhk8edwlItLnwyFHmigYIGZ4cuFIvPH4eLfJ1RotGX4WpdWSK1217YNU_K8
I/ActivityManager( 1025): Process com.google.android.gms.wearable (pid 19651) has died.
W/ActivityManager( 1025): Scheduling restart of crashed service com.google.android.gms/.wearable.service.WearableControlService in 1000ms
W/ActivityManager( 1025): Scheduling restart of crashed service com.google.android.gms/.wearable.service.WearableService in 335456ms
I/GoogleURLConnFactory(19301): Using platform SSLCertificateSocketFactory
I/ServiceManager(  260): service 'AtCmdFwd' died
I/ActivityManager( 1025): Process com.qualcomm.atfwd (pid 16835) has died.
W/ActivityManager( 1025): Scheduling restart of crashed service com.qualcomm.atfwd/.AtFwdService in 1000ms
I/Icing   (19301): Storage manager: low false usage 4.28MB avail 1.32GB capacity 4.70GB
W/ActivityThread(19301): ClassLoader.loadClass: The class loader returned by Thread.getContextClassLoader() may fail for processes that host multiple applications. You should explicitly specify a context class loader. For example: Thread.setContextClassLoader(getClass().getClassLoader());
I/ActivityManager( 1025): Process com.google.android.music:main (pid 16708) has died.
W/ActivityManager( 1025): Service ServiceRecord{442ae4d0 u0 com.google.android.music/.net.NetworkMonitor} in process ProcessRecord{429e9da8 16708:com.google.android.music:main/u0a82} not same as in map: null
W/ActivityManager( 1025): Service ServiceRecord{4420cc18 u0 com.google.android.music/.preferences.MusicPreferenceService$MusicPreferenceServiceBinder} in process ProcessRecord{429e9da8 16708:com.google.android.music:main/u0a82} not same as in map: null
W/ActivityManager( 1025): Service ServiceRecord{43e1e4a8 u0 com.google.android.music/.download.artwork.ArtDownloadService} in process ProcessRecord{429e9da8 16708:com.google.android.music:main/u0a82} not same as in map: null
W/ActivityManager( 1025): Service ServiceRecord{43e1c920 u0 com.google.android.music/.download.cache.TrackCacheService} in process ProcessRecord{429e9da8 16708:com.google.android.music:main/u0a82} not same as in map: null
W/ActivityManager( 1025): Service ServiceRecord{43e1b7c0 u0 com.google.android.music/.download.TrackDownloadQueueService} in process ProcessRecord{429e9da8 16708:com.google.android.music:main/u0a82} not same as in map: null
W/ActivityManager( 1025): Scheduling restart of crashed service com.google.android.music/.wear.WearDataTransferConnectionService in 47327ms
W/ActivityManager( 1025): Scheduling restart of crashed service com.google.android.music/.playback.MusicPlaybackService in 57327ms
W/dalvikvm(19301): VFY: unable to find class referenced in signature (Landroid/app/SharedElementCallback;)
I/dalvikvm(19301): Could not find method android.app.Activity.setEnterSharedElementCallback, referenced from method android.support.v4.app.q.setEnterSharedElementCallback
W/dalvikvm(19301): VFY: unable to resolve virtual method 90: Landroid/app/Activity;.setEnterSharedElementCallback (Landroid/app/SharedElementCallback;)V
D/dalvikvm(19301): VFY: replacing opcode 0x6e at 0x000e
W/dalvikvm(19301): VFY: unable to find class referenced in signature (Landroid/app/SharedElementCallback;)
I/dalvikvm(19301): Could not find method android.app.Activity.setExitSharedElementCallback, referenced from method android.support.v4.app.q.setExitSharedElementCallback
W/dalvikvm(19301): VFY: unable to resolve virtual method 91: Landroid/app/Activity;.setExitSharedElementCallback (Landroid/app/SharedElementCallback;)V
D/dalvikvm(19301): VFY: replacing opcode 0x6e at 0x000e
I/dalvikvm(19301): Could not find method android.app.Activity.finishAfterTransition, referenced from method android.support.v4.app.q.supportFinishAfterTransition
W/dalvikvm(19301): VFY: unable to resolve virtual method 52: Landroid/app/Activity;.finishAfterTransition ()V
D/dalvikvm(19301): VFY: replacing opcode 0x6e at 0x0006
I/dalvikvm(19301): Could not find method android.app.Activity.postponeEnterTransition, referenced from method android.support.v4.app.q.supportPostponeEnterTransition
W/dalvikvm(19301): VFY: unable to resolve virtual method 85: Landroid/app/Activity;.postponeEnterTransition ()V
D/dalvikvm(19301): VFY: replacing opcode 0x6e at 0x0006
I/dalvikvm(19301): Could not find method android.app.Activity.startPostponedEnterTransition, referenced from method android.support.v4.app.q.supportStartPostponedEnterTransition
W/dalvikvm(19301): VFY: unable to resolve virtual method 99: Landroid/app/Activity;.startPostponedEnterTransition ()V
D/dalvikvm(19301): VFY: replacing opcode 0x6e at 0x0006
W/fb4a(:<default>):AbstractMqttPushService(18924): Attempt to start service that is already started
W/Icing   (19301): Received bad json for section weights override -- ignoring.
W/Icing   (19301): Received bad json for corpus scoring config -- ignoring.
W/Icing   (19301): Received bad json for corpus context scoring override -- ignoring.
I/dalvikvm(19301): Could not find method android.os.UserHandle.isOwner, referenced from method com.google.android.gms.icing.impl.a.f.a
W/dalvikvm(19301): VFY: unable to resolve virtual method 1360: Landroid/os/UserHandle;.isOwner ()Z
D/dalvikvm(19301): VFY: replacing opcode 0x6e at 0x0015
W/SyncWapiModule(19496): isPlayServicesEnabled=
W/SyncWapiModule(19496): isPlayServicesEnabled=
I/PeopleDatabaseHelper(19301): cleanUpNonGplusAccounts done.
