V/GAV3    ( 8968): Thread[Service Reconnect,5,main]: connect: bindService returned true for Intent { act=com.google.android.gms.analytics.service.START cmp=com.google.android.gms/.analytics.service.AnalyticsService (has extras) }
V/GAV3    ( 8968): Thread[main,5,main]: Connected to service
W/ContextImpl( 1295): Calling a method in the system process without a qualified user: android.app.ContextImpl.startService:1608 android.content.ContextWrapper.startService:494 android.content.ContextWrapper.startService:494 com.motorola.motocare.internal.batterystats.BatteryStatsAction.onReceive:33 android.app.ActivityThread.handleReceiver:2434 
I/dalvikvm(20661): Could not find method android.os.PowerManager.isPowerSaveMode, referenced from method com.google.android.apps.gmm.iamhere.ble.m.b
W/dalvikvm(20661): VFY: unable to resolve virtual method 1246: Landroid/os/PowerManager;.isPowerSaveMode ()Z
D/dalvikvm(20661): VFY: replacing opcode 0x6e at 0x0074
I/ActivityManager( 1025): Process com.motorola.genie (pid 20505) has died.
D/GCM     (31010): GcmService start Intent { act=com.google.android.gms.INITIALIZE flg=0x10 pkg=com.google.android.gms cmp=com.google.android.gms/.gcm.GcmService } com.google.android.gms.INITIALIZE
D/AuthorizationBluetoothService(31010): Received GmsCore event: Intent { act=com.google.android.gms.INITIALIZE flg=0x10 pkg=com.google.android.gms cmp=com.google.android.gms/.auth.be.proximity.authorization.bt.AuthorizationBluetoothService$AutoStarter }.
E/AuthorizationBluetoothService(31010): Proximity feature is not enabled.
V/GmsCoreStatsServiceLauncher(19616): Received broadcast intent Intent { act=com.google.android.gms.INITIALIZE flg=0x10 pkg=com.google.android.gms cmp=com.google.android.gms/.common.stats.GmsCoreStatsServiceLauncher }
D/dalvikvm( 1295): GC_CONCURRENT freed 1864K, 45% free 9503K/17224K, paused 3ms+3ms, total 42ms
D/dalvikvm( 1295): WAIT_FOR_CONCURRENT_GC blocked 12ms
I/ActivityManager( 1025): Process com.google.android.apps.maps (pid 20661) has died.
E/MDM     (31342): [421080] b.run: Couldn't connect to Google API client: ConnectionResult{statusCode=API_UNAVAILABLE, resolution=null}
W/ContextImpl( 1295): Calling a method in the system process without a qualified user: android.app.ContextImpl.startService:1608 android.content.ContextWrapper.startService:494 android.content.ContextWrapper.startService:494 com.motorola.motocare.internal.batterystats.BatteryStatsAction.onReceive:33 android.app.ActivityThread.handleReceiver:2434 
D/LocationInitializer(19616): Restart initialization of location
I/ActivityManager( 1025): Start proc com.google.android.googlequicksearchbox:search for broadcast com.google.android.googlequicksearchbox/com.google.android.search.core.UdcSettingBroadcastReceiver: pid=20713 uid=10045 gids={50045, 3003, 3001, 1028, 3002, 1015}
I/SFPerfTracer(  274):      triggers: (rate: 1258:50127) (compose: 0:251) (post: 0:21) (render: 89:10638) (1:788610 frames) (2:3323929)
I/ActivityManager( 1025): Start proc com.facebook.orca for service com.facebook.orca/com.facebook.push.mqtt.service.MqttPushService: pid=20725 uid=10147 gids={50147, 3003, 1028, 1015}
D/SFPerfTracer(  274):        layers: (4:10) (DimLayer: 0:158)* (DimLayer: 0:134)* (FocusedStackFrame: 0:22097)* (StatusBar: 0:266798) (NavigationBar: 0:204602) (DimLayer: 0:25540)* (DimLayer: 0:4845)* (com.android.wallpaper.fall.FallWallpaper: 2:11802) (co.giftmeapp.gift_me/co.giftmeapp.gift_me.GiftMe: 0:26)* (Keyguard: 0:52) 
D/WifiStateMachine( 1025): handleMessage: E msg.what=151572
D/WifiStateMachine( 1025): processMsg: ConnectedState
D/WifiStateMachine( 1025): processMsg: L2ConnectedState
D/WifiStateMachine( 1025): handleMessage: X
D/WifiService( 1025): Client connection lost with reason: 4
I/ActivityManager( 1025): Start proc com.google.android.partnersetup for content provider com.google.android.partnersetup/.RlzAppProvider: pid=20741 uid=10025 gids={50025, 3003}
I/ActivityManager( 1025): Process com.facebook.katana (pid 20572) has died.
W/ActivityManager( 1025): Scheduling restart of crashed service com.facebook.katana/com.facebook.push.mqtt.service.MqttPushService in 16384000ms
I/dalvikvm(20713): Could not find method android.content.pm.PackageManager.getPackageInstaller, referenced from method com.google.android.gms.common.e.p
W/dalvikvm(20713): VFY: unable to resolve virtual method 901: Landroid/content/pm/PackageManager;.getPackageInstaller ()Landroid/content/pm/PackageInstaller;
D/dalvikvm(20713): VFY: replacing opcode 0x6e at 0x000b
I/ActivityManager( 1025): Start proc com.google.android.apps.maps for broadcast com.google.android.apps.maps/com.google.android.apps.gmm.iamhere.ble.StartBleServiceReceiver: pid=20760 uid=10064 gids={50064, 3003, 1028, 1015, 3002, 3001}
D/ACRA    (20725): ACRA is enabled for com.facebook.orca, intializing...
D/ACRA    (20725): Looking for error files in /data/data/com.facebook.orca/app_acra-reports
D/ACRA    (20725): Looking for error files in /data/data/com.facebook.orca/app_minidumps
D/dalvikvm(20725): Trying to load lib /data/app-lib/com.facebook.orca-2/libgnustl_shared.so 0x41fac7c0
D/dalvikvm(20760): Trying to load lib /data/app-lib/com.google.android.apps.maps-2/libcrashreporterer.so 0x41fa9e00
D/dalvikvm(20760): Added shared lib /data/app-lib/com.google.android.apps.maps-2/libcrashreporterer.so 0x41fa9e00
D/dalvikvm(20725): Added shared lib /data/app-lib/com.facebook.orca-2/libgnustl_shared.so 0x41fac7c0
D/dalvikvm(20725): No JNI_OnLoad found in /data/app-lib/com.facebook.orca-2/libgnustl_shared.so 0x41fac7c0, skipping init
D/dalvikvm(20725): Trying to load lib /data/app-lib/com.facebook.orca-2/libfb_breakpad_client.so 0x41fac7c0
D/dalvikvm(20725): Added shared lib /data/app-lib/com.facebook.orca-2/libfb_breakpad_client.so 0x41fac7c0
D/dalvikvm(20725): Trying to load lib /data/app-lib/com.facebook.orca-2/libfb_dalvik-internals.so 0x41fac7c0
D/dalvikvm(20725): Added shared lib /data/app-lib/com.facebook.orca-2/libfb_dalvik-internals.so 0x41fac7c0
V/DexLibLoader(20725): about to lock: /data/data/com.facebook.orca/mdex_lock
V/DexLibLoader(20725): locking /data/data/com.facebook.orca/mdex_lock took 1 ms
I/ActivityManager( 1025): Process com.google.android.googlequicksearchbox:search (pid 20713) has died.
V/DexLibLoader(20725): Secondary program dex metadata: secondary-1.dex.jar 790183d1fb728678b0d8546ed8e9eaef90404089 secondary.dex01.Canary
V/DexLibLoader(20725): Secondary program dex metadata: secondary-2.dex.jar 03b795797c6ded9e8b3df575980b7d37d9ca8dad secondary.dex02.Canary
V/DexLibLoader(20725): Secondary program dex metadata: secondary-3.dex.jar 5ccf73e2daa6156653af1c6485ad6053f38846b9 secondary.dex03.Canary
V/DexLibLoader(20725): directory "/data/data/com.facebook.orca/app_secondary_program_dex" contains "program-790183d1fb728678b0d8546ed8e9eaef904040896661a1c7.dex.jar" as expected
V/DexLibLoader(20725): directory "/data/data/com.facebook.orca/app_secondary_program_dex" contains "program-03b795797c6ded9e8b3df575980b7d37d9ca8dad6661a1c7.dex.jar" as expected
V/DexLibLoader(20725): directory "/data/data/com.facebook.orca/app_secondary_program_dex" contains "program-5ccf73e2daa6156653af1c6485ad6053f38846b96661a1c7.dex.jar" as expected
D/DexLibLoader(20725): ignoring file "program-790183d1fb728678b0d8546ed8e9eaef904040896661a1c7.dex.odex" in "/data/data/com.facebook.orca/app_secondary_program_dex"
D/dalvikvm(20760): Trying to load lib /data/app-lib/com.google.android.apps.maps-2/libgmm-jni.so 0x41fa9e00
D/DexLibLoader(20725): ignoring file "program-03b795797c6ded9e8b3df575980b7d37d9ca8dad6661a1c7.dex.odex" in "/data/data/com.facebook.orca/app_secondary_program_dex"
D/DexLibLoader(20725): ignoring file "program-5ccf73e2daa6156653af1c6485ad6053f38846b96661a1c7.dex.odex" in "/data/data/com.facebook.orca/app_secondary_program_dex"
D/DexLibLoader(20725): directory "/data/data/com.facebook.orca/app_secondary_program_dex" is valid
D/dalvikvm(20760): Added shared lib /data/app-lib/com.google.android.apps.maps-2/libgmm-jni.so 0x41fa9e00
D/DexLibLoader(20725): ignoring file "primary_deps" in "/data/data/com.facebook.orca/app_secondary_program_dex_opt"
V/DexLibLoader(20725): directory "/data/data/com.facebook.orca/app_secondary_program_dex_opt" contains "program-790183d1fb728678b0d8546ed8e9eaef904040896661a1c7.dex.dex" as expected
V/DexLibLoader(20725): directory "/data/data/com.facebook.orca/app_secondary_program_dex_opt" contains "program-03b795797c6ded9e8b3df575980b7d37d9ca8dad6661a1c7.dex.dex" as expected
V/DexLibLoader(20725): directory "/data/data/com.facebook.orca/app_secondary_program_dex_opt" contains "program-5ccf73e2daa6156653af1c6485ad6053f38846b96661a1c7.dex.dex" as expected
D/DexLibLoader(20725): directory "/data/data/com.facebook.orca/app_secondary_program_dex_opt" is valid
D/DexLibLoader(20725): loading pre-built cross-dex opt odex files
V/dalvik-internals(20725): hooked dvmResolveClass using jump ()
V/dalvik-internals(20725): hooked dvmFlushBreakpoints using jump ()
D/dalvikvm( 2458): GC_CONCURRENT freed 1933K, 44% free 9681K/17224K, paused 2ms+3ms, total 24ms
V/MultiDexClassLoader(20725): installing MultiDexClassLoader before application classloader
I/dalvikvm(20725): Could not find method dalvik.system.DexFile.loadClassBinaryName, referenced from method com.facebook.common.l.g.a
W/dalvikvm(20725): VFY: unable to resolve virtual method 1453: Ldalvik/system/DexFile;.loadClassBinaryName (Ljava/lang/String;Ljava/lang/ClassLoader;)Ljava/lang/Class;
D/dalvikvm(20725): VFY: replacing opcode 0x6e at 0x0000
D/DexLibLoader(20725): released odex store lock
D/DexLibLoader(20725): DexLibLoader.loadAll took 72 ms
D/StrictMode(20760): StrictMode policy violation; ~duration=103 ms: android.os.StrictMode$StrictModeDiskReadViolation: policy=31 violation=2
D/StrictMode(20760): 	at android.os.StrictMode$AndroidBlockGuardPolicy.onReadFromDisk(StrictMode.java:1135)
D/StrictMode(20760): 	at libcore.io.BlockGuardOs.open(BlockGuardOs.java:106)
D/StrictMode(20760): 	at libcore.io.IoUtils.canOpenReadOnly(IoUtils.java:163)
D/StrictMode(20760): 	at dalvik.system.DexPathList.findLibrary(DexPathList.java:384)
D/StrictMode(20760): 	at dalvik.system.BaseDexClassLoader.findLibrary(BaseDexClassLoader.java:77)
D/StrictMode(20760): 	at java.lang.Runtime.loadLibrary(Runtime.java:356)
D/StrictMode(20760): 	at java.lang.System.loadLibrary(System.java:526)
D/StrictMode(20760): 	at com.google.android.libraries.social.jni.crashreporter.NativeCrashHandler.a(PG:189)
D/StrictMode(20760): 	at com.google.android.libraries.social.jni.crashreporter.NativeCrashHandler.a(PG:87)
D/StrictMode(20760): 	at com.google.android.apps.gmm.base.app.d.<init>(PG:562)
D/StrictMode(20760): 	at com.google.android.apps.gmm.base.app.GoogleMapsApplication.a(PG:156)
D/StrictMode(20760): 	at com.google.android.apps.gmm.base.app.GoogleMapsApplication.onCreate(PG:111)
D/StrictMode(20760): 	at android.app.Instrumentation.callApplicationOnCreate(Instrumentation.java:1030)
D/StrictMode(20760): 	at android.app.ActivityThread.handleBindApplication(ActivityThread.java:4409)
D/StrictMode(20760): 	at android.app.ActivityThread.access$1500(ActivityThread.java:139)
D/StrictMode(20760): 	at android.app.ActivityThread$H.handleMessage(ActivityThread.java:1270)
D/StrictMode(20760): 	at android.os.Handler.dispatchMessage(Handler.java:102)
D/StrictMode(20760): 	at android.os.Looper.loop(Looper.java:136)
D/StrictMode(20760): 	at android.app.ActivityThread.main(ActivityThread.java:5086)
D/StrictMode(20760): 	at java.lang.reflect.Method.invokeNative(Native Method)
D/StrictMode(20760): 	at java.lang.reflect.Method.invoke(Method.java:515)
D/StrictMode(20760): 	at com.android.internal.os.ZygoteInit$MethodAndArgsCaller.run(ZygoteInit.java:785)
D/StrictMode(20760): 	at com.android.internal.os.ZygoteInit.main(ZygoteInit.java:601)
D/StrictMode(20760): 	at dalvik.system.NativeStart.main(Native Method)
D/StrictMode(20760): StrictMode policy violation; ~duration=97 ms: android.os.StrictMode$StrictModeDiskReadViolation: policy=31 violation=2
D/StrictMode(20760): 	at android.os.StrictMode$AndroidBlockGuardPolicy.onReadFromDisk(StrictMode.java:1135)
D/StrictMode(20760): 	at android.app.SharedPreferencesImpl.awaitLoadedLocked(SharedPreferencesImpl.java:203)
D/StrictMode(20760): 	at android.app.SharedPreferencesImpl.getBoolean(SharedPreferencesImpl.java:260)
D/StrictMode(20760): 	at android.preference.PreferenceManager.setDefaultValues(PreferenceManager.java:481)
D/StrictMode(20760): 	at com.google.android.apps.gmm.shared.d.a.a(PG:1086)
D/StrictMode(20760): 	at com.google.android.apps.gmm.base.app.d.a(PG:1136)
D/StrictMode(20760): 	at com.google.android.apps.gmm.base.app.d.<init>(PG:578)
D/StrictMode(20760): 	at com.google.android.apps.gmm.base.app.GoogleMapsApplication.a(PG:156)
D/StrictMode(20760): 	at com.google.android.apps.gmm.base.app.GoogleMapsApplication.onCreate(PG:111)
D/StrictMode(20760): 	at android.app.Instrumentation.callApplicationOnCreate(Instrumentation.java:1030)
D/StrictMode(20760): 	at android.app.ActivityThread.handleBindApplication(ActivityThread.java:4409)
D/StrictMode(20760): 	at android.app.ActivityThread.access$1500(ActivityThread.java:139)
D/StrictMode(20760): 	at android.app.ActivityThread$H.handleMessage(ActivityThread.java:1270)
D/StrictMode(20760): 	at android.os.Handler.dispatchMessage(Handler.java:102)
D/StrictMode(20760): 	at android.os.Looper.loop(Looper.java:136)
D/StrictMode(20760): 	at android.app.ActivityThread.main(ActivityThread.java:5086)
D/StrictMode(20760): 	at java.lang.reflect.Method.invokeNative(Native Method)
D/StrictMode(20760): 	at java.lang.reflect.Method.invoke(Method.java:515)
D/StrictMode(20760): 	at com.android.internal.os.ZygoteInit$MethodAndArgsCaller.run(ZygoteInit.java:785)
D/StrictMode(20760): 	at com.android.internal.os.ZygoteInit.main(ZygoteInit.java:601)
D/StrictMode(20760): 	at dalvik.system.NativeStart.main(Native Method)
D/StrictMode(20760): StrictMode policy violation; ~duration=91 ms: android.os.StrictMode$StrictModeDiskReadViolation: policy=31 violation=2
D/StrictMode(20760): 	at android.os.StrictMode$AndroidBlockGuardPolicy.onReadFromDisk(StrictMode.java:1135)
D/StrictMode(20760): 	at android.app.SharedPreferencesImpl.awaitLoadedLocked(SharedPreferencesImpl.java:203)
D/StrictMode(20760): 	at android.app.SharedPreferencesImpl.getInt(SharedPreferencesImpl.java:239)
D/StrictMode(20760): 	at com.google.android.apps.gmm.shared.d.a.a(PG:1184)
D/StrictMode(20760): 	at com.google.android.apps.gmm.shared.d.a.a(PG:1092)
D/StrictMode(20760): 	at com.google.android.apps.gmm.base.app.d.a(PG:1136)
D/StrictMode(20760): 	at com.google.android.apps.gmm.base.app.d.<init>(PG:578)
D/StrictMode(20760): 	at com.google.android.apps.gmm.base.app.GoogleMapsApplication.a(PG:156)
D/StrictMode(20760): 	at com.google.android.apps.gmm.base.app.GoogleMapsApplication.onCreate(PG:111)
D/StrictMode(20760): 	at android.app.Instrumentation.callApplicationOnCreate(Instrumentation.java:1030)
D/StrictMode(20760): 	at android.app.ActivityThread.handleBindApplication(ActivityThread.java:4409)
D/StrictMode(20760): 	at android.app.ActivityThread.access$1500(ActivityThread.java:139)
D/StrictMode(20760): 	at android.app.ActivityThread$H.handleMessage(ActivityThread.java:1270)
D/StrictMode(20760): 	at android.os.Handler.dispatchMessage(Handler.java:102)
D/StrictMode(20760): 	at android.os.Looper.loop(Looper.java:136)
D/StrictMode(20760): 	at android.app.ActivityThread.main(ActivityThread.java:5086)
D/StrictMode(20760): 	at java.lang.reflect.Method.invokeNative(Native Method)
D/StrictMode(20760): 	at java.lang.reflect.Method.invoke(Method.java:515)
D/StrictMode(20760): 	at com.android.internal.os.ZygoteInit$MethodAndArgsCaller.run(ZygoteInit.java:785)
D/StrictMode(20760): 	at com.android.internal.os.ZygoteInit.main(ZygoteInit.java:601)
D/StrictMode(20760): 	at dalvik.system.NativeStart.main(Native Method)
D/StrictMode(20760): StrictMode policy violation; ~duration=82 ms: android.os.StrictMode$StrictModeDiskReadViolation: policy=31 violation=2
D/StrictMode(20760): 	at android.os.StrictMode$AndroidBlockGuardPolicy.onReadFromDisk(StrictMode.java:1135)
D/StrictMode(20760): 	at libcore.io.BlockGuardOs.open(BlockGuardOs.java:106)
D/StrictMode(20760): 	at libcore.io.IoUtils.canOpenReadOnly(IoUtils.java:163)
D/StrictMode(20760): 	at dalvik.system.DexPathList.findLibrary(DexPathList.java:384)
D/StrictMode(20760): 	at dalvik.system.BaseDexClassLoader.findLibrary(BaseDexClassLoader.java:77)
D/StrictMode(20760): 	at java.lang.Runtime.loadLibrary(Runtime.java:356)
D/StrictMode(20760): 	at java.lang.System.loadLibrary(System.java:526)
D/StrictMode(20760): 	at com.google.android.apps.gmm.map.util.jni.NativeHelper.initialize(PG:42)
D/StrictMode(20760): 	at com.google.android.apps.gmm.map.m.e.<clinit>(PG:89)
D/StrictMode(20760): 	at com.google.android.apps.gmm.base.app.d.a(PG:1135)
D/StrictMode(20760): 	at com.google.android.apps.gmm.base.app.d.<init>(PG:578)
D/StrictMode(20760): 	at com.google.android.apps.gmm.base.app.GoogleMapsApplication.a(PG:156)
D/StrictMode(20760): 	at com.google.android.apps.gmm.base.app.GoogleMapsApplication.onCreate(PG:111)
D/StrictMode(20760): 	at android.app.Instrumentation.callApplicationOnCreate(Instrumentation.java:1030)
D/StrictMode(20760): 	at android.app.ActivityThread.handleBindApplication(ActivityThread.java:4409)
D/StrictMode(20760): 	at android.app.ActivityThread.access$1500(ActivityThread.java:139)
D/StrictMode(20760): 	at android.app.ActivityThread$H.handleMessage(ActivityThread.java:1270)
D/StrictMode(20760): 	at android.os.Handler.dispatchMessage(Handler.java:102)
D/StrictMode(20760): 	at android.os.Looper.loop(Looper.java:136)
D/StrictMode(20760): 	at android.app.ActivityThread.main(ActivityThread.java:5086)
D/StrictMode(20760): 	at java.lang.reflect.Method.invokeNative(Native Method)
D/StrictMode(20760): 	at java.lang.reflect.Method.invoke(Method.java:515)
D/StrictMode(20760): 	at com.android.internal.os.ZygoteInit$MethodAndArgsCaller.run(ZygoteInit.java:785)
D/StrictMode(20760): 	at com.android.internal.os.ZygoteInit.main(ZygoteInit.java:601)
D/StrictMode(20760): 	at dalvik.system.NativeStart.main(Native Method)
D/StrictMode(20760): StrictMode policy violation; ~duration=71 ms: android.os.StrictMode$StrictModeDiskReadViolation: policy=31 violation=2
D/StrictMode(20760): 	at android.os.StrictMode$AndroidBlockGuardPolicy.onReadFromDisk(StrictMode.java:1135)
D/StrictMode(20760): 	at libcore.io.BlockGuardOs.open(BlockGuardOs.java:106)
D/StrictMode(20760): 	at libcore.io.IoBridge.open(IoBridge.java:393)
D/StrictMode(20760): 	at java.io.FileInputStream.<init>(FileInputStream.java:78)
D/StrictMode(20760): 	at android.app.ContextImpl.openFileInput(ContextImpl.java:909)
D/StrictMode(20760): 	at android.content.ContextWrapper.openFileInput(ContextWrapper.java:179)
D/StrictMode(20760): 	at com.google.android.apps.gmm.shared.f.h.a(PG:150)
D/StrictMode(20760): 	at com.google.android.apps.gmm.map.m.e.a(PG:356)
D/StrictMode(20760): 	at com.google.android.apps.gmm.base.app.d.a(PG:1135)
D/StrictMode(20760): 	at com.google.android.apps.gmm.base.app.d.<init>(PG:578)
D/StrictMode(20760): 	at com.google.android.apps.gmm.base.app.GoogleMapsApplication.a(PG:156)
D/StrictMode(20760): 	at com.google.android.apps.gmm.base.app.GoogleMapsApplication.onCreate(PG:111)
D/StrictMode(20760): 	at android.app.Instrumentation.callApplicationOnCreate(Instrumentation.java:1030)
D/StrictMode(20760): 	at android.app.ActivityThread.handleBindApplication(ActivityThread.java:4409)
D/StrictMode(20760): 	at android.app.ActivityThread.access$1500(ActivityThread.java:139)
D/StrictMode(20760): 	at android.app.ActivityThread$H.handleMessage(ActivityThread.java:1270)
D/StrictMode(20760): 	at android.os.Handler.dispatchMessage(Handler.java:102)
D/StrictMode(20760): 	at android.os.Looper.loop(Looper.java:136)
D/StrictMode(20760): 	at android.app.ActivityThread.main(ActivityThread.java:5086)
D/StrictMode(20760): 	at java.lang.reflect.Method.invokeNative(Native Method)
D/StrictMode(20760): 	at java.lang.reflect.Method.invoke(Method.java:515)
D/StrictMode(20760): 	at com.android.internal.os.ZygoteInit$MethodAndArgsCaller.run(ZygoteInit.java:785)
D/StrictMode(20760): 	at com.android.internal.os.ZygoteInit.main(ZygoteInit.java:601)
D/StrictMode(20760): 	at dalvik.system.NativeStart.main(Native Method)
D/StrictMode(20760): StrictMode policy violation; ~duration=69 ms: android.os.StrictMode$StrictModeDiskReadViolation: policy=31 violation=2
D/StrictMode(20760): 	at android.os.StrictMode$AndroidBlockGuardPolicy.onReadFromDisk(StrictMode.java:1135)
D/StrictMode(20760): 	at libcore.io.BlockGuardOs.read(BlockGuardOs.java:148)
D/StrictMode(20760): 	at libcore.io.IoBridge.read(IoBridge.java:425)
D/StrictMode(20760): 	at java.io.FileInputStream.read(FileInputStream.java:179)
D/StrictMode(20760): 	at java.io.BufferedInputStream.read(BufferedInputStream.java:283)
D/StrictMode(20760): 	at java.io.DataInputStream.read(DataInputStream.java:63)
D/StrictMode(20760): 	at com.google.r.j.c(PG:1152)
D/StrictMode(20760): 	at com.google.r.j.a(PG:121)
D/StrictMode(20760): 	at com.google.v.a.a.dv.<init>(PG:24)
D/StrictMode(20760): 	at com.google.v.a.a.dw.b(PG:68)
D/StrictMode(20760): 	at com.google.v.a.a.dw.a(PG:62)
D/StrictMode(20760): 	at com.google.r.e.b(PG:170)
D/StrictMode(20760): 	at com.google.r.e.b(PG:21)
D/StrictMode(20760): 	at com.google.android.apps.gmm.shared.f.h.a(PG:151)
D/StrictMode(20760): 	at com.google.android.apps.gmm.map.m.e.a(PG:356)
D/StrictMode(20760): 	at com.google.android.apps.gmm.base.app.d.a(PG:1135)
D/StrictMode(20760): 	at com.google.android.apps.gmm.base.app.d.<init>(PG:578)
D/StrictMode(20760): 	at com.google.android.apps.gmm.base.app.GoogleMapsApplication.a(PG:156)
D/StrictMode(20760): 	at com.google.android.apps.gmm.base.app.GoogleMapsApplication.onCreate(PG:111)
D/StrictMode(20760): 	at android.app.Instrumentation.callApplicationOnCreate(Instrumentation.java:1030)
D/StrictMode(20760): 	at android.app.ActivityThread.handleBindApplication(ActivityThread.java:4409)
D/StrictMode(20760): 	at android.app.ActivityThread.access$1500(ActivityThread.java:139)
D/StrictMode(20760): 	at android.app.ActivityThread$H.handleMessage(ActivityThread.java:1270)
D/StrictMode(20760): 	at android.os.Handler.dispatchMessage(Handler.java:102)
D/StrictMode(20760): 	at android.os.Looper.loop(Looper.java:136)
D/StrictMode(20760): 	at android.app.ActivityThread.main(ActivityThread.java:5086)
D/StrictMode(20760): 	at java.lang.reflect.Method.invokeNative(Native Method)
D/StrictMode(20760): 	at java.lang.reflect.Method.invoke(Method.java:515)
D/StrictMode(20760): 	at com.android.internal.os.ZygoteInit$MethodAndArgsCaller.run(ZygoteInit.java:785)
D/StrictMode(20760): 	at com.android.internal.os.ZygoteInit.main(ZygoteInit.java:601)
D/StrictMode(20760): 	at dalvik.system.NativeStart.main(Native Method)
D/StrictMode(20760): StrictMode policy violation; ~duration=66 ms: android.os.StrictMode$StrictModeDiskReadViolation: policy=31 violation=2
D/StrictMode(20760): 	at android.os.StrictMode$AndroidBlockGuardPolicy.onReadFromDisk(StrictMode.java:1135)
D/StrictMode(20760): 	at libcore.io.BlockGuardOs.read(BlockGuardOs.java:148)
D/StrictMode(20760): 	at libcore.io.IoBridge.read(IoBridge.java:425)
D/StrictMode(20760): 	at java.io.FileInputStream.read(FileInputStream.java:179)
D/StrictMode(20760): 	at java.io.BufferedInputStream.read(BufferedInputStream.java:283)
D/StrictMode(20760): 	at java.io.DataInputStream.read(DataInputStream.java:63)
D/StrictMode(20760): 	at com.google.r.j.c(PG:1152)
D/StrictMode(20760): 	at com.google.r.j.b(PG:1234)
D/StrictMode(20760): 	at com.google.r.j.g(PG:548)
D/StrictMode(20760): 	at com.google.v.a.a.dv.<init>(PG:43)
D/StrictMode(20760): 	at com.google.v.a.a.dw.b(PG:68)
D/StrictMode(20760): 	at com.google.v.a.a.dw.a(PG:62)
D/StrictMode(20760): 	at com.google.r.e.b(PG:170)
D/StrictMode(20760): 	at com.google.r.e.b(PG:21)
D/StrictMode(20760): 	at com.google.android.apps.gmm.shared.f.h.a(PG:151)
D/StrictMode(20760): 	at com.google.android.apps.gmm.map.m.e.a(PG:356)
D/StrictMode(20760): 	at com.google.android.apps.gmm.base.app.d.a(PG:1135)
D/StrictMode(20760): 	at com.google.android.apps.gmm.base.app.d.<init>(PG:578)
D/StrictMode(20760): 	at com.google.android.apps.gmm.base.app.GoogleMapsApplication.a(PG:156)
D/StrictMode(20760): 	at com.google.android.apps.gmm.base.app.GoogleMapsApplication.onCreate(PG:111)
D/StrictMode(20760): 	at android.app.Instrumentation.callApplicationOnCreate(Instrumentation.java:1030)
D/StrictMode(20760): 	at android.app.ActivityThread.handleBindApplication(ActivityThread.java:4409)
D/StrictMode(20760): 	at android.app.ActivityThread.access$1500(ActivityThread.java:139)
D/StrictMode(20760): 	at android.app.ActivityThread$H.handleMessage(ActivityThread.java:1270)
D/StrictMode(20760): 	at android.os.Handler.dispatchMessage(Handler.java:102)
D/StrictMode(20760): 	at android.os.Looper.loop(Looper.java:136)
D/StrictMode(20760): 	at android.app.ActivityThread.main(ActivityThread.java:5086)
D/StrictMode(20760): 	at java.lang.reflect.Method.invokeNative(Native Method)
D/StrictMode(20760): 	at java.lang.reflect.Method.invoke(Method.java:515)
D/StrictMode(20760): 	at com.android.internal.os.ZygoteInit$MethodAndArgsCaller.run(ZygoteInit.java:785)
D/StrictMode(20760): 	at com.android.internal.os.ZygoteInit.main(ZygoteInit.java:601)
D/StrictMode(20760): 	at dalvik.system.NativeStart.main(Native Method)
D/CCE     (18647): App motocare requested CCE to send settings
W/BroadcastQueue( 1025): Permission Denial: broadcasting Intent { act=com.motorola.cce.Actions.CCE_SEND_SETTINGS flg=0x10 (has extras) } from com.motorola.genie (pid=20505, uid=10026) is not exported from uid 10034 due to receiver com.motorola.MotGallery2/com.motorola.blur.service.blur.SharedSettingsReceiver
I/FWQAActionReceiver( 1295): Receiver invoked with intent #Intent;action=com.motorola.contextual.actions.Sync;launchFlags=0x30;component=com.motorola.contextual.fw/.actions.ActionReceiver;S.com.motorola.smartactions.intent.extra.EVENT=fire_request;d.com.motorola.smartactions.intent.extra.VERSION=1.0;S.com.motorola.smartactions.intent.extra.REQUEST_ID=com.motorola.smartactions.low_battery.action.1.child.1%3A21;B.com.motorola.smartactions.intent.extra.SAVE_DEFAULT=true;S.com.motorola.smartactions.intent.extra.CONFIG=%23Intent%3Bd.com.motorola.smartactions.intent.extra.CONFIG_VERSION%3D1.0%3BB.state%3Dtrue%3Bend;end
W/ContextImpl( 1295): Calling a method in the system process without a qualified user: android.app.ContextImpl.startService:1608 android.content.ContextWrapper.startService:494 android.content.ContextWrapper.startService:494 com.motorola.contextual.fw.actions.StatefulActionHelper.registerForSettingChanges:81 com.motorola.contextual.fw.actions.Sync.registerForSettingChanges:214 
W/ContextImpl( 1295): Calling a method in the system process without a qualified user: android.app.ContextImpl.startService:1608 android.content.ContextWrapper.startService:494 android.content.ContextWrapper.startService:494 com.motorola.contextual.fw.actions.Utils.writeToDebugService:174 com.motorola.contextual.fw.actions.StatefulAction.setState:261 
I/dalvikvm(20760): Could not find method android.os.PowerManager.isPowerSaveMode, referenced from method com.google.android.apps.gmm.iamhere.ble.m.b
W/dalvikvm(20760): VFY: unable to resolve virtual method 1246: Landroid/os/PowerManager;.isPowerSaveMode ()Z
D/dalvikvm(20760): VFY: replacing opcode 0x6e at 0x0074
I/FWQASync( 1295): removePendingAction
I/FWQASync( 1295): Sync state to be set to true
I/FWQASync( 1295): Old state is true
W/ContextImpl( 1295): Calling a method in the system process without a qualified user: android.app.ContextImpl.startService:1608 android.content.ContextWrapper.startService:494 android.content.ContextWrapper.startService:494 com.motorola.contextual.fw.actions.Utils.writeToDebugService:174 com.motorola.contextual.fw.actions.StatefulAction.setState:278 
I/FWQAActionReceiver( 1295): Sending response intent: #Intent;action=com.motorola.smartactions.intent.action.ACTION_PUBLISHER_EVENT;S.com.motorola.smartactions.intent.extra.EVENT=fire_response;S.com.motorola.smartactions.intent.extra.RESPONSE_ID=com.motorola.smartactions.low_battery.action.1.child.1%3A21;S.com.motorola.smartactions.intent.extra.PUBLISHER_KEY=com.motorola.contextual.actions.Sync;S.com.motorola.smartactions.intent.extra.STATUS=success;end
W/ContextImpl( 1295): Calling a method in the system process without a qualified user: android.app.ContextImpl.sendBroadcast:1252 android.content.ContextWrapper.sendBroadcast:365 android.content.ContextWrapper.sendBroadcast:365 com.motorola.contextual.fw.actions.ActionReceiver.onReceive:80 android.app.ActivityThread.handleReceiver:2434 
I/FWQASettingsService( 1295): In onStartCommand with intent Intent { cmp=com.motorola.contextual.fw/.actions.SettingsService (has extras) }
I/FWQASettingsService( 1295): Setting already registered
W/FWQASettingsService( 1295): Duplicate request
I/FWQADebugService( 1295): MM to QA fire_request com.motorola.contextual.actions.Sync com.motorola.smartactions.low_battery.action.1.child.1:21 1429827777182 
W/ActivityThread(20760): ClassLoader.loadClass: The class loader returned by Thread.getContextClassLoader() may fail for processes that host multiple applications. You should explicitly specify a context class loader. For example: Thread.setContextClassLoader(getClass().getClassLoader());
I/dalvikvm(20760): Could not find method android.content.pm.PackageManager.getPackageInstaller, referenced from method com.google.android.gms.common.d.a
W/dalvikvm(20760): VFY: unable to resolve virtual method 573: Landroid/content/pm/PackageManager;.getPackageInstaller ()Landroid/content/pm/PackageInstaller;
D/dalvikvm(20760): VFY: replacing opcode 0x6e at 0x000f
I/ActivityManager( 1025): Start proc com.motorola.contextual.smartrules2 for broadcast com.motorola.contextual.smartrules2/com.motorola.checkin.AnalyticsReceiver: pid=20789 uid=10035 gids={50035, 3003, 1028, 1015, 3001, 3002}
I/ActivityManager( 1025): Process com.google.android.partnersetup (pid 20741) has died.
I/ActivityManager( 1025): Process com.google.android.apps.maps (pid 20760) has died.
E/ActivityThread( 1295): Failed to find provider info for com.motorola.contextual.analytics
E/FWQADebugQA( 1295): Error: Cannot write to Debug Provider :java.lang.IllegalArgumentException: Unknown URL content://com.motorola.contextual.analytics/debug
I/FWQADebugService( 1295): QA to MM true com.motorola.contextual.actions.Sync com.motorola.smartactions.low_battery.action.1.child.1:21 1429827777182 success
E/ActivityThread( 1295): Failed to find provider info for com.motorola.contextual.analytics
E/FWQADebugQA( 1295): Error: Cannot write to Debug Provider :java.lang.IllegalArgumentException: Unknown URL content://com.motorola.contextual.analytics/debug
I/FWQADebugService( 1295):  onDestroy
D/Checkin (20789): publish the event [tag = SMART_ACTIONS event name = ACTION]
D/Checkin (20789): publish the event [tag = SMART_ACTIONS event name = ACTION]
W/bp      (20725): Verify
I/ActivityManager( 1025): Process com.motorola.contextual.smartrules2 (pid 20789) has died.
D/WifiStateMachine( 1025): handleMessage: E msg.what=151572
D/WifiStateMachine( 1025): processMsg: ConnectedState
D/WifiStateMachine( 1025): processMsg: L2ConnectedState
E/dalvikvm(20725): Could not find class 'org.apache.harmony.xnet.provider.jsse.OpenSSLSocketImpl', referenced from method com.facebook.ssl.openssl.a.b.<clinit>
W/dalvikvm(20725): VFY: unable to resolve const-class 10658 (Lorg/apache/harmony/xnet/provider/jsse/OpenSSLSocketImpl;) in Lcom/facebook/ssl/openssl/a/b;
D/dalvikvm(20725): VFY: replacing opcode 0x1c at 0x000d
E/dalvikvm(20725): Could not find class 'org.apache.harmony.xnet.provider.jsse.OpenSSLSocketFactoryImpl', referenced from method com.facebook.ssl.openssl.b.b.<clinit>
W/dalvikvm(20725): VFY: unable to resolve const-class 10657 (Lorg/apache/harmony/xnet/provider/jsse/OpenSSLSocketFactoryImpl;) in Lcom/facebook/ssl/openssl/b/b;
D/dalvikvm(20725): VFY: replacing opcode 0x1c at 0x000d
E/dalvikvm(20725): Could not find class 'org.apache.harmony.xnet.provider.jsse.SSLParametersImpl', referenced from method com.facebook.ssl.openssl.b.b.a
W/dalvikvm(20725): VFY: unable to resolve check-cast 10660 (Lorg/apache/harmony/xnet/provider/jsse/SSLParametersImpl;) in Lcom/facebook/ssl/openssl/b/b;
D/dalvikvm(20725): VFY: replacing opcode 0x1f at 0x0006
E/dalvikvm(20725): Could not find class 'org.apache.harmony.xnet.provider.jsse.SSLParametersImpl', referenced from method com.facebook.ssl.openssl.b.c.<clinit>
W/dalvikvm(20725): VFY: unable to resolve const-class 10660 (Lorg/apache/harmony/xnet/provider/jsse/SSLParametersImpl;) in Lcom/facebook/ssl/openssl/b/c;
D/dalvikvm(20725): VFY: replacing opcode 0x1c at 0x000d
W/dalvikvm(20725): VFY: unable to find class referenced in signature (Lorg/apache/harmony/xnet/provider/jsse/SSLParametersImpl;)
E/dalvikvm(20725): Could not find class 'org.apache.harmony.xnet.provider.jsse.ClientSessionContext', referenced from method com.facebook.ssl.openssl.b.c.a
W/dalvikvm(20725): VFY: unable to resolve check-cast 10656 (Lorg/apache/harmony/xnet/provider/jsse/ClientSessionContext;) in Lcom/facebook/ssl/openssl/b/c;
D/dalvikvm(20725): VFY: replacing opcode 0x1f at 0x0006
W/dalvikvm(20725): VFY: unable to find class referenced in signature (Lorg/apache/harmony/xnet/provider/jsse/SSLParametersImpl;)
W/dalvikvm(20725): Unable to resolve superclass of Lcom/facebook/ssl/openssl/TicketEnabledOpenSSLSocketImplWrapper; (10659)
W/dalvikvm(20725): Link of class 'Lcom/facebook/ssl/openssl/TicketEnabledOpenSSLSocketImplWrapper;' failed
E/dalvikvm(20725): Could not find class 'com.facebook.ssl.openssl.TicketEnabledOpenSSLSocketImplWrapper', referenced from method com.facebook.ssl.openssl.b.a
W/dalvikvm(20725): VFY: unable to resolve new-instance 7258 (Lcom/facebook/ssl/openssl/TicketEnabledOpenSSLSocketImplWrapper;) in Lcom/facebook/ssl/openssl/b;
D/dalvikvm(20725): VFY: replacing opcode 0x22 at 0x0000
W/dalvikvm(20725): Unable to resolve superclass of Lcom/facebook/ssl/openssl/TicketEnabledOpenSSLSocketImplWrapper; (10659)
W/dalvikvm(20725): Link of class 'Lcom/facebook/ssl/openssl/TicketEnabledOpenSSLSocketImplWrapper;' failed
D/dalvikvm(20725): DexOpt: unable to opt direct call 0x9f40 at 0x08 in Lcom/facebook/ssl/openssl/b;.a
D/WifiStateMachine( 1025): handleMessage: X
W/msgr(:<default>):a(20725): Attempt to start service that is already started
D/dalvikvm(20725): Trying to load lib /data/app-lib/com.facebook.orca-2/libfbjni.so 0x41fac7c0
D/dalvikvm(20725): Added shared lib /data/app-lib/com.facebook.orca-2/libfbjni.so 0x41fac7c0
D/dalvikvm(20725): Trying to load lib /data/app-lib/com.facebook.orca-2/libheartbleed.so 0x41fac7c0
D/dalvikvm(20725): Added shared lib /data/app-lib/com.facebook.orca-2/libheartbleed.so 0x41fac7c0
D/WifiStateMachine( 1025): handleMessage: E msg.what=131155
D/WifiStateMachine( 1025): processMsg: ConnectedState
D/WifiStateMachine( 1025): processMsg: L2ConnectedState
D/WifiStateMachine( 1025): handleMessage: X
D/WifiStateMachine( 1025): handleMessage: E msg.what=151572
D/WifiStateMachine( 1025): processMsg: ConnectedState
D/WifiStateMachine( 1025): processMsg: L2ConnectedState
D/WifiStateMachine( 1025): handleMessage: X
D/WifiStateMachine( 1025): handleMessage: E msg.what=151572
D/WifiStateMachine( 1025): processMsg: ConnectedState
D/WifiStateMachine( 1025): processMsg: L2ConnectedState
D/WifiStateMachine( 1025): handleMessage: X
V/AlarmManager( 1025): sending alarm Alarm{42334568 type 3 android}
D/WifiStateMachine( 1025): handleMessage: E msg.what=151572
D/WifiStateMachine( 1025): processMsg: ConnectedState
D/WifiStateMachine( 1025): processMsg: L2ConnectedState
D/WifiStateMachine( 1025): handleMessage: X
I/ActivityManager( 1025): Process com.google.android.gms (pid 19616) has died.
W/ActivityManager( 1025): Scheduling restart of crashed service com.google.android.gms/.analytics.service.AnalyticsService in 1000ms
V/GAV3    ( 8968): Thread[main,5,main]: service disconnected: ComponentInfo{com.google.android.gms/com.google.android.gms.analytics.service.AnalyticsService}
V/GAV3    ( 8968): Thread[main,5,main]: Unexpected disconnect.
V/GAV3    ( 8968): Thread[main,5,main]: service disconnected: ComponentInfo{com.google.android.gms/com.google.android.gms.analytics.service.AnalyticsService}
V/GAV3    ( 8968): Thread[main,5,main]: Unexpected disconnect.
I/PowerManagerService( 1025): Nap time...
I/PowerManagerService( 1025): Going to sleep due to screen timeout...
V/GAV3    ( 8968): Thread[main,5,main]: service disconnected: ComponentInfo{com.google.android.gms/com.google.android.gms.analytics.service.AnalyticsService}
V/GAV3    ( 8968): Thread[main,5,main]: Unexpected disconnect.
V/GAV3    ( 8968): Thread[main,5,main]: service disconnected: ComponentInfo{com.google.android.gms/com.google.android.gms.analytics.service.AnalyticsService}
V/GAV3    ( 8968): Thread[main,5,main]: Unexpected disconnect.
V/GAV3    ( 8968): Thread[main,5,main]: service disconnected: ComponentInfo{com.google.android.gms/com.google.android.gms.analytics.service.AnalyticsService}
V/GAV3    ( 8968): Thread[main,5,main]: Unexpected disconnect.
I/SFPerfTracer(  274):      triggers: (rate: 1258:50130) (compose: 0:251) (post: 0:21) (render: 89:10638) (0:788652 frames) (1:3324029)
D/SFPerfTracer(  274):        layers: (4:11) (DimLayer: 0:158)* (DimLayer: 0:134)* (FocusedStackFrame: 0:22097)* (StatusBar: 0:266834) (NavigationBar: 0:204602) (DimLayer: 0:25540)* (DimLayer: 0:4845)* (com.android.wallpaper.fall.FallWallpaper: 1:11872) (co.giftmeapp.gift_me/co.giftmeapp.gift_me.GiftMe: 0:26)* (Keyguard: 0:55) (ElectronBeam: 1:2)* 
D/Ulp_jni ( 1025): Location CB invoked
D/dalvikvm(27213): GC_CONCURRENT freed 2557K, 44% free 11450K/20348K, paused 3ms+8ms, total 54ms
D/SurfaceFlinger(  274): Screen released, type=0 flinger=0xb769f450
D/qdhwcomposer(  274): hwc_blank: Blanking display: 0
I/SFPerfTracer(  274):       trigger: vsync rate (-48.071%)	(31.157 vps)	(32.095 ms)* 	(214 drops)	(366 vsyncs)
I/SFPerfTracer(  274):      triggers: (rate: 1130:449179) (342064 sw vsyncs) (1052709 skipped) (366:3347840 vsyncs) (368:4198962)
D/WifiStateMachine( 1025): handleMessage: E msg.what=151572
D/WifiStateMachine( 1025): processMsg: ConnectedState
D/WifiStateMachine( 1025): processMsg: L2ConnectedState
D/dalvikvm(27213): GC_CONCURRENT freed 1858K, 43% free 11629K/20348K, paused 2ms+7ms, total 33ms
D/WifiStateMachine( 1025): handleMessage: X
D/WifiStateMachine( 1025): handleMessage: E msg.what=131155
D/WifiStateMachine( 1025): processMsg: ConnectedState
D/WifiStateMachine( 1025): processMsg: L2ConnectedState
D/WifiStateMachine( 1025): handleMessage: X
D/qdhwcomposer(  274): hwc_blank: Done blanking display: 0
D/SurfaceControl( 1025): Excessive delay in blankDisplay() while turning screen off: 204ms
I/AonLTInterfaceService( 1295): AodLT package version: 1000000
D/KeyguardHostView( 1119): showSecurityScreen(None)
D/KeyguardHostView( 1119): getSecurityView(None)
V/KeyguardHostView( 1119): Initial transport state: 0, pbstate=1
W/BroadcastQueue( 1025): Permission Denial: broadcasting Intent { act=android.net.conn.INET_CONDITION_ACTION flg=0x4000010 (has extras) } from null (pid=-1, uid=-1) requires com.facebook.permission.prod.FB_APP_COMMUNICATION due to registered receiver BroadcastFilter{4208a5d0 u0 ReceiverList{420aee90 20725 com.facebook.orca/10147/u0 remote:421586b0}}
W/BroadcastQueue( 1025): Permission Denial: broadcasting Intent { act=android.net.conn.CONNECTIVITY_CHANGE flg=0x4000010 (has extras) } from null (pid=-1, uid=-1) requires com.facebook.permission.prod.FB_APP_COMMUNICATION due to registered receiver BroadcastFilter{4208a5d0 u0 ReceiverList{420aee90 20725 com.facebook.orca/10147/u0 remote:421586b0}}
D/WifiStateMachine( 1025): handleScreenStateChanged: false
D/WifiStateMachine( 1025): handleMessage: E msg.what=131154
D/WifiStateMachine( 1025): processMsg: ConnectedState
D/WifiStateMachine( 1025): processMsg: L2ConnectedState
D/WifiStateMachine( 1025): handleMessage: X
D/WifiStateMachine( 1025): handleMessage: E msg.what=131163
D/WifiStateMachine( 1025): processMsg: ConnectedState
D/WifiStateMachine( 1025): processMsg: L2ConnectedState
D/WifiStateMachine( 1025): processMsg: ConnectModeState
D/WifiStateMachine( 1025): processMsg: DriverStartedState
D/WifiStateMachine( 1025): processMsg: SupplicantStartedState
D/WifiStateMachine( 1025): processMsg: DefaultState
D/WifiStateMachine( 1025): handleMessage: X
D/WifiStateMachine( 1025): handleMessage: E msg.what=131158
D/WifiStateMachine( 1025): processMsg: ConnectedState
D/WifiStateMachine( 1025): processMsg: L2ConnectedState
D/WifiStateMachine( 1025): processMsg: ConnectModeState
D/WifiStateMachine( 1025): processMsg: DriverStartedState
D/WifiStateMachine( 1025): setSuspendOptimizationsNative: 4 true
D/Sensors ( 1025): AccelerationSensor: Set Sensors state 0x0
D/audio_hw_primary(  277): adev_set_parameters: enter: screen_state=off
V/msm8974_platform(  277): platform_set_parameters: enter: screen_state=off
V/msm8974_platform(  277): platform_set_parameters: exit with code(-2)
E/audio_a2dp_hw(  277): adev_set_parameters: ERROR: set param called even when stream out is null
W/dalvikvm(20725): Unable to resolve superclass of Lcom/facebook/push/adm/ADMBroadcastReceiver; (566)
W/dalvikvm(20725): Link of class 'Lcom/facebook/push/adm/ADMBroadcastReceiver;' failed
E/dalvikvm(20725): Could not find class 'com.facebook.push.adm.ADMBroadcastReceiver', referenced from method com.facebook.push.adm.a.b
W/dalvikvm(20725): VFY: unable to resolve const-class 6907 (Lcom/facebook/push/adm/ADMBroadcastReceiver;) in Lcom/facebook/push/adm/a;
D/dalvikvm(20725): VFY: replacing opcode 0x1c at 0x000e
D/dalvikvm( 1119): GC_CONCURRENT freed 609K, 25% free 15234K/20224K, paused 3ms+6ms, total 59ms
D/KeyguardHostView( 1119): showSecurityScreen(None)
D/KeyguardHostView( 1119): getSecurityView(Invalid)
D/KeyguardHostView( 1119): getSecurityView(None)
D/WifiStateMachine( 1025): handleMessage: X
V/KeyguardHostView( 1119): hide transport, gen:296
V/KeyguardHostView( 1119): music state changed: 1
W/View    ( 1119): requestLayout() improperly called by android.widget.TextClock{425244c0 V.ED.... ......ID 104,0-484,213 #7f0a004b app:id/clock_view} during layout: running second layout pass
W/View    ( 1119): requestLayout() improperly called by android.widget.TextClock{421a7c90 V.ED.... ......ID 141,0-290,38 #7f0a0050 app:id/date_view} during layout: running second layout pass
W/View    ( 1119): requestLayout() improperly called by android.widget.TextView{4228ba88 V.ED.... ......ID 306,0-446,38 #7f0a0051 app:id/alarm_status} during layout: running second layout pass
W/msgr(:<default>):a(20725): Attempt to start service that is already started
W/msgr(:<default>):a(20725): Attempt to start service that is already started
W/BroadcastQueue( 1025): Permission Denial: broadcasting Intent { act=android.net.conn.CONNECTIVITY_CHANGE flg=0x4000010 (has extras) } from null (pid=-1, uid=-1) requires com.facebook.permission.prod.FB_APP_COMMUNICATION due to registered receiver BroadcastFilter{42d332b0 u0 ReceiverList{41fe9f68 20725 com.facebook.orca/10147/u0 remote:424388f0}}
I/ActivityManager( 1025): Start proc com.google.android.gms for service com.google.android.gms/.analytics.service.AnalyticsService: pid=21548 uid=10022 gids={50022, 3003, 1007, 1028, 1015, 3002, 3001, 3007, 2001, 3006}
D/dalvikvm( 1025): GC_EXPLICIT freed 1646K, 39% free 31275K/50444K, paused 5ms+19ms, total 178ms
W/dalvikvm(21548): VFY: unable to resolve static field 658 (PR_SET_DUMPABLE) in Landroid/system/OsConstants;
D/dalvikvm(21548): VFY: replacing opcode 0x60 at 0x000b
I/MultiDex(21548): VM with version 1.6.0 does not have multidex support
I/MultiDex(21548): install
I/MultiDex(21548): MultiDexExtractor.load(/data/app/com.google.android.gms-1.apk, false)
I/MultiDex(21548): loading existing secondary dex files
I/MultiDex(21548): load found 3 secondary dex files
I/MultiDex(21548): install done
I/ProviderInstaller(21548): Insert disabled by gate 'gms:security:enable_conscrypt_in_gms_application'
D/GCM     (31010): GcmService start Intent { act=com.google.android.gms.INITIALIZE flg=0x10 pkg=com.google.android.gms cmp=com.google.android.gms/.gcm.GcmService } com.google.android.gms.INITIALIZE
D/dalvikvm(31010): GC_EXPLICIT freed 221K, 40% free 10378K/17224K, paused 1ms+4ms, total 61ms
V/GAV3    ( 8968): Thread[main,5,main]: service connected, binder: android.os.BinderProxy@42031e30
V/GAV3    ( 8968): Thread[main,5,main]: bound to service
V/GAV3    ( 8968): Thread[main,5,main]: Connected to service
V/GAV3    ( 8968): Thread[main,5,main]: service connected, binder: android.os.BinderProxy@42031e30
V/GAV3    ( 8968): Thread[main,5,main]: bound to service
V/GAV3    ( 8968): Thread[main,5,main]: Connected to service
V/GAV3    ( 8968): Thread[main,5,main]: service connected, binder: android.os.BinderProxy@42031e30
V/GAV3    ( 8968): Thread[main,5,main]: bound to service
V/GAV3    ( 8968): Thread[main,5,main]: Connected to service
V/GAV3    ( 8968): Thread[main,5,main]: service connected, binder: android.os.BinderProxy@42031e30
V/GAV3    ( 8968): Thread[main,5,main]: bound to service
V/GAV3    ( 8968): Thread[main,5,main]: Connected to service
V/GAV3    ( 8968): Thread[main,5,main]: service connected, binder: android.os.BinderProxy@42031e30
V/GAV3    ( 8968): Thread[main,5,main]: bound to service
V/GAV3    ( 8968): Thread[main,5,main]: Connected to service
I/ActivityManager( 1025): Process com.google.android.gms.wearable (pid 12378) has died.
W/ActivityManager( 1025): Scheduling restart of crashed service com.google.android.gms/.wearable.service.WearableService in 1000ms
D/AuthorizationBluetoothService(31010): Received GmsCore event: Intent { act=com.google.android.gms.INITIALIZE flg=0x10 pkg=com.google.android.gms cmp=com.google.android.gms/.auth.be.proximity.authorization.bt.AuthorizationBluetoothService$AutoStarter }.
E/AuthorizationBluetoothService(31010): Proximity feature is not enabled.
I/ActivityManager( 1025): Process com.facebook.orca (pid 20725) has died.
W/ActivityManager( 1025): Scheduling restart of crashed service com.facebook.orca/com.facebook.push.mqtt.service.MqttPushService in 16000ms
V/GmsCoreStatsServiceLauncher(21548): Received broadcast intent Intent { act=com.google.android.gms.INITIALIZE flg=0x10 pkg=com.google.android.gms cmp=com.google.android.gms/.common.stats.GmsCoreStatsServiceLauncher }
I/ActivityManager( 1025): Start proc com.google.android.gms.wearable for service com.google.android.gms/.wearable.service.WearableService: pid=21690 uid=10022 gids={50022, 3003, 1007, 1028, 1015, 3002, 3001, 3007, 2001, 3006}
W/dalvikvm(21690): VFY: unable to resolve static field 658 (PR_SET_DUMPABLE) in Landroid/system/OsConstants;
D/dalvikvm(21690): VFY: replacing opcode 0x60 at 0x000b
I/MultiDex(21690): VM with version 1.6.0 does not have multidex support
I/MultiDex(21690): install
I/MultiDex(21690): MultiDexExtractor.load(/data/app/com.google.android.gms-1.apk, false)
I/MultiDex(21690): loading existing secondary dex files
I/MultiDex(21690): load found 3 secondary dex files
I/MultiDex(21690): install done
D/LocationInitializer(21548): Restart initialization of location
I/ProviderInstaller(21690): Insert disabled by gate 'gms:security:enable_conscrypt_in_gms_application'
D/GCM     (31010): GcmService start Intent { act=com.google.android.gms.INITIALIZE flg=0x10 pkg=com.google.android.gms cmp=com.google.android.gms/.gcm.GcmService } com.google.android.gms.INITIALIZE
I/dalvikvm(21690): Could not find method android.os.UserManager.getUserProfiles, referenced from method com.google.android.gms.wearable.service.aa.a
W/dalvikvm(21690): VFY: unable to resolve virtual method 1178: Landroid/os/UserManager;.getUserProfiles ()Ljava/util/List;
D/dalvikvm(21690): VFY: replacing opcode 0x6e at 0x0045
D/AuthorizationBluetoothService(31010): Received GmsCore event: Intent { act=com.google.android.gms.INITIALIZE flg=0x10 pkg=com.google.android.gms cmp=com.google.android.gms/.auth.be.proximity.authorization.bt.AuthorizationBluetoothService$AutoStarter }.
E/AuthorizationBluetoothService(31010): Proximity feature is not enabled.
V/GmsCoreStatsServiceLauncher(21548): Received broadcast intent Intent { act=com.google.android.gms.INITIALIZE flg=0x10 pkg=com.google.android.gms cmp=com.google.android.gms/.common.stats.GmsCoreStatsServiceLauncher }
D/LocationInitializer(21548): Restart initialization of location
D/dalvikvm(27213): GC_EXPLICIT freed 1073K, 44% free 11529K/20348K, paused 2ms+6ms, total 40ms
E/dalvikvm(21690): Could not find class 'android.telecom.TelecomManager', referenced from method com.google.android.gms.wearable.service.o.a
W/dalvikvm(21690): VFY: unable to resolve check-cast 461 (Landroid/telecom/TelecomManager;) in Lcom/google/android/gms/wearable/service/o;
D/dalvikvm(21690): VFY: replacing opcode 0x1f at 0x0056
W/dalvikvm(21690): VFY: unable to find class referenced in signature (Landroid/telecom/TelecomManager;)
I/dalvikvm(21690): Could not find method android.content.pm.PackageManager.getPackageInstaller, referenced from method com.google.android.gms.common.ff.a
W/dalvikvm(21690): VFY: unable to resolve virtual method 479: Landroid/content/pm/PackageManager;.getPackageInstaller ()Landroid/content/pm/PackageInstaller;
D/dalvikvm(21690): VFY: replacing opcode 0x6e at 0x000d
E/MDM     (31342): [421073] b.run: Couldn't connect to Google API client: ConnectionResult{statusCode=API_UNAVAILABLE, resolution=null}
E/MDM     (31342): [421073] b.run: Couldn't connect to Google API client: ConnectionResult{statusCode=API_UNAVAILABLE, resolution=null}
D/dalvikvm(27213): GC_EXPLICIT freed 725K, 44% free 11537K/20348K, paused 3ms+5ms, total 36ms
I/PackageManager( 1025): Adding preferred activity ComponentInfo{com.android.mms/com.android.mms.ui.ComposeMessageActivity} for user 0 :
