I/ActivityManager(  598): Start proc android.process.acore for content provider com.android.providers.contacts/.HtcContactsProvider2: pid=18196 uid=10018 gids={3003, 1015, 5002, 1028}
I/ActivityManager(  598): Recipient 18043
I/ActivityManager(  598): Process com.android.settings (pid 18043) has died.
I/ActivityManager(  598): Recipient 15951
I/ActivityManager(  598): Process com.orange.orangeetmoi (pid 15951) has died.
W/ActivityManager(  598): Scheduling restart of crashed service com.orange.orangeetmoi/.service.phonestate.RoamingPhoneStateService in 5000ms
I/ActivityManager(  598): Start proc com.vkontakte.android for broadcast com.vkontakte.android/.NetworkStateReceiver: pid=18228 uid=10172 gids={1006, 3003, 1015, 1028}
I/ActivityManager(  598): Recipient 18067
I/ActivityManager(  598): Process com.htc.cs.dm (pid 18067) has died.
I/ActivityManager(  598): Recipient 18087
I/ActivityManager(  598): Process com.google.android.apps.uploader (pid 18087) has died.
I/ActivityManager(  598): Recipient 18116
I/ActivityManager(  598): Process com.google.android.talk (pid 18116) has died.
D/Socket_Alarm(18228): registerHTCSocketMonitorCallBack
D/Socket_Alarm(18228): set mSocketMonitor
D/Socket_Alarm(18228): HTCSocketMonitorImpl::HTCSocketMonitorImpl
I/ActivityManager(  598): Start proc com.hailocab.consumer for broadcast com.hailocab.consumer/.receivers.ConnectivityReceiver: pid=18256 uid=10091 gids={3003, 3002, 3001, 1015, 1028}
D/Socket_Alarm(18256): registerHTCSocketMonitorCallBack
D/Socket_Alarm(18256): set mSocketMonitor
D/Socket_Alarm(18256): HTCSocketMonitorImpl::HTCSocketMonitorImpl
V/LocationManagerService(  598): getProviders
V/LocationManagerService(  598): getProviders
V/LocationManagerService(  598): getLastKnownLocation: gps
V/LocationManagerService(  598): getLastKnownLocation: network
V/LocationManagerService(  598): getLastKnownLocation: hybrid
V/LocationManagerService(  598): In requestLocationUpdates. provider passiveminTime: 1800000single shot: false Receiver: Receiver{4230c010 Intent PendingIntent{4230bce8: PendingIntentRecord{4230bc00 com.hailocab.consumer broadcastIntent}}}mUpdateRecords: {passive=UpdateRecord{42576a98 mProvider: passive mUid: 10091}}
V/LocationManagerService(  598): In requestLocationUpdatesLocked. provider: passive requiredPermissions: android.permission.ACCESS_FINE_LOCATION
I/LocationManagerService(  598): request passive (pid 18256) 1800000 0
V/LocationManagerService(  598): [LGPS] _requestLocationUpdates: enableLocationTracking(true)
D/LocationManagerService(  598): _requestLocationUpdates: provider = passive listener = Receiver{4230c010 Intent PendingIntent{4230bce8: PendingIntentRecord{4230bc00 com.hailocab.consumer broadcastIntent}}}mUpdateRecords: {passive=UpdateRecord{42516c18 mProvider: passive mUid: 10091}}
V/LocationManagerService(  598): getProviders
V/LocationManagerService(  598): getLastKnownLocation: network
V/LocationManagerService(  598): getLastKnownLocation: passive
V/LocationManagerService(  598): getLastKnownLocation: hybrid
I/ActivityManager(  598): Recipient 18145
I/ActivityManager(  598): Process com.google.android.apps.maps (pid 18145) has died.
I/ActivityManager(  598): Start proc org.coursera.android for broadcast org.coursera.android/org.coursera.core.legacy.network.CourkitNetworkObservable: pid=18314 uid=10057 gids={3003, 1015, 1028}
D/PowerManagerService(  598): acquireWakeLock(42d6b8f0): PARTIAL_WAKE_LOCK , tag=*net_scheduler*, flags=0x1, pid=30541, uid=10017, mUserState=0x0
D/PowerManagerService(  598): releaseWakeLock(42d6b8f0): PARTIAL_WAKE_LOCK , tag=*net_scheduler*, flags=0x1
D/webcoreglue(18256): netstack: Memory Cache feature is ON
D/HostStatisticManager(18256): netstack: DNS Host Prioritization is: ON, Version: 5.0.1
D/        (18256): dl error message Cannot load library: link_image[1891]:   252 could not load needed library 'libcneapiclient.so' for 'libtcpfinaggr.so' (load_library[1093]: Library 'libcneapiclient.so' not found)
D/Socket_Pool(18256): Failed to create TCP Fin Aggregation interface.
D/Socket_Pool(18256): netstack: CloseUnusedSockets is ON
D/Socket_Pool(18256): netstack: system net.statistics value: 0
D/Socket_Pool(18256): Failed to create TCP Fin Aggregation interface.
D/Socket_Pool(18256): netstack: CloseUnusedSockets is ON
D/Socket_Pool(18256): netstack: system net.statistics value: 0
D/        (18256): external/chromium/net/http/http_getzip_factory.cc: libgetzip.so successfully loaded
D/        (18256): external/chromium/net/http/http_getzip_factory.cc,: GETzip initializing method was found in libgetzip.so
D/        (18256): netstack: Getzip is: ON, Version: 5.0.1
D/Socket_Pool(18256): Failed to create TCP Fin Aggregation interface.
D/Socket_Pool(18256): netstack: CloseUnusedSockets is ON
D/Socket_Pool(18256): netstack: system net.statistics value: 0
D/Socket_Pool(18256): Failed to create TCP Fin Aggregation interface.
D/Socket_Pool(18256): netstack: CloseUnusedSockets is ON
D/Socket_Pool(18256): netstack: system net.statistics value: 0
I/ActivityManager(  598): Recipient 18191
I/ActivityManager(  598): Process com.rhmsoft.fm:crash.feedback (pid 18191) has died.
I/ActivityManager(  598): Recipient 18102
I/ActivityManager(  598): Process com.htc.reportagent (pid 18102) has died.
I/ActivityManager(  598): Recipient 18228
I/ActivityManager(  598): Process com.vkontakte.android (pid 18228) has died.
I/ActivityManager(  598): Recipient 18170
I/ActivityManager(  598): Process com.google.android.apps.plus (pid 18170) has died.
V/LocationManagerService(  598): getProviders
V/LocationManagerService(  598): getProviders
V/LocationManagerService(  598): getProviders
V/LocationManagerService(  598): getProviders
I/ActivityManager(  598): Recipient 18314
I/ActivityManager(  598): Process org.coursera.android (pid 18314) has died.
I/ActivityManager(  598): Start proc com.orange.orangeetmoi for service com.orange.orangeetmoi/.service.phonestate.RoamingPhoneStateService: pid=18369 uid=10130 gids={1015, 3003, 1028}
I/ActivityManager(  598): Recipient 18256
I/ActivityManager(  598): Process com.hailocab.consumer (pid 18256) has died.
I/ActivityManager(  598): Recipient 18196
I/ActivityManager(  598): Process android.process.acore (pid 18196) has died.
D/BatteryService(  598): updateBatteryStats: auto update.
D/PowerManagerService(  598): acquireWakeLock(42664358): PARTIAL_WAKE_LOCK , tag=BatteryServiceUpdateStats, flags=0x1, pid=598, uid=1000, mUserState=0x0
D/PowerManagerService(  598): releaseWakeLock(42664358): PARTIAL_WAKE_LOCK , tag=BatteryServiceUpdateStats, flags=0x1
D/BatteryService(  598): updateBatteryStats: update triggered by UEvent.
D/PowerManagerService(  598): acquireWakeLock(426393d0): PARTIAL_WAKE_LOCK , tag=BatteryServiceUpdateStats, flags=0x1, pid=598, uid=1000, mUserState=0x0
D/PowerUI (  820): closing low battery warning: level=99
D/PowerUI (  820): plugged = true, health = 2, mBatteryLevel = 99, mPluggedBatteryLevel = 81, mLowBatteryWarningLevel2 = 25, mshowLowChargingWarning2 = true
D/WifiService(  598): ACTION_BATTERY_CHANGED pluggedType: 2
D/NotificationService(  598): mIntentReceiver() Intent.ACTION_BATTERY_CHANGED
D/PowerManagerService(  598): runHtcPowerSaverCheck ======================================
D/PowerManagerService(  598): releaseWakeLock(426393d0): PARTIAL_WAKE_LOCK , tag=BatteryServiceUpdateStats, flags=0x1
I/ActivityManager(  598): Start proc com.htc.htcpowermanager:remote for broadcast com.htc.htcpowermanager/.powersaver.PowerSaverNotificationReceiver: pid=18388 uid=1000 gids={1015, 3002, 3001, 3003, 1028, 5006, 3007, 3006, 2001, 1007}
D/PowerManagerService(  598): acquireWakeLock(42524d30): PARTIAL_WAKE_LOCK , tag=AlarmManager, flags=0x1, pid=598, uid=1000, mUserState=0x0
V/AlarmManager(  598): sending alarm PendingIntent{4292fe50: PendingIntentRecord{4292fd10 com.htc.notes broadcastIntent}}, intent=com.htc.notes.ACTION_SYNC_ALL, type=RTC, count=1, when=1427057038449, repeateInterval=3600000
I/ActivityManager(  598): Start proc com.htc.notes:NotesService for broadcast com.htc.notes/.provider.notes.NotesReceiver: pid=18404 uid=9996 gids={3003, 1015, 1006, 2001, 1028}
D/PowerManagerService(  598): releaseWakeLock(42524d30): PARTIAL_WAKE_LOCK , tag=AlarmManager, flags=0x1
D/PowerManagerService(  598): acquireWakeLock(4242d740): PARTIAL_WAKE_LOCK , tag=AlarmManager, flags=0x1, pid=598, uid=1000, mUserState=0x0
V/AlarmManager(  598): sending alarm PendingIntent{41e71340: PendingIntentRecord{41e349f0 android broadcastIntent}}, intent=android.intent.action.TIME_TICK, type=RTC, count=1, when=1427053440000, repeateInterval=0
D/PowerManagerService(  598): releaseWakeLock(4242d740): PARTIAL_WAKE_LOCK , tag=AlarmManager, flags=0x1
D/PowerManagerService(  598): acquireWakeLock(423a2b40): PARTIAL_WAKE_LOCK , tag=AlarmManager, flags=0x1, pid=598, uid=1000, mUserState=0x0
V/AlarmManager(  598): sending alarm PendingIntent{425e92c8: PendingIntentRecord{426e7940 com.whatsapp broadcastIntent}}, intent=com.whatsapp.alarm.CLIENT_PING_TIMEOUT, type=ELAPSED_REALTIME_WAKEUP, count=1, when=248528083, repeateInterval=0
D/PowerManagerService(  598): releaseWakeLock(423a2b40): PARTIAL_WAKE_LOCK , tag=AlarmManager, flags=0x1
D/PowerManagerService(  598): acquireWakeLock(4223fe58): PARTIAL_WAKE_LOCK , tag=AlarmManager, flags=0x1, pid=598, uid=1000, mUserState=0x0
V/AlarmManager(  598): sending alarm PendingIntent{4292ef98: PendingIntentRecord{42838e78 com.google.android.gms broadcastIntent}}, intent=ALARM_WAKEUP244952876, type=ELAPSED_REALTIME_WAKEUP, count=1, when=248553552, repeateInterval=0
D/PowerManagerService(  598): releaseWakeLock(4223fe58): PARTIAL_WAKE_LOCK , tag=AlarmManager, flags=0x1
D/BatteryService(  598): updateBatteryStats: auto update.
D/PowerManagerService(  598): acquireWakeLock(421f7178): PARTIAL_WAKE_LOCK , tag=BatteryServiceUpdateStats, flags=0x1, pid=598, uid=1000, mUserState=0x0
D/PowerManagerService(  598): releaseWakeLock(421f7178): PARTIAL_WAKE_LOCK , tag=BatteryServiceUpdateStats, flags=0x1
D/BatteryService(  598): updateBatteryStats: update triggered by UEvent.
D/PowerManagerService(  598): acquireWakeLock(421ba448): PARTIAL_WAKE_LOCK , tag=BatteryServiceUpdateStats, flags=0x1, pid=598, uid=1000, mUserState=0x0
D/WifiService(  598): ACTION_BATTERY_CHANGED pluggedType: 2
D/NotificationService(  598): mIntentReceiver() Intent.ACTION_BATTERY_CHANGED
D/PowerManagerService(  598): runHtcPowerSaverCheck ======================================
D/PowerUI (  820): closing low battery warning: level=99
D/PowerUI (  820): plugged = true, health = 2, mBatteryLevel = 99, mPluggedBatteryLevel = 81, mLowBatteryWarningLevel2 = 25, mshowLowChargingWarning2 = true
D/PowerManagerService(  598): releaseWakeLock(421ba448): PARTIAL_WAKE_LOCK , tag=BatteryServiceUpdateStats, flags=0x1
D/PowerManagerService(  598): acquireWakeLock(4225ec20): PARTIAL_WAKE_LOCK , tag=AlarmManager, flags=0x1, pid=598, uid=1000, mUserState=0x0
V/AlarmManager(  598): sending alarm PendingIntent{41e71340: PendingIntentRecord{41e349f0 android broadcastIntent}}, intent=android.intent.action.TIME_TICK, type=RTC, count=1, when=1427053500000, repeateInterval=0
D/PowerManagerService(  598): releaseWakeLock(4225ec20): PARTIAL_WAKE_LOCK , tag=AlarmManager, flags=0x1
D/PowerManagerService(  598): acquireWakeLock(42918560): PARTIAL_WAKE_LOCK , tag=AlarmManager, flags=0x1, pid=598, uid=1000, mUserState=0x0
V/AlarmManager(  598): sending alarm PendingIntent{42860788: PendingIntentRecord{42564750 com.whatsapp broadcastIntent}}, intent=com.whatsapp.messaging.MessageService.CLIENT_PINGER_ACTION, type=ELAPSED_REALTIME_WAKEUP, count=1, when=248828769, repeateInterval=240000
D/PowerManagerService(  598): releaseWakeLock(42918560): PARTIAL_WAKE_LOCK , tag=AlarmManager, flags=0x1
W/ThrottleService(  598): unable to find stats for iface rmnet0
D/PowerManagerService(  598): acquireWakeLock(426e2f38): PARTIAL_WAKE_LOCK , tag=AlarmManager, flags=0x1, pid=598, uid=1000, mUserState=0x0
V/AlarmManager(  598): sending alarm PendingIntent{421282a8: PendingIntentRecord{42128270 android broadcastIntent}}, intent=com.android.server.ThrottleManager.action.POLL, type=ELAPSED_REALTIME, count=1, when=248591024, repeateInterval=0
D/PowerManagerService(  598): releaseWakeLock(426e2f38): PARTIAL_WAKE_LOCK , tag=AlarmManager, flags=0x1
D/PowerManagerService(  598): acquireWakeLock(4242c698): PARTIAL_WAKE_LOCK , tag=AlarmManager, flags=0x1, pid=598, uid=1000, mUserState=0x0
V/AlarmManager(  598): sending alarm PendingIntent{42772a40: PendingIntentRecord{42772038 com.whatsapp broadcastIntent}}, intent=com.whatsapp.alarm.CLIENT_PING_TIMEOUT, type=ELAPSED_REALTIME_WAKEUP, count=1, when=248620793, repeateInterval=0
D/PowerManagerService(  598): releaseWakeLock(4242c698): PARTIAL_WAKE_LOCK , tag=AlarmManager, flags=0x1
D/PowerManagerService(  598): acquireWakeLock(4235ca30): PARTIAL_WAKE_LOCK , tag=AlarmManager, flags=0x1, pid=598, uid=1000, mUserState=0x0
V/AlarmManager(  598): sending alarm PendingIntent{4254c9f0: PendingIntentRecord{42227ed8 com.htc.htcpowermanager broadcastIntent}}, intent=SMARTSYNC_DM_TURN_OFF_MOBILE_RETRY, type=RTC_WAKEUP, count=1, when=1427053540162, repeateInterval=0
D/Socket_Alarm(18388): registerHTCSocketMonitorCallBack
D/Socket_Alarm(18388): set mSocketMonitor
D/Socket_Alarm(18388): HTCSocketMonitorImpl::HTCSocketMonitorImpl
D/PowerManagerService(  598): releaseWakeLock(4235ca30): PARTIAL_WAKE_LOCK , tag=AlarmManager, flags=0x1
I/ActivityManager(  598): Start proc com.htc.android.mail:sync for service com.htc.android.mail/.mailservice.MailService: pid=18441 uid=10112 gids={3003, 1015, 1028}
D/PowerManagerService(  598): acquireWakeLock(42149a18): PARTIAL_WAKE_LOCK , tag=AlarmManager, flags=0x1, pid=598, uid=1000, mUserState=0x0
V/AlarmManager(  598): sending alarm PendingIntent{422cf400: PendingIntentRecord{42dc0438 com.htc.android.mail startService}}, intent=com.htc.android.mail.intent.action.MAIL_SERVICE_WAKEUP, type=ELAPSED_REALTIME_WAKEUP, count=1, when=248630971, repeateInterval=0
D/PowerManagerService(  598): releaseWakeLock(42149a18): PARTIAL_WAKE_LOCK , tag=AlarmManager, flags=0x1
D/PowerManagerService(  598): acquireWakeLock(41d4a460): PARTIAL_WAKE_LOCK , tag=MAILSERVICE_PWR_LOCK, flags=0x1, pid=18441, uid=10112, mUserState=0x0
D/PowerManagerService(  598): acquireWakeLock(41b99cd8): PARTIAL_WAKE_LOCK , tag=SyncLoopWakeLock, flags=0x1, pid=598, uid=1000, mUserState=0x0
D/Socket_Alarm(18441): registerHTCSocketMonitorCallBack
D/Socket_Alarm(18441): set mSocketMonitor
D/Socket_Alarm(18441): HTCSocketMonitorImpl::HTCSocketMonitorImpl
D/PowerManagerService(  598): releaseWakeLock(41d4a460): PARTIAL_WAKE_LOCK , tag=MAILSERVICE_PWR_LOCK, flags=0x1
D/PowerManagerService(  598): acquireWakeLock(426f5290): PARTIAL_WAKE_LOCK , tag=*sync*_mail_Account {name=ili****************m, type=com.htc.android.mail}, flags=0x1, pid=598, uid=1000, mUserState=0x0
D/PowerManagerService(  598): releaseWakeLock(41b99cd8): PARTIAL_WAKE_LOCK , tag=SyncLoopWakeLock, flags=0x1
D/PowerManagerService(  598): acquireWakeLock(4255dca8): PARTIAL_WAKE_LOCK , tag=SyncLoopWakeLock, flags=0x1, pid=598, uid=1000, mUserState=0x0
D/PowerManagerService(  598): releaseWakeLock(4255dca8): PARTIAL_WAKE_LOCK , tag=SyncLoopWakeLock, flags=0x1
D/WifiService(  598): acquireWifiLockLocked: WifiLock{EmailServiceController_WIFI_LOCK type=1 binder=android.os.BinderProxy@421502d8}
D/WifiService(  598): updateWifiState(): wifiApEnabled: false, wifiApAirplaneMode: falsegetWifiEnabledState(): 3, getWifiApEnabledState: 11
D/WifiService(  598): updateWifiState(): mAirplaneModeOn.get(): false, mPersistWifiState.get(): 1
D/WifiService(  598): updateWifiState(): mEmergencyCallbackMode: false, mDeviceIdle: false, lockHeld: true, mStopWifiRequested:false
D/WifiService(  598): updateWifiState(): enable and start wifi
D/PowerManagerService(  598): acquireWakeLock(42752e88): PARTIAL_WAKE_LOCK , tag=EmailServiceController_PWR_LOCK, flags=0x1, pid=18441, uid=10112, mUserState=0x0
D/BatteryService(  598): updateBatteryStats: auto update.
D/PowerManagerService(  598): acquireWakeLock(42682c70): PARTIAL_WAKE_LOCK , tag=BatteryServiceUpdateStats, flags=0x1, pid=598, uid=1000, mUserState=0x0
D/PowerManagerService(  598): releaseWakeLock(42682c70): PARTIAL_WAKE_LOCK , tag=BatteryServiceUpdateStats, flags=0x1
D/BatteryService(  598): updateBatteryStats: update triggered by UEvent.
D/PowerManagerService(  598): acquireWakeLock(42296c80): PARTIAL_WAKE_LOCK , tag=BatteryServiceUpdateStats, flags=0x1, pid=598, uid=1000, mUserState=0x0
D/WifiService(  598): ACTION_BATTERY_CHANGED pluggedType: 2
D/NotificationService(  598): mIntentReceiver() Intent.ACTION_BATTERY_CHANGED
D/PowerManagerService(  598): runHtcPowerSaverCheck ======================================
D/PowerUI (  820): closing low battery warning: level=99
D/PowerUI (  820): plugged = true, health = 2, mBatteryLevel = 99, mPluggedBatteryLevel = 81, mLowBatteryWarningLevel2 = 25, mshowLowChargingWarning2 = true
D/PowerManagerService(  598): releaseWakeLock(42296c80): PARTIAL_WAKE_LOCK , tag=BatteryServiceUpdateStats, flags=0x1
D/PowerManagerService(  598): acquireWakeLock(421cce18): PARTIAL_WAKE_LOCK , tag=SyncLoopWakeLock, flags=0x1, pid=598, uid=1000, mUserState=0x0
D/WifiService(  598): releaseWifiLockLocked: WifiLock{EmailServiceController_WIFI_LOCK type=1 binder=android.os.BinderProxy@421502d8}
D/WifiService(  598): updateWifiState(): wifiApEnabled: false, wifiApAirplaneMode: falsegetWifiEnabledState(): 3, getWifiApEnabledState: 11
D/WifiService(  598): updateWifiState(): mAirplaneModeOn.get(): false, mPersistWifiState.get(): 1
D/WifiService(  598): updateWifiState(): mEmergencyCallbackMode: false, mDeviceIdle: false, lockHeld: true, mStopWifiRequested:false
D/WifiService(  598): updateWifiState(): enable and start wifi
D/PowerManagerService(  598): releaseWakeLock(42752e88): PARTIAL_WAKE_LOCK , tag=EmailServiceController_PWR_LOCK, flags=0x1
D/PowerManagerService(  598): releaseWakeLock(426f5290): PARTIAL_WAKE_LOCK , tag=*sync*_mail_Account {name=ili****************m, type=com.htc.android.mail}, flags=0x1
D/PowerManagerService(  598): releaseWakeLock(421cce18): PARTIAL_WAKE_LOCK , tag=SyncLoopWakeLock, flags=0x1
D/PowerManagerService(  598): acquireWakeLock(4289c330): PARTIAL_WAKE_LOCK , tag=AlarmManager, flags=0x1, pid=598, uid=1000, mUserState=0x0
V/AlarmManager(  598): sending alarm PendingIntent{41e71340: PendingIntentRecord{41e349f0 android broadcastIntent}}, intent=android.intent.action.TIME_TICK, type=RTC, count=1, when=1427053560000, repeateInterval=0
D/PowerManagerService(  598): releaseWakeLock(4289c330): PARTIAL_WAKE_LOCK , tag=AlarmManager, flags=0x1
D/PowerManagerService(  598): acquireWakeLock(4221a708): PARTIAL_WAKE_LOCK , tag=AlarmManager, flags=0x1, pid=598, uid=1000, mUserState=0x0
D/PowerManagerService(  598): acquireWakeLock(420bd538): PARTIAL_WAKE_LOCK , tag=SyncManagerHandleSyncAlarm, flags=0x1, pid=598, uid=1000, mUserState=0x0
V/AlarmManager(  598): sending alarm PendingIntent{41f20578: PendingIntentRecord{41bca4f0 android broadcastIntent}}, intent=android.content.syncmanager.SYNC_ALARM, type=ELAPSED_REALTIME_WAKEUP, count=1, when=248661497, repeateInterval=0
D/PowerManagerService(  598): releaseWakeLock(4221a708): PARTIAL_WAKE_LOCK , tag=AlarmManager, flags=0x1
D/PowerManagerService(  598): acquireWakeLock(42c453b8): PARTIAL_WAKE_LOCK , tag=SyncLoopWakeLock, flags=0x1, pid=598, uid=1000, mUserState=0x0
D/PowerManagerService(  598): releaseWakeLock(420bd538): PARTIAL_WAKE_LOCK , tag=SyncManagerHandleSyncAlarm, flags=0x1
D/PowerManagerService(  598): releaseWakeLock(42c453b8): PARTIAL_WAKE_LOCK , tag=SyncLoopWakeLock, flags=0x1
D/PowerManagerService(  598): acquireWakeLock(41e666f0): PARTIAL_WAKE_LOCK , tag=AlarmManager, flags=0x1, pid=598, uid=1000, mUserState=0x0
V/AlarmManager(  598): sending alarm PendingIntent{426c4ce0: PendingIntentRecord{4252efb8 com.google.android.gms broadcastIntent}}, intent=com.google.android.intent.action.MCS_HEARTBEAT, type=ELAPSED_REALTIME_WAKEUP, count=1, when=248663223, repeateInterval=0
D/PowerManagerService(  598): acquireWakeLock(41b053d8): PARTIAL_WAKE_LOCK , tag=GCM_HB_ALARM, flags=0x1, pid=30541, uid=10017, mUserState=0x0
D/PowerManagerService(  598): releaseWakeLock(41b053d8): PARTIAL_WAKE_LOCK , tag=GCM_HB_ALARM, flags=0x1
D/PowerManagerService(  598): releaseWakeLock(41e666f0): PARTIAL_WAKE_LOCK , tag=AlarmManager, flags=0x1
D/PowerManagerService(  598): acquireWakeLock(42856f20): PARTIAL_WAKE_LOCK , tag=*net_scheduler*, flags=0x1, pid=30541, uid=10017, mUserState=0x0
D/PowerManagerService(  598): releaseWakeLock(42856f20): PARTIAL_WAKE_LOCK , tag=*net_scheduler*, flags=0x1
D/PowerManagerService(  598): acquireWakeLock(42743908): PARTIAL_WAKE_LOCK , tag=GCM_CONN, flags=0x1, pid=30541, uid=10017, mUserState=0x0
D/ConnectivityService(  598): reportInetCondition for net 1, percentage: 100 by 30541/10017
D/ConnectivityService(  598): handleInetConditionChange: net=1, condition=100,mActiveDefaultNetwork=1
D/ConnectivityService(  598): handleInetConditionChange: starting a change hold
D/PowerManagerService(  598): acquireWakeLock(426a8b28): PARTIAL_WAKE_LOCK , tag=*net_scheduler*, flags=0x1, pid=30541, uid=10017, mUserState=0x0
D/PowerManagerService(  598): releaseWakeLock(426a8b28): PARTIAL_WAKE_LOCK , tag=*net_scheduler*, flags=0x1
D/PowerManagerService(  598): releaseWakeLock(42743908): PARTIAL_WAKE_LOCK , tag=GCM_CONN, flags=0x1
D/ConnectivityService(  598): handleInetConditionHoldEnd: net=1, condition=100, published condition=100
D/ConnectivityService(  598): sendStickyBroadcast: action=android.net.conn.INET_CONDITION_ACTION
D/WIFI_ICON(  820): updateConnectivity: type=1 connected=true
D/StatusBar.NetworkController(  820): dumpState[hasService=true ServiceState=0 home 3 3 27202  EDGE CSS not supported -1 -1 RoamInd=-1 DefRoamInd=-1EriInd= -1EriMode= -1RadioPowerSv: false EmergOnly=false PhoneType: 1 IsCdma=false SimState=UNKNOWN GprsState=0 DataState=Disconnected DataActivity=NONE NetworkType=EDGE HtcModemLinkOn=false HspaDataDistinquishable=true]
D/StatusBar.NetworkController(  820): dumpIconState[dataVisible=false dataIconId=stat_sys_data_connected_e signalIconId=stat_sys_5signal_3 wifiVisible=true wifiIconId=stat_sys_wifi_signal_4 airplaneMode=false]
D/BatteryService(  598): updateBatteryStats: auto update.
D/PowerManagerService(  598): acquireWakeLock(42715e80): PARTIAL_WAKE_LOCK , tag=BatteryServiceUpdateStats, flags=0x1, pid=598, uid=1000, mUserState=0x0
D/PowerManagerService(  598): releaseWakeLock(42715e80): PARTIAL_WAKE_LOCK , tag=BatteryServiceUpdateStats, flags=0x1
D/BatteryService(  598): updateBatteryStats: update triggered by UEvent.
D/PowerManagerService(  598): acquireWakeLock(426c0fb8): PARTIAL_WAKE_LOCK , tag=BatteryServiceUpdateStats, flags=0x1, pid=598, uid=1000, mUserState=0x0
D/WifiService(  598): ACTION_BATTERY_CHANGED pluggedType: 2
D/NotificationService(  598): mIntentReceiver() Intent.ACTION_BATTERY_CHANGED
D/PowerManagerService(  598): runHtcPowerSaverCheck ======================================
D/PowerUI (  820): closing low battery warning: level=99
D/PowerUI (  820): plugged = true, health = 2, mBatteryLevel = 99, mPluggedBatteryLevel = 81, mLowBatteryWarningLevel2 = 25, mshowLowChargingWarning2 = true
D/PowerManagerService(  598): releaseWakeLock(426c0fb8): PARTIAL_WAKE_LOCK , tag=BatteryServiceUpdateStats, flags=0x1
D/PowerManagerService(  598): acquireWakeLock(426bddf8): PARTIAL_WAKE_LOCK , tag=AlarmManager, flags=0x1, pid=598, uid=1000, mUserState=0x0
V/AlarmManager(  598): sending alarm PendingIntent{41e71340: PendingIntentRecord{41e349f0 android broadcastIntent}}, intent=android.intent.action.TIME_TICK, type=RTC, count=1, when=1427053620000, repeateInterval=0
D/PowerManagerService(  598): releaseWakeLock(426bddf8): PARTIAL_WAKE_LOCK , tag=AlarmManager, flags=0x1
I/ActivityManager(  598): Start proc android.process.acore for content provider com.android.providers.contacts/.HtcContactsProvider2: pid=18480 uid=10018 gids={3003, 1015, 5002, 1028}
D/PowerManagerService(  598): acquireWakeLock(42606cd0): PARTIAL_WAKE_LOCK , tag=AudioOut_4, flags=0x1, pid=254, uid=1013, mUserState=0x0
D/PowerManagerService(  598): acquireWakeLock(426c1218): PARTIAL_WAKE_LOCK , tag=AudioOut_5, flags=0x1, pid=254, uid=1013, mUserState=0x0
D/PowerManagerService(  598): releaseWakeLock(426c1218): PARTIAL_WAKE_LOCK , tag=AudioOut_5, flags=0x1
D/PowerManagerService(  598): acquireWakeLock(42aeacd8): PARTIAL_WAKE_LOCK , tag=*vibrator*, flags=0x1, pid=598, uid=1000, mUserState=0x0
V/LightsService(  598): setLight #8: color=#c8c800
D/lights  (  598): set_color_led color=13158400, mode=255, off_min=0, off_sec=0
D/lights  (  598): [LedInfo] without indicator attribute, red:c80000, green:c800, blue:0
V/NotificationService(  598): Charging...
V/LightsService(  598): setLight #8: color=#c80000
D/lights  (  598): set_color_led color=13107200, mode=1, off_min=0, off_sec=0
D/lights  (  598): [LedInfo] without indicator attribute, red:c80000, green:0, blue:0
D/lights  (  598): [LedInfo] write attr ok name=/sys/class/leds/amber/brightness string=1,len=1
D/lights  (  598): [LedInfo] write attr ok name=/sys/class/leds/amber/blink string=0,len=1
D/lights  (  598): [LedInfo] write attr ok name=/sys/class/leds/amber/off_timer string=0 0,len=3
D/lights  (  598): [LedInfo] write attr ok name=/sys/class/leds/green/brightness string=0,len=1
D/lights  (  598): [LedInfo] write attr ok name=/sys/class/leds/green/blink string=0,len=1
D/lights  (  598): [LedInfo] write attr ok name=/sys/class/leds/green/off_timer string=0 0,len=3
D/PowerManagerService(  598): releaseWakeLock(42aeacd8): PARTIAL_WAKE_LOCK , tag=*vibrator*, flags=0x1
I/ActivityManager(  598): Recipient 16145
I/ActivityManager(  598): Process com.qualcomm.wiper (pid 16145) has died.
W/ActivityManager(  598): Scheduling restart of crashed service com.qualcomm.wiper/.Wiper in 5000ms
I/ActivityManager(  598): Recipient 16475
I/ActivityManager(  598): Process com.htc.resetnotify (pid 16475) has died.
W/ActivityManager(  598): Scheduling restart of crashed service com.htc.resetnotify/.ResetNotifyService in 14021ms
I/ActivityManager(  598): Recipient 18404
I/ActivityManager(  598): Process com.htc.notes:NotesService (pid 18404) has died.
I/ActivityManager(  598): Recipient 18388
I/ActivityManager(  598): Process com.htc.htcpowermanager:remote (pid 18388) has died.
I/ActivityManager(  598): Recipient 18441
I/ActivityManager(  598): Process com.htc.android.mail:sync (pid 18441) has died.
D/PowerManagerService(  598): releaseWakeLock(42606cd0): PARTIAL_WAKE_LOCK , tag=AudioOut_4, flags=0x1
I/ActivityManager(  598): Start proc com.qualcomm.wiper for service com.qualcomm.wiper/.Wiper: pid=18526 uid=10163 gids={3003, 1028}
I/ActivityManager(  598): Recipient 18480
I/ActivityManager(  598): Process android.process.acore (pid 18480) has died.
I/ActivityManager(  598): Start proc com.htc.resetnotify for service com.htc.resetnotify/.ResetNotifyService: pid=18539 uid=10063 gids={1007, 1028}
D/BatteryService(  598): updateBatteryStats: auto update.
D/PowerManagerService(  598): acquireWakeLock(42803e10): PARTIAL_WAKE_LOCK , tag=BatteryServiceUpdateStats, flags=0x1, pid=598, uid=1000, mUserState=0x0
D/PowerManagerService(  598): releaseWakeLock(42803e10): PARTIAL_WAKE_LOCK , tag=BatteryServiceUpdateStats, flags=0x1
D/PowerManagerService(  598): acquireWakeLock(423caaf0): PARTIAL_WAKE_LOCK , tag=AlarmManager, flags=0x1, pid=598, uid=1000, mUserState=0x0
V/AlarmManager(  598): sending alarm PendingIntent{41e71340: PendingIntentRecord{41e349f0 android broadcastIntent}}, intent=android.intent.action.TIME_TICK, type=RTC, count=1, when=1427053680000, repeateInterval=0
D/PowerManagerService(  598): releaseWakeLock(423caaf0): PARTIAL_WAKE_LOCK , tag=AlarmManager, flags=0x1
D/PowerManagerService(  598): acquireWakeLock(425eff70): PARTIAL_WAKE_LOCK , tag=keyguardWakeAndHandOff, flags=0x1, pid=598, uid=1000, mUserState=0x0
D/PowerManagerService(  598): nativeSetScreenState: on=true
D/PowerManagerService(  598): nativeSetScreenState: err=0
D/PowerManagerService(  598): button light setOrientation:-1
D/PowerManagerService(  598): acquireWakeLock(42397340): PARTIAL_WAKE_LOCK , tag=sleep_broadcast, flags=0x1, pid=598, uid=1000, mUserState=0x0
D/PowerManagerService(  598): acquireWakeLock(4265bcb8): FULL_WAKE_LOCK ACQUIRE_CAUSES_WAKEUP , tag=keyguard, flags=0x1000001a, pid=598, uid=1000, mUserState=0x0
D/PowerManagerService(  598): ALG=2, lsvalue=10(0th)->10(0th), last_level=0, lValue=64->64, bValue=255, kValue=0, mPowerState=0x3, mSkippedScreenOn=true, mInitialAnimation=false, immediate=false
V/LightsService(  598): setLight #2: color=#ffffffff
D/lights  (  598): set_light_buttons_func: on=16777215 brightness=255
V/LightsService(  598): setLight #1: color=#ff000000
D/PowerManagerService(  598): releaseWakeLock(425eff70): PARTIAL_WAKE_LOCK , tag=keyguardWakeAndHandOff, flags=0x1
D/PowerManagerService(  598): ActivityManagerNative.getDefault().wakingUp();
I/InputMethodManagerService(  598): screenObserver: isScreenOn=true
I/InputMethodManagerService(  598): Enable input method client.
D/PowerManagerService(  598): acquireWakeLock(422c9dd0): PARTIAL_WAKE_LOCK , tag=IdleScreen:command_15, flags=0x1, pid=899, uid=10102, mUserState=0x0
D/BatteryService(  598): updateBatteryStats: update triggered by UEvent.
D/PowerManagerService(  598): acquireWakeLock(4287b2b0): PARTIAL_WAKE_LOCK , tag=BatteryServiceUpdateStats, flags=0x1, pid=598, uid=1000, mUserState=0x0
D/PowerManagerService(  598): releaseWakeLock(4287b2b0): PARTIAL_WAKE_LOCK , tag=BatteryServiceUpdateStats, flags=0x1
D/PowerManagerService(  598): runHtcPowerSaverCheck ======================================
I/ActivityManager(  598): Start proc com.htc.htcpowermanager:remote for broadcast com.htc.htcpowermanager/.powersaver.PowerSaverNotificationReceiver: pid=18566 uid=1000 gids={1015, 3002, 3001, 3003, 1028, 5006, 3007, 3006, 2001, 1007}
I/WindowManager(  598): Lock screen displayed!
V/LightsService(  598): setLight #0: color=#ff7d7d7d
D/WifiService(  598): ACTION_BATTERY_CHANGED pluggedType: 2
D/NotificationService(  598): mIntentReceiver() Intent.ACTION_BATTERY_CHANGED
D/PowerUI (  820): closing low battery warning: level=99
D/PowerUI (  820): plugged = true, health = 2, mBatteryLevel = 99, mPluggedBatteryLevel = 81, mLowBatteryWarningLevel2 = 25, mshowLowChargingWarning2 = true
D/PowerManagerService(  598): releaseWakeLock(422c9dd0): PARTIAL_WAKE_LOCK , tag=IdleScreen:command_15, flags=0x1
D/AlarmManager(  598): ACTION_SCREEN_ON
D/WifiService(  598): ACTION_SCREEN_ON
D/PowerManagerService(  598): acquireWakeLock(4292c2c0): PARTIAL_WAKE_LOCK , tag=AlarmManager, flags=0x1, pid=598, uid=1000, mUserState=0x0
V/AlarmManager(  598): sending alarm PendingIntent{422f2288: PendingIntentRecord{422f21e8 android broadcastIntent}}, intent=com.android.server.WifiManager.action.UPDATE_WIFI_STATE, type=RTC_WAKEUP, count=1, when=1427053683518, repeateInterval=0
D/PowerManagerService(  598): acquireWakeLock(427ad638): PARTIAL_WAKE_LOCK , tag=RILJ, flags=0x1, pid=968, uid=1001, mUserState=0x0
D/WifiStateMachine(  598): fetchRssiAndLinkSpeedNative send RSSIChange intent, newSignalLevel =3mLastSignalLevel = -1
D/WIFI_ICON(  820): updateWifiState: action=android.net.wifi.RSSI_CHANGED newRssi=-44 freq=2412 newLevel=3 lastWifiLevel=3
D/StatusBar.NetworkController(  820): dumpIconState[dataVisible=false dataIconId=stat_sys_data_connected_e signalIconId=stat_sys_5signal_3 wifiVisible=true wifiIconId=stat_sys_wifi_signal_4 airplaneMode=false]
D/PowerManagerService(  598): acquireWakeLock(423ca4d8): PARTIAL_WAKE_LOCK , tag=GCoreFlp, flags=0x1, pid=12419, uid=10017, mUserState=0x0
D/PowerManagerService(  598): acquireWakeLock(42bdb8a8): PARTIAL_WAKE_LOCK , tag=Wakeful StateMachine: GeofencerStateMachine, flags=0x1, pid=12419, uid=10017, mUserState=0x0
D/PowerManagerService(  598): releaseWakeLock(42bdb8a8): PARTIAL_WAKE_LOCK , tag=Wakeful StateMachine: GeofencerStateMachine, flags=0x1
D/PowerManagerService(  598): releaseWakeLock(423ca4d8): PARTIAL_WAKE_LOCK , tag=GCoreFlp, flags=0x1
D/PowerManagerService(  598): releaseWakeLock(427ad638): PARTIAL_WAKE_LOCK , tag=RILJ, flags=0x1
D/PowerManagerService(  598): acquireWakeLock(42708910): PARTIAL_WAKE_LOCK , tag=NlpWakeLock, flags=0x1, pid=12419, uid=10017, mUserState=0x0
D/WifiService(  598): acquireWifiLockLocked: WifiLock{NlpWifiLock type=2 binder=android.os.BinderProxy@427b07f8}
D/WifiService(  598): updateWifiState(): wifiApEnabled: false, wifiApAirplaneMode: falsegetWifiEnabledState(): 3, getWifiApEnabledState: 11
D/WifiService(  598): updateWifiState(): mAirplaneModeOn.get(): false, mPersistWifiState.get(): 1
D/WifiService(  598): updateWifiState(): mEmergencyCallbackMode: false, mDeviceIdle: false, lockHeld: true, mStopWifiRequested:false
D/WifiService(  598): updateWifiState(): enable and start wifi
D/PowerManagerService(  598): releaseWakeLock(42397340): PARTIAL_WAKE_LOCK , tag=sleep_broadcast, flags=0x1
D/Socket_Alarm(18566): registerHTCSocketMonitorCallBack
D/Socket_Alarm(18566): set mSocketMonitor
D/Socket_Alarm(18566): HTCSocketMonitorImpl::HTCSocketMonitorImpl
D/PowerManagerService(  598): acquireWakeLock(4266cc28): PARTIAL_WAKE_LOCK , tag=RILJ, flags=0x1, pid=968, uid=1001, mUserState=0x0
D/PowerManagerService(  598): releaseWakeLock(4266cc28): PARTIAL_WAKE_LOCK , tag=RILJ, flags=0x1
D/PowerManagerService(  598): acquireWakeLock(420f8718): PARTIAL_WAKE_LOCK , tag=RILJ, flags=0x1, pid=968, uid=1001, mUserState=0x0
D/PowerManagerService(  598): releaseWakeLock(420f8718): PARTIAL_WAKE_LOCK , tag=RILJ, flags=0x1
D/WifiService(  598): Got ACTION_UPDATE_WIFI_STATE
D/WifiService(  598): updateWifiState(): wifiApEnabled: false, wifiApAirplaneMode: falsegetWifiEnabledState(): 3, getWifiApEnabledState: 11
D/WifiService(  598): updateWifiState(): mAirplaneModeOn.get(): false, mPersistWifiState.get(): 1
D/WifiService(  598): updateWifiState(): mEmergencyCallbackMode: false, mDeviceIdle: false, lockHeld: true, mStopWifiRequested:false
D/WifiService(  598): updateWifiState(): enable and start wifi
D/PowerManagerService(  598): releaseWakeLock(4292c2c0): PARTIAL_WAKE_LOCK , tag=AlarmManager, flags=0x1
V/LocationManagerService(  598): In requestLocationUpdates. provider passiveminTime: 5000single shot: false Receiver: Receiver{426d5260 Intent PendingIntent{420dc1a8: PendingIntentRecord{42805de0 com.htc.htclocationservice startService}}}mUpdateRecords: {passive=UpdateRecord{42f95748 mProvider: passive mUid: 10014}}
V/LocationManagerService(  598): In requestLocationUpdatesLocked. provider: passive requiredPermissions: android.permission.ACCESS_FINE_LOCATION
I/LocationManagerService(  598): request passive (pid 32324) 5000 0
V/LocationManagerService(  598): [LGPS] _requestLocationUpdates: enableLocationTracking(true)
D/LocationManagerService(  598): _requestLocationUpdates: provider = passive listener = Receiver{426d5260 Intent PendingIntent{420dc1a8: PendingIntentRecord{42805de0 com.htc.htclocationservice startService}}}mUpdateRecords: {passive=UpdateRecord{42740f58 mProvider: passive mUid: 10014}}
D/PowerManagerService(  598): acquireWakeLock(42d79540): PARTIAL_WAKE_LOCK , tag=NlpWakeLock, flags=0x1, pid=12419, uid=10017, mUserState=0x0
V/LocationManagerService(  598): In requestLocationUpdates. provider networkminTime: 1000single shot: false Listener: android.location.ILocationListener$Stub$Proxy@42c462d0
V/LocationManagerService(  598): In requestLocationUpdatesLocked. provider: network requiredPermissions: android.permission.ACCESS_COARSE_LOCATION
I/LocationManagerService(  598): request network (pid 32324) 1000 1000
V/LocationManagerService(  598): [LGPS] _requestLocationUpdates: enableLocationTracking(true)
D/LocationManagerService(  598): _requestLocationUpdates: provider = network listener = Receiver{42c16658 Listener android.os.BinderProxy@42aa4a58}mUpdateRecords: {network=UpdateRecord{42ce4b10 mProvider: network mUid: 10014}}
D/PowerManagerService(  598): acquireWakeLock(42cfa340): PARTIAL_WAKE_LOCK , tag=RingtonePlayer, flags=0x1, pid=820, uid=10216, mUserState=0x0
D/PowerManagerService(  598): releaseWakeLock(42d79540): PARTIAL_WAKE_LOCK , tag=NlpWakeLock, flags=0x1
D/PowerManagerService(  598): acquireWakeLock(42a2e780): PARTIAL_WAKE_LOCK , tag=GCoreFlp, flags=0x1, pid=12419, uid=10017, mUserState=0x0
D/PowerManagerService(  598): releaseWakeLock(42a2e780): PARTIAL_WAKE_LOCK , tag=GCoreFlp, flags=0x1
D/PowerManagerService(  598): acquireWakeLock(429c8a48): PARTIAL_WAKE_LOCK , tag=GCoreFlp, flags=0x1, pid=12419, uid=10017, mUserState=0x0
D/PowerManagerService(  598): acquireWakeLock(42933ab0): PARTIAL_WAKE_LOCK , tag=NlpWakeLock, flags=0x1, pid=12419, uid=10017, mUserState=0x0
V/LightsService(  598): setLight #8: color=#c8c800
D/lights  (  598): set_color_led color=13158400, mode=255, off_min=0, off_sec=0
D/lights  (  598): [LedInfo] without indicator attribute, red:c80000, green:c800, blue:0
V/NotificationService(  598): Charging...
V/LightsService(  598): setLight #8: color=#c80000
D/lights  (  598): set_color_led color=13107200, mode=1, off_min=0, off_sec=0
D/lights  (  598): [LedInfo] without indicator attribute, red:c80000, green:0, blue:0
D/lights  (  598): [LedInfo] write attr ok name=/sys/class/leds/amber/brightness string=1,len=1
D/lights  (  598): [LedInfo] write attr ok name=/sys/class/leds/amber/blink string=0,len=1
D/lights  (  598): [LedInfo] write attr ok name=/sys/class/leds/amber/off_timer string=0 0,len=3
D/lights  (  598): [LedInfo] write attr ok name=/sys/class/leds/green/brightness string=0,len=1
D/lights  (  598): [LedInfo] write attr ok name=/sys/class/leds/green/blink string=0,len=1
D/lights  (  598): [LedInfo] write attr ok name=/sys/class/leds/green/off_timer string=0 0,len=3
D/PowerManagerService(  598): releaseWakeLock(42cfa340): PARTIAL_WAKE_LOCK , tag=RingtonePlayer, flags=0x1
D/PowerManagerService(  598): releaseWakeLock(42933ab0): PARTIAL_WAKE_LOCK , tag=NlpWakeLock, flags=0x1
D/PowerManagerService(  598): acquireWakeLock(428392b8): PARTIAL_WAKE_LOCK , tag=GCoreFlp, flags=0x1, pid=12419, uid=10017, mUserState=0x0
D/PowerManagerService(  598): acquireWakeLock(427f00e8): SCREEN_BRIGHT_WAKE_LOCK ON_AFTER_RELEASE , tag=KEEP_SCREEN_ON_FLAG, flags=0x2000000a, pid=598, uid=1000, mUserState=0x0
D/PowerManagerService(  598): releaseWakeLock(428392b8): PARTIAL_WAKE_LOCK , tag=GCoreFlp, flags=0x1
D/PowerManagerService(  598): releaseWakeLock(429c8a48): PARTIAL_WAKE_LOCK , tag=GCoreFlp, flags=0x1
D/TELEPHONY_CALLBACK(  820): @onSignalStrengthChanged: SignalStrength: 9 -1 -1 -1 -1 -1 -1 -1 -1 -1 2147483647 -1 gsm|lte
D/StatusBar.NetworkController(  820): dumpState[hasService=true ServiceState=0 home 3 3 27202  EDGE CSS not supported -1 -1 RoamInd=-1 DefRoamInd=-1EriInd= -1EriMode= -1RadioPowerSv: false EmergOnly=false PhoneType: 1 IsCdma=false SimState=UNKNOWN GprsState=0 DataState=Disconnected DataActivity=NONE NetworkType=EDGE HtcModemLinkOn=false HspaDataDistinquishable=true]
D/SIGNAL_ICON(  820): updateTelephonySignalStrength
D/SIGNAL_ICON(  820): fakeui srv=0 mTimerEnabled=false asu=9
D/SIGNAL_ICON(  820): asu=9
D/SIGNAL_ICON(  820): SUPPORT_5_LEVEL_SIGNAL
D/SIGNAL_ICON(  820): mapTelephonySignalStrength
D/SIGNAL_ICON(  820): maxLevel=5 asu=9 networkType=EDGE
D/SIGNAL_ICON(  820): return iconLevel=3
D/StatusBar.NetworkController(  820): dumpIconState[dataVisible=false dataIconId=stat_sys_data_connected_e signalIconId=stat_sys_5signal_3 wifiVisible=true wifiIconId=stat_sys_wifi_signal_4 airplaneMode=false]
D/PhoneStatusBar(  820): disable: < expand icons alerts TICKER* system_info back home RECENT clock >
D/WifiService(  598): releaseWifiLockLocked: WifiLock{NlpWifiLock type=2 binder=android.os.BinderProxy@427b07f8}
D/WifiService(  598): updateWifiState(): wifiApEnabled: false, wifiApAirplaneMode: falsegetWifiEnabledState(): 3, getWifiApEnabledState: 11
D/WifiService(  598): updateWifiState(): mAirplaneModeOn.get(): false, mPersistWifiState.get(): 1
D/WifiService(  598): updateWifiState(): mEmergencyCallbackMode: false, mDeviceIdle: false, lockHeld: true, mStopWifiRequested:false
D/WifiService(  598): updateWifiState(): enable and start wifi
D/PowerManagerService(  598): releaseWakeLock(42708910): PARTIAL_WAKE_LOCK , tag=NlpWakeLock, flags=0x1
D/WifiStateMachine(  598): fetchRssiAndLinkSpeedNative send RSSIChange intent, SameSignalLevelCount =1
D/WIFI_ICON(  820): updateWifiState: action=android.net.wifi.RSSI_CHANGED newRssi=-53 freq=2412 newLevel=3 lastWifiLevel=3
D/StatusBar.NetworkController(  820): dumpIconState[dataVisible=false dataIconId=stat_sys_data_connected_e signalIconId=stat_sys_5signal_3 wifiVisible=true wifiIconId=stat_sys_wifi_signal_4 airplaneMode=false]
D/WifiStateMachine(  598): fetchRssiAndLinkSpeedNative send RSSIChange intent, SameSignalLevelCount =2
D/WIFI_ICON(  820): updateWifiState: action=android.net.wifi.RSSI_CHANGED newRssi=-56 freq=2412 newLevel=3 lastWifiLevel=3
D/StatusBar.NetworkController(  820): dumpIconState[dataVisible=false dataIconId=stat_sys_data_connected_e signalIconId=stat_sys_5signal_3 wifiVisible=true wifiIconId=stat_sys_wifi_signal_4 airplaneMode=false]
D/PowerManagerService(  598): acquireWakeLock(4278c7a8): CPU_MIN_FREQ , tag=WindowManager-ScreenRotation-Freq, flags=0x100, pid=598, uid=1000, mUserState=0x0
D/PowerManagerService(  598): acquireWakeLock(4277c0b8): CPU_MIN_NUM , tag=WindowManager-ScreenRotation-Num, flags=0x400, pid=598, uid=1000, mUserState=0x0
D/PowerManagerService(  598): acquireWakeLock(4253efb8): PARTIAL_WAKE_LOCK , tag=SCREEN_FROZEN, flags=0x1, pid=598, uid=1000, mUserState=0x0
I/ActivityManager(  598): Config changed: {1.0 272mcc2mnc en_FR sw360dp w360dp h614dp nrml long port finger -keyb/v/h -nav/h s.123 skin=default fontsize=3 hasNavBar=0}
W/CpuWake (  598): >>nativeAcquireCpuPerfWakeLock()
W/CpuWake (  598): <<nativeAcquireCpuPerfWakeLock()
I/ActivityManager(  598): START {Htcflg=0x1 cmp=com.whatsapp/.Conversations bnds=[0,190][540,285] u=0} from pid -1
W/ActivityManager(  598): startActivity called from non-Activity context; forcing Intent.FLAG_ACTIVITY_NEW_TASK for: Intent { Htcflg=0x1 cmp=com.whatsapp/.Conversations bnds=[0,190][540,285] }
D/PowerManagerService(  598): acquireWakeLock(423c5010): PARTIAL_WAKE_LOCK , tag=ActivityManager-Launch, flags=0x1, pid=598, uid=1000, mUserState=0x0
V/LightsService(  598): setLight #8: color=#c8c800
D/lights  (  598): set_color_led color=13158400, mode=255, off_min=0, off_sec=0
D/lights  (  598): [LedInfo] without indicator attribute, red:c80000, green:c800, blue:0
V/NotificationService(  598): Charging...
V/LightsService(  598): setLight #8: color=#c80000
D/lights  (  598): set_color_led color=13107200, mode=1, off_min=0, off_sec=0
D/lights  (  598): [LedInfo] without indicator attribute, red:c80000, green:0, blue:0
D/lights  (  598): [LedInfo] write attr ok name=/sys/class/leds/amber/brightness string=1,len=1
D/lights  (  598): [LedInfo] write attr ok name=/sys/class/leds/amber/blink string=0,len=1
D/lights  (  598): [LedInfo] write attr ok name=/sys/class/leds/amber/off_timer string=0 0,len=3
D/lights  (  598): [LedInfo] write attr ok name=/sys/class/leds/green/brightness string=0,len=1
D/lights  (  598): [LedInfo] write attr ok name=/sys/class/leds/green/blink string=0,len=1
D/lights  (  598): [LedInfo] write attr ok name=/sys/class/leds/green/off_timer string=0 0,len=3
D/CarrierLabel(  820): CarrierLabel mIntentReceiver : android.intent.action.CONFIGURATION_CHANGED
D/CarrierLabel(  820): updateResources()
W/CarrierLabel(  820): updateNetworkNameExt: mSimState = UNKNOWN
D/CarrierLabel(  820): updateNetworkName showSpn=false spn= showPlmn=true plmn=3
D/PhoneStatusBar(  820): disable: < expand icons alerts ticker* system_info back home RECENT clock >
D/PowerManagerService(  598): releaseWakeLock(4278c7a8): CPU_MIN_FREQ , tag=WindowManager-ScreenRotation-Freq, flags=0x100
D/PowerManagerService(  598): releaseWakeLock(4277c0b8): CPU_MIN_NUM , tag=WindowManager-ScreenRotation-Num, flags=0x400
I/ActivityManager(  598): Start proc android.process.acore for content provider com.android.providers.contacts/.HtcContactsProvider2: pid=18601 uid=10018 gids={3003, 1015, 5002, 1028}
D/PowerManagerService(  598): releaseWakeLock(4265bcb8): FULL_WAKE_LOCK ACQUIRE_CAUSES_WAKEUP , tag=keyguard, flags=0x1000001a
D/PhoneStatusBar(  820): disable: < expand icons alerts ticker system_info back home recent* clock >
D/PowerManagerService(  598): releaseWakeLock(4253efb8): PARTIAL_WAKE_LOCK , tag=SCREEN_FROZEN, flags=0x1
D/PowerManagerService(  598): acquireWakeLock(41ec7658): PARTIAL_WAKE_LOCK , tag=IdleScreen:command_15, flags=0x1, pid=899, uid=10102, mUserState=0x3
D/PowerManagerService(  598): acquireWakeLock(41e5cee0): PARTIAL_WAKE_LOCK , tag=IdleScreen_base:remote_15, flags=0x1, pid=899, uid=10102, mUserState=0x3
D/PowerManagerService(  598): acquireWakeLock(41e44498): PARTIAL_WAKE_LOCK , tag=IdleScreen:event_15, flags=0x1, pid=899, uid=10102, mUserState=0x3
D/PowerManagerService(  598): acquireWakeLock(41dce5f8): PARTIAL_WAKE_LOCK , tag=*net_scheduler*, flags=0x1, pid=30541, uid=10017, mUserState=0x3
D/PowerManagerService(  598): releaseWakeLock(41ec7658): PARTIAL_WAKE_LOCK , tag=IdleScreen:command_15, flags=0x1
D/PowerManagerService(  598): releaseWakeLock(41dce5f8): PARTIAL_WAKE_LOCK , tag=*net_scheduler*, flags=0x1
D/PowerManagerService(  598): releaseWakeLock(41e44498): PARTIAL_WAKE_LOCK , tag=IdleScreen:event_15, flags=0x1
D/PowerManagerService(  598): releaseWakeLock(41e5cee0): PARTIAL_WAKE_LOCK , tag=IdleScreen_base:remote_15, flags=0x1
I/ActivityManager(  598): Start proc nz.barees.android.cachesensedemo for broadcast nz.barees.android.cachesensedemo/.BootReceiver: pid=18620 uid=10175 gids={3003, 1015, 1006, 1028}
V/InputMethodManagerService(  598): unbindCurrentInputLocked: client = android.os.BinderProxy@420f1040
I/InputMethodManagerService(  598): Disable input method client.
V/InputMethodManagerService(  598): switching to client: client = android.os.BinderProxy@42100350
I/InputMethodManagerService(  598): Enable input method client.
D/PowerManagerService(  598): releaseWakeLock(423c5010): PARTIAL_WAKE_LOCK , tag=ActivityManager-Launch, flags=0x1
W/CpuWake (  598): >>nativeReleaseCpuPerfWakeLock()
W/CpuWake (  598): <<nativeReleaseCpuPerfWakeLock()
D/Socket_Alarm(18620): registerHTCSocketMonitorCallBack
D/Socket_Alarm(18620): set mSocketMonitor
D/Socket_Alarm(18620): HTCSocketMonitorImpl::HTCSocketMonitorImpl
D/PowerManagerService(  598): acquireWakeLock(4224ef48): PARTIAL_WAKE_LOCK , tag=AlarmManager, flags=0x1, pid=598, uid=1000, mUserState=0x3
V/AlarmManager(  598): sending alarm PendingIntent{422a0090: PendingIntentRecord{422a0058 nz.barees.android.cachesensedemo broadcastIntent}}, intent=null, type=RTC_WAKEUP, count=2378423, when=1427053800000, repeateInterval=600000
V/AlarmManager(  598): sending alarm PendingIntent{4227a0f0: PendingIntentRecord{422935c8 nz.barees.android.cachesensedemo broadcastIntent}}, intent=null, type=ELAPSED_REALTIME, count=18, when=259200000, repeateInterval=14400000
I/ActivityManager(  598): Start proc com.google.android.tts for service com.google.android.tts/.service.GoogleTTSService: pid=18648 uid=10039 gids={3003, 1015, 1028}
D/PowerManagerService(  598): acquireWakeLock(427152f0): PARTIAL_WAKE_LOCK , tag=wake:nz.barees.android.cachesensedemo/.WakefulSyncService, flags=0x1, pid=18620, uid=10175, mUserState=0x3
D/PowerManagerService(  598): releaseWakeLock(4224ef48): PARTIAL_WAKE_LOCK , tag=AlarmManager, flags=0x1
D/PowerManagerService(  598): acquireWakeLock(4241e498): PARTIAL_WAKE_LOCK , tag=CacheSenseWakelock, flags=0x1, pid=18620, uid=10175, mUserState=0x3
D/PowerManagerService(  598): releaseWakeLock(427152f0): PARTIAL_WAKE_LOCK , tag=wake:nz.barees.android.cachesensedemo/.WakefulSyncService, flags=0x1
D/PowerManagerService(  598): releaseWakeLock(4241e498): PARTIAL_WAKE_LOCK , tag=CacheSenseWakelock, flags=0x1
W/CpuWake (  598): >>nativeAcquireCpuPerfWakeLock()
W/CpuWake (  598): <<nativeAcquireCpuPerfWakeLock()
I/ActivityManager(  598): START {flg=0x14000000 cmp=com.whatsapp/.Conversation (has extras) u=0} from pid 13094
D/PowerManagerService(  598): acquireWakeLock(42aecd20): PARTIAL_WAKE_LOCK , tag=ActivityManager-Launch, flags=0x1, pid=598, uid=1000, mUserState=0x3
V/LightsService(  598): setLight #8: color=#c8c800
D/lights  (  598): set_color_led color=13158400, mode=255, off_min=0, off_sec=0
D/lights  (  598): [LedInfo] without indicator attribute, red:c80000, green:c800, blue:0
V/NotificationService(  598): Charging...
V/LightsService(  598): setLight #8: color=#c80000
D/lights  (  598): set_color_led color=13107200, mode=1, off_min=0, off_sec=0
D/lights  (  598): [LedInfo] without indicator attribute, red:c80000, green:0, blue:0
D/lights  (  598): [LedInfo] write attr ok name=/sys/class/leds/amber/brightness string=1,len=1
D/lights  (  598): [LedInfo] write attr ok name=/sys/class/leds/amber/blink string=0,len=1
D/lights  (  598): [LedInfo] write attr ok name=/sys/class/leds/amber/off_timer string=0 0,len=3
D/lights  (  598): [LedInfo] write attr ok name=/sys/class/leds/green/brightness string=0,len=1
D/lights  (  598): [LedInfo] write attr ok name=/sys/class/leds/green/blink string=0,len=1
D/lights  (  598): [LedInfo] write attr ok name=/sys/class/leds/green/off_timer string=0 0,len=3
W/CpuWake (  598): >>nativeReleaseCpuPerfWakeLock()
W/CpuWake (  598): <<nativeReleaseCpuPerfWakeLock()
I/ActivityManager(  598): Recipient 14561
I/WindowState(  598): WIN DEATH: Window{4279dbd0 com.rhmsoft.fm/com.rhmsoft.fm.FileManager paused=false}
I/ActivityManager(  598): Process com.rhmsoft.fm (pid 14561) has died.
W/PowerManagerService(  598): Can not get flags by lock
D/PowerManagerService(  598): releaseWakeLock(42aecd20): PARTIAL_WAKE_LOCK , tag=ActivityManager-Launch, flags=0x1
