I/SBar.NetworkController( 1119): refreshSignalCluster: mobile: Signal=zz_moto_stat_sys_signal_3_fully_wide Roaming=(none) mSimIconId=(none) Accessibility="Phone three bars.","Not roaming.",""
D/WifiStateMachine( 1025): handleMessage: E msg.what=151572
D/WifiStateMachine( 1025): processMsg: ConnectedState
D/WifiStateMachine( 1025): processMsg: L2ConnectedState
D/WifiStateMachine( 1025): handleMessage: X
D/WifiStateMachine( 1025): handleMessage: E msg.what=131155
D/WifiStateMachine( 1025): processMsg: ConnectedState
D/WifiStateMachine( 1025): processMsg: L2ConnectedState
D/WifiStateMachine( 1025): handleMessage: X
D/WifiStateMachine( 1025): handleMessage: E msg.what=151572
D/WifiStateMachine( 1025): processMsg: ConnectedState
D/WifiStateMachine( 1025): processMsg: L2ConnectedState
D/WifiStateMachine( 1025): handleMessage: X
D/WifiStateMachine( 1025): handleMessage: E msg.what=151572
D/WifiStateMachine( 1025): processMsg: ConnectedState
D/WifiStateMachine( 1025): processMsg: L2ConnectedState
D/WifiStateMachine( 1025): handleMessage: X
D/WifiStateMachine( 1025): handleMessage: E msg.what=151572
D/WifiStateMachine( 1025): processMsg: ConnectedState
D/WifiStateMachine( 1025): processMsg: L2ConnectedState
D/WifiStateMachine( 1025): handleMessage: X
D/Ulp_jni ( 1025): Location CB invoked
D/dalvikvm( 1316): GC_CONCURRENT freed 1957K, 47% free 9129K/17224K, paused 6ms+3ms, total 89ms
E/Sensors ( 1025): LightProxSensor: Prox value 100.000000
D/WifiStateMachine( 1025): handleMessage: E msg.what=131155
D/WifiStateMachine( 1025): processMsg: ConnectedState
D/WifiStateMachine( 1025): processMsg: L2ConnectedState
D/WifiStateMachine( 1025): handleMessage: X
D/SurfaceFlinger(  274): Screen acquired, type=0 flinger=0xb769f450
D/qdhwcomposer(  274): hwc_blank: Unblanking display: 0
D/WifiStateMachine( 1025): handleMessage: E msg.what=151572
D/WifiStateMachine( 1025): processMsg: ConnectedState
D/WifiStateMachine( 1025): processMsg: L2ConnectedState
D/WifiStateMachine( 1025): handleMessage: X
D/qdhwcomposer(  274): hwc_blank: Done unblanking display: 0
D/SurfaceControl( 1025): Excessive delay in unblankDisplay() while turning screen on: 182ms
I/SFPerfTracer(  274):      triggers: (rate: 1142:450684) (346459 sw vsyncs) (1058238 skipped) (0:3393485 vsyncs) (114:4254229)
I/SBar.NetworkController( 1119): onSignalStrengthsChanged SignalStrength: 12 0 -120 -160 -120 -1 -1 99 2147483647 2147483647 2147483647 2147483647 2147483647 gsm|lte 0 -108 -1 false 4 4 0 0 0 99 99 99 4 level=4
I/SBar.NetworkController( 1119): refreshSignalCluster: mobile: Signal=zz_moto_stat_sys_signal_4_fully_wide Roaming=(none) mSimIconId=(none) Accessibility="Phone signal full.","Not roaming.",""
I/InCall  (17181): ProximitySensor - ProximitySensor{keybrd=0, dpad=0, offhook=1, hor=1, ui=1, aud=EARPIECE}
I/InCall  (17181): ProximitySensor - turning on proximity sensor: already acquired
D/audio_hw_extn(  277): audio_extn_get_parameters: returns 
V/msm8974_platform(  277): platform_get_parameters: exit: returns - all_call_states=281022464:2,282857472:1,281026560:1,276836352:1,
I/str_params(  277): key: 'all_call_states' value: ''
D/audio_hw_extn(  277): audio_extn_get_parameters: returns 
V/msm8974_platform(  277): platform_get_parameters: exit: returns - all_call_states=281022464:2,282857472:1,281026560:1,276836352:1,
I/str_params(  277): key: 'all_call_states' value: ''
D/WifiStateMachine( 1025): handleMessage: E msg.what=151572
D/WifiStateMachine( 1025): processMsg: ConnectedState
D/WifiStateMachine( 1025): processMsg: L2ConnectedState
D/audio_hw_extn(  277): audio_extn_get_parameters: returns 
V/msm8974_platform(  277): platform_get_parameters: exit: returns - all_call_states=281022464:2,282857472:1,281026560:1,276836352:1,
I/str_params(  277): key: 'all_call_states' value: ''
D/audio_hw_extn(  277): audio_extn_get_parameters: returns 
V/msm8974_platform(  277): platform_get_parameters: exit: returns - all_call_states=281022464:2,282857472:1,281026560:1,276836352:1,
I/str_params(  277): key: 'all_call_states' value: ''
D/audio_hw_primary(  277): adev_set_parameters: enter: vsid=281022464;call_state=1
V/msm8974_platform(  277): platform_set_parameters: enter: call_state=1
V/msm8974_platform(  277): platform_set_parameters: exit with code(-2)
E/audio_a2dp_hw(  277): adev_set_parameters: ERROR: set param called even when stream out is null
I/MDMCTBK (  273): mot_update_VoiceCall_State new_count =0, curr_count=1
I/MDMCTBK (  273): get_property_value, Enter
I/MDMCTBK (  273): get_property_value, Values read from property=1,0,1,1,0,1,1,0,0,0,1,0, length=23
I/MDMCTBK (  273): get_property_value, Exit
I/MDMCTBK (  273): MdmCutbackHndler,UptateVoiceCallCount new_count=0, call_on= 1
I/MDMCTBK (  273): MdmCutbackHndler, setWifiCutback vc=0, dc=0, wf=1, mf=0, wfd=0
I/MDMCTBK (  273): set_property_value, Enter
I/MDMCTBK (  273): set_property_value, Values updated in the property=1,0,1,0,0,0,1,0,0,0,1,0
I/MDMCTBK (  273): set_property_value, Values updated in the property file Successfully
I/MDMCTBK (  273): set_property_value, Exit
I/MDMCTBK (  273): MdmCutbackHndler,setWifiCutback, Wifi_cbk_Used= 0, Wifi_band=2, p2p0 = 1, wlan0 = 1, data=0
I/MDMCTBK (  273): MdmCutbackHndler,WifiBand =2, MifiBand =-1, tx_pwr=19
I/MDMCTBK (  273): MdmCutbackHndler, set WIFI TX pwr !!
I/MDMCTBK (  273): checkDefaultInst, current pid is = 273
I/MDMCTBK (  273): checkDefaultInst, pid match
I/MDMCTBK (  273): get_property_value, Enter
I/MDMCTBK (  273): get_property_value, Values read from property=1,0,1,0,0,0,1,0,0,0,1,0, length=23
I/MDMCTBK (  273): get_property_value, Exit
I/MDMCTBK (  273): create_thread_wpa_supplicant: Started WPA thread for wifi_set_tx_pwr thread -1195034200
I/MDMCTBK (  273): return from set_get_from_wpa_supplicant
I/MDMCTBK (  273): MdmCutbackHndler Status: Qmi =1, cg=0, ep=1, vc=0, dc=0, cn=0, wf=1, mf=0, wfd=0, apm=0, usb=1, stopqmi=0
I/MDMCTBK (  273): set_property_value, Enter
I/MDMCTBK (  273): set_property_value, Values updated in the property=1,0,1,0,0,0,1,0,0,0,1,0
I/MDMCTBK (  273): set_property_value, Values updated in the property file Successfully
I/MDMCTBK (  273): set_property_value, Exit
I/MDMCTBK (  273): setSarCtrl:set SAR over QMI, conn:0, ep:1,wf:1, mf:0, chrg:1
I/MDMCTBK (  273): send SAR ctrl over QMI
D/MDMCTBK (  273): wifi_set_tx_pwr: SETTXPOWER = 19
E/MDMCTBK (  273): cmd: DRIVER SETTXPOWER 19, reply: OK
E/MDMCTBK (  273): , reply_len: 3, ret: 0
E/MDMCTBK (  273): MdmCutbackHndler, resp=OK
E/MDMCTBK (  273): 
D/MDMCTBK (  273): wifi_set_tx_pwr: Exit
D/WifiStateMachine( 1025): handleMessage: X
I/SBar.NetworkController( 1119): onCallStateChanged state=0
I/CallModeler( 1288): onDisconnect
W/RejectWithTextMessageManager( 1288): allowRespondViaSmsForCall: ringingCall not ringing! state = 9
D/Calling_Kpi_Debug( 1288): DTMFTonePlayer: ToneGenerator.release() takes 5 ms
D/CallHandlerServiceProxy( 1288): wakeUpScreen()
I/InCall  (17181): CallHandlerService - onDisconnected: Call{mCallId=44, mState=DISCONNECTED, mDisconnectCause=NORMAL, mCapabilities=18, mConnectTime=1429861124982, mChildCallIds=[], mGatewayNumber=null, mGatewayPackage=null, mIdentification=CallIdentification{mCallId=44, mNumber=xxxxxxxxxx, mNumberPresentation=1, mCnapName=null, mCnapNamePresentation=1, mOrgNumber=}, mAutoSimSelectLabel=null}
I/InCall  (17181): CallHandlerService - ON_DISCONNECT_CALL: Call{mCallId=44, mState=DISCONNECTED, mDisconnectCause=NORMAL, mCapabilities=18, mConnectTime=1429861124982, mChildCallIds=[], mGatewayNumber=null, mGatewayPackage=null, mIdentification=CallIdentification{mCallId=44, mNumber=xxxxxxxxxx, mNumberPresentation=1, mCnapName=null, mCnapNamePresentation=1, mOrgNumber=}, mAutoSimSelectLabel=null}
I/InCall  (17181): ProximitySensor - ProximitySensor{keybrd=0, dpad=0, offhook=1, hor=1, ui=1, aud=EARPIECE}
I/InCall  (17181): ProximitySensor - turning on proximity sensor: already acquired
I/InCall  (17181): InCallPresenter - Phone switching state: INCALL -> INCALL
I/InCall  (17181): CallCommandClient - isMoreThanOneSimActive
I/InCall  (17181): CallCommandClient - isMoreThanOneSimActive : false
I/InCall  (17181): CallCommandClient - isMoreThanOneSimActive
D/CallHandlerServiceProxy( 1288): Unbinding service.
D/CallNotifier( 1288): onDisconnect: cause = NORMAL, incoming = true, date = 1429861109117
I/InCall  (17181): CallCommandClient - isMoreThanOneSimActive : false
D/CallNotifier( 1288): SignalInfoTonePlayer.run(toneId = 98)...
D/CallNotifier( 1288): InCallTonePlayer.run(toneId = 4)...
E/HeadsetStateMachine(20410): terminateScoUsingVirtualVoiceCall:No present call to terminate
D/Calling_Kpi_Debug( 1288): CallModeler: onPhoneStateChanged: 
D/PhoneStatusBar( 1119): disable: < expand icons alerts* ticker system_info back home recent clock search >
D/Checkin ( 1288): publish the event [tag = MOT_CALL_STATS_L2 event name = CALL_END]
D/audio_hw_primary(  277): adev_set_mic_mute state 0
V/msm8974_platform(  277): Setting voice mute state: 0
E/BluetoothPhoneService( 1288): Could not get a handle on Connection object for the call
D/audio_hw_primary(  277): out_set_parameters: enter: usecase(1: low-latency-playback) kvpairs: routing=1
E/HeadsetStateMachine(20410): terminateScoUsingVirtualVoiceCall:No present call to terminate
D/Calling_Kpi_Debug( 1288): CallModeler: onPhoneStateChanged: 
D/audio_hw_primary(  277): adev_set_mic_mute state 0
V/msm8974_platform(  277): Setting voice mute state: 0
E/BluetoothPhoneService( 1288): Could not get a handle on Connection object for the call
I/InCall  (17181): CallHandlerService - onUnbind
I/InCall  (17181): CallHandlerService - onDestroy
D/audio_hw_primary(  277): select_devices: out_snd_device(6: voice-handset) in_snd_device(0: )
D/hardware_info(  277): hw_info_append_hw_type : device_name = voice-handset
I/InCall  (17181): CallHandlerService - doStop
I/Babel   (17363): Creating RTCS
I/InCall  (17181): InCallPresenter - Phone switching state: INCALL -> INCALL
I/InCall  (17181): CallCommandClient - isMoreThanOneSimActive
I/InCall  (17181): CallCommandClient - isMoreThanOneSimActive : false
I/InCall  (17181): CallCommandClient - isMoreThanOneSimActive
I/InCall  (17181): CallCommandClient - isMoreThanOneSimActive : false
I/InCall  (17181): InCallPresenter - attemptCleanup? false
I/Babel   (17363): Destroying RTCS
D/audio_hw_primary(  277): adev_set_mode mode 0
D/audio_hw_primary(  277): out_set_parameters: enter: usecase(1: low-latency-playback) kvpairs: routing=1
D/audio_hw_primary(  277): out_set_parameters: enter: usecase(0: deep-buffer-playback) kvpairs: routing=1
D/voice_extn(  277): voice_extn_stop_call: end all calls
D/voice_extn(  277): update_calls: enter:
D/voice_extn(  277): update_calls: cur_state=2 new_state=1 vsid=10c01000
D/voice_extn(  277): update_calls: ACTIVE/HOLD/LOCAL_HOLD -> INACTIVE vsid:10c01000
D/voice   (  277): stop_call: enter usecase:voice-call
I/MDMCTBK (  273): mot_cutback_handle_data_from_socket: Received 2 bytes from client: 30
I/MDMCTBK (  273): mot_cutback_handle_data_from_socket: ep_valid=1
I/MDMCTBK (  273): mot_cutback_handle_data_from_socket: Earpiece status is 0
I/MDMCTBK (  273): mot_update_Earpiece_state earpiece  State =0
I/MDMCTBK (  273): checkDefaultInst, current pid is = 273
I/MDMCTBK (  273): checkDefaultInst, pid match
I/MDMCTBK (  273): get_property_value, Enter
I/MDMCTBK (  273): get_property_value, Values read from property=1,0,1,0,0,0,1,0,0,0,1,0, length=23
I/MDMCTBK (  273): get_property_value, Exit
I/MDMCTBK (  273): MdmCutbackHndler,UpdateEarpieceState new_state=0, old_state = 1
I/MDMCTBK (  273): MdmCutbackHndler Status: Qmi =1, cg=0, ep=0, vc=0, dc=0, cn=0, wf=1, mf=0, wfd=0, apm=0, usb=1, stopqmi=0
I/MDMCTBK (  273): set_property_value, Enter
I/MDMCTBK (  273): set_property_value, Values updated in the property=1,0,0,0,0,0,1,0,0,0,1,0
D/msm8974_platform(  277): earpiece status 0 sent to cutback
I/MDMCTBK (  273): set_property_value, Values updated in the property file Successfully
I/MDMCTBK (  273): set_property_value, Exit
I/MDMCTBK (  273): setSarCtrl:set SAR over QMI, conn:0, ep:0,wf:1, mf:0, chrg:1
I/MDMCTBK (  273): send SAR ctrl over QMI
I/MDMCTBK (  273): mot_cutback_select: exit
I/MDMCTBK (  273): mot_cutback_select: entry
D/hardware_info(  277): hw_info_append_hw_type : device_name = voice-handset
D/hardware_info(  277): hw_info_append_hw_type : device_name = voice-dmic-ef
I/listen_hal_loader(  277): audio_extn_listen_update_status(): start listen. current active device = voice-dmic-ef. Event = 0
V/listen_hw(  277): listen_hw_notify_event: Enter. event = 0
V/listen_hw(  277): handle_notify_event: Enter. event type = capture is Not active
V/listen_hw(  277): handle_notify_event: mad disabled. nothing to do = 0
D/voice   (  277): stop_call: exit: status(0)
D/voice_extn(  277): update_calls: cur_state=1 new_state=1 vsid=10dc1000
D/voice_extn(  277): update_calls: cur_state=1 new_state=1 vsid=10c02000
D/voice_extn(  277): update_calls: cur_state=1 new_state=1 vsid=10803000
D/audio_hw_extn(  277): audio_extn_set_anc_parameters: anc_enabled:0
V/listen_hw(  277): listen_hw_set_parameters: Enter, kvpairs = routing=1 
V/listen_hw(  277): handle_set_parameters: Enter kvpairs=routing=1.
V/listen_hw(  277): handle_set_parameters: Exit
V/listen_hw(  277): listen_hw_set_parameters: Exit, ret=0
I/Babel   (17363): Creating RTCS
I/Babel   (17363): Destroying RTCS
D/audio_hw_primary(  277): out_set_parameters: enter: usecase(0: deep-buffer-playback) kvpairs: fm_volume=0.2537541091
D/audio_hw_extn(  277): audio_extn_set_anc_parameters: anc_enabled:0
D/audio_hw_fm(  277): audio_extn_fm_set_parameters: set_fm_volume usecase
D/audio_hw_fm(  277): fm_set_volume: (0.253754)
V/listen_hw(  277): listen_hw_set_parameters: Enter, kvpairs = fm_volume=0.2537541091 
V/listen_hw(  277): handle_set_parameters: Enter kvpairs=fm_volume=0.2537541091.
V/listen_hw(  277): handle_set_parameters: Exit
V/listen_hw(  277): listen_hw_set_parameters: Exit, ret=0
D/audio_hw_primary(  277): out_set_parameters: enter: usecase(0: deep-buffer-playback) kvpairs: routing=1
D/audio_hw_extn(  277): audio_extn_set_anc_parameters: anc_enabled:0
V/listen_hw(  277): listen_hw_set_parameters: Enter, kvpairs = routing=1 
V/listen_hw(  277): handle_set_parameters: Enter kvpairs=routing=1.
V/listen_hw(  277): handle_set_parameters: Exit
V/listen_hw(  277): listen_hw_set_parameters: Exit, ret=0
D/audio_hw_primary(  277): out_set_parameters: enter: usecase(1: low-latency-playback) kvpairs: routing=1
V/msm8974_platform(  277): platform_get_output_snd_device: enter: output devices(0x1)
V/msm8974_platform(  277): platform_get_output_snd_device: exit: snd_device(handset)
D/audio_hw_primary(  277): select_devices: out_snd_device(1: handset) in_snd_device(0: )
D/hardware_info(  277): hw_info_append_hw_type : device_name = voice-handset
D/hardware_info(  277): hw_info_append_hw_type : device_name = handset
V/msm8974_platform(  277): platform_send_audio_calibration: sending audio calibration for snd_device(1) acdb_id(7)
I/MediaFocusControl( 1025):  AudioFocus  abandonAudioFocus() from AudioFocus_For_Phone_Ring_And_Calls
V/Avrcp   (20410): New genId = 310, clearing = 1
V/Avrcp   (20410): position=3890232284
V/Avrcp   (20410): mCurrentPosMs=3890232284, mPlayStartTimeMs=-1, position=3890232284
D/WifiStateMachine( 1025): handleMessage: E msg.what=151572
D/WifiStateMachine( 1025): processMsg: ConnectedState
D/WifiStateMachine( 1025): processMsg: L2ConnectedState
D/WifiStateMachine( 1025): handleMessage: X
D/dalvikvm(15327): GC_FOR_ALLOC freed 982K, 22% free 13487K/17224K, paused 35ms, total 35ms
D/WifiStateMachine( 1025): handleMessage: E msg.what=131155
D/WifiStateMachine( 1025): processMsg: ConnectedState
D/WifiStateMachine( 1025): processMsg: L2ConnectedState
D/WifiStateMachine( 1025): handleMessage: X
D/dalvikvm(16609): GC_CONCURRENT freed 6594K, 39% free 10537K/17224K, paused 4ms+3ms, total 37ms
D/dalvikvm(16609): WAIT_FOR_CONCURRENT_GC blocked 34ms
D/WifiStateMachine( 1025): handleMessage: E msg.what=151572
D/WifiStateMachine( 1025): processMsg: ConnectedState
D/WifiStateMachine( 1025): processMsg: L2ConnectedState
D/WifiStateMachine( 1025): handleMessage: X
I/InCall  (17181): InCallPresenter - Hide in call UI: true
I/InCall  (17181): InCallActivity - finish().  Dialog showing: false
I/InCall  (17181): InCallPresenter - attemptCleanup? false
I/InCall  (17181): InCallPresenter - Phone switching state: INCALL -> NO_CALLS
W/ContextImpl( 1295): Calling a method in the system process without a qualified user: android.app.ContextImpl.sendBroadcast:1252 android.content.ContextWrapper.sendBroadcast:365 com.motorola.motocare.util.TriggerHelper$TriggerBuilder.send:76 com.motorola.motocare.internal.frameworkevents.PauseResumeTrigger.handleFrameworkEvent:53 com.motorola.motocare.internal.frameworkevents.FwEventMonitor$FrameworkListener.processFrameworkEvent:114 
I/InCall  (17181): CallCommandClient - isMoreThanOneSimActive
I/InCall  (17181): CallCommandClient - isMoreThanOneSimActive : false
I/InCall  (17181): CallCommandClient - isMoreThanOneSimActive
I/InCall  (17181): CallCommandClient - isMoreThanOneSimActive : false
D/Sensors ( 1025): AccelerationSensor: set delay 200
I/InCall  (17181): ProximitySensor - ProximitySensor{keybrd=0, dpad=0, offhook=0, hor=0, ui=1, aud=EARPIECE}
I/InCall  (17181): ProximitySensor - turning off proximity sensor: releasing
D/Calling_Kpi_Debug(17181): InCallActivity -  :onPause()... enter this = com.android.incallui.InCallActivity@420e7f30
I/InCall  (17181): ProximitySensor - ProximitySensor{keybrd=0, dpad=0, offhook=0, hor=0, ui=0, aud=EARPIECE}
I/InCall  (17181): ProximitySensor - turning off proximity sensor: already released
D/Calling_Kpi_Debug(17181): InCallActivity -  :onPause()... exit
I/ActivityManager( 1025): Start proc co.giftmeapp.gift_me for activity co.giftmeapp.gift_me/.GiftMe: pid=17590 uid=10155 gids={50155, 3003, 1028, 1015}
D/Calling_Kpi_Debug(17181): InCallActivity -  :onWindowFocusChanged(): enter: hasFocuse = false
D/Calling_Kpi_Debug(17181): InCallActivity -  :onWindowFocusChanged(): exit
I/dalvikvm(17590): Enabling JNI app bug workarounds for target SDK version 7...
W/ContextImpl( 1295): Calling a method in the system process without a qualified user: android.app.ContextImpl.sendBroadcast:1252 android.content.ContextWrapper.sendBroadcast:365 com.motorola.motocare.util.TriggerHelper$TriggerBuilder.send:76 com.motorola.motocare.internal.frameworkevents.PauseResumeTrigger.handleFrameworkEvent:53 com.motorola.motocare.internal.frameworkevents.FwEventMonitor$FrameworkListener.processFrameworkEvent:114 
V/PhoneStatusBar( 1119): setLightsOn(true)
I/CordovaLog(17590): Changing log level to DEBUG(3)
D/CordovaActivity(17590): CordovaActivity.init()
I/dalvikvm(17590): Could not find method android.webkit.CookieManager.setAcceptThirdPartyCookies, referenced from method org.apache.cordova.CordovaWebView.initWebViewSettings
W/dalvikvm(17590): VFY: unable to resolve virtual method 6387: Landroid/webkit/CookieManager;.setAcceptThirdPartyCookies (Landroid/webkit/WebView;Z)V
D/dalvikvm(17590): VFY: replacing opcode 0x6e at 0x002a
V/WebViewChromiumFactoryProvider(17590): Binding Chromium to main looper Looper (main, tid 1) {41fa6770}
I/LibraryLoader(17590): Expected native library version number "",actual native library version number ""
I/chromium(17590): [INFO:library_loader_hooks.cc(116)] Chromium logging enabled: level = 0, default verbosity = 0
I/BrowserStartupController(17590): Initializing chromium process, renderers=0
E/AudioManagerAndroid(17590): BLUETOOTH permission is missing!
I/Adreno-EGL(17590): <qeglDrvAPI_eglInitialize:410>: EGL 1.4 QUALCOMM build: AU_LINUX_ANDROID_LNX.LA.3.5.1_RB1.04.04.02.048.018_msm8226_LNX.LA.3.5.1_RB1__release_AU ()
I/Adreno-EGL(17590): OpenGL ES Shader Compiler Version: E031.24.00.08
I/Adreno-EGL(17590): Build Date: 03/07/14 Fri
I/Adreno-EGL(17590): Local Branch: 
I/Adreno-EGL(17590): Remote Branch: quic/LNX.LA.3.5.1_RB1.1
I/Adreno-EGL(17590): Local Patches: NONE
I/Adreno-EGL(17590): Reconstruct Branch: AU_LINUX_ANDROID_LNX.LA.3.5.1_RB1.04.04.02.048.018 + f2fd134 +  NOTHING
W/chromium(17590): [WARNING:proxy_service.cc(890)] PAC support disabled because there is no system implementation
D/CordovaActivity(17590): CordovaActivity.createViews()
W/dalvikvm(17590): VFY: unable to find class referenced in signature (Landroid/webkit/ClientCertRequest;)
W/dalvikvm(17590): VFY: unable to find class referenced in signature (Landroid/webkit/ClientCertRequest;)
I/dalvikvm(17590): Could not find method android.webkit.WebViewClient.onReceivedClientCertRequest, referenced from method org.apache.cordova.CordovaWebViewClient.onReceivedClientCertRequest
W/dalvikvm(17590): VFY: unable to resolve virtual method 6462: Landroid/webkit/WebViewClient;.onReceivedClientCertRequest (Landroid/webkit/WebView;Landroid/webkit/ClientCertRequest;)V
D/dalvikvm(17590): VFY: replacing opcode 0x6f at 0x001c
I/dalvikvm(17590): Could not find method android.webkit.WebChromeClient$FileChooserParams.createIntent, referenced from method org.apache.cordova.CordovaChromeClient.onShowFileChooser
W/dalvikvm(17590): VFY: unable to resolve virtual method 6406: Landroid/webkit/WebChromeClient$FileChooserParams;.createIntent ()Landroid/content/Intent;
D/dalvikvm(17590): VFY: replacing opcode 0x6e at 0x0000
D/PluginManager(17590): init()
D/CordovaWebView(17590): CordovaWebView is running on device made by: motorola
D/CordovaWebView(17590): >>> loadUrl(file:///android_asset/www/index.html)
D/CordovaWebView(17590): >>> loadUrlNow()
D/CordovaActivity(17590): Resuming the App
V/AlarmManager( 1025): sending alarm Alarm{43253890 type 2 com.facebook.katana}
V/AlarmManager( 1025): sending alarm Alarm{4324b8a0 type 3 com.devexpert.weather}
W/paypal.sdk(17590): PayPalService created. PayPalSDK/PayPal-Android-SDK 2.8.8 (Android 4.4.4; motorola XT1039; )
I/SFPerfTracer(  274):      triggers: (rate: 1272:50679) (compose: 0:256) (post: 0:21) (render: 90:10668) (11:797995 frames) (12:3356527)
D/SFPerfTracer(  274):        layers: (4:11) (DimLayer: 0:158)* (DimLayer: 0:142)* (FocusedStackFrame: 1:22432)* (StatusBar: 0:269241) (NavigationBar: 1:207343) (DimLayer: 0:26000)* (DimLayer: 1:4917) (com.android.wallpaper.fall.FallWallpaper: 0:1410)* (Keyguard: 0:93)* (com.android.dialer/com.android.incallui.InCallActivity: 11:864) (Starting co.giftmeapp.gift_me: 1:3)* 
I/dalvikvm(17590): Could not find method com.google.android.gms.common.GooglePlayServicesUtil.isGooglePlayServicesAvailable, referenced from method com.paypal.android.sdk.bA.a
W/dalvikvm(17590): VFY: unable to resolve static method 9706: Lcom/google/android/gms/common/GooglePlayServicesUtil;.isGooglePlayServicesAvailable (Landroid/content/Context;)I
D/dalvikvm(17590): VFY: replacing opcode 0x71 at 0x0006
I/ActivityManager( 1025): Process com.devexpert.weather (pid 17500) has died.
D/AudioManagerAndroid(17590): ==> onReceive: s=0, m=1, n=h2w, sb=true
D/AudioManagerAndroid(17590): reportUpdate: state=0, devices=[Speakerphone, Headset earpiece]
I/Choreographer(17590): Skipped 34 frames!  The application may be doing too much work on its main thread.
D/SoftKeyboardDetect(17590): Ignore this event
I/SFPerfTracer(  274):      triggers: (rate: 1142:450684) (346459 sw vsyncs) (1058238 skipped) (61:3393579 vsyncs) (63:4254336)
D/OpenGLRenderer(17590): Enabling debug mode 0
D/WifiStateMachine( 1025): handleMessage: E msg.what=151572
D/WifiStateMachine( 1025): processMsg: ConnectedState
D/WifiStateMachine( 1025): processMsg: L2ConnectedState
D/WifiStateMachine( 1025): handleMessage: X
D/SoftKeyboardDetect(17590): Ignore this event
I/ActivityManager( 1025): Displayed co.giftmeapp.gift_me/.GiftMe: +963ms
D/dalvikvm( 3392): GC_CONCURRENT freed 2154K, 33% free 11711K/17228K, paused 3ms+3ms, total 60ms
D/dalvikvm( 3392): WAIT_FOR_CONCURRENT_GC blocked 21ms
D/CordovaWebViewClient(17590): onPageStarted(file:///android_asset/www/index.html)
D/CordovaActivity(17590): onMessage(onPageStarted,file:///android_asset/www/index.html)
I/InCall  (17181): InCallPresenter - UI Destroyed)
I/InCall  (17181): InCallPresenter - Phone switching state: NO_CALLS -> NO_CALLS
I/InCall  (17181): InCallPresenter - attemptCleanup? true
D/hardware_info(  277): hw_info_append_hw_type : device_name = handset
D/JsMessageQueue(17590): Set native->JS mode to OnlineEventsBridgeMode
D/CordovaLog(17590): https://js.stripe.com/v2/: Line 2 : You are using Stripe.js in live mode over an insecure connection. This is considered unsafe. Please conduct live requests only on sites served over https. For more info, see https://stripe.com/help/ssl
I/chromium(17590): [INFO:CONSOLE(2)] "You are using Stripe.js in live mode over an insecure connection. This is considered unsafe. Please conduct live requests only on sites served over https. For more info, see https://stripe.com/help/ssl", source: https://js.stripe.com/v2/ (2)
I/App     (17590): WARNING: Back Button Default Behavior will be overridden.  The backbutton event will be fired!
D/CordovaLog(17590): file:///android_asset/www/js/app.js: Line 24 : Service initialized
I/chromium(17590): [INFO:CONSOLE(24)] "Service initialized", source: file:///android_asset/www/js/app.js (24)
D/CordovaLog(17590): file:///android_asset/www/js/app.js: Line 197 : facebookConnectPlugin not ready
I/chromium(17590): [INFO:CONSOLE(197)] "facebookConnectPlugin not ready", source: file:///android_asset/www/js/app.js (197)
I/ActivityManager( 1025): Process com.android.incallui (pid 17181) has died.
D/CordovaActivity(17590): onMessage(spinner,stop)
D/CordovaLog(17590): file:///android_asset/www/js/paypal_giftme.js: Line 4 : GIFTME - paypal init
I/chromium(17590): [INFO:CONSOLE(4)] "GIFTME - paypal init", source: file:///android_asset/www/js/paypal_giftme.js (4)
D/CordovaLog(17590): file:///android_asset/www/js/app.js: Line 208 : Uncaught ReferenceError: StatusBar is not defined
I/chromium(17590): [INFO:CONSOLE(208)] "Uncaught ReferenceError: StatusBar is not defined", source: file:///android_asset/www/js/app.js (208)
D/CordovaLog(17590): file:///android_asset/www/js/paypal_giftme.js: Line 84 : GIFTME - Preparing to Render
I/chromium(17590): [INFO:CONSOLE(84)] "GIFTME - Preparing to Render", source: file:///android_asset/www/js/paypal_giftme.js (84)
D/CordovaLog(17590): file:///android_asset/www/js/paypal_giftme.js: Line 63 : GIFTME - config
I/chromium(17590): [INFO:CONSOLE(63)] "GIFTME - config", source: file:///android_asset/www/js/paypal_giftme.js (63)
D/CordovaLog(17590): file:///android_asset/www/js/paypal_giftme.js: Line 69 : GIFTME - on prepare render
I/chromium(17590): [INFO:CONSOLE(69)] "GIFTME - on prepare render", source: file:///android_asset/www/js/paypal_giftme.js (69)
D/CordovaLog(17590): file:///android_asset/www/cordova.js: Line 305 : Error in Success callbackId: PayPalMobile790715787 : TypeError: Cannot set property 'onclick' of null
I/chromium(17590): [INFO:CONSOLE(305)] "Error in Success callbackId: PayPalMobile790715787 : TypeError: Cannot set property 'onclick' of null", source: file:///android_asset/www/cordova.js (305)
D/CordovaLog(17590): file:///android_asset/www/cordova.js: Line 1075 : processMessage failed: Error: TypeError: Cannot set property 'onclick' of null
I/chromium(17590): [INFO:CONSOLE(1075)] "processMessage failed: Error: TypeError: Cannot set property 'onclick' of null", source: file:///android_asset/www/cordova.js (1075)
D/CordovaLog(17590): file:///android_asset/www/cordova.js: Line 1076 : processMessage failed: Stack: TypeError: Cannot set property 'onclick' of null
D/CordovaLog(17590):     at ppApp.onPrepareRender (file:///android_asset/www/js/paypal_giftme.js:77:27)
D/CordovaLog(17590):     at Object.cordova.callbackFromNative (file:///android_asset/www/cordova.js:286:58)
D/CordovaLog(17590):     at processMessage (file:///android_asset/www/cordova.js:1070:21)
D/CordovaLog(17590):     at androidExec.processMessages (file:///android_asset/www/cordova.js:1107:13)
I/chromium(17590): [INFO:CONSOLE(1076)] "processMessage failed: Stack: TypeError: Cannot set property 'onclick' of null
I/chromium(17590):     at ppApp.onPrepareRender (file:///android_asset/www/js/paypal_giftme.js:77:27)
I/chromium(17590):     at Object.cordova.callbackFromNative (file:///android_asset/www/cordova.js:286:58)
I/chromium(17590):     at processMessage (file:///android_asset/www/cordova.js:1070:21)
I/chromium(17590):     at androidExec.processMessages (file:///android_asset/www/cordova.js:1107:13)", source: file:///android_asset/www/cordova.js (1076)
D/CordovaLog(17590): file:///android_asset/www/cordova.js: Line 1077 : processMessage failed: Message: S01 PayPalMobile790715787 sOK
I/chromium(17590): [INFO:CONSOLE(1077)] "processMessage failed: Message: S01 PayPalMobile790715787 sOK", source: file:///android_asset/www/cordova.js (1077)
D/WifiStateMachine( 1025): handleMessage: E msg.what=151572
D/WifiStateMachine( 1025): processMsg: ConnectedState
D/WifiStateMachine( 1025): processMsg: L2ConnectedState
D/WifiStateMachine( 1025): handleMessage: X
D/CordovaWebViewClient(17590): onPageFinished(file:///android_asset/www/index.html)
D/CordovaActivity(17590): onMessage(onPageFinished,file:///android_asset/www/index.html)
D/ConnectPlugin(17590): onSessionStateChange:OPENED
D/ConnectPlugin(17590): onSessionStateChange:OPENED
D/dalvikvm(17590): GC_CONCURRENT freed 5446K, 33% free 11616K/17224K, paused 4ms+11ms, total 52ms
D/WifiStateMachine( 1025): handleMessage: E msg.what=131155
D/WifiStateMachine( 1025): processMsg: ConnectedState
D/WifiStateMachine( 1025): processMsg: L2ConnectedState
D/WifiStateMachine( 1025): handleMessage: X
D/WifiStateMachine( 1025): handleMessage: E msg.what=151572
D/WifiStateMachine( 1025): processMsg: ConnectedState
D/WifiStateMachine( 1025): processMsg: L2ConnectedState
D/WifiStateMachine( 1025): handleMessage: X
D/CordovaLog(17590): file:///android_asset/www/js/app.js: Line 115 : Received response from version check.
I/chromium(17590): [INFO:CONSOLE(115)] "Received response from version check.", source: file:///android_asset/www/js/app.js (115)
D/CordovaLog(17590): file:///android_asset/www/js/app.js: Line 117 : Version is supported.
I/chromium(17590): [INFO:CONSOLE(117)] "Version is supported.", source: file:///android_asset/www/js/app.js (117)
D/CordovaLog(17590): file:///android_asset/www/js/app.js: Line 135 : success...
I/chromium(17590): [INFO:CONSOLE(135)] "success...", source: file:///android_asset/www/js/app.js (135)
D/WifiStateMachine( 1025): handleMessage: E msg.what=151572
D/WifiStateMachine( 1025): processMsg: ConnectedState
D/WifiStateMachine( 1025): processMsg: L2ConnectedState
D/WifiStateMachine( 1025): handleMessage: X
D/WifiStateMachine( 1025): handleMessage: E msg.what=151572
D/WifiStateMachine( 1025): processMsg: ConnectedState
D/WifiStateMachine( 1025): processMsg: L2ConnectedState
D/WifiStateMachine( 1025): handleMessage: X
D/WifiStateMachine( 1025): handleMessage: E msg.what=131155
D/WifiStateMachine( 1025): processMsg: ConnectedState
D/WifiStateMachine( 1025): processMsg: L2ConnectedState
D/WifiStateMachine( 1025): handleMessage: X
D/WifiStateMachine( 1025): handleMessage: E msg.what=151572
D/WifiStateMachine( 1025): processMsg: ConnectedState
D/WifiStateMachine( 1025): processMsg: L2ConnectedState
D/WifiStateMachine( 1025): handleMessage: X
D/Ulp_jni ( 1025): Location CB invoked
D/WifiStateMachine( 1025): handleMessage: E msg.what=151572
D/WifiStateMachine( 1025): processMsg: ConnectedState
D/WifiStateMachine( 1025): processMsg: L2ConnectedState
D/WifiStateMachine( 1025): handleMessage: X
I/SBar.NetworkController( 1119): onSignalStrengthsChanged SignalStrength: 9 0 -120 -160 -120 -1 -1 99 2147483647 2147483647 2147483647 2147483647 2147483647 gsm|lte 0 -108 -1 false 3 3 0 0 0 99 99 99 4 level=3
D/WifiStateMachine( 1025): handleMessage: E msg.what=151572
D/WifiStateMachine( 1025): processMsg: ConnectedState
D/WifiStateMachine( 1025): processMsg: L2ConnectedState
D/WifiStateMachine( 1025): handleMessage: X
D/WifiStateMachine( 1025): handleMessage: E msg.what=131155
D/WifiStateMachine( 1025): processMsg: ConnectedState
D/WifiStateMachine( 1025): processMsg: L2ConnectedState
D/WifiStateMachine( 1025): handleMessage: X
D/WifiStateMachine( 1025): handleMessage: E msg.what=151572
D/WifiStateMachine( 1025): processMsg: ConnectedState
D/WifiStateMachine( 1025): processMsg: L2ConnectedState
D/WifiStateMachine( 1025): handleMessage: X
D/WifiStateMachine( 1025): handleMessage: E msg.what=151572
D/WifiStateMachine( 1025): processMsg: ConnectedState
D/WifiStateMachine( 1025): processMsg: L2ConnectedState
D/WifiStateMachine( 1025): handleMessage: X
I/SBar.NetworkController( 1119): onSignalStrengthsChanged SignalStrength: 6 0 -120 -160 -120 -1 -1 99 2147483647 2147483647 2147483647 2147483647 2147483647 gsm|lte 0 -108 -1 false 2 2 0 0 0 99 99 99 4 level=2
D/WifiStateMachine( 1025): handleMessage: E msg.what=151572
D/WifiStateMachine( 1025): processMsg: ConnectedState
D/WifiStateMachine( 1025): processMsg: L2ConnectedState
D/WifiStateMachine( 1025): handleMessage: X
D/WifiStateMachine( 1025): handleMessage: E msg.what=131155
D/WifiStateMachine( 1025): processMsg: ConnectedState
D/WifiStateMachine( 1025): processMsg: L2ConnectedState
D/WifiStateMachine( 1025): handleMessage: X
D/WifiStateMachine( 1025): handleMessage: E msg.what=151572
D/WifiStateMachine( 1025): processMsg: ConnectedState
D/WifiStateMachine( 1025): processMsg: L2ConnectedState
D/WifiStateMachine( 1025): handleMessage: X
I/SFPerfTracer(  274):      triggers: (rate: 1142:450684) (346459 sw vsyncs) (1058238 skipped) (22:3393672 vsyncs) (24:4254457)
D/WifiStateMachine( 1025): handleMessage: E msg.what=151572
D/WifiStateMachine( 1025): processMsg: ConnectedState
D/WifiStateMachine( 1025): processMsg: L2ConnectedState
D/WifiStateMachine( 1025): handleMessage: X
D/WifiStateMachine( 1025): handleMessage: E msg.what=151572
D/WifiStateMachine( 1025): processMsg: ConnectedState
D/WifiStateMachine( 1025): processMsg: L2ConnectedState
D/WifiStateMachine( 1025): handleMessage: X
D/WifiStateMachine( 1025): handleMessage: E msg.what=131155
D/WifiStateMachine( 1025): processMsg: ConnectedState
D/WifiStateMachine( 1025): processMsg: L2ConnectedState
D/WifiStateMachine( 1025): handleMessage: X
D/WifiStateMachine( 1025): handleMessage: E msg.what=151572
D/WifiStateMachine( 1025): processMsg: ConnectedState
D/WifiStateMachine( 1025): processMsg: L2ConnectedState
D/WifiStateMachine( 1025): handleMessage: X
D/WifiStateMachine( 1025): handleMessage: E msg.what=151572
D/WifiStateMachine( 1025): processMsg: ConnectedState
D/WifiStateMachine( 1025): processMsg: L2ConnectedState
D/WifiStateMachine( 1025): handleMessage: X
D/Ulp_jni ( 1025): Location CB invoked
D/WifiStateMachine( 1025): handleMessage: E msg.what=151572
D/WifiStateMachine( 1025): processMsg: ConnectedState
D/WifiStateMachine( 1025): processMsg: L2ConnectedState
D/WifiStateMachine( 1025): handleMessage: X
I/SBar.NetworkController( 1119): refreshSignalCluster: mobile: Signal=zz_moto_stat_sys_signal_3_fully_wide Roaming=(none) mSimIconId=(none) Accessibility="Phone three bars.","Not roaming.",""
D/WifiStateMachine( 1025): handleMessage: E msg.what=131155
D/WifiStateMachine( 1025): processMsg: ConnectedState
D/WifiStateMachine( 1025): processMsg: L2ConnectedState
D/WifiStateMachine( 1025): handleMessage: X
D/WifiStateMachine( 1025): handleMessage: E msg.what=151572
D/WifiStateMachine( 1025): processMsg: ConnectedState
D/WifiStateMachine( 1025): processMsg: L2ConnectedState
D/WifiStateMachine( 1025): handleMessage: X
D/WifiStateMachine( 1025): handleMessage: E msg.what=151572
D/WifiStateMachine( 1025): processMsg: ConnectedState
D/WifiStateMachine( 1025): processMsg: L2ConnectedState
D/WifiStateMachine( 1025): handleMessage: X
D/WifiStateMachine( 1025): handleMessage: E msg.what=151572
D/WifiStateMachine( 1025): processMsg: ConnectedState
D/WifiStateMachine( 1025): processMsg: L2ConnectedState
D/WifiStateMachine( 1025): handleMessage: X
I/SBar.NetworkController( 1119): onSignalStrengthsChanged SignalStrength: 11 0 -120 -160 -120 -1 -1 99 2147483647 2147483647 2147483647 2147483647 2147483647 gsm|lte 0 -108 -1 false 3 3 0 0 0 99 99 99 4 level=3
D/WifiStateMachine( 1025): handleMessage: E msg.what=131155
D/WifiStateMachine( 1025): processMsg: ConnectedState
D/WifiStateMachine( 1025): processMsg: L2ConnectedState
D/WifiStateMachine( 1025): handleMessage: X
D/WifiStateMachine( 1025): handleMessage: E msg.what=151572
D/WifiStateMachine( 1025): processMsg: ConnectedState
D/WifiStateMachine( 1025): processMsg: L2ConnectedState
D/WifiStateMachine( 1025): handleMessage: X
D/MDMCTBK (  273): reply_len: 40 reply is = IFNAME=wlan0 <3>CTRL-EVENT-STATE-CHANGE 
D/MDMCTBK (  273): Event received = CTRL-EVENT-STATE-CHANGE 
I/wpa_supplicant( 1113): wlan0: WPA: Group rekeying completed with 70:54:d2:ae:26:93 [GTK=TKIP]
D/MDMCTBK (  273): reply_len: 40 reply is = IFNAME=wlan0 <3>WPA: Group rekeying comp
D/MDMCTBK (  273): Event received = WPA: Group rekeying comp
D/MDMCTBK (  273): reply_len: 40 reply is = IFNAME=wlan0 <3>CTRL-EVENT-STATE-CHANGE 
D/MDMCTBK (  273): Event received = CTRL-EVENT-STATE-CHANGE 
D/WifiStateMachine( 1025): handleMessage: E msg.what=147462
D/WifiStateMachine( 1025): processMsg: ConnectedState
D/WifiStateMachine( 1025): processMsg: L2ConnectedState
D/WifiStateMachine( 1025): processMsg: ConnectModeState
D/WifiStateMachine( 1025): handleMessage: X
D/WifiStateMachine( 1025): handleMessage: E msg.what=147462
D/WifiStateMachine( 1025): processMsg: ConnectedState
D/WifiStateMachine( 1025): processMsg: L2ConnectedState
D/WifiStateMachine( 1025): processMsg: ConnectModeState
D/WifiStateMachine( 1025): handleMessage: X
D/dalvikvm( 1295): GC_CONCURRENT freed 2185K, 46% free 9396K/17224K, paused 2ms+2ms, total 21ms
D/WifiStateMachine( 1025): handleMessage: E msg.what=151572
D/WifiStateMachine( 1025): processMsg: ConnectedState
D/WifiStateMachine( 1025): processMsg: L2ConnectedState
D/WifiStateMachine( 1025): handleMessage: X
I/SBar.NetworkController( 1119): refreshSignalCluster: mobile: mHasMobileDataFeature=true DataTypeShown=(none) Activity=(none) in=false out=false Accessibility="3G"
W/ContextImpl( 1295): Calling a method in the system process without a qualified user: android.app.ContextImpl.sendBroadcast:1252 android.content.ContextWrapper.sendBroadcast:365 com.motorola.motocare.util.TriggerHelper$TriggerBuilder.send:76 com.motorola.motocare.internal.frameworkevents.ProcessKillTrigger.sendTrigger:147 com.motorola.motocare.internal.frameworkevents.ProcessKillTrigger.handleLmkKill:337 
W/ContextImpl( 1295): Calling a method in the system process without a qualified user: android.app.ContextImpl.sendBroadcast:1252 android.content.ContextWrapper.sendBroadcast:365 com.motorola.motocare.util.TriggerHelper$TriggerBuilder.send:76 com.motorola.motocare.internal.frameworkevents.ProcessKillTrigger.sendTrigger:147 com.motorola.motocare.internal.frameworkevents.ProcessKillTrigger.handleLmkKill:337 
W/ContextImpl( 1295): Calling a method in the system process without a qualified user: android.app.ContextImpl.sendBroadcast:1252 android.content.ContextWrapper.sendBroadcast:365 com.motorola.motocare.util.TriggerHelper$TriggerBuilder.send:76 com.motorola.motocare.internal.frameworkevents.ProcessKillTrigger.sendTrigger:147 com.motorola.motocare.internal.frameworkevents.ProcessKillTrigger.handleLmkKill:337 
W/ContextImpl( 1295): Calling a method in the system process without a qualified user: android.app.ContextImpl.sendBroadcast:1252 android.content.ContextWrapper.sendBroadcast:365 com.motorola.motocare.util.TriggerHelper$TriggerBuilder.send:76 com.motorola.motocare.internal.frameworkevents.ProcessKillTrigger.sendTrigger:147 com.motorola.motocare.internal.frameworkevents.ProcessKillTrigger.handleLmkKill:337 
W/ContextImpl( 1295): Calling a method in the system process without a qualified user: android.app.ContextImpl.sendBroadcast:1252 android.content.ContextWrapper.sendBroadcast:365 com.motorola.motocare.util.TriggerHelper$TriggerBuilder.send:76 com.motorola.motocare.internal.frameworkevents.ProcessKillTrigger.sendTrigger:147 com.motorola.motocare.internal.frameworkevents.ProcessKillTrigger.handleLmkKill:337 
W/ContextImpl( 1295): Calling a method in the system process without a qualified user: android.app.ContextImpl.sendBroadcast:1252 android.content.ContextWrapper.sendBroadcast:365 com.motorola.motocare.util.TriggerHelper$TriggerBuilder.send:76 com.motorola.motocare.internal.frameworkevents.ProcessKillTrigger.sendTrigger:147 com.motorola.motocare.internal.frameworkevents.ProcessKillTrigger.handleLmkKill:337 
W/ContextImpl( 1295): Calling a method in the system process without a qualified user: android.app.ContextImpl.sendBroadcast:1252 android.content.ContextWrapper.sendBroadcast:365 com.motorola.motocare.util.TriggerHelper$TriggerBuilder.send:76 com.motorola.motocare.internal.frameworkevents.ProcessKillTrigger.sendTrigger:147 com.motorola.motocare.internal.frameworkevents.ProcessKillTrigger.handleLmkKill:337 
W/ContextImpl( 1295): Calling a method in the system process without a qualified user: android.app.ContextImpl.sendBroadcast:1252 android.content.ContextWrapper.sendBroadcast:365 com.motorola.motocare.util.TriggerHelper$TriggerBuilder.send:76 com.motorola.motocare.internal.frameworkevents.ProcessKillTrigger.sendTrigger:147 com.motorola.motocare.internal.frameworkevents.ProcessKillTrigger.handleLmkKill:337 
D/dalvikvm( 1295): GC_EXPLICIT freed 1808K, 46% free 9371K/17224K, paused 4ms+3ms, total 32ms
D/WifiStateMachine( 1025): handleMessage: E msg.what=151572
D/WifiStateMachine( 1025): processMsg: ConnectedState
D/WifiStateMachine( 1025): processMsg: L2ConnectedState
D/WifiStateMachine( 1025): handleMessage: X
D/WifiStateMachine( 1025): handleMessage: E msg.what=131155
D/WifiStateMachine( 1025): processMsg: ConnectedState
D/WifiStateMachine( 1025): processMsg: L2ConnectedState
D/WifiStateMachine( 1025): handleMessage: X
D/WifiStateMachine( 1025): handleMessage: E msg.what=151572
D/WifiStateMachine( 1025): processMsg: ConnectedState
D/WifiStateMachine( 1025): processMsg: L2ConnectedState
D/WifiStateMachine( 1025): handleMessage: X
D/WifiStateMachine( 1025): handleMessage: E msg.what=151572
D/WifiStateMachine( 1025): processMsg: ConnectedState
D/WifiStateMachine( 1025): processMsg: L2ConnectedState
D/WifiStateMachine( 1025): handleMessage: X
I/SBar.NetworkController( 1119): onSignalStrengthsChanged SignalStrength: 6 0 -120 -160 -120 -1 -1 99 2147483647 2147483647 2147483647 2147483647 2147483647 gsm|lte 0 -108 -1 false 2 2 0 0 0 99 99 99 4 level=2
I/MDMCTBK (  273): NetlinkHandler, power_supply subsys
I/MDMCTBK (  273): NetlinkHandler, usbChargerStateChanged
I/MDMCTBK (  273): checkDefaultInst, current pid is = 273
I/MDMCTBK (  273): checkDefaultInst, pid match
I/MDMCTBK (  273): MdmCutbackHndler,readFromFile = /sys/class/power_supply/usb/online
I/MDMCTBK (  273): MdmCutbackHndler,readFromFile = 
E/MDMCTBK (  273): MdmCutbackHndler,Could not open ''
I/MDMCTBK (  273): NetlinkHandler, power_supply subsys
I/MDMCTBK (  273): NetlinkHandler, usbChargerStateChanged
I/MDMCTBK (  273): checkDefaultInst, current pid is = 273
I/MDMCTBK (  273): checkDefaultInst, pid match
I/MDMCTBK (  273): MdmCutbackHndler,readFromFile = /sys/class/power_supply/usb/online
I/MDMCTBK (  273): MdmCutbackHndler,readFromFile = 
E/MDMCTBK (  273): MdmCutbackHndler,Could not open ''
D/WifiStateMachine( 1025): handleMessage: E msg.what=151572
D/WifiStateMachine( 1025): processMsg: ConnectedState
D/WifiStateMachine( 1025): processMsg: L2ConnectedState
D/WifiStateMachine( 1025): handleMessage: X
D/Ulp_jni ( 1025): Location CB invoked
D/WifiStateMachine( 1025): handleMessage: E msg.what=131155
D/WifiStateMachine( 1025): processMsg: ConnectedState
D/WifiStateMachine( 1025): processMsg: L2ConnectedState
D/WifiStateMachine( 1025): handleMessage: X
D/WifiStateMachine( 1025): handleMessage: E msg.what=151572
D/WifiStateMachine( 1025): processMsg: ConnectedState
D/WifiStateMachine( 1025): processMsg: L2ConnectedState
D/WifiStateMachine( 1025): handleMessage: X
I/SBar.NetworkController( 1119): refreshSignalCluster: mobile: Signal=zz_moto_stat_sys_signal_2_fully_wide Roaming=(none) mSimIconId=(none) Accessibility="Phone two bars.","Not roaming.",""
I/SFPerfTracer(  274):      triggers: (rate: 1272:50681) (compose: 0:256) (post: 0:21) (render: 90:10668) (0:798035 frames) (1:3356627)
D/SFPerfTracer(  274):        layers: (3:11) (DimLayer: 0:158)* (DimLayer: 0:142)* (FocusedStackFrame: 0:22435)* (StatusBar: 1:269264) (NavigationBar: 0:207361) (DimLayer: 0:26000)* (DimLayer: 0:4919)* (com.android.wallpaper.fall.FallWallpaper: 0:1410)* (com.android.dialer/com.android.incallui.InCallActivity: 0:872)* (Starting co.giftmeapp.gift_me: 0:40)* (co.giftmeapp.gift_me/co.giftmeapp.gift_me.GiftMe: 0:29) 
D/WifiStateMachine( 1025): handleMessage: E msg.what=151572
D/WifiStateMachine( 1025): processMsg: ConnectedState
D/WifiStateMachine( 1025): processMsg: L2ConnectedState
D/WifiStateMachine( 1025): handleMessage: X
D/WifiStateMachine( 1025): handleMessage: E msg.what=151572
D/WifiStateMachine( 1025): processMsg: ConnectedState
D/WifiStateMachine( 1025): processMsg: L2ConnectedState
D/WifiStateMachine( 1025): handleMessage: X
D/WifiStateMachine( 1025): handleMessage: E msg.what=131155
D/WifiStateMachine( 1025): processMsg: ConnectedState
D/WifiStateMachine( 1025): processMsg: L2ConnectedState
D/WifiStateMachine( 1025): handleMessage: X
D/WifiStateMachine( 1025): handleMessage: E msg.what=151572
D/WifiStateMachine( 1025): processMsg: ConnectedState
D/WifiStateMachine( 1025): processMsg: L2ConnectedState
D/WifiStateMachine( 1025): handleMessage: X
D/WifiStateMachine( 1025): handleMessage: E msg.what=151572
D/WifiStateMachine( 1025): processMsg: ConnectedState
D/WifiStateMachine( 1025): processMsg: L2ConnectedState
D/WifiStateMachine( 1025): handleMessage: X
D/WifiStateMachine( 1025): handleMessage: E msg.what=151572
D/WifiStateMachine( 1025): processMsg: ConnectedState
D/WifiStateMachine( 1025): processMsg: L2ConnectedState
D/WifiStateMachine( 1025): handleMessage: X
D/WifiStateMachine( 1025): handleMessage: E msg.what=131155
D/WifiStateMachine( 1025): processMsg: ConnectedState
D/WifiStateMachine( 1025): processMsg: L2ConnectedState
D/WifiStateMachine( 1025): handleMessage: X
D/WifiStateMachine( 1025): handleMessage: E msg.what=151572
D/WifiStateMachine( 1025): processMsg: ConnectedState
D/WifiStateMachine( 1025): processMsg: L2ConnectedState
D/WifiStateMachine( 1025): handleMessage: X
I/SBar.NetworkController( 1119): onSignalStrengthsChanged SignalStrength: 4 0 -120 -160 -120 -1 -1 99 2147483647 2147483647 2147483647 2147483647 2147483647 gsm|lte 0 -108 -1 false 1 1 0 0 0 99 99 99 4 level=1
D/WifiStateMachine( 1025): handleMessage: E msg.what=151572
D/WifiStateMachine( 1025): processMsg: ConnectedState
D/WifiStateMachine( 1025): processMsg: L2ConnectedState
D/WifiStateMachine( 1025): handleMessage: X
D/WifiStateMachine( 1025): handleMessage: E msg.what=151572
D/WifiStateMachine( 1025): processMsg: ConnectedState
D/WifiStateMachine( 1025): processMsg: L2ConnectedState
D/WifiStateMachine( 1025): handleMessage: X
I/SBar.NetworkController( 1119): refreshSignalCluster: wifi: mWifiConnected=true Wifi=zz_moto_stat_sys_wifi_signal_4_fully_wide Activity=(none) in=false out=false Accessibility="Wi-Fi signal full."
I/SBar.NetworkController( 1119): refreshSignalCluster: mobile: Signal=zz_moto_stat_sys_signal_1_fully_wide Roaming=(none) mSimIconId=(none) Accessibility="Phone one bar.","Not roaming.",""
D/WifiStateMachine( 1025): handleMessage: E msg.what=131155
D/WifiStateMachine( 1025): processMsg: ConnectedState
D/WifiStateMachine( 1025): processMsg: L2ConnectedState
D/WifiStateMachine( 1025): handleMessage: X
D/WifiStateMachine( 1025): handleMessage: E msg.what=151572
D/WifiStateMachine( 1025): processMsg: ConnectedState
D/WifiStateMachine( 1025): processMsg: L2ConnectedState
D/WifiStateMachine( 1025): handleMessage: X
D/Ulp_jni ( 1025): Location CB invoked
D/WifiStateMachine( 1025): handleMessage: E msg.what=151572
D/WifiStateMachine( 1025): processMsg: ConnectedState
D/WifiStateMachine( 1025): processMsg: L2ConnectedState
D/WifiStateMachine( 1025): handleMessage: X
D/WifiStateMachine( 1025): handleMessage: E msg.what=151572
D/WifiStateMachine( 1025): processMsg: ConnectedState
D/WifiStateMachine( 1025): processMsg: L2ConnectedState
D/WifiStateMachine( 1025): handleMessage: X
D/WifiStateMachine( 1025): handleMessage: E msg.what=131155
D/WifiStateMachine( 1025): processMsg: ConnectedState
D/WifiStateMachine( 1025): processMsg: L2ConnectedState
D/WifiStateMachine( 1025): handleMessage: X
D/WifiStateMachine( 1025): handleMessage: E msg.what=151572
D/WifiStateMachine( 1025): processMsg: ConnectedState
D/WifiStateMachine( 1025): processMsg: L2ConnectedState
D/WifiStateMachine( 1025): handleMessage: X
D/WifiStateMachine( 1025): handleMessage: E msg.what=151572
D/WifiStateMachine( 1025): processMsg: ConnectedState
D/WifiStateMachine( 1025): processMsg: L2ConnectedState
D/WifiStateMachine( 1025): handleMessage: X
D/WifiStateMachine( 1025): handleMessage: E msg.what=151572
D/WifiStateMachine( 1025): processMsg: ConnectedState
D/WifiStateMachine( 1025): processMsg: L2ConnectedState
D/WifiStateMachine( 1025): handleMessage: X
D/WifiStateMachine( 1025): handleMessage: E msg.what=131155
D/WifiStateMachine( 1025): processMsg: ConnectedState
D/WifiStateMachine( 1025): processMsg: L2ConnectedState
D/WifiStateMachine( 1025): handleMessage: X
D/WifiStateMachine( 1025): handleMessage: E msg.what=151572
D/WifiStateMachine( 1025): processMsg: ConnectedState
D/WifiStateMachine( 1025): processMsg: L2ConnectedState
D/WifiStateMachine( 1025): handleMessage: X
D/WifiStateMachine( 1025): handleMessage: E msg.what=151572
D/WifiStateMachine( 1025): processMsg: ConnectedState
D/WifiStateMachine( 1025): processMsg: L2ConnectedState
D/WifiStateMachine( 1025): handleMessage: X
