W/dalvikvm(12323): VFY: unable to resolve virtual method 3518: Landroid/media/projection/MediaProjection;.createVirtualDisplay (Ljava/lang/String;IIIILandroid/view/Surface;Landroid/hardware/display/VirtualDisplay$Callback;Landroid/os/Handler;)Landroid/hardware/display/VirtualDisplay;
D/dalvikvm(12323): VFY: replacing opcode 0x74 at 0x0053
I/dalvikvm(12323): Could not find method android.media.projection.MediaProjection.stop, referenced from method com.google.android.libraries.hangouts.video.ScreenCaptureVideoSource.release
W/dalvikvm(12323): VFY: unable to resolve virtual method 3520: Landroid/media/projection/MediaProjection;.stop ()V
D/dalvikvm(12323): VFY: replacing opcode 0x6e at 0x002d
I/dalvikvm(12323): Could not find method android.media.projection.MediaProjectionManager.createScreenCaptureIntent, referenced from method com.google.android.libraries.hangouts.video.ScreenCaptureVideoSource.startCapture
W/dalvikvm(12323): VFY: unable to resolve virtual method 3522: Landroid/media/projection/MediaProjectionManager;.createScreenCaptureIntent ()Landroid/content/Intent;
D/dalvikvm(12323): VFY: replacing opcode 0x6e at 0x0023
W/dalvikvm(12323): Unable to resolve superclass of Lcom/google/android/libraries/hangouts/video/ScreenCaptureVideoSource$2; (596)
W/dalvikvm(12323): Link of class 'Lcom/google/android/libraries/hangouts/video/ScreenCaptureVideoSource$2;' failed
D/dalvikvm(12323): DexOpt: unable to opt direct call 0x4a49 at 0x46 in Lcom/google/android/libraries/hangouts/video/ScreenCaptureVideoSource;.<init>
I/dalvikvm(12323): Could not find method android.media.MediaCodecInfo$CodecCapabilities.getVideoCapabilities, referenced from method com.google.android.libraries.hangouts.video.EncoderManager.isHardwareAcceleratedCodec
W/dalvikvm(12323): VFY: unable to resolve virtual method 3454: Landroid/media/MediaCodecInfo$CodecCapabilities;.getVideoCapabilities ()Landroid/media/MediaCodecInfo$VideoCapabilities;
D/dalvikvm(12323): VFY: replacing opcode 0x6e at 0x001f
I/Babel   (12323): Creating RTCS
I/Babel   (12323): Destroying RTCS
I/ActivityManager( 1025): Process com.google.android.gms.unstable (pid 12031) has died.
I/ActivityManager( 1025): Start proc com.google.android.partnersetup for content provider com.google.android.partnersetup/.RlzAppProvider: pid=12384 uid=10025 gids={50025, 3003}
I/dalvikvm(12359): Could not find method android.content.pm.PackageManager.getPackageInstaller, referenced from method com.google.android.gms.common.e.p
W/dalvikvm(12359): VFY: unable to resolve virtual method 901: Landroid/content/pm/PackageManager;.getPackageInstaller ()Landroid/content/pm/PackageInstaller;
D/dalvikvm(12359): VFY: replacing opcode 0x6e at 0x000b
I/ActivityManager( 1025): Start proc android.process.acore for broadcast com.android.providers.contacts/.PackageIntentReceiver: pid=12403 uid=10010 gids={50010, 3003, 1028, 1015, 1023}
I/ActivityManager( 1025): Process com.google.android.talk (pid 12323) has died.
W/ActivityManager( 1025): Service ServiceRecord{433d5230 u0 com.google.android.talk/com.google.android.libraries.hangouts.video.CallService} in process ProcessRecord{434fa488 12323:com.google.android.talk/u0a71} not same as in map: null
V/GmsNetworkLocationProvi(19200): DISABLE
D/dalvikvm( 1025): GC_EXPLICIT freed 1681K, 41% free 30158K/50444K, paused 8ms+19ms, total 209ms
E/GCoreFlp(19200): Bound FusedProviderService with LocationManager
V/GmsNetworkLocationProvi(19200): onSetRequest: ProviderRequestUnbundled, reportLocation is true and interval is 14400000
V/GmsNetworkLocationProvi(19200): ENABLE
V/GmsNetworkLocationProvi(19200): SET-REQUEST
V/GmsNetworkLocationProvi(19200): in Handler: ProviderRequestUnbundled, reportLocation is true and interval is 14400000
D/WifiService( 1025): acquireWifiLockLocked: WifiLock{NlpWifiLock type=2 binder=android.os.BinderProxy@437932e8}
D/WifiStateMachine( 1025): handleMessage: E msg.what=131143
D/WifiStateMachine( 1025): processMsg: ConnectedState
D/WifiStateMachine( 1025): processMsg: L2ConnectedState
D/WifiStateMachine( 1025): handleMessage: X
D/PackageBroadcastService(32741): Received broadcast action=android.intent.action.PACKAGE_CHANGED and uri=com.google.android.gms
I/PackageBroadcastService(32741): Null package name or gms related package.  Ignoreing.
I/ContactLocale(12403): AddressBook Labels [en_GB]: [, A, B, C, D, E, F, G, H, I, J, K, L, M, N, O, P, Q, R, S, T, U, V, W, X, Y, Z, , , , , , , , , , , , , , , , , , , , , , , , , , , , , , , , , , , , , , , , , , , , , , , , , , , , , , , , , , , , , , , , , , , , , , , , , , , , , , , , , , , , , , , , , , , , , , , , , , , , , , , , , , , , , , , , , , , , , , , , , , , , , , , , , , , , , , , , , , , , , , , , , , , , , , , , , , , , , , , , , , , , , , , , , , , , , , , , , , , , , , #, ]
I/Icing   (32741): updateResources: need to parse e{com.google.android.gms}
I/ActivityManager( 1025): Start proc com.motorola.MotGallery2 for broadcast com.motorola.MotGallery2/com.android.gallery3d.app.PackagesMonitor: pid=12425 uid=10034 gids={50034, 3003, 1028, 1015}
D/WifiStateMachine( 1025): handleMessage: E msg.what=131155
D/WifiStateMachine( 1025): processMsg: ConnectedState
D/WifiStateMachine( 1025): processMsg: L2ConnectedState
I/UpdateIcingCorporaServi(12359): Updating corpora: APPS=com.google.android.gms, CONTACTS=MAYBE
D/TCMD    (  465): NL - Read 56 bytes from update socket.
D/TCMD    (  465): NL - message type is RTM_NEWLINK
D/TCMD    (  465): Listening for incoming client connection request
D/WifiStateMachine( 1025): handleMessage: X
D/WifiStateMachine( 1025): handleMessage: E msg.what=151572
D/WifiStateMachine( 1025): processMsg: ConnectedState
D/WifiStateMachine( 1025): processMsg: L2ConnectedState
D/MDMCTBK (  273): reply_len: 40 reply is = IFNAME=wlan0 <3>CTRL-EVENT-BSS-ADDED 282
D/MDMCTBK (  273): Event received = CTRL-EVENT-BSS-ADDED 282
D/MDMCTBK (  273): reply_len: 40 reply is = IFNAME=wlan0 <3>CTRL-EVENT-BSS-ADDED 282
D/MDMCTBK (  273): Event received = CTRL-EVENT-BSS-ADDED 282
D/MDMCTBK (  273): reply_len: 40 reply is = IFNAME=wlan0 <3>CTRL-EVENT-SCAN-RESULTS 
D/MDMCTBK (  273): Event received = CTRL-EVENT-SCAN-RESULTS 
D/WifiStateMachine( 1025): handleMessage: X
D/WifiStateMachine( 1025): handleMessage: E msg.what=147461
D/WifiStateMachine( 1025): processMsg: ConnectedState
D/WifiStateMachine( 1025): processMsg: L2ConnectedState
D/WifiStateMachine( 1025): processMsg: ConnectModeState
D/WifiStateMachine( 1025): processMsg: DriverStartedState
D/WifiStateMachine( 1025): processMsg: SupplicantStartedState
D/WifiStateMachine( 1025): handleMessage: X
I/ApplicationLogger(12359): canRun() : Opted Out
I/UpdateIcingCorporaServi(12359): UpdateCorporaTask done [took 235 ms] updated apps [took 234 ms] 
I/ActivityManager( 1025): Process com.google.android.partnersetup (pid 12384) has died.
D/WifiStateMachine( 1025): handleMessage: E msg.what=151572
D/WifiStateMachine( 1025): processMsg: ConnectedState
D/WifiStateMachine( 1025): processMsg: L2ConnectedState
D/WifiStateMachine( 1025): handleMessage: X
D/WifiStateMachine( 1025): handleMessage: E msg.what=151572
D/WifiStateMachine( 1025): processMsg: ConnectedState
D/WifiStateMachine( 1025): processMsg: L2ConnectedState
D/WifiStateMachine( 1025): handleMessage: X
D/WifiStateMachine( 1025): handleMessage: E msg.what=151572
D/WifiStateMachine( 1025): processMsg: ConnectedState
D/WifiStateMachine( 1025): processMsg: L2ConnectedState
D/WifiStateMachine( 1025): handleMessage: X
D/WifiStateMachine( 1025): handleMessage: E msg.what=131155
D/WifiStateMachine( 1025): processMsg: ConnectedState
D/WifiStateMachine( 1025): processMsg: L2ConnectedState
D/WifiStateMachine( 1025): handleMessage: X
D/WifiStateMachine( 1025): handleMessage: E msg.what=151572
D/WifiStateMachine( 1025): processMsg: ConnectedState
D/WifiStateMachine( 1025): processMsg: L2ConnectedState
D/WifiStateMachine( 1025): handleMessage: X
I/MDMCTBK (  273): NetlinkHandler, power_supply subsys
E/MtpServer(11254): request read returned -1, errno: 5
I/MDMCTBK (  273): NetlinkHandler, usbChargerStateChanged
I/MDMCTBK (  273): checkDefaultInst, current pid is = 273
I/MDMCTBK (  273): checkDefaultInst, pid match
I/MDMCTBK (  273): MdmCutbackHndler,readFromFile = /sys/class/power_supply/usb/online
I/MDMCTBK (  273): MdmCutbackHndler,usb, new_state =0
I/MDMCTBK (  273): MdmCutbackHndler Status: Qmi =1, cg=0, ep=0, vc=0, dc=0, cn=0, wf=1, mf=0, wfd=0, apm=0, usb=0, stopqmi=0
I/MDMCTBK (  273): set_property_value, Enter
I/MDMCTBK (  273): set_property_value, Values updated in the property=1,0,0,0,0,0,1,0,0,0,0,0
I/MDMCTBK (  273): set_property_value, Values updated in the property file Successfully
I/MDMCTBK (  273): set_property_value, Exit
I/MDMCTBK (  273): setSarCtrl:set SAR over QMI, conn:0, ep:0,wf:1, mf:0, chrg:0
E/UsbDebuggingManager( 1025): got -1 reading
V/UsbDeviceManager( 1025): USB UEVENT: {USB_STATE=DISCONNECTED, SUBSYSTEM=android_usb, DEVPATH=/devices/virtual/android_usb/android0, SEQNUM=314072, ACTION=change}
I/MDMCTBK (  273): send SAR ctrl over QMI
I/MDMCTBK (  273): MdmCutbackHndler,readFromFile = 
E/MDMCTBK (  273): MdmCutbackHndler,Could not open ''
E/UsbDebuggingManager( 1025): Communication error: 
E/UsbDebuggingManager( 1025): java.io.IOException: Connection refused
E/UsbDebuggingManager( 1025): 	at android.net.LocalSocketImpl.connectLocal(Native Method)
E/UsbDebuggingManager( 1025): 	at android.net.LocalSocketImpl.connect(LocalSocketImpl.java:287)
E/UsbDebuggingManager( 1025): 	at android.net.LocalSocket.connect(LocalSocket.java:130)
E/UsbDebuggingManager( 1025): 	at com.android.server.usb.UsbDebuggingManager.listenToSocket(UsbDebuggingManager.java:75)
E/UsbDebuggingManager( 1025): 	at com.android.server.usb.UsbDebuggingManager.run(UsbDebuggingManager.java:111)
E/UsbDebuggingManager( 1025): 	at java.lang.Thread.run(Thread.java:841)
I/MDMCTBK (  273): NetlinkHandler, power_supply subsys
I/MDMCTBK (  273): NetlinkHandler, usbChargerStateChanged
I/MDMCTBK (  273): checkDefaultInst, current pid is = 273
I/MDMCTBK (  273): checkDefaultInst, pid match
I/MDMCTBK (  273): MdmCutbackHndler,readFromFile = /sys/class/power_supply/usb/online
I/MDMCTBK (  273): MdmCutbackHndler,readFromFile = 
E/MDMCTBK (  273): MdmCutbackHndler,Could not open ''
I/MDMCTBK (  273): NetlinkHandler, power_supply subsys
I/MDMCTBK (  273): NetlinkHandler, usbChargerStateChanged
I/MDMCTBK (  273): checkDefaultInst, current pid is = 273
I/MDMCTBK (  273): checkDefaultInst, pid match
I/MDMCTBK (  273): MdmCutbackHndler,readFromFile = /sys/class/power_supply/usb/online
I/MDMCTBK (  273): MdmCutbackHndler,readFromFile = 
E/MDMCTBK (  273): MdmCutbackHndler,Could not open ''
I/MDMCTBK (  273): NetlinkHandler, power_supply subsys
I/MDMCTBK (  273): NetlinkHandler, usbChargerStateChanged
I/MDMCTBK (  273): checkDefaultInst, current pid is = 273
I/MDMCTBK (  273): checkDefaultInst, pid match
I/MDMCTBK (  273): MdmCutbackHndler,readFromFile = /sys/class/power_supply/usb/online
I/MDMCTBK (  273): MdmCutbackHndler,readFromFile = 
E/MDMCTBK (  273): MdmCutbackHndler,Could not open ''
I/MDMCTBK (  273): NetlinkHandler, power_supply subsys
I/MDMCTBK (  273): NetlinkHandler, usbChargerStateChanged
I/MDMCTBK (  273): checkDefaultInst, current pid is = 273
I/MDMCTBK (  273): checkDefaultInst, pid match
I/MDMCTBK (  273): MdmCutbackHndler,readFromFile = /sys/class/power_supply/usb/online
I/MDMCTBK (  273): MdmCutbackHndler,readFromFile = 
E/MDMCTBK (  273): MdmCutbackHndler,Could not open ''
I/ActivityManager( 1025): Start proc com.google.android.apps.uploader for broadcast com.google.android.apps.uploader/com.google.android.picasasync.BatteryReceiver: pid=12464 uid=10079 gids={50079, 3003, 1028, 1015}
D/Ulp_jni ( 1025): JNI:system_update. Event-3
D/LBSSystemMonitorService( 1025): handleMessage what - 8
D/DeviceContext( 1025): handleMessage what - 1
I/iu.Environment(32741): update battery state; isPlugged? false*
I/GCoreUlr(19200): Starting service, intent=Intent { act=com.google.android.location.reporting.ACTION_UPDATE_WORLD cmp=com.google.android.gms/com.google.android.location.reporting.service.DispatchingService (has extras) }, extras=Bundle[{receiverAction=android.intent.action.ACTION_POWER_DISCONNECTED}]
D/PicasaUploader(12464):    wifiOnlyPhoto changed to true
D/PicasaUploader(12464):    wifiOnlyVideo changed to true
D/PicasaUploader(12464):    syncOnBattery changed to true
D/PicasaUploaderSync(12464): sync account database
I/iu.UploadsManager(32741): num queued entries: 0
I/iu.UploadsManager(32741): num updated entries: 0
I/iu.SyncManager(32741): NEXT; no task
I/ActivityManager( 1025): Start proc com.motorola.genie for broadcast com.motorola.genie/.prefetch.PowerStatusReceiver: pid=12498 uid=10026 gids={50026, 3003, 1028, 1015}
I/ActivityManager( 1025): Process android.process.acore (pid 12403) has died.
D/PicasaUploaderSync(12464): accounts in DB=1
D/PicasaUploaderSyncManager(12464): active network: NetworkInfo: type: WIFI[], state: CONNECTED/CONNECTED, reason: (unspecified), extra: "Moulin Rouge", roaming: false, failover: false, isAvailable: true, isConnectedToProvisioningNetwork: false
D/PicasaUploaderSyncManager(12464): background data: true
I/GCoreUlr(19200): DispatchingService.onCreate()
V/AlarmManager( 1025): sending alarm Alarm{42d30a10 type 2 com.facebook.orca}
V/AlarmManager( 1025): sending alarm Alarm{42d2e030 type 2 com.whatsapp}
V/AlarmManager( 1025): sending alarm Alarm{42d28dd0 type 3 com.devexpert.weather}
V/AlarmManager( 1025): sending alarm Alarm{42d26eb0 type 2 com.google.android.gms}
D/PicasaUploaderSyncManager(12464): battery info: false
I/GCoreUlr(19200): WorldUpdater received intent Intent { act=com.google.android.location.reporting.ACTION_UPDATE_WORLD cmp=com.google.android.gms/com.google.android.location.reporting.service.DispatchingService (has extras) } with receiverAction android.intent.action.ACTION_POWER_DISCONNECTED
D/dalvikvm(19200): GC_CONCURRENT freed 1896K, 37% free 10945K/17224K, paused 2ms+5ms, total 66ms
I/ActivityManager( 1025): Start proc com.motorola.contextual.smartrules2 for broadcast com.motorola.contextual.smartrules2/com.motorola.batterysaverlib.BatteryNotificationReceiver: pid=12520 uid=10035 gids={50035, 3003, 1028, 1015, 3001, 3002}
D/dalvikvm(  275): GC_EXPLICIT freed 43K, 48% free 9011K/17224K, paused 2ms+3ms, total 22ms
D/WifiStateMachine( 1025): handleMessage: E msg.what=151572
D/WifiStateMachine( 1025): processMsg: ConnectedState
D/dalvikvm(  275): GC_EXPLICIT freed <1K, 48% free 9011K/17224K, paused 1ms+2ms, total 18ms
D/WifiStateMachine( 1025): processMsg: L2ConnectedState
D/WifiStateMachine( 1025): handleMessage: X
D/dalvikvm(  275): GC_EXPLICIT freed <1K, 48% free 9011K/17224K, paused 1ms+2ms, total 18ms
I/ActivityManager( 1025): Process com.motorola.MotGallery2 (pid 12425) has died.
I/ActivityManager( 1025): Start proc com.motorola.MotGallery2 for broadcast com.motorola.MotGallery2/com.viewdle.receivers.PowerConnectedReceiver: pid=12535 uid=10034 gids={50034, 3003, 1028, 1015}
I/GCoreUlr(19200): WorldUpdater:android.intent.action.ACTION_POWER_DISCONNECTED: Ensuring that reporting is stopped because of reasons: {account#2#=[InactiveReason{mVersionCode=0, mIdentifier=6, mName='ReportingNotEnabled'}, InactiveReason{mVersionCode=0, mIdentifier=14, mName='HistoryNotEnabled'}]}
I/GCoreUlr(19200): Unbound from all location providers
I/GCoreUlr(19200): DispatchingService.onDestroy()
I/GCoreUlr(19200): Unbound from all location providers
I/ActivityManager( 1025): Start proc com.android.chrome for broadcast com.android.chrome/com.google.android.apps.chrome.precache.PrecacheServiceLauncher: pid=12550 uid=10057 gids={50057, 3003, 1028, 1015}
I/ActivityManager( 1025): Process com.google.android.googlequicksearchbox:search (pid 12359) has died.
D/UsbDeviceManager( 1025): setEnabledFunctions mtp,adb makeDefault: false
D/UsbDeviceManager( 1025): broadcasting Intent { act=android.hardware.usb.action.USB_STATE flg=0x20000000 (has extras) } connected: false configured: false
I/ActivityManager( 1025): Process com.google.android.apps.uploader (pid 12464) has died.
I/ActivityManager( 1025): Start proc com.devexpert.weather for broadcast com.devexpert.weather/.view.WidgetWeather2x1: pid=12563 uid=10112 gids={50112, 3003, 1028, 1015}
I/ActivityManager( 1025): Process com.motorola.genie (pid 12498) has died.
W/ContextImpl( 1295): Calling a method in the system process without a qualified user: android.app.ContextImpl.startService:1608 android.content.ContextWrapper.startService:494 android.content.ContextWrapper.startService:494 com.motorola.motocare.internal.batterystats.BatteryStatsAction.onReceive:33 android.app.ActivityThread.handleReceiver:2434 
I/ActivityManager( 1025): Process com.motorola.contextual.smartrules2 (pid 12520) has died.
D/CCE     (18647): App motocare requested CCE to send settings
W/BroadcastQueue( 1025): Permission Denial: broadcasting Intent { act=com.motorola.cce.Actions.CCE_SEND_SETTINGS flg=0x10 (has extras) } from com.motorola.genie (pid=12498, uid=10026) is not exported from uid 10034 due to receiver com.motorola.MotGallery2/com.motorola.blur.service.blur.SharedSettingsReceiver
D/WifiService( 1025): releaseWifiLockLocked: WifiLock{NlpWifiLock type=2 binder=android.os.BinderProxy@437932e8}
I/ActivityManager( 1025): Start proc com.google.android.googlequicksearchbox:search for broadcast com.google.android.googlequicksearchbox/com.google.android.search.core.UdcSettingBroadcastReceiver: pid=12583 uid=10045 gids={50045, 3003, 3001, 1028, 3002, 1015}
I/ActivityManager( 1025): Start proc com.google.android.partnersetup for content provider com.google.android.partnersetup/.RlzAppProvider: pid=12604 uid=10025 gids={50025, 3003}
I/ActivityManager( 1025): Process com.motorola.MotGallery2 (pid 12535) has died.
I/dalvikvm(12583): Could not find method android.content.pm.PackageManager.getPackageInstaller, referenced from method com.google.android.gms.common.e.p
W/dalvikvm(12583): VFY: unable to resolve virtual method 901: Landroid/content/pm/PackageManager;.getPackageInstaller ()Landroid/content/pm/PackageInstaller;
D/dalvikvm(12583): VFY: replacing opcode 0x6e at 0x000b
I/ActivityManager( 1025): Start proc com.google.android.apps.maps for broadcast com.google.android.apps.maps/com.google.android.apps.gmm.iamhere.ble.StartBleServiceReceiver: pid=12623 uid=10064 gids={50064, 3003, 1028, 1015, 3002, 3001}
I/ActivityManager( 1025): Process com.android.chrome (pid 12550) has died.
I/ActivityManager( 1025): Process com.devexpert.weather (pid 12563) has died.
D/WifiStateMachine( 1025): handleMessage: E msg.what=151572
D/WifiStateMachine( 1025): processMsg: ConnectedState
D/WifiStateMachine( 1025): processMsg: L2ConnectedState
D/dalvikvm(27213): GC_CONCURRENT freed 1959K, 47% free 10762K/20100K, paused 8ms+6ms, total 42ms
D/WifiStateMachine( 1025): handleMessage: X
I/SearchServiceFactory(12583): refreshing search history.
W/GAV2    (12583): Thread[Background Blocking-2,5,main]: Need to call initialize() and be in fallback mode to start dispatch.
W/GAV2    (12583): Thread[Background Blocking-2,5,main]: dispatch call queued.  Need to call GAServiceManager.getInstance().initialize().
D/dalvikvm( 1025): GC_EXPLICIT freed 1426K, 41% free 29957K/50444K, paused 20ms+16ms, total 187ms
D/WifiStateMachine( 1025): handleMessage: E msg.what=131155
D/WifiStateMachine( 1025): processMsg: ConnectedState
D/WifiStateMachine( 1025): processMsg: L2ConnectedState
D/WifiStateMachine( 1025): handleMessage: X
I/dalvikvm(12583): Total arena pages for JIT: 11
I/dalvikvm(12583): Total arena pages for JIT: 12
I/dalvikvm(12583): Total arena pages for JIT: 13
I/dalvikvm(12583): Total arena pages for JIT: 14
W/LocationOracleImpl(12583): Best location was null
D/dalvikvm(12623): Trying to load lib /data/app-lib/com.google.android.apps.maps-2/libcrashreporterer.so 0x41fabbd8
D/dalvikvm(12623): Added shared lib /data/app-lib/com.google.android.apps.maps-2/libcrashreporterer.so 0x41fabbd8
D/dalvikvm(12623): Trying to load lib /data/app-lib/com.google.android.apps.maps-2/libgmm-jni.so 0x41fabbd8
D/dalvikvm(12623): Added shared lib /data/app-lib/com.google.android.apps.maps-2/libgmm-jni.so 0x41fabbd8
I/GLSUser (16934): [GLSUser]  extracting token using key:Auth
D/dalvikvm(12583): Trying to load lib /data/app-lib/com.google.android.googlequicksearchbox-1/libcronet.so 0x4215d830
W/GLSUser (16934): [GLSUser] [GLSUser]  Permission for com.google.android.googlequicksearchbox to access oauth2:https://www.googleapis.com/auth/googlenow will be managed locally.
D/dalvikvm(12583): Added shared lib /data/app-lib/com.google.android.googlequicksearchbox-1/libcronet.so 0x4215d830
D/WifiService( 1025): New client listening to asynchronous messages
D/StrictMode(12623): StrictMode policy violation; ~duration=200 ms: android.os.StrictMode$StrictModeDiskReadViolation: policy=31 violation=2
D/StrictMode(12623): 	at android.os.StrictMode$AndroidBlockGuardPolicy.onReadFromDisk(StrictMode.java:1135)
D/StrictMode(12623): 	at libcore.io.BlockGuardOs.open(BlockGuardOs.java:106)
D/StrictMode(12623): 	at libcore.io.IoUtils.canOpenReadOnly(IoUtils.java:163)
D/StrictMode(12623): 	at dalvik.system.DexPathList.findLibrary(DexPathList.java:384)
D/StrictMode(12623): 	at dalvik.system.BaseDexClassLoader.findLibrary(BaseDexClassLoader.java:77)
D/StrictMode(12623): 	at java.lang.Runtime.loadLibrary(Runtime.java:356)
D/StrictMode(12623): 	at java.lang.System.loadLibrary(System.java:526)
D/StrictMode(12623): 	at com.google.android.libraries.social.jni.crashreporter.NativeCrashHandler.a(PG:189)
D/StrictMode(12623): 	at com.google.android.libraries.social.jni.crashreporter.NativeCrashHandler.a(PG:87)
D/StrictMode(12623): 	at com.google.android.apps.gmm.base.app.d.<init>(PG:562)
D/StrictMode(12623): 	at com.google.android.apps.gmm.base.app.GoogleMapsApplication.a(PG:156)
D/StrictMode(12623): 	at com.google.android.apps.gmm.base.app.GoogleMapsApplication.onCreate(PG:111)
D/StrictMode(12623): 	at android.app.Instrumentation.callApplicationOnCreate(Instrumentation.java:1030)
D/StrictMode(12623): 	at android.app.ActivityThread.handleBindApplication(ActivityThread.java:4409)
D/StrictMode(12623): 	at android.app.ActivityThread.access$1500(ActivityThread.java:139)
D/StrictMode(12623): 	at android.app.ActivityThread$H.handleMessage(ActivityThread.java:1270)
D/StrictMode(12623): 	at android.os.Handler.dispatchMessage(Handler.java:102)
D/StrictMode(12623): 	at android.os.Looper.loop(Looper.java:136)
D/StrictMode(12623): 	at android.app.ActivityThread.main(ActivityThread.java:5086)
D/StrictMode(12623): 	at java.lang.reflect.Method.invokeNative(Native Method)
D/StrictMode(12623): 	at java.lang.reflect.Method.invoke(Method.java:515)
D/StrictMode(12623): 	at com.android.internal.os.ZygoteInit$MethodAndArgsCaller.run(ZygoteInit.java:785)
D/StrictMode(12623): 	at com.android.internal.os.ZygoteInit.main(ZygoteInit.java:601)
D/StrictMode(12623): 	at dalvik.system.NativeStart.main(Native Method)
D/StrictMode(12623): StrictMode policy violation; ~duration=181 ms: android.os.StrictMode$StrictModeDiskReadViolation: policy=31 violation=2
D/StrictMode(12623): 	at android.os.StrictMode$AndroidBlockGuardPolicy.onReadFromDisk(StrictMode.java:1135)
D/StrictMode(12623): 	at android.app.SharedPreferencesImpl.awaitLoadedLocked(SharedPreferencesImpl.java:203)
D/StrictMode(12623): 	at android.app.SharedPreferencesImpl.getBoolean(SharedPreferencesImpl.java:260)
D/StrictMode(12623): 	at android.preference.PreferenceManager.setDefaultValues(PreferenceManager.java:481)
D/StrictMode(12623): 	at com.google.android.apps.gmm.shared.d.a.a(PG:1086)
D/StrictMode(12623): 	at com.google.android.apps.gmm.base.app.d.a(PG:1136)
D/StrictMode(12623): 	at com.google.android.apps.gmm.base.app.d.<init>(PG:578)
D/StrictMode(12623): 	at com.google.android.apps.gmm.base.app.GoogleMapsApplication.a(PG:156)
D/StrictMode(12623): 	at com.google.android.apps.gmm.base.app.GoogleMapsApplication.onCreate(PG:111)
D/StrictMode(12623): 	at android.app.Instrumentation.callApplicationOnCreate(Instrumentation.java:1030)
D/StrictMode(12623): 	at android.app.ActivityThread.handleBindApplication(ActivityThread.java:4409)
D/StrictMode(12623): 	at android.app.ActivityThread.access$1500(ActivityThread.java:139)
D/StrictMode(12623): 	at android.app.ActivityThread$H.handleMessage(ActivityThread.java:1270)
D/StrictMode(12623): 	at android.os.Handler.dispatchMessage(Handler.java:102)
D/StrictMode(12623): 	at android.os.Looper.loop(Looper.java:136)
D/StrictMode(12623): 	at android.app.ActivityThread.main(ActivityThread.java:5086)
D/StrictMode(12623): 	at java.lang.reflect.Method.invokeNative(Native Method)
D/StrictMode(12623): 	at java.lang.reflect.Method.invoke(Method.java:515)
D/StrictMode(12623): 	at com.android.internal.os.ZygoteInit$MethodAndArgsCaller.run(ZygoteInit.java:785)
D/StrictMode(12623): 	at com.android.internal.os.ZygoteInit.main(ZygoteInit.java:601)
D/StrictMode(12623): 	at dalvik.system.NativeStart.main(Native Method)
D/StrictMode(12623): StrictMode policy violation; ~duration=172 ms: android.os.StrictMode$StrictModeDiskReadViolation: policy=31 violation=2
D/StrictMode(12623): 	at android.os.StrictMode$AndroidBlockGuardPolicy.onReadFromDisk(StrictMode.java:1135)
D/StrictMode(12623): 	at android.app.SharedPreferencesImpl.awaitLoadedLocked(SharedPreferencesImpl.java:203)
D/StrictMode(12623): 	at android.app.SharedPreferencesImpl.getInt(SharedPreferencesImpl.java:239)
D/StrictMode(12623): 	at com.google.android.apps.gmm.shared.d.a.a(PG:1184)
D/StrictMode(12623): 	at com.google.android.apps.gmm.shared.d.a.a(PG:1092)
D/StrictMode(12623): 	at com.google.android.apps.gmm.base.app.d.a(PG:1136)
D/StrictMode(12623): 	at com.google.android.apps.gmm.base.app.d.<init>(PG:578)
D/StrictMode(12623): 	at com.google.android.apps.gmm.base.app.GoogleMapsApplication.a(PG:156)
D/StrictMode(12623): 	at com.google.android.apps.gmm.base.app.GoogleMapsApplication.onCreate(PG:111)
D/StrictMode(12623): 	at android.app.Instrumentation.callApplicationOnCreate(Instrumentation.java:1030)
D/StrictMode(12623): 	at android.app.ActivityThread.handleBindApplication(ActivityThread.java:4409)
D/StrictMode(12623): 	at android.app.ActivityThread.access$1500(ActivityThread.java:139)
D/StrictMode(12623): 	at android.app.ActivityThread$H.handleMessage(ActivityThread.java:1270)
D/StrictMode(12623): 	at android.os.Handler.dispatchMessage(Handler.java:102)
D/StrictMode(12623): 	at android.os.Looper.loop(Looper.java:136)
D/StrictMode(12623): 	at android.app.ActivityThread.main(ActivityThread.java:5086)
D/StrictMode(12623): 	at java.lang.reflect.Method.invokeNative(Native Method)
D/StrictMode(12623): 	at java.lang.reflect.Method.invoke(Method.java:515)
D/StrictMode(12623): 	at com.android.internal.os.ZygoteInit$MethodAndArgsCaller.run(ZygoteInit.java:785)
D/StrictMode(12623): 	at com.android.internal.os.ZygoteInit.main(ZygoteInit.java:601)
D/StrictMode(12623): 	at dalvik.system.NativeStart.main(Native Method)
D/StrictMode(12623): StrictMode policy violation; ~duration=154 ms: android.os.StrictMode$StrictModeDiskReadViolation: policy=31 violation=2
D/StrictMode(12623): 	at android.os.StrictMode$AndroidBlockGuardPolicy.onReadFromDisk(StrictMode.java:1135)
D/StrictMode(12623): 	at libcore.io.BlockGuardOs.open(BlockGuardOs.java:106)
D/StrictMode(12623): 	at libcore.io.IoUtils.canOpenReadOnly(IoUtils.java:163)
D/StrictMode(12623): 	at dalvik.system.DexPathList.findLibrary(DexPathList.java:384)
D/StrictMode(12623): 	at dalvik.system.BaseDexClassLoader.findLibrary(BaseDexClassLoader.java:77)
D/StrictMode(12623): 	at java.lang.Runtime.loadLibrary(Runtime.java:356)
D/StrictMode(12623): 	at java.lang.System.loadLibrary(System.java:526)
D/StrictMode(12623): 	at com.google.android.apps.gmm.map.util.jni.NativeHelper.initialize(PG:42)
D/StrictMode(12623): 	at com.google.android.apps.gmm.map.m.e.<clinit>(PG:89)
D/StrictMode(12623): 	at com.google.android.apps.gmm.base.app.d.a(PG:1135)
D/StrictMode(12623): 	at com.google.android.apps.gmm.base.app.d.<init>(PG:578)
D/StrictMode(12623): 	at com.google.android.apps.gmm.base.app.GoogleMapsApplication.a(PG:156)
D/StrictMode(12623): 	at com.google.android.apps.gmm.base.app.GoogleMapsApplication.onCreate(PG:111)
D/StrictMode(12623): 	at android.app.Instrumentation.callApplicationOnCreate(Instrumentation.java:1030)
D/StrictMode(12623): 	at android.app.ActivityThread.handleBindApplication(ActivityThread.java:4409)
D/StrictMode(12623): 	at android.app.ActivityThread.access$1500(ActivityThread.java:139)
D/StrictMode(12623): 	at android.app.ActivityThread$H.handleMessage(ActivityThread.java:1270)
D/StrictMode(12623): 	at android.os.Handler.dispatchMessage(Handler.java:102)
D/StrictMode(12623): 	at android.os.Looper.loop(Looper.java:136)
D/StrictMode(12623): 	at android.app.ActivityThread.main(ActivityThread.java:5086)
D/StrictMode(12623): 	at java.lang.reflect.Method.invokeNative(Native Method)
D/StrictMode(12623): 	at java.lang.reflect.Method.invoke(Method.java:515)
D/StrictMode(12623): 	at com.android.internal.os.ZygoteInit$MethodAndArgsCaller.run(ZygoteInit.java:785)
D/StrictMode(12623): 	at com.android.internal.os.ZygoteInit.main(ZygoteInit.java:601)
D/StrictMode(12623): 	at dalvik.system.NativeStart.main(Native Method)
D/StrictMode(12623): StrictMode policy violation; ~duration=128 ms: android.os.StrictMode$StrictModeDiskReadViolation: policy=31 violation=2
D/StrictMode(12623): 	at android.os.StrictMode$AndroidBlockGuardPolicy.onReadFromDisk(StrictMode.java:1135)
D/StrictMode(12623): 	at libcore.io.BlockGuardOs.open(BlockGuardOs.java:106)
D/StrictMode(12623): 	at libcore.io.IoBridge.open(IoBridge.java:393)
D/StrictMode(12623): 	at java.io.FileInputStream.<init>(FileInputStream.java:78)
D/StrictMode(12623): 	at android.app.ContextImpl.openFileInput(ContextImpl.java:909)
D/StrictMode(12623): 	at android.content.ContextWrapper.openFileInput(ContextWrapper.java:179)
D/StrictMode(12623): 	at com.google.android.apps.gmm.shared.f.h.a(PG:150)
D/StrictMode(12623): 	at com.google.android.apps.gmm.map.m.e.a(PG:356)
D/StrictMode(12623): 	at com.google.android.apps.gmm.base.app.d.a(PG:1135)
D/StrictMode(12623): 	at com.google.android.apps.gmm.base.app.d.<init>(PG:578)
D/StrictMode(12623): 	at com.google.android.apps.gmm.base.app.GoogleMapsApplication.a(PG:156)
D/StrictMode(12623): 	at com.google.android.apps.gmm.base.app.GoogleMapsApplication.onCreate(PG:111)
D/StrictMode(12623): 	at android.app.Instrumentation.callApplicationOnCreate(Instrumentation.java:1030)
D/StrictMode(12623): 	at android.app.ActivityThread.handleBindApplication(ActivityThread.java:4409)
D/StrictMode(12623): 	at android.app.ActivityThread.access$1500(ActivityThread.java:139)
D/StrictMode(12623): 	at android.app.ActivityThread$H.handleMessage(ActivityThread.java:1270)
D/StrictMode(12623): 	at android.os.Handler.dispatchMessage(Handler.java:102)
D/StrictMode(12623): 	at android.os.Looper.loop(Looper.java:136)
D/StrictMode(12623): 	at android.app.ActivityThread.main(ActivityThread.java:5086)
D/StrictMode(12623): 	at java.lang.reflect.Method.invokeNative(Native Method)
D/StrictMode(12623): 	at java.lang.reflect.Method.invoke(Method.java:515)
D/StrictMode(12623): 	at com.android.internal.os.ZygoteInit$MethodAndArgsCaller.run(ZygoteInit.java:785)
D/StrictMode(12623): 	at com.android.internal.os.ZygoteInit.main(ZygoteInit.java:601)
D/StrictMode(12623): 	at dalvik.system.NativeStart.main(Native Method)
D/StrictMode(12623): StrictMode policy violation; ~duration=123 ms: android.os.StrictMode$StrictModeDiskReadViolation: policy=31 violation=2
D/StrictMode(12623): 	at android.os.StrictMode$AndroidBlockGuardPolicy.onReadFromDisk(StrictMode.java:1135)
D/StrictMode(12623): 	at libcore.io.BlockGuardOs.read(BlockGuardOs.java:148)
D/StrictMode(12623): 	at libcore.io.IoBridge.read(IoBridge.java:425)
D/StrictMode(12623): 	at java.io.FileInputStream.read(FileInputStream.java:179)
D/StrictMode(12623): 	at java.io.BufferedInputStream.read(BufferedInputStream.java:283)
D/StrictMode(12623): 	at java.io.DataInputStream.read(DataInputStream.java:63)
D/StrictMode(12623): 	at com.google.r.j.c(PG:1152)
D/StrictMode(12623): 	at com.google.r.j.a(PG:121)
D/StrictMode(12623): 	at com.google.v.a.a.dv.<init>(PG:24)
D/StrictMode(12623): 	at com.google.v.a.a.dw.b(PG:68)
D/StrictMode(12623): 	at com.google.v.a.a.dw.a(PG:62)
D/StrictMode(12623): 	at com.google.r.e.b(PG:170)
D/StrictMode(12623): 	at com.google.r.e.b(PG:21)
D/StrictMode(12623): 	at com.google.android.apps.gmm.shared.f.h.a(PG:151)
D/StrictMode(12623): 	at com.google.android.apps.gmm.map.m.e.a(PG:356)
D/StrictMode(12623): 	at com.google.android.apps.gmm.base.app.d.a(PG:1135)
D/StrictMode(12623): 	at com.google.android.apps.gmm.base.app.d.<init>(PG:578)
D/StrictMode(12623): 	at com.google.android.apps.gmm.base.app.GoogleMapsApplication.a(PG:156)
D/StrictMode(12623): 	at com.google.android.apps.gmm.base.app.GoogleMapsApplication.onCreate(PG:111)
D/StrictMode(12623): 	at android.app.Instrumentation.callApplicationOnCreate(Instrumentation.java:1030)
D/StrictMode(12623): 	at android.app.ActivityThread.handleBindApplication(ActivityThread.java:4409)
D/StrictMode(12623): 	at android.app.ActivityThread.access$1500(ActivityThread.java:139)
D/StrictMode(12623): 	at android.app.ActivityThread$H.handleMessage(ActivityThread.java:1270)
D/StrictMode(12623): 	at android.os.Handler.dispatchMessage(Handler.java:102)
D/StrictMode(12623): 	at android.os.Looper.loop(Looper.java:136)
D/StrictMode(12623): 	at android.app.ActivityThread.main(ActivityThread.java:5086)
D/StrictMode(12623): 	at java.lang.reflect.Method.invokeNative(Native Method)
D/StrictMode(12623): 	at java.lang.reflect.Method.invoke(Method.java:515)
D/StrictMode(12623): 	at com.android.internal.os.ZygoteInit$MethodAndArgsCaller.run(ZygoteInit.java:785)
D/StrictMode(12623): 	at com.android.internal.os.ZygoteInit.main(ZygoteInit.java:601)
D/StrictMode(12623): 	at dalvik.system.NativeStart.main(Native Method)
D/StrictMode(12623): StrictMode policy violation; ~duration=120 ms: android.os.StrictMode$StrictModeDiskReadViolation: policy=31 violation=2
D/StrictMode(12623): 	at android.os.StrictMode$AndroidBlockGuardPolicy.onReadFromDisk(StrictMode.java:1135)
D/StrictMode(12623): 	at libcore.io.BlockGuardOs.read(BlockGuardOs.java:148)
D/StrictMode(12623): 	at libcore.io.IoBridge.read(IoBridge.java:425)
D/StrictMode(12623): 	at java.io.FileInputStream.read(FileInputStream.java:179)
D/StrictMode(12623): 	at java.io.BufferedInputStream.read(BufferedInputStream.java:283)
D/StrictMode(12623): 	at java.io.DataInputStream.read(DataInputStream.java:63)
D/StrictMode(12623): 	at com.google.r.j.c(PG:1152)
D/StrictMode(12623): 	at com.google.r.j.b(PG:1234)
D/StrictMode(12623): 	at com.google.r.j.g(PG:548)
D/StrictMode(12623): 	at com.google.v.a.a.dv.<init>(PG:43)
D/StrictMode(12623): 	at com.google.v.a.a.dw.b(PG:68)
D/StrictMode(12623): 	at com.google.v.a.a.dw.a(PG:62)
D/StrictMode(12623): 	at com.google.r.e.b(PG:170)
D/StrictMode(12623): 	at com.google.r.e.b(PG:21)
D/StrictMode(12623): 	at com.google.android.apps.gmm.shared.f.h.a(PG:151)
D/StrictMode(12623): 	at com.google.android.apps.gmm.map.m.e.a(PG:356)
D/StrictMode(12623): 	at com.google.android.apps.gmm.base.app.d.a(PG:1135)
D/StrictMode(12623): 	at com.google.android.apps.gmm.base.app.d.<init>(PG:578)
D/StrictMode(12623): 	at com.google.android.apps.gmm.base.app.GoogleMapsApplication.a(PG:156)
D/StrictMode(12623): 	at com.google.android.apps.gmm.base.app.GoogleMapsApplication.onCreate(PG:111)
D/StrictMode(12623): 	at android.app.Instrumentation.callApplicationOnCreate(Instrumentation.java:1030)
D/StrictMode(12623): 	at android.app.ActivityThread.handleBindApplication(ActivityThread.java:4409)
D/StrictMode(12623): 	at android.app.ActivityThread.access$1500(ActivityThread.java:139)
D/StrictMode(12623): 	at android.app.ActivityThread$H.handleMessage(ActivityThread.java:1270)
D/StrictMode(12623): 	at android.os.Handler.dispatchMessage(Handler.java:102)
D/StrictMode(12623): 	at android.os.Looper.loop(Looper.java:136)
D/StrictMode(12623): 	at android.app.ActivityThread.main(ActivityThread.java:5086)
D/StrictMode(12623): 	at java.lang.reflect.Method.invokeNative(Native Method)
D/StrictMode(12623): 	at java.lang.reflect.Method.invoke(Method.java:515)
D/StrictMode(12623): 	at com.android.internal.os.ZygoteInit$MethodAndArgsCaller.run(ZygoteInit.java:785)
D/StrictMode(12623): 	at com.android.internal.os.ZygoteInit.main(ZygoteInit.java:601)
D/StrictMode(12623): 	at dalvik.system.NativeStart.main(Native Method)
I/ActivityManager( 1025): Start proc com.devexpert.weather for broadcast com.devexpert.weather/.view.WidgetWeather2x1: pid=12673 uid=10112 gids={50112, 3003, 1028, 1015}
W/ActivityThread(12623): ClassLoader.loadClass: The class loader returned by Thread.getContextClassLoader() may fail for processes that host multiple applications. You should explicitly specify a context class loader. For example: Thread.setContextClassLoader(getClass().getClassLoader());
I/dalvikvm(12623): Could not find method android.os.PowerManager.isPowerSaveMode, referenced from method com.google.android.apps.gmm.iamhere.ble.m.b
W/dalvikvm(12623): VFY: unable to resolve virtual method 1246: Landroid/os/PowerManager;.isPowerSaveMode ()Z
D/dalvikvm(12623): VFY: replacing opcode 0x6e at 0x0074
I/dalvikvm(12623): Could not find method android.content.pm.PackageManager.getPackageInstaller, referenced from method com.google.android.gms.common.d.a
W/dalvikvm(12623): VFY: unable to resolve virtual method 573: Landroid/content/pm/PackageManager;.getPackageInstaller ()Landroid/content/pm/PackageInstaller;
D/dalvikvm(12623): VFY: replacing opcode 0x6e at 0x000f
W/com.google.a.a.b.d.a(12623): Application name is not set. Call Builder#setApplicationName.
I/ActivityManager( 1025): Process com.google.android.partnersetup (pid 12604) has died.
D/BluetoothManagerService( 1025): Message: 20
D/BluetoothManagerService( 1025): Added callback: android.bluetooth.IBluetoothManagerCallback$Stub$Proxy@433ae810:true
I/MDMCTBK (  273): NetlinkHandler, power_supply subsys
I/MDMCTBK (  273): NetlinkHandler, usbChargerStateChanged
I/MDMCTBK (  273): checkDefaultInst, current pid is = 273
I/MDMCTBK (  273): checkDefaultInst, pid match
I/MDMCTBK (  273): MdmCutbackHndler,readFromFile = /sys/class/power_supply/usb/online
I/MDMCTBK (  273): MdmCutbackHndler,readFromFile = 
E/MDMCTBK (  273): MdmCutbackHndler,Could not open ''
D/WifiStateMachine( 1025): handleMessage: E msg.what=151572
D/WifiStateMachine( 1025): processMsg: ConnectedState
D/WifiStateMachine( 1025): processMsg: L2ConnectedState
D/WifiStateMachine( 1025): handleMessage: X
I/MDMCTBK (  273): NetlinkHandler, power_supply subsys
I/MDMCTBK (  273): NetlinkHandler, usbChargerStateChanged
I/MDMCTBK (  273): checkDefaultInst, current pid is = 273
I/MDMCTBK (  273): checkDefaultInst, pid match
I/MDMCTBK (  273): MdmCutbackHndler,readFromFile = /sys/class/power_supply/usb/online
I/MDMCTBK (  273): MdmCutbackHndler,readFromFile = 
E/MDMCTBK (  273): MdmCutbackHndler,Could not open ''
V/Herrevad(32741): NQAS connected
I/MDMCTBK (  273): NetlinkHandler, power_supply subsys
I/MDMCTBK (  273): NetlinkHandler, usbChargerStateChanged
I/MDMCTBK (  273): checkDefaultInst, current pid is = 273
I/MDMCTBK (  273): checkDefaultInst, pid match
I/MDMCTBK (  273): MdmCutbackHndler,readFromFile = /sys/class/power_supply/usb/online
I/MDMCTBK (  273): MdmCutbackHndler,usb, new_state =1
I/MDMCTBK (  273): MdmCutbackHndler Status: Qmi =1, cg=0, ep=0, vc=0, dc=0, cn=0, wf=1, mf=0, wfd=0, apm=0, usb=1, stopqmi=0
I/MDMCTBK (  273): set_property_value, Enter
I/MDMCTBK (  273): set_property_value, Values updated in the property=1,0,0,0,0,0,1,0,0,0,1,0
I/MDMCTBK (  273): set_property_value, Values updated in the property file Successfully
I/MDMCTBK (  273): set_property_value, Exit
I/MDMCTBK (  273): setSarCtrl:set SAR over QMI, conn:0, ep:0,wf:1, mf:0, chrg:1
I/MDMCTBK (  273): send SAR ctrl over QMI
I/MDMCTBK (  273): MdmCutbackHndler,readFromFile = 
E/MDMCTBK (  273): MdmCutbackHndler,Could not open ''
V/UsbDeviceManager( 1025): USB UEVENT: {USB_STATE=CONNECTED, SUBSYSTEM=android_usb, DEVPATH=/devices/virtual/android_usb/android0, SEQNUM=314088, ACTION=change}
V/UsbDeviceManager( 1025): USB UEVENT: {USB_STATE=DISCONNECTED, SUBSYSTEM=android_usb, DEVPATH=/devices/virtual/android_usb/android0, SEQNUM=314089, ACTION=change}
D/UsbDeviceManager( 1025): broadcasting Intent { act=android.hardware.usb.action.USB_STATE flg=0x20000000 (has extras) } connected: true configured: false
I/MDMCTBK (  273): NetlinkHandler, power_supply subsys
I/MDMCTBK (  273): NetlinkHandler, usbChargerStateChanged
I/MDMCTBK (  273): checkDefaultInst, current pid is = 273
I/MDMCTBK (  273): checkDefaultInst, pid match
I/MDMCTBK (  273): MdmCutbackHndler,readFromFile = /sys/class/power_supply/usb/online
I/MDMCTBK (  273): MdmCutbackHndler,readFromFile = 
E/MDMCTBK (  273): MdmCutbackHndler,Could not open ''
I/MDMCTBK (  273): NetlinkHandler, power_supply subsys
I/MDMCTBK (  273): NetlinkHandler, usbChargerStateChanged
I/MDMCTBK (  273): checkDefaultInst, current pid is = 273
I/MDMCTBK (  273): checkDefaultInst, pid match
I/MDMCTBK (  273): MdmCutbackHndler,readFromFile = /sys/class/power_supply/usb/online
I/MDMCTBK (  273): MdmCutbackHndler,readFromFile = 
E/MDMCTBK (  273): MdmCutbackHndler,Could not open ''
V/UsbDeviceManager( 1025): USB UEVENT: {USB_STATE=CONNECTED, SUBSYSTEM=android_usb, DEVPATH=/devices/virtual/android_usb/android0, SEQNUM=314093, ACTION=change}
D/UsbDeviceManager( 1025): broadcasting Intent { act=android.hardware.usb.action.USB_STATE flg=0x20000000 (has extras) } connected: true configured: false
I/MDMCTBK (  273): NetlinkHandler, power_supply subsys
I/MDMCTBK (  273): NetlinkHandler, usbChargerStateChanged
I/MDMCTBK (  273): checkDefaultInst, current pid is = 273
I/MDMCTBK (  273): checkDefaultInst, pid match
I/MDMCTBK (  273): MdmCutbackHndler,readFromFile = /sys/class/power_supply/usb/online
I/MDMCTBK (  273): MdmCutbackHndler,readFromFile = 
E/MDMCTBK (  273): MdmCutbackHndler,Could not open ''
V/UsbDeviceManager( 1025): USB UEVENT: {USB_STATE=CONFIGURED, SUBSYSTEM=android_usb, DEVPATH=/devices/virtual/android_usb/android0, SEQNUM=314096, ACTION=change}
D/UsbDeviceManager( 1025): broadcasting Intent { act=android.hardware.usb.action.USB_STATE flg=0x20000000 (has extras) } connected: true configured: true
W/ProcessCpuTracker( 1025): Skipping unknown process pid 12694
W/ProcessCpuTracker( 1025): Skipping unknown process pid 12695
W/ProcessCpuTracker( 1025): Skipping unknown process pid 12702
W/ProcessCpuTracker( 1025): Skipping unknown process pid 12709
I/EntropyMixer( 1025): Writing entropy...
D/Ulp_jni ( 1025): JNI:system_update. Event-2
D/LBSSystemMonitorService( 1025): handleMessage what - 8
D/DeviceContext( 1025): handleMessage what - 1
D/Ulp_jni ( 1025): Location CB invoked
I/MDMCTBK (  273): NetlinkHandler, power_supply subsys
I/MDMCTBK (  273): NetlinkHandler, usbChargerStateChanged
I/MDMCTBK (  273): checkDefaultInst, current pid is = 273
I/MDMCTBK (  273): checkDefaultInst, pid match
I/MDMCTBK (  273): MdmCutbackHndler,readFromFile = /sys/class/power_supply/usb/online
I/MDMCTBK (  273): MdmCutbackHndler,readFromFile = 
E/MDMCTBK (  273): MdmCutbackHndler,Could not open ''
I/ActivityManager( 1025): Start proc com.google.android.apps.uploader for broadcast com.google.android.apps.uploader/com.google.android.picasasync.BatteryReceiver: pid=12716 uid=10079 gids={50079, 3003, 1028, 1015}
I/ActivityManager( 1025): Process com.google.android.apps.maps (pid 12623) has died.
D/WifiService( 1025): Client connection lost with reason: 4
I/ActivityManager( 1025): Process com.google.android.googlequicksearchbox:search (pid 12583) has died.
D/MtpService(11254): updating state; isCurrentUser=true, mMtpLocked=false
D/MtpService(11254): mUsbDriverRestricted=false
D/MtpService(11254): addStorageLocked 65537 /storage/emulated/0
D/MtpService(11254): updating state; isCurrentUser=true, mMtpLocked=false
D/MtpService(11254): starting MTP server in MTP mode
I/SFPerfTracer(  274):      triggers: (rate: 1022:41321) (compose: 0:186) (post: 0:19) (render: 59:9378) (0:614134 frames) (1:2750069)
D/SFPerfTracer(  274):        layers: (3:9) (DimLayer: 0:158)* (DimLayer: 0:68)* (FocusedStackFrame: 0:16368)* (StatusBar: 1:204019) (NavigationBar: 0:153057) (DimLayer: 0:20257)* (DimLayer: 0:3219)* (com.android.wallpaper.fall.FallWallpaper: 0:13905)* (com.android.systemui/com.android.systemui.recent.RecentsActivity: 0:47) 
D/MtpService(11254): addStorageLocked 65537 /storage/emulated/0
I/iu.Environment(32741): update battery state; isPlugged? true*
I/iu.UploadsManager(32741): num queued entries: 0
I/iu.UploadsManager(32741): num updated entries: 0
I/iu.SyncManager(32741): NEXT; no task
I/iu.FingerprintManager(32741): Start processing all media
I/GCoreUlr(19200): Starting service, intent=Intent { act=com.google.android.location.reporting.ACTION_UPDATE_WORLD cmp=com.google.android.gms/com.google.android.location.reporting.service.DispatchingService (has extras) }, extras=Bundle[{receiverAction=android.intent.action.ACTION_POWER_CONNECTED}]
I/iu.FingerprintManager(32741): Start processing media store URI: content://media/external/images/media
I/GCoreUlr(19200): DispatchingService.onCreate()
D/PicasaUploader(12716):    wifiOnlyPhoto changed to true
D/PicasaUploader(12716):    wifiOnlyVideo changed to true
D/PicasaUploader(12716):    syncOnBattery changed to true
D/PicasaUploaderSync(12716): sync account database
D/PicasaUploaderSync(12716): accounts in DB=1
D/PicasaUploaderSyncManager(12716): active network: NetworkInfo: type: WIFI[], state: CONNECTED/CONNECTED, reason: (unspecified), extra: "Moulin Rouge", roaming: false, failover: false, isAvailable: true, isConnectedToProvisioningNetwork: false
D/PicasaUploaderSyncManager(12716): background data: true
I/SBar.NetworkController( 1119): refreshSignalCluster: mobile: Signal=zz_moto_stat_sys_signal_1_fully_wide Roaming=(none) mSimIconId=(none) Accessibility="Phone one bar.","Not roaming.",""
I/MDMCTBK (  273): NetlinkHandler, power_supply subsys
I/MDMCTBK (  273): NetlinkHandler, usbChargerStateChanged
I/MDMCTBK (  273): checkDefaultInst, current pid is = 273
I/MDMCTBK (  273): checkDefaultInst, pid match
I/MDMCTBK (  273): MdmCutbackHndler,readFromFile = /sys/class/power_supply/usb/online
I/MDMCTBK (  273): MdmCutbackHndler,readFromFile = 
E/MDMCTBK (  273): MdmCutbackHndler,Could not open ''
I/ActivityManager( 1025): Start proc com.motorola.genie for broadcast com.motorola.genie/.prefetch.PowerStatusReceiver: pid=12751 uid=10026 gids={50026, 3003, 1028, 1015}
D/PicasaUploaderSyncManager(12716): battery info: true
E/LocalFingerprints(32741): cannot compute fingerprint for: content://media/external/images/media/3224
E/LocalFingerprints(32741): java.io.FileNotFoundException: No such file or directory
E/LocalFingerprints(32741): 	at android.database.DatabaseUtils.readExceptionWithFileNotFoundExceptionFromParcel(DatabaseUtils.java:146)
E/LocalFingerprints(32741): 	at android.content.ContentProviderProxy.openTypedAssetFile(ContentProviderNative.java:682)
E/LocalFingerprints(32741): 	at android.content.ContentResolver.openTypedAssetFileDescriptor(ContentResolver.java:1063)
E/LocalFingerprints(32741): 	at android.content.ContentResolver.openAssetFileDescriptor(ContentResolver.java:904)
E/LocalFingerprints(32741): 	at android.content.ContentResolver.openInputStream(ContentResolver.java:629)
E/LocalFingerprints(32741): 	at com.google.android.libraries.social.autobackup.b.a.a(SourceFile:162)
E/LocalFingerprints(32741): 	at com.google.android.libraries.social.autobackup.r.a(SourceFile:146)
E/LocalFingerprints(32741): 	at com.google.android.libraries.social.autobackup.FingerprintScannerIntentService.onHandleIntent(SourceFile:80)
E/LocalFingerprints(32741): 	at android.app.IntentService$ServiceHandler.handleMessage(IntentService.java:65)
E/LocalFingerprints(32741): 	at android.os.Handler.dispatchMessage(Handler.java:102)
E/LocalFingerprints(32741): 	at android.os.Looper.loop(Looper.java:136)
E/LocalFingerprints(32741): 	at android.os.HandlerThread.run(HandlerThread.java:61)
I/iu.FingerprintManager(32741): Not inserting fingerprint into all photos because has empty content uri or fingerprint. uri: content://media/external/images/media/3224 fingerprint: null
I/iu.FingerprintManager(32741): Start processing media store URI: content://media/external/video/media
I/iu.FingerprintManager(32741): Start processing media store URI: content://media/phoneStorage/images/media
I/iu.FingerprintManager(32741): Start processing media store URI: content://media/phoneStorage/video/media
E/LocalFingerprints(27213): cannot compute fingerprint for: content://media/external/images/media/3224
E/LocalFingerprints(27213): java.io.FileNotFoundException: No such file or directory
E/LocalFingerprints(27213): 	at android.database.DatabaseUtils.readExceptionWithFileNotFoundExceptionFromParcel(DatabaseUtils.java:146)
E/LocalFingerprints(27213): 	at android.content.ContentProviderProxy.openTypedAssetFile(ContentProviderNative.java:682)
E/LocalFingerprints(27213): 	at android.content.ContentResolver.openTypedAssetFileDescriptor(ContentResolver.java:1063)
E/LocalFingerprints(27213): 	at android.content.ContentResolver.openAssetFileDescriptor(ContentResolver.java:904)
E/LocalFingerprints(27213): 	at android.content.ContentResolver.openInputStream(ContentResolver.java:629)
E/LocalFingerprints(27213): 	at hti.a(PG:160)
E/LocalFingerprints(27213): 	at hrm.a(PG:135)
E/LocalFingerprints(27213): 	at com.google.android.libraries.social.autobackup.FingerprintScannerIntentService.onHandleIntent(PG:77)
E/LocalFingerprints(27213): 	at android.app.IntentService$ServiceHandler.handleMessage(IntentService.java:65)
E/LocalFingerprints(27213): 	at android.os.Handler.dispatchMessage(Handler.java:102)
E/LocalFingerprints(27213): 	at android.os.Looper.loop(Looper.java:136)
