W/BroadcastQueue( 1025): Permission Denial: broadcasting Intent { act=android.net.conn.CONNECTIVITY_CHANGE flg=0x4000010 (has extras) } from null (pid=-1, uid=-1) requires com.facebook.permission.prod.FB_APP_COMMUNICATION due to registered receiver BroadcastFilter{42ac5b88 u0 ReceiverList{430816e8 31736 com.facebook.katana/10110/u0 remote:425ed0e0}}
I/ActivityManager( 1025): Start proc com.facebook.orca for content provider com.facebook.orca/.notify.MessengerLoggedInUserProvider: pid=31940 uid=10147 gids={50147, 3003, 1028, 1015}
I/ActivityManager( 1025): Process com.google.android.gms (pid 30254) has died.
W/ActivityManager( 1025): Scheduling restart of crashed service com.google.android.gms/.analytics.service.AnalyticsService in 1000ms
D/WifiService( 1025): Client connection lost with reason: 4
I/ActivityManager( 1025): Process com.bambuna.podcastaddict (pid 31158) has died.
W/ActivityManager( 1025): Scheduling restart of crashed service com.bambuna.podcastaddict/.service.PodcastAddictService in 203140ms
I/ActivityManager( 1025): Process com.mobisystems.ubreader_west (pid 31324) has died.
W/ActivityManager( 1025): Scheduling restart of crashed service com.mobisystems.ubreader_west/com.mobisystems.ubreader.launcher.service.NetworkService in 241908ms
I/ActivityManager( 1025): Process android.process.media (pid 31616) has died.
W/ActivityManager( 1025): Scheduling restart of crashed service com.android.providers.media/.MtpService in 10904ms
I/ActivityManager( 1025): Process com.qualcomm.atfwd (pid 29257) has died.
W/ActivityManager( 1025): Scheduling restart of crashed service com.qualcomm.atfwd/.AtFwdService in 20886ms
I/ActivityManager( 1025): Process com.google.android.gms.wearable (pid 31765) has died.
W/ActivityManager( 1025): Scheduling restart of crashed service com.google.android.gms/.wearable.service.WearableService in 30843ms
I/ActivityManager( 1025): Process com.motorola.audioeffects (pid 28828) has died.
W/ActivityManager( 1025): Scheduling restart of crashed service com.motorola.audioeffects/.AudioEffectsService in 40814ms
I/ActivityManager( 1025): Start proc com.google.android.gms for service com.google.android.gms/.analytics.service.AnalyticsService: pid=32663 uid=10022 gids={50022, 3003, 1007, 1028, 1015, 3002, 3001, 3007, 2001, 3006}
I/ActivityManager( 1025): Start proc com.google.android.gms.wearable for service com.google.android.gms/.wearable.service.WearableService: pid=321 uid=10022 gids={50022, 3003, 1007, 1028, 1015, 3002, 3001, 3007, 2001, 3006}
I/PowerManagerService( 1025): Nap time...
I/PowerManagerService( 1025): Going to sleep due to screen timeout...
I/PackageManager( 1025): Adding preferred activity ComponentInfo{com.android.mms/com.android.mms.ui.ComposeMessageActivity} for user 0 :
I/SFPerfTracer(  274):       trigger: vsync rate (-52.930%)	(28.242 vps)	(35.408 ms)* 	(278 drops)	(392 vsyncs)
I/SFPerfTracer(  274):      triggers: (rate: 1127:448469) (341422 sw vsyncs) (1050545 skipped) (392:3343543 vsyncs) (394:4192846)
I/PackageManager( 1025): Adding preferred activity ComponentInfo{com.android.mms/com.android.mms.ui.ComposeMessageActivity} for user 0 :
I/PackageManager( 1025): Adding preferred activity ComponentInfo{com.android.mms/com.android.mms.ui.ComposeMessageActivity} for user 0 :
I/ActivityManager( 1025): Start proc com.android.vending for broadcast com.android.vending/com.google.android.finsky.receivers.PackageMonitorReceiver$RegisteredReceiver: pid=1147 uid=10039 gids={50039, 3003, 1028, 1015}
I/PackageManager( 1025): Adding preferred activity ComponentInfo{com.android.mms/com.android.mms.ui.ComposeMessageActivity} for user 0 :
I/PackageManager( 1025): Adding preferred activity ComponentInfo{com.android.mms/com.android.mms.ui.ComposeMessageActivity} for user 0 :
I/PackageManager( 1025): Adding preferred activity ComponentInfo{com.android.mms/com.android.mms.ui.ComposeMessageActivity} for user 0 :
I/PackageManager( 1025): Adding preferred activity ComponentInfo{com.android.mms/com.android.mms.ui.ComposeMessageActivity} for user 0 :
I/PackageManager( 1025): Adding preferred activity ComponentInfo{com.android.mms/com.android.mms.ui.ComposeMessageActivity} for user 0 :
I/ActivityManager( 1025): Start proc com.motorola.MotGallery2 for broadcast com.motorola.MotGallery2/com.android.gallery3d.app.PackagesMonitor: pid=1198 uid=10034 gids={50034, 3003, 1028, 1015}
I/ActivityManager( 1025): Start proc android.process.media for content provider com.android.providers.downloads/.DownloadProvider: pid=1225 uid=10018 gids={50018, 1028, 1015, 1023, 1024, 2001, 3003, 3007}
I/ActivityManager( 1025): Process com.android.vending (pid 1147) has died.
I/openssl ( 1225): Crypto mode not selected, openssl will run on its regular mode.
I/openssl ( 1225): Crypto mode 0 already enabled
I/ActivityManager( 1025): Start proc com.google.android.googlequicksearchbox:search for broadcast com.google.android.googlequicksearchbox/com.google.android.search.core.icingsync.IcingCorporaChangedReceiver: pid=1249 uid=10045 gids={50045, 3003, 3001, 1028, 3002, 1015}
I/SFPerfTracer(  274):       trigger: frame rate (-47.261%)	(31.643 fps)	(31.602 ms) 	(19 drops)	(41 frames)
I/SFPerfTracer(  274):      triggers: (rate: 1255:50001) (compose: 0:251) (post: 0:21) (render: 87:10608) (41:786867 frames) (42:3320031)
D/SFPerfTracer(  274):        layers: (0:11) (DimLayer: 0:158)* (DimLayer: 0:134)* (FocusedStackFrame: 0:21983)* (StatusBar: 0:266210)* (NavigationBar: 0:204420)* (DimLayer: 0:25219)* (DimLayer: 0:4809)* (com.android.wallpaper.fall.FallWallpaper: 42:11200)* (co.giftmeapp.gift_me/co.giftmeapp.gift_me.GiftMe: 0:25)* (Keyguard: 1:101)* (ElectronBeam: 2:27)* 
I/ActivityManager( 1025): Process com.motorola.MotGallery2 (pid 1198) has died.
I/ActivityManager( 1025): Start proc com.google.android.partnersetup for content provider com.google.android.partnersetup/.RlzAppProvider: pid=1282 uid=10025 gids={50025, 3003}
I/ActivityManager( 1025): Process com.google.android.partnersetup (pid 1282) has died.
V/AlarmManager( 1025): sending alarm Alarm{42ab9d10 type 2 com.facebook.katana}
V/AlarmManager( 1025): sending alarm Alarm{42ab7928 type 2 com.facebook.orca}
V/AlarmManager( 1025): sending alarm Alarm{42ab7870 type 0 com.facebook.katana}
V/AlarmManager( 1025): sending alarm Alarm{42ab4c80 type 0 com.google.android.googlequicksearchbox}
W/BroadcastQueue( 1025): Permission Denial: broadcasting Intent { act=android.net.conn.INET_CONDITION_ACTION flg=0x4000010 (has extras) } from null (pid=-1, uid=-1) requires com.facebook.permission.prod.FB_APP_COMMUNICATION due to registered receiver BroadcastFilter{42d357b0 u0 ReceiverList{42db8c30 31940 com.facebook.orca/10147/u0 remote:43046548}}
W/BroadcastQueue( 1025): Permission Denial: broadcasting Intent { act=android.net.conn.CONNECTIVITY_CHANGE flg=0x4000010 (has extras) } from null (pid=-1, uid=-1) requires com.facebook.permission.prod.FB_APP_COMMUNICATION due to registered receiver BroadcastFilter{42d357b0 u0 ReceiverList{42db8c30 31940 com.facebook.orca/10147/u0 remote:43046548}}
--------- beginning of /dev/log/main
E/dalvikvm(31940): Could not find class 'com.facebook.push.adm.ADMBroadcastReceiver', referenced from method com.facebook.push.adm.a.b
W/dalvikvm(31940): VFY: unable to resolve const-class 6907 (Lcom/facebook/push/adm/ADMBroadcastReceiver;) in Lcom/facebook/push/adm/a;
D/dalvikvm(31940): VFY: replacing opcode 0x1c at 0x000e
I/dalvikvm(32663): Total arena pages for JIT: 11
I/dalvikvm(32663): Total arena pages for JIT: 12
I/dalvikvm(32663): Total arena pages for JIT: 13
I/dalvikvm(32663): Total arena pages for JIT: 14
W/msgr(:<default>):a(31940): Attempt to start service that is already started
W/msgr(:<default>):a(31940): Attempt to start service that is already started
I/Icing   (32663): updateResources: need to parse e{com.google.android.gms}
W/BroadcastQueue( 1025): Permission Denial: broadcasting Intent { act=android.net.conn.CONNECTIVITY_CHANGE flg=0x4000010 (has extras) } from null (pid=-1, uid=-1) requires com.facebook.permission.prod.FB_APP_COMMUNICATION due to registered receiver BroadcastFilter{42941020 u0 ReceiverList{42930710 31940 com.facebook.orca/10147/u0 remote:42946988}}
D/dalvikvm( 1025): GC_EXPLICIT freed 1467K, 38% free 31445K/50444K, paused 8ms+21ms, total 192ms
I/Icing   (32663): Internal init done: storage state 0
I/Icing   (32663): Post-init done
I/ActivityManager( 1025): Process com.google.android.googlequicksearchbox:search (pid 1249) has died.
I/ActivityManager( 1025): Process com.facebook.katana (pid 31736) has died.
D/WifiService( 1025): Client connection lost with reason: 4
W/ActivityManager( 1025): Scheduling restart of crashed service com.facebook.katana/com.facebook.push.mqtt.service.MqttPushService in 301160ms
W/ContextImpl( 1295): Calling a method in the system process without a qualified user: android.app.ContextImpl.startService:1608 android.content.ContextWrapper.startService:494 android.content.ContextWrapper.startService:494 com.motorola.motocare.internal.batterystats.BatteryStatsAction.onReceive:33 android.app.ActivityThread.handleReceiver:2434 
D/dalvikvm( 1295): GC_CONCURRENT freed 1921K, 46% free 9315K/17224K, paused 1ms+8ms, total 94ms
D/dalvikvm( 2458): GC_CONCURRENT freed 1963K, 45% free 9602K/17224K, paused 8ms+22ms, total 111ms
D/WifiStateMachine( 1025): handleMessage: E msg.what=131155
D/WifiStateMachine( 1025): processMsg: ConnectedState
D/WifiStateMachine( 1025): processMsg: L2ConnectedState
D/WifiStateMachine( 1025): handleMessage: X
D/Ulp_jni ( 1025): Location CB invoked
E/MtpServer( 1225): request read returned -1, errno: 5
E/UsbDebuggingManager( 1025): got -1 reading
I/MDMCTBK (  273): NetlinkHandler, power_supply subsys
I/MDMCTBK (  273): NetlinkHandler, usbChargerStateChanged
I/MDMCTBK (  273): checkDefaultInst, current pid is = 273
I/MDMCTBK (  273): checkDefaultInst, pid match
I/MDMCTBK (  273): MdmCutbackHndler,readFromFile = /sys/class/power_supply/usb/online
I/MDMCTBK (  273): MdmCutbackHndler,usb, new_state =0
I/MDMCTBK (  273): MdmCutbackHndler Status: Qmi =1, cg=0, ep=0, vc=0, dc=0, cn=0, wf=1, mf=0, wfd=0, apm=0, usb=0, stopqmi=0
I/MDMCTBK (  273): set_property_value, Enter
I/MDMCTBK (  273): set_property_value, Values updated in the property=1,0,0,0,0,0,1,0,0,0,0,0
I/MDMCTBK (  273): set_property_value, Values updated in the property file Successfully
I/MDMCTBK (  273): set_property_value, Exit
I/MDMCTBK (  273): setSarCtrl:set SAR over QMI, conn:0, ep:0,wf:1, mf:0, chrg:0
I/MDMCTBK (  273): send SAR ctrl over QMI
I/MDMCTBK (  273): MdmCutbackHndler,readFromFile = 
E/MDMCTBK (  273): MdmCutbackHndler,Could not open ''
V/UsbDeviceManager( 1025): USB UEVENT: {USB_STATE=DISCONNECTED, SUBSYSTEM=android_usb, DEVPATH=/devices/virtual/android_usb/android0, SEQNUM=412551, ACTION=change}
I/MDMCTBK (  273): NetlinkHandler, power_supply subsys
I/MDMCTBK (  273): NetlinkHandler, usbChargerStateChanged
I/MDMCTBK (  273): checkDefaultInst, current pid is = 273
I/MDMCTBK (  273): checkDefaultInst, pid match
I/MDMCTBK (  273): MdmCutbackHndler,readFromFile = /sys/class/power_supply/usb/online
I/MDMCTBK (  273): MdmCutbackHndler,readFromFile = 
E/MDMCTBK (  273): MdmCutbackHndler,Could not open ''
E/UsbDebuggingManager( 1025): Communication error: 
E/UsbDebuggingManager( 1025): java.io.IOException: No such file or directory
E/UsbDebuggingManager( 1025): 	at android.net.LocalSocketImpl.connectLocal(Native Method)
E/UsbDebuggingManager( 1025): 	at android.net.LocalSocketImpl.connect(LocalSocketImpl.java:287)
E/UsbDebuggingManager( 1025): 	at android.net.LocalSocket.connect(LocalSocket.java:130)
E/UsbDebuggingManager( 1025): 	at com.android.server.usb.UsbDebuggingManager.listenToSocket(UsbDebuggingManager.java:75)
E/UsbDebuggingManager( 1025): 	at com.android.server.usb.UsbDebuggingManager.run(UsbDebuggingManager.java:111)
E/UsbDebuggingManager( 1025): 	at java.lang.Thread.run(Thread.java:841)
I/MDMCTBK (  273): NetlinkHandler, power_supply subsys
I/MDMCTBK (  273): NetlinkHandler, usbChargerStateChanged
I/MDMCTBK (  273): checkDefaultInst, current pid is = 273
I/MDMCTBK (  273): checkDefaultInst, pid match
I/MDMCTBK (  273): MdmCutbackHndler,readFromFile = /sys/class/power_supply/usb/online
I/MDMCTBK (  273): MdmCutbackHndler,readFromFile = 
E/MDMCTBK (  273): MdmCutbackHndler,Could not open ''
I/MDMCTBK (  273): NetlinkHandler, power_supply subsys
I/MDMCTBK (  273): NetlinkHandler, usbChargerStateChanged
I/MDMCTBK (  273): checkDefaultInst, current pid is = 273
I/MDMCTBK (  273): checkDefaultInst, pid match
I/MDMCTBK (  273): MdmCutbackHndler,readFromFile = /sys/class/power_supply/usb/online
I/MDMCTBK (  273): MdmCutbackHndler,readFromFile = 
E/MDMCTBK (  273): MdmCutbackHndler,Could not open ''
I/MDMCTBK (  273): NetlinkHandler, power_supply subsys
I/MDMCTBK (  273): NetlinkHandler, usbChargerStateChanged
I/MDMCTBK (  273): checkDefaultInst, current pid is = 273
I/MDMCTBK (  273): checkDefaultInst, pid match
I/MDMCTBK (  273): MdmCutbackHndler,readFromFile = /sys/class/power_supply/usb/online
I/MDMCTBK (  273): MdmCutbackHndler,readFromFile = 
E/MDMCTBK (  273): MdmCutbackHndler,Could not open ''
I/MDMCTBK (  273): NetlinkHandler, power_supply subsys
I/MDMCTBK (  273): NetlinkHandler, usbChargerStateChanged
I/MDMCTBK (  273): checkDefaultInst, current pid is = 273
I/MDMCTBK (  273): checkDefaultInst, pid match
I/MDMCTBK (  273): MdmCutbackHndler,readFromFile = /sys/class/power_supply/usb/online
I/MDMCTBK (  273): MdmCutbackHndler,readFromFile = 
E/MDMCTBK (  273): MdmCutbackHndler,Could not open ''
I/PowerManagerService( 1025): Waking up from sleep...
D/Ulp_jni ( 1025): JNI:system_update. Event-3
I/ActivityManager( 1025): Start proc com.google.android.apps.uploader for broadcast com.google.android.apps.uploader/com.google.android.picasasync.BatteryReceiver: pid=1416 uid=10079 gids={50079, 3003, 1028, 1015}
D/LBSSystemMonitorService( 1025): handleMessage what - 8
I/AonLTInterfaceService( 1295): AodLT package version: 1000000
D/DeviceContext( 1025): handleMessage what - 1
V/KeyguardServiceDelegate( 1025): onScreenTurnedOn(showListener = com.android.internal.policy.impl.PhoneWindowManager$20@42a0a070)
E/Sensors ( 1025): CT406 set ALS poll interval: 1000
D/KeyguardHostView( 1119): showSecurityScreen(None)
D/KeyguardHostView( 1119): getSecurityView(None)
D/SurfaceFlinger(  274): Screen acquired, type=0 flinger=0xb769f450
D/qdhwcomposer(  274): hwc_blank: Unblanking display: 0
V/KeyguardServiceDelegate( 1025): **** SHOWN CALLED ****
I/WindowManager( 1025): Lock screen displayed!
D/DisplayPowerController( 1025): Unblocked screen on after 1524780151 ms
I/ProcessStatsService( 1025): Prepared write state in 39ms
D/WifiStateMachine( 1025): handleScreenStateChanged: true
D/WifiStateMachine( 1025): handleMessage: E msg.what=131154
D/WifiStateMachine( 1025): processMsg: ConnectedState
D/WifiStateMachine( 1025): processMsg: L2ConnectedState
D/WifiStateMachine( 1025): handleMessage: X
D/WifiStateMachine( 1025): handleMessage: E msg.what=131163
D/WifiStateMachine( 1025): processMsg: ConnectedState
D/WifiStateMachine( 1025): processMsg: L2ConnectedState
D/WifiStateMachine( 1025): processMsg: ConnectModeState
D/WifiStateMachine( 1025): processMsg: DriverStartedState
D/WifiStateMachine( 1025): processMsg: SupplicantStartedState
D/WifiStateMachine( 1025): processMsg: DefaultState
D/WifiStateMachine( 1025): handleMessage: X
D/WifiStateMachine( 1025): handleMessage: E msg.what=131127
D/WifiStateMachine( 1025): processMsg: ConnectedState
D/WifiStateMachine( 1025): processMsg: L2ConnectedState
D/WifiStateMachine( 1025): processMsg: ConnectModeState
D/WifiStateMachine( 1025): handleMessage: X
D/WifiStateMachine( 1025): handleMessage: E msg.what=131158
D/WifiStateMachine( 1025): processMsg: ConnectedState
D/WifiStateMachine( 1025): processMsg: L2ConnectedState
D/WifiStateMachine( 1025): processMsg: ConnectModeState
D/WifiStateMachine( 1025): processMsg: DriverStartedState
D/WifiStateMachine( 1025): setSuspendOptimizationsNative: 4 false
D/WifiStateMachine( 1025): handleMessage: X
D/WifiStateMachine( 1025): handleMessage: E msg.what=151572
D/WifiStateMachine( 1025): processMsg: ConnectedState
D/WifiStateMachine( 1025): processMsg: L2ConnectedState
I/SBar.NetworkController( 1119): refreshSignalCluster: wifi: mWifiConnected=true Wifi=zz_moto_stat_sys_wifi_signal_4_fully_wide Activity=zz_moto_stat_sys_wifi_inout_wide in=false out=false Accessibility="Wi-Fi signal full."
I/SBar.NetworkController( 1119): refreshSignalCluster: mobile: mHasMobileDataFeature=true DataTypeShown=(none) Activity=(none) in=false out=false Accessibility="3G"
D/WifiStateMachine( 1025): handleMessage: X
D/qdhwcomposer(  274): hwc_blank: Done unblanking display: 0
D/SurfaceControl( 1025): Excessive delay in unblankDisplay() while turning screen on: 179ms
D/Sensors ( 1025): AccelerationSensor: Set Sensors state 0x1
D/Sensors ( 1025): AccelerationSensor: set delay 200
D/Sensors ( 1025): AccelerationSensor: set delay 200
D/audio_hw_primary(  277): adev_set_parameters: enter: screen_state=on
V/msm8974_platform(  277): platform_set_parameters: enter: screen_state=on
V/msm8974_platform(  277): platform_set_parameters: exit with code(-2)
E/audio_a2dp_hw(  277): adev_set_parameters: ERROR: set param called even when stream out is null
I/SFPerfTracer(  274):      triggers: (rate: 1127:448469) (341545 sw vsyncs) (1050680 skipped) (0:3343546 vsyncs) (74:4192974)
D/Ulp_jni ( 1025): JNI:system_update. Event-0
D/PicasaUploader( 1416):    wifiOnlyPhoto changed to true
D/PicasaUploader( 1416):    wifiOnlyVideo changed to true
D/PicasaUploader( 1416):    syncOnBattery changed to true
I/iu.Environment(32663): update battery state; isPlugged? false
D/PicasaUploaderSync( 1416): sync account database
D/NetworkLogImpl(32663): Loaded NetworkSpeedPredictor
I/iu.Environment(32663): update connectivity state; isNetworkMetered? false, isRoaming? false, isBackgroundDataAllowed? true*
I/iu.Environment(32663): update battery state; isPlugged? false
D/PicasaUploaderSync( 1416): accounts in DB=1
I/GCoreUlr(31342): Starting service, intent=Intent { act=com.google.android.location.reporting.ACTION_UPDATE_WORLD cmp=com.google.android.gms/com.google.android.location.reporting.service.DispatchingService (has extras) }, extras=Bundle[{receiverAction=android.intent.action.ACTION_POWER_DISCONNECTED}]
D/PicasaUploaderSyncManager( 1416): active network: NetworkInfo: type: WIFI[], state: CONNECTED/CONNECTED, reason: (unspecified), extra: "Moulin Rouge", roaming: false, failover: false, isAvailable: true, isConnectedToProvisioningNetwork: false
D/PicasaUploaderSyncManager( 1416): background data: true
I/GCoreUlr(31342): DispatchingService.onCreate()
I/ActivityManager( 1025): Start proc com.motorola.genie for broadcast com.motorola.genie/.prefetch.PowerStatusReceiver: pid=1476 uid=10026 gids={50026, 3003, 1028, 1015}
D/PicasaUploaderSyncManager( 1416): battery info: false
I/GCoreUlr(31342): WorldUpdater received intent Intent { act=com.google.android.location.reporting.ACTION_UPDATE_WORLD cmp=com.google.android.gms/com.google.android.location.reporting.service.DispatchingService (has extras) } with receiverAction android.intent.action.ACTION_POWER_DISCONNECTED
I/ActivityManager( 1025): Start proc com.motorola.contextual.smartrules2 for broadcast com.motorola.contextual.smartrules2/com.motorola.batterysaverlib.BatteryNotificationReceiver: pid=1509 uid=10035 gids={50035, 3003, 1028, 1015, 3001, 3002}
I/GCoreUlr(31342): WorldUpdater:android.intent.action.ACTION_POWER_DISCONNECTED: Ensuring that reporting is stopped because of reasons: {account#2#=[InactiveReason{mVersionCode=0, mIdentifier=6, mName='ReportingNotEnabled'}, InactiveReason{mVersionCode=0, mIdentifier=14, mName='HistoryNotEnabled'}]}
I/ActivityManager( 1025): Start proc com.motorola.MotGallery2 for broadcast com.motorola.MotGallery2/com.viewdle.receivers.PowerConnectedReceiver: pid=1526 uid=10034 gids={50034, 3003, 1028, 1015}
I/GCoreUlr(31342): Unbound from all location providers
D/UsbDeviceManager( 1025): setEnabledFunctions mtp,adb makeDefault: false
D/UsbDeviceManager( 1025): broadcasting Intent { act=android.hardware.usb.action.USB_STATE flg=0x20000000 (has extras) } connected: false configured: false
I/GCoreUlr(31342): DispatchingService.onDestroy()
I/GCoreUlr(31342): Unbound from all location providers
I/ActivityManager( 1025): Start proc com.android.chrome for broadcast com.android.chrome/com.google.android.apps.chrome.precache.PrecacheServiceLauncher: pid=1539 uid=10057 gids={50057, 3003, 1028, 1015}
F/ProcessStats( 1025): Starting service ServiceState{42abda10 com.cleanmaster.fm.service.BackgroundService pkg=com.rhmsoft.fm proc=42abda10} without owner
F/ProcessStats( 1025): Starting service ServiceState{42a5c010 com.viber.voip.api.billing.InAppBillingService pkg=com.viber.voip proc=42a5c010} without owner
F/ProcessStats( 1025): Starting service ServiceState{4210e678 com.viber.service.VoipConnectorService pkg=com.viber.voip proc=4210e678} without owner
F/ProcessStats( 1025): Starting service ServiceState{42c48c08 com.whatsapp.messaging.MessageService pkg=com.whatsapp proc=42c48c08} without owner
F/ProcessStats( 1025): Starting service ServiceState{43399718 com.paypal.android.p2pmobile.services.AtoService pkg=com.paypal.android.p2pmobile proc=43399718} without owner
F/ProcessStats( 1025): Starting service ServiceState{43231e48 com.paypal.android.p2pmobile.services.WalletService pkg=com.paypal.android.p2pmobile proc=43231e48} without owner
F/ProcessStats( 1025): Starting service ServiceState{422b0fe8 com.mobisystems.ubreader.launcher.service.NetworkService pkg=com.mobisystems.ubreader_west proc=422b0fe8} without owner
F/ProcessStats( 1025): Starting service ServiceState{42962c18 com.bambuna.podcastaddict.service.PodcastAddictService pkg=com.bambuna.podcastaddict proc=42962c18} without owner
F/ProcessStats( 1025): Starting service ServiceState{42a4cec0 com.facebook.push.mqtt.service.MqttPushService pkg=com.facebook.katana proc=42a4cec0} without owner
F/ProcessStats( 1025): Starting service ServiceState{42a6ea20 com.motorola.audioeffects.AudioEffectsService pkg=com.motorola.audioeffects proc=42a6ea20} without owner
F/ProcessStats( 1025): Starting service ServiceState{42a7b468 com.qualcomm.atfwd.AtFwdService pkg=com.qualcomm.atfwd proc=42a7b468} without owner
F/ProcessStats( 1025): Starting service ServiceState{42abda10 com.cleanmaster.fm.service.BackgroundService pkg=com.rhmsoft.fm proc=42abda10} without owner
F/ProcessStats( 1025): Starting service ServiceState{42a5c010 com.viber.voip.api.billing.InAppBillingService pkg=com.viber.voip proc=42a5c010} without owner
F/ProcessStats( 1025): Starting service ServiceState{4210e678 com.viber.service.VoipConnectorService pkg=com.viber.voip proc=4210e678} without owner
F/ProcessStats( 1025): Starting service ServiceState{42c48c08 com.whatsapp.messaging.MessageService pkg=com.whatsapp proc=42c48c08} without owner
F/ProcessStats( 1025): Starting service ServiceState{43399718 com.paypal.android.p2pmobile.services.AtoService pkg=com.paypal.android.p2pmobile proc=43399718} without owner
F/ProcessStats( 1025): Starting service ServiceState{43231e48 com.paypal.android.p2pmobile.services.WalletService pkg=com.paypal.android.p2pmobile proc=43231e48} without owner
F/ProcessStats( 1025): Starting service ServiceState{422b0fe8 com.mobisystems.ubreader.launcher.service.NetworkService pkg=com.mobisystems.ubreader_west proc=422b0fe8} without owner
F/ProcessStats( 1025): Starting service ServiceState{42962c18 com.bambuna.podcastaddict.service.PodcastAddictService pkg=com.bambuna.podcastaddict proc=42962c18} without owner
F/ProcessStats( 1025): Starting service ServiceState{42a4cec0 com.facebook.push.mqtt.service.MqttPushService pkg=com.facebook.katana proc=42a4cec0} without owner
F/ProcessStats( 1025): Starting service ServiceState{42a6ea20 com.motorola.audioeffects.AudioEffectsService pkg=com.motorola.audioeffects proc=42a6ea20} without owner
F/ProcessStats( 1025): Starting service ServiceState{42a7b468 com.qualcomm.atfwd.AtFwdService pkg=com.qualcomm.atfwd proc=42a7b468} without owner
W/ContextImpl( 1295): Calling a method in the system process without a qualified user: android.app.ContextImpl.startService:1608 android.content.ContextWrapper.startService:494 android.content.ContextWrapper.startService:494 com.motorola.motocare.internal.batterystats.BatteryStatsAction.onReceive:33 android.app.ActivityThread.handleReceiver:2434 
V/AlarmManager( 1025): sending alarm Alarm{4250c6e8 type 3 android}
D/CCE     (18647): App motocare requested CCE to send settings
W/BroadcastQueue( 1025): Permission Denial: broadcasting Intent { act=com.motorola.cce.Actions.CCE_SEND_SETTINGS flg=0x10 (has extras) } from com.motorola.genie (pid=1476, uid=10026) is not exported from uid 10034 due to receiver com.motorola.MotGallery2/com.motorola.blur.service.blur.SharedSettingsReceiver
D/WifiStateMachine( 1025): handleMessage: E msg.what=151572
D/WifiStateMachine( 1025): processMsg: ConnectedState
D/WifiStateMachine( 1025): processMsg: L2ConnectedState
I/ActivityManager( 1025): Start proc com.google.android.googlequicksearchbox:search for broadcast com.google.android.googlequicksearchbox/com.google.android.search.core.UdcSettingBroadcastReceiver: pid=1557 uid=10045 gids={50045, 3003, 3001, 1028, 3002, 1015}
I/ActivityManager( 1025): Process com.google.android.apps.uploader (pid 1416) has died.
D/WifiStateMachine( 1025): handleMessage: X
F/ProcessStats( 1025): Starting service ServiceState{42abda10 com.cleanmaster.fm.service.BackgroundService pkg=com.rhmsoft.fm proc=42abda10} without owner
F/ProcessStats( 1025): Starting service ServiceState{42a5c010 com.viber.voip.api.billing.InAppBillingService pkg=com.viber.voip proc=42a5c010} without owner
F/ProcessStats( 1025): Starting service ServiceState{4210e678 com.viber.service.VoipConnectorService pkg=com.viber.voip proc=4210e678} without owner
F/ProcessStats( 1025): Starting service ServiceState{42c48c08 com.whatsapp.messaging.MessageService pkg=com.whatsapp proc=42c48c08} without owner
F/ProcessStats( 1025): Starting service ServiceState{43399718 com.paypal.android.p2pmobile.services.AtoService pkg=com.paypal.android.p2pmobile proc=43399718} without owner
F/ProcessStats( 1025): Starting service ServiceState{43231e48 com.paypal.android.p2pmobile.services.WalletService pkg=com.paypal.android.p2pmobile proc=43231e48} without owner
F/ProcessStats( 1025): Starting service ServiceState{422b0fe8 com.mobisystems.ubreader.launcher.service.NetworkService pkg=com.mobisystems.ubreader_west proc=422b0fe8} without owner
F/ProcessStats( 1025): Starting service ServiceState{42962c18 com.bambuna.podcastaddict.service.PodcastAddictService pkg=com.bambuna.podcastaddict proc=42962c18} without owner
F/ProcessStats( 1025): Starting service ServiceState{42a4cec0 com.facebook.push.mqtt.service.MqttPushService pkg=com.facebook.katana proc=42a4cec0} without owner
F/ProcessStats( 1025): Starting service ServiceState{42a6ea20 com.motorola.audioeffects.AudioEffectsService pkg=com.motorola.audioeffects proc=42a6ea20} without owner
F/ProcessStats( 1025): Starting service ServiceState{42a7b468 com.qualcomm.atfwd.AtFwdService pkg=com.qualcomm.atfwd proc=42a7b468} without owner
I/ActivityManager( 1025): Process com.motorola.genie (pid 1476) has died.
F/ProcessStats( 1025): Starting service ServiceState{42abda10 com.cleanmaster.fm.service.BackgroundService pkg=com.rhmsoft.fm proc=42abda10} without owner
F/ProcessStats( 1025): Starting service ServiceState{42a5c010 com.viber.voip.api.billing.InAppBillingService pkg=com.viber.voip proc=42a5c010} without owner
F/ProcessStats( 1025): Starting service ServiceState{4210e678 com.viber.service.VoipConnectorService pkg=com.viber.voip proc=4210e678} without owner
F/ProcessStats( 1025): Starting service ServiceState{42c48c08 com.whatsapp.messaging.MessageService pkg=com.whatsapp proc=42c48c08} without owner
F/ProcessStats( 1025): Starting service ServiceState{43399718 com.paypal.android.p2pmobile.services.AtoService pkg=com.paypal.android.p2pmobile proc=43399718} without owner
F/ProcessStats( 1025): Starting service ServiceState{43231e48 com.paypal.android.p2pmobile.services.WalletService pkg=com.paypal.android.p2pmobile proc=43231e48} without owner
F/ProcessStats( 1025): Starting service ServiceState{422b0fe8 com.mobisystems.ubreader.launcher.service.NetworkService pkg=com.mobisystems.ubreader_west proc=422b0fe8} without owner
F/ProcessStats( 1025): Starting service ServiceState{42962c18 com.bambuna.podcastaddict.service.PodcastAddictService pkg=com.bambuna.podcastaddict proc=42962c18} without owner
F/ProcessStats( 1025): Starting service ServiceState{42a4cec0 com.facebook.push.mqtt.service.MqttPushService pkg=com.facebook.katana proc=42a4cec0} without owner
F/ProcessStats( 1025): Starting service ServiceState{42a6ea20 com.motorola.audioeffects.AudioEffectsService pkg=com.motorola.audioeffects proc=42a6ea20} without owner
F/ProcessStats( 1025): Starting service ServiceState{42a7b468 com.qualcomm.atfwd.AtFwdService pkg=com.qualcomm.atfwd proc=42a7b468} without owner
I/ActivityManager( 1025): Process com.motorola.contextual.smartrules2 (pid 1509) has died.
I/ActivityManager( 1025): Process com.android.chrome (pid 1539) has died.
I/ActivityManager( 1025): Process com.motorola.MotGallery2 (pid 1526) has died.
I/ActivityManager( 1025): Start proc com.google.android.partnersetup for content provider com.google.android.partnersetup/.RlzAppProvider: pid=1580 uid=10025 gids={50025, 3003}
D/dalvikvm(  275): GC_EXPLICIT freed 43K, 48% free 9011K/17224K, paused 1ms+3ms, total 22ms
D/dalvikvm(  275): GC_EXPLICIT freed <1K, 48% free 9011K/17224K, paused 2ms+2ms, total 19ms
I/dalvikvm( 1557): Could not find method android.content.pm.PackageManager.getPackageInstaller, referenced from method com.google.android.gms.common.e.p
W/dalvikvm( 1557): VFY: unable to resolve virtual method 901: Landroid/content/pm/PackageManager;.getPackageInstaller ()Landroid/content/pm/PackageInstaller;
D/dalvikvm( 1557): VFY: replacing opcode 0x6e at 0x000b
D/dalvikvm(  275): GC_EXPLICIT freed <1K, 48% free 9011K/17224K, paused 1ms+2ms, total 20ms
I/MDMCTBK (  273): NetlinkHandler, power_supply subsys
I/MDMCTBK (  273): NetlinkHandler, usbChargerStateChanged
I/MDMCTBK (  273): checkDefaultInst, current pid is = 273
I/MDMCTBK (  273): checkDefaultInst, pid match
I/MDMCTBK (  273): MdmCutbackHndler,readFromFile = /sys/class/power_supply/usb/online
I/MDMCTBK (  273): MdmCutbackHndler,readFromFile = 
E/MDMCTBK (  273): MdmCutbackHndler,Could not open ''
I/ActivityManager( 1025): Start proc com.google.android.apps.maps for broadcast com.google.android.apps.maps/com.google.android.apps.gmm.iamhere.ble.StartBleServiceReceiver: pid=1599 uid=10064 gids={50064, 3003, 1028, 1015, 3002, 3001}
D/dalvikvm( 2458): GC_CONCURRENT freed 1912K, 44% free 9652K/17224K, paused 2ms+3ms, total 21ms
I/MDMCTBK (  273): NetlinkHandler, power_supply subsys
I/MDMCTBK (  273): NetlinkHandler, usbChargerStateChanged
I/MDMCTBK (  273): checkDefaultInst, current pid is = 273
I/MDMCTBK (  273): checkDefaultInst, pid match
I/MDMCTBK (  273): MdmCutbackHndler,readFromFile = /sys/class/power_supply/usb/online
I/MDMCTBK (  273): MdmCutbackHndler,readFromFile = 
E/MDMCTBK (  273): MdmCutbackHndler,Could not open ''
D/dalvikvm( 1599): Trying to load lib /data/app-lib/com.google.android.apps.maps-2/libcrashreporterer.so 0x41fa6a08
D/dalvikvm( 1599): Added shared lib /data/app-lib/com.google.android.apps.maps-2/libcrashreporterer.so 0x41fa6a08
D/dalvikvm( 1599): Trying to load lib /data/app-lib/com.google.android.apps.maps-2/libgmm-jni.so 0x41fa6a08
D/dalvikvm( 1599): Added shared lib /data/app-lib/com.google.android.apps.maps-2/libgmm-jni.so 0x41fa6a08
I/MDMCTBK (  273): NetlinkHandler, power_supply subsys
I/MDMCTBK (  273): NetlinkHandler, usbChargerStateChanged
I/MDMCTBK (  273): checkDefaultInst, current pid is = 273
I/MDMCTBK (  273): checkDefaultInst, pid match
I/MDMCTBK (  273): MdmCutbackHndler,readFromFile = /sys/class/power_supply/usb/online
I/MDMCTBK (  273): MdmCutbackHndler,usb, new_state =1
I/MDMCTBK (  273): MdmCutbackHndler Status: Qmi =1, cg=0, ep=0, vc=0, dc=0, cn=0, wf=1, mf=0, wfd=0, apm=0, usb=1, stopqmi=0
I/MDMCTBK (  273): set_property_value, Enter
I/MDMCTBK (  273): set_property_value, Values updated in the property=1,0,0,0,0,0,1,0,0,0,1,0
I/MDMCTBK (  273): set_property_value, Values updated in the property file Successfully
I/MDMCTBK (  273): set_property_value, Exit
I/MDMCTBK (  273): setSarCtrl:set SAR over QMI, conn:0, ep:0,wf:1, mf:0, chrg:1
I/MDMCTBK (  273): send SAR ctrl over QMI
I/MDMCTBK (  273): MdmCutbackHndler,readFromFile = 
E/MDMCTBK (  273): MdmCutbackHndler,Could not open ''
V/UsbDeviceManager( 1025): USB UEVENT: {USB_STATE=CONNECTED, SUBSYSTEM=android_usb, DEVPATH=/devices/virtual/android_usb/android0, SEQNUM=412566, ACTION=change}
V/UsbDeviceManager( 1025): USB UEVENT: {USB_STATE=DISCONNECTED, SUBSYSTEM=android_usb, DEVPATH=/devices/virtual/android_usb/android0, SEQNUM=412567, ACTION=change}
I/MDMCTBK (  273): NetlinkHandler, power_supply subsys
I/MDMCTBK (  273): NetlinkHandler, usbChargerStateChanged
I/MDMCTBK (  273): checkDefaultInst, current pid is = 273
I/MDMCTBK (  273): checkDefaultInst, pid match
I/MDMCTBK (  273): MdmCutbackHndler,readFromFile = /sys/class/power_supply/usb/online
I/MDMCTBK (  273): MdmCutbackHndler,readFromFile = 
E/MDMCTBK (  273): MdmCutbackHndler,Could not open ''
D/UsbDeviceManager( 1025): broadcasting Intent { act=android.hardware.usb.action.USB_STATE flg=0x20000000 (has extras) } connected: true configured: false
D/StrictMode( 1599): StrictMode policy violation; ~duration=172 ms: android.os.StrictMode$StrictModeDiskReadViolation: policy=31 violation=2
D/StrictMode( 1599): 	at android.os.StrictMode$AndroidBlockGuardPolicy.onReadFromDisk(StrictMode.java:1135)
D/StrictMode( 1599): 	at libcore.io.BlockGuardOs.open(BlockGuardOs.java:106)
D/StrictMode( 1599): 	at libcore.io.IoUtils.canOpenReadOnly(IoUtils.java:163)
D/StrictMode( 1599): 	at dalvik.system.DexPathList.findLibrary(DexPathList.java:384)
D/StrictMode( 1599): 	at dalvik.system.BaseDexClassLoader.findLibrary(BaseDexClassLoader.java:77)
D/StrictMode( 1599): 	at java.lang.Runtime.loadLibrary(Runtime.java:356)
D/StrictMode( 1599): 	at java.lang.System.loadLibrary(System.java:526)
D/StrictMode( 1599): 	at com.google.android.libraries.social.jni.crashreporter.NativeCrashHandler.a(PG:189)
D/StrictMode( 1599): 	at com.google.android.libraries.social.jni.crashreporter.NativeCrashHandler.a(PG:87)
D/StrictMode( 1599): 	at com.google.android.apps.gmm.base.app.d.<init>(PG:562)
D/StrictMode( 1599): 	at com.google.android.apps.gmm.base.app.GoogleMapsApplication.a(PG:156)
D/StrictMode( 1599): 	at com.google.android.apps.gmm.base.app.GoogleMapsApplication.onCreate(PG:111)
D/StrictMode( 1599): 	at android.app.Instrumentation.callApplicationOnCreate(Instrumentation.java:1030)
D/StrictMode( 1599): 	at android.app.ActivityThread.handleBindApplication(ActivityThread.java:4409)
D/StrictMode( 1599): 	at android.app.ActivityThread.access$1500(ActivityThread.java:139)
D/StrictMode( 1599): 	at android.app.ActivityThread$H.handleMessage(ActivityThread.java:1270)
D/StrictMode( 1599): 	at android.os.Handler.dispatchMessage(Handler.java:102)
D/StrictMode( 1599): 	at android.os.Looper.loop(Looper.java:136)
D/StrictMode( 1599): 	at android.app.ActivityThread.main(ActivityThread.java:5086)
D/StrictMode( 1599): 	at java.lang.reflect.Method.invokeNative(Native Method)
D/StrictMode( 1599): 	at java.lang.reflect.Method.invoke(Method.java:515)
D/StrictMode( 1599): 	at com.android.internal.os.ZygoteInit$MethodAndArgsCaller.run(ZygoteInit.java:785)
D/StrictMode( 1599): 	at com.android.internal.os.ZygoteInit.main(ZygoteInit.java:601)
D/StrictMode( 1599): 	at dalvik.system.NativeStart.main(Native Method)
D/StrictMode( 1599): StrictMode policy violation; ~duration=166 ms: android.os.StrictMode$StrictModeDiskReadViolation: policy=31 violation=2
D/StrictMode( 1599): 	at android.os.StrictMode$AndroidBlockGuardPolicy.onReadFromDisk(StrictMode.java:1135)
D/StrictMode( 1599): 	at android.app.SharedPreferencesImpl.awaitLoadedLocked(SharedPreferencesImpl.java:203)
D/StrictMode( 1599): 	at android.app.SharedPreferencesImpl.getBoolean(SharedPreferencesImpl.java:260)
D/StrictMode( 1599): 	at android.preference.PreferenceManager.setDefaultValues(PreferenceManager.java:481)
D/StrictMode( 1599): 	at com.google.android.apps.gmm.shared.d.a.a(PG:1086)
D/StrictMode( 1599): 	at com.google.android.apps.gmm.base.app.d.a(PG:1136)
D/StrictMode( 1599): 	at com.google.android.apps.gmm.base.app.d.<init>(PG:578)
D/StrictMode( 1599): 	at com.google.android.apps.gmm.base.app.GoogleMapsApplication.a(PG:156)
D/StrictMode( 1599): 	at com.google.android.apps.gmm.base.app.GoogleMapsApplication.onCreate(PG:111)
D/StrictMode( 1599): 	at android.app.Instrumentation.callApplicationOnCreate(Instrumentation.java:1030)
D/StrictMode( 1599): 	at android.app.ActivityThread.handleBindApplication(ActivityThread.java:4409)
D/StrictMode( 1599): 	at android.app.ActivityThread.access$1500(ActivityThread.java:139)
D/StrictMode( 1599): 	at android.app.ActivityThread$H.handleMessage(ActivityThread.java:1270)
D/StrictMode( 1599): 	at android.os.Handler.dispatchMessage(Handler.java:102)
D/StrictMode( 1599): 	at android.os.Looper.loop(Looper.java:136)
D/StrictMode( 1599): 	at android.app.ActivityThread.main(ActivityThread.java:5086)
D/StrictMode( 1599): 	at java.lang.reflect.Method.invokeNative(Native Method)
D/StrictMode( 1599): 	at java.lang.reflect.Method.invoke(Method.java:515)
D/StrictMode( 1599): 	at com.android.internal.os.ZygoteInit$MethodAndArgsCaller.run(ZygoteInit.java:785)
D/StrictMode( 1599): 	at com.android.internal.os.ZygoteInit.main(ZygoteInit.java:601)
D/StrictMode( 1599): 	at dalvik.system.NativeStart.main(Native Method)
D/StrictMode( 1599): StrictMode policy violation; ~duration=153 ms: android.os.StrictMode$StrictModeDiskReadViolation: policy=31 violation=2
D/StrictMode( 1599): 	at android.os.StrictMode$AndroidBlockGuardPolicy.onReadFromDisk(StrictMode.java:1135)
D/StrictMode( 1599): 	at libcore.io.BlockGuardOs.open(BlockGuardOs.java:106)
D/StrictMode( 1599): 	at libcore.io.IoUtils.canOpenReadOnly(IoUtils.java:163)
D/StrictMode( 1599): 	at dalvik.system.DexPathList.findLibrary(DexPathList.java:384)
D/StrictMode( 1599): 	at dalvik.system.BaseDexClassLoader.findLibrary(BaseDexClassLoader.java:77)
D/StrictMode( 1599): 	at java.lang.Runtime.loadLibrary(Runtime.java:356)
D/StrictMode( 1599): 	at java.lang.System.loadLibrary(System.java:526)
D/StrictMode( 1599): 	at com.google.android.apps.gmm.map.util.jni.NativeHelper.initialize(PG:42)
D/StrictMode( 1599): 	at com.google.android.apps.gmm.map.m.e.<clinit>(PG:89)
D/StrictMode( 1599): 	at com.google.android.apps.gmm.base.app.d.a(PG:1135)
D/StrictMode( 1599): 	at com.google.android.apps.gmm.base.app.d.<init>(PG:578)
D/StrictMode( 1599): 	at com.google.android.apps.gmm.base.app.GoogleMapsApplication.a(PG:156)
D/StrictMode( 1599): 	at com.google.android.apps.gmm.base.app.GoogleMapsApplication.onCreate(PG:111)
D/StrictMode( 1599): 	at android.app.Instrumentation.callApplicationOnCreate(Instrumentation.java:1030)
D/StrictMode( 1599): 	at android.app.ActivityThread.handleBindApplication(ActivityThread.java:4409)
D/StrictMode( 1599): 	at android.app.ActivityThread.access$1500(ActivityThread.java:139)
D/StrictMode( 1599): 	at android.app.ActivityThread$H.handleMessage(ActivityThread.java:1270)
D/StrictMode( 1599): 	at android.os.Handler.dispatchMessage(Handler.java:102)
D/StrictMode( 1599): 	at android.os.Looper.loop(Looper.java:136)
D/StrictMode( 1599): 	at android.app.ActivityThread.main(ActivityThread.java:5086)
D/StrictMode( 1599): 	at java.lang.reflect.Method.invokeNative(Native Method)
D/StrictMode( 1599): 	at java.lang.reflect.Method.invoke(Method.java:515)
D/StrictMode( 1599): 	at com.android.internal.os.ZygoteInit$MethodAndArgsCaller.run(ZygoteInit.java:785)
D/StrictMode( 1599): 	at com.android.internal.os.ZygoteInit.main(ZygoteInit.java:601)
D/StrictMode( 1599): 	at dalvik.system.NativeStart.main(Native Method)
D/StrictMode( 1599): StrictMode policy violation; ~duration=130 ms: android.os.StrictMode$StrictModeDiskReadViolation: policy=31 violation=2
D/StrictMode( 1599): 	at android.os.StrictMode$AndroidBlockGuardPolicy.onReadFromDisk(StrictMode.java:1135)
D/StrictMode( 1599): 	at libcore.io.BlockGuardOs.open(BlockGuardOs.java:106)
D/StrictMode( 1599): 	at libcore.io.IoBridge.open(IoBridge.java:393)
D/StrictMode( 1599): 	at java.io.FileInputStream.<init>(FileInputStream.java:78)
D/StrictMode( 1599): 	at android.app.ContextImpl.openFileInput(ContextImpl.java:909)
D/StrictMode( 1599): 	at android.content.ContextWrapper.openFileInput(ContextWrapper.java:179)
D/StrictMode( 1599): 	at com.google.android.apps.gmm.shared.f.h.a(PG:150)
D/StrictMode( 1599): 	at com.google.android.apps.gmm.map.m.e.a(PG:356)
D/StrictMode( 1599): 	at com.google.android.apps.gmm.base.app.d.a(PG:1135)
D/StrictMode( 1599): 	at com.google.android.apps.gmm.base.app.d.<init>(PG:578)
D/StrictMode( 1599): 	at com.google.android.apps.gmm.base.app.GoogleMapsApplication.a(PG:156)
D/StrictMode( 1599): 	at com.google.android.apps.gmm.base.app.GoogleMapsApplication.onCreate(PG:111)
D/StrictMode( 1599): 	at android.app.Instrumentation.callApplicationOnCreate(Instrumentation.java:1030)
D/StrictMode( 1599): 	at android.app.ActivityThread.handleBindApplication(ActivityThread.java:4409)
D/StrictMode( 1599): 	at android.app.ActivityThread.access$1500(ActivityThread.java:139)
D/StrictMode( 1599): 	at android.app.ActivityThread$H.handleMessage(ActivityThread.java:1270)
D/StrictMode( 1599): 	at android.os.Handler.dispatchMessage(Handler.java:102)
D/StrictMode( 1599): 	at android.os.Looper.loop(Looper.java:136)
D/StrictMode( 1599): 	at android.app.ActivityThread.main(ActivityThread.java:5086)
D/StrictMode( 1599): 	at java.lang.reflect.Method.invokeNative(Native Method)
D/StrictMode( 1599): 	at java.lang.reflect.Method.invoke(Method.java:515)
D/StrictMode( 1599): 	at com.android.internal.os.ZygoteInit$MethodAndArgsCaller.run(ZygoteInit.java:785)
D/StrictMode( 1599): 	at com.android.internal.os.ZygoteInit.main(ZygoteInit.java:601)
D/StrictMode( 1599): 	at dalvik.system.NativeStart.main(Native Method)
D/StrictMode( 1599): StrictMode policy violation; ~duration=127 ms: android.os.StrictMode$StrictModeDiskReadViolation: policy=31 violation=2
D/StrictMode( 1599): 	at android.os.StrictMode$AndroidBlockGuardPolicy.onReadFromDisk(StrictMode.java:1135)
D/StrictMode( 1599): 	at libcore.io.BlockGuardOs.read(BlockGuardOs.java:148)
D/StrictMode( 1599): 	at libcore.io.IoBridge.read(IoBridge.java:425)
D/StrictMode( 1599): 	at java.io.FileInputStream.read(FileInputStream.java:179)
D/StrictMode( 1599): 	at java.io.BufferedInputStream.read(BufferedInputStream.java:283)
D/StrictMode( 1599): 	at java.io.DataInputStream.read(DataInputStream.java:63)
D/StrictMode( 1599): 	at com.google.r.j.c(PG:1152)
D/StrictMode( 1599): 	at com.google.r.j.a(PG:121)
D/StrictMode( 1599): 	at com.google.v.a.a.dv.<init>(PG:24)
D/StrictMode( 1599): 	at com.google.v.a.a.dw.b(PG:68)
D/StrictMode( 1599): 	at com.google.v.a.a.dw.a(PG:62)
D/StrictMode( 1599): 	at com.google.r.e.b(PG:170)
D/StrictMode( 1599): 	at com.google.r.e.b(PG:21)
D/StrictMode( 1599): 	at com.google.android.apps.gmm.shared.f.h.a(PG:151)
D/StrictMode( 1599): 	at com.google.android.apps.gmm.map.m.e.a(PG:356)
D/StrictMode( 1599): 	at com.google.android.apps.gmm.base.app.d.a(PG:1135)
D/StrictMode( 1599): 	at com.google.android.apps.gmm.base.app.d.<init>(PG:578)
D/StrictMode( 1599): 	at com.google.android.apps.gmm.base.app.GoogleMapsApplication.a(PG:156)
D/StrictMode( 1599): 	at com.google.android.apps.gmm.base.app.GoogleMapsApplication.onCreate(PG:111)
D/StrictMode( 1599): 	at android.app.Instrumentation.callApplicationOnCreate(Instrumentation.java:1030)
D/StrictMode( 1599): 	at android.app.ActivityThread.handleBindApplication(ActivityThread.java:4409)
D/StrictMode( 1599): 	at android.app.ActivityThread.access$1500(ActivityThread.java:139)
D/StrictMode( 1599): 	at android.app.ActivityThread$H.handleMessage(ActivityThread.java:1270)
D/StrictMode( 1599): 	at android.os.Handler.dispatchMessage(Handler.java:102)
D/StrictMode( 1599): 	at android.os.Looper.loop(Looper.java:136)
D/StrictMode( 1599): 	at android.app.ActivityThread.main(ActivityThread.java:5086)
D/StrictMode( 1599): 	at java.lang.reflect.Method.invokeNative(Native Method)
D/StrictMode( 1599): 	at java.lang.reflect.Method.invoke(Method.java:515)
D/StrictMode( 1599): 	at com.android.internal.os.ZygoteInit$MethodAndArgsCaller.run(ZygoteInit.java:785)
D/StrictMode( 1599): 	at com.android.internal.os.ZygoteInit.main(ZygoteInit.java:601)
D/StrictMode( 1599): 	at dalvik.system.NativeStart.main(Native Method)
D/StrictMode( 1599): StrictMode policy violation; ~duration=124 ms: android.os.StrictMode$StrictModeDiskReadViolation: policy=31 violation=2
D/StrictMode( 1599): 	at android.os.StrictMode$AndroidBlockGuardPolicy.onReadFromDisk(StrictMode.java:1135)
D/StrictMode( 1599): 	at libcore.io.BlockGuardOs.read(BlockGuardOs.java:148)
D/StrictMode( 1599): 	at libcore.io.IoBridge.read(IoBridge.java:425)
D/StrictMode( 1599): 	at java.io.FileInputStream.read(FileInputStream.java:179)
D/StrictMode( 1599): 	at java.io.BufferedInputStream.read(BufferedInputStream.java:283)
D/StrictMode( 1599): 	at java.io.DataInputStream.read(DataInputStream.java:63)
D/StrictMode( 1599): 	at com.google.r.j.c(PG:1152)
D/StrictMode( 1599): 	at com.google.r.j.b(PG:1234)
D/StrictMode( 1599): 	at com.google.r.j.g(PG:548)
D/StrictMode( 1599): 	at com.google.v.a.a.dv.<init>(PG:43)
D/StrictMode( 1599): 	at com.google.v.a.a.dw.b(PG:68)
D/StrictMode( 1599): 	at com.google.v.a.a.dw.a(PG:62)
D/StrictMode( 1599): 	at com.google.r.e.b(PG:170)
D/StrictMode( 1599): 	at com.google.r.e.b(PG:21)
D/StrictMode( 1599): 	at com.google.android.apps.gmm.shared.f.h.a(PG:151)
D/StrictMode( 1599): 	at com.google.android.apps.gmm.map.m.e.a(PG:356)
D/StrictMode( 1599): 	at com.google.android.apps.gmm.base.app.d.a(PG:1135)
D/StrictMode( 1599): 	at com.google.android.apps.gmm.base.app.d.<init>(PG:578)
D/StrictMode( 1599): 	at com.google.android.apps.gmm.base.app.GoogleMapsApplication.a(PG:156)
D/StrictMode( 1599): 	at com.google.android.apps.gmm.base.app.GoogleMapsApplication.onCreate(PG:111)
D/StrictMode( 1599): 	at android.app.Instrumentation.callApplicationOnCreate(Instrumentation.java:1030)
D/StrictMode( 1599): 	at android.app.ActivityThread.handleBindApplication(ActivityThread.java:4409)
D/StrictMode( 1599): 	at android.app.ActivityThread.access$1500(ActivityThread.java:139)
D/StrictMode( 1599): 	at android.app.ActivityThread$H.handleMessage(ActivityThread.java:1270)
D/StrictMode( 1599): 	at android.os.Handler.dispatchMessage(Handler.java:102)
D/StrictMode( 1599): 	at android.os.Looper.loop(Looper.java:136)
D/StrictMode( 1599): 	at android.app.ActivityThread.main(ActivityThread.java:5086)
D/StrictMode( 1599): 	at java.lang.reflect.Method.invokeNative(Native Method)
D/StrictMode( 1599): 	at java.lang.reflect.Method.invoke(Method.java:515)
D/StrictMode( 1599): 	at com.android.internal.os.ZygoteInit$MethodAndArgsCaller.run(ZygoteInit.java:785)
D/StrictMode( 1599): 	at com.android.internal.os.ZygoteInit.main(ZygoteInit.java:601)
D/StrictMode( 1599): 	at dalvik.system.NativeStart.main(Native Method)
F/ProcessStats( 1025): Starting service ServiceState{42abda10 com.cleanmaster.fm.service.BackgroundService pkg=com.rhmsoft.fm proc=42abda10} without owner
F/ProcessStats( 1025): Starting service ServiceState{42a5c010 com.viber.voip.api.billing.InAppBillingService pkg=com.viber.voip proc=42a5c010} without owner
W/ActivityThread( 1599): ClassLoader.loadClass: The class loader returned by Thread.getContextClassLoader() may fail for processes that host multiple applications. You should explicitly specify a context class loader. For example: Thread.setContextClassLoader(getClass().getClassLoader());
I/dalvikvm( 1599): Could not find method android.os.PowerManager.isPowerSaveMode, referenced from method com.google.android.apps.gmm.iamhere.ble.m.b
W/dalvikvm( 1599): VFY: unable to resolve virtual method 1246: Landroid/os/PowerManager;.isPowerSaveMode ()Z
D/dalvikvm( 1599): VFY: replacing opcode 0x6e at 0x0074
F/ProcessStats( 1025): Starting service ServiceState{4210e678 com.viber.service.VoipConnectorService pkg=com.viber.voip proc=4210e678} without owner
F/ProcessStats( 1025): Starting service ServiceState{42c48c08 com.whatsapp.messaging.MessageService pkg=com.whatsapp proc=42c48c08} without owner
F/ProcessStats( 1025): Starting service ServiceState{43399718 com.paypal.android.p2pmobile.services.AtoService pkg=com.paypal.android.p2pmobile proc=43399718} without owner
I/MDMCTBK (  273): NetlinkHandler, power_supply subsys
I/MDMCTBK (  273): NetlinkHandler, usbChargerStateChanged
I/MDMCTBK (  273): checkDefaultInst, current pid is = 273
I/MDMCTBK (  273): checkDefaultInst, pid match
I/MDMCTBK (  273): MdmCutbackHndler,readFromFile = /sys/class/power_supply/usb/online
I/MDMCTBK (  273): MdmCutbackHndler,readFromFile = 
E/MDMCTBK (  273): MdmCutbackHndler,Could not open ''
F/ProcessStats( 1025): Starting service ServiceState{43231e48 com.paypal.android.p2pmobile.services.WalletService pkg=com.paypal.android.p2pmobile proc=43231e48} without owner
F/ProcessStats( 1025): Starting service ServiceState{422b0fe8 com.mobisystems.ubreader.launcher.service.NetworkService pkg=com.mobisystems.ubreader_west proc=422b0fe8} without owner
F/ProcessStats( 1025): Starting service ServiceState{42962c18 com.bambuna.podcastaddict.service.PodcastAddictService pkg=com.bambuna.podcastaddict proc=42962c18} without owner
V/UsbDeviceManager( 1025): USB UEVENT: {USB_STATE=CONNECTED, SUBSYSTEM=android_usb, DEVPATH=/devices/virtual/android_usb/android0, SEQNUM=412570, ACTION=change}
