D/PowerManagerService(  588): releaseWakeLock(424e27f0): PARTIAL_WAKE_LOCK , tag=BatteryServiceUpdateStats, flags=0x1
D/BatteryService(  588): updateBatteryStats: update triggered by UEvent.
D/PowerManagerService(  588): acquireWakeLock(424c61b0): PARTIAL_WAKE_LOCK , tag=BatteryServiceUpdateStats, flags=0x1, pid=588, uid=1000, mUserState=0x3
D/WifiService(  588): ACTION_BATTERY_CHANGED pluggedType: 2
D/PowerManagerService(  588): runHtcPowerSaverCheck ======================================
D/NotificationService(  588): mIntentReceiver() Intent.ACTION_BATTERY_CHANGED
D/PowerUI (  811): closing low battery warning: level=19
D/PowerUI (  811): plugged = true, health = 2, mBatteryLevel = 19, mPluggedBatteryLevel = 12, mLowBatteryWarningLevel2 = 25, mshowLowChargingWarning2 = true
D/PowerManagerService(  588): releaseWakeLock(424c61b0): PARTIAL_WAKE_LOCK , tag=BatteryServiceUpdateStats, flags=0x1
D/TELEPHONY_CALLBACK(  811): @onSignalStrengthChanged: SignalStrength: 3 -1 -1 -1 -1 -1 -1 -1 -1 -1 2147483647 -1 gsm|lte
D/StatusBar.NetworkController(  811): dumpState[hasService=true ServiceState=0 home 3 3 27202  HSPA CSS not supported -1 -1 RoamInd=-1 DefRoamInd=-1EriInd= -1EriMode= -1RadioPowerSv: false EmergOnly=false PhoneType: 1 IsCdma=false SimState=UNKNOWN GprsState=0 DataState=Disconnected DataActivity=NONE NetworkType=HSPA HtcModemLinkOn=false HspaDataDistinquishable=true]
D/SIGNAL_ICON(  811): updateTelephonySignalStrength
D/SIGNAL_ICON(  811): fakeui srv=0 mTimerEnabled=false asu=3
D/SIGNAL_ICON(  811): asu=3
D/SIGNAL_ICON(  811): SUPPORT_5_LEVEL_SIGNAL
D/SIGNAL_ICON(  811): mapTelephonySignalStrength
D/SIGNAL_ICON(  811): maxLevel=5 asu=3 networkType=HSPA
D/SIGNAL_ICON(  811): return iconLevel=1
D/StatusBar.NetworkController(  811): dumpIconState[dataVisible=false dataIconId=stat_sys_data_out_3g_plus signalIconId=stat_sys_5signal_1 wifiVisible=true wifiIconId=stat_sys_wifi_signal_4 airplaneMode=false]
D/TELEPHONY_CALLBACK(  811): @onSignalStrengthChanged: SignalStrength: 3 -1 -1 -1 -1 -1 -1 -1 -1 -1 2147483647 -1 gsm|lte
D/StatusBar.NetworkController(  811): dumpState[hasService=true ServiceState=0 home 3 3 27202  HSPA CSS not supported -1 -1 RoamInd=-1 DefRoamInd=-1EriInd= -1EriMode= -1RadioPowerSv: false EmergOnly=false PhoneType: 1 IsCdma=false SimState=UNKNOWN GprsState=0 DataState=Disconnected DataActivity=NONE NetworkType=HSPA HtcModemLinkOn=false HspaDataDistinquishable=true]
D/SIGNAL_ICON(  811): updateTelephonySignalStrength
D/SIGNAL_ICON(  811): fakeui srv=0 mTimerEnabled=false asu=3
D/SIGNAL_ICON(  811): asu=3
D/SIGNAL_ICON(  811): SUPPORT_5_LEVEL_SIGNAL
D/SIGNAL_ICON(  811): mapTelephonySignalStrength
D/SIGNAL_ICON(  811): maxLevel=5 asu=3 networkType=HSPA
D/SIGNAL_ICON(  811): return iconLevel=1
D/StatusBar.NetworkController(  811): dumpIconState[dataVisible=false dataIconId=stat_sys_data_out_3g_plus signalIconId=stat_sys_5signal_1 wifiVisible=true wifiIconId=stat_sys_wifi_signal_4 airplaneMode=false]
D/PowerManagerService(  588): acquireWakeLock(42075038): PARTIAL_WAKE_LOCK , tag=AlarmManager, flags=0x1, pid=588, uid=1000, mUserState=0x3
V/AlarmManager(  588): sending alarm PendingIntent{42ae2bd8: PendingIntentRecord{42a86c48 com.google.android.gms broadcastIntent}}, intent=com.google.android.intent.action.MCS_HEARTBEAT, type=ELAPSED_REALTIME_WAKEUP, count=1, when=167127400, repeateInterval=0
D/PowerManagerService(  588): acquireWakeLock(42010e40): PARTIAL_WAKE_LOCK , tag=GCM_HB_ALARM, flags=0x1, pid=27794, uid=10017, mUserState=0x3
D/PowerManagerService(  588): releaseWakeLock(42075038): PARTIAL_WAKE_LOCK , tag=AlarmManager, flags=0x1
D/PowerManagerService(  588): releaseWakeLock(42010e40): PARTIAL_WAKE_LOCK , tag=GCM_HB_ALARM, flags=0x1
D/PowerManagerService(  588): acquireWakeLock(41f3fbe0): PARTIAL_WAKE_LOCK , tag=*net_scheduler*, flags=0x1, pid=27794, uid=10017, mUserState=0x3
D/PowerManagerService(  588): releaseWakeLock(41f3fbe0): PARTIAL_WAKE_LOCK , tag=*net_scheduler*, flags=0x1
D/PowerManagerService(  588): acquireWakeLock(41ef5800): PARTIAL_WAKE_LOCK , tag=GCM_CONN, flags=0x1, pid=27794, uid=10017, mUserState=0x3
D/ConnectivityService(  588): reportInetCondition for net 1, percentage: 100 by 27794/10017
D/ConnectivityService(  588): handleInetConditionChange: net=1, condition=100,mActiveDefaultNetwork=1
D/ConnectivityService(  588): handleInetConditionChange: starting a change hold
D/PowerManagerService(  588): acquireWakeLock(41cc0198): PARTIAL_WAKE_LOCK , tag=*net_scheduler*, flags=0x1, pid=27794, uid=10017, mUserState=0x3
D/PowerManagerService(  588): releaseWakeLock(41cc0198): PARTIAL_WAKE_LOCK , tag=*net_scheduler*, flags=0x1
D/PowerManagerService(  588): releaseWakeLock(41ef5800): PARTIAL_WAKE_LOCK , tag=GCM_CONN, flags=0x1
D/ConnectivityService(  588): handleInetConditionHoldEnd: net=1, condition=100, published condition=100
D/ConnectivityService(  588): sendStickyBroadcast: action=android.net.conn.INET_CONDITION_ACTION
D/WIFI_ICON(  811): updateConnectivity: type=1 connected=true
D/StatusBar.NetworkController(  811): dumpState[hasService=true ServiceState=0 home 3 3 27202  HSPA CSS not supported -1 -1 RoamInd=-1 DefRoamInd=-1EriInd= -1EriMode= -1RadioPowerSv: false EmergOnly=false PhoneType: 1 IsCdma=false SimState=UNKNOWN GprsState=0 DataState=Disconnected DataActivity=NONE NetworkType=HSPA HtcModemLinkOn=false HspaDataDistinquishable=true]
D/StatusBar.NetworkController(  811): dumpIconState[dataVisible=false dataIconId=stat_sys_data_out_3g_plus signalIconId=stat_sys_5signal_1 wifiVisible=true wifiIconId=stat_sys_wifi_signal_4 airplaneMode=false]
D/TELEPHONY_CALLBACK(  811): @onSignalStrengthChanged: SignalStrength: 4 -1 -1 -1 -1 -1 -1 -1 -1 -1 2147483647 -1 gsm|lte
D/StatusBar.NetworkController(  811): dumpState[hasService=true ServiceState=0 home 3 3 27202  HSPA CSS not supported -1 -1 RoamInd=-1 DefRoamInd=-1EriInd= -1EriMode= -1RadioPowerSv: false EmergOnly=false PhoneType: 1 IsCdma=false SimState=UNKNOWN GprsState=0 DataState=Disconnected DataActivity=NONE NetworkType=HSPA HtcModemLinkOn=false HspaDataDistinquishable=true]
D/SIGNAL_ICON(  811): updateTelephonySignalStrength
D/SIGNAL_ICON(  811): fakeui srv=0 mTimerEnabled=false asu=4
D/SIGNAL_ICON(  811): asu=4
D/SIGNAL_ICON(  811): SUPPORT_5_LEVEL_SIGNAL
D/SIGNAL_ICON(  811): mapTelephonySignalStrength
D/SIGNAL_ICON(  811): maxLevel=5 asu=4 networkType=HSPA
D/SIGNAL_ICON(  811): return iconLevel=2
D/SIGNAL_ICON(  811): refreshViews: mPhoneSignalIconId -> stat_sys_5signal_2
D/StatusBar.NetworkController(  811): dumpIconState[dataVisible=false dataIconId=stat_sys_data_out_3g_plus signalIconId=stat_sys_5signal_2 wifiVisible=true wifiIconId=stat_sys_wifi_signal_4 airplaneMode=false]
D/TELEPHONY_CALLBACK(  811): @onSignalStrengthChanged: SignalStrength: 4 -1 -1 -1 -1 -1 -1 -1 -1 -1 2147483647 -1 gsm|lte
D/StatusBar.NetworkController(  811): dumpState[hasService=true ServiceState=0 home 3 3 27202  HSPA CSS not supported -1 -1 RoamInd=-1 DefRoamInd=-1EriInd= -1EriMode= -1RadioPowerSv: false EmergOnly=false PhoneType: 1 IsCdma=false SimState=UNKNOWN GprsState=0 DataState=Disconnected DataActivity=NONE NetworkType=HSPA HtcModemLinkOn=false HspaDataDistinquishable=true]
D/SIGNAL_ICON(  811): updateTelephonySignalStrength
D/SIGNAL_ICON(  811): fakeui srv=0 mTimerEnabled=false asu=4
D/SIGNAL_ICON(  811): asu=4
D/SIGNAL_ICON(  811): SUPPORT_5_LEVEL_SIGNAL
D/SIGNAL_ICON(  811): mapTelephonySignalStrength
D/SIGNAL_ICON(  811): maxLevel=5 asu=4 networkType=HSPA
D/SIGNAL_ICON(  811): return iconLevel=2
D/StatusBar.NetworkController(  811): dumpIconState[dataVisible=false dataIconId=stat_sys_data_out_3g_plus signalIconId=stat_sys_5signal_2 wifiVisible=true wifiIconId=stat_sys_wifi_signal_4 airplaneMode=false]
D/PowerManagerService(  588): acquireWakeLock(42aba1d8): PARTIAL_WAKE_LOCK , tag=AlarmManager, flags=0x1, pid=588, uid=1000, mUserState=0x3
V/AlarmManager(  588): sending alarm PendingIntent{422c63f8: PendingIntentRecord{42482cd0 android broadcastIntent}}, intent=android.intent.action.TIME_TICK, type=RTC, count=1, when=1427825760000, repeateInterval=0
D/PowerManagerService(  588): releaseWakeLock(42aba1d8): PARTIAL_WAKE_LOCK , tag=AlarmManager, flags=0x1
D/TELEPHONY_CALLBACK(  811): @onSignalStrengthChanged: SignalStrength: 4 -1 -1 -1 -1 -1 -1 -1 -1 -1 2147483647 -1 gsm|lte
D/StatusBar.NetworkController(  811): dumpState[hasService=true ServiceState=0 home 3 3 27202  HSPA CSS not supported -1 -1 RoamInd=-1 DefRoamInd=-1EriInd= -1EriMode= -1RadioPowerSv: false EmergOnly=false PhoneType: 1 IsCdma=false SimState=UNKNOWN GprsState=0 DataState=Disconnected DataActivity=NONE NetworkType=HSPA HtcModemLinkOn=false HspaDataDistinquishable=true]
D/SIGNAL_ICON(  811): updateTelephonySignalStrength
D/SIGNAL_ICON(  811): fakeui srv=0 mTimerEnabled=false asu=4
D/SIGNAL_ICON(  811): asu=4
D/SIGNAL_ICON(  811): SUPPORT_5_LEVEL_SIGNAL
D/SIGNAL_ICON(  811): mapTelephonySignalStrength
D/SIGNAL_ICON(  811): maxLevel=5 asu=4 networkType=HSPA
D/SIGNAL_ICON(  811): return iconLevel=2
D/StatusBar.NetworkController(  811): dumpIconState[dataVisible=false dataIconId=stat_sys_data_out_3g_plus signalIconId=stat_sys_5signal_2 wifiVisible=true wifiIconId=stat_sys_wifi_signal_4 airplaneMode=false]
D/TELEPHONY_CALLBACK(  811): @onSignalStrengthChanged: SignalStrength: 3 -1 -1 -1 -1 -1 -1 -1 -1 -1 2147483647 -1 gsm|lte
D/StatusBar.NetworkController(  811): dumpState[hasService=true ServiceState=0 home 3 3 27202  HSPA CSS not supported -1 -1 RoamInd=-1 DefRoamInd=-1EriInd= -1EriMode= -1RadioPowerSv: false EmergOnly=false PhoneType: 1 IsCdma=false SimState=UNKNOWN GprsState=0 DataState=Disconnected DataActivity=NONE NetworkType=HSPA HtcModemLinkOn=false HspaDataDistinquishable=true]
D/SIGNAL_ICON(  811): updateTelephonySignalStrength
D/SIGNAL_ICON(  811): fakeui srv=0 mTimerEnabled=false asu=3
D/SIGNAL_ICON(  811): asu=3
D/SIGNAL_ICON(  811): SUPPORT_5_LEVEL_SIGNAL
D/SIGNAL_ICON(  811): mapTelephonySignalStrength
D/SIGNAL_ICON(  811): maxLevel=5 asu=3 networkType=HSPA
D/SIGNAL_ICON(  811): return iconLevel=1
D/SIGNAL_ICON(  811): refreshViews: mPhoneSignalIconId -> stat_sys_5signal_1
D/StatusBar.NetworkController(  811): dumpIconState[dataVisible=false dataIconId=stat_sys_data_out_3g_plus signalIconId=stat_sys_5signal_1 wifiVisible=true wifiIconId=stat_sys_wifi_signal_4 airplaneMode=false]
D/TELEPHONY_CALLBACK(  811): @onSignalStrengthChanged: SignalStrength: 3 -1 -1 -1 -1 -1 -1 -1 -1 -1 2147483647 -1 gsm|lte
D/StatusBar.NetworkController(  811): dumpState[hasService=true ServiceState=0 home 3 3 27202  HSPA CSS not supported -1 -1 RoamInd=-1 DefRoamInd=-1EriInd= -1EriMode= -1RadioPowerSv: false EmergOnly=false PhoneType: 1 IsCdma=false SimState=UNKNOWN GprsState=0 DataState=Disconnected DataActivity=NONE NetworkType=HSPA HtcModemLinkOn=false HspaDataDistinquishable=true]
D/SIGNAL_ICON(  811): updateTelephonySignalStrength
D/SIGNAL_ICON(  811): fakeui srv=0 mTimerEnabled=false asu=3
D/SIGNAL_ICON(  811): asu=3
D/SIGNAL_ICON(  811): SUPPORT_5_LEVEL_SIGNAL
D/SIGNAL_ICON(  811): mapTelephonySignalStrength
D/SIGNAL_ICON(  811): maxLevel=5 asu=3 networkType=HSPA
D/SIGNAL_ICON(  811): return iconLevel=1
D/StatusBar.NetworkController(  811): dumpIconState[dataVisible=false dataIconId=stat_sys_data_out_3g_plus signalIconId=stat_sys_5signal_1 wifiVisible=true wifiIconId=stat_sys_wifi_signal_4 airplaneMode=false]
D/BatteryService(  588): updateBatteryStats: auto update.
D/PowerManagerService(  588): acquireWakeLock(420f18f8): PARTIAL_WAKE_LOCK , tag=BatteryServiceUpdateStats, flags=0x1, pid=588, uid=1000, mUserState=0x3
D/PowerManagerService(  588): releaseWakeLock(420f18f8): PARTIAL_WAKE_LOCK , tag=BatteryServiceUpdateStats, flags=0x1
D/BatteryService(  588): updateBatteryStats: update triggered by UEvent.
D/PowerManagerService(  588): acquireWakeLock(42ae3b50): PARTIAL_WAKE_LOCK , tag=BatteryServiceUpdateStats, flags=0x1, pid=588, uid=1000, mUserState=0x3
D/WifiService(  588): ACTION_BATTERY_CHANGED pluggedType: 2
D/NotificationService(  588): mIntentReceiver() Intent.ACTION_BATTERY_CHANGED
D/PowerUI (  811): closing low battery warning: level=19
D/PowerManagerService(  588): runHtcPowerSaverCheck ======================================
D/PowerUI (  811): plugged = true, health = 2, mBatteryLevel = 19, mPluggedBatteryLevel = 12, mLowBatteryWarningLevel2 = 25, mshowLowChargingWarning2 = true
D/PowerManagerService(  588): releaseWakeLock(42ae3b50): PARTIAL_WAKE_LOCK , tag=BatteryServiceUpdateStats, flags=0x1
D/PowerManagerService(  588): acquireWakeLock(42653388): PARTIAL_WAKE_LOCK , tag=AlarmManager, flags=0x1, pid=588, uid=1000, mUserState=0x3
V/AlarmManager(  588): sending alarm PendingIntent{422c3de0: PendingIntentRecord{4297c158 android broadcastIntent}}, intent=android.net.wifi.DHCP_RENEW, type=ELAPSED_REALTIME_WAKEUP, count=1, when=167164626, repeateInterval=0
D/PowerManagerService(  588): acquireWakeLock(42512a38): PARTIAL_WAKE_LOCK , tag=DHCP, flags=0x1, pid=588, uid=1000, mUserState=0x3
D/PowerManagerService(  588): releaseWakeLock(42653388): PARTIAL_WAKE_LOCK , tag=AlarmManager, flags=0x1
D/WifiStateMachine(  588): handlePreDhcpSetup Held wake lock during DHCP
D/PowerManagerService(  588): acquireWakeLock(42072de0): PARTIAL_WAKE_LOCK , tag=WifiStateMachine, flags=0x1, pid=588, uid=1000, mUserState=0x3
D/PowerManagerService(  588): releaseWakeLock(42512a38): PARTIAL_WAKE_LOCK , tag=DHCP, flags=0x1
D/WifiStateMachine(  588): handlePostDhcpSetup release wake lock during DHCP
D/PowerManagerService(  588): releaseWakeLock(42072de0): PARTIAL_WAKE_LOCK , tag=WifiStateMachine, flags=0x1
D/ConnectivityService(  588): requestNetworkTransitionWakelock for WifiStateMachine  by WifiStateMachine
D/PowerManagerService(  588): acquireWakeLock(4242d150): PARTIAL_WAKE_LOCK , tag=ConnectivityService, flags=0x1, pid=588, uid=1000, mUserState=0x3
D/ConnectivityService(  588): ConnectivityChange for WIFI/: CONNECTING/VERIFYING_POOR_LINK, default=1
D/WifiStateMachine(  588): VerifyingLinkState: enableIpv6
D/ConnectivityService(  588): ConnectivityChange for WIFI/: CONNECTED/CONNECTED, default=1
V/ConnectivityService(  588): Policy requires mobile_dun/HSPA teardown quickly
D/MobileDataStateTracker(  588): dun: setTeardownRequested(true)
D/MobileDataStateTracker(  588): dun: setTeardownRequested(true)
V/ConnectivityService(  588): Policy requires mobile/HSPA teardown quickly
D/MobileDataStateTracker(  588): default: setTeardownRequested(true)
D/MobileDataStateTracker(  588): default: setTeardownRequested(true)
D/ConnectivityService(  588): Setting TCP values: [524288,1048576,2097152,262144,524288,1048576] which comes from [net.tcp.buffersize.wifi]
D/ConnectivityService(  588): handleConnectivityChange: address are the same reset per doReset linkProperty[1]: resetMask=0
D/ConnectivityService(  588): Removing 192.168.1.1/32 -> 0.0.0.0 for interface wlan0
D/ConnectivityService(  588): Removing 0.0.0.0/0 -> 192.168.1.1 for interface wlan0
D/ConnectivityService(  588): Adding 192.168.1.1/32 -> 0.0.0.0 for interface wlan0
D/ConnectivityService(  588): Adding 0.0.0.0/0 -> 192.168.1.1 for interface wlan0
D/ConnectivityService(  588): sendStickyBroadcast: action=android.net.conn.CONNECTIVITY_CHANGE_IMMEDIATE
D/PowerManagerService(  588): acquireWakeLock(426689b0): PARTIAL_WAKE_LOCK , tag=NetworkStats, flags=0x1, pid=588, uid=1000, mUserState=0x3
D/ConnectivityService(  588): sendStickyBroadcastDelayed: delayMs=1000, action=android.net.conn.CONNECTIVITY_CHANGE
I/ActivityManager(  588): Start proc com.android.settings for broadcast com.android.settings/.wifi.WifiStatusReceiver: pid=10249 uid=1000 gids={1015, 3002, 3001, 3003, 1028, 5006, 3007, 3006, 2001, 1007}
D/PowerManagerService(  588): releaseWakeLock(426689b0): PARTIAL_WAKE_LOCK , tag=NetworkStats, flags=0x1
I/ActivityManager(  588): Recipient 3634
I/ActivityManager(  588): Process com.qualcomm.wiper (pid 3634) has died.
W/ActivityManager(  588): Scheduling restart of crashed service com.qualcomm.wiper/.Wiper in 5000ms
D/PowerManagerService(  588): releaseWakeLock(4242d150): PARTIAL_WAKE_LOCK , tag=ConnectivityService, flags=0x1
D/ConnectivityService(  588): NetTransition Wakelock for WifiStateMachine released by timeout
D/ConnectivityService(  588): sendStickyBroadcast: action=android.net.conn.CONNECTIVITY_CHANGE
D/WifiService(  588): forceUpdateRSSI when title bar UI already can get RSSI change intent
D/WIFI_ICON(  811): updateConnectivity: type=1 connected=true
D/StatusBar.NetworkController(  811): dumpState[hasService=true ServiceState=0 home 3 3 27202  HSPA CSS not supported -1 -1 RoamInd=-1 DefRoamInd=-1EriInd= -1EriMode= -1RadioPowerSv: false EmergOnly=false PhoneType: 1 IsCdma=false SimState=UNKNOWN GprsState=0 DataState=Disconnected DataActivity=NONE NetworkType=HSPA HtcModemLinkOn=false HspaDataDistinquishable=true]
D/StatusBar.NetworkController(  811): dumpIconState[dataVisible=false dataIconId=stat_sys_data_out_3g_plus signalIconId=stat_sys_5signal_1 wifiVisible=true wifiIconId=stat_sys_wifi_signal_4 airplaneMode=false]
D/WifiStateMachine(  588): BroadcastRSSIForIMS, newrssi =-53 , oldRssi= -200
D/WIFI_ICON(  811): updateWifiState: action=android.net.wifi.RSSI_CHANGED newRssi=-53 freq=2412 newLevel=3 lastWifiLevel=3
D/StatusBar.NetworkController(  811): dumpIconState[dataVisible=false dataIconId=stat_sys_data_out_3g_plus signalIconId=stat_sys_5signal_1 wifiVisible=true wifiIconId=stat_sys_wifi_signal_4 airplaneMode=false]
D/LocationManagerService(  588): LocationProvider is AVAILABLE
D/PowerManagerService(  588): acquireWakeLock(426d5890): PARTIAL_WAKE_LOCK , tag=GpsLocationProvider, flags=0x1, pid=588, uid=1000, mUserState=0x3
D/PowerManagerService(  588): acquireWakeLock(427f0c78): PARTIAL_WAKE_LOCK , tag=SyncLoopWakeLock, flags=0x1, pid=588, uid=1000, mUserState=0x3
D/ConnectivityService(  588): reportInetCondition for net 1, percentage: 0 by 27794/10017
D/ConnectivityService(  588): handleInetConditionChange: net=1, condition=0,mActiveDefaultNetwork=1
D/ConnectivityService(  588): handleInetConditionChange: starting a change hold
D/PowerManagerService(  588): releaseWakeLock(427f0c78): PARTIAL_WAKE_LOCK , tag=SyncLoopWakeLock, flags=0x1
D/PowerManagerService(  588): releaseWakeLock(426d5890): PARTIAL_WAKE_LOCK , tag=GpsLocationProvider, flags=0x1
D/WifiStateMachine(  588): fetchRssiAndLinkSpeedNative send RSSIChange intent, SameSignalLevelCount =1
D/WIFI_ICON(  811): updateWifiState: action=android.net.wifi.RSSI_CHANGED newRssi=-59 freq=2412 newLevel=3 lastWifiLevel=3
D/StatusBar.NetworkController(  811): dumpIconState[dataVisible=false dataIconId=stat_sys_data_out_3g_plus signalIconId=stat_sys_5signal_1 wifiVisible=true wifiIconId=stat_sys_wifi_signal_4 airplaneMode=false]
D/PowerManagerService(  588): acquireWakeLock(430082a0): PARTIAL_WAKE_LOCK , tag=UlrDispatchingService, flags=0x1, pid=27811, uid=10017, mUserState=0x3
I/ActivityManager(  588): Start proc com.htc.cs.dm for broadcast com.htc.cs.dm/.receiver.NetworkChangeReceiver: pid=10273 uid=10192 gids={3003, 1028}
D/PowerManagerService(  588): releaseWakeLock(430082a0): PARTIAL_WAKE_LOCK , tag=UlrDispatchingService, flags=0x1
D/PowerManagerService(  588): acquireWakeLock(42c5e198): PARTIAL_WAKE_LOCK , tag=GCoreFlp, flags=0x1, pid=27811, uid=10017, mUserState=0x3
D/PowerManagerService(  588): releaseWakeLock(42c5e198): PARTIAL_WAKE_LOCK , tag=GCoreFlp, flags=0x1
I/ActivityManager(  588): Start proc com.google.android.apps.uploader for broadcast com.google.android.apps.uploader/com.google.android.picasasync.ConnectivityReceiver: pid=10288 uid=10115 gids={3003, 1015, 1028}
V/LocationManagerService(  588): In requestLocationUpdates. provider passiveminTime: 5000single shot: false Receiver: Receiver{42096a60 Intent PendingIntent{422c9948: PendingIntentRecord{42b6b310 com.htc.htclocationservice startService}}}mUpdateRecords: {passive=UpdateRecord{42746d80 mProvider: passive mUid: 10014}}
V/LocationManagerService(  588): In requestLocationUpdatesLocked. provider: passive requiredPermissions: android.permission.ACCESS_FINE_LOCATION
I/LocationManagerService(  588): request passive (pid 897) 5000 0
V/LocationManagerService(  588): [LGPS] _requestLocationUpdates: enableLocationTracking(true)
D/LocationManagerService(  588): _requestLocationUpdates: provider = passive listener = Receiver{42096a60 Intent PendingIntent{422c9948: PendingIntentRecord{42b6b310 com.htc.htclocationservice startService}}}mUpdateRecords: {passive=UpdateRecord{42845160 mProvider: passive mUid: 10014}}
I/ActivityManager(  588): Recipient 10094
I/ActivityManager(  588): Process com.htc.task (pid 10094) has died.
I/ActivityManager(  588): Start proc com.htc.reportagent for broadcast com.htc.reportagent/.receiver.NetworkChangeReceiver: pid=10307 uid=10124 gids={3003, 1007, 1028}
I/ActivityManager(  588): Recipient 9972
I/ActivityManager(  588): Process com.android.vending (pid 9972) has died.
D/Socket_Alarm(10273): registerHTCSocketMonitorCallBack
D/Socket_Alarm(10273): set mSocketMonitor
D/Socket_Alarm(10273): HTCSocketMonitorImpl::HTCSocketMonitorImpl
I/ActivityManager(  588): Start proc com.google.android.talk for broadcast com.google.android.talk/com.google.android.apps.hangouts.service.NetworkStateReceiver: pid=10321 uid=10148 gids={3003, 1015, 1006, 3002, 1028}
I/PackageManager(  588):  setEnabledSetting(), pkgName=com.htc.reportagent, clsName=com.htc.reportagent.receiver.PowerConnectedReceiver, state=2, flag=1, pid=10307, uid=10124
I/ActivityManager(  588): Recipient 10112
I/ActivityManager(  588): Process com.htc.htcpowermanager:remote (pid 10112) has died.
I/PackageManager(  588):  setEnabledSetting(), pkgName=com.google.android.talk, clsName=com.google.android.apps.hangouts.phone.ShareIntentSmsOnlyActivity, state=2, flag=1, pid=10321, uid=10148
D/Socket_Alarm(10321): registerHTCSocketMonitorCallBack
D/Socket_Alarm(10321): set mSocketMonitor
D/Socket_Alarm(10321): HTCSocketMonitorImpl::HTCSocketMonitorImpl
I/ActivityManager(  588): Recipient 10249
I/ActivityManager(  588): Process com.android.settings (pid 10249) has died.
I/PackageManager(  588):  setEnabledSetting(), pkgName=com.google.android.talk, clsName=com.google.android.apps.hangouts.sms.SmsReceiver, state=2, flag=1, pid=10321, uid=10148
I/PackageManager(  588):  setEnabledSetting(), pkgName=com.google.android.talk, clsName=com.google.android.apps.hangouts.sms.MmsWapPushReceiver, state=2, flag=1, pid=10321, uid=10148
I/PackageManager(  588):  setEnabledSetting(), pkgName=com.google.android.talk, clsName=com.google.android.apps.hangouts.sms.AbortSmsReceiver, state=2, flag=1, pid=10321, uid=10148
I/PackageManager(  588):  setEnabledSetting(), pkgName=com.google.android.talk, clsName=com.google.android.apps.hangouts.sms.AbortMmsWapPushReceiver, state=2, flag=1, pid=10321, uid=10148
I/PackageManager(  588):  setEnabledSetting(), pkgName=com.google.android.talk, clsName=com.google.android.apps.hangouts.service.NoConfirmationSmsSendService, state=2, flag=1, pid=10321, uid=10148
I/ActivityManager(  588): Start proc com.google.android.apps.maps for broadcast com.google.android.apps.maps/com.google.userfeedback.android.api.FeedbackConnectivityReceiver: pid=10350 uid=10032 gids={3003, 1015, 3002, 3001, 1028}
I/ActivityManager(  588): Recipient 10273
I/ActivityManager(  588): Process com.htc.cs.dm (pid 10273) has died.
D/ConnectivityService(  588): handleInetConditionHoldEnd: net=1, condition=0, published condition=0
D/ConnectivityService(  588): sendStickyBroadcast: action=android.net.conn.INET_CONDITION_ACTION
D/WIFI_ICON(  811): updateConnectivity: type=1 connected=true
D/StatusBar.NetworkController(  811): dumpState[hasService=true ServiceState=0 home 3 3 27202  HSPA CSS not supported -1 -1 RoamInd=-1 DefRoamInd=-1EriInd= -1EriMode= -1RadioPowerSv: false EmergOnly=false PhoneType: 1 IsCdma=false SimState=UNKNOWN GprsState=0 DataState=Disconnected DataActivity=NONE NetworkType=HSPA HtcModemLinkOn=false HspaDataDistinquishable=true]
D/StatusBar.NetworkController(  811): dumpIconState[dataVisible=false dataIconId=stat_sys_data_out_3g_plus signalIconId=stat_sys_5signal_1 wifiVisible=true wifiIconId=stat_sys_wifi_signal_4 airplaneMode=false]
I/ActivityManager(  588): Recipient 10288
I/ActivityManager(  588): Process com.google.android.apps.uploader (pid 10288) has died.
I/ActivityManager(  588): Start proc com.google.android.apps.plus for broadcast com.google.android.apps.plus/.service.ConnectivityReceiver: pid=10376 uid=10133 gids={3003, 3002, 1015, 1006, 1028}
I/ActivityManager(  588): Recipient 10321
I/ActivityManager(  588): Process com.google.android.talk (pid 10321) has died.
D/WifiStateMachine(  588): fetchRssiAndLinkSpeedNative send RSSIChange intent, SameSignalLevelCount =2
D/WIFI_ICON(  811): updateWifiState: action=android.net.wifi.RSSI_CHANGED newRssi=-53 freq=2412 newLevel=3 lastWifiLevel=3
D/StatusBar.NetworkController(  811): dumpIconState[dataVisible=false dataIconId=stat_sys_data_out_3g_plus signalIconId=stat_sys_5signal_1 wifiVisible=true wifiIconId=stat_sys_wifi_signal_4 airplaneMode=false]
D/TELEPHONY_CALLBACK(  811): @onSignalStrengthChanged: SignalStrength: 2 -1 -1 -1 -1 -1 -1 -1 -1 -1 2147483647 -1 gsm|lte
D/StatusBar.NetworkController(  811): dumpState[hasService=true ServiceState=0 home 3 3 27202  HSPA CSS not supported -1 -1 RoamInd=-1 DefRoamInd=-1EriInd= -1EriMode= -1RadioPowerSv: false EmergOnly=false PhoneType: 1 IsCdma=false SimState=UNKNOWN GprsState=0 DataState=Disconnected DataActivity=NONE NetworkType=HSPA HtcModemLinkOn=false HspaDataDistinquishable=true]
D/SIGNAL_ICON(  811): updateTelephonySignalStrength
D/SIGNAL_ICON(  811): fakeui srv=0 mTimerEnabled=false asu=2
D/SIGNAL_ICON(  811): asu=2
D/SIGNAL_ICON(  811): SUPPORT_5_LEVEL_SIGNAL
D/SIGNAL_ICON(  811): mapTelephonySignalStrength
D/SIGNAL_ICON(  811): maxLevel=5 asu=2 networkType=HSPA
D/SIGNAL_ICON(  811): return iconLevel=1
D/StatusBar.NetworkController(  811): dumpIconState[dataVisible=false dataIconId=stat_sys_data_out_3g_plus signalIconId=stat_sys_5signal_1 wifiVisible=true wifiIconId=stat_sys_wifi_signal_4 airplaneMode=false]
D/PowerManagerService(  588): acquireWakeLock(42b9b7b0): PARTIAL_WAKE_LOCK , tag=SystemUpdateService, flags=0x1, pid=27853, uid=10017, mUserState=0x3
D/PowerManagerService(  588): releaseWakeLock(42b9b7b0): PARTIAL_WAKE_LOCK , tag=SystemUpdateService, flags=0x1
D/ConnectivityService(  588): reportInetCondition for net 1, percentage: 100 by 27794/10017
D/ConnectivityService(  588): handleInetConditionChange: net=1, condition=100,mActiveDefaultNetwork=1
D/ConnectivityService(  588): handleInetConditionChange: starting a change hold
I/ActivityManager(  588): Start proc com.rhmsoft.fm:crash.feedback for broadcast com.rhmsoft.fm/com.cleanmaster.fm.receiver.ConnectivityChangeBroadcastReceiver: pid=10397 uid=10220 gids={3003, 1015, 1028}
I/ActivityManager(  588): Start proc com.qualcomm.wiper for service com.qualcomm.wiper/.Wiper: pid=10409 uid=10163 gids={3003, 1028}
I/ActivityManager(  588): Recipient 10376
I/ActivityManager(  588): Process com.google.android.apps.plus (pid 10376) has died.
I/ActivityManager(  588): Recipient 10350
I/ActivityManager(  588): Process com.google.android.apps.maps (pid 10350) has died.
I/ActivityManager(  588): Start proc com.hailocab.consumer for broadcast com.hailocab.consumer/.receivers.ConnectivityReceiver: pid=10430 uid=10091 gids={3003, 3002, 3001, 1015, 1028}
D/ConnectivityService(  588): handleInetConditionHoldEnd: net=1, condition=100, published condition=0
D/ConnectivityService(  588): sendStickyBroadcast: action=android.net.conn.INET_CONDITION_ACTION
D/WIFI_ICON(  811): updateConnectivity: type=1 connected=true
D/StatusBar.NetworkController(  811): dumpState[hasService=true ServiceState=0 home 3 3 27202  HSPA CSS not supported -1 -1 RoamInd=-1 DefRoamInd=-1EriInd= -1EriMode= -1RadioPowerSv: false EmergOnly=false PhoneType: 1 IsCdma=false SimState=UNKNOWN GprsState=0 DataState=Disconnected DataActivity=NONE NetworkType=HSPA HtcModemLinkOn=false HspaDataDistinquishable=true]
D/StatusBar.NetworkController(  811): dumpIconState[dataVisible=false dataIconId=stat_sys_data_out_3g_plus signalIconId=stat_sys_5signal_1 wifiVisible=true wifiIconId=stat_sys_wifi_signal_4 airplaneMode=false]
D/Socket_Alarm(10430): registerHTCSocketMonitorCallBack
D/Socket_Alarm(10430): set mSocketMonitor
D/Socket_Alarm(10430): HTCSocketMonitorImpl::HTCSocketMonitorImpl
V/LocationManagerService(  588): getProviders
V/LocationManagerService(  588): getProviders
V/LocationManagerService(  588): getLastKnownLocation: gps
V/LocationManagerService(  588): getLastKnownLocation: network
V/LocationManagerService(  588): getLastKnownLocation: hybrid
V/LocationManagerService(  588): In requestLocationUpdates. provider passiveminTime: 1800000single shot: false Receiver: Receiver{42aa7c00 Intent PendingIntent{42aa78d8: PendingIntentRecord{42aa77f0 com.hailocab.consumer broadcastIntent}}}mUpdateRecords: {passive=UpdateRecord{42ef9a60 mProvider: passive mUid: 10091}}
V/LocationManagerService(  588): In requestLocationUpdatesLocked. provider: passive requiredPermissions: android.permission.ACCESS_FINE_LOCATION
I/LocationManagerService(  588): request passive (pid 10430) 1800000 0
V/LocationManagerService(  588): [LGPS] _requestLocationUpdates: enableLocationTracking(true)
D/LocationManagerService(  588): _requestLocationUpdates: provider = passive listener = Receiver{42aa7c00 Intent PendingIntent{42aa78d8: PendingIntentRecord{42aa77f0 com.hailocab.consumer broadcastIntent}}}mUpdateRecords: {passive=UpdateRecord{426a3308 mProvider: passive mUid: 10091}}
V/LocationManagerService(  588): getProviders
V/LocationManagerService(  588): getLastKnownLocation: network
V/LocationManagerService(  588): getLastKnownLocation: passive
V/LocationManagerService(  588): getLastKnownLocation: hybrid
I/ActivityManager(  588): Start proc com.vkontakte.android for broadcast com.vkontakte.android/.NetworkStateReceiver: pid=10483 uid=10172 gids={1006, 3003, 1015, 1028}
D/PowerManagerService(  588): acquireWakeLock(42a49560): PARTIAL_WAKE_LOCK , tag=*net_scheduler*, flags=0x1, pid=27794, uid=10017, mUserState=0x3
D/PowerManagerService(  588): releaseWakeLock(42a49560): PARTIAL_WAKE_LOCK , tag=*net_scheduler*, flags=0x1
D/webcoreglue(10430): netstack: Memory Cache feature is ON
I/ActivityManager(  588): Recipient 10397
I/ActivityManager(  588): Process com.rhmsoft.fm:crash.feedback (pid 10397) has died.
D/HostStatisticManager(10430): netstack: DNS Host Prioritization is: ON, Version: 5.0.1
D/        (10430): dl error message Cannot load library: link_image[1891]:   253 could not load needed library 'libcneapiclient.so' for 'libtcpfinaggr.so' (load_library[1093]: Library 'libcneapiclient.so' not found)
D/Socket_Pool(10430): Failed to create TCP Fin Aggregation interface.
D/Socket_Pool(10430): netstack: CloseUnusedSockets is ON
D/Socket_Pool(10430): netstack: system net.statistics value: 0
D/Socket_Pool(10430): Failed to create TCP Fin Aggregation interface.
D/Socket_Pool(10430): netstack: CloseUnusedSockets is ON
D/Socket_Pool(10430): netstack: system net.statistics value: 0
D/        (10430): external/chromium/net/http/http_getzip_factory.cc: libgetzip.so successfully loaded
D/        (10430): external/chromium/net/http/http_getzip_factory.cc,: GETzip initializing method was found in libgetzip.so
D/        (10430): netstack: Getzip is: ON, Version: 5.0.1
D/Socket_Pool(10430): Failed to create TCP Fin Aggregation interface.
D/Socket_Pool(10430): netstack: CloseUnusedSockets is ON
D/Socket_Pool(10430): netstack: system net.statistics value: 0
D/Socket_Pool(10430): Failed to create TCP Fin Aggregation interface.
D/Socket_Pool(10430): netstack: CloseUnusedSockets is ON
D/Socket_Pool(10430): netstack: system net.statistics value: 0
D/Socket_Alarm(10483): registerHTCSocketMonitorCallBack
D/Socket_Alarm(10483): set mSocketMonitor
D/Socket_Alarm(10483): HTCSocketMonitorImpl::HTCSocketMonitorImpl
I/ActivityManager(  588): Start proc org.coursera.android for broadcast org.coursera.android/org.coursera.core.legacy.network.CourkitNetworkObservable: pid=10511 uid=10057 gids={3003, 1015, 1028}
I/ActivityManager(  588): Recipient 10430
I/ActivityManager(  588): Process com.hailocab.consumer (pid 10430) has died.
I/ActivityManager(  588): Start proc com.hailocab.consumer for broadcast com.hailocab.consumer/.receivers.SimplifiedAppboyGcmReceiver: pid=10555 uid=10091 gids={3003, 3002, 3001, 1015, 1028}
V/LocationManagerService(  588): getProviders
V/LocationManagerService(  588): getProviders
V/LocationManagerService(  588): getProviders
I/ActivityManager(  588): Recipient 10307
I/ActivityManager(  588): Process com.htc.reportagent (pid 10307) has died.
I/ActivityManager(  588): Recipient 10483
I/ActivityManager(  588): Process com.vkontakte.android (pid 10483) has died.
V/LocationManagerService(  588): getProviders
D/Socket_Alarm(10555): registerHTCSocketMonitorCallBack
D/Socket_Alarm(10555): set mSocketMonitor
D/Socket_Alarm(10555): HTCSocketMonitorImpl::HTCSocketMonitorImpl
V/LocationManagerService(  588): getProviders
V/LocationManagerService(  588): getProviders
V/LocationManagerService(  588): getLastKnownLocation: gps
V/LocationManagerService(  588): getLastKnownLocation: network
V/LocationManagerService(  588): getLastKnownLocation: hybrid
V/LocationManagerService(  588): In requestLocationUpdates. provider passiveminTime: 1800000single shot: false Receiver: Receiver{42aa7c00 Intent PendingIntent{42aa78d8: PendingIntentRecord{42aa77f0 com.hailocab.consumer broadcastIntent}}}mUpdateRecords: {passive=UpdateRecord{426a3308 mProvider: passive mUid: 10091}}
V/LocationManagerService(  588): In requestLocationUpdatesLocked. provider: passive requiredPermissions: android.permission.ACCESS_FINE_LOCATION
I/LocationManagerService(  588): request passive (pid 10555) 1800000 0
V/LocationManagerService(  588): [LGPS] _requestLocationUpdates: enableLocationTracking(true)
D/LocationManagerService(  588): _requestLocationUpdates: provider = passive listener = Receiver{42aa7c00 Intent PendingIntent{42aa78d8: PendingIntentRecord{42aa77f0 com.hailocab.consumer broadcastIntent}}}mUpdateRecords: {passive=UpdateRecord{428b4780 mProvider: passive mUid: 10091}}
V/LocationManagerService(  588): getProviders
V/LocationManagerService(  588): getLastKnownLocation: network
V/LocationManagerService(  588): getLastKnownLocation: passive
V/LocationManagerService(  588): getLastKnownLocation: hybrid
D/webcoreglue(10555): netstack: Memory Cache feature is ON
D/PowerManagerService(  588): acquireWakeLock(42c416f0): PARTIAL_WAKE_LOCK , tag=RILJ, flags=0x1, pid=946, uid=1001, mUserState=0x3
D/TELEPHONY_CALLBACK(  811): @onSignalStrengthChanged: SignalStrength: 31 -1 -1 -1 -1 -1 -1 -1 -1 -1 2147483647 -1 gsm|lte
D/StatusBar.NetworkController(  811): dumpState[hasService=true ServiceState=0 home 3 3 27202  HSPA CSS not supported -1 -1 RoamInd=-1 DefRoamInd=-1EriInd= -1EriMode= -1RadioPowerSv: false EmergOnly=false PhoneType: 1 IsCdma=false SimState=UNKNOWN GprsState=0 DataState=Disconnected DataActivity=NONE NetworkType=HSPA HtcModemLinkOn=false HspaDataDistinquishable=true]
D/SIGNAL_ICON(  811): updateTelephonySignalStrength
D/SIGNAL_ICON(  811): fakeui srv=0 mTimerEnabled=false asu=31
D/SIGNAL_ICON(  811): asu=31
D/SIGNAL_ICON(  811): SUPPORT_5_LEVEL_SIGNAL
D/SIGNAL_ICON(  811): mapTelephonySignalStrength
D/SIGNAL_ICON(  811): maxLevel=5 asu=31 networkType=HSPA
D/SIGNAL_ICON(  811): return iconLevel=5
D/PowerManagerService(  588): releaseWakeLock(42c416f0): PARTIAL_WAKE_LOCK , tag=RILJ, flags=0x1
D/SIGNAL_ICON(  811): refreshViews: mPhoneSignalIconId -> stat_sys_5signal_5
D/StatusBar.NetworkController(  811): dumpIconState[dataVisible=false dataIconId=stat_sys_data_out_3g_plus signalIconId=stat_sys_5signal_5 wifiVisible=true wifiIconId=stat_sys_wifi_signal_4 airplaneMode=false]
D/HostStatisticManager(10555): netstack: DNS Host Prioritization is: ON, Version: 5.0.1
D/        (10555): dl error message Cannot load library: link_image[1891]:   253 could not load needed library 'libcneapiclient.so' for 'libtcpfinaggr.so' (load_library[1093]: Library 'libcneapiclient.so' not found)
D/Socket_Pool(10555): Failed to create TCP Fin Aggregation interface.
D/Socket_Pool(10555): netstack: CloseUnusedSockets is ON
D/Socket_Pool(10555): netstack: system net.statistics value: 0
D/Socket_Pool(10555): Failed to create TCP Fin Aggregation interface.
D/Socket_Pool(10555): netstack: CloseUnusedSockets is ON
D/Socket_Pool(10555): netstack: system net.statistics value: 0
D/        (10555): external/chromium/net/http/http_getzip_factory.cc: libgetzip.so successfully loaded
D/        (10555): external/chromium/net/http/http_getzip_factory.cc,: GETzip initializing method was found in libgetzip.so
D/        (10555): netstack: Getzip is: ON, Version: 5.0.1
D/Socket_Pool(10555): Failed to create TCP Fin Aggregation interface.
D/Socket_Pool(10555): netstack: CloseUnusedSockets is ON
D/Socket_Pool(10555): netstack: system net.statistics value: 0
D/Socket_Pool(10555): Failed to create TCP Fin Aggregation interface.
D/Socket_Pool(10555): netstack: CloseUnusedSockets is ON
D/Socket_Pool(10555): netstack: system net.statistics value: 0
D/PowerManagerService(  588): acquireWakeLock(42da0dc8): PARTIAL_WAKE_LOCK , tag=*net_scheduler*, flags=0x1, pid=27794, uid=10017, mUserState=0x3
D/PowerManagerService(  588): releaseWakeLock(42da0dc8): PARTIAL_WAKE_LOCK , tag=*net_scheduler*, flags=0x1
D/PowerManagerService(  588): acquireWakeLock(4255c318): PARTIAL_WAKE_LOCK , tag=RILJ, flags=0x1, pid=946, uid=1001, mUserState=0x3
D/PowerManagerService(  588): releaseWakeLock(4255c318): PARTIAL_WAKE_LOCK , tag=RILJ, flags=0x1
I/ActivityManager(  588): Recipient 10511
I/ActivityManager(  588): Process org.coursera.android (pid 10511) has died.
D/PowerManagerService(  588): acquireWakeLock(42a42d60): PARTIAL_WAKE_LOCK , tag=RILJ, flags=0x1, pid=946, uid=1001, mUserState=0x3
D/PowerManagerService(  588): releaseWakeLock(42a42d60): PARTIAL_WAKE_LOCK , tag=RILJ, flags=0x1
D/PowerManagerService(  588): acquireWakeLock(42efa858): PARTIAL_WAKE_LOCK , tag=RILJ, flags=0x1, pid=946, uid=1001, mUserState=0x3
D/PowerManagerService(  588): releaseWakeLock(42efa858): PARTIAL_WAKE_LOCK , tag=RILJ, flags=0x1
D/TELEPHONY_CALLBACK(  811): @onServiceStateChanged: 0 home 3 3 27202  EDGE CSS not supported -1 -1 RoamInd=-1 DefRoamInd=-1EriInd= -1EriMode= -1RadioPowerSv: false EmergOnly=false PhoneType: 1
D/StatusBar.NetworkController(  811): dumpState[hasService=true ServiceState=0 home 3 3 27202  EDGE CSS not supported -1 -1 RoamInd=-1 DefRoamInd=-1EriInd= -1EriMode= -1RadioPowerSv: false EmergOnly=false PhoneType: 1 IsCdma=false SimState=UNKNOWN GprsState=0 DataState=Disconnected DataActivity=NONE NetworkType=HSPA HtcModemLinkOn=false HspaDataDistinquishable=true]
D/SIGNAL_ICON(  811): updateTelephonySignalStrength
D/SIGNAL_ICON(  811): fakeui srv=0 mTimerEnabled=false asu=31
D/SIGNAL_ICON(  811): asu=31
D/SIGNAL_ICON(  811): SUPPORT_5_LEVEL_SIGNAL
D/SIGNAL_ICON(  811): mapTelephonySignalStrength
D/SIGNAL_ICON(  811): maxLevel=5 asu=31 networkType=HSPA
D/SIGNAL_ICON(  811): return iconLevel=5
D/DATA_ICON(  811): updateDataNetType: networkType=HSPA
D/DATA_ICON(  811): updateDataIcon
D/DATA_ICON(  811): NOP
D/StatusBar.NetworkController(  811): dumpIconState[dataVisible=false dataIconId=stat_sys_data_out_3g_plus signalIconId=stat_sys_5signal_5 wifiVisible=true wifiIconId=stat_sys_wifi_signal_4 airplaneMode=false]
I/TelephonyRegistry(  588): notifyDataConnection: state=0 isDataConnectivityPossible=true reason='nwTypeChanged' apn='null' apnType=default networkType=2 roaming=false errorCause=0preConn = []
D/TELEPHONY_CALLBACK(  811): @onDataConnectionStateChanged: dataState=0 networkType=EDGE
D/StatusBar.NetworkController(  811): dumpState[hasService=true ServiceState=0 home 3 3 27202  EDGE CSS not supported -1 -1 RoamInd=-1 DefRoamInd=-1EriInd= -1EriMode= -1RadioPowerSv: false EmergOnly=false PhoneType: 1 IsCdma=false SimState=UNKNOWN GprsState=0 DataState=Disconnected DataActivity=NONE NetworkType=EDGE HtcModemLinkOn=false HspaDataDistinquishable=true]
D/DATA_ICON(  811): updateDataNetType: networkType=EDGE
D/DATA_ICON(  811): updateDataIcon
D/DATA_ICON(  811): NOP
D/StatusBar.NetworkController(  811): dumpIconState[dataVisible=false dataIconId=stat_sys_data_out_3g_plus signalIconId=stat_sys_5signal_5 wifiVisible=true wifiIconId=stat_sys_wifi_signal_4 airplaneMode=false]
D/MobileDataStateTracker(  588): default: Broadcast received: ignore android.intent.action.SERVICE_STATE
D/MobileDataStateTracker(  588): mms: Broadcast received: ignore android.intent.action.SERVICE_STATE
D/PowerManagerService(  588): acquireWakeLock(42a36260): PARTIAL_WAKE_LOCK , tag=SWITCH_NETWORK_MODE_WAKE_LOCK, flags=0x1, pid=897, uid=10014, mUserState=0x3
D/MobileDataStateTracker(  588): supl: Broadcast received: ignore android.intent.action.SERVICE_STATE
D/MobileDataStateTracker(  588): dun: Broadcast received: ignore android.intent.action.SERVICE_STATE
D/MobileDataStateTracker(  588): hipri: Broadcast received: ignore android.intent.action.SERVICE_STATE
D/TELEPHONY_CALLBACK(  811): @onSignalStrengthChanged: SignalStrength: 8 -1 -1 -1 -1 -1 -1 -1 -1 -1 2147483647 -1 gsm|lte
D/StatusBar.NetworkController(  811): dumpState[hasService=true ServiceState=0 home 3 3 27202  EDGE CSS not supported -1 -1 RoamInd=-1 DefRoamInd=-1EriInd= -1EriMode= -1RadioPowerSv: false EmergOnly=false PhoneType: 1 IsCdma=false SimState=UNKNOWN GprsState=0 DataState=Disconnected DataActivity=NONE NetworkType=EDGE HtcModemLinkOn=false HspaDataDistinquishable=true]
D/SIGNAL_ICON(  811): updateTelephonySignalStrength
D/SIGNAL_ICON(  811): fakeui srv=0 mTimerEnabled=false asu=8
D/SIGNAL_ICON(  811): asu=8
D/SIGNAL_ICON(  811): SUPPORT_5_LEVEL_SIGNAL
D/SIGNAL_ICON(  811): mapTelephonySignalStrength
D/SIGNAL_ICON(  811): maxLevel=5 asu=8 networkType=EDGE
D/SIGNAL_ICON(  811): return iconLevel=3
D/MobileDataStateTracker(  588): fota: Broadcast received: ignore android.intent.action.SERVICE_STATE
D/MobileDataStateTracker(  588): ims: Broadcast received: ignore android.intent.action.SERVICE_STATE
D/MobileDataStateTracker(  588): null: Broadcast received: ignore android.intent.action.SERVICE_STATE
D/MobileDataStateTracker(  588): httpproxy: Broadcast received: ignore android.intent.action.SERVICE_STATE
D/MobileDataStateTracker(  588): admin: Broadcast received: ignore android.intent.action.SERVICE_STATE
D/SIGNAL_ICON(  811): refreshViews: mPhoneSignalIconId -> stat_sys_5signal_3
D/StatusBar.NetworkController(  811): dumpIconState[dataVisible=false dataIconId=stat_sys_data_out_3g_plus signalIconId=stat_sys_5signal_3 wifiVisible=true wifiIconId=stat_sys_wifi_signal_4 airplaneMode=false]
D/MobileDataStateTracker(  588): internet: Broadcast received: ignore android.intent.action.SERVICE_STATE
D/MobileDataStateTracker(  588): null: Broadcast received: ignore android.intent.action.SERVICE_STATE
D/MobileDataStateTracker(  588): cmmail: Broadcast received: ignore android.intent.action.SERVICE_STATE
D/MobileDataStateTracker(  588): null: Broadcast received: ignore android.intent.action.SERVICE_STATE
D/MobileDataStateTracker(  588): cmail: Broadcast received: ignore android.intent.action.SERVICE_STATE
D/PowerManagerService(  588): acquireWakeLock(4268d4e8): PARTIAL_WAKE_LOCK , tag=RILJ, flags=0x1, pid=946, uid=1001, mUserState=0x3
D/MobileDataStateTracker(  588): entitle: Broadcast received: ignore android.intent.action.SERVICE_STATE
D/PowerManagerService(  588): releaseWakeLock(4268d4e8): PARTIAL_WAKE_LOCK , tag=RILJ, flags=0x1
D/MobileDataStateTracker(  588): null: Broadcast received: ignore android.intent.action.SERVICE_STATE
D/MobileDataStateTracker(  588): bip: Broadcast received: ignore android.intent.action.SERVICE_STATE
D/MobileDataStateTracker(  588): default: Broadcast received: ACTION_ANY_DATA_CONNECTION_STATE_CHANGED mApnType=default == received apnType=default
D/MobileDataStateTracker(  588): default: Received state=DISCONNECTED, old=DISCONNECTED, reason=nwTypeChanged
D/PowerManagerService(  588): releaseWakeLock(42a36260): PARTIAL_WAKE_LOCK , tag=SWITCH_NETWORK_MODE_WAKE_LOCK, flags=0x1
D/MobileDataStateTracker(  588): default: mMobileDataState=DISCONNECTED mTeardownRequested=true got [AnyDataCSC] : type=default state=DISCONNECTED reason=nwTypeChanged apn=null roaming=false unavailable=false NetworkType=2 NetworkTypeName=EDGE entitleError=0
D/PowerManagerService(  588): acquireWakeLock(4224d078): PARTIAL_WAKE_LOCK , tag=RILJ, flags=0x1, pid=946, uid=1001, mUserState=0x3
D/PowerManagerService(  588): releaseWakeLock(4224d078): PARTIAL_WAKE_LOCK , tag=RILJ, flags=0x1
V/LocationManagerService(  588): In requestLocationUpdates. provider networkminTime: 1000single shot: false Listener: android.location.ILocationListener$Stub$Proxy@423a9290
V/LocationManagerService(  588): In requestLocationUpdatesLocked. provider: network requiredPermissions: android.permission.ACCESS_COARSE_LOCATION
I/LocationManagerService(  588): request network (pid 897) 1000 1000
V/LocationManagerService(  588): [LGPS] _requestLocationUpdates: enableLocationTracking(true)
D/LocationManagerService(  588): _requestLocationUpdates: provider = network listener = Receiver{4232fb60 Listener android.os.BinderProxy@4238af10}mUpdateRecords: {network=UpdateRecord{42284898 mProvider: network mUid: 10014}}
D/PowerManagerService(  588): acquireWakeLock(428db1c8): PARTIAL_WAKE_LOCK , tag=RILJ, flags=0x1, pid=946, uid=1001, mUserState=0x3
D/PowerManagerService(  588): releaseWakeLock(428db1c8): PARTIAL_WAKE_LOCK , tag=RILJ, flags=0x1
D/PowerManagerService(  588): releaseWakeLock(42239a50): PARTIAL_WAKE_LOCK , tag=ServiceStateTracker, flags=0x1
D/PowerManagerService(  588): acquireWakeLock(426f3418): PARTIAL_WAKE_LOCK , tag=RILJ, flags=0x1, pid=946, uid=1001, mUserState=0x3
D/PowerManagerService(  588): releaseWakeLock(426f3418): PARTIAL_WAKE_LOCK , tag=RILJ, flags=0x1
I/ActivityManager(  588): Start proc com.htc.task for broadcast com.htc.task/.notification.NotifyReceiver: pid=10630 uid=10126 gids={3003, 1015, 1028}
D/PowerManagerService(  588): acquireWakeLock(41c1c8a0): PARTIAL_WAKE_LOCK , tag=TaskNotification_3, flags=0x1, pid=10630, uid=10126, mUserState=0x3
I/ActivityManager(  588): Start proc com.htc.android.worldclock for broadcast com.htc.android.worldclock/.alarmclock.AlarmReceiver: pid=10645 uid=10164 gids={3003, 1028}
D/Socket_Alarm(10630): registerHTCSocketMonitorCallBack
D/Socket_Alarm(10630): set mSocketMonitor
D/Socket_Alarm(10630): HTCSocketMonitorImpl::HTCSocketMonitorImpl
D/PowerManagerService(  588): acquireWakeLock(41deb748): PARTIAL_WAKE_LOCK , tag=Checkin Handoff, flags=0x1, pid=27853, uid=10017, mUserState=0x3
D/PowerManagerService(  588): releaseWakeLock(41c1c8a0): PARTIAL_WAKE_LOCK , tag=TaskNotification_3, flags=0x1
D/PowerManagerService(  588): acquireWakeLock(428d07d0): PARTIAL_WAKE_LOCK , tag=Checkin Service, flags=0x1, pid=27853, uid=10017, mUserState=0x3
D/PowerManagerService(  588): releaseWakeLock(41deb748): PARTIAL_WAKE_LOCK , tag=Checkin Handoff, flags=0x1
D/PowerManagerService(  588): releaseWakeLock(428d07d0): PARTIAL_WAKE_LOCK , tag=Checkin Service, flags=0x1
I/ActivityManager(  588): Start proc com.vkontakte.android for broadcast com.vkontakte.android/.NetworkStateReceiver: pid=10660 uid=10172 gids={1006, 3003, 1015, 1028}
D/PowerManagerService(  588): mTPEAlgorithmTimeoutTask: TPE algorithm. restore.
D/PowerManagerService(  588): TPE algorithm. remove timeout.
D/PowerManagerService(  588): ALG=2, lsvalue=320(5th)->320(5th), last_level=6, lValue=125->125, bValue=0, kValue=0, mPowerState=0x3, mSkippedScreenOn=false, mInitialAnimation=false, immediate=false
D/Socket_Alarm(10645): registerHTCSocketMonitorCallBack
D/Socket_Alarm(10645): set mSocketMonitor
D/Socket_Alarm(10645): HTCSocketMonitorImpl::HTCSocketMonitorImpl
I/ActivityManager(  588): Recipient 10555
I/ActivityManager(  588): Process com.hailocab.consumer (pid 10555) has died.
D/PowerManagerService(  588): acquireWakeLock(42239a50): PARTIAL_WAKE_LOCK , tag=ServiceStateTracker, flags=0x1, pid=946, uid=1001, mUserState=0x3
W/CpuWake (  588): >>nativeAcquireCpuPerfWakeLock()
W/CpuWake (  588): <<nativeAcquireCpuPerfWakeLock()
I/ActivityManager(  588): START {act=android.intent.action.SENDTO dat=smsto pkg=com.whatsapp cmp=com.whatsapp/.Conversation (has extras) u=0} from pid 9459
D/PowerManagerService(  588): acquireWakeLock(424f1538): PARTIAL_WAKE_LOCK , tag=ActivityManager-Launch, flags=0x1, pid=588, uid=1000, mUserState=0x3
D/PowerManagerService(  588): acquireWakeLock(420edba0): CPU_MIN_FREQ , tag=WindowManager-ScreenRotation-Freq, flags=0x100, pid=588, uid=1000, mUserState=0x3
D/PowerManagerService(  588): acquireWakeLock(42afc598): CPU_MIN_NUM , tag=WindowManager-ScreenRotation-Num, flags=0x400, pid=588, uid=1000, mUserState=0x3
D/PowerManagerService(  588): acquireWakeLock(42a6a2e0): PARTIAL_WAKE_LOCK , tag=SCREEN_FROZEN, flags=0x1, pid=588, uid=1000, mUserState=0x3
I/ActivityManager(  588): Config changed: {1.0 272mcc2mnc en_FR sw360dp w360dp h614dp nrml long port finger -keyb/v/h -nav/h s.41 skin=default fontsize=3 hasNavBar=0}
D/PowerManagerService(  588): releaseWakeLock(42a6a2e0): PARTIAL_WAKE_LOCK , tag=SCREEN_FROZEN, flags=0x1
D/CarrierLabel(  811): CarrierLabel mIntentReceiver : android.intent.action.CONFIGURATION_CHANGED
D/CarrierLabel(  811): updateResources()
W/CarrierLabel(  811): updateNetworkNameExt: mSimState = UNKNOWN
D/CarrierLabel(  811): updateNetworkName showSpn=false spn= showPlmn=true plmn=3
D/PowerManagerService(  588): acquireWakeLock(42ae7448): PARTIAL_WAKE_LOCK , tag=AlarmManager, flags=0x1, pid=588, uid=1000, mUserState=0x3
V/AlarmManager(  588): sending alarm PendingIntent{42590088: PendingIntentRecord{4258f5d0 com.android.providers.calendar broadcastIntent}}, intent=com.android.providers.calendar.intent.CalendarProvider2, type=ELAPSED_REALTIME_WAKEUP, count=1, when=167192300, repeateInterval=0
