D/StatusBar.NetworkController( 1204): applyOpen
D/StatusBar.NetworkController( 1204): refreshSignalCluster - setNWBoosterIndicators(false)
D/StatusBar.NetworkController( 1204): applyOpen
D/StatusBar.NetworkController( 1204): refreshSignalCluster - setNWBoosterIndicators(false)
D/StatusBar.NetworkController( 1204): applyOpen
D/StatusBar.NetworkController( 1204): refreshSignalCluster - setNWBoosterIndicators(false)
D/StatusBar.NetworkController( 1204): applyOpen
D/InputReader(  909): Input event: value=1
I/InputReader(  909): Touch event's action is 0x0 (deviceType=0) [pCnt=1, s=0.13280 ] when=106685236105000
I/InputDispatcher(  909): Delivering touch to (1204): action: 0x4, toolType: 1
I/InputDispatcher(  909): Delivering touch to (26458): action: 0x4, toolType: 1
I/InputDispatcher(  909): Delivering touch to (27238): action: 0x0, toolType: 1
D/ViewRootImpl(27238): ViewPostImeInputStage ACTION_DOWN
D/InputReader(  909): Input event: value=0
I/InputReader(  909): Touch event's action is 0x1 (deviceType=0) [pCnt=1, s=] when=106685326396000
I/InputDispatcher(  909): Delivering touch to (27238): action: 0x1, toolType: 1
D/CordovaLog(27238): file:///android_asset/www/js/ratchet.min.js: Line 10 : Uncaught SyntaxError: Failed to execute 'querySelector' on 'Document': '#give-gift/10153090042185236/146/' is not a valid selector.
I/chromium(27238): [INFO:CONSOLE(10)] "Uncaught SyntaxError: Failed to execute 'querySelector' on 'Document': '#give-gift/10153090042185236/146/' is not a valid selector.", source: file:///android_asset/www/js/ratchet.min.js (10)
I/WifiStateMachine(  909): CMD_RSSI_POLL : calculateWifiScore in!
I/WifiStateMachine(  909): CMD_RSSI_POLL : calculateWifiScore out!
I/WifiStateMachine(  909): CMD_RSSI_POLL : out!
D/SSRM:m  (  909): SIOP:: AP = 320, PST = 316, CUR = 450
I/art     ( 4634): Explicit concurrent mark sweep GC freed 18175(955KB) AllocSpace objects, 0(0B) LOS objects, 25% free, 14MB/19MB, paused 511us total 107.299ms
D/BluetoothSocket( 4634): close() in, this: android.bluetooth.BluetoothSocket@3a0d119c, channel: 12, state: CLOSED
D/BluetoothSocket( 4634): close() in, this: android.bluetooth.BluetoothSocket@356858b3, channel: 5, state: CLOSED
D/BluetoothSocket( 4634): close() in, this: android.bluetooth.BluetoothSocket@3e707c58, channel: 19, state: CLOSED
D/InputReader(  909): Input event: value=1
I/InputReader(  909): Touch event's action is 0x0 (deviceType=0) [pCnt=1, s=0.13281 ] when=106686336624000
I/InputDispatcher(  909): Delivering touch to (1204): action: 0x4, toolType: 1
I/InputDispatcher(  909): Delivering touch to (26458): action: 0x4, toolType: 1
I/InputDispatcher(  909): Delivering touch to (27238): action: 0x0, toolType: 1
D/ViewRootImpl(27238): ViewPostImeInputStage ACTION_DOWN
D/InputReader(  909): Input event: value=0
I/InputReader(  909): Touch event's action is 0x1 (deviceType=0) [pCnt=1, s=] when=106686550668000
I/InputDispatcher(  909): Delivering touch to (27238): action: 0x1, toolType: 1
D/CordovaLog(27238): file:///android_asset/www/js/ratchet.min.js: Line 10 : Uncaught SyntaxError: Failed to execute 'querySelector' on 'Document': '#give-gift/943382775693429/142/' is not a valid selector.
I/chromium(27238): [INFO:CONSOLE(10)] "Uncaught SyntaxError: Failed to execute 'querySelector' on 'Document': '#give-gift/943382775693429/142/' is not a valid selector.", source: file:///android_asset/www/js/ratchet.min.js (10)
D/InputReader(  909): Input event: value=1
I/InputReader(  909): Touch event's action is 0x0 (deviceType=0) [pCnt=1, s=0.13282 ] when=106686857193000
I/InputDispatcher(  909): Delivering touch to (1204): action: 0x4, toolType: 1
I/InputDispatcher(  909): Delivering touch to (26458): action: 0x4, toolType: 1
I/InputDispatcher(  909): Delivering touch to (27238): action: 0x0, toolType: 1
D/ViewRootImpl(27238): ViewPostImeInputStage ACTION_DOWN
D/StatusBar.NetworkController( 1204): refreshViews connected={ wifi } level=3 combinedSignalIconId=0x7f020495/com.android.systemui:drawable/stat_sys_wifi_signal_4 mobileLabel=3 wifiLabel="UPC624261"xxxxXXXXxxxxXXXX emergencyOnly=false combinedLabel="UPC624261"xxxxXXXXxxxxXXXX mAirplaneMode=false mDataActivity=0 mPhoneSignalIconId=0x7f020415/com.android.systemui:drawable/stat_sys_signal_3_auto_rotate mQSPhoneSignalIconId=0x7f020113/com.android.systemui:drawable/ic_qs_signal_3 mDataDirectionIconId=0x0/(null) mDataSignalIconId=0x7f020415/com.android.systemui:drawable/stat_sys_signal_3_auto_rotate mDataTypeIconId=0x7f0202c9/com.android.systemui:drawable/stat_sys_data_connected_h mQSDataTypeIconId=0x7f02011f/com.android.systemui:drawable/ic_qs_signal_h mNoSimIconId=0x0/(null) mWifiIconId=0x7f020495/com.android.systemui:drawable/stat_sys_wifi_signal_4 mQSWifiIconId=0x7f02012b/com.android.systemui:drawable/ic_qs_wifi_4 mWifiActivityIconId=0x7f020466/com.android.systemui:drawable/stat_sys_signal_inout mBluetoothTetherIconId=0x1080907/android:drawable/stat_sys_tether_bluetooth
D/StatusBar.NetworkController( 1204): refreshSignalCluster - setNWBoosterIndicators(false)
D/StatusBar.NetworkController( 1204): applyOpen
D/StatusBar.NetworkController( 1204): refreshSignalCluster - setNWBoosterIndicators(false)
D/StatusBar.NetworkController( 1204): applyOpen
D/StatusBar.NetworkController( 1204): refreshSignalCluster - setNWBoosterIndicators(false)
D/StatusBar.NetworkController( 1204): applyOpen
D/StatusBar.NetworkController( 1204): refreshSignalCluster - setNWBoosterIndicators(false)
D/StatusBar.NetworkController( 1204): applyOpen
D/InputReader(  909): Input event: value=0
I/InputReader(  909): Touch event's action is 0x1 (deviceType=0) [pCnt=1, s=] when=106686987905000
I/InputDispatcher(  909): Delivering touch to (27238): action: 0x1, toolType: 1
D/CordovaLog(27238): file:///android_asset/www/js/ratchet.min.js: Line 10 : Uncaught SyntaxError: Failed to execute 'querySelector' on 'Document': '#give-gift/10153090042185236/146/' is not a valid selector.
I/chromium(27238): [INFO:CONSOLE(10)] "Uncaught SyntaxError: Failed to execute 'querySelector' on 'Document': '#give-gift/10153090042185236/146/' is not a valid selector.", source: file:///android_asset/www/js/ratchet.min.js (10)
D/Sensorhubs(  298): readContextData: 1, 1, 7, -1
D/SensorHubManager(  909): onGetSensorHubDataLocked: library = 1, 1, 7, -1
D/CAE     (  909): onGetSensorHubData(SensorHubParserProvider.java:87) - onGetSensorHubData Event [event buffer len :4], AP_WAKEUP
I/CAE     (  909): parse(SensorHubParserProvider.java:166) - buffer size = 4
I/CAE     (  909): parse(SensorHubParserProvider.java:177) - 1, 1, 7, -1,
D/CAE     (  909): display(ContextProvider.java:365) - ================= AUTO_ROTATION =================
I/CAE     (  909): display(ContextProvider.java:381) - Angle=[-1]
D/SContextService(  909): updateSContext() : event = Auto Rotation
V/WindowOrientationListener(  909): mSContextAutoRotationListener.onSContextChanged, Rotation: -1
D/Sensorhubs(  298): readContextData: 1, 1, 7, 0
D/SensorHubManager(  909): onGetSensorHubDataLocked: library = 1, 1, 7, 0
D/CAE     (  909): onGetSensorHubData(SensorHubParserProvider.java:87) - onGetSensorHubData Event [event buffer len :4], AP_WAKEUP
I/CAE     (  909): parse(SensorHubParserProvider.java:166) - buffer size = 4
I/CAE     (  909): parse(SensorHubParserProvider.java:177) - 1, 1, 7, 0,
D/CAE     (  909): display(ContextProvider.java:365) - ================= AUTO_ROTATION =================
I/CAE     (  909): display(ContextProvider.java:381) - Angle=[0]
D/SContextService(  909): updateSContext() : event = Auto Rotation
V/WindowOrientationListener(  909): mSContextAutoRotationListener.onSContextChanged, Rotation: 0
D/Sensorhubs(  298): readContextData: 1, 1, 7, -1
D/SensorHubManager(  909): onGetSensorHubDataLocked: library = 1, 1, 7, -1
D/CAE     (  909): onGetSensorHubData(SensorHubParserProvider.java:87) - onGetSensorHubData Event [event buffer len :4], AP_WAKEUP
I/CAE     (  909): parse(SensorHubParserProvider.java:166) - buffer size = 4
I/CAE     (  909): parse(SensorHubParserProvider.java:177) - 1, 1, 7, -1,
D/CAE     (  909): display(ContextProvider.java:365) - ================= AUTO_ROTATION =================
I/CAE     (  909): display(ContextProvider.java:381) - Angle=[-1]
D/SContextService(  909): updateSContext() : event = Auto Rotation
V/WindowOrientationListener(  909): mSContextAutoRotationListener.onSContextChanged, Rotation: -1
D/Sensorhubs(  298): readContextData: 1, 1, 7, 0
D/SensorHubManager(  909): onGetSensorHubDataLocked: library = 1, 1, 7, 0
D/CAE     (  909): onGetSensorHubData(SensorHubParserProvider.java:87) - onGetSensorHubData Event [event buffer len :4], AP_WAKEUP
I/CAE     (  909): parse(SensorHubParserProvider.java:166) - buffer size = 4
I/CAE     (  909): parse(SensorHubParserProvider.java:177) - 1, 1, 7, 0,
D/CAE     (  909): display(ContextProvider.java:365) - ================= AUTO_ROTATION =================
I/CAE     (  909): display(ContextProvider.java:381) - Angle=[0]
D/SContextService(  909): updateSContext() : event = Auto Rotation
V/WindowOrientationListener(  909): mSContextAutoRotationListener.onSContextChanged, Rotation: 0
D/InputReader(  909): Input event: value=1
I/InputReader(  909): Touch event's action is 0x0 (deviceType=0) [pCnt=1, s=0.13283 ] when=106687754644000
I/InputDispatcher(  909): Delivering touch to (1204): action: 0x4, toolType: 1
I/InputDispatcher(  909): Delivering touch to (26458): action: 0x4, toolType: 1
I/InputDispatcher(  909): Delivering touch to (27238): action: 0x0, toolType: 1
D/ViewRootImpl(27238): ViewPostImeInputStage ACTION_DOWN
D/StatusBar.NetworkController( 1204): refreshViews connected={ wifi } level=3 combinedSignalIconId=0x7f020495/com.android.systemui:drawable/stat_sys_wifi_signal_4 mobileLabel=3 wifiLabel="UPC624261"xxxxXXXXxxxxXXXX emergencyOnly=false combinedLabel="UPC624261"xxxxXXXXxxxxXXXX mAirplaneMode=false mDataActivity=0 mPhoneSignalIconId=0x7f020415/com.android.systemui:drawable/stat_sys_signal_3_auto_rotate mQSPhoneSignalIconId=0x7f020113/com.android.systemui:drawable/ic_qs_signal_3 mDataDirectionIconId=0x0/(null) mDataSignalIconId=0x7f020415/com.android.systemui:drawable/stat_sys_signal_3_auto_rotate mDataTypeIconId=0x7f0202c9/com.android.systemui:drawable/stat_sys_data_connected_h mQSDataTypeIconId=0x7f02011f/com.android.systemui:drawable/ic_qs_signal_h mNoSimIconId=0x0/(null) mWifiIconId=0x7f020495/com.android.systemui:drawable/stat_sys_wifi_signal_4 mQSWifiIconId=0x7f02012b/com.android.systemui:drawable/ic_qs_wifi_4 mWifiActivityIconId=0x7f020468/com.android.systemui:drawable/stat_sys_signal_no_inout mBluetoothTetherIconId=0x1080907/android:drawable/stat_sys_tether_bluetooth
D/StatusBar.NetworkController( 1204): refreshSignalCluster - setNWBoosterIndicators(false)
D/StatusBar.NetworkController( 1204): applyOpen
D/StatusBar.NetworkController( 1204): refreshSignalCluster - setNWBoosterIndicators(false)
D/StatusBar.NetworkController( 1204): applyOpen
D/StatusBar.NetworkController( 1204): refreshSignalCluster - setNWBoosterIndicators(false)
D/StatusBar.NetworkController( 1204): applyOpen
D/StatusBar.NetworkController( 1204): refreshSignalCluster - setNWBoosterIndicators(false)
D/StatusBar.NetworkController( 1204): applyOpen
D/InputReader(  909): Input event: value=0
I/InputReader(  909): Touch event's action is 0x1 (deviceType=0) [pCnt=1, s=] when=106687939340000
I/InputDispatcher(  909): Delivering touch to (27238): action: 0x1, toolType: 1
D/CordovaLog(27238): file:///android_asset/www/js/ratchet.min.js: Line 10 : Uncaught SyntaxError: Failed to execute 'querySelector' on 'Document': '#friend-wishlist/10152723000833157/' is not a valid selector.
I/chromium(27238): [INFO:CONSOLE(10)] "Uncaught SyntaxError: Failed to execute 'querySelector' on 'Document': '#friend-wishlist/10152723000833157/' is not a valid selector.", source: file:///android_asset/www/js/ratchet.min.js (10)
D/InputReader(  909): Input event: value=1
I/InputReader(  909): Touch event's action is 0x0 (deviceType=0) [pCnt=1, s=0.13284 ] when=106688300665000
I/InputDispatcher(  909): Delivering touch to (1204): action: 0x4, toolType: 1
I/InputDispatcher(  909): Delivering touch to (26458): action: 0x4, toolType: 1
I/InputDispatcher(  909): Delivering touch to (27238): action: 0x0, toolType: 1
D/StatusBar.NetworkController( 1204): onSignalStrengthsChanged signalStrength=SignalStrength: 9 99 -120 -160 -120 -1 -1 99 2147483647 2147483647 2147483647 -1 2147483647 0x3 gsm|lte level=3
D/StatusBar.NetworkController( 1204): updateTelephonySignalStrength: hasService=true ss=SignalStrength: 9 99 -120 -160 -120 -1 -1 99 2147483647 2147483647 2147483647 -1 2147483647 0x3 gsm|lte
D/StatusBar.NetworkController( 1204): updateTelephonySignalStrength: iconLevel=3
D/StatusBar.NetworkController( 1204): updateTelephonySignalStrength, No signal level. mPhoneSignalIconId = com.android.systemui:drawable/stat_sys_signal_3_auto_rotate mDataSignalIconId = com.android.systemui:drawable/stat_sys_signal_3_auto_rotate mQSPhoneSignalIconId = com.android.systemui:drawable/ic_qs_signal_3 mContentDescriptionPhoneSignal = Phone three bars.
D/ViewRootImpl(27238): ViewPostImeInputStage ACTION_DOWN
D/StatusBar.NetworkController( 1204): refreshViews connected={ wifi } level=3 combinedSignalIconId=0x7f020495/com.android.systemui:drawable/stat_sys_wifi_signal_4 mobileLabel=3 wifiLabel="UPC624261"xxxxXXXXxxxxXXXX emergencyOnly=false combinedLabel="UPC624261"xxxxXXXXxxxxXXXX mAirplaneMode=false mDataActivity=0 mPhoneSignalIconId=0x7f020415/com.android.systemui:drawable/stat_sys_signal_3_auto_rotate mQSPhoneSignalIconId=0x7f020113/com.android.systemui:drawable/ic_qs_signal_3 mDataDirectionIconId=0x0/(null) mDataSignalIconId=0x7f020415/com.android.systemui:drawable/stat_sys_signal_3_auto_rotate mDataTypeIconId=0x7f0202c9/com.android.systemui:drawable/stat_sys_data_connected_h mQSDataTypeIconId=0x7f02011f/com.android.systemui:drawable/ic_qs_signal_h mNoSimIconId=0x0/(null) mWifiIconId=0x7f020495/com.android.systemui:drawable/stat_sys_wifi_signal_4 mQSWifiIconId=0x7f02012b/com.android.systemui:drawable/ic_qs_wifi_4 mWifiActivityIconId=0x7f020468/com.android.systemui:drawable/stat_sys_signal_no_inout mBluetoothTetherIconId=0x1080907/android:drawable/stat_sys_tether_bluetooth
D/InputReader(  909): Input event: value=0
I/InputReader(  909): Touch event's action is 0x1 (deviceType=0) [pCnt=1, s=] when=106688463948000
I/InputDispatcher(  909): Delivering touch to (27238): action: 0x1, toolType: 1
D/CordovaLog(27238): : Line 0 : Ignored attempt to cancel a touchend event with cancelable=false, for example because scrolling is in progress and cannot be interrupted.
I/chromium(27238): [INFO:CONSOLE(0)] "Ignored attempt to cancel a touchend event with cancelable=false, for example because scrolling is in progress and cannot be interrupted.", source:  (0)
I/WifiStateMachine(  909): CMD_RSSI_POLL : calculateWifiScore in!
I/WifiStateMachine(  909): CMD_RSSI_POLL : calculateWifiScore out!
I/WifiStateMachine(  909): CMD_RSSI_POLL : out!
D/InputReader(  909): Input event: value=1
I/InputReader(  909): Touch event's action is 0x0 (deviceType=0) [pCnt=1, s=0.13285 ] when=106689211308000
I/InputDispatcher(  909): Delivering touch to (1204): action: 0x4, toolType: 1
I/InputDispatcher(  909): Delivering touch to (26458): action: 0x4, toolType: 1
I/InputDispatcher(  909): Delivering touch to (27238): action: 0x0, toolType: 1
D/ViewRootImpl(27238): ViewPostImeInputStage ACTION_DOWN
D/InputReader(  909): Input event: value=0
I/InputReader(  909): Touch event's action is 0x1 (deviceType=0) [pCnt=1, s=] when=106689394723000
I/InputDispatcher(  909): Delivering touch to (27238): action: 0x1, toolType: 1
D/InputReader(  909): Input event: value=1
I/InputReader(  909): Touch event's action is 0x0 (deviceType=0) [pCnt=1, s=0.13286 ] when=106690272811000
I/InputDispatcher(  909): Delivering touch to (1204): action: 0x4, toolType: 1
I/InputDispatcher(  909): Delivering touch to (26458): action: 0x4, toolType: 1
I/InputDispatcher(  909): Delivering touch to (27238): action: 0x0, toolType: 1
D/ViewRootImpl(27238): ViewPostImeInputStage ACTION_DOWN
D/InputReader(  909): Input event: value=0
I/InputReader(  909): Touch event's action is 0x1 (deviceType=0) [pCnt=1, s=] when=106690344351000
I/InputDispatcher(  909): Delivering touch to (27238): action: 0x1, toolType: 1
D/CordovaLog(27238): file:///android_asset/www/js/ratchet.min.js: Line 10 : Uncaught SyntaxError: Failed to execute 'querySelector' on 'Document': '#give-gift/10205162835322984/148/' is not a valid selector.
I/chromium(27238): [INFO:CONSOLE(10)] "Uncaught SyntaxError: Failed to execute 'querySelector' on 'Document': '#give-gift/10205162835322984/148/' is not a valid selector.", source: file:///android_asset/www/js/ratchet.min.js (10)
W/BindingManager(27238): Cannot call determinedVisibility() - never saw a connection for the pid: 27238
D/StatusBar.NetworkController( 1204): onSignalStrengthsChanged signalStrength=SignalStrength: 9 99 -120 -160 -120 -1 -1 99 2147483647 2147483647 2147483647 -1 2147483647 0x2 gsm|lte level=2
D/StatusBar.NetworkController( 1204): updateTelephonySignalStrength: hasService=true ss=SignalStrength: 9 99 -120 -160 -120 -1 -1 99 2147483647 2147483647 2147483647 -1 2147483647 0x2 gsm|lte
D/StatusBar.NetworkController( 1204): updateTelephonySignalStrength: iconLevel=2
D/StatusBar.NetworkController( 1204): updateTelephonySignalStrength, No signal level. mPhoneSignalIconId = com.android.systemui:drawable/stat_sys_signal_2_auto_rotate mDataSignalIconId = com.android.systemui:drawable/stat_sys_signal_2_auto_rotate mQSPhoneSignalIconId = com.android.systemui:drawable/ic_qs_signal_2 mContentDescriptionPhoneSignal = Phone two bars.
D/StatusBar.NetworkController( 1204): refreshViews connected={ wifi } level=2 combinedSignalIconId=0x7f020495/com.android.systemui:drawable/stat_sys_wifi_signal_4 mobileLabel=3 wifiLabel="UPC624261"xxxxXXXXxxxxXXXX emergencyOnly=false combinedLabel="UPC624261"xxxxXXXXxxxxXXXX mAirplaneMode=false mDataActivity=0 mPhoneSignalIconId=0x7f0203ee/com.android.systemui:drawable/stat_sys_signal_2_auto_rotate mQSPhoneSignalIconId=0x7f020112/com.android.systemui:drawable/ic_qs_signal_2 mDataDirectionIconId=0x0/(null) mDataSignalIconId=0x7f0203ee/com.android.systemui:drawable/stat_sys_signal_2_auto_rotate mDataTypeIconId=0x7f0202c9/com.android.systemui:drawable/stat_sys_data_connected_h mQSDataTypeIconId=0x7f02011f/com.android.systemui:drawable/ic_qs_signal_h mNoSimIconId=0x0/(null) mWifiIconId=0x7f020495/com.android.systemui:drawable/stat_sys_wifi_signal_4 mQSWifiIconId=0x7f02012b/com.android.systemui:drawable/ic_qs_wifi_4 mWifiActivityIconId=0x7f020468/com.android.systemui:drawable/stat_sys_signal_no_inout mBluetoothTetherIconId=0x1080907/android:drawable/stat_sys_tether_bluetooth
D/StatusBar.NetworkController( 1204): refreshSignalCluster - setNWBoosterIndicators(false)
D/StatusBar.NetworkController( 1204): applyOpen
D/LocationManagerService(  909): getProviders()=[passive, gps, network]
D/StatusBar.NetworkController( 1204): refreshSignalCluster - setNWBoosterIndicators(false)
D/StatusBar.NetworkController( 1204): applyOpen
D/StatusBar.NetworkController( 1204): refreshSignalCluster - setNWBoosterIndicators(false)
D/StatusBar.NetworkController( 1204): applyOpen
D/StatusBar.NetworkController( 1204): refreshSignalCluster - setNWBoosterIndicators(false)
D/StatusBar.NetworkController( 1204): applyOpen
D/LocationManagerService(  909): getLastLocation: Request[POWER_LOW network requested=0 fastest=0 num=1]
I/SensorService(  909): Skipped sensor HRM Sensor because it requires permission com.samsung.permission.SSENSOR
I/SensorService(  909): Skipped sensor HeartRate Sensor because it requires permission android.permission.BODY_SENSORS
I/SensorService(  909): Skipped sensor MAX86900 because it requires permission com.samsung.permission.SSENSOR
D/StatusBar.NetworkController( 1204): refreshViews connected={ wifi } level=2 combinedSignalIconId=0x7f020495/com.android.systemui:drawable/stat_sys_wifi_signal_4 mobileLabel=3 wifiLabel="UPC624261"xxxxXXXXxxxxXXXX emergencyOnly=false combinedLabel="UPC624261"xxxxXXXXxxxxXXXX mAirplaneMode=false mDataActivity=0 mPhoneSignalIconId=0x7f0203ee/com.android.systemui:drawable/stat_sys_signal_2_auto_rotate mQSPhoneSignalIconId=0x7f020112/com.android.systemui:drawable/ic_qs_signal_2 mDataDirectionIconId=0x0/(null) mDataSignalIconId=0x7f0203ee/com.android.systemui:drawable/stat_sys_signal_2_auto_rotate mDataTypeIconId=0x7f0202c9/com.android.systemui:drawable/stat_sys_data_connected_h mQSDataTypeIconId=0x7f02011f/com.android.systemui:drawable/ic_qs_signal_h mNoSimIconId=0x0/(null) mWifiIconId=0x7f020495/com.android.systemui:drawable/stat_sys_wifi_signal_4 mQSWifiIconId=0x7f02012b/com.android.systemui:drawable/ic_qs_wifi_4 mWifiActivityIconId=0x7f020466/com.android.systemui:drawable/stat_sys_signal_inout mBluetoothTetherIconId=0x1080907/android:drawable/stat_sys_tether_bluetooth
D/StatusBar.NetworkController( 1204): refreshSignalCluster - setNWBoosterIndicators(false)
D/StatusBar.NetworkController( 1204): applyOpen
D/StatusBar.NetworkController( 1204): refreshSignalCluster - setNWBoosterIndicators(false)
D/StatusBar.NetworkController( 1204): applyOpen
D/StatusBar.NetworkController( 1204): refreshSignalCluster - setNWBoosterIndicators(false)
D/StatusBar.NetworkController( 1204): applyOpen
D/StatusBar.NetworkController( 1204): refreshSignalCluster - setNWBoosterIndicators(false)
D/StatusBar.NetworkController( 1204): applyOpen
D/CacheSense(30503): Service idle, stopping
D/ConnectivityService(  909): returning getNetworkInfo(networkType - 1) :[type: WIFI[] - WIFI, state: CONNECTED/CONNECTED, reason: (unspecified), extra: "UPC624261", roaming: false, failover: false, isAvailable: true, isConnectedToProvisioningNetwork: false]
V/AlarmManager(  909): waitForAlarm result :4
E/ActivityManager(  909): checkUser: useridlist=null, currentuser=0
E/ActivityManager(  909): checkUser: useridlist=null, currentuser=0
E/ActivityManager(  909): checkUser: useridlist=null, currentuser=0
E/ActivityManager(  909): checkUser: useridlist=null, currentuser=0
E/Zygote  (30704): MountEmulatedStorage()
E/Zygote  (30704): v2
I/libpersona(30704): KNOX_SDCARD checking this for 10314
I/libpersona(30704): KNOX_SDCARD not a persona
I/ActivityManager(  909): Start proc net.eagin.software.android.dejaloYa for broadcast net.eagin.software.android.dejaloYa/com.EAGINsoftware.dejaloYa.receivers.StartServiceReciever: pid=30704 uid=10314 gids={50314, 9997, 3003, 1028, 1015} abi=armeabi-v7a
I/SELinux (30704): Function: selinux_compare_spd_ram, SPD-policy is existed. and_ver=SEPF_SM-G900F_4.4.2 ver=40
I/SELinux (30704): Function: selinux_compare_spd_ram , priority [2] , priority version is VE=SEPF_SM-G900F_5.0_0007
E/SELinux (30704): [DEBUG] get_category: variable seinfo: default sensitivity: NULL, cateogry: NULL
D/KeyguardUpdateMonitor( 1204): received broadcast android.intent.action.BATTERY_CHANGED
D/KeyguardUpdateMonitor( 1204): handleBatteryUpdate
D/BatteryService(  909): level:94, scale:100, status:3, health:2, present:true, voltage: 4247, temperature: 299, technology: Li-ion, AC powered:false, USB powered:false, Wireless powered:false, icon:17303735, invalid charger:0
D/BatteryService(  909): online:1, current avg:450, charge type:0, power sharing:false, high voltage charger:false, capacity:280000
D/BatteryService(  909): Sending ACTION_BATTERY_CHANGED.
D/MotionRecognitionService(  909):   mReceiver.onReceive : ACTION_BATTERY_CHANGED
I/MotionRecognitionService(  909): Unplugged
D/ConnectivityService(  909): returning getNetworkInfo(networkType - 1) :[type: WIFI[] - WIFI, state: CONNECTED/CONNECTED, reason: (unspecified), extra: "UPC624261", roaming: false, failover: false, isAvailable: true, isConnectedToProvisioningNetwork: false]
I/art     (25095): Explicit concurrent mark sweep GC freed 2870(117KB) AllocSpace objects, 0(0B) LOS objects, 40% free, 15MB/25MB, paused 940us total 241.779ms
D/STATUSBAR-PhoneStatusBar( 1204):  mBrightnessEnablebySettings = true mBrightnessEnablebyBattery = true mBrightnessEnablebyDisableFlag = true mPmsBrightnessEnablebySettings = true
D/BatteryMeterView( 1204): ACTION_BATTERY_CHANGED : level:94 status:3 health:2
D/BatteryMeterView( 1204): ACTION_BATTERY_CHANGED : level:94 status:3 health:2
D/BatteryMeterView( 1204): ACTION_BATTERY_CHANGED : level:94 status:3 health:2
D/BatteryMeterView( 1204): onDraw batteryColor : -1
D/TimaKeyStoreProvider(30704): TimaSignature is unavailable
D/ActivityThread(30704): Added TimaKeyStore provider
D/SensorManager(25317): registerListener :: 0, MPU6500 Acceleration Sensor, 20000, 0,  
D/WifiService(  909): acquireWifiLockLocked: WifiLock{NlpWifiLock type=2 binder=android.os.BinderProxy@165e1ae1}
E/WifiStateMachine(  909): WifiStateMachine CMD_START_SCAN source 10014 txSuccessRate=5.48 rxSuccessRate=4.28 targetRoamBSSID=4c:72:b9:5b:64:b9 RSSI=-43
I/wpa_supplicant( 1164): wlan0: Setting scan request: 0 sec 0 usec
I/wpa_supplicant( 1164): P2P: Current p2p state = IDLE
E/WifiStateMachine(  909): [1,430,050,045,206 ms] noteScanStartWorkSource{10014} uid 10014
D/WifiService(  909): startScan by pid=25317, uid=10014
I/wpa_supplicant( 1164): Scan requested (ret=0) - scan timeout 30 seconds
D/ResourcesManager(30704): creating new AssetManager and set to /data/app/net.eagin.software.android.dejaloYa-2/base.apk
I/art     (30704): Created application space /data/dalvik-cache/arm/data@app@net.eagin.software.android.dejaloYa-2@base.apk@classes.dex.art at 0x76faf000~0x77802900
I/art     (30704): Loaded art file: /data/dalvik-cache/arm/data@app@net.eagin.software.android.dejaloYa-2@base.apk@classes.dex.art
I/Fabric  (30704): Initializing Crashlytics 2.2.2.37
E/ActivityManager(  909): checkUser: useridlist=null, currentuser=0
E/ActivityManager(  909): checkUser: useridlist=null, currentuser=0
E/ActivityManager(  909): checkUser: useridlist=null, currentuser=0
E/ActivityManager(  909): checkUser: useridlist=null, currentuser=0
E/Zygote  (30736): MountEmulatedStorage()
E/Zygote  (30736): v2
I/libpersona(30736): KNOX_SDCARD checking this for 10203
I/libpersona(30736): KNOX_SDCARD not a persona
I/ActivityManager(  909): Start proc com.EAGINsoftware.dejaloYa for broadcast com.EAGINsoftware.dejaloYa/.receivers.StartServiceReciever: pid=30736 uid=10203 gids={50203, 9997, 3003, 1028, 1015} abi=armeabi-v7a
I/SELinux (30736): Function: selinux_compare_spd_ram, SPD-policy is existed. and_ver=SEPF_SM-G900F_4.4.2 ver=40
I/SELinux (30736): Function: selinux_compare_spd_ram , priority [2] , priority version is VE=SEPF_SM-G900F_5.0_0007
E/SELinux (30736): [DEBUG] get_category: variable seinfo: default sensitivity: NULL, cateogry: NULL
D/TimaKeyStoreProvider(30736): TimaSignature is unavailable
D/ActivityThread(30736): Added TimaKeyStore provider
D/ResourcesManager(30736): creating new AssetManager and set to /data/app/com.EAGINsoftware.dejaloYa-1/base.apk
I/art     (30736): Created application space /data/dalvik-cache/arm/data@app@com.EAGINsoftware.dejaloYa-1@base.apk@classes.dex.art at 0x76faf000~0x77802b38
I/art     (30736): Loaded art file: /data/dalvik-cache/arm/data@app@com.EAGINsoftware.dejaloYa-1@base.apk@classes.dex.art
I/WifiStateMachine(  909): CMD_RSSI_POLL : calculateWifiScore in!
I/WifiStateMachine(  909): CMD_RSSI_POLL : calculateWifiScore out!
I/WifiStateMachine(  909): CMD_RSSI_POLL : out!
I/Fabric  (30736): Initializing Crashlytics 2.2.2.37
I/System.out(30736): (HTTPLog)-Static: SBServiceAPI: getService class android.os.ServiceManager
I/System.out(30736): (HTTPLog)-Static: isShipBuild true
I/System.out(30736): (HTTPLog)-Thread-175652-547200485: SmartBonding Enabling is true, SHIP_BUILD is true, log to file is false, DBG is false
I/ActivityManager(  909): Process com.distilledmedia.thejournal (pid 30529)(adj 15) has died(102,172)
V/SamsungIME(25172): onTrimMeomory Level = 15
D/HeadlinesChannelApplication(11300): HeadlinesChannelApplication.onTrimMemory(). level : 15
D/HeadlinesService(11300): HeadlinesService.onTrimMemory(). level : 15
D/InputReader(  909): Input event: value=1
I/InputReader(  909): Touch event's action is 0x0 (deviceType=0) [pCnt=1, s=0.13287 ] when=106692082194000
I/InputDispatcher(  909): Delivering touch to (1204): action: 0x4, toolType: 1
I/InputDispatcher(  909): Delivering touch to (26458): action: 0x4, toolType: 1
I/InputDispatcher(  909): Delivering touch to (27238): action: 0x0, toolType: 1
D/ViewRootImpl(27238): ViewPostImeInputStage ACTION_DOWN
D/InputReader(  909): Input event: value=0
I/InputReader(  909): Touch event's action is 0x1 (deviceType=0) [pCnt=1, s=] when=106692202530000
I/InputDispatcher(  909): Delivering touch to (27238): action: 0x1, toolType: 1
I/MultiPhoneWindowManager(  909): Changed -> mCurrentInputMethodTarget : Window{34645a5f u0 co.giftmeapp.gift_me/co.giftmeapp.gift_me.GiftMe}
D/LockPatternUtilsCache( 1204): getCarrierLockPlusMode()
D/LockPatternUtilsCache( 1204): value : false
D/LockPatternUtilsCache( 1204): getCarrierLockPlusMode()
D/LockPatternUtilsCache( 1204): value : false
D/LockPatternUtilsCache( 1204): getCarrierLockPlusMode()
D/LockPatternUtilsCache( 1204): value : false
D/LockPatternUtilsCache( 1204): getCarrierLockPlusMode()
D/LockPatternUtilsCache( 1204): value : false
D/SamsungIME(25172): onStartInputView requsted restarting value = false
D/SamsungIME(25172): onStartInputView After call super -  restarting value = false
D/SamsungIME(25172): mIsEnableOCR = false
D/SamsungIME(25172): getValidMMCodes - failed to get the packageInfo of OCR or registered OCR Receiver
D/CustomFrequencyManagerService(  909): acquireDVFSLockLocked : type : DVFS_MIN_LIMIT  frequency : 1958400  uid : 1000  pid : 909  pkgName : com.sec.android.inputmethod@95
D/SamsungIME(25172): checking talkback status : false
D/SamsungIME(25172): disable handwriting input icon : handwriting is not available in current language
D/SamsungIME(25172): [startInputView] info.inputType = 180385 info.imeOptions = 301989889
I/SamsungIME(25172): Update SetupWizard State usc : 1 pss : false
I/SamsungIME(25172): Update SetupWizard State usc : 1 pss : false
E/SamsungIME(25172): lang.getLanguageCode():en, lang.getCountryCode():GB
E/SamsungIME(25172): lang.getLanguageCode():fr, lang.getCountryCode():FR
E/SamsungIME(25172): lang.getLanguageCode():ga, lang.getCountryCode():
W/SamsungIME(25172): makeSelectedLanguageList:en_GB;fr_FR;ga_;
D/SamsungIME(25172): [AbstractKeyboardView] onDetachedFromWindow.
D/SamsungIME(25172): Magnification Enabled = false
D/SamsungIME(25172): Dismiss ExpandCandiate
W/ContextImpl(25172): Calling a method in the system process without a qualified user: android.app.ContextImpl.sendBroadcast:1629 android.content.ContextWrapper.sendBroadcast:391 com.diotek.ime.framework.common.InputManagerImpl.sendInputLanguageByThread:9101 com.diotek.ime.framework.common.InputManagerImpl.access$6700:199 com.diotek.ime.framework.common.InputManagerImpl$32.run:9063 
E/SamsungIME(25172): lang.getLanguageCode():en, lang.getCountryCode():GB
E/SamsungIME(25172): lang.getLanguageCode():fr, lang.getCountryCode():FR
I/SamsungIME(25172): getNextShiftState() cursorCapsMode : 8192
E/SamsungIME(25172): lang.getLanguageCode():ga, lang.getCountryCode():
W/SamsungIME(25172): makeSelectedLanguageList:en_GB;fr_FR;ga_;
D/SamsungIME(25172): Dismiss ExpandCandiate
W/ContextImpl(25172): Calling a method in the system process without a qualified user: android.app.ContextImpl.sendBroadcast:1629 android.content.ContextWrapper.sendBroadcast:391 com.diotek.ime.framework.common.InputManagerImpl.sendInputLanguageByThread:9101 com.diotek.ime.framework.common.InputManagerImpl.access$6700:199 com.diotek.ime.framework.common.InputManagerImpl$32.run:9063 
D/SamsungIME(25172): Dismiss ExpandCandiate
I/SamsungIME(25172): getCurrentKeyboard
I/SamsungIME(25172): getTextKeyboard
D/SamsungIME(25172): [SwiftkeyWrapper] currentLangauge : 1701726018
I/SamsungIME(25172): getNextShiftState() cursorCapsMode : 8192
D/SamsungIME(25172): Skip dismiss ExpandCandidate. it will be post-invalidated later
D/SamsungIME(25172): startInputViewContinue : true true
D/SamsungIME(25172): conditions for show dialog : true true false false
D/SamsungIME(25172): showDlgMsgBox : true true true
D/SamsungIME(25172): showDlgMsgBox inner condition : true true
I/SamsungIME(25172): [IMI] startInputView - caller pid : 27238, caller uid : 10357
D/SamsungIME(25172): onWindowShown
W/ContextImpl(25172): Calling a method in the system process without a qualified user: android.app.ContextImpl.sendBroadcast:1629 android.content.ContextWrapper.sendBroadcast:391 com.diotek.ime.framework.common.InputManagerImpl.sendBroadcaseSIPShownByThread:8909 com.diotek.ime.framework.common.InputManagerImpl.access$6600:199 com.diotek.ime.framework.common.InputManagerImpl$31.run:8900 
W/ContextImpl(25172): Calling a method in the system process without a qualified user: android.app.ContextImpl.sendBroadcast:1629 android.content.ContextWrapper.sendBroadcast:391 android.inputmethodservice.InputMethodService.sendInputViewShownState:417 android.inputmethodservice.InputMethodService.showWindow:1921 android.inputmethodservice.InputMethodService$InputMethodImpl.showSoftInput:617 
D/SSRM:a  (  909): DeviceInfo:: 000000000000
D/SSRM:a  (  909): SettingsAirViewInfo:: 000010000
I/MultiUserPreferences(26458): commit
D/ResourcesManager(  909): creating new AssetManager and set to /system/app/SamsungIME/SamsungIME.apk
D/ApplicationPolicy(  909): isStatusBarNotificationAllowedAsUser: packageName = android,userId = -1
V/ApplicationPolicy(  909): isApplicationStateBlocked userId -1 pkgname android
I/ValidateNoPeople(  909): skipping global notification
I/SurfaceFlinger(  251): id=2417 createSurf (1080x1137),1 flag=4, InputMethod
D/LockPatternUtilsCache( 1204): getCarrierLockPlusMode()
D/LockPatternUtilsCache( 1204): value : false
D/LockPatternUtilsCache( 1204): getCarrierLockPlusMode()
D/LockPatternUtilsCache( 1204): value : false
D/LockPatternUtilsCache( 1204): getCarrierLockPlusMode()
D/LockPatternUtilsCache( 1204): value : false
D/LockPatternUtilsCache( 1204): getCarrierLockPlusMode()
D/LockPatternUtilsCache( 1204): value : false
D/LockPatternUtilsCache( 1204): getCarrierLockPlusMode()
D/LockPatternUtilsCache( 1204): value : false
D/LockPatternUtilsCache( 1204): getCarrierLockPlusMode()
D/LockPatternUtilsCache( 1204): value : false
D/LockPatternUtilsCache( 1204): getCarrierLockPlusMode()
D/LockPatternUtilsCache( 1204): value : false
D/LockPatternUtilsCache( 1204): getCarrierLockPlusMode()
D/LockPatternUtilsCache( 1204): value : false
D/LockPatternUtilsCache( 1204): getCarrierLockPlusMode()
D/LockPatternUtilsCache( 1204): value : false
D/SoftKeyboardDetect(27238): Ignore this event
D/LockPatternUtilsCache( 1204): getCarrierLockPlusMode()
D/LockPatternUtilsCache( 1204): value : false
D/LockPatternUtilsCache( 1204): getCarrierLockPlusMode()
D/LockPatternUtilsCache( 1204): value : false
D/LockPatternUtilsCache( 1204): getCarrierLockPlusMode()
D/LockPatternUtilsCache( 1204): value : false
D/LockPatternUtilsCache( 1204): getCarrierLockPlusMode()
D/LockPatternUtilsCache( 1204): value : false
D/LockPatternUtilsCache( 1204): getCarrierLockPlusMode()
D/LockPatternUtilsCache( 1204): value : false
D/LockPatternUtilsCache( 1204): getCarrierLockPlusMode()
D/LockPatternUtilsCache( 1204): value : false
E/SamsungIME(25172): AbstractCandidateLayout-setCandidates suggestions count : 9
E/SamsungIME(25172): AbstractCandidateLayout-setCandidates fontSize : 19.0
E/SamsungIME(25172): AbstractCandidateLayout-setCandidates typeFace : class android.graphics.Typeface
E/SamsungIME(25172): AbstractCandidateLayout-setCandidates topPadding : 33
E/SamsungIME(25172): AbstractCandidateLayout-setCandidates bottomPadding : 33
E/SamsungIME(25172): AbstractCandidateLayout-setCandidates height : 126
E/SamsungIME(25172): AbstractCandidateLayout-setCandidates maxWidth : 1080
E/SamsungIME(25172): AbstractCandidateLayout-setCandidates finished : 3
D/SamsungIME(25172): Skip dismiss ExpandCandidate. it will be post-invalidated later
I/SamsungIME(25172): drawAllKey
D/Sensorhubs(  298): readContextData: 1, 1, 7, -1
D/SensorHubManager(  909): onGetSensorHubDataLocked: library = 1, 1, 7, -1
D/CAE     (  909): onGetSensorHubData(SensorHubParserProvider.java:87) - onGetSensorHubData Event [event buffer len :4], AP_WAKEUP
I/CAE     (  909): parse(SensorHubParserProvider.java:166) - buffer size = 4
I/CAE     (  909): parse(SensorHubParserProvider.java:177) - 1, 1, 7, -1,
D/CAE     (  909): display(ContextProvider.java:365) - ================= AUTO_ROTATION =================
I/CAE     (  909): display(ContextProvider.java:381) - Angle=[-1]
D/SContextService(  909): updateSContext() : event = Auto Rotation
V/WindowOrientationListener(  909): mSContextAutoRotationListener.onSContextChanged, Rotation: -1
V/BitmapFactory(25172): DecodeImagePath(decodeResourceStream3) : res/drawable-sw360dp-xxhdpi-v13/qwerty_key_icon_shift_pressed.qmg
V/BitmapFactory(25172): DecodeImagePath(decodeResourceStream3) : res/drawable-sw360dp-xxhdpi-v13/qwerty_key_icon_shift_shifted.qmg
D/KnoxNotification( 1204): ----- inflateViews : modified publicViewLocal -----
D/SamsungIME(25172): mIsEnableOCR = false
D/SamsungIME(25172): getValidMMCodes - failed to get the packageInfo of OCR or registered OCR Receiver
D/SamsungIME(25172): checking talkback status : false
D/SamsungIME(25172): mIsEnableOCR = false
D/SamsungIME(25172): getValidMMCodes - failed to get the packageInfo of OCR or registered OCR Receiver
D/SamsungIME(25172): checking talkback status : false
D/SamsungIME(25172): mIsEnableOCR = false
D/SamsungIME(25172): getValidMMCodes - failed to get the packageInfo of OCR or registered OCR Receiver
D/SamsungIME(25172): checking talkback status : false
V/BitmapFactory(25172): DecodeImagePath(decodeResourceStream3) : res/drawable-sw360dp-xxhdpi-v13/qwerty_key_icon_space_pressed.qmg
D/KnoxNotification( 1204): ----- inflateViews : modified KnoxViewLocal -----
V/BitmapFactory(25172): DecodeImagePath(decodeResourceStream3) : res/drawable-sw360dp-xxhdpi-v13/qwerty_key_icon_space.qmg
D/PersonaManager( 1204): PersonaID is invalid or persona doesn't exists. : -1
D/SecContentProvider2(  909): uri = 14 selection = getSealedState
D/SecContentProvider2(  909): mCursor = null
D/PhoneStatusBar( 1204): tick(): knoxCustomManager = android.app.enterprise.knoxcustom.KnoxCustomManager@35d5fa01
D/SecContentProvider2(  909): KnoxCustomManagerService offline: service is not available
V/BitmapFactory(25172): DecodeImagePath(decodeResourceStream3) : res/drawable-sw360dp-xxhdpi-v13/qwerty_key_icon_enter_pressed.qmg
V/BitmapFactory(25172): DecodeImagePath(decodeResourceStream3) : res/drawable-sw360dp-xxhdpi-v13/qwerty_key_icon_enter.qmg
D/LockPatternUtilsCache( 1204): getCarrierLockPlusMode()
D/LockPatternUtilsCache( 1204): value : false
D/LockPatternUtilsCache( 1204): getCarrierLockPlusMode()
D/LockPatternUtilsCache( 1204): value : false
D/SamsungIME(25172): SwiftkeyWrapper-checkCurrentSequence : use IC
D/LockPatternUtilsCache( 1204): getCarrierLockPlusMode()
D/LockPatternUtilsCache( 1204): value : false
D/LockPatternUtilsCache( 1204): getCarrierLockPlusMode()
D/LockPatternUtilsCache( 1204): value : false
D/LockPatternUtilsCache( 1204): getCarrierLockPlusMode()
D/LockPatternUtilsCache( 1204): value : false
D/LockPatternUtilsCache( 1204): getCarrierLockPlusMode()
D/LockPatternUtilsCache( 1204): value : false
E/SamsungIME(25172): AbstractCandidateLayout-setCandidates suggestions count : 9
E/SamsungIME(25172): AbstractCandidateLayout-setCandidates fontSize : 19.0
E/SamsungIME(25172): AbstractCandidateLayout-setCandidates typeFace : class android.graphics.Typeface
E/SamsungIME(25172): AbstractCandidateLayout-setCandidates topPadding : 33
E/SamsungIME(25172): AbstractCandidateLayout-setCandidates bottomPadding : 33
E/SamsungIME(25172): AbstractCandidateLayout-setCandidates height : 126
E/SamsungIME(25172): AbstractCandidateLayout-setCandidates maxWidth : 1080
E/SamsungIME(25172): AbstractCandidateLayout-setCandidates finished : 3
D/SamsungIME(25172): Skip dismiss ExpandCandidate. it will be post-invalidated later
D/PanelView( 1204): There is/are notification(s) 
D/LockPatternUtilsCache( 1204): getCarrierLockPlusMode()
D/LockPatternUtilsCache( 1204): value : false
D/PanelView( 1204): There is/are notification(s) 
D/LockPatternUtilsCache( 1204): getCarrierLockPlusMode()
D/LockPatternUtilsCache( 1204): value : false
D/LockPatternUtilsCache( 1204): getCarrierLockPlusMode()
D/LockPatternUtilsCache( 1204): value : false
D/LockPatternUtilsCache( 1204): getCarrierLockPlusMode()
D/LockPatternUtilsCache( 1204): value : false
D/LockPatternUtilsCache( 1204): getCarrierLockPlusMode()
D/LockPatternUtilsCache( 1204): value : false
D/LockPatternUtilsCache( 1204): getCarrierLockPlusMode()
D/LockPatternUtilsCache( 1204): value : false
I/MultiUserPreferences(26458): commit
D/LockPatternUtilsCache( 1204): getCarrierLockPlusMode()
D/LockPatternUtilsCache( 1204): value : false
D/LockPatternUtilsCache( 1204): getCarrierLockPlusMode()
D/LockPatternUtilsCache( 1204): value : false
D/LockPatternUtilsCache( 1204): getCarrierLockPlusMode()
D/LockPatternUtilsCache( 1204): value : false
D/LockPatternUtilsCache( 1204): getCarrierLockPlusMode()
D/LockPatternUtilsCache( 1204): value : false
D/LockPatternUtilsCache( 1204): getCarrierLockPlusMode()
D/LockPatternUtilsCache( 1204): value : false
D/LockPatternUtilsCache( 1204): getCarrierLockPlusMode()
D/LockPatternUtilsCache( 1204): value : false
D/LockPatternUtilsCache( 1204): getCarrierLockPlusMode()
D/LockPatternUtilsCache( 1204): value : false
D/LockPatternUtilsCache( 1204): getCarrierLockPlusMode()
D/LockPatternUtilsCache( 1204): value : false
D/LockPatternUtilsCache( 1204): getCarrierLockPlusMode()
D/LockPatternUtilsCache( 1204): value : false
D/LockPatternUtilsCache( 1204): getCarrierLockPlusMode()
D/LockPatternUtilsCache( 1204): value : false
D/ConnectivityService(  909): returning getNetworkInfo(networkType - 1) :[type: WIFI[] - WIFI, state: CONNECTED/CONNECTED, reason: (unspecified), extra: "UPC624261", roaming: false, failover: false, isAvailable: true, isConnectedToProvisioningNetwork: false]
D/ConnectivityService(  909): returning getNetworkInfo(networkType - 1) :[type: WIFI[] - WIFI, state: CONNECTED/CONNECTED, reason: (unspecified), extra: "UPC624261", roaming: false, failover: false, isAvailable: true, isConnectedToProvisioningNetwork: false]
D/LockPatternUtilsCache( 1204): getCarrierLockPlusMode()
D/LockPatternUtilsCache( 1204): value : false
D/LockPatternUtilsCache( 1204): getCarrierLockPlusMode()
D/LockPatternUtilsCache( 1204): value : false
D/LockPatternUtilsCache( 1204): getCarrierLockPlusMode()
D/LockPatternUtilsCache( 1204): value : false
D/LockPatternUtilsCache( 1204): getCarrierLockPlusMode()
D/LockPatternUtilsCache( 1204): value : false
D/LockPatternUtilsCache( 1204): getCarrierLockPlusMode()
D/LockPatternUtilsCache( 1204): value : false
D/CustomFrequencyManagerService(  909): releaseDVFSLockLocked : Getting Lock type frm List : DVFS_MIN_LIMIT  frequency : 1958400  uid : 1000  pid : 909  tag : com.sec.android.inputmethod@95
D/LockPatternUtilsCache( 1204): getCarrierLockPlusMode()
D/LockPatternUtilsCache( 1204): value : false
D/LockPatternUtilsCache( 1204): getCarrierLockPlusMode()
D/LockPatternUtilsCache( 1204): value : false
D/Sensorhubs(  298): readContextData: 1, 1, 7, 0
D/SensorHubManager(  909): onGetSensorHubDataLocked: library = 1, 1, 7, 0
D/CAE     (  909): onGetSensorHubData(SensorHubParserProvider.java:87) - onGetSensorHubData Event [event buffer len :4], AP_WAKEUP
I/CAE     (  909): parse(SensorHubParserProvider.java:166) - buffer size = 4
I/CAE     (  909): parse(SensorHubParserProvider.java:177) - 1, 1, 7, 0,
D/CAE     (  909): display(ContextProvider.java:365) - ================= AUTO_ROTATION =================
I/CAE     (  909): display(ContextProvider.java:381) - Angle=[0]
D/SContextService(  909): updateSContext() : event = Auto Rotation
V/WindowOrientationListener(  909): mSContextAutoRotationListener.onSContextChanged, Rotation: 0
D/LockPatternUtilsCache( 1204): getCarrierLockPlusMode()
D/LockPatternUtilsCache( 1204): value : false
D/LockPatternUtilsCache( 1204): getCarrierLockPlusMode()
D/LockPatternUtilsCache( 1204): value : false
D/LockPatternUtilsCache( 1204): getCarrierLockPlusMode()
D/LockPatternUtilsCache( 1204): value : false
D/LockPatternUtilsCache( 1204): getCarrierLockPlusMode()
D/LockPatternUtilsCache( 1204): value : false
D/LockPatternUtilsCache( 1204): getCarrierLockPlusMode()
D/LockPatternUtilsCache( 1204): value : false
D/LockPatternUtilsCache( 1204): getCarrierLockPlusMode()
D/LockPatternUtilsCache( 1204): value : false
I/SamsungIME(25172): Update SetupWizard State usc : 1 pss : false
D/SamsungIME(25172): SwiftKey guide popup condition 1 : true true
E/SamsungIME(25172): SwiftKey guide popup condition 2 : true true true true true false true true true true
E/Watchdog(  909): !@Sync 3553
D/InputReader(  909): Input event: value=1
I/InputReader(  909): Touch event's action is 0x0 (deviceType=0) [pCnt=1, s=0.13288 ] when=106693636496000
I/InputDispatcher(  909): Delivering touch to (1204): action: 0x4, toolType: 1
I/InputDispatcher(  909): Delivering touch to (26458): action: 0x4, toolType: 1
I/InputDispatcher(  909): Delivering touch to (25172): action: 0x0, toolType: 1
D/ViewRootImpl(25172): ViewPostImeInputStage ACTION_DOWN
I/InputReader(  909): Touch event's action is 0x1 (deviceType=0) [pCnt=1, s=1.13289 ] when=106693767757000
I/InputReader(  909): Touch event's action is 0x0 (deviceType=0) [pCnt=1, s=1.13289 ] when=106693767757000
I/InputDispatcher(  909): Delivering touch to (25172): action: 0x1, toolType: 1
I/InputDispatcher(  909): Delivering touch to (1204): action: 0x4, toolType: 1
I/InputDispatcher(  909): Delivering touch to (26458): action: 0x4, toolType: 1
I/InputDispatcher(  909): Delivering touch to (25172): action: 0x0, toolType: 1
E/SamsungIME(25172): SwiftkeyWrapper-inputKey
I/SamsungIME(25172): getNextShiftState() cursorCapsMode : 0
V/BitmapFactory(25172): DecodeImagePath(decodeResourceStream3) : res/drawable-sw360dp-xxhdpi-v13/qwerty_key_icon_shift_non.qmg
D/ViewRootImpl(25172): ViewPostImeInputStage ACTION_DOWN
D/SamsungIME(25172): [AbstractSwiftkeyManager-getMostLikelyCharacter]
I/SamsungIME(25172): getNextShiftState() cursorCapsMode : 0
D/InputReader(  909): Input event: value=0
I/InputReader(  909): Touch event's action is 0x1 (deviceType=0) [pCnt=1, s=] when=106693874948000
I/InputDispatcher(  909): Delivering touch to (25172): action: 0x1, toolType: 1
E/SamsungIME(25172): SwiftkeyWrapper-inputKey
D/StatusBar.NetworkController( 1204): refreshViews connected={ wifi } level=2 combinedSignalIconId=0x7f020495/com.android.systemui:drawable/stat_sys_wifi_signal_4 mobileLabel=3 wifiLabel="UPC624261"xxxxXXXXxxxxXXXX emergencyOnly=false combinedLabel="UPC624261"xxxxXXXXxxxxXXXX mAirplaneMode=false mDataActivity=0 mPhoneSignalIconId=0x7f0203ee/com.android.systemui:drawable/stat_sys_signal_2_auto_rotate mQSPhoneSignalIconId=0x7f020112/com.android.systemui:drawable/ic_qs_signal_2 mDataDirectionIconId=0x0/(null) mDataSignalIconId=0x7f0203ee/com.android.systemui:drawable/stat_sys_signal_2_auto_rotate mDataTypeIconId=0x7f0202c9/com.android.systemui:drawable/stat_sys_data_connected_h mQSDataTypeIconId=0x7f02011f/com.android.systemui:drawable/ic_qs_signal_h mNoSimIconId=0x0/(null) mWifiIconId=0x7f020495/com.android.systemui:drawable/stat_sys_wifi_signal_4 mQSWifiIconId=0x7f02012b/com.android.systemui:drawable/ic_qs_wifi_4 mWifiActivityIconId=0x7f020468/com.android.systemui:drawable/stat_sys_signal_no_inout mBluetoothTetherIconId=0x1080907/android:drawable/stat_sys_tether_bluetooth
D/StatusBar.NetworkController( 1204): refreshSignalCluster - setNWBoosterIndicators(false)
D/StatusBar.NetworkController( 1204): applyOpen
D/StatusBar.NetworkController( 1204): refreshSignalCluster - setNWBoosterIndicators(false)
D/StatusBar.NetworkController( 1204): applyOpen
D/StatusBar.NetworkController( 1204): refreshSignalCluster - setNWBoosterIndicators(false)
D/StatusBar.NetworkController( 1204): applyOpen
D/StatusBar.NetworkController( 1204): refreshSignalCluster - setNWBoosterIndicators(false)
D/StatusBar.NetworkController( 1204): applyOpen
D/InputReader(  909): Input event: value=1
I/InputReader(  909): Touch event's action is 0x0 (deviceType=0) [pCnt=1, s=0.13290 ] when=106694040338000
I/InputDispatcher(  909): Delivering touch to (1204): action: 0x4, toolType: 1
I/InputDispatcher(  909): Delivering touch to (26458): action: 0x4, toolType: 1
I/InputDispatcher(  909): Delivering touch to (25172): action: 0x0, toolType: 1
D/ViewRootImpl(25172): ViewPostImeInputStage ACTION_DOWN
D/SamsungIME(25172): [AbstractSwiftkeyManager-getMostLikelyCharacter]
E/SamsungIME(25172): AbstractCandidateLayout-setCandidates suggestions count : 9
E/SamsungIME(25172): AbstractCandidateLayout-setCandidates fontSize : 19.0
E/SamsungIME(25172): AbstractCandidateLayout-setCandidates typeFace : class android.graphics.Typeface
E/SamsungIME(25172): AbstractCandidateLayout-setCandidates topPadding : 33
E/SamsungIME(25172): AbstractCandidateLayout-setCandidates bottomPadding : 33
E/SamsungIME(25172): AbstractCandidateLayout-setCandidates height : 126
E/SamsungIME(25172): AbstractCandidateLayout-setCandidates maxWidth : 1080
E/SamsungIME(25172): AbstractCandidateLayout-setCandidates finished : 3
V/BitmapFactory(25172): DecodeImagePath(decodeResourceStream3) : res/drawable-sw360dp-xxhdpi-v13/qwerty_key_icon_space_suggestion.qmg
D/SamsungIME(25172): Skip dismiss ExpandCandidate. it will be post-invalidated later
D/InputReader(  909): Input event: value=0
I/InputReader(  909): Touch event's action is 0x1 (deviceType=0) [pCnt=1, s=] when=106694137508000
I/InputDispatcher(  909): Delivering touch to (25172): action: 0x1, toolType: 1
E/SamsungIME(25172): SwiftkeyWrapper-inputKey
D/InputReader(  909): Input event: value=1
