W/ContextImpl( 1295): Calling a method in the system process without a qualified user: android.app.ContextImpl.sendBroadcast:1252 android.content.ContextWrapper.sendBroadcast:365 com.motorola.motocare.util.TriggerHelper$TriggerBuilder.send:76 com.motorola.motocare.internal.frameworkevents.ProcessKillTrigger.sendTrigger:147 com.motorola.motocare.internal.frameworkevents.ProcessKillTrigger.handleLmkKill:337 
W/ContextImpl( 1295): Calling a method in the system process without a qualified user: android.app.ContextImpl.sendBroadcast:1252 android.content.ContextWrapper.sendBroadcast:365 com.motorola.motocare.util.TriggerHelper$TriggerBuilder.send:76 com.motorola.motocare.internal.frameworkevents.ProcessKillTrigger.sendTrigger:147 com.motorola.motocare.internal.frameworkevents.ProcessKillTrigger.handleLmkKill:337 
W/ContextImpl( 1295): Calling a method in the system process without a qualified user: android.app.ContextImpl.sendBroadcast:1252 android.content.ContextWrapper.sendBroadcast:365 com.motorola.motocare.util.TriggerHelper$TriggerBuilder.send:76 com.motorola.motocare.internal.frameworkevents.ProcessKillTrigger.sendTrigger:147 com.motorola.motocare.internal.frameworkevents.ProcessKillTrigger.handleLmkKill:337 
W/ContextImpl( 1295): Calling a method in the system process without a qualified user: android.app.ContextImpl.sendBroadcast:1252 android.content.ContextWrapper.sendBroadcast:365 com.motorola.motocare.util.TriggerHelper$TriggerBuilder.send:76 com.motorola.motocare.internal.frameworkevents.ProcessKillTrigger.sendTrigger:147 com.motorola.motocare.internal.frameworkevents.ProcessKillTrigger.handleLmkKill:337 
W/ContextImpl( 1295): Calling a method in the system process without a qualified user: android.app.ContextImpl.sendBroadcast:1252 android.content.ContextWrapper.sendBroadcast:365 com.motorola.motocare.util.TriggerHelper$TriggerBuilder.send:76 com.motorola.motocare.internal.frameworkevents.ProcessKillTrigger.sendTrigger:147 com.motorola.motocare.internal.frameworkevents.ProcessKillTrigger.handleLmkKill:337 
W/ContextImpl( 1295): Calling a method in the system process without a qualified user: android.app.ContextImpl.sendBroadcast:1252 android.content.ContextWrapper.sendBroadcast:365 com.motorola.motocare.util.TriggerHelper$TriggerBuilder.send:76 com.motorola.motocare.internal.frameworkevents.ProcessKillTrigger.sendTrigger:147 com.motorola.motocare.internal.frameworkevents.ProcessKillTrigger.handleLmkKill:337 
W/ContextImpl( 1295): Calling a method in the system process without a qualified user: android.app.ContextImpl.sendBroadcast:1252 android.content.ContextWrapper.sendBroadcast:365 com.motorola.motocare.util.TriggerHelper$TriggerBuilder.send:76 com.motorola.motocare.internal.frameworkevents.ProcessKillTrigger.sendTrigger:147 com.motorola.motocare.internal.frameworkevents.ProcessKillTrigger.handleLmkKill:337 
W/ContextImpl( 1295): Calling a method in the system process without a qualified user: android.app.ContextImpl.sendBroadcast:1252 android.content.ContextWrapper.sendBroadcast:365 com.motorola.motocare.util.TriggerHelper$TriggerBuilder.send:76 com.motorola.motocare.internal.frameworkevents.ProcessKillTrigger.sendTrigger:147 com.motorola.motocare.internal.frameworkevents.ProcessKillTrigger.handleLmkKill:337 
W/ContextImpl( 1295): Calling a method in the system process without a qualified user: android.app.ContextImpl.sendBroadcast:1252 android.content.ContextWrapper.sendBroadcast:365 com.motorola.motocare.util.TriggerHelper$TriggerBuilder.send:76 com.motorola.motocare.internal.frameworkevents.ProcessKillTrigger.sendTrigger:147 com.motorola.motocare.internal.frameworkevents.ProcessKillTrigger.handleLmkKill:337 
I/SFPerfTracer(  274):       trigger: frame rate (-35.913%)	(38.452 fps)	(26.006 ms) 	(15 drops)	(41 frames)
I/SFPerfTracer(  274):      triggers: (rate: 1246:49444) (compose: 0:251) (post: 0:20) (render: 84:10545) (41:775702 frames) (42:3289612)
D/SFPerfTracer(  274):        layers: (4:11) (DimLayer: 0:158)* (DimLayer: 0:124)* (FocusedStackFrame: 0:21384)* (StatusBar: 1:262668) (NavigationBar: 1:201840) (DimLayer: 0:24206)* (DimLayer: 0:4628)* (com.android.wallpaper.fall.FallWallpaper: 16:8075) (co.giftmeapp.gift_me/co.giftmeapp.gift_me.GiftMe: 0:309)* (Keyguard: 37:187) (ElectronBeam: 0:25)* 
W/ActivityThread(26064): ClassLoader.loadClass: The class loader returned by Thread.getContextClassLoader() may fail for processes that host multiple applications. You should explicitly specify a context class loader. For example: Thread.setContextClassLoader(getClass().getClassLoader());
W/ContextImpl( 1295): Calling a method in the system process without a qualified user: android.app.ContextImpl.startService:1608 android.content.ContextWrapper.startService:494 android.content.ContextWrapper.startService:494 com.motorola.motocare.internal.batterystats.BatteryStatsAction.onReceive:33 android.app.ActivityThread.handleReceiver:2434 
V/UsbDeviceManager( 1025): USB UEVENT: {USB_STATE=CONNECTED, SUBSYSTEM=android_usb, DEVPATH=/devices/virtual/android_usb/android0, SEQNUM=405369, ACTION=change}
V/UsbDeviceManager( 1025): USB UEVENT: {USB_STATE=DISCONNECTED, SUBSYSTEM=android_usb, DEVPATH=/devices/virtual/android_usb/android0, SEQNUM=405370, ACTION=change}
D/UsbDeviceManager( 1025): broadcasting Intent { act=android.hardware.usb.action.USB_STATE flg=0x20000000 (has extras) } connected: true configured: false
I/ActivityManager( 1025): Start proc android.process.media for broadcast com.android.providers.media/.MtpReceiver: pid=26098 uid=10018 gids={50018, 1028, 1015, 1023, 1024, 2001, 3003, 3007}
V/UsbDeviceManager( 1025): USB UEVENT: {USB_STATE=CONNECTED, SUBSYSTEM=android_usb, DEVPATH=/devices/virtual/android_usb/android0, SEQNUM=405375, ACTION=change}
D/UsbDeviceManager( 1025): broadcasting Intent { act=android.hardware.usb.action.USB_STATE flg=0x20000000 (has extras) } connected: true configured: false
I/openssl (26098): Crypto mode not selected, openssl will run on its regular mode.
I/openssl (26098): Crypto mode 0 already enabled
V/UsbDeviceManager( 1025): USB UEVENT: {USB_STATE=CONFIGURED, SUBSYSTEM=android_usb, DEVPATH=/devices/virtual/android_usb/android0, SEQNUM=405377, ACTION=change}
D/UsbDeviceManager( 1025): broadcasting Intent { act=android.hardware.usb.action.USB_STATE flg=0x20000000 (has extras) } connected: true configured: true
I/EntropyMixer( 1025): Writing entropy...
I/ActivityManager( 1025): Start proc com.google.android.apps.uploader for broadcast com.google.android.apps.uploader/com.google.android.picasasync.BatteryReceiver: pid=26126 uid=10079 gids={50079, 3003, 1028, 1015}
F/ProcessStats( 1025): Starting service ServiceState{42abda10 com.cleanmaster.fm.service.BackgroundService pkg=com.rhmsoft.fm proc=42abda10} without owner
F/ProcessStats( 1025): Starting service ServiceState{42a5c010 com.viber.voip.api.billing.InAppBillingService pkg=com.viber.voip proc=42a5c010} without owner
F/ProcessStats( 1025): Starting service ServiceState{4210e678 com.viber.service.VoipConnectorService pkg=com.viber.voip proc=4210e678} without owner
F/ProcessStats( 1025): Starting service ServiceState{42c48c08 com.whatsapp.messaging.MessageService pkg=com.whatsapp proc=42c48c08} without owner
F/ProcessStats( 1025): Starting service ServiceState{43399718 com.paypal.android.p2pmobile.services.AtoService pkg=com.paypal.android.p2pmobile proc=43399718} without owner
F/ProcessStats( 1025): Starting service ServiceState{43231e48 com.paypal.android.p2pmobile.services.WalletService pkg=com.paypal.android.p2pmobile proc=43231e48} without owner
F/ProcessStats( 1025): Starting service ServiceState{42a4cec0 com.facebook.push.mqtt.service.MqttPushService pkg=com.facebook.katana proc=42a4cec0} without owner
F/ProcessStats( 1025): Starting service ServiceState{428fdff0 com.facebook.push.mqtt.service.MqttPushService pkg=com.facebook.orca proc=428fdff0} without owner
I/ActivityManager( 1025): Start proc com.motorola.genie for broadcast com.motorola.genie/.prefetch.PowerStatusReceiver: pid=26148 uid=10026 gids={50026, 3003, 1028, 1015}
I/ActivityManager( 1025): Start proc com.motorola.contextual.smartrules2 for broadcast com.motorola.contextual.smartrules2/com.motorola.batterysaverlib.BatteryNotificationReceiver: pid=26168 uid=10035 gids={50035, 3003, 1028, 1015, 3001, 3002}
I/ActivityManager( 1025): Start proc com.motorola.MotGallery2 for broadcast com.motorola.MotGallery2/com.viewdle.receivers.PowerConnectedReceiver: pid=26185 uid=10034 gids={50034, 3003, 1028, 1015}
F/ProcessStats( 1025): Starting service ServiceState{42abda10 com.cleanmaster.fm.service.BackgroundService pkg=com.rhmsoft.fm proc=42abda10} without owner
F/ProcessStats( 1025): Starting service ServiceState{42a5c010 com.viber.voip.api.billing.InAppBillingService pkg=com.viber.voip proc=42a5c010} without owner
--------- beginning of /dev/log/main
I/MDMCTBK (  273): MdmCutbackHndler,readFromFile = /sys/class/power_supply/usb/online
I/MDMCTBK (  273): MdmCutbackHndler,readFromFile = 
E/MDMCTBK (  273): MdmCutbackHndler,Could not open ''
F/ProcessStats( 1025): Starting service ServiceState{4210e678 com.viber.service.VoipConnectorService pkg=com.viber.voip proc=4210e678} without owner
F/ProcessStats( 1025): Starting service ServiceState{42c48c08 com.whatsapp.messaging.MessageService pkg=com.whatsapp proc=42c48c08} without owner
F/ProcessStats( 1025): Starting service ServiceState{43399718 com.paypal.android.p2pmobile.services.AtoService pkg=com.paypal.android.p2pmobile proc=43399718} without owner
F/ProcessStats( 1025): Starting service ServiceState{43231e48 com.paypal.android.p2pmobile.services.WalletService pkg=com.paypal.android.p2pmobile proc=43231e48} without owner
F/ProcessStats( 1025): Starting service ServiceState{42a4cec0 com.facebook.push.mqtt.service.MqttPushService pkg=com.facebook.katana proc=42a4cec0} without owner
F/ProcessStats( 1025): Starting service ServiceState{428fdff0 com.facebook.push.mqtt.service.MqttPushService pkg=com.facebook.orca proc=428fdff0} without owner
I/ActivityManager( 1025): Start proc com.android.chrome for broadcast com.android.chrome/com.google.android.apps.chrome.precache.PrecacheServiceLauncher: pid=26199 uid=10057 gids={50057, 3003, 1028, 1015}
D/dalvikvm(  275): GC_EXPLICIT freed 42K, 48% free 9011K/17224K, paused 2ms+3ms, total 25ms
D/dalvikvm(  275): GC_EXPLICIT freed <1K, 48% free 9011K/17224K, paused 1ms+3ms, total 21ms
D/dalvikvm(  275): GC_EXPLICIT freed <1K, 48% free 9011K/17224K, paused 1ms+2ms, total 18ms
I/ActivityManager( 1025): Process com.google.android.apps.maps (pid 26064) has died.
I/MDMCTBK (  273): NetlinkHandler, power_supply subsys
I/MDMCTBK (  273): NetlinkHandler, usbChargerStateChanged
I/MDMCTBK (  273): checkDefaultInst, current pid is = 273
I/MDMCTBK (  273): checkDefaultInst, pid match
I/MDMCTBK (  273): MdmCutbackHndler,readFromFile = /sys/class/power_supply/usb/online
I/MDMCTBK (  273): MdmCutbackHndler,readFromFile = 
E/MDMCTBK (  273): MdmCutbackHndler,Could not open ''
I/GCoreUlr(31342): WorldUpdater:android.intent.action.ACTION_POWER_CONNECTED: Ensuring that reporting is stopped because of reasons: {account#2#=[InactiveReason{mVersionCode=0, mIdentifier=6, mName='ReportingNotEnabled'}, InactiveReason{mVersionCode=0, mIdentifier=14, mName='HistoryNotEnabled'}]}
I/ActivityManager( 1025): Start proc com.facebook.katana for broadcast com.facebook.katana/com.facebook.vault.service.VaultPowerConnectionReceiver: pid=26213 uid=10110 gids={50110, 1028, 1015, 3003}
I/GCoreUlr(31342): Unbound from all location providers
I/GCoreUlr(31342): DispatchingService.onDestroy()
I/GCoreUlr(31342): Unbound from all location providers
W/dalvikvm(26213): VFY: unable to resolve static field 29078 (a) in Lcom/facebook/katana/app/WorkAppTypes;
D/dalvikvm(26213): VFY: replacing opcode 0x62 at 0x0013
W/dalvikvm(26213): VFY: unable to resolve static field 29079 (b) in Lcom/facebook/katana/app/WorkAppTypes;
D/dalvikvm(26213): VFY: replacing opcode 0x62 at 0x001d
E/dalvikvm(26213): Could not find class 'com.facebook.katana.app.WallpaperFacebookApplicationImpl', referenced from method com.facebook.katana.app.FacebookApplication.a
W/dalvikvm(26213): VFY: unable to resolve new-instance 379 (Lcom/facebook/katana/app/WallpaperFacebookApplicationImpl;) in Lcom/facebook/katana/app/FacebookApplication;
D/dalvikvm(26213): VFY: replacing opcode 0x22 at 0x00a9
D/dalvikvm(26213): DexOpt: unable to opt direct call 0x055f at 0xab in Lcom/facebook/katana/app/FacebookApplication;.a
D/CatchMeIfYouCan(26213): Process (<default>) ca: '/data/data/com.facebook.katana/app_cmiyc/A1657CCD543F12E66E587EE52ED9D802E22AAC4701'
D/CatchMeIfYouCan(26213): Process (<default>) fc: '/data/data/com.facebook.katana/app_cmiyc/A1657CCD543F12E66E587EE52ED9D802E22AAC4702'
D/CatchMeIfYouCan(26213): Process (<default>) cp: '('default', 3, 120000, silent [true], restart [false], logout [false])'
D/ACRA    (26213): ACRA is enabled for com.facebook.katana, intializing...
D/ACRA    (26213): Looking for error files in /data/data/com.facebook.katana/app_acra-reports
D/WifiStateMachine( 1025): handleMessage: E msg.what=151572
D/WifiStateMachine( 1025): processMsg: ConnectedState
D/WifiStateMachine( 1025): processMsg: L2ConnectedState
D/ACRA    (26213): Looking for error files in /data/data/com.facebook.katana/app_minidumps
D/dalvikvm(26213): Trying to load lib /data/app-lib/com.facebook.katana-1/libgnustl_shared.so 0x41fb3588
D/dalvikvm(26213): Added shared lib /data/app-lib/com.facebook.katana-1/libgnustl_shared.so 0x41fb3588
D/dalvikvm(26213): No JNI_OnLoad found in /data/app-lib/com.facebook.katana-1/libgnustl_shared.so 0x41fb3588, skipping init
D/dalvikvm(26213): Trying to load lib /data/app-lib/com.facebook.katana-1/libfb_breakpad_client.so 0x41fb3588
D/dalvikvm(26213): Added shared lib /data/app-lib/com.facebook.katana-1/libfb_breakpad_client.so 0x41fb3588
D/dalvikvm(26213): Trying to load lib /data/app-lib/com.facebook.katana-1/libfb_dalvik-internals.so 0x41fb3588
D/dalvikvm(26213): Added shared lib /data/app-lib/com.facebook.katana-1/libfb_dalvik-internals.so 0x41fb3588
V/DexLibLoader(26213): about to lock: /data/data/com.facebook.katana/mdex_lock
V/DexLibLoader(26213): locking /data/data/com.facebook.katana/mdex_lock took 1 ms
V/DexLibLoader(26213): Secondary program dex metadata: secondary-1.dex.jar.xz 15ef54b77950d1e6c1cbc3342a20571a9fd8050d secondary.dex01.Canary
V/DexLibLoader(26213): Secondary program dex metadata: secondary-2.dex.jar.xz 14bcaeed5ad488eaf139a59d22cf00efbde5948b secondary.dex02.Canary
D/WifiStateMachine( 1025): handleMessage: X
V/DexLibLoader(26213): Secondary program dex metadata: secondary-3.dex.jar.xz e8acf246c92474061a3e0f7dafec5559e33da2c5 secondary.dex03.Canary
V/DexLibLoader(26213): Secondary program dex metadata: secondary-4.dex.jar.xz 1d7a13e77be07efb41a2c80160a9aec6fff27ad1 secondary.dex04.Canary
V/DexLibLoader(26213): Secondary program dex metadata: secondary-5.dex.jar.xz 42761fa3dedc1f1a9503bece4f2db80adf01f775 secondary.dex05.Canary
V/DexLibLoader(26213): Secondary program dex metadata: secondary-6.dex.jar.xz 1b4455e1ba1ff38a86723e24cd334fa1062519f1 secondary.dex06.Canary
V/DexLibLoader(26213): Secondary program dex metadata: secondary-7.dex.jar.xz a54de6ef97459e1e5b5c8f874a889a38965d3446 secondary.dex07.Canary
V/DexLibLoader(26213): directory "/data/data/com.facebook.katana/app_secondary_program_dex" contains "program-15ef54b77950d1e6c1cbc3342a20571a9fd8050d6661a1c7.dex.jar" as expected
V/DexLibLoader(26213): directory "/data/data/com.facebook.katana/app_secondary_program_dex" contains "program-14bcaeed5ad488eaf139a59d22cf00efbde5948b6661a1c7.dex.jar" as expected
V/DexLibLoader(26213): directory "/data/data/com.facebook.katana/app_secondary_program_dex" contains "program-e8acf246c92474061a3e0f7dafec5559e33da2c56661a1c7.dex.jar" as expected
V/DexLibLoader(26213): directory "/data/data/com.facebook.katana/app_secondary_program_dex" contains "program-1d7a13e77be07efb41a2c80160a9aec6fff27ad16661a1c7.dex.jar" as expected
V/DexLibLoader(26213): directory "/data/data/com.facebook.katana/app_secondary_program_dex" contains "program-42761fa3dedc1f1a9503bece4f2db80adf01f7756661a1c7.dex.jar" as expected
V/DexLibLoader(26213): directory "/data/data/com.facebook.katana/app_secondary_program_dex" contains "program-1b4455e1ba1ff38a86723e24cd334fa1062519f16661a1c7.dex.jar" as expected
V/DexLibLoader(26213): directory "/data/data/com.facebook.katana/app_secondary_program_dex" contains "program-a54de6ef97459e1e5b5c8f874a889a38965d34466661a1c7.dex.jar" as expected
D/DexLibLoader(26213): ignoring file "program-15ef54b77950d1e6c1cbc3342a20571a9fd8050d6661a1c7.dex.odex" in "/data/data/com.facebook.katana/app_secondary_program_dex"
D/DexLibLoader(26213): ignoring file "program-14bcaeed5ad488eaf139a59d22cf00efbde5948b6661a1c7.dex.odex" in "/data/data/com.facebook.katana/app_secondary_program_dex"
D/DexLibLoader(26213): ignoring file "program-e8acf246c92474061a3e0f7dafec5559e33da2c56661a1c7.dex.odex" in "/data/data/com.facebook.katana/app_secondary_program_dex"
D/DexLibLoader(26213): ignoring file "program-1d7a13e77be07efb41a2c80160a9aec6fff27ad16661a1c7.dex.odex" in "/data/data/com.facebook.katana/app_secondary_program_dex"
D/DexLibLoader(26213): ignoring file "program-42761fa3dedc1f1a9503bece4f2db80adf01f7756661a1c7.dex.odex" in "/data/data/com.facebook.katana/app_secondary_program_dex"
D/DexLibLoader(26213): ignoring file "program-1b4455e1ba1ff38a86723e24cd334fa1062519f16661a1c7.dex.odex" in "/data/data/com.facebook.katana/app_secondary_program_dex"
D/DexLibLoader(26213): ignoring file "program-a54de6ef97459e1e5b5c8f874a889a38965d34466661a1c7.dex.odex" in "/data/data/com.facebook.katana/app_secondary_program_dex"
D/DexLibLoader(26213): directory "/data/data/com.facebook.katana/app_secondary_program_dex" is valid
D/DexLibLoader(26213): ignoring file "primary_deps" in "/data/data/com.facebook.katana/app_secondary_program_dex_opt"
V/DexLibLoader(26213): directory "/data/data/com.facebook.katana/app_secondary_program_dex_opt" contains "program-15ef54b77950d1e6c1cbc3342a20571a9fd8050d6661a1c7.dex.dex" as expected
V/DexLibLoader(26213): directory "/data/data/com.facebook.katana/app_secondary_program_dex_opt" contains "program-14bcaeed5ad488eaf139a59d22cf00efbde5948b6661a1c7.dex.dex" as expected
V/DexLibLoader(26213): directory "/data/data/com.facebook.katana/app_secondary_program_dex_opt" contains "program-e8acf246c92474061a3e0f7dafec5559e33da2c56661a1c7.dex.dex" as expected
V/DexLibLoader(26213): directory "/data/data/com.facebook.katana/app_secondary_program_dex_opt" contains "program-1d7a13e77be07efb41a2c80160a9aec6fff27ad16661a1c7.dex.dex" as expected
V/DexLibLoader(26213): directory "/data/data/com.facebook.katana/app_secondary_program_dex_opt" contains "program-42761fa3dedc1f1a9503bece4f2db80adf01f7756661a1c7.dex.dex" as expected
V/DexLibLoader(26213): directory "/data/data/com.facebook.katana/app_secondary_program_dex_opt" contains "program-1b4455e1ba1ff38a86723e24cd334fa1062519f16661a1c7.dex.dex" as expected
V/DexLibLoader(26213): directory "/data/data/com.facebook.katana/app_secondary_program_dex_opt" contains "program-a54de6ef97459e1e5b5c8f874a889a38965d34466661a1c7.dex.dex" as expected
D/DexLibLoader(26213): directory "/data/data/com.facebook.katana/app_secondary_program_dex_opt" is valid
D/DexLibLoader(26213): loading pre-built cross-dex opt odex files
V/dalvik-internals(26213): hooked dvmResolveClass using jump ()
V/dalvik-internals(26213): hooked dvmFlushBreakpoints using jump ()
V/MultiDexClassLoader(26213): installing MultiDexClassLoader before application classloader
I/dalvikvm(26213): Could not find method dalvik.system.DexFile.loadClassBinaryName, referenced from method com.facebook.common.dextricks.DexFileLoadOld.a
W/dalvikvm(26213): VFY: unable to resolve virtual method 2073: Ldalvik/system/DexFile;.loadClassBinaryName (Ljava/lang/String;Ljava/lang/ClassLoader;)Ljava/lang/Class;
D/dalvikvm(26213): VFY: replacing opcode 0x6e at 0x0000
D/DexLibLoader(26213): released odex store lock
D/DexLibLoader(26213): DexLibLoader.loadAll took 64 ms
D/MemoryReductionHack(26213): Marked as initialized entry corresponding to path /data/app/com.facebook.katana-1.apk
D/GcOptimizer(26213): Enabled
V/dalvik-internals(26213): hooked dvmLinearAlloc using jump ()
V/dalvik-internals(26213): hooked dvmLinearRealloc using jump ()
V/dalvik-internals(26213): hooked dvmLinearFree using jump ()
V/dalvik-internals(26213): hooked dvmLinearStrdup using jump ()
V/dalvik-internals(26213): hooked dvmLinearAllocContains using jump ()
I/dalvik-internals(26213): enlarged linearalloc buffer to 33554432 bytes
I/ActivityManager( 1025): Process com.google.android.googlequicksearchbox:search (pid 26028) has died.
I/ActivityManager( 1025): Process com.google.android.apps.uploader (pid 26126) has died.
F/ProcessStats( 1025): Starting service ServiceState{42abda10 com.cleanmaster.fm.service.BackgroundService pkg=com.rhmsoft.fm proc=42abda10} without owner
F/ProcessStats( 1025): Starting service ServiceState{42a5c010 com.viber.voip.api.billing.InAppBillingService pkg=com.viber.voip proc=42a5c010} without owner
F/ProcessStats( 1025): Starting service ServiceState{4210e678 com.viber.service.VoipConnectorService pkg=com.viber.voip proc=4210e678} without owner
F/ProcessStats( 1025): Starting service ServiceState{42c48c08 com.whatsapp.messaging.MessageService pkg=com.whatsapp proc=42c48c08} without owner
F/ProcessStats( 1025): Starting service ServiceState{43399718 com.paypal.android.p2pmobile.services.AtoService pkg=com.paypal.android.p2pmobile proc=43399718} without owner
F/ProcessStats( 1025): Starting service ServiceState{43231e48 com.paypal.android.p2pmobile.services.WalletService pkg=com.paypal.android.p2pmobile proc=43231e48} without owner
F/ProcessStats( 1025): Starting service ServiceState{428fdff0 com.facebook.push.mqtt.service.MqttPushService pkg=com.facebook.orca proc=428fdff0} without owner
I/ActivityManager( 1025): Process com.google.android.partnersetup (pid 26044) has died.
F/ProcessStats( 1025): Starting service ServiceState{42abda10 com.cleanmaster.fm.service.BackgroundService pkg=com.rhmsoft.fm proc=42abda10} without owner
F/ProcessStats( 1025): Starting service ServiceState{42a5c010 com.viber.voip.api.billing.InAppBillingService pkg=com.viber.voip proc=42a5c010} without owner
F/ProcessStats( 1025): Starting service ServiceState{4210e678 com.viber.service.VoipConnectorService pkg=com.viber.voip proc=4210e678} without owner
F/ProcessStats( 1025): Starting service ServiceState{42c48c08 com.whatsapp.messaging.MessageService pkg=com.whatsapp proc=42c48c08} without owner
F/ProcessStats( 1025): Starting service ServiceState{43399718 com.paypal.android.p2pmobile.services.AtoService pkg=com.paypal.android.p2pmobile proc=43399718} without owner
F/ProcessStats( 1025): Starting service ServiceState{43231e48 com.paypal.android.p2pmobile.services.WalletService pkg=com.paypal.android.p2pmobile proc=43231e48} without owner
F/ProcessStats( 1025): Starting service ServiceState{428fdff0 com.facebook.push.mqtt.service.MqttPushService pkg=com.facebook.orca proc=428fdff0} without owner
I/ActivityManager( 1025): Process com.motorola.contextual.smartrules2 (pid 26168) has died.
W/StaticBindingVerifier(26213): Verify
I/ActivityManager( 1025): Process com.motorola.MotGallery2 (pid 26185) has died.
I/dalvikvm(26213): Could not find method com.facebook.resources.FbResources.getDrawable, referenced from method com.facebook.resources.impl.DownloadedFbResources.getDrawable
W/dalvikvm(26213): VFY: unable to resolve virtual method 48479: Lcom/facebook/resources/FbResources;.getDrawable (ILandroid/content/res/Resources$Theme;)Landroid/graphics/drawable/Drawable;
D/dalvikvm(26213): VFY: replacing opcode 0x6f at 0x0031
D/WifiService( 1025): New client listening to asynchronous messages
I/ActivityManager( 1025): Process com.android.chrome (pid 26199) has died.
D/WifiStateMachine( 1025): handleMessage: E msg.what=151572
D/WifiStateMachine( 1025): processMsg: ConnectedState
D/WifiStateMachine( 1025): processMsg: L2ConnectedState
D/WifiStateMachine( 1025): handleMessage: X
D/CCE     (18647): App motocare requested CCE to send settings
W/BroadcastQueue( 1025): Permission Denial: broadcasting Intent { act=com.motorola.cce.Actions.CCE_SEND_SETTINGS flg=0x10 (has extras) } from com.motorola.genie (pid=26148, uid=10026) is not exported from uid 10034 due to receiver com.motorola.MotGallery2/com.motorola.blur.service.blur.SharedSettingsReceiver
E/dalvikvm(26213): Could not find class 'org.apache.harmony.xnet.provider.jsse.OpenSSLSocketImpl', referenced from method com.facebook.ssl.openssl.check.CheckOpenSSLImplHasRequiredMethods.<clinit>
W/dalvikvm(26213): VFY: unable to resolve const-class 13808 (Lorg/apache/harmony/xnet/provider/jsse/OpenSSLSocketImpl;) in Lcom/facebook/ssl/openssl/check/CheckOpenSSLImplHasRequiredMethods;
D/dalvikvm(26213): VFY: replacing opcode 0x1c at 0x000d
E/dalvikvm(26213): Could not find class 'org.apache.harmony.xnet.provider.jsse.OpenSSLSocketFactoryImpl', referenced from method com.facebook.ssl.openssl.reflect.SSLParametersGetter.<clinit>
W/dalvikvm(26213): VFY: unable to resolve const-class 13807 (Lorg/apache/harmony/xnet/provider/jsse/OpenSSLSocketFactoryImpl;) in Lcom/facebook/ssl/openssl/reflect/SSLParametersGetter;
D/dalvikvm(26213): VFY: replacing opcode 0x1c at 0x000d
E/dalvikvm(26213): Could not find class 'org.apache.harmony.xnet.provider.jsse.SSLParametersImpl', referenced from method com.facebook.ssl.openssl.reflect.SSLParametersGetter.a
W/dalvikvm(26213): VFY: unable to resolve check-cast 13809 (Lorg/apache/harmony/xnet/provider/jsse/SSLParametersImpl;) in Lcom/facebook/ssl/openssl/reflect/SSLParametersGetter;
D/dalvikvm(26213): VFY: replacing opcode 0x1f at 0x0006
D/dalvikvm(26213): Trying to load lib /data/app-lib/com.facebook.katana-1/libfbjni.so 0x41fb3588
W/ContextImpl( 1295): Calling a method in the system process without a qualified user: android.app.ContextImpl.startService:1608 android.content.ContextWrapper.startService:494 android.content.ContextWrapper.startService:494 com.motorola.motocare.internal.batterystats.BatteryStatsAction.onReceive:33 android.app.ActivityThread.handleReceiver:2434 
E/dalvikvm(26213): Could not find class 'org.apache.harmony.xnet.provider.jsse.SSLParametersImpl', referenced from method com.facebook.ssl.openssl.reflect.SSLSessionTimeoutSetter.<clinit>
W/dalvikvm(26213): VFY: unable to resolve const-class 13809 (Lorg/apache/harmony/xnet/provider/jsse/SSLParametersImpl;) in Lcom/facebook/ssl/openssl/reflect/SSLSessionTimeoutSetter;
D/dalvikvm(26213): VFY: replacing opcode 0x1c at 0x000d
W/dalvikvm(26213): VFY: unable to find class referenced in signature (Lorg/apache/harmony/xnet/provider/jsse/SSLParametersImpl;)
E/dalvikvm(26213): Could not find class 'org.apache.harmony.xnet.provider.jsse.ClientSessionContext', referenced from method com.facebook.ssl.openssl.reflect.SSLSessionTimeoutSetter.a
W/dalvikvm(26213): VFY: unable to resolve check-cast 13806 (Lorg/apache/harmony/xnet/provider/jsse/ClientSessionContext;) in Lcom/facebook/ssl/openssl/reflect/SSLSessionTimeoutSetter;
D/dalvikvm(26213): VFY: replacing opcode 0x1f at 0x0006
W/dalvikvm(26213): VFY: unable to find class referenced in signature (Lorg/apache/harmony/xnet/provider/jsse/SSLParametersImpl;)
W/dalvikvm(26213): Unable to resolve superclass of Lcom/facebook/ssl/openssl/TicketEnabledOpenSSLSocketImplWrapper; (11243)
W/dalvikvm(26213): Link of class 'Lcom/facebook/ssl/openssl/TicketEnabledOpenSSLSocketImplWrapper;' failed
E/dalvikvm(26213): Could not find class 'com.facebook.ssl.openssl.TicketEnabledOpenSSLSocketImplWrapper', referenced from method com.facebook.ssl.openssl.TicketEnabledOpenSSLSocketFactoryHelper.a
W/dalvikvm(26213): VFY: unable to resolve new-instance 10681 (Lcom/facebook/ssl/openssl/TicketEnabledOpenSSLSocketImplWrapper;) in Lcom/facebook/ssl/openssl/TicketEnabledOpenSSLSocketFactoryHelper;
D/dalvikvm(26213): VFY: replacing opcode 0x22 at 0x0000
W/dalvikvm(26213): Unable to resolve superclass of Lcom/facebook/ssl/openssl/TicketEnabledOpenSSLSocketImplWrapper; (11243)
W/dalvikvm(26213): Link of class 'Lcom/facebook/ssl/openssl/TicketEnabledOpenSSLSocketImplWrapper;' failed
D/dalvikvm(26213): DexOpt: unable to opt direct call 0xc22f at 0x08 in Lcom/facebook/ssl/openssl/TicketEnabledOpenSSLSocketFactoryHelper;.a
I/FWQAActionReceiver( 1295): Receiver invoked with intent #Intent;action=com.motorola.contextual.actions.Sync;launchFlags=0x30;component=com.motorola.contextual.fw/.actions.ActionReceiver;S.com.motorola.smartactions.intent.extra.EVENT=fire_request;d.com.motorola.smartactions.intent.extra.VERSION=1.0;S.com.motorola.smartactions.intent.extra.REQUEST_ID=com.motorola.smartactions.low_battery.action.1.child.1%3A21;B.com.motorola.smartactions.intent.extra.SAVE_DEFAULT=true;S.com.motorola.smartactions.intent.extra.CONFIG=%23Intent%3Bd.com.motorola.smartactions.intent.extra.CONFIG_VERSION%3D1.0%3BB.state%3Dtrue%3Bend;end
W/ContextImpl( 1295): Calling a method in the system process without a qualified user: android.app.ContextImpl.startService:1608 android.content.ContextWrapper.startService:494 android.content.ContextWrapper.startService:494 com.motorola.contextual.fw.actions.StatefulActionHelper.registerForSettingChanges:81 com.motorola.contextual.fw.actions.Sync.registerForSettingChanges:214 
D/dalvikvm(26213): Added shared lib /data/app-lib/com.facebook.katana-1/libfbjni.so 0x41fb3588
D/dalvikvm(26213): Trying to load lib /data/app-lib/com.facebook.katana-1/libcares.so 0x41fb3588
W/ContextImpl( 1295): Calling a method in the system process without a qualified user: android.app.ContextImpl.startService:1608 android.content.ContextWrapper.startService:494 android.content.ContextWrapper.startService:494 com.motorola.contextual.fw.actions.Utils.writeToDebugService:174 com.motorola.contextual.fw.actions.StatefulAction.setState:261 
I/FWQASync( 1295): removePendingAction
I/FWQASync( 1295): Sync state to be set to true
I/FWQASync( 1295): Old state is true
W/ContextImpl( 1295): Calling a method in the system process without a qualified user: android.app.ContextImpl.startService:1608 android.content.ContextWrapper.startService:494 android.content.ContextWrapper.startService:494 com.motorola.contextual.fw.actions.Utils.writeToDebugService:174 com.motorola.contextual.fw.actions.StatefulAction.setState:278 
D/dalvikvm(26213): Added shared lib /data/app-lib/com.facebook.katana-1/libcares.so 0x41fb3588
D/dalvikvm(26213): No JNI_OnLoad found in /data/app-lib/com.facebook.katana-1/libcares.so 0x41fb3588, skipping init
D/dalvikvm(26213): Trying to load lib /data/app-lib/com.facebook.katana-1/libdouble-conversion.so 0x41fb3588
D/dalvikvm(26213): Added shared lib /data/app-lib/com.facebook.katana-1/libdouble-conversion.so 0x41fb3588
D/dalvikvm(26213): No JNI_OnLoad found in /data/app-lib/com.facebook.katana-1/libdouble-conversion.so 0x41fb3588, skipping init
D/dalvikvm(26213): Trying to load lib /data/app-lib/com.facebook.katana-1/libevent.so 0x41fb3588
I/FWQAActionReceiver( 1295): Sending response intent: #Intent;action=com.motorola.smartactions.intent.action.ACTION_PUBLISHER_EVENT;S.com.motorola.smartactions.intent.extra.EVENT=fire_response;S.com.motorola.smartactions.intent.extra.RESPONSE_ID=com.motorola.smartactions.low_battery.action.1.child.1%3A21;S.com.motorola.smartactions.intent.extra.PUBLISHER_KEY=com.motorola.contextual.actions.Sync;S.com.motorola.smartactions.intent.extra.STATUS=success;end
D/dalvikvm(26213): Added shared lib /data/app-lib/com.facebook.katana-1/libevent.so 0x41fb3588
D/dalvikvm(26213): No JNI_OnLoad found in /data/app-lib/com.facebook.katana-1/libevent.so 0x41fb3588, skipping init
D/dalvikvm(26213): Trying to load lib /data/app-lib/com.facebook.katana-1/libliger.so 0x41fb3588
W/ContextImpl( 1295): Calling a method in the system process without a qualified user: android.app.ContextImpl.sendBroadcast:1252 android.content.ContextWrapper.sendBroadcast:365 android.content.ContextWrapper.sendBroadcast:365 com.motorola.contextual.fw.actions.ActionReceiver.onReceive:80 android.app.ActivityThread.handleReceiver:2434 
I/FWQASettingsService( 1295): In onStartCommand with intent Intent { cmp=com.motorola.contextual.fw/.actions.SettingsService (has extras) }
I/FWQASettingsService( 1295): Setting already registered
W/FWQASettingsService( 1295): Duplicate request
I/FWQADebugService( 1295): MM to QA fire_request com.motorola.contextual.actions.Sync com.motorola.smartactions.low_battery.action.1.child.1:21 1429811098133 
I/ActivityManager( 1025): Start proc com.motorola.contextual.smartrules2 for broadcast com.motorola.contextual.smartrules2/com.motorola.checkin.AnalyticsReceiver: pid=26263 uid=10035 gids={50035, 3003, 1028, 1015, 3001, 3002}
E/ActivityThread( 1295): Failed to find provider info for com.motorola.contextual.analytics
E/FWQADebugQA( 1295): Error: Cannot write to Debug Provider :java.lang.IllegalArgumentException: Unknown URL content://com.motorola.contextual.analytics/debug
I/FWQADebugService( 1295): QA to MM true com.motorola.contextual.actions.Sync com.motorola.smartactions.low_battery.action.1.child.1:21 1429811098133 success
E/ActivityThread( 1295): Failed to find provider info for com.motorola.contextual.analytics
E/FWQADebugQA( 1295): Error: Cannot write to Debug Provider :java.lang.IllegalArgumentException: Unknown URL content://com.motorola.contextual.analytics/debug
I/FWQADebugService( 1295):  onDestroy
D/dalvikvm(26213): Added shared lib /data/app-lib/com.facebook.katana-1/libliger.so 0x41fb3588
D/dalvikvm( 2458): GC_CONCURRENT freed 2036K, 45% free 9604K/17224K, paused 2ms+3ms, total 21ms
D/dalvikvm( 1295): GC_CONCURRENT freed 2142K, 44% free 9652K/17224K, paused 3ms+3ms, total 27ms
D/dalvikvm( 1025): GC_EXPLICIT freed 2649K, 39% free 30792K/50444K, paused 9ms+16ms, total 201ms
I/ActivityManager( 1025): Start proc com.google.android.googlequicksearchbox:search for broadcast com.google.android.googlequicksearchbox/com.google.android.search.core.UdcSettingBroadcastReceiver: pid=26280 uid=10045 gids={50045, 3003, 3001, 1028, 3002, 1015}
D/Checkin (26263): publish the event [tag = SMART_ACTIONS event name = ACTION]
D/Checkin (26263): publish the event [tag = SMART_ACTIONS event name = ACTION]
W/fb4a(:<default>):AbstractMqttPushService(26213): Attempt to start service that is already started
I/ActivityManager( 1025): Start proc com.google.android.partnersetup for content provider com.google.android.partnersetup/.RlzAppProvider: pid=26303 uid=10025 gids={50025, 3003}
I/ActivityManager( 1025): Process com.motorola.contextual.smartrules2 (pid 26263) has died.
I/dalvikvm(26280): Could not find method android.content.pm.PackageManager.getPackageInstaller, referenced from method com.google.android.gms.common.e.p
W/dalvikvm(26280): VFY: unable to resolve virtual method 901: Landroid/content/pm/PackageManager;.getPackageInstaller ()Landroid/content/pm/PackageInstaller;
D/dalvikvm(26280): VFY: replacing opcode 0x6e at 0x000b
I/ActivityManager( 1025): Start proc com.google.android.apps.maps for broadcast com.google.android.apps.maps/com.google.android.apps.gmm.iamhere.ble.StartBleServiceReceiver: pid=26322 uid=10064 gids={50064, 3003, 1028, 1015, 3002, 3001}
D/dalvikvm(26213): Trying to load lib /data/app-lib/com.facebook.katana-1/libheartbleed.so 0x41fb3588
D/dalvikvm(26213): Added shared lib /data/app-lib/com.facebook.katana-1/libheartbleed.so 0x41fb3588
D/dalvikvm(26322): Trying to load lib /data/app-lib/com.google.android.apps.maps-2/libcrashreporterer.so 0x41faad20
D/dalvikvm(26322): Added shared lib /data/app-lib/com.google.android.apps.maps-2/libcrashreporterer.so 0x41faad20
D/WifiStateMachine( 1025): handleMessage: E msg.what=151572
D/WifiStateMachine( 1025): processMsg: ConnectedState
D/WifiStateMachine( 1025): processMsg: L2ConnectedState
D/dalvikvm(26322): Trying to load lib /data/app-lib/com.google.android.apps.maps-2/libgmm-jni.so 0x41faad20
D/dalvikvm(26322): Added shared lib /data/app-lib/com.google.android.apps.maps-2/libgmm-jni.so 0x41faad20
D/WifiStateMachine( 1025): handleMessage: X
D/WifiStateMachine( 1025): handleMessage: E msg.what=131155
D/WifiStateMachine( 1025): processMsg: ConnectedState
D/WifiStateMachine( 1025): processMsg: L2ConnectedState
D/WifiStateMachine( 1025): handleMessage: X
D/StrictMode(26322): StrictMode policy violation; ~duration=114 ms: android.os.StrictMode$StrictModeDiskReadViolation: policy=31 violation=2
D/StrictMode(26322): 	at android.os.StrictMode$AndroidBlockGuardPolicy.onReadFromDisk(StrictMode.java:1135)
D/StrictMode(26322): 	at libcore.io.BlockGuardOs.open(BlockGuardOs.java:106)
D/StrictMode(26322): 	at libcore.io.IoUtils.canOpenReadOnly(IoUtils.java:163)
D/StrictMode(26322): 	at dalvik.system.DexPathList.findLibrary(DexPathList.java:384)
D/StrictMode(26322): 	at dalvik.system.BaseDexClassLoader.findLibrary(BaseDexClassLoader.java:77)
D/StrictMode(26322): 	at java.lang.Runtime.loadLibrary(Runtime.java:356)
D/StrictMode(26322): 	at java.lang.System.loadLibrary(System.java:526)
D/StrictMode(26322): 	at com.google.android.libraries.social.jni.crashreporter.NativeCrashHandler.a(PG:189)
D/StrictMode(26322): 	at com.google.android.libraries.social.jni.crashreporter.NativeCrashHandler.a(PG:87)
D/StrictMode(26322): 	at com.google.android.apps.gmm.base.app.d.<init>(PG:562)
D/StrictMode(26322): 	at com.google.android.apps.gmm.base.app.GoogleMapsApplication.a(PG:156)
D/StrictMode(26322): 	at com.google.android.apps.gmm.base.app.GoogleMapsApplication.onCreate(PG:111)
D/StrictMode(26322): 	at android.app.Instrumentation.callApplicationOnCreate(Instrumentation.java:1030)
D/StrictMode(26322): 	at android.app.ActivityThread.handleBindApplication(ActivityThread.java:4409)
D/StrictMode(26322): 	at android.app.ActivityThread.access$1500(ActivityThread.java:139)
D/StrictMode(26322): 	at android.app.ActivityThread$H.handleMessage(ActivityThread.java:1270)
D/StrictMode(26322): 	at android.os.Handler.dispatchMessage(Handler.java:102)
D/StrictMode(26322): 	at android.os.Looper.loop(Looper.java:136)
D/StrictMode(26322): 	at android.app.ActivityThread.main(ActivityThread.java:5086)
D/StrictMode(26322): 	at java.lang.reflect.Method.invokeNative(Native Method)
D/StrictMode(26322): 	at java.lang.reflect.Method.invoke(Method.java:515)
D/StrictMode(26322): 	at com.android.internal.os.ZygoteInit$MethodAndArgsCaller.run(ZygoteInit.java:785)
D/StrictMode(26322): 	at com.android.internal.os.ZygoteInit.main(ZygoteInit.java:601)
D/StrictMode(26322): 	at dalvik.system.NativeStart.main(Native Method)
D/StrictMode(26322): StrictMode policy violation; ~duration=108 ms: android.os.StrictMode$StrictModeDiskReadViolation: policy=31 violation=2
D/StrictMode(26322): 	at android.os.StrictMode$AndroidBlockGuardPolicy.onReadFromDisk(StrictMode.java:1135)
D/StrictMode(26322): 	at android.app.SharedPreferencesImpl.awaitLoadedLocked(SharedPreferencesImpl.java:203)
D/StrictMode(26322): 	at android.app.SharedPreferencesImpl.getBoolean(SharedPreferencesImpl.java:260)
D/StrictMode(26322): 	at android.preference.PreferenceManager.setDefaultValues(PreferenceManager.java:481)
D/StrictMode(26322): 	at com.google.android.apps.gmm.shared.d.a.a(PG:1086)
D/StrictMode(26322): 	at com.google.android.apps.gmm.base.app.d.a(PG:1136)
D/StrictMode(26322): 	at com.google.android.apps.gmm.base.app.d.<init>(PG:578)
D/StrictMode(26322): 	at com.google.android.apps.gmm.base.app.GoogleMapsApplication.a(PG:156)
D/StrictMode(26322): 	at com.google.android.apps.gmm.base.app.GoogleMapsApplication.onCreate(PG:111)
D/StrictMode(26322): 	at android.app.Instrumentation.callApplicationOnCreate(Instrumentation.java:1030)
D/StrictMode(26322): 	at android.app.ActivityThread.handleBindApplication(ActivityThread.java:4409)
D/StrictMode(26322): 	at android.app.ActivityThread.access$1500(ActivityThread.java:139)
D/StrictMode(26322): 	at android.app.ActivityThread$H.handleMessage(ActivityThread.java:1270)
D/StrictMode(26322): 	at android.os.Handler.dispatchMessage(Handler.java:102)
D/StrictMode(26322): 	at android.os.Looper.loop(Looper.java:136)
D/StrictMode(26322): 	at android.app.ActivityThread.main(ActivityThread.java:5086)
D/StrictMode(26322): 	at java.lang.reflect.Method.invokeNative(Native Method)
D/StrictMode(26322): 	at java.lang.reflect.Method.invoke(Method.java:515)
D/StrictMode(26322): 	at com.android.internal.os.ZygoteInit$MethodAndArgsCaller.run(ZygoteInit.java:785)
D/StrictMode(26322): 	at com.android.internal.os.ZygoteInit.main(ZygoteInit.java:601)
D/StrictMode(26322): 	at dalvik.system.NativeStart.main(Native Method)
D/StrictMode(26322): StrictMode policy violation; ~duration=105 ms: android.os.StrictMode$StrictModeDiskReadViolation: policy=31 violation=2
D/StrictMode(26322): 	at android.os.StrictMode$AndroidBlockGuardPolicy.onReadFromDisk(StrictMode.java:1135)
D/StrictMode(26322): 	at android.app.SharedPreferencesImpl.awaitLoadedLocked(SharedPreferencesImpl.java:203)
D/StrictMode(26322): 	at android.app.SharedPreferencesImpl.getInt(SharedPreferencesImpl.java:239)
D/StrictMode(26322): 	at com.google.android.apps.gmm.shared.d.a.a(PG:1184)
D/StrictMode(26322): 	at com.google.android.apps.gmm.shared.d.a.a(PG:1092)
D/StrictMode(26322): 	at com.google.android.apps.gmm.base.app.d.a(PG:1136)
D/StrictMode(26322): 	at com.google.android.apps.gmm.base.app.d.<init>(PG:578)
D/StrictMode(26322): 	at com.google.android.apps.gmm.base.app.GoogleMapsApplication.a(PG:156)
D/StrictMode(26322): 	at com.google.android.apps.gmm.base.app.GoogleMapsApplication.onCreate(PG:111)
D/StrictMode(26322): 	at android.app.Instrumentation.callApplicationOnCreate(Instrumentation.java:1030)
D/StrictMode(26322): 	at android.app.ActivityThread.handleBindApplication(ActivityThread.java:4409)
D/StrictMode(26322): 	at android.app.ActivityThread.access$1500(ActivityThread.java:139)
D/StrictMode(26322): 	at android.app.ActivityThread$H.handleMessage(ActivityThread.java:1270)
D/StrictMode(26322): 	at android.os.Handler.dispatchMessage(Handler.java:102)
D/StrictMode(26322): 	at android.os.Looper.loop(Looper.java:136)
D/StrictMode(26322): 	at android.app.ActivityThread.main(ActivityThread.java:5086)
D/StrictMode(26322): 	at java.lang.reflect.Method.invokeNative(Native Method)
D/StrictMode(26322): 	at java.lang.reflect.Method.invoke(Method.java:515)
D/StrictMode(26322): 	at com.android.internal.os.ZygoteInit$MethodAndArgsCaller.run(ZygoteInit.java:785)
D/StrictMode(26322): 	at com.android.internal.os.ZygoteInit.main(ZygoteInit.java:601)
D/StrictMode(26322): 	at dalvik.system.NativeStart.main(Native Method)
D/StrictMode(26322): StrictMode policy violation; ~duration=92 ms: android.os.StrictMode$StrictModeDiskReadViolation: policy=31 violation=2
D/StrictMode(26322): 	at android.os.StrictMode$AndroidBlockGuardPolicy.onReadFromDisk(StrictMode.java:1135)
D/StrictMode(26322): 	at libcore.io.BlockGuardOs.open(BlockGuardOs.java:106)
D/StrictMode(26322): 	at libcore.io.IoUtils.canOpenReadOnly(IoUtils.java:163)
D/StrictMode(26322): 	at dalvik.system.DexPathList.findLibrary(DexPathList.java:384)
D/StrictMode(26322): 	at dalvik.system.BaseDexClassLoader.findLibrary(BaseDexClassLoader.java:77)
D/StrictMode(26322): 	at java.lang.Runtime.loadLibrary(Runtime.java:356)
D/StrictMode(26322): 	at java.lang.System.loadLibrary(System.java:526)
D/StrictMode(26322): 	at com.google.android.apps.gmm.map.util.jni.NativeHelper.initialize(PG:42)
D/StrictMode(26322): 	at com.google.android.apps.gmm.map.m.e.<clinit>(PG:89)
D/StrictMode(26322): 	at com.google.android.apps.gmm.base.app.d.a(PG:1135)
D/StrictMode(26322): 	at com.google.android.apps.gmm.base.app.d.<init>(PG:578)
D/StrictMode(26322): 	at com.google.android.apps.gmm.base.app.GoogleMapsApplication.a(PG:156)
D/StrictMode(26322): 	at com.google.android.apps.gmm.base.app.GoogleMapsApplication.onCreate(PG:111)
D/StrictMode(26322): 	at android.app.Instrumentation.callApplicationOnCreate(Instrumentation.java:1030)
D/StrictMode(26322): 	at android.app.ActivityThread.handleBindApplication(ActivityThread.java:4409)
D/StrictMode(26322): 	at android.app.ActivityThread.access$1500(ActivityThread.java:139)
D/StrictMode(26322): 	at android.app.ActivityThread$H.handleMessage(ActivityThread.java:1270)
D/StrictMode(26322): 	at android.os.Handler.dispatchMessage(Handler.java:102)
D/StrictMode(26322): 	at android.os.Looper.loop(Looper.java:136)
D/StrictMode(26322): 	at android.app.ActivityThread.main(ActivityThread.java:5086)
D/StrictMode(26322): 	at java.lang.reflect.Method.invokeNative(Native Method)
D/StrictMode(26322): 	at java.lang.reflect.Method.invoke(Method.java:515)
D/StrictMode(26322): 	at com.android.internal.os.ZygoteInit$MethodAndArgsCaller.run(ZygoteInit.java:785)
D/StrictMode(26322): 	at com.android.internal.os.ZygoteInit.main(ZygoteInit.java:601)
D/StrictMode(26322): 	at dalvik.system.NativeStart.main(Native Method)
D/StrictMode(26322): StrictMode policy violation; ~duration=81 ms: android.os.StrictMode$StrictModeDiskReadViolation: policy=31 violation=2
D/StrictMode(26322): 	at android.os.StrictMode$AndroidBlockGuardPolicy.onReadFromDisk(StrictMode.java:1135)
D/StrictMode(26322): 	at libcore.io.BlockGuardOs.open(BlockGuardOs.java:106)
D/StrictMode(26322): 	at libcore.io.IoBridge.open(IoBridge.java:393)
D/StrictMode(26322): 	at java.io.FileInputStream.<init>(FileInputStream.java:78)
D/StrictMode(26322): 	at android.app.ContextImpl.openFileInput(ContextImpl.java:909)
D/StrictMode(26322): 	at android.content.ContextWrapper.openFileInput(ContextWrapper.java:179)
D/StrictMode(26322): 	at com.google.android.apps.gmm.shared.f.h.a(PG:150)
D/StrictMode(26322): 	at com.google.android.apps.gmm.map.m.e.a(PG:356)
D/StrictMode(26322): 	at com.google.android.apps.gmm.base.app.d.a(PG:1135)
D/StrictMode(26322): 	at com.google.android.apps.gmm.base.app.d.<init>(PG:578)
D/StrictMode(26322): 	at com.google.android.apps.gmm.base.app.GoogleMapsApplication.a(PG:156)
D/StrictMode(26322): 	at com.google.android.apps.gmm.base.app.GoogleMapsApplication.onCreate(PG:111)
D/StrictMode(26322): 	at android.app.Instrumentation.callApplicationOnCreate(Instrumentation.java:1030)
D/StrictMode(26322): 	at android.app.ActivityThread.handleBindApplication(ActivityThread.java:4409)
D/StrictMode(26322): 	at android.app.ActivityThread.access$1500(ActivityThread.java:139)
D/StrictMode(26322): 	at android.app.ActivityThread$H.handleMessage(ActivityThread.java:1270)
D/StrictMode(26322): 	at android.os.Handler.dispatchMessage(Handler.java:102)
D/StrictMode(26322): 	at android.os.Looper.loop(Looper.java:136)
D/StrictMode(26322): 	at android.app.ActivityThread.main(ActivityThread.java:5086)
D/StrictMode(26322): 	at java.lang.reflect.Method.invokeNative(Native Method)
D/StrictMode(26322): 	at java.lang.reflect.Method.invoke(Method.java:515)
D/StrictMode(26322): 	at com.android.internal.os.ZygoteInit$MethodAndArgsCaller.run(ZygoteInit.java:785)
D/StrictMode(26322): 	at com.android.internal.os.ZygoteInit.main(ZygoteInit.java:601)
D/StrictMode(26322): 	at dalvik.system.NativeStart.main(Native Method)
D/StrictMode(26322): StrictMode policy violation; ~duration=79 ms: android.os.StrictMode$StrictModeDiskReadViolation: policy=31 violation=2
D/StrictMode(26322): 	at android.os.StrictMode$AndroidBlockGuardPolicy.onReadFromDisk(StrictMode.java:1135)
D/StrictMode(26322): 	at libcore.io.BlockGuardOs.read(BlockGuardOs.java:148)
D/StrictMode(26322): 	at libcore.io.IoBridge.read(IoBridge.java:425)
D/StrictMode(26322): 	at java.io.FileInputStream.read(FileInputStream.java:179)
D/StrictMode(26322): 	at java.io.BufferedInputStream.read(BufferedInputStream.java:283)
D/StrictMode(26322): 	at java.io.DataInputStream.read(DataInputStream.java:63)
D/StrictMode(26322): 	at com.google.r.j.c(PG:1152)
D/StrictMode(26322): 	at com.google.r.j.a(PG:121)
D/StrictMode(26322): 	at com.google.v.a.a.dv.<init>(PG:24)
D/StrictMode(26322): 	at com.google.v.a.a.dw.b(PG:68)
D/StrictMode(26322): 	at com.google.v.a.a.dw.a(PG:62)
D/StrictMode(26322): 	at com.google.r.e.b(PG:170)
D/StrictMode(26322): 	at com.google.r.e.b(PG:21)
D/StrictMode(26322): 	at com.google.android.apps.gmm.shared.f.h.a(PG:151)
D/StrictMode(26322): 	at com.google.android.apps.gmm.map.m.e.a(PG:356)
D/StrictMode(26322): 	at com.google.android.apps.gmm.base.app.d.a(PG:1135)
D/StrictMode(26322): 	at com.google.android.apps.gmm.base.app.d.<init>(PG:578)
D/StrictMode(26322): 	at com.google.android.apps.gmm.base.app.GoogleMapsApplication.a(PG:156)
D/StrictMode(26322): 	at com.google.android.apps.gmm.base.app.GoogleMapsApplication.onCreate(PG:111)
D/StrictMode(26322): 	at android.app.Instrumentation.callApplicationOnCreate(Instrumentation.java:1030)
D/StrictMode(26322): 	at android.app.ActivityThread.handleBindApplication(ActivityThread.java:4409)
D/StrictMode(26322): 	at android.app.ActivityThread.access$1500(ActivityThread.java:139)
D/StrictMode(26322): 	at android.app.ActivityThread$H.handleMessage(ActivityThread.java:1270)
D/StrictMode(26322): 	at android.os.Handler.dispatchMessage(Handler.java:102)
D/StrictMode(26322): 	at android.os.Looper.loop(Looper.java:136)
D/StrictMode(26322): 	at android.app.ActivityThread.main(ActivityThread.java:5086)
D/StrictMode(26322): 	at java.lang.reflect.Method.invokeNative(Native Method)
D/StrictMode(26322): 	at java.lang.reflect.Method.invoke(Method.java:515)
D/StrictMode(26322): 	at com.android.internal.os.ZygoteInit$MethodAndArgsCaller.run(ZygoteInit.java:785)
D/StrictMode(26322): 	at com.android.internal.os.ZygoteInit.main(ZygoteInit.java:601)
D/StrictMode(26322): 	at dalvik.system.NativeStart.main(Native Method)
D/StrictMode(26322): StrictMode policy violation; ~duration=74 ms: android.os.StrictMode$StrictModeDiskReadViolation: policy=31 violation=2
D/StrictMode(26322): 	at android.os.StrictMode$AndroidBlockGuardPolicy.onReadFromDisk(StrictMode.java:1135)
D/StrictMode(26322): 	at libcore.io.BlockGuardOs.read(BlockGuardOs.java:148)
D/StrictMode(26322): 	at libcore.io.IoBridge.read(IoBridge.java:425)
