I/PackageManager(  588):  setEnabledSetting(), pkgName=com.android.vending, clsName=com.google.android.finsky.activities.DebugActivity, state=2, flag=1, pid=6142, uid=10132
V/LocationManagerService(  588): getAllProviders
D/PowerManagerService(  588): releaseWakeLock(425a62d0): PARTIAL_WAKE_LOCK , tag=ActivityManager-Launch, flags=0x1
D/PowerManagerService(  588): acquireWakeLock(424f7180): CPU_MIN_FREQ , tag=AbsListViewScroll_5.0, flags=0x100, pid=6121, uid=10220, mUserState=0x3
D/PowerManagerService(  588): acquireWakeLock(42e05040): CPU_MIN_NUM , tag=AbsListViewScroll_5.0, flags=0x400, pid=6121, uid=10220, mUserState=0x3
D/PowerManagerService(  588): releaseWakeLock(424f7180): CPU_MIN_FREQ , tag=AbsListViewScroll_5.0, flags=0x100
D/PowerManagerService(  588): releaseWakeLock(42e05040): CPU_MIN_NUM , tag=AbsListViewScroll_5.0, flags=0x400
D/PowerManagerService(  588): acquireWakeLock(4290bbe8): CPU_MIN_FREQ , tag=AbsListViewScroll_5.0, flags=0x100, pid=6121, uid=10220, mUserState=0x3
D/PowerManagerService(  588): acquireWakeLock(428b8cc0): CPU_MIN_NUM , tag=AbsListViewScroll_5.0, flags=0x400, pid=6121, uid=10220, mUserState=0x3
W/PackageParser( 6121): No actions in intent filter at /storage/sdcard0/Download/GiftMe-release.apk Binary XML file line #33
D/TELEPHONY_CALLBACK(  811): @onSignalStrengthChanged: SignalStrength: 5 -1 -1 -1 -1 -1 -1 -1 -1 -1 2147483647 -1 gsm|lte
D/StatusBar.NetworkController(  811): dumpState[hasService=true ServiceState=0 home 3 3 27202  HSPA CSS not supported -1 -1 RoamInd=-1 DefRoamInd=-1EriInd= -1EriMode= -1RadioPowerSv: false EmergOnly=false PhoneType: 1 IsCdma=false SimState=UNKNOWN GprsState=0 DataState=Disconnected DataActivity=NONE NetworkType=HSPA HtcModemLinkOn=false HspaDataDistinquishable=true]
D/SIGNAL_ICON(  811): updateTelephonySignalStrength
D/SIGNAL_ICON(  811): fakeui srv=0 mTimerEnabled=false asu=5
D/SIGNAL_ICON(  811): asu=5
D/SIGNAL_ICON(  811): SUPPORT_5_LEVEL_SIGNAL
D/SIGNAL_ICON(  811): mapTelephonySignalStrength
D/SIGNAL_ICON(  811): maxLevel=5 asu=5 networkType=HSPA
D/SIGNAL_ICON(  811): return iconLevel=2
D/StatusBar.NetworkController(  811): dumpIconState[dataVisible=false dataIconId=stat_sys_data_out_3g_plus signalIconId=stat_sys_5signal_2 wifiVisible=true wifiIconId=stat_sys_wifi_signal_4 airplaneMode=false]
D/PowerManagerService(  588): releaseWakeLock(4290bbe8): CPU_MIN_FREQ , tag=AbsListViewScroll_5.0, flags=0x100
D/PowerManagerService(  588): releaseWakeLock(428b8cc0): CPU_MIN_NUM , tag=AbsListViewScroll_5.0, flags=0x400
I/ActivityManager(  588): Start proc com.google.android.music:main for service com.google.android.music/.playback.MusicPlaybackService: pid=6237 uid=10210 gids={3003, 1015, 1028}
W/CpuWake (  588): >>nativeAcquireCpuPerfWakeLock()
W/CpuWake (  588): <<nativeAcquireCpuPerfWakeLock()
I/ActivityManager(  588): START {act=android.intent.action.VIEW cat=[android.intent.category.DEFAULT] dat=file typ=application/vnd.android.package-archive flg=0x10000 cmp=android/com.android.internal.app.ResolverActivity u=0} from pid 6121
D/PowerManagerService(  588): acquireWakeLock(42906210): PARTIAL_WAKE_LOCK , tag=ActivityManager-Launch, flags=0x1, pid=588, uid=1000, mUserState=0x3
D/PowerManagerService(  588): releaseWakeLock(42906210): PARTIAL_WAKE_LOCK , tag=ActivityManager-Launch, flags=0x1
I/PackageManager(  588):  setEnabledSetting(), pkgName=com.google.android.music, clsName=com.android.music.MediaAppWidgetProvider, state=1, flag=1, pid=6237, uid=10210
D/PowerManagerService(  588): acquireWakeLock(42bc86b0): PARTIAL_WAKE_LOCK , tag=AudioOut_4, flags=0x1, pid=255, uid=1013, mUserState=0x3
D/PowerManagerService(  588): acquireWakeLock(42b9be98): PARTIAL_WAKE_LOCK , tag=AudioOut_5, flags=0x1, pid=255, uid=1013, mUserState=0x3
D/PowerManagerService(  588): acquireWakeLock(42b6f688): PARTIAL_WAKE_LOCK , tag=AudioOut_6, flags=0x1, pid=255, uid=1013, mUserState=0x3
D/PowerManagerService(  588): acquireWakeLock(42b53690): PARTIAL_WAKE_LOCK , tag=AudioOut_7, flags=0x1, pid=255, uid=1013, mUserState=0x3
W/PowerManagerService(  588): Can not get flags by lock
D/PowerManagerService(  588): acquireWakeLock(42af4e90): PARTIAL_WAKE_LOCK , tag=com.google.android.music.playback.LocalDevicePlayback.mAsyncWakeLock, flags=0x1, pid=6237, uid=10210, mUserState=0x3
D/PowerManagerService(  588): releaseWakeLock(42b9be98): PARTIAL_WAKE_LOCK , tag=AudioOut_5, flags=0x1
D/PowerManagerService(  588): releaseWakeLock(42b53690): PARTIAL_WAKE_LOCK , tag=AudioOut_7, flags=0x1
D/PowerManagerService(  588): releaseWakeLock(42b6f688): PARTIAL_WAKE_LOCK , tag=AudioOut_6, flags=0x1
D/PowerManagerService(  588): releaseWakeLock(42af4e90): PARTIAL_WAKE_LOCK , tag=com.google.android.music.playback.LocalDevicePlayback.mAsyncWakeLock, flags=0x1
D/PowerManagerService(  588): acquireWakeLock(4292b4b8): PARTIAL_WAKE_LOCK , tag=SyncLoopWakeLock, flags=0x1, pid=588, uid=1000, mUserState=0x3
I/PackageManager(  588):  setEnabledSetting(), pkgName=com.google.android.music, clsName=com.google.android.music.Settings.NetworkUsage, state=1, flag=1, pid=6237, uid=10210
D/PowerManagerService(  588): releaseWakeLock(4292b4b8): PARTIAL_WAKE_LOCK , tag=SyncLoopWakeLock, flags=0x1
D/PowerManagerService(  588): acquireWakeLock(42801360): PARTIAL_WAKE_LOCK , tag=AlarmManager, flags=0x1, pid=588, uid=1000, mUserState=0x3
V/AlarmManager(  588): sending alarm PendingIntent{422c63f8: PendingIntentRecord{42482cd0 android broadcastIntent}}, intent=android.intent.action.TIME_TICK, type=RTC, count=1, when=1427824740000, repeateInterval=0
D/PowerManagerService(  588): releaseWakeLock(42801360): PARTIAL_WAKE_LOCK , tag=AlarmManager, flags=0x1
D/PowerManagerService(  588): acquireWakeLock(429f74f8): CPU_MIN_FREQ , tag=AbsListViewScroll_5.0, flags=0x100, pid=588, uid=1000, mUserState=0x3
D/PowerManagerService(  588): acquireWakeLock(429d5630): CPU_MIN_NUM , tag=AbsListViewScroll_5.0, flags=0x400, pid=588, uid=1000, mUserState=0x3
D/PowerManagerService(  588): releaseWakeLock(429f74f8): CPU_MIN_FREQ , tag=AbsListViewScroll_5.0, flags=0x100
D/PowerManagerService(  588): releaseWakeLock(429d5630): CPU_MIN_NUM , tag=AbsListViewScroll_5.0, flags=0x400
W/CpuWake (  588): >>nativeReleaseCpuPerfWakeLock()
W/CpuWake (  588): <<nativeReleaseCpuPerfWakeLock()
W/CpuWake (  588): >>nativeAcquireCpuPerfWakeLock()
W/CpuWake (  588): <<nativeAcquireCpuPerfWakeLock()
I/ActivityManager(  588): START {act=android.intent.action.VIEW cat=[android.intent.category.DEFAULT] dat=file typ=application/vnd.android.package-archive flg=0x3010000 cmp=com.android.vending/com.google.android.vending.verifier.PackageVerificationActivity u=0} from pid 588
D/PowerManagerService(  588): acquireWakeLock(4269f420): PARTIAL_WAKE_LOCK , tag=ActivityManager-Launch, flags=0x1, pid=588, uid=1000, mUserState=0x3
W/PackageParser( 6142): No actions in intent filter at /storage/sdcard0/Download/GiftMe-release.apk Binary XML file line #33
W/InputMethodManagerService(  588): Window already focused, ignoring focus gain of: com.android.internal.view.IInputMethodClient$Stub$Proxy@428de3d8 attribute=null
D/PowerManagerService(  588): releaseWakeLock(4269f420): PARTIAL_WAKE_LOCK , tag=ActivityManager-Launch, flags=0x1
W/CpuWake (  588): >>nativeAcquireCpuPerfWakeLock()
W/CpuWake (  588): <<nativeAcquireCpuPerfWakeLock()
I/ActivityManager(  588): START {act=android.intent.action.VIEW cat=[android.intent.category.DEFAULT] dat=file typ=application/vnd.android.package-archive flg=0x13810000 pkg=com.android.packageinstaller cmp=com.android.packageinstaller/.PackageInstallerActivity (has extras) u=0} from pid 6142
D/PowerManagerService(  588): acquireWakeLock(428bc300): PARTIAL_WAKE_LOCK , tag=ActivityManager-Launch, flags=0x1, pid=588, uid=1000, mUserState=0x3
I/ActivityManager(  588): Start proc com.android.packageinstaller for activity com.android.packageinstaller/.PackageInstallerActivity: pid=6286 uid=10135 gids={1028}
D/PowerManagerService(  588): releaseWakeLock(42bc86b0): PARTIAL_WAKE_LOCK , tag=AudioOut_4, flags=0x1
W/PackageParser( 6286): No actions in intent filter at /storage/sdcard0/Download/GiftMe-release.apk Binary XML file line #33
V/InputMethodManagerService(  588): unbindCurrentInputLocked: client = android.os.BinderProxy@42588ce8
I/InputMethodManagerService(  588): Disable input method client.
V/InputMethodManagerService(  588): switching to client: client = android.os.BinderProxy@42496ce0
I/InputMethodManagerService(  588): Enable input method client.
D/PowerManagerService(  588): releaseWakeLock(428bc300): PARTIAL_WAKE_LOCK , tag=ActivityManager-Launch, flags=0x1
W/CpuWake (  588): >>nativeReleaseCpuPerfWakeLock()
W/CpuWake (  588): <<nativeReleaseCpuPerfWakeLock()
W/CpuWake (  588): >>nativeReleaseCpuPerfWakeLock()
W/CpuWake (  588): <<nativeReleaseCpuPerfWakeLock()
D/PowerManagerService(  588): acquireWakeLock(41eca920): PARTIAL_WAKE_LOCK , tag=wake:com.google.android.music/.leanback.AutoCacheSchedulingService, flags=0x1, pid=6237, uid=10210, mUserState=0x3
I/PackageManager(  588):  setEnabledSetting(), pkgName=com.google.android.music, clsName=com.google.android.music.leanback.AutoCacheSchedulingService$ActionReceiver, state=2, flag=1, pid=6237, uid=10210
D/Socket_Alarm( 6237): registerHTCSocketMonitorCallBack
D/Socket_Alarm( 6237): set mSocketMonitor
D/Socket_Alarm( 6237): HTCSocketMonitorImpl::HTCSocketMonitorImpl
D/PowerManagerService(  588): releaseWakeLock(41eca920): PARTIAL_WAKE_LOCK , tag=wake:com.google.android.music/.leanback.AutoCacheSchedulingService, flags=0x1
W/InputMethodManagerService(  588): Window already focused, ignoring focus gain of: com.android.internal.view.IInputMethodClient$Stub$Proxy@424ce0c8 attribute=null
I/ActivityManager(  588): Start proc com.whatsapp for service com.whatsapp/.messaging.MessageService: pid=6315 uid=10060 gids={3002, 1006, 3003, 1015, 1028}
W/CpuWake (  588): >>nativeAcquireCpuPerfWakeLock()
W/CpuWake (  588): <<nativeAcquireCpuPerfWakeLock()
I/ActivityManager(  588): START {dat=file cmp=com.android.packageinstaller/.InstallAppProgress (has extras) u=0} from pid 6286
D/PowerManagerService(  588): acquireWakeLock(4231e998): PARTIAL_WAKE_LOCK , tag=ActivityManager-Launch, flags=0x1, pid=588, uid=1000, mUserState=0x3
I/ActivityManager(  588): Start proc com.android.defcontainer for service com.android.defcontainer/.DefaultContainerService: pid=6332 uid=10021 gids={1015, 2001, 5005, 1028}
D/PowerManagerService(  588): releaseWakeLock(4231e998): PARTIAL_WAKE_LOCK , tag=ActivityManager-Launch, flags=0x1
D/Socket_Alarm( 6315): registerHTCSocketMonitorCallBack
D/Socket_Alarm( 6315): set mSocketMonitor
D/Socket_Alarm( 6315): HTCSocketMonitorImpl::HTCSocketMonitorImpl
D/PowerManagerService(  588): acquireWakeLock(42a6d7c0): PARTIAL_WAKE_LOCK , tag=AlarmManager, flags=0x1, pid=588, uid=1000, mUserState=0x3
V/AlarmManager(  588): sending alarm PendingIntent{421b2600: PendingIntentRecord{429f8200 com.whatsapp broadcastIntent}}, intent=com.whatsapp.alarm.NTP_UPDATE, type=ELAPSED_REALTIME, count=4, when=172800000, repeateInterval=43200000
W/ActivityManager(  588): No content provider found for permission revoke: file:///storage/sdcard0/Download/GiftMe-release.apk
W/ActivityManager(  588): No content provider found for permission revoke: file:///storage/sdcard0/Download/GiftMe-release.apk
W/PackageParser(  588): No actions in intent filter at /data/app/vmdl-1238766437.tmp Binary XML file line #33
W/CpuWake (  588): >>nativeReleaseCpuPerfWakeLock()
W/CpuWake (  588): <<nativeReleaseCpuPerfWakeLock()
D/PowerManagerService(  588): acquireWakeLock(4240be78): PARTIAL_WAKE_LOCK , tag=RILJ, flags=0x1, pid=946, uid=1001, mUserState=0x3
D/PowerManagerService(  588): releaseWakeLock(4240be78): PARTIAL_WAKE_LOCK , tag=RILJ, flags=0x1
I/ActivityManager(  588): Force stopping package co.giftmeapp.gift_me uid=10138
I/ActivityManager(  588):   Force finishing activity ActivityRecord{41ee65a8 co.giftmeapp.gift_me/.GiftMe}
D/PowerManagerService(  588): acquireWakeLock(41f3fac8): PARTIAL_WAKE_LOCK , tag=RILJ, flags=0x1, pid=946, uid=1001, mUserState=0x3
D/PowerManagerService(  588): releaseWakeLock(41f3fac8): PARTIAL_WAKE_LOCK , tag=RILJ, flags=0x1
D/TELEPHONY_CALLBACK(  811): @onSignalStrengthChanged: SignalStrength: 5 -1 -1 -1 -1 -1 -1 -1 -1 -1 2147483647 -1 gsm|lte
I/PackageManager(  588): Package co.giftmeapp.gift_me codePath changed from /data/app/co.giftmeapp.gift_me-1.apk to /data/app/co.giftmeapp.gift_me-2.apk; Retaining data and using new
D/StatusBar.NetworkController(  811): dumpState[hasService=true ServiceState=0 home 3 3 27202  HSPA CSS not supported -1 -1 RoamInd=-1 DefRoamInd=-1EriInd= -1EriMode= -1RadioPowerSv: false EmergOnly=false PhoneType: 1 IsCdma=false SimState=UNKNOWN GprsState=0 DataState=Disconnected DataActivity=NONE NetworkType=HSPA HtcModemLinkOn=false HspaDataDistinquishable=true]
D/SIGNAL_ICON(  811): updateTelephonySignalStrength
D/SIGNAL_ICON(  811): fakeui srv=0 mTimerEnabled=false asu=5
D/SIGNAL_ICON(  811): asu=5
D/SIGNAL_ICON(  811): SUPPORT_5_LEVEL_SIGNAL
D/SIGNAL_ICON(  811): mapTelephonySignalStrength
D/SIGNAL_ICON(  811): maxLevel=5 asu=5 networkType=HSPA
D/SIGNAL_ICON(  811): return iconLevel=2
D/StatusBar.NetworkController(  811): dumpIconState[dataVisible=false dataIconId=stat_sys_data_out_3g_plus signalIconId=stat_sys_5signal_2 wifiVisible=true wifiIconId=stat_sys_wifi_signal_4 airplaneMode=false]
V/AlarmManager(  588): sending alarm PendingIntent{428ba2d0: PendingIntentRecord{4249f7d0 com.whatsapp broadcastIntent}}, intent=DEVICE_INFO_ALARM_ACTION, type=ELAPSED_REALTIME, count=47, when=169200000, repeateInterval=3600000
D/PowerManagerService(  588): releaseWakeLock(42a6d7c0): PARTIAL_WAKE_LOCK , tag=AlarmManager, flags=0x1
I/ActivityManager(  588): Start proc com.google.android.gsf.login for service com.google.android.gsf.login/com.google.android.gsf.loginservice.GoogleLoginService: pid=6371 uid=10017 gids={3003, 1015, 1028, 2001, 1007, 3006, 1006, 3002, 3001}
I/ActivityManager(  588): Recipient 5828
I/ActivityManager(  588): Process nz.barees.android.cachesensedemo (pid 5828) has died.
I/ActivityManager(  588): Recipient 5802
I/ActivityManager(  588): Process com.htc.sdm (pid 5802) has died.
I/ActivityManager(  588): Force stopping package co.giftmeapp.gift_me uid=10138
W/PackageManager(  588): Code path for pkg : co.giftmeapp.gift_me changing from /data/app/co.giftmeapp.gift_me-1.apk to /data/app/co.giftmeapp.gift_me-2.apk
W/PackageManager(  588): Resource path for pkg : co.giftmeapp.gift_me changing from /data/app/co.giftmeapp.gift_me-1.apk to /data/app/co.giftmeapp.gift_me-2.apk
D/BatteryService(  588): updateBatteryStats: auto update.
D/PowerManagerService(  588): acquireWakeLock(42a43180): PARTIAL_WAKE_LOCK , tag=BatteryServiceUpdateStats, flags=0x1, pid=588, uid=1000, mUserState=0x3
D/PowerManagerService(  588): releaseWakeLock(42a43180): PARTIAL_WAKE_LOCK , tag=BatteryServiceUpdateStats, flags=0x1
D/BatteryService(  588): updateBatteryStats: update triggered by UEvent.
D/PowerManagerService(  588): acquireWakeLock(42abc368): PARTIAL_WAKE_LOCK , tag=BatteryServiceUpdateStats, flags=0x1, pid=588, uid=1000, mUserState=0x3
D/PowerManagerService(  588): releaseWakeLock(42abc368): PARTIAL_WAKE_LOCK , tag=BatteryServiceUpdateStats, flags=0x1
D/WifiService(  588): ACTION_BATTERY_CHANGED pluggedType: 2
D/NotificationService(  588): mIntentReceiver() Intent.ACTION_BATTERY_CHANGED
D/PowerManagerService(  588): runHtcPowerSaverCheck ======================================
D/PowerUI (  811): closing low battery warning: level=15
D/PowerUI (  811): plugged = true, health = 2, mBatteryLevel = 15, mPluggedBatteryLevel = 12, mLowBatteryWarningLevel2 = 25, mshowLowChargingWarning2 = true
D/TELEPHONY_CALLBACK(  811): @onSignalStrengthChanged: SignalStrength: 5 -1 -1 -1 -1 -1 -1 -1 -1 -1 2147483647 -1 gsm|lte
D/StatusBar.NetworkController(  811): dumpState[hasService=true ServiceState=0 home 3 3 27202  HSPA CSS not supported -1 -1 RoamInd=-1 DefRoamInd=-1EriInd= -1EriMode= -1RadioPowerSv: false EmergOnly=false PhoneType: 1 IsCdma=false SimState=UNKNOWN GprsState=0 DataState=Disconnected DataActivity=NONE NetworkType=HSPA HtcModemLinkOn=false HspaDataDistinquishable=true]
D/SIGNAL_ICON(  811): updateTelephonySignalStrength
D/SIGNAL_ICON(  811): fakeui srv=0 mTimerEnabled=false asu=5
D/SIGNAL_ICON(  811): asu=5
D/SIGNAL_ICON(  811): SUPPORT_5_LEVEL_SIGNAL
D/SIGNAL_ICON(  811): mapTelephonySignalStrength
D/SIGNAL_ICON(  811): maxLevel=5 asu=5 networkType=HSPA
D/SIGNAL_ICON(  811): return iconLevel=2
D/StatusBar.NetworkController(  811): dumpIconState[dataVisible=false dataIconId=stat_sys_data_out_3g_plus signalIconId=stat_sys_5signal_2 wifiVisible=true wifiIconId=stat_sys_wifi_signal_4 airplaneMode=false]
D/PowerManagerService(  588): acquireWakeLock(422a5f88): PARTIAL_WAKE_LOCK , tag=RILJ, flags=0x1, pid=946, uid=1001, mUserState=0x3
D/PowerManagerService(  588): releaseWakeLock(422a5f88): PARTIAL_WAKE_LOCK , tag=RILJ, flags=0x1
D/PowerManagerService(  588): acquireWakeLock(4262e2b0): PARTIAL_WAKE_LOCK , tag=RILJ, flags=0x1, pid=946, uid=1001, mUserState=0x3
D/PowerManagerService(  588): releaseWakeLock(4262e2b0): PARTIAL_WAKE_LOCK , tag=RILJ, flags=0x1
I/ActivityManager(  588): Force stopping package co.giftmeapp.gift_me uid=10138
I/ActivityManager(  588): Start proc com.android.keychain for broadcast com.android.keychain/.KeyChainBroadcastReceiver: pid=6392 uid=1000 gids={1015, 3002, 3001, 3003, 1028, 5006, 3007, 3006, 2001, 1007}
I/ActivityManager(  588): Start proc com.htc.providers.settings:remote for content provider com.htc.providers.settings/.HtcPowerManagerProvider: pid=6405 uid=10202 gids={1028}
D/PowerManagerService(  588): TPE algorithm. schedule timeout.
D/PowerManagerService(  588): ALG=2, lsvalue=640(6th)->320(5th), last_level=6, lValue=125->125, bValue=0, kValue=0, mPowerState=0x3, mSkippedScreenOn=false, mInitialAnimation=false, immediate=false
I/ActivityManager(  588): Start proc com.htc.opensense.social for broadcast com.htc.opensense/.pluginmanager.RegisterReceiver: pid=6417 uid=10014 gids={2001, 3003, 1015, 1028, 1006, 5005, 3002, 3001, 5003}
I/ActivityManager(  588): Recipient 5901
I/ActivityManager(  588): Process com.htc.notes:NotesService (pid 5901) has died.
I/ActivityManager(  588): Recipient 5787
I/ActivityManager(  588): Process com.htc.musicenhancer (pid 5787) has died.
I/ActivityManager(  588): Recipient 6007
I/ActivityManager(  588): Process com.htc.provider.notes (pid 6007) has died.
I/ActivityManager(  588): Recipient 5955
I/WindowState(  588): WIN DEATH: Window{42580270 com.htc.notes/com.htc.notes.collection.NoteCollectionActivity paused=false}
I/ActivityManager(  588): Recipient 5991
I/ActivityManager(  588): Process com.htc.notes (pid 5991) has died.
I/WindowState(  588): WIN DEATH: Window{425f2d78 com.htc.notes/com.htc.notes.detail.NotesDetailActivity paused=false}
I/WindowManager(  588): WINDOW DIED Window{425f2d78 com.htc.notes/com.htc.notes.detail.NotesDetailActivity paused=false}
I/ActivityManager(  588): Process com.google.android.tts (pid 5955) has died.
I/ActivityManager(  588): Start proc com.android.settings for broadcast com.android.settings/.framework.content.plugin.HtcPluginReceiver: pid=6432 uid=1000 gids={1015, 3002, 3001, 3003, 1028, 5006, 3007, 3006, 2001, 1007}
I/ActivityManager(  588): Start proc com.facebook.katana:dash for broadcast com.facebook.katana/com.facebook.dash.receivers.DashPackageUninstallReceiver: pid=6445 uid=10028 gids={1006, 1015, 1028, 3003}
I/ActivityManager(  588): Recipient 5873
I/ActivityManager(  588): Process com.htc.htcpowermanager:remote (pid 5873) has died.
I/ActivityManager(  588): Recipient 6142
I/ActivityManager(  588): Process com.android.vending (pid 6142) has died.
W/ActivityManager(  588): Scheduling restart of crashed service com.android.vending/com.google.android.finsky.billing.iab.InAppBillingService in 11630ms
I/ActivityManager(  588): Start proc com.android.vending for service com.android.vending/com.google.android.finsky.billing.iab.InAppBillingService: pid=6457 uid=10132 gids={3003, 1015, 1028}
D/TELEPHONY_CALLBACK(  811): @onSignalStrengthChanged: SignalStrength: 5 -1 -1 -1 -1 -1 -1 -1 -1 -1 2147483647 -1 gsm|lte
D/StatusBar.NetworkController(  811): dumpState[hasService=true ServiceState=0 home 3 3 27202  HSPA CSS not supported -1 -1 RoamInd=-1 DefRoamInd=-1EriInd= -1EriMode= -1RadioPowerSv: false EmergOnly=false PhoneType: 1 IsCdma=false SimState=UNKNOWN GprsState=0 DataState=Disconnected DataActivity=NONE NetworkType=HSPA HtcModemLinkOn=false HspaDataDistinquishable=true]
D/SIGNAL_ICON(  811): updateTelephonySignalStrength
D/SIGNAL_ICON(  811): fakeui srv=0 mTimerEnabled=false asu=5
D/SIGNAL_ICON(  811): asu=5
D/SIGNAL_ICON(  811): SUPPORT_5_LEVEL_SIGNAL
D/SIGNAL_ICON(  811): mapTelephonySignalStrength
D/SIGNAL_ICON(  811): maxLevel=5 asu=5 networkType=HSPA
D/SIGNAL_ICON(  811): return iconLevel=2
D/StatusBar.NetworkController(  811): dumpIconState[dataVisible=false dataIconId=stat_sys_data_out_3g_plus signalIconId=stat_sys_5signal_2 wifiVisible=true wifiIconId=stat_sys_wifi_signal_4 airplaneMode=false]
I/ActivityManager(  588): Recipient 6371
I/ActivityManager(  588): Process com.google.android.gsf.login (pid 6371) has died.
I/ActivityManager(  588): Recipient 6392
I/ActivityManager(  588): Process com.android.keychain (pid 6392) has died.
I/ActivityManager(  588): Recipient 6405
I/ActivityManager(  588): Process com.htc.providers.settings:remote (pid 6405) has died.
I/ActivityManager(  588): Recipient 28705
I/ActivityManager(  588): Process com.htc.android.rosie.widget (pid 28705) has died.
I/PackageManager(  588):  setEnabledSetting(), pkgName=com.android.vending, clsName=com.android.vending.AssetBrowserActivity, state=1, flag=1, pid=6457, uid=10132
--------- beginning of /dev/log/main
D/PackageManager(  588): generateServicesMap(android.content.SyncAdapter): 64 services unchanged
D/BackupManagerService(  588): Received broadcast Intent { act=android.intent.action.PACKAGE_REMOVED dat=package flg=0x8000010 (has extras) }
D/Finsky  ( 6457): [1] FinskyApp.onCreate: Initializing network with DFE https://android.clients.google.com/fdfe/
I/ActivityManager(  588): Start proc com.dropbox.android for service com.dropbox.android/.service.CameraUploadService: pid=6474 uid=10024 gids={1006, 3003, 1028, 1015}
D/PackageManager(  588): generateServicesMap(android.accounts.AccountAuthenticator): 20 services unchanged
W/PackageManager(  588): Unable to load service info ResolveInfo{42608990 com.htc.socialnetwork.facebook.remote.FacebookSyncService p=0 o=0 m=0x108000}
W/PackageManager(  588): org.xmlpull.v1.XmlPullParserException: No android.content.SyncAdapter meta-data
W/PackageManager(  588): 	at android.content.pm.RegisteredServicesCache.parseServiceInfo(RegisteredServicesCache.java:377)
W/PackageManager(  588): 	at android.content.pm.RegisteredServicesCache.generateServicesMap(RegisteredServicesCache.java:261)
W/PackageManager(  588): 	at android.content.pm.RegisteredServicesCache$1.onReceive(RegisteredServicesCache.java:110)
W/PackageManager(  588): 	at android.app.LoadedApk$ReceiverDispatcher$Args.run(LoadedApk.java:832)
W/PackageManager(  588): 	at android.os.Handler.handleCallback(Handler.java:615)
W/PackageManager(  588): 	at android.os.Handler.dispatchMessage(Handler.java:92)
W/PackageManager(  588): 	at android.os.Looper.loop(Looper.java:155)
W/PackageManager(  588): 	at com.android.server.ServerThread.run(SystemServer.java:1031)
D/PackageManager(  588): generateServicesMap(android.content.SyncAdapter): 64 services unchanged
D/BackupManagerService(  588): Received broadcast Intent { act=android.intent.action.PACKAGE_ADDED dat=package flg=0x8000010 (has extras) }
V/BackupManagerService(  588): removePackageParticipantsLocked: uid=10138 #1
D/FxWidgetProvider( 1222): row 1
D/DexLibLoader( 6445): loading pre-built cross-dex opt odex files
D/dalvik-internals( 6445): successfully hooked dvmResolveClass using jump
D/dalvik-internals( 6445): successfully hooked dvmFlushBreakpoints using jump
W/dalvikvm( 6457): VFY: unable to resolve static method 1276: Landroid/provider/Settings$Global;.getInt (Landroid/content/ContentResolver;Ljava/lang/String;I)I
D/Finsky  ( 6457): [1] DailyHygiene.goMakeHygieneIfDirty: No need to run daily hygiene.
W/dalvikvm( 6457): VFY: unable to resolve static method 1276: Landroid/provider/Settings$Global;.getInt (Landroid/content/ContentResolver;Ljava/lang/String;I)I
W/dalvikvm( 6457): VFY: unable to resolve virtual method 1241: Landroid/os/StatFs;.getAvailableBytes ()J
D/CombinedWidgetProvider( 1222): addFxWidget: WidgetSummary(Calculator/FX_WIDGET/[I@41d5fbd8 x [I@41d5fbf8/-2/ComponentInfo{com.htc.android.fusion.calculator/com.htc.android.fusion.calculator.RosieIntentReceiver})
E/Trace   ( 6474): error opening trace file: No such file or directory (2)
W/dalvikvm( 6457): VFY: unable to resolve virtual method 42705: Lcom/google/android/play/layout/PlayCardViewBase;.setTransitionName (Ljava/lang/String;)V
D/FxWidgetProvider( 1222): row 1
W/dalvikvm( 6457): VFY: unable to resolve virtual method 42704: Lcom/google/android/play/layout/PlayCardViewBase;.setTransitionGroup (Z)V
D/DexLibLoader( 6445): released odex store lock
D/DexLibLoader( 6445): DexLibLoader.loadAll took 1955 ms
D/CombinedWidgetProvider( 1222): addFxWidget: WidgetSummary(Calculator/FX_WIDGET/[I@422358a8 x [I@422358c8/-2/ComponentInfo{com.htc.android.fusion.calculator/com.htc.android.fusion.calculator.RosieIntentReceiver})
D/FxWidgetProvider( 1222): row 1
D/SystemClassLoaderAdder( 6445): Zeroed out zipFile entry corresponding to path /data/app/com.facebook.katana-2.apk
D/CombinedWidgetProvider( 1222): addFxWidget: WidgetSummary(Locations/FX_WIDGET/[I@41de1b98 x [I@41de1bb8/-2/ComponentInfo{com.htc.laputa.widget3d.locations/com.htc.laputa.widget3d.locations.LocationsWidgetProvider})
D/FxWidgetProvider( 1222): row 1
V/BackupManagerService(  588): addPackageParticipantsLocked: #1
W/dalvikvm( 6457): VFY: unable to resolve virtual method 9352: Landroid/view/View;.getTransitionName ()Ljava/lang/String;
W/ManagedEGLContext( 1222): doTerminate failed: EGL count is 2 but managed count is 1
D/CombinedWidgetProvider( 1222): addFxWidget: WidgetSummary(Navigate/FX_WIDGET/[I@41eb74e8 x [I@41ce1ab0/-2/ComponentInfo{com.htc.laputa.widget3d.navigate/com.htc.laputa.widget3d.navigate.NavigateWidgetProvider})
D/FxWidgetProvider( 1222): row 1
D/CombinedWidgetProvider( 1222): addFxWidget: WidgetSummary(Tips & Help/FX_WIDGET/[I@42193508 x [I@42193528/-2/ComponentInfo{com.htc.rosiewidgets.showme/com.htc.rosiewidgets.showme.ShowMeWidget4x4})
D/FxWidgetProvider( 1222): row 1
D/CombinedWidgetProvider( 1222): addFxWidget: WidgetSummary(Watch/FX_WIDGET/[I@421134c8 x [I@421134e8/-2/ComponentInfo{com.htc.widget3d.watch/com.htc.widget3d.watch.WatchProvider})
D/FxWidgetProvider( 1222): row 1
D/CombinedWidgetProvider( 1222): addFxWidget: WidgetSummary(Notes/FX_WIDGET/[I@4225f160 x [I@42147388/-2/ComponentInfo{com.htc.htcrichnoteswidget3d/com.htc.htcrichnoteswidget3d.NotesWidgetProvider})
D/FxWidgetProvider( 1222): row 1
D/CombinedWidgetProvider( 1222): addFxWidget: WidgetSummary(Notes/FX_WIDGET/[I@4219b280 x [I@4215b750/-2/ComponentInfo{com.htc.htcrichnoteswidget3d/com.htc.htcrichnoteswidget3d.NotesWidgetProvider})
D/FxWidgetProvider( 1222): row 1
I/PackageManager(  588):  setEnabledSetting(), pkgName=com.android.vending, clsName=com.google.android.finsky.activities.DebugActivity, state=2, flag=1, pid=6457, uid=10132
D/CombinedWidgetProvider( 1222): addFxWidget: WidgetSummary(Auto rotate/FX_WIDGET/[I@4227f660 x [I@41caae00/-2/ComponentInfo{com.htc.autorotatewidget/com.htc.autorotatewidget.AutoRotateWidgetProvider})
D/FxWidgetProvider( 1222): row 1
D/CombinedWidgetProvider( 1222): addFxWidget: WidgetSummary(Auto sync/FX_WIDGET/[I@4217af10 x [I@420b6130/-2/ComponentInfo{com.htc.rosiewidgets.backgrounddata/com.htc.rosiewidgets.backgrounddata.HtcBackgroundDataWidget})
D/FxWidgetProvider( 1222): row 1
D/CombinedWidgetProvider( 1222): addFxWidget: WidgetSummary(Bookmarks/FX_WIDGET/[I@41e2ba88 x [I@41e2baa8/-2/ComponentInfo{com.htc.fusion.htcbookmarkwidget/com.htc.fusion.htcbookmarkwidget.BookmarkWidgetProvider})
D/FxWidgetProvider( 1222): row 1
D/CombinedWidgetProvider( 1222): addFxWidget: WidgetSummary(Calendar/FX_WIDGET/[I@421ebbd0 x [I@421ebbf0/-2/ComponentInfo{com.htc.htccalendarwidgets/com.htc.htccalendarwidgets.WidgetReceiver})
W/dalvikvm( 6457): VFY: unable to resolve virtual method 585: Landroid/content/res/Configuration;.getLayoutDirection ()I
W/dalvikvm( 6457): VFY: unable to resolve virtual method 539: Landroid/content/pm/PackageManager;.extendVerificationTimeout (IIJ)V
D/FxWidgetProvider( 1222): row 1
D/CombinedWidgetProvider( 1222): addFxWidget: WidgetSummary(Calendar/FX_WIDGET/[I@4215bcf0 x [I@4215bd10/-2/ComponentInfo{com.htc.htccalendarwidgets/com.htc.htccalendarwidgets.WidgetReceiver})
D/FxWidgetProvider( 1222): row 1
D/CombinedWidgetProvider( 1222): addFxWidget: WidgetSummary(Calendar/FX_WIDGET/[I@42156890 x [I@421568b0/-2/ComponentInfo{com.htc.htccalendarwidgets/com.htc.htccalendarwidgets.WidgetReceiver})
D/FxWidgetProvider( 1222): row 1
D/CombinedWidgetProvider( 1222): addFxWidget: WidgetSummary(Weather Clock/FX_WIDGET/[I@4226ece8 x [I@4226ed08/-2/ComponentInfo{com.htc.clock3dwidget/com.htc.clock3dwidget.ClockWidgetProvider})
D/FxWidgetProvider( 1222): row 1
D/CombinedWidgetProvider( 1222): addFxWidget: WidgetSummary(Weather Clock/FX_WIDGET/[I@42218e50 x [I@42278b80/-2/ComponentInfo{com.htc.clock3dwidget/com.htc.clock3dwidget.ClockWidgetProvider})
D/FxWidgetProvider( 1222): row 1
D/CombinedWidgetProvider( 1222): addFxWidget: WidgetSummary(Social Clock/FX_WIDGET/[I@42154840 x [I@42154860/-2/ComponentInfo{com.htc.clock3dwidget/com.htc.clock3dwidget.ClockWidgetProvider})
D/FxWidgetProvider( 1222): row 1
D/CombinedWidgetProvider( 1222): addFxWidget: WidgetSummary(Digital Clock/FX_WIDGET/[I@42202750 x [I@42202770/-2/ComponentInfo{com.htc.clock3dwidget/com.htc.clock3dwidget.ClockWidgetProvider})
D/FxWidgetProvider( 1222): row 1
D/CombinedWidgetProvider( 1222): addFxWidget: WidgetSummary(Travel Clock/FX_WIDGET/[I@41d59678 x [I@41d59698/-2/ComponentInfo{com.htc.clock3dwidget/com.htc.clock3dwidget.ClockWidgetProvider})
D/FxWidgetProvider( 1222): row 1
D/CombinedWidgetProvider( 1222): addFxWidget: WidgetSummary(Analog Clock/FX_WIDGET/[I@41fa3e50 x [I@41fa3e70/-2/ComponentInfo{com.htc.clock3dwidget/com.htc.clock3dwidget.ClockWidgetProvider})
D/FxWidgetProvider( 1222): row 1
D/CombinedWidgetProvider( 1222): addFxWidget: WidgetSummary(Analog Clock/FX_WIDGET/[I@421bf4b0 x [I@421bf4d0/-2/ComponentInfo{com.htc.clock3dwidget/com.htc.clock3dwidget.ClockWidgetProvider})
D/FxWidgetProvider( 1222): row 1
D/CombinedWidgetProvider( 1222): addFxWidget: WidgetSummary(Analog Clock/FX_WIDGET/[I@41f6a898 x [I@41f6a8b8/-2/ComponentInfo{com.htc.clock3dwidget/com.htc.clock3dwidget.ClockWidgetProvider})
D/FxWidgetProvider( 1222): row 1
D/CombinedWidgetProvider( 1222): addFxWidget: WidgetSummary(World Clock/FX_WIDGET/[I@4225c848 x [I@41e2c030/-2/ComponentInfo{com.htc.clock3dwidget/com.htc.clock3dwidget.ClockWidgetProvider})
D/FxWidgetProvider( 1222): row 1
D/CombinedWidgetProvider( 1222): addFxWidget: WidgetSummary(Calm Clock/FX_WIDGET/[I@42164d68 x [I@42164d88/-2/ComponentInfo{com.htc.clock3dwidget/com.htc.clock3dwidget.ClockWidgetProvider})
D/FxWidgetProvider( 1222): row 1
D/CombinedWidgetProvider( 1222): addFxWidget: WidgetSummary(Cosmos Clock/FX_WIDGET/[I@41d6a830 x [I@41d6a850/-2/ComponentInfo{com.htc.clock3dwidget/com.htc.clock3dwidget.ClockWidgetProvider})
D/FxWidgetProvider( 1222): row 1
D/CombinedWidgetProvider( 1222): addFxWidget: WidgetSummary(Hugo Clock/FX_WIDGET/[I@42261530 x [I@42261550/-2/ComponentInfo{com.htc.clock3dwidget/com.htc.clock3dwidget.ClockWidgetProvider})
D/FxWidgetProvider( 1222): row 1
D/CombinedWidgetProvider( 1222): addFxWidget: WidgetSummary(Wood Clock/FX_WIDGET/[I@4216d900 x [I@4216d920/-2/ComponentInfo{com.htc.clock3dwidget/com.htc.clock3dwidget.ClockWidgetProvider})
D/FxWidgetProvider( 1222): row 1
D/CombinedWidgetProvider( 1222): addFxWidget: WidgetSummary(Silver Clock/FX_WIDGET/[I@41d28100 x [I@41d28120/-2/ComponentInfo{com.htc.clock3dwidget/com.htc.clock3dwidget.ClockWidgetProvider})
D/FxWidgetProvider( 1222): row 1
D/CombinedWidgetProvider( 1222): addFxWidget: WidgetSummary(People/FX_WIDGET/[I@42154c20 x [I@42154c40/-2/ComponentInfo{com.htc.htccontactwidgets_3d_fusion/com.htc.htccontactwidgets_3d_fusion.WidgetReceiver})
D/FxWidgetProvider( 1222): row 1
D/CombinedWidgetProvider( 1222): addFxWidget: WidgetSummary(People/FX_WIDGET/[I@4215d398 x [I@4215d3b8/-2/ComponentInfo{com.htc.htccontactwidgets_3d_fusion/com.htc.htccontactwidgets_3d_fusion.WidgetReceiver})
D/FxWidgetProvider( 1222): row 1
D/CombinedWidgetProvider( 1222): addFxWidget: WidgetSummary(Data Roaming/FX_WIDGET/[I@41d4f970 x [I@41d4f990/-2/ComponentInfo{com.htc.rosiewidgets.dataroaming/com.htc.rosiewidgets.dataroaming.HtcDataRoamingWidget})
D/FxWidgetProvider( 1222): row 1
D/CombinedWidgetProvider( 1222): addFxWidget: WidgetSummary(Data Dashboard/FX_WIDGET/[I@421c4790 x [I@421c47b0/-2/ComponentInfo{com.htc.rosiewidgets.datastrip/com.htc.rosiewidgets.datastrip.DataStripWidgetProvider})
D/FxWidgetProvider( 1222): row 1
D/CombinedWidgetProvider( 1222): addFxWidget: WidgetSummary(Best Deals/FX_WIDGET/[I@4223c418 x [I@4223c438/-2/ComponentInfo{com.htc.dealswidget/com.htc.dealswidget.WidgetReceiver})
D/FxWidgetProvider( 1222): row 1
D/CombinedWidgetProvider( 1222): addFxWidget: WidgetSummary(FM Radio/FX_WIDGET/[I@42213078 x [I@42213098/-2/ComponentInfo{com.htc.FMRadioWidget/com.htc.FMRadioWidget.FMRadioWidgetProvider})
D/FxWidgetProvider( 1222): row 1
D/CombinedWidgetProvider( 1222): addFxWidget: WidgetSummary(Friend Stream/FX_WIDGET/[I@41f19c48 x [I@41f19c68/-2/ComponentInfo{com.htc.FriendStream3DWidget/com.htc.FriendStream3DWidget.FriendStreamWidgetProvider})
D/FxWidgetProvider( 1222): row 1
D/CombinedWidgetProvider( 1222): addFxWidget: WidgetSummary(Mail/FX_WIDGET/[I@42214240 x [I@42214260/-2/ComponentInfo{com.htc.htcmailwidgets/com.htc.htcmailwidgets.WidgetReceiver})
D/FxWidgetProvider( 1222): row 1
D/CombinedWidgetProvider( 1222): addFxWidget: WidgetSummary(Mail/FX_WIDGET/[I@41de2d90 x [I@41de2db0/-2/ComponentInfo{com.htc.htcmailwidgets/com.htc.htcmailwidgets.WidgetReceiver})
D/FxWidgetProvider( 1222): row 1
D/CombinedWidgetProvider( 1222): addFxWidget: WidgetSummary(Messages/FX_WIDGET/[I@420ebad8 x [I@420ebaf8/-2/ComponentInfo{com.htc.htcmsgwidgets3d/com.htc.htcmsgwidgets3d.MsgWidgetReceiver})
D/FxWidgetProvider( 1222): row 1
D/CombinedWidgetProvider( 1222): addFxWidget: WidgetSummary(Messages/FX_WIDGET/[I@4212fe80 x [I@4212fea0/-2/ComponentInfo{com.htc.htcmsgwidgets3d/com.htc.htcmsgwidgets3d.MsgWidgetReceiver})
D/FxWidgetProvider( 1222): row 1
D/CombinedWidgetProvider( 1222): addFxWidget: WidgetSummary(Music/FX_WIDGET/[I@41eeaab0 x [I@41eeaad0/-2/ComponentInfo{com.htc.MusicWidget3D/com.htc.MusicWidget3D.MusicWidget3DProvider})
D/FxWidgetProvider( 1222): row 1
D/CombinedWidgetProvider( 1222): addFxWidget: WidgetSummary(Music/FX_WIDGET/[I@4224f510 x [I@4224f530/-2/ComponentInfo{com.htc.MusicWidget3D/com.htc.MusicWidget3D.MusicWidget3DProvider})
D/FxWidgetProvider( 1222): row 1
D/CombinedWidgetProvider( 1222): addFxWidget: WidgetSummary(Photo Album/FX_WIDGET/[I@42127a30 x [I@42127a50/-2/ComponentInfo{com.htc.photowidget3d/com.htc.photowidget3d.album.PhotoAlbumWidgetProvider})
D/FxWidgetProvider( 1222): row 1
D/CombinedWidgetProvider( 1222): addFxWidget: WidgetSummary(Photo Frame/FX_WIDGET/[I@41d41278 x [I@41d41298/-2/ComponentInfo{com.htc.photowidget3d/com.htc.photowidget3d.album.PhotoAlbumWidgetProvider})
D/FxWidgetProvider( 1222): row 1
I/dalvik-internals( 6445): gDvm has value 0x40b10688.  Searching for vmList (initial offset in [704,1480]).
I/dalvik-internals( 6445): Beginning search.  Actual offset in [704,1468].
E/dalvik-internals( 6445): Failed to find vmList in gDvm.  Going to brute-force search for LinearAllocHdr.
D/dalvik-internals( 6445): Evaluating LinearAllocHdr candidate at 0x400b7fa8.
I/dalvik-internals( 6445): Found LinearAllocHdr (with no vmList) at offset 932.
D/CombinedWidgetProvider( 1222): addFxWidget: WidgetSummary(Photo Grid/FX_WIDGET/[I@421123b8 x [I@421123d8/-2/ComponentInfo{com.htc.photowidget3d/com.htc.photowidget3d.album.PhotoAlbumWidgetProvider})
D/FxWidgetProvider( 1222): row 1
D/CombinedWidgetProvider( 1222): addFxWidget: WidgetSummary(Power Dashboard/FX_WIDGET/[I@421cb030 x [I@421cb050/-2/ComponentInfo{com.htc.rosiewidgets.powerstrip/com.htc.rosiewidgets.powerstrip.PowerStripWidgetProvider})
D/FxWidgetProvider( 1222): row 1
D/CombinedWidgetProvider( 1222): addFxWidget: WidgetSummary(Profile/FX_WIDGET/[I@41d4e520 x [I@41d4e540/-2/ComponentInfo{com.htc.widget.profile/com.htc.widget.HtcWidgetReceiver})
D/FxWidgetProvider( 1222): row 1
D/CombinedWidgetProvider( 1222): addFxWidget: WidgetSummary(Ringtone/FX_WIDGET/[I@4215f4c8 x [I@4215f4e8/-2/ComponentInfo{com.htc.widget.ringtone/com.htc.widget.HtcWidgetReceiver})
D/FxWidgetProvider( 1222): row 1
D/CombinedWidgetProvider( 1222): addFxWidget: WidgetSummary(Screen Brightness/FX_WIDGET/[I@4216f758 x [I@4216f778/-2/ComponentInfo{com.htc.rosiewidgets.screenbrightness/com.htc.rosiewidgets.screenbrightness.WidgetScreenBrightness})
D/FxWidgetProvider( 1222): row 1
D/CombinedWidgetProvider( 1222): addFxWidget: WidgetSummary(Screen Timeout/FX_WIDGET/[I@4226deb8 x [I@4226ded8/-2/ComponentInfo{com.htc.rosiewidgets.screentimeout/com.htc.rosiewidgets.screentimeout.ScreenTimeoutWidgetProvider})
D/FxWidgetProvider( 1222): row 1
D/CombinedWidgetProvider( 1222): addFxWidget: WidgetSummary(Airplane mode/FX_WIDGET/[I@41fec710 x [I@41fec730/-2/ComponentInfo{com.htc.htcsettingwidgets/com.htc.htcsettingwidgets.AirplaneWidget})
D/FxWidgetProvider( 1222): row 1
D/CombinedWidgetProvider( 1222): addFxWidget: WidgetSummary(Bluetooth/FX_WIDGET/[I@4216b6f8 x [I@4216b718/-2/ComponentInfo{com.htc.htcsettingwidgets/com.htc.htcsettingwidgets.BTWidget})
D/FxWidgetProvider( 1222): row 1
D/CombinedWidgetProvider( 1222): addFxWidget: WidgetSummary(GPS/FX_WIDGET/[I@422625b8 x [I@422625d8/-2/ComponentInfo{com.htc.htcsettingwidgets/com.htc.htcsettingwidgets.GPSWidget})
D/FxWidgetProvider( 1222): row 1
D/CombinedWidgetProvider( 1222): addFxWidget: WidgetSummary(Wi-Fi Hotspot/FX_WIDGET/[I@422415a8 x [I@422415c8/-2/ComponentInfo{com.htc.htcsettingwidgets/com.htc.htcsettingwidgets.HotspotWidget})
D/FxWidgetProvider( 1222): row 1
D/CombinedWidgetProvider( 1222): addFxWidget: WidgetSummary(Mobile data/FX_WIDGET/[I@42168998 x [I@421689b8/-2/ComponentInfo{com.htc.htcsettingwidgets/com.htc.htcsettingwidgets.MobileNetworkWidget})
D/FxWidgetProvider( 1222): row 1
D/CombinedWidgetProvider( 1222): addFxWidget: WidgetSummary(Wi-Fi/FX_WIDGET/[I@4221a2d8 x [I@4221a2f8/-2/ComponentInfo{com.htc.htcsettingwidgets/com.htc.htcsettingwidgets.WiFiWidget})
D/FxWidgetProvider( 1222): row 1
D/CombinedWidgetProvider( 1222): addFxWidget: WidgetSummary(Sync All/FX_WIDGET/[I@42266b78 x [I@42266b98/-2/ComponentInfo{com.htc.Sync3DWidget/com.htc.Sync3DWidget.SyncWidgetProvider})
D/FxWidgetProvider( 1222): row 1
D/CombinedWidgetProvider( 1222): addFxWidget: WidgetSummary(Tasks/FX_WIDGET/[I@421dd368 x [I@421dd388/-2/ComponentInfo{com.htc.Task3DWidget/com.htc.Task3DWidget.WidgetProvider})
D/FxWidgetProvider( 1222): row 1
D/CombinedWidgetProvider( 1222): addFxWidget: WidgetSummary(Stocks/FX_WIDGET/[I@42194970 x [I@42194990/-2/ComponentInfo{com.htc.stockwidget/com.htc.stockwidget.StockWidgetProvider})
D/FxWidgetProvider( 1222): row 1
D/StateMachine(  588): handleMessage: E msg.what=131155
D/StateMachine(  588): processMsg: ConnectedState
D/WifiStateMachine(  588): ConnectedState{ what=131155 when=-3ms target=Handler (com.android.internal.util.StateMachine$SmHandler) {42568e58} arg1=253 }
D/StateMachine(  588): processMsg: L2ConnectedState
D/WifiStateMachine(  588): L2ConnectedState{ what=131155 when=-3ms target=Handler (com.android.internal.util.StateMachine$SmHandler) {42568e58} arg1=253 }
D/CombinedWidgetProvider( 1222): addFxWidget: WidgetSummary(Stocks/FX_WIDGET/[I@421ba408 x [I@421ba428/-2/ComponentInfo{com.htc.stockwidget/com.htc.stockwidget.StockWidgetProvider})
D/FxWidgetProvider( 1222): row 1
D/CombinedWidgetProvider( 1222): addFxWidget: WidgetSummary(Weather/FX_WIDGET/[I@421ccb90 x [I@421ccbb0/-2/ComponentInfo{com.htc.widget3d.weather/com.htc.widget3d.weather.WeatherWidgetProvider})
D/FxWidgetProvider( 1222): row 1
I/wpa_ctrl(  588): [wpa_ctrl_request] ctrl address = 51174668, ctrl_conn address = 0
D/WifiStateMachine(  588): fetchRssiAndLinkSpeedNative RSSI = -32
D/CombinedWidgetProvider( 1222): addFxWidget: WidgetSummary(Weather/FX_WIDGET/[I@4216a478 x [I@41f8d148/-2/ComponentInfo{com.htc.widget3d.weather/com.htc.widget3d.weather.WeatherWidgetProvider})
D/CombinedWidgetProvider( 1222): -addFxWidgets diff: 2616
D/CombinedWidgetProvider( 1222): +addAppWidgetCategories
D/CombinedWidgetProvider( 1222): add AppWidget category: WidgetCategory(Podcast Addict/APP_WIDGET/0)
D/CombinedWidgetProvider( 1222): add AppWidget category: WidgetCategory(Internet/APP_WIDGET/0)
D/CombinedWidgetProvider( 1222): add AppWidget category: WidgetCategory(Calendar/APP_WIDGET/0)
D/CombinedWidgetProvider( 1222): add AppWidget category: WidgetCategory(Deezer/APP_WIDGET/0)
D/CombinedWidgetProvider( 1222): add AppWidget category: WidgetCategory(Settings/APP_WIDGET/0)
D/CombinedWidgetProvider( 1222): add AppWidget category: WidgetCategory(TuneIn Radio/APP_WIDGET/0)
D/StateMachine(  588): handleMessage: X
D/CombinedWidgetProvider( 1222): add AppWidget category: WidgetCategory(Twitter/APP_WIDGET/0)
D/CombinedWidgetProvider( 1222): add AppWidget category: WidgetCategory(Facebook/APP_WIDGET/0)
D/CombinedWidgetProvider( 1222): add AppWidget category: WidgetCategory(Google Play Store/APP_WIDGET/0)
D/CombinedWidgetProvider( 1222): add AppWidget category: WidgetCategory(Lookout/APP_WIDGET/0)
D/CombinedWidgetProvider( 1222): add AppWidget category: WidgetCategory(Gmail/APP_WIDGET/0)
D/CombinedWidgetProvider( 1222): add AppWidget category: WidgetCategory(Hangouts/APP_WIDGET/0)
D/CombinedWidgetProvider( 1222): add AppWidget category: WidgetCategory(Google Play Books/APP_WIDGET/0)
D/CombinedWidgetProvider( 1222): add AppWidget category: WidgetCategory(News & Weather/APP_WIDGET/0)
D/CombinedWidgetProvider( 1222): add AppWidget category: WidgetCategory(Google+/APP_WIDGET/0)
D/CombinedWidgetProvider( 1222): add AppWidget category: WidgetCategory(Google Play Music/APP_WIDGET/0)
D/CombinedWidgetProvider( 1222): add AppWidget category: WidgetCategory(Google App/APP_WIDGET/0)
D/CombinedWidgetProvider( 1222): add AppWidget category: WidgetCategory(Mail/APP_WIDGET/0)
D/CombinedWidgetProvider( 1222): add AppWidget category: WidgetCategory(WhatsApp/APP_WIDGET/0)
D/CombinedWidgetProvider( 1222): add AppWidget category: WidgetCategory(Pinterest/APP_WIDGET/0)
D/CombinedWidgetProvider( 1222): add AppWidget category: WidgetCategory(Chrome/APP_WIDGET/0)
D/CombinedWidgetProvider( 1222): add AppWidget category: WidgetCategory(VLC/APP_WIDGET/0)
D/CombinedWidgetProvider( 1222): add AppWidget category: WidgetCategory(VK/APP_WIDGET/0)
D/CombinedWidgetProvider( 1222): add AppWidget category: WidgetCategory(Bitcoin/APP_WIDGET/0)
D/CombinedWidgetProvider( 1222): -addAppWidgetCategories
D/CombinedWidgetProvider( 1222): +addHtcWidgetCategories
D/CombinedWidgetProvider( 1222):  uri: content://com.htc.launcher.widget.htcwidget/htcwidgets?category_only=true
D/HtcWidgetProvider( 1222): row 0
D/CombinedWidgetProvider( 1222): -addHtcWidgetCategories
D/CombinedWidgetProvider( 1222): +addFxWidgetCategories
D/FxWidgetProvider( 1222): row 61
I/ActivityThread( 6474): Pub com.dropbox.android.provider.SDK: com.dropbox.android.provider.SDKProvider
I/ActivityThread( 6474): Pub com.dropbox.android.provider.DbxCuSettingsProvider: com.dropbox.android.provider.DbxCuSettingsProvider
I/ActivityThread( 6474): Pub com.dropbox.android.ZipperedMediaProvider: com.dropbox.android.provider.ZipperedMediaProvider
I/ActivityThread( 6474): Pub com.dropbox.android.PhotosProvider: com.dropbox.android.provider.PhotosProvider
I/ActivityThread( 6474): Pub com.dropbox.android.FileCache: com.dropbox.android.provider.FileCacheProvider
I/ActivityThread( 6474): Pub com.dropbox.android.LocalFile: com.dropbox.android.provider.FileSystemProvider
D/StateMachine(  588): handleMessage: E msg.what=131218
D/StateMachine(  588): processMsg: ConnectedState
D/WifiStateMachine(  588): ConnectedState{ what=131218 when=-1ms target=Handler (com.android.internal.util.StateMachine$SmHandler) {42568e58} }
D/StateMachine(  588): processMsg: L2ConnectedState
D/WifiStateMachine(  588): L2ConnectedState{ what=131218 when=-1ms target=Handler (com.android.internal.util.StateMachine$SmHandler) {42568e58} }
D/StateMachine(  588): processMsg: ConnectModeState
D/WifiStateMachine(  588): ConnectModeState{ what=131218 when=-1ms target=Handler (com.android.internal.util.StateMachine$SmHandler) {42568e58} }
D/StateMachine(  588): processMsg: DriverStartedState
D/WifiStateMachine(  588): DriverStartedState{ what=131218 when=-1ms target=Handler (com.android.internal.util.StateMachine$SmHandler) {42568e58} }
I/wpa_ctrl(  588): [wpa_ctrl_request] ctrl address = 51174668, ctrl_conn address = 0
D/StateMachine(  588): handleMessage: X
I/ActivityManager(  588): Start proc com.dropbox.android:crash_uploader for service com.dropbox.android/.exception.CrashUploaderService: pid=6509 uid=10024 gids={1006, 3003, 1028, 1015}
E/Trace   ( 6509): error opening trace file: No such file or directory (2)
D/Finsky  ( 6457): [1] 2.run: Loaded library for account: [QkPhrvKtIaKRqB497nnNqDpM2h0]
I/ActivityThread( 6445): Pub com.facebook.katana.provider.LaunchablesProvider: com.facebook.dash.launchables_v1.model.LaunchablesProvider
I/ActivityThread( 6445): Pub com.facebook.katana.nodex.dash.setup: com.facebook.dash.nodex.NodexWarmupContentProvider
I/com.dropbox.android.service.DropboxNetworkReceiver( 6474): Setting receiver enabled: false
I/PackageManager(  588):  setEnabledSetting(), pkgName=com.dropbox.android, clsName=com.dropbox.android.service.DropboxNetworkReceiver, state=2, flag=1, pid=6474, uid=10024
E/ActivityThread( 6474): Failed to find provider info for com.dropbox.carousel.CuOwnerCheckProvider
D/Finsky  ( 6457): [1] 2.run: Loaded library for account: [gKXbJhL8NA2nPUzZyFpjB6tKi7U]
D/Finsky  ( 6457): [1] 2.run: Finished loading 2 libraries.
D/StateMachine(  588): handleMessage: E msg.what=131218
D/StateMachine(  588): processMsg: ConnectedState
D/WifiStateMachine(  588): ConnectedState{ what=131218 when=0 target=Handler (com.android.internal.util.StateMachine$SmHandler) {42568e58} }
D/StateMachine(  588): processMsg: L2ConnectedState
D/WifiStateMachine(  588): L2ConnectedState{ what=131218 when=0 target=Handler (com.android.internal.util.StateMachine$SmHandler) {42568e58} }
D/StateMachine(  588): processMsg: ConnectModeState
D/WifiStateMachine(  588): ConnectModeState{ what=131218 when=-1ms target=Handler (com.android.internal.util.StateMachine$SmHandler) {42568e58} }
D/StateMachine(  588): processMsg: DriverStartedState
D/WifiStateMachine(  588): DriverStartedState{ what=131218 when=-1ms target=Handler (com.android.internal.util.StateMachine$SmHandler) {42568e58} }
I/wpa_ctrl(  588): [wpa_ctrl_request] ctrl address = 51174668, ctrl_conn address = 0
D/StateMachine(  588): handleMessage: X
I/dbxyzptlk.db240900.F.h( 6474): Loading /data/data/com.dropbox.android/files/extracted_libs/lib_breakpadinstaller_07e1577c5806f4dabfd1082784af5da2c3f70517_arm
D/breakpad( 6474): breakpad loaded; target path "/data/data/com.dropbox.android/app_crashdumps"
I/dbxyzptlk.db240900.F.h( 6474): Loading /data/data/com.dropbox.android/files/extracted_libs/lib_dbxfileobserver_59d9546785d1f42b870763ef906fd65c59b55c56_arm
I/dbxyzptlk.db240900.F.h( 6474): Loading /data/data/com.dropbox.android/files/extracted_libs/lib_dropboxsync_14ff3dee0f5d6e291a3fb9c788545d12a122eb33_arm
I/libDropboxSync.so( 6474): Setting global terminate handler.
I/dbxyzptlk.db240900.F.h( 6474): Loading /data/data/com.dropbox.android/files/extracted_libs/lib_mupdf_c492e73ec698e55ab84c22f46e703f392b82c71c_arm
I/ActivityManager(  588): Recipient 6432
I/ActivityManager(  588): Process com.android.settings (pid 6432) has died.
I/com.dropbox.sync.android.H( 6474): Prepared cache dir '/data/data/com.dropbox.android/app_DropboxSyncCache/hizqkiq3952astb'.
I/ActivityManager(  588): Recipient 6417
I/ActivityManager(  588): Process com.htc.opensense.social (pid 6417) has died.
I/ActivityManager(  588): Recipient 6332
I/ActivityManager(  588): Process com.android.defcontainer (pid 6332) has died.
I/ActivityManager(  588): Recipient 6509
I/ActivityManager(  588): Process com.dropbox.android:crash_uploader (pid 6509) has died.
I/ActivityManager(  588): Recipient 28448
D/CountryDetector(  588): No listener is left
I/ActivityManager(  588): Process android.process.acore (pid 28448) has died.
I/ActivityManager(  588): Recipient 29205
I/ActivityManager(  588): Process com.facebook.katana (pid 29205) has died.
W/ActivityManager(  588): Scheduling restart of crashed service com.facebook.katana/com.facebook.push.mqtt.service.MqttPushService in 5000ms
D/Finsky  ( 6457): [9632] InAppBillingUtils.pickAccount: com.whatsapp: Account determined from installer data - [QkPhrvKtIaKRqB497nnNqDpM2h0]
D/HybridProvider(  588): getName
V/LocationManagerService(  588): getAllProviders
D/Finsky  ( 6457): [1] GmsCoreHelper.cleanupNlp: result=false type=1
D/Finsky  ( 6457): [9633] InAppBillingUtils.pickAccount: com.rhmsoft.fm: Account determined from installer data - [gKXbJhL8NA2nPUzZyFpjB6tKi7U]
D/Finsky  ( 6457): [9656] InAppBillingUtils.pickAccount: com.whatsapp: Account determined from installer data - [QkPhrvKtIaKRqB497nnNqDpM2h0]
I/com.dropbox.sync.android.aK( 6474): Dropbox user 216948606 linked.
