I/ActivityManager( 1025): Start proc com.google.android.partnersetup for content provider com.google.android.partnersetup/.RlzAppProvider: pid=29205 uid=10025 gids={50025, 3003}
I/ActivityManager( 1025): Start proc com.google.android.apps.maps for broadcast com.google.android.apps.maps/com.google.android.apps.gmm.iamhere.ble.StartBleServiceReceiver: pid=29222 uid=10064 gids={50064, 3003, 1028, 1015, 3002, 3001}
I/ActivityManager( 1025): Process com.google.android.googlequicksearchbox:search (pid 29189) has died.
W/ActivityThread(29222): ClassLoader.loadClass: The class loader returned by Thread.getContextClassLoader() may fail for processes that host multiple applications. You should explicitly specify a context class loader. For example: Thread.setContextClassLoader(getClass().getClassLoader());
I/ActivityManager( 1025): Process com.google.android.partnersetup (pid 29205) has died.
I/ActivityManager( 1025): Process com.google.android.apps.maps (pid 29222) has died.
I/SFPerfTracer(  274):      triggers: (rate: 1254:49962) (compose: 0:251) (post: 0:21) (render: 87:10608) (34:786570 frames) (35:3319483)
D/SFPerfTracer(  274):        layers: (4:10) (DimLayer: 0:158)* (DimLayer: 0:134)* (FocusedStackFrame: 0:21983)* (StatusBar: 34:266062) (NavigationBar: 0:204418) (DimLayer: 0:25219)* (DimLayer: 0:4809)* (com.android.wallpaper.fall.FallWallpaper: 10:10837) (co.giftmeapp.gift_me/co.giftmeapp.gift_me.GiftMe: 0:24)* (Keyguard: 0:46) 
I/ActivityManager( 1025): Process com.facebook.katana (pid 28962) has died.
W/ActivityManager( 1025): Scheduling restart of crashed service com.facebook.katana/com.facebook.push.mqtt.service.MqttPushService in 16530ms
D/WifiService( 1025): Client connection lost with reason: 4
I/SFPerfTracer(  274):      triggers: (rate: 1254:49965) (compose: 0:251) (post: 0:21) (render: 87:10608) (0:786605 frames) (1:3319583)
D/SFPerfTracer(  274):        layers: (4:10) (DimLayer: 0:158)* (DimLayer: 0:134)* (FocusedStackFrame: 0:21983)* (StatusBar: 0:266097) (NavigationBar: 0:204418) (DimLayer: 0:25219)* (DimLayer: 0:4809)* (com.android.wallpaper.fall.FallWallpaper: 1:10912) (co.giftmeapp.gift_me/co.giftmeapp.gift_me.GiftMe: 0:24)* (Keyguard: 0:46) 
I/PowerManagerService( 1025): Nap time...
I/PowerManagerService( 1025): Going to sleep due to screen timeout...
I/ActivityManager( 1025): Start proc com.qualcomm.atfwd for service com.qualcomm.atfwd/.AtFwdService: pid=29257 uid=1000 gids={41000, 1028, 1015, 3002, 3001, 3003, 1021, 3004, 3005, 1000, 3009, 1023, 1010, 1004, 2002, 3006}
I/SFPerfTracer(  274):       trigger: vsync rate (-53.787%)	(27.728 vps)	(36.065 ms)* 	(223 drops)	(304 vsyncs)
I/SFPerfTracer(  274):      triggers: (rate: 1126:448191) (341335 sw vsyncs) (1049886 skipped) (304:3343140 vsyncs) (306:4192349)
I/PackageManager( 1025): Adding preferred activity ComponentInfo{com.android.mms/com.android.mms.ui.ComposeMessageActivity} for user 0 :
I/PackageManager( 1025): Adding preferred activity ComponentInfo{com.android.mms/com.android.mms.ui.ComposeMessageActivity} for user 0 :
I/PackageManager( 1025): Adding preferred activity ComponentInfo{com.android.mms/com.android.mms.ui.ComposeMessageActivity} for user 0 :
I/ActivityManager( 1025): Start proc com.android.vending for broadcast com.android.vending/com.google.android.finsky.receivers.PackageMonitorReceiver$RegisteredReceiver: pid=29290 uid=10039 gids={50039, 3003, 1028, 1015}
I/PackageManager( 1025): Adding preferred activity ComponentInfo{com.android.mms/com.android.mms.ui.ComposeMessageActivity} for user 0 :
I/PackageManager( 1025): Adding preferred activity ComponentInfo{com.android.mms/com.android.mms.ui.ComposeMessageActivity} for user 0 :
I/PackageManager( 1025): Adding preferred activity ComponentInfo{com.android.mms/com.android.mms.ui.ComposeMessageActivity} for user 0 :
I/PackageManager( 1025): Adding preferred activity ComponentInfo{com.android.mms/com.android.mms.ui.ComposeMessageActivity} for user 0 :
I/PackageManager( 1025): Adding preferred activity ComponentInfo{com.android.mms/com.android.mms.ui.ComposeMessageActivity} for user 0 :
I/ActivityManager( 1025): Process com.motorola.genie (pid 29093) has died.
V/AlarmManager( 1025): sending alarm Alarm{42a20690 type 2 com.facebook.katana}
V/AlarmManager( 1025): sending alarm Alarm{42a203a0 type 3 com.devexpert.weather}
V/AlarmManager( 1025): sending alarm Alarm{42a20270 type 0 com.google.android.googlequicksearchbox}
I/ActivityManager( 1025): Start proc com.google.android.googlequicksearchbox:search for service com.google.android.googlequicksearchbox/com.google.android.velvet.VelvetBackgroundTasksImpl$Service: pid=29338 uid=10045 gids={50045, 3003, 3001, 1028, 3002, 1015}
I/ActivityManager( 1025): Start proc com.motorola.MotGallery2 for broadcast com.motorola.MotGallery2/com.android.gallery3d.app.PackagesMonitor: pid=29359 uid=10034 gids={50034, 3003, 1028, 1015}
I/ActivityManager( 1025): Start proc com.google.android.partnersetup for content provider com.google.android.partnersetup/.RlzAppProvider: pid=29375 uid=10025 gids={50025, 3003}
I/ActivityManager( 1025): Process com.android.vending (pid 29290) has died.
I/ActivityManager( 1025): Start proc com.devexpert.weather for broadcast com.devexpert.weather/.view.WidgetWeather2x1: pid=29404 uid=10112 gids={50112, 3003, 1028, 1015}
W/ContextImpl( 1295): Calling a method in the system process without a qualified user: android.app.ContextImpl.startService:1608 android.content.ContextWrapper.startService:494 android.content.ContextWrapper.startService:494 com.motorola.motocare.internal.batterystats.BatteryStatsAction.onReceive:33 android.app.ActivityThread.handleReceiver:2434 
F/ProcessStats( 1025): Starting service ServiceState{42a5c010 com.viber.voip.api.billing.InAppBillingService pkg=com.viber.voip proc=42a5c010} without owner
F/ProcessStats( 1025): Starting service ServiceState{4210e678 com.viber.service.VoipConnectorService pkg=com.viber.voip proc=4210e678} without owner
F/ProcessStats( 1025): Starting service ServiceState{42c48c08 com.whatsapp.messaging.MessageService pkg=com.whatsapp proc=42c48c08} without owner
F/ProcessStats( 1025): Starting service ServiceState{43399718 com.paypal.android.p2pmobile.services.AtoService pkg=com.paypal.android.p2pmobile proc=43399718} without owner
F/ProcessStats( 1025): Starting service ServiceState{43231e48 com.paypal.android.p2pmobile.services.WalletService pkg=com.paypal.android.p2pmobile proc=43231e48} without owner
F/ProcessStats( 1025): Starting service ServiceState{42a4cec0 com.facebook.push.mqtt.service.MqttPushService pkg=com.facebook.katana proc=42a4cec0} without owner
F/ProcessStats( 1025): Starting service ServiceState{428fdff0 com.facebook.push.mqtt.service.MqttPushService pkg=com.facebook.orca proc=428fdff0} without owner
I/ActivityManager( 1025): Process com.google.android.partnersetup (pid 29375) has died.
F/ProcessStats( 1025): Starting service ServiceState{42a5c010 com.viber.voip.api.billing.InAppBillingService pkg=com.viber.voip proc=42a5c010} without owner
F/ProcessStats( 1025): Starting service ServiceState{4210e678 com.viber.service.VoipConnectorService pkg=com.viber.voip proc=4210e678} without owner
F/ProcessStats( 1025): Starting service ServiceState{42c48c08 com.whatsapp.messaging.MessageService pkg=com.whatsapp proc=42c48c08} without owner
F/ProcessStats( 1025): Starting service ServiceState{43399718 com.paypal.android.p2pmobile.services.AtoService pkg=com.paypal.android.p2pmobile proc=43399718} without owner
F/ProcessStats( 1025): Starting service ServiceState{43231e48 com.paypal.android.p2pmobile.services.WalletService pkg=com.paypal.android.p2pmobile proc=43231e48} without owner
F/ProcessStats( 1025): Starting service ServiceState{42a4cec0 com.facebook.push.mqtt.service.MqttPushService pkg=com.facebook.katana proc=42a4cec0} without owner
F/ProcessStats( 1025): Starting service ServiceState{428fdff0 com.facebook.push.mqtt.service.MqttPushService pkg=com.facebook.orca proc=428fdff0} without owner
W/ProcessCpuTracker( 1025): Skipping unknown process pid 29282
W/ProcessCpuTracker( 1025): Skipping unknown process pid 29283
W/ProcessCpuTracker( 1025): Skipping unknown process pid 29289
W/ProcessCpuTracker( 1025): Skipping unknown process pid 29302
W/ProcessCpuTracker( 1025): Skipping unknown process pid 29429
I/ActivityManager( 1025): Process com.motorola.MotGallery2 (pid 29359) has died.
I/ActivityManager( 1025): Process com.google.android.googlequicksearchbox:search (pid 29338) has died.
I/ActivityManager( 1025): Process com.devexpert.weather (pid 29404) has died.
I/ActivityManager( 1025): Start proc com.facebook.katana for service com.facebook.katana/com.facebook.push.mqtt.service.MqttPushService: pid=29432 uid=10110 gids={50110, 1028, 1015, 3003}
E/UsbDebuggingManager( 1025): got -1 reading
V/UsbDeviceManager( 1025): USB UEVENT: {USB_STATE=DISCONNECTED, SUBSYSTEM=android_usb, DEVPATH=/devices/virtual/android_usb/android0, SEQNUM=412428, ACTION=change}
E/UsbDebuggingManager( 1025): Communication error: 
E/UsbDebuggingManager( 1025): java.io.IOException: No such file or directory
E/UsbDebuggingManager( 1025): 	at android.net.LocalSocketImpl.connectLocal(Native Method)
E/UsbDebuggingManager( 1025): 	at android.net.LocalSocketImpl.connect(LocalSocketImpl.java:287)
E/UsbDebuggingManager( 1025): 	at android.net.LocalSocket.connect(LocalSocket.java:130)
E/UsbDebuggingManager( 1025): 	at com.android.server.usb.UsbDebuggingManager.listenToSocket(UsbDebuggingManager.java:75)
E/UsbDebuggingManager( 1025): 	at com.android.server.usb.UsbDebuggingManager.run(UsbDebuggingManager.java:111)
E/UsbDebuggingManager( 1025): 	at java.lang.Thread.run(Thread.java:841)
V/UsbDeviceManager( 1025): USB UEVENT: {USB_STATE=CONNECTED, SUBSYSTEM=android_usb, DEVPATH=/devices/virtual/android_usb/android0, SEQNUM=412431, ACTION=change}
D/UsbDeviceManager( 1025): broadcasting Intent { act=android.hardware.usb.action.USB_STATE flg=0x20000000 (has extras) } connected: true configured: false
V/UsbDeviceManager( 1025): USB UEVENT: {USB_STATE=DISCONNECTED, SUBSYSTEM=android_usb, DEVPATH=/devices/virtual/android_usb/android0, SEQNUM=412432, ACTION=change}
V/UsbDeviceManager( 1025): USB UEVENT: {USB_STATE=CONNECTED, SUBSYSTEM=android_usb, DEVPATH=/devices/virtual/android_usb/android0, SEQNUM=412433, ACTION=change}
D/UsbDeviceManager( 1025): broadcasting Intent { act=android.hardware.usb.action.USB_STATE flg=0x20000000 (has extras) } connected: true configured: false
V/UsbDeviceManager( 1025): USB UEVENT: {USB_STATE=CONFIGURED, SUBSYSTEM=android_usb, DEVPATH=/devices/virtual/android_usb/android0, SEQNUM=412435, ACTION=change}
D/UsbDeviceManager( 1025): broadcasting Intent { act=android.hardware.usb.action.USB_STATE flg=0x20000000 (has extras) } connected: true configured: true
D/WifiService( 1025): New client listening to asynchronous messages
W/BroadcastQueue( 1025): Permission Denial: broadcasting Intent { act=android.net.conn.INET_CONDITION_ACTION flg=0x4000010 (has extras) } from null (pid=-1, uid=-1) requires com.facebook.permission.prod.FB_APP_COMMUNICATION due to registered receiver BroadcastFilter{42d45c78 u0 ReceiverList{42c37620 29432 com.facebook.katana/10110/u0 remote:42b92628}}
W/BroadcastQueue( 1025): Permission Denial: broadcasting Intent { act=android.net.conn.CONNECTIVITY_CHANGE flg=0x4000010 (has extras) } from null (pid=-1, uid=-1) requires com.facebook.permission.prod.FB_APP_COMMUNICATION due to registered receiver BroadcastFilter{42d45c78 u0 ReceiverList{42c37620 29432 com.facebook.katana/10110/u0 remote:42b92628}}
W/BroadcastQueue( 1025): Permission Denial: broadcasting Intent { act=android.net.conn.CONNECTIVITY_CHANGE flg=0x4000010 (has extras) } from null (pid=-1, uid=-1) requires com.facebook.permission.prod.FB_APP_COMMUNICATION due to registered receiver BroadcastFilter{42c6e558 u0 ReceiverList{42b9aeb0 29432 com.facebook.katana/10110/u0 remote:429f8578}}
I/ActivityManager( 1025): Start proc com.facebook.orca for content provider com.facebook.orca/.notify.MessengerLoggedInUserProvider: pid=29537 uid=10147 gids={50147, 3003, 1028, 1015}
I/ActivityManager( 1025): Process com.google.android.gms.wearable (pid 28473) has died.
W/ActivityManager( 1025): Scheduling restart of crashed service com.google.android.gms/.wearable.service.WearableService in 1000ms
I/ActivityManager( 1025): Process com.google.android.music:main (pid 28626) has died.
W/ActivityManager( 1025): Service ServiceRecord{43e46fd0 u0 com.google.android.music/.download.artwork.ArtDownloadService} in process ProcessRecord{427c11d8 28626:com.google.android.music:main/u0a82} not same as in map: null
W/ActivityManager( 1025): Service ServiceRecord{43e43df0 u0 com.google.android.music/.download.cache.TrackCacheService} in process ProcessRecord{427c11d8 28626:com.google.android.music:main/u0a82} not same as in map: null
W/ActivityManager( 1025): Service ServiceRecord{43e1b7c0 u0 com.google.android.music/.download.TrackDownloadQueueService} in process ProcessRecord{427c11d8 28626:com.google.android.music:main/u0a82} not same as in map: null
W/ActivityManager( 1025): Scheduling restart of crashed service com.google.android.music/.wear.WearDataTransferConnectionService in 10964ms
W/ActivityManager( 1025): Service ServiceRecord{43961a18 u0 com.google.android.music/.net.NetworkMonitor} in process ProcessRecord{427c11d8 28626:com.google.android.music:main/u0a82} not same as in map: null
W/ActivityManager( 1025): Service ServiceRecord{4392fdd0 u0 com.google.android.music/.preferences.MusicPreferenceService$MusicPreferenceServiceBinder} in process ProcessRecord{427c11d8 28626:com.google.android.music:main/u0a82} not same as in map: null
W/ActivityManager( 1025): Scheduling restart of crashed service com.google.android.music/.playback.MusicPlaybackService in 20964ms
I/ActivityManager( 1025): Process com.rhmsoft.fm:service (pid 27893) has died.
W/ActivityManager( 1025): Scheduling restart of crashed service com.rhmsoft.fm/com.cleanmaster.fm.service.BackgroundService in 30923ms
I/ActivityManager( 1025): Process com.google.android.gms (pid 5063) has died.
W/ActivityManager( 1025): Scheduling restart of crashed service com.google.android.gms/.analytics.service.AnalyticsService in 40868ms
D/WifiService( 1025): Client connection lost with reason: 4
I/ActivityManager( 1025): Process com.bambuna.podcastaddict (pid 28683) has died.
W/ActivityManager( 1025): Scheduling restart of crashed service com.bambuna.podcastaddict/.service.PodcastAddictService in 50785ms
I/ActivityManager( 1025): Process com.mobisystems.ubreader_west (pid 27979) has died.
W/ActivityManager( 1025): Scheduling restart of crashed service com.mobisystems.ubreader_west/com.mobisystems.ubreader.launcher.service.NetworkService in 60477ms
I/ActivityManager( 1025): Start proc com.google.android.gms.wearable for service com.google.android.gms/.wearable.service.WearableService: pid=30238 uid=10022 gids={50022, 3003, 1007, 1028, 1015, 3002, 3001, 3007, 2001, 3006}
I/ActivityManager( 1025): Start proc com.google.android.gms for broadcast com.google.android.gms/.subscribedfeeds.ConfigurationReceiver: pid=30254 uid=10022 gids={50022, 3003, 1007, 1028, 1015, 3002, 3001, 3007, 2001, 3006}
W/BroadcastQueue( 1025): Permission Denial: broadcasting Intent { act=android.net.conn.INET_CONDITION_ACTION flg=0x4000010 (has extras) } from null (pid=-1, uid=-1) requires com.facebook.permission.prod.FB_APP_COMMUNICATION due to registered receiver BroadcastFilter{423bdcc8 u0 ReceiverList{42142b68 29537 com.facebook.orca/10147/u0 remote:422afe08}}
W/BroadcastQueue( 1025): Permission Denial: broadcasting Intent { act=android.net.conn.CONNECTIVITY_CHANGE flg=0x4000010 (has extras) } from null (pid=-1, uid=-1) requires com.facebook.permission.prod.FB_APP_COMMUNICATION due to registered receiver BroadcastFilter{423bdcc8 u0 ReceiverList{42142b68 29537 com.facebook.orca/10147/u0 remote:422afe08}}
W/BroadcastQueue( 1025): Permission Denial: broadcasting Intent { act=android.net.conn.CONNECTIVITY_CHANGE flg=0x4000010 (has extras) } from null (pid=-1, uid=-1) requires com.facebook.permission.prod.FB_APP_COMMUNICATION due to registered receiver BroadcastFilter{41fe23c8 u0 ReceiverList{41fd4dd0 29537 com.facebook.orca/10147/u0 remote:42b3a190}}
I/ActivityManager( 1025): Process android.process.media (pid 28208) has died.
W/ActivityManager( 1025): Scheduling restart of crashed service com.android.providers.media/.MtpService in 65341ms
I/ActivityManager( 1025): Process com.facebook.katana (pid 29432) has died.
D/WifiService( 1025): Client connection lost with reason: 4
W/ActivityManager( 1025): Scheduling restart of crashed service com.facebook.katana/com.facebook.push.mqtt.service.MqttPushService in 75290ms
I/ActivityManager( 1025): Start proc com.google.android.music:main for service com.google.android.music/.wear.WearDataTransferConnectionService: pid=31008 uid=10082 gids={50082, 3003, 1028, 1015}
W/Vold    (  261): Returning OperationFailed - no handler for errno 30
W/Vold    (  261): Returning OperationFailed - no handler for errno 30
W/Vold    (  261): Returning OperationFailed - no handler for errno 30
W/Vold    (  261): Returning OperationFailed - no handler for errno 30
W/Vold    (  261): Returning OperationFailed - no handler for errno 30
W/Vold    (  261): Returning OperationFailed - no handler for errno 30
W/Vold    (  261): Returning OperationFailed - no handler for errno 30
W/ContextImpl( 1295): Calling a method in the system process without a qualified user: android.app.ContextImpl.sendBroadcast:1252 android.content.ContextWrapper.sendBroadcast:365 com.motorola.motocare.util.TriggerHelper$TriggerBuilder.send:76 com.motorola.motocare.internal.frameworkevents.ProcessKillTrigger.sendTrigger:147 com.motorola.motocare.internal.frameworkevents.ProcessKillTrigger.handleLmkKill:337 
W/ContextImpl( 1295): Calling a method in the system process without a qualified user: android.app.ContextImpl.sendBroadcast:1252 android.content.ContextWrapper.sendBroadcast:365 com.motorola.motocare.util.TriggerHelper$TriggerBuilder.send:76 com.motorola.motocare.internal.frameworkevents.ProcessKillTrigger.sendTrigger:147 com.motorola.motocare.internal.frameworkevents.ProcessKillTrigger.handleLmkKill:337 
W/ContextImpl( 1295): Calling a method in the system process without a qualified user: android.app.ContextImpl.sendBroadcast:1252 android.content.ContextWrapper.sendBroadcast:365 com.motorola.motocare.util.TriggerHelper$TriggerBuilder.send:76 com.motorola.motocare.internal.frameworkevents.ProcessKillTrigger.sendTrigger:147 com.motorola.motocare.internal.frameworkevents.ProcessKillTrigger.handleLmkKill:337 
W/ContextImpl( 1295): Calling a method in the system process without a qualified user: android.app.ContextImpl.sendBroadcast:1252 android.content.ContextWrapper.sendBroadcast:365 com.motorola.motocare.util.TriggerHelper$TriggerBuilder.send:76 com.motorola.motocare.internal.frameworkevents.ProcessKillTrigger.sendTrigger:147 com.motorola.motocare.internal.frameworkevents.ProcessKillTrigger.handleLmkKill:337 
W/ContextImpl( 1295): Calling a method in the system process without a qualified user: android.app.ContextImpl.sendBroadcast:1252 android.content.ContextWrapper.sendBroadcast:365 com.motorola.motocare.util.TriggerHelper$TriggerBuilder.send:76 com.motorola.motocare.internal.frameworkevents.ProcessKillTrigger.sendTrigger:147 com.motorola.motocare.internal.frameworkevents.ProcessKillTrigger.handleLmkKill:337 
W/ContextImpl( 1295): Calling a method in the system process without a qualified user: android.app.ContextImpl.sendBroadcast:1252 android.content.ContextWrapper.sendBroadcast:365 com.motorola.motocare.util.TriggerHelper$TriggerBuilder.send:76 com.motorola.motocare.internal.frameworkevents.ProcessKillTrigger.sendTrigger:147 com.motorola.motocare.internal.frameworkevents.ProcessKillTrigger.handleLmkKill:337 
W/ContextImpl( 1295): Calling a method in the system process without a qualified user: android.app.ContextImpl.sendBroadcast:1252 android.content.ContextWrapper.sendBroadcast:365 com.motorola.motocare.util.TriggerHelper$TriggerBuilder.send:76 com.motorola.motocare.internal.frameworkevents.ProcessKillTrigger.sendTrigger:147 com.motorola.motocare.internal.frameworkevents.ProcessKillTrigger.handleLmkKill:337 
W/ContextImpl( 1295): Calling a method in the system process without a qualified user: android.app.ContextImpl.sendBroadcast:1252 android.content.ContextWrapper.sendBroadcast:365 com.motorola.motocare.util.TriggerHelper$TriggerBuilder.send:76 com.motorola.motocare.internal.frameworkevents.ProcessKillTrigger.sendTrigger:147 com.motorola.motocare.internal.frameworkevents.ProcessKillTrigger.handleLmkKill:337 
W/ContextImpl( 1295): Calling a method in the system process without a qualified user: android.app.ContextImpl.sendBroadcast:1252 android.content.ContextWrapper.sendBroadcast:365 com.motorola.motocare.util.TriggerHelper$TriggerBuilder.send:76 com.motorola.motocare.internal.frameworkevents.ProcessKillTrigger.sendTrigger:147 com.motorola.motocare.internal.frameworkevents.ProcessKillTrigger.handleLmkKill:337 
W/ContextImpl( 1295): Calling a method in the system process without a qualified user: android.app.ContextImpl.sendBroadcast:1252 android.content.ContextWrapper.sendBroadcast:365 com.motorola.motocare.util.TriggerHelper$TriggerBuilder.send:76 com.motorola.motocare.internal.frameworkevents.ProcessKillTrigger.sendTrigger:147 com.motorola.motocare.internal.frameworkevents.ProcessKillTrigger.handleLmkKill:337 
W/ContextImpl( 1295): Calling a method in the system process without a qualified user: android.app.ContextImpl.sendBroadcast:1252 android.content.ContextWrapper.sendBroadcast:365 com.motorola.motocare.util.TriggerHelper$TriggerBuilder.send:76 com.motorola.motocare.internal.frameworkevents.ProcessKillTrigger.sendTrigger:147 com.motorola.motocare.internal.frameworkevents.ProcessKillTrigger.handleLmkKill:337 
W/ContextImpl( 1295): Calling a method in the system process without a qualified user: android.app.ContextImpl.sendBroadcast:1252 android.content.ContextWrapper.sendBroadcast:365 com.motorola.motocare.util.TriggerHelper$TriggerBuilder.send:76 com.motorola.motocare.internal.frameworkevents.ProcessKillTrigger.sendTrigger:147 com.motorola.motocare.internal.frameworkevents.ProcessKillTrigger.handleLmkKill:337 
W/ContextImpl( 1295): Calling a method in the system process without a qualified user: android.app.ContextImpl.sendBroadcast:1252 android.content.ContextWrapper.sendBroadcast:365 com.motorola.motocare.util.TriggerHelper$TriggerBuilder.send:76 com.motorola.motocare.internal.frameworkevents.ProcessKillTrigger.sendTrigger:147 com.motorola.motocare.internal.frameworkevents.ProcessKillTrigger.handleLmkKill:337 
W/ContextImpl( 1295): Calling a method in the system process without a qualified user: android.app.ContextImpl.sendBroadcast:1252 android.content.ContextWrapper.sendBroadcast:365 com.motorola.motocare.util.TriggerHelper$TriggerBuilder.send:76 com.motorola.motocare.internal.frameworkevents.ProcessKillTrigger.sendTrigger:147 com.motorola.motocare.internal.frameworkevents.ProcessKillTrigger.handleLmkKill:337 
W/ContextImpl( 1295): Calling a method in the system process without a qualified user: android.app.ContextImpl.sendBroadcast:1252 android.content.ContextWrapper.sendBroadcast:365 com.motorola.motocare.util.TriggerHelper$TriggerBuilder.send:76 com.motorola.motocare.internal.frameworkevents.ProcessKillTrigger.sendTrigger:147 com.motorola.motocare.internal.frameworkevents.ProcessKillTrigger.handleLmkKill:337 
W/ContextImpl( 1295): Calling a method in the system process without a qualified user: android.app.ContextImpl.sendBroadcast:1252 android.content.ContextWrapper.sendBroadcast:365 com.motorola.motocare.util.TriggerHelper$TriggerBuilder.send:76 com.motorola.motocare.internal.frameworkevents.ProcessKillTrigger.sendTrigger:147 com.motorola.motocare.internal.frameworkevents.ProcessKillTrigger.handleLmkKill:337 
W/ContextImpl( 1295): Calling a method in the system process without a qualified user: android.app.ContextImpl.sendBroadcast:1252 android.content.ContextWrapper.sendBroadcast:365 com.motorola.motocare.util.TriggerHelper$TriggerBuilder.send:76 com.motorola.motocare.internal.frameworkevents.ProcessKillTrigger.sendTrigger:147 com.motorola.motocare.internal.frameworkevents.ProcessKillTrigger.handleLmkKill:337 
W/ContextImpl( 1295): Calling a method in the system process without a qualified user: android.app.ContextImpl.sendBroadcast:1252 android.content.ContextWrapper.sendBroadcast:365 com.motorola.motocare.util.TriggerHelper$TriggerBuilder.send:76 com.motorola.motocare.internal.frameworkevents.ProcessKillTrigger.sendTrigger:147 com.motorola.motocare.internal.frameworkevents.ProcessKillTrigger.handleLmkKill:337 
W/ContextImpl( 1295): Calling a method in the system process without a qualified user: android.app.ContextImpl.sendBroadcast:1252 android.content.ContextWrapper.sendBroadcast:365 com.motorola.motocare.util.TriggerHelper$TriggerBuilder.send:76 com.motorola.motocare.internal.frameworkevents.ProcessKillTrigger.sendTrigger:147 com.motorola.motocare.internal.frameworkevents.ProcessKillTrigger.handleLmkKill:337 
W/ContextImpl( 1295): Calling a method in the system process without a qualified user: android.app.ContextImpl.sendBroadcast:1252 android.content.ContextWrapper.sendBroadcast:365 com.motorola.motocare.util.TriggerHelper$TriggerBuilder.send:76 com.motorola.motocare.internal.frameworkevents.ProcessKillTrigger.sendTrigger:147 com.motorola.motocare.internal.frameworkevents.ProcessKillTrigger.handleLmkKill:337 
W/ContextImpl( 1295): Calling a method in the system process without a qualified user: android.app.ContextImpl.sendBroadcast:1252 android.content.ContextWrapper.sendBroadcast:365 com.motorola.motocare.util.TriggerHelper$TriggerBuilder.send:76 com.motorola.motocare.internal.frameworkevents.ProcessKillTrigger.sendTrigger:147 com.motorola.motocare.internal.frameworkevents.ProcessKillTrigger.handleLmkKill:337 
W/ContextImpl( 1295): Calling a method in the system process without a qualified user: android.app.ContextImpl.sendBroadcast:1252 android.content.ContextWrapper.sendBroadcast:365 com.motorola.motocare.util.TriggerHelper$TriggerBuilder.send:76 com.motorola.motocare.internal.frameworkevents.ProcessKillTrigger.sendTrigger:147 com.motorola.motocare.internal.frameworkevents.ProcessKillTrigger.handleLmkKill:337 
W/ContextImpl( 1295): Calling a method in the system process without a qualified user: android.app.ContextImpl.sendBroadcast:1252 android.content.ContextWrapper.sendBroadcast:365 com.motorola.motocare.util.TriggerHelper$TriggerBuilder.send:76 com.motorola.motocare.internal.frameworkevents.ProcessKillTrigger.sendTrigger:147 com.motorola.motocare.internal.frameworkevents.ProcessKillTrigger.handleLmkKill:337 
W/ContextImpl( 1295): Calling a method in the system process without a qualified user: android.app.ContextImpl.sendBroadcast:1252 android.content.ContextWrapper.sendBroadcast:365 com.motorola.motocare.util.TriggerHelper$TriggerBuilder.send:76 com.motorola.motocare.internal.frameworkevents.ProcessKillTrigger.sendTrigger:147 com.motorola.motocare.internal.frameworkevents.ProcessKillTrigger.handleLmkKill:337 
W/ContextImpl( 1295): Calling a method in the system process without a qualified user: android.app.ContextImpl.sendBroadcast:1252 android.content.ContextWrapper.sendBroadcast:365 com.motorola.motocare.util.TriggerHelper$TriggerBuilder.send:76 com.motorola.motocare.internal.frameworkevents.ProcessKillTrigger.sendTrigger:147 com.motorola.motocare.internal.frameworkevents.ProcessKillTrigger.handleLmkKill:337 
W/ContextImpl( 1295): Calling a method in the system process without a qualified user: android.app.ContextImpl.sendBroadcast:1252 android.content.ContextWrapper.sendBroadcast:365 com.motorola.motocare.util.TriggerHelper$TriggerBuilder.send:76 com.motorola.motocare.internal.frameworkevents.ProcessKillTrigger.sendTrigger:147 com.motorola.motocare.internal.frameworkevents.ProcessKillTrigger.handleLmkKill:337 
W/ContextImpl( 1295): Calling a method in the system process without a qualified user: android.app.ContextImpl.sendBroadcast:1252 android.content.ContextWrapper.sendBroadcast:365 com.motorola.motocare.util.TriggerHelper$TriggerBuilder.send:76 com.motorola.motocare.internal.frameworkevents.ProcessKillTrigger.sendTrigger:147 com.motorola.motocare.internal.frameworkevents.ProcessKillTrigger.handleLmkKill:337 
W/ContextImpl( 1295): Calling a method in the system process without a qualified user: android.app.ContextImpl.sendBroadcast:1252 android.content.ContextWrapper.sendBroadcast:365 com.motorola.motocare.util.TriggerHelper$TriggerBuilder.send:76 com.motorola.motocare.internal.frameworkevents.ProcessKillTrigger.sendTrigger:147 com.motorola.motocare.internal.frameworkevents.ProcessKillTrigger.handleLmkKill:337 
W/ContextImpl( 1295): Calling a method in the system process without a qualified user: android.app.ContextImpl.sendBroadcast:1252 android.content.ContextWrapper.sendBroadcast:365 com.motorola.motocare.util.TriggerHelper$TriggerBuilder.send:76 com.motorola.motocare.internal.frameworkevents.ProcessKillTrigger.sendTrigger:147 com.motorola.motocare.internal.frameworkevents.ProcessKillTrigger.handleLmkKill:337 
W/ContextImpl( 1295): Calling a method in the system process without a qualified user: android.app.ContextImpl.sendBroadcast:1252 android.content.ContextWrapper.sendBroadcast:365 com.motorola.motocare.util.TriggerHelper$TriggerBuilder.send:76 com.motorola.motocare.internal.frameworkevents.ProcessKillTrigger.sendTrigger:147 com.motorola.motocare.internal.frameworkevents.ProcessKillTrigger.handleLmkKill:337 
W/ContextImpl( 1295): Calling a method in the system process without a qualified user: android.app.ContextImpl.sendBroadcast:1252 android.content.ContextWrapper.sendBroadcast:365 com.motorola.motocare.util.TriggerHelper$TriggerBuilder.send:76 com.motorola.motocare.internal.frameworkevents.ProcessKillTrigger.sendTrigger:147 com.motorola.motocare.internal.frameworkevents.ProcessKillTrigger.handleLmkKill:337 
W/ContextImpl( 1295): Calling a method in the system process without a qualified user: android.app.ContextImpl.sendBroadcast:1252 android.content.ContextWrapper.sendBroadcast:365 com.motorola.motocare.util.TriggerHelper$TriggerBuilder.send:76 com.motorola.motocare.internal.frameworkevents.ProcessKillTrigger.sendTrigger:147 com.motorola.motocare.internal.frameworkevents.ProcessKillTrigger.handleLmkKill:337 
W/ContextImpl( 1295): Calling a method in the system process without a qualified user: android.app.ContextImpl.sendBroadcast:1252 android.content.ContextWrapper.sendBroadcast:365 com.motorola.motocare.util.TriggerHelper$TriggerBuilder.send:76 com.motorola.motocare.internal.frameworkevents.ProcessKillTrigger.sendTrigger:147 com.motorola.motocare.internal.frameworkevents.ProcessKillTrigger.handleLmkKill:337 
W/ContextImpl( 1295): Calling a method in the system process without a qualified user: android.app.ContextImpl.sendBroadcast:1252 android.content.ContextWrapper.sendBroadcast:365 com.motorola.motocare.util.TriggerHelper$TriggerBuilder.send:76 com.motorola.motocare.internal.frameworkevents.ProcessKillTrigger.sendTrigger:147 com.motorola.motocare.internal.frameworkevents.ProcessKillTrigger.handleLmkKill:337 
W/ContextImpl( 1295): Calling a method in the system process without a qualified user: android.app.ContextImpl.sendBroadcast:1252 android.content.ContextWrapper.sendBroadcast:365 com.motorola.motocare.util.TriggerHelper$TriggerBuilder.send:76 com.motorola.motocare.internal.frameworkevents.ProcessKillTrigger.sendTrigger:147 com.motorola.motocare.internal.frameworkevents.ProcessKillTrigger.handleLmkKill:337 
I/ActivityManager( 1025): Start proc com.rhmsoft.fm:service for service com.rhmsoft.fm/com.cleanmaster.fm.service.BackgroundService: pid=31098 uid=10105 gids={50105, 3003, 1028, 1015}
V/AlarmManager( 1025): sending alarm Alarm{43493620 type 3 android}
I/ActivityManager( 1025): Start proc com.bambuna.podcastaddict for service com.bambuna.podcastaddict/.service.PodcastAddictService: pid=31158 uid=10113 gids={50113, 3003, 1028, 1015, 3002}
W/Vold    (  261): Returning OperationFailed - no handler for errno 30
V/AlarmManager( 1025): sending alarm Alarm{4341f330 type 2 com.facebook.katana}
V/AlarmManager( 1025): sending alarm Alarm{4341f1d8 type 2 com.facebook.orca}
V/AlarmManager( 1025): sending alarm Alarm{43413108 type 3 com.devexpert.weather}
V/AlarmManager( 1025): sending alarm Alarm{43412c40 type 2 com.google.android.apps.maps}
I/ActivityManager( 1025): Start proc com.google.android.apps.maps for service com.google.android.apps.maps/com.google.android.apps.gmm.prefetch.PrefetcherService: pid=31240 uid=10064 gids={50064, 3003, 1028, 1015, 3002, 3001}
V/AlarmManager( 1025): sending alarm Alarm{433f5478 type 0 com.rhmsoft.fm}
V/AlarmManager( 1025): sending alarm Alarm{434a88f8 type 1 com.rhmsoft.fm}
I/ActivityManager( 1025): Start proc com.devexpert.weather for broadcast com.devexpert.weather/.view.WidgetWeather2x1: pid=31253 uid=10112 gids={50112, 3003, 1028, 1015}
I/ActivityManager( 1025): Process com.devexpert.weather (pid 31253) has died.
W/ActivityThread(31240): ClassLoader.loadClass: The class loader returned by Thread.getContextClassLoader() may fail for processes that host multiple applications. You should explicitly specify a context class loader. For example: Thread.setContextClassLoader(getClass().getClassLoader());
D/WifiService( 1025): New client listening to asynchronous messages
D/WifiService( 1025): New client listening to asynchronous messages
I/ActivityManager( 1025): Start proc com.mobisystems.ubreader_west for service com.mobisystems.ubreader_west/com.mobisystems.ubreader.launcher.service.NetworkService: pid=31324 uid=10117 gids={50117, 3003, 1028, 1015}
V/UsbDeviceManager( 1025): USB UEVENT: {USB_STATE=DISCONNECTED, SUBSYSTEM=android_usb, DEVPATH=/devices/virtual/android_usb/android0, SEQNUM=412491, ACTION=change}
E/UsbDebuggingManager( 1025): got -1 reading
E/UsbDebuggingManager( 1025): Communication error: 
E/UsbDebuggingManager( 1025): java.io.IOException: No such file or directory
E/UsbDebuggingManager( 1025): 	at android.net.LocalSocketImpl.connectLocal(Native Method)
E/UsbDebuggingManager( 1025): 	at android.net.LocalSocketImpl.connect(LocalSocketImpl.java:287)
E/UsbDebuggingManager( 1025): 	at android.net.LocalSocket.connect(LocalSocket.java:130)
E/UsbDebuggingManager( 1025): 	at com.android.server.usb.UsbDebuggingManager.listenToSocket(UsbDebuggingManager.java:75)
E/UsbDebuggingManager( 1025): 	at com.android.server.usb.UsbDebuggingManager.run(UsbDebuggingManager.java:111)
E/UsbDebuggingManager( 1025): 	at java.lang.Thread.run(Thread.java:841)
I/PowerManagerService( 1025): Waking up from sleep...
I/ActivityManager( 1025): Start proc com.google.android.apps.uploader for broadcast com.google.android.apps.uploader/com.google.android.picasasync.BatteryReceiver: pid=31372 uid=10079 gids={50079, 3003, 1028, 1015}
D/WifiService( 1025): Client connection lost with reason: 4
I/WindowManager( 1025): Lock screen displayed!
I/ActivityManager( 1025): Process com.google.android.apps.maps (pid 31240) has died.
D/DisplayPowerController( 1025): Unblocked screen on after 1524749915 ms
I/ActivityManager( 1025): Process com.google.android.apps.uploader (pid 31372) has died.
I/ActivityManager( 1025): Start proc com.motorola.genie for broadcast com.motorola.genie/.prefetch.PowerStatusReceiver: pid=31406 uid=10026 gids={50026, 3003, 1028, 1015}
I/SFPerfTracer(  274):      triggers: (rate: 1126:448191) (341422 sw vsyncs) (1049920 skipped) (4:3343151 vsyncs) (6:4192452)
I/ActivityManager( 1025): Start proc com.motorola.contextual.smartrules2 for broadcast com.motorola.contextual.smartrules2/com.motorola.batterysaverlib.BatteryNotificationReceiver: pid=31433 uid=10035 gids={50035, 3003, 1028, 1015, 3001, 3002}
I/ActivityManager( 1025): Start proc com.motorola.MotGallery2 for broadcast com.motorola.MotGallery2/com.viewdle.receivers.PowerConnectedReceiver: pid=31449 uid=10034 gids={50034, 3003, 1028, 1015}
I/ActivityManager( 1025): Process com.motorola.genie (pid 31406) has died.
D/UsbDeviceManager( 1025): setEnabledFunctions mtp,adb makeDefault: false
D/UsbDeviceManager( 1025): broadcasting Intent { act=android.hardware.usb.action.USB_STATE flg=0x20000000 (has extras) } connected: false configured: false
I/ActivityManager( 1025): Start proc android.process.media for content provider com.android.providers.media/.MediaProvider: pid=31463 uid=10018 gids={50018, 1028, 1015, 1023, 1024, 2001, 3003, 3007}
I/ActivityManager( 1025): Start proc com.android.chrome for broadcast com.android.chrome/com.google.android.apps.chrome.precache.PrecacheServiceLauncher: pid=31474 uid=10057 gids={50057, 3003, 1028, 1015}
I/ActivityManager( 1025): Process com.motorola.contextual.smartrules2 (pid 31433) has died.
I/ActivityManager( 1025): Process com.motorola.MotGallery2 (pid 31449) has died.
W/ContextImpl( 1295): Calling a method in the system process without a qualified user: android.app.ContextImpl.startService:1608 android.content.ContextWrapper.startService:494 android.content.ContextWrapper.startService:494 com.motorola.motocare.internal.batterystats.BatteryStatsAction.onReceive:33 android.app.ActivityThread.handleReceiver:2434 
I/ActivityManager( 1025): Process com.android.chrome (pid 31474) has died.
W/BroadcastQueue( 1025): Permission Denial: broadcasting Intent { act=com.motorola.cce.Actions.CCE_SEND_SETTINGS flg=0x10 (has extras) } from com.motorola.genie (pid=31406, uid=10026) is not exported from uid 10034 due to receiver com.motorola.MotGallery2/com.motorola.blur.service.blur.SharedSettingsReceiver
I/openssl (31463): Crypto mode not selected, openssl will run on its regular mode.
I/openssl (31463): Crypto mode 0 already enabled
I/ActivityManager( 1025): Start proc com.google.android.googlequicksearchbox:search for broadcast com.google.android.googlequicksearchbox/com.google.android.search.core.UdcSettingBroadcastReceiver: pid=31497 uid=10045 gids={50045, 3003, 3001, 1028, 3002, 1015}
I/ActivityManager( 1025): Start proc com.google.android.partnersetup for content provider com.google.android.partnersetup/.RlzAppProvider: pid=31514 uid=10025 gids={50025, 3003}
I/ActivityManager( 1025): Process android.process.media (pid 31463) has died.
I/ActivityManager( 1025): Start proc com.google.android.apps.maps for broadcast com.google.android.apps.maps/com.google.android.apps.gmm.iamhere.ble.StartBleServiceReceiver: pid=31531 uid=10064 gids={50064, 3003, 1028, 1015, 3002, 3001}
I/ActivityManager( 1025): Process com.facebook.orca (pid 29537) has died.
W/ActivityManager( 1025): Scheduling restart of crashed service com.facebook.orca/com.facebook.push.mqtt.service.MqttPushService in 1000ms
I/SFPerfTracer(  274):      triggers: (rate: 1254:49972) (compose: 0:251) (post: 0:21) (render: 87:10608) (55:786690 frames) (56:3319697)
D/SFPerfTracer(  274):        layers: (4:11) (DimLayer: 0:158)* (DimLayer: 0:134)* (FocusedStackFrame: 0:21983)* (StatusBar: 1:266102) (NavigationBar: 0:204420) (DimLayer: 0:25219)* (DimLayer: 0:4809)* (com.android.wallpaper.fall.FallWallpaper: 16:10965) (co.giftmeapp.gift_me/co.giftmeapp.gift_me.GiftMe: 0:25)* (Keyguard: 49:98) (ElectronBeam: 0:23)* 
W/ActivityThread(31531): ClassLoader.loadClass: The class loader returned by Thread.getContextClassLoader() may fail for processes that host multiple applications. You should explicitly specify a context class loader. For example: Thread.setContextClassLoader(getClass().getClassLoader());
W/ContextImpl( 1295): Calling a method in the system process without a qualified user: android.app.ContextImpl.startService:1608 android.content.ContextWrapper.startService:494 android.content.ContextWrapper.startService:494 com.motorola.motocare.internal.batterystats.BatteryStatsAction.onReceive:33 android.app.ActivityThread.handleReceiver:2434 
I/ActivityManager( 1025): Start proc com.facebook.orca for service com.facebook.orca/com.facebook.push.mqtt.service.MqttPushService: pid=31570 uid=10147 gids={50147, 3003, 1028, 1015}
I/ActivityManager( 1025): Process com.google.android.googlequicksearchbox:search (pid 31497) has died.
V/UsbDeviceManager( 1025): USB UEVENT: {USB_STATE=CONNECTED, SUBSYSTEM=android_usb, DEVPATH=/devices/virtual/android_usb/android0, SEQNUM=412506, ACTION=change}
V/UsbDeviceManager( 1025): USB UEVENT: {USB_STATE=DISCONNECTED, SUBSYSTEM=android_usb, DEVPATH=/devices/virtual/android_usb/android0, SEQNUM=412507, ACTION=change}
D/UsbDeviceManager( 1025): broadcasting Intent { act=android.hardware.usb.action.USB_STATE flg=0x20000000 (has extras) } connected: true configured: false
I/ActivityManager( 1025): Start proc android.process.media for broadcast com.android.providers.media/.MtpReceiver: pid=31616 uid=10018 gids={50018, 1028, 1015, 1023, 1024, 2001, 3003, 3007}
V/UsbDeviceManager( 1025): USB UEVENT: {USB_STATE=CONNECTED, SUBSYSTEM=android_usb, DEVPATH=/devices/virtual/android_usb/android0, SEQNUM=412510, ACTION=change}
D/UsbDeviceManager( 1025): broadcasting Intent { act=android.hardware.usb.action.USB_STATE flg=0x20000000 (has extras) } connected: true configured: false
I/openssl (31616): Crypto mode not selected, openssl will run on its regular mode.
I/openssl (31616): Crypto mode 0 already enabled
V/UsbDeviceManager( 1025): USB UEVENT: {USB_STATE=CONFIGURED, SUBSYSTEM=android_usb, DEVPATH=/devices/virtual/android_usb/android0, SEQNUM=412512, ACTION=change}
D/UsbDeviceManager( 1025): broadcasting Intent { act=android.hardware.usb.action.USB_STATE flg=0x20000000 (has extras) } connected: true configured: true
I/EntropyMixer( 1025): Writing entropy...
I/ActivityManager( 1025): Start proc com.google.android.apps.uploader for broadcast com.google.android.apps.uploader/com.google.android.picasasync.BatteryReceiver: pid=31641 uid=10079 gids={50079, 3003, 1028, 1015}
I/ActivityManager( 1025): Process com.google.android.partnersetup (pid 31514) has died.
I/ActivityManager( 1025): Process com.google.android.apps.maps (pid 31531) has died.
I/ActivityManager( 1025): Start proc com.motorola.genie for broadcast com.motorola.genie/.prefetch.PowerStatusReceiver: pid=31668 uid=10026 gids={50026, 3003, 1028, 1015}
I/ActivityManager( 1025): Start proc com.motorola.contextual.smartrules2 for broadcast com.motorola.contextual.smartrules2/com.motorola.batterysaverlib.BatteryNotificationReceiver: pid=31692 uid=10035 gids={50035, 3003, 1028, 1015, 3001, 3002}
I/ActivityManager( 1025): Start proc com.motorola.MotGallery2 for broadcast com.motorola.MotGallery2/com.viewdle.receivers.PowerConnectedReceiver: pid=31709 uid=10034 gids={50034, 3003, 1028, 1015}
I/ActivityManager( 1025): Process com.google.android.apps.uploader (pid 31641) has died.
I/ActivityManager( 1025): Start proc com.android.chrome for broadcast com.android.chrome/com.google.android.apps.chrome.precache.PrecacheServiceLauncher: pid=31722 uid=10057 gids={50057, 3003, 1028, 1015}
I/ActivityManager( 1025): Process com.motorola.contextual.smartrules2 (pid 31692) has died.
I/ActivityManager( 1025): Process com.motorola.MotGallery2 (pid 31709) has died.
I/ActivityManager( 1025): Process com.facebook.orca (pid 31570) has died.
W/ActivityManager( 1025): Scheduling restart of crashed service com.facebook.orca/com.facebook.push.mqtt.service.MqttPushService in 23162ms
I/ActivityManager( 1025): Process com.google.android.gms.wearable (pid 30238) has died.
W/ActivityManager( 1025): Scheduling restart of crashed service com.google.android.gms/.wearable.service.WearableService in 1000ms
I/ActivityManager( 1025): Start proc com.facebook.katana for broadcast com.facebook.katana/com.facebook.vault.service.VaultPowerConnectionReceiver: pid=31736 uid=10110 gids={50110, 1028, 1015, 3003}
I/ActivityManager( 1025): Process com.android.chrome (pid 31722) has died.
D/WifiService( 1025): New client listening to asynchronous messages
I/ActivityManager( 1025): Start proc com.google.android.gms.wearable for service com.google.android.gms/.wearable.service.WearableService: pid=31765 uid=10022 gids={50022, 3003, 1007, 1028, 1015, 3002, 3001, 3007, 2001, 3006}
W/ContextImpl( 1295): Calling a method in the system process without a qualified user: android.app.ContextImpl.startService:1608 android.content.ContextWrapper.startService:494 android.content.ContextWrapper.startService:494 com.motorola.motocare.internal.batterystats.BatteryStatsAction.onReceive:33 android.app.ActivityThread.handleReceiver:2434 
W/BroadcastQueue( 1025): Permission Denial: broadcasting Intent { act=com.motorola.cce.Actions.CCE_SEND_SETTINGS flg=0x10 (has extras) } from com.motorola.genie (pid=31668, uid=10026) is not exported from uid 10034 due to receiver com.motorola.MotGallery2/com.motorola.blur.service.blur.SharedSettingsReceiver
W/ContextImpl( 1295): Calling a method in the system process without a qualified user: android.app.ContextImpl.startService:1608 android.content.ContextWrapper.startService:494 android.content.ContextWrapper.startService:494 com.motorola.contextual.fw.actions.StatefulActionHelper.registerForSettingChanges:81 com.motorola.contextual.fw.actions.Sync.registerForSettingChanges:214 
W/ContextImpl( 1295): Calling a method in the system process without a qualified user: android.app.ContextImpl.startService:1608 android.content.ContextWrapper.startService:494 android.content.ContextWrapper.startService:494 com.motorola.contextual.fw.actions.Utils.writeToDebugService:174 com.motorola.contextual.fw.actions.StatefulAction.setState:261 
W/ContextImpl( 1295): Calling a method in the system process without a qualified user: android.app.ContextImpl.startService:1608 android.content.ContextWrapper.startService:494 android.content.ContextWrapper.startService:494 com.motorola.contextual.fw.actions.Utils.writeToDebugService:174 com.motorola.contextual.fw.actions.StatefulAction.setState:278 
W/ContextImpl( 1295): Calling a method in the system process without a qualified user: android.app.ContextImpl.sendBroadcast:1252 android.content.ContextWrapper.sendBroadcast:365 android.content.ContextWrapper.sendBroadcast:365 com.motorola.contextual.fw.actions.ActionReceiver.onReceive:80 android.app.ActivityThread.handleReceiver:2434 
I/ActivityManager( 1025): Start proc com.motorola.contextual.smartrules2 for broadcast com.motorola.contextual.smartrules2/com.motorola.checkin.AnalyticsReceiver: pid=31803 uid=10035 gids={50035, 3003, 1028, 1015, 3001, 3002}
E/ActivityThread( 1295): Failed to find provider info for com.motorola.contextual.analytics
E/ActivityThread( 1295): Failed to find provider info for com.motorola.contextual.analytics
I/ActivityManager( 1025): Start proc com.google.android.googlequicksearchbox:search for broadcast com.google.android.googlequicksearchbox/com.google.android.search.core.UdcSettingBroadcastReceiver: pid=31826 uid=10045 gids={50045, 3003, 3001, 1028, 3002, 1015}
I/SFPerfTracer(  274):      triggers: (rate: 1254:49978) (compose: 0:251) (post: 0:21) (render: 87:10608) (0:786731 frames) (1:3319797)
D/SFPerfTracer(  274):        layers: (4:10) (DimLayer: 0:158)* (DimLayer: 0:134)* (FocusedStackFrame: 0:21983)* (StatusBar: 0:266139) (NavigationBar: 0:204420) (DimLayer: 0:25219)* (DimLayer: 0:4809)* (com.android.wallpaper.fall.FallWallpaper: 1:11037) (co.giftmeapp.gift_me/co.giftmeapp.gift_me.GiftMe: 0:25)* (Keyguard: 0:100) 
I/ActivityManager( 1025): Start proc com.google.android.partnersetup for content provider com.google.android.partnersetup/.RlzAppProvider: pid=31849 uid=10025 gids={50025, 3003}
I/ActivityManager( 1025): Process com.motorola.contextual.smartrules2 (pid 31803) has died.
I/ActivityManager( 1025): Start proc com.google.android.apps.maps for broadcast com.google.android.apps.maps/com.google.android.apps.gmm.iamhere.ble.StartBleServiceReceiver: pid=31870 uid=10064 gids={50064, 3003, 1028, 1015, 3002, 3001}
I/ActivityManager( 1025): Process com.google.android.googlequicksearchbox:search (pid 31826) has died.
I/ActivityManager( 1025): Process com.google.android.partnersetup (pid 31849) has died.
I/ActivityManager( 1025): Process com.google.android.apps.maps (pid 31870) has died.
I/ActivityManager( 1025): Process com.rhmsoft.fm:service (pid 31098) has died.
W/ActivityManager( 1025): Scheduling restart of crashed service com.rhmsoft.fm/com.cleanmaster.fm.service.BackgroundService in 123692ms
I/ActivityManager( 1025): Process com.motorola.genie (pid 31668) has died.
W/BroadcastQueue( 1025): Permission Denial: broadcasting Intent { act=android.net.conn.INET_CONDITION_ACTION flg=0x4000010 (has extras) } from null (pid=-1, uid=-1) requires com.facebook.permission.prod.FB_APP_COMMUNICATION due to registered receiver BroadcastFilter{42c4a248 u0 ReceiverList{4322f618 31736 com.facebook.katana/10110/u0 remote:4298acc0}}
W/BroadcastQueue( 1025): Permission Denial: broadcasting Intent { act=android.net.conn.CONNECTIVITY_CHANGE flg=0x4000010 (has extras) } from null (pid=-1, uid=-1) requires com.facebook.permission.prod.FB_APP_COMMUNICATION due to registered receiver BroadcastFilter{42c4a248 u0 ReceiverList{4322f618 31736 com.facebook.katana/10110/u0 remote:4298acc0}}
I/SFPerfTracer(  274):      triggers: (rate: 1254:49979) (compose: 0:251) (post: 0:21) (render: 87:10608) (35:786801 frames) (36:3319914)
D/SFPerfTracer(  274):        layers: (4:10) (DimLayer: 0:158)* (DimLayer: 0:134)* (FocusedStackFrame: 0:21983)* (StatusBar: 34:266207) (NavigationBar: 0:204420) (DimLayer: 0:25219)* (DimLayer: 0:4809)* (com.android.wallpaper.fall.FallWallpaper: 10:11102) (co.giftmeapp.gift_me/co.giftmeapp.gift_me.GiftMe: 0:25)* (Keyguard: 0:100) 
