V/DexLibLoader(27166): Secondary program dex metadata: secondary-3.dex.jar.xz e8acf246c92474061a3e0f7dafec5559e33da2c5 secondary.dex03.Canary
V/DexLibLoader(27166): Secondary program dex metadata: secondary-4.dex.jar.xz 1d7a13e77be07efb41a2c80160a9aec6fff27ad1 secondary.dex04.Canary
V/DexLibLoader(27166): Secondary program dex metadata: secondary-5.dex.jar.xz 42761fa3dedc1f1a9503bece4f2db80adf01f775 secondary.dex05.Canary
V/DexLibLoader(27166): Secondary program dex metadata: secondary-6.dex.jar.xz 1b4455e1ba1ff38a86723e24cd334fa1062519f1 secondary.dex06.Canary
V/DexLibLoader(27166): Secondary program dex metadata: secondary-7.dex.jar.xz a54de6ef97459e1e5b5c8f874a889a38965d3446 secondary.dex07.Canary
V/DexLibLoader(27166): directory "/data/user/0/com.facebook.katana/app_secondary_program_dex" contains "program-15ef54b77950d1e6c1cbc3342a20571a9fd8050d6661a1c7.dex.jar" as expected
V/DexLibLoader(27166): directory "/data/user/0/com.facebook.katana/app_secondary_program_dex" contains "program-14bcaeed5ad488eaf139a59d22cf00efbde5948b6661a1c7.dex.jar" as expected
V/DexLibLoader(27166): directory "/data/user/0/com.facebook.katana/app_secondary_program_dex" contains "program-e8acf246c92474061a3e0f7dafec5559e33da2c56661a1c7.dex.jar" as expected
V/DexLibLoader(27166): directory "/data/user/0/com.facebook.katana/app_secondary_program_dex" contains "program-1d7a13e77be07efb41a2c80160a9aec6fff27ad16661a1c7.dex.jar" as expected
V/DexLibLoader(27166): directory "/data/user/0/com.facebook.katana/app_secondary_program_dex" contains "program-42761fa3dedc1f1a9503bece4f2db80adf01f7756661a1c7.dex.jar" as expected
V/DexLibLoader(27166): directory "/data/user/0/com.facebook.katana/app_secondary_program_dex" contains "program-1b4455e1ba1ff38a86723e24cd334fa1062519f16661a1c7.dex.jar" as expected
V/DexLibLoader(27166): directory "/data/user/0/com.facebook.katana/app_secondary_program_dex" contains "program-a54de6ef97459e1e5b5c8f874a889a38965d34466661a1c7.dex.jar" as expected
D/DexLibLoader(27166): ignoring file "program-15ef54b77950d1e6c1cbc3342a20571a9fd8050d6661a1c7.dex.odex" in "/data/user/0/com.facebook.katana/app_secondary_program_dex"
D/DexLibLoader(27166): ignoring file "program-14bcaeed5ad488eaf139a59d22cf00efbde5948b6661a1c7.dex.odex" in "/data/user/0/com.facebook.katana/app_secondary_program_dex"
D/DexLibLoader(27166): ignoring file "program-e8acf246c92474061a3e0f7dafec5559e33da2c56661a1c7.dex.odex" in "/data/user/0/com.facebook.katana/app_secondary_program_dex"
D/DexLibLoader(27166): ignoring file "program-1d7a13e77be07efb41a2c80160a9aec6fff27ad16661a1c7.dex.odex" in "/data/user/0/com.facebook.katana/app_secondary_program_dex"
D/DexLibLoader(27166): ignoring file "program-42761fa3dedc1f1a9503bece4f2db80adf01f7756661a1c7.dex.odex" in "/data/user/0/com.facebook.katana/app_secondary_program_dex"
D/DexLibLoader(27166): ignoring file "program-1b4455e1ba1ff38a86723e24cd334fa1062519f16661a1c7.dex.odex" in "/data/user/0/com.facebook.katana/app_secondary_program_dex"
D/DexLibLoader(27166): ignoring file "program-a54de6ef97459e1e5b5c8f874a889a38965d34466661a1c7.dex.odex" in "/data/user/0/com.facebook.katana/app_secondary_program_dex"
D/DexLibLoader(27166): directory "/data/user/0/com.facebook.katana/app_secondary_program_dex" is valid
D/DexLibLoader(27166): ignoring file "primary_deps" in "/data/user/0/com.facebook.katana/app_secondary_program_dex_opt"
V/DexLibLoader(27166): directory "/data/user/0/com.facebook.katana/app_secondary_program_dex_opt" contains "program-15ef54b77950d1e6c1cbc3342a20571a9fd8050d6661a1c7.dex.dex" as expected
V/DexLibLoader(27166): directory "/data/user/0/com.facebook.katana/app_secondary_program_dex_opt" contains "program-14bcaeed5ad488eaf139a59d22cf00efbde5948b6661a1c7.dex.dex" as expected
V/DexLibLoader(27166): directory "/data/user/0/com.facebook.katana/app_secondary_program_dex_opt" contains "program-e8acf246c92474061a3e0f7dafec5559e33da2c56661a1c7.dex.dex" as expected
V/DexLibLoader(27166): directory "/data/user/0/com.facebook.katana/app_secondary_program_dex_opt" contains "program-1d7a13e77be07efb41a2c80160a9aec6fff27ad16661a1c7.dex.dex" as expected
V/DexLibLoader(27166): directory "/data/user/0/com.facebook.katana/app_secondary_program_dex_opt" contains "program-42761fa3dedc1f1a9503bece4f2db80adf01f7756661a1c7.dex.dex" as expected
V/DexLibLoader(27166): directory "/data/user/0/com.facebook.katana/app_secondary_program_dex_opt" contains "program-1b4455e1ba1ff38a86723e24cd334fa1062519f16661a1c7.dex.dex" as expected
V/DexLibLoader(27166): directory "/data/user/0/com.facebook.katana/app_secondary_program_dex_opt" contains "program-a54de6ef97459e1e5b5c8f874a889a38965d34466661a1c7.dex.dex" as expected
D/DexLibLoader(27166): directory "/data/user/0/com.facebook.katana/app_secondary_program_dex_opt" is valid
D/DexLibLoader(27166): loading pre-built cross-dex opt odex files
V/dalvik-internals(27166): hooked dvmResolveClass using jump ()
V/dalvik-internals(27166): hooked dvmFlushBreakpoints using jump ()
V/MultiDexClassLoader(27166): installing MultiDexClassLoader before application classloader
I/dalvikvm(27166): Could not find method dalvik.system.DexFile.loadClassBinaryName, referenced from method com.facebook.common.dextricks.DexFileLoadOld.a
W/dalvikvm(27166): VFY: unable to resolve virtual method 2073: Ldalvik/system/DexFile;.loadClassBinaryName (Ljava/lang/String;Ljava/lang/ClassLoader;)Ljava/lang/Class;
D/dalvikvm(27166): VFY: replacing opcode 0x6e at 0x0000
D/DexLibLoader(27166): released odex store lock
D/DexLibLoader(27166): DexLibLoader.loadAll took 23 ms
D/MemoryReductionHack(27166): Marked as initialized entry corresponding to path /data/app/com.facebook.katana-1.apk
D/GcOptimizer(27166): Enabled
V/dalvik-internals(27166): hooked dvmLinearAlloc using jump ()
V/dalvik-internals(27166): hooked dvmLinearRealloc using jump ()
V/dalvik-internals(27166): hooked dvmLinearFree using jump ()
V/dalvik-internals(27166): hooked dvmLinearStrdup using jump ()
V/dalvik-internals(27166): hooked dvmLinearAllocContains using jump ()
I/dalvik-internals(27166): enlarged linearalloc buffer to 33554432 bytes
D/WifiStateMachine( 1025): handleMessage: E msg.what=151572
D/WifiStateMachine( 1025): processMsg: ConnectedState
D/WifiStateMachine( 1025): processMsg: L2ConnectedState
D/WifiStateMachine( 1025): handleMessage: X
I/ConfigService(31010): onDestroy
W/StaticBindingVerifier(27166): Verify
I/dalvikvm(27166): Could not find method com.facebook.resources.FbResources.getDrawable, referenced from method com.facebook.resources.impl.DownloadedFbResources.getDrawable
W/dalvikvm(27166): VFY: unable to resolve virtual method 48479: Lcom/facebook/resources/FbResources;.getDrawable (ILandroid/content/res/Resources$Theme;)Landroid/graphics/drawable/Drawable;
D/dalvikvm(27166): VFY: replacing opcode 0x6f at 0x0031
D/WifiService( 1025): New client listening to asynchronous messages
I/ActivityManager( 1025): START u0 {cmp=co.giftmeapp.gift_me/com.paypal.android.sdk.payments.PaymentConfirmActivity (has extras)} from pid 26395
W/ContextImpl( 1295): Calling a method in the system process without a qualified user: android.app.ContextImpl.sendBroadcast:1252 android.content.ContextWrapper.sendBroadcast:365 com.motorola.motocare.util.TriggerHelper$TriggerBuilder.send:76 com.motorola.motocare.internal.frameworkevents.PauseResumeTrigger.handleFrameworkEvent:53 com.motorola.motocare.internal.frameworkevents.FwEventMonitor$FrameworkListener.processFrameworkEvent:114 
W/ContextImpl( 1295): Calling a method in the system process without a qualified user: android.app.ContextImpl.sendBroadcast:1252 android.content.ContextWrapper.sendBroadcast:365 com.motorola.motocare.util.TriggerHelper$TriggerBuilder.send:76 com.motorola.motocare.internal.frameworkevents.PauseResumeTrigger.handleFrameworkEvent:53 com.motorola.motocare.internal.frameworkevents.FwEventMonitor$FrameworkListener.processFrameworkEvent:114 
V/PhoneStatusBar( 1119): setLightsOn(true)
I/ActivityManager( 1025): Process android.process.media (pid 25244) has died.
W/ActivityManager( 1025): Scheduling restart of crashed service com.android.providers.media/.MtpService in 29487ms
I/ActivityManager( 1025): START u0 {cmp=co.giftmeapp.gift_me/com.paypal.android.sdk.payments.LoginActivity (has extras)} from pid 26395
W/ContextImpl( 1295): Calling a method in the system process without a qualified user: android.app.ContextImpl.sendBroadcast:1252 android.content.ContextWrapper.sendBroadcast:365 com.motorola.motocare.util.TriggerHelper$TriggerBuilder.send:76 com.motorola.motocare.internal.frameworkevents.PauseResumeTrigger.handleFrameworkEvent:53 com.motorola.motocare.internal.frameworkevents.FwEventMonitor$FrameworkListener.processFrameworkEvent:114 
W/ContextImpl( 1295): Calling a method in the system process without a qualified user: android.app.ContextImpl.sendBroadcast:1252 android.content.ContextWrapper.sendBroadcast:365 com.motorola.motocare.util.TriggerHelper$TriggerBuilder.send:76 com.motorola.motocare.internal.frameworkevents.PauseResumeTrigger.handleFrameworkEvent:53 com.motorola.motocare.internal.frameworkevents.FwEventMonitor$FrameworkListener.processFrameworkEvent:114 
I/ActivityManager( 1025): Process com.rhmsoft.fm:service (pid 25921) has died.
W/ActivityManager( 1025): Scheduling restart of crashed service com.rhmsoft.fm/com.cleanmaster.fm.service.BackgroundService in 39443ms
D/dalvikvm(26395): GC_FOR_ALLOC freed 482K, 28% free 12666K/17548K, paused 25ms, total 25ms
I/dalvikvm-heap(26395): Grow heap (frag case) to 14.587MB for 193132-byte allocation
D/dalvikvm(20316): GC_CONCURRENT freed 2092K, 30% free 12226K/17228K, paused 2ms+3ms, total 48ms
V/PhoneStatusBar( 1119): setLightsOn(true)
I/ActivityManager( 1025): Start proc com.google.android.inputmethod.latin for service com.google.android.inputmethod.latin/com.android.inputmethod.latin.spellcheck.AndroidSpellCheckerService: pid=27228 uid=10074 gids={50074, 3003, 1028, 1015}
I/LaunchCheckinHandler( 1025): Displayed co.giftmeapp.gift_me/com.paypal.android.sdk.payments.LoginActivity,wp,ca,251
I/LaunchCheckinHandler( 1025): Displayed co.giftmeapp.gift_me/com.paypal.android.sdk.payments.PaymentConfirmActivity,wp,ca,395 (total)
I/ActivityManager( 1025): Displayed co.giftmeapp.gift_me/com.paypal.android.sdk.payments.LoginActivity: +251ms (total +395ms)
I/ActivityManager( 1025): Process com.mobisystems.ubreader_west (pid 14076) has died.
W/ActivityManager( 1025): Scheduling restart of crashed service com.mobisystems.ubreader_west/com.mobisystems.ubreader.launcher.service.NetworkService in 49195ms
I/Adreno-EGL(20316): <qeglDrvAPI_eglInitialize:410>: EGL 1.4 QUALCOMM build: AU_LINUX_ANDROID_LNX.LA.3.5.1_RB1.04.04.02.048.018_msm8226_LNX.LA.3.5.1_RB1__release_AU ()
I/Adreno-EGL(20316): OpenGL ES Shader Compiler Version: E031.24.00.08
I/Adreno-EGL(20316): Build Date: 03/07/14 Fri
I/Adreno-EGL(20316): Local Branch: 
I/Adreno-EGL(20316): Remote Branch: quic/LNX.LA.3.5.1_RB1.1
I/Adreno-EGL(20316): Local Patches: NONE
I/Adreno-EGL(20316): Reconstruct Branch: AU_LINUX_ANDROID_LNX.LA.3.5.1_RB1.04.04.02.048.018 + f2fd134 +  NOTHING
D/WifiStateMachine( 1025): handleMessage: E msg.what=151572
D/WifiStateMachine( 1025): processMsg: ConnectedState
D/WifiStateMachine( 1025): processMsg: L2ConnectedState
D/WifiStateMachine( 1025): handleMessage: X
D/dalvikvm(20316): GC_FOR_ALLOC freed 407K, 30% free 12198K/17228K, paused 32ms, total 32ms
I/dalvikvm-heap(20316): Grow heap (frag case) to 15.355MB for 1477456-byte allocation
I/SFPerfTracer(  274):      triggers: (rate: 1125:447968) (341201 sw vsyncs) (1049391 skipped) (43:3341821 vsyncs) (45:4190604)
E/dalvikvm(27166): Could not find class 'org.apache.harmony.xnet.provider.jsse.OpenSSLSocketImpl', referenced from method com.facebook.ssl.openssl.check.CheckOpenSSLImplHasRequiredMethods.<clinit>
W/dalvikvm(27166): VFY: unable to resolve const-class 13808 (Lorg/apache/harmony/xnet/provider/jsse/OpenSSLSocketImpl;) in Lcom/facebook/ssl/openssl/check/CheckOpenSSLImplHasRequiredMethods;
D/dalvikvm(27166): VFY: replacing opcode 0x1c at 0x000d
E/dalvikvm(27166): Could not find class 'org.apache.harmony.xnet.provider.jsse.OpenSSLSocketFactoryImpl', referenced from method com.facebook.ssl.openssl.reflect.SSLParametersGetter.<clinit>
W/dalvikvm(27166): VFY: unable to resolve const-class 13807 (Lorg/apache/harmony/xnet/provider/jsse/OpenSSLSocketFactoryImpl;) in Lcom/facebook/ssl/openssl/reflect/SSLParametersGetter;
D/dalvikvm(27166): VFY: replacing opcode 0x1c at 0x000d
E/dalvikvm(27166): Could not find class 'org.apache.harmony.xnet.provider.jsse.SSLParametersImpl', referenced from method com.facebook.ssl.openssl.reflect.SSLParametersGetter.a
W/dalvikvm(27166): VFY: unable to resolve check-cast 13809 (Lorg/apache/harmony/xnet/provider/jsse/SSLParametersImpl;) in Lcom/facebook/ssl/openssl/reflect/SSLParametersGetter;
D/dalvikvm(27166): VFY: replacing opcode 0x1f at 0x0006
E/dalvikvm(27166): Could not find class 'org.apache.harmony.xnet.provider.jsse.SSLParametersImpl', referenced from method com.facebook.ssl.openssl.reflect.SSLSessionTimeoutSetter.<clinit>
W/dalvikvm(27166): VFY: unable to resolve const-class 13809 (Lorg/apache/harmony/xnet/provider/jsse/SSLParametersImpl;) in Lcom/facebook/ssl/openssl/reflect/SSLSessionTimeoutSetter;
D/dalvikvm(27166): VFY: replacing opcode 0x1c at 0x000d
W/dalvikvm(27166): VFY: unable to find class referenced in signature (Lorg/apache/harmony/xnet/provider/jsse/SSLParametersImpl;)
E/dalvikvm(27166): Could not find class 'org.apache.harmony.xnet.provider.jsse.ClientSessionContext', referenced from method com.facebook.ssl.openssl.reflect.SSLSessionTimeoutSetter.a
W/dalvikvm(27166): VFY: unable to resolve check-cast 13806 (Lorg/apache/harmony/xnet/provider/jsse/ClientSessionContext;) in Lcom/facebook/ssl/openssl/reflect/SSLSessionTimeoutSetter;
D/dalvikvm(27166): VFY: replacing opcode 0x1f at 0x0006
W/dalvikvm(27166): VFY: unable to find class referenced in signature (Lorg/apache/harmony/xnet/provider/jsse/SSLParametersImpl;)
W/dalvikvm(27166): Unable to resolve superclass of Lcom/facebook/ssl/openssl/TicketEnabledOpenSSLSocketImplWrapper; (11243)
W/dalvikvm(27166): Link of class 'Lcom/facebook/ssl/openssl/TicketEnabledOpenSSLSocketImplWrapper;' failed
E/dalvikvm(27166): Could not find class 'com.facebook.ssl.openssl.TicketEnabledOpenSSLSocketImplWrapper', referenced from method com.facebook.ssl.openssl.TicketEnabledOpenSSLSocketFactoryHelper.a
W/dalvikvm(27166): VFY: unable to resolve new-instance 10681 (Lcom/facebook/ssl/openssl/TicketEnabledOpenSSLSocketImplWrapper;) in Lcom/facebook/ssl/openssl/TicketEnabledOpenSSLSocketFactoryHelper;
D/dalvikvm(27166): VFY: replacing opcode 0x22 at 0x0000
D/dalvikvm(27166): Trying to load lib /data/app-lib/com.facebook.katana-1/libfbjni.so 0x41fb4bd8
W/dalvikvm(27166): Unable to resolve superclass of Lcom/facebook/ssl/openssl/TicketEnabledOpenSSLSocketImplWrapper; (11243)
W/dalvikvm(27166): Link of class 'Lcom/facebook/ssl/openssl/TicketEnabledOpenSSLSocketImplWrapper;' failed
D/dalvikvm(27166): DexOpt: unable to opt direct call 0xc22f at 0x08 in Lcom/facebook/ssl/openssl/TicketEnabledOpenSSLSocketFactoryHelper;.a
D/dalvikvm(27166): Added shared lib /data/app-lib/com.facebook.katana-1/libfbjni.so 0x41fb4bd8
D/dalvikvm(27166): Trying to load lib /data/app-lib/com.facebook.katana-1/libcares.so 0x41fb4bd8
D/dalvikvm(27166): Added shared lib /data/app-lib/com.facebook.katana-1/libcares.so 0x41fb4bd8
D/dalvikvm(27166): No JNI_OnLoad found in /data/app-lib/com.facebook.katana-1/libcares.so 0x41fb4bd8, skipping init
D/dalvikvm(27166): Trying to load lib /data/app-lib/com.facebook.katana-1/libdouble-conversion.so 0x41fb4bd8
D/dalvikvm(27166): Added shared lib /data/app-lib/com.facebook.katana-1/libdouble-conversion.so 0x41fb4bd8
D/dalvikvm(27166): No JNI_OnLoad found in /data/app-lib/com.facebook.katana-1/libdouble-conversion.so 0x41fb4bd8, skipping init
D/dalvikvm(27166): Trying to load lib /data/app-lib/com.facebook.katana-1/libevent.so 0x41fb4bd8
D/dalvikvm(27166): Added shared lib /data/app-lib/com.facebook.katana-1/libevent.so 0x41fb4bd8
D/dalvikvm(27166): No JNI_OnLoad found in /data/app-lib/com.facebook.katana-1/libevent.so 0x41fb4bd8, skipping init
D/dalvikvm(27166): Trying to load lib /data/app-lib/com.facebook.katana-1/libliger.so 0x41fb4bd8
D/WifiStateMachine( 1025): handleMessage: E msg.what=131155
D/WifiStateMachine( 1025): processMsg: ConnectedState
D/WifiStateMachine( 1025): processMsg: L2ConnectedState
D/WifiStateMachine( 1025): handleMessage: X
D/dalvikvm(27166): Added shared lib /data/app-lib/com.facebook.katana-1/libliger.so 0x41fb4bd8
W/fb4a(:<default>):AbstractMqttPushService(27166): Attempt to start service that is already started
D/dalvikvm(27166): Trying to load lib /data/app-lib/com.facebook.katana-1/libheartbleed.so 0x41fb4bd8
D/dalvikvm(27166): Added shared lib /data/app-lib/com.facebook.katana-1/libheartbleed.so 0x41fb4bd8
D/dalvikvm( 1025): GC_EXPLICIT freed 641K, 38% free 31289K/50444K, paused 6ms+17ms, total 162ms
I/ActivityManager( 1025): Process uk.co.economist (pid 27107) has died.
W/ActivityManager( 1025): Service ServiceRecord{43c78520 u0 uk.co.economist/.service.APIService} in process ProcessRecord{434c09b8 27107:uk.co.economist/u0a130} not same as in map: null
I/SFPerfTracer(  274):      triggers: (rate: 1254:49942) (compose: 0:251) (post: 0:21) (render: 86:10595) (18:786199 frames) (19:3318615)
D/SFPerfTracer(  274):        layers: (5:15) (DimLayer: 0:158)* (DimLayer: 0:134)* (FocusedStackFrame: 0:21959)* (StatusBar: 0:265881) (NavigationBar: 0:204415) (DimLayer: 0:25084)* (DimLayer: 0:4805)* (com.android.wallpaper.fall.FallWallpaper: 0:10773)* (co.giftmeapp.gift_me/co.giftmeapp.gift_me.GiftMe: 0:120)* (co.giftmeapp.gift_me/com.paypal.android.sdk.payments.PaymentActivity: 0:23)* (co.giftmeapp.gift_me/com.paypal.android.sdk.payments.PaymentMethodActivity: 0:70)* (co.giftmeapp.gift_me/com.paypal.android.sdk.payments.PaymentConfirmActivity: 0:20)* (co.giftmeapp.gift_me/com.paypal.android.sdk.payments.LoginActivity: 19:49) (SurfaceView: 14:17) (InputMethod: 14:23) 
D/WifiStateMachine( 1025): handleMessage: E msg.what=151572
D/WifiStateMachine( 1025): processMsg: ConnectedState
D/WifiStateMachine( 1025): processMsg: L2ConnectedState
D/WifiStateMachine( 1025): handleMessage: X
I/ActivityManager( 1025): Process com.facebook.katana (pid 27166) has died.
D/WifiService( 1025): Client connection lost with reason: 4
W/ActivityManager( 1025): Scheduling restart of crashed service com.facebook.katana/com.facebook.push.mqtt.service.MqttPushService in 57903ms
D/WifiStateMachine( 1025): handleMessage: E msg.what=151572
D/WifiStateMachine( 1025): processMsg: ConnectedState
D/WifiStateMachine( 1025): processMsg: L2ConnectedState
D/WifiStateMachine( 1025): handleMessage: X
D/WifiStateMachine( 1025): handleMessage: E msg.what=151572
D/WifiStateMachine( 1025): processMsg: ConnectedState
D/WifiStateMachine( 1025): processMsg: L2ConnectedState
D/WifiStateMachine( 1025): handleMessage: X
D/WifiStateMachine( 1025): handleMessage: E msg.what=131155
D/WifiStateMachine( 1025): processMsg: ConnectedState
D/WifiStateMachine( 1025): processMsg: L2ConnectedState
D/WifiStateMachine( 1025): handleMessage: X
D/WifiStateMachine( 1025): handleMessage: E msg.what=151572
D/WifiStateMachine( 1025): processMsg: ConnectedState
D/WifiStateMachine( 1025): processMsg: L2ConnectedState
D/WifiStateMachine( 1025): handleMessage: X
D/WifiStateMachine( 1025): handleMessage: E msg.what=151572
D/WifiStateMachine( 1025): processMsg: ConnectedState
D/WifiStateMachine( 1025): processMsg: L2ConnectedState
D/WifiStateMachine( 1025): handleMessage: X
I/SFPerfTracer(  274):      triggers: (rate: 1125:447968) (341201 sw vsyncs) (1049391 skipped) (1:3341898 vsyncs) (3:4190707)
D/dalvikvm(20316): GC_CONCURRENT freed 473K, 27% free 13716K/18668K, paused 3ms+8ms, total 68ms
D/WifiStateMachine( 1025): handleMessage: E msg.what=151572
D/WifiStateMachine( 1025): processMsg: ConnectedState
D/WifiStateMachine( 1025): processMsg: L2ConnectedState
D/WifiStateMachine( 1025): handleMessage: X
D/WifiStateMachine( 1025): handleMessage: E msg.what=131155
D/WifiStateMachine( 1025): processMsg: ConnectedState
D/WifiStateMachine( 1025): processMsg: L2ConnectedState
D/WifiStateMachine( 1025): handleMessage: X
D/WifiStateMachine( 1025): handleMessage: E msg.what=151572
D/WifiStateMachine( 1025): processMsg: ConnectedState
D/WifiStateMachine( 1025): processMsg: L2ConnectedState
D/WifiStateMachine( 1025): handleMessage: X
D/WifiStateMachine( 1025): handleMessage: E msg.what=151572
D/WifiStateMachine( 1025): processMsg: ConnectedState
D/WifiStateMachine( 1025): processMsg: L2ConnectedState
D/WifiStateMachine( 1025): handleMessage: X
D/Ulp_jni ( 1025): Location CB invoked
V/AlarmManager( 1025): sending alarm Alarm{431b7920 type 2 com.facebook.orca}
V/AlarmManager( 1025): sending alarm Alarm{431b7558 type 2 com.facebook.katana}
V/AlarmManager( 1025): sending alarm Alarm{431b5868 type 2 com.whatsapp}
V/AlarmManager( 1025): sending alarm Alarm{431b15f8 type 0 com.android.vending}
I/ActivityManager( 1025): Start proc com.android.vending for service com.android.vending/com.google.android.finsky.services.ContentSyncService: pid=27299 uid=10039 gids={50039, 3003, 1028, 1015}
D/Finsky  (27299): [1] FinskyApp.onCreate: Initializing network with DFE https://android.clients.google.com/fdfe/
I/ActivityManager( 1025): Start proc com.facebook.orca for service com.facebook.orca/com.facebook.push.mqtt.service.MqttPushService: pid=27325 uid=10147 gids={50147, 3003, 1028, 1015}
D/Finsky  (27299): [1] DailyHygiene.goMakeHygieneIfDirty: No need to run daily hygiene.
W/Settings(27299): Setting download_manager_max_bytes_over_mobile has moved from android.provider.Settings.Secure to android.provider.Settings.Global.
W/Settings(27299): Setting download_manager_recommended_max_bytes_over_mobile has moved from android.provider.Settings.Secure to android.provider.Settings.Global.
D/WifiStateMachine( 1025): handleMessage: E msg.what=151572
D/WifiStateMachine( 1025): processMsg: ConnectedState
D/WifiStateMachine( 1025): processMsg: L2ConnectedState
I/dalvikvm(27299): Could not find method com.google.android.play.layout.PlayCardViewBase.setTransitionName, referenced from method com.google.android.finsky.utils.PlayCardUtils.bindCard
W/dalvikvm(27299): VFY: unable to resolve virtual method 42705: Lcom/google/android/play/layout/PlayCardViewBase;.setTransitionName (Ljava/lang/String;)V
D/dalvikvm(27299): VFY: replacing opcode 0x6e at 0x00d9
I/dalvikvm(27299): Could not find method com.google.android.play.layout.PlayCardViewBase.setTransitionGroup, referenced from method com.google.android.finsky.utils.PlayCardUtils.bindCard
W/dalvikvm(27299): VFY: unable to resolve virtual method 42704: Lcom/google/android/play/layout/PlayCardViewBase;.setTransitionGroup (Z)V
D/dalvikvm(27299): VFY: replacing opcode 0x6e at 0x0246
D/WifiStateMachine( 1025): handleMessage: X
I/dalvikvm(27299): Could not find method android.view.View.getTransitionName, referenced from method com.google.android.finsky.navigationmanager.NavigationManager.showPage
W/dalvikvm(27299): VFY: unable to resolve virtual method 9352: Landroid/view/View;.getTransitionName ()Ljava/lang/String;
D/dalvikvm(27299): VFY: replacing opcode 0x6e at 0x001a
D/Finsky  (27299): [1] 2.run: Loaded library for account: [gKXbJhL8NA2nPUzZyFpjB6tKi7U]
D/Finsky  (27299): [1] 2.run: Finished loading 1 libraries.
D/ACRA    (27325): ACRA is enabled for com.facebook.orca, intializing...
D/ACRA    (27325): Looking for error files in /data/data/com.facebook.orca/app_acra-reports
D/ACRA    (27325): Looking for error files in /data/data/com.facebook.orca/app_minidumps
D/dalvikvm(27325): Trying to load lib /data/app-lib/com.facebook.orca-2/libgnustl_shared.so 0x41fb0570
D/dalvikvm(27325): Added shared lib /data/app-lib/com.facebook.orca-2/libgnustl_shared.so 0x41fb0570
D/dalvikvm(27325): No JNI_OnLoad found in /data/app-lib/com.facebook.orca-2/libgnustl_shared.so 0x41fb0570, skipping init
D/dalvikvm(27325): Trying to load lib /data/app-lib/com.facebook.orca-2/libfb_breakpad_client.so 0x41fb0570
D/dalvikvm(27325): Added shared lib /data/app-lib/com.facebook.orca-2/libfb_breakpad_client.so 0x41fb0570
D/dalvikvm(27325): Trying to load lib /data/app-lib/com.facebook.orca-2/libfb_dalvik-internals.so 0x41fb0570
D/dalvikvm(27325): Added shared lib /data/app-lib/com.facebook.orca-2/libfb_dalvik-internals.so 0x41fb0570
V/DexLibLoader(27325): about to lock: /data/data/com.facebook.orca/mdex_lock
V/DexLibLoader(27325): locking /data/data/com.facebook.orca/mdex_lock took 1 ms
V/DexLibLoader(27325): Secondary program dex metadata: secondary-1.dex.jar 790183d1fb728678b0d8546ed8e9eaef90404089 secondary.dex01.Canary
V/DexLibLoader(27325): Secondary program dex metadata: secondary-2.dex.jar 03b795797c6ded9e8b3df575980b7d37d9ca8dad secondary.dex02.Canary
V/DexLibLoader(27325): Secondary program dex metadata: secondary-3.dex.jar 5ccf73e2daa6156653af1c6485ad6053f38846b9 secondary.dex03.Canary
V/DexLibLoader(27325): directory "/data/data/com.facebook.orca/app_secondary_program_dex" contains "program-790183d1fb728678b0d8546ed8e9eaef904040896661a1c7.dex.jar" as expected
V/DexLibLoader(27325): directory "/data/data/com.facebook.orca/app_secondary_program_dex" contains "program-03b795797c6ded9e8b3df575980b7d37d9ca8dad6661a1c7.dex.jar" as expected
V/DexLibLoader(27325): directory "/data/data/com.facebook.orca/app_secondary_program_dex" contains "program-5ccf73e2daa6156653af1c6485ad6053f38846b96661a1c7.dex.jar" as expected
D/DexLibLoader(27325): ignoring file "program-790183d1fb728678b0d8546ed8e9eaef904040896661a1c7.dex.odex" in "/data/data/com.facebook.orca/app_secondary_program_dex"
D/DexLibLoader(27325): ignoring file "program-03b795797c6ded9e8b3df575980b7d37d9ca8dad6661a1c7.dex.odex" in "/data/data/com.facebook.orca/app_secondary_program_dex"
D/DexLibLoader(27325): ignoring file "program-5ccf73e2daa6156653af1c6485ad6053f38846b96661a1c7.dex.odex" in "/data/data/com.facebook.orca/app_secondary_program_dex"
D/DexLibLoader(27325): directory "/data/data/com.facebook.orca/app_secondary_program_dex" is valid
D/DexLibLoader(27325): ignoring file "primary_deps" in "/data/data/com.facebook.orca/app_secondary_program_dex_opt"
V/DexLibLoader(27325): directory "/data/data/com.facebook.orca/app_secondary_program_dex_opt" contains "program-790183d1fb728678b0d8546ed8e9eaef904040896661a1c7.dex.dex" as expected
V/DexLibLoader(27325): directory "/data/data/com.facebook.orca/app_secondary_program_dex_opt" contains "program-03b795797c6ded9e8b3df575980b7d37d9ca8dad6661a1c7.dex.dex" as expected
V/DexLibLoader(27325): directory "/data/data/com.facebook.orca/app_secondary_program_dex_opt" contains "program-5ccf73e2daa6156653af1c6485ad6053f38846b96661a1c7.dex.dex" as expected
D/DexLibLoader(27325): directory "/data/data/com.facebook.orca/app_secondary_program_dex_opt" is valid
I/ActivityManager( 1025): Start proc android.process.media for content provider com.android.providers.downloads/.DownloadProvider: pid=27354 uid=10018 gids={50018, 1028, 1015, 1023, 1024, 2001, 3003, 3007}
D/DexLibLoader(27325): loading pre-built cross-dex opt odex files
V/dalvik-internals(27325): hooked dvmResolveClass using jump ()
V/dalvik-internals(27325): hooked dvmFlushBreakpoints using jump ()
V/MultiDexClassLoader(27325): installing MultiDexClassLoader before application classloader
I/dalvikvm(27325): Could not find method dalvik.system.DexFile.loadClassBinaryName, referenced from method com.facebook.common.l.g.a
W/dalvikvm(27325): VFY: unable to resolve virtual method 1453: Ldalvik/system/DexFile;.loadClassBinaryName (Ljava/lang/String;Ljava/lang/ClassLoader;)Ljava/lang/Class;
D/dalvikvm(27325): VFY: replacing opcode 0x6e at 0x0000
D/DexLibLoader(27325): released odex store lock
D/DexLibLoader(27325): DexLibLoader.loadAll took 70 ms
I/dalvikvm(27299): Total arena pages for JIT: 11
I/dalvikvm(27299): Total arena pages for JIT: 12
I/dalvikvm(27299): Total arena pages for JIT: 13
I/dalvikvm(27299): Total arena pages for JIT: 14
D/WifiStateMachine( 1025): handleMessage: E msg.what=131155
D/WifiStateMachine( 1025): processMsg: ConnectedState
D/WifiStateMachine( 1025): processMsg: L2ConnectedState
D/WifiStateMachine( 1025): handleMessage: X
D/MtpService(27354): updating state; isCurrentUser=true, mMtpLocked=false
D/MtpService(27354): mUsbDriverRestricted=false
D/MtpService(27354): addStorageLocked 65537 /storage/emulated/0
D/MtpService(27354): updating state; isCurrentUser=true, mMtpLocked=false
D/MtpService(27354): starting MTP server in MTP mode
D/MtpService(27354): addStorageLocked 65537 /storage/emulated/0
D/dalvikvm(27354): No JNI_OnLoad found in /system/lib/libcryptomodes-jni.so 0x41fae940, skipping init
I/openssl (27354): Crypto mode not selected, openssl will run on its regular mode.
I/openssl (27354): Crypto mode 0 already enabled
D/Finsky  (27299): [1] GmsCoreHelper.cleanupNlp: result=false type=4
D/Finsky  (27299): [1] RestoreTracker.stopServiceIfDone: Restore complete with 0 success and 0 failed.
W/bp      (27325): Verify
E/dalvikvm(27325): Could not find class 'org.apache.harmony.xnet.provider.jsse.OpenSSLSocketImpl', referenced from method com.facebook.ssl.openssl.a.b.<clinit>
W/dalvikvm(27325): VFY: unable to resolve const-class 10658 (Lorg/apache/harmony/xnet/provider/jsse/OpenSSLSocketImpl;) in Lcom/facebook/ssl/openssl/a/b;
D/dalvikvm(27325): VFY: replacing opcode 0x1c at 0x000d
E/dalvikvm(27325): Could not find class 'org.apache.harmony.xnet.provider.jsse.OpenSSLSocketFactoryImpl', referenced from method com.facebook.ssl.openssl.b.b.<clinit>
W/dalvikvm(27325): VFY: unable to resolve const-class 10657 (Lorg/apache/harmony/xnet/provider/jsse/OpenSSLSocketFactoryImpl;) in Lcom/facebook/ssl/openssl/b/b;
D/dalvikvm(27325): VFY: replacing opcode 0x1c at 0x000d
E/dalvikvm(27325): Could not find class 'org.apache.harmony.xnet.provider.jsse.SSLParametersImpl', referenced from method com.facebook.ssl.openssl.b.b.a
W/dalvikvm(27325): VFY: unable to resolve check-cast 10660 (Lorg/apache/harmony/xnet/provider/jsse/SSLParametersImpl;) in Lcom/facebook/ssl/openssl/b/b;
D/dalvikvm(27325): VFY: replacing opcode 0x1f at 0x0006
E/dalvikvm(27325): Could not find class 'org.apache.harmony.xnet.provider.jsse.SSLParametersImpl', referenced from method com.facebook.ssl.openssl.b.c.<clinit>
W/dalvikvm(27325): VFY: unable to resolve const-class 10660 (Lorg/apache/harmony/xnet/provider/jsse/SSLParametersImpl;) in Lcom/facebook/ssl/openssl/b/c;
D/dalvikvm(27325): VFY: replacing opcode 0x1c at 0x000d
W/dalvikvm(27325): VFY: unable to find class referenced in signature (Lorg/apache/harmony/xnet/provider/jsse/SSLParametersImpl;)
E/dalvikvm(27325): Could not find class 'org.apache.harmony.xnet.provider.jsse.ClientSessionContext', referenced from method com.facebook.ssl.openssl.b.c.a
W/dalvikvm(27325): VFY: unable to resolve check-cast 10656 (Lorg/apache/harmony/xnet/provider/jsse/ClientSessionContext;) in Lcom/facebook/ssl/openssl/b/c;
D/dalvikvm(27325): VFY: replacing opcode 0x1f at 0x0006
W/dalvikvm(27325): VFY: unable to find class referenced in signature (Lorg/apache/harmony/xnet/provider/jsse/SSLParametersImpl;)
W/dalvikvm(27325): Unable to resolve superclass of Lcom/facebook/ssl/openssl/TicketEnabledOpenSSLSocketImplWrapper; (10659)
W/dalvikvm(27325): Link of class 'Lcom/facebook/ssl/openssl/TicketEnabledOpenSSLSocketImplWrapper;' failed
E/dalvikvm(27325): Could not find class 'com.facebook.ssl.openssl.TicketEnabledOpenSSLSocketImplWrapper', referenced from method com.facebook.ssl.openssl.b.a
W/dalvikvm(27325): VFY: unable to resolve new-instance 7258 (Lcom/facebook/ssl/openssl/TicketEnabledOpenSSLSocketImplWrapper;) in Lcom/facebook/ssl/openssl/b;
D/dalvikvm(27325): VFY: replacing opcode 0x22 at 0x0000
W/dalvikvm(27325): Unable to resolve superclass of Lcom/facebook/ssl/openssl/TicketEnabledOpenSSLSocketImplWrapper; (10659)
W/dalvikvm(27325): Link of class 'Lcom/facebook/ssl/openssl/TicketEnabledOpenSSLSocketImplWrapper;' failed
D/dalvikvm(27325): DexOpt: unable to opt direct call 0x9f40 at 0x08 in Lcom/facebook/ssl/openssl/b;.a
D/WifiStateMachine( 1025): handleMessage: E msg.what=151572
D/WifiStateMachine( 1025): processMsg: ConnectedState
D/WifiStateMachine( 1025): processMsg: L2ConnectedState
D/WifiStateMachine( 1025): handleMessage: X
W/msgr(:<default>):a(27325): Attempt to start service that is already started
D/dalvikvm(27325): Trying to load lib /data/app-lib/com.facebook.orca-2/libfbjni.so 0x41fb0570
D/dalvikvm(27325): Added shared lib /data/app-lib/com.facebook.orca-2/libfbjni.so 0x41fb0570
D/dalvikvm(27325): Trying to load lib /data/app-lib/com.facebook.orca-2/libheartbleed.so 0x41fb0570
D/dalvikvm(27325): Added shared lib /data/app-lib/com.facebook.orca-2/libheartbleed.so 0x41fb0570
D/Finsky  (27299): [1] 5.onFinished: Installation state replication succeeded.
V/AlarmManager( 1025): sending alarm Alarm{42b88300 type 3 android}
I/ActivityManager( 1025): Process com.android.vending (pid 27299) has died.
D/WifiStateMachine( 1025): handleMessage: E msg.what=151572
D/WifiStateMachine( 1025): processMsg: ConnectedState
D/WifiStateMachine( 1025): processMsg: L2ConnectedState
D/WifiStateMachine( 1025): handleMessage: X
I/ActivityManager( 1025): Process com.facebook.orca (pid 27325) has died.
W/ActivityManager( 1025): Scheduling restart of crashed service com.facebook.orca/com.facebook.push.mqtt.service.MqttPushService in 57137ms
I/SFPerfTracer(  274):      triggers: (rate: 1125:447968) (341201 sw vsyncs) (1049391 skipped) (0:3341953 vsyncs) (1:4190808)
D/WifiStateMachine( 1025): handleMessage: E msg.what=151572
D/WifiStateMachine( 1025): processMsg: ConnectedState
D/WifiStateMachine( 1025): processMsg: L2ConnectedState
D/WifiStateMachine( 1025): handleMessage: X
I/SFPerfTracer(  274):      triggers: (rate: 1254:49946) (compose: 0:251) (post: 0:21) (render: 86:10595) (0:786227 frames) (1:3318715)
D/SFPerfTracer(  274):        layers: (6:19) (DimLayer: 0:158)* (DimLayer: 0:134)* (FocusedStackFrame: 0:21959)* (StatusBar: 0:265890) (NavigationBar: 0:204415) (DimLayer: 0:25084)* (DimLayer: 0:4805)* (com.android.wallpaper.fall.FallWallpaper: 0:10773)* (co.giftmeapp.gift_me/com.paypal.android.sdk.payments.LoginActivity: 0:98) (SurfaceView: 0:17) (InputMethod: 0:44) (PopupWindow:4270d468: 0:4)* (PopupWindow:4270d468: 0:3)* (PopupWindow:4270d468: 0:3)* (PopupWindow:4270d468: 0:4)* (PopupWindow:4270d468: 0:4)* (PopupWindow:4270d468: 0:3)* (PopupWindow:4270d468: 0:3)* (PopupWindow:4270d468: 1:3) 
D/WifiStateMachine( 1025): handleMessage: E msg.what=131155
D/WifiStateMachine( 1025): processMsg: ConnectedState
D/WifiStateMachine( 1025): processMsg: L2ConnectedState
D/WifiStateMachine( 1025): handleMessage: X
D/WifiStateMachine( 1025): handleMessage: E msg.what=151572
D/WifiStateMachine( 1025): processMsg: ConnectedState
D/WifiStateMachine( 1025): processMsg: L2ConnectedState
D/WifiStateMachine( 1025): handleMessage: X
W/IInputConnectionWrapper(26395): getExtractedText on inactive InputConnection
W/IInputConnectionWrapper(26395): getTextBeforeCursor on inactive InputConnection
W/IInputConnectionWrapper(26395): getSelectedText on inactive InputConnection
W/IInputConnectionWrapper(26395): getTextAfterCursor on inactive InputConnection
E/bo      (20316): onStartInput event aborted: com.touchtype.keyboard.c.ag: could not obtain extracted text (class com.touchtype.keyboard.c.ag)
W/IInputConnectionWrapper(26395): getExtractedText on inactive InputConnection
W/IInputConnectionWrapper(26395): getTextBeforeCursor on inactive InputConnection
W/IInputConnectionWrapper(26395): getSelectedText on inactive InputConnection
W/IInputConnectionWrapper(26395): getTextAfterCursor on inactive InputConnection
E/bo      (20316): onStartInputView event aborted: com.touchtype.keyboard.c.ag: Could not create reset composing text event (class com.touchtype.keyboard.c.ag)
W/IInputConnectionWrapper(26395): getExtractedText on inactive InputConnection
W/IInputConnectionWrapper(26395): getTextBeforeCursor on inactive InputConnection
W/IInputConnectionWrapper(26395): getSelectedText on inactive InputConnection
W/IInputConnectionWrapper(26395): getTextAfterCursor on inactive InputConnection
E/bo      (20316): selectionUpdated event aborted: com.touchtype.keyboard.c.ag: Could not create selection changed event (class com.touchtype.keyboard.c.ag)
I/SFPerfTracer(  274):      triggers: (rate: 1254:49946) (compose: 0:251) (post: 0:21) (render: 86:10596) (12:786243 frames) (13:3318745)
D/SFPerfTracer(  274):        layers: (6:13) (DimLayer: 0:158)* (DimLayer: 0:134)* (FocusedStackFrame: 0:21960)* (StatusBar: 2:265892) (NavigationBar: 1:204416) (DimLayer: 9:25099) (DimLayer: 0:4805)* (com.android.wallpaper.fall.FallWallpaper: 0:10773)* (co.giftmeapp.gift_me/com.paypal.android.sdk.payments.LoginActivity: 12:117) (SurfaceView: 0:17)* (InputMethod: 11:56) (PopupWindow:4270d468: 0:3)* (Authenticating: 13:23) 
D/WifiStateMachine( 1025): handleMessage: E msg.what=151572
D/WifiStateMachine( 1025): processMsg: ConnectedState
D/WifiStateMachine( 1025): processMsg: L2ConnectedState
D/WifiStateMachine( 1025): handleMessage: X
W/ContextImpl( 1295): Calling a method in the system process without a qualified user: android.app.ContextImpl.sendBroadcast:1252 android.content.ContextWrapper.sendBroadcast:365 com.motorola.motocare.util.TriggerHelper$TriggerBuilder.send:76 com.motorola.motocare.internal.frameworkevents.PauseResumeTrigger.handleFrameworkEvent:53 com.motorola.motocare.internal.frameworkevents.FwEventMonitor$FrameworkListener.processFrameworkEvent:114 
W/ContextImpl( 1295): Calling a method in the system process without a qualified user: android.app.ContextImpl.sendBroadcast:1252 android.content.ContextWrapper.sendBroadcast:365 com.motorola.motocare.util.TriggerHelper$TriggerBuilder.send:76 com.motorola.motocare.internal.frameworkevents.PauseResumeTrigger.handleFrameworkEvent:53 com.motorola.motocare.internal.frameworkevents.FwEventMonitor$FrameworkListener.processFrameworkEvent:114 
V/PhoneStatusBar( 1119): setLightsOn(true)
D/WifiStateMachine( 1025): handleMessage: E msg.what=151572
D/WifiStateMachine( 1025): processMsg: ConnectedState
D/WifiStateMachine( 1025): processMsg: L2ConnectedState
D/WifiStateMachine( 1025): handleMessage: X
I/SFPerfTracer(  274):      triggers: (rate: 1125:447968) (341201 sw vsyncs) (1049391 skipped) (23:3342045 vsyncs) (25:4190923)
D/WifiStateMachine( 1025): handleMessage: E msg.what=131155
D/WifiStateMachine( 1025): processMsg: ConnectedState
D/WifiStateMachine( 1025): processMsg: L2ConnectedState
D/WifiStateMachine( 1025): handleMessage: X
D/WifiStateMachine( 1025): handleMessage: E msg.what=151572
D/WifiStateMachine( 1025): processMsg: ConnectedState
D/WifiStateMachine( 1025): processMsg: L2ConnectedState
D/WifiStateMachine( 1025): handleMessage: X
D/WifiStateMachine( 1025): handleMessage: E msg.what=151572
D/WifiStateMachine( 1025): processMsg: ConnectedState
D/WifiStateMachine( 1025): processMsg: L2ConnectedState
D/WifiStateMachine( 1025): handleMessage: X
D/WifiStateMachine( 1025): handleMessage: E msg.what=151572
D/WifiStateMachine( 1025): processMsg: ConnectedState
D/WifiStateMachine( 1025): processMsg: L2ConnectedState
D/WifiStateMachine( 1025): handleMessage: X
D/dalvikvm(26395): GC_CONCURRENT freed 1688K, 26% free 13214K/17740K, paused 21ms+5ms, total 97ms
D/dalvikvm(26395): WAIT_FOR_CONCURRENT_GC blocked 15ms
D/Ulp_jni ( 1025): Location CB invoked
D/WifiStateMachine( 1025): handleMessage: E msg.what=131155
D/WifiStateMachine( 1025): processMsg: ConnectedState
D/WifiStateMachine( 1025): processMsg: L2ConnectedState
D/WifiStateMachine( 1025): handleMessage: X
W/ContextImpl( 1295): Calling a method in the system process without a qualified user: android.app.ContextImpl.sendBroadcast:1252 android.content.ContextWrapper.sendBroadcast:365 com.motorola.motocare.util.TriggerHelper$TriggerBuilder.send:76 com.motorola.motocare.internal.frameworkevents.PauseResumeTrigger.handleFrameworkEvent:53 com.motorola.motocare.internal.frameworkevents.FwEventMonitor$FrameworkListener.processFrameworkEvent:114 
W/ContextImpl( 1295): Calling a method in the system process without a qualified user: android.app.ContextImpl.sendBroadcast:1252 android.content.ContextWrapper.sendBroadcast:365 com.motorola.motocare.util.TriggerHelper$TriggerBuilder.send:76 com.motorola.motocare.internal.frameworkevents.PauseResumeTrigger.handleFrameworkEvent:53 com.motorola.motocare.internal.frameworkevents.FwEventMonitor$FrameworkListener.processFrameworkEvent:114 
W/ContextImpl( 1295): Calling a method in the system process without a qualified user: android.app.ContextImpl.sendBroadcast:1252 android.content.ContextWrapper.sendBroadcast:365 com.motorola.motocare.util.TriggerHelper$TriggerBuilder.send:76 com.motorola.motocare.internal.frameworkevents.PauseResumeTrigger.handleFrameworkEvent:53 com.motorola.motocare.internal.frameworkevents.FwEventMonitor$FrameworkListener.processFrameworkEvent:114 
I/SFPerfTracer(  274):      triggers: (rate: 1254:49946) (compose: 0:251) (post: 0:21) (render: 86:10597) (33:786303 frames) (34:3318868)
D/SFPerfTracer(  274):        layers: (5:14) (DimLayer: 0:158)* (DimLayer: 0:134)* (FocusedStackFrame: 0:21965)* (StatusBar: 0:265893) (NavigationBar: 0:204416) (DimLayer: 14:25129) (DimLayer: 0:4805)* (com.android.wallpaper.fall.FallWallpaper: 0:10773)* (co.giftmeapp.gift_me/com.paypal.android.sdk.payments.LoginActivity: 0:152)* (InputMethod: 0:57)* (Authenticating: 0:59)* (co.giftmeapp.gift_me/com.paypal.android.sdk.payments.PaymentConfirmActivity: 0:28) (Processing: 0:36)* (Processing: 34:38) 
W/ContextImpl( 1295): Calling a method in the system process without a qualified user: android.app.ContextImpl.sendBroadcast:1252 android.content.ContextWrapper.sendBroadcast:365 com.motorola.motocare.util.TriggerHelper$TriggerBuilder.send:76 com.motorola.motocare.internal.frameworkevents.PauseResumeTrigger.handleFrameworkEvent:53 com.motorola.motocare.internal.frameworkevents.FwEventMonitor$FrameworkListener.processFrameworkEvent:114 
W/ContextImpl( 1295): Calling a method in the system process without a qualified user: android.app.ContextImpl.sendBroadcast:1252 android.content.ContextWrapper.sendBroadcast:365 com.motorola.motocare.util.TriggerHelper$TriggerBuilder.send:76 com.motorola.motocare.internal.frameworkevents.PauseResumeTrigger.handleFrameworkEvent:53 com.motorola.motocare.internal.frameworkevents.FwEventMonitor$FrameworkListener.processFrameworkEvent:114 
W/ContextImpl( 1295): Calling a method in the system process without a qualified user: android.app.ContextImpl.sendBroadcast:1252 android.content.ContextWrapper.sendBroadcast:365 com.motorola.motocare.util.TriggerHelper$TriggerBuilder.send:76 com.motorola.motocare.internal.frameworkevents.PauseResumeTrigger.handleFrameworkEvent:53 com.motorola.motocare.internal.frameworkevents.FwEventMonitor$FrameworkListener.processFrameworkEvent:114 
D/CordovaActivity(26395): Incoming Result. Request code = 1
D/CordovaActivity(26395): We have a callback to send this result to
D/CordovaActivity(26395): Resuming the App
V/PhoneStatusBar( 1119): setLightsOn(true)
I/ActivityManager( 1025): Start proc com.facebook.katana for content provider com.facebook.katana/.provider.AttributionIdProvider: pid=27490 uid=10110 gids={50110, 1028, 1015, 3003}
D/CordovaLog(26395): file:///android_asset/www/js/paypal_giftme.js: Line 13 : payment success: {
D/CordovaLog(26395):     "response": {
D/CordovaLog(26395):         "state": "approved",
D/CordovaLog(26395):         "id": "PAY-6PU626847B294842SKPEWXHY",
D/CordovaLog(26395):         "create_time": "2014-07-18T18:46:55Z",
D/CordovaLog(26395):         "intent": "sale"
D/CordovaLog(26395):     },
D/CordovaLog(26395):     "client": {
D/CordovaLog(26395):         "platform": "Android",
D/CordovaLog(26395):         "paypal_sdk_version": "2.8.8",
D/CordovaLog(26395):         "product_name": "PayPal-Android-SDK",
D/CordovaLog(26395):         "environment": "mock"
D/CordovaLog(26395):     },
D/CordovaLog(26395):     "response_type": "payment"
D/CordovaLog(26395): }
I/chromium(26395): [INFO:CONSOLE(13)] "payment success: {
I/chromium(26395):     "response": {
I/chromium(26395):         "state": "approved",
I/chromium(26395):         "id": "PAY-6PU626847B294842SKPEWXHY",
I/chromium(26395):         "create_time": "2014-07-18T18:46:55Z",
I/chromium(26395):         "intent": "sale"
I/chromium(26395):     },
I/chromium(26395):     "client": {
I/chromium(26395):         "platform": "Android",
I/chromium(26395):         "paypal_sdk_version": "2.8.8",
I/chromium(26395):         "product_name": "PayPal-Android-SDK",
I/chromium(26395):         "environment": "mock"
I/chromium(26395):     },
I/chromium(26395):     "response_type": "payment"
I/chromium(26395): }", source: file:///android_asset/www/js/paypal_giftme.js (13)
I/OMXNodeInstance(  277): OMX_FreeBuffer for buffer header 0xb8f72220 successful
I/OMXNodeInstance(  277): OMX_FreeBuffer for buffer header 0xb8ecbc70 successful
I/OMXNodeInstance(  277): OMX_FreeBuffer for buffer header 0xb8ecbba0 successful
I/OMXNodeInstance(  277): OMX_FreeBuffer for buffer header 0xb8ecba20 successful
I/OMXNodeInstance(  277): OMX_FreeBuffer for buffer header 0xb8edf470 successful
I/OMXNodeInstance(  277): OMX_FreeBuffer for buffer header 0xb8f726c8 successful
I/OMXNodeInstance(  277): OMX_FreeBuffer for buffer header 0xb8f72588 successful
I/OMXNodeInstance(  277): OMX_FreeBuffer for buffer header 0xb8f72378 successful
W/libutils.threads(  277): Thread (this=0xb8ff6cf0): don't call join() from this Thread object's thread. It's a guaranteed deadlock!
D/CordovaLog(26395): file:///android_asset/www/cordova.js: Line 305 : Error in Success callbackId: PayPalMobile1585241979 : ReferenceError: response is not defined
I/chromium(26395): [INFO:CONSOLE(305)] "Error in Success callbackId: PayPalMobile1585241979 : ReferenceError: response is not defined", source: file:///android_asset/www/cordova.js (305)
D/CordovaLog(26395): file:///android_asset/www/cordova.js: Line 1075 : processMessage failed: Error: ReferenceError: response is not defined
I/chromium(26395): [INFO:CONSOLE(1075)] "processMessage failed: Error: ReferenceError: response is not defined", source: file:///android_asset/www/cordova.js (1075)
I/OMXNodeInstance(  277): OMX_FreeBuffer for buffer header 0xb8f539c8 successful
I/OMXNodeInstance(  277): OMX_FreeBuffer for buffer header 0xb8f7d128 successful
I/OMXNodeInstance(  277): OMX_FreeBuffer for buffer header 0xb9008a88 successful
I/OMXNodeInstance(  277): OMX_FreeBuffer for buffer header 0xb90086c8 successful
I/OMXNodeInstance(  277): OMX_FreeBuffer for buffer header 0xb8f53fc8 successful
I/OMXNodeInstance(  277): OMX_FreeBuffer for buffer header 0xb8f53ea0 successful
I/OMXNodeInstance(  277): OMX_FreeBuffer for buffer header 0xb8f53d60 successful
I/OMXNodeInstance(  277): OMX_FreeBuffer for buffer header 0xb8f53b50 successful
D/CordovaLog(26395): file:///android_asset/www/cordova.js: Line 1076 : processMessage failed: Stack: ReferenceError: response is not defined
D/CordovaLog(26395):     at ppApp.onSuccesfulPayment (file:///android_asset/www/js/paypal_giftme.js:15:13)
D/CordovaLog(26395):     at Object.cordova.callbackFromNative (file:///android_asset/www/cordova.js:286:58)
D/CordovaLog(26395):     at processMessage (file:///android_asset/www/cordova.js:1070:21)
D/CordovaLog(26395):     at Function.androidExec.processMessages (file:///android_asset/www/cordova.js:1107:13)
D/CordovaLog(26395):     at pollOnce (file:///android_asset/www/cordova.js:963:17)
D/CordovaLog(26395):     at pollOnceFromOnlineEvent (file:///android_asset/www/cordova.js:953:5)
I/chromium(26395): [INFO:CONSOLE(1076)] "processMessage failed: Stack: ReferenceError: response is not defined
I/chromium(26395):     at ppApp.onSuccesfulPayment (file:///android_asset/www/js/paypal_giftme.js:15:13)
I/chromium(26395):     at Object.cordova.callbackFromNative (file:///android_asset/www/cordova.js:286:58)
I/chromium(26395):     at processMessage (file:///android_asset/www/cordova.js:1070:21)
I/chromium(26395):     at Function.androidExec.processMessages (file:///android_asset/www/cordova.js:1107:13)
I/chromium(26395):     at pollOnce (file:///android_asset/www/cordova.js:963:17)
I/chromium(26395):     at pollOnceFromOnlineEvent (file:///android_asset/www/cordova.js:953:5)", source: file:///android_asset/www/cordova.js (1076)
D/CordovaLog(26395): file:///android_asset/www/cordova.js: Line 1077 : processMessage failed: Message: S01 PayPalMobile1585241979 {"response":{"state":"approved","id":"PAY-6PU626847B294842SKPEWXHY","create_time":"2014-07-18T18:46:55Z","intent":"sale"},"client":{"platform":"Android","paypal_sdk_version":"2.8.8","product_name":"PayPal-Android-SDK","environment":"mock"},"response_type":"payment"}
I/chromium(26395): [INFO:CONSOLE(1077)] "processMessage failed: Message: S01 PayPalMobile1585241979 {"response":{"state":"approved","id":"PAY-6PU626847B294842SKPEWXHY","create_time":"2014-07-18T18:46:55Z","intent":"sale"},"client":{"platform":"Android","paypal_sdk_version":"2.8.8","product_name":"PayPal-Android-SDK","environment":"mock"},"response_type":"payment"}", source: file:///android_asset/www/cordova.js (1077)
W/libutils.threads(  277): Thread (this=0xb8f7d1e0): don't call join() from this Thread object's thread. It's a guaranteed deadlock!
I/ActivityManager( 1025): Start proc com.google.android.gms.wearable for service com.google.android.gms/.wearable.service.WearableService: pid=27510 uid=10022 gids={50022, 3003, 1007, 1028, 1015, 3002, 3001, 3007, 2001, 3006}
W/dalvikvm(27490): VFY: unable to resolve static field 29078 (a) in Lcom/facebook/katana/app/WorkAppTypes;
D/dalvikvm(27490): VFY: replacing opcode 0x62 at 0x0013
W/dalvikvm(27490): VFY: unable to resolve static field 29079 (b) in Lcom/facebook/katana/app/WorkAppTypes;
