D/CatchMeIfYouCan(21738): Process (<default>) fc: '/data/user/0/com.facebook.katana/app_cmiyc/A1657CCD543F12E66E587EE52ED9D802E22AAC4702'
D/CatchMeIfYouCan(21738): Process (<default>) cp: '('default', 3, 120000, silent [true], restart [false], logout [false])'
D/ACRA    (21738): ACRA is enabled for com.facebook.katana, intializing...
D/CCE     (18647): App motocare requested CCE to send settings
W/BroadcastQueue( 1025): Permission Denial: broadcasting Intent { act=com.motorola.cce.Actions.CCE_SEND_SETTINGS flg=0x10 (has extras) } from com.motorola.genie (pid=21750, uid=10026) is not exported from uid 10034 due to receiver com.motorola.MotGallery2/com.motorola.blur.service.blur.SharedSettingsReceiver
D/ACRA    (21738): Looking for error files in /data/user/0/com.facebook.katana/app_acra-reports
D/ACRA    (21738): Looking for error files in /data/user/0/com.facebook.katana/app_minidumps
D/dalvikvm(21738): Trying to load lib /data/app-lib/com.facebook.katana-1/libgnustl_shared.so 0x41fba7e0
D/dalvikvm(21738): Added shared lib /data/app-lib/com.facebook.katana-1/libgnustl_shared.so 0x41fba7e0
D/dalvikvm(21738): No JNI_OnLoad found in /data/app-lib/com.facebook.katana-1/libgnustl_shared.so 0x41fba7e0, skipping init
D/dalvikvm(21738): Trying to load lib /data/app-lib/com.facebook.katana-1/libfb_breakpad_client.so 0x41fba7e0
D/dalvikvm(21738): Added shared lib /data/app-lib/com.facebook.katana-1/libfb_breakpad_client.so 0x41fba7e0
I/Gmail   (21591): master sync=false, engine sync=true
D/dalvikvm(21738): Trying to load lib /data/app-lib/com.facebook.katana-1/libfb_dalvik-internals.so 0x41fba7e0
D/dalvikvm(21738): Added shared lib /data/app-lib/com.facebook.katana-1/libfb_dalvik-internals.so 0x41fba7e0
V/DexLibLoader(21738): about to lock: /data/user/0/com.facebook.katana/mdex_lock
V/DexLibLoader(21738): locking /data/user/0/com.facebook.katana/mdex_lock took 1 ms
V/DexLibLoader(21738): Secondary program dex metadata: secondary-1.dex.jar.xz 15ef54b77950d1e6c1cbc3342a20571a9fd8050d secondary.dex01.Canary
V/DexLibLoader(21738): Secondary program dex metadata: secondary-2.dex.jar.xz 14bcaeed5ad488eaf139a59d22cf00efbde5948b secondary.dex02.Canary
V/DexLibLoader(21738): Secondary program dex metadata: secondary-3.dex.jar.xz e8acf246c92474061a3e0f7dafec5559e33da2c5 secondary.dex03.Canary
V/DexLibLoader(21738): Secondary program dex metadata: secondary-4.dex.jar.xz 1d7a13e77be07efb41a2c80160a9aec6fff27ad1 secondary.dex04.Canary
V/DexLibLoader(21738): Secondary program dex metadata: secondary-5.dex.jar.xz 42761fa3dedc1f1a9503bece4f2db80adf01f775 secondary.dex05.Canary
V/DexLibLoader(21738): Secondary program dex metadata: secondary-6.dex.jar.xz 1b4455e1ba1ff38a86723e24cd334fa1062519f1 secondary.dex06.Canary
V/DexLibLoader(21738): Secondary program dex metadata: secondary-7.dex.jar.xz a54de6ef97459e1e5b5c8f874a889a38965d3446 secondary.dex07.Canary
V/DexLibLoader(21738): directory "/data/user/0/com.facebook.katana/app_secondary_program_dex" contains "program-15ef54b77950d1e6c1cbc3342a20571a9fd8050d6661a1c7.dex.jar" as expected
V/DexLibLoader(21738): directory "/data/user/0/com.facebook.katana/app_secondary_program_dex" contains "program-14bcaeed5ad488eaf139a59d22cf00efbde5948b6661a1c7.dex.jar" as expected
V/DexLibLoader(21738): directory "/data/user/0/com.facebook.katana/app_secondary_program_dex" contains "program-e8acf246c92474061a3e0f7dafec5559e33da2c56661a1c7.dex.jar" as expected
V/DexLibLoader(21738): directory "/data/user/0/com.facebook.katana/app_secondary_program_dex" contains "program-1d7a13e77be07efb41a2c80160a9aec6fff27ad16661a1c7.dex.jar" as expected
V/DexLibLoader(21738): directory "/data/user/0/com.facebook.katana/app_secondary_program_dex" contains "program-42761fa3dedc1f1a9503bece4f2db80adf01f7756661a1c7.dex.jar" as expected
V/DexLibLoader(21738): directory "/data/user/0/com.facebook.katana/app_secondary_program_dex" contains "program-1b4455e1ba1ff38a86723e24cd334fa1062519f16661a1c7.dex.jar" as expected
V/DexLibLoader(21738): directory "/data/user/0/com.facebook.katana/app_secondary_program_dex" contains "program-a54de6ef97459e1e5b5c8f874a889a38965d34466661a1c7.dex.jar" as expected
D/DexLibLoader(21738): ignoring file "program-15ef54b77950d1e6c1cbc3342a20571a9fd8050d6661a1c7.dex.odex" in "/data/user/0/com.facebook.katana/app_secondary_program_dex"
D/DexLibLoader(21738): ignoring file "program-14bcaeed5ad488eaf139a59d22cf00efbde5948b6661a1c7.dex.odex" in "/data/user/0/com.facebook.katana/app_secondary_program_dex"
D/DexLibLoader(21738): ignoring file "program-e8acf246c92474061a3e0f7dafec5559e33da2c56661a1c7.dex.odex" in "/data/user/0/com.facebook.katana/app_secondary_program_dex"
D/DexLibLoader(21738): ignoring file "program-1d7a13e77be07efb41a2c80160a9aec6fff27ad16661a1c7.dex.odex" in "/data/user/0/com.facebook.katana/app_secondary_program_dex"
D/DexLibLoader(21738): ignoring file "program-42761fa3dedc1f1a9503bece4f2db80adf01f7756661a1c7.dex.odex" in "/data/user/0/com.facebook.katana/app_secondary_program_dex"
D/DexLibLoader(21738): ignoring file "program-1b4455e1ba1ff38a86723e24cd334fa1062519f16661a1c7.dex.odex" in "/data/user/0/com.facebook.katana/app_secondary_program_dex"
D/DexLibLoader(21738): ignoring file "program-a54de6ef97459e1e5b5c8f874a889a38965d34466661a1c7.dex.odex" in "/data/user/0/com.facebook.katana/app_secondary_program_dex"
D/DexLibLoader(21738): directory "/data/user/0/com.facebook.katana/app_secondary_program_dex" is valid
D/DexLibLoader(21738): ignoring file "primary_deps" in "/data/user/0/com.facebook.katana/app_secondary_program_dex_opt"
V/DexLibLoader(21738): directory "/data/user/0/com.facebook.katana/app_secondary_program_dex_opt" contains "program-15ef54b77950d1e6c1cbc3342a20571a9fd8050d6661a1c7.dex.dex" as expected
V/DexLibLoader(21738): directory "/data/user/0/com.facebook.katana/app_secondary_program_dex_opt" contains "program-14bcaeed5ad488eaf139a59d22cf00efbde5948b6661a1c7.dex.dex" as expected
V/DexLibLoader(21738): directory "/data/user/0/com.facebook.katana/app_secondary_program_dex_opt" contains "program-e8acf246c92474061a3e0f7dafec5559e33da2c56661a1c7.dex.dex" as expected
V/DexLibLoader(21738): directory "/data/user/0/com.facebook.katana/app_secondary_program_dex_opt" contains "program-1d7a13e77be07efb41a2c80160a9aec6fff27ad16661a1c7.dex.dex" as expected
V/DexLibLoader(21738): directory "/data/user/0/com.facebook.katana/app_secondary_program_dex_opt" contains "program-42761fa3dedc1f1a9503bece4f2db80adf01f7756661a1c7.dex.dex" as expected
V/DexLibLoader(21738): directory "/data/user/0/com.facebook.katana/app_secondary_program_dex_opt" contains "program-1b4455e1ba1ff38a86723e24cd334fa1062519f16661a1c7.dex.dex" as expected
V/DexLibLoader(21738): directory "/data/user/0/com.facebook.katana/app_secondary_program_dex_opt" contains "program-a54de6ef97459e1e5b5c8f874a889a38965d34466661a1c7.dex.dex" as expected
D/DexLibLoader(21738): directory "/data/user/0/com.facebook.katana/app_secondary_program_dex_opt" is valid
D/DexLibLoader(21738): loading pre-built cross-dex opt odex files
V/dalvik-internals(21738): hooked dvmResolveClass using jump ()
V/dalvik-internals(21738): hooked dvmFlushBreakpoints using jump ()
V/MultiDexClassLoader(21738): installing MultiDexClassLoader before application classloader
I/dalvikvm(21738): Could not find method dalvik.system.DexFile.loadClassBinaryName, referenced from method com.facebook.common.dextricks.DexFileLoadOld.a
W/dalvikvm(21738): VFY: unable to resolve virtual method 2073: Ldalvik/system/DexFile;.loadClassBinaryName (Ljava/lang/String;Ljava/lang/ClassLoader;)Ljava/lang/Class;
D/dalvikvm(21738): VFY: replacing opcode 0x6e at 0x0000
D/DexLibLoader(21738): released odex store lock
D/DexLibLoader(21738): DexLibLoader.loadAll took 46 ms
D/MemoryReductionHack(21738): Marked as initialized entry corresponding to path /data/app/com.facebook.katana-1.apk
D/GcOptimizer(21738): Enabled
V/dalvik-internals(21738): hooked dvmLinearAlloc using jump ()
V/dalvik-internals(21738): hooked dvmLinearRealloc using jump ()
V/dalvik-internals(21738): hooked dvmLinearFree using jump ()
V/dalvik-internals(21738): hooked dvmLinearStrdup using jump ()
V/dalvik-internals(21738): hooked dvmLinearAllocContains using jump ()
I/dalvik-internals(21738): enlarged linearalloc buffer to 33554432 bytes
I/SFPerfTracer(  274):      triggers: (rate: 1010:414976) (303277 sw vsyncs) (962871 skipped) (86:2976012 vsyncs) (88:3733493)
D/WifiStateMachine( 1025): handleMessage: E msg.what=151572
D/WifiStateMachine( 1025): processMsg: ConnectedState
D/WifiStateMachine( 1025): processMsg: L2ConnectedState
D/WifiStateMachine( 1025): handleMessage: X
D/dalvikvm(21591): GC_EXPLICIT freed 1721K, 23% free 13831K/17808K, paused 5ms+10ms, total 62ms
I/ActivityManager( 1025): Process com.motorola.genie (pid 21750) has died.
I/ConversationCursor(21591): ConversationCursor pre-loading took 126ms n=354
I/Gmail   (21591): getMasterSyncAutomatically() return false
I/Gmail   (21591): Sync is off with reason 1
I/Gmail   (21591): getMasterSyncAutomatically() return false
I/Gmail   (21591): Sync is off with reason 1
I/Gmail   (21591): getMasterSyncAutomatically() return false
I/Gmail   (21591): Sync is off with reason 1
W/StaticBindingVerifier(21738): Verify
I/dalvikvm(21738): Could not find method com.facebook.resources.FbResources.getDrawable, referenced from method com.facebook.resources.impl.DownloadedFbResources.getDrawable
W/dalvikvm(21738): VFY: unable to resolve virtual method 48479: Lcom/facebook/resources/FbResources;.getDrawable (ILandroid/content/res/Resources$Theme;)Landroid/graphics/drawable/Drawable;
D/dalvikvm(21738): VFY: replacing opcode 0x6f at 0x0031
D/WifiService( 1025): New client listening to asynchronous messages
D/dalvikvm(21591): GC_EXPLICIT freed 1221K, 23% free 13763K/17808K, paused 3ms+7ms, total 54ms
D/dalvikvm(21591): GC_FOR_ALLOC freed 792K, 24% free 13649K/17808K, paused 27ms, total 27ms
D/dalvikvm(21591): GC_FOR_ALLOC freed 349K, 24% free 13612K/17804K, paused 25ms, total 25ms
I/dalvikvm-heap(21591): Grow heap (frag case) to 15.472MB for 84329-byte allocation
I/ConversationCursor(21591): ConversationCursor pre-loading took 219ms n=356
I/Gmail   (21591): getMasterSyncAutomatically() return false
I/Gmail   (21591): Sync is off with reason 1
I/Gmail   (21591): getMasterSyncAutomatically() return false
I/Gmail   (21591): Sync is off with reason 1
I/Gmail   (21591): getMasterSyncAutomatically() return false
I/Gmail   (21591): Sync is off with reason 1
I/Gmail   (21591): Sending provider changed intent: Intent { act=android.intent.action.PROVIDER_CHANGED dat=content://gmail-ls/unread/^iim (has extras) }
D/dalvikvm(21591): GC_EXPLICIT freed 911K, 22% free 13958K/17888K, paused 2ms+8ms, total 86ms
I/Gmail   (21591): MainSyncRequestProto: lowestBkwdConvoId: 0, highestHandledServerOp: 3722285, normalSync: true
E/ActivityThread(31682): Failed to find provider info for com.facebook.wakizashi.provider.MessagesForegroundProvider
D/dalvikvm(21591): GC_EXPLICIT freed 597K, 25% free 13535K/17888K, paused 12ms+14ms, total 98ms
I/SFPerfTracer(  274):      triggers: (rate: 1149:45810) (compose: 0:228) (post: 0:20) (render: 74:10163) (16:692659 frames) (17:3021492)
D/SFPerfTracer(  274):        layers: (4:13) (DimLayer: 0:158)* (DimLayer: 0:90)* (FocusedStackFrame: 0:18908)* (StatusBar: 1:235805) (NavigationBar: 0:178887) (DimLayer: 0:22119)* (DimLayer: 0:3874)* (com.android.wallpaper.fall.FallWallpaper: 0:50977)* (: 0:129)* (: 0:507)* (: 0:160) (: 0:133)* (com.google.android.gm/com.google.android.gm.ConversationListActivityGmail: 17:283) 
D/WifiStateMachine( 1025): handleMessage: E msg.what=151572
D/WifiStateMachine( 1025): processMsg: ConnectedState
D/WifiStateMachine( 1025): processMsg: L2ConnectedState
D/WifiStateMachine( 1025): handleMessage: X
I/ConversationCursor(21591): ConversationCursor pre-loading took 192ms n=358
I/Gmail   (21591): getMasterSyncAutomatically() return false
I/Gmail   (21591): Sync is off with reason 1
D/WifiStateMachine( 1025): handleMessage: E msg.what=131155
D/WifiStateMachine( 1025): processMsg: ConnectedState
D/WifiStateMachine( 1025): processMsg: L2ConnectedState
I/Gmail   (21591): getMasterSyncAutomatically() return false
I/Gmail   (21591): Sync is off with reason 1
D/WifiStateMachine( 1025): handleMessage: X
I/Gmail   (21591): getMasterSyncAutomatically() return false
I/Gmail   (21591): Sync is off with reason 1
E/dalvikvm(21738): Could not find class 'org.apache.harmony.xnet.provider.jsse.OpenSSLSocketImpl', referenced from method com.facebook.ssl.openssl.check.CheckOpenSSLImplHasRequiredMethods.<clinit>
W/dalvikvm(21738): VFY: unable to resolve const-class 13808 (Lorg/apache/harmony/xnet/provider/jsse/OpenSSLSocketImpl;) in Lcom/facebook/ssl/openssl/check/CheckOpenSSLImplHasRequiredMethods;
D/dalvikvm(21738): VFY: replacing opcode 0x1c at 0x000d
E/dalvikvm(21738): Could not find class 'org.apache.harmony.xnet.provider.jsse.OpenSSLSocketFactoryImpl', referenced from method com.facebook.ssl.openssl.reflect.SSLParametersGetter.<clinit>
W/dalvikvm(21738): VFY: unable to resolve const-class 13807 (Lorg/apache/harmony/xnet/provider/jsse/OpenSSLSocketFactoryImpl;) in Lcom/facebook/ssl/openssl/reflect/SSLParametersGetter;
D/dalvikvm(21738): VFY: replacing opcode 0x1c at 0x000d
E/dalvikvm(21738): Could not find class 'org.apache.harmony.xnet.provider.jsse.SSLParametersImpl', referenced from method com.facebook.ssl.openssl.reflect.SSLParametersGetter.a
W/dalvikvm(21738): VFY: unable to resolve check-cast 13809 (Lorg/apache/harmony/xnet/provider/jsse/SSLParametersImpl;) in Lcom/facebook/ssl/openssl/reflect/SSLParametersGetter;
D/dalvikvm(21738): VFY: replacing opcode 0x1f at 0x0006
E/dalvikvm(21738): Could not find class 'org.apache.harmony.xnet.provider.jsse.SSLParametersImpl', referenced from method com.facebook.ssl.openssl.reflect.SSLSessionTimeoutSetter.<clinit>
W/dalvikvm(21738): VFY: unable to resolve const-class 13809 (Lorg/apache/harmony/xnet/provider/jsse/SSLParametersImpl;) in Lcom/facebook/ssl/openssl/reflect/SSLSessionTimeoutSetter;
D/dalvikvm(21738): VFY: replacing opcode 0x1c at 0x000d
W/dalvikvm(21738): VFY: unable to find class referenced in signature (Lorg/apache/harmony/xnet/provider/jsse/SSLParametersImpl;)
E/dalvikvm(21738): Could not find class 'org.apache.harmony.xnet.provider.jsse.ClientSessionContext', referenced from method com.facebook.ssl.openssl.reflect.SSLSessionTimeoutSetter.a
W/dalvikvm(21738): VFY: unable to resolve check-cast 13806 (Lorg/apache/harmony/xnet/provider/jsse/ClientSessionContext;) in Lcom/facebook/ssl/openssl/reflect/SSLSessionTimeoutSetter;
D/dalvikvm(21738): VFY: replacing opcode 0x1f at 0x0006
W/dalvikvm(21738): VFY: unable to find class referenced in signature (Lorg/apache/harmony/xnet/provider/jsse/SSLParametersImpl;)
W/dalvikvm(21738): Unable to resolve superclass of Lcom/facebook/ssl/openssl/TicketEnabledOpenSSLSocketImplWrapper; (11243)
W/dalvikvm(21738): Link of class 'Lcom/facebook/ssl/openssl/TicketEnabledOpenSSLSocketImplWrapper;' failed
E/dalvikvm(21738): Could not find class 'com.facebook.ssl.openssl.TicketEnabledOpenSSLSocketImplWrapper', referenced from method com.facebook.ssl.openssl.TicketEnabledOpenSSLSocketFactoryHelper.a
W/dalvikvm(21738): VFY: unable to resolve new-instance 10681 (Lcom/facebook/ssl/openssl/TicketEnabledOpenSSLSocketImplWrapper;) in Lcom/facebook/ssl/openssl/TicketEnabledOpenSSLSocketFactoryHelper;
D/dalvikvm(21738): VFY: replacing opcode 0x22 at 0x0000
W/dalvikvm(21738): Unable to resolve superclass of Lcom/facebook/ssl/openssl/TicketEnabledOpenSSLSocketImplWrapper; (11243)
W/dalvikvm(21738): Link of class 'Lcom/facebook/ssl/openssl/TicketEnabledOpenSSLSocketImplWrapper;' failed
D/dalvikvm(21738): DexOpt: unable to opt direct call 0xc22f at 0x08 in Lcom/facebook/ssl/openssl/TicketEnabledOpenSSLSocketFactoryHelper;.a
D/dalvikvm(21738): Trying to load lib /data/app-lib/com.facebook.katana-1/libfbjni.so 0x41fba7e0
D/dalvikvm(21591): GC_EXPLICIT freed 630K, 24% free 13743K/17888K, paused 5ms+15ms, total 63ms
D/dalvikvm(21738): Added shared lib /data/app-lib/com.facebook.katana-1/libfbjni.so 0x41fba7e0
D/dalvikvm(21738): Trying to load lib /data/app-lib/com.facebook.katana-1/libcares.so 0x41fba7e0
D/dalvikvm(21738): Added shared lib /data/app-lib/com.facebook.katana-1/libcares.so 0x41fba7e0
D/dalvikvm(21738): No JNI_OnLoad found in /data/app-lib/com.facebook.katana-1/libcares.so 0x41fba7e0, skipping init
D/dalvikvm(21738): Trying to load lib /data/app-lib/com.facebook.katana-1/libdouble-conversion.so 0x41fba7e0
D/dalvikvm(21738): Added shared lib /data/app-lib/com.facebook.katana-1/libdouble-conversion.so 0x41fba7e0
D/dalvikvm(21738): No JNI_OnLoad found in /data/app-lib/com.facebook.katana-1/libdouble-conversion.so 0x41fba7e0, skipping init
D/dalvikvm(21738): Trying to load lib /data/app-lib/com.facebook.katana-1/libevent.so 0x41fba7e0
D/dalvikvm(21738): Added shared lib /data/app-lib/com.facebook.katana-1/libevent.so 0x41fba7e0
D/dalvikvm(21738): No JNI_OnLoad found in /data/app-lib/com.facebook.katana-1/libevent.so 0x41fba7e0, skipping init
D/dalvikvm(21738): Trying to load lib /data/app-lib/com.facebook.katana-1/libliger.so 0x41fba7e0
I/Gmail   (21591): MainSyncRequestProto: lowestBkwdConvoId: 0, highestHandledServerOp: 3722293, normalSync: true
I/Gmail   (21591): lowestBackward conversation id 0
D/dalvikvm(21738): Added shared lib /data/app-lib/com.facebook.katana-1/libliger.so 0x41fba7e0
D/dalvikvm(31682): GC_CONCURRENT freed 2430K, 14% free 15523K/18004K, paused 7ms+10ms, total 86ms
D/dalvikvm(21591): GC_EXPLICIT freed 256K, 25% free 13511K/17888K, paused 3ms+8ms, total 47ms
D/dalvikvm( 1025): GC_EXPLICIT freed 653K, 41% free 29982K/50444K, paused 7ms+20ms, total 203ms
I/ConversationCursor(21591): ConversationCursor pre-loading took 225ms n=358
I/Gmail   (21591): notifyAccountChanged
I/Gmail   (21591): getMasterSyncAutomatically() return false
I/Gmail   (21591): Sync is off with reason 1
I/Gmail   (21591): getMasterSyncAutomatically() return false
I/Gmail   (21591): Sync is off with reason 1
I/Gmail   (21591): getMasterSyncAutomatically() return false
I/Gmail   (21591): Sync is off with reason 1
I/Gmail   (21591): getAccountsCursor
W/fb4a(:<default>):AbstractMqttPushService(21738): Attempt to start service that is already started
I/Gmail   (21591): notifyAccountChanged
W/Gmail   (21591): Sync complete for account: account:1876589582
I/Gmail   (21591): master sync=false, engine sync=true
I/Gmail   (21591): master sync=false, engine sync=true
I/Gmail   (21591): getAccountsCursor
I/Gmail   (21591): master sync=false, engine sync=true
I/Gmail   (21591): master sync=false, engine sync=true
D/dalvikvm(21738): Trying to load lib /data/app-lib/com.facebook.katana-1/libheartbleed.so 0x41fba7e0
D/dalvikvm(21738): Added shared lib /data/app-lib/com.facebook.katana-1/libheartbleed.so 0x41fba7e0
D/WifiStateMachine( 1025): handleMessage: E msg.what=151572
D/WifiStateMachine( 1025): processMsg: ConnectedState
D/WifiStateMachine( 1025): processMsg: L2ConnectedState
D/WifiStateMachine( 1025): handleMessage: X
D/dalvikvm(21591): GC_EXPLICIT freed 990K, 23% free 13818K/17888K, paused 2ms+8ms, total 50ms
I/ConversationCursor(21591): ConversationCursor pre-loading took 140ms n=358
I/Gmail   (21591): getMasterSyncAutomatically() return false
I/Gmail   (21591): Sync is off with reason 1
I/Gmail   (21591): getMasterSyncAutomatically() return false
I/Gmail   (21591): Sync is off with reason 1
I/Gmail   (21591): getMasterSyncAutomatically() return false
I/Gmail   (21591): Sync is off with reason 1
I/SFPerfTracer(  274):      triggers: (rate: 1010:414976) (303277 sw vsyncs) (962871 skipped) (34:2976121 vsyncs) (36:3733619)
I/Gmail   (21591): master sync=false, engine sync=true
I/dalvikvm(21591): Jit: resizing JitTable from 4096 to 8192
D/dalvikvm(21591): GC_EXPLICIT freed 1276K, 23% free 13798K/17888K, paused 2ms+6ms, total 47ms
I/ConversationCursor(21591): ConversationCursor pre-loading took 110ms n=358
I/Gmail   (21591): getMasterSyncAutomatically() return false
I/Gmail   (21591): Sync is off with reason 1
I/Gmail   (21591): getMasterSyncAutomatically() return false
I/Gmail   (21591): Sync is off with reason 1
I/Gmail   (21591): getMasterSyncAutomatically() return false
I/Gmail   (21591): Sync is off with reason 1
I/Icing   (20392): Indexing D17968A53063C04C2867DE555C4FF7CADEC8E5F2 from com.google.android.gm
I/ConversationCursor(21591): Resuming caching, pos=0 idler=com.android.mail.utils.m@420e4b50
D/dalvikvm(21591): GC_CONCURRENT freed 1644K, 21% free 14184K/17888K, paused 2ms+6ms, total 46ms
I/Icing   (20392): Indexing done D17968A53063C04C2867DE555C4FF7CADEC8E5F2
D/WifiStateMachine( 1025): handleMessage: E msg.what=151572
D/WifiStateMachine( 1025): processMsg: ConnectedState
D/WifiStateMachine( 1025): processMsg: L2ConnectedState
D/WifiStateMachine( 1025): handleMessage: X
D/dalvikvm(21591): GC_EXPLICIT freed 629K, 22% free 14087K/17888K, paused 3ms+4ms, total 41ms
I/ConversationCursor(21591): Caching complete pos=358
D/WifiStateMachine( 1025): handleMessage: E msg.what=151572
D/WifiStateMachine( 1025): processMsg: ConnectedState
D/WifiStateMachine( 1025): processMsg: L2ConnectedState
D/WifiStateMachine( 1025): handleMessage: X
D/WifiStateMachine( 1025): handleMessage: E msg.what=131155
D/WifiStateMachine( 1025): processMsg: ConnectedState
D/WifiStateMachine( 1025): processMsg: L2ConnectedState
D/WifiStateMachine( 1025): handleMessage: X
D/WifiStateMachine( 1025): handleMessage: E msg.what=151572
D/WifiStateMachine( 1025): processMsg: ConnectedState
D/WifiStateMachine( 1025): processMsg: L2ConnectedState
D/WifiStateMachine( 1025): handleMessage: X
W/BroadcastQueue( 1025): Permission Denial: broadcasting Intent { act=android.net.conn.INET_CONDITION_ACTION flg=0x4000010 (has extras) } from null (pid=-1, uid=-1) requires com.facebook.permission.prod.FB_APP_COMMUNICATION due to registered receiver BroadcastFilter{42ab1cb0 u0 ReceiverList{42d16858 21738 com.facebook.katana/10110/u0 remote:42406ce8}}
W/BroadcastQueue( 1025): Permission Denial: broadcasting Intent { act=android.net.conn.CONNECTIVITY_CHANGE flg=0x4000010 (has extras) } from null (pid=-1, uid=-1) requires com.facebook.permission.prod.FB_APP_COMMUNICATION due to registered receiver BroadcastFilter{42ab1cb0 u0 ReceiverList{42d16858 21738 com.facebook.katana/10110/u0 remote:42406ce8}}
W/dalvikvm(21738): Unable to resolve superclass of Lcom/facebook/push/adm/ADMBroadcastReceiver; (505)
W/dalvikvm(21738): Link of class 'Lcom/facebook/push/adm/ADMBroadcastReceiver;' failed
E/dalvikvm(21738): Could not find class 'com.facebook.push.adm.ADMBroadcastReceiver', referenced from method com.facebook.push.adm.ADMPushManager.b
W/dalvikvm(21738): VFY: unable to resolve const-class 8355 (Lcom/facebook/push/adm/ADMBroadcastReceiver;) in Lcom/facebook/push/adm/ADMPushManager;
D/dalvikvm(21738): VFY: replacing opcode 0x1c at 0x000e
W/fb4a(:<default>):AbstractMqttPushService(21738): Attempt to start service that is already started
W/fb4a(:<default>):AbstractMqttPushService(21738): Attempt to start service that is already started
D/dalvikvm(21738): GC_CONCURRENT freed 4089K, 25% free 13036K/17224K, paused 5ms+6ms, total 54ms
I/SFPerfTracer(  274):      triggers: (rate: 1149:45813) (compose: 0:228) (post: 0:20) (render: 74:10163) (47:692797 frames) (48:3021635)
D/SFPerfTracer(  274):        layers: (5:14) (DimLayer: 0:158)* (DimLayer: 0:90)* (FocusedStackFrame: 0:18908)* (StatusBar: 33:235874) (NavigationBar: 0:178887) (DimLayer: 0:22119)* (DimLayer: 0:3874)* (com.android.wallpaper.fall.FallWallpaper: 0:50977)* (: 0:129)* (: 0:508)* (: 0:161) (: 0:133)* (com.google.android.gm/com.google.android.gm.ConversationListActivityGmail: 25:391) (: 0:14) 
W/BroadcastQueue( 1025): Permission Denial: broadcasting Intent { act=android.net.conn.CONNECTIVITY_CHANGE flg=0x4000010 (has extras) } from null (pid=-1, uid=-1) requires com.facebook.permission.prod.FB_APP_COMMUNICATION due to registered receiver BroadcastFilter{42861920 u0 ReceiverList{42c6b840 21738 com.facebook.katana/10110/u0 remote:42858390}}
D/GcOptimizer(21738): Configure for next cold start: enable
D/WifiStateMachine( 1025): handleMessage: E msg.what=151572
D/WifiStateMachine( 1025): processMsg: ConnectedState
D/WifiStateMachine( 1025): processMsg: L2ConnectedState
D/WifiStateMachine( 1025): handleMessage: X
D/WifiStateMachine( 1025): handleMessage: E msg.what=151572
D/WifiStateMachine( 1025): processMsg: ConnectedState
D/WifiStateMachine( 1025): processMsg: L2ConnectedState
D/WifiStateMachine( 1025): handleMessage: X
D/WifiStateMachine( 1025): handleMessage: E msg.what=131155
D/WifiStateMachine( 1025): processMsg: ConnectedState
D/WifiStateMachine( 1025): processMsg: L2ConnectedState
D/WifiStateMachine( 1025): handleMessage: X
D/Ulp_jni ( 1025): Location CB invoked
I/SFPerfTracer(  274):      triggers: (rate: 1010:414976) (303277 sw vsyncs) (962871 skipped) (51:2976252 vsyncs) (53:3733762)
D/WifiStateMachine( 1025): handleMessage: E msg.what=151572
D/WifiStateMachine( 1025): processMsg: ConnectedState
D/WifiStateMachine( 1025): processMsg: L2ConnectedState
D/WifiStateMachine( 1025): handleMessage: X
D/dalvikvm(21738): GC_CONCURRENT freed 7126K, 34% free 14090K/21252K, paused 5ms+10ms, total 68ms
I/SFPerfTracer(  274):      triggers: (rate: 1149:45813) (compose: 0:228) (post: 0:20) (render: 74:10163) (0:692842 frames) (1:3021735)
D/SFPerfTracer(  274):        layers: (4:14) (DimLayer: 0:158)* (DimLayer: 0:90)* (FocusedStackFrame: 0:18908)* (StatusBar: 0:235877) (NavigationBar: 0:178887) (DimLayer: 0:22119)* (DimLayer: 0:3874)* (com.android.wallpaper.fall.FallWallpaper: 0:50977)* (: 0:129)* (: 0:508)* (: 0:161) (: 0:133)* (com.google.android.gm/com.google.android.gm.ConversationListActivityGmail: 1:457) (: 0:48)* 
I/SBar.NetworkController( 1119): refreshSignalCluster: mobile: Signal=zz_moto_stat_sys_signal_3_fully_wide Roaming=(none) mSimIconId=(none) Accessibility="Phone three bars.","Not roaming.",""
I/SBar.NetworkController( 1119): onSignalStrengthsChanged SignalStrength: 5 0 -120 -160 -120 -1 -1 99 2147483647 2147483647 2147483647 2147483647 2147483647 gsm|lte 0 -108 -1 false 2 2 0 0 0 99 99 99 4 level=2
I/ActivityManager( 1025): Process com.google.android.gms.wearable (pid 21172) has died.
W/ActivityManager( 1025): Scheduling restart of crashed service com.google.android.gms/.wearable.service.WearableService in 40819ms
I/ActivityManager( 1025): Process com.rhmsoft.fm:service (pid 21361) has died.
W/ActivityManager( 1025): Scheduling restart of crashed service com.rhmsoft.fm/com.cleanmaster.fm.service.BackgroundService in 491408ms
D/WifiStateMachine( 1025): handleMessage: E msg.what=151572
D/WifiStateMachine( 1025): processMsg: ConnectedState
D/WifiStateMachine( 1025): processMsg: L2ConnectedState
D/WifiStateMachine( 1025): handleMessage: X
I/ActivityManager( 1025): Process android.process.media (pid 19946) has died.
W/ActivityManager( 1025): Scheduling restart of crashed service com.android.providers.media/.MtpService in 651360ms
I/InputReader( 1025): Reconfiguring input devices.  changes=0x00000010
I/PackageManager( 1025): Adding preferred activity ComponentInfo{com.android.mms/com.android.mms.ui.ComposeMessageActivity} for user 0 :
I/PackageManager( 1025):   Action: "android.intent.action.SENDTO"
I/PackageManager( 1025):   Category: "android.intent.category.DEFAULT"
I/PackageManager( 1025):   Scheme: "sms"
I/PackageManager( 1025): Adding preferred activity ComponentInfo{com.android.mms/com.android.mms.ui.ComposeMessageActivity} for user 0 :
I/PackageManager( 1025):   Action: "android.intent.action.SENDTO"
I/PackageManager( 1025):   Category: "android.intent.category.DEFAULT"
I/PackageManager( 1025):   Scheme: "smsto"
I/ActivityManager( 1025): Start proc com.android.vending for broadcast com.android.vending/com.google.android.finsky.receivers.PackageMonitorReceiver$RegisteredReceiver: pid=21927 uid=10039 gids={50039, 3003, 1028, 1015}
I/Launcher(21438): Deferring update until onResume
D/dalvikvm(  275): GC_EXPLICIT freed 42K, 48% free 9011K/17224K, paused 3ms+3ms, total 28ms
D/dalvikvm(  275): GC_EXPLICIT freed <1K, 48% free 9011K/17224K, paused 2ms+3ms, total 22ms
D/dalvikvm( 1288): GC_CONCURRENT freed 1940K, 38% free 10705K/17224K, paused 6ms+3ms, total 137ms
I/PackageManager( 1025): Adding preferred activity ComponentInfo{com.android.mms/com.android.mms.ui.ComposeMessageActivity} for user 0 :
I/PackageManager( 1025):   Action: "android.intent.action.SENDTO"
I/PackageManager( 1025):   Category: "android.intent.category.DEFAULT"
I/PackageManager( 1025):   Scheme: "mms"
D/dalvikvm(  275): GC_EXPLICIT freed <1K, 48% free 9011K/17224K, paused 1ms+3ms, total 22ms
D/WifiStateMachine( 1025): handleMessage: E msg.what=151572
D/WifiStateMachine( 1025): processMsg: ConnectedState
D/WifiStateMachine( 1025): processMsg: L2ConnectedState
D/WifiStateMachine( 1025): handleMessage: X
I/PackageManager( 1025): Adding preferred activity ComponentInfo{com.android.mms/com.android.mms.ui.ComposeMessageActivity} for user 0 :
I/PackageManager( 1025):   Action: "android.intent.action.SENDTO"
I/PackageManager( 1025):   Category: "android.intent.category.DEFAULT"
I/PackageManager( 1025):   Scheme: "mmsto"
I/PackageManager( 1025): Adding preferred activity ComponentInfo{com.android.mms/com.android.mms.ui.ComposeMessageActivity} for user 0 :
I/PackageManager( 1025):   Action: "android.intent.action.SENDTO"
I/PackageManager( 1025):   Category: "android.intent.category.DEFAULT"
I/PackageManager( 1025):   Scheme: "sms"
D/WifiStateMachine( 1025): handleMessage: E msg.what=131155
D/WifiStateMachine( 1025): processMsg: ConnectedState
D/WifiStateMachine( 1025): processMsg: L2ConnectedState
D/WifiStateMachine( 1025): handleMessage: X
I/PackageManager( 1025): Adding preferred activity ComponentInfo{com.android.mms/com.android.mms.ui.ComposeMessageActivity} for user 0 :
I/PackageManager( 1025):   Action: "android.intent.action.SENDTO"
I/PackageManager( 1025):   Category: "android.intent.category.DEFAULT"
I/PackageManager( 1025):   Scheme: "smsto"
I/PackageManager( 1025): Adding preferred activity ComponentInfo{com.android.mms/com.android.mms.ui.ComposeMessageActivity} for user 0 :
I/PackageManager( 1025):   Action: "android.intent.action.SENDTO"
I/PackageManager( 1025):   Category: "android.intent.category.DEFAULT"
I/PackageManager( 1025):   Scheme: "mms"
I/PackageManager( 1025): Adding preferred activity ComponentInfo{com.android.mms/com.android.mms.ui.ComposeMessageActivity} for user 0 :
I/PackageManager( 1025):   Action: "android.intent.action.SENDTO"
I/PackageManager( 1025):   Category: "android.intent.category.DEFAULT"
I/PackageManager( 1025):   Scheme: "mmsto"
I/Launcher(21438): Deferring update until onResume
D/Finsky  (21927): [1] FinskyApp.onCreate: Initializing network with DFE https://android.clients.google.com/fdfe/
I/SFPerfTracer(  274):      triggers: (rate: 1010:414976) (303277 sw vsyncs) (962871 skipped) (34:2976368 vsyncs) (36:3733888)
D/Finsky  (21927): [1] DailyHygiene.goMakeHygieneIfDirty: No need to run daily hygiene.
W/Settings(21927): Setting download_manager_max_bytes_over_mobile has moved from android.provider.Settings.Secure to android.provider.Settings.Global.
W/Settings(21927): Setting download_manager_recommended_max_bytes_over_mobile has moved from android.provider.Settings.Secure to android.provider.Settings.Global.
I/dalvikvm(21927): Could not find method com.google.android.play.layout.PlayCardViewBase.setTransitionName, referenced from method com.google.android.finsky.utils.PlayCardUtils.bindCard
W/dalvikvm(21927): VFY: unable to resolve virtual method 42705: Lcom/google/android/play/layout/PlayCardViewBase;.setTransitionName (Ljava/lang/String;)V
D/dalvikvm(21927): VFY: replacing opcode 0x6e at 0x00d9
I/dalvikvm(21927): Could not find method com.google.android.play.layout.PlayCardViewBase.setTransitionGroup, referenced from method com.google.android.finsky.utils.PlayCardUtils.bindCard
W/dalvikvm(21927): VFY: unable to resolve virtual method 42704: Lcom/google/android/play/layout/PlayCardViewBase;.setTransitionGroup (Z)V
D/dalvikvm(21927): VFY: replacing opcode 0x6e at 0x0246
I/dalvikvm(21927): Could not find method android.view.View.getTransitionName, referenced from method com.google.android.finsky.navigationmanager.NavigationManager.showPage
W/dalvikvm(21927): VFY: unable to resolve virtual method 9352: Landroid/view/View;.getTransitionName ()Ljava/lang/String;
D/dalvikvm(21927): VFY: replacing opcode 0x6e at 0x001a
D/dalvikvm( 1119): GC_CONCURRENT freed 1927K, 34% free 13604K/20556K, paused 7ms+6ms, total 53ms
D/Finsky  (21927): [1] 2.run: Loaded library for account: [gKXbJhL8NA2nPUzZyFpjB6tKi7U]
D/Finsky  (21927): [1] 2.run: Finished loading 1 libraries.
D/PackageBroadcastService(20392): Received broadcast action=android.intent.action.PACKAGE_CHANGED and uri=com.motorola.genie
I/ActivityManager( 1025): Process com.android.vending (pid 21927) has died.
I/ActivityManager( 1025): Start proc com.motorola.MotGallery2 for broadcast com.motorola.MotGallery2/com.android.gallery3d.app.PackagesMonitor: pid=21968 uid=10034 gids={50034, 3003, 1028, 1015}
I/ActivityManager( 1025): START u0 {act=android.intent.action.EDIT dat=setting://gmail/?account=timcallagy@gmail.com flg=0x80000 pkg=com.google.android.gm cmp=com.google.android.gm/.Gmail2PreferenceActivity} from pid 21591
W/ContextImpl( 1295): Calling a method in the system process without a qualified user: android.app.ContextImpl.sendBroadcast:1252 android.content.ContextWrapper.sendBroadcast:365 com.motorola.motocare.util.TriggerHelper$TriggerBuilder.send:76 com.motorola.motocare.internal.frameworkevents.PauseResumeTrigger.handleFrameworkEvent:53 com.motorola.motocare.internal.frameworkevents.FwEventMonitor$FrameworkListener.processFrameworkEvent:114 
D/WifiStateMachine( 1025): handleMessage: E msg.what=151572
D/WifiStateMachine( 1025): processMsg: ConnectedState
D/WifiStateMachine( 1025): processMsg: L2ConnectedState
W/ContextImpl( 1295): Calling a method in the system process without a qualified user: android.app.ContextImpl.sendBroadcast:1252 android.content.ContextWrapper.sendBroadcast:365 com.motorola.motocare.util.TriggerHelper$TriggerBuilder.send:76 com.motorola.motocare.internal.frameworkevents.PauseResumeTrigger.handleFrameworkEvent:53 com.motorola.motocare.internal.frameworkevents.FwEventMonitor$FrameworkListener.processFrameworkEvent:114 
D/WifiStateMachine( 1025): handleMessage: X
I/ActivityManager( 1025): Start proc android.process.media for content provider com.android.providers.media/.MediaProvider: pid=21982 uid=10018 gids={50018, 1028, 1015, 1023, 1024, 2001, 3003, 3007}
I/ActivityManager( 1025): Start proc com.google.android.googlequicksearchbox:search for broadcast com.google.android.googlequicksearchbox/com.google.android.search.core.icingsync.IcingCorporaChangedReceiver: pid=21996 uid=10045 gids={50045, 3003, 3001, 1028, 3002, 1015}
I/SBar.NetworkController( 1119): onSignalStrengthsChanged SignalStrength: 4 0 -120 -160 -120 -1 -1 99 2147483647 2147483647 2147483647 2147483647 2147483647 gsm|lte 0 -108 -1 false 1 1 0 0 0 99 99 99 4 level=1
I/ActivityManager( 1025): Process com.motorola.MotGallery2 (pid 21968) has died.
I/SFPerfTracer(  274):      triggers: (rate: 1149:45813) (compose: 0:228) (post: 0:20) (render: 74:10163) (6:692848 frames) (7:3021841)
D/SFPerfTracer(  274):        layers: (4:14) (DimLayer: 0:158)* (DimLayer: 0:90)* (FocusedStackFrame: 1:18910)* (StatusBar: 1:235882) (NavigationBar: 0:178887) (DimLayer: 0:22119)* (DimLayer: 0:3874)* (com.android.wallpaper.fall.FallWallpaper: 0:50977)* (: 0:129)* (: 0:508)* (: 0:161) (: 0:133)* (com.google.android.gm/com.google.android.gm.ConversationListActivityGmail: 0:554) (com.google.android.gm/com.google.android.gm.Gmail2PreferenceActivity: 7:8)* 
I/LaunchCheckinHandler( 1025): Displayed com.google.android.gm/.Gmail2PreferenceActivity,wp,ca,419
I/ActivityManager( 1025): Displayed com.google.android.gm/.Gmail2PreferenceActivity: +419ms
I/UpdateIcingCorporaServi(21996): Updating corpora: APPS=com.motorola.genie, CONTACTS=MAYBE
D/dalvikvm(32113): GC_CONCURRENT freed 2029K, 32% free 11869K/17228K, paused 4ms+4ms, total 68ms
D/dalvikvm(32113): WAIT_FOR_CONCURRENT_GC blocked 28ms
D/MtpService(21982): updating state; isCurrentUser=true, mMtpLocked=false
D/MtpService(21982): mUsbDriverRestricted=false
D/MtpService(21982): addStorageLocked 65537 /storage/emulated/0
D/MtpService(21982): updating state; isCurrentUser=true, mMtpLocked=false
D/MtpService(21982): starting MTP server in MTP mode
D/MtpService(21982): addStorageLocked 65537 /storage/emulated/0
D/dalvikvm(21982): No JNI_OnLoad found in /system/lib/libcryptomodes-jni.so 0x41fab688, skipping init
I/openssl (21982): Crypto mode not selected, openssl will run on its regular mode.
I/openssl (21982): Crypto mode 0 already enabled
I/ActivityManager( 1025): Start proc com.google.android.partnersetup for content provider com.google.android.partnersetup/.RlzAppProvider: pid=22021 uid=10025 gids={50025, 3003}
I/dalvikvm(21996): Could not find method android.content.pm.PackageManager.getPackageInstaller, referenced from method com.google.android.gms.common.e.p
W/dalvikvm(21996): VFY: unable to resolve virtual method 901: Landroid/content/pm/PackageManager;.getPackageInstaller ()Landroid/content/pm/PackageInstaller;
D/dalvikvm(21996): VFY: replacing opcode 0x6e at 0x000b
I/ActivityManager( 1025): Process com.google.android.partnersetup (pid 22021) has died.
D/dalvikvm( 1025): GC_EXPLICIT freed 1702K, 40% free 30510K/50444K, paused 10ms+21ms, total 242ms
I/ApplicationLogger(21996): canRun() : Opted Out
I/UpdateIcingCorporaServi(21996): UpdateCorporaTask done [took 198 ms] updated apps [took 198 ms] 
D/WifiStateMachine( 1025): handleMessage: E msg.what=151572
D/WifiStateMachine( 1025): processMsg: ConnectedState
D/WifiStateMachine( 1025): processMsg: L2ConnectedState
D/WifiStateMachine( 1025): handleMessage: X
I/SBar.NetworkController( 1119): refreshSignalCluster: mobile: Signal=zz_moto_stat_sys_signal_2_fully_wide Roaming=(none) mSimIconId=(none) Accessibility="Phone two bars.","Not roaming.",""
D/WifiStateMachine( 1025): handleMessage: E msg.what=151572
D/WifiStateMachine( 1025): processMsg: ConnectedState
D/WifiStateMachine( 1025): processMsg: L2ConnectedState
D/WifiStateMachine( 1025): handleMessage: X
D/WifiStateMachine( 1025): handleMessage: E msg.what=131155
D/WifiStateMachine( 1025): processMsg: ConnectedState
D/WifiStateMachine( 1025): processMsg: L2ConnectedState
D/WifiStateMachine( 1025): handleMessage: X
I/SFPerfTracer(  274):      triggers: (rate: 1010:414976) (303277 sw vsyncs) (962871 skipped) (37:2976480 vsyncs) (39:3734006)
I/SBar.NetworkController( 1119): onSignalStrengthsChanged SignalStrength: 5 0 -120 -160 -120 -1 -1 99 2147483647 2147483647 2147483647 2147483647 2147483647 gsm|lte 0 -108 -1 false 2 2 0 0 0 99 99 99 4 level=2
D/WifiStateMachine( 1025): handleMessage: E msg.what=151572
D/WifiStateMachine( 1025): processMsg: ConnectedState
D/WifiStateMachine( 1025): processMsg: L2ConnectedState
D/WifiStateMachine( 1025): handleMessage: X
D/WifiStateMachine( 1025): handleMessage: E msg.what=151572
D/WifiStateMachine( 1025): processMsg: ConnectedState
D/WifiStateMachine( 1025): processMsg: L2ConnectedState
D/WifiStateMachine( 1025): handleMessage: X
D/WifiStateMachine( 1025): handleMessage: E msg.what=151572
D/WifiStateMachine( 1025): processMsg: ConnectedState
D/WifiStateMachine( 1025): processMsg: L2ConnectedState
D/WifiStateMachine( 1025): handleMessage: X
D/WifiStateMachine( 1025): handleMessage: E msg.what=131155
D/WifiStateMachine( 1025): processMsg: ConnectedState
D/WifiStateMachine( 1025): processMsg: L2ConnectedState
D/WifiStateMachine( 1025): handleMessage: X
W/InputEventReceiver(21591): Attempted to finish an input event but the input event receiver has already been disposed.
W/InputMethodManagerService( 1025): Window already focused, ignoring focus gain of: com.android.internal.view.IInputMethodClient$Stub$Proxy@42cd5448 attribute=null, token = android.os.BinderProxy@42441258
I/SFPerfTracer(  274):      triggers: (rate: 1149:45813) (compose: 0:228) (post: 0:20) (render: 74:10164) (5:692906 frames) (6:3021944)
D/SFPerfTracer(  274):        layers: (4:15) (DimLayer: 0:158)* (DimLayer: 0:90)* (FocusedStackFrame: 0:18912)* (StatusBar: 0:235886) (NavigationBar: 0:178887) (DimLayer: 0:22119)* (DimLayer: 0:3876)* (com.android.wallpaper.fall.FallWallpaper: 0:50977)* (: 0:129)* (: 0:538)* (: 0:162) (: 0:133)* (com.google.android.gm/com.google.android.gm.ConversationListActivityGmail: 0:573)* (com.google.android.gm/com.google.android.gm.Gmail2PreferenceActivity: 0:49) (PopupWindow:4215a658: 6:47)* 
D/WifiStateMachine( 1025): handleMessage: E msg.what=151572
D/WifiStateMachine( 1025): processMsg: ConnectedState
D/WifiStateMachine( 1025): processMsg: L2ConnectedState
D/WifiStateMachine( 1025): handleMessage: X
V/AlarmManager( 1025): sending alarm Alarm{42aa8790 type 3 android}
D/Ulp_jni ( 1025): Location CB invoked
D/WifiStateMachine( 1025): handleMessage: E msg.what=151572
D/WifiStateMachine( 1025): processMsg: ConnectedState
D/WifiStateMachine( 1025): processMsg: L2ConnectedState
D/WifiStateMachine( 1025): handleMessage: X
W/ContextImpl( 1295): Calling a method in the system process without a qualified user: android.app.ContextImpl.sendBroadcast:1252 android.content.ContextWrapper.sendBroadcast:365 com.motorola.motocare.util.TriggerHelper$TriggerBuilder.send:76 com.motorola.motocare.internal.frameworkevents.PauseResumeTrigger.handleFrameworkEvent:53 com.motorola.motocare.internal.frameworkevents.FwEventMonitor$FrameworkListener.processFrameworkEvent:114 
W/ContextImpl( 1295): Calling a method in the system process without a qualified user: android.app.ContextImpl.sendBroadcast:1252 android.content.ContextWrapper.sendBroadcast:365 com.motorola.motocare.util.TriggerHelper$TriggerBuilder.send:76 com.motorola.motocare.internal.frameworkevents.PauseResumeTrigger.handleFrameworkEvent:53 com.motorola.motocare.internal.frameworkevents.FwEventMonitor$FrameworkListener.processFrameworkEvent:114 
I/Gmail   (21591): GoogleApiClient connected.
I/Gmail   (21591): Contacts Client connected:
D/WifiStateMachine( 1025): handleMessage: E msg.what=151572
D/WifiStateMachine( 1025): processMsg: ConnectedState
D/WifiStateMachine( 1025): processMsg: L2ConnectedState
D/WifiStateMachine( 1025): handleMessage: X
D/WifiStateMachine( 1025): handleMessage: E msg.what=131155
D/WifiStateMachine( 1025): processMsg: ConnectedState
D/WifiStateMachine( 1025): processMsg: L2ConnectedState
D/WifiStateMachine( 1025): handleMessage: X
I/SFPerfTracer(  274):      triggers: (rate: 1010:414976) (303277 sw vsyncs) (962871 skipped) (32:2976569 vsyncs) (34:3734109)
I/ActivityManager( 1025): Start proc com.google.android.music:main for service com.google.android.music/.wear.WearDataTransferConnectionService: pid=22080 uid=10082 gids={50082, 3003, 1028, 1015}
I/MusicStore(22080): Database version: 107
D/dalvikvm(22080): Trying to load lib /data/app-lib/com.google.android.gms-1/libgmscore.so 0x4204abe0
D/dalvikvm(22080): Added shared lib /data/app-lib/com.google.android.gms-1/libgmscore.so 0x4204abe0
D/dalvikvm(22080): No JNI_OnLoad found in /data/app-lib/com.google.android.gms-1/libgmscore.so 0x4204abe0, skipping init
D/dalvikvm(22080): Trying to load lib /data/app-lib/com.google.android.gms-1/libconscrypt_gmscore_jni.so 0x4204abe0
D/dalvikvm(22080): Added shared lib /data/app-lib/com.google.android.gms-1/libconscrypt_gmscore_jni.so 0x4204abe0
V/JNIHelp (22080): Registering com/google/android/gms/org/conscrypt/NativeCrypto's 235 native methods...
I/ActivityManager( 1025): Process com.google.android.googlequicksearchbox:search (pid 21996) has died.
D/dalvikvm(22080): Trying to load lib /data/app-lib/com.google.android.gms-1/libgmscore.so 0x4204abe0
D/dalvikvm(22080): Shared lib '/data/app-lib/com.google.android.gms-1/libgmscore.so' already loaded in same CL 0x4204abe0
D/dalvikvm(22080): Trying to load lib /data/app-lib/com.google.android.gms-1/libconscrypt_gmscore_jni.so 0x4204abe0
D/dalvikvm(22080): Shared lib '/data/app-lib/com.google.android.gms-1/libconscrypt_gmscore_jni.so' already loaded in same CL 0x4204abe0
D/WifiStateMachine( 1025): handleMessage: E msg.what=151572
D/WifiStateMachine( 1025): processMsg: ConnectedState
D/WifiStateMachine( 1025): processMsg: L2ConnectedState
D/WifiStateMachine( 1025): handleMessage: X
I/ProviderInstaller(22080): Installed default security provider GmsCore_OpenSSL
D/AndroidMusic(22080): GMSCore installation verified
I/ConfigStore(22080): Config Database version: 1
D/dalvikvm(16934): GC_EXPLICIT freed 495K, 39% free 10561K/17224K, paused 2ms+5ms, total 56ms
E/cutils  (  261): Failed to mkdirat(/storage/sdcard1/Android): Read-only file system
W/Vold    (  261): Returning OperationFailed - no handler for errno 30
W/ContextImpl(22080): Failed to ensure directory: /storage/sdcard1/Android/data/com.google.android.music/files
E/cutils  (  261): Failed to mkdirat(/storage/sdcard1/Android): Read-only file system
W/Vold    (  261): Returning OperationFailed - no handler for errno 30
W/ContextImpl(22080): Failed to ensure directory: /storage/sdcard1/Android/data/com.google.android.music/files
E/cutils  (  261): Failed to mkdirat(/storage/sdcard1/Android): Read-only file system
W/Vold    (  261): Returning OperationFailed - no handler for errno 30
W/ContextImpl(22080): Failed to ensure directory: /storage/sdcard1/Android/data/com.google.android.music/files
I/MediaRouter(22080): Found default route: MediaRouter.RouteInfo{ uniqueId=android/.support.v7.media.SystemMediaRouteProvider:DEFAULT_ROUTE, name=Phone, description=null, enabled=true, connecting=false, canDisconnect=false, playbackType=0, playbackStream=3, volumeHandling=1, volume=15, volumeMax=15, presentationDisplayId=-1, extras=null, settingsIntent=null, providerPackageName=android }
I/ActivityManager( 1025): Start proc com.google.android.gms.wearable for service com.google.android.gms/.wearable.service.WearableService: pid=22107 uid=10022 gids={50022, 3003, 1007, 1028, 1015, 3002, 3001, 3007, 2001, 3006}
E/dalvikvm(22080): Could not find class 'android.app.Notification$MediaStyle', referenced from method com.google.android.music.playback.MusicPlaybackService.buildLNotification
W/dalvikvm(22080): VFY: unable to resolve new-instance 54 (Landroid/app/Notification$MediaStyle;) in Lcom/google/android/music/playback/MusicPlaybackService;
D/dalvikvm(22080): VFY: replacing opcode 0x22 at 0x001d
D/dalvikvm(22080): DexOpt: couldn't find field Landroid/app/Notification;.visibility
W/dalvikvm(22080): VFY: unable to resolve instance field 27
D/dalvikvm(22080): VFY: replacing opcode 0x59 at 0x0059
D/dalvikvm(22080): DexOpt: unable to opt direct call 0x0203 at 0x1f in Lcom/google/android/music/playback/MusicPlaybackService;.buildLNotification
W/dalvikvm(22107): VFY: unable to resolve static field 658 (PR_SET_DUMPABLE) in Landroid/system/OsConstants;
D/dalvikvm(22107): VFY: replacing opcode 0x60 at 0x000b
I/dalvikvm(22080): Could not find method android.view.View.setClipToOutline, referenced from method com.google.android.music.leanback.LeanbackUtils.clipToOutline
W/dalvikvm(22080): VFY: unable to resolve virtual method 15104: Landroid/view/View;.setClipToOutline (Z)V
D/dalvikvm(22080): VFY: replacing opcode 0x6e at 0x0007
I/MultiDex(22107): VM with version 1.6.0 does not have multidex support
I/MultiDex(22107): install
I/MultiDex(22107): MultiDexExtractor.load(/data/app/com.google.android.gms-1.apk, false)
I/MultiDex(22107): loading existing secondary dex files
I/MultiDex(22107): load found 3 secondary dex files
I/MultiDex(22107): install done
I/GHttpClientFactory(22080): Using the GMSCore's GoogleHttpClient
I/NetworkMonitor(22080): type=WIFI subType= reason=null isConnected=true
D/SystemUtils(22080): getSystemProperty: lpa.decode=true
D/LocalDevicePlayback(22080): LPAPlayer detected. Disabling gapless.
I/ProviderInstaller(22107): Insert disabled by gate 'gms:security:enable_conscrypt_in_gms_application'
D/GCM     (16934): GcmService start Intent { act=com.google.android.gms.INITIALIZE flg=0x10 pkg=com.google.android.gms cmp=com.google.android.gms/.gcm.GcmService } com.google.android.gms.INITIALIZE
I/dalvikvm(22107): Could not find method android.os.UserManager.getUserProfiles, referenced from method com.google.android.gms.wearable.service.aa.a
W/dalvikvm(22107): VFY: unable to resolve virtual method 1178: Landroid/os/UserManager;.getUserProfiles ()Ljava/util/List;
D/dalvikvm(22107): VFY: replacing opcode 0x6e at 0x0045
D/AuthorizationBluetoothService(16934): Received GmsCore event: Intent { act=com.google.android.gms.INITIALIZE flg=0x10 pkg=com.google.android.gms cmp=com.google.android.gms/.auth.be.proximity.authorization.bt.AuthorizationBluetoothService$AutoStarter }.
E/AuthorizationBluetoothService(16934): Proximity feature is not enabled.
V/GmsCoreStatsServiceLauncher(20392): Received broadcast intent Intent { act=com.google.android.gms.INITIALIZE flg=0x10 pkg=com.google.android.gms cmp=com.google.android.gms/.common.stats.GmsCoreStatsServiceLauncher }
D/LocationInitializer(20392): Restart initialization of location
E/cutils  (  261): Failed to mkdirat(/storage/sdcard1/Android): Read-only file system
W/Vold    (  261): Returning OperationFailed - no handler for errno 30
W/ContextImpl(22080): Failed to ensure directory: /storage/sdcard1/Android/data/com.google.android.music/files
E/cutils  (  261): Failed to mkdirat(/storage/sdcard1/Android): Read-only file system
W/Vold    (  261): Returning OperationFailed - no handler for errno 30
W/ContextImpl(22080): Failed to ensure directory: /storage/sdcard1/Android/data/com.google.android.music/files
I/NetworkMonitor(22080): type=WIFI subType= reason=null isConnected=true
I/LocalDevicePlayback(22080): Streaming client created.
W/ArtDownloadService(22080): Setting cache size 0
