D/CarrierLabel(  811): CarrierLabel mIntentReceiver : android.intent.action.CONFIGURATION_CHANGED
D/CarrierLabel(  811): updateResources()
W/CarrierLabel(  811): updateNetworkNameExt: mSimState = UNKNOWN
D/CarrierLabel(  811): updateNetworkName showSpn=false spn= showPlmn=true plmn=3
D/PowerManagerService(  588): acquireWakeLock(42f1dc10): CPU_MIN_NUM , tag=mode10, flags=0x400, pid=811, uid=10216, mUserState=0x3
D/PowerManagerService(  588): acquireWakeLock(422c0368): CPU_MIN_FREQ , tag=mode10, flags=0x100, pid=811, uid=10216, mUserState=0x3
V/InputMethodManagerService(  588): unbindCurrentInputLocked: client = android.os.BinderProxy@424759d8
I/InputMethodManagerService(  588): Disable input method client.
V/InputMethodManagerService(  588): switching to client: client = android.os.BinderProxy@426023f8
I/InputMethodManagerService(  588): Enable input method client.
D/PowerManagerService(  588): releaseWakeLock(42864060): CPU_MIN_FREQ , tag=WindowManager-ScreenRotation-Freq, flags=0x100
D/PowerManagerService(  588): releaseWakeLock(42aa9c08): CPU_MIN_NUM , tag=WindowManager-ScreenRotation-Num, flags=0x400
D/PowerManagerService(  588): releaseWakeLock(42855c38): PARTIAL_WAKE_LOCK , tag=ActivityManager-Launch, flags=0x1
I/ActivityManager(  588): Recipient 9207
I/ActivityManager(  588): Process com.htc.htcpowermanager:remote (pid 9207) has died.
D/PowerManagerService(  588): releaseWakeLock(42f1dc10): CPU_MIN_NUM , tag=mode10, flags=0x400
D/PowerManagerService(  588): releaseWakeLock(422c0368): CPU_MIN_FREQ , tag=mode10, flags=0x100
D/TELEPHONY_CALLBACK(  811): @onSignalStrengthChanged: SignalStrength: 4 -1 -1 -1 -1 -1 -1 -1 -1 -1 2147483647 -1 gsm|lte
D/StatusBar.NetworkController(  811): dumpState[hasService=true ServiceState=0 home 3 3 27202  HSPA CSS not supported -1 -1 RoamInd=-1 DefRoamInd=-1EriInd= -1EriMode= -1RadioPowerSv: false EmergOnly=false PhoneType: 1 IsCdma=false SimState=UNKNOWN GprsState=0 DataState=Disconnected DataActivity=NONE NetworkType=HSPA HtcModemLinkOn=false HspaDataDistinquishable=true]
D/SIGNAL_ICON(  811): updateTelephonySignalStrength
D/SIGNAL_ICON(  811): fakeui srv=0 mTimerEnabled=false asu=4
D/SIGNAL_ICON(  811): asu=4
D/SIGNAL_ICON(  811): SUPPORT_5_LEVEL_SIGNAL
D/SIGNAL_ICON(  811): mapTelephonySignalStrength
D/SIGNAL_ICON(  811): maxLevel=5 asu=4 networkType=HSPA
D/SIGNAL_ICON(  811): return iconLevel=2
D/StatusBar.NetworkController(  811): dumpIconState[dataVisible=false dataIconId=stat_sys_data_out_3g_plus signalIconId=stat_sys_5signal_2 wifiVisible=true wifiIconId=stat_sys_wifi_signal_4 airplaneMode=false]
W/CpuWake (  588): >>nativeReleaseCpuPerfWakeLock()
W/CpuWake (  588): <<nativeReleaseCpuPerfWakeLock()
D/TELEPHONY_CALLBACK(  811): @onSignalStrengthChanged: SignalStrength: 5 -1 -1 -1 -1 -1 -1 -1 -1 -1 2147483647 -1 gsm|lte
D/StatusBar.NetworkController(  811): dumpState[hasService=true ServiceState=0 home 3 3 27202  HSPA CSS not supported -1 -1 RoamInd=-1 DefRoamInd=-1EriInd= -1EriMode= -1RadioPowerSv: false EmergOnly=false PhoneType: 1 IsCdma=false SimState=UNKNOWN GprsState=0 DataState=Disconnected DataActivity=NONE NetworkType=HSPA HtcModemLinkOn=false HspaDataDistinquishable=true]
D/SIGNAL_ICON(  811): updateTelephonySignalStrength
D/SIGNAL_ICON(  811): fakeui srv=0 mTimerEnabled=false asu=5
D/SIGNAL_ICON(  811): asu=5
D/SIGNAL_ICON(  811): SUPPORT_5_LEVEL_SIGNAL
D/SIGNAL_ICON(  811): mapTelephonySignalStrength
D/SIGNAL_ICON(  811): maxLevel=5 asu=5 networkType=HSPA
D/SIGNAL_ICON(  811): return iconLevel=2
D/StatusBar.NetworkController(  811): dumpIconState[dataVisible=false dataIconId=stat_sys_data_out_3g_plus signalIconId=stat_sys_5signal_2 wifiVisible=true wifiIconId=stat_sys_wifi_signal_4 airplaneMode=false]
D/PowerManagerService(  588): acquireWakeLock(42b3abd8): PARTIAL_WAKE_LOCK , tag=wake:com.google.android.gms/com.google.android.libraries.social.mediamonitor.MediaMonitorIntentService, flags=0x1, pid=27853, uid=10017, mUserState=0x3
D/PowerManagerService(  588): releaseWakeLock(42b3abd8): PARTIAL_WAKE_LOCK , tag=wake:com.google.android.gms/com.google.android.libraries.social.mediamonitor.MediaMonitorIntentService, flags=0x1
D/PowerManagerService(  588): acquireWakeLock(42737b18): PARTIAL_WAKE_LOCK , tag=AlarmManager, flags=0x1, pid=588, uid=1000, mUserState=0x3
V/AlarmManager(  588): sending alarm PendingIntent{427464a8: PendingIntentRecord{42a86c48 com.google.android.gms broadcastIntent}}, intent=com.google.android.intent.action.MCS_HEARTBEAT, type=ELAPSED_REALTIME_WAKEUP, count=1, when=166887081, repeateInterval=0
D/PowerManagerService(  588): acquireWakeLock(425170e8): PARTIAL_WAKE_LOCK , tag=GCM_HB_ALARM, flags=0x1, pid=27794, uid=10017, mUserState=0x3
D/PowerManagerService(  588): releaseWakeLock(42737b18): PARTIAL_WAKE_LOCK , tag=AlarmManager, flags=0x1
D/PowerManagerService(  588): releaseWakeLock(425170e8): PARTIAL_WAKE_LOCK , tag=GCM_HB_ALARM, flags=0x1
D/PowerManagerService(  588): acquireWakeLock(43002398): PARTIAL_WAKE_LOCK , tag=*net_scheduler*, flags=0x1, pid=27794, uid=10017, mUserState=0x3
D/PowerManagerService(  588): releaseWakeLock(43002398): PARTIAL_WAKE_LOCK , tag=*net_scheduler*, flags=0x1
D/PowerManagerService(  588): acquireWakeLock(42efa858): PARTIAL_WAKE_LOCK , tag=GCM_CONN, flags=0x1, pid=27794, uid=10017, mUserState=0x3
D/ConnectivityService(  588): reportInetCondition for net 1, percentage: 100 by 27794/10017
D/ConnectivityService(  588): handleInetConditionChange: net=1, condition=100,mActiveDefaultNetwork=1
D/ConnectivityService(  588): handleInetConditionChange: starting a change hold
D/PowerManagerService(  588): releaseWakeLock(42efa858): PARTIAL_WAKE_LOCK , tag=GCM_CONN, flags=0x1
D/PowerManagerService(  588): acquireWakeLock(42b2f988): PARTIAL_WAKE_LOCK , tag=*net_scheduler*, flags=0x1, pid=27794, uid=10017, mUserState=0x3
D/PowerManagerService(  588): releaseWakeLock(42b2f988): PARTIAL_WAKE_LOCK , tag=*net_scheduler*, flags=0x1
D/ConnectivityService(  588): handleInetConditionHoldEnd: net=1, condition=100, published condition=100
D/ConnectivityService(  588): sendStickyBroadcast: action=android.net.conn.INET_CONDITION_ACTION
D/WIFI_ICON(  811): updateConnectivity: type=1 connected=true
D/StatusBar.NetworkController(  811): dumpState[hasService=true ServiceState=0 home 3 3 27202  HSPA CSS not supported -1 -1 RoamInd=-1 DefRoamInd=-1EriInd= -1EriMode= -1RadioPowerSv: false EmergOnly=false PhoneType: 1 IsCdma=false SimState=UNKNOWN GprsState=0 DataState=Disconnected DataActivity=NONE NetworkType=HSPA HtcModemLinkOn=false HspaDataDistinquishable=true]
D/StatusBar.NetworkController(  811): dumpIconState[dataVisible=false dataIconId=stat_sys_data_out_3g_plus signalIconId=stat_sys_5signal_2 wifiVisible=true wifiIconId=stat_sys_wifi_signal_4 airplaneMode=false]
D/TELEPHONY_CALLBACK(  811): @onSignalStrengthChanged: SignalStrength: 5 -1 -1 -1 -1 -1 -1 -1 -1 -1 2147483647 -1 gsm|lte
D/StatusBar.NetworkController(  811): dumpState[hasService=true ServiceState=0 home 3 3 27202  HSPA CSS not supported -1 -1 RoamInd=-1 DefRoamInd=-1EriInd= -1EriMode= -1RadioPowerSv: false EmergOnly=false PhoneType: 1 IsCdma=false SimState=UNKNOWN GprsState=0 DataState=Disconnected DataActivity=NONE NetworkType=HSPA HtcModemLinkOn=false HspaDataDistinquishable=true]
D/SIGNAL_ICON(  811): updateTelephonySignalStrength
D/SIGNAL_ICON(  811): fakeui srv=0 mTimerEnabled=false asu=5
D/SIGNAL_ICON(  811): asu=5
D/SIGNAL_ICON(  811): SUPPORT_5_LEVEL_SIGNAL
D/SIGNAL_ICON(  811): mapTelephonySignalStrength
D/SIGNAL_ICON(  811): maxLevel=5 asu=5 networkType=HSPA
D/SIGNAL_ICON(  811): return iconLevel=2
D/StatusBar.NetworkController(  811): dumpIconState[dataVisible=false dataIconId=stat_sys_data_out_3g_plus signalIconId=stat_sys_5signal_2 wifiVisible=true wifiIconId=stat_sys_wifi_signal_4 airplaneMode=false]
D/PowerManagerService(  588): acquireWakeLock(42b60890): PARTIAL_WAKE_LOCK , tag=AlarmManager, flags=0x1, pid=588, uid=1000, mUserState=0x3
V/AlarmManager(  588): sending alarm PendingIntent{4294c4b8: PendingIntentRecord{42dec5c0 com.google.android.gms startService}}, intent=null, type=RTC_WAKEUP, count=1, when=1427825518809, repeateInterval=0
D/PowerManagerService(  588): releaseWakeLock(42b60890): PARTIAL_WAKE_LOCK , tag=AlarmManager, flags=0x1
D/PowerManagerService(  588): acquireWakeLock(42b048c0): PARTIAL_WAKE_LOCK , tag=AlarmManager, flags=0x1, pid=588, uid=1000, mUserState=0x3
V/AlarmManager(  588): sending alarm PendingIntent{422c63f8: PendingIntentRecord{42482cd0 android broadcastIntent}}, intent=android.intent.action.TIME_TICK, type=RTC, count=1, when=1427825520000, repeateInterval=0
D/PowerManagerService(  588): releaseWakeLock(42b048c0): PARTIAL_WAKE_LOCK , tag=AlarmManager, flags=0x1
D/PowerManagerService(  588): acquireWakeLock(42a9cf18): PARTIAL_WAKE_LOCK , tag=ActivityManager-Launch, flags=0x1, pid=588, uid=1000, mUserState=0x3
I/ActivityManager(  588): Start proc com.rhmsoft.fm for activity com.rhmsoft.fm/.FileManager: pid=9254 uid=10220 gids={3003, 1015, 1028}
D/TELEPHONY_CALLBACK(  811): @onSignalStrengthChanged: SignalStrength: 5 -1 -1 -1 -1 -1 -1 -1 -1 -1 2147483647 -1 gsm|lte
D/StatusBar.NetworkController(  811): dumpState[hasService=true ServiceState=0 home 3 3 27202  HSPA CSS not supported -1 -1 RoamInd=-1 DefRoamInd=-1EriInd= -1EriMode= -1RadioPowerSv: false EmergOnly=false PhoneType: 1 IsCdma=false SimState=UNKNOWN GprsState=0 DataState=Disconnected DataActivity=NONE NetworkType=HSPA HtcModemLinkOn=false HspaDataDistinquishable=true]
D/SIGNAL_ICON(  811): updateTelephonySignalStrength
D/SIGNAL_ICON(  811): fakeui srv=0 mTimerEnabled=false asu=5
D/SIGNAL_ICON(  811): asu=5
D/SIGNAL_ICON(  811): SUPPORT_5_LEVEL_SIGNAL
D/SIGNAL_ICON(  811): mapTelephonySignalStrength
D/SIGNAL_ICON(  811): maxLevel=5 asu=5 networkType=HSPA
D/SIGNAL_ICON(  811): return iconLevel=2
D/StatusBar.NetworkController(  811): dumpIconState[dataVisible=false dataIconId=stat_sys_data_out_3g_plus signalIconId=stat_sys_5signal_2 wifiVisible=true wifiIconId=stat_sys_wifi_signal_4 airplaneMode=false]
I/ActivityManager(  588): Recipient 8787
I/ActivityManager(  588): Process android.process.acore (pid 8787) has died.
V/InputMethodManagerService(  588): unbindCurrentInputLocked: client = android.os.BinderProxy@426023f8
I/InputMethodManagerService(  588): Disable input method client.
V/InputMethodManagerService(  588): switching to client: client = android.os.BinderProxy@42671780
I/InputMethodManagerService(  588): Enable input method client.
D/PowerManagerService(  588): releaseWakeLock(42a9cf18): PARTIAL_WAKE_LOCK , tag=ActivityManager-Launch, flags=0x1
D/PowerManagerService(  588): acquireWakeLock(42401300): CPU_MIN_FREQ , tag=AbsListViewScroll_5.0, flags=0x100, pid=9254, uid=10220, mUserState=0x3
D/PowerManagerService(  588): acquireWakeLock(4238c6e8): CPU_MIN_NUM , tag=AbsListViewScroll_5.0, flags=0x400, pid=9254, uid=10220, mUserState=0x3
W/PackageParser( 9254): No actions in intent filter at /storage/sdcard0/Download/GiftMe-release.apk Binary XML file line #33
D/PowerManagerService(  588): releaseWakeLock(42401300): CPU_MIN_FREQ , tag=AbsListViewScroll_5.0, flags=0x100
D/PowerManagerService(  588): releaseWakeLock(4238c6e8): CPU_MIN_NUM , tag=AbsListViewScroll_5.0, flags=0x400
D/PowerManagerService(  588): acquireWakeLock(42465a48): CPU_MIN_FREQ , tag=AbsListViewScroll_5.0, flags=0x100, pid=9254, uid=10220, mUserState=0x3
D/PowerManagerService(  588): acquireWakeLock(42383948): CPU_MIN_NUM , tag=AbsListViewScroll_5.0, flags=0x400, pid=9254, uid=10220, mUserState=0x3
D/PowerManagerService(  588): releaseWakeLock(42465a48): CPU_MIN_FREQ , tag=AbsListViewScroll_5.0, flags=0x100
D/PowerManagerService(  588): releaseWakeLock(42383948): CPU_MIN_NUM , tag=AbsListViewScroll_5.0, flags=0x400
W/CpuWake (  588): >>nativeAcquireCpuPerfWakeLock()
W/CpuWake (  588): <<nativeAcquireCpuPerfWakeLock()
I/ActivityManager(  588): START {act=android.intent.action.VIEW cat=[android.intent.category.DEFAULT] dat=file typ=application/vnd.android.package-archive flg=0x10000 cmp=android/com.android.internal.app.ResolverActivity u=0} from pid 9254
D/PowerManagerService(  588): acquireWakeLock(426bcc78): PARTIAL_WAKE_LOCK , tag=ActivityManager-Launch, flags=0x1, pid=588, uid=1000, mUserState=0x3
D/PowerManagerService(  588): releaseWakeLock(426bcc78): PARTIAL_WAKE_LOCK , tag=ActivityManager-Launch, flags=0x1
D/PowerManagerService(  588): acquireWakeLock(42b6e148): CPU_MIN_FREQ , tag=AbsListViewScroll_5.0, flags=0x100, pid=588, uid=1000, mUserState=0x3
D/PowerManagerService(  588): acquireWakeLock(42b0a060): CPU_MIN_NUM , tag=AbsListViewScroll_5.0, flags=0x400, pid=588, uid=1000, mUserState=0x3
D/PowerManagerService(  588): releaseWakeLock(42b6e148): CPU_MIN_FREQ , tag=AbsListViewScroll_5.0, flags=0x100
D/PowerManagerService(  588): releaseWakeLock(42b0a060): CPU_MIN_NUM , tag=AbsListViewScroll_5.0, flags=0x400
D/TELEPHONY_CALLBACK(  811): @onSignalStrengthChanged: SignalStrength: 5 -1 -1 -1 -1 -1 -1 -1 -1 -1 2147483647 -1 gsm|lte
D/StatusBar.NetworkController(  811): dumpState[hasService=true ServiceState=0 home 3 3 27202  HSPA CSS not supported -1 -1 RoamInd=-1 DefRoamInd=-1EriInd= -1EriMode= -1RadioPowerSv: false EmergOnly=false PhoneType: 1 IsCdma=false SimState=UNKNOWN GprsState=0 DataState=Disconnected DataActivity=NONE NetworkType=HSPA HtcModemLinkOn=false HspaDataDistinquishable=true]
D/SIGNAL_ICON(  811): updateTelephonySignalStrength
D/SIGNAL_ICON(  811): fakeui srv=0 mTimerEnabled=false asu=5
D/SIGNAL_ICON(  811): asu=5
D/SIGNAL_ICON(  811): SUPPORT_5_LEVEL_SIGNAL
D/SIGNAL_ICON(  811): mapTelephonySignalStrength
D/SIGNAL_ICON(  811): maxLevel=5 asu=5 networkType=HSPA
D/SIGNAL_ICON(  811): return iconLevel=2
D/StatusBar.NetworkController(  811): dumpIconState[dataVisible=false dataIconId=stat_sys_data_out_3g_plus signalIconId=stat_sys_5signal_2 wifiVisible=true wifiIconId=stat_sys_wifi_signal_4 airplaneMode=false]
W/CpuWake (  588): >>nativeAcquireCpuPerfWakeLock()
W/CpuWake (  588): <<nativeAcquireCpuPerfWakeLock()
I/ActivityManager(  588): START {act=android.intent.action.VIEW cat=[android.intent.category.DEFAULT] dat=file typ=application/vnd.android.package-archive flg=0x3010000 cmp=com.android.vending/com.google.android.vending.verifier.PackageVerificationActivity u=0} from pid 588
D/PowerManagerService(  588): acquireWakeLock(425fca68): PARTIAL_WAKE_LOCK , tag=ActivityManager-Launch, flags=0x1, pid=588, uid=1000, mUserState=0x3
W/CpuWake (  588): >>nativeReleaseCpuPerfWakeLock()
W/CpuWake (  588): <<nativeReleaseCpuPerfWakeLock()
W/InputMethodManagerService(  588): Window already focused, ignoring focus gain of: com.android.internal.view.IInputMethodClient$Stub$Proxy@42512a60 attribute=null
D/PowerManagerService(  588): releaseWakeLock(425fca68): PARTIAL_WAKE_LOCK , tag=ActivityManager-Launch, flags=0x1
W/PackageParser( 8413): No actions in intent filter at /storage/sdcard0/Download/GiftMe-release.apk Binary XML file line #33
W/CpuWake (  588): >>nativeAcquireCpuPerfWakeLock()
W/CpuWake (  588): <<nativeAcquireCpuPerfWakeLock()
I/ActivityManager(  588): START {act=android.intent.action.VIEW cat=[android.intent.category.DEFAULT] dat=file typ=application/vnd.android.package-archive flg=0x13810000 pkg=com.android.packageinstaller cmp=com.android.packageinstaller/.PackageInstallerActivity (has extras) u=0} from pid 8413
D/PowerManagerService(  588): acquireWakeLock(422218e8): PARTIAL_WAKE_LOCK , tag=ActivityManager-Launch, flags=0x1, pid=588, uid=1000, mUserState=0x3
I/ActivityManager(  588): Start proc com.android.packageinstaller for activity com.android.packageinstaller/.PackageInstallerActivity: pid=9342 uid=10135 gids={1028}
D/PhoneStatusBar(  811): addNotification score=0
V/InputMethodManagerService(  588): unbindCurrentInputLocked: client = android.os.BinderProxy@42671780
I/InputMethodManagerService(  588): Disable input method client.
V/InputMethodManagerService(  588): switching to client: client = android.os.BinderProxy@41f8c000
I/InputMethodManagerService(  588): Enable input method client.
D/PowerManagerService(  588): releaseWakeLock(422218e8): PARTIAL_WAKE_LOCK , tag=ActivityManager-Launch, flags=0x1
W/PackageParser( 9342): No actions in intent filter at /storage/sdcard0/Download/GiftMe-release.apk Binary XML file line #33
W/CpuWake (  588): >>nativeReleaseCpuPerfWakeLock()
W/CpuWake (  588): <<nativeReleaseCpuPerfWakeLock()
W/CpuWake (  588): >>nativeReleaseCpuPerfWakeLock()
W/CpuWake (  588): <<nativeReleaseCpuPerfWakeLock()
W/InputMethodManagerService(  588): Window already focused, ignoring focus gain of: com.android.internal.view.IInputMethodClient$Stub$Proxy@42b4f1a8 attribute=null
W/CpuWake (  588): >>nativeAcquireCpuPerfWakeLock()
W/CpuWake (  588): <<nativeAcquireCpuPerfWakeLock()
I/ActivityManager(  588): START {dat=file cmp=com.android.packageinstaller/.InstallAppProgress (has extras) u=0} from pid 9342
D/PowerManagerService(  588): acquireWakeLock(42acde58): PARTIAL_WAKE_LOCK , tag=ActivityManager-Launch, flags=0x1, pid=588, uid=1000, mUserState=0x3
I/ActivityManager(  588): Start proc com.android.defcontainer for service com.android.defcontainer/.DefaultContainerService: pid=9365 uid=10021 gids={1015, 2001, 5005, 1028}
D/PowerManagerService(  588): releaseWakeLock(42acde58): PARTIAL_WAKE_LOCK , tag=ActivityManager-Launch, flags=0x1
W/ActivityManager(  588): No content provider found for permission revoke: file:///storage/sdcard0/Download/GiftMe-release.apk
W/ActivityManager(  588): No content provider found for permission revoke: file:///storage/sdcard0/Download/GiftMe-release.apk
W/PackageParser(  588): No actions in intent filter at /data/app/vmdl-496394354.tmp Binary XML file line #33
I/ActivityManager(  588): Force stopping package co.giftmeapp.gift_me uid=10138
I/ActivityManager(  588): Killing proc 8301:co.giftmeapp.gift_me/u0a138: force stop
I/ActivityManager(  588):   Force finishing activity ActivityRecord{4209d1c0 co.giftmeapp.gift_me/.GiftMe}
I/WindowState(  588): WIN DEATH: Window{422b5ec8 co.giftmeapp.gift_me/co.giftmeapp.gift_me.GiftMe paused=true}
I/PackageManager(  588): Package co.giftmeapp.gift_me codePath changed from /data/app/co.giftmeapp.gift_me-1.apk to /data/app/co.giftmeapp.gift_me-2.apk; Retaining data and using new
D/TELEPHONY_CALLBACK(  811): @onSignalStrengthChanged: SignalStrength: 4 -1 -1 -1 -1 -1 -1 -1 -1 -1 2147483647 -1 gsm|lte
D/StatusBar.NetworkController(  811): dumpState[hasService=true ServiceState=0 home 3 3 27202  HSPA CSS not supported -1 -1 RoamInd=-1 DefRoamInd=-1EriInd= -1EriMode= -1RadioPowerSv: false EmergOnly=false PhoneType: 1 IsCdma=false SimState=UNKNOWN GprsState=0 DataState=Disconnected DataActivity=NONE NetworkType=HSPA HtcModemLinkOn=false HspaDataDistinquishable=true]
D/SIGNAL_ICON(  811): updateTelephonySignalStrength
D/SIGNAL_ICON(  811): fakeui srv=0 mTimerEnabled=false asu=4
D/SIGNAL_ICON(  811): asu=4
D/SIGNAL_ICON(  811): SUPPORT_5_LEVEL_SIGNAL
D/SIGNAL_ICON(  811): mapTelephonySignalStrength
D/SIGNAL_ICON(  811): maxLevel=5 asu=4 networkType=HSPA
D/SIGNAL_ICON(  811): return iconLevel=2
D/StatusBar.NetworkController(  811): dumpIconState[dataVisible=false dataIconId=stat_sys_data_out_3g_plus signalIconId=stat_sys_5signal_2 wifiVisible=true wifiIconId=stat_sys_wifi_signal_4 airplaneMode=false]
W/CpuWake (  588): >>nativeReleaseCpuPerfWakeLock()
W/CpuWake (  588): <<nativeReleaseCpuPerfWakeLock()
W/PackageManager(  588): Code path for pkg : co.giftmeapp.gift_me changing from /data/app/co.giftmeapp.gift_me-1.apk to /data/app/co.giftmeapp.gift_me-2.apk
I/ActivityManager(  588): Force stopping package co.giftmeapp.gift_me uid=10138
W/PackageManager(  588): Resource path for pkg : co.giftmeapp.gift_me changing from /data/app/co.giftmeapp.gift_me-1.apk to /data/app/co.giftmeapp.gift_me-2.apk
I/ActivityManager(  588): Force stopping package co.giftmeapp.gift_me uid=10138
I/ActivityManager(  588): Start proc com.htc.htcpowermanager:remote for broadcast com.htc.htcpowermanager/.batterymonitor.BatteryMonitorReceiver: pid=9380 uid=1000 gids={1015, 3002, 3001, 3003, 1028, 5006, 3007, 3006, 2001, 1007}
I/ActivityManager(  588): Start proc com.android.keychain for broadcast com.android.keychain/.KeyChainBroadcastReceiver: pid=9395 uid=1000 gids={1015, 3002, 3001, 3003, 1028, 5006, 3007, 3006, 2001, 1007}
I/ActivityManager(  588): Start proc com.htc.providers.settings:remote for content provider com.htc.providers.settings/.HtcPowerManagerProvider: pid=9407 uid=10202 gids={1028}
I/ActivityManager(  588): Start proc com.htc.opensense.social for broadcast com.htc.opensense/.pluginmanager.RegisterReceiver: pid=9419 uid=10014 gids={2001, 3003, 1015, 1028, 1006, 5005, 3002, 3001, 5003}
I/ActivityManager(  588): Start proc com.android.settings for broadcast com.android.settings/.framework.content.plugin.HtcPluginReceiver: pid=9434 uid=1000 gids={1015, 3002, 3001, 3003, 1028, 5006, 3007, 3006, 2001, 1007}
I/ActivityManager(  588): Start proc com.facebook.katana:dash for broadcast com.facebook.katana/com.facebook.dash.receivers.DashPackageUninstallReceiver: pid=9447 uid=10028 gids={1006, 1015, 1028, 3003}
W/CpuWake (  588): >>nativeAcquireCpuPerfWakeLock()
W/CpuWake (  588): <<nativeAcquireCpuPerfWakeLock()
I/ActivityManager(  588): START {act=android.intent.action.MAIN cat=[android.intent.category.LAUNCHER] flg=0x10000000 pkg=co.giftmeapp.gift_me cmp=co.giftmeapp.gift_me/.GiftMe u=0} from pid 9342
D/PowerManagerService(  588): acquireWakeLock(426f3f08): PARTIAL_WAKE_LOCK , tag=ActivityManager-Launch, flags=0x1, pid=588, uid=1000, mUserState=0x3
I/ActivityManager(  588): Start proc co.giftmeapp.gift_me for activity co.giftmeapp.gift_me/.GiftMe: pid=9459 uid=10138 gids={3003, 1028}
D/PowerManagerService(  588): acquireWakeLock(4290b6f8): CPU_MIN_FREQ , tag=WindowManager-ScreenRotation-Freq, flags=0x100, pid=588, uid=1000, mUserState=0x3
D/PowerManagerService(  588): acquireWakeLock(428f6660): CPU_MIN_NUM , tag=WindowManager-ScreenRotation-Num, flags=0x400, pid=588, uid=1000, mUserState=0x3
D/PowerManagerService(  588): acquireWakeLock(425add18): PARTIAL_WAKE_LOCK , tag=SCREEN_FROZEN, flags=0x1, pid=588, uid=1000, mUserState=0x3
I/ActivityManager(  588): Config changed: {1.0 272mcc2mnc en_FR sw360dp w360dp h566dp nrml long port finger -keyb/v/h -nav/h s.38 skin=default fontsize=3 hasNavBar=1}
I/ActivityManager(  588): Recipient 8413
I/ActivityManager(  588): Process com.android.vending (pid 8413) has died.
W/ActivityManager(  588): Scheduling restart of crashed service com.android.vending/com.google.android.finsky.billing.iab.InAppBillingService in 5000ms
D/PowerManagerService(  588): releaseWakeLock(425add18): PARTIAL_WAKE_LOCK , tag=SCREEN_FROZEN, flags=0x1
D/CarrierLabel(  811): CarrierLabel mIntentReceiver : android.intent.action.CONFIGURATION_CHANGED
D/CarrierLabel(  811): updateResources()
W/CarrierLabel(  811): updateNetworkNameExt: mSimState = UNKNOWN
D/CarrierLabel(  811): updateNetworkName showSpn=false spn= showPlmn=true plmn=3
D/webcoreglue( 9459): netstack: Memory Cache feature is ON
D/BackupManagerService(  588): Received broadcast Intent { act=android.intent.action.PACKAGE_REMOVED dat=package flg=0x8000010 (has extras) }
D/PowerManagerService(  588): releaseWakeLock(4290b6f8): CPU_MIN_FREQ , tag=WindowManager-ScreenRotation-Freq, flags=0x100
D/PowerManagerService(  588): releaseWakeLock(428f6660): CPU_MIN_NUM , tag=WindowManager-ScreenRotation-Num, flags=0x400
V/InputMethodManagerService(  588): unbindCurrentInputLocked: client = android.os.BinderProxy@41f8c000
I/InputMethodManagerService(  588): Disable input method client.
V/InputMethodManagerService(  588): switching to client: client = android.os.BinderProxy@42588ce8
I/InputMethodManagerService(  588): Enable input method client.
I/ActivityManager(  588): Recipient 9395
I/ActivityManager(  588): Process com.android.keychain (pid 9395) has died.
D/PowerManagerService(  588): releaseWakeLock(426f3f08): PARTIAL_WAKE_LOCK , tag=ActivityManager-Launch, flags=0x1
I/ActivityManager(  588): Recipient 9380
I/ActivityManager(  588): Process com.htc.htcpowermanager:remote (pid 9380) has died.
D/HostStatisticManager( 9459): netstack: DNS Host Prioritization is: ON, Version: 5.0.1
D/        ( 9459): dl error message Cannot load library: link_image[1891]:   253 could not load needed library 'libcneapiclient.so' for 'libtcpfinaggr.so' (load_library[1093]: Library 'libcneapiclient.so' not found)
D/Socket_Pool( 9459): Failed to create TCP Fin Aggregation interface.
D/Socket_Pool( 9459): netstack: CloseUnusedSockets is ON
D/Socket_Pool( 9459): netstack: system net.statistics value: 0
D/Socket_Pool( 9459): Failed to create TCP Fin Aggregation interface.
D/Socket_Pool( 9459): netstack: CloseUnusedSockets is ON
D/Socket_Pool( 9459): netstack: system net.statistics value: 0
D/        ( 9459): external/chromium/net/http/http_getzip_factory.cc: libgetzip.so successfully loaded
D/        ( 9459): external/chromium/net/http/http_getzip_factory.cc,: GETzip initializing method was found in libgetzip.so
D/        ( 9459): netstack: Getzip is: ON, Version: 5.0.1
D/Socket_Pool( 9459): Failed to create TCP Fin Aggregation interface.
D/Socket_Pool( 9459): netstack: CloseUnusedSockets is ON
D/Socket_Pool( 9459): netstack: system net.statistics value: 0
D/Socket_Pool( 9459): Failed to create TCP Fin Aggregation interface.
D/Socket_Pool( 9459): netstack: CloseUnusedSockets is ON
D/Socket_Pool( 9459): netstack: system net.statistics value: 0
D/BackupManagerService(  588): Received broadcast Intent { act=android.intent.action.PACKAGE_ADDED dat=package flg=0x8000010 (has extras) }
V/BackupManagerService(  588): removePackageParticipantsLocked: uid=10138 #1
D/BatteryService(  588): updateBatteryStats: update triggered by UEvent.
D/PowerManagerService(  588): acquireWakeLock(420a4298): PARTIAL_WAKE_LOCK , tag=BatteryServiceUpdateStats, flags=0x1, pid=588, uid=1000, mUserState=0x3
D/PowerUI (  811): closing low battery warning: level=19
D/PowerUI (  811): plugged = true, health = 2, mBatteryLevel = 19, mPluggedBatteryLevel = 12, mLowBatteryWarningLevel2 = 25, mshowLowChargingWarning2 = true
D/PowerManagerService(  588): releaseWakeLock(420a4298): PARTIAL_WAKE_LOCK , tag=BatteryServiceUpdateStats, flags=0x1
D/        ( 9459): netstack: Caching Of Redirection is: ON, Version: 5.0.1
D/        ( 9459): netstack: Early Connections is: ON, Version: 5.0.1, Param: 3
V/BackupManagerService(  588): addPackageParticipantsLocked: #1
D/WifiService(  588): ACTION_BATTERY_CHANGED pluggedType: 2
D/NotificationService(  588): mIntentReceiver() Intent.ACTION_BATTERY_CHANGED
W/CpuWake (  588): >>nativeReleaseCpuPerfWakeLock()
W/CpuWake (  588): <<nativeReleaseCpuPerfWakeLock()
D/PowerManagerService(  588): runHtcPowerSaverCheck ======================================
I/ActivityManager(  588): Start proc com.android.vending for broadcast com.android.vending/com.google.android.finsky.receivers.PackageMonitorReceiver$RegisteredReceiver: pid=9500 uid=10132 gids={3003, 1015, 1028}
I/ActivityManager(  588): Recipient 9407
I/ActivityManager(  588): Process com.htc.providers.settings:remote (pid 9407) has died.
I/ActivityManager(  588): Recipient 9342
I/ActivityManager(  588): Process com.android.packageinstaller (pid 9342) has died.
I/PackageManager(  588):  setEnabledSetting(), pkgName=com.android.vending, clsName=com.android.vending.AssetBrowserActivity, state=1, flag=1, pid=9500, uid=10132
I/ActivityManager(  588): Recipient 9434
I/ActivityManager(  588): Process com.android.settings (pid 9434) has died.
I/PackageManager(  588):  setEnabledSetting(), pkgName=com.android.vending, clsName=com.google.android.finsky.activities.DebugActivity, state=2, flag=1, pid=9500, uid=10132
D/Socket_Alarm( 9500): registerHTCSocketMonitorCallBack
D/Socket_Alarm( 9500): set mSocketMonitor
D/Socket_Alarm( 9500): HTCSocketMonitorImpl::HTCSocketMonitorImpl
I/ActivityManager(  588): Start proc android.process.acore for broadcast com.android.providers.contacts/.PackageIntentReceiver: pid=9543 uid=10018 gids={3003, 1015, 5002, 1028}
V/LocationManagerService(  588): getAllProviders
I/ActivityManager(  588): Start proc com.google.android.talk for broadcast com.google.android.talk/com.google.android.apps.hangouts.phone.PackageReplacedReceiver: pid=9570 uid=10148 gids={3003, 1015, 1006, 3002, 1028}
I/ActivityManager(  588): Recipient 9419
I/ActivityManager(  588): Process com.htc.opensense.social (pid 9419) has died.
I/ActivityManager(  588): Recipient 9447
I/ActivityManager(  588): Process com.facebook.katana:dash (pid 9447) has died.
I/PackageManager(  588):  setEnabledSetting(), pkgName=com.google.android.talk, clsName=com.google.android.apps.hangouts.phone.ShareIntentSmsOnlyActivity, state=2, flag=1, pid=9570, uid=10148
D/Socket_Alarm( 9570): registerHTCSocketMonitorCallBack
D/Socket_Alarm( 9570): set mSocketMonitor
D/Socket_Alarm( 9570): HTCSocketMonitorImpl::HTCSocketMonitorImpl
I/PackageManager(  588):  setEnabledSetting(), pkgName=com.google.android.talk, clsName=com.google.android.apps.hangouts.sms.SmsReceiver, state=2, flag=1, pid=9570, uid=10148
I/PackageManager(  588):  setEnabledSetting(), pkgName=com.google.android.talk, clsName=com.google.android.apps.hangouts.sms.MmsWapPushReceiver, state=2, flag=1, pid=9570, uid=10148
I/PackageManager(  588):  setEnabledSetting(), pkgName=com.google.android.talk, clsName=com.google.android.apps.hangouts.sms.AbortSmsReceiver, state=2, flag=1, pid=9570, uid=10148
I/PackageManager(  588):  setEnabledSetting(), pkgName=com.google.android.talk, clsName=com.google.android.apps.hangouts.sms.AbortMmsWapPushReceiver, state=2, flag=1, pid=9570, uid=10148
I/PackageManager(  588):  setEnabledSetting(), pkgName=com.google.android.talk, clsName=com.google.android.apps.hangouts.service.NoConfirmationSmsSendService, state=2, flag=1, pid=9570, uid=10148
I/ActivityManager(  588): Start proc com.google.android.apps.plus for broadcast com.google.android.apps.plus/.service.PackagesMediaMonitor: pid=9609 uid=10133 gids={3003, 3002, 1015, 1006, 1028}
I/ActivityManager(  588): Recipient 9365
I/ActivityManager(  588): Process com.android.defcontainer (pid 9365) has died.
I/ActivityManager(  588): Recipient 9570
I/ActivityManager(  588): Process com.google.android.talk (pid 9570) has died.
D/PowerManagerService(  588): acquireWakeLock(42efa300): PARTIAL_WAKE_LOCK , tag=AsyncService, flags=0x1, pid=9609, uid=10133, mUserState=0x3
I/ActivityManager(  588): Start proc com.google.android.googlequicksearchbox:search for broadcast com.google.android.googlequicksearchbox/com.google.android.search.core.icingsync.IcingCorporaChangedReceiver: pid=9640 uid=10038 gids={3003, 3001, 1028, 3002, 1015, 1006}
D/PowerManagerService(  588): releaseWakeLock(42efa300): PARTIAL_WAKE_LOCK , tag=AsyncService, flags=0x1
I/ActivityManager(  588): Recipient 9609
I/ActivityManager(  588): Process com.google.android.apps.plus (pid 9609) has died.
I/ActivityManager(  588): Recipient 9543
I/ActivityManager(  588): Process android.process.acore (pid 9543) has died.
W/CpuWake (  588): >>nativeAcquireCpuPerfWakeLock()
W/CpuWake (  588): <<nativeAcquireCpuPerfWakeLock()
I/ActivityManager(  588): START {act=android.intent.action.SENDTO dat=smsto pkg=com.whatsapp cmp=com.whatsapp/.Conversation (has extras) u=0} from pid 9459
D/PowerManagerService(  588): acquireWakeLock(42a85fe8): PARTIAL_WAKE_LOCK , tag=ActivityManager-Launch, flags=0x1, pid=588, uid=1000, mUserState=0x3
D/PowerManagerService(  588): acquireWakeLock(42b9ad30): CPU_MIN_FREQ , tag=WindowManager-ScreenRotation-Freq, flags=0x100, pid=588, uid=1000, mUserState=0x3
D/PowerManagerService(  588): acquireWakeLock(42b74268): CPU_MIN_NUM , tag=WindowManager-ScreenRotation-Num, flags=0x400, pid=588, uid=1000, mUserState=0x3
D/PowerManagerService(  588): acquireWakeLock(429e9130): PARTIAL_WAKE_LOCK , tag=SCREEN_FROZEN, flags=0x1, pid=588, uid=1000, mUserState=0x3
I/ActivityManager(  588): Config changed: {1.0 272mcc2mnc en_FR sw360dp w360dp h614dp nrml long port finger -keyb/v/h -nav/h s.39 skin=default fontsize=3 hasNavBar=0}
D/PowerManagerService(  588): releaseWakeLock(429e9130): PARTIAL_WAKE_LOCK , tag=SCREEN_FROZEN, flags=0x1
D/CarrierLabel(  811): CarrierLabel mIntentReceiver : android.intent.action.CONFIGURATION_CHANGED
D/CarrierLabel(  811): updateResources()
W/CarrierLabel(  811): updateNetworkNameExt: mSimState = UNKNOWN
D/CarrierLabel(  811): updateNetworkName showSpn=false spn= showPlmn=true plmn=3
D/PowerManagerService(  588): acquireWakeLock(428041a0): PARTIAL_WAKE_LOCK , tag=wake:com.google.android.gms/.config.ConfigFetchService, flags=0x1, pid=27853, uid=10017, mUserState=0x3
I/ActivityManager(  588): Start proc com.android.packageinstaller for broadcast com.android.packageinstaller/com.htc.app.HtcPackageEnabler: pid=9657 uid=10135 gids={1028}
D/PowerManagerService(  588): acquireWakeLock(42706910): PARTIAL_WAKE_LOCK , tag=Icing, flags=0x1, pid=27853, uid=10017, mUserState=0x3
D/PowerManagerService(  588): acquireWakeLock(426c3dc0): PARTIAL_WAKE_LOCK , tag=WakefulIntentService[PackageService], flags=0x1, pid=27853, uid=10017, mUserState=0x3
I/ActivityManager(  588): Start proc com.google.android.partnersetup for broadcast com.google.android.partnersetup/.RlzPingBroadcastReceiver: pid=9670 uid=10037 gids={3003, 1028}
D/PowerManagerService(  588): releaseWakeLock(426c3dc0): PARTIAL_WAKE_LOCK , tag=WakefulIntentService[PackageService], flags=0x1
D/PowerManagerService(  588): releaseWakeLock(42b9ad30): CPU_MIN_FREQ , tag=WindowManager-ScreenRotation-Freq, flags=0x100
D/PowerManagerService(  588): releaseWakeLock(42b74268): CPU_MIN_NUM , tag=WindowManager-ScreenRotation-Num, flags=0x400
I/ActivityManager(  588): Start proc com.htc.opensense.social for broadcast com.htc.opensense/.pluginmanager.RegisterReceiver: pid=9687 uid=10014 gids={2001, 3003, 1015, 1028, 1006, 5005, 3002, 3001, 5003}
W/CpuWake (  588): >>nativeAcquireCpuPerfWakeLock()
W/CpuWake (  588): <<nativeAcquireCpuPerfWakeLock()
I/ActivityManager(  588): START {dat=smsto cmp=com.whatsapp/.SmsDefaultAppWarning u=0} from pid 9152
W/ActivityManager(  588): Duplicate finish request for ActivityRecord{4228db20 com.whatsapp/.Conversation}
I/ActivityManager(  588): Start proc com.android.settings for broadcast com.android.settings/.framework.content.plugin.HtcPluginReceiver: pid=9708 uid=1000 gids={1015, 3002, 3001, 3003, 1028, 5006, 3007, 3006, 2001, 1007}
D/PowerManagerService(  588): releaseWakeLock(42706910): PARTIAL_WAKE_LOCK , tag=Icing, flags=0x1
I/ActivityManager(  588): Start proc android.process.acore for broadcast com.android.providers.contacts/.PackageIntentReceiver: pid=9722 uid=10018 gids={3003, 1015, 5002, 1028}
W/CpuWake (  588): >>nativeReleaseCpuPerfWakeLock()
W/CpuWake (  588): <<nativeReleaseCpuPerfWakeLock()
D/PowerManagerService(  588): releaseWakeLock(42a85fe8): PARTIAL_WAKE_LOCK , tag=ActivityManager-Launch, flags=0x1
I/ActivityManager(  588): Start proc com.google.android.talk for broadcast com.google.android.talk/com.google.android.apps.hangouts.phone.PackageReplacedReceiver: pid=9741 uid=10148 gids={3003, 1015, 1006, 3002, 1028}
I/ActivityManager(  588): Recipient 9640
I/ActivityManager(  588): Process com.google.android.googlequicksearchbox:search (pid 9640) has died.
I/ActivityManager(  588): Recipient 9254
I/WindowState(  588): WIN DEATH: Window{42a47ca0 com.rhmsoft.fm/com.rhmsoft.fm.FileManager paused=false}
I/ActivityManager(  588): Process com.rhmsoft.fm (pid 9254) has died.
W/CpuWake (  588): >>nativeReleaseCpuPerfWakeLock()
W/CpuWake (  588): <<nativeReleaseCpuPerfWakeLock()
I/PackageManager(  588):  setEnabledSetting(), pkgName=com.google.android.talk, clsName=com.google.android.apps.hangouts.phone.ShareIntentSmsOnlyActivity, state=2, flag=1, pid=9741, uid=10148
D/Socket_Alarm( 9741): registerHTCSocketMonitorCallBack
D/Socket_Alarm( 9741): set mSocketMonitor
D/Socket_Alarm( 9741): HTCSocketMonitorImpl::HTCSocketMonitorImpl
I/PackageManager(  588):  setEnabledSetting(), pkgName=com.google.android.talk, clsName=com.google.android.apps.hangouts.sms.SmsReceiver, state=2, flag=1, pid=9741, uid=10148
I/PackageManager(  588):  setEnabledSetting(), pkgName=com.google.android.talk, clsName=com.google.android.apps.hangouts.sms.MmsWapPushReceiver, state=2, flag=1, pid=9741, uid=10148
--------- beginning of /dev/log/main
D/NOTE    ( 9722): checkSsoFacebookLogin sso_facebook_mimetype_id: 14
D/NOTE    ( 9722): checkSsoFacebookLogin mOriginalFacebookLogin: true
I/PackageManager(  588):  setEnabledSetting(), pkgName=com.google.android.talk, clsName=com.google.android.apps.hangouts.sms.AbortSmsReceiver, state=2, flag=1, pid=9741, uid=10148
I/PackageManager(  588):  setEnabledSetting(), pkgName=com.google.android.talk, clsName=com.google.android.apps.hangouts.sms.AbortMmsWapPushReceiver, state=2, flag=1, pid=9741, uid=10148
I/PackageManager(  588):  setEnabledSetting(), pkgName=com.google.android.talk, clsName=com.google.android.apps.hangouts.service.NoConfirmationSmsSendService, state=2, flag=1, pid=9741, uid=10148
I/Babel_StickerModule( 9741): App launched.
E/dalvikvm( 9741): Could not find class 'android.hardware.display.DisplayManager', referenced from method com.google.android.libraries.hangouts.video.ScreenCaptureVideoSource.<init>
W/dalvikvm( 9741): VFY: unable to resolve check-cast 563 (Landroid/hardware/display/DisplayManager;) in Lcom/google/android/libraries/hangouts/video/ScreenCaptureVideoSource;
W/dalvikvm( 9741): VFY: unable to find class referenced in signature (Landroid/hardware/display/VirtualDisplay;)
W/dalvikvm( 9741): VFY: unable to find class referenced in signature (Landroid/media/projection/MediaProjection;)
W/dalvikvm( 9741): VFY: unable to find class referenced in signature (Landroid/media/projection/MediaProjection;)
W/dalvikvm( 9741): VFY: unable to find class referenced in signature (Landroid/media/projection/MediaProjection;)
W/dalvikvm( 9741): VFY: unable to find class referenced in signature (Landroid/media/projection/MediaProjectionManager;)
W/dalvikvm( 9741): VFY: unable to resolve virtual method 3518: Landroid/media/projection/MediaProjection;.createVirtualDisplay (Ljava/lang/String;IIIILandroid/view/Surface;Landroid/hardware/display/VirtualDisplay$Callback;Landroid/os/Handler;)Landroid/hardware/display/VirtualDisplay;
W/dalvikvm( 9741): VFY: unable to resolve virtual method 3393: Landroid/hardware/display/VirtualDisplay;.release ()V
W/dalvikvm( 9741): VFY: unable to resolve virtual method 3392: Landroid/hardware/display/DisplayManager;.unregisterDisplayListener (Landroid/hardware/display/DisplayManager$DisplayListener;)V
W/dalvikvm( 9741): VFY: unable to resolve virtual method 3522: Landroid/media/projection/MediaProjectionManager;.createScreenCaptureIntent ()Landroid/content/Intent;
W/dalvikvm( 9741): Unable to resolve superclass of Lcom/google/android/libraries/hangouts/video/ScreenCaptureVideoSource$2; (596)
W/dalvikvm( 9741): Link of class 'Lcom/google/android/libraries/hangouts/video/ScreenCaptureVideoSource$2;' failed
W/dalvikvm( 9741): Link of class 'Lcom/google/android/libraries/hangouts/video/ScreenCaptureVideoSource$4;' failed
W/dalvikvm( 9741): VFY: unable to resolve virtual method 3454: Landroid/media/MediaCodecInfo$CodecCapabilities;.getVideoCapabilities ()Landroid/media/MediaCodecInfo$VideoCapabilities;
I/ActivityManager(  588): Start proc com.google.android.apps.plus for broadcast com.google.android.apps.plus/.service.PackagesMediaMonitor: pid=9769 uid=10133 gids={3003, 3002, 1015, 1006, 1028}
E/Trace   ( 9769): error opening trace file: No such file or directory (2)
I/dalvikvm-heap( 9741): Grow heap (frag case) to 12.909MB for 260112-byte allocation
E/dalvikvm( 9769): Could not find class 'android.app.Notification$Action$Builder', referenced from method b.a
W/dalvikvm( 9769): VFY: unable to resolve new-instance 302 (Landroid/app/Notification$Action$Builder;) in Lb;
E/dalvikvm( 9769): Could not find class 'android.graphics.drawable.RippleDrawable', referenced from method b.a
W/dalvikvm( 9769): VFY: unable to resolve new-instance 462 (Landroid/graphics/drawable/RippleDrawable;) in Lb;
W/dalvikvm( 9769): VFY: unable to find class referenced in signature (Lzt;)
W/dalvikvm( 9769): VFY: unable to find class referenced in signature (Lzt;)
W/dalvikvm( 9769): VFY: unable to find class referenced in signature (Lzt;)
W/dalvikvm( 9769): VFY: unable to find class referenced in signature (Lzt;)
W/dalvikvm( 9769): VFY: unable to find class referenced in signature (Lzt;)
W/dalvikvm( 9769): VFY: unable to find class referenced in signature (Lzt;)
W/dalvikvm( 9769): VFY: unable to find class referenced in signature (Lzt;)
W/dalvikvm( 9769): VFY: unable to resolve static method 2837: Landroid/os/Trace;.beginSection (Ljava/lang/String;)V
W/dalvikvm( 9769): VFY: unable to resolve static method 2838: Landroid/os/Trace;.endSection ()V
E/dalvikvm( 9769): Could not find class 'android.app.Notification$Action$Builder', referenced from method b.a
W/dalvikvm( 9769): VFY: unable to resolve new-instance 302 (Landroid/app/Notification$Action$Builder;) in Lb;
I/ActivityManager(  588): Recipient 9657
I/ActivityManager(  588): Process com.android.packageinstaller (pid 9657) has died.
E/dalvikvm( 9769): Could not find class 'android.transition.Transition', referenced from method b.a
W/dalvikvm( 9769): VFY: unable to resolve check-cast 691 (Landroid/transition/Transition;) in Lb;
E/dalvikvm( 9769): Could not find class 'android.transition.Transition', referenced from method b.a
W/dalvikvm( 9769): VFY: unable to resolve check-cast 691 (Landroid/transition/Transition;) in Lb;
E/dalvikvm( 9769): Could not find class 'android.transition.Transition', referenced from method b.a
W/dalvikvm( 9769): VFY: unable to resolve check-cast 691 (Landroid/transition/Transition;) in Lb;
W/dalvikvm( 9769): VFY: unable to resolve virtual method 4388: Landroid/view/ViewGroup;.isTransitionGroup ()Z
W/dalvikvm( 9769): VFY: unable to resolve virtual method 4205: Landroid/view/View;.getTransitionName ()Ljava/lang/String;
W/dalvikvm( 9769): VFY: unable to find class referenced in signature ([Landroid/app/RemoteInput;)
E/dalvikvm( 9769): Could not find class 'android.app.RemoteInput[]', referenced from method b.a
W/dalvikvm( 9769): VFY: unable to resolve new-array 12606 ([Landroid/app/RemoteInput;) in Lb;
E/dalvikvm( 9769): Could not find class 'android.transition.Transition', referenced from method b.b
W/dalvikvm( 9769): VFY: unable to resolve check-cast 691 (Landroid/transition/Transition;) in Lb;
I/ActivityManager(  588): Recipient 9670
I/ActivityManager(  588): Process com.google.android.partnersetup (pid 9670) has died.
W/dalvikvm( 9769): VFY: unable to resolve virtual method 1740: Landroid/content/res/Configuration;.getLayoutDirection ()I
W/dalvikvm( 9769): Unable to resolve superclass of Lar; (689)
W/dalvikvm( 9769): Link of class 'Lar;' failed
W/dalvikvm( 9769): Unable to resolve superclass of Lat; (689)
W/dalvikvm( 9769): Link of class 'Lat;' failed
D/HtcCustomOpenHelper( 9722): cacheMyContactIds mMyContactCardRawId: 9223372034707292161
D/HtcCustomOpenHelper( 9722): cacheMyContactIds mMyContactCardId: 9223372034707292161
I/ActivityThread( 9769): Pub com.google.android.apps.photos.content: com.google.android.apps.photos.content.GooglePhotosImageProvider
I/ActivityThread( 9769): Pub com.google.android.apps.plus.content.EsPicasaStoreProvider: com.google.android.libraries.social.picasalegacy.PicasaPhotoContentProvider
I/ActivityThread( 9769): Pub com.google.android.apps.photos.GooglePhotoDownsyncProvider: com.google.android.apps.photos.content.GooglePhotoDownsyncProvider
I/ActivityThread( 9769): Pub com.google.plus.platform: com.google.android.libraries.social.adsprovider.AdsProvider
I/ActivityThread( 9769): Pub com.google.android.apps.plus.iu.EsGoogleIuProvider: com.google.android.libraries.social.autobackup.AutoBackupProvider
I/ActivityManager(  588): Recipient 9708
I/ActivityManager(  588): Process com.android.settings (pid 9708) has died.
I/ActivityThread( 9769): Pub com.google.android.apps.plus.content.EsProvider: com.google.android.apps.plus.content.EsProvider
I/ActivityThread( 9769): Pub com.google.android.apps.plus.mediapicker: android.support.v4.content.FileProvider
D/PowerManagerService(  588): acquireWakeLock(42746480): PARTIAL_WAKE_LOCK , tag=AsyncService, flags=0x1, pid=9769, uid=10133, mUserState=0x3
D/PowerManagerService(  588): releaseWakeLock(42746480): PARTIAL_WAKE_LOCK , tag=AsyncService, flags=0x1
I/ActivityManager(  588): Recipient 9687
I/ActivityManager(  588): Process com.htc.opensense.social (pid 9687) has died.
I/ActivityManager(  588): Recipient 9500
I/ActivityManager(  588): Process com.android.vending (pid 9500) has died.
I/ActivityManager(  588): Start proc com.google.android.googlequicksearchbox:search for broadcast com.google.android.googlequicksearchbox/com.google.android.search.core.icingsync.IcingCorporaChangedReceiver: pid=9788 uid=10038 gids={3003, 3001, 1028, 3002, 1015, 1006}
I/dalvikvm-heap( 9769): Grow heap (frag case) to 14.036MB for 1198096-byte allocation
D/StateMachine(  588): handleMessage: E msg.what=131155
D/StateMachine(  588): processMsg: ConnectedState
D/WifiStateMachine(  588): ConnectedState{ what=131155 when=-2ms target=Handler (com.android.internal.util.StateMachine$SmHandler) {42568e58} arg1=257 }
D/StateMachine(  588): processMsg: L2ConnectedState
D/WifiStateMachine(  588): L2ConnectedState{ what=131155 when=-2ms target=Handler (com.android.internal.util.StateMachine$SmHandler) {42568e58} arg1=257 }
E/Trace   ( 9788): error opening trace file: No such file or directory (2)
I/wpa_ctrl(  588): [wpa_ctrl_request] ctrl address = 51174668, ctrl_conn address = 0
D/WifiStateMachine(  588): fetchRssiAndLinkSpeedNative RSSI = -38
D/StateMachine(  588): handleMessage: X
D/Socket_Alarm( 9769): registerHTCSocketMonitorCallBack
D/Socket_Alarm( 9769): set mSocketMonitor
D/Socket_Alarm( 9769): HTCSocketMonitorImpl::HTCSocketMonitorImpl
I/dalvikvm-heap( 9769): Grow heap (frag case) to 16.403MB for 1198096-byte allocation
I/ActivityManager(  588): Recipient 9741
I/ActivityManager(  588): Process com.google.android.talk (pid 9741) has died.
I/ActivityThread( 9788): Pub com.google.android.googlequicksearchbox.google: com.google.android.search.core.google.GoogleSuggestionProvider
I/ActivityThread( 9788): Pub com.google.android.googlequicksearchbox.AudioProvider: com.google.android.speech.audio.AudioProvider
I/ActivityThread( 9788): Pub com.google.android.googlequicksearchbox.icing: com.google.android.search.core.icingsync.InternalIcingCorporaProvider
W/dalvikvm( 9788): VFY: unable to resolve static field 219 (CONTENT_URI) in Landroid/provider/ContactsContract$DeletedContacts;
W/dalvikvm( 9788): VFY: unable to resolve virtual method 260: Landroid/app/ActivityManager;.isLowRamDevice ()Z
W/dalvikvm( 9788): VFY: unable to resolve static method 1963: Landroid/provider/Settings$Global;.getInt (Landroid/content/ContentResolver;Ljava/lang/String;I)I
W/dalvikvm( 9788): VFY: unable to resolve virtual method 5445: Landroid/view/View;.isInLayout ()Z
I/ActivityThread( 9788): Pub com.google.android.googlequicksearchbox.NetworkImageLoaderContentProvider: com.google.android.search.core.imageloader.NetworkImageLoaderContentProvider
I/ActivityThread( 9788): Pub com.google.android.velvet.extradex.ExtraDexHostProvider: com.google.android.velvet.extradex.ExtraDexHostProvider
I/ActivityThread( 9788): Pub com.google.android.velvet.util.statedumpprovider: com.google.android.velvet.util.StateDumpProvider
I/ActivityThread( 9788): Pub com.google.android.projection.CarAudioProvider: com.google.android.projection.CarAudioProvider
D/PackageBroadcastService(27853): Received broadcast action=android.intent.action.PACKAGE_ADDED and uri=co.giftmeapp.gift_me
I/ActivityManager(  588): Start proc ru.yandex.translate for broadcast ru.yandex.translate/com.yandex.metrica.MetricaEventHandler: pid=9803 uid=10181 gids={3003, 1015, 1028}
E/Trace   ( 9803): error opening trace file: No such file or directory (2)
I/UpdateIcingCorporaServi( 9788): Updating corpora: APPS=co.giftmeapp.gift_me, CONTACTS=MAYBE
D/PowerManagerService(  588): acquireWakeLock(429d5cc8): PARTIAL_WAKE_LOCK , tag=wake:com.google.android.gms/.config.ConfigFetchService, flags=0x1, pid=27853, uid=10017, mUserState=0x3
I/ConfigFetchService(27853): onStartCommand Intent { act=android.intent.action.PACKAGE_ADDED dat=package cmp=com.google.android.gms/.config.ConfigFetchService (has extras) }
I/ConfigFetchService(27853): launchTask
D/PowerManagerService(  588): acquireWakeLock(42865860): PARTIAL_WAKE_LOCK , tag=Config Service fetch, flags=0x1, pid=27853, uid=10017, mUserState=0x3
I/ActivityManager(  588): Recipient 9722
I/ActivityManager(  588): Process android.process.acore (pid 9722) has died.
I/ActivityManager(  588): Start proc com.google.android.partnersetup for content provider com.google.android.partnersetup/.RlzAppProvider: pid=9820 uid=10037 gids={3003, 1028}
I/ActivityThread( 9803): Pub ru.yandex.translate.MetricaContentProvider: ru.yandex.translate.core.MetricaContentProvider
W/dalvikvm( 9788): VFY: unable to resolve virtual method 268: Landroid/app/AlarmManager;.setExact (IJLandroid/app/PendingIntent;)V
D/Socket_Alarm( 9788): registerHTCSocketMonitorCallBack
D/Socket_Alarm( 9788): set mSocketMonitor
D/Socket_Alarm( 9788): HTCSocketMonitorImpl::HTCSocketMonitorImpl
I/ConfigFetchService(27853): service connected
E/Trace   ( 9820): error opening trace file: No such file or directory (2)
V/LocationManagerService(  588): getProviders
D/HybridProvider(  588): getName
I/{Metrica for Apps}:{Log}( 9803): Initializing of Metrica, Release type, Version 1.60, API Level 16, Dated 28.10.2014.
I/ActivityThread( 9820): Pub com.google.android.partnersetup.rlzprovider: com.google.android.partnersetup.RlzProvider
W/dalvikvm( 9788): VFY: unable to resolve virtual method 902: Landroid/content/pm/PackageManager;.getPackageInstaller ()Landroid/content/pm/PackageInstaller;
