D/AccountTypeManager(  968): Registering external account type=com.vkontakte.account, packageName=com.vkontakte.android
W/ResourceType(  968): getEntry failing because entryIndex 508 is beyond type entryCount 136
W/ResourceType(  968): Failure getting entry for 0x7f0201fc (t=1 e=508) in package 0 (error -2147483647)
W/ResourceType(  968): getEntry failing because entryIndex 508 is beyond type entryCount 136
W/ResourceType(  968): Failure getting entry for 0x7f0201fc (t=1 e=508) in package 0 (error -2147483647)
D/AccountTypeManager(  968): Registering external account type=com.twitter.android.auth.login, packageName=com.twitter.android
W/ResourceType(  968): getEntry failing because entryIndex 256 is beyond type entryCount 136
W/ResourceType(  968): Failure getting entry for 0x7f020100 (t=1 e=256) in package 0 (error -2147483647)
D/AccountTypeManager(  968): Registering external account type=com.facebook.auth.login, packageName=com.facebook.katana
W/ResourceType(  968): getEntry failing because entryIndex 2308 is beyond type entryCount 136
W/ResourceType(  968): Failure getting entry for 0x7f020904 (t=1 e=2308) in package 0 (error -2147483647)
W/ResourceType(  968): getEntry failing because entryIndex 2394 is beyond type entryCount 136
W/ResourceType(  968): Failure getting entry for 0x7f02095a (t=1 e=2394) in package 0 (error -2147483647)
D/AccountTypeManager(  968): Registering external account type=com.viber.voip.account, packageName=com.viber.voip
W/ResourceType(  968): getEntry failing because entryIndex 834 is beyond type entryCount 136
W/ResourceType(  968): Failure getting entry for 0x7f020342 (t=1 e=834) in package 0 (error -2147483647)
W/ResourceType(  968): getEntry failing because entryIndex 833 is beyond type entryCount 136
W/ResourceType(  968): Failure getting entry for 0x7f020341 (t=1 e=833) in package 0 (error -2147483647)
W/ResourceType(  968): getEntry failing because entryIndex 835 is beyond type entryCount 136
W/ResourceType(  968): Failure getting entry for 0x7f020343 (t=1 e=835) in package 0 (error -2147483647)
W/ResourceType(  968): getEntry failing because entryIndex 835 is beyond type entryCount 136
W/ResourceType(  968): Failure getting entry for 0x7f020343 (t=1 e=835) in package 0 (error -2147483647)
D/AccountTypeManager(  968): Registering external account type=com.htc.linkedin, packageName=com.htc.linkedin
D/webcoreglue(19503): netstack: Memory Cache feature is ON
D/CordovaActivity(19503): CordovaActivity.createViews()
W/dalvikvm(19503): VFY: unable to find class referenced in signature (Landroid/webkit/ClientCertRequest;)
W/dalvikvm(19503): VFY: unable to find class referenced in signature (Landroid/webkit/ClientCertRequest;)
W/dalvikvm(19503): VFY: unable to resolve virtual method 271: Landroid/webkit/WebViewClient;.onReceivedClientCertRequest (Landroid/webkit/WebView;Landroid/webkit/ClientCertRequest;)V
W/dalvikvm(19503): VFY: unable to resolve virtual method 215: Landroid/webkit/WebChromeClient$FileChooserParams;.createIntent ()Landroid/content/Intent;
E/ExternalAccountType(  968): Unsupported attribute readOnly
D/PluginManager(19503): init()
W/dalvikvm(19487): VFY: unable to resolve static field 27311 (a) in Lcom/facebook/katana/app/WorkAppTypes;
W/dalvikvm(19487): VFY: unable to resolve static field 27312 (b) in Lcom/facebook/katana/app/WorkAppTypes;
D/AccountTypeManager(  968): Registering extension package account type=com.google, dataSet=plus, packageName=com.google.android.apps.plus
D/CordovaWebView(19503): CordovaWebView is running on device made by: HTC
I/CordovaWebView(19503): Disabled addJavascriptInterface() bridge since Android version is old.
D/CordovaWebView(19503): >>> loadUrl(file:///android_asset/www/index.html)
D/CordovaWebView(19503): >>> loadUrlNow()
E/dalvikvm(19487): Could not find class 'com.facebook.katana.app.WallpaperFacebookApplicationImpl', referenced from method com.facebook.katana.app.FacebookApplication.a
W/dalvikvm(19487): VFY: unable to resolve new-instance 362 (Lcom/facebook/katana/app/WallpaperFacebookApplicationImpl;) in Lcom/facebook/katana/app/FacebookApplication;
D/CordovaActivity(19503): Resuming the App
I/AccountTypeManager(  968): Loaded meta-data for 14 account types, 12 accounts in 197ms(wall) 51ms(cpu)
W/dalvikvm(19487): VFY: unable to resolve virtual method 11: Landroid/app/AlarmManager;.setExact (IJLandroid/app/PendingIntent;)V
D/CatchMeIfYouCan(19487): Process (dash) ca: '/data/data/com.facebook.katana/app_cmiyc/0C66B38F48468E96F8008B6D5A2AE33B4A60265E01'
D/CatchMeIfYouCan(19487): Process (dash) fc: '/data/data/com.facebook.katana/app_cmiyc/0C66B38F48468E96F8008B6D5A2AE33B4A60265E02'
D/CatchMeIfYouCan(19487): Process (dash) cp: '('dash', 6, 60000, silent [true], restart [true], logout [true])'
D/SoftKeyboardDetect(19503): Ignore this event
D/HtcDialer(  968): updateButtonTextPreferred() mShouldUpdateCallBtnPreferred=true slot=1
D/HtcDialer(  968): updateButtonTextPreferred() mShouldUpdateCallBtnPreferred=true slot=1
D/HtcDialer(  968): updateButtonTextPreferred() mShouldUpdateCallBtnPreferred=true slot=1
W/dalvikvm(19487): VFY: unable to resolve virtual method 9: Landroid/app/ActivityManager;.isLowRamDevice ()Z
D/my      (  968): myGC1
D/ACRA    (19487): ACRA is enabled for com.facebook.katana, intializing...
I/Adreno200-EGL(19503): <qeglDrvAPI_eglInitialize:294>: EGL 1.4 QUALCOMM build: Nondeterministic AU_msm8960_JB_REL_RB3.1_CL2814726_release_AU (CL2814726)
I/Adreno200-EGL(19503): Build Date: 10/07/12 Sun
I/Adreno200-EGL(19503): Local Branch: 
I/Adreno200-EGL(19503): Remote Branch: m/jb_rel_rb3.1
I/Adreno200-EGL(19503): Local Patches: NONE
I/Adreno200-EGL(19503): Reconstruct Branch: NOTHING
D/ACRA    (19487): Looking for error files in /data/data/com.facebook.katana/app_acra-reports
D/ACRA    (19487): Looking for error files in /data/data/com.facebook.katana/app_minidumps
D/PowerManagerService(  588): releaseWakeLock(428b55d0): CPU_MIN_FREQ , tag=WindowManager-ScreenRotation-Freq, flags=0x100
D/PowerManagerService(  588): releaseWakeLock(4288aba0): CPU_MIN_NUM , tag=WindowManager-ScreenRotation-Num, flags=0x400
D/memalloc(  242): ion: Allocated buffer base:0x43620000 size:1949696 fd:73
D/memalloc(  242): ion: Allocated buffer base:0x4003f000 size:4096 fd:74
D/memalloc(19503): ion: Mapped buffer base:0x54900000 size:1949696 offset:0 fd:73
D/memalloc(19503): ion: Mapped buffer base:0x40011000 size:4096 offset:0 fd:75
D/memalloc(  242): ion: Allocated buffer base:0x437fc000 size:1949696 fd:35
D/memalloc(  242): ion: Allocated buffer base:0x400ad000 size:4096 fd:77
D/memalloc(19503): ion: Mapped buffer base:0x54c1c000 size:1949696 offset:0 fd:78
D/memalloc(19503): ion: Mapped buffer base:0x40040000 size:4096 offset:0 fd:80
W/dalvikvm(19503): disableGcForExternalAlloc: false
V/InputMethodManagerService(  588): unbindCurrentInputLocked: client = android.os.BinderProxy@425233e0
I/InputMethodManagerService(  588): Disable input method client.
V/InputMethodManagerService(  588): switching to client: client = android.os.BinderProxy@429102f8
I/InputMethodManagerService(  588): Enable input method client.
W/IInputConnectionWrapper(19377): showStatusIcon on inactive InputConnection
W/IInputConnectionWrapper(19377): InputConnection = android.view.inputmethod.BaseInputConnection@41c03c48, active client = false
I/ActivityManager(  588): Displayed co.giftmeapp.gift_me/.GiftMe: +1s143ms
D/SoftKeyboardDetect(19503): Ignore this event
D/memalloc(  242): ion: Allocated buffer base:0x439d8000 size:1949696 fd:85
D/memalloc(  242): ion: Allocated buffer base:0x40207000 size:4096 fd:88
D/memalloc(19503): ion: Mapped buffer base:0x54ef8000 size:1949696 offset:0 fd:82
D/memalloc(19503): ion: Mapped buffer base:0x4006e000 size:4096 offset:0 fd:84
D/PowerManagerService(  588): releaseWakeLock(4267d690): PARTIAL_WAKE_LOCK , tag=ActivityManager-Launch, flags=0x1
D/memalloc(  588): ion: Unmapping buffer  base:0x5df45000 size:1949696
D/memalloc(  588): ion: Unmapping buffer  base:0x53b75000 size:4096
D/memalloc(  242): ion: Freeing buffer base:0x42ec2000 size:1949696 fd:51
D/memalloc(  242): ion: Unmapping buffer  base:0x42ec2000 size:1949696
D/memalloc(  242): ion: Freeing buffer base:0x4008f000 size:4096 fd:53
D/memalloc(  242): ion: Unmapping buffer  base:0x4008f000 size:4096
I/dalvik-internals(19487): Successfully looked up JNI_GetCreatedJavaVMs: ptr=0x40aa2d81 sz=0
I/dalvik-internals(19487): Successfully looked up gDvm: ptr=0x40b10688 sz=0
I/dalvik-internals(19487): Successfully looked up dvmResolveClass: ptr=0x40ac6161 sz=288
I/dalvik-internals(19487): Successfully looked up dvmFlushBreakpoints: ptr=0x40a7d8d0 sz=160
I/dalvik-internals(19487): Successfully looked up dvmSuspendAllThreads: ptr=0x40aab4a9 sz=0
I/dalvik-internals(19487): Successfully looked up dvmResumeAllThreads: ptr=0x40aaafd1 sz=0
E/dalvik-internals(19487): Failed to look up ladDumpProfiles
E/dalvik-internals(19487): Failed to look up ladResetProfiles
E/dalvik-internals(19487): Failed to look up ladPrintHeaderInfo
V/DexLibLoader(19487): about to lock: /data/data/com.facebook.katana/mdex_lock
V/DexLibLoader(19487): locking /data/data/com.facebook.katana/mdex_lock took 7 ms
V/DexLibLoader(19487): Secondary program dex metadata: secondary-1.dex.jar.xz ed099eea407afa0be3356d48fb5eb5aee7c50695 secondary.dex01.Canary
V/DexLibLoader(19487): Secondary program dex metadata: secondary-2.dex.jar.xz 3282e84cdd9d1b046bc3a65075052563f68d4056 secondary.dex02.Canary
V/DexLibLoader(19487): Secondary program dex metadata: secondary-3.dex.jar.xz 41b4efe90e860a075c06053421346ade50934e14 secondary.dex03.Canary
V/DexLibLoader(19487): Secondary program dex metadata: secondary-4.dex.jar.xz ffa25f5bde31b0e38c0b7d8c5dd7ef046dd029a0 secondary.dex04.Canary
V/DexLibLoader(19487): Secondary program dex metadata: secondary-5.dex.jar.xz f8b89e5650646be9db84de4745e6313473842d72 secondary.dex05.Canary
V/DexLibLoader(19487): Secondary program dex metadata: secondary-6.dex.jar.xz 3e7868fab4cee39ee53d103c6fcf79b1db78e78b secondary.dex06.Canary
V/DexLibLoader(19487): Secondary program dex metadata: secondary-7.dex.jar.xz 71917bdc2fe8b2363a747f001cced6635bdfef04 secondary.dex07.Canary
V/DexLibLoader(19487): directory "/data/data/com.facebook.katana/app_secondary_program_dex" contains "program-ed099eea407afa0be3356d48fb5eb5aee7c506951daaa66c.dex.jar" as expected
V/DexLibLoader(19487): directory "/data/data/com.facebook.katana/app_secondary_program_dex" contains "program-3282e84cdd9d1b046bc3a65075052563f68d40561daaa66c.dex.jar" as expected
V/DexLibLoader(19487): directory "/data/data/com.facebook.katana/app_secondary_program_dex" contains "program-41b4efe90e860a075c06053421346ade50934e141daaa66c.dex.jar" as expected
V/DexLibLoader(19487): directory "/data/data/com.facebook.katana/app_secondary_program_dex" contains "program-ffa25f5bde31b0e38c0b7d8c5dd7ef046dd029a01daaa66c.dex.jar" as expected
V/DexLibLoader(19487): directory "/data/data/com.facebook.katana/app_secondary_program_dex" contains "program-f8b89e5650646be9db84de4745e6313473842d721daaa66c.dex.jar" as expected
V/DexLibLoader(19487): directory "/data/data/com.facebook.katana/app_secondary_program_dex" contains "program-3e7868fab4cee39ee53d103c6fcf79b1db78e78b1daaa66c.dex.jar" as expected
V/DexLibLoader(19487): directory "/data/data/com.facebook.katana/app_secondary_program_dex" contains "program-71917bdc2fe8b2363a747f001cced6635bdfef041daaa66c.dex.jar" as expected
D/DexLibLoader(19487): ignoring file "program-ed099eea407afa0be3356d48fb5eb5aee7c506951daaa66c.dex.odex" in "/data/data/com.facebook.katana/app_secondary_program_dex"
D/DexLibLoader(19487): ignoring file "program-3282e84cdd9d1b046bc3a65075052563f68d40561daaa66c.dex.odex" in "/data/data/com.facebook.katana/app_secondary_program_dex"
D/DexLibLoader(19487): ignoring file "program-41b4efe90e860a075c06053421346ade50934e141daaa66c.dex.odex" in "/data/data/com.facebook.katana/app_secondary_program_dex"
D/DexLibLoader(19487): ignoring file "program-ffa25f5bde31b0e38c0b7d8c5dd7ef046dd029a01daaa66c.dex.odex" in "/data/data/com.facebook.katana/app_secondary_program_dex"
D/DexLibLoader(19487): ignoring file "program-f8b89e5650646be9db84de4745e6313473842d721daaa66c.dex.odex" in "/data/data/com.facebook.katana/app_secondary_program_dex"
D/DexLibLoader(19487): ignoring file "program-3e7868fab4cee39ee53d103c6fcf79b1db78e78b1daaa66c.dex.odex" in "/data/data/com.facebook.katana/app_secondary_program_dex"
D/StateMachine(  588): handleMessage: E msg.what=131155
D/StateMachine(  588): processMsg: ConnectedState
D/DexLibLoader(19487): ignoring file "program-71917bdc2fe8b2363a747f001cced6635bdfef041daaa66c.dex.odex" in "/data/data/com.facebook.katana/app_secondary_program_dex"
D/DexLibLoader(19487): directory "/data/data/com.facebook.katana/app_secondary_program_dex" is valid
D/WifiStateMachine(  588): ConnectedState{ what=131155 when=-7ms target=Handler (com.android.internal.util.StateMachine$SmHandler) {42568e58} arg1=271 }
D/StateMachine(  588): processMsg: L2ConnectedState
D/WifiStateMachine(  588): L2ConnectedState{ what=131155 when=-9ms target=Handler (com.android.internal.util.StateMachine$SmHandler) {42568e58} arg1=271 }
D/DexLibLoader(19487): ignoring file "primary_deps" in "/data/data/com.facebook.katana/app_secondary_program_dex_opt"
V/DexLibLoader(19487): directory "/data/data/com.facebook.katana/app_secondary_program_dex_opt" contains "program-ed099eea407afa0be3356d48fb5eb5aee7c506951daaa66c.dex.dex" as expected
V/DexLibLoader(19487): directory "/data/data/com.facebook.katana/app_secondary_program_dex_opt" contains "program-3282e84cdd9d1b046bc3a65075052563f68d40561daaa66c.dex.dex" as expected
V/DexLibLoader(19487): directory "/data/data/com.facebook.katana/app_secondary_program_dex_opt" contains "program-41b4efe90e860a075c06053421346ade50934e141daaa66c.dex.dex" as expected
V/DexLibLoader(19487): directory "/data/data/com.facebook.katana/app_secondary_program_dex_opt" contains "program-ffa25f5bde31b0e38c0b7d8c5dd7ef046dd029a01daaa66c.dex.dex" as expected
V/DexLibLoader(19487): directory "/data/data/com.facebook.katana/app_secondary_program_dex_opt" contains "program-f8b89e5650646be9db84de4745e6313473842d721daaa66c.dex.dex" as expected
V/DexLibLoader(19487): directory "/data/data/com.facebook.katana/app_secondary_program_dex_opt" contains "program-3e7868fab4cee39ee53d103c6fcf79b1db78e78b1daaa66c.dex.dex" as expected
V/DexLibLoader(19487): directory "/data/data/com.facebook.katana/app_secondary_program_dex_opt" contains "program-71917bdc2fe8b2363a747f001cced6635bdfef041daaa66c.dex.dex" as expected
D/DexLibLoader(19487): directory "/data/data/com.facebook.katana/app_secondary_program_dex_opt" is valid
I/wpa_ctrl(  588): [wpa_ctrl_request] ctrl address = 51174668, ctrl_conn address = 0
D/WifiStateMachine(  588): fetchRssiAndLinkSpeedNative RSSI = -43
D/StateMachine(  588): handleMessage: X
D/HostStatisticManager(19503): netstack: DNS Host Prioritization is: ON, Version: 5.0.1
V/chromium(19503): external/chromium/net/host_resolver_helper/host_resolver_helper.cc:66: [0331/203401:INFO:host_resolver_helper.cc(66)] DNSPreResolver::Init got hostprovider:0x53fcc010
V/chromium(19503): external/chromium/net/base/host_resolver_impl.cc:1510: [0331/203401:INFO:host_resolver_impl.cc(1510)] HostResolverImpl::SetPreresolver preresolver:0x50ee0b70
D/        (19503): dl error message Cannot load library: link_image[1891]:   253 could not load needed library 'libcneapiclient.so' for 'libtcpfinaggr.so' (load_library[1093]: Library 'libcneapiclient.so' not found)
D/Socket_Pool(19503): Failed to create TCP Fin Aggregation interface.
D/Socket_Pool(19503): netstack: CloseUnusedSockets is ON
D/Socket_Pool(19503): netstack: system net.statistics value: 0
D/Socket_Pool(19503): Failed to create TCP Fin Aggregation interface.
D/Socket_Pool(19503): netstack: CloseUnusedSockets is ON
D/Socket_Pool(19503): netstack: system net.statistics value: 0
D/        (19503): external/chromium/net/http/http_getzip_factory.cc: libgetzip.so successfully loaded
D/        (19503): external/chromium/net/http/http_getzip_factory.cc,: GETzip initializing method was found in libgetzip.so
D/        (19503): netstack: Getzip is: ON, Version: 5.0.1
D/Socket_Pool(19503): Failed to create TCP Fin Aggregation interface.
D/Socket_Pool(19503): netstack: CloseUnusedSockets is ON
D/Socket_Pool(19503): netstack: system net.statistics value: 0
D/Socket_Pool(19503): Failed to create TCP Fin Aggregation interface.
D/Socket_Pool(19503): netstack: CloseUnusedSockets is ON
D/Socket_Pool(19503): netstack: system net.statistics value: 0
D/CordovaWebViewClient(19503): onPageStarted(file:///android_asset/www/index.html)
D/CordovaActivity(19503): onMessage(onPageStarted,file:///android_asset/www/index.html)
D/PackageManager(  588): generateServicesMap(android.content.SyncAdapter): 64 services unchanged
D/BackupManagerService(  588): Received broadcast Intent { act=android.intent.action.PACKAGE_REMOVED dat=package flg=0x8000010 (has extras) }
D/PackageManager(  588): generateServicesMap(android.accounts.AccountAuthenticator): 20 services unchanged
D/JsMessageQueue(19503): Set native->JS mode to OnlineEventsBridgeMode
W/PackageManager(  588): Unable to load service info ResolveInfo{426b7388 com.htc.socialnetwork.facebook.remote.FacebookSyncService p=0 o=0 m=0x108000}
W/PackageManager(  588): org.xmlpull.v1.XmlPullParserException: No android.content.SyncAdapter meta-data
W/PackageManager(  588): 	at android.content.pm.RegisteredServicesCache.parseServiceInfo(RegisteredServicesCache.java:377)
W/PackageManager(  588): 	at android.content.pm.RegisteredServicesCache.generateServicesMap(RegisteredServicesCache.java:261)
W/PackageManager(  588): 	at android.content.pm.RegisteredServicesCache$1.onReceive(RegisteredServicesCache.java:110)
W/PackageManager(  588): 	at android.app.LoadedApk$ReceiverDispatcher$Args.run(LoadedApk.java:832)
W/PackageManager(  588): 	at android.os.Handler.handleCallback(Handler.java:615)
W/PackageManager(  588): 	at android.os.Handler.dispatchMessage(Handler.java:92)
W/PackageManager(  588): 	at android.os.Looper.loop(Looper.java:155)
W/PackageManager(  588): 	at com.android.server.ServerThread.run(SystemServer.java:1031)
D/PackageManager(  588): generateServicesMap(android.content.SyncAdapter): 64 services unchanged
D/BackupManagerService(  588): Received broadcast Intent { act=android.intent.action.PACKAGE_ADDED dat=package flg=0x8000010 (has extras) }
V/BackupManagerService(  588): removePackageParticipantsLocked: uid=10138 #1
D/FxWidgetProvider( 1222): row 1
V/chromium(19503): external/chromium/net/disk_cache/hostres_plugin_bridge.cc:52: [0331/203401:INFO:hostres_plugin_bridge.cc(52)] StatHubCreateHostResPlugin initializing...
V/chromium(19503): external/chromium/net/disk_cache/hostres_plugin_bridge.cc:57: [0331/203401:INFO:hostres_plugin_bridge.cc(57)] StatHubCreateHostResPlugin lib loaded
V/chromium(19503): external/chromium/net/disk_cache/hostres_plugin_bridge.cc:63: [0331/203401:INFO:hostres_plugin_bridge.cc(63)] StatHubCreateHostResPlugin plugin connected
V/chromium(19503): external/chromium/net/http/http_cache.cc:1168: [0331/203401:INFO:http_cache.cc(1168)] HttpCache::OnBackendCreated HostStat created
E/chromium(19503): external/chromium/net/disk_cache/stat_hub.cc:216: [0331/203401:ERROR:stat_hub.cc(216)] StatHub::Init - App co.giftmeapp.gift_me isn't supported.
V/chromium(19503): external/chromium/net/disk_cache/hostres_plugin_bridge.cc:73: [0331/203401:INFO:hostres_plugin_bridge.cc(73)] netstack: Failed to find symbols in plugin: libdnshostprio.so
E/chromium(19503): external/chromium/net/disk_cache/stat_hub.cc:216: [0331/203401:ERROR:stat_hub.cc(216)] StatHub::Init - App co.giftmeapp.gift_me isn't supported.
D/CombinedWidgetProvider( 1222): addFxWidget: WidgetSummary(Calculator/FX_WIDGET/[I@4216f070 x [I@4216f090/-2/ComponentInfo{com.htc.android.fusion.calculator/com.htc.android.fusion.calculator.RosieIntentReceiver})
D/        (19503): netstack: Caching Of Redirection is: ON, Version: 5.0.1
D/        (19503): netstack: Early Connections is: ON, Version: 5.0.1, Param: 3
D/DexLibLoader(19487): loading pre-built cross-dex opt odex files
D/dalvik-internals(19487): successfully hooked dvmResolveClass using jump
D/dalvik-internals(19487): successfully hooked dvmFlushBreakpoints using jump
D/libc    (  251): _resolv_cache_lookup: lookup
D/libc    (  251): [SMD]bl_level = 125
D/libc    (  251): [SMD][Mode1]: Screen on and original TTL is expired
D/libc    (  251):  Cache EXPIRED (STALE ENTRY 0x402e8508 DISCARDED) or need renew
D/FxWidgetProvider( 1222): row 1
D/libc    (  251): [SMD][v0913] Extended TTL = 43200, original TTL = 30
D/CombinedWidgetProvider( 1222): addFxWidget: WidgetSummary(Calculator/FX_WIDGET/[I@41de0408 x [I@41ddeea8/-2/ComponentInfo{com.htc.android.fusion.calculator/com.htc.android.fusion.calculator.RosieIntentReceiver})
D/FxWidgetProvider( 1222): row 1
D/CombinedWidgetProvider( 1222): addFxWidget: WidgetSummary(Locations/FX_WIDGET/[I@41c086d8 x [I@41c066d8/-2/ComponentInfo{com.htc.laputa.widget3d.locations/com.htc.laputa.widget3d.locations.LocationsWidgetProvider})
D/FxWidgetProvider( 1222): row 1
D/CombinedWidgetProvider( 1222): addFxWidget: WidgetSummary(Navigate/FX_WIDGET/[I@41e3ef80 x [I@41e3efa0/-2/ComponentInfo{com.htc.laputa.widget3d.navigate/com.htc.laputa.widget3d.navigate.NavigateWidgetProvider})
D/FxWidgetProvider( 1222): row 1
D/CombinedWidgetProvider( 1222): addFxWidget: WidgetSummary(Tips & Help/FX_WIDGET/[I@41cf60f8 x [I@41cf6118/-2/ComponentInfo{com.htc.rosiewidgets.showme/com.htc.rosiewidgets.showme.ShowMeWidget4x4})
D/FxWidgetProvider( 1222): row 1
D/CombinedWidgetProvider( 1222): addFxWidget: WidgetSummary(Watch/FX_WIDGET/[I@41c2f820 x [I@41c2f0e8/-2/ComponentInfo{com.htc.widget3d.watch/com.htc.widget3d.watch.WatchProvider})
D/FxWidgetProvider( 1222): row 1
D/CombinedWidgetProvider( 1222): addFxWidget: WidgetSummary(Notes/FX_WIDGET/[I@41dcc6f8 x [I@41dcbf88/-2/ComponentInfo{com.htc.htcrichnoteswidget3d/com.htc.htcrichnoteswidget3d.NotesWidgetProvider})
D/FxWidgetProvider( 1222): row 1
D/DexLibLoader(19487): released odex store lock
D/DexLibLoader(19487): DexLibLoader.loadAll took 1438 ms
D/CombinedWidgetProvider( 1222): addFxWidget: WidgetSummary(Notes/FX_WIDGET/[I@41c702a8 x [I@41c6b400/-2/ComponentInfo{com.htc.htcrichnoteswidget3d/com.htc.htcrichnoteswidget3d.NotesWidgetProvider})
D/SystemClassLoaderAdder(19487): Zeroed out zipFile entry corresponding to path /data/app/com.facebook.katana-2.apk
D/CordovaLog(19503): file:///android_asset/www/js/openfb.js: Line 38 : file:///android_asset/oauthcallback.html
I/Web Console(19503): file:///android_asset/oauthcallback.html at file:///android_asset/www/js/openfb.js:38
D/CordovaLog(19503): file:///android_asset/www/js/openfb.js: Line 39 : file:///android_asset/logoutcallback.html
I/Web Console(19503): file:///android_asset/logoutcallback.html at file:///android_asset/www/js/openfb.js:39
D/FxWidgetProvider( 1222): row 1
D/CombinedWidgetProvider( 1222): addFxWidget: WidgetSummary(Auto rotate/FX_WIDGET/[I@41d75010 x [I@41d75030/-2/ComponentInfo{com.htc.autorotatewidget/com.htc.autorotatewidget.AutoRotateWidgetProvider})
D/FxWidgetProvider( 1222): row 1
D/CombinedWidgetProvider( 1222): addFxWidget: WidgetSummary(Auto sync/FX_WIDGET/[I@41c5b3a8 x [I@41c58ce0/-2/ComponentInfo{com.htc.rosiewidgets.backgrounddata/com.htc.rosiewidgets.backgrounddata.HtcBackgroundDataWidget})
D/FxWidgetProvider( 1222): row 1
D/CombinedWidgetProvider( 1222): addFxWidget: WidgetSummary(Bookmarks/FX_WIDGET/[I@4207a418 x [I@41feb290/-2/ComponentInfo{com.htc.fusion.htcbookmarkwidget/com.htc.fusion.htcbookmarkwidget.BookmarkWidgetProvider})
D/FxWidgetProvider( 1222): row 1
V/BackupManagerService(  588): addPackageParticipantsLocked: #1
D/CombinedWidgetProvider( 1222): addFxWidget: WidgetSummary(Calendar/FX_WIDGET/[I@41e18f90 x [I@41e18fb0/-2/ComponentInfo{com.htc.htccalendarwidgets/com.htc.htccalendarwidgets.WidgetReceiver})
D/FxWidgetProvider( 1222): row 1
D/CombinedWidgetProvider( 1222): addFxWidget: WidgetSummary(Calendar/FX_WIDGET/[I@41d3d0e0 x [I@41d3c0a0/-2/ComponentInfo{com.htc.htccalendarwidgets/com.htc.htccalendarwidgets.WidgetReceiver})
D/FxWidgetProvider( 1222): row 1
D/CombinedWidgetProvider( 1222): addFxWidget: WidgetSummary(Calendar/FX_WIDGET/[I@41c03c40 x [I@41c03c60/-2/ComponentInfo{com.htc.htccalendarwidgets/com.htc.htccalendarwidgets.WidgetReceiver})
D/FxWidgetProvider( 1222): row 1
D/CombinedWidgetProvider( 1222): addFxWidget: WidgetSummary(Weather Clock/FX_WIDGET/[I@41dff828 x [I@41dff848/-2/ComponentInfo{com.htc.clock3dwidget/com.htc.clock3dwidget.ClockWidgetProvider})
D/FxWidgetProvider( 1222): row 1
D/CombinedWidgetProvider( 1222): addFxWidget: WidgetSummary(Weather Clock/FX_WIDGET/[I@41cd7e48 x [I@41cd7e68/-2/ComponentInfo{com.htc.clock3dwidget/com.htc.clock3dwidget.ClockWidgetProvider})
D/FxWidgetProvider( 1222): row 1
D/CombinedWidgetProvider( 1222): addFxWidget: WidgetSummary(Social Clock/FX_WIDGET/[I@41d7eb50 x [I@41d7eb70/-2/ComponentInfo{com.htc.clock3dwidget/com.htc.clock3dwidget.ClockWidgetProvider})
D/FxWidgetProvider( 1222): row 1
D/CombinedWidgetProvider( 1222): addFxWidget: WidgetSummary(Digital Clock/FX_WIDGET/[I@41c69aa0 x [I@41c69ac0/-2/ComponentInfo{com.htc.clock3dwidget/com.htc.clock3dwidget.ClockWidgetProvider})
D/FxWidgetProvider( 1222): row 1
D/CombinedWidgetProvider( 1222): addFxWidget: WidgetSummary(Travel Clock/FX_WIDGET/[I@41cfe048 x [I@41cfe068/-2/ComponentInfo{com.htc.clock3dwidget/com.htc.clock3dwidget.ClockWidgetProvider})
D/FxWidgetProvider( 1222): row 1
D/CombinedWidgetProvider( 1222): addFxWidget: WidgetSummary(Analog Clock/FX_WIDGET/[I@41e08e48 x [I@41e08e68/-2/ComponentInfo{com.htc.clock3dwidget/com.htc.clock3dwidget.ClockWidgetProvider})
D/FxWidgetProvider( 1222): row 1
D/CombinedWidgetProvider( 1222): addFxWidget: WidgetSummary(Analog Clock/FX_WIDGET/[I@41cb00c8 x [I@41cb00e8/-2/ComponentInfo{com.htc.clock3dwidget/com.htc.clock3dwidget.ClockWidgetProvider})
D/FxWidgetProvider( 1222): row 1
I/VolumePanel(  588): ACTION_CONFIGURATION_CHANGED
W/CpuWake (  588): >>nativeReleaseCpuPerfWakeLock()
W/CpuWake (  588): <<nativeReleaseCpuPerfWakeLock()
V/PhoneStatusBar(  811): setLightsOn(true)
E/ThermalDaemon(  243): Sensor 'tsens_tz_sensor0' - alarm raised 1 at 50.0 degC
D/CombinedWidgetProvider( 1222): addFxWidget: WidgetSummary(Analog Clock/FX_WIDGET/[I@41e4b7d0 x [I@41e4b7f0/-2/ComponentInfo{com.htc.clock3dwidget/com.htc.clock3dwidget.ClockWidgetProvider})
D/CordovaLog(19503): file:///android_asset/www/js/app.js: Line 19 : Service initialized
I/Web Console(19503): Service initialized at file:///android_asset/www/js/app.js:19
D/FxWidgetProvider( 1222): row 1
D/libc    (  251): _resolv_cache_lookup: lookup
D/libc    (  251): [SMD]bl_level = 125
D/libc    (  251): [SMD][Mode1]: Screen on and original TTL is expired
D/libc    (  251):  Cache EXPIRED (STALE ENTRY 0x40043a78 DISCARDED) or need renew
I/dalvik-internals(19487): gDvm has value 0x40b10688.  Searching for vmList (initial offset in [704,1480]).
D/libc    (  251): _resolv_cache_lookup: lookup
I/dalvik-internals(19487): Beginning search.  Actual offset in [704,1468].
E/dalvik-internals(19487): Failed to find vmList in gDvm.  Going to brute-force search for LinearAllocHdr.
D/libc    (  251): [SMD]bl_level = 125
D/libc    (  251): [SMD][Mode1]: Screen on and original TTL is expired
D/libc    (  251):  Cache EXPIRED (STALE ENTRY 0x400439b8 DISCARDED) or need renew
D/CombinedWidgetProvider( 1222): addFxWidget: WidgetSummary(World Clock/FX_WIDGET/[I@41d0b7e8 x [I@41d0b808/-2/ComponentInfo{com.htc.clock3dwidget/com.htc.clock3dwidget.ClockWidgetProvider})
D/CordovaLog(19503): https://js.stripe.com/v2/: Line 2 : You are using Stripe.js in live mode over an insecure connection. This is considered unsafe. Please conduct live requests only on sites served over https. For more info, see https://stripe.com/help/ssl
W/Web Console(19503): You are using Stripe.js in live mode over an insecure connection. This is considered unsafe. Please conduct live requests only on sites served over https. For more info, see https://stripe.com/help/ssl at https://js.stripe.com/v2/:2
D/dalvik-internals(19487): Evaluating LinearAllocHdr candidate at 0x400b7fa8.
I/dalvik-internals(19487): Found LinearAllocHdr (with no vmList) at offset 932.
D/FxWidgetProvider( 1222): row 1
D/CombinedWidgetProvider( 1222): addFxWidget: WidgetSummary(Calm Clock/FX_WIDGET/[I@41da0968 x [I@41dac080/-2/ComponentInfo{com.htc.clock3dwidget/com.htc.clock3dwidget.ClockWidgetProvider})
D/FxWidgetProvider( 1222): row 1
D/CombinedWidgetProvider( 1222): addFxWidget: WidgetSummary(Cosmos Clock/FX_WIDGET/[I@41c70240 x [I@41c77400/-2/ComponentInfo{com.htc.clock3dwidget/com.htc.clock3dwidget.ClockWidgetProvider})
D/FxWidgetProvider( 1222): row 1
D/CombinedWidgetProvider( 1222): addFxWidget: WidgetSummary(Hugo Clock/FX_WIDGET/[I@41df9720 x [I@41df9740/-2/ComponentInfo{com.htc.clock3dwidget/com.htc.clock3dwidget.ClockWidgetProvider})
D/FxWidgetProvider( 1222): row 1
D/CombinedWidgetProvider( 1222): addFxWidget: WidgetSummary(Wood Clock/FX_WIDGET/[I@41da50c8 x [I@41da50e8/-2/ComponentInfo{com.htc.clock3dwidget/com.htc.clock3dwidget.ClockWidgetProvider})
D/FxWidgetProvider( 1222): row 1
D/CombinedWidgetProvider( 1222): addFxWidget: WidgetSummary(Silver Clock/FX_WIDGET/[I@41f57fa0 x [I@41fa3b20/-2/ComponentInfo{com.htc.clock3dwidget/com.htc.clock3dwidget.ClockWidgetProvider})
D/FxWidgetProvider( 1222): row 1
D/CombinedWidgetProvider( 1222): addFxWidget: WidgetSummary(People/FX_WIDGET/[I@41c99180 x [I@41ca8008/-2/ComponentInfo{com.htc.htccontactwidgets_3d_fusion/com.htc.htccontactwidgets_3d_fusion.WidgetReceiver})
D/FxWidgetProvider( 1222): row 1
D/CombinedWidgetProvider( 1222): addFxWidget: WidgetSummary(People/FX_WIDGET/[I@41dc4f98 x [I@41dc4fb8/-2/ComponentInfo{com.htc.htccontactwidgets_3d_fusion/com.htc.htccontactwidgets_3d_fusion.WidgetReceiver})
D/FxWidgetProvider( 1222): row 1
D/CombinedWidgetProvider( 1222): addFxWidget: WidgetSummary(Data Roaming/FX_WIDGET/[I@42156eb0 x [I@421555c8/-2/ComponentInfo{com.htc.rosiewidgets.dataroaming/com.htc.rosiewidgets.dataroaming.HtcDataRoamingWidget})
D/FxWidgetProvider( 1222): row 1
D/CombinedWidgetProvider( 1222): addFxWidget: WidgetSummary(Data Dashboard/FX_WIDGET/[I@41d087e0 x [I@41d08800/-2/ComponentInfo{com.htc.rosiewidgets.datastrip/com.htc.rosiewidgets.datastrip.DataStripWidgetProvider})
D/FxWidgetProvider( 1222): row 1
D/CombinedWidgetProvider( 1222): addFxWidget: WidgetSummary(Best Deals/FX_WIDGET/[I@42193b78 x [I@42193b98/-2/ComponentInfo{com.htc.dealswidget/com.htc.dealswidget.WidgetReceiver})
D/FxWidgetProvider( 1222): row 1
D/CombinedWidgetProvider( 1222): addFxWidget: WidgetSummary(FM Radio/FX_WIDGET/[I@420e85f8 x [I@420b2048/-2/ComponentInfo{com.htc.FMRadioWidget/com.htc.FMRadioWidget.FMRadioWidgetProvider})
D/FxWidgetProvider( 1222): row 1
D/CombinedWidgetProvider( 1222): addFxWidget: WidgetSummary(Friend Stream/FX_WIDGET/[I@41d88878 x [I@41d88898/-2/ComponentInfo{com.htc.FriendStream3DWidget/com.htc.FriendStream3DWidget.FriendStreamWidgetProvider})
D/FxWidgetProvider( 1222): row 1
D/CombinedWidgetProvider( 1222): addFxWidget: WidgetSummary(Mail/FX_WIDGET/[I@41ca5530 x [I@41ca5550/-2/ComponentInfo{com.htc.htcmailwidgets/com.htc.htcmailwidgets.WidgetReceiver})
D/FxWidgetProvider( 1222): row 1
D/CombinedWidgetProvider( 1222): addFxWidget: WidgetSummary(Mail/FX_WIDGET/[I@42141920 x [I@42141940/-2/ComponentInfo{com.htc.htcmailwidgets/com.htc.htcmailwidgets.WidgetReceiver})
D/FxWidgetProvider( 1222): row 1
D/CombinedWidgetProvider( 1222): addFxWidget: WidgetSummary(Messages/FX_WIDGET/[I@41d7fcd0 x [I@41d23bd0/-2/ComponentInfo{com.htc.htcmsgwidgets3d/com.htc.htcmsgwidgets3d.MsgWidgetReceiver})
D/FxWidgetProvider( 1222): row 1
D/CombinedWidgetProvider( 1222): addFxWidget: WidgetSummary(Messages/FX_WIDGET/[I@42110c60 x [I@42110c80/-2/ComponentInfo{com.htc.htcmsgwidgets3d/com.htc.htcmsgwidgets3d.MsgWidgetReceiver})
D/FxWidgetProvider( 1222): row 1
D/CombinedWidgetProvider( 1222): addFxWidget: WidgetSummary(Music/FX_WIDGET/[I@41d6c0a8 x [I@41d6c0c8/-2/ComponentInfo{com.htc.MusicWidget3D/com.htc.MusicWidget3D.MusicWidget3DProvider})
D/FxWidgetProvider( 1222): row 1
D/CombinedWidgetProvider( 1222): addFxWidget: WidgetSummary(Music/FX_WIDGET/[I@41e494c0 x [I@41e494e0/-2/ComponentInfo{com.htc.MusicWidget3D/com.htc.MusicWidget3D.MusicWidget3DProvider})
D/FxWidgetProvider( 1222): row 1
D/CombinedWidgetProvider( 1222): addFxWidget: WidgetSummary(Photo Album/FX_WIDGET/[I@41f8d238 x [I@41f8d258/-2/ComponentInfo{com.htc.photowidget3d/com.htc.photowidget3d.album.PhotoAlbumWidgetProvider})
D/FxWidgetProvider( 1222): row 1
D/CombinedWidgetProvider( 1222): addFxWidget: WidgetSummary(Photo Frame/FX_WIDGET/[I@41dab978 x [I@41dab998/-2/ComponentInfo{com.htc.photowidget3d/com.htc.photowidget3d.album.PhotoAlbumWidgetProvider})
D/FxWidgetProvider( 1222): row 1
D/CombinedWidgetProvider( 1222): addFxWidget: WidgetSummary(Photo Grid/FX_WIDGET/[I@41d24f48 x [I@41ce14e8/-2/ComponentInfo{com.htc.photowidget3d/com.htc.photowidget3d.album.PhotoAlbumWidgetProvider})
D/FxWidgetProvider( 1222): row 1
D/CombinedWidgetProvider( 1222): addFxWidget: WidgetSummary(Power Dashboard/FX_WIDGET/[I@41e5be98 x [I@41df4810/-2/ComponentInfo{com.htc.rosiewidgets.powerstrip/com.htc.rosiewidgets.powerstrip.PowerStripWidgetProvider})
D/FxWidgetProvider( 1222): row 1
D/CombinedWidgetProvider( 1222): addFxWidget: WidgetSummary(Profile/FX_WIDGET/[I@41dc4428 x [I@41dc4448/-2/ComponentInfo{com.htc.widget.profile/com.htc.widget.HtcWidgetReceiver})
D/FxWidgetProvider( 1222): row 1
D/CombinedWidgetProvider( 1222): addFxWidget: WidgetSummary(Ringtone/FX_WIDGET/[I@421ef110 x [I@421ef130/-2/ComponentInfo{com.htc.widget.ringtone/com.htc.widget.HtcWidgetReceiver})
D/FxWidgetProvider( 1222): row 1
D/CombinedWidgetProvider( 1222): addFxWidget: WidgetSummary(Screen Brightness/FX_WIDGET/[I@41fbaa68 x [I@41fbaa88/-2/ComponentInfo{com.htc.rosiewidgets.screenbrightness/com.htc.rosiewidgets.screenbrightness.WidgetScreenBrightness})
D/FxWidgetProvider( 1222): row 1
D/CombinedWidgetProvider( 1222): addFxWidget: WidgetSummary(Screen Timeout/FX_WIDGET/[I@41e15ce8 x [I@41e15d08/-2/ComponentInfo{com.htc.rosiewidgets.screentimeout/com.htc.rosiewidgets.screentimeout.ScreenTimeoutWidgetProvider})
D/FxWidgetProvider( 1222): row 1
D/CombinedWidgetProvider( 1222): addFxWidget: WidgetSummary(Airplane mode/FX_WIDGET/[I@42163f70 x [I@421cecb8/-2/ComponentInfo{com.htc.htcsettingwidgets/com.htc.htcsettingwidgets.AirplaneWidget})
D/FxWidgetProvider( 1222): row 1
D/CombinedWidgetProvider( 1222): addFxWidget: WidgetSummary(Bluetooth/FX_WIDGET/[I@41e38738 x [I@41e38758/-2/ComponentInfo{com.htc.htcsettingwidgets/com.htc.htcsettingwidgets.BTWidget})
D/FxWidgetProvider( 1222): row 1
D/CombinedWidgetProvider( 1222): addFxWidget: WidgetSummary(GPS/FX_WIDGET/[I@41d42d20 x [I@41d42d40/-2/ComponentInfo{com.htc.htcsettingwidgets/com.htc.htcsettingwidgets.GPSWidget})
D/FxWidgetProvider( 1222): row 1
D/CombinedWidgetProvider( 1222): addFxWidget: WidgetSummary(Wi-Fi Hotspot/FX_WIDGET/[I@421f0040 x [I@421f0060/-2/ComponentInfo{com.htc.htcsettingwidgets/com.htc.htcsettingwidgets.HotspotWidget})
D/FxWidgetProvider( 1222): row 1
D/CombinedWidgetProvider( 1222): addFxWidget: WidgetSummary(Mobile data/FX_WIDGET/[I@41e341e8 x [I@41e43e98/-2/ComponentInfo{com.htc.htcsettingwidgets/com.htc.htcsettingwidgets.MobileNetworkWidget})
D/FxWidgetProvider( 1222): row 1
D/CombinedWidgetProvider( 1222): addFxWidget: WidgetSummary(Wi-Fi/FX_WIDGET/[I@41f1b948 x [I@41f1b968/-2/ComponentInfo{com.htc.htcsettingwidgets/com.htc.htcsettingwidgets.WiFiWidget})
D/FxWidgetProvider( 1222): row 1
D/CombinedWidgetProvider( 1222): addFxWidget: WidgetSummary(Sync All/FX_WIDGET/[I@4218b6c0 x [I@4218b6e0/-2/ComponentInfo{com.htc.Sync3DWidget/com.htc.Sync3DWidget.SyncWidgetProvider})
D/FxWidgetProvider( 1222): row 1
D/CombinedWidgetProvider( 1222): addFxWidget: WidgetSummary(Tasks/FX_WIDGET/[I@4216f9d8 x [I@4216f9f8/-2/ComponentInfo{com.htc.Task3DWidget/com.htc.Task3DWidget.WidgetProvider})
D/FxWidgetProvider( 1222): row 1
D/CombinedWidgetProvider( 1222): addFxWidget: WidgetSummary(Stocks/FX_WIDGET/[I@42206370 x [I@42206390/-2/ComponentInfo{com.htc.stockwidget/com.htc.stockwidget.StockWidgetProvider})
D/FxWidgetProvider( 1222): row 1
D/CombinedWidgetProvider( 1222): addFxWidget: WidgetSummary(Stocks/FX_WIDGET/[I@41e27d98 x [I@41de6820/-2/ComponentInfo{com.htc.stockwidget/com.htc.stockwidget.StockWidgetProvider})
D/FxWidgetProvider( 1222): row 1
D/CombinedWidgetProvider( 1222): addFxWidget: WidgetSummary(Weather/FX_WIDGET/[I@41dd4b80 x [I@41dd4ba0/-2/ComponentInfo{com.htc.widget3d.weather/com.htc.widget3d.weather.WeatherWidgetProvider})
D/FxWidgetProvider( 1222): row 1
D/CombinedWidgetProvider( 1222): addFxWidget: WidgetSummary(Weather/FX_WIDGET/[I@421d6fe0 x [I@421d7000/-2/ComponentInfo{com.htc.widget3d.weather/com.htc.widget3d.weather.WeatherWidgetProvider})
D/CombinedWidgetProvider( 1222): -addFxWidgets diff: 2838
D/CombinedWidgetProvider( 1222): +addAppWidgetCategories
D/libc    (  251): [SMD][v0913] Extended TTL = 43200, original TTL = 59
D/libc    (  251): [SMD][v0913] Extended TTL = 43200, original TTL = 60
D/CombinedWidgetProvider( 1222): add AppWidget category: WidgetCategory(Podcast Addict/APP_WIDGET/0)
D/CombinedWidgetProvider( 1222): add AppWidget category: WidgetCategory(Internet/APP_WIDGET/0)
D/CombinedWidgetProvider( 1222): add AppWidget category: WidgetCategory(Calendar/APP_WIDGET/0)
D/CombinedWidgetProvider( 1222): add AppWidget category: WidgetCategory(Deezer/APP_WIDGET/0)
I/ActivityManager(  588): Recipient 19377
I/ActivityThread(19487): Pub com.facebook.katana.provider.LaunchablesProvider: com.facebook.dash.launchables_v1.model.LaunchablesProvider
D/BatteryService(  588): updateBatteryStats: update triggered by UEvent.
D/BatteryService(  588): updateBatteryStats: auto update.
D/CombinedWidgetProvider( 1222): add AppWidget category: WidgetCategory(Settings/APP_WIDGET/0)
I/ActivityThread(19487): Pub com.facebook.katana.nodex.dash.setup: com.facebook.dash.nodex.NodexWarmupContentProvider
D/PowerManagerService(  588): acquireWakeLock(42087778): PARTIAL_WAKE_LOCK , tag=BatteryServiceUpdateStats, flags=0x1, pid=588, uid=1000, mUserState=0x3
I/ActivityManager(  588): Process com.android.packageinstaller (pid 19377) has died.
D/CordovaActivity(19503): onMessage(spinner,stop)
W/PluginManager(19503): THREAD WARNING: exec() call to App.show blocked the main thread for 25ms. Plugin should use CordovaInterface.getThreadPool().
D/PowerManagerService(  588): releaseWakeLock(42087778): PARTIAL_WAKE_LOCK , tag=BatteryServiceUpdateStats, flags=0x1
D/HtcPowerSaver(  588): Received battery changed intent.
D/PowerManagerService(  588): acquireWakeLock(422a8b00): PARTIAL_WAKE_LOCK , tag=BatteryServiceUpdateStats, flags=0x1, pid=588, uid=1000, mUserState=0x3
D/PowerUI (  811): closing low battery warning: level=37
D/PowerManagerService(  588): releaseWakeLock(422a8b00): PARTIAL_WAKE_LOCK , tag=BatteryServiceUpdateStats, flags=0x1
D/PowerUI (  811): plugged = true, health = 2, mBatteryLevel = 37, mPluggedBatteryLevel = 12, mLowBatteryWarningLevel2 = 25, mshowLowChargingWarning2 = true
D/UsbnetService(  588): BroadcastReceiver::onReceive+
D/UsbnetService(  588): onReceive BATTERY_CHANGED
D/UsbnetService(  588):  --> pluggedType = 2, mPluggedType = 0, mScreenOff = false
D/UsbnetService(  588): BroadcastReceiver::onReceive-
D/WifiService(  588): ACTION_BATTERY_CHANGED pluggedType: 2
D/NotificationService(  588): mIntentReceiver() Intent.ACTION_BATTERY_CHANGED
D/HtcPowerSaver(  588): Checking...
I/HtcPowerSaver(  588): >> updateStatus
D/PowerManagerService(  588): runHtcPowerSaverCheck ======================================
I/HtcPowerSaver(  588): currentStatus=8002, currentLevel=37, enableLevel=-1, enable=true, mAutoModeOn=false, popDialog=false, statusChangeTo=-1
I/HtcPowerSaver(  588): << updateStatus
D/StateMachine(  588): handleMessage: E msg.what=131155
D/StateMachine(  588): processMsg: ConnectedState
D/CombinedWidgetProvider( 1222): add AppWidget category: WidgetCategory(TuneIn Radio/APP_WIDGET/0)
D/WifiStateMachine(  588): ConnectedState{ what=131155 when=-3ms target=Handler (com.android.internal.util.StateMachine$SmHandler) {42568e58} arg1=271 }
D/StateMachine(  588): processMsg: L2ConnectedState
D/WifiStateMachine(  588): L2ConnectedState{ what=131155 when=-86ms target=Handler (com.android.internal.util.StateMachine$SmHandler) {42568e58} arg1=271 }
I/wpa_ctrl(  588): [wpa_ctrl_request] ctrl address = 51174668, ctrl_conn address = 0
D/WifiStateMachine(  588): fetchRssiAndLinkSpeedNative RSSI = -43
D/StateMachine(  588): handleMessage: X
D/CombinedWidgetProvider( 1222): add AppWidget category: WidgetCategory(Twitter/APP_WIDGET/0)
D/CordovaLog(19503): file:///android_asset/www/js/app.js: Line 72 : Uncaught ReferenceError: StatusBar is not defined
E/Web Console(19503): Uncaught ReferenceError: StatusBar is not defined at file:///android_asset/www/js/app.js:72
D/CordovaLog(19503): file:///android_asset/www/js/LoginView.js: Line 14 : Success
I/Web Console(19503): Success at file:///android_asset/www/js/LoginView.js:14
D/CordovaWebViewClient(19503): onPageFinished(file:///android_asset/www/index.html)
D/CordovaActivity(19503): onMessage(onPageFinished,file:///android_asset/www/index.html)
D/CombinedWidgetProvider( 1222): add AppWidget category: WidgetCategory(Facebook/APP_WIDGET/0)
D/CombinedWidgetProvider( 1222): add AppWidget category: WidgetCategory(Google Play Store/APP_WIDGET/0)
D/CombinedWidgetProvider( 1222): add AppWidget category: WidgetCategory(Lookout/APP_WIDGET/0)
D/CombinedWidgetProvider( 1222): add AppWidget category: WidgetCategory(Gmail/APP_WIDGET/0)
I/ActivityManager(  588): Start proc com.android.vending for service com.android.vending/com.google.android.finsky.billing.iab.InAppBillingService: pid=19543 uid=10132 gids={3003, 1015, 1028}
E/Trace   (19543): error opening trace file: No such file or directory (2)
D/CordovaLog(19503): file:///android_asset/www/js/ratchet.min.js: Line 10 : Uncaught Error: SYNTAX_ERR: DOM Exception 12
E/Web Console(19503): Uncaught Error: SYNTAX_ERR: DOM Exception 12 at file:///android_asset/www/js/ratchet.min.js:10
I/ActivityThread(19543): Pub com.google.android.finsky.QSBSuggestionsProvider2: com.google.android.finsky.providers.QSBSuggestionsProvider
I/ActivityThread(19543): Pub com.google.android.finsky.AppIconProvider: com.google.android.finsky.providers.AppIconProvider
D/CombinedWidgetProvider( 1222): add AppWidget category: WidgetCategory(Hangouts/APP_WIDGET/0)
I/ActivityThread(19543): Pub com.google.android.finsky.RecentSuggestionsProvider: com.google.android.finsky.providers.RecentSuggestionsProvider
D/CombinedWidgetProvider( 1222): add AppWidget category: WidgetCategory(Google Play Books/APP_WIDGET/0)
D/CombinedWidgetProvider( 1222): add AppWidget category: WidgetCategory(News & Weather/APP_WIDGET/0)
D/CombinedWidgetProvider( 1222): add AppWidget category: WidgetCategory(Google+/APP_WIDGET/0)
D/CombinedWidgetProvider( 1222): add AppWidget category: WidgetCategory(Google Play Music/APP_WIDGET/0)
D/CombinedWidgetProvider( 1222): add AppWidget category: WidgetCategory(Google App/APP_WIDGET/0)
D/CombinedWidgetProvider( 1222): add AppWidget category: WidgetCategory(Mail/APP_WIDGET/0)
D/CombinedWidgetProvider( 1222): add AppWidget category: WidgetCategory(WhatsApp/APP_WIDGET/0)
D/CombinedWidgetProvider( 1222): add AppWidget category: WidgetCategory(Pinterest/APP_WIDGET/0)
D/CombinedWidgetProvider( 1222): add AppWidget category: WidgetCategory(Chrome/APP_WIDGET/0)
D/CombinedWidgetProvider( 1222): add AppWidget category: WidgetCategory(VLC/APP_WIDGET/0)
D/CombinedWidgetProvider( 1222): add AppWidget category: WidgetCategory(VK/APP_WIDGET/0)
D/CombinedWidgetProvider( 1222): add AppWidget category: WidgetCategory(Bitcoin/APP_WIDGET/0)
D/CombinedWidgetProvider( 1222): -addAppWidgetCategories
D/CombinedWidgetProvider( 1222): +addHtcWidgetCategories
D/CombinedWidgetProvider( 1222):  uri: content://com.htc.launcher.widget.htcwidget/htcwidgets?category_only=true
D/HtcWidgetProvider( 1222): row 0
D/CombinedWidgetProvider( 1222): -addHtcWidgetCategories
D/CombinedWidgetProvider( 1222): +addFxWidgetCategories
D/FxWidgetProvider( 1222): row 61
I/PackageManager(  588):  setEnabledSetting(), pkgName=com.android.vending, clsName=com.android.vending.AssetBrowserActivity, state=1, flag=1, pid=19543, uid=10132
D/Finsky  (19543): [1] FinskyApp.onCreate: Initializing network with DFE https://android.clients.google.com/fdfe/
I/Choreographer(19503): Skipped 46 frames!  The application may be doing too much work on its main thread.
D/StateMachine(  588): handleMessage: E msg.what=131155
D/StateMachine(  588): processMsg: ConnectedState
D/WifiStateMachine(  588): ConnectedState{ what=131155 when=-6ms target=Handler (com.android.internal.util.StateMachine$SmHandler) {42568e58} arg1=271 }
D/StateMachine(  588): processMsg: L2ConnectedState
D/WifiStateMachine(  588): L2ConnectedState{ what=131155 when=-15ms target=Handler (com.android.internal.util.StateMachine$SmHandler) {42568e58} arg1=271 }
I/wpa_ctrl(  588): [wpa_ctrl_request] ctrl address = 51174668, ctrl_conn address = 0
D/WifiStateMachine(  588): fetchRssiAndLinkSpeedNative RSSI = -43
D/StateMachine(  588): handleMessage: X
W/dalvikvm(19543): VFY: unable to resolve static method 1276: Landroid/provider/Settings$Global;.getInt (Landroid/content/ContentResolver;Ljava/lang/String;I)I
D/Finsky  (19543): [1] DailyHygiene.goMakeHygieneIfDirty: No need to run daily hygiene.
W/dalvikvm(19543): VFY: unable to resolve static method 1276: Landroid/provider/Settings$Global;.getInt (Landroid/content/ContentResolver;Ljava/lang/String;I)I
W/dalvikvm(19543): VFY: unable to resolve virtual method 1241: Landroid/os/StatFs;.getAvailableBytes ()J
D/InAppBrowser(19503): target = _blank
D/InAppBrowser(19503): in blank
W/dalvikvm(19543): VFY: unable to resolve virtual method 42705: Lcom/google/android/play/layout/PlayCardViewBase;.setTransitionName (Ljava/lang/String;)V
W/dalvikvm(19543): VFY: unable to resolve virtual method 42704: Lcom/google/android/play/layout/PlayCardViewBase;.setTransitionGroup (Z)V
W/StaticBindingVerifier(19487): Verify
W/dalvikvm(19543): VFY: unable to resolve virtual method 9352: Landroid/view/View;.getTransitionName ()Ljava/lang/String;
I/PackageManager(  588):  setEnabledSetting(), pkgName=com.android.vending, clsName=com.google.android.finsky.activities.DebugActivity, state=2, flag=1, pid=19543, uid=10132
W/dalvikvm(19487): VFY: unable to resolve virtual method 41936: Lcom/facebook/resources/FbResources;.getDrawable (ILandroid/content/res/Resources$Theme;)Landroid/graphics/drawable/Drawable;
W/dalvikvm(19487): VFY: unable to resolve virtual method 353: Landroid/content/res/Configuration;.setLayoutDirection (Ljava/util/Locale;)V
W/PluginManager(19503): THREAD WARNING: exec() call to InAppBrowser.open blocked the main thread for 432ms. Plugin should use CordovaInterface.getThreadPool().
V/PhoneStatusBar(  811): setLightsOn(true)
W/dalvikvm(19543): VFY: unable to resolve virtual method 585: Landroid/content/res/Configuration;.getLayoutDirection ()I
D/memalloc(  242): ion: Allocated buffer base:0x42ec2000 size:1880064 fd:38
D/memalloc(  242): ion: Allocated buffer base:0x40208000 size:4096 fd:51
D/memalloc(19503): ion: Mapped buffer base:0x576f1000 size:1880064 offset:0 fd:102
D/memalloc(19503): ion: Mapped buffer base:0x50f37000 size:4096 offset:0 fd:104
D/libc    (  251): _resolv_cache_lookup: lookup
D/libc    (  251): [SMD]bl_level = 125
D/libc    (  251): [SMD][Mode1]: Screen on and original TTL is expired
D/libc    (  251):  Cache EXPIRED (STALE ENTRY 0x402e69d8 DISCARDED) or need renew
W/dalvikvm(19503): disableGcForExternalAlloc: false
W/dalvikvm(19543): VFY: unable to resolve virtual method 539: Landroid/content/pm/PackageManager;.extendVerificationTimeout (IIJ)V
D/libc    (  251): [SMD][v0913] Extended TTL = 43200, original TTL = 4
D/memalloc(  242): ion: Allocated buffer base:0x442ed000 size:1880064 fd:55
D/memalloc(  242): ion: Allocated buffer base:0x4008f000 size:4096 fd:80
D/memalloc(19503): ion: Mapped buffer base:0x578bc000 size:1880064 offset:0 fd:106
D/memalloc(19503): ion: Mapped buffer base:0x51005000 size:4096 offset:0 fd:108
W/dalvikvm(19503): disableGcForExternalAlloc: false
D/Finsky  (19543): [1] 2.run: Loaded library for account: [QkPhrvKtIaKRqB497nnNqDpM2h0]
D/Finsky  (19543): [1] 2.run: Loaded library for account: [gKXbJhL8NA2nPUzZyFpjB6tKi7U]
D/Finsky  (19543): [1] 2.run: Finished loading 2 libraries.
I/NONPRIME(19503): <CallBackProxy> Send to WebViewClient.
D/Finsky  (19543): [10797] InAppBillingUtils.pickAccount: com.rhmsoft.fm: Account determined from installer data - [gKXbJhL8NA2nPUzZyFpjB6tKi7U]
D/Finsky  (19543): [10796] InAppBillingUtils.pickAccount: com.rhmsoft.fm: Account determined from installer data - [gKXbJhL8NA2nPUzZyFpjB6tKi7U]
D/HybridProvider(  588): getName
V/LocationManagerService(  588): getAllProviders
D/Finsky  (19543): [1] GmsCoreHelper.cleanupNlp: result=false type=1
D/Finsky  (19543): [1] RestoreTracker.stopServiceIfDone: Restore complete with 0 success and 0 failed.
D/libc    (  251): _resolv_cache_lookup: lookup
D/libc    (  251): [SMD]bl_level = 125
D/libc    (  251): [SMD][Mode1]: Screen on and original TTL is expired
D/libc    (  251):  Cache EXPIRED (STALE ENTRY 0x40042008 DISCARDED) or need renew
D/libc    (  251): [SMD][v0913] Extended TTL = 43200, original TTL = 4
D/memalloc(  242): ion: Allocated buffer base:0x444b8000 size:1880064 fd:96
D/memalloc(  242): ion: Allocated buffer base:0x40209000 size:4096 fd:97
D/memalloc(19503): ion: Mapped buffer base:0x57a87000 size:1880064 offset:0 fd:111
D/memalloc(19503): ion: Mapped buffer base:0x5102a000 size:4096 offset:0 fd:113
D/Socket_Alarm(19543): registerHTCSocketMonitorCallBack
