D/dalvikvm(30272): No JNI_OnLoad found in /data/app-lib/com.facebook.katana-1/libgnustl_shared.so 0x41fb7b80, skipping init
D/dalvikvm(30272): Trying to load lib /data/app-lib/com.facebook.katana-1/libfb_breakpad_client.so 0x41fb7b80
D/dalvikvm(30272): Added shared lib /data/app-lib/com.facebook.katana-1/libfb_breakpad_client.so 0x41fb7b80
D/dalvikvm(30272): Trying to load lib /data/app-lib/com.facebook.katana-1/libfb_dalvik-internals.so 0x41fb7b80
D/dalvikvm(30272): Added shared lib /data/app-lib/com.facebook.katana-1/libfb_dalvik-internals.so 0x41fb7b80
V/DexLibLoader(30272): about to lock: /data/user/0/com.facebook.katana/mdex_lock
V/DexLibLoader(30272): locking /data/user/0/com.facebook.katana/mdex_lock took 1 ms
V/DexLibLoader(30272): Secondary program dex metadata: secondary-1.dex.jar.xz 15ef54b77950d1e6c1cbc3342a20571a9fd8050d secondary.dex01.Canary
V/DexLibLoader(30272): Secondary program dex metadata: secondary-2.dex.jar.xz 14bcaeed5ad488eaf139a59d22cf00efbde5948b secondary.dex02.Canary
V/DexLibLoader(30272): Secondary program dex metadata: secondary-3.dex.jar.xz e8acf246c92474061a3e0f7dafec5559e33da2c5 secondary.dex03.Canary
V/DexLibLoader(30272): Secondary program dex metadata: secondary-4.dex.jar.xz 1d7a13e77be07efb41a2c80160a9aec6fff27ad1 secondary.dex04.Canary
V/DexLibLoader(30272): Secondary program dex metadata: secondary-5.dex.jar.xz 42761fa3dedc1f1a9503bece4f2db80adf01f775 secondary.dex05.Canary
V/DexLibLoader(30272): Secondary program dex metadata: secondary-6.dex.jar.xz 1b4455e1ba1ff38a86723e24cd334fa1062519f1 secondary.dex06.Canary
V/DexLibLoader(30272): Secondary program dex metadata: secondary-7.dex.jar.xz a54de6ef97459e1e5b5c8f874a889a38965d3446 secondary.dex07.Canary
V/DexLibLoader(30272): directory "/data/user/0/com.facebook.katana/app_secondary_program_dex" contains "program-15ef54b77950d1e6c1cbc3342a20571a9fd8050d6661a1c7.dex.jar" as expected
V/DexLibLoader(30272): directory "/data/user/0/com.facebook.katana/app_secondary_program_dex" contains "program-14bcaeed5ad488eaf139a59d22cf00efbde5948b6661a1c7.dex.jar" as expected
V/DexLibLoader(30272): directory "/data/user/0/com.facebook.katana/app_secondary_program_dex" contains "program-e8acf246c92474061a3e0f7dafec5559e33da2c56661a1c7.dex.jar" as expected
V/DexLibLoader(30272): directory "/data/user/0/com.facebook.katana/app_secondary_program_dex" contains "program-1d7a13e77be07efb41a2c80160a9aec6fff27ad16661a1c7.dex.jar" as expected
V/DexLibLoader(30272): directory "/data/user/0/com.facebook.katana/app_secondary_program_dex" contains "program-42761fa3dedc1f1a9503bece4f2db80adf01f7756661a1c7.dex.jar" as expected
V/DexLibLoader(30272): directory "/data/user/0/com.facebook.katana/app_secondary_program_dex" contains "program-1b4455e1ba1ff38a86723e24cd334fa1062519f16661a1c7.dex.jar" as expected
V/DexLibLoader(30272): directory "/data/user/0/com.facebook.katana/app_secondary_program_dex" contains "program-a54de6ef97459e1e5b5c8f874a889a38965d34466661a1c7.dex.jar" as expected
D/DexLibLoader(30272): ignoring file "program-15ef54b77950d1e6c1cbc3342a20571a9fd8050d6661a1c7.dex.odex" in "/data/user/0/com.facebook.katana/app_secondary_program_dex"
D/DexLibLoader(30272): ignoring file "program-14bcaeed5ad488eaf139a59d22cf00efbde5948b6661a1c7.dex.odex" in "/data/user/0/com.facebook.katana/app_secondary_program_dex"
D/DexLibLoader(30272): ignoring file "program-e8acf246c92474061a3e0f7dafec5559e33da2c56661a1c7.dex.odex" in "/data/user/0/com.facebook.katana/app_secondary_program_dex"
D/DexLibLoader(30272): ignoring file "program-1d7a13e77be07efb41a2c80160a9aec6fff27ad16661a1c7.dex.odex" in "/data/user/0/com.facebook.katana/app_secondary_program_dex"
D/DexLibLoader(30272): ignoring file "program-42761fa3dedc1f1a9503bece4f2db80adf01f7756661a1c7.dex.odex" in "/data/user/0/com.facebook.katana/app_secondary_program_dex"
D/DexLibLoader(30272): ignoring file "program-1b4455e1ba1ff38a86723e24cd334fa1062519f16661a1c7.dex.odex" in "/data/user/0/com.facebook.katana/app_secondary_program_dex"
D/DexLibLoader(30272): ignoring file "program-a54de6ef97459e1e5b5c8f874a889a38965d34466661a1c7.dex.odex" in "/data/user/0/com.facebook.katana/app_secondary_program_dex"
D/DexLibLoader(30272): directory "/data/user/0/com.facebook.katana/app_secondary_program_dex" is valid
D/DexLibLoader(30272): ignoring file "primary_deps" in "/data/user/0/com.facebook.katana/app_secondary_program_dex_opt"
V/DexLibLoader(30272): directory "/data/user/0/com.facebook.katana/app_secondary_program_dex_opt" contains "program-15ef54b77950d1e6c1cbc3342a20571a9fd8050d6661a1c7.dex.dex" as expected
V/DexLibLoader(30272): directory "/data/user/0/com.facebook.katana/app_secondary_program_dex_opt" contains "program-14bcaeed5ad488eaf139a59d22cf00efbde5948b6661a1c7.dex.dex" as expected
V/DexLibLoader(30272): directory "/data/user/0/com.facebook.katana/app_secondary_program_dex_opt" contains "program-e8acf246c92474061a3e0f7dafec5559e33da2c56661a1c7.dex.dex" as expected
V/DexLibLoader(30272): directory "/data/user/0/com.facebook.katana/app_secondary_program_dex_opt" contains "program-1d7a13e77be07efb41a2c80160a9aec6fff27ad16661a1c7.dex.dex" as expected
V/DexLibLoader(30272): directory "/data/user/0/com.facebook.katana/app_secondary_program_dex_opt" contains "program-42761fa3dedc1f1a9503bece4f2db80adf01f7756661a1c7.dex.dex" as expected
V/DexLibLoader(30272): directory "/data/user/0/com.facebook.katana/app_secondary_program_dex_opt" contains "program-1b4455e1ba1ff38a86723e24cd334fa1062519f16661a1c7.dex.dex" as expected
V/DexLibLoader(30272): directory "/data/user/0/com.facebook.katana/app_secondary_program_dex_opt" contains "program-a54de6ef97459e1e5b5c8f874a889a38965d34466661a1c7.dex.dex" as expected
D/DexLibLoader(30272): directory "/data/user/0/com.facebook.katana/app_secondary_program_dex_opt" is valid
D/DexLibLoader(30272): loading pre-built cross-dex opt odex files
V/dalvik-internals(30272): hooked dvmResolveClass using jump ()
V/dalvik-internals(30272): hooked dvmFlushBreakpoints using jump ()
V/MultiDexClassLoader(30272): installing MultiDexClassLoader before application classloader
I/dalvikvm(30272): Could not find method dalvik.system.DexFile.loadClassBinaryName, referenced from method com.facebook.common.dextricks.DexFileLoadOld.a
W/dalvikvm(30272): VFY: unable to resolve virtual method 2073: Ldalvik/system/DexFile;.loadClassBinaryName (Ljava/lang/String;Ljava/lang/ClassLoader;)Ljava/lang/Class;
D/dalvikvm(30272): VFY: replacing opcode 0x6e at 0x0000
D/DexLibLoader(30272): released odex store lock
D/DexLibLoader(30272): DexLibLoader.loadAll took 63 ms
D/MemoryReductionHack(30272): Marked as initialized entry corresponding to path /data/app/com.facebook.katana-1.apk
D/GcOptimizer(30272): Enabled
V/dalvik-internals(30272): hooked dvmLinearAlloc using jump ()
V/dalvik-internals(30272): hooked dvmLinearRealloc using jump ()
V/dalvik-internals(30272): hooked dvmLinearFree using jump ()
V/dalvik-internals(30272): hooked dvmLinearStrdup using jump ()
V/dalvik-internals(30272): hooked dvmLinearAllocContains using jump ()
I/dalvik-internals(30272): enlarged linearalloc buffer to 33554432 bytes
I/SFPerfTracer(  274):      triggers: (rate: 1300:51559) (compose: 0:262) (post: 0:21) (render: 92:10762) (80:815342 frames) (81:3412014)
D/SFPerfTracer(  274):        layers: (5:17) (DimLayer: 0:158)* (DimLayer: 0:146)* (FocusedStackFrame: 0:22991)* (StatusBar: 1:274457) (NavigationBar: 0:211261) (DimLayer: 0:26765) (DimLayer: 0:5109)* (com.android.wallpaper.fall.FallWallpaper: 0:7052)* (com.paypal.android.p2pmobile/com.paypal.android.lib.authenticator.activity.LoginActivity: 0:53) (InputMethod: 0:52)* (PopupWindow:4247e560: 0:4)* (PopupWindow:4247e560: 0:4)* (PopupWindow:4247e560: 0:5)* (PopupWindow:4247e560: 0:4)* (PopupWindow:4247e560: 0:3)* (PopupWindow:4247e560: 0:3)* (com.paypal.android.p2pmobile/com.paypal.android.lib.authenticator.activity.LoginActivity: 81:98) 
D/WifiStateMachine( 1025): handleMessage: E msg.what=151572
D/WifiStateMachine( 1025): processMsg: ConnectedState
D/WifiStateMachine( 1025): processMsg: L2ConnectedState
D/WifiStateMachine( 1025): handleMessage: X
D/WifiStateMachine( 1025): handleMessage: E msg.what=131155
D/WifiStateMachine( 1025): processMsg: ConnectedState
D/WifiStateMachine( 1025): processMsg: L2ConnectedState
D/WifiStateMachine( 1025): handleMessage: X
W/StaticBindingVerifier(30272): Verify
I/dalvikvm(30272): Could not find method com.facebook.resources.FbResources.getDrawable, referenced from method com.facebook.resources.impl.DownloadedFbResources.getDrawable
W/dalvikvm(30272): VFY: unable to resolve virtual method 48479: Lcom/facebook/resources/FbResources;.getDrawable (ILandroid/content/res/Resources$Theme;)Landroid/graphics/drawable/Drawable;
D/dalvikvm(30272): VFY: replacing opcode 0x6f at 0x0031
D/WifiService( 1025): New client listening to asynchronous messages
E/dalvikvm(30272): Could not find class 'org.apache.harmony.xnet.provider.jsse.OpenSSLSocketImpl', referenced from method com.facebook.ssl.openssl.check.CheckOpenSSLImplHasRequiredMethods.<clinit>
W/dalvikvm(30272): VFY: unable to resolve const-class 13808 (Lorg/apache/harmony/xnet/provider/jsse/OpenSSLSocketImpl;) in Lcom/facebook/ssl/openssl/check/CheckOpenSSLImplHasRequiredMethods;
D/dalvikvm(30272): VFY: replacing opcode 0x1c at 0x000d
E/dalvikvm(30272): Could not find class 'org.apache.harmony.xnet.provider.jsse.OpenSSLSocketFactoryImpl', referenced from method com.facebook.ssl.openssl.reflect.SSLParametersGetter.<clinit>
W/dalvikvm(30272): VFY: unable to resolve const-class 13807 (Lorg/apache/harmony/xnet/provider/jsse/OpenSSLSocketFactoryImpl;) in Lcom/facebook/ssl/openssl/reflect/SSLParametersGetter;
D/dalvikvm(30272): VFY: replacing opcode 0x1c at 0x000d
E/dalvikvm(30272): Could not find class 'org.apache.harmony.xnet.provider.jsse.SSLParametersImpl', referenced from method com.facebook.ssl.openssl.reflect.SSLParametersGetter.a
W/dalvikvm(30272): VFY: unable to resolve check-cast 13809 (Lorg/apache/harmony/xnet/provider/jsse/SSLParametersImpl;) in Lcom/facebook/ssl/openssl/reflect/SSLParametersGetter;
D/dalvikvm(30272): VFY: replacing opcode 0x1f at 0x0006
E/dalvikvm(30272): Could not find class 'org.apache.harmony.xnet.provider.jsse.SSLParametersImpl', referenced from method com.facebook.ssl.openssl.reflect.SSLSessionTimeoutSetter.<clinit>
W/dalvikvm(30272): VFY: unable to resolve const-class 13809 (Lorg/apache/harmony/xnet/provider/jsse/SSLParametersImpl;) in Lcom/facebook/ssl/openssl/reflect/SSLSessionTimeoutSetter;
D/dalvikvm(30272): VFY: replacing opcode 0x1c at 0x000d
W/dalvikvm(30272): VFY: unable to find class referenced in signature (Lorg/apache/harmony/xnet/provider/jsse/SSLParametersImpl;)
E/dalvikvm(30272): Could not find class 'org.apache.harmony.xnet.provider.jsse.ClientSessionContext', referenced from method com.facebook.ssl.openssl.reflect.SSLSessionTimeoutSetter.a
W/dalvikvm(30272): VFY: unable to resolve check-cast 13806 (Lorg/apache/harmony/xnet/provider/jsse/ClientSessionContext;) in Lcom/facebook/ssl/openssl/reflect/SSLSessionTimeoutSetter;
D/dalvikvm(30272): VFY: replacing opcode 0x1f at 0x0006
W/dalvikvm(30272): VFY: unable to find class referenced in signature (Lorg/apache/harmony/xnet/provider/jsse/SSLParametersImpl;)
W/dalvikvm(30272): Unable to resolve superclass of Lcom/facebook/ssl/openssl/TicketEnabledOpenSSLSocketImplWrapper; (11243)
W/dalvikvm(30272): Link of class 'Lcom/facebook/ssl/openssl/TicketEnabledOpenSSLSocketImplWrapper;' failed
E/dalvikvm(30272): Could not find class 'com.facebook.ssl.openssl.TicketEnabledOpenSSLSocketImplWrapper', referenced from method com.facebook.ssl.openssl.TicketEnabledOpenSSLSocketFactoryHelper.a
W/dalvikvm(30272): VFY: unable to resolve new-instance 10681 (Lcom/facebook/ssl/openssl/TicketEnabledOpenSSLSocketImplWrapper;) in Lcom/facebook/ssl/openssl/TicketEnabledOpenSSLSocketFactoryHelper;
D/dalvikvm(30272): VFY: replacing opcode 0x22 at 0x0000
W/dalvikvm(30272): Unable to resolve superclass of Lcom/facebook/ssl/openssl/TicketEnabledOpenSSLSocketImplWrapper; (11243)
W/dalvikvm(30272): Link of class 'Lcom/facebook/ssl/openssl/TicketEnabledOpenSSLSocketImplWrapper;' failed
D/dalvikvm(30272): DexOpt: unable to opt direct call 0xc22f at 0x08 in Lcom/facebook/ssl/openssl/TicketEnabledOpenSSLSocketFactoryHelper;.a
D/dalvikvm(30272): Trying to load lib /data/app-lib/com.facebook.katana-1/libfbjni.so 0x41fb7b80
D/dalvikvm(30272): Added shared lib /data/app-lib/com.facebook.katana-1/libfbjni.so 0x41fb7b80
D/dalvikvm(30272): Trying to load lib /data/app-lib/com.facebook.katana-1/libcares.so 0x41fb7b80
D/dalvikvm(30272): Added shared lib /data/app-lib/com.facebook.katana-1/libcares.so 0x41fb7b80
D/dalvikvm(30272): No JNI_OnLoad found in /data/app-lib/com.facebook.katana-1/libcares.so 0x41fb7b80, skipping init
D/dalvikvm(30272): Trying to load lib /data/app-lib/com.facebook.katana-1/libdouble-conversion.so 0x41fb7b80
D/dalvikvm(30272): Added shared lib /data/app-lib/com.facebook.katana-1/libdouble-conversion.so 0x41fb7b80
D/dalvikvm(30272): No JNI_OnLoad found in /data/app-lib/com.facebook.katana-1/libdouble-conversion.so 0x41fb7b80, skipping init
D/dalvikvm(30272): Trying to load lib /data/app-lib/com.facebook.katana-1/libevent.so 0x41fb7b80
D/dalvikvm(30272): Added shared lib /data/app-lib/com.facebook.katana-1/libevent.so 0x41fb7b80
D/dalvikvm(30272): No JNI_OnLoad found in /data/app-lib/com.facebook.katana-1/libevent.so 0x41fb7b80, skipping init
D/dalvikvm(30272): Trying to load lib /data/app-lib/com.facebook.katana-1/libliger.so 0x41fb7b80
D/dalvikvm(30272): Added shared lib /data/app-lib/com.facebook.katana-1/libliger.so 0x41fb7b80
W/fb4a(:<default>):AbstractMqttPushService(30272): Attempt to start service that is already started
D/WifiStateMachine( 1025): handleMessage: E msg.what=151572
D/WifiStateMachine( 1025): processMsg: ConnectedState
D/WifiStateMachine( 1025): processMsg: L2ConnectedState
D/WifiStateMachine( 1025): handleMessage: X
D/dalvikvm(30272): Trying to load lib /data/app-lib/com.facebook.katana-1/libheartbleed.so 0x41fb7b80
D/dalvikvm(30272): Added shared lib /data/app-lib/com.facebook.katana-1/libheartbleed.so 0x41fb7b80
I/Choreographer(29922): Skipped 104 frames!  The application may be doing too much work on its main thread.
I/SFPerfTracer(  274):      triggers: (rate: 1161:454468) (365409 sw vsyncs) (1074880 skipped) (17:3454658 vsyncs) (19:4342554)
I/AuthNetworkDomain(29922): authenticateForSdkApp(...):success:correlationId{21bdf76eceabd}
D/AuthNetworkDomain(29922): proxyResult{Token}
D/AuthNetworkDomain(29922): authenticateForSdkApp(...):receivedScopes{https://uri.paypal.com/services/payments/basic}
W/InputMethodManagerService( 1025): Window already focused, ignoring focus gain of: com.android.internal.view.IInputMethodClient$Stub$Proxy@42d1d190 attribute=android.view.inputmethod.EditorInfo@42e2e6b8, token = android.os.BinderProxy@420a8da8
D/dalvikvm( 1295): GC_CONCURRENT freed 1956K, 46% free 9375K/17224K, paused 2ms+2ms, total 70ms
D/dalvikvm(29922): GC_CONCURRENT freed 1776K, 19% free 14055K/17224K, paused 7ms+8ms, total 91ms
W/CursorWrapperInner(29922): Cursor finalized without prior close()
W/CursorWrapperInner(29922): Cursor finalized without prior close()
V/PhoneStatusBar( 1119): setLightsOn(true)
W/SurfaceFlinger(  274): couldn't log to binary event log: overflow.
W/SurfaceFlinger(  274): couldn't log to binary event log: overflow.
E/InstalledAppUtil(29922): No MFAC Installed
I/ActivityManager( 1025): Start proc com.viber.voip for service com.viber.voip/com.viber.service.VoipConnectorService: pid=30333 uid=10108 gids={50108, 3003, 1028, 1015, 3002, 3001}
E/InstalledAppUtil(29922): No MFAC Installed
D/Logger  (30333): creating log dir /storage/emulated/0/viber/.logs/trace/
D/Logger  (30333): oldFilesNames :[]
D/Logger  (30333): main_4.clg deleted=false
D/Logger  (30333): main_3.clg renamedTo=false main_4.clg
D/Logger  (30333): main_2.clg renamedTo=false main_3.clg
D/Logger  (30333): main_1.clg renamedTo=false main_2.clg
D/Logger  (30333): main.clg renamedTo=false main_1.clg
I/dalvikvm(30333): Could not find method android.os.PowerManager.isInteractive, referenced from method com.viber.voip.util.hf.b
W/dalvikvm(30333): VFY: unable to resolve virtual method 1673: Landroid/os/PowerManager;.isInteractive ()Z
D/dalvikvm(30333): VFY: replacing opcode 0x6e at 0x003c
D/WifiStateMachine( 1025): handleMessage: E msg.what=151572
D/WifiStateMachine( 1025): processMsg: ConnectedState
D/WifiStateMachine( 1025): processMsg: L2ConnectedState
D/WifiStateMachine( 1025): handleMessage: X
D/dalvikvm(30333): DexOpt: couldn't find field Landroid/app/Notification;.category
W/dalvikvm(30333): VFY: unable to resolve instance field 19
D/dalvikvm(30333): VFY: replacing opcode 0x5b at 0x001e
D/dalvikvm(30333): DexOpt: couldn't find field Landroid/app/Notification;.category
W/dalvikvm(30333): VFY: unable to resolve instance field 19
D/dalvikvm(30333): VFY: replacing opcode 0x5b at 0x0193
D/dalvikvm(30333): Trying to load lib /data/app-lib/com.viber.voip-2/libCrossUnblocker.so 0x41fae0e8
D/dalvikvm(30333): Added shared lib /data/app-lib/com.viber.voip-2/libCrossUnblocker.so 0x41fae0e8
I/Crashlytics(30333): Initializing Crashlytics 1.1.11.10
W/ContextImpl( 1295): Calling a method in the system process without a qualified user: android.app.ContextImpl.sendBroadcast:1252 android.content.ContextWrapper.sendBroadcast:365 com.motorola.motocare.util.TriggerHelper$TriggerBuilder.send:76 com.motorola.motocare.internal.frameworkevents.ProcessKillTrigger.sendTrigger:147 com.motorola.motocare.internal.frameworkevents.ProcessKillTrigger.handleLmkKill:337 
W/ContextImpl( 1295): Calling a method in the system process without a qualified user: android.app.ContextImpl.sendBroadcast:1252 android.content.ContextWrapper.sendBroadcast:365 com.motorola.motocare.util.TriggerHelper$TriggerBuilder.send:76 com.motorola.motocare.internal.frameworkevents.ProcessKillTrigger.sendTrigger:147 com.motorola.motocare.internal.frameworkevents.ProcessKillTrigger.handleLmkKill:337 
W/ContextImpl( 1295): Calling a method in the system process without a qualified user: android.app.ContextImpl.sendBroadcast:1252 android.content.ContextWrapper.sendBroadcast:365 com.motorola.motocare.util.TriggerHelper$TriggerBuilder.send:76 com.motorola.motocare.internal.frameworkevents.ProcessKillTrigger.sendTrigger:147 com.motorola.motocare.internal.frameworkevents.ProcessKillTrigger.handleLmkKill:337 
W/ContextImpl( 1295): Calling a method in the system process without a qualified user: android.app.ContextImpl.sendBroadcast:1252 android.content.ContextWrapper.sendBroadcast:365 com.motorola.motocare.util.TriggerHelper$TriggerBuilder.send:76 com.motorola.motocare.internal.frameworkevents.ProcessKillTrigger.sendTrigger:147 com.motorola.motocare.internal.frameworkevents.ProcessKillTrigger.handleLmkKill:337 
W/ContextImpl( 1295): Calling a method in the system process without a qualified user: android.app.ContextImpl.sendBroadcast:1252 android.content.ContextWrapper.sendBroadcast:365 com.motorola.motocare.util.TriggerHelper$TriggerBuilder.send:76 com.motorola.motocare.internal.frameworkevents.ProcessKillTrigger.sendTrigger:147 com.motorola.motocare.internal.frameworkevents.ProcessKillTrigger.handleLmkKill:337 
W/ContextImpl( 1295): Calling a method in the system process without a qualified user: android.app.ContextImpl.sendBroadcast:1252 android.content.ContextWrapper.sendBroadcast:365 com.motorola.motocare.util.TriggerHelper$TriggerBuilder.send:76 com.motorola.motocare.internal.frameworkevents.ProcessKillTrigger.sendTrigger:147 com.motorola.motocare.internal.frameworkevents.ProcessKillTrigger.handleLmkKill:337 
W/ContextImpl( 1295): Calling a method in the system process without a qualified user: android.app.ContextImpl.sendBroadcast:1252 android.content.ContextWrapper.sendBroadcast:365 com.motorola.motocare.util.TriggerHelper$TriggerBuilder.send:76 com.motorola.motocare.internal.frameworkevents.ProcessKillTrigger.sendTrigger:147 com.motorola.motocare.internal.frameworkevents.ProcessKillTrigger.handleLmkKill:337 
W/ContextImpl( 1295): Calling a method in the system process without a qualified user: android.app.ContextImpl.sendBroadcast:1252 android.content.ContextWrapper.sendBroadcast:365 com.motorola.motocare.util.TriggerHelper$TriggerBuilder.send:76 com.motorola.motocare.internal.frameworkevents.ProcessKillTrigger.sendTrigger:147 com.motorola.motocare.internal.frameworkevents.ProcessKillTrigger.handleLmkKill:337 
W/ContextImpl( 1295): Calling a method in the system process without a qualified user: android.app.ContextImpl.sendBroadcast:1252 android.content.ContextWrapper.sendBroadcast:365 com.motorola.motocare.util.TriggerHelper$TriggerBuilder.send:76 com.motorola.motocare.internal.frameworkevents.ProcessKillTrigger.sendTrigger:147 com.motorola.motocare.internal.frameworkevents.ProcessKillTrigger.handleLmkKill:337 
W/ContextImpl( 1295): Calling a method in the system process without a qualified user: android.app.ContextImpl.sendBroadcast:1252 android.content.ContextWrapper.sendBroadcast:365 com.motorola.motocare.util.TriggerHelper$TriggerBuilder.send:76 com.motorola.motocare.internal.frameworkevents.ProcessKillTrigger.sendTrigger:147 com.motorola.motocare.internal.frameworkevents.ProcessKillTrigger.handleLmkKill:337 
W/ContextImpl( 1295): Calling a method in the system process without a qualified user: android.app.ContextImpl.sendBroadcast:1252 android.content.ContextWrapper.sendBroadcast:365 com.motorola.motocare.util.TriggerHelper$TriggerBuilder.send:76 com.motorola.motocare.internal.frameworkevents.ProcessKillTrigger.sendTrigger:147 com.motorola.motocare.internal.frameworkevents.ProcessKillTrigger.handleLmkKill:337 
W/ContextImpl( 1295): Calling a method in the system process without a qualified user: android.app.ContextImpl.sendBroadcast:1252 android.content.ContextWrapper.sendBroadcast:365 com.motorola.motocare.util.TriggerHelper$TriggerBuilder.send:76 com.motorola.motocare.internal.frameworkevents.ProcessKillTrigger.sendTrigger:147 com.motorola.motocare.internal.frameworkevents.ProcessKillTrigger.handleLmkKill:337 
W/ContextImpl( 1295): Calling a method in the system process without a qualified user: android.app.ContextImpl.sendBroadcast:1252 android.content.ContextWrapper.sendBroadcast:365 com.motorola.motocare.util.TriggerHelper$TriggerBuilder.send:76 com.motorola.motocare.internal.frameworkevents.ProcessKillTrigger.sendTrigger:147 com.motorola.motocare.internal.frameworkevents.ProcessKillTrigger.handleLmkKill:337 
W/ContextImpl( 1295): Calling a method in the system process without a qualified user: android.app.ContextImpl.sendBroadcast:1252 android.content.ContextWrapper.sendBroadcast:365 com.motorola.motocare.util.TriggerHelper$TriggerBuilder.send:76 com.motorola.motocare.internal.frameworkevents.ProcessKillTrigger.sendTrigger:147 com.motorola.motocare.internal.frameworkevents.ProcessKillTrigger.handleLmkKill:337 
W/ContextImpl( 1295): Calling a method in the system process without a qualified user: android.app.ContextImpl.sendBroadcast:1252 android.content.ContextWrapper.sendBroadcast:365 com.motorola.motocare.util.TriggerHelper$TriggerBuilder.send:76 com.motorola.motocare.internal.frameworkevents.ProcessKillTrigger.sendTrigger:147 com.motorola.motocare.internal.frameworkevents.ProcessKillTrigger.handleLmkKill:337 
W/ContextImpl( 1295): Calling a method in the system process without a qualified user: android.app.ContextImpl.sendBroadcast:1252 android.content.ContextWrapper.sendBroadcast:365 com.motorola.motocare.util.TriggerHelper$TriggerBuilder.send:76 com.motorola.motocare.internal.frameworkevents.ProcessKillTrigger.sendTrigger:147 com.motorola.motocare.internal.frameworkevents.ProcessKillTrigger.handleLmkKill:337 
W/ContextImpl( 1295): Calling a method in the system process without a qualified user: android.app.ContextImpl.sendBroadcast:1252 android.content.ContextWrapper.sendBroadcast:365 com.motorola.motocare.util.TriggerHelper$TriggerBuilder.send:76 com.motorola.motocare.internal.frameworkevents.ProcessKillTrigger.sendTrigger:147 com.motorola.motocare.internal.frameworkevents.ProcessKillTrigger.handleLmkKill:337 
W/ContextImpl( 1295): Calling a method in the system process without a qualified user: android.app.ContextImpl.sendBroadcast:1252 android.content.ContextWrapper.sendBroadcast:365 com.motorola.motocare.util.TriggerHelper$TriggerBuilder.send:76 com.motorola.motocare.internal.frameworkevents.ProcessKillTrigger.sendTrigger:147 com.motorola.motocare.internal.frameworkevents.ProcessKillTrigger.handleLmkKill:337 
W/ContextImpl( 1295): Calling a method in the system process without a qualified user: android.app.ContextImpl.sendBroadcast:1252 android.content.ContextWrapper.sendBroadcast:365 com.motorola.motocare.util.TriggerHelper$TriggerBuilder.send:76 com.motorola.motocare.internal.frameworkevents.ProcessKillTrigger.sendTrigger:147 com.motorola.motocare.internal.frameworkevents.ProcessKillTrigger.handleLmkKill:337 
W/ContextImpl( 1295): Calling a method in the system process without a qualified user: android.app.ContextImpl.sendBroadcast:1252 android.content.ContextWrapper.sendBroadcast:365 com.motorola.motocare.util.TriggerHelper$TriggerBuilder.send:76 com.motorola.motocare.internal.frameworkevents.ProcessKillTrigger.sendTrigger:147 com.motorola.motocare.internal.frameworkevents.ProcessKillTrigger.handleLmkKill:337 
W/ContextImpl( 1295): Calling a method in the system process without a qualified user: android.app.ContextImpl.sendBroadcast:1252 android.content.ContextWrapper.sendBroadcast:365 com.motorola.motocare.util.TriggerHelper$TriggerBuilder.send:76 com.motorola.motocare.internal.frameworkevents.ProcessKillTrigger.sendTrigger:147 com.motorola.motocare.internal.frameworkevents.ProcessKillTrigger.handleLmkKill:337 
W/ContextImpl( 1295): Calling a method in the system process without a qualified user: android.app.ContextImpl.sendBroadcast:1252 android.content.ContextWrapper.sendBroadcast:365 com.motorola.motocare.util.TriggerHelper$TriggerBuilder.send:76 com.motorola.motocare.internal.frameworkevents.ProcessKillTrigger.sendTrigger:147 com.motorola.motocare.internal.frameworkevents.ProcessKillTrigger.handleLmkKill:337 
W/ContextImpl( 1295): Calling a method in the system process without a qualified user: android.app.ContextImpl.sendBroadcast:1252 android.content.ContextWrapper.sendBroadcast:365 com.motorola.motocare.util.TriggerHelper$TriggerBuilder.send:76 com.motorola.motocare.internal.frameworkevents.ProcessKillTrigger.sendTrigger:147 com.motorola.motocare.internal.frameworkevents.ProcessKillTrigger.handleLmkKill:337 
W/ContextImpl( 1295): Calling a method in the system process without a qualified user: android.app.ContextImpl.sendBroadcast:1252 android.content.ContextWrapper.sendBroadcast:365 com.motorola.motocare.util.TriggerHelper$TriggerBuilder.send:76 com.motorola.motocare.internal.frameworkevents.ProcessKillTrigger.sendTrigger:147 com.motorola.motocare.internal.frameworkevents.ProcessKillTrigger.handleLmkKill:337 
W/ContextImpl( 1295): Calling a method in the system process without a qualified user: android.app.ContextImpl.sendBroadcast:1252 android.content.ContextWrapper.sendBroadcast:365 com.motorola.motocare.util.TriggerHelper$TriggerBuilder.send:76 com.motorola.motocare.internal.frameworkevents.ProcessKillTrigger.sendTrigger:147 com.motorola.motocare.internal.frameworkevents.ProcessKillTrigger.handleLmkKill:337 
W/ContextImpl( 1295): Calling a method in the system process without a qualified user: android.app.ContextImpl.sendBroadcast:1252 android.content.ContextWrapper.sendBroadcast:365 com.motorola.motocare.util.TriggerHelper$TriggerBuilder.send:76 com.motorola.motocare.internal.frameworkevents.ProcessKillTrigger.sendTrigger:147 com.motorola.motocare.internal.frameworkevents.ProcessKillTrigger.handleLmkKill:337 
W/ContextImpl( 1295): Calling a method in the system process without a qualified user: android.app.ContextImpl.sendBroadcast:1252 android.content.ContextWrapper.sendBroadcast:365 com.motorola.motocare.util.TriggerHelper$TriggerBuilder.send:76 com.motorola.motocare.internal.frameworkevents.ProcessKillTrigger.sendTrigger:147 com.motorola.motocare.internal.frameworkevents.ProcessKillTrigger.handleLmkKill:337 
W/ContextImpl( 1295): Calling a method in the system process without a qualified user: android.app.ContextImpl.sendBroadcast:1252 android.content.ContextWrapper.sendBroadcast:365 com.motorola.motocare.util.TriggerHelper$TriggerBuilder.send:76 com.motorola.motocare.internal.frameworkevents.ProcessKillTrigger.sendTrigger:147 com.motorola.motocare.internal.frameworkevents.ProcessKillTrigger.handleLmkKill:337 
W/ContextImpl( 1295): Calling a method in the system process without a qualified user: android.app.ContextImpl.sendBroadcast:1252 android.content.ContextWrapper.sendBroadcast:365 com.motorola.motocare.util.TriggerHelper$TriggerBuilder.send:76 com.motorola.motocare.internal.frameworkevents.ProcessKillTrigger.sendTrigger:147 com.motorola.motocare.internal.frameworkevents.ProcessKillTrigger.handleLmkKill:337 
W/ContextImpl( 1295): Calling a method in the system process without a qualified user: android.app.ContextImpl.sendBroadcast:1252 android.content.ContextWrapper.sendBroadcast:365 com.motorola.motocare.util.TriggerHelper$TriggerBuilder.send:76 com.motorola.motocare.internal.frameworkevents.ProcessKillTrigger.sendTrigger:147 com.motorola.motocare.internal.frameworkevents.ProcessKillTrigger.handleLmkKill:337 
W/ContextImpl( 1295): Calling a method in the system process without a qualified user: android.app.ContextImpl.sendBroadcast:1252 android.content.ContextWrapper.sendBroadcast:365 com.motorola.motocare.util.TriggerHelper$TriggerBuilder.send:76 com.motorola.motocare.internal.frameworkevents.ProcessKillTrigger.sendTrigger:147 com.motorola.motocare.internal.frameworkevents.ProcessKillTrigger.handleLmkKill:337 
W/ContextImpl( 1295): Calling a method in the system process without a qualified user: android.app.ContextImpl.sendBroadcast:1252 android.content.ContextWrapper.sendBroadcast:365 com.motorola.motocare.util.TriggerHelper$TriggerBuilder.send:76 com.motorola.motocare.internal.frameworkevents.ProcessKillTrigger.sendTrigger:147 com.motorola.motocare.internal.frameworkevents.ProcessKillTrigger.handleLmkKill:337 
W/ContextImpl( 1295): Calling a method in the system process without a qualified user: android.app.ContextImpl.sendBroadcast:1252 android.content.ContextWrapper.sendBroadcast:365 com.motorola.motocare.util.TriggerHelper$TriggerBuilder.send:76 com.motorola.motocare.internal.frameworkevents.ProcessKillTrigger.sendTrigger:147 com.motorola.motocare.internal.frameworkevents.ProcessKillTrigger.handleLmkKill:337 
W/ContextImpl( 1295): Calling a method in the system process without a qualified user: android.app.ContextImpl.sendBroadcast:1252 android.content.ContextWrapper.sendBroadcast:365 com.motorola.motocare.util.TriggerHelper$TriggerBuilder.send:76 com.motorola.motocare.internal.frameworkevents.ProcessKillTrigger.sendTrigger:147 com.motorola.motocare.internal.frameworkevents.ProcessKillTrigger.handleLmkKill:337 
W/ContextImpl( 1295): Calling a method in the system process without a qualified user: android.app.ContextImpl.sendBroadcast:1252 android.content.ContextWrapper.sendBroadcast:365 com.motorola.motocare.util.TriggerHelper$TriggerBuilder.send:76 com.motorola.motocare.internal.frameworkevents.ProcessKillTrigger.sendTrigger:147 com.motorola.motocare.internal.frameworkevents.ProcessKillTrigger.handleLmkKill:337 
W/ContextImpl( 1295): Calling a method in the system process without a qualified user: android.app.ContextImpl.sendBroadcast:1252 android.content.ContextWrapper.sendBroadcast:365 com.motorola.motocare.util.TriggerHelper$TriggerBuilder.send:76 com.motorola.motocare.internal.frameworkevents.ProcessKillTrigger.sendTrigger:147 com.motorola.motocare.internal.frameworkevents.ProcessKillTrigger.handleLmkKill:337 
W/ContextImpl( 1295): Calling a method in the system process without a qualified user: android.app.ContextImpl.sendBroadcast:1252 android.content.ContextWrapper.sendBroadcast:365 com.motorola.motocare.util.TriggerHelper$TriggerBuilder.send:76 com.motorola.motocare.internal.frameworkevents.ProcessKillTrigger.sendTrigger:147 com.motorola.motocare.internal.frameworkevents.ProcessKillTrigger.handleLmkKill:337 
D/dalvikvm( 1295): GC_CONCURRENT freed 1973K, 46% free 9361K/17224K, paused 2ms+3ms, total 28ms
W/ContextImpl( 1295): Calling a method in the system process without a qualified user: android.app.ContextImpl.sendBroadcast:1252 android.content.ContextWrapper.sendBroadcast:365 com.motorola.motocare.util.TriggerHelper$TriggerBuilder.send:76 com.motorola.motocare.internal.frameworkevents.ProcessKillTrigger.sendTrigger:147 com.motorola.motocare.internal.frameworkevents.ProcessKillTrigger.handleLmkKill:337 
W/ContextImpl( 1295): Calling a method in the system process without a qualified user: android.app.ContextImpl.sendBroadcast:1252 android.content.ContextWrapper.sendBroadcast:365 com.motorola.motocare.util.TriggerHelper$TriggerBuilder.send:76 com.motorola.motocare.internal.frameworkevents.ProcessKillTrigger.sendTrigger:147 com.motorola.motocare.internal.frameworkevents.ProcessKillTrigger.handleLmkKill:337 
W/ContextImpl( 1295): Calling a method in the system process without a qualified user: android.app.ContextImpl.sendBroadcast:1252 android.content.ContextWrapper.sendBroadcast:365 com.motorola.motocare.util.TriggerHelper$TriggerBuilder.send:76 com.motorola.motocare.internal.frameworkevents.ProcessKillTrigger.sendTrigger:147 com.motorola.motocare.internal.frameworkevents.ProcessKillTrigger.handleLmkKill:337 
W/paypal.sdk(29138): ae SN:14 PayPal Debug-ID: d75a1b25b5d9e [live, 2.8.8;release]
W/ContextImpl( 1295): Calling a method in the system process without a qualified user: android.app.ContextImpl.sendBroadcast:1252 android.content.ContextWrapper.sendBroadcast:365 com.motorola.motocare.util.TriggerHelper$TriggerBuilder.send:76 com.motorola.motocare.internal.frameworkevents.ProcessKillTrigger.sendTrigger:147 com.motorola.motocare.internal.frameworkevents.ProcessKillTrigger.handleLmkKill:337 
E/paypal.sdk(29138): request failure with http statusCode:422,exception:org.apache.http.client.HttpResponseException: Unprocessable Entity
E/paypal.sdk(29138): request failed with server response:{"name":"PAYMENT_CREATION_ERROR","debug_id":"d75a1b25b5d9e","message":"checkout-session not created","information_link":"https://api-m.paypal.com/docs/api/#PAYMENT_CREATION_ERROR"}
E/paypal.sdk(29138): 
W/ContextImpl( 1295): Calling a method in the system process without a qualified user: android.app.ContextImpl.sendBroadcast:1252 android.content.ContextWrapper.sendBroadcast:365 com.motorola.motocare.util.TriggerHelper$TriggerBuilder.send:76 com.motorola.motocare.internal.frameworkevents.ProcessKillTrigger.sendTrigger:147 com.motorola.motocare.internal.frameworkevents.ProcessKillTrigger.handleLmkKill:337 
W/ContextImpl( 1295): Calling a method in the system process without a qualified user: android.app.ContextImpl.sendBroadcast:1252 android.content.ContextWrapper.sendBroadcast:365 com.motorola.motocare.util.TriggerHelper$TriggerBuilder.send:76 com.motorola.motocare.internal.frameworkevents.ProcessKillTrigger.sendTrigger:147 com.motorola.motocare.internal.frameworkevents.ProcessKillTrigger.handleLmkKill:337 
W/ContextImpl( 1295): Calling a method in the system process without a qualified user: android.app.ContextImpl.sendBroadcast:1252 android.content.ContextWrapper.sendBroadcast:365 com.motorola.motocare.util.TriggerHelper$TriggerBuilder.send:76 com.motorola.motocare.internal.frameworkevents.ProcessKillTrigger.sendTrigger:147 com.motorola.motocare.internal.frameworkevents.ProcessKillTrigger.handleLmkKill:337 
E/paypal.sdk(29138): PAYMENT_CREATION_ERROR
I/SFPerfTracer(  274):      triggers: (rate: 1300:51560) (compose: 0:262) (post: 0:21) (render: 92:10762) (78:815429 frames) (79:3412115)
D/SFPerfTracer(  274):        layers: (5:12) (DimLayer: 0:158)* (DimLayer: 0:146)* (FocusedStackFrame: 0:22994)* (StatusBar: 1:274459) (NavigationBar: 18:211280) (DimLayer: 14:26792) (DimLayer: 0:5109)* (com.android.wallpaper.fall.FallWallpaper: 0:7052)* (com.paypal.android.p2pmobile/com.paypal.android.lib.authenticator.activity.LoginActivity: 0:55)* (com.paypal.android.p2pmobile/com.paypal.android.lib.authenticator.activity.LoginActivity: 0:112)* (co.giftmeapp.gift_me/com.paypal.android.sdk.payments.PaymentConfirmActivity: 14:21) (Processing: 77:84) 
D/dalvikvm( 1295): GC_EXPLICIT freed 153K, 46% free 9322K/17224K, paused 2ms+2ms, total 35ms
W/ContextImpl( 1295): Calling a method in the system process without a qualified user: android.app.ContextImpl.sendBroadcast:1252 android.content.ContextWrapper.sendBroadcast:365 com.motorola.motocare.util.TriggerHelper$TriggerBuilder.send:76 com.motorola.motocare.internal.frameworkevents.PauseResumeTrigger.handleFrameworkEvent:53 com.motorola.motocare.internal.frameworkevents.FwEventMonitor$FrameworkListener.processFrameworkEvent:114 
W/ContextImpl( 1295): Calling a method in the system process without a qualified user: android.app.ContextImpl.sendBroadcast:1252 android.content.ContextWrapper.sendBroadcast:365 com.motorola.motocare.util.TriggerHelper$TriggerBuilder.send:76 com.motorola.motocare.internal.frameworkevents.PauseResumeTrigger.handleFrameworkEvent:53 com.motorola.motocare.internal.frameworkevents.FwEventMonitor$FrameworkListener.processFrameworkEvent:114 
W/ContextImpl( 1295): Calling a method in the system process without a qualified user: android.app.ContextImpl.sendBroadcast:1252 android.content.ContextWrapper.sendBroadcast:365 com.motorola.motocare.util.TriggerHelper$TriggerBuilder.send:76 com.motorola.motocare.internal.frameworkevents.PauseResumeTrigger.handleFrameworkEvent:53 com.motorola.motocare.internal.frameworkevents.FwEventMonitor$FrameworkListener.processFrameworkEvent:114 
W/ContextImpl( 1295): Calling a method in the system process without a qualified user: android.app.ContextImpl.sendBroadcast:1252 android.content.ContextWrapper.sendBroadcast:365 com.motorola.motocare.util.TriggerHelper$TriggerBuilder.send:76 com.motorola.motocare.internal.frameworkevents.PauseResumeTrigger.handleFrameworkEvent:53 com.motorola.motocare.internal.frameworkevents.FwEventMonitor$FrameworkListener.processFrameworkEvent:114 
I/SFPerfTracer(  274):      triggers: (rate: 1161:454468) (365409 sw vsyncs) (1074880 skipped) (103:3454761 vsyncs) (105:4342659)
I/ActivityManager( 1025): Process com.google.android.gms.wearable (pid 30160) has died.
W/ActivityManager( 1025): Scheduling restart of crashed service com.google.android.gms/.wearable.service.WearableService in 83200ms
I/ActivityManager( 1025): Process com.rhmsoft.fm:service (pid 26624) has died.
W/ActivityManager( 1025): Scheduling restart of crashed service com.rhmsoft.fm/com.cleanmaster.fm.service.BackgroundService in 1000ms
D/WifiStateMachine( 1025): handleMessage: E msg.what=151572
D/WifiStateMachine( 1025): processMsg: ConnectedState
D/WifiStateMachine( 1025): processMsg: L2ConnectedState
D/WifiStateMachine( 1025): handleMessage: X
D/WifiStateMachine( 1025): handleMessage: E msg.what=131155
D/WifiStateMachine( 1025): processMsg: ConnectedState
D/WifiStateMachine( 1025): processMsg: L2ConnectedState
D/WifiStateMachine( 1025): handleMessage: X
I/ActivityManager( 1025): Start proc com.rhmsoft.fm:service for service com.rhmsoft.fm/com.cleanmaster.fm.service.BackgroundService: pid=30391 uid=10105 gids={50105, 3003, 1028, 1015}
D/WifiStateMachine( 1025): handleMessage: E msg.what=151572
D/WifiStateMachine( 1025): processMsg: ConnectedState
D/WifiStateMachine( 1025): processMsg: L2ConnectedState
D/WifiStateMachine( 1025): handleMessage: X
W/Settings(30391): Setting android_id has moved from android.provider.Settings.System to android.provider.Settings.Secure, returning read-only value.
D/filesDir(30391): /data/data/com.rhmsoft.fm/files
D/dalvikvm(30391): Trying to load lib /data/data/com.rhmsoft.fm/lib/libkcmutil.so 0x41fad540
W/linker  (30391): libkcmutil.so has text relocations. This is wasting memory and is a security risk. Please fix.
D/dalvikvm(30391): Added shared lib /data/data/com.rhmsoft.fm/lib/libkcmutil.so 0x41fad540
W/Settings(30391): Setting android_id has moved from android.provider.Settings.System to android.provider.Settings.Secure, returning read-only value.
W/System.err(30391): Commons.readAssetsFileLineString :cn2
W/Settings(30391): Setting android_id has moved from android.provider.Settings.System to android.provider.Settings.Secure, returning read-only value.
D/WifiStateMachine( 1025): handleMessage: E msg.what=151572
D/WifiStateMachine( 1025): processMsg: ConnectedState
D/WifiStateMachine( 1025): processMsg: L2ConnectedState
D/WifiStateMachine( 1025): handleMessage: X
W/BroadcastQueue( 1025): Permission Denial: broadcasting Intent { act=android.net.conn.INET_CONDITION_ACTION flg=0x4000010 (has extras) } from null (pid=-1, uid=-1) requires com.facebook.permission.prod.FB_APP_COMMUNICATION due to registered receiver BroadcastFilter{429985b8 u0 ReceiverList{422b1290 30272 com.facebook.katana/10110/u0 remote:42292230}}
W/BroadcastQueue( 1025): Permission Denial: broadcasting Intent { act=android.net.conn.CONNECTIVITY_CHANGE flg=0x4000010 (has extras) } from null (pid=-1, uid=-1) requires com.facebook.permission.prod.FB_APP_COMMUNICATION due to registered receiver BroadcastFilter{429985b8 u0 ReceiverList{422b1290 30272 com.facebook.katana/10110/u0 remote:42292230}}
W/dalvikvm(30272): Unable to resolve superclass of Lcom/facebook/push/adm/ADMBroadcastReceiver; (505)
W/dalvikvm(30272): Link of class 'Lcom/facebook/push/adm/ADMBroadcastReceiver;' failed
E/dalvikvm(30272): Could not find class 'com.facebook.push.adm.ADMBroadcastReceiver', referenced from method com.facebook.push.adm.ADMPushManager.b
W/dalvikvm(30272): VFY: unable to resolve const-class 8355 (Lcom/facebook/push/adm/ADMBroadcastReceiver;) in Lcom/facebook/push/adm/ADMPushManager;
D/dalvikvm(30272): VFY: replacing opcode 0x1c at 0x000e
D/dalvikvm(30272): GC_CONCURRENT freed 4132K, 25% free 13022K/17224K, paused 6ms+5ms, total 77ms
W/fb4a(:<default>):AbstractMqttPushService(30272): Attempt to start service that is already started
W/fb4a(:<default>):AbstractMqttPushService(30272): Attempt to start service that is already started
W/BroadcastQueue( 1025): Permission Denial: broadcasting Intent { act=android.net.conn.CONNECTIVITY_CHANGE flg=0x4000010 (has extras) } from null (pid=-1, uid=-1) requires com.facebook.permission.prod.FB_APP_COMMUNICATION due to registered receiver BroadcastFilter{42374570 u0 ReceiverList{421bd860 30272 com.facebook.katana/10110/u0 remote:42554230}}
D/GcOptimizer(30272): Configure for next cold start: enable
D/WifiStateMachine( 1025): handleMessage: E msg.what=151572
D/WifiStateMachine( 1025): processMsg: ConnectedState
D/WifiStateMachine( 1025): processMsg: L2ConnectedState
D/WifiStateMachine( 1025): handleMessage: X
D/WifiStateMachine( 1025): handleMessage: E msg.what=131155
D/WifiStateMachine( 1025): processMsg: ConnectedState
D/WifiStateMachine( 1025): processMsg: L2ConnectedState
D/WifiStateMachine( 1025): handleMessage: X
I/ActivityManager( 1025): Start proc com.facebook.orca for content provider com.facebook.orca/.notify.MessengerLoggedInUserProvider: pid=30466 uid=10147 gids={50147, 3003, 1028, 1015}
D/Ulp_jni ( 1025): Location CB invoked
I/ActivityManager( 1025): Process com.viber.voip (pid 30333) has died.
W/ActivityManager( 1025): Scheduling restart of crashed service com.viber.voip/com.viber.service.VoipConnectorService in 114496ms
W/ActivityManager( 1025): Scheduling restart of crashed service com.viber.voip/.api.billing.InAppBillingService in 208040ms
D/ACRA    (30466): ACRA is enabled for com.facebook.orca, intializing...
D/ACRA    (30466): Looking for error files in /data/user/0/com.facebook.orca/app_acra-reports
D/ACRA    (30466): Looking for error files in /data/user/0/com.facebook.orca/app_minidumps
D/dalvikvm(30466): Trying to load lib /data/app-lib/com.facebook.orca-2/libgnustl_shared.so 0x41fb3538
D/dalvikvm(30466): Added shared lib /data/app-lib/com.facebook.orca-2/libgnustl_shared.so 0x41fb3538
D/dalvikvm(30466): No JNI_OnLoad found in /data/app-lib/com.facebook.orca-2/libgnustl_shared.so 0x41fb3538, skipping init
D/dalvikvm(30466): Trying to load lib /data/app-lib/com.facebook.orca-2/libfb_breakpad_client.so 0x41fb3538
I/ActivityManager( 1025): Process com.google.android.gms (pid 27538) has died.
W/ActivityManager( 1025): Scheduling restart of crashed service com.google.android.gms/.analytics.service.AnalyticsService in 18216ms
D/dalvikvm(30466): Added shared lib /data/app-lib/com.facebook.orca-2/libfb_breakpad_client.so 0x41fb3538
V/GAV3    ( 8246): Thread[main,5,main]: service disconnected: ComponentInfo{com.google.android.gms/com.google.android.gms.analytics.service.AnalyticsService}
V/GAV3    ( 8246): Thread[main,5,main]: Unexpected disconnect.
D/dalvikvm(30466): Trying to load lib /data/app-lib/com.facebook.orca-2/libfb_dalvik-internals.so 0x41fb3538
V/GAV3    ( 8246): Thread[main,5,main]: service disconnected: ComponentInfo{com.google.android.gms/com.google.android.gms.analytics.service.AnalyticsService}
V/GAV3    ( 8246): Thread[main,5,main]: Unexpected disconnect.
V/GAV3    ( 8246): Thread[main,5,main]: service disconnected: ComponentInfo{com.google.android.gms/com.google.android.gms.analytics.service.AnalyticsService}
V/GAV3    ( 8246): Thread[main,5,main]: Unexpected disconnect.
V/GAV3    ( 8246): Thread[main,5,main]: service disconnected: ComponentInfo{com.google.android.gms/com.google.android.gms.analytics.service.AnalyticsService}
V/GAV3    ( 8246): Thread[main,5,main]: Unexpected disconnect.
V/GAV3    ( 8246): Thread[main,5,main]: service disconnected: ComponentInfo{com.google.android.gms/com.google.android.gms.analytics.service.AnalyticsService}
V/GAV3    ( 8246): Thread[main,5,main]: Unexpected disconnect.
D/dalvikvm(30466): Added shared lib /data/app-lib/com.facebook.orca-2/libfb_dalvik-internals.so 0x41fb3538
V/DexLibLoader(30466): about to lock: /data/user/0/com.facebook.orca/mdex_lock
V/DexLibLoader(30466): locking /data/user/0/com.facebook.orca/mdex_lock took 1 ms
V/DexLibLoader(30466): Secondary program dex metadata: secondary-1.dex.jar 790183d1fb728678b0d8546ed8e9eaef90404089 secondary.dex01.Canary
V/DexLibLoader(30466): Secondary program dex metadata: secondary-2.dex.jar 03b795797c6ded9e8b3df575980b7d37d9ca8dad secondary.dex02.Canary
V/DexLibLoader(30466): Secondary program dex metadata: secondary-3.dex.jar 5ccf73e2daa6156653af1c6485ad6053f38846b9 secondary.dex03.Canary
V/DexLibLoader(30466): directory "/data/user/0/com.facebook.orca/app_secondary_program_dex" contains "program-790183d1fb728678b0d8546ed8e9eaef904040896661a1c7.dex.jar" as expected
V/DexLibLoader(30466): directory "/data/user/0/com.facebook.orca/app_secondary_program_dex" contains "program-03b795797c6ded9e8b3df575980b7d37d9ca8dad6661a1c7.dex.jar" as expected
V/DexLibLoader(30466): directory "/data/user/0/com.facebook.orca/app_secondary_program_dex" contains "program-5ccf73e2daa6156653af1c6485ad6053f38846b96661a1c7.dex.jar" as expected
D/DexLibLoader(30466): ignoring file "program-790183d1fb728678b0d8546ed8e9eaef904040896661a1c7.dex.odex" in "/data/user/0/com.facebook.orca/app_secondary_program_dex"
D/DexLibLoader(30466): ignoring file "program-03b795797c6ded9e8b3df575980b7d37d9ca8dad6661a1c7.dex.odex" in "/data/user/0/com.facebook.orca/app_secondary_program_dex"
D/DexLibLoader(30466): ignoring file "program-5ccf73e2daa6156653af1c6485ad6053f38846b96661a1c7.dex.odex" in "/data/user/0/com.facebook.orca/app_secondary_program_dex"
D/DexLibLoader(30466): directory "/data/user/0/com.facebook.orca/app_secondary_program_dex" is valid
D/DexLibLoader(30466): ignoring file "primary_deps" in "/data/user/0/com.facebook.orca/app_secondary_program_dex_opt"
V/DexLibLoader(30466): directory "/data/user/0/com.facebook.orca/app_secondary_program_dex_opt" contains "program-790183d1fb728678b0d8546ed8e9eaef904040896661a1c7.dex.dex" as expected
V/DexLibLoader(30466): directory "/data/user/0/com.facebook.orca/app_secondary_program_dex_opt" contains "program-03b795797c6ded9e8b3df575980b7d37d9ca8dad6661a1c7.dex.dex" as expected
V/DexLibLoader(30466): directory "/data/user/0/com.facebook.orca/app_secondary_program_dex_opt" contains "program-5ccf73e2daa6156653af1c6485ad6053f38846b96661a1c7.dex.dex" as expected
D/DexLibLoader(30466): directory "/data/user/0/com.facebook.orca/app_secondary_program_dex_opt" is valid
D/DexLibLoader(30466): loading pre-built cross-dex opt odex files
V/dalvik-internals(30466): hooked dvmResolveClass using jump ()
V/dalvik-internals(30466): hooked dvmFlushBreakpoints using jump ()
V/MultiDexClassLoader(30466): installing MultiDexClassLoader before application classloader
I/dalvikvm(30466): Could not find method dalvik.system.DexFile.loadClassBinaryName, referenced from method com.facebook.common.l.g.a
W/dalvikvm(30466): VFY: unable to resolve virtual method 1453: Ldalvik/system/DexFile;.loadClassBinaryName (Ljava/lang/String;Ljava/lang/ClassLoader;)Ljava/lang/Class;
D/dalvikvm(30466): VFY: replacing opcode 0x6e at 0x0000
D/dalvikvm(27213): GC_CONCURRENT freed 2290K, 45% free 11369K/20348K, paused 8ms+5ms, total 52ms
D/dalvikvm(27213): WAIT_FOR_CONCURRENT_GC blocked 13ms
D/dalvikvm(27213): WAIT_FOR_CONCURRENT_GC blocked 11ms
D/DexLibLoader(30466): released odex store lock
D/DexLibLoader(30466): DexLibLoader.loadAll took 104 ms
D/WifiStateMachine( 1025): handleMessage: E msg.what=151572
D/WifiStateMachine( 1025): processMsg: ConnectedState
D/WifiStateMachine( 1025): processMsg: L2ConnectedState
D/WifiStateMachine( 1025): handleMessage: X
W/bp      (30466): Verify
D/dalvikvm(27213): GC_CONCURRENT freed 1866K, 44% free 11533K/20348K, paused 2ms+15ms, total 43ms
