I/SFPerfTracer(  274):      triggers: (rate: 852:34580) (compose: 0:139) (post: 0:13) (render: 49:8675) (0:476398 frames) (1:2244007)
D/SFPerfTracer(  274):        layers: (3:9) (DimLayer: 0:158)* (DimLayer: 0:44)* (FocusedStackFrame: 0:11343)* (StatusBar: 1:148951) (NavigationBar: 0:106863) (DimLayer: 0:7673)* (DimLayer: 0:1869)* (com.android.wallpaper.fall.FallWallpaper: 0:42824)* (com.phonegap.example/com.phonegap.example.PhoneGapDeviceCompatibilityTester: 0:60) 
V/AlarmManager( 1025): sending alarm Alarm{4218b3c8 type 2 com.whatsapp}
V/AlarmManager( 1025): sending alarm Alarm{421873b0 type 3 com.devexpert.weather}
V/AlarmManager( 1025): sending alarm Alarm{42185530 type 1 com.motorola.motocare}
I/ActivityManager( 1025): Start proc com.devexpert.weather for broadcast com.devexpert.weather/.view.WidgetWeather2x1: pid=3301 uid=10112 gids={50112, 3003, 1028, 1015}
W/ContextImpl( 1295): Calling a method in the system process without a qualified user: android.app.ContextImpl.startService:1608 android.content.ContextWrapper.startService:494 android.content.ContextWrapper.startService:494 com.motorola.motocare.internal.batterystats.BatteryStatsAction.onReceive:33 android.app.ActivityThread.handleReceiver:2434 
I/ActivityManager( 1025): Start proc com.facebook.orca for service com.facebook.orca/com.facebook.push.mqtt.service.MqttPushService: pid=3323 uid=10147 gids={50147, 3003, 1028, 1015}
I/ActivityManager( 1025): Process com.devexpert.weather (pid 3301) has died.
I/SFPerfTracer(  274):      triggers: (rate: 733:303253) (216975 sw vsyncs) (695937 skipped) (17:2025692 vsyncs) (19:2554762)
I/ActivityManager( 1025): Process com.facebook.katana (pid 2981) has died.
W/ActivityManager( 1025): Scheduling restart of crashed service com.facebook.katana/com.facebook.push.mqtt.service.MqttPushService in 161824ms
D/WifiService( 1025): Client connection lost with reason: 4
W/BroadcastQueue( 1025): Permission Denial: broadcasting Intent { act=android.net.conn.INET_CONDITION_ACTION flg=0x4000010 (has extras) } from null (pid=-1, uid=-1) requires com.facebook.permission.prod.FB_APP_COMMUNICATION due to registered receiver BroadcastFilter{436545c0 u0 ReceiverList{436bfb60 3323 com.facebook.orca/10147/u0 remote:437365b8}}
W/BroadcastQueue( 1025): Permission Denial: broadcasting Intent { act=android.net.conn.CONNECTIVITY_CHANGE flg=0x4000010 (has extras) } from null (pid=-1, uid=-1) requires com.facebook.permission.prod.FB_APP_COMMUNICATION due to registered receiver BroadcastFilter{436545c0 u0 ReceiverList{436bfb60 3323 com.facebook.orca/10147/u0 remote:437365b8}}
W/BroadcastQueue( 1025): Permission Denial: broadcasting Intent { act=android.net.conn.CONNECTIVITY_CHANGE flg=0x4000010 (has extras) } from null (pid=-1, uid=-1) requires com.facebook.permission.prod.FB_APP_COMMUNICATION due to registered receiver BroadcastFilter{42b549e8 u0 ReceiverList{42b63a90 3323 com.facebook.orca/10147/u0 remote:42907b18}}
I/ActivityManager( 1025): Start proc uk.co.economist for service uk.co.economist/.service.EditionDownloadManager: pid=3423 uid=10130 gids={50130, 3003, 1028, 1015}
I/ActivityManager( 1025): Start proc com.facebook.katana for content provider com.facebook.katana/.provider.AttributionIdProvider: pid=3461 uid=10110 gids={50110, 1028, 1015, 3003}
D/WifiService( 1025): New client listening to asynchronous messages
I/ActivityManager( 1025): Process com.bambuna.podcastaddict (pid 26373) has died.
W/ActivityManager( 1025): Scheduling restart of crashed service com.bambuna.podcastaddict/.service.PodcastAddictService in 1000ms
I/ActivityManager( 1025): Process com.android.vending (pid 3230) has died.
W/ActivityManager( 1025): Scheduling restart of crashed service com.android.vending/com.google.android.finsky.billing.iab.InAppBillingService in 42684ms
I/ActivityManager( 1025): Process com.rhmsoft.fm:service (pid 32410) has died.
W/ActivityManager( 1025): Scheduling restart of crashed service com.rhmsoft.fm/com.cleanmaster.fm.service.BackgroundService in 10745ms
I/ActivityManager( 1025): Start proc com.bambuna.podcastaddict for service com.bambuna.podcastaddict/.service.PodcastAddictService: pid=3533 uid=10113 gids={50113, 3003, 1028, 1015, 3002}
W/Vold    (  261): Returning OperationFailed - no handler for errno 30
W/BroadcastQueue( 1025): Permission Denial: broadcasting Intent { act=android.net.conn.INET_CONDITION_ACTION flg=0x4000010 (has extras) } from null (pid=-1, uid=-1) requires com.facebook.permission.prod.FB_APP_COMMUNICATION due to registered receiver BroadcastFilter{42c72958 u0 ReceiverList{42b43b68 3461 com.facebook.katana/10110/u0 remote:41fb4120}}
W/BroadcastQueue( 1025): Permission Denial: broadcasting Intent { act=android.net.conn.CONNECTIVITY_CHANGE flg=0x4000010 (has extras) } from null (pid=-1, uid=-1) requires com.facebook.permission.prod.FB_APP_COMMUNICATION due to registered receiver BroadcastFilter{42c72958 u0 ReceiverList{42b43b68 3461 com.facebook.katana/10110/u0 remote:41fb4120}}
W/BroadcastQueue( 1025): Permission Denial: broadcasting Intent { act=android.net.conn.CONNECTIVITY_CHANGE flg=0x4000010 (has extras) } from null (pid=-1, uid=-1) requires com.facebook.permission.prod.FB_APP_COMMUNICATION due to registered receiver BroadcastFilter{42b78218 u0 ReceiverList{42ab4770 3461 com.facebook.katana/10110/u0 remote:42a7b7e8}}
I/SFPerfTracer(  274):      triggers: (rate: 733:303253) (216975 sw vsyncs) (695937 skipped) (32:2025796 vsyncs) (34:2554890)
I/ActivityManager( 1025): Process com.facebook.orca (pid 3323) has died.
W/ActivityManager( 1025): Scheduling restart of crashed service com.facebook.orca/com.facebook.push.mqtt.service.MqttPushService in 65172ms
I/ActivityManager( 1025): Start proc com.rhmsoft.fm:service for service com.rhmsoft.fm/com.cleanmaster.fm.service.BackgroundService: pid=3668 uid=10105 gids={50105, 3003, 1028, 1015}
V/AlarmManager( 1025): sending alarm Alarm{42ae99d0 type 3 android}
I/SFPerfTracer(  274):      triggers: (rate: 733:303253) (216975 sw vsyncs) (695937 skipped) (5:2025881 vsyncs) (7:2554994)
V/AlarmManager( 1025): sending alarm Alarm{42ae5f60 type 2 com.facebook.orca}
V/AlarmManager( 1025): sending alarm Alarm{42ae5ad8 type 2 com.facebook.katana}
V/AlarmManager( 1025): sending alarm Alarm{42ae2920 type 2 com.whatsapp}
V/AlarmManager( 1025): sending alarm Alarm{42ade000 type 0 com.rhmsoft.fm}
I/SFPerfTracer(  274):      triggers: (rate: 733:303253) (216975 sw vsyncs) (695937 skipped) (17:2025965 vsyncs) (19:2555105)
I/ActivityManager( 1025): Start proc com.android.vending for service com.android.vending/com.google.android.finsky.billing.iab.InAppBillingService: pid=3756 uid=10039 gids={50039, 3003, 1028, 1015}
V/AlarmManager( 1025): sending alarm Alarm{4224ece8 type 2 com.google.android.gms}
V/AlarmManager( 1025): sending alarm Alarm{422446b0 type 3 com.devexpert.weather}
V/AlarmManager( 1025): sending alarm Alarm{42242be0 type 1 com.rhmsoft.fm}
I/ActivityManager( 1025): Start proc com.devexpert.weather for broadcast com.devexpert.weather/.view.WidgetWeather2x1: pid=3806 uid=10112 gids={50112, 3003, 1028, 1015}
W/ProcessCpuTracker( 1025): Skipping unknown process pid 3821
W/ProcessCpuTracker( 1025): Skipping unknown process pid 3824
D/ConnectivityService( 1025): handleInetConditionHoldEnd: net=1, condition=100, published condition=100
W/ContextImpl( 1295): Calling a method in the system process without a qualified user: android.app.ContextImpl.sendBroadcast:1252 android.content.ContextWrapper.sendBroadcast:365 com.motorola.motocare.util.TriggerHelper$TriggerBuilder.send:76 com.motorola.motocare.internal.frameworkevents.ProcessKillTrigger.sendTrigger:147 com.motorola.motocare.internal.frameworkevents.ProcessKillTrigger.handleLmkKill:337 
W/ContextImpl( 1295): Calling a method in the system process without a qualified user: android.app.ContextImpl.sendBroadcast:1252 android.content.ContextWrapper.sendBroadcast:365 com.motorola.motocare.util.TriggerHelper$TriggerBuilder.send:76 com.motorola.motocare.internal.frameworkevents.ProcessKillTrigger.sendTrigger:147 com.motorola.motocare.internal.frameworkevents.ProcessKillTrigger.handleLmkKill:337 
W/ContextImpl( 1295): Calling a method in the system process without a qualified user: android.app.ContextImpl.sendBroadcast:1252 android.content.ContextWrapper.sendBroadcast:365 com.motorola.motocare.util.TriggerHelper$TriggerBuilder.send:76 com.motorola.motocare.internal.frameworkevents.ProcessKillTrigger.sendTrigger:147 com.motorola.motocare.internal.frameworkevents.ProcessKillTrigger.handleLmkKill:337 
W/ContextImpl( 1295): Calling a method in the system process without a qualified user: android.app.ContextImpl.sendBroadcast:1252 android.content.ContextWrapper.sendBroadcast:365 com.motorola.motocare.util.TriggerHelper$TriggerBuilder.send:76 com.motorola.motocare.internal.frameworkevents.ProcessKillTrigger.sendTrigger:147 com.motorola.motocare.internal.frameworkevents.ProcessKillTrigger.handleLmkKill:337 
W/ContextImpl( 1295): Calling a method in the system process without a qualified user: android.app.ContextImpl.sendBroadcast:1252 android.content.ContextWrapper.sendBroadcast:365 com.motorola.motocare.util.TriggerHelper$TriggerBuilder.send:76 com.motorola.motocare.internal.frameworkevents.ProcessKillTrigger.sendTrigger:147 com.motorola.motocare.internal.frameworkevents.ProcessKillTrigger.handleLmkKill:337 
W/ContextImpl( 1295): Calling a method in the system process without a qualified user: android.app.ContextImpl.sendBroadcast:1252 android.content.ContextWrapper.sendBroadcast:365 com.motorola.motocare.util.TriggerHelper$TriggerBuilder.send:76 com.motorola.motocare.internal.frameworkevents.ProcessKillTrigger.sendTrigger:147 com.motorola.motocare.internal.frameworkevents.ProcessKillTrigger.handleLmkKill:337 
I/SFPerfTracer(  274):      triggers: (rate: 733:303253) (216975 sw vsyncs) (695937 skipped) (5:2026042 vsyncs) (7:2555212)
I/ActivityManager( 1025): Start proc com.facebook.orca for service com.facebook.orca/com.facebook.push.mqtt.service.MqttPushService: pid=3851 uid=10147 gids={50147, 3003, 1028, 1015}
I/ActivityManager( 1025): Process com.devexpert.weather (pid 3806) has died.
V/AlarmManager( 1025): sending alarm Alarm{42b775a0 type 3 android}
I/ActivityManager( 1025): Process com.facebook.katana (pid 3461) has died.
W/ActivityManager( 1025): Scheduling restart of crashed service com.facebook.katana/com.facebook.push.mqtt.service.MqttPushService in 1000ms
D/WifiService( 1025): Client connection lost with reason: 4
I/ActivityManager( 1025): Start proc com.facebook.katana for service com.facebook.katana/com.facebook.push.mqtt.service.MqttPushService: pid=3903 uid=10110 gids={50110, 1028, 1015, 3003}
D/WifiService( 1025): New client listening to asynchronous messages
W/BroadcastQueue( 1025): Permission Denial: broadcasting Intent { act=android.net.conn.INET_CONDITION_ACTION flg=0x4000010 (has extras) } from null (pid=-1, uid=-1) requires com.facebook.permission.prod.FB_APP_COMMUNICATION due to registered receiver BroadcastFilter{429f9518 u0 ReceiverList{42597238 3851 com.facebook.orca/10147/u0 remote:4285f9d0}}
W/BroadcastQueue( 1025): Permission Denial: broadcasting Intent { act=android.net.conn.CONNECTIVITY_CHANGE flg=0x4000010 (has extras) } from null (pid=-1, uid=-1) requires com.facebook.permission.prod.FB_APP_COMMUNICATION due to registered receiver BroadcastFilter{429f9518 u0 ReceiverList{42597238 3851 com.facebook.orca/10147/u0 remote:4285f9d0}}
W/BroadcastQueue( 1025): Permission Denial: broadcasting Intent { act=android.net.conn.CONNECTIVITY_CHANGE flg=0x4000010 (has extras) } from null (pid=-1, uid=-1) requires com.facebook.permission.prod.FB_APP_COMMUNICATION due to registered receiver BroadcastFilter{427df498 u0 ReceiverList{421f7778 3851 com.facebook.orca/10147/u0 remote:4221b038}}
I/ActivityManager( 1025): Process uk.co.economist (pid 3423) has died.
W/ActivityManager( 1025): Scheduling restart of crashed service uk.co.economist/.service.EditionDownloadManager in 1000ms
W/ActivityManager( 1025): Service ServiceRecord{43756380 u0 uk.co.economist/.service.APIService} in process ProcessRecord{435f8ad8 3423:uk.co.economist/u0a130} not same as in map: null
I/ActivityManager( 1025): Start proc uk.co.economist for service uk.co.economist/.service.EditionDownloadManager: pid=3994 uid=10130 gids={50130, 3003, 1028, 1015}
W/BroadcastQueue( 1025): Permission Denial: broadcasting Intent { act=android.net.conn.INET_CONDITION_ACTION flg=0x4000010 (has extras) } from null (pid=-1, uid=-1) requires com.facebook.permission.prod.FB_APP_COMMUNICATION due to registered receiver BroadcastFilter{437ba7b0 u0 ReceiverList{43723e18 3903 com.facebook.katana/10110/u0 remote:42a9f778}}
W/BroadcastQueue( 1025): Permission Denial: broadcasting Intent { act=android.net.conn.CONNECTIVITY_CHANGE flg=0x4000010 (has extras) } from null (pid=-1, uid=-1) requires com.facebook.permission.prod.FB_APP_COMMUNICATION due to registered receiver BroadcastFilter{437ba7b0 u0 ReceiverList{43723e18 3903 com.facebook.katana/10110/u0 remote:42a9f778}}
I/SFPerfTracer(  274):      triggers: (rate: 852:34580) (compose: 0:139) (post: 0:13) (render: 49:8675) (0:476398 frames) (1:2244107)
D/SFPerfTracer(  274):        layers: (3:9) (DimLayer: 0:158)* (DimLayer: 0:44)* (FocusedStackFrame: 0:11343)* (StatusBar: 0:149040) (NavigationBar: 0:106863) (DimLayer: 0:7673)* (DimLayer: 0:1869)* (com.android.wallpaper.fall.FallWallpaper: 0:42824)* (com.phonegap.example/com.phonegap.example.PhoneGapDeviceCompatibilityTester: 0:60) 
I/ActivityManager( 1025): Process com.whatsapp (pid 2498) has died.
W/ActivityManager( 1025): Scheduling restart of crashed service com.whatsapp/.messaging.MessageService in 1000ms
W/BroadcastQueue( 1025): Permission Denial: broadcasting Intent { act=android.net.conn.CONNECTIVITY_CHANGE flg=0x4000010 (has extras) } from null (pid=-1, uid=-1) requires com.facebook.permission.prod.FB_APP_COMMUNICATION due to registered receiver BroadcastFilter{43094800 u0 ReceiverList{4336c900 3903 com.facebook.katana/10110/u0 remote:426cf100}}
I/ActivityManager( 1025): Start proc com.whatsapp for service com.whatsapp/.messaging.MessageService: pid=4086 uid=10107 gids={50107, 3002, 3003, 1028, 1015}
I/ActivityManager( 1025): Process com.android.vending (pid 3756) has died.
V/AlarmManager( 1025): sending alarm Alarm{435b2760 type 3 com.whatsapp}
I/ActivityManager( 1025): Start proc android.process.acore for content provider com.android.providers.contacts/.ContactsProvider2: pid=4126 uid=10010 gids={50010, 3003, 1028, 1015, 1023}
I/ActivityManager( 1025): Start proc com.android.vending for service com.android.vending/com.google.android.finsky.billing.iab.InAppBillingService: pid=4138 uid=10039 gids={50039, 3003, 1028, 1015}
V/AlarmManager( 1025): sending alarm Alarm{42d3ba28 type 3 com.whatsapp}
I/SFPerfTracer(  274):      triggers: (rate: 733:303253) (216975 sw vsyncs) (695937 skipped) (38:2026142 vsyncs) (40:2555333)
I/ActivityManager( 1025): Process android.process.acore (pid 4126) has died.
I/ActivityManager( 1025): Process com.facebook.orca (pid 3851) has died.
W/ActivityManager( 1025): Scheduling restart of crashed service com.facebook.orca/com.facebook.push.mqtt.service.MqttPushService in 260688ms
I/ActivityManager( 1025): Process com.whatsapp (pid 4086) has died.
W/ActivityManager( 1025): Scheduling restart of crashed service com.whatsapp/.messaging.MessageService in 4000ms
I/PowerManagerService( 1025): Nap time...
I/PowerManagerService( 1025): Going to sleep due to screen timeout...
F/ProcessStats( 1025): Starting service ServiceState{42c48c08 com.whatsapp.messaging.MessageService pkg=com.whatsapp proc=42c48c08} without owner
W/ContextImpl( 1295): Calling a method in the system process without a qualified user: android.app.ContextImpl.sendBroadcast:1252 android.content.ContextWrapper.sendBroadcast:365 com.motorola.motocare.util.TriggerHelper$TriggerBuilder.send:76 com.motorola.motocare.internal.frameworkevents.PauseResumeTrigger.handleFrameworkEvent:53 com.motorola.motocare.internal.frameworkevents.FwEventMonitor$FrameworkListener.processFrameworkEvent:114 
F/ProcessStats( 1025): Starting service ServiceState{428fdff0 com.facebook.push.mqtt.service.MqttPushService pkg=com.facebook.orca proc=428fdff0} without owner
I/ActivityManager( 1025): Start proc com.whatsapp for service com.whatsapp/.messaging.MessageService: pid=4245 uid=10107 gids={50107, 3002, 3003, 1028, 1015}
W/ContextImpl( 1295): Calling a method in the system process without a qualified user: android.app.ContextImpl.startService:1608 android.content.ContextWrapper.startService:494 android.content.ContextWrapper.startService:494 com.motorola.motocare.internal.batterystats.BatteryStatsAction.onReceive:33 android.app.ActivityThread.handleReceiver:2434 
V/AlarmManager( 1025): sending alarm Alarm{4221e898 type 3 com.whatsapp}
I/ActivityManager( 1025): Start proc android.process.acore for content provider com.android.providers.contacts/.ContactsProvider2: pid=4289 uid=10010 gids={50010, 3003, 1028, 1015, 1023}
V/AlarmManager( 1025): sending alarm Alarm{42c600e0 type 3 com.whatsapp}
V/AlarmManager( 1025): sending alarm Alarm{437fd430 type 2 com.facebook.orca}
V/AlarmManager( 1025): sending alarm Alarm{437fb520 type 2 com.facebook.katana}
V/AlarmManager( 1025): sending alarm Alarm{437f3290 type 2 com.android.keyguard}
V/AlarmManager( 1025): sending alarm Alarm{437eb538 type 0 com.facebook.katana}
I/ActivityManager( 1025): Process android.process.acore (pid 4289) has died.
V/AlarmManager( 1025): sending alarm Alarm{431ea908 type 2 android}
D/ConnectivityService( 1025): Sampling interval elapsed, updating statistics ..
D/ConnectivityService( 1025): Done.
D/ConnectivityService( 1025): Setting timer for 720seconds
V/AlarmManager( 1025): sending alarm Alarm{431e21d8 type 3 com.devexpert.weather}
V/AlarmManager( 1025): sending alarm Alarm{431dfa30 type 2 com.whatsapp}
I/ActivityManager( 1025): Start proc com.devexpert.weather for broadcast com.devexpert.weather/.view.WidgetWeather2x1: pid=4371 uid=10112 gids={50112, 3003, 1028, 1015}
V/AlarmManager( 1025): sending alarm Alarm{431d4dc0 type 2 com.google.android.gms}
V/AlarmManager( 1025): sending alarm Alarm{431d3fe0 type 2 com.google.android.gms}
D/WifiService( 1025): acquireWifiLockLocked: WifiLock{NlpWifiLock type=2 binder=android.os.BinderProxy@42877858}
D/WifiService( 1025): releaseWifiLockLocked: WifiLock{NlpWifiLock type=2 binder=android.os.BinderProxy@42877858}
V/AlarmManager( 1025): sending alarm Alarm{42ca1f50 type 3 android}
W/ContextImpl( 1295): Calling a method in the system process without a qualified user: android.app.ContextImpl.sendBroadcast:1252 android.content.ContextWrapper.sendBroadcast:365 com.motorola.motocare.util.TriggerHelper$TriggerBuilder.send:76 com.motorola.motocare.internal.frameworkevents.ProcessKillTrigger.sendTrigger:147 com.motorola.motocare.internal.frameworkevents.ProcessKillTrigger.handleLmkKill:337 
W/ContextImpl( 1295): Calling a method in the system process without a qualified user: android.app.ContextImpl.sendBroadcast:1252 android.content.ContextWrapper.sendBroadcast:365 com.motorola.motocare.util.TriggerHelper$TriggerBuilder.send:76 com.motorola.motocare.internal.frameworkevents.ProcessKillTrigger.sendTrigger:147 com.motorola.motocare.internal.frameworkevents.ProcessKillTrigger.handleLmkKill:337 
W/ContextImpl( 1295): Calling a method in the system process without a qualified user: android.app.ContextImpl.sendBroadcast:1252 android.content.ContextWrapper.sendBroadcast:365 com.motorola.motocare.util.TriggerHelper$TriggerBuilder.send:76 com.motorola.motocare.internal.frameworkevents.ProcessKillTrigger.sendTrigger:147 com.motorola.motocare.internal.frameworkevents.ProcessKillTrigger.handleLmkKill:337 
W/ContextImpl( 1295): Calling a method in the system process without a qualified user: android.app.ContextImpl.sendBroadcast:1252 android.content.ContextWrapper.sendBroadcast:365 com.motorola.motocare.util.TriggerHelper$TriggerBuilder.send:76 com.motorola.motocare.internal.frameworkevents.ProcessKillTrigger.sendTrigger:147 com.motorola.motocare.internal.frameworkevents.ProcessKillTrigger.handleLmkKill:337 
W/ContextImpl( 1295): Calling a method in the system process without a qualified user: android.app.ContextImpl.sendBroadcast:1252 android.content.ContextWrapper.sendBroadcast:365 com.motorola.motocare.util.TriggerHelper$TriggerBuilder.send:76 com.motorola.motocare.internal.frameworkevents.ProcessKillTrigger.sendTrigger:147 com.motorola.motocare.internal.frameworkevents.ProcessKillTrigger.handleLmkKill:337 
W/ContextImpl( 1295): Calling a method in the system process without a qualified user: android.app.ContextImpl.sendBroadcast:1252 android.content.ContextWrapper.sendBroadcast:365 com.motorola.motocare.util.TriggerHelper$TriggerBuilder.send:76 com.motorola.motocare.internal.frameworkevents.ProcessKillTrigger.sendTrigger:147 com.motorola.motocare.internal.frameworkevents.ProcessKillTrigger.handleLmkKill:337 
W/ContextImpl( 1295): Calling a method in the system process without a qualified user: android.app.ContextImpl.sendBroadcast:1252 android.content.ContextWrapper.sendBroadcast:365 com.motorola.motocare.util.TriggerHelper$TriggerBuilder.send:76 com.motorola.motocare.internal.frameworkevents.ProcessKillTrigger.sendTrigger:147 com.motorola.motocare.internal.frameworkevents.ProcessKillTrigger.handleLmkKill:337 
W/ContextImpl( 1295): Calling a method in the system process without a qualified user: android.app.ContextImpl.sendBroadcast:1252 android.content.ContextWrapper.sendBroadcast:365 com.motorola.motocare.util.TriggerHelper$TriggerBuilder.send:76 com.motorola.motocare.internal.frameworkevents.ProcessKillTrigger.sendTrigger:147 com.motorola.motocare.internal.frameworkevents.ProcessKillTrigger.handleLmkKill:337 
W/ContextImpl( 1295): Calling a method in the system process without a qualified user: android.app.ContextImpl.sendBroadcast:1252 android.content.ContextWrapper.sendBroadcast:365 com.motorola.motocare.util.TriggerHelper$TriggerBuilder.send:76 com.motorola.motocare.internal.frameworkevents.ProcessKillTrigger.sendTrigger:147 com.motorola.motocare.internal.frameworkevents.ProcessKillTrigger.handleLmkKill:337 
V/AlarmManager( 1025): sending alarm Alarm{42b32960 type 2 com.whatsapp}
V/AlarmManager( 1025): sending alarm Alarm{42b32270 type 3 android}
V/AlarmManager( 1025): sending alarm Alarm{42a79f80 type 3 com.devexpert.weather}
V/AlarmManager( 1025): sending alarm Alarm{42a7ba40 type 2 com.facebook.katana}
V/AlarmManager( 1025): sending alarm Alarm{42a789c8 type 0 com.google.android.gms}
V/AlarmManager( 1025): sending alarm Alarm{428b0050 type 3 com.devexpert.weather}
V/AlarmManager( 1025): sending alarm Alarm{428b4028 type 3 android}
V/AlarmManager( 1025): sending alarm Alarm{4259e658 type 3 com.devexpert.weather}
V/AlarmManager( 1025): sending alarm Alarm{428aa330 type 2 com.google.android.gms}
V/AlarmManager( 1025): sending alarm Alarm{428a8f38 type 3 android}
D/MobileDataStateTracker( 1025): default: setPolicyDataEnable(enabled=true)
D/ConnectivityService( 1025): handleInetConditionHoldEnd: net=1, condition=100, published condition=100
V/AlarmManager( 1025): sending alarm Alarm{43801ce8 type 3 android}
I/ActivityManager( 1025): Start proc com.facebook.orca for service com.facebook.orca/com.facebook.push.mqtt.service.MqttPushService: pid=4430 uid=10147 gids={50147, 3003, 1028, 1015}
I/ActivityManager( 1025): Process com.google.android.music:main (pid 25807) has died.
W/ActivityManager( 1025): Service ServiceRecord{43cdfcd8 u0 com.google.android.music/.download.artwork.ArtDownloadService} in process ProcessRecord{430c42a0 25807:com.google.android.music:main/u0a82} not same as in map: null
W/ActivityManager( 1025): Service ServiceRecord{43b79cd8 u0 com.google.android.music/.download.cache.TrackCacheService} in process ProcessRecord{430c42a0 25807:com.google.android.music:main/u0a82} not same as in map: null
W/ActivityManager( 1025): Service ServiceRecord{43b76340 u0 com.google.android.music/.net.NetworkMonitor} in process ProcessRecord{430c42a0 25807:com.google.android.music:main/u0a82} not same as in map: null
W/ActivityManager( 1025): Service ServiceRecord{43b57de0 u0 com.google.android.music/.download.TrackDownloadQueueService} in process ProcessRecord{430c42a0 25807:com.google.android.music:main/u0a82} not same as in map: null
W/ActivityManager( 1025): Scheduling restart of crashed service com.google.android.music/.wear.WearDataTransferConnectionService in 1000ms
W/ActivityManager( 1025): Service ServiceRecord{42fcc358 u0 com.google.android.music/.preferences.MusicPreferenceService$MusicPreferenceServiceBinder} in process ProcessRecord{430c42a0 25807:com.google.android.music:main/u0a82} not same as in map: null
W/ActivityManager( 1025): Scheduling restart of crashed service com.google.android.music/.playback.MusicPlaybackService in 11000ms
I/ActivityManager( 1025): Process com.mobisystems.ubreader_west (pid 26336) has died.
W/ActivityManager( 1025): Scheduling restart of crashed service com.mobisystems.ubreader_west/com.mobisystems.ubreader.launcher.service.NetworkService in 20577ms
I/ActivityManager( 1025): Process com.android.vending (pid 4138) has died.
I/ActivityManager( 1025): Start proc com.google.android.music:main for service com.google.android.music/.wear.WearDataTransferConnectionService: pid=4480 uid=10082 gids={50082, 3003, 1028, 1015}
V/AlarmManager( 1025): sending alarm Alarm{4384fd08 type 3 com.devexpert.weather}
V/AlarmManager( 1025): sending alarm Alarm{4384fdc8 type 2 com.facebook.orca}
V/AlarmManager( 1025): sending alarm Alarm{4384fe18 type 2 com.whatsapp}
W/Vold    (  261): Returning OperationFailed - no handler for errno 30
W/Vold    (  261): Returning OperationFailed - no handler for errno 30
W/Vold    (  261): Returning OperationFailed - no handler for errno 30
W/Vold    (  261): Returning OperationFailed - no handler for errno 30
W/Vold    (  261): Returning OperationFailed - no handler for errno 30
W/Vold    (  261): Returning OperationFailed - no handler for errno 30
W/Vold    (  261): Returning OperationFailed - no handler for errno 30
I/ActivityManager( 1025): Process com.devexpert.weather (pid 4371) has died.
W/BroadcastQueue( 1025): Permission Denial: broadcasting Intent { act=android.net.conn.INET_CONDITION_ACTION flg=0x4000010 (has extras) } from null (pid=-1, uid=-1) requires com.facebook.permission.prod.FB_APP_COMMUNICATION due to registered receiver BroadcastFilter{4360e2f0 u0 ReceiverList{4360e290 4430 com.facebook.orca/10147/u0 remote:430a0590}}
W/BroadcastQueue( 1025): Permission Denial: broadcasting Intent { act=android.net.conn.CONNECTIVITY_CHANGE flg=0x4000010 (has extras) } from null (pid=-1, uid=-1) requires com.facebook.permission.prod.FB_APP_COMMUNICATION due to registered receiver BroadcastFilter{4360e2f0 u0 ReceiverList{4360e290 4430 com.facebook.orca/10147/u0 remote:430a0590}}
W/BroadcastQueue( 1025): Permission Denial: broadcasting Intent { act=android.net.conn.CONNECTIVITY_CHANGE flg=0x4000010 (has extras) } from null (pid=-1, uid=-1) requires com.facebook.permission.prod.FB_APP_COMMUNICATION due to registered receiver BroadcastFilter{438ca140 u0 ReceiverList{438ca0e0 4430 com.facebook.orca/10147/u0 remote:433c33e8}}
I/ActivityManager( 1025): Start proc com.mobisystems.ubreader_west for service com.mobisystems.ubreader_west/com.mobisystems.ubreader.launcher.service.NetworkService: pid=4565 uid=10117 gids={50117, 3003, 1028, 1015}
V/AlarmManager( 1025): sending alarm Alarm{441dbf98 type 3 android}
V/AlarmManager( 1025): sending alarm Alarm{441db8c8 type 2 com.whatsapp}
W/ContextImpl( 1295): Calling a method in the system process without a qualified user: android.app.ContextImpl.sendBroadcast:1252 android.content.ContextWrapper.sendBroadcast:365 com.motorola.motocare.util.TriggerHelper$TriggerBuilder.send:76 com.motorola.motocare.internal.frameworkevents.ProcessKillTrigger.sendTrigger:147 com.motorola.motocare.internal.frameworkevents.ProcessKillTrigger.handleLmkKill:337 
W/ContextImpl( 1295): Calling a method in the system process without a qualified user: android.app.ContextImpl.sendBroadcast:1252 android.content.ContextWrapper.sendBroadcast:365 com.motorola.motocare.util.TriggerHelper$TriggerBuilder.send:76 com.motorola.motocare.internal.frameworkevents.ProcessKillTrigger.sendTrigger:147 com.motorola.motocare.internal.frameworkevents.ProcessKillTrigger.handleLmkKill:337 
W/ContextImpl( 1295): Calling a method in the system process without a qualified user: android.app.ContextImpl.sendBroadcast:1252 android.content.ContextWrapper.sendBroadcast:365 com.motorola.motocare.util.TriggerHelper$TriggerBuilder.send:76 com.motorola.motocare.internal.frameworkevents.ProcessKillTrigger.sendTrigger:147 com.motorola.motocare.internal.frameworkevents.ProcessKillTrigger.handleLmkKill:337 
W/ContextImpl( 1295): Calling a method in the system process without a qualified user: android.app.ContextImpl.sendBroadcast:1252 android.content.ContextWrapper.sendBroadcast:365 com.motorola.motocare.util.TriggerHelper$TriggerBuilder.send:76 com.motorola.motocare.internal.frameworkevents.ProcessKillTrigger.sendTrigger:147 com.motorola.motocare.internal.frameworkevents.ProcessKillTrigger.handleLmkKill:337 
V/AlarmManager( 1025): sending alarm Alarm{437ce4b8 type 3 android}
V/AlarmManager( 1025): sending alarm Alarm{440b31f0 type 3 com.devexpert.weather}
V/AlarmManager( 1025): sending alarm Alarm{43f1da40 type 2 free.reddit.news}
I/ActivityManager( 1025): Start proc com.devexpert.weather for broadcast com.devexpert.weather/.view.WidgetWeather2x1: pid=4614 uid=10112 gids={50112, 3003, 1028, 1015}
I/ActivityManager( 1025): Start proc free.reddit.news for service free.reddit.news/reddit.news.services.InboxServiceFree: pid=4626 uid=10115 gids={50115, 3003, 1028, 1015}
I/ActivityManager( 1025): Process com.devexpert.weather (pid 4614) has died.
W/Vold    (  261): Returning OperationFailed - no handler for errno 30
I/ActivityManager( 1025): Process free.reddit.news (pid 4626) has died.
I/PowerManagerService( 1025): Waking up from sleep...
I/WindowManager( 1025): Lock screen displayed!
D/DisplayPowerController( 1025): Unblocked screen on after 905591558 ms
I/SFPerfTracer(  274):      triggers: (rate: 733:303253) (217122 sw vsyncs) (695937 skipped) (0:2026209 vsyncs) (147:2555561)
D/WifiService( 1025): acquireWifiLockLocked: WifiLock{NlpWifiLock type=2 binder=android.os.BinderProxy@42a4a3c8}
W/ContextImpl( 1295): Calling a method in the system process without a qualified user: android.app.ContextImpl.sendBroadcast:1252 android.content.ContextWrapper.sendBroadcast:365 com.motorola.motocare.util.TriggerHelper$TriggerBuilder.send:76 com.motorola.motocare.internal.frameworkevents.PauseResumeTrigger.handleFrameworkEvent:53 com.motorola.motocare.internal.frameworkevents.FwEventMonitor$FrameworkListener.processFrameworkEvent:114 
D/WifiService( 1025): releaseWifiLockLocked: WifiLock{NlpWifiLock type=2 binder=android.os.BinderProxy@42a4a3c8}
W/InputMethodManagerService( 1025): Window already focused, ignoring focus gain of: com.android.internal.view.IInputMethodClient$Stub$Proxy@42ca3d50 attribute=android.view.inputmethod.EditorInfo@42c77820, token = android.os.BinderProxy@42b36d10
I/ActivityManager( 1025): Start proc com.linkedin.android for broadcast com.linkedin.android/.appwidget.ResponsiveWidgetService$ActiveUserListener: pid=4700 uid=10123 gids={50123, 3003, 1028, 1015}
D/UsbDeviceManager( 1025): MSG_USER_PRESENT
I/SFPerfTracer(  274):      triggers: (rate: 852:34585) (compose: 0:139) (post: 0:13) (render: 49:8675) (11:476475 frames) (12:2244209)
D/SFPerfTracer(  274):        layers: (4:11) (DimLayer: 0:158)* (DimLayer: 0:44)* (FocusedStackFrame: 1:11346)* (StatusBar: 8:149071) (NavigationBar: 12:106890) (DimLayer: 0:7673)* (DimLayer: 1:1872) (com.android.wallpaper.fall.FallWallpaper: 0:42840)* (com.phonegap.example/com.phonegap.example.PhoneGapDeviceCompatibilityTester: 11:76) (ElectronBeam: 0:27)* (Keyguard: 0:45)* 
I/ActivityManager( 1025): Start proc com.devexpert.weather for broadcast com.devexpert.weather/.view.WidgetWeather2x1: pid=4747 uid=10112 gids={50112, 3003, 1028, 1015}
I/ActivityManager( 1025): Process com.linkedin.android (pid 4700) has died.
I/ActivityManager( 1025): Start proc com.distilledmedia.thescore for broadcast com.distilledmedia.thescore/com.parse.ParseBroadcastReceiver: pid=4771 uid=10138 gids={50138, 3003, 1028, 1015}
I/SFPerfTracer(  274):      triggers: (rate: 733:303253) (217122 sw vsyncs) (695975 skipped) (125:2026334 vsyncs) (127:2555688)
I/ActivityManager( 1025): Process com.devexpert.weather (pid 4747) has died.
I/ActivityManager( 1025): START u0 {act=com.android.systemui.recent.action.TOGGLE_RECENTS flg=0x10800000 cmp=com.android.systemui/.recent.RecentsActivity (has extras)} from pid 1119
W/ContextImpl( 1295): Calling a method in the system process without a qualified user: android.app.ContextImpl.sendBroadcast:1252 android.content.ContextWrapper.sendBroadcast:365 com.motorola.motocare.util.TriggerHelper$TriggerBuilder.send:76 com.motorola.motocare.internal.frameworkevents.PauseResumeTrigger.handleFrameworkEvent:53 com.motorola.motocare.internal.frameworkevents.FwEventMonitor$FrameworkListener.processFrameworkEvent:114 
W/ContextImpl( 1295): Calling a method in the system process without a qualified user: android.app.ContextImpl.sendBroadcast:1252 android.content.ContextWrapper.sendBroadcast:365 com.motorola.motocare.util.TriggerHelper$TriggerBuilder.send:76 com.motorola.motocare.internal.frameworkevents.PauseResumeTrigger.handleFrameworkEvent:53 com.motorola.motocare.internal.frameworkevents.FwEventMonitor$FrameworkListener.processFrameworkEvent:114 
W/InputMethodManagerService( 1025): Starting input on non-focused client com.android.internal.view.IInputMethodClient$Stub$Proxy@431c1c28 (uid=10153 pid=2807)
I/LaunchCheckinHandler( 1025): Displayed com.android.systemui/.recent.RecentsActivity,wp,wa,233
I/ActivityManager( 1025): Start proc com.devexpert.weather for broadcast com.devexpert.weather/.view.WidgetWeather2x1: pid=4858 uid=10112 gids={50112, 3003, 1028, 1015}
I/ActivityManager( 1025): Process com.distilledmedia.thescore (pid 4771) has died.
W/ContextImpl( 1295): Calling a method in the system process without a qualified user: android.app.ContextImpl.startService:1608 android.content.ContextWrapper.startService:494 android.content.ContextWrapper.startService:494 com.motorola.motocare.internal.batterystats.BatteryStatsAction.onReceive:33 android.app.ActivityThread.handleReceiver:2434 
I/ActivityManager( 1025): Process com.devexpert.weather (pid 4858) has died.
I/ActivityManager( 1025): Killing 2807:com.phonegap.example/u0a153 (adj 9): remove task
W/ContextImpl( 1295): Calling a method in the system process without a qualified user: android.app.ContextImpl.sendBroadcast:1252 android.content.ContextWrapper.sendBroadcast:365 com.motorola.motocare.util.TriggerHelper$TriggerBuilder.send:76 com.motorola.motocare.internal.frameworkevents.ProcessKillTrigger.sendTrigger:147 com.motorola.motocare.internal.frameworkevents.ProcessKillTrigger.handleFrameworkEvent:164 
I/WindowState( 1025): WIN DEATH: Window{437862f0 u0 com.phonegap.example/com.phonegap.example.PhoneGapDeviceCompatibilityTester}
V/AlarmManager( 1025): sending alarm Alarm{4337d9b0 type 3 com.devexpert.weather}
W/ContextImpl( 1295): Calling a method in the system process without a qualified user: android.app.ContextImpl.sendBroadcast:1252 android.content.ContextWrapper.sendBroadcast:365 com.motorola.motocare.util.TriggerHelper$TriggerBuilder.send:76 com.motorola.motocare.internal.frameworkevents.PauseResumeTrigger.handleFrameworkEvent:53 com.motorola.motocare.internal.frameworkevents.FwEventMonitor$FrameworkListener.processFrameworkEvent:114 
V/AlarmManager( 1025): sending alarm Alarm{4336bef8 type 0 com.google.android.gms}
I/ActivityManager( 1025): Start proc com.devexpert.weather for broadcast com.devexpert.weather/.view.WidgetWeather2x1: pid=4890 uid=10112 gids={50112, 3003, 1028, 1015}
I/ActivityManager( 1025): Start proc com.ghisler.android.TotalCommander for activity com.ghisler.android.TotalCommander/.TotalCommander: pid=4902 uid=10121 gids={50121, 1028, 1015, 3001, 3002, 3003}
W/ContextImpl( 1295): Calling a method in the system process without a qualified user: android.app.ContextImpl.sendBroadcast:1252 android.content.ContextWrapper.sendBroadcast:365 com.motorola.motocare.util.TriggerHelper$TriggerBuilder.send:76 com.motorola.motocare.internal.frameworkevents.PauseResumeTrigger.handleFrameworkEvent:53 com.motorola.motocare.internal.frameworkevents.FwEventMonitor$FrameworkListener.processFrameworkEvent:114 
I/SFPerfTracer(  274):      triggers: (rate: 852:34585) (compose: 0:139) (post: 0:13) (render: 49:8675) (2:476507 frames) (3:2244310)
D/SFPerfTracer(  274):        layers: (3:12) (DimLayer: 0:158)* (DimLayer: 0:44)* (FocusedStackFrame: 0:11347)* (StatusBar: 0:149075) (NavigationBar: 0:106916) (DimLayer: 0:7673)* (DimLayer: 0:1873)* (com.android.wallpaper.fall.FallWallpaper: 0:42840)* (com.phonegap.example/com.phonegap.example.PhoneGapDeviceCompatibilityTester: 0:95)* (com.android.systemui/com.android.systemui.recent.RecentsActivity: 0:61) (thumbnail anim: 0:18)* (Starting com.ghisler.android.TotalCommander: 3:3)* 
I/SFPerfTracer(  274):      triggers: (rate: 733:303253) (217122 sw vsyncs) (695975 skipped) (4:2026422 vsyncs) (6:2555789)
W/Vold    (  261): Returning OperationFailed - no handler for errno 30
W/PackageParser( 4902): No actions in intent filter at /storage/emulated/0/download/GiftMe-release.apk Binary XML file line #15
W/PackageParser( 4902): No actions in intent filter at /storage/emulated/0/download/PhoneGapDeviceCompatibilityTester-release.apk Binary XML file line #29
W/Vold    (  261): Returning OperationFailed - no handler for errno 30
I/SFPerfTracer(  274):      triggers: (rate: 733:303253) (217122 sw vsyncs) (695975 skipped) (24:2026526 vsyncs) (26:2555904)
I/SFPerfTracer(  274):      triggers: (rate: 852:34585) (compose: 0:139) (post: 0:13) (render: 49:8675) (0:476528 frames) (1:2244410)
D/SFPerfTracer(  274):        layers: (3:12) (DimLayer: 0:158)* (DimLayer: 0:44)* (FocusedStackFrame: 0:11347)* (StatusBar: 0:149082) (NavigationBar: 0:106916) (DimLayer: 0:7673)* (DimLayer: 0:1873)* (com.android.wallpaper.fall.FallWallpaper: 0:42840)* (com.android.systemui/com.android.systemui.recent.RecentsActivity: 0:61)* (Starting com.ghisler.android.TotalCommander: 0:30)* (thumbnail anim: 0:16)* (com.ghisler.android.TotalCommander/com.ghisler.android.TotalCommander.TotalCommander: 1:74) 
W/PackageParser( 4902): No actions in intent filter at /storage/emulated/0/download/GiftMe-release.apk Binary XML file line #15
I/ActivityManager( 1025): START u0 {act=android.intent.action.VIEW dat=file:///storage/emulated/0/download/GiftMe-release.apk typ=application/vnd.android.package-archive flg=0x10000000 cmp=com.android.packageinstaller/.PackageInstallerActivity} from pid 4902
W/ActivityManager( 1025): Activity is launching as a new task, so cancelling activity result.
W/ContextImpl( 1295): Calling a method in the system process without a qualified user: android.app.ContextImpl.sendBroadcast:1252 android.content.ContextWrapper.sendBroadcast:365 com.motorola.motocare.util.TriggerHelper$TriggerBuilder.send:76 com.motorola.motocare.internal.frameworkevents.PauseResumeTrigger.handleFrameworkEvent:53 com.motorola.motocare.internal.frameworkevents.FwEventMonitor$FrameworkListener.processFrameworkEvent:114 
I/ActivityManager( 1025): Start proc com.android.packageinstaller for activity com.android.packageinstaller/.PackageInstallerActivity: pid=4987 uid=10085 gids={50085, 1028}
W/ContextImpl( 1295): Calling a method in the system process without a qualified user: android.app.ContextImpl.sendBroadcast:1252 android.content.ContextWrapper.sendBroadcast:365 com.motorola.motocare.util.TriggerHelper$TriggerBuilder.send:76 com.motorola.motocare.internal.frameworkevents.PauseResumeTrigger.handleFrameworkEvent:53 com.motorola.motocare.internal.frameworkevents.FwEventMonitor$FrameworkListener.processFrameworkEvent:114 
W/PackageParser( 4987): No actions in intent filter at /storage/emulated/0/download/GiftMe-release.apk Binary XML file line #15
W/Vold    (  261): Returning OperationFailed - no handler for errno 30
I/SFPerfTracer(  274):      triggers: (rate: 733:303253) (217122 sw vsyncs) (695975 skipped) (30:2026613 vsyncs) (32:2556014)
I/ActivityManager( 1025): Process com.devexpert.weather (pid 4890) has died.
I/SFPerfTracer(  274):      triggers: (rate: 852:34585) (compose: 0:139) (post: 0:13) (render: 49:8675) (10:476577 frames) (11:2244516)
D/SFPerfTracer(  274):        layers: (4:12) (DimLayer: 0:158)* (DimLayer: 0:44)* (FocusedStackFrame: 0:11353)* (StatusBar: 0:149091) (NavigationBar: 0:106916) (DimLayer: 0:7691)* (DimLayer: 0:1874) (com.android.wallpaper.fall.FallWallpaper: 0:42840)* (com.ghisler.android.TotalCommander/com.ghisler.android.TotalCommander.TotalCommander: 0:128)* (GiftMe-release.apk: 0:27)* (Starting com.android.packageinstaller: 10:22) (com.android.packageinstaller/com.android.packageinstaller.PackageInstallerActivity: 11:11)* 
I/LaunchCheckinHandler( 1025): Displayed com.android.packageinstaller/.PackageInstallerActivity,cp,ca,774
I/ActivityManager( 1025): START u0 {dat=file:///storage/emulated/0/download/GiftMe-release.apk cmp=com.android.packageinstaller/.InstallAppProgress (has extras)} from pid 4987
W/ContextImpl( 1295): Calling a method in the system process without a qualified user: android.app.ContextImpl.sendBroadcast:1252 android.content.ContextWrapper.sendBroadcast:365 com.motorola.motocare.util.TriggerHelper$TriggerBuilder.send:76 com.motorola.motocare.internal.frameworkevents.PauseResumeTrigger.handleFrameworkEvent:53 com.motorola.motocare.internal.frameworkevents.FwEventMonitor$FrameworkListener.processFrameworkEvent:114 
W/ContextImpl( 1295): Calling a method in the system process without a qualified user: android.app.ContextImpl.sendBroadcast:1252 android.content.ContextWrapper.sendBroadcast:365 com.motorola.motocare.util.TriggerHelper$TriggerBuilder.send:76 com.motorola.motocare.internal.frameworkevents.PauseResumeTrigger.handleFrameworkEvent:53 com.motorola.motocare.internal.frameworkevents.FwEventMonitor$FrameworkListener.processFrameworkEvent:114 
I/ActivityManager( 1025): Start proc com.android.defcontainer for service com.android.defcontainer/.DefaultContainerService: pid=5039 uid=10013 gids={50013, 1028, 1015, 1023, 2001, 1035}
I/LaunchCheckinHandler( 1025): Displayed com.android.packageinstaller/.InstallAppProgress,wp,ca,135
W/ActivityManager( 1025): No content provider found for permission revoke: file:///storage/emulated/0/download/GiftMe-release.apk
I/ActivityManager( 1025): Start proc com.android.vending for broadcast com.android.vending/com.google.android.vending.verifier.PackageVerificationReceiver: pid=5066 uid=10039 gids={50039, 3003, 1028, 1015}
W/PackageParser( 5066): No actions in intent filter at /storage/emulated/0/download/GiftMe-release.apk Binary XML file line #15
I/SFPerfTracer(  274):      triggers: (rate: 733:303253) (217122 sw vsyncs) (695975 skipped) (0:2026688 vsyncs) (2:2556116)
I/SFPerfTracer(  274):      triggers: (rate: 852:34585) (compose: 0:139) (post: 0:13) (render: 49:8675) (0:476608 frames) (1:2244616)
D/SFPerfTracer(  274):        layers: (3:12) (DimLayer: 0:158)* (DimLayer: 0:44)* (FocusedStackFrame: 0:11360)* (StatusBar: 0:149094) (NavigationBar: 0:106916) (DimLayer: 0:7691)* (DimLayer: 0:1877)* (com.android.wallpaper.fall.FallWallpaper: 0:42840)* (com.ghisler.android.TotalCommander/com.ghisler.android.TotalCommander.TotalCommander: 0:128)* (Starting com.android.packageinstaller: 0:39)* (com.android.packageinstaller/com.android.packageinstaller.PackageInstallerActivity: 0:54)* (com.android.packageinstaller/com.android.packageinstaller.InstallAppProgress: 1:60) 
W/ActivityManager( 1025): No content provider found for permission revoke: file:///storage/emulated/0/download/GiftMe-release.apk
I/PackageManager( 1025): Copying native libraries to /data/app-lib/vmdl-1640064373
W/PackageParser( 1025): No actions in intent filter at /data/app/vmdl-1640064373.tmp Binary XML file line #15
I/ActivityManager( 1025): Process com.android.vending (pid 5066) has died.
I/ActivityManager( 1025): Force stopping co.giftmeapp.gift_me appid=10104 user=-1: uninstall pkg
I/PackageManager( 1025): Package co.giftmeapp.gift_me codePath changed from /data/app/co.giftmeapp.gift_me-1.apk to /data/app/co.giftmeapp.gift_me-2.apk; Retaining data and using new
W/PackageManager( 1025): Code path for pkg : co.giftmeapp.gift_me changing from /data/app/co.giftmeapp.gift_me-1.apk to /data/app/co.giftmeapp.gift_me-2.apk
I/ActivityManager( 1025): Force stopping co.giftmeapp.gift_me appid=10104 user=-1: update pkg
W/PackageManager( 1025): Resource path for pkg : co.giftmeapp.gift_me changing from /data/app/co.giftmeapp.gift_me-1.apk to /data/app/co.giftmeapp.gift_me-2.apk
I/SFPerfTracer(  274):      triggers: (rate: 733:303253) (217122 sw vsyncs) (695975 skipped) (18:2026733 vsyncs) (20:2556223)
I/ActivityManager( 1025): Force stopping co.giftmeapp.gift_me appid=10104 user=0: pkg removed
I/ActivityManager( 1025): Process com.android.defcontainer (pid 5039) has died.
I/ActivityManager( 1025): Start proc android.process.acore for broadcast com.android.providers.contacts/.PackageIntentReceiver: pid=5122 uid=10010 gids={50010, 3003, 1028, 1015, 1023}
I/PackageManager( 1025): Adding preferred activity ComponentInfo{com.android.mms/com.android.mms.ui.ComposeMessageActivity} for user 0 :
I/PackageManager( 1025): Adding preferred activity ComponentInfo{com.android.mms/com.android.mms.ui.ComposeMessageActivity} for user 0 :
I/PackageManager( 1025): Adding preferred activity ComponentInfo{com.android.mms/com.android.mms.ui.ComposeMessageActivity} for user 0 :
I/PackageManager( 1025): Adding preferred activity ComponentInfo{com.android.mms/com.android.mms.ui.ComposeMessageActivity} for user 0 :
I/PackageManager( 1025): Adding preferred activity ComponentInfo{com.android.mms/com.android.mms.ui.ComposeMessageActivity} for user 0 :
I/ActivityManager( 1025): Start proc com.android.keychain for broadcast com.android.keychain/.KeyChainBroadcastReceiver: pid=5138 uid=1000 gids={41000, 1028, 1015, 3002, 3001, 3003, 1021, 3004, 3005, 1000, 3009, 1023, 1010, 1004, 2002, 3006}
I/PackageManager( 1025): Adding preferred activity ComponentInfo{com.android.mms/com.android.mms.ui.ComposeMessageActivity} for user 0 :
I/PackageManager( 1025): Adding preferred activity ComponentInfo{com.android.mms/com.android.mms.ui.ComposeMessageActivity} for user 0 :
I/PackageManager( 1025): Adding preferred activity ComponentInfo{com.android.mms/com.android.mms.ui.ComposeMessageActivity} for user 0 :
V/AlarmManager( 1025): sending alarm Alarm{4336bac8 type 3 android}
W/ContextImpl( 5138): Calling a method in the system process without a qualified user: android.app.ContextImpl.startService:1608 android.content.ContextWrapper.startService:494 android.content.ContextWrapper.startService:494 com.android.keychain.KeyChainBroadcastReceiver.onReceive:12 android.app.ActivityThread.handleReceiver:2434 
I/PackageManager( 1025): Adding preferred activity ComponentInfo{com.android.mms/com.android.mms.ui.ComposeMessageActivity} for user 0 :
I/ActivityManager( 1025): Start proc com.android.vending for broadcast com.android.vending/com.google.android.finsky.receivers.PackageMonitorReceiver$RegisteredReceiver: pid=5150 uid=10039 gids={50039, 3003, 1028, 1015}
I/PackageManager( 1025): Adding preferred activity ComponentInfo{com.android.mms/com.android.mms.ui.ComposeMessageActivity} for user 0 :
I/PackageManager( 1025): Adding preferred activity ComponentInfo{com.android.mms/com.android.mms.ui.ComposeMessageActivity} for user 0 :
I/PackageManager( 1025): Adding preferred activity ComponentInfo{com.android.mms/com.android.mms.ui.ComposeMessageActivity} for user 0 :
I/ActivityManager( 1025): Process android.process.acore (pid 5122) has died.
I/PackageManager( 1025): Adding preferred activity ComponentInfo{com.android.mms/com.android.mms.ui.ComposeMessageActivity} for user 0 :
I/ActivityManager( 1025): Process com.android.keychain (pid 5138) has died.
I/PackageManager( 1025): Adding preferred activity ComponentInfo{com.android.mms/com.android.mms.ui.ComposeMessageActivity} for user 0 :
I/PackageManager( 1025): Adding preferred activity ComponentInfo{com.android.mms/com.android.mms.ui.ComposeMessageActivity} for user 0 :
I/PackageManager( 1025): Adding preferred activity ComponentInfo{com.android.mms/com.android.mms.ui.ComposeMessageActivity} for user 0 :
I/PackageManager( 1025): Adding preferred activity ComponentInfo{com.android.mms/com.android.mms.ui.ComposeMessageActivity} for user 0 :
I/PackageManager( 1025): Adding preferred activity ComponentInfo{com.android.mms/com.android.mms.ui.ComposeMessageActivity} for user 0 :
I/PackageManager( 1025): Adding preferred activity ComponentInfo{com.android.mms/com.android.mms.ui.ComposeMessageActivity} for user 0 :
I/PackageManager( 1025): Adding preferred activity ComponentInfo{com.android.mms/com.android.mms.ui.ComposeMessageActivity} for user 0 :
I/PackageManager( 1025): Adding preferred activity ComponentInfo{com.android.mms/com.android.mms.ui.ComposeMessageActivity} for user 0 :
I/PackageManager( 1025): Adding preferred activity ComponentInfo{com.android.mms/com.android.mms.ui.ComposeMessageActivity} for user 0 :
I/PackageManager( 1025): Adding preferred activity ComponentInfo{com.android.mms/com.android.mms.ui.ComposeMessageActivity} for user 0 :
I/PackageManager( 1025): Adding preferred activity ComponentInfo{com.android.mms/com.android.mms.ui.ComposeMessageActivity} for user 0 :
