D/dalvikvm(12821): No JNI_OnLoad found in /data/app-lib/com.facebook.katana-1/libdouble-conversion.so 0x41fbc4d8, skipping init
D/dalvikvm(12821): Trying to load lib /data/app-lib/com.facebook.katana-1/libevent.so 0x41fbc4d8
W/SyncWapiModule(12913): isPlayServicesEnabled=
D/dalvikvm(12821): Added shared lib /data/app-lib/com.facebook.katana-1/libevent.so 0x41fbc4d8
D/dalvikvm(12821): No JNI_OnLoad found in /data/app-lib/com.facebook.katana-1/libevent.so 0x41fbc4d8, skipping init
D/dalvikvm(12821): Trying to load lib /data/app-lib/com.facebook.katana-1/libliger.so 0x41fbc4d8
W/SyncWapiModule(12913): isPlayServicesEnabled=
D/dalvikvm(12821): Added shared lib /data/app-lib/com.facebook.katana-1/libliger.so 0x41fbc4d8
W/GAV2    (12913): Thread[main,5,main]: Need to call initialize() and be in fallback mode to start dispatch.
D/WifiStateMachine( 1025): handleMessage: E msg.what=151572
D/WifiStateMachine( 1025): processMsg: ConnectedState
D/WifiStateMachine( 1025): processMsg: L2ConnectedState
I/ActivityManager( 1025): Start proc com.motorola.MotGallery2 for broadcast com.motorola.MotGallery2/com.android.gallery3d.app.PackagesMonitor: pid=12968 uid=10034 gids={50034, 3003, 1028, 1015}
D/WifiStateMachine( 1025): handleMessage: X
W/fb4a(:<default>):AbstractMqttPushService(12821): Attempt to start service that is already started
D/dalvikvm(12821): Trying to load lib /data/app-lib/com.facebook.katana-1/libheartbleed.so 0x41fbc4d8
D/dalvikvm(12821): Added shared lib /data/app-lib/com.facebook.katana-1/libheartbleed.so 0x41fbc4d8
I/ActivityManager( 1025): Process com.google.android.partnersetup (pid 12844) has died.
I/ActivityManager( 1025): Start proc com.google.android.googlequicksearchbox:search for broadcast com.google.android.googlequicksearchbox/com.google.android.search.core.icingsync.IcingCorporaChangedReceiver: pid=12995 uid=10045 gids={50045, 3003, 3001, 1028, 3002, 1015}
I/ActivityManager( 1025): Process com.android.vending (pid 12861) has died.
D/CordovaLog(12723): file:///android_asset/www/js/app.js: Line 135 : success...
I/chromium(12723): [INFO:CONSOLE(135)] "success...", source: file:///android_asset/www/js/app.js (135)
I/ActivityManager( 1025): Start proc com.evernote for broadcast com.evernote/.util.WidgetTracker: pid=13010 uid=10134 gids={50134, 3003, 1028, 1015}
I/UpdateIcingCorporaServi(12995): Updating corpora: APPS=co.giftmeapp.gift_me, CONTACTS=MAYBE
I/MultiDex(13010): VM with version 1.6.0 does not have multidex support
I/MultiDex(13010): install
I/MultiDex(13010): MultiDexExtractor.load(/data/app/com.evernote-1.apk, false)
I/MultiDex(13010): loading existing secondary dex files
I/MultiDex(13010): load found 0 secondary dex files
I/MultiDex(13010): install done
I/ActivityManager( 1025): Start proc com.google.android.partnersetup for content provider com.google.android.partnersetup/.RlzAppProvider: pid=13026 uid=10025 gids={50025, 3003}
I/ActivityManager( 1025): Process com.motorola.MotGallery2 (pid 12968) has died.
I/SFPerfTracer(  274):      triggers: (rate: 1159:453880) (364846 sw vsyncs) (1073247 skipped) (17:3450571 vsyncs) (19:4336814)
I/dalvikvm(12995): Could not find method android.content.pm.PackageManager.getPackageInstaller, referenced from method com.google.android.gms.common.e.p
W/dalvikvm(12995): VFY: unable to resolve virtual method 901: Landroid/content/pm/PackageManager;.getPackageInstaller ()Landroid/content/pm/PackageInstaller;
D/dalvikvm(12995): VFY: replacing opcode 0x6e at 0x000b
I/ActivityManager( 1025): Process com.google.android.partnersetup (pid 13026) has died.
W/GAV2    (12913): Thread[main,5,main]: dispatch call queued.  Need to call GAServiceManager.getInstance().initialize().
I/ActivityManager( 1025): Process com.google.android.apps.docs (pid 12913) has died.
D/EN      (13010): MemoryMapAppender.ctor()
D/EN      (13010): MemoryMapAppender.ctor-end()
D/EN      (13010): [EvernoteProvider] - Provider+++++onCreate()
D/EN      (13010): [d] - AccountManager()::userIds=102703026
D/EN      (13010): [b] - creating new AccountInfo()::userId102703026
D/EN      (13010): [d] - AccountManager()::adding account::102703026::timcallagy
D/EN      (13010): [d] - AccountManager()::count=1
D/EN      (13010): [d] - initialized:
D/EN      (13010): [a] - getInstance()::
D/EN      (13010): [al] - Register SD Card Receiver ++++++++++++++++++++
D/EN      (13010): [al] - checkForRecentUnmount() end
D/EN      (13010): [a] - locale is set=en_GB
D/EN      (13010): [a] - isDBONSDcard()=true
I/EN      (13010): [al] - getSDCardStatus()::mounted::noStorageText=null
D/EN      (13010): [a] - isDBFileChanged()::lastFilePath in pref=/data/data/com.evernote/files/user-102703026/.external-1428259012787-Evernote.db
E/EN      (13010): [a] - isDBFileChanged()::+++++++++lastFilePath exists/data/data/com.evernote/files/user-102703026/.external-1428259012787-Evernote.db
D/EN      (13010): [a] - getInstance()::DBFile NOT Changed
D/EN      (13010): [a] - isDBONSDcard()=true
D/EN      (13010): [a] - moveToSDcard()::start::Evernote.DB_ON_SDCARD=true
D/EN      (13010): [a] - isDBONSDcard()=true
E/EN      (13010): [a] - isLastDBFileOnSDCard()::+++++++++++lastFilePath exists/data/data/com.evernote/files/user-102703026/.external-1428259012787-Evernote.db
D/EN      (13010): [a] - isDBONSDcard()=true
D/EN      (13010): [a] - getDBfilePath()::++++++++++++++++lastFilePath from preferences/data/data/com.evernote/files/user-102703026/.external-1428259012787-Evernote.db
E/EN      (13010): [a] - getDBfilePath()::++++++++++++++++lastFilePath exists/data/data/com.evernote/files/user-102703026/.external-1428259012787-Evernote.db
D/EN      (13010): [EvernoteProvider] - cleanupOldThumbnailsIfNeeded()
I/ReleaseProperties(13010): Current app is: evernote
I/ReleaseProperties(13010): propFile: release is now loaded
I/ReleaseProperties(13010): propFile: play is now loaded
I/ReleaseProperties(13010): propFile: base is now loaded
I/ReleaseProperties(13010): propFile: override is now loaded
D/MarketUtils(13010): isPackageInstalled() - com.android.vending is installed
D/MarketUtils(13010): isPackageInstalled() - com.android.vending is installed
D/MarketUtils(13010): isPackageInstalled() - com.android.vending is installed
D/ReleaseProperties(13010): getReferralPersistencePath():: old=false:: path=/storage/emulated/0/.enref
D/MarketUtils(13010): isPackageInstalled() - com.android.vending is installed
I/ReleaseProperties(13010): ReleaseProperties: 
I/ReleaseProperties(13010):   bundleName=google-play
I/ReleaseProperties(13010):   revision=AM_702_524
I/ReleaseProperties(13010):   type=public
I/ReleaseProperties(13010):   gitHash=313f54a11431af98d659728265b72cfcf9ec527e
I/ReleaseProperties(13010):   baseSearchUri=market://search?q=
I/ReleaseProperties(13010): From file referralCode=android
D/MarketUtils(13010): isPackageInstalled() - com.android.vending is installed
D/MarketUtils(13010): isPackageInstalled() - com.android.vending is installed
D/EN      (13010): [a] - isDBONSDcard()=true
D/EN      (13010): [Evernote] - VERSION_CODE: 1070243
D/MarketUtils(13010): isPackageInstalled() - com.android.vending is installed
D/MarketUtils(13010): isPackageInstalled() - com.android.vending is installed
I/dalvikvm(13010): Could not find method android.content.pm.PackageManager.getActivityBanner, referenced from method com.evernote.d.b.getActivityBanner
W/dalvikvm(13010): VFY: unable to resolve virtual method 793: Landroid/content/pm/PackageManager;.getActivityBanner (Landroid/content/ComponentName;)Landroid/graphics/drawable/Drawable;
D/dalvikvm(13010): VFY: replacing opcode 0x6e at 0x0002
I/dalvikvm(13010): Could not find method android.content.pm.PackageManager.getActivityBanner, referenced from method com.evernote.d.b.getActivityBanner
W/dalvikvm(13010): VFY: unable to resolve virtual method 794: Landroid/content/pm/PackageManager;.getActivityBanner (Landroid/content/Intent;)Landroid/graphics/drawable/Drawable;
D/dalvikvm(13010): VFY: replacing opcode 0x6e at 0x0002
I/dalvikvm(13010): Could not find method android.content.pm.PackageManager.getApplicationBanner, referenced from method com.evernote.d.b.getApplicationBanner
W/dalvikvm(13010): VFY: unable to resolve virtual method 801: Landroid/content/pm/PackageManager;.getApplicationBanner (Landroid/content/pm/ApplicationInfo;)Landroid/graphics/drawable/Drawable;
D/dalvikvm(13010): VFY: replacing opcode 0x6e at 0x0002
I/dalvikvm(13010): Could not find method android.content.pm.PackageManager.getApplicationBanner, referenced from method com.evernote.d.b.getApplicationBanner
W/dalvikvm(13010): VFY: unable to resolve virtual method 802: Landroid/content/pm/PackageManager;.getApplicationBanner (Ljava/lang/String;)Landroid/graphics/drawable/Drawable;
D/dalvikvm(13010): VFY: replacing opcode 0x6e at 0x0002
I/dalvikvm(13010): Could not find method android.content.pm.PackageManager.getLeanbackLaunchIntentForPackage, referenced from method com.evernote.d.b.getLeanbackLaunchIntentForPackage
W/dalvikvm(13010): VFY: unable to resolve virtual method 818: Landroid/content/pm/PackageManager;.getLeanbackLaunchIntentForPackage (Ljava/lang/String;)Landroid/content/Intent;
D/dalvikvm(13010): VFY: replacing opcode 0x6e at 0x0002
I/dalvikvm(13010): Could not find method android.content.pm.PackageManager.getPackageInstaller, referenced from method com.evernote.d.b.getPackageInstaller
W/dalvikvm(13010): VFY: unable to resolve virtual method 823: Landroid/content/pm/PackageManager;.getPackageInstaller ()Landroid/content/pm/PackageInstaller;
D/dalvikvm(13010): VFY: replacing opcode 0x6e at 0x0002
I/dalvikvm(13010): Could not find method android.content.pm.PackageManager.getUserBadgedDrawableForDensity, referenced from method com.evernote.d.b.getUserBadgedDrawableForDensity
W/dalvikvm(13010): VFY: unable to resolve virtual method 839: Landroid/content/pm/PackageManager;.getUserBadgedDrawableForDensity (Landroid/graphics/drawable/Drawable;Landroid/os/UserHandle;Landroid/graphics/Rect;I)Landroid/graphics/drawable/Drawable;
D/dalvikvm(13010): VFY: replacing opcode 0x6e at 0x0002
I/dalvikvm(13010): Could not find method android.content.pm.PackageManager.getUserBadgedIcon, referenced from method com.evernote.d.b.getUserBadgedIcon
W/dalvikvm(13010): VFY: unable to resolve virtual method 840: Landroid/content/pm/PackageManager;.getUserBadgedIcon (Landroid/graphics/drawable/Drawable;Landroid/os/UserHandle;)Landroid/graphics/drawable/Drawable;
D/dalvikvm(13010): VFY: replacing opcode 0x6e at 0x0002
I/dalvikvm(13010): Could not find method android.content.pm.PackageManager.getUserBadgedLabel, referenced from method com.evernote.d.b.getUserBadgedLabel
W/dalvikvm(13010): VFY: unable to resolve virtual method 841: Landroid/content/pm/PackageManager;.getUserBadgedLabel (Ljava/lang/CharSequence;Landroid/os/UserHandle;)Ljava/lang/CharSequence;
D/dalvikvm(13010): VFY: replacing opcode 0x6e at 0x0002
I/Crashlytics(13010): Initializing Crashlytics 1.1.8.10
D/WifiStateMachine( 1025): handleMessage: E msg.what=151572
D/WifiStateMachine( 1025): processMsg: ConnectedState
D/WifiStateMachine( 1025): processMsg: L2ConnectedState
I/ApplicationLogger(12995): canRun() : Opted Out
I/UpdateIcingCorporaServi(12995): UpdateCorporaTask done [took 400 ms] updated apps [took 399 ms] 
D/WifiStateMachine( 1025): handleMessage: X
D/MarketUtils(13010): isPackageInstalled() - com.android.vending is installed
D/WifiStateMachine( 1025): handleMessage: E msg.what=131155
D/WifiStateMachine( 1025): processMsg: ConnectedState
D/WifiStateMachine( 1025): processMsg: L2ConnectedState
I/ActivityManager( 1025): Process com.google.android.googlequicksearchbox:search (pid 12995) has died.
D/WifiStateMachine( 1025): handleMessage: X
D/HockeyApp(13010): Looking for exceptions in: /data/data/com.evernote/files
D/HockeyApp(13010): Current handler class = com.evernote.k
D/EN      (13010): [ee] - registered crash manager
D/EN      (13010): [c] - onApplicationStart()
D/EN      (13010): [c] - onApplicationStart() -- loader thread
D/EN      (13010): [c] - pushUserIDToDataLayer(), pushing user-id ending in 6
D/MarketUtils(13010): isPackageInstalled() - com.android.vending is installed
D/MarketUtils(13010): isPackageInstalled() - com.android.vending is installed
D/EN      (13010): [c] - 	loading saved values from internal storage
I/ActivityManager( 1025): Start proc com.evernote.widget for broadcast com.evernote.widget/.WidgetStateReceiver: pid=13075 uid=10135 gids={50135, 3003, 1028, 1015}
I/ReleaseProperties(13075): Current app is: evernoteWidget
I/ReleaseProperties(13075): propFile: release is now loaded
I/ReleaseProperties(13075): propFile: play is now loaded
I/ReleaseProperties(13075): propFile: base is now loaded
I/ReleaseProperties(13075): propFile: override is now loaded
I/ReleaseProperties(13075): ReleaseProperties: 
I/ReleaseProperties(13075):   bundleName=none
I/ReleaseProperties(13075):   revision=unknown
I/ReleaseProperties(13075):   type=development
I/ReleaseProperties(13075):   gitHash=?
I/ReleaseProperties(13075):   baseSearchUri=market://search?q=
D/ReleaseProperties(13075): getReferralPersistencePath():: old=false:: path=/storage/emulated/0/.enref
I/ReleaseProperties(13075): From file referralCode=android
E/NetworkScheduler.SchedulerReceiver(20136): Invalid parameter app
E/NetworkScheduler.SchedulerReceiver(20136): Invalid package name : Perhaps you didn't include a PendingIntent in the extras?
D/PackageBroadcastService(11432): Received broadcast action=android.intent.action.PACKAGE_REPLACED and uri=co.giftmeapp.gift_me
I/ActivityManager( 1025): Start proc com.google.android.apps.magazines for broadcast com.google.android.apps.magazines/com.google.apps.dots.android.app.receiver.FirstInstallNotificationReceiver: pid=13093 uid=10077 gids={50077, 3003, 1028, 1015}
I/ActivityManager( 1025): Process com.evernote (pid 13010) has died.
I/dalvikvm(13093): Could not find method android.accounts.AccountManager.getPreviousName, referenced from method com.google.apps.dots.android.newsstand.auth.AccountManagerDelegate.getPreviousName
W/dalvikvm(13093): VFY: unable to resolve virtual method 7: Landroid/accounts/AccountManager;.getPreviousName (Landroid/accounts/Account;)Ljava/lang/String;
D/dalvikvm(13093): VFY: replacing opcode 0x6e at 0x0002
E/cutils  (  261): Failed to mkdirat(/storage/sdcard1/Android): Read-only file system
W/Vold    (  261): Returning OperationFailed - no handler for errno 30
W/ContextImpl(13093): Failed to ensure directory: /storage/sdcard1/Android/data/com.google.android.apps.magazines/cache
E/cutils  (  261): Failed to mkdirat(/storage/sdcard1/Android): Read-only file system
W/Vold    (  261): Returning OperationFailed - no handler for errno 30
W/ContextImpl(13093): Failed to ensure directory: /storage/sdcard1/Android/data/com.google.android.apps.magazines/files
E/cutils  (  261): Failed to mkdirat(/storage/sdcard1/Android): Read-only file system
W/Vold    (  261): Returning OperationFailed - no handler for errno 30
W/ContextImpl(13093): Failed to ensure directory: /storage/sdcard1/Android/data/com.google.android.apps.magazines/cache
E/cutils  (  261): Failed to mkdirat(/storage/sdcard1/Android): Read-only file system
W/Vold    (  261): Returning OperationFailed - no handler for errno 30
W/ContextImpl(13093): Failed to ensure directory: /storage/sdcard1/Android/data/com.google.android.apps.magazines/files
I/ActivityManager( 1025): Process com.evernote.widget (pid 13075) has died.
V/WebViewChromiumFactoryProvider(13093): Binding Chromium to main looper Looper (main, tid 1) {41fa8e00}
I/LibraryLoader(13093): Expected native library version number "",actual native library version number ""
I/chromium(13093): [INFO:library_loader_hooks.cc(116)] Chromium logging enabled: level = 0, default verbosity = 0
I/BrowserStartupController(13093): Initializing chromium process, renderers=0
E/AudioManagerAndroid(13093): BLUETOOTH permission is missing!
I/Adreno-EGL(13093): <qeglDrvAPI_eglInitialize:410>: EGL 1.4 QUALCOMM build: AU_LINUX_ANDROID_LNX.LA.3.5.1_RB1.04.04.02.048.018_msm8226_LNX.LA.3.5.1_RB1__release_AU ()
I/Adreno-EGL(13093): OpenGL ES Shader Compiler Version: E031.24.00.08
I/Adreno-EGL(13093): Build Date: 03/07/14 Fri
I/Adreno-EGL(13093): Local Branch: 
I/Adreno-EGL(13093): Remote Branch: quic/LNX.LA.3.5.1_RB1.1
I/Adreno-EGL(13093): Local Patches: NONE
I/Adreno-EGL(13093): Reconstruct Branch: AU_LINUX_ANDROID_LNX.LA.3.5.1_RB1.04.04.02.048.018 + f2fd134 +  NOTHING
I/NSApplication(13093): Starting up...
I/ActivityManager( 1025): Start proc com.google.android.apps.cloudprint for broadcast com.google.android.apps.cloudprint/.printdialog.receivers.UpgradeBroadcastReceiver: pid=13144 uid=10058 gids={50058, 3003, 1028}
D/AudioManagerAndroid(13093): ==> onReceive: s=0, m=1, n=h2w, sb=true
D/AudioManagerAndroid(13093): reportUpdate: state=0, devices=[Speakerphone, Headset earpiece]
I/ActivityManager( 1025): Start proc com.motorola.context for broadcast com.motorola.context/.engine.mediator.MediatorReceiver: pid=13158 uid=10011 gids={50011, 3001, 3002, 3003}
I/ActivityManager( 1025): Process com.google.android.apps.magazines (pid 13093) has died.
I/ActivityManager( 1025): Start proc com.motorola.MotGallery2 for broadcast com.motorola.MotGallery2/com.motorola.blur.service.blur.StartupReceiver: pid=13171 uid=10034 gids={50034, 3003, 1028, 1015}
I/Icing   (11432): Indexing D11140B64A23ADCF9607D6E17FA4854A5443BF22 from com.google.android.googlequicksearchbox
D/dalvikvm(  275): GC_EXPLICIT freed 42K, 48% free 9011K/17224K, paused 1ms+3ms, total 31ms
D/WifiStateMachine( 1025): handleMessage: E msg.what=151572
D/WifiStateMachine( 1025): processMsg: ConnectedState
D/WifiStateMachine( 1025): processMsg: L2ConnectedState
D/WifiStateMachine( 1025): handleMessage: X
D/dalvikvm(  275): GC_EXPLICIT freed <1K, 48% free 9011K/17224K, paused 1ms+2ms, total 20ms
D/dalvikvm(  275): GC_EXPLICIT freed <1K, 48% free 9011K/17224K, paused 1ms+2ms, total 17ms
I/CCEUtils(13171): device type: OLDMOTO
I/ActivityManager( 1025): Start proc com.google.android.googlequicksearchbox:search for content provider com.google.android.googlequicksearchbox/com.google.android.search.core.icingsync.InternalIcingCorporaProvider: pid=13185 uid=10045 gids={50045, 3003, 3001, 1028, 3002, 1015}
I/ActivityManager( 1025): Process com.google.android.apps.cloudprint (pid 13144) has died.
I/ActivityManager( 1025): Start proc uk.co.economist for broadcast uk.co.economist/com.urbanairship.push.GCMPushReceiver: pid=13205 uid=10130 gids={50130, 3003, 1028, 1015}
I/ActivityManager( 1025): Process com.motorola.context (pid 13158) has died.
I/dalvikvm(13185): Could not find method android.content.pm.PackageManager.getPackageInstaller, referenced from method com.google.android.gms.common.e.p
W/dalvikvm(13185): VFY: unable to resolve virtual method 901: Landroid/content/pm/PackageManager;.getPackageInstaller ()Landroid/content/pm/PackageInstaller;
D/dalvikvm(13185): VFY: replacing opcode 0x6e at 0x000b
D/Icing   (11432): Loaded CLD2 Version V2.0 - 20141016
I/ActivityManager( 1025): Process com.motorola.MotGallery2 (pid 13171) has died.
I/Icing   (11432): Indexing done D11140B64A23ADCF9607D6E17FA4854A5443BF22
I/ActivityManager( 1025): Process com.google.android.googlequicksearchbox:search (pid 13185) has died.
D/dalvikvm( 1025): GC_EXPLICIT freed 849K, 37% free 31832K/50444K, paused 5ms+16ms, total 157ms
I/Economist(13205): User is not logged in
I/com.newrelic.agent.android(13205): Loaded configuration: HarvestConfiguration{collect_network_errors=true, cross_process_id='UAUCV1NACgsEVlZRBA==', data_report_period=60, data_token=[2842733, 13762828], error_limit=50, report_max_transaction_age=600, report_max_transaction_count=1000, response_body_limit=2048, server_timestamp=1417568805, stack_trace_limit=100, activity_trace_max_size=65534, activity_trace_max_report_attempts=1, activity_trace_min_utilization=0.30000001192092896, at_capture=ActivityTraceConfiguration{maxTotalTraceCount=1}}
I/com.newrelic.agent.android(13205): Application state monitor has started
I/com.newrelic.agent.android(13205): Measurement Engine initialized.
I/com.newrelic.agent.android(13205): New Relic Agent v4.178.0
I/com.newrelic.agent.android(13205): Harvester: connected
I/com.newrelic.agent.android(13205): Harvester: Sending 0 HTTP transactions.
I/com.newrelic.agent.android(13205): Harvester: Sending 0 HTTP errors.
I/com.newrelic.agent.android(13205): Harvester: Sending 0 activity traces.
D/The Economist APID(13205): 6855de6b-02a2-4126-88af-261db5a37b30
I/Crittercism(13205): Initializing Crittercism 5.0.6 for App ID 541be4a1d478bc3b68000001
W/Crittercism(13205): Crittercism should be initialized in onCreate() of MainActivity
D/WifiStateMachine( 1025): handleMessage: E msg.what=151572
D/WifiStateMachine( 1025): processMsg: ConnectedState
D/WifiStateMachine( 1025): processMsg: L2ConnectedState
D/WifiStateMachine( 1025): handleMessage: X
I/SFPerfTracer(  274):      triggers: (rate: 1296:51447) (compose: 0:262) (post: 0:21) (render: 92:10760) (0:814155 frames) (1:3408740)
D/SFPerfTracer(  274):        layers: (3:11) (DimLayer: 0:158)* (DimLayer: 0:146)* (FocusedStackFrame: 0:22922)* (StatusBar: 0:273978) (NavigationBar: 0:211088) (DimLayer: 0:26675)* (DimLayer: 0:5085)* (com.android.wallpaper.fall.FallWallpaper: 0:6504)* (com.android.packageinstaller/com.android.packageinstaller.InstallAppProgress: 0:185)* (Starting co.giftmeapp.gift_me: 0:29)* (co.giftmeapp.gift_me/co.giftmeapp.gift_me.GiftMe: 1:88) 
D/WifiStateMachine( 1025): handleMessage: E msg.what=151572
D/WifiStateMachine( 1025): processMsg: ConnectedState
D/WifiStateMachine( 1025): processMsg: L2ConnectedState
D/WifiStateMachine( 1025): handleMessage: X
D/WifiStateMachine( 1025): handleMessage: E msg.what=131155
D/WifiStateMachine( 1025): processMsg: ConnectedState
D/WifiStateMachine( 1025): processMsg: L2ConnectedState
D/WifiStateMachine( 1025): handleMessage: X
W/BroadcastQueue( 1025): Permission Denial: broadcasting Intent { act=android.net.conn.INET_CONDITION_ACTION flg=0x4000010 (has extras) } from null (pid=-1, uid=-1) requires com.facebook.permission.prod.FB_APP_COMMUNICATION due to registered receiver BroadcastFilter{437439f0 u0 ReceiverList{437264e0 12821 com.facebook.katana/10110/u0 remote:42ccdcb0}}
W/BroadcastQueue( 1025): Permission Denial: broadcasting Intent { act=android.net.conn.CONNECTIVITY_CHANGE flg=0x4000010 (has extras) } from null (pid=-1, uid=-1) requires com.facebook.permission.prod.FB_APP_COMMUNICATION due to registered receiver BroadcastFilter{437439f0 u0 ReceiverList{437264e0 12821 com.facebook.katana/10110/u0 remote:42ccdcb0}}
W/dalvikvm(12821): Unable to resolve superclass of Lcom/facebook/push/adm/ADMBroadcastReceiver; (505)
W/dalvikvm(12821): Link of class 'Lcom/facebook/push/adm/ADMBroadcastReceiver;' failed
E/dalvikvm(12821): Could not find class 'com.facebook.push.adm.ADMBroadcastReceiver', referenced from method com.facebook.push.adm.ADMPushManager.b
W/dalvikvm(12821): VFY: unable to resolve const-class 8355 (Lcom/facebook/push/adm/ADMBroadcastReceiver;) in Lcom/facebook/push/adm/ADMPushManager;
D/dalvikvm(12821): VFY: replacing opcode 0x1c at 0x000e
I/SFPerfTracer(  274):      triggers: (rate: 1159:453880) (364846 sw vsyncs) (1073247 skipped) (98:3450669 vsyncs) (100:4336919)
W/fb4a(:<default>):AbstractMqttPushService(12821): Attempt to start service that is already started
W/fb4a(:<default>):AbstractMqttPushService(12821): Attempt to start service that is already started
D/dalvikvm(12821): GC_CONCURRENT freed 4132K, 25% free 13058K/17224K, paused 5ms+11ms, total 146ms
W/BroadcastQueue( 1025): Permission Denial: broadcasting Intent { act=android.net.conn.CONNECTIVITY_CHANGE flg=0x4000010 (has extras) } from null (pid=-1, uid=-1) requires com.facebook.permission.prod.FB_APP_COMMUNICATION due to registered receiver BroadcastFilter{42e2c828 u0 ReceiverList{4321b130 12821 com.facebook.katana/10110/u0 remote:42a24b88}}
D/GcOptimizer(12821): Configure for next cold start: enable
I/ConfigService(20136): onDestroy
D/WifiStateMachine( 1025): handleMessage: E msg.what=151572
D/WifiStateMachine( 1025): processMsg: ConnectedState
D/WifiStateMachine( 1025): processMsg: L2ConnectedState
D/WifiStateMachine( 1025): handleMessage: X
D/Ulp_jni ( 1025): Location CB invoked
I/ActivityManager( 1025): Start proc com.facebook.orca for content provider com.facebook.orca/.notify.MessengerLoggedInUserProvider: pid=13312 uid=10147 gids={50147, 3003, 1028, 1015}
D/WifiStateMachine( 1025): handleMessage: E msg.what=151572
D/WifiStateMachine( 1025): processMsg: ConnectedState
D/WifiStateMachine( 1025): processMsg: L2ConnectedState
D/WifiStateMachine( 1025): handleMessage: X
I/ActivityManager( 1025): Process uk.co.economist (pid 13205) has died.
W/ActivityManager( 1025): Service ServiceRecord{43f1dc88 u0 uk.co.economist/.service.APIService} in process ProcessRecord{4363dfd8 13205:uk.co.economist/u0a130} not same as in map: null
W/ActivityManager( 1025): Scheduling restart of crashed service uk.co.economist/.analytics.Analytics in 1000ms
W/ActivityManager( 1025): Scheduling restart of crashed service uk.co.economist/com.urbanairship.push.PushService in 1000ms
D/ACRA    (13312): ACRA is enabled for com.facebook.orca, intializing...
D/ACRA    (13312): Looking for error files in /data/user/0/com.facebook.orca/app_acra-reports
D/ACRA    (13312): Looking for error files in /data/user/0/com.facebook.orca/app_minidumps
D/dalvikvm(13312): Trying to load lib /data/app-lib/com.facebook.orca-2/libgnustl_shared.so 0x41fad7f8
I/ActivityManager( 1025): Process com.viber.voip (pid 4512) has died.
W/ActivityManager( 1025): Scheduling restart of crashed service com.viber.voip/com.viber.service.VoipConnectorService in 1000ms
W/ActivityManager( 1025): Scheduling restart of crashed service com.viber.voip/.api.billing.InAppBillingService in 11000ms
D/WifiService( 1025): releaseWifiLockLocked: WifiLock{VoipServiceWifiLock type=1 binder=android.os.BinderProxy@42a5ba48}
D/dalvikvm(13312): Added shared lib /data/app-lib/com.facebook.orca-2/libgnustl_shared.so 0x41fad7f8
D/dalvikvm(13312): No JNI_OnLoad found in /data/app-lib/com.facebook.orca-2/libgnustl_shared.so 0x41fad7f8, skipping init
D/dalvikvm(13312): Trying to load lib /data/app-lib/com.facebook.orca-2/libfb_breakpad_client.so 0x41fad7f8
D/dalvikvm(13312): Added shared lib /data/app-lib/com.facebook.orca-2/libfb_breakpad_client.so 0x41fad7f8
D/dalvikvm(13312): Trying to load lib /data/app-lib/com.facebook.orca-2/libfb_dalvik-internals.so 0x41fad7f8
D/dalvikvm(13312): Added shared lib /data/app-lib/com.facebook.orca-2/libfb_dalvik-internals.so 0x41fad7f8
V/DexLibLoader(13312): about to lock: /data/user/0/com.facebook.orca/mdex_lock
V/DexLibLoader(13312): locking /data/user/0/com.facebook.orca/mdex_lock took 1 ms
V/DexLibLoader(13312): Secondary program dex metadata: secondary-1.dex.jar 790183d1fb728678b0d8546ed8e9eaef90404089 secondary.dex01.Canary
V/DexLibLoader(13312): Secondary program dex metadata: secondary-2.dex.jar 03b795797c6ded9e8b3df575980b7d37d9ca8dad secondary.dex02.Canary
V/DexLibLoader(13312): Secondary program dex metadata: secondary-3.dex.jar 5ccf73e2daa6156653af1c6485ad6053f38846b9 secondary.dex03.Canary
V/DexLibLoader(13312): directory "/data/user/0/com.facebook.orca/app_secondary_program_dex" contains "program-790183d1fb728678b0d8546ed8e9eaef904040896661a1c7.dex.jar" as expected
V/DexLibLoader(13312): directory "/data/user/0/com.facebook.orca/app_secondary_program_dex" contains "program-03b795797c6ded9e8b3df575980b7d37d9ca8dad6661a1c7.dex.jar" as expected
V/DexLibLoader(13312): directory "/data/user/0/com.facebook.orca/app_secondary_program_dex" contains "program-5ccf73e2daa6156653af1c6485ad6053f38846b96661a1c7.dex.jar" as expected
D/DexLibLoader(13312): ignoring file "program-790183d1fb728678b0d8546ed8e9eaef904040896661a1c7.dex.odex" in "/data/user/0/com.facebook.orca/app_secondary_program_dex"
D/DexLibLoader(13312): ignoring file "program-03b795797c6ded9e8b3df575980b7d37d9ca8dad6661a1c7.dex.odex" in "/data/user/0/com.facebook.orca/app_secondary_program_dex"
D/DexLibLoader(13312): ignoring file "program-5ccf73e2daa6156653af1c6485ad6053f38846b96661a1c7.dex.odex" in "/data/user/0/com.facebook.orca/app_secondary_program_dex"
D/DexLibLoader(13312): directory "/data/user/0/com.facebook.orca/app_secondary_program_dex" is valid
D/DexLibLoader(13312): ignoring file "primary_deps" in "/data/user/0/com.facebook.orca/app_secondary_program_dex_opt"
V/DexLibLoader(13312): directory "/data/user/0/com.facebook.orca/app_secondary_program_dex_opt" contains "program-790183d1fb728678b0d8546ed8e9eaef904040896661a1c7.dex.dex" as expected
V/DexLibLoader(13312): directory "/data/user/0/com.facebook.orca/app_secondary_program_dex_opt" contains "program-03b795797c6ded9e8b3df575980b7d37d9ca8dad6661a1c7.dex.dex" as expected
V/DexLibLoader(13312): directory "/data/user/0/com.facebook.orca/app_secondary_program_dex_opt" contains "program-5ccf73e2daa6156653af1c6485ad6053f38846b96661a1c7.dex.dex" as expected
D/DexLibLoader(13312): directory "/data/user/0/com.facebook.orca/app_secondary_program_dex_opt" is valid
I/ActivityManager( 1025): Process com.google.android.music:main (pid 20328) has died.
W/ActivityManager( 1025): Service ServiceRecord{441dc520 u0 com.google.android.music/.download.cache.TrackCacheService} in process ProcessRecord{437dd068 20328:com.google.android.music:main/u0a82} not same as in map: null
W/ActivityManager( 1025): Service ServiceRecord{43ece768 u0 com.google.android.music/.download.TrackDownloadQueueService} in process ProcessRecord{437dd068 20328:com.google.android.music:main/u0a82} not same as in map: null
W/ActivityManager( 1025): Scheduling restart of crashed service com.google.android.music/.wear.WearDataTransferConnectionService in 20961ms
W/ActivityManager( 1025): Service ServiceRecord{43930a50 u0 com.google.android.music/.net.NetworkMonitor} in process ProcessRecord{437dd068 20328:com.google.android.music:main/u0a82} not same as in map: null
W/ActivityManager( 1025): Service ServiceRecord{43924ae8 u0 com.google.android.music/.preferences.MusicPreferenceService$MusicPreferenceServiceBinder} in process ProcessRecord{437dd068 20328:com.google.android.music:main/u0a82} not same as in map: null
W/ActivityManager( 1025): Service ServiceRecord{4391a358 u0 com.google.android.music/.download.artwork.ArtDownloadService} in process ProcessRecord{437dd068 20328:com.google.android.music:main/u0a82} not same as in map: null
W/ActivityManager( 1025): Scheduling restart of crashed service com.google.android.music/.playback.MusicPlaybackService in 30960ms
D/DexLibLoader(13312): loading pre-built cross-dex opt odex files
V/dalvik-internals(13312): hooked dvmResolveClass using jump ()
V/dalvik-internals(13312): hooked dvmFlushBreakpoints using jump ()
V/MultiDexClassLoader(13312): installing MultiDexClassLoader before application classloader
I/dalvikvm(13312): Could not find method dalvik.system.DexFile.loadClassBinaryName, referenced from method com.facebook.common.l.g.a
W/dalvikvm(13312): VFY: unable to resolve virtual method 1453: Ldalvik/system/DexFile;.loadClassBinaryName (Ljava/lang/String;Ljava/lang/ClassLoader;)Ljava/lang/Class;
D/dalvikvm(13312): VFY: replacing opcode 0x6e at 0x0000
D/DexLibLoader(13312): released odex store lock
D/DexLibLoader(13312): DexLibLoader.loadAll took 85 ms
W/bp      (13312): Verify
E/dalvikvm(13312): Could not find class 'org.apache.harmony.xnet.provider.jsse.OpenSSLSocketImpl', referenced from method com.facebook.ssl.openssl.a.b.<clinit>
W/dalvikvm(13312): VFY: unable to resolve const-class 10658 (Lorg/apache/harmony/xnet/provider/jsse/OpenSSLSocketImpl;) in Lcom/facebook/ssl/openssl/a/b;
D/dalvikvm(13312): VFY: replacing opcode 0x1c at 0x000d
E/dalvikvm(13312): Could not find class 'org.apache.harmony.xnet.provider.jsse.OpenSSLSocketFactoryImpl', referenced from method com.facebook.ssl.openssl.b.b.<clinit>
W/dalvikvm(13312): VFY: unable to resolve const-class 10657 (Lorg/apache/harmony/xnet/provider/jsse/OpenSSLSocketFactoryImpl;) in Lcom/facebook/ssl/openssl/b/b;
D/dalvikvm(13312): VFY: replacing opcode 0x1c at 0x000d
E/dalvikvm(13312): Could not find class 'org.apache.harmony.xnet.provider.jsse.SSLParametersImpl', referenced from method com.facebook.ssl.openssl.b.b.a
W/dalvikvm(13312): VFY: unable to resolve check-cast 10660 (Lorg/apache/harmony/xnet/provider/jsse/SSLParametersImpl;) in Lcom/facebook/ssl/openssl/b/b;
D/dalvikvm(13312): VFY: replacing opcode 0x1f at 0x0006
E/dalvikvm(13312): Could not find class 'org.apache.harmony.xnet.provider.jsse.SSLParametersImpl', referenced from method com.facebook.ssl.openssl.b.c.<clinit>
W/dalvikvm(13312): VFY: unable to resolve const-class 10660 (Lorg/apache/harmony/xnet/provider/jsse/SSLParametersImpl;) in Lcom/facebook/ssl/openssl/b/c;
D/dalvikvm(13312): VFY: replacing opcode 0x1c at 0x000d
W/dalvikvm(13312): VFY: unable to find class referenced in signature (Lorg/apache/harmony/xnet/provider/jsse/SSLParametersImpl;)
E/dalvikvm(13312): Could not find class 'org.apache.harmony.xnet.provider.jsse.ClientSessionContext', referenced from method com.facebook.ssl.openssl.b.c.a
W/dalvikvm(13312): VFY: unable to resolve check-cast 10656 (Lorg/apache/harmony/xnet/provider/jsse/ClientSessionContext;) in Lcom/facebook/ssl/openssl/b/c;
D/dalvikvm(13312): VFY: replacing opcode 0x1f at 0x0006
W/dalvikvm(13312): VFY: unable to find class referenced in signature (Lorg/apache/harmony/xnet/provider/jsse/SSLParametersImpl;)
W/dalvikvm(13312): Unable to resolve superclass of Lcom/facebook/ssl/openssl/TicketEnabledOpenSSLSocketImplWrapper; (10659)
W/dalvikvm(13312): Link of class 'Lcom/facebook/ssl/openssl/TicketEnabledOpenSSLSocketImplWrapper;' failed
E/dalvikvm(13312): Could not find class 'com.facebook.ssl.openssl.TicketEnabledOpenSSLSocketImplWrapper', referenced from method com.facebook.ssl.openssl.b.a
W/dalvikvm(13312): VFY: unable to resolve new-instance 7258 (Lcom/facebook/ssl/openssl/TicketEnabledOpenSSLSocketImplWrapper;) in Lcom/facebook/ssl/openssl/b;
D/dalvikvm(13312): VFY: replacing opcode 0x22 at 0x0000
W/dalvikvm(13312): Unable to resolve superclass of Lcom/facebook/ssl/openssl/TicketEnabledOpenSSLSocketImplWrapper; (10659)
W/dalvikvm(13312): Link of class 'Lcom/facebook/ssl/openssl/TicketEnabledOpenSSLSocketImplWrapper;' failed
D/dalvikvm(13312): DexOpt: unable to opt direct call 0x9f40 at 0x08 in Lcom/facebook/ssl/openssl/b;.a
W/msgr(:<default>):a(13312): Attempt to start service that is already started
D/WifiStateMachine( 1025): handleMessage: E msg.what=151572
D/WifiStateMachine( 1025): processMsg: ConnectedState
D/WifiStateMachine( 1025): processMsg: L2ConnectedState
D/WifiStateMachine( 1025): handleMessage: X
D/dalvikvm(13312): Trying to load lib /data/app-lib/com.facebook.orca-2/libfbjni.so 0x41fad7f8
D/dalvikvm(13312): Added shared lib /data/app-lib/com.facebook.orca-2/libfbjni.so 0x41fad7f8
D/dalvikvm(13312): Trying to load lib /data/app-lib/com.facebook.orca-2/libheartbleed.so 0x41fad7f8
D/dalvikvm(13312): Added shared lib /data/app-lib/com.facebook.orca-2/libheartbleed.so 0x41fad7f8
D/WifiStateMachine( 1025): handleMessage: E msg.what=131155
D/WifiStateMachine( 1025): processMsg: ConnectedState
D/WifiStateMachine( 1025): processMsg: L2ConnectedState
D/WifiStateMachine( 1025): handleMessage: X
D/CordovaLog(12723): file:///android_asset/www/js/ratchet.min.js: Line 10 : Uncaught SyntaxError: Failed to execute 'querySelector' on 'Document': '#give-gift/10205162835322984/148/' is not a valid selector.
I/chromium(12723): [INFO:CONSOLE(10)] "Uncaught SyntaxError: Failed to execute 'querySelector' on 'Document': '#give-gift/10205162835322984/148/' is not a valid selector.", source: file:///android_asset/www/js/ratchet.min.js (10)
I/ActivityManager( 1025): Start proc com.viber.voip for service com.viber.voip/com.viber.service.VoipConnectorService: pid=13372 uid=10108 gids={50108, 3003, 1028, 1015, 3002, 3001}
I/SFPerfTracer(  274):      triggers: (rate: 1296:51447) (compose: 0:262) (post: 0:21) (render: 92:10760) (0:814155 frames) (1:3408840)
D/SFPerfTracer(  274):        layers: (3:9) (DimLayer: 0:158)* (DimLayer: 0:146)* (FocusedStackFrame: 0:22922)* (StatusBar: 0:273981) (NavigationBar: 0:211088) (DimLayer: 0:26675)* (DimLayer: 0:5085)* (com.android.wallpaper.fall.FallWallpaper: 0:6504)* (co.giftmeapp.gift_me/co.giftmeapp.gift_me.GiftMe: 1:186) 
D/Logger  (13372): creating log dir /storage/emulated/0/viber/.logs/trace/
D/Logger  (13372): oldFilesNames :[]
D/Logger  (13372): main_4.clg deleted=false
D/Logger  (13372): main_3.clg renamedTo=false main_4.clg
D/Logger  (13372): main_2.clg renamedTo=false main_3.clg
D/Logger  (13372): main_1.clg renamedTo=false main_2.clg
D/Logger  (13372): main.clg renamedTo=false main_1.clg
I/dalvikvm(13372): Could not find method android.os.PowerManager.isInteractive, referenced from method com.viber.voip.util.hf.b
W/dalvikvm(13372): VFY: unable to resolve virtual method 1673: Landroid/os/PowerManager;.isInteractive ()Z
D/dalvikvm(13372): VFY: replacing opcode 0x6e at 0x003c
D/dalvikvm(13372): DexOpt: couldn't find field Landroid/app/Notification;.category
W/dalvikvm(13372): VFY: unable to resolve instance field 19
D/dalvikvm(13372): VFY: replacing opcode 0x5b at 0x001e
D/dalvikvm(13372): DexOpt: couldn't find field Landroid/app/Notification;.category
W/dalvikvm(13372): VFY: unable to resolve instance field 19
D/dalvikvm(13372): VFY: replacing opcode 0x5b at 0x0193
D/dalvikvm(13372): Trying to load lib /data/app-lib/com.viber.voip-2/libCrossUnblocker.so 0x41fab218
D/dalvikvm(13372): Added shared lib /data/app-lib/com.viber.voip-2/libCrossUnblocker.so 0x41fab218
I/Crashlytics(13372): Initializing Crashlytics 1.1.11.10
D/WifiStateMachine( 1025): handleMessage: E msg.what=151572
D/WifiStateMachine( 1025): processMsg: ConnectedState
D/WifiStateMachine( 1025): processMsg: L2ConnectedState
D/WifiStateMachine( 1025): handleMessage: X
D/WifiStateMachine( 1025): handleMessage: E msg.what=151572
D/WifiStateMachine( 1025): processMsg: ConnectedState
D/WifiStateMachine( 1025): processMsg: L2ConnectedState
D/WifiStateMachine( 1025): handleMessage: X
I/SFPerfTracer(  274):      triggers: (rate: 1159:453880) (364846 sw vsyncs) (1073247 skipped) (1:3450755 vsyncs) (3:4337021)
D/WifiStateMachine( 1025): handleMessage: E msg.what=151572
D/WifiStateMachine( 1025): processMsg: ConnectedState
D/WifiStateMachine( 1025): processMsg: L2ConnectedState
D/WifiStateMachine( 1025): handleMessage: X
D/WifiStateMachine( 1025): handleMessage: E msg.what=131155
D/WifiStateMachine( 1025): processMsg: ConnectedState
D/WifiStateMachine( 1025): processMsg: L2ConnectedState
D/WifiStateMachine( 1025): handleMessage: X
D/WifiStateMachine( 1025): handleMessage: E msg.what=151572
D/WifiStateMachine( 1025): processMsg: ConnectedState
D/WifiStateMachine( 1025): processMsg: L2ConnectedState
D/WifiStateMachine( 1025): handleMessage: X
W/BroadcastQueue( 1025): Permission Denial: broadcasting Intent { act=android.net.conn.INET_CONDITION_ACTION flg=0x4000010 (has extras) } from null (pid=-1, uid=-1) requires com.facebook.permission.prod.FB_APP_COMMUNICATION due to registered receiver BroadcastFilter{4293c5b8 u0 ReceiverList{42af2488 13312 com.facebook.orca/10147/u0 remote:426747b8}}
W/BroadcastQueue( 1025): Permission Denial: broadcasting Intent { act=android.net.conn.CONNECTIVITY_CHANGE flg=0x4000010 (has extras) } from null (pid=-1, uid=-1) requires com.facebook.permission.prod.FB_APP_COMMUNICATION due to registered receiver BroadcastFilter{4293c5b8 u0 ReceiverList{42af2488 13312 com.facebook.orca/10147/u0 remote:426747b8}}
W/dalvikvm(13312): Unable to resolve superclass of Lcom/facebook/push/adm/ADMBroadcastReceiver; (566)
W/dalvikvm(13312): Link of class 'Lcom/facebook/push/adm/ADMBroadcastReceiver;' failed
E/dalvikvm(13312): Could not find class 'com.facebook.push.adm.ADMBroadcastReceiver', referenced from method com.facebook.push.adm.a.b
W/dalvikvm(13312): VFY: unable to resolve const-class 6907 (Lcom/facebook/push/adm/ADMBroadcastReceiver;) in Lcom/facebook/push/adm/a;
D/dalvikvm(13312): VFY: replacing opcode 0x1c at 0x000e
W/msgr(:<default>):a(13312): Attempt to start service that is already started
W/msgr(:<default>):a(13312): Attempt to start service that is already started
W/BroadcastQueue( 1025): Permission Denial: broadcasting Intent { act=android.net.conn.CONNECTIVITY_CHANGE flg=0x4000010 (has extras) } from null (pid=-1, uid=-1) requires com.facebook.permission.prod.FB_APP_COMMUNICATION due to registered receiver BroadcastFilter{42502910 u0 ReceiverList{42a252c0 13312 com.facebook.orca/10147/u0 remote:42190960}}
V/AlarmManager( 1025): sending alarm Alarm{4202c808 type 2 com.facebook.katana}
V/AlarmManager( 1025): sending alarm Alarm{4202a8c0 type 2 com.facebook.orca}
V/AlarmManager( 1025): sending alarm Alarm{42029478 type 2 android}
D/ConnectivityService( 1025): Sampling interval elapsed, updating statistics ..
D/ConnectivityService( 1025): Done.
D/ConnectivityService( 1025): Setting timer for 720seconds
I/ActivityManager( 1025): Process com.facebook.katana (pid 12821) has died.
W/ActivityManager( 1025): Scheduling restart of crashed service com.facebook.katana/com.facebook.push.mqtt.service.MqttPushService in 60064768ms
D/WifiService( 1025): Client connection lost with reason: 4
D/WifiStateMachine( 1025): handleMessage: E msg.what=151572
D/WifiStateMachine( 1025): processMsg: ConnectedState
D/WifiStateMachine( 1025): processMsg: L2ConnectedState
D/WifiStateMachine( 1025): handleMessage: X
D/WifiStateMachine( 1025): handleMessage: E msg.what=151572
D/WifiStateMachine( 1025): processMsg: ConnectedState
D/WifiStateMachine( 1025): processMsg: L2ConnectedState
D/WifiStateMachine( 1025): handleMessage: X
D/WifiStateMachine( 1025): handleMessage: E msg.what=131155
D/WifiStateMachine( 1025): processMsg: ConnectedState
D/WifiStateMachine( 1025): processMsg: L2ConnectedState
D/WifiStateMachine( 1025): handleMessage: X
V/AlarmManager( 1025): sending alarm Alarm{4280d2f8 type 0 com.android.vending}
I/ActivityManager( 1025): Start proc com.android.vending for service com.android.vending/com.google.android.finsky.services.ContentSyncService: pid=13486 uid=10039 gids={50039, 3003, 1028, 1015}
D/Finsky  (13486): [1] FinskyApp.onCreate: Initializing network with DFE https://android.clients.google.com/fdfe/
D/WifiStateMachine( 1025): handleMessage: E msg.what=151572
D/WifiStateMachine( 1025): processMsg: ConnectedState
D/WifiStateMachine( 1025): processMsg: L2ConnectedState
D/WifiStateMachine( 1025): handleMessage: X
D/Finsky  (13486): [1] DailyHygiene.goMakeHygieneIfDirty: No need to run daily hygiene.
W/Settings(13486): Setting download_manager_max_bytes_over_mobile has moved from android.provider.Settings.Secure to android.provider.Settings.Global.
W/Settings(13486): Setting download_manager_recommended_max_bytes_over_mobile has moved from android.provider.Settings.Secure to android.provider.Settings.Global.
I/dalvikvm(13486): Could not find method com.google.android.play.layout.PlayCardViewBase.setTransitionName, referenced from method com.google.android.finsky.utils.PlayCardUtils.bindCard
W/dalvikvm(13486): VFY: unable to resolve virtual method 42705: Lcom/google/android/play/layout/PlayCardViewBase;.setTransitionName (Ljava/lang/String;)V
D/dalvikvm(13486): VFY: replacing opcode 0x6e at 0x00d9
I/dalvikvm(13486): Could not find method com.google.android.play.layout.PlayCardViewBase.setTransitionGroup, referenced from method com.google.android.finsky.utils.PlayCardUtils.bindCard
W/dalvikvm(13486): VFY: unable to resolve virtual method 42704: Lcom/google/android/play/layout/PlayCardViewBase;.setTransitionGroup (Z)V
D/dalvikvm(13486): VFY: replacing opcode 0x6e at 0x0246
I/dalvikvm(13486): Could not find method android.view.View.getTransitionName, referenced from method com.google.android.finsky.navigationmanager.NavigationManager.showPage
W/dalvikvm(13486): VFY: unable to resolve virtual method 9352: Landroid/view/View;.getTransitionName ()Ljava/lang/String;
D/dalvikvm(13486): VFY: replacing opcode 0x6e at 0x001a
D/Finsky  (13486): [1] 2.run: Loaded library for account: [gKXbJhL8NA2nPUzZyFpjB6tKi7U]
D/Finsky  (13486): [1] 2.run: Finished loading 1 libraries.
I/dalvikvm(13486): Total arena pages for JIT: 11
I/dalvikvm(13486): Total arena pages for JIT: 12
I/dalvikvm(13486): Total arena pages for JIT: 13
D/dalvikvm( 8506): GC_EXPLICIT freed 501K, 46% free 9434K/17224K, paused 2ms+5ms, total 39ms
I/dalvikvm(13486): Total arena pages for JIT: 14
D/Finsky  (13486): [1] GmsCoreHelper.cleanupNlp: result=false type=4
D/Finsky  (13486): [1] RestoreTracker.stopServiceIfDone: Restore complete with 0 success and 0 failed.
D/WifiStateMachine( 1025): handleMessage: E msg.what=151572
D/WifiStateMachine( 1025): processMsg: ConnectedState
D/WifiStateMachine( 1025): processMsg: L2ConnectedState
D/WifiStateMachine( 1025): handleMessage: X
D/Finsky  (13486): [1] 5.onFinished: Installation state replication succeeded.
D/Ulp_jni ( 1025): Location CB invoked
D/WifiStateMachine( 1025): handleMessage: E msg.what=151572
D/WifiStateMachine( 1025): processMsg: ConnectedState
D/WifiStateMachine( 1025): processMsg: L2ConnectedState
D/WifiStateMachine( 1025): handleMessage: X
D/WifiStateMachine( 1025): handleMessage: E msg.what=131155
D/WifiStateMachine( 1025): processMsg: ConnectedState
D/WifiStateMachine( 1025): processMsg: L2ConnectedState
D/WifiStateMachine( 1025): handleMessage: X
D/WifiStateMachine( 1025): handleMessage: E msg.what=151572
D/WifiStateMachine( 1025): processMsg: ConnectedState
D/WifiStateMachine( 1025): processMsg: L2ConnectedState
D/WifiStateMachine( 1025): handleMessage: X
D/WifiStateMachine( 1025): handleMessage: E msg.what=151572
D/WifiStateMachine( 1025): processMsg: ConnectedState
D/WifiStateMachine( 1025): processMsg: L2ConnectedState
D/WifiStateMachine( 1025): handleMessage: X
D/WifiStateMachine( 1025): handleMessage: E msg.what=151572
D/WifiStateMachine( 1025): processMsg: ConnectedState
D/WifiStateMachine( 1025): processMsg: L2ConnectedState
D/WifiStateMachine( 1025): handleMessage: X
D/WifiStateMachine( 1025): handleMessage: E msg.what=131155
D/WifiStateMachine( 1025): processMsg: ConnectedState
D/WifiStateMachine( 1025): processMsg: L2ConnectedState
D/WifiStateMachine( 1025): handleMessage: X
D/WifiStateMachine( 1025): handleMessage: E msg.what=151572
D/WifiStateMachine( 1025): processMsg: ConnectedState
D/WifiStateMachine( 1025): processMsg: L2ConnectedState
D/WifiStateMachine( 1025): handleMessage: X
D/WifiStateMachine( 1025): handleMessage: E msg.what=151572
D/WifiStateMachine( 1025): processMsg: ConnectedState
D/WifiStateMachine( 1025): processMsg: L2ConnectedState
D/WifiStateMachine( 1025): handleMessage: X
D/WifiStateMachine( 1025): handleMessage: E msg.what=151572
D/WifiStateMachine( 1025): processMsg: ConnectedState
D/WifiStateMachine( 1025): processMsg: L2ConnectedState
D/WifiStateMachine( 1025): handleMessage: X
D/WifiStateMachine( 1025): handleMessage: E msg.what=131155
D/WifiStateMachine( 1025): processMsg: ConnectedState
D/WifiStateMachine( 1025): processMsg: L2ConnectedState
D/WifiStateMachine( 1025): handleMessage: X
V/AlarmManager( 1025): sending alarm Alarm{4280c450 type 3 android}
I/SFPerfTracer(  274):      triggers: (rate: 1159:453880) (364846 sw vsyncs) (1073247 skipped) (17:3450856 vsyncs) (19:4337139)
D/CordovaLog(12723): file:///android_asset/www/js/GiveGiftView.js: Line 17 : GIFTME - buy now clicked
I/chromium(12723): [INFO:CONSOLE(17)] "GIFTME - buy now clicked", source: file:///android_asset/www/js/GiveGiftView.js (17)
D/CordovaLog(12723): file:///android_asset/www/js/GiveGiftView.js: Line 21 : Uncaught ReferenceError: ppApp is not defined
I/chromium(12723): [INFO:CONSOLE(21)] "Uncaught ReferenceError: ppApp is not defined", source: file:///android_asset/www/js/GiveGiftView.js (21)
D/WifiStateMachine( 1025): handleMessage: E msg.what=151572
D/WifiStateMachine( 1025): processMsg: ConnectedState
D/WifiStateMachine( 1025): processMsg: L2ConnectedState
D/WifiStateMachine( 1025): handleMessage: X
D/WifiStateMachine( 1025): handleMessage: E msg.what=151572
D/WifiStateMachine( 1025): processMsg: ConnectedState
D/WifiStateMachine( 1025): processMsg: L2ConnectedState
D/WifiStateMachine( 1025): handleMessage: X
D/WifiStateMachine( 1025): handleMessage: E msg.what=151572
D/WifiStateMachine( 1025): processMsg: ConnectedState
D/WifiStateMachine( 1025): processMsg: L2ConnectedState
D/WifiStateMachine( 1025): handleMessage: X
D/WifiStateMachine( 1025): handleMessage: E msg.what=131155
D/WifiStateMachine( 1025): processMsg: ConnectedState
D/WifiStateMachine( 1025): processMsg: L2ConnectedState
D/WifiStateMachine( 1025): handleMessage: X
D/Ulp_jni ( 1025): Location CB invoked
D/WifiStateMachine( 1025): handleMessage: E msg.what=151572
D/WifiStateMachine( 1025): processMsg: ConnectedState
D/WifiStateMachine( 1025): processMsg: L2ConnectedState
D/WifiStateMachine( 1025): handleMessage: X
D/WifiStateMachine( 1025): handleMessage: E msg.what=151572
D/WifiStateMachine( 1025): processMsg: ConnectedState
D/WifiStateMachine( 1025): processMsg: L2ConnectedState
D/WifiStateMachine( 1025): handleMessage: X
I/ActivityManager( 1025): Start proc com.google.android.music:main for service com.google.android.music/.wear.WearDataTransferConnectionService: pid=13555 uid=10082 gids={50082, 3003, 1028, 1015}
I/ActivityManager( 1025): Process com.android.vending (pid 13486) has died.
I/MusicStore(13555): Database version: 107
D/dalvikvm( 1025): GC_EXPLICIT freed 1188K, 37% free 31830K/50444K, paused 5ms+16ms, total 155ms
D/dalvikvm(13555): Trying to load lib /data/app-lib/com.google.android.gms-1/libgmscore.so 0x4204c028
D/dalvikvm(13555): Added shared lib /data/app-lib/com.google.android.gms-1/libgmscore.so 0x4204c028
D/dalvikvm(13555): No JNI_OnLoad found in /data/app-lib/com.google.android.gms-1/libgmscore.so 0x4204c028, skipping init
