D/PowerManagerService(  584): releaseWakeLock(42fe2910): PARTIAL_WAKE_LOCK , tag=wake:com.google.android.gms/.config.ConfigFetchService, flags=0x1
D/StateMachine(  584): handleMessage: E msg.what=131155
D/StateMachine(  584): processMsg: ConnectedState
D/WifiStateMachine(  584): ConnectedState{ what=131155 when=-4ms target=Handler (com.android.internal.util.StateMachine$SmHandler) {42cae278} arg1=15 }
D/StateMachine(  584): processMsg: L2ConnectedState
D/WifiStateMachine(  584): L2ConnectedState{ what=131155 when=-4ms target=Handler (com.android.internal.util.StateMachine$SmHandler) {42cae278} arg1=15 }
D/WifiStateMachine(  584): fetchRssiAndLinkSpeedNative RSSI = -44
D/StateMachine(  584): handleMessage: X
D/PowerManagerService(  584): releaseWakeLock(42c016f8): PARTIAL_WAKE_LOCK , tag=wake:com.google.android.gms/.config.ConfigFetchService, flags=0x1
D/StateMachine(  584): handleMessage: E msg.what=131155
D/StateMachine(  584): processMsg: ConnectedState
D/WifiStateMachine(  584): ConnectedState{ what=131155 when=-4ms target=Handler (com.android.internal.util.StateMachine$SmHandler) {42cae278} arg1=15 }
D/StateMachine(  584): processMsg: L2ConnectedState
D/WifiStateMachine(  584): L2ConnectedState{ what=131155 when=-5ms target=Handler (com.android.internal.util.StateMachine$SmHandler) {42cae278} arg1=15 }
D/WifiStateMachine(  584): fetchRssiAndLinkSpeedNative RSSI = -43
D/StateMachine(  584): handleMessage: X
D/StateMachine(  584): handleMessage: E msg.what=131155
D/StateMachine(  584): processMsg: ConnectedState
D/WifiStateMachine(  584): ConnectedState{ what=131155 when=-4ms target=Handler (com.android.internal.util.StateMachine$SmHandler) {42cae278} arg1=15 }
D/StateMachine(  584): processMsg: L2ConnectedState
D/WifiStateMachine(  584): L2ConnectedState{ what=131155 when=-5ms target=Handler (com.android.internal.util.StateMachine$SmHandler) {42cae278} arg1=15 }
D/WifiStateMachine(  584): fetchRssiAndLinkSpeedNative RSSI = -43
D/StateMachine(  584): handleMessage: X
D/PowerManagerService(  584): acquireWakeLock(431c6be8): PARTIAL_WAKE_LOCK , tag=AlarmManager, flags=0x1, pid=584, uid=1000, mUserState=0x3
V/AlarmManager(  584): sending alarm PendingIntent{42ff2b28: PendingIntentRecord{42bd3198 com.google.android.location broadcastIntent}}, intent=com.google.android.location.nlp.ALARM_WAKEUP_LOCATOR, type=ELAPSED_REALTIME_WAKEUP, count=1, when=5805014, repeateInterval=0
D/PowerManagerService(  584): acquireWakeLock(4331fb70): PARTIAL_WAKE_LOCK , tag=NetworkLocationCallbackRunner, flags=0x1, pid=1061, uid=10017, mUserState=0x3
D/PowerManagerService(  584): acquireWakeLock(42cfd2d0): PARTIAL_WAKE_LOCK , tag=NetworkLocationLocator, flags=0x1, pid=1061, uid=10017, mUserState=0x3
D/StateMachine(  584): handleMessage: E msg.what=131073
D/StateMachine(  584): processMsg: ConnectedState
D/WifiStateMachine(  584): ConnectedState{ what=131073 when=-2ms target=Handler (com.android.internal.util.StateMachine$SmHandler) {42cae278} arg1=2 }
D/StateMachine(  584): processMsg: L2ConnectedState
D/WifiStateMachine(  584): L2ConnectedState{ what=131073 when=-3ms target=Handler (com.android.internal.util.StateMachine$SmHandler) {42cae278} arg1=2 }
D/StateMachine(  584): processMsg: ConnectModeState
D/WifiStateMachine(  584): ConnectModeState{ what=131073 when=-4ms target=Handler (com.android.internal.util.StateMachine$SmHandler) {42cae278} arg1=2 }
D/StateMachine(  584): processMsg: DriverStartedState
D/WifiStateMachine(  584): DriverStartedState{ what=131073 when=-4ms target=Handler (com.android.internal.util.StateMachine$SmHandler) {42cae278} arg1=2 }
D/StateMachine(  584): processMsg: SupplicantStartedState
D/WifiStateMachine(  584): SupplicantStartedState{ what=131073 when=-5ms target=Handler (com.android.internal.util.StateMachine$SmHandler) {42cae278} arg1=2 }
D/StateMachine(  584): processMsg: SoftApStartedState
D/WifiStateMachine(  584): SoftApStartedState{ what=131073 when=-6ms target=Handler (com.android.internal.util.StateMachine$SmHandler) {42cae278} arg1=2 }
D/WifiService(  584): acquireWifiLockLocked: WifiLock{NetworkLocationLocator type=2 binder=android.os.BinderProxy@43235258}
D/WifiService(  584): updateWifiState(): wifiApEnabled: false, wifiApAirplaneMode: falsegetWifiEnabledState(): 3, getWifiApEnabledState: 11
D/WifiService(  584): updateWifiState(): mAirplaneModeOn.get(): false, mPersistWifiState.get(): 1
D/WifiService(  584): updateWifiState(): mEmergencyCallbackMode: false, mDeviceIdle: false, lockHeld: true, mStopWifiRequested:false
D/WifiService(  584): updateWifiState(): enable and start wifi
D/StateMachine(  584): processMsg: DefaultState
D/WifiStateMachine(  584): DefaultState{ what=131073 when=-7ms target=Handler (com.android.internal.util.StateMachine$SmHandler) {42cae278} arg1=2 }
D/StateMachine(  584): handleMessage: X
D/StateMachine(  584): handleMessage: E msg.what=131083
D/StateMachine(  584): processMsg: ConnectedState
D/WifiStateMachine(  584): ConnectedState{ what=131083 when=-9ms target=Handler (com.android.internal.util.StateMachine$SmHandler) {42cae278} }
D/StateMachine(  584): processMsg: L2ConnectedState
D/WifiStateMachine(  584): L2ConnectedState{ what=131083 when=-9ms target=Handler (com.android.internal.util.StateMachine$SmHandler) {42cae278} }
D/StateMachine(  584): processMsg: ConnectModeState
D/WifiStateMachine(  584): ConnectModeState{ what=131083 when=-10ms target=Handler (com.android.internal.util.StateMachine$SmHandler) {42cae278} }
D/StateMachine(  584): processMsg: DriverStartedState
D/WifiStateMachine(  584): DriverStartedState{ what=131083 when=-11ms target=Handler (com.android.internal.util.StateMachine$SmHandler) {42cae278} }
D/StateMachine(  584): processMsg: SupplicantStartedState
D/WifiStateMachine(  584): SupplicantStartedState{ what=131083 when=-12ms target=Handler (com.android.internal.util.StateMachine$SmHandler) {42cae278} }
D/StateMachine(  584): processMsg: SoftApStartedState
D/WifiStateMachine(  584): SoftApStartedState{ what=131083 when=-14ms target=Handler (com.android.internal.util.StateMachine$SmHandler) {42cae278} }
D/StateMachine(  584): processMsg: DefaultState
D/WifiStateMachine(  584): DefaultState{ what=131083 when=-15ms target=Handler (com.android.internal.util.StateMachine$SmHandler) {42cae278} }
D/StateMachine(  584): handleMessage: X
D/StateMachine(  584): handleMessage: E msg.what=131144
D/StateMachine(  584): processMsg: ConnectedState
D/WifiStateMachine(  584): ConnectedState{ what=131144 when=-17ms target=Handler (com.android.internal.util.StateMachine$SmHandler) {42cae278} arg1=1 }
D/StateMachine(  584): processMsg: L2ConnectedState
D/WifiStateMachine(  584): L2ConnectedState{ what=131144 when=-18ms target=Handler (com.android.internal.util.StateMachine$SmHandler) {42cae278} arg1=1 }
D/StateMachine(  584): handleMessage: X
D/StateMachine(  584): handleMessage: E msg.what=131085
D/StateMachine(  584): processMsg: ConnectedState
D/WifiStateMachine(  584): ConnectedState{ what=131085 when=-19ms target=Handler (com.android.internal.util.StateMachine$SmHandler) {42cae278} }
D/StateMachine(  584): processMsg: L2ConnectedState
D/WifiStateMachine(  584): L2ConnectedState{ what=131085 when=-20ms target=Handler (com.android.internal.util.StateMachine$SmHandler) {42cae278} }
D/StateMachine(  584): processMsg: ConnectModeState
D/WifiStateMachine(  584): ConnectModeState{ what=131085 when=-21ms target=Handler (com.android.internal.util.StateMachine$SmHandler) {42cae278} }
D/StateMachine(  584): processMsg: DriverStartedState
D/WifiStateMachine(  584): DriverStartedState{ what=131085 when=-21ms target=Handler (com.android.internal.util.StateMachine$SmHandler) {42cae278} }
D/StateMachine(  584): handleMessage: X
D/StateMachine(  584): handleMessage: E msg.what=131149
D/StateMachine(  584): processMsg: ConnectedState
D/WifiStateMachine(  584): ConnectedState{ what=131149 when=-23ms target=Handler (com.android.internal.util.StateMachine$SmHandler) {42cae278} }
D/StateMachine(  584): processMsg: L2ConnectedState
D/WifiStateMachine(  584): L2ConnectedState{ what=131149 when=-24ms target=Handler (com.android.internal.util.StateMachine$SmHandler) {42cae278} }
D/StateMachine(  584): processMsg: ConnectModeState
D/WifiStateMachine(  584): ConnectModeState{ what=131149 when=-25ms target=Handler (com.android.internal.util.StateMachine$SmHandler) {42cae278} }
D/StateMachine(  584): processMsg: DriverStartedState
D/WifiStateMachine(  584): DriverStartedState{ what=131149 when=-26ms target=Handler (com.android.internal.util.StateMachine$SmHandler) {42cae278} }
D/StateMachine(  584): handleMessage: X
D/StateMachine(  584): handleMessage: E msg.what=131143
D/StateMachine(  584): processMsg: ConnectedState
D/WifiStateMachine(  584): ConnectedState{ what=131143 when=-1ms target=Handler (com.android.internal.util.StateMachine$SmHandler) {42cae278} arg1=2 }
D/StateMachine(  584): processMsg: L2ConnectedState
D/WifiStateMachine(  584): L2ConnectedState{ what=131143 when=-1ms target=Handler (com.android.internal.util.StateMachine$SmHandler) {42cae278} arg1=2 }
D/PowerManagerService(  584): releaseWakeLock(431c6be8): PARTIAL_WAKE_LOCK , tag=AlarmManager, flags=0x1
D/StateMachine(  584): processMsg: ConnectModeState
D/WifiStateMachine(  584): ConnectModeState{ what=131143 when=-4ms target=Handler (com.android.internal.util.StateMachine$SmHandler) {42cae278} arg1=2 }
D/PowerManagerService(  584): releaseWakeLock(4331fb70): PARTIAL_WAKE_LOCK , tag=NetworkLocationCallbackRunner, flags=0x1
D/StateMachine(  584): processMsg: DriverStartedState
D/WifiStateMachine(  584): DriverStartedState{ what=131143 when=-14ms target=Handler (com.android.internal.util.StateMachine$SmHandler) {42cae278} arg1=2 }
I/wpa_supplicant(  809): SCAN enter
I/wpa_supplicant(  809): wlan0: wpa_supplicant_scan enter
I/wpa_supplicant(  809): wlan0: wpa_supplicant_scan wpa_s->conf->ap_scan=2 , scan_req =2
I/wpa_supplicant(  809): wpa_supplicant_trigger_scan +
D/StateMachine(  584): handleMessage: X
D/PowerManagerService(  584): acquireWakeLock(43435340): PARTIAL_WAKE_LOCK , tag=RILJ, flags=0x1, pid=984, uid=1001, mUserState=0x3
D/PowerManagerService(  584): releaseWakeLock(43435340): PARTIAL_WAKE_LOCK , tag=RILJ, flags=0x1
I/wpa_supplicant(  809): wlan0: [HTC] wpa_supplicant_event():2758- Got an original EVENT_SCAN_RESULTS
I/wpa_supplicant(  809): Got an original EVENT_SCAN_RESULTS
I/wpa_supplicant(  809): _wpa_supplicant_event_scan_results -
I/wpa_supplicant(  809): [Moulin Rouge] 70:54:d2:ae:26:93 freq=2412 qual=0 noise=0 level=-43 flags=0x2b
I/wpa_supplicant(  809): [Horizon Wi-Free] 72:54:d2:ae:26:95 freq=2412 qual=0 noise=0 level=-43 flags=0xb
I/wpa_supplicant(  809): [UPC2532832] c4:27:95:bc:5c:53 freq=2412 qual=0 noise=0 level=-65 flags=0xb
I/wpa_supplicant(  809): [Horizon Wi-Free] c6:27:95:bc:5c:55 freq=2412 qual=0 noise=0 level=-66 flags=0xb
I/wpa_supplicant(  809): [Horizon Wi-Free] 8a:f7:c7:52:52:40 freq=2437 qual=0 noise=0 level=-85 flags=0xb
I/wpa_supplicant(  809): [UPC235496] 00:24:8c:69:0a:f5 freq=2437 qual=0 noise=0 level=-86 flags=0xb
I/wpa_supplicant(  809): [UPC3321403] 88:f7:c7:52:52:4e freq=2437 qual=0 noise=0 level=-86 flags=0xb
I/wpa_supplicant(  809): [] 02:24:8c:69:0a:f6 freq=2437 qual=0 noise=0 level=-89 flags=0xb
D/StateMachine(  584): handleMessage: E msg.what=147461
D/StateMachine(  584): processMsg: ConnectedState
D/WifiStateMachine(  584): ConnectedState{ what=147461 when=-1ms target=Handler (com.android.internal.util.StateMachine$SmHandler) {42cae278} }
D/StateMachine(  584): processMsg: L2ConnectedState
D/WifiStateMachine(  584): L2ConnectedState{ what=147461 when=-2ms target=Handler (com.android.internal.util.StateMachine$SmHandler) {42cae278} }
D/StateMachine(  584): processMsg: ConnectModeState
D/WifiStateMachine(  584): ConnectModeState{ what=147461 when=-2ms target=Handler (com.android.internal.util.StateMachine$SmHandler) {42cae278} }
D/StateMachine(  584): processMsg: DriverStartedState
D/WifiStateMachine(  584): DriverStartedState{ what=147461 when=-7ms target=Handler (com.android.internal.util.StateMachine$SmHandler) {42cae278} }
D/StateMachine(  584): processMsg: SupplicantStartedState
D/WifiStateMachine(  584): SupplicantStartedState{ what=147461 when=-19ms target=Handler (com.android.internal.util.StateMachine$SmHandler) {42cae278} }
D/WirelessDisplayService(  584): Receive Wifi scan results available intent.
D/WirelessDisplayService(  584): HANDLE_WIFI_SCAN_RESULT_AVAILABLE, dongle scan = 0
D/WirelessDisplayService(  584): constructDongleInfoFromWifi() dongleScan = false
D/WirelessDisplayService(  584): wfdservice: true, finger gesture: true, don't sendBroadcast
D/WirelessDisplayService(  584): getDiscoveryDongleList
D/StateMachine(  584): handleMessage: X
D/StateMachine(  584): handleMessage: E msg.what=131073
D/StateMachine(  584): processMsg: ConnectedState
D/WifiStateMachine(  584): ConnectedState{ what=131073 when=-1ms target=Handler (com.android.internal.util.StateMachine$SmHandler) {42cae278} arg1=2 }
D/StateMachine(  584): processMsg: L2ConnectedState
D/WifiStateMachine(  584): L2ConnectedState{ what=131073 when=-1ms target=Handler (com.android.internal.util.StateMachine$SmHandler) {42cae278} arg1=2 }
D/StateMachine(  584): processMsg: ConnectModeState
D/WifiStateMachine(  584): ConnectModeState{ what=131073 when=-3ms target=Handler (com.android.internal.util.StateMachine$SmHandler) {42cae278} arg1=2 }
D/StateMachine(  584): processMsg: DriverStartedState
D/WifiStateMachine(  584): DriverStartedState{ what=131073 when=-4ms target=Handler (com.android.internal.util.StateMachine$SmHandler) {42cae278} arg1=2 }
D/StateMachine(  584): processMsg: SupplicantStartedState
D/WifiStateMachine(  584): SupplicantStartedState{ what=131073 when=-4ms target=Handler (com.android.internal.util.StateMachine$SmHandler) {42cae278} arg1=2 }
D/StateMachine(  584): processMsg: SoftApStartedState
D/WifiStateMachine(  584): SoftApStartedState{ what=131073 when=-5ms target=Handler (com.android.internal.util.StateMachine$SmHandler) {42cae278} arg1=2 }
D/StateMachine(  584): processMsg: DefaultState
D/WifiService(  584): releaseWifiLockLocked: WifiLock{NetworkLocationLocator type=2 binder=android.os.BinderProxy@43235258}
D/WifiService(  584): updateWifiState(): wifiApEnabled: false, wifiApAirplaneMode: falsegetWifiEnabledState(): 3, getWifiApEnabledState: 11
D/WifiService(  584): updateWifiState(): mAirplaneModeOn.get(): false, mPersistWifiState.get(): 1
D/WifiService(  584): updateWifiState(): mEmergencyCallbackMode: false, mDeviceIdle: false, lockHeld: true, mStopWifiRequested:false
D/WifiService(  584): updateWifiState(): enable and start wifi
D/PowerManagerService(  584): releaseWakeLock(42cfd2d0): PARTIAL_WAKE_LOCK , tag=NetworkLocationLocator, flags=0x1
D/WifiStateMachine(  584): DefaultState{ what=131073 when=-6ms target=Handler (com.android.internal.util.StateMachine$SmHandler) {42cae278} arg1=2 }
D/StateMachine(  584): handleMessage: X
D/StateMachine(  584): handleMessage: E msg.what=131083
D/StateMachine(  584): processMsg: ConnectedState
D/WifiStateMachine(  584): ConnectedState{ what=131083 when=-7ms target=Handler (com.android.internal.util.StateMachine$SmHandler) {42cae278} }
D/StateMachine(  584): processMsg: L2ConnectedState
D/WifiStateMachine(  584): L2ConnectedState{ what=131083 when=-7ms target=Handler (com.android.internal.util.StateMachine$SmHandler) {42cae278} }
D/StateMachine(  584): processMsg: ConnectModeState
D/WifiStateMachine(  584): ConnectModeState{ what=131083 when=-7ms target=Handler (com.android.internal.util.StateMachine$SmHandler) {42cae278} }
D/StateMachine(  584): processMsg: DriverStartedState
D/WifiStateMachine(  584): DriverStartedState{ what=131083 when=-8ms target=Handler (com.android.internal.util.StateMachine$SmHandler) {42cae278} }
D/StateMachine(  584): processMsg: SupplicantStartedState
D/WifiStateMachine(  584): SupplicantStartedState{ what=131083 when=-8ms target=Handler (com.android.internal.util.StateMachine$SmHandler) {42cae278} }
D/StateMachine(  584): processMsg: SoftApStartedState
D/WifiStateMachine(  584): SoftApStartedState{ what=131083 when=-9ms target=Handler (com.android.internal.util.StateMachine$SmHandler) {42cae278} }
D/StateMachine(  584): processMsg: DefaultState
D/WifiStateMachine(  584): DefaultState{ what=131083 when=-9ms target=Handler (com.android.internal.util.StateMachine$SmHandler) {42cae278} }
D/StateMachine(  584): handleMessage: X
D/StateMachine(  584): handleMessage: E msg.what=131144
D/StateMachine(  584): processMsg: ConnectedState
D/WifiStateMachine(  584): ConnectedState{ what=131144 when=-10ms target=Handler (com.android.internal.util.StateMachine$SmHandler) {42cae278} arg1=1 }
D/StateMachine(  584): processMsg: L2ConnectedState
D/WifiStateMachine(  584): L2ConnectedState{ what=131144 when=-10ms target=Handler (com.android.internal.util.StateMachine$SmHandler) {42cae278} arg1=1 }
D/StateMachine(  584): handleMessage: X
D/StateMachine(  584): handleMessage: E msg.what=131085
D/StateMachine(  584): processMsg: ConnectedState
D/WifiStateMachine(  584): ConnectedState{ what=131085 when=-11ms target=Handler (com.android.internal.util.StateMachine$SmHandler) {42cae278} }
D/StateMachine(  584): processMsg: L2ConnectedState
D/WifiStateMachine(  584): L2ConnectedState{ what=131085 when=-11ms target=Handler (com.android.internal.util.StateMachine$SmHandler) {42cae278} }
D/StateMachine(  584): processMsg: ConnectModeState
D/WifiStateMachine(  584): ConnectModeState{ what=131085 when=-12ms target=Handler (com.android.internal.util.StateMachine$SmHandler) {42cae278} }
D/StateMachine(  584): processMsg: DriverStartedState
D/WifiStateMachine(  584): DriverStartedState{ what=131085 when=-12ms target=Handler (com.android.internal.util.StateMachine$SmHandler) {42cae278} }
D/StateMachine(  584): handleMessage: X
D/StateMachine(  584): handleMessage: E msg.what=131149
D/HybridProvider(  584): getName
D/StateMachine(  584): processMsg: ConnectedState
D/WifiStateMachine(  584): ConnectedState{ what=131149 when=-13ms target=Handler (com.android.internal.util.StateMachine$SmHandler) {42cae278} }
D/StateMachine(  584): processMsg: L2ConnectedState
D/WifiStateMachine(  584): L2ConnectedState{ what=131149 when=-13ms target=Handler (com.android.internal.util.StateMachine$SmHandler) {42cae278} }
D/StateMachine(  584): processMsg: ConnectModeState
D/WifiStateMachine(  584): ConnectModeState{ what=131149 when=-14ms target=Handler (com.android.internal.util.StateMachine$SmHandler) {42cae278} }
D/StateMachine(  584): processMsg: DriverStartedState
D/WifiStateMachine(  584): DriverStartedState{ what=131149 when=-14ms target=Handler (com.android.internal.util.StateMachine$SmHandler) {42cae278} }
D/StateMachine(  584): handleMessage: X
D/HybridProvider(  584): updateLocation.Not supported
D/PowerManagerService(  584): acquireWakeLock(42c3e460): PARTIAL_WAKE_LOCK , tag=GpsLocationProvider, flags=0x1, pid=584, uid=1000, mUserState=0x3
D/GpsLocationProvider(  584): [handleMessage] message :7
D/GpsLocationProvider(  584): Gps MessageHandler. msg.what 7 msg.arg1:0 msg.arg2: 0
D/GpsLocationProvider(  584): [handleMessage] UPDATE_LOCATION
D/GpsLocationProvider(  584): handleUpdateLocation
V/LocationManagerService(  584): In handleLocationChangedLocked.For provider: network
D/QMI_FW  (  584): QCCI: QMI_CCI_TX: cntl_flag - 00, txn_id - 0034, msg_id - 0039, msg_len - 0021
D/QMI_FW  (  584): QCCI: Sent[254]: 40 bytes to port 2816
D/PowerManagerService(  584): releaseWakeLock(42c3e460): PARTIAL_WAKE_LOCK , tag=GpsLocationProvider, flags=0x1
D/GpsLocationProvider(  584): [reportHTCStatus] eventMask = 2 , status = 0
D/GpsLocationProvider(  584): [reportHTCStatus] HTC_GPS_STATUS_INJECT_LOCATION
D/QMI_FW  (  584): QCCI: reader_thread: Received 14 bytes from 254
D/QMI_FW  (  584): QCCI: QMI_CCI_RX: cntl_flag - 02, txn_id - 0034, msg_id - 0039, msg_len - 0007
D/QMI_FW  (  584): QCCI: reader_thread: Received 14 bytes from 254
D/QMI_FW  (  584): QCCI: QMI_CCI_RX: cntl_flag - 04, txn_id - 0000, msg_id - 0039, msg_len - 0007
D/PowerManagerService(  584): acquireWakeLock(43164378): PARTIAL_WAKE_LOCK , tag=LocationManagerService, flags=0x1, pid=584, uid=1000, mUserState=0x3
D/PowerManagerService(  584): releaseWakeLock(43164378): PARTIAL_WAKE_LOCK , tag=LocationManagerService, flags=0x1
V/LocationManagerService(  584): In handleLocationChangedLocked.For provider: passive
D/PowerManagerService(  584): acquireWakeLock(43044848): PARTIAL_WAKE_LOCK , tag=LocationManagerService, flags=0x1, pid=584, uid=1000, mUserState=0x3
D/PowerManagerService(  584): releaseWakeLock(43044848): PARTIAL_WAKE_LOCK , tag=LocationManagerService, flags=0x1
D/AutoSetting(  917): service - onStartCommand() action: com.htc.app.autosetting.location
D/AutoSetting(  917): service - handleMessage() incoming message, what:1
D/AutoSetting(  917): service - handleMessage() within range
D/PowerManagerService(  584): acquireWakeLock(4317d6f0): PARTIAL_WAKE_LOCK , tag=LocationManagerService, flags=0x1, pid=584, uid=1000, mUserState=0x3
D/PowerManagerService(  584): releaseWakeLock(4317d6f0): PARTIAL_WAKE_LOCK , tag=LocationManagerService, flags=0x1
D/PowerManagerService(  584): acquireWakeLock(42f710e8): PARTIAL_WAKE_LOCK , tag=LocationManagerService, flags=0x1, pid=584, uid=1000, mUserState=0x3
D/PowerManagerService(  584): releaseWakeLock(42f710e8): PARTIAL_WAKE_LOCK , tag=LocationManagerService, flags=0x1
D/StateMachine(  584): handleMessage: E msg.what=131155
D/StateMachine(  584): processMsg: ConnectedState
D/WifiStateMachine(  584): ConnectedState{ what=131155 when=-2ms target=Handler (com.android.internal.util.StateMachine$SmHandler) {42cae278} arg1=15 }
D/StateMachine(  584): processMsg: L2ConnectedState
D/WifiStateMachine(  584): L2ConnectedState{ what=131155 when=-3ms target=Handler (com.android.internal.util.StateMachine$SmHandler) {42cae278} arg1=15 }
D/WifiStateMachine(  584): fetchRssiAndLinkSpeedNative RSSI = -43
D/StateMachine(  584): handleMessage: X
D/TELEPHONY_CALLBACK(  840): @onSignalStrengthChanged: SignalStrength: 11 -1 -1 -1 -1 -1 -1 -1 -1 -1 2147483647 -1 gsm|lte
D/StatusBar.NetworkController(  840): dumpState[hasService=true ServiceState=0 home 3 3 27202  EDGE CSS not supported -1 -1 RoamInd=-1 DefRoamInd=-1EriInd= -1EriMode= -1RadioPowerSv: false EmergOnly=false PhoneType: 1 IsCdma=false SimState=UNKNOWN GprsState=0 DataState=Disconnected DataActivity=NONE NetworkType=EDGE HtcModemLinkOn=false HspaDataDistinquishable=true]
D/SIGNAL_ICON(  840): updateTelephonySignalStrength
D/SIGNAL_ICON(  840): fakeui srv=0 mTimerEnabled=false asu=11
D/SIGNAL_ICON(  840): asu=11
D/SIGNAL_ICON(  840): SUPPORT_5_LEVEL_SIGNAL
D/SIGNAL_ICON(  840): mapTelephonySignalStrength
D/SIGNAL_ICON(  840): maxLevel=5 asu=11 networkType=EDGE
D/SIGNAL_ICON(  840): return iconLevel=3
D/SIGNAL_ICON(  840): refreshViews: mPhoneSignalIconId -> stat_sys_5signal_3
D/StatusBar.NetworkController(  840): dumpIconState[dataVisible=false dataIconId=stat_sys_data_connected_hplus signalIconId=stat_sys_5signal_3 wifiVisible=true wifiIconId=stat_sys_wifi_signal_4 airplaneMode=false]
D/BatteryService(  584): updateBatteryStats: auto update.
D/PowerManagerService(  584): acquireWakeLock(42c29658): PARTIAL_WAKE_LOCK , tag=BatteryServiceUpdateStats, flags=0x1, pid=584, uid=1000, mUserState=0x3
D/PowerManagerService(  584): releaseWakeLock(42c29658): PARTIAL_WAKE_LOCK , tag=BatteryServiceUpdateStats, flags=0x1
D/BatteryService(  584): updateBatteryStats: update triggered by UEvent.
D/PowerManagerService(  584): acquireWakeLock(431d21c8): PARTIAL_WAKE_LOCK , tag=BatteryServiceUpdateStats, flags=0x1, pid=584, uid=1000, mUserState=0x3
D/HtcPowerSaver(  584): Received battery changed intent.
D/HtcPowerSaver(  584): Checking...
I/HtcPowerSaver(  584): >> updateStatus
D/PowerManagerService(  584): runHtcPowerSaverCheck ======================================
I/HtcPowerSaver(  584): currentStatus=8002, currentLevel=50, enableLevel=-1, enable=true, mAutoModeOn=false, popDialog=false, statusChangeTo=-1
I/HtcPowerSaver(  584): << updateStatus
D/UsbnetService(  584): BroadcastReceiver::onReceive+
D/UsbnetService(  584): onReceive BATTERY_CHANGED
D/UsbnetService(  584):  --> pluggedType = 2, mPluggedType = 0, mScreenOff = false
D/UsbnetService(  584): BroadcastReceiver::onReceive-
D/WifiService(  584): ACTION_BATTERY_CHANGED pluggedType: 2
D/NotificationService(  584): mIntentReceiver() Intent.ACTION_BATTERY_CHANGED
D/PowerUI (  840): closing low battery warning: level=50
D/PowerUI (  840): plugged = true, health = 2, mBatteryLevel = 50, mPluggedBatteryLevel = 34, mLowBatteryWarningLevel2 = 25, mshowLowChargingWarning2 = true
D/PowerManagerService(  584): releaseWakeLock(431d21c8): PARTIAL_WAKE_LOCK , tag=BatteryServiceUpdateStats, flags=0x1
D/SizeAdaptiveLayout(  840): com.android.internal.widget.SizeAdaptiveLayout@42560050child view android.widget.LinearLayout@42562450 measured out of bounds at 95px clamped to 96px
D/StateMachine(  584): handleMessage: E msg.what=131155
D/StateMachine(  584): processMsg: ConnectedState
D/WifiStateMachine(  584): ConnectedState{ what=131155 when=-4ms target=Handler (com.android.internal.util.StateMachine$SmHandler) {42cae278} arg1=15 }
D/StateMachine(  584): processMsg: L2ConnectedState
D/WifiStateMachine(  584): L2ConnectedState{ what=131155 when=-5ms target=Handler (com.android.internal.util.StateMachine$SmHandler) {42cae278} arg1=15 }
D/WifiStateMachine(  584): fetchRssiAndLinkSpeedNative RSSI = -42
D/StateMachine(  584): handleMessage: X
W/ProcessStats(  584): Skipping unknown process pid 13371
W/ProcessStats(  584): Skipping unknown process pid 13373
W/ProcessStats(  584): Skipping unknown process pid 13374
D/StateMachine(  584): handleMessage: E msg.what=131155
D/StateMachine(  584): processMsg: ConnectedState
D/WifiStateMachine(  584): ConnectedState{ what=131155 when=-3ms target=Handler (com.android.internal.util.StateMachine$SmHandler) {42cae278} arg1=15 }
D/StateMachine(  584): processMsg: L2ConnectedState
D/WifiStateMachine(  584): L2ConnectedState{ what=131155 when=-4ms target=Handler (com.android.internal.util.StateMachine$SmHandler) {42cae278} arg1=15 }
D/WifiStateMachine(  584): fetchRssiAndLinkSpeedNative RSSI = -42
D/StateMachine(  584): handleMessage: X
D/PowerManagerService(  584): acquireWakeLock(42b583b0): PARTIAL_WAKE_LOCK , tag=RILJ, flags=0x1, pid=984, uid=1001, mUserState=0x3
D/PowerManagerService(  584): releaseWakeLock(42b583b0): PARTIAL_WAKE_LOCK , tag=RILJ, flags=0x1
D/PowerManagerService(  584): acquireWakeLock(42d25ec8): PARTIAL_WAKE_LOCK , tag=RILJ, flags=0x1, pid=984, uid=1001, mUserState=0x3
D/PowerManagerService(  584): releaseWakeLock(42d25ec8): PARTIAL_WAKE_LOCK , tag=RILJ, flags=0x1
D/PowerManagerService(  584): acquireWakeLock(4317b4b8): PARTIAL_WAKE_LOCK , tag=RILJ, flags=0x1, pid=984, uid=1001, mUserState=0x3
D/PowerManagerService(  584): releaseWakeLock(4317b4b8): PARTIAL_WAKE_LOCK , tag=RILJ, flags=0x1
D/PowerManagerService(  584): acquireWakeLock(42f693e8): PARTIAL_WAKE_LOCK , tag=AlarmManager, flags=0x1, pid=584, uid=1000, mUserState=0x3
D/htcCheckinService(  584): Roaming is :false
V/AlarmManager(  584): sending alarm PendingIntent{422e4468: PendingIntentRecord{42f98a90 com.android.providers.htcCheckin broadcastIntent}}, intent=com.htc.checkin.HTC_CHECKIN, type=RTC_WAKEUP, count=1, when=1428444831245, repeateInterval=1209600000
I/htcCheckinService(  584): == Checkin triggered == A4.5(JB)
E/htcCheckinService(  584): can't get the url information = 
E/htcCheckinService(  584): java.lang.NullPointerException
E/htcCheckinService(  584): 	at com.android.providers.htcCheckin.htcCheckinService$CheckinThread.run(htcCheckinService.java:3175)
D/PowerManagerService(  584): releaseWakeLock(42f693e8): PARTIAL_WAKE_LOCK , tag=AlarmManager, flags=0x1
D/PowerManagerService(  584): acquireWakeLock(4311d158): PARTIAL_WAKE_LOCK , tag=htcCheckinService, flags=0x1, pid=584, uid=1000, mUserState=0x3
D/StateMachine(  584): handleMessage: E msg.what=131218
D/StateMachine(  584): processMsg: ConnectedState
D/WifiStateMachine(  584): ConnectedState{ what=131218 when=0 target=Handler (com.android.internal.util.StateMachine$SmHandler) {42cae278} }
D/StateMachine(  584): processMsg: L2ConnectedState
D/WifiStateMachine(  584): L2ConnectedState{ what=131218 when=-1ms target=Handler (com.android.internal.util.StateMachine$SmHandler) {42cae278} }
D/StateMachine(  584): processMsg: ConnectModeState
D/WifiStateMachine(  584): ConnectModeState{ what=131218 when=-1ms target=Handler (com.android.internal.util.StateMachine$SmHandler) {42cae278} }
D/StateMachine(  584): processMsg: DriverStartedState
D/WifiStateMachine(  584): DriverStartedState{ what=131218 when=-1ms target=Handler (com.android.internal.util.StateMachine$SmHandler) {42cae278} }
I/htcCheckinService(  584): Dump Checkin info:
D/StateMachine(  584): handleMessage: X
I/htcCheckinService(  584): Sending checkin request (1, 833 bytes)...
D/libc    (  249): _resolv_cache_lookup: lookup
D/libc    (  249): NOT IN CACHE
D/libc    (  249): [SMD][v0913] Extended TTL = 43200, original TTL = 105
I/global  (  584): call createSocket() return a new socket.
D/StateMachine(  584): handleMessage: E msg.what=131155
D/StateMachine(  584): processMsg: ConnectedState
D/WifiStateMachine(  584): ConnectedState{ what=131155 when=-1ms target=Handler (com.android.internal.util.StateMachine$SmHandler) {42cae278} arg1=15 }
D/StateMachine(  584): processMsg: L2ConnectedState
D/WifiStateMachine(  584): L2ConnectedState{ what=131155 when=-2ms target=Handler (com.android.internal.util.StateMachine$SmHandler) {42cae278} arg1=15 }
D/WifiStateMachine(  584): fetchRssiAndLinkSpeedNative RSSI = -43
D/StateMachine(  584): handleMessage: X
I/htcCheckinService(  584): (from server) bCancelAction:true
D/FOTA.AppUpdate(  584): Read downloadPath Exception: java.lang.NullPointerException
D/libc    (  249): _resolv_cache_lookup: lookup
D/libc    (  249): NOT IN CACHE
D/libc    (  249): [SMD][v0913] Extended TTL = 43200, original TTL = 43073
I/global  (  584): call createSocket() return a new socket.
I/htcCheckinService(  584): Checkin success
I/htcCheckinService(  584): == Checkin finished ==
D/PowerManagerService(  584): releaseWakeLock(4311d158): PARTIAL_WAKE_LOCK , tag=htcCheckinService, flags=0x1
D/StateMachine(  584): handleMessage: E msg.what=131155
D/StateMachine(  584): processMsg: ConnectedState
D/WifiStateMachine(  584): ConnectedState{ what=131155 when=-3ms target=Handler (com.android.internal.util.StateMachine$SmHandler) {42cae278} arg1=15 }
D/StateMachine(  584): processMsg: L2ConnectedState
D/WifiStateMachine(  584): L2ConnectedState{ what=131155 when=-3ms target=Handler (com.android.internal.util.StateMachine$SmHandler) {42cae278} arg1=15 }
D/WifiStateMachine(  584): fetchRssiAndLinkSpeedNative RSSI = -43
D/StateMachine(  584): handleMessage: X
D/StateMachine(  584): handleMessage: E msg.what=131155
D/StateMachine(  584): processMsg: ConnectedState
D/WifiStateMachine(  584): ConnectedState{ what=131155 when=-4ms target=Handler (com.android.internal.util.StateMachine$SmHandler) {42cae278} arg1=15 }
D/StateMachine(  584): processMsg: L2ConnectedState
D/WifiStateMachine(  584): L2ConnectedState{ what=131155 when=-5ms target=Handler (com.android.internal.util.StateMachine$SmHandler) {42cae278} arg1=15 }
D/WifiStateMachine(  584): fetchRssiAndLinkSpeedNative RSSI = -43
D/StateMachine(  584): handleMessage: X
D/PowerManagerService(  584): acquireWakeLock(4311cc88): PARTIAL_WAKE_LOCK , tag=AlarmManager, flags=0x1, pid=584, uid=1000, mUserState=0x3
V/AlarmManager(  584): sending alarm PendingIntent{42fe6f40: PendingIntentRecord{430a21e0 com.android.phone broadcastIntent}}, intent=com.android.internal.telephony.gprs-data-stall, type=ELAPSED_REALTIME, count=1, when=5822348, repeateInterval=0
D/PowerManagerService(  584): releaseWakeLock(4311cc88): PARTIAL_WAKE_LOCK , tag=AlarmManager, flags=0x1
D/PowerManagerService(  584): acquireWakeLock(431a5f38): PARTIAL_WAKE_LOCK , tag=AlarmManager, flags=0x1, pid=584, uid=1000, mUserState=0x3
V/AlarmManager(  584): sending alarm PendingIntent{429db508: PendingIntentRecord{42d0af18 android broadcastIntent}}, intent=android.intent.action.TIME_TICK, type=RTC, count=1, when=1427235240000, repeateInterval=0
D/PowerManagerService(  584): releaseWakeLock(431a5f38): PARTIAL_WAKE_LOCK , tag=AlarmManager, flags=0x1
D/PowerManagerService(  584): acquireWakeLock(42e4cbb0): PARTIAL_WAKE_LOCK , tag=AlarmManager, flags=0x1, pid=584, uid=1000, mUserState=0x3
V/AlarmManager(  584): sending alarm PendingIntent{42e5c630: PendingIntentRecord{42bd3198 com.google.android.location broadcastIntent}}, intent=com.google.android.location.nlp.ALARM_WAKEUP_LOCATOR, type=ELAPSED_REALTIME_WAKEUP, count=1, when=5825049, repeateInterval=0
D/PowerManagerService(  584): acquireWakeLock(43183390): PARTIAL_WAKE_LOCK , tag=NetworkLocationCallbackRunner, flags=0x1, pid=1061, uid=10017, mUserState=0x3
D/StateMachine(  584): handleMessage: E msg.what=131073
D/StateMachine(  584): processMsg: ConnectedState
D/WifiStateMachine(  584): ConnectedState{ what=131073 when=-2ms target=Handler (com.android.internal.util.StateMachine$SmHandler) {42cae278} arg1=2 }
D/StateMachine(  584): processMsg: L2ConnectedState
D/PowerManagerService(  584): releaseWakeLock(42e4cbb0): PARTIAL_WAKE_LOCK , tag=AlarmManager, flags=0x1
D/PowerManagerService(  584): acquireWakeLock(43404c00): PARTIAL_WAKE_LOCK , tag=NetworkLocationLocator, flags=0x1, pid=1061, uid=10017, mUserState=0x3
D/WifiService(  584): acquireWifiLockLocked: WifiLock{NetworkLocationLocator type=2 binder=android.os.BinderProxy@43235258}
D/WifiService(  584): updateWifiState(): wifiApEnabled: false, wifiApAirplaneMode: falsegetWifiEnabledState(): 3, getWifiApEnabledState: 11
D/WifiService(  584): updateWifiState(): mAirplaneModeOn.get(): false, mPersistWifiState.get(): 1
D/WifiService(  584): updateWifiState(): mEmergencyCallbackMode: false, mDeviceIdle: false, lockHeld: true, mStopWifiRequested:false
D/WifiService(  584): updateWifiState(): enable and start wifi
D/WifiStateMachine(  584): L2ConnectedState{ what=131073 when=-3ms target=Handler (com.android.internal.util.StateMachine$SmHandler) {42cae278} arg1=2 }
D/PowerManagerService(  584): releaseWakeLock(43183390): PARTIAL_WAKE_LOCK , tag=NetworkLocationCallbackRunner, flags=0x1
D/StateMachine(  584): processMsg: ConnectModeState
D/WifiStateMachine(  584): ConnectModeState{ what=131073 when=-16ms target=Handler (com.android.internal.util.StateMachine$SmHandler) {42cae278} arg1=2 }
D/StateMachine(  584): processMsg: DriverStartedState
D/WifiStateMachine(  584): DriverStartedState{ what=131073 when=-18ms target=Handler (com.android.internal.util.StateMachine$SmHandler) {42cae278} arg1=2 }
D/StateMachine(  584): processMsg: SupplicantStartedState
D/WifiStateMachine(  584): SupplicantStartedState{ what=131073 when=-29ms target=Handler (com.android.internal.util.StateMachine$SmHandler) {42cae278} arg1=2 }
D/StateMachine(  584): processMsg: SoftApStartedState
D/WifiStateMachine(  584): SoftApStartedState{ what=131073 when=-29ms target=Handler (com.android.internal.util.StateMachine$SmHandler) {42cae278} arg1=2 }
D/StateMachine(  584): processMsg: DefaultState
D/WifiStateMachine(  584): DefaultState{ what=131073 when=-30ms target=Handler (com.android.internal.util.StateMachine$SmHandler) {42cae278} arg1=2 }
D/StateMachine(  584): handleMessage: X
D/StateMachine(  584): handleMessage: E msg.what=131083
D/StateMachine(  584): processMsg: ConnectedState
D/WifiStateMachine(  584): ConnectedState{ what=131083 when=-29ms target=Handler (com.android.internal.util.StateMachine$SmHandler) {42cae278} }
D/StateMachine(  584): processMsg: L2ConnectedState
D/WifiStateMachine(  584): L2ConnectedState{ what=131083 when=-30ms target=Handler (com.android.internal.util.StateMachine$SmHandler) {42cae278} }
D/StateMachine(  584): processMsg: ConnectModeState
D/WifiStateMachine(  584): ConnectModeState{ what=131083 when=-30ms target=Handler (com.android.internal.util.StateMachine$SmHandler) {42cae278} }
D/StateMachine(  584): processMsg: DriverStartedState
D/WifiStateMachine(  584): DriverStartedState{ what=131083 when=-31ms target=Handler (com.android.internal.util.StateMachine$SmHandler) {42cae278} }
D/StateMachine(  584): processMsg: SupplicantStartedState
D/WifiStateMachine(  584): SupplicantStartedState{ what=131083 when=-31ms target=Handler (com.android.internal.util.StateMachine$SmHandler) {42cae278} }
D/StateMachine(  584): processMsg: SoftApStartedState
D/WifiStateMachine(  584): SoftApStartedState{ what=131083 when=-31ms target=Handler (com.android.internal.util.StateMachine$SmHandler) {42cae278} }
D/PowerManagerService(  584): acquireWakeLock(42d07bd0): PARTIAL_WAKE_LOCK , tag=RILJ, flags=0x1, pid=984, uid=1001, mUserState=0x3
D/StateMachine(  584): processMsg: DefaultState
D/WifiStateMachine(  584): DefaultState{ what=131083 when=-32ms target=Handler (com.android.internal.util.StateMachine$SmHandler) {42cae278} }
D/StateMachine(  584): handleMessage: X
D/StateMachine(  584): handleMessage: E msg.what=131144
D/StateMachine(  584): processMsg: ConnectedState
D/WifiStateMachine(  584): ConnectedState{ what=131144 when=-32ms target=Handler (com.android.internal.util.StateMachine$SmHandler) {42cae278} arg1=1 }
D/StateMachine(  584): processMsg: L2ConnectedState
D/WifiStateMachine(  584): L2ConnectedState{ what=131144 when=-33ms target=Handler (com.android.internal.util.StateMachine$SmHandler) {42cae278} arg1=1 }
D/StateMachine(  584): handleMessage: X
D/StateMachine(  584): handleMessage: E msg.what=131085
D/StateMachine(  584): processMsg: ConnectedState
D/WifiStateMachine(  584): ConnectedState{ what=131085 when=-33ms target=Handler (com.android.internal.util.StateMachine$SmHandler) {42cae278} }
D/StateMachine(  584): processMsg: L2ConnectedState
D/WifiStateMachine(  584): L2ConnectedState{ what=131085 when=-39ms target=Handler (com.android.internal.util.StateMachine$SmHandler) {42cae278} }
D/StateMachine(  584): processMsg: ConnectModeState
D/WifiStateMachine(  584): ConnectModeState{ what=131085 when=-40ms target=Handler (com.android.internal.util.StateMachine$SmHandler) {42cae278} }
D/StateMachine(  584): processMsg: DriverStartedState
D/WifiStateMachine(  584): DriverStartedState{ what=131085 when=-40ms target=Handler (com.android.internal.util.StateMachine$SmHandler) {42cae278} }
D/StateMachine(  584): handleMessage: X
D/StateMachine(  584): handleMessage: E msg.what=131149
D/StateMachine(  584): processMsg: ConnectedState
D/WifiStateMachine(  584): ConnectedState{ what=131149 when=-41ms target=Handler (com.android.internal.util.StateMachine$SmHandler) {42cae278} }
D/StateMachine(  584): processMsg: L2ConnectedState
D/PowerManagerService(  584): releaseWakeLock(42d07bd0): PARTIAL_WAKE_LOCK , tag=RILJ, flags=0x1
D/WifiStateMachine(  584): L2ConnectedState{ what=131149 when=-41ms target=Handler (com.android.internal.util.StateMachine$SmHandler) {42cae278} }
D/StateMachine(  584): processMsg: ConnectModeState
D/WifiStateMachine(  584): ConnectModeState{ what=131149 when=-42ms target=Handler (com.android.internal.util.StateMachine$SmHandler) {42cae278} }
D/StateMachine(  584): processMsg: DriverStartedState
D/WifiStateMachine(  584): DriverStartedState{ what=131149 when=-43ms target=Handler (com.android.internal.util.StateMachine$SmHandler) {42cae278} }
D/StateMachine(  584): handleMessage: X
D/StateMachine(  584): handleMessage: E msg.what=131143
D/StateMachine(  584): processMsg: ConnectedState
D/WifiStateMachine(  584): ConnectedState{ what=131143 when=-40ms target=Handler (com.android.internal.util.StateMachine$SmHandler) {42cae278} arg1=2 }
D/StateMachine(  584): processMsg: L2ConnectedState
D/WifiStateMachine(  584): L2ConnectedState{ what=131143 when=-41ms target=Handler (com.android.internal.util.StateMachine$SmHandler) {42cae278} arg1=2 }
D/StateMachine(  584): processMsg: ConnectModeState
D/WifiStateMachine(  584): ConnectModeState{ what=131143 when=-42ms target=Handler (com.android.internal.util.StateMachine$SmHandler) {42cae278} arg1=2 }
D/StateMachine(  584): processMsg: DriverStartedState
D/WifiStateMachine(  584): DriverStartedState{ what=131143 when=-42ms target=Handler (com.android.internal.util.StateMachine$SmHandler) {42cae278} arg1=2 }
I/wpa_supplicant(  809): SCAN enter
I/wpa_supplicant(  809): wlan0: wpa_supplicant_scan enter
I/wpa_supplicant(  809): wlan0: wpa_supplicant_scan wpa_s->conf->ap_scan=2 , scan_req =2
I/wpa_supplicant(  809): wpa_supplicant_trigger_scan +
D/StateMachine(  584): handleMessage: X
D/StateMachine(  584): handleMessage: E msg.what=131155
D/StateMachine(  584): processMsg: ConnectedState
D/WifiStateMachine(  584): ConnectedState{ what=131155 when=-1ms target=Handler (com.android.internal.util.StateMachine$SmHandler) {42cae278} arg1=15 }
D/StateMachine(  584): processMsg: L2ConnectedState
D/WifiStateMachine(  584): L2ConnectedState{ what=131155 when=-2ms target=Handler (com.android.internal.util.StateMachine$SmHandler) {42cae278} arg1=15 }
D/WifiStateMachine(  584): fetchRssiAndLinkSpeedNative RSSI = -43
D/StateMachine(  584): handleMessage: X
I/wpa_supplicant(  809): wlan0: [HTC] wpa_supplicant_event():2758- Got an original EVENT_SCAN_RESULTS
I/wpa_supplicant(  809): Got an original EVENT_SCAN_RESULTS
I/wpa_supplicant(  809): _wpa_supplicant_event_scan_results -
I/wpa_supplicant(  809): [Moulin Rouge] 70:54:d2:ae:26:93 freq=2412 qual=0 noise=0 level=-43 flags=0x2b
I/wpa_supplicant(  809): [Horizon Wi-Free] 72:54:d2:ae:26:95 freq=2412 qual=0 noise=0 level=-45 flags=0xb
I/wpa_supplicant(  809): [UPC2532832] c4:27:95:bc:5c:53 freq=2412 qual=0 noise=0 level=-68 flags=0xb
I/wpa_supplicant(  809): [Horizon Wi-Free] c6:27:95:bc:5c:55 freq=2412 qual=0 noise=0 level=-68 flags=0xb
I/wpa_supplicant(  809): [UPC235496] 00:24:8c:69:0a:f5 freq=2437 qual=0 noise=0 level=-86 flags=0xb
I/wpa_supplicant(  809): [] 02:24:8c:69:0a:f6 freq=2437 qual=0 noise=0 level=-89 flags=0xb
D/StateMachine(  584): handleMessage: E msg.what=147461
D/StateMachine(  584): processMsg: ConnectedState
D/WifiStateMachine(  584): ConnectedState{ what=147461 when=-1ms target=Handler (com.android.internal.util.StateMachine$SmHandler) {42cae278} }
D/StateMachine(  584): processMsg: L2ConnectedState
D/WifiStateMachine(  584): L2ConnectedState{ what=147461 when=-1ms target=Handler (com.android.internal.util.StateMachine$SmHandler) {42cae278} }
D/StateMachine(  584): processMsg: ConnectModeState
D/WifiStateMachine(  584): ConnectModeState{ what=147461 when=-2ms target=Handler (com.android.internal.util.StateMachine$SmHandler) {42cae278} }
D/StateMachine(  584): processMsg: DriverStartedState
D/WifiStateMachine(  584): DriverStartedState{ what=147461 when=-3ms target=Handler (com.android.internal.util.StateMachine$SmHandler) {42cae278} }
D/StateMachine(  584): processMsg: SupplicantStartedState
D/WifiStateMachine(  584): SupplicantStartedState{ what=147461 when=-4ms target=Handler (com.android.internal.util.StateMachine$SmHandler) {42cae278} }
D/WirelessDisplayService(  584): Receive Wifi scan results available intent.
D/WirelessDisplayService(  584): HANDLE_WIFI_SCAN_RESULT_AVAILABLE, dongle scan = 0
D/WirelessDisplayService(  584): constructDongleInfoFromWifi() dongleScan = false
D/WirelessDisplayService(  584): wfdservice: true, finger gesture: true, don't sendBroadcast
D/WirelessDisplayService(  584): getDiscoveryDongleList
D/StateMachine(  584): handleMessage: X
D/WifiService(  584): releaseWifiLockLocked: WifiLock{NetworkLocationLocator type=2 binder=android.os.BinderProxy@43235258}
D/HybridProvider(  584): getName
D/HybridProvider(  584): updateLocation.Not supported
D/StateMachine(  584): handleMessage: E msg.what=131073
D/StateMachine(  584): processMsg: ConnectedState
D/WifiStateMachine(  584): ConnectedState{ what=131073 when=0 target=Handler (com.android.internal.util.StateMachine$SmHandler) {42cae278} arg1=2 }
D/StateMachine(  584): processMsg: L2ConnectedState
D/WifiStateMachine(  584): L2ConnectedState{ what=131073 when=-1ms target=Handler (com.android.internal.util.StateMachine$SmHandler) {42cae278} arg1=2 }
D/StateMachine(  584): processMsg: ConnectModeState
D/WifiStateMachine(  584): ConnectModeState{ what=131073 when=-1ms target=Handler (com.android.internal.util.StateMachine$SmHandler) {42cae278} arg1=2 }
D/StateMachine(  584): processMsg: DriverStartedState
D/WifiStateMachine(  584): DriverStartedState{ what=131073 when=-1ms target=Handler (com.android.internal.util.StateMachine$SmHandler) {42cae278} arg1=2 }
D/StateMachine(  584): processMsg: SupplicantStartedState
D/WifiStateMachine(  584): SupplicantStartedState{ what=131073 when=-2ms target=Handler (com.android.internal.util.StateMachine$SmHandler) {42cae278} arg1=2 }
D/StateMachine(  584): processMsg: SoftApStartedState
D/WifiStateMachine(  584): SoftApStartedState{ what=131073 when=-2ms target=Handler (com.android.internal.util.StateMachine$SmHandler) {42cae278} arg1=2 }
D/StateMachine(  584): processMsg: DefaultState
D/WifiStateMachine(  584): DefaultState{ what=131073 when=-3ms target=Handler (com.android.internal.util.StateMachine$SmHandler) {42cae278} arg1=2 }
D/StateMachine(  584): handleMessage: X
D/StateMachine(  584): handleMessage: E msg.what=131083
D/StateMachine(  584): processMsg: ConnectedState
D/WifiStateMachine(  584): ConnectedState{ what=131083 when=-3ms target=Handler (com.android.internal.util.StateMachine$SmHandler) {42cae278} }
D/StateMachine(  584): processMsg: L2ConnectedState
D/WifiStateMachine(  584): L2ConnectedState{ what=131083 when=-4ms target=Handler (com.android.internal.util.StateMachine$SmHandler) {42cae278} }
D/StateMachine(  584): processMsg: ConnectModeState
D/WifiStateMachine(  584): ConnectModeState{ what=131083 when=-4ms target=Handler (com.android.internal.util.StateMachine$SmHandler) {42cae278} }
D/StateMachine(  584): processMsg: DriverStartedState
D/WifiStateMachine(  584): DriverStartedState{ what=131083 when=-4ms target=Handler (com.android.internal.util.StateMachine$SmHandler) {42cae278} }
D/StateMachine(  584): processMsg: SupplicantStartedState
D/WifiStateMachine(  584): SupplicantStartedState{ what=131083 when=-5ms target=Handler (com.android.internal.util.StateMachine$SmHandler) {42cae278} }
D/StateMachine(  584): processMsg: SoftApStartedState
D/WifiStateMachine(  584): SoftApStartedState{ what=131083 when=-5ms target=Handler (com.android.internal.util.StateMachine$SmHandler) {42cae278} }
D/StateMachine(  584): processMsg: DefaultState
D/WifiStateMachine(  584): DefaultState{ what=131083 when=-6ms target=Handler (com.android.internal.util.StateMachine$SmHandler) {42cae278} }
D/StateMachine(  584): handleMessage: X
D/StateMachine(  584): handleMessage: E msg.what=131144
D/StateMachine(  584): processMsg: ConnectedState
D/WifiStateMachine(  584): ConnectedState{ what=131144 when=-6ms target=Handler (com.android.internal.util.StateMachine$SmHandler) {42cae278} arg1=1 }
D/StateMachine(  584): processMsg: L2ConnectedState
D/WifiStateMachine(  584): L2ConnectedState{ what=131144 when=-7ms target=Handler (com.android.internal.util.StateMachine$SmHandler) {42cae278} arg1=1 }
D/StateMachine(  584): handleMessage: X
D/StateMachine(  584): handleMessage: E msg.what=131085
D/StateMachine(  584): processMsg: ConnectedState
D/WifiStateMachine(  584): ConnectedState{ what=131085 when=-7ms target=Handler (com.android.internal.util.StateMachine$SmHandler) {42cae278} }
D/StateMachine(  584): processMsg: L2ConnectedState
D/WifiStateMachine(  584): L2ConnectedState{ what=131085 when=-8ms target=Handler (com.android.internal.util.StateMachine$SmHandler) {42cae278} }
D/StateMachine(  584): processMsg: ConnectModeState
D/WifiStateMachine(  584): ConnectModeState{ what=131085 when=-8ms target=Handler (com.android.internal.util.StateMachine$SmHandler) {42cae278} }
D/StateMachine(  584): processMsg: DriverStartedState
D/WifiStateMachine(  584): DriverStartedState{ what=131085 when=-8ms target=Handler (com.android.internal.util.StateMachine$SmHandler) {42cae278} }
D/WifiService(  584): updateWifiState(): wifiApEnabled: false, wifiApAirplaneMode: falsegetWifiEnabledState(): 3, getWifiApEnabledState: 11
D/WifiService(  584): updateWifiState(): mAirplaneModeOn.get(): false, mPersistWifiState.get(): 1
D/WifiService(  584): updateWifiState(): mEmergencyCallbackMode: false, mDeviceIdle: false, lockHeld: true, mStopWifiRequested:false
D/WifiService(  584): updateWifiState(): enable and start wifi
D/StateMachine(  584): handleMessage: X
D/StateMachine(  584): handleMessage: E msg.what=131149
D/StateMachine(  584): processMsg: ConnectedState
D/WifiStateMachine(  584): ConnectedState{ what=131149 when=-10ms target=Handler (com.android.internal.util.StateMachine$SmHandler) {42cae278} }
D/StateMachine(  584): processMsg: L2ConnectedState
D/WifiStateMachine(  584): L2ConnectedState{ what=131149 when=-11ms target=Handler (com.android.internal.util.StateMachine$SmHandler) {42cae278} }
D/StateMachine(  584): processMsg: ConnectModeState
D/WifiStateMachine(  584): ConnectModeState{ what=131149 when=-11ms target=Handler (com.android.internal.util.StateMachine$SmHandler) {42cae278} }
D/StateMachine(  584): processMsg: DriverStartedState
D/WifiStateMachine(  584): DriverStartedState{ what=131149 when=-11ms target=Handler (com.android.internal.util.StateMachine$SmHandler) {42cae278} }
D/StateMachine(  584): handleMessage: X
D/GpsLocationProvider(  584): [handleMessage] message :7
D/GpsLocationProvider(  584): Gps MessageHandler. msg.what 7 msg.arg1:0 msg.arg2: 0
D/GpsLocationProvider(  584): [handleMessage] UPDATE_LOCATION
D/GpsLocationProvider(  584): handleUpdateLocation
D/PowerManagerService(  584): acquireWakeLock(431a3d40): PARTIAL_WAKE_LOCK , tag=GpsLocationProvider, flags=0x1, pid=584, uid=1000, mUserState=0x3
D/PowerManagerService(  584): releaseWakeLock(43404c00): PARTIAL_WAKE_LOCK , tag=NetworkLocationLocator, flags=0x1
