D/PowerManagerService(  588): acquireWakeLock(42b25a30): PARTIAL_WAKE_LOCK , tag=NlpWakeLock, flags=0x1, pid=27811, uid=10017, mUserState=0x0
D/PowerManagerService(  588): releaseWakeLock(42b25a30): PARTIAL_WAKE_LOCK , tag=NlpWakeLock, flags=0x1
D/PowerManagerService(  588): acquireWakeLock(42a1c9e8): PARTIAL_WAKE_LOCK , tag=GCoreFlp, flags=0x1, pid=27811, uid=10017, mUserState=0x0
D/PowerManagerService(  588): acquireWakeLock(42d0d838): PARTIAL_WAKE_LOCK , tag=GCoreFlp, flags=0x1, pid=27811, uid=10017, mUserState=0x0
D/PowerManagerService(  588): releaseWakeLock(42a1c9e8): PARTIAL_WAKE_LOCK , tag=GCoreFlp, flags=0x1
D/PowerManagerService(  588): releaseWakeLock(42d0d838): PARTIAL_WAKE_LOCK , tag=GCoreFlp, flags=0x1
D/PowerManagerService(  588): acquireWakeLock(42a9d948): PARTIAL_WAKE_LOCK , tag=NlpWakeLock, flags=0x1, pid=27811, uid=10017, mUserState=0x0
D/PowerManagerService(  588): releaseWakeLock(42a9d948): PARTIAL_WAKE_LOCK , tag=NlpWakeLock, flags=0x1
D/PowerManagerService(  588): acquireWakeLock(42bb4bc0): PARTIAL_WAKE_LOCK , tag=GCoreFlp, flags=0x1, pid=27811, uid=10017, mUserState=0x0
D/PowerManagerService(  588): acquireWakeLock(427e78a0): PARTIAL_WAKE_LOCK , tag=GCoreFlp, flags=0x1, pid=27811, uid=10017, mUserState=0x0
D/PowerManagerService(  588): releaseWakeLock(42bb4bc0): PARTIAL_WAKE_LOCK , tag=GCoreFlp, flags=0x1
D/PowerManagerService(  588): releaseWakeLock(427e78a0): PARTIAL_WAKE_LOCK , tag=GCoreFlp, flags=0x1
D/WifiService(  588): releaseWifiLockLocked: WifiLock{NlpWifiLock type=2 binder=android.os.BinderProxy@42640948}
D/WifiService(  588): updateWifiState(): wifiApEnabled: false, wifiApAirplaneMode: falsegetWifiEnabledState(): 3, getWifiApEnabledState: 11
D/WifiService(  588): updateWifiState(): mAirplaneModeOn.get(): false, mPersistWifiState.get(): 1
D/WifiService(  588): updateWifiState(): mEmergencyCallbackMode: false, mDeviceIdle: false, lockHeld: true, mStopWifiRequested:false
D/WifiService(  588): updateWifiState(): enable and start wifi
D/PowerManagerService(  588): releaseWakeLock(42b27ec8): PARTIAL_WAKE_LOCK , tag=NlpWakeLock, flags=0x1
D/PowerManagerService(  588): releaseWakeLock(4290fe20): FULL_WAKE_LOCK ACQUIRE_CAUSES_WAKEUP , tag=keyguard, flags=0x1000001a
D/PhoneStatusBar(  811): disable: < expand icons alerts ticker system_info back home recent* clock >
D/PowerManagerService(  588): acquireWakeLock(4233d000): PARTIAL_WAKE_LOCK , tag=*net_scheduler*, flags=0x1, pid=27794, uid=10017, mUserState=0x3
D/PowerManagerService(  588): releaseWakeLock(4233d000): PARTIAL_WAKE_LOCK , tag=*net_scheduler*, flags=0x1
D/PowerManagerService(  588): acquireWakeLock(4268fd10): PARTIAL_WAKE_LOCK , tag=IdleScreen:command_15, flags=0x1, pid=885, uid=10102, mUserState=0x3
D/PowerManagerService(  588): acquireWakeLock(42a18870): PARTIAL_WAKE_LOCK , tag=IdleScreen_base:remote_15, flags=0x1, pid=885, uid=10102, mUserState=0x3
D/PowerManagerService(  588): acquireWakeLock(42a18c58): PARTIAL_WAKE_LOCK , tag=IdleScreen:event_15, flags=0x1, pid=885, uid=10102, mUserState=0x3
D/PowerManagerService(  588): releaseWakeLock(4268fd10): PARTIAL_WAKE_LOCK , tag=IdleScreen:command_15, flags=0x1
D/PowerManagerService(  588): releaseWakeLock(42a18c58): PARTIAL_WAKE_LOCK , tag=IdleScreen:event_15, flags=0x1
W/InputMethodManagerService(  588): Window already focused, ignoring focus gain of: com.android.internal.view.IInputMethodClient$Stub$Proxy@425a4d78 attribute=android.view.inputmethod.EditorInfo@42b0c0e8
D/PowerManagerService(  588): releaseWakeLock(42a18870): PARTIAL_WAKE_LOCK , tag=IdleScreen_base:remote_15, flags=0x1
D/Socket_Alarm( 5828): registerHTCSocketMonitorCallBack
D/Socket_Alarm( 5828): set mSocketMonitor
D/Socket_Alarm( 5828): HTCSocketMonitorImpl::HTCSocketMonitorImpl
D/PowerManagerService(  588): acquireWakeLock(42dead78): PARTIAL_WAKE_LOCK , tag=AlarmManager, flags=0x1, pid=588, uid=1000, mUserState=0x3
V/AlarmManager(  588): sending alarm PendingIntent{42f01ee0: PendingIntentRecord{42ea9968 nz.barees.android.cachesensedemo broadcastIntent}}, intent=null, type=RTC_WAKEUP, count=2379708, when=1427824800000, repeateInterval=600000
V/AlarmManager(  588): sending alarm PendingIntent{42e000b0: PendingIntentRecord{42d5dae8 nz.barees.android.cachesensedemo broadcastIntent}}, intent=null, type=ELAPSED_REALTIME, count=12, when=172800000, repeateInterval=14400000
I/ActivityManager(  588): Start proc com.google.android.tts for service com.google.android.tts/.service.GoogleTTSService: pid=5955 uid=10039 gids={3003, 1015, 1028}
D/PowerManagerService(  588): acquireWakeLock(42b00ee8): PARTIAL_WAKE_LOCK , tag=wake:nz.barees.android.cachesensedemo/.WakefulSyncService, flags=0x1, pid=5828, uid=10175, mUserState=0x3
D/PowerManagerService(  588): releaseWakeLock(42dead78): PARTIAL_WAKE_LOCK , tag=AlarmManager, flags=0x1
D/PowerManagerService(  588): acquireWakeLock(42ad0ba8): PARTIAL_WAKE_LOCK , tag=CacheSenseWakelock, flags=0x1, pid=5828, uid=10175, mUserState=0x3
D/PowerManagerService(  588): releaseWakeLock(42b00ee8): PARTIAL_WAKE_LOCK , tag=wake:nz.barees.android.cachesensedemo/.WakefulSyncService, flags=0x1
D/PowerManagerService(  588): releaseWakeLock(42ad0ba8): PARTIAL_WAKE_LOCK , tag=CacheSenseWakelock, flags=0x1
D/WifiStateMachine(  588): fetchRssiAndLinkSpeedNative send RSSIChange intent, SameSignalLevelCount =1
D/WIFI_ICON(  811): updateWifiState: action=android.net.wifi.RSSI_CHANGED newRssi=-41 freq=2412 newLevel=3 lastWifiLevel=3
D/StatusBar.NetworkController(  811): dumpIconState[dataVisible=false dataIconId=stat_sys_data_out_3g_plus signalIconId=stat_sys_5signal_2 wifiVisible=true wifiIconId=stat_sys_wifi_signal_4 airplaneMode=false]
D/WifiStateMachine(  588): fetchRssiAndLinkSpeedNative send RSSIChange intent, SameSignalLevelCount =2
D/WIFI_ICON(  811): updateWifiState: action=android.net.wifi.RSSI_CHANGED newRssi=-44 freq=2412 newLevel=3 lastWifiLevel=3
D/StatusBar.NetworkController(  811): dumpIconState[dataVisible=false dataIconId=stat_sys_data_out_3g_plus signalIconId=stat_sys_5signal_2 wifiVisible=true wifiIconId=stat_sys_wifi_signal_4 airplaneMode=false]
D/PowerManagerService(  588): acquireWakeLock(42b39c38): CPU_MIN_NUM , tag=RosieScroll_2, flags=0x400, pid=1222, uid=9999, mUserState=0x3
D/PowerManagerService(  588): acquireWakeLock(42b13ba8): CPU_MIN_FREQ , tag=RosieScroll_2, flags=0x100, pid=1222, uid=9999, mUserState=0x3
D/PowerManagerService(  588): releaseWakeLock(42b39c38): CPU_MIN_NUM , tag=RosieScroll_2, flags=0x400
D/PowerManagerService(  588): releaseWakeLock(42b13ba8): CPU_MIN_FREQ , tag=RosieScroll_2, flags=0x100
D/PowerManagerService(  588): acquireWakeLock(42acf158): CPU_MIN_NUM , tag=RosieScroll_2, flags=0x400, pid=1222, uid=9999, mUserState=0x3
D/PowerManagerService(  588): acquireWakeLock(42ab42b0): CPU_MIN_FREQ , tag=RosieScroll_2, flags=0x100, pid=1222, uid=9999, mUserState=0x3
D/PowerManagerService(  588): releaseWakeLock(42acf158): CPU_MIN_NUM , tag=RosieScroll_2, flags=0x400
D/PowerManagerService(  588): releaseWakeLock(42ab42b0): CPU_MIN_FREQ , tag=RosieScroll_2, flags=0x100
D/PowerManagerService(  588): acquireWakeLock(42a8ccb0): CPU_MIN_NUM , tag=RosieScroll_2, flags=0x400, pid=1222, uid=9999, mUserState=0x3
D/PowerManagerService(  588): acquireWakeLock(42a836d8): CPU_MIN_FREQ , tag=RosieScroll_2, flags=0x100, pid=1222, uid=9999, mUserState=0x3
D/PowerManagerService(  588): releaseWakeLock(42a8ccb0): CPU_MIN_NUM , tag=RosieScroll_2, flags=0x400
D/PowerManagerService(  588): releaseWakeLock(42a836d8): CPU_MIN_FREQ , tag=RosieScroll_2, flags=0x100
D/TELEPHONY_CALLBACK(  811): @onSignalStrengthChanged: SignalStrength: 6 -1 -1 -1 -1 -1 -1 -1 -1 -1 2147483647 -1 gsm|lte
D/StatusBar.NetworkController(  811): dumpState[hasService=true ServiceState=0 home 3 3 27202  HSPA CSS not supported -1 -1 RoamInd=-1 DefRoamInd=-1EriInd= -1EriMode= -1RadioPowerSv: false EmergOnly=false PhoneType: 1 IsCdma=false SimState=UNKNOWN GprsState=0 DataState=Disconnected DataActivity=NONE NetworkType=HSPA HtcModemLinkOn=false HspaDataDistinquishable=true]
D/SIGNAL_ICON(  811): updateTelephonySignalStrength
D/SIGNAL_ICON(  811): fakeui srv=0 mTimerEnabled=false asu=6
D/SIGNAL_ICON(  811): asu=6
D/SIGNAL_ICON(  811): SUPPORT_5_LEVEL_SIGNAL
D/SIGNAL_ICON(  811): mapTelephonySignalStrength
D/SIGNAL_ICON(  811): maxLevel=5 asu=6 networkType=HSPA
D/SIGNAL_ICON(  811): return iconLevel=2
D/StatusBar.NetworkController(  811): dumpIconState[dataVisible=false dataIconId=stat_sys_data_out_3g_plus signalIconId=stat_sys_5signal_2 wifiVisible=true wifiIconId=stat_sys_wifi_signal_4 airplaneMode=false]
W/PowerManagerService(  588): Can not get flags by lock
W/CpuWake (  588): >>nativeAcquireCpuPerfWakeLock()
W/CpuWake (  588): <<nativeAcquireCpuPerfWakeLock()
I/ActivityManager(  588): START {act=android.intent.action.MAIN cat=[android.intent.category.LAUNCHER] flg=0x10200000 cmp=com.htc.notes/.collection.NoteCollectionActivity bnds=[275,68][400,210] u=0} from pid 1222
D/PowerManagerService(  588): acquireWakeLock(4280c078): PARTIAL_WAKE_LOCK , tag=ActivityManager-Launch, flags=0x1, pid=588, uid=1000, mUserState=0x3
I/ActivityManager(  588): Start proc com.htc.notes for activity com.htc.notes/.collection.NoteCollectionActivity: pid=5991 uid=9996 gids={3003, 1015, 1006, 2001, 1028}
I/ActivityManager(  588): Start proc com.htc.provider.notes for content provider com.htc.provider.notes/.HtcNotesProvider: pid=6007 uid=10014 gids={2001, 3003, 1015, 1028, 1006, 5005, 3002, 3001, 5003}
V/InputMethodManagerService(  588): unbindCurrentInputLocked: client = android.os.BinderProxy@429c3cd0
I/InputMethodManagerService(  588): Disable input method client.
V/InputMethodManagerService(  588): switching to client: client = android.os.BinderProxy@423eaa00
I/InputMethodManagerService(  588): Enable input method client.
D/PowerManagerService(  588): releaseWakeLock(4280c078): PARTIAL_WAKE_LOCK , tag=ActivityManager-Launch, flags=0x1
W/CpuWake (  588): >>nativeReleaseCpuPerfWakeLock()
W/CpuWake (  588): <<nativeReleaseCpuPerfWakeLock()
D/PowerManagerService(  588): acquireWakeLock(42920b38): CPU_MIN_FREQ , tag=HtcListViewScroll_4.951, flags=0x100, pid=5991, uid=9996, mUserState=0x3
D/PowerManagerService(  588): acquireWakeLock(4290a8d0): CPU_MIN_NUM , tag=HtcListViewScroll_4.951, flags=0x400, pid=5991, uid=9996, mUserState=0x3
D/PowerManagerService(  588): releaseWakeLock(42920b38): CPU_MIN_FREQ , tag=HtcListViewScroll_4.951, flags=0x100
D/PowerManagerService(  588): releaseWakeLock(4290a8d0): CPU_MIN_NUM , tag=HtcListViewScroll_4.951, flags=0x400
W/CpuWake (  588): >>nativeAcquireCpuPerfWakeLock()
W/CpuWake (  588): <<nativeAcquireCpuPerfWakeLock()
I/ActivityManager(  588): START {act=com.htc.intent.action.LAUNCHNOTE flg=0x20020000 cmp=com.htc.notes/.detail.NotesDetailActivity (has extras) u=0} from pid 5991
D/PowerManagerService(  588): acquireWakeLock(42499248): PARTIAL_WAKE_LOCK , tag=ActivityManager-Launch, flags=0x1, pid=588, uid=1000, mUserState=0x3
D/webcoreglue( 5991): netstack: Memory Cache feature is ON
D/HostStatisticManager( 5991): netstack: DNS Host Prioritization is: ON, Version: 5.0.1
D/        ( 5991): dl error message Cannot load library: link_image[1891]:   253 could not load needed library 'libcneapiclient.so' for 'libtcpfinaggr.so' (load_library[1093]: Library 'libcneapiclient.so' not found)
D/Socket_Pool( 5991): Failed to create TCP Fin Aggregation interface.
D/Socket_Pool( 5991): netstack: CloseUnusedSockets is ON
D/Socket_Pool( 5991): netstack: system net.statistics value: 0
D/Socket_Pool( 5991): Failed to create TCP Fin Aggregation interface.
D/Socket_Pool( 5991): netstack: CloseUnusedSockets is ON
D/Socket_Pool( 5991): netstack: system net.statistics value: 0
D/        ( 5991): external/chromium/net/http/http_getzip_factory.cc: libgetzip.so successfully loaded
D/        ( 5991): external/chromium/net/http/http_getzip_factory.cc,: GETzip initializing method was found in libgetzip.so
D/        ( 5991): netstack: Getzip is: ON, Version: 5.0.1
D/Socket_Pool( 5991): Failed to create TCP Fin Aggregation interface.
D/Socket_Pool( 5991): netstack: CloseUnusedSockets is ON
D/Socket_Pool( 5991): netstack: system net.statistics value: 0
D/Socket_Pool( 5991): Failed to create TCP Fin Aggregation interface.
D/Socket_Pool( 5991): netstack: CloseUnusedSockets is ON
D/Socket_Pool( 5991): netstack: system net.statistics value: 0
D/PowerManagerService(  588): releaseWakeLock(42499248): PARTIAL_WAKE_LOCK , tag=ActivityManager-Launch, flags=0x1
W/CpuWake (  588): >>nativeReleaseCpuPerfWakeLock()
W/CpuWake (  588): <<nativeReleaseCpuPerfWakeLock()
I/ActivityManager(  588): Recipient 5774
I/ActivityManager(  588): Process com.htc.MediaCacheService (pid 5774) has died.
D/TELEPHONY_CALLBACK(  811): @onSignalStrengthChanged: SignalStrength: 6 -1 -1 -1 -1 -1 -1 -1 -1 -1 2147483647 -1 gsm|lte
D/StatusBar.NetworkController(  811): dumpState[hasService=true ServiceState=0 home 3 3 27202  HSPA CSS not supported -1 -1 RoamInd=-1 DefRoamInd=-1EriInd= -1EriMode= -1RadioPowerSv: false EmergOnly=false PhoneType: 1 IsCdma=false SimState=UNKNOWN GprsState=0 DataState=Disconnected DataActivity=NONE NetworkType=HSPA HtcModemLinkOn=false HspaDataDistinquishable=true]
D/SIGNAL_ICON(  811): updateTelephonySignalStrength
D/SIGNAL_ICON(  811): fakeui srv=0 mTimerEnabled=false asu=6
D/SIGNAL_ICON(  811): asu=6
D/SIGNAL_ICON(  811): SUPPORT_5_LEVEL_SIGNAL
D/SIGNAL_ICON(  811): mapTelephonySignalStrength
D/SIGNAL_ICON(  811): maxLevel=5 asu=6 networkType=HSPA
D/SIGNAL_ICON(  811): return iconLevel=2
D/StatusBar.NetworkController(  811): dumpIconState[dataVisible=false dataIconId=stat_sys_data_out_3g_plus signalIconId=stat_sys_5signal_2 wifiVisible=true wifiIconId=stat_sys_wifi_signal_4 airplaneMode=false]
D/LocationManagerService(  588): _removeUpdates: listener = Receiver{42608300 Listener android.os.BinderProxy@42c65f08}mUpdateRecords: {network=UpdateRecord{4281a558 mProvider: network mUid: 10014}}
I/LocationManagerService(  588): remove network (pid 897), next minTime = 30000
V/LocationManagerService(  588): getProviders
V/LocationManagerService(  588): getLastKnownLocation: hybrid
V/LocationManagerService(  588): getLastKnownLocation: passive
D/TELEPHONY_CALLBACK(  811): @onSignalStrengthChanged: SignalStrength: 7 -1 -1 -1 -1 -1 -1 -1 -1 -1 2147483647 -1 gsm|lte
D/StatusBar.NetworkController(  811): dumpState[hasService=true ServiceState=0 home 3 3 27202  HSPA CSS not supported -1 -1 RoamInd=-1 DefRoamInd=-1EriInd= -1EriMode= -1RadioPowerSv: false EmergOnly=false PhoneType: 1 IsCdma=false SimState=UNKNOWN GprsState=0 DataState=Disconnected DataActivity=NONE NetworkType=HSPA HtcModemLinkOn=false HspaDataDistinquishable=true]
D/SIGNAL_ICON(  811): updateTelephonySignalStrength
D/SIGNAL_ICON(  811): fakeui srv=0 mTimerEnabled=false asu=7
D/SIGNAL_ICON(  811): asu=7
D/SIGNAL_ICON(  811): SUPPORT_5_LEVEL_SIGNAL
D/SIGNAL_ICON(  811): mapTelephonySignalStrength
D/SIGNAL_ICON(  811): maxLevel=5 asu=7 networkType=HSPA
D/SIGNAL_ICON(  811): return iconLevel=2
D/StatusBar.NetworkController(  811): dumpIconState[dataVisible=false dataIconId=stat_sys_data_out_3g_plus signalIconId=stat_sys_5signal_2 wifiVisible=true wifiIconId=stat_sys_wifi_signal_4 airplaneMode=false]
D/PowerManagerService(  588): acquireWakeLock(425b8630): PARTIAL_WAKE_LOCK , tag=AlarmManager, flags=0x1, pid=588, uid=1000, mUserState=0x3
V/AlarmManager(  588): sending alarm PendingIntent{424cdef8: PendingIntentRecord{42a86c48 com.google.android.gms broadcastIntent}}, intent=com.google.android.intent.action.MCS_HEARTBEAT, type=ELAPSED_REALTIME_WAKEUP, count=1, when=165926221, repeateInterval=0
D/PowerManagerService(  588): acquireWakeLock(4258f478): PARTIAL_WAKE_LOCK , tag=GCM_HB_ALARM, flags=0x1, pid=27794, uid=10017, mUserState=0x3
D/PowerManagerService(  588): releaseWakeLock(4258f478): PARTIAL_WAKE_LOCK , tag=GCM_HB_ALARM, flags=0x1
D/PowerManagerService(  588): releaseWakeLock(425b8630): PARTIAL_WAKE_LOCK , tag=AlarmManager, flags=0x1
D/PowerManagerService(  588): acquireWakeLock(422d0648): PARTIAL_WAKE_LOCK , tag=*net_scheduler*, flags=0x1, pid=27794, uid=10017, mUserState=0x3
D/PowerManagerService(  588): releaseWakeLock(422d0648): PARTIAL_WAKE_LOCK , tag=*net_scheduler*, flags=0x1
D/PowerManagerService(  588): acquireWakeLock(4224e640): PARTIAL_WAKE_LOCK , tag=GCM_CONN, flags=0x1, pid=27794, uid=10017, mUserState=0x3
D/ConnectivityService(  588): reportInetCondition for net 1, percentage: 100 by 27794/10017
D/ConnectivityService(  588): handleInetConditionChange: net=1, condition=100,mActiveDefaultNetwork=1
D/ConnectivityService(  588): handleInetConditionChange: starting a change hold
D/PowerManagerService(  588): releaseWakeLock(4224e640): PARTIAL_WAKE_LOCK , tag=GCM_CONN, flags=0x1
D/PowerManagerService(  588): acquireWakeLock(4202b9a0): PARTIAL_WAKE_LOCK , tag=*net_scheduler*, flags=0x1, pid=27794, uid=10017, mUserState=0x3
D/PowerManagerService(  588): releaseWakeLock(4202b9a0): PARTIAL_WAKE_LOCK , tag=*net_scheduler*, flags=0x1
D/ConnectivityService(  588): handleInetConditionHoldEnd: net=1, condition=100, published condition=100
D/ConnectivityService(  588): sendStickyBroadcast: action=android.net.conn.INET_CONDITION_ACTION
D/WIFI_ICON(  811): updateConnectivity: type=1 connected=true
D/StatusBar.NetworkController(  811): dumpState[hasService=true ServiceState=0 home 3 3 27202  HSPA CSS not supported -1 -1 RoamInd=-1 DefRoamInd=-1EriInd= -1EriMode= -1RadioPowerSv: false EmergOnly=false PhoneType: 1 IsCdma=false SimState=UNKNOWN GprsState=0 DataState=Disconnected DataActivity=NONE NetworkType=HSPA HtcModemLinkOn=false HspaDataDistinquishable=true]
D/StatusBar.NetworkController(  811): dumpIconState[dataVisible=false dataIconId=stat_sys_data_out_3g_plus signalIconId=stat_sys_5signal_2 wifiVisible=true wifiIconId=stat_sys_wifi_signal_4 airplaneMode=false]
D/PowerManagerService(  588): acquireWakeLock(42963698): PARTIAL_WAKE_LOCK , tag=AlarmManager, flags=0x1, pid=588, uid=1000, mUserState=0x3
V/AlarmManager(  588): sending alarm PendingIntent{42b80e20: PendingIntentRecord{42dfd438 com.whatsapp broadcastIntent}}, intent=com.whatsapp.messaging.MessageService.CLIENT_PINGER_ACTION, type=ELAPSED_REALTIME_WAKEUP, count=1, when=166176801, repeateInterval=240000
D/PowerManagerService(  588): releaseWakeLock(42963698): PARTIAL_WAKE_LOCK , tag=AlarmManager, flags=0x1
D/PowerManagerService(  588): acquireWakeLock(425290f8): PARTIAL_WAKE_LOCK , tag=AlarmManager, flags=0x1, pid=588, uid=1000, mUserState=0x3
V/AlarmManager(  588): sending alarm PendingIntent{422c63f8: PendingIntentRecord{42482cd0 android broadcastIntent}}, intent=android.intent.action.TIME_TICK, type=RTC, count=1, when=1427824560000, repeateInterval=0
D/PowerManagerService(  588): releaseWakeLock(425290f8): PARTIAL_WAKE_LOCK , tag=AlarmManager, flags=0x1
D/BatteryService(  588): updateBatteryStats: auto update.
D/PowerManagerService(  588): acquireWakeLock(424d9958): PARTIAL_WAKE_LOCK , tag=BatteryServiceUpdateStats, flags=0x1, pid=588, uid=1000, mUserState=0x3
D/PowerManagerService(  588): releaseWakeLock(424d9958): PARTIAL_WAKE_LOCK , tag=BatteryServiceUpdateStats, flags=0x1
D/BatteryService(  588): updateBatteryStats: update triggered by UEvent.
D/PowerManagerService(  588): acquireWakeLock(42214cb0): PARTIAL_WAKE_LOCK , tag=BatteryServiceUpdateStats, flags=0x1, pid=588, uid=1000, mUserState=0x3
D/WifiService(  588): ACTION_BATTERY_CHANGED pluggedType: 2
D/NotificationService(  588): mIntentReceiver() Intent.ACTION_BATTERY_CHANGED
D/PowerManagerService(  588): runHtcPowerSaverCheck ======================================
D/PowerUI (  811): closing low battery warning: level=15
D/PowerUI (  811): plugged = true, health = 2, mBatteryLevel = 15, mPluggedBatteryLevel = 12, mLowBatteryWarningLevel2 = 25, mshowLowChargingWarning2 = true
D/PowerManagerService(  588): releaseWakeLock(42214cb0): PARTIAL_WAKE_LOCK , tag=BatteryServiceUpdateStats, flags=0x1
V/LocationManagerService(  588): SettingsObserver(update): updateProvidersLocked
D/PowerManagerService(  588): acquireWakeLock(4242d118): PARTIAL_WAKE_LOCK , tag=GpsLocationProvider, flags=0x1, pid=588, uid=1000, mUserState=0x3
V/LocationManagerService(  588): SettingsObserver(update): updateProvidersLocked
V/LocationManagerService(  588): SettingsObserver(update): updateProvidersLocked
D/PowerManagerService(  588): releaseWakeLock(4242d118): PARTIAL_WAKE_LOCK , tag=GpsLocationProvider, flags=0x1
D/PowerManagerService(  588): acquireWakeLock(424e3fb0): PARTIAL_WAKE_LOCK , tag=AlarmManager, flags=0x1, pid=588, uid=1000, mUserState=0x3
V/AlarmManager(  588): sending alarm PendingIntent{429a21a0: PendingIntentRecord{4290d190 com.whatsapp broadcastIntent}}, intent=com.whatsapp.alarm.CLIENT_PING_TIMEOUT, type=ELAPSED_REALTIME_WAKEUP, count=1, when=165968829, repeateInterval=0
D/PowerManagerService(  588): releaseWakeLock(424e3fb0): PARTIAL_WAKE_LOCK , tag=AlarmManager, flags=0x1
D/TELEPHONY_CALLBACK(  811): @onSignalStrengthChanged: SignalStrength: 7 -1 -1 -1 -1 -1 -1 -1 -1 -1 2147483647 -1 gsm|lte
D/StatusBar.NetworkController(  811): dumpState[hasService=true ServiceState=0 home 3 3 27202  HSPA CSS not supported -1 -1 RoamInd=-1 DefRoamInd=-1EriInd= -1EriMode= -1RadioPowerSv: false EmergOnly=false PhoneType: 1 IsCdma=false SimState=UNKNOWN GprsState=0 DataState=Disconnected DataActivity=NONE NetworkType=HSPA HtcModemLinkOn=false HspaDataDistinquishable=true]
D/SIGNAL_ICON(  811): updateTelephonySignalStrength
D/SIGNAL_ICON(  811): fakeui srv=0 mTimerEnabled=false asu=7
D/SIGNAL_ICON(  811): asu=7
D/SIGNAL_ICON(  811): SUPPORT_5_LEVEL_SIGNAL
D/SIGNAL_ICON(  811): mapTelephonySignalStrength
D/SIGNAL_ICON(  811): maxLevel=5 asu=7 networkType=HSPA
D/SIGNAL_ICON(  811): return iconLevel=2
D/StatusBar.NetworkController(  811): dumpIconState[dataVisible=false dataIconId=stat_sys_data_out_3g_plus signalIconId=stat_sys_5signal_2 wifiVisible=true wifiIconId=stat_sys_wifi_signal_4 airplaneMode=false]
D/TELEPHONY_CALLBACK(  811): @onSignalStrengthChanged: SignalStrength: 7 -1 -1 -1 -1 -1 -1 -1 -1 -1 2147483647 -1 gsm|lte
D/StatusBar.NetworkController(  811): dumpState[hasService=true ServiceState=0 home 3 3 27202  HSPA CSS not supported -1 -1 RoamInd=-1 DefRoamInd=-1EriInd= -1EriMode= -1RadioPowerSv: false EmergOnly=false PhoneType: 1 IsCdma=false SimState=UNKNOWN GprsState=0 DataState=Disconnected DataActivity=NONE NetworkType=HSPA HtcModemLinkOn=false HspaDataDistinquishable=true]
D/SIGNAL_ICON(  811): updateTelephonySignalStrength
D/SIGNAL_ICON(  811): fakeui srv=0 mTimerEnabled=false asu=7
D/SIGNAL_ICON(  811): asu=7
D/SIGNAL_ICON(  811): SUPPORT_5_LEVEL_SIGNAL
D/SIGNAL_ICON(  811): mapTelephonySignalStrength
D/SIGNAL_ICON(  811): maxLevel=5 asu=7 networkType=HSPA
D/SIGNAL_ICON(  811): return iconLevel=2
D/StatusBar.NetworkController(  811): dumpIconState[dataVisible=false dataIconId=stat_sys_data_out_3g_plus signalIconId=stat_sys_5signal_2 wifiVisible=true wifiIconId=stat_sys_wifi_signal_4 airplaneMode=false]
D/PowerManagerService(  588): acquireWakeLock(427181c8): PARTIAL_WAKE_LOCK , tag=AlarmManager, flags=0x1, pid=588, uid=1000, mUserState=0x3
V/AlarmManager(  588): sending alarm PendingIntent{422c63f8: PendingIntentRecord{42482cd0 android broadcastIntent}}, intent=android.intent.action.TIME_TICK, type=RTC, count=1, when=1427824620000, repeateInterval=0
D/PowerManagerService(  588): releaseWakeLock(427181c8): PARTIAL_WAKE_LOCK , tag=AlarmManager, flags=0x1
D/TELEPHONY_CALLBACK(  811): @onSignalStrengthChanged: SignalStrength: 7 -1 -1 -1 -1 -1 -1 -1 -1 -1 2147483647 -1 gsm|lte
D/StatusBar.NetworkController(  811): dumpState[hasService=true ServiceState=0 home 3 3 27202  HSPA CSS not supported -1 -1 RoamInd=-1 DefRoamInd=-1EriInd= -1EriMode= -1RadioPowerSv: false EmergOnly=false PhoneType: 1 IsCdma=false SimState=UNKNOWN GprsState=0 DataState=Disconnected DataActivity=NONE NetworkType=HSPA HtcModemLinkOn=false HspaDataDistinquishable=true]
D/SIGNAL_ICON(  811): updateTelephonySignalStrength
D/SIGNAL_ICON(  811): fakeui srv=0 mTimerEnabled=false asu=7
D/SIGNAL_ICON(  811): asu=7
D/SIGNAL_ICON(  811): SUPPORT_5_LEVEL_SIGNAL
D/SIGNAL_ICON(  811): mapTelephonySignalStrength
D/SIGNAL_ICON(  811): maxLevel=5 asu=7 networkType=HSPA
D/SIGNAL_ICON(  811): return iconLevel=2
D/StatusBar.NetworkController(  811): dumpIconState[dataVisible=false dataIconId=stat_sys_data_out_3g_plus signalIconId=stat_sys_5signal_2 wifiVisible=true wifiIconId=stat_sys_wifi_signal_4 airplaneMode=false]
D/TELEPHONY_CALLBACK(  811): @onSignalStrengthChanged: SignalStrength: 6 -1 -1 -1 -1 -1 -1 -1 -1 -1 2147483647 -1 gsm|lte
D/StatusBar.NetworkController(  811): dumpState[hasService=true ServiceState=0 home 3 3 27202  HSPA CSS not supported -1 -1 RoamInd=-1 DefRoamInd=-1EriInd= -1EriMode= -1RadioPowerSv: false EmergOnly=false PhoneType: 1 IsCdma=false SimState=UNKNOWN GprsState=0 DataState=Disconnected DataActivity=NONE NetworkType=HSPA HtcModemLinkOn=false HspaDataDistinquishable=true]
D/SIGNAL_ICON(  811): updateTelephonySignalStrength
D/SIGNAL_ICON(  811): fakeui srv=0 mTimerEnabled=false asu=6
D/SIGNAL_ICON(  811): asu=6
D/SIGNAL_ICON(  811): SUPPORT_5_LEVEL_SIGNAL
D/SIGNAL_ICON(  811): mapTelephonySignalStrength
D/SIGNAL_ICON(  811): maxLevel=5 asu=6 networkType=HSPA
D/SIGNAL_ICON(  811): return iconLevel=2
D/StatusBar.NetworkController(  811): dumpIconState[dataVisible=false dataIconId=stat_sys_data_out_3g_plus signalIconId=stat_sys_5signal_2 wifiVisible=true wifiIconId=stat_sys_wifi_signal_4 airplaneMode=false]
D/BatteryService(  588): updateBatteryStats: auto update.
D/PowerManagerService(  588): acquireWakeLock(42b01ce8): PARTIAL_WAKE_LOCK , tag=BatteryServiceUpdateStats, flags=0x1, pid=588, uid=1000, mUserState=0x3
D/PowerManagerService(  588): releaseWakeLock(42b01ce8): PARTIAL_WAKE_LOCK , tag=BatteryServiceUpdateStats, flags=0x1
D/BatteryService(  588): updateBatteryStats: update triggered by UEvent.
D/PowerManagerService(  588): acquireWakeLock(42a16d10): PARTIAL_WAKE_LOCK , tag=BatteryServiceUpdateStats, flags=0x1, pid=588, uid=1000, mUserState=0x3
D/WifiService(  588): ACTION_BATTERY_CHANGED pluggedType: 2
D/NotificationService(  588): mIntentReceiver() Intent.ACTION_BATTERY_CHANGED
D/PowerManagerService(  588): runHtcPowerSaverCheck ======================================
D/PowerUI (  811): closing low battery warning: level=15
D/PowerUI (  811): plugged = true, health = 2, mBatteryLevel = 15, mPluggedBatteryLevel = 12, mLowBatteryWarningLevel2 = 25, mshowLowChargingWarning2 = true
D/PowerManagerService(  588): releaseWakeLock(42a16d10): PARTIAL_WAKE_LOCK , tag=BatteryServiceUpdateStats, flags=0x1
D/TELEPHONY_CALLBACK(  811): @onSignalStrengthChanged: SignalStrength: 7 -1 -1 -1 -1 -1 -1 -1 -1 -1 2147483647 -1 gsm|lte
D/StatusBar.NetworkController(  811): dumpState[hasService=true ServiceState=0 home 3 3 27202  HSPA CSS not supported -1 -1 RoamInd=-1 DefRoamInd=-1EriInd= -1EriMode= -1RadioPowerSv: false EmergOnly=false PhoneType: 1 IsCdma=false SimState=UNKNOWN GprsState=0 DataState=Disconnected DataActivity=NONE NetworkType=HSPA HtcModemLinkOn=false HspaDataDistinquishable=true]
D/SIGNAL_ICON(  811): updateTelephonySignalStrength
D/SIGNAL_ICON(  811): fakeui srv=0 mTimerEnabled=false asu=7
D/SIGNAL_ICON(  811): asu=7
D/SIGNAL_ICON(  811): SUPPORT_5_LEVEL_SIGNAL
D/SIGNAL_ICON(  811): mapTelephonySignalStrength
D/SIGNAL_ICON(  811): maxLevel=5 asu=7 networkType=HSPA
D/SIGNAL_ICON(  811): return iconLevel=2
D/StatusBar.NetworkController(  811): dumpIconState[dataVisible=false dataIconId=stat_sys_data_out_3g_plus signalIconId=stat_sys_5signal_2 wifiVisible=true wifiIconId=stat_sys_wifi_signal_4 airplaneMode=false]
W/ThrottleService(  588): unable to find stats for iface rmnet0
D/PowerManagerService(  588): acquireWakeLock(42a1f228): PARTIAL_WAKE_LOCK , tag=AlarmManager, flags=0x1, pid=588, uid=1000, mUserState=0x3
V/AlarmManager(  588): sending alarm PendingIntent{4236d8e8: PendingIntentRecord{42081c38 android broadcastIntent}}, intent=com.android.server.ThrottleManager.action.POLL, type=ELAPSED_REALTIME, count=1, when=166023504, repeateInterval=0
D/PowerManagerService(  588): releaseWakeLock(42a1f228): PARTIAL_WAKE_LOCK , tag=AlarmManager, flags=0x1
D/TELEPHONY_CALLBACK(  811): @onSignalStrengthChanged: SignalStrength: 7 -1 -1 -1 -1 -1 -1 -1 -1 -1 2147483647 -1 gsm|lte
D/StatusBar.NetworkController(  811): dumpState[hasService=true ServiceState=0 home 3 3 27202  HSPA CSS not supported -1 -1 RoamInd=-1 DefRoamInd=-1EriInd= -1EriMode= -1RadioPowerSv: false EmergOnly=false PhoneType: 1 IsCdma=false SimState=UNKNOWN GprsState=0 DataState=Disconnected DataActivity=NONE NetworkType=HSPA HtcModemLinkOn=false HspaDataDistinquishable=true]
D/SIGNAL_ICON(  811): updateTelephonySignalStrength
D/SIGNAL_ICON(  811): fakeui srv=0 mTimerEnabled=false asu=7
D/SIGNAL_ICON(  811): asu=7
D/SIGNAL_ICON(  811): SUPPORT_5_LEVEL_SIGNAL
D/SIGNAL_ICON(  811): mapTelephonySignalStrength
D/SIGNAL_ICON(  811): maxLevel=5 asu=7 networkType=HSPA
D/SIGNAL_ICON(  811): return iconLevel=2
D/StatusBar.NetworkController(  811): dumpIconState[dataVisible=false dataIconId=stat_sys_data_out_3g_plus signalIconId=stat_sys_5signal_2 wifiVisible=true wifiIconId=stat_sys_wifi_signal_4 airplaneMode=false]
D/TELEPHONY_CALLBACK(  811): @onSignalStrengthChanged: SignalStrength: 7 -1 -1 -1 -1 -1 -1 -1 -1 -1 2147483647 -1 gsm|lte
D/StatusBar.NetworkController(  811): dumpState[hasService=true ServiceState=0 home 3 3 27202  HSPA CSS not supported -1 -1 RoamInd=-1 DefRoamInd=-1EriInd= -1EriMode= -1RadioPowerSv: false EmergOnly=false PhoneType: 1 IsCdma=false SimState=UNKNOWN GprsState=0 DataState=Disconnected DataActivity=NONE NetworkType=HSPA HtcModemLinkOn=false HspaDataDistinquishable=true]
D/SIGNAL_ICON(  811): updateTelephonySignalStrength
D/SIGNAL_ICON(  811): fakeui srv=0 mTimerEnabled=false asu=7
D/SIGNAL_ICON(  811): asu=7
D/SIGNAL_ICON(  811): SUPPORT_5_LEVEL_SIGNAL
D/SIGNAL_ICON(  811): mapTelephonySignalStrength
D/SIGNAL_ICON(  811): maxLevel=5 asu=7 networkType=HSPA
D/SIGNAL_ICON(  811): return iconLevel=2
D/StatusBar.NetworkController(  811): dumpIconState[dataVisible=false dataIconId=stat_sys_data_out_3g_plus signalIconId=stat_sys_5signal_2 wifiVisible=true wifiIconId=stat_sys_wifi_signal_4 airplaneMode=false]
D/PowerManagerService(  588): acquireWakeLock(42ab1b08): PARTIAL_WAKE_LOCK , tag=AlarmManager, flags=0x1, pid=588, uid=1000, mUserState=0x3
V/AlarmManager(  588): sending alarm PendingIntent{42b8c060: PendingIntentRecord{42dfffd0 com.whatsapp broadcastIntent}}, intent=com.whatsapp.messaging.MessageService.LOGOUT_ACTION, type=ELAPSED_REALTIME_WAKEUP, count=1, when=166041798, repeateInterval=0
D/PowerManagerService(  588): releaseWakeLock(42ab1b08): PARTIAL_WAKE_LOCK , tag=AlarmManager, flags=0x1
D/TELEPHONY_CALLBACK(  811): @onSignalStrengthChanged: SignalStrength: 6 -1 -1 -1 -1 -1 -1 -1 -1 -1 2147483647 -1 gsm|lte
D/StatusBar.NetworkController(  811): dumpState[hasService=true ServiceState=0 home 3 3 27202  HSPA CSS not supported -1 -1 RoamInd=-1 DefRoamInd=-1EriInd= -1EriMode= -1RadioPowerSv: false EmergOnly=false PhoneType: 1 IsCdma=false SimState=UNKNOWN GprsState=0 DataState=Disconnected DataActivity=NONE NetworkType=HSPA HtcModemLinkOn=false HspaDataDistinquishable=true]
D/SIGNAL_ICON(  811): updateTelephonySignalStrength
D/SIGNAL_ICON(  811): fakeui srv=0 mTimerEnabled=false asu=6
D/SIGNAL_ICON(  811): asu=6
D/SIGNAL_ICON(  811): SUPPORT_5_LEVEL_SIGNAL
D/SIGNAL_ICON(  811): mapTelephonySignalStrength
D/SIGNAL_ICON(  811): maxLevel=5 asu=6 networkType=HSPA
D/SIGNAL_ICON(  811): return iconLevel=2
D/StatusBar.NetworkController(  811): dumpIconState[dataVisible=false dataIconId=stat_sys_data_out_3g_plus signalIconId=stat_sys_5signal_2 wifiVisible=true wifiIconId=stat_sys_wifi_signal_4 airplaneMode=false]
D/TELEPHONY_CALLBACK(  811): @onSignalStrengthChanged: SignalStrength: 7 -1 -1 -1 -1 -1 -1 -1 -1 -1 2147483647 -1 gsm|lte
D/StatusBar.NetworkController(  811): dumpState[hasService=true ServiceState=0 home 3 3 27202  HSPA CSS not supported -1 -1 RoamInd=-1 DefRoamInd=-1EriInd= -1EriMode= -1RadioPowerSv: false EmergOnly=false PhoneType: 1 IsCdma=false SimState=UNKNOWN GprsState=0 DataState=Disconnected DataActivity=NONE NetworkType=HSPA HtcModemLinkOn=false HspaDataDistinquishable=true]
D/SIGNAL_ICON(  811): updateTelephonySignalStrength
D/SIGNAL_ICON(  811): fakeui srv=0 mTimerEnabled=false asu=7
D/SIGNAL_ICON(  811): asu=7
D/SIGNAL_ICON(  811): SUPPORT_5_LEVEL_SIGNAL
D/SIGNAL_ICON(  811): mapTelephonySignalStrength
D/SIGNAL_ICON(  811): maxLevel=5 asu=7 networkType=HSPA
D/SIGNAL_ICON(  811): return iconLevel=2
D/StatusBar.NetworkController(  811): dumpIconState[dataVisible=false dataIconId=stat_sys_data_out_3g_plus signalIconId=stat_sys_5signal_2 wifiVisible=true wifiIconId=stat_sys_wifi_signal_4 airplaneMode=false]
D/PowerManagerService(  588): acquireWakeLock(429d2c00): PARTIAL_WAKE_LOCK , tag=AlarmManager, flags=0x1, pid=588, uid=1000, mUserState=0x3
V/AlarmManager(  588): sending alarm PendingIntent{422c63f8: PendingIntentRecord{42482cd0 android broadcastIntent}}, intent=android.intent.action.TIME_TICK, type=RTC, count=1, when=1427824680000, repeateInterval=0
D/PowerManagerService(  588): releaseWakeLock(429d2c00): PARTIAL_WAKE_LOCK , tag=AlarmManager, flags=0x1
D/PowerManagerService(  588): acquireWakeLock(42a25cf8): PARTIAL_WAKE_LOCK , tag=AlarmManager, flags=0x1, pid=588, uid=1000, mUserState=0x3
V/AlarmManager(  588): sending alarm PendingIntent{42493af0: PendingIntentRecord{426a1cd8 com.google.android.gms broadcastIntent}}, intent=null, type=RTC_WAKEUP, count=1, when=1427826483431, repeateInterval=1800000
D/PowerManagerService(  588): acquireWakeLock(42a9dd80): PARTIAL_WAKE_LOCK , tag=Event Log Handoff, flags=0x1, pid=27853, uid=10017, mUserState=0x3
D/PowerManagerService(  588): releaseWakeLock(42a25cf8): PARTIAL_WAKE_LOCK , tag=AlarmManager, flags=0x1
D/PowerManagerService(  588): acquireWakeLock(428886d0): PARTIAL_WAKE_LOCK , tag=Event Log Service, flags=0x1, pid=27853, uid=10017, mUserState=0x3
D/PowerManagerService(  588): releaseWakeLock(42a9dd80): PARTIAL_WAKE_LOCK , tag=Event Log Handoff, flags=0x1
D/PowerManagerService(  588): releaseWakeLock(428886d0): PARTIAL_WAKE_LOCK , tag=Event Log Service, flags=0x1
D/TELEPHONY_CALLBACK(  811): @onSignalStrengthChanged: SignalStrength: 6 -1 -1 -1 -1 -1 -1 -1 -1 -1 2147483647 -1 gsm|lte
D/StatusBar.NetworkController(  811): dumpState[hasService=true ServiceState=0 home 3 3 27202  HSPA CSS not supported -1 -1 RoamInd=-1 DefRoamInd=-1EriInd= -1EriMode= -1RadioPowerSv: false EmergOnly=false PhoneType: 1 IsCdma=false SimState=UNKNOWN GprsState=0 DataState=Disconnected DataActivity=NONE NetworkType=HSPA HtcModemLinkOn=false HspaDataDistinquishable=true]
D/SIGNAL_ICON(  811): updateTelephonySignalStrength
D/SIGNAL_ICON(  811): fakeui srv=0 mTimerEnabled=false asu=6
D/SIGNAL_ICON(  811): asu=6
D/SIGNAL_ICON(  811): SUPPORT_5_LEVEL_SIGNAL
D/SIGNAL_ICON(  811): mapTelephonySignalStrength
D/SIGNAL_ICON(  811): maxLevel=5 asu=6 networkType=HSPA
D/SIGNAL_ICON(  811): return iconLevel=2
D/StatusBar.NetworkController(  811): dumpIconState[dataVisible=false dataIconId=stat_sys_data_out_3g_plus signalIconId=stat_sys_5signal_2 wifiVisible=true wifiIconId=stat_sys_wifi_signal_4 airplaneMode=false]
D/BatteryService(  588): updateBatteryStats: auto update.
D/PowerManagerService(  588): acquireWakeLock(42a27010): PARTIAL_WAKE_LOCK , tag=BatteryServiceUpdateStats, flags=0x1, pid=588, uid=1000, mUserState=0x3
D/PowerManagerService(  588): releaseWakeLock(42a27010): PARTIAL_WAKE_LOCK , tag=BatteryServiceUpdateStats, flags=0x1
D/BatteryService(  588): updateBatteryStats: update triggered by UEvent.
D/PowerManagerService(  588): acquireWakeLock(42c84fa0): PARTIAL_WAKE_LOCK , tag=BatteryServiceUpdateStats, flags=0x1, pid=588, uid=1000, mUserState=0x3
D/WifiService(  588): ACTION_BATTERY_CHANGED pluggedType: 2
D/NotificationService(  588): mIntentReceiver() Intent.ACTION_BATTERY_CHANGED
D/PowerManagerService(  588): runHtcPowerSaverCheck ======================================
D/PowerUI (  811): closing low battery warning: level=15
D/PowerUI (  811): plugged = true, health = 2, mBatteryLevel = 15, mPluggedBatteryLevel = 12, mLowBatteryWarningLevel2 = 25, mshowLowChargingWarning2 = true
D/PowerManagerService(  588): releaseWakeLock(42c84fa0): PARTIAL_WAKE_LOCK , tag=BatteryServiceUpdateStats, flags=0x1
D/TELEPHONY_CALLBACK(  811): @onSignalStrengthChanged: SignalStrength: 7 -1 -1 -1 -1 -1 -1 -1 -1 -1 2147483647 -1 gsm|lte
D/StatusBar.NetworkController(  811): dumpState[hasService=true ServiceState=0 home 3 3 27202  HSPA CSS not supported -1 -1 RoamInd=-1 DefRoamInd=-1EriInd= -1EriMode= -1RadioPowerSv: false EmergOnly=false PhoneType: 1 IsCdma=false SimState=UNKNOWN GprsState=0 DataState=Disconnected DataActivity=NONE NetworkType=HSPA HtcModemLinkOn=false HspaDataDistinquishable=true]
D/SIGNAL_ICON(  811): updateTelephonySignalStrength
D/SIGNAL_ICON(  811): fakeui srv=0 mTimerEnabled=false asu=7
D/SIGNAL_ICON(  811): asu=7
D/SIGNAL_ICON(  811): SUPPORT_5_LEVEL_SIGNAL
D/SIGNAL_ICON(  811): mapTelephonySignalStrength
D/SIGNAL_ICON(  811): maxLevel=5 asu=7 networkType=HSPA
D/SIGNAL_ICON(  811): return iconLevel=2
D/StatusBar.NetworkController(  811): dumpIconState[dataVisible=false dataIconId=stat_sys_data_out_3g_plus signalIconId=stat_sys_5signal_2 wifiVisible=true wifiIconId=stat_sys_wifi_signal_4 airplaneMode=false]
D/TELEPHONY_CALLBACK(  811): @onSignalStrengthChanged: SignalStrength: 7 -1 -1 -1 -1 -1 -1 -1 -1 -1 2147483647 -1 gsm|lte
D/StatusBar.NetworkController(  811): dumpState[hasService=true ServiceState=0 home 3 3 27202  HSPA CSS not supported -1 -1 RoamInd=-1 DefRoamInd=-1EriInd= -1EriMode= -1RadioPowerSv: false EmergOnly=false PhoneType: 1 IsCdma=false SimState=UNKNOWN GprsState=0 DataState=Disconnected DataActivity=NONE NetworkType=HSPA HtcModemLinkOn=false HspaDataDistinquishable=true]
D/SIGNAL_ICON(  811): updateTelephonySignalStrength
D/SIGNAL_ICON(  811): fakeui srv=0 mTimerEnabled=false asu=7
D/SIGNAL_ICON(  811): asu=7
D/SIGNAL_ICON(  811): SUPPORT_5_LEVEL_SIGNAL
D/SIGNAL_ICON(  811): mapTelephonySignalStrength
D/SIGNAL_ICON(  811): maxLevel=5 asu=7 networkType=HSPA
D/SIGNAL_ICON(  811): return iconLevel=2
D/StatusBar.NetworkController(  811): dumpIconState[dataVisible=false dataIconId=stat_sys_data_out_3g_plus signalIconId=stat_sys_5signal_2 wifiVisible=true wifiIconId=stat_sys_wifi_signal_4 airplaneMode=false]
D/TELEPHONY_CALLBACK(  811): @onSignalStrengthChanged: SignalStrength: 7 -1 -1 -1 -1 -1 -1 -1 -1 -1 2147483647 -1 gsm|lte
D/StatusBar.NetworkController(  811): dumpState[hasService=true ServiceState=0 home 3 3 27202  HSPA CSS not supported -1 -1 RoamInd=-1 DefRoamInd=-1EriInd= -1EriMode= -1RadioPowerSv: false EmergOnly=false PhoneType: 1 IsCdma=false SimState=UNKNOWN GprsState=0 DataState=Disconnected DataActivity=NONE NetworkType=HSPA HtcModemLinkOn=false HspaDataDistinquishable=true]
D/SIGNAL_ICON(  811): updateTelephonySignalStrength
D/SIGNAL_ICON(  811): fakeui srv=0 mTimerEnabled=false asu=7
D/SIGNAL_ICON(  811): asu=7
D/SIGNAL_ICON(  811): SUPPORT_5_LEVEL_SIGNAL
D/SIGNAL_ICON(  811): mapTelephonySignalStrength
D/SIGNAL_ICON(  811): maxLevel=5 asu=7 networkType=HSPA
D/SIGNAL_ICON(  811): return iconLevel=2
D/StatusBar.NetworkController(  811): dumpIconState[dataVisible=false dataIconId=stat_sys_data_out_3g_plus signalIconId=stat_sys_5signal_2 wifiVisible=true wifiIconId=stat_sys_wifi_signal_4 airplaneMode=false]
D/TELEPHONY_CALLBACK(  811): @onSignalStrengthChanged: SignalStrength: 7 -1 -1 -1 -1 -1 -1 -1 -1 -1 2147483647 -1 gsm|lte
D/StatusBar.NetworkController(  811): dumpState[hasService=true ServiceState=0 home 3 3 27202  HSPA CSS not supported -1 -1 RoamInd=-1 DefRoamInd=-1EriInd= -1EriMode= -1RadioPowerSv: false EmergOnly=false PhoneType: 1 IsCdma=false SimState=UNKNOWN GprsState=0 DataState=Disconnected DataActivity=NONE NetworkType=HSPA HtcModemLinkOn=false HspaDataDistinquishable=true]
D/SIGNAL_ICON(  811): updateTelephonySignalStrength
D/SIGNAL_ICON(  811): fakeui srv=0 mTimerEnabled=false asu=7
D/SIGNAL_ICON(  811): asu=7
D/SIGNAL_ICON(  811): SUPPORT_5_LEVEL_SIGNAL
D/SIGNAL_ICON(  811): mapTelephonySignalStrength
D/SIGNAL_ICON(  811): maxLevel=5 asu=7 networkType=HSPA
D/SIGNAL_ICON(  811): return iconLevel=2
D/StatusBar.NetworkController(  811): dumpIconState[dataVisible=false dataIconId=stat_sys_data_out_3g_plus signalIconId=stat_sys_5signal_2 wifiVisible=true wifiIconId=stat_sys_wifi_signal_4 airplaneMode=false]
D/TELEPHONY_CALLBACK(  811): @onSignalStrengthChanged: SignalStrength: 7 -1 -1 -1 -1 -1 -1 -1 -1 -1 2147483647 -1 gsm|lte
D/StatusBar.NetworkController(  811): dumpState[hasService=true ServiceState=0 home 3 3 27202  HSPA CSS not supported -1 -1 RoamInd=-1 DefRoamInd=-1EriInd= -1EriMode= -1RadioPowerSv: false EmergOnly=false PhoneType: 1 IsCdma=false SimState=UNKNOWN GprsState=0 DataState=Disconnected DataActivity=NONE NetworkType=HSPA HtcModemLinkOn=false HspaDataDistinquishable=true]
D/SIGNAL_ICON(  811): updateTelephonySignalStrength
D/SIGNAL_ICON(  811): fakeui srv=0 mTimerEnabled=false asu=7
D/SIGNAL_ICON(  811): asu=7
D/SIGNAL_ICON(  811): SUPPORT_5_LEVEL_SIGNAL
D/SIGNAL_ICON(  811): mapTelephonySignalStrength
D/SIGNAL_ICON(  811): maxLevel=5 asu=7 networkType=HSPA
D/SIGNAL_ICON(  811): return iconLevel=2
D/StatusBar.NetworkController(  811): dumpIconState[dataVisible=false dataIconId=stat_sys_data_out_3g_plus signalIconId=stat_sys_5signal_2 wifiVisible=true wifiIconId=stat_sys_wifi_signal_4 airplaneMode=false]
D/PowerManagerService(  588): TPE algorithm. remove timeout.
D/PowerManagerService(  588): ALG=2, lsvalue=320(5th)->640(6th), last_level=5, lValue=125->125, bValue=0, kValue=0, mPowerState=0x3, mSkippedScreenOn=false, mInitialAnimation=false, immediate=false
D/TELEPHONY_CALLBACK(  811): @onSignalStrengthChanged: SignalStrength: 7 -1 -1 -1 -1 -1 -1 -1 -1 -1 2147483647 -1 gsm|lte
D/StatusBar.NetworkController(  811): dumpState[hasService=true ServiceState=0 home 3 3 27202  HSPA CSS not supported -1 -1 RoamInd=-1 DefRoamInd=-1EriInd= -1EriMode= -1RadioPowerSv: false EmergOnly=false PhoneType: 1 IsCdma=false SimState=UNKNOWN GprsState=0 DataState=Disconnected DataActivity=NONE NetworkType=HSPA HtcModemLinkOn=false HspaDataDistinquishable=true]
D/SIGNAL_ICON(  811): updateTelephonySignalStrength
D/SIGNAL_ICON(  811): fakeui srv=0 mTimerEnabled=false asu=7
D/SIGNAL_ICON(  811): asu=7
D/SIGNAL_ICON(  811): SUPPORT_5_LEVEL_SIGNAL
D/SIGNAL_ICON(  811): mapTelephonySignalStrength
D/SIGNAL_ICON(  811): maxLevel=5 asu=7 networkType=HSPA
D/SIGNAL_ICON(  811): return iconLevel=2
D/StatusBar.NetworkController(  811): dumpIconState[dataVisible=false dataIconId=stat_sys_data_out_3g_plus signalIconId=stat_sys_5signal_2 wifiVisible=true wifiIconId=stat_sys_wifi_signal_4 airplaneMode=false]
W/CpuWake (  588): >>nativeAcquireCpuPerfWakeLock()
W/CpuWake (  588): <<nativeAcquireCpuPerfWakeLock()
I/ActivityManager(  588): START {act=android.intent.action.MAIN cat=[android.intent.category.HOME] flg=0x10200000 cmp=com.htc.launcher/.Launcher u=0} from pid 588
D/PowerManagerService(  588): acquireWakeLock(42b67610): PARTIAL_WAKE_LOCK , tag=ActivityManager-Launch, flags=0x1, pid=588, uid=1000, mUserState=0x3
V/InputMethodManagerService(  588): unbindCurrentInputLocked: client = android.os.BinderProxy@423eaa00
I/InputMethodManagerService(  588): Disable input method client.
V/InputMethodManagerService(  588): switching to client: client = android.os.BinderProxy@429c3cd0
I/InputMethodManagerService(  588): Enable input method client.
D/PowerManagerService(  588): releaseWakeLock(42b67610): PARTIAL_WAKE_LOCK , tag=ActivityManager-Launch, flags=0x1
W/CpuWake (  588): >>nativeReleaseCpuPerfWakeLock()
W/CpuWake (  588): <<nativeReleaseCpuPerfWakeLock()
D/TELEPHONY_CALLBACK(  811): @onSignalStrengthChanged: SignalStrength: 7 -1 -1 -1 -1 -1 -1 -1 -1 -1 2147483647 -1 gsm|lte
D/StatusBar.NetworkController(  811): dumpState[hasService=true ServiceState=0 home 3 3 27202  HSPA CSS not supported -1 -1 RoamInd=-1 DefRoamInd=-1EriInd= -1EriMode= -1RadioPowerSv: false EmergOnly=false PhoneType: 1 IsCdma=false SimState=UNKNOWN GprsState=0 DataState=Disconnected DataActivity=NONE NetworkType=HSPA HtcModemLinkOn=false HspaDataDistinquishable=true]
D/SIGNAL_ICON(  811): updateTelephonySignalStrength
D/SIGNAL_ICON(  811): fakeui srv=0 mTimerEnabled=false asu=7
D/SIGNAL_ICON(  811): asu=7
D/SIGNAL_ICON(  811): SUPPORT_5_LEVEL_SIGNAL
D/SIGNAL_ICON(  811): mapTelephonySignalStrength
D/SIGNAL_ICON(  811): maxLevel=5 asu=7 networkType=HSPA
D/SIGNAL_ICON(  811): return iconLevel=2
D/StatusBar.NetworkController(  811): dumpIconState[dataVisible=false dataIconId=stat_sys_data_out_3g_plus signalIconId=stat_sys_5signal_2 wifiVisible=true wifiIconId=stat_sys_wifi_signal_4 airplaneMode=false]
W/CpuWake (  588): >>nativeAcquireCpuPerfWakeLock()
W/CpuWake (  588): <<nativeAcquireCpuPerfWakeLock()
I/ActivityManager(  588): START {flg=0x10c00000 cmp=com.android.systemui/.recent.RecentAppFxActivity u=0} from pid 811
D/PowerManagerService(  588): acquireWakeLock(428e6228): PARTIAL_WAKE_LOCK , tag=ActivityManager-Launch, flags=0x1, pid=588, uid=1000, mUserState=0x3
V/InputMethodManagerService(  588): unbindCurrentInputLocked: client = android.os.BinderProxy@429c3cd0
I/InputMethodManagerService(  588): Disable input method client.
V/InputMethodManagerService(  588): switching to client: client = android.os.BinderProxy@426023f8
I/InputMethodManagerService(  588): Enable input method client.
D/PowerManagerService(  588): releaseWakeLock(428e6228): PARTIAL_WAKE_LOCK , tag=ActivityManager-Launch, flags=0x1
D/PowerManagerService(  588): acquireWakeLock(420f2778): CPU_MIN_NUM , tag=mode10, flags=0x400, pid=811, uid=10216, mUserState=0x3
D/PowerManagerService(  588): acquireWakeLock(41f29f70): CPU_MIN_FREQ , tag=mode10, flags=0x100, pid=811, uid=10216, mUserState=0x3
D/PowerManagerService(  588): releaseWakeLock(420f2778): CPU_MIN_NUM , tag=mode10, flags=0x400
D/PowerManagerService(  588): releaseWakeLock(41f29f70): CPU_MIN_FREQ , tag=mode10, flags=0x100
W/CpuWake (  588): >>nativeReleaseCpuPerfWakeLock()
W/CpuWake (  588): <<nativeReleaseCpuPerfWakeLock()
D/PowerManagerService(  588): acquireWakeLock(42b39f20): CPU_MIN_NUM , tag=mode10, flags=0x400, pid=811, uid=10216, mUserState=0x3
D/PowerManagerService(  588): acquireWakeLock(42b1ed10): CPU_MIN_FREQ , tag=mode10, flags=0x100, pid=811, uid=10216, mUserState=0x3
D/PowerManagerService(  588): releaseWakeLock(42b39f20): CPU_MIN_NUM , tag=mode10, flags=0x400
D/PowerManagerService(  588): releaseWakeLock(42b1ed10): CPU_MIN_FREQ , tag=mode10, flags=0x100
D/PowerManagerService(  588): acquireWakeLock(42ae3670): CPU_MIN_NUM , tag=mode10, flags=0x400, pid=811, uid=10216, mUserState=0x3
D/PowerManagerService(  588): acquireWakeLock(42ad5d50): CPU_MIN_FREQ , tag=mode10, flags=0x100, pid=811, uid=10216, mUserState=0x3
D/PowerManagerService(  588): releaseWakeLock(42ae3670): CPU_MIN_NUM , tag=mode10, flags=0x400
D/PowerManagerService(  588): releaseWakeLock(42ad5d50): CPU_MIN_FREQ , tag=mode10, flags=0x100
D/TELEPHONY_CALLBACK(  811): @onSignalStrengthChanged: SignalStrength: 6 -1 -1 -1 -1 -1 -1 -1 -1 -1 2147483647 -1 gsm|lte
D/StatusBar.NetworkController(  811): dumpState[hasService=true ServiceState=0 home 3 3 27202  HSPA CSS not supported -1 -1 RoamInd=-1 DefRoamInd=-1EriInd= -1EriMode= -1RadioPowerSv: false EmergOnly=false PhoneType: 1 IsCdma=false SimState=UNKNOWN GprsState=0 DataState=Disconnected DataActivity=NONE NetworkType=HSPA HtcModemLinkOn=false HspaDataDistinquishable=true]
D/SIGNAL_ICON(  811): updateTelephonySignalStrength
D/SIGNAL_ICON(  811): fakeui srv=0 mTimerEnabled=false asu=6
D/SIGNAL_ICON(  811): asu=6
D/SIGNAL_ICON(  811): SUPPORT_5_LEVEL_SIGNAL
D/SIGNAL_ICON(  811): mapTelephonySignalStrength
D/SIGNAL_ICON(  811): maxLevel=5 asu=6 networkType=HSPA
D/SIGNAL_ICON(  811): return iconLevel=2
D/StatusBar.NetworkController(  811): dumpIconState[dataVisible=false dataIconId=stat_sys_data_out_3g_plus signalIconId=stat_sys_5signal_2 wifiVisible=true wifiIconId=stat_sys_wifi_signal_4 airplaneMode=false]
D/PowerManagerService(  588): acquireWakeLock(425a62d0): PARTIAL_WAKE_LOCK , tag=ActivityManager-Launch, flags=0x1, pid=588, uid=1000, mUserState=0x3
I/ActivityManager(  588): Start proc com.rhmsoft.fm for activity com.rhmsoft.fm/.FileManager: pid=6121 uid=10220 gids={3003, 1015, 1028}
I/ActivityManager(  588): Start proc com.android.vending for service com.android.vending/com.google.android.finsky.billing.iab.InAppBillingService: pid=6142 uid=10132 gids={3003, 1015, 1028}
I/PackageManager(  588):  setEnabledSetting(), pkgName=com.android.vending, clsName=com.android.vending.AssetBrowserActivity, state=1, flag=1, pid=6142, uid=10132
I/ActivityManager(  588): Recipient 9479
I/ActivityManager(  588): Process com.google.android.music:main (pid 9479) has died.
W/ActivityManager(  588): Scheduling restart of crashed service com.google.android.music/.playback.MusicPlaybackService in 5000ms
I/ActivityManager(  588): Recipient 25491
I/WindowState(  588): WIN DEATH: Window{42aef948 com.whatsapp/com.whatsapp.Conversation paused=false}
I/ActivityManager(  588): Process com.whatsapp (pid 25491) has died.
W/ActivityManager(  588): Scheduling restart of crashed service com.whatsapp/.messaging.MessageService in 14989ms
I/ActivityManager(  588): Recipient 24412
I/ActivityManager(  588): Process com.dropbox.android (pid 24412) has died.
W/ActivityManager(  588): Scheduling restart of crashed service com.dropbox.android/.service.CameraUploadService in 24974ms
V/InputMethodManagerService(  588): unbindCurrentInputLocked: client = android.os.BinderProxy@426023f8
I/InputMethodManagerService(  588): Disable input method client.
V/InputMethodManagerService(  588): switching to client: client = android.os.BinderProxy@42588ce8
I/InputMethodManagerService(  588): Enable input method client.
