W/dalvikvm( 3058): VFY: unable to resolve virtual method 3454: Landroid/media/MediaCodecInfo$CodecCapabilities;.getVideoCapabilities ()Landroid/media/MediaCodecInfo$VideoCapabilities;
D/dalvikvm( 3058): VFY: replacing opcode 0x6e at 0x001f
D/AuthorizationBluetoothService(16934): Received GmsCore event: Intent { act=com.google.android.gms.INITIALIZE flg=0x10 pkg=com.google.android.gms cmp=com.google.android.gms/.auth.be.proximity.authorization.bt.AuthorizationBluetoothService$AutoStarter }.
E/AuthorizationBluetoothService(16934): Proximity feature is not enabled.
V/GmsCoreStatsServiceLauncher(32741): Received broadcast intent Intent { act=com.google.android.gms.INITIALIZE flg=0x10 pkg=com.google.android.gms cmp=com.google.android.gms/.common.stats.GmsCoreStatsServiceLauncher }
D/LocationInitializer(32741): Restart initialization of location
E/MDM     (19200): [308937] b.run: Couldn't connect to Google API client: ConnectionResult{statusCode=API_UNAVAILABLE, resolution=null}
I/CheckinTask(32741): Sending checkin request (7026 bytes)
I/CheckinRequestBuilder(32741): Checkin reason type: 8 attempt count: 1
D/dalvikvm( 3058): GC_CONCURRENT freed 4371K, 27% free 12732K/17224K, paused 3ms+1ms, total 48ms
D/dalvikvm( 3058): WAIT_FOR_CONCURRENT_GC blocked 12ms
I/ActivityManager( 1025): Process com.google.android.apps.magazines (pid 3007) has died.
I/ActivityManager( 1025): Start proc com.facebook.orca for service com.facebook.orca/com.facebook.push.mqtt.service.MqttPushService: pid=3117 uid=10147 gids={50147, 3003, 1028, 1015}
D/dalvikvm(32741): GC_CONCURRENT freed 1909K, 34% free 11436K/17224K, paused 4ms+6ms, total 42ms
D/dalvikvm( 3058): GC_CONCURRENT freed 841K, 20% free 13894K/17224K, paused 5ms+3ms, total 58ms
I/CheckinRequestBuilder(32741): Classify the device as Phone.
I/CheckinTask(32741): Checkin success: https://android.clients.google.com/checkin (1 requests sent)
D/dalvikvm( 1295): GC_CONCURRENT freed 1901K, 46% free 9406K/17224K, paused 3ms+1ms, total 20ms
I/CheckinService(32741): Checking schedule, now: 1429441088786 next: 1430020688769
I/CheckinService(32741): active receiver: disabled
I/ActivityManager( 1025): Process com.google.android.talk (pid 3058) has died.
W/ActivityManager( 1025): Service ServiceRecord{43b57de0 u0 com.google.android.talk/com.google.android.libraries.hangouts.video.CallService} in process ProcessRecord{42ce1038 3058:com.google.android.talk/u0a71} not same as in map: null
I/CheckinService(32741): Checking schedule, now: 1429441088812 next: 1430020688769
I/CheckinService(32741): active receiver: disabled
D/GCM     (16934): GcmService start Intent { act=com.google.android.checkin.CHECKIN_COMPLETE flg=0x10 cmp=com.google.android.gms/.gcm.GcmService (has extras) } com.google.android.checkin.CHECKIN_COMPLETE
D/ACRA    ( 3117): ACRA is enabled for com.facebook.orca, intializing...
D/ACRA    ( 3117): Looking for error files in /data/data/com.facebook.orca/app_acra-reports
D/ACRA    ( 3117): Looking for error files in /data/data/com.facebook.orca/app_minidumps
D/dalvikvm( 3117): Trying to load lib /data/app-lib/com.facebook.orca-2/libgnustl_shared.so 0x41fb4400
D/dalvikvm( 3117): Added shared lib /data/app-lib/com.facebook.orca-2/libgnustl_shared.so 0x41fb4400
D/dalvikvm( 3117): No JNI_OnLoad found in /data/app-lib/com.facebook.orca-2/libgnustl_shared.so 0x41fb4400, skipping init
D/dalvikvm( 3117): Trying to load lib /data/app-lib/com.facebook.orca-2/libfb_breakpad_client.so 0x41fb4400
D/dalvikvm( 3117): Added shared lib /data/app-lib/com.facebook.orca-2/libfb_breakpad_client.so 0x41fb4400
D/dalvikvm( 3117): Trying to load lib /data/app-lib/com.facebook.orca-2/libfb_dalvik-internals.so 0x41fb4400
D/dalvikvm( 3117): Added shared lib /data/app-lib/com.facebook.orca-2/libfb_dalvik-internals.so 0x41fb4400
V/DexLibLoader( 3117): about to lock: /data/data/com.facebook.orca/mdex_lock
V/DexLibLoader( 3117): locking /data/data/com.facebook.orca/mdex_lock took 0 ms
V/DexLibLoader( 3117): Secondary program dex metadata: secondary-1.dex.jar 790183d1fb728678b0d8546ed8e9eaef90404089 secondary.dex01.Canary
V/DexLibLoader( 3117): Secondary program dex metadata: secondary-2.dex.jar 03b795797c6ded9e8b3df575980b7d37d9ca8dad secondary.dex02.Canary
V/DexLibLoader( 3117): Secondary program dex metadata: secondary-3.dex.jar 5ccf73e2daa6156653af1c6485ad6053f38846b9 secondary.dex03.Canary
V/DexLibLoader( 3117): directory "/data/data/com.facebook.orca/app_secondary_program_dex" contains "program-790183d1fb728678b0d8546ed8e9eaef904040896661a1c7.dex.jar" as expected
V/DexLibLoader( 3117): directory "/data/data/com.facebook.orca/app_secondary_program_dex" contains "program-03b795797c6ded9e8b3df575980b7d37d9ca8dad6661a1c7.dex.jar" as expected
V/DexLibLoader( 3117): directory "/data/data/com.facebook.orca/app_secondary_program_dex" contains "program-5ccf73e2daa6156653af1c6485ad6053f38846b96661a1c7.dex.jar" as expected
D/DexLibLoader( 3117): ignoring file "program-790183d1fb728678b0d8546ed8e9eaef904040896661a1c7.dex.odex" in "/data/data/com.facebook.orca/app_secondary_program_dex"
D/DexLibLoader( 3117): ignoring file "program-03b795797c6ded9e8b3df575980b7d37d9ca8dad6661a1c7.dex.odex" in "/data/data/com.facebook.orca/app_secondary_program_dex"
D/DexLibLoader( 3117): ignoring file "program-5ccf73e2daa6156653af1c6485ad6053f38846b96661a1c7.dex.odex" in "/data/data/com.facebook.orca/app_secondary_program_dex"
D/DexLibLoader( 3117): directory "/data/data/com.facebook.orca/app_secondary_program_dex" is valid
D/DexLibLoader( 3117): ignoring file "primary_deps" in "/data/data/com.facebook.orca/app_secondary_program_dex_opt"
V/DexLibLoader( 3117): directory "/data/data/com.facebook.orca/app_secondary_program_dex_opt" contains "program-790183d1fb728678b0d8546ed8e9eaef904040896661a1c7.dex.dex" as expected
V/DexLibLoader( 3117): directory "/data/data/com.facebook.orca/app_secondary_program_dex_opt" contains "program-03b795797c6ded9e8b3df575980b7d37d9ca8dad6661a1c7.dex.dex" as expected
V/DexLibLoader( 3117): directory "/data/data/com.facebook.orca/app_secondary_program_dex_opt" contains "program-5ccf73e2daa6156653af1c6485ad6053f38846b96661a1c7.dex.dex" as expected
D/DexLibLoader( 3117): directory "/data/data/com.facebook.orca/app_secondary_program_dex_opt" is valid
D/DexLibLoader( 3117): loading pre-built cross-dex opt odex files
V/dalvik-internals( 3117): hooked dvmResolveClass using jump ()
V/dalvik-internals( 3117): hooked dvmFlushBreakpoints using jump ()
V/MultiDexClassLoader( 3117): installing MultiDexClassLoader before application classloader
I/dalvikvm( 3117): Could not find method dalvik.system.DexFile.loadClassBinaryName, referenced from method com.facebook.common.l.g.a
W/dalvikvm( 3117): VFY: unable to resolve virtual method 1453: Ldalvik/system/DexFile;.loadClassBinaryName (Ljava/lang/String;Ljava/lang/ClassLoader;)Ljava/lang/Class;
D/dalvikvm( 3117): VFY: replacing opcode 0x6e at 0x0000
D/DexLibLoader( 3117): released odex store lock
D/DexLibLoader( 3117): DexLibLoader.loadAll took 18 ms
W/bp      ( 3117): Verify
I/ActivityManager( 1025): Process com.android.chrome (pid 3088) has died.
W/ContextImpl( 1295): Calling a method in the system process without a qualified user: android.app.ContextImpl.sendBroadcast:1252 android.content.ContextWrapper.sendBroadcast:365 com.motorola.motocare.util.TriggerHelper$TriggerBuilder.send:76 com.motorola.motocare.internal.frameworkevents.ProcessKillTrigger.sendTrigger:147 com.motorola.motocare.internal.frameworkevents.ProcessKillTrigger.handleLmkKill:337 
W/ContextImpl( 1295): Calling a method in the system process without a qualified user: android.app.ContextImpl.sendBroadcast:1252 android.content.ContextWrapper.sendBroadcast:365 com.motorola.motocare.util.TriggerHelper$TriggerBuilder.send:76 com.motorola.motocare.internal.frameworkevents.ProcessKillTrigger.sendTrigger:147 com.motorola.motocare.internal.frameworkevents.ProcessKillTrigger.handleLmkKill:337 
W/ContextImpl( 1295): Calling a method in the system process without a qualified user: android.app.ContextImpl.sendBroadcast:1252 android.content.ContextWrapper.sendBroadcast:365 com.motorola.motocare.util.TriggerHelper$TriggerBuilder.send:76 com.motorola.motocare.internal.frameworkevents.ProcessKillTrigger.sendTrigger:147 com.motorola.motocare.internal.frameworkevents.ProcessKillTrigger.handleLmkKill:337 
W/ContextImpl( 1295): Calling a method in the system process without a qualified user: android.app.ContextImpl.sendBroadcast:1252 android.content.ContextWrapper.sendBroadcast:365 com.motorola.motocare.util.TriggerHelper$TriggerBuilder.send:76 com.motorola.motocare.internal.frameworkevents.ProcessKillTrigger.sendTrigger:147 com.motorola.motocare.internal.frameworkevents.ProcessKillTrigger.handleLmkKill:337 
W/ContextImpl( 1295): Calling a method in the system process without a qualified user: android.app.ContextImpl.sendBroadcast:1252 android.content.ContextWrapper.sendBroadcast:365 com.motorola.motocare.util.TriggerHelper$TriggerBuilder.send:76 com.motorola.motocare.internal.frameworkevents.ProcessKillTrigger.sendTrigger:147 com.motorola.motocare.internal.frameworkevents.ProcessKillTrigger.handleLmkKill:337 
W/ContextImpl( 1295): Calling a method in the system process without a qualified user: android.app.ContextImpl.sendBroadcast:1252 android.content.ContextWrapper.sendBroadcast:365 com.motorola.motocare.util.TriggerHelper$TriggerBuilder.send:76 com.motorola.motocare.internal.frameworkevents.ProcessKillTrigger.sendTrigger:147 com.motorola.motocare.internal.frameworkevents.ProcessKillTrigger.handleLmkKill:337 
W/ContextImpl( 1295): Calling a method in the system process without a qualified user: android.app.ContextImpl.sendBroadcast:1252 android.content.ContextWrapper.sendBroadcast:365 com.motorola.motocare.util.TriggerHelper$TriggerBuilder.send:76 com.motorola.motocare.internal.frameworkevents.ProcessKillTrigger.sendTrigger:147 com.motorola.motocare.internal.frameworkevents.ProcessKillTrigger.handleLmkKill:337 
W/ContextImpl( 1295): Calling a method in the system process without a qualified user: android.app.ContextImpl.sendBroadcast:1252 android.content.ContextWrapper.sendBroadcast:365 com.motorola.motocare.util.TriggerHelper$TriggerBuilder.send:76 com.motorola.motocare.internal.frameworkevents.ProcessKillTrigger.sendTrigger:147 com.motorola.motocare.internal.frameworkevents.ProcessKillTrigger.handleLmkKill:337 
W/ContextImpl( 1295): Calling a method in the system process without a qualified user: android.app.ContextImpl.sendBroadcast:1252 android.content.ContextWrapper.sendBroadcast:365 com.motorola.motocare.util.TriggerHelper$TriggerBuilder.send:76 com.motorola.motocare.internal.frameworkevents.ProcessKillTrigger.sendTrigger:147 com.motorola.motocare.internal.frameworkevents.ProcessKillTrigger.handleLmkKill:337 
W/ContextImpl( 1295): Calling a method in the system process without a qualified user: android.app.ContextImpl.sendBroadcast:1252 android.content.ContextWrapper.sendBroadcast:365 com.motorola.motocare.util.TriggerHelper$TriggerBuilder.send:76 com.motorola.motocare.internal.frameworkevents.ProcessKillTrigger.sendTrigger:147 com.motorola.motocare.internal.frameworkevents.ProcessKillTrigger.handleLmkKill:337 
W/ContextImpl( 1295): Calling a method in the system process without a qualified user: android.app.ContextImpl.sendBroadcast:1252 android.content.ContextWrapper.sendBroadcast:365 com.motorola.motocare.util.TriggerHelper$TriggerBuilder.send:76 com.motorola.motocare.internal.frameworkevents.ProcessKillTrigger.sendTrigger:147 com.motorola.motocare.internal.frameworkevents.ProcessKillTrigger.handleLmkKill:337 
W/ContextImpl( 1295): Calling a method in the system process without a qualified user: android.app.ContextImpl.sendBroadcast:1252 android.content.ContextWrapper.sendBroadcast:365 com.motorola.motocare.util.TriggerHelper$TriggerBuilder.send:76 com.motorola.motocare.internal.frameworkevents.ProcessKillTrigger.sendTrigger:147 com.motorola.motocare.internal.frameworkevents.ProcessKillTrigger.handleLmkKill:337 
W/ContextImpl( 1295): Calling a method in the system process without a qualified user: android.app.ContextImpl.sendBroadcast:1252 android.content.ContextWrapper.sendBroadcast:365 com.motorola.motocare.util.TriggerHelper$TriggerBuilder.send:76 com.motorola.motocare.internal.frameworkevents.ProcessKillTrigger.sendTrigger:147 com.motorola.motocare.internal.frameworkevents.ProcessKillTrigger.handleLmkKill:337 
W/ContextImpl( 1295): Calling a method in the system process without a qualified user: android.app.ContextImpl.sendBroadcast:1252 android.content.ContextWrapper.sendBroadcast:365 com.motorola.motocare.util.TriggerHelper$TriggerBuilder.send:76 com.motorola.motocare.internal.frameworkevents.ProcessKillTrigger.sendTrigger:147 com.motorola.motocare.internal.frameworkevents.ProcessKillTrigger.handleLmkKill:337 
W/ContextImpl( 1295): Calling a method in the system process without a qualified user: android.app.ContextImpl.sendBroadcast:1252 android.content.ContextWrapper.sendBroadcast:365 com.motorola.motocare.util.TriggerHelper$TriggerBuilder.send:76 com.motorola.motocare.internal.frameworkevents.ProcessKillTrigger.sendTrigger:147 com.motorola.motocare.internal.frameworkevents.ProcessKillTrigger.handleLmkKill:337 
D/dalvikvm( 1295): GC_EXPLICIT freed 571K, 46% free 9384K/17224K, paused 2ms+3ms, total 21ms
I/ActivityManager( 1025): Process com.whatsapp (pid 2444) has died.
W/ActivityManager( 1025): Scheduling restart of crashed service com.whatsapp/.messaging.MessageService in 1000ms
E/dalvikvm( 3117): Could not find class 'org.apache.harmony.xnet.provider.jsse.OpenSSLSocketImpl', referenced from method com.facebook.ssl.openssl.a.b.<clinit>
W/dalvikvm( 3117): VFY: unable to resolve const-class 10658 (Lorg/apache/harmony/xnet/provider/jsse/OpenSSLSocketImpl;) in Lcom/facebook/ssl/openssl/a/b;
D/dalvikvm( 3117): VFY: replacing opcode 0x1c at 0x000d
E/dalvikvm( 3117): Could not find class 'org.apache.harmony.xnet.provider.jsse.OpenSSLSocketFactoryImpl', referenced from method com.facebook.ssl.openssl.b.b.<clinit>
W/dalvikvm( 3117): VFY: unable to resolve const-class 10657 (Lorg/apache/harmony/xnet/provider/jsse/OpenSSLSocketFactoryImpl;) in Lcom/facebook/ssl/openssl/b/b;
D/dalvikvm( 3117): VFY: replacing opcode 0x1c at 0x000d
E/dalvikvm( 3117): Could not find class 'org.apache.harmony.xnet.provider.jsse.SSLParametersImpl', referenced from method com.facebook.ssl.openssl.b.b.a
W/dalvikvm( 3117): VFY: unable to resolve check-cast 10660 (Lorg/apache/harmony/xnet/provider/jsse/SSLParametersImpl;) in Lcom/facebook/ssl/openssl/b/b;
D/dalvikvm( 3117): VFY: replacing opcode 0x1f at 0x0006
E/dalvikvm( 3117): Could not find class 'org.apache.harmony.xnet.provider.jsse.SSLParametersImpl', referenced from method com.facebook.ssl.openssl.b.c.<clinit>
W/dalvikvm( 3117): VFY: unable to resolve const-class 10660 (Lorg/apache/harmony/xnet/provider/jsse/SSLParametersImpl;) in Lcom/facebook/ssl/openssl/b/c;
D/dalvikvm( 3117): VFY: replacing opcode 0x1c at 0x000d
W/dalvikvm( 3117): VFY: unable to find class referenced in signature (Lorg/apache/harmony/xnet/provider/jsse/SSLParametersImpl;)
E/dalvikvm( 3117): Could not find class 'org.apache.harmony.xnet.provider.jsse.ClientSessionContext', referenced from method com.facebook.ssl.openssl.b.c.a
W/dalvikvm( 3117): VFY: unable to resolve check-cast 10656 (Lorg/apache/harmony/xnet/provider/jsse/ClientSessionContext;) in Lcom/facebook/ssl/openssl/b/c;
D/dalvikvm( 3117): VFY: replacing opcode 0x1f at 0x0006
W/dalvikvm( 3117): VFY: unable to find class referenced in signature (Lorg/apache/harmony/xnet/provider/jsse/SSLParametersImpl;)
W/dalvikvm( 3117): Unable to resolve superclass of Lcom/facebook/ssl/openssl/TicketEnabledOpenSSLSocketImplWrapper; (10659)
W/dalvikvm( 3117): Link of class 'Lcom/facebook/ssl/openssl/TicketEnabledOpenSSLSocketImplWrapper;' failed
E/dalvikvm( 3117): Could not find class 'com.facebook.ssl.openssl.TicketEnabledOpenSSLSocketImplWrapper', referenced from method com.facebook.ssl.openssl.b.a
W/dalvikvm( 3117): VFY: unable to resolve new-instance 7258 (Lcom/facebook/ssl/openssl/TicketEnabledOpenSSLSocketImplWrapper;) in Lcom/facebook/ssl/openssl/b;
D/dalvikvm( 3117): VFY: replacing opcode 0x22 at 0x0000
W/dalvikvm( 3117): Unable to resolve superclass of Lcom/facebook/ssl/openssl/TicketEnabledOpenSSLSocketImplWrapper; (10659)
W/dalvikvm( 3117): Link of class 'Lcom/facebook/ssl/openssl/TicketEnabledOpenSSLSocketImplWrapper;' failed
D/dalvikvm( 3117): DexOpt: unable to opt direct call 0x9f40 at 0x08 in Lcom/facebook/ssl/openssl/b;.a
D/dalvikvm( 1025): GC_EXPLICIT freed 634K, 40% free 30431K/50444K, paused 5ms+16ms, total 155ms
W/msgr(:<default>):a( 3117): Attempt to start service that is already started
D/dalvikvm( 3117): Trying to load lib /data/app-lib/com.facebook.orca-2/libfbjni.so 0x41fb4400
D/dalvikvm( 3117): Added shared lib /data/app-lib/com.facebook.orca-2/libfbjni.so 0x41fb4400
D/dalvikvm( 3117): Trying to load lib /data/app-lib/com.facebook.orca-2/libheartbleed.so 0x41fb4400
D/dalvikvm( 3117): Added shared lib /data/app-lib/com.facebook.orca-2/libheartbleed.so 0x41fb4400
D/Ulp_jni ( 1025): Location CB invoked
I/ActivityManager( 1025): Start proc com.whatsapp for service com.whatsapp/.messaging.MessageService: pid=3160 uid=10107 gids={50107, 3002, 3003, 1028, 1015}
D/dalvikvm(  275): GC_EXPLICIT freed 42K, 48% free 9011K/17224K, paused 1ms+3ms, total 23ms
D/dalvikvm(  275): GC_EXPLICIT freed <1K, 48% free 9011K/17224K, paused 2ms+2ms, total 18ms
D/dalvikvm(  275): GC_EXPLICIT freed <1K, 48% free 9011K/17224K, paused 1ms+3ms, total 22ms
E/dalvikvm( 3160): Could not find class 'com.amazon.device.messaging.ADM', referenced from method com.whatsapp.App.av
W/dalvikvm( 3160): VFY: unable to resolve new-instance 1189 (Lcom/amazon/device/messaging/ADM;) in Lcom/whatsapp/App;
D/dalvikvm( 3160): VFY: replacing opcode 0x22 at 0x0000
E/dalvikvm( 3160): Could not find class 'com.amazon.device.messaging.ADM', referenced from method com.whatsapp.App.t
W/dalvikvm( 3160): VFY: unable to resolve new-instance 1189 (Lcom/amazon/device/messaging/ADM;) in Lcom/whatsapp/App;
D/dalvikvm( 3160): VFY: replacing opcode 0x22 at 0x000e
D/dalvikvm( 3160): DexOpt: unable to opt direct call 0x2075 at 0x04 in Lcom/whatsapp/App;.av
D/dalvikvm( 3160): DexOpt: unable to opt direct call 0x2075 at 0x10 in Lcom/whatsapp/App;.t
W/dalvikvm( 3160): Unable to resolve superclass of Lcom/whatsapp/adm/ADMMessageHandler; (1190)
W/dalvikvm( 3160): Link of class 'Lcom/whatsapp/adm/ADMMessageHandler;' failed
E/dalvikvm( 3160): Could not find class 'com.whatsapp.adm.ADMMessageHandler', referenced from method com.whatsapp.vw.f
W/dalvikvm( 3160): VFY: unable to resolve new-instance 2839 (Lcom/whatsapp/adm/ADMMessageHandler;) in Lcom/whatsapp/vw;
D/dalvikvm( 3160): VFY: replacing opcode 0x22 at 0x0027
W/dalvikvm( 3160): Unable to resolve superclass of Lcom/whatsapp/adm/ADMMessageHandler; (1190)
W/dalvikvm( 3160): Link of class 'Lcom/whatsapp/adm/ADMMessageHandler;' failed
E/dalvikvm( 3160): Could not find class 'com.whatsapp.adm.ADMMessageHandler', referenced from method com.whatsapp.vw.f
W/dalvikvm( 3160): VFY: unable to resolve new-instance 2839 (Lcom/whatsapp/adm/ADMMessageHandler;) in Lcom/whatsapp/vw;
D/dalvikvm( 3160): VFY: replacing opcode 0x22 at 0x0040
W/dalvikvm( 3160): Unable to resolve superclass of Lcom/whatsapp/adm/ADMMessageHandler; (1190)
W/dalvikvm( 3160): Link of class 'Lcom/whatsapp/adm/ADMMessageHandler;' failed
D/dalvikvm( 3160): DexOpt: unable to opt direct call 0x6231 at 0x2b in Lcom/whatsapp/vw;.f
W/dalvikvm( 3160): Unable to resolve superclass of Lcom/whatsapp/adm/ADMMessageHandler; (1190)
W/dalvikvm( 3160): Link of class 'Lcom/whatsapp/adm/ADMMessageHandler;' failed
D/dalvikvm( 3160): DexOpt: unable to opt direct call 0x6231 at 0x44 in Lcom/whatsapp/vw;.f
I/dalvikvm( 3160): Could not find method android.os.PowerManager.isPowerSaveMode, referenced from method com.whatsapp.BatteryReceiver.a
W/dalvikvm( 3160): VFY: unable to resolve virtual method 1506: Landroid/os/PowerManager;.isPowerSaveMode ()Z
D/dalvikvm( 3160): VFY: replacing opcode 0x6e at 0x000d
D/Event   ( 3160): No subscribers registered for event class com.whatsapp.ah3
D/Event   ( 3160): No subscribers registered for event class de.greenrobot.event.a
I/WhatsApp( 3160): LL_I W [1:main]App.java:1142 ntp update processed; device time: Sun Apr 19 11:58:10 GMT+01:00 2015 ntp time: Sun Apr 19 11:58:10 GMT+01:00 2015
D/Event   ( 3160): No subscribers registered for event class com.whatsapp.alk
D/Event   ( 3160): No subscribers registered for event class de.greenrobot.event.a
D/dalvikvm( 3160): Trying to load lib /data/app-lib/com.whatsapp-1/libvlc.so 0x41fb0eb0
D/dalvikvm( 3160): Added shared lib /data/app-lib/com.whatsapp-1/libvlc.so 0x41fb0eb0
D/dalvikvm( 3160): No JNI_OnLoad found in /data/app-lib/com.whatsapp-1/libvlc.so 0x41fb0eb0, skipping init
D/dalvikvm( 3160): Trying to load lib /data/app-lib/com.whatsapp-1/libresample.so 0x41fb0eb0
D/dalvikvm( 3160): Added shared lib /data/app-lib/com.whatsapp-1/libresample.so 0x41fb0eb0
D/dalvikvm( 3160): No JNI_OnLoad found in /data/app-lib/com.whatsapp-1/libresample.so 0x41fb0eb0, skipping init
D/dalvikvm( 3160): Trying to load lib /data/app-lib/com.whatsapp-1/libwhatsapp.so 0x41fb0eb0
D/dalvikvm( 3160): Added shared lib /data/app-lib/com.whatsapp-1/libwhatsapp.so 0x41fb0eb0
I/WhatsApp( 3160): LL_I W [1:main]Runtime.java:421 11:58:10.535 os_core_unix.c !pjlib 2.2.1 for POSIX initialized
I/WhatsApp( 3160): LL_I W [1:main]Runtime.java:421 11:58:10.537 wa_audio_dev.c !WA Audio sound library initialized
I/WhatsApp( 3160): LL_I W [1:main]Runtime.java:421 11:58:10.538          pjlib  select() I/O Queue created (0x5fe16e3c)
I/WhatsApp( 3160): LL_I W [1:main]Runtime.java:421 11:58:10.539      wa_opus.c  pjmedia_codec_opus_init start
I/WhatsApp( 3160): LL_I W [1:main]Runtime.java:421 11:58:10.539      wa_opus.c  pjmedia_codec_opus_init success
D/dalvikvm( 3160): Trying to load lib /data/app-lib/com.whatsapp-1/libcurve25519.so 0x41fb0eb0
D/dalvikvm( 3160): Added shared lib /data/app-lib/com.whatsapp-1/libcurve25519.so 0x41fb0eb0
D/dalvikvm( 3160): No JNI_OnLoad found in /data/app-lib/com.whatsapp-1/libcurve25519.so 0x41fb0eb0, skipping init
I/WhatsApp( 3160): LL_I W [1:main]WhatsAppLibLoader.java:77 native library usability testing in progress
I/WhatsApp( 3160): LL_I W [1:main]WhatsAppLibLoader.java:77 native library usability testing complete
V/AlarmManager( 1025): sending alarm Alarm{42c455d0 type 3 com.whatsapp}
I/ActivityManager( 1025): Start proc android.process.acore for content provider com.android.providers.contacts/.ContactsProvider2: pid=3200 uid=10010 gids={50010, 3003, 1028, 1015, 1023}
I/ActivityManager( 1025): Start proc com.android.vending for service com.android.vending/com.google.android.finsky.billing.iab.InAppBillingService: pid=3215 uid=10039 gids={50039, 3003, 1028, 1015}
V/AlarmManager( 1025): sending alarm Alarm{429f5d48 type 3 com.whatsapp}
D/Finsky  ( 3215): [1] FinskyApp.onCreate: Initializing network with DFE https://android.clients.google.com/fdfe/
I/ActivityManager( 1025): Process com.facebook.orca (pid 3117) has died.
W/ActivityManager( 1025): Scheduling restart of crashed service com.facebook.orca/com.facebook.push.mqtt.service.MqttPushService in 4000ms
I/ActivityManager( 1025): Process com.rhmsoft.fm:service (pid 2337) has died.
W/ActivityManager( 1025): Scheduling restart of crashed service com.rhmsoft.fm/com.cleanmaster.fm.service.BackgroundService in 13991ms
I/ContactLocale( 3200): AddressBook Labels [en_GB]: [, A, B, C, D, E, F, G, H, I, J, K, L, M, N, O, P, Q, R, S, T, U, V, W, X, Y, Z, , , , , , , , , , , , , , , , , , , , , , , , , , , , , , , , , , , , , , , , , , , , , , , , , , , , , , , , , , , , , , , , , , , , , , , , , , , , , , , , , , , , , , , , , , , , , , , , , , , , , , , , , , , , , , , , , , , , , , , , , , , , , , , , , , , , , , , , , , , , , , , , , , , , , , , , , , , , , , , , , , , , , , , , , , , , , , , , , , , , , , #, ]
D/Finsky  ( 3215): [1] DailyHygiene.goMakeHygieneIfDirty: No need to run daily hygiene.
W/Settings( 3215): Setting download_manager_max_bytes_over_mobile has moved from android.provider.Settings.Secure to android.provider.Settings.Global.
W/Settings( 3215): Setting download_manager_recommended_max_bytes_over_mobile has moved from android.provider.Settings.Secure to android.provider.Settings.Global.
I/dalvikvm( 3215): Could not find method com.google.android.play.layout.PlayCardViewBase.setTransitionName, referenced from method com.google.android.finsky.utils.PlayCardUtils.bindCard
W/dalvikvm( 3215): VFY: unable to resolve virtual method 42705: Lcom/google/android/play/layout/PlayCardViewBase;.setTransitionName (Ljava/lang/String;)V
D/dalvikvm( 3215): VFY: replacing opcode 0x6e at 0x00d9
I/dalvikvm( 3215): Could not find method com.google.android.play.layout.PlayCardViewBase.setTransitionGroup, referenced from method com.google.android.finsky.utils.PlayCardUtils.bindCard
W/dalvikvm( 3215): VFY: unable to resolve virtual method 42704: Lcom/google/android/play/layout/PlayCardViewBase;.setTransitionGroup (Z)V
D/dalvikvm( 3215): VFY: replacing opcode 0x6e at 0x0246
I/dalvikvm( 3215): Could not find method android.view.View.getTransitionName, referenced from method com.google.android.finsky.navigationmanager.NavigationManager.showPage
W/dalvikvm( 3215): VFY: unable to resolve virtual method 9352: Landroid/view/View;.getTransitionName ()Ljava/lang/String;
D/dalvikvm( 3215): VFY: replacing opcode 0x6e at 0x001a
D/Finsky  ( 3215): [1] 2.run: Loaded library for account: [gKXbJhL8NA2nPUzZyFpjB6tKi7U]
D/Finsky  ( 3215): [1] 2.run: Finished loading 1 libraries.
D/Finsky  ( 3215): [319882] InAppBillingUtils.pickAccount: com.whatsapp: Account determined from installer data - [gKXbJhL8NA2nPUzZyFpjB6tKi7U]
D/Finsky  ( 3215): [319881] InAppBillingUtils.pickAccount: com.whatsapp: Account determined from installer data - [gKXbJhL8NA2nPUzZyFpjB6tKi7U]
D/Finsky  ( 3215): [1] GmsCoreHelper.cleanupNlp: result=false type=4
D/Finsky  ( 3215): [1] RestoreTracker.stopServiceIfDone: Restore complete with 0 success and 0 failed.
D/Finsky  ( 3215): [319904] InAppBillingUtils.pickAccount: com.whatsapp: Account determined from installer data - [gKXbJhL8NA2nPUzZyFpjB6tKi7U]
D/Event   ( 3160): No subscribers registered for event class com.whatsapp.alk
D/Event   ( 3160): No subscribers registered for event class de.greenrobot.event.a
I/ActivityManager( 1025): Start proc com.facebook.orca for service com.facebook.orca/com.facebook.push.mqtt.service.MqttPushService: pid=3301 uid=10147 gids={50147, 3003, 1028, 1015}
D/ACRA    ( 3301): ACRA is enabled for com.facebook.orca, intializing...
D/ACRA    ( 3301): Looking for error files in /data/data/com.facebook.orca/app_acra-reports
D/ACRA    ( 3301): Looking for error files in /data/data/com.facebook.orca/app_minidumps
D/dalvikvm( 3301): Trying to load lib /data/app-lib/com.facebook.orca-2/libgnustl_shared.so 0x41fad638
D/dalvikvm( 3301): Added shared lib /data/app-lib/com.facebook.orca-2/libgnustl_shared.so 0x41fad638
D/dalvikvm( 3301): No JNI_OnLoad found in /data/app-lib/com.facebook.orca-2/libgnustl_shared.so 0x41fad638, skipping init
D/dalvikvm( 3301): Trying to load lib /data/app-lib/com.facebook.orca-2/libfb_breakpad_client.so 0x41fad638
D/dalvikvm( 3301): Added shared lib /data/app-lib/com.facebook.orca-2/libfb_breakpad_client.so 0x41fad638
D/dalvikvm( 3301): Trying to load lib /data/app-lib/com.facebook.orca-2/libfb_dalvik-internals.so 0x41fad638
D/dalvikvm( 3301): Added shared lib /data/app-lib/com.facebook.orca-2/libfb_dalvik-internals.so 0x41fad638
V/DexLibLoader( 3301): about to lock: /data/data/com.facebook.orca/mdex_lock
V/DexLibLoader( 3301): locking /data/data/com.facebook.orca/mdex_lock took 0 ms
V/DexLibLoader( 3301): Secondary program dex metadata: secondary-1.dex.jar 790183d1fb728678b0d8546ed8e9eaef90404089 secondary.dex01.Canary
V/DexLibLoader( 3301): Secondary program dex metadata: secondary-2.dex.jar 03b795797c6ded9e8b3df575980b7d37d9ca8dad secondary.dex02.Canary
V/DexLibLoader( 3301): Secondary program dex metadata: secondary-3.dex.jar 5ccf73e2daa6156653af1c6485ad6053f38846b9 secondary.dex03.Canary
V/DexLibLoader( 3301): directory "/data/data/com.facebook.orca/app_secondary_program_dex" contains "program-790183d1fb728678b0d8546ed8e9eaef904040896661a1c7.dex.jar" as expected
V/DexLibLoader( 3301): directory "/data/data/com.facebook.orca/app_secondary_program_dex" contains "program-03b795797c6ded9e8b3df575980b7d37d9ca8dad6661a1c7.dex.jar" as expected
V/DexLibLoader( 3301): directory "/data/data/com.facebook.orca/app_secondary_program_dex" contains "program-5ccf73e2daa6156653af1c6485ad6053f38846b96661a1c7.dex.jar" as expected
D/DexLibLoader( 3301): ignoring file "program-790183d1fb728678b0d8546ed8e9eaef904040896661a1c7.dex.odex" in "/data/data/com.facebook.orca/app_secondary_program_dex"
D/DexLibLoader( 3301): ignoring file "program-03b795797c6ded9e8b3df575980b7d37d9ca8dad6661a1c7.dex.odex" in "/data/data/com.facebook.orca/app_secondary_program_dex"
D/DexLibLoader( 3301): ignoring file "program-5ccf73e2daa6156653af1c6485ad6053f38846b96661a1c7.dex.odex" in "/data/data/com.facebook.orca/app_secondary_program_dex"
D/DexLibLoader( 3301): directory "/data/data/com.facebook.orca/app_secondary_program_dex" is valid
D/DexLibLoader( 3301): ignoring file "primary_deps" in "/data/data/com.facebook.orca/app_secondary_program_dex_opt"
V/DexLibLoader( 3301): directory "/data/data/com.facebook.orca/app_secondary_program_dex_opt" contains "program-790183d1fb728678b0d8546ed8e9eaef904040896661a1c7.dex.dex" as expected
V/DexLibLoader( 3301): directory "/data/data/com.facebook.orca/app_secondary_program_dex_opt" contains "program-03b795797c6ded9e8b3df575980b7d37d9ca8dad6661a1c7.dex.dex" as expected
V/DexLibLoader( 3301): directory "/data/data/com.facebook.orca/app_secondary_program_dex_opt" contains "program-5ccf73e2daa6156653af1c6485ad6053f38846b96661a1c7.dex.dex" as expected
D/DexLibLoader( 3301): directory "/data/data/com.facebook.orca/app_secondary_program_dex_opt" is valid
D/DexLibLoader( 3301): loading pre-built cross-dex opt odex files
V/dalvik-internals( 3301): hooked dvmResolveClass using jump ()
V/dalvik-internals( 3301): hooked dvmFlushBreakpoints using jump ()
V/MultiDexClassLoader( 3301): installing MultiDexClassLoader before application classloader
I/dalvikvm( 3301): Could not find method dalvik.system.DexFile.loadClassBinaryName, referenced from method com.facebook.common.l.g.a
W/dalvikvm( 3301): VFY: unable to resolve virtual method 1453: Ldalvik/system/DexFile;.loadClassBinaryName (Ljava/lang/String;Ljava/lang/ClassLoader;)Ljava/lang/Class;
D/dalvikvm( 3301): VFY: replacing opcode 0x6e at 0x0000
D/DexLibLoader( 3301): released odex store lock
D/DexLibLoader( 3301): DexLibLoader.loadAll took 15 ms
W/bp      ( 3301): Verify
E/dalvikvm( 3301): Could not find class 'org.apache.harmony.xnet.provider.jsse.OpenSSLSocketImpl', referenced from method com.facebook.ssl.openssl.a.b.<clinit>
W/dalvikvm( 3301): VFY: unable to resolve const-class 10658 (Lorg/apache/harmony/xnet/provider/jsse/OpenSSLSocketImpl;) in Lcom/facebook/ssl/openssl/a/b;
D/dalvikvm( 3301): VFY: replacing opcode 0x1c at 0x000d
E/dalvikvm( 3301): Could not find class 'org.apache.harmony.xnet.provider.jsse.OpenSSLSocketFactoryImpl', referenced from method com.facebook.ssl.openssl.b.b.<clinit>
W/dalvikvm( 3301): VFY: unable to resolve const-class 10657 (Lorg/apache/harmony/xnet/provider/jsse/OpenSSLSocketFactoryImpl;) in Lcom/facebook/ssl/openssl/b/b;
D/dalvikvm( 3301): VFY: replacing opcode 0x1c at 0x000d
E/dalvikvm( 3301): Could not find class 'org.apache.harmony.xnet.provider.jsse.SSLParametersImpl', referenced from method com.facebook.ssl.openssl.b.b.a
W/dalvikvm( 3301): VFY: unable to resolve check-cast 10660 (Lorg/apache/harmony/xnet/provider/jsse/SSLParametersImpl;) in Lcom/facebook/ssl/openssl/b/b;
D/dalvikvm( 3301): VFY: replacing opcode 0x1f at 0x0006
E/dalvikvm( 3301): Could not find class 'org.apache.harmony.xnet.provider.jsse.SSLParametersImpl', referenced from method com.facebook.ssl.openssl.b.c.<clinit>
W/dalvikvm( 3301): VFY: unable to resolve const-class 10660 (Lorg/apache/harmony/xnet/provider/jsse/SSLParametersImpl;) in Lcom/facebook/ssl/openssl/b/c;
D/dalvikvm( 3301): VFY: replacing opcode 0x1c at 0x000d
W/dalvikvm( 3301): VFY: unable to find class referenced in signature (Lorg/apache/harmony/xnet/provider/jsse/SSLParametersImpl;)
E/dalvikvm( 3301): Could not find class 'org.apache.harmony.xnet.provider.jsse.ClientSessionContext', referenced from method com.facebook.ssl.openssl.b.c.a
W/dalvikvm( 3301): VFY: unable to resolve check-cast 10656 (Lorg/apache/harmony/xnet/provider/jsse/ClientSessionContext;) in Lcom/facebook/ssl/openssl/b/c;
D/dalvikvm( 3301): VFY: replacing opcode 0x1f at 0x0006
W/dalvikvm( 3301): VFY: unable to find class referenced in signature (Lorg/apache/harmony/xnet/provider/jsse/SSLParametersImpl;)
W/dalvikvm( 3301): Unable to resolve superclass of Lcom/facebook/ssl/openssl/TicketEnabledOpenSSLSocketImplWrapper; (10659)
W/dalvikvm( 3301): Link of class 'Lcom/facebook/ssl/openssl/TicketEnabledOpenSSLSocketImplWrapper;' failed
E/dalvikvm( 3301): Could not find class 'com.facebook.ssl.openssl.TicketEnabledOpenSSLSocketImplWrapper', referenced from method com.facebook.ssl.openssl.b.a
W/dalvikvm( 3301): VFY: unable to resolve new-instance 7258 (Lcom/facebook/ssl/openssl/TicketEnabledOpenSSLSocketImplWrapper;) in Lcom/facebook/ssl/openssl/b;
D/dalvikvm( 3301): VFY: replacing opcode 0x22 at 0x0000
W/dalvikvm( 3301): Unable to resolve superclass of Lcom/facebook/ssl/openssl/TicketEnabledOpenSSLSocketImplWrapper; (10659)
W/dalvikvm( 3301): Link of class 'Lcom/facebook/ssl/openssl/TicketEnabledOpenSSLSocketImplWrapper;' failed
D/dalvikvm( 3301): DexOpt: unable to opt direct call 0x9f40 at 0x08 in Lcom/facebook/ssl/openssl/b;.a
W/msgr(:<default>):a( 3301): Attempt to start service that is already started
D/dalvikvm( 3301): Trying to load lib /data/app-lib/com.facebook.orca-2/libfbjni.so 0x41fad638
D/dalvikvm( 3301): Added shared lib /data/app-lib/com.facebook.orca-2/libfbjni.so 0x41fad638
D/dalvikvm( 3301): Trying to load lib /data/app-lib/com.facebook.orca-2/libheartbleed.so 0x41fad638
D/dalvikvm( 3301): Added shared lib /data/app-lib/com.facebook.orca-2/libheartbleed.so 0x41fad638
I/ActivityManager( 1025): Process android.process.acore (pid 3200) has died.
I/ActivityManager( 1025): Start proc com.google.android.talk for broadcast com.google.android.talk/com.google.android.apps.hangouts.phone.PackageReplacedReceiver: pid=3338 uid=10071 gids={50071, 3003, 1028, 1015, 3002}
I/PackageManager( 1025): Adding preferred activity ComponentInfo{com.android.mms/com.android.mms.ui.ComposeMessageActivity} for user 0 :
I/PackageManager( 1025):   Action: "android.intent.action.SENDTO"
I/PackageManager( 1025):   Category: "android.intent.category.DEFAULT"
I/PackageManager( 1025):   Scheme: "sms"
I/InputReader( 1025): Reconfiguring input devices.  changes=0x00000010
I/PackageManager( 1025): Adding preferred activity ComponentInfo{com.android.mms/com.android.mms.ui.ComposeMessageActivity} for user 0 :
I/PackageManager( 1025):   Action: "android.intent.action.SENDTO"
I/PackageManager( 1025):   Category: "android.intent.category.DEFAULT"
I/PackageManager( 1025):   Scheme: "smsto"
I/Launcher( 8139): Deferring update until onResume
I/PackageManager( 1025): Adding preferred activity ComponentInfo{com.android.mms/com.android.mms.ui.ComposeMessageActivity} for user 0 :
I/PackageManager( 1025):   Action: "android.intent.action.SENDTO"
I/PackageManager( 1025):   Category: "android.intent.category.DEFAULT"
I/PackageManager( 1025):   Scheme: "mms"
I/ActivityManager( 1025): Process com.google.android.gms.unstable (pid 2886) has died.
I/PackageManager( 1025): Adding preferred activity ComponentInfo{com.android.mms/com.android.mms.ui.ComposeMessageActivity} for user 0 :
I/PackageManager( 1025):   Action: "android.intent.action.SENDTO"
I/PackageManager( 1025):   Category: "android.intent.category.DEFAULT"
I/PackageManager( 1025):   Scheme: "mmsto"
I/Launcher( 8139): Deferring update until onResume
I/PackageManager( 1025): Adding preferred activity ComponentInfo{com.android.mms/com.android.mms.ui.ComposeMessageActivity} for user 0 :
I/PackageManager( 1025):   Action: "android.intent.action.SENDTO"
I/PackageManager( 1025):   Category: "android.intent.category.DEFAULT"
I/PackageManager( 1025):   Scheme: "sms"
D/dalvikvm( 3338): Trying to load lib /data/app-lib/com.google.android.talk-2/libcrashreporterer.so 0x41faa858
D/dalvikvm( 3338): Added shared lib /data/app-lib/com.google.android.talk-2/libcrashreporterer.so 0x41faa858
I/PackageManager( 1025): Adding preferred activity ComponentInfo{com.android.mms/com.android.mms.ui.ComposeMessageActivity} for user 0 :
I/PackageManager( 1025):   Action: "android.intent.action.SENDTO"
I/PackageManager( 1025):   Category: "android.intent.category.DEFAULT"
I/PackageManager( 1025):   Scheme: "smsto"
I/PackageManager( 1025): Adding preferred activity ComponentInfo{com.android.mms/com.android.mms.ui.ComposeMessageActivity} for user 0 :
I/PackageManager( 1025):   Action: "android.intent.action.SENDTO"
I/PackageManager( 1025):   Category: "android.intent.category.DEFAULT"
I/PackageManager( 1025):   Scheme: "mms"
E/dalvikvm( 3338): Could not find class 'android.app.Notification$Action$Builder', referenced from method f.a
W/dalvikvm( 3338): VFY: unable to resolve new-instance 402 (Landroid/app/Notification$Action$Builder;) in Lf;
D/dalvikvm( 3338): VFY: replacing opcode 0x22 at 0x0000
I/PackageManager( 1025): Adding preferred activity ComponentInfo{com.android.mms/com.android.mms.ui.ComposeMessageActivity} for user 0 :
E/dalvikvm( 3338): Could not find class 'android.app.RemoteInput$Builder', referenced from method f.a
W/dalvikvm( 3338): VFY: unable to resolve new-instance 414 (Landroid/app/RemoteInput$Builder;) in Lf;
D/dalvikvm( 3338): VFY: replacing opcode 0x22 at 0x003d
I/PackageManager( 1025):   Action: "android.intent.action.SENDTO"
I/PackageManager( 1025):   Category: "android.intent.category.DEFAULT"
I/PackageManager( 1025):   Scheme: "mmsto"
E/dalvikvm( 3338): Could not find class 'android.app.Notification$Action$Builder', referenced from method f.a
W/dalvikvm( 3338): VFY: unable to resolve new-instance 402 (Landroid/app/Notification$Action$Builder;) in Lf;
D/dalvikvm( 3338): VFY: replacing opcode 0x22 at 0x0000
W/dalvikvm( 3338): Unable to resolve superclass of Law; (790)
W/dalvikvm( 3338): Link of class 'Law;' failed
E/dalvikvm( 3338): Could not find class 'aw', referenced from method f.a
W/dalvikvm( 3338): VFY: unable to resolve new-instance 1214 (Law;) in Lf;
D/dalvikvm( 3338): VFY: replacing opcode 0x22 at 0x0006
W/dalvikvm( 3338): Unable to resolve superclass of Lay; (790)
W/dalvikvm( 3338): Link of class 'Lay;' failed
E/dalvikvm( 3338): Could not find class 'ay', referenced from method f.a
W/dalvikvm( 3338): VFY: unable to resolve new-instance 1268 (Lay;) in Lf;
D/dalvikvm( 3338): VFY: replacing opcode 0x22 at 0x002a
I/dalvikvm( 3338): Could not find method android.view.ViewGroup.isTransitionGroup, referenced from method f.a
W/dalvikvm( 3338): VFY: unable to resolve virtual method 5345: Landroid/view/ViewGroup;.isTransitionGroup ()Z
D/dalvikvm( 3338): VFY: replacing opcode 0x6e at 0x000c
I/dalvikvm( 3338): Could not find method android.view.View.getTransitionName, referenced from method f.a
W/dalvikvm( 3338): VFY: unable to resolve virtual method 5199: Landroid/view/View;.getTransitionName ()Ljava/lang/String;
D/dalvikvm( 3338): VFY: replacing opcode 0x6e at 0x0006
W/dalvikvm( 3338): VFY: unable to find class referenced in signature ([Landroid/app/RemoteInput;)
E/dalvikvm( 3338): Could not find class 'android.app.RemoteInput[]', referenced from method f.a
W/dalvikvm( 3338): VFY: unable to resolve new-array 6957 ([Landroid/app/RemoteInput;) in Lf;
D/dalvikvm( 3338): VFY: replacing opcode 0x23 at 0x0005
D/dalvikvm( 3338): DexOpt: couldn't find static field Landroid/os/Build;.SUPPORTED_ABIS
W/dalvikvm( 3338): VFY: unable to resolve static field 1486 (SUPPORTED_ABIS) in Landroid/os/Build;
D/dalvikvm( 3338): VFY: replacing opcode 0x62 at 0x0006
D/dalvikvm( 3338): DexOpt: unable to opt direct call 0x0a62 at 0x0e in Lf;.a
D/dalvikvm( 3338): DexOpt: unable to opt direct call 0x0ab7 at 0x43 in Lf;.a
D/dalvikvm( 3338): DexOpt: unable to opt direct call 0x0a62 at 0x0e in Lf;.a
W/dalvikvm( 3338): Unable to resolve superclass of Law; (790)
W/dalvikvm( 3338): Link of class 'Law;' failed
D/dalvikvm( 3338): DexOpt: unable to opt direct call 0x1d53 at 0x08 in Lf;.a
W/dalvikvm( 3338): Unable to resolve superclass of Lay; (790)
W/dalvikvm( 3338): Link of class 'Lay;' failed
D/dalvikvm( 3338): DexOpt: unable to opt direct call 0x1e94 at 0x2c in Lf;.a
D/dalvikvm( 3338): DexOpt: unable to opt direct call 0x0ab7 at 0x13 in Lf;.a
I/dalvikvm( 3338): Could not find method android.content.Context.getDrawable, referenced from method i.a
W/dalvikvm( 3338): VFY: unable to resolve virtual method 2839: Landroid/content/Context;.getDrawable (I)Landroid/graphics/drawable/Drawable;
D/dalvikvm( 3338): VFY: replacing opcode 0x6e at 0x0006
I/Babel   ( 3338): MmsConfig: mnc/mcc: 272/3
I/Babel   ( 3338): MmsConfig.loadMmsSettings
I/Babel   ( 3338): MmsConfig.loadDeviceMmsSettings from API: mUserAgent=motoxt1039, mUaProfUrl=http://uaprof.motorola.com/phoneconfig/motoxt1039/Profile/motoxt1039.rdf
I/Babel   ( 3338): MmsConfig.loadFromDatabase
E/SQLiteLog( 3338): (1) no such table: mmsconfig
I/Babel   ( 3338): MmsConfig: no mmsconfig table android.database.sqlite.SQLiteException: no such table: mmsconfig (code 1): , while compiling: SELECT key, value, type FROM mmsconfig WHERE numeric=?
I/Babel   ( 3338): MmsConfig.loadFromResources
E/Babel   ( 3338): canonicalizeMccMnc: invalid mccmnc nullnull
I/Babel   ( 3338): MmsConfig.loadMmsSettings: mUserAgent=motoxt1039, mUaProfUrl=http://uaprof.motorola.com/phoneconfig/motoxt1039/Profile/motoxt1039.rdf
W/Settings( 3338): Setting airplane_mode_on has moved from android.provider.Settings.System to android.provider.Settings.Global, returning read-only value.
I/Babel_StickerModule( 3338): App launched.
I/ActivityManager( 1025): Start proc com.google.android.googlequicksearchbox:search for broadcast com.google.android.googlequicksearchbox/com.google.android.search.core.GooglePlayServicesHelper$GmsPackageWatcher: pid=3372 uid=10045 gids={50045, 3003, 3001, 1028, 3002, 1015}
W/AppOps  ( 1025): Bad call: specified package qcamera under uid 1013 but it is really -1
W/AppOps  ( 1025): Bad call: specified package qcamera under uid 1013 but it is really -1
W/AppOps  ( 1025): Bad call: specified package qcamera under uid 1013 but it is really -1
I/ActivityManager( 1025): Process com.facebook.orca (pid 3301) has died.
W/ActivityManager( 1025): Scheduling restart of crashed service com.facebook.orca/com.facebook.push.mqtt.service.MqttPushService in 18563ms
W/AppOps  ( 1025): Bad call: specified package qcamera under uid 1013 but it is really -1
W/dalvikvm( 3338): Unable to resolve superclass of Lcom/google/android/libraries/hangouts/video/ScreenCaptureVideoSource$2; (596)
W/dalvikvm( 3338): Link of class 'Lcom/google/android/libraries/hangouts/video/ScreenCaptureVideoSource$2;' failed
E/dalvikvm( 3338): Could not find class 'com.google.android.libraries.hangouts.video.ScreenCaptureVideoSource$2', referenced from method com.google.android.libraries.hangouts.video.ScreenCaptureVideoSource.<init>
W/dalvikvm( 3338): VFY: unable to resolve new-instance 2878 (Lcom/google/android/libraries/hangouts/video/ScreenCaptureVideoSource$2;) in Lcom/google/android/libraries/hangouts/video/ScreenCaptureVideoSource;
D/dalvikvm( 3338): VFY: replacing opcode 0x22 at 0x0044
W/dalvikvm( 3338): VFY: unable to find class referenced in signature (Landroid/media/projection/MediaProjection;)
W/dalvikvm( 3338): VFY: unable to find class referenced in signature (Landroid/media/projection/MediaProjection;)
W/dalvikvm( 3338): VFY: unable to find class referenced in signature (Landroid/media/projection/MediaProjection;)
W/dalvikvm( 3338): VFY: unable to find class referenced in signature (Landroid/media/projection/MediaProjectionManager;)
I/dalvikvm( 3338): Could not find method android.media.projection.MediaProjection.createVirtualDisplay, referenced from method com.google.android.libraries.hangouts.video.ScreenCaptureVideoSource.createVirtualDisplay
W/dalvikvm( 3338): VFY: unable to resolve virtual method 3518: Landroid/media/projection/MediaProjection;.createVirtualDisplay (Ljava/lang/String;IIIILandroid/view/Surface;Landroid/hardware/display/VirtualDisplay$Callback;Landroid/os/Handler;)Landroid/hardware/display/VirtualDisplay;
D/dalvikvm( 3338): VFY: replacing opcode 0x74 at 0x0053
I/dalvikvm( 3338): Could not find method android.media.projection.MediaProjection.stop, referenced from method com.google.android.libraries.hangouts.video.ScreenCaptureVideoSource.release
W/dalvikvm( 3338): VFY: unable to resolve virtual method 3520: Landroid/media/projection/MediaProjection;.stop ()V
D/dalvikvm( 3338): VFY: replacing opcode 0x6e at 0x002d
I/dalvikvm( 3338): Could not find method android.media.projection.MediaProjectionManager.createScreenCaptureIntent, referenced from method com.google.android.libraries.hangouts.video.ScreenCaptureVideoSource.startCapture
W/dalvikvm( 3338): VFY: unable to resolve virtual method 3522: Landroid/media/projection/MediaProjectionManager;.createScreenCaptureIntent ()Landroid/content/Intent;
D/dalvikvm( 3338): VFY: replacing opcode 0x6e at 0x0023
W/dalvikvm( 3338): Unable to resolve superclass of Lcom/google/android/libraries/hangouts/video/ScreenCaptureVideoSource$2; (596)
W/dalvikvm( 3338): Link of class 'Lcom/google/android/libraries/hangouts/video/ScreenCaptureVideoSource$2;' failed
D/dalvikvm( 3338): DexOpt: unable to opt direct call 0x4a49 at 0x46 in Lcom/google/android/libraries/hangouts/video/ScreenCaptureVideoSource;.<init>
I/dalvikvm( 3338): Could not find method android.media.MediaCodecInfo$CodecCapabilities.getVideoCapabilities, referenced from method com.google.android.libraries.hangouts.video.EncoderManager.isHardwareAcceleratedCodec
W/dalvikvm( 3338): VFY: unable to resolve virtual method 3454: Landroid/media/MediaCodecInfo$CodecCapabilities;.getVideoCapabilities ()Landroid/media/MediaCodecInfo$VideoCapabilities;
D/dalvikvm( 3338): VFY: replacing opcode 0x6e at 0x001f
I/ActivityManager( 1025): Start proc com.google.android.partnersetup for content provider com.google.android.partnersetup/.RlzAppProvider: pid=3389 uid=10025 gids={50025, 3003}
I/Babel   ( 3338): Creating RTCS
I/dalvikvm( 3372): Could not find method android.content.pm.PackageManager.getPackageInstaller, referenced from method com.google.android.gms.common.e.p
W/dalvikvm( 3372): VFY: unable to resolve virtual method 901: Landroid/content/pm/PackageManager;.getPackageInstaller ()Landroid/content/pm/PackageInstaller;
D/dalvikvm( 3372): VFY: replacing opcode 0x6e at 0x000b
I/ActivityManager( 1025): Start proc android.process.acore for broadcast com.android.providers.contacts/.PackageIntentReceiver: pid=3408 uid=10010 gids={50010, 3003, 1028, 1015, 1023}
I/ActivityManager( 1025): Process com.google.android.googlequicksearchbox:search (pid 3372) has died.
I/Babel   ( 3338): Destroying RTCS
D/PackageBroadcastService(32741): Received broadcast action=android.intent.action.PACKAGE_CHANGED and uri=com.google.android.gms
I/PackageBroadcastService(32741): Null package name or gms related package.  Ignoreing.
I/Icing   (32741): updateResources: need to parse e{com.google.android.gms}
I/ContactLocale( 3408): AddressBook Labels [en_GB]: [, A, B, C, D, E, F, G, H, I, J, K, L, M, N, O, P, Q, R, S, T, U, V, W, X, Y, Z, , , , , , , , , , , , , , , , , , , , , , , , , , , , , , , , , , , , , , , , , , , , , , , , , , , , , , , , , , , , , , , , , , , , , , , , , , , , , , , , , , , , , , , , , , , , , , , , , , , , , , , , , , , , , , , , , , , , , , , , , , , , , , , , , , , , , , , , , , , , , , , , , , , , , , , , , , , , , , , , , , , , , , , , , , , , , , , , , , , , , , #, ]
I/ActivityManager( 1025): Start proc com.motorola.MotGallery2 for broadcast com.motorola.MotGallery2/com.android.gallery3d.app.PackagesMonitor: pid=3428 uid=10034 gids={50034, 3003, 1028, 1015}
I/ActivityManager( 1025): Process com.google.android.talk (pid 3338) has died.
W/ActivityManager( 1025): Service ServiceRecord{438b61d0 u0 com.google.android.talk/com.google.android.libraries.hangouts.video.CallService} in process ProcessRecord{433d4e90 3338:com.google.android.talk/u0a71} not same as in map: null
I/ActivityManager( 1025): Start proc com.google.android.googlequicksearchbox:search for broadcast com.google.android.googlequicksearchbox/com.google.android.search.core.icingsync.IcingCorporaChangedReceiver: pid=3442 uid=10045 gids={50045, 3003, 3001, 1028, 3002, 1015}
I/ActivityManager( 1025): Process com.google.android.partnersetup (pid 3389) has died.
D/dalvikvm( 1025): GC_EXPLICIT freed 1349K, 40% free 30528K/50444K, paused 6ms+16ms, total 164ms
V/GmsNetworkLocationProvi(19200): DISABLE
E/GCoreFlp(19200): Bound FusedProviderService with LocationManager
V/GmsNetworkLocationProvi(19200): onSetRequest: ProviderRequestUnbundled, reportLocation is true and interval is 14400000
V/GmsNetworkLocationProvi(19200): ENABLE
V/GmsNetworkLocationProvi(19200): SET-REQUEST
V/GmsNetworkLocationProvi(19200): in Handler: ProviderRequestUnbundled, reportLocation is true and interval is 14400000
D/WifiService( 1025): acquireWifiLockLocked: WifiLock{NlpWifiLock type=2 binder=android.os.BinderProxy@42ab4170}
I/UpdateIcingCorporaServi( 3442): Updating corpora: APPS=com.google.android.gms, CONTACTS=MAYBE
D/WifiStateMachine( 1025): handleMessage: E msg.what=131143
D/WifiStateMachine( 1025): processMsg: ConnectedState
