D/WifiStateMachine(  586): DriverStartedState{ what=131218 when=-1ms target=Handler (com.android.internal.util.StateMachine$SmHandler) {42cbc910} }
I/wpa_supplicant(20682): Change stage from stage0 to stage3
I/wpa_supplicant(20682): Don't scan again before 3 minutes, avoid too many scan when stage change frequently
I/wpa_ctrl(  586): [wpa_ctrl_request] ctrl address = 5716ed78, ctrl_conn address = 0
D/StateMachine(  586): handleMessage: X
I/HtcModeClient( 5472): handler message = 4011
E/HtcModeClient( 5472): Check connection and retry 3 times.
D/CursorWindowStats(31010): Allocate Cursor Window larger than default value, size: 4194304, default:2097152
D/CursorWindowStats(31010): Allocate Cursor Window larger than default value, size: 4194304, default:2097152
W/Bundle  ( 7839): Key favorite_item_id expected Long but value was a java.lang.Integer.  The default value -1 was returned.
D/StateMachine(  586): handleMessage: E msg.what=131218
D/StateMachine(  586): processMsg: ConnectedState
D/WifiStateMachine(  586): ConnectedState{ what=131218 when=-1ms target=Handler (com.android.internal.util.StateMachine$SmHandler) {42cbc910} }
D/StateMachine(  586): processMsg: L2ConnectedState
D/WifiStateMachine(  586): L2ConnectedState{ what=131218 when=-2ms target=Handler (com.android.internal.util.StateMachine$SmHandler) {42cbc910} }
D/StateMachine(  586): processMsg: ConnectModeState
D/WifiStateMachine(  586): ConnectModeState{ what=131218 when=-2ms target=Handler (com.android.internal.util.StateMachine$SmHandler) {42cbc910} }
D/StateMachine(  586): processMsg: DriverStartedState
D/WifiStateMachine(  586): DriverStartedState{ what=131218 when=-5ms target=Handler (com.android.internal.util.StateMachine$SmHandler) {42cbc910} }
I/wpa_ctrl(  586): [wpa_ctrl_request] ctrl address = 5716ed78, ctrl_conn address = 0
D/StateMachine(  586): handleMessage: X
D/StateMachine(  586): handleMessage: E msg.what=131218
D/StateMachine(  586): processMsg: ConnectedState
D/WifiStateMachine(  586): ConnectedState{ what=131218 when=-6ms target=Handler (com.android.internal.util.StateMachine$SmHandler) {42cbc910} }
D/StateMachine(  586): processMsg: L2ConnectedState
D/WifiStateMachine(  586): L2ConnectedState{ what=131218 when=-7ms target=Handler (com.android.internal.util.StateMachine$SmHandler) {42cbc910} }
D/StateMachine(  586): processMsg: ConnectModeState
D/WifiStateMachine(  586): ConnectModeState{ what=131218 when=-7ms target=Handler (com.android.internal.util.StateMachine$SmHandler) {42cbc910} }
D/StateMachine(  586): processMsg: DriverStartedState
D/WifiStateMachine(  586): DriverStartedState{ what=131218 when=-7ms target=Handler (com.android.internal.util.StateMachine$SmHandler) {42cbc910} }
I/wpa_supplicant(20682): Change stage from stage3 to stage0
I/wpa_ctrl(  586): [wpa_ctrl_request] ctrl address = 5716ed78, ctrl_conn address = 0
D/StateMachine(  586): handleMessage: X
W/Bundle  ( 7839): Attempt to cast generated internal exception:
W/Bundle  ( 7839): java.lang.ClassCastException: java.lang.Integer cannot be cast to java.lang.Long
W/Bundle  ( 7839): 	at android.os.Bundle.getLong(Bundle.java:973)
W/Bundle  ( 7839): 	at android.content.Intent.getLongExtra(Intent.java:4417)
W/Bundle  ( 7839): 	at com.htc.launcher.UpdateShortcutReceiver$1.run(UpdateShortcutReceiver.java:33)
W/Bundle  ( 7839): 	at android.os.Handler.handleCallback(Handler.java:615)
W/Bundle  ( 7839): 	at android.os.Handler.dispatchMessage(Handler.java:92)
W/Bundle  ( 7839): 	at android.os.Looper.loop(Looper.java:155)
W/Bundle  ( 7839): 	at android.os.HandlerThread.run(HandlerThread.java:60)
D/StateMachine(  586): handleMessage: E msg.what=131218
D/StateMachine(  586): processMsg: ConnectedState
D/WifiStateMachine(  586): ConnectedState{ what=131218 when=-1ms target=Handler (com.android.internal.util.StateMachine$SmHandler) {42cbc910} }
D/StateMachine(  586): processMsg: L2ConnectedState
D/WifiStateMachine(  586): L2ConnectedState{ what=131218 when=-1ms target=Handler (com.android.internal.util.StateMachine$SmHandler) {42cbc910} }
D/StateMachine(  586): processMsg: ConnectModeState
D/WifiStateMachine(  586): ConnectModeState{ what=131218 when=-4ms target=Handler (com.android.internal.util.StateMachine$SmHandler) {42cbc910} }
D/StateMachine(  586): processMsg: DriverStartedState
D/WifiStateMachine(  586): DriverStartedState{ what=131218 when=-5ms target=Handler (com.android.internal.util.StateMachine$SmHandler) {42cbc910} }
I/wpa_ctrl(  586): [wpa_ctrl_request] ctrl address = 5716ed78, ctrl_conn address = 0
D/StateMachine(  586): handleMessage: X
D/StateMachine(  586): handleMessage: E msg.what=131218
D/StateMachine(  586): processMsg: ConnectedState
D/WifiStateMachine(  586): ConnectedState{ what=131218 when=-1ms target=Handler (com.android.internal.util.StateMachine$SmHandler) {42cbc910} }
D/StateMachine(  586): processMsg: L2ConnectedState
D/WifiStateMachine(  586): L2ConnectedState{ what=131218 when=-2ms target=Handler (com.android.internal.util.StateMachine$SmHandler) {42cbc910} }
D/StateMachine(  586): processMsg: ConnectModeState
D/WifiStateMachine(  586): ConnectModeState{ what=131218 when=-2ms target=Handler (com.android.internal.util.StateMachine$SmHandler) {42cbc910} }
D/StateMachine(  586): processMsg: DriverStartedState
D/WifiStateMachine(  586): DriverStartedState{ what=131218 when=-2ms target=Handler (com.android.internal.util.StateMachine$SmHandler) {42cbc910} }
I/wpa_ctrl(  586): [wpa_ctrl_request] ctrl address = 5716ed78, ctrl_conn address = 0
D/StateMachine(  586): handleMessage: X
D/StateMachine(  586): handleMessage: E msg.what=131218
D/StateMachine(  586): processMsg: ConnectedState
D/WifiStateMachine(  586): ConnectedState{ what=131218 when=0 target=Handler (com.android.internal.util.StateMachine$SmHandler) {42cbc910} }
D/StateMachine(  586): processMsg: L2ConnectedState
D/WifiStateMachine(  586): L2ConnectedState{ what=131218 when=0 target=Handler (com.android.internal.util.StateMachine$SmHandler) {42cbc910} }
D/StateMachine(  586): processMsg: ConnectModeState
D/WifiStateMachine(  586): ConnectModeState{ what=131218 when=-2ms target=Handler (com.android.internal.util.StateMachine$SmHandler) {42cbc910} }
D/StateMachine(  586): processMsg: DriverStartedState
D/WifiStateMachine(  586): DriverStartedState{ what=131218 when=-2ms target=Handler (com.android.internal.util.StateMachine$SmHandler) {42cbc910} }
I/wpa_ctrl(  586): [wpa_ctrl_request] ctrl address = 5716ed78, ctrl_conn address = 0
D/StateMachine(  586): handleMessage: X
I/iu.UploadsManager( 2914): NEW; upload media id: 48863; iu: -1
I/iu.UploadsManager( 2914): NEW; add media id: 48863
D/StateMachine(  586): handleMessage: E msg.what=131218
D/StateMachine(  586): processMsg: ConnectedState
D/WifiStateMachine(  586): ConnectedState{ what=131218 when=-1ms target=Handler (com.android.internal.util.StateMachine$SmHandler) {42cbc910} }
D/StateMachine(  586): processMsg: L2ConnectedState
D/WifiStateMachine(  586): L2ConnectedState{ what=131218 when=-1ms target=Handler (com.android.internal.util.StateMachine$SmHandler) {42cbc910} }
D/StateMachine(  586): processMsg: ConnectModeState
D/WifiStateMachine(  586): ConnectModeState{ what=131218 when=-1ms target=Handler (com.android.internal.util.StateMachine$SmHandler) {42cbc910} }
D/StateMachine(  586): processMsg: DriverStartedState
D/WifiStateMachine(  586): DriverStartedState{ what=131218 when=-2ms target=Handler (com.android.internal.util.StateMachine$SmHandler) {42cbc910} }
I/wpa_ctrl(  586): [wpa_ctrl_request] ctrl address = 5716ed78, ctrl_conn address = 0
D/StateMachine(  586): handleMessage: X
V/Herrevad( 2914): NQAS connected
D/StateMachine(  586): handleMessage: E msg.what=131218
D/StateMachine(  586): processMsg: ConnectedState
D/WifiStateMachine(  586): ConnectedState{ what=131218 when=0 target=Handler (com.android.internal.util.StateMachine$SmHandler) {42cbc910} }
D/StateMachine(  586): processMsg: L2ConnectedState
D/WifiStateMachine(  586): L2ConnectedState{ what=131218 when=-1ms target=Handler (com.android.internal.util.StateMachine$SmHandler) {42cbc910} }
D/StateMachine(  586): processMsg: ConnectModeState
D/WifiStateMachine(  586): ConnectModeState{ what=131218 when=-1ms target=Handler (com.android.internal.util.StateMachine$SmHandler) {42cbc910} }
D/StateMachine(  586): processMsg: DriverStartedState
D/WifiStateMachine(  586): DriverStartedState{ what=131218 when=-2ms target=Handler (com.android.internal.util.StateMachine$SmHandler) {42cbc910} }
I/wpa_ctrl(  586): [wpa_ctrl_request] ctrl address = 5716ed78, ctrl_conn address = 0
D/StateMachine(  586): handleMessage: X
I/PackageManager(  586):  setEnabledSetting(), pkgName=com.google.android.music, clsName=com.google.android.music.leanback.AutoCacheSchedulingService$ActionReceiver, state=2, flag=1, pid=31145, uid=10210
D/Socket_Alarm(31145): registerHTCSocketMonitorCallBack
D/Socket_Alarm(31145): set mSocketMonitor
D/Socket_Alarm(31145): HTCSocketMonitorImpl::HTCSocketMonitorImpl
I/iu.UploadsManager( 2914): End new media; added: 1, uploading: 1, time: 7534 ms
I/MusicLeanback(31145): Conditions not met for autocaching.
I/MusicLeanback(31145): Stop autocaching.
D/PowerManagerService(  586): releaseWakeLock(42ad6858): PARTIAL_WAKE_LOCK , tag=wake:com.google.android.music/.leanback.AutoCacheSchedulingService, flags=0x1
W/Bundle  ( 7839): Key favorite_item_id expected Long but value was a java.lang.Integer.  The default value -1 was returned.
W/Bundle  ( 7839): Attempt to cast generated internal exception:
W/Bundle  ( 7839): java.lang.ClassCastException: java.lang.Integer cannot be cast to java.lang.Long
W/Bundle  ( 7839): 	at android.os.Bundle.getLong(Bundle.java:973)
W/Bundle  ( 7839): 	at android.content.Intent.getLongExtra(Intent.java:4417)
W/Bundle  ( 7839): 	at com.htc.launcher.UpdateShortcutReceiver$1.run(UpdateShortcutReceiver.java:33)
W/Bundle  ( 7839): 	at android.os.Handler.handleCallback(Handler.java:615)
W/Bundle  ( 7839): 	at android.os.Handler.dispatchMessage(Handler.java:92)
W/Bundle  ( 7839): 	at android.os.Looper.loop(Looper.java:155)
W/Bundle  ( 7839): 	at android.os.HandlerThread.run(HandlerThread.java:60)
D/StateMachine(  586): handleMessage: E msg.what=131218
D/StateMachine(  586): processMsg: ConnectedState
D/WifiStateMachine(  586): ConnectedState{ what=131218 when=-1ms target=Handler (com.android.internal.util.StateMachine$SmHandler) {42cbc910} }
D/StateMachine(  586): processMsg: L2ConnectedState
D/WifiStateMachine(  586): L2ConnectedState{ what=131218 when=-3ms target=Handler (com.android.internal.util.StateMachine$SmHandler) {42cbc910} }
D/StateMachine(  586): processMsg: ConnectModeState
D/WifiStateMachine(  586): ConnectModeState{ what=131218 when=-3ms target=Handler (com.android.internal.util.StateMachine$SmHandler) {42cbc910} }
D/StateMachine(  586): processMsg: DriverStartedState
D/WifiStateMachine(  586): DriverStartedState{ what=131218 when=-5ms target=Handler (com.android.internal.util.StateMachine$SmHandler) {42cbc910} }
I/wpa_ctrl(  586): [wpa_ctrl_request] ctrl address = 5716ed78, ctrl_conn address = 0
D/StateMachine(  586): handleMessage: X
D/PowerManagerService(  586): releaseWakeLock(4311c0a8): PARTIAL_WAKE_LOCK , tag=wake:com.google.android.gms/com.google.android.libraries.social.mediamonitor.MediaMonitorIntentService, flags=0x1
D/StateMachine(  586): handleMessage: E msg.what=131155
D/StateMachine(  586): processMsg: ConnectedState
D/WifiStateMachine(  586): ConnectedState{ what=131155 when=-1ms target=Handler (com.android.internal.util.StateMachine$SmHandler) {42cbc910} arg1=1014 }
D/StateMachine(  586): processMsg: L2ConnectedState
D/WifiStateMachine(  586): L2ConnectedState{ what=131155 when=-2ms target=Handler (com.android.internal.util.StateMachine$SmHandler) {42cbc910} arg1=1014 }
I/wpa_ctrl(  586): [wpa_ctrl_request] ctrl address = 5716ed78, ctrl_conn address = 0
D/WifiStateMachine(  586): fetchRssiAndLinkSpeedNative RSSI = -45
D/StateMachine(  586): handleMessage: X
D/WakeLockManager( 7839): acquireWakeLock(com.htc.launcher.Workspace@42415b28) tag=RosieScroll_2
W/dalvikvm( 7839): disableGcForExternalAlloc: true
W/dalvikvm(  586): disableGcForExternalAlloc: true
W/dalvikvm(  586): disableGcForExternalAlloc: false
W/dalvikvm(  586): disableGcForExternalAlloc: true
W/dalvikvm(  586): disableGcForExternalAlloc: false
D/PowerManagerService(  586): acquireWakeLock(43171518): CPU_MIN_NUM , tag=RosieScroll_2, flags=0x400, pid=7839, uid=9999, mUserState=0x3
D/PowerManagerService(  586): acquireWakeLock(43164120): CPU_MIN_FREQ , tag=RosieScroll_2, flags=0x100, pid=7839, uid=9999, mUserState=0x3
W/Rosie   ( 7839): closeFolder() -- Folder is null , AnimateClose? false
W/Rosie   ( 7839): closeFolder() -- Folder is null , AnimateClose? false
D/memalloc( 7839): ion: Unmapping buffer  base:0x5a8cf000 size:348160
D/memalloc( 7839): ion: Unmapping buffer  base:0x570fd000 size:4096
W/Adreno200-ES20( 7839): <process_gl_state_enables:463>: GL_INVALID_ENUM
I/GAV2    (31449): Thread[GAThread,5,main]: No campaign data found.
D/WakeLockManager( 7839): releaseWakeLock(com.htc.launcher.Workspace@42415b28) tag=RosieScroll_2
W/dalvikvm( 7839): disableGcForExternalAlloc: false
D/PowerManagerService(  586): releaseWakeLock(43171518): CPU_MIN_NUM , tag=RosieScroll_2, flags=0x400
D/PowerManagerService(  586): releaseWakeLock(43164120): CPU_MIN_FREQ , tag=RosieScroll_2, flags=0x100
W/Settings(31297): Setting location_providers_allowed has moved from android.provider.Settings.System to android.provider.Settings.Secure, returning Secure URI.
I/HtcScreenBrightnessWidget(31297): GetCurrentSetting: nRet = 2
D/memalloc(  242): ion: Allocated buffer base:0x435a3000 size:2088960 fd:62
D/memalloc(  242): ion: Allocated buffer base:0x40029000 size:4096 fd:93
D/memalloc( 7839): ion: Mapped buffer base:0x5ee7d000 size:2088960 offset:0 fd:162
D/memalloc( 7839): ion: Mapped buffer base:0x570fd000 size:4096 offset:0 fd:183
D/MediaProvider(31184): [MediaProvider][update]-500
V/MediaProvider(31184): [MediaProvider][update]+files,volid = 1057688272
E/SQLiteLog(19604): (5) statement aborts at 1: [PRAGMA journal_mode=TRUNCATE;] 
E/SQLiteLog(31184): (5) statement aborts at 1: [PRAGMA journal_mode=TRUNCATE;] 
D/WakeLockManager( 7839): acquireWakeLock(com.htc.launcher.Workspace@42415b28) tag=RosieScroll_2
W/dalvikvm( 7839): disableGcForExternalAlloc: true
W/dalvikvm(  586): disableGcForExternalAlloc: true
W/dalvikvm(  586): disableGcForExternalAlloc: false
W/dalvikvm(  586): disableGcForExternalAlloc: true
W/dalvikvm(  586): disableGcForExternalAlloc: false
W/Rosie   ( 7839): closeFolder() -- Folder is null , AnimateClose? false
D/HtcPowerStripWidget(31297): onPause
D/PowerManagerService(  586): acquireWakeLock(43126078): CPU_MIN_NUM , tag=RosieScroll_2, flags=0x400, pid=7839, uid=9999, mUserState=0x3
D/PowerManagerService(  586): acquireWakeLock(43115ef8): CPU_MIN_FREQ , tag=RosieScroll_2, flags=0x100, pid=7839, uid=9999, mUserState=0x3
W/Rosie   ( 7839): closeFolder() -- Folder is null , AnimateClose? false
D/PowerManagerService(  586): acquireWakeLock(42d536b8): PARTIAL_WAKE_LOCK , tag=RILJ, flags=0x1, pid=942, uid=1001, mUserState=0x3
I/com.dropbox.android.service.CameraUploadService(30993): Finished querying providers.
D/PowerManagerService(  586): releaseWakeLock(42d536b8): PARTIAL_WAKE_LOCK , tag=RILJ, flags=0x1
I/com.dropbox.android.service.CameraUploadService(30993): Finished camera upload scan.
D/WakeLockManager( 7839): releaseWakeLock(com.htc.launcher.Workspace@42415b28) tag=RosieScroll_2
W/dalvikvm( 7839): disableGcForExternalAlloc: false
D/PowerManagerService(  586): acquireWakeLock(42d4b0f8): PARTIAL_WAKE_LOCK , tag=RILJ, flags=0x1, pid=942, uid=1001, mUserState=0x3
D/PowerManagerService(  586): releaseWakeLock(42d4b0f8): PARTIAL_WAKE_LOCK , tag=RILJ, flags=0x1
D/PowerManagerService(  586): releaseWakeLock(43126078): CPU_MIN_NUM , tag=RosieScroll_2, flags=0x400
D/PowerManagerService(  586): releaseWakeLock(43115ef8): CPU_MIN_FREQ , tag=RosieScroll_2, flags=0x100
I/com.dropbox.android.service.CameraUploadService(30993): Starting camera upload scan...
D/WakeLockManager( 7839): acquireWakeLock(com.htc.launcher.Workspace@42415b28) tag=RosieScroll_2
W/dalvikvm( 7839): disableGcForExternalAlloc: true
W/dalvikvm(  586): disableGcForExternalAlloc: true
W/dalvikvm(  586): disableGcForExternalAlloc: false
W/dalvikvm(  586): disableGcForExternalAlloc: true
W/dalvikvm(  586): disableGcForExternalAlloc: false
W/Rosie   ( 7839): closeFolder() -- Folder is null , AnimateClose? false
D/PowerManagerService(  586): acquireWakeLock(43090cd8): CPU_MIN_NUM , tag=RosieScroll_2, flags=0x400, pid=7839, uid=9999, mUserState=0x3
D/PowerManagerService(  586): acquireWakeLock(430854a8): CPU_MIN_FREQ , tag=RosieScroll_2, flags=0x100, pid=7839, uid=9999, mUserState=0x3
W/Rosie   ( 7839): closeFolder() -- Folder is null , AnimateClose? false
D/WakeLockManager( 7839): releaseWakeLock(com.htc.launcher.Workspace@42415b28) tag=RosieScroll_2
W/dalvikvm( 7839): disableGcForExternalAlloc: false
D/PowerManagerService(  586): releaseWakeLock(43090cd8): CPU_MIN_NUM , tag=RosieScroll_2, flags=0x400
D/PowerManagerService(  586): releaseWakeLock(430854a8): CPU_MIN_FREQ , tag=RosieScroll_2, flags=0x100
D/PowerManagerService(  586): acquireWakeLock(42cdbbd0): PARTIAL_WAKE_LOCK , tag=AlarmManager, flags=0x1, pid=586, uid=1000, mUserState=0x3
V/AlarmManager(  586): sending alarm PendingIntent{430f53c8: PendingIntentRecord{43132140 com.google.android.gms startService}}, intent=null, type=RTC_WAKEUP, count=1, when=1429737239877, repeateInterval=0
D/PowerManagerService(  586): releaseWakeLock(42cdbbd0): PARTIAL_WAKE_LOCK , tag=AlarmManager, flags=0x1
I/iu.UploadsManager( 2914): End new media; added: 0, uploading: 0, time: 60 ms
D/PowerManagerService(  586): acquireWakeLock(428c19a8): PARTIAL_WAKE_LOCK , tag=AlarmManager, flags=0x1, pid=586, uid=1000, mUserState=0x3
V/AlarmManager(  586): sending alarm PendingIntent{42a63738: PendingIntentRecord{42d17828 android broadcastIntent}}, intent=android.intent.action.TIME_TICK, type=RTC, count=1, when=1429737240000, repeateInterval=0
D/PowerManagerService(  586): releaseWakeLock(428c19a8): PARTIAL_WAKE_LOCK , tag=AlarmManager, flags=0x1
I/PeopleApp(  957): Preload all people cursor with - displayOnlyPhones: false
I/PeopleApp(  957): AllPeopleCursor preload completed - 100 contacts preloaded!
D/StateMachine(  586): handleMessage: E msg.what=131155
D/StateMachine(  586): processMsg: ConnectedState
D/WifiStateMachine(  586): ConnectedState{ what=131155 when=-3ms target=Handler (com.android.internal.util.StateMachine$SmHandler) {42cbc910} arg1=1014 }
D/StateMachine(  586): processMsg: L2ConnectedState
D/WifiStateMachine(  586): L2ConnectedState{ what=131155 when=-4ms target=Handler (com.android.internal.util.StateMachine$SmHandler) {42cbc910} arg1=1014 }
I/wpa_ctrl(  586): [wpa_ctrl_request] ctrl address = 5716ed78, ctrl_conn address = 0
D/WifiStateMachine(  586): fetchRssiAndLinkSpeedNative RSSI = -45
D/StateMachine(  586): handleMessage: X
D/WakeLockManager( 7839): acquireWakeLock(com.htc.launcher.Workspace@42415b28) tag=RosieScroll_2
W/dalvikvm( 7839): disableGcForExternalAlloc: true
W/dalvikvm(  586): disableGcForExternalAlloc: true
W/dalvikvm(  586): disableGcForExternalAlloc: false
W/dalvikvm(  586): disableGcForExternalAlloc: true
D/PowerManagerService(  586): acquireWakeLock(43129dc8): CPU_MIN_NUM , tag=RosieScroll_2, flags=0x400, pid=7839, uid=9999, mUserState=0x3
W/dalvikvm(  586): disableGcForExternalAlloc: false
D/PowerManagerService(  586): acquireWakeLock(430ea680): CPU_MIN_FREQ , tag=RosieScroll_2, flags=0x100, pid=7839, uid=9999, mUserState=0x3
W/Rosie   ( 7839): closeFolder() -- Folder is null , AnimateClose? false
W/Rosie   ( 7839): closeFolder() -- Folder is null , AnimateClose? false
W/Adreno200-ES20( 7839): <process_gl_state_enables:463>: GL_INVALID_ENUM
I/HtcModeClient( 5472): handler message = 4011
E/HtcModeClient( 5472): Check connection and retry 4 times.
D/WakeLockManager( 7839): releaseWakeLock(com.htc.launcher.Workspace@42415b28) tag=RosieScroll_2
W/dalvikvm( 7839): disableGcForExternalAlloc: false
D/PowerManagerService(  586): releaseWakeLock(43129dc8): CPU_MIN_NUM , tag=RosieScroll_2, flags=0x400
D/PowerManagerService(  586): releaseWakeLock(430ea680): CPU_MIN_FREQ , tag=RosieScroll_2, flags=0x100
I/com.dropbox.android.service.CameraUploadService(30993): Finished querying providers.
I/com.dropbox.android.service.CameraUploadService(30993): Finished camera upload scan.
I/ActivityManager(  586): Start proc com.whatsapp for service com.whatsapp/.messaging.MessageService: pid=31565 uid=10060 gids={3002, 1006, 3003, 1015, 1028}
D/PowerManagerService(  586): acquireWakeLock(42d2f408): PARTIAL_WAKE_LOCK , tag=AlarmManager, flags=0x1, pid=586, uid=1000, mUserState=0x3
V/AlarmManager(  586): sending alarm PendingIntent{423101b8: PendingIntentRecord{429d3398 com.google.android.googlequicksearchbox startService}}, intent=null, type=RTC_WAKEUP, count=1, when=1429737242705, repeateInterval=0
D/PowerManagerService(  586): releaseWakeLock(42d2f408): PARTIAL_WAKE_LOCK , tag=AlarmManager, flags=0x1
E/Trace   (31565): error opening trace file: No such file or directory (2)
D/WakeLockManager( 7839): acquireWakeLock(com.htc.launcher.Workspace@42415b28) tag=RosieScroll_2
W/dalvikvm( 7839): disableGcForExternalAlloc: true
W/dalvikvm(  586): disableGcForExternalAlloc: true
W/dalvikvm(  586): disableGcForExternalAlloc: false
W/dalvikvm(  586): disableGcForExternalAlloc: true
W/dalvikvm(  586): disableGcForExternalAlloc: false
W/Rosie   ( 7839): closeFolder() -- Folder is null , AnimateClose? false
D/PowerManagerService(  586): acquireWakeLock(42afab28): CPU_MIN_NUM , tag=RosieScroll_2, flags=0x400, pid=7839, uid=9999, mUserState=0x3
D/PowerManagerService(  586): acquireWakeLock(42a715e8): CPU_MIN_FREQ , tag=RosieScroll_2, flags=0x100, pid=7839, uid=9999, mUserState=0x3
W/Rosie   ( 7839): closeFolder() -- Folder is null , AnimateClose? false
W/Rosie   ( 7839): closeFolder() -- Folder is null , AnimateClose? false
W/dalvikvm(31565): VFY: unable to resolve static method 1604: Landroid/provider/Telephony$Sms;.getDefaultSmsPackage (Landroid/content/Context;)Ljava/lang/String;
W/Rosie   ( 7839): closeFolder() -- Folder is null , AnimateClose? false
D/StateMachine(  586): handleMessage: E msg.what=131155
D/StateMachine(  586): processMsg: ConnectedState
D/WifiStateMachine(  586): ConnectedState{ what=131155 when=-3ms target=Handler (com.android.internal.util.StateMachine$SmHandler) {42cbc910} arg1=1014 }
D/StateMachine(  586): processMsg: L2ConnectedState
D/WifiStateMachine(  586): L2ConnectedState{ what=131155 when=-4ms target=Handler (com.android.internal.util.StateMachine$SmHandler) {42cbc910} arg1=1014 }
I/wpa_ctrl(  586): [wpa_ctrl_request] ctrl address = 5716ed78, ctrl_conn address = 0
D/WifiStateMachine(  586): fetchRssiAndLinkSpeedNative RSSI = -45
D/StateMachine(  586): handleMessage: X
E/dalvikvm(31565): Could not find class 'com.amazon.device.messaging.ADM', referenced from method com.whatsapp.App.av
W/dalvikvm(31565): VFY: unable to resolve new-instance 1189 (Lcom/amazon/device/messaging/ADM;) in Lcom/whatsapp/App;
D/PowerManagerService(  586): acquireWakeLock(42669830): PARTIAL_WAKE_LOCK , tag=MqttPush, flags=0x1, pid=29890, uid=10000, mUserState=0x3
W/dalvikvm(31565): VFY: unable to resolve static method 1599: Landroid/provider/Settings$Global;.getInt (Landroid/content/ContentResolver;Ljava/lang/String;I)I
E/dalvikvm(31565): Could not find class 'com.amazon.device.messaging.ADM', referenced from method com.whatsapp.App.t
W/dalvikvm(31565): VFY: unable to resolve new-instance 1189 (Lcom/amazon/device/messaging/ADM;) in Lcom/whatsapp/App;
W/dalvikvm(31565): VFY: unable to resolve virtual method 136: Landroid/app/AlarmManager;.setExact (IJLandroid/app/PendingIntent;)V
W/dalvikvm(31565): VFY: unable to resolve virtual method 136: Landroid/app/AlarmManager;.setExact (IJLandroid/app/PendingIntent;)V
D/StateMachine(  586): handleMessage: E msg.what=131218
D/StateMachine(  586): processMsg: ConnectedState
D/WifiStateMachine(  586): ConnectedState{ what=131218 when=-1ms target=Handler (com.android.internal.util.StateMachine$SmHandler) {42cbc910} }
D/StateMachine(  586): processMsg: L2ConnectedState
D/WifiStateMachine(  586): L2ConnectedState{ what=131218 when=-1ms target=Handler (com.android.internal.util.StateMachine$SmHandler) {42cbc910} }
D/StateMachine(  586): processMsg: ConnectModeState
D/WifiStateMachine(  586): ConnectModeState{ what=131218 when=-2ms target=Handler (com.android.internal.util.StateMachine$SmHandler) {42cbc910} }
D/StateMachine(  586): processMsg: DriverStartedState
D/WifiStateMachine(  586): DriverStartedState{ what=131218 when=-2ms target=Handler (com.android.internal.util.StateMachine$SmHandler) {42cbc910} }
I/wpa_ctrl(  586): [wpa_ctrl_request] ctrl address = 5716ed78, ctrl_conn address = 0
D/StateMachine(  586): handleMessage: X
D/PowerManagerService(  586): acquireWakeLock(4327c4c0): PARTIAL_WAKE_LOCK , tag=wake:com.facebook.katana/com.facebook.push.mqtt.receiver.MqttReceiver, flags=0x1, pid=29985, uid=10028, mUserState=0x3
W/dalvikvm(31565): VFY: unable to resolve virtual method 136: Landroid/app/AlarmManager;.setExact (IJLandroid/app/PendingIntent;)V
W/dalvikvm(31565): VFY: unable to resolve virtual method 136: Landroid/app/AlarmManager;.setExact (IJLandroid/app/PendingIntent;)V
W/dalvikvm(31565): Unable to resolve superclass of Lcom/whatsapp/adm/ADMMessageHandler; (1190)
W/dalvikvm(31565): Link of class 'Lcom/whatsapp/adm/ADMMessageHandler;' failed
E/dalvikvm(31565): Could not find class 'com.whatsapp.adm.ADMMessageHandler', referenced from method com.whatsapp.vw.f
W/dalvikvm(31565): VFY: unable to resolve new-instance 2839 (Lcom/whatsapp/adm/ADMMessageHandler;) in Lcom/whatsapp/vw;
W/dalvikvm(31565): Unable to resolve superclass of Lcom/whatsapp/adm/ADMMessageHandler; (1190)
W/dalvikvm(31565): Link of class 'Lcom/whatsapp/adm/ADMMessageHandler;' failed
E/dalvikvm(31565): Could not find class 'com.whatsapp.adm.ADMMessageHandler', referenced from method com.whatsapp.vw.f
W/dalvikvm(31565): VFY: unable to resolve new-instance 2839 (Lcom/whatsapp/adm/ADMMessageHandler;) in Lcom/whatsapp/vw;
W/dalvikvm(31565): Unable to resolve superclass of Lcom/whatsapp/adm/ADMMessageHandler; (1190)
W/dalvikvm(31565): Link of class 'Lcom/whatsapp/adm/ADMMessageHandler;' failed
W/dalvikvm(31565): Unable to resolve superclass of Lcom/whatsapp/adm/ADMMessageHandler; (1190)
W/dalvikvm(31565): Link of class 'Lcom/whatsapp/adm/ADMMessageHandler;' failed
I/ActivityThread(31565): Pub com.whatsapp.provider.contact: com.whatsapp.contact.ContactProvider
D/WakeLockManager( 7839): releaseWakeLock(com.htc.launcher.Workspace@42415b28) tag=RosieScroll_2
W/dalvikvm( 7839): disableGcForExternalAlloc: false
D/PowerManagerService(  586): releaseWakeLock(42afab28): CPU_MIN_NUM , tag=RosieScroll_2, flags=0x400
D/PowerManagerService(  586): releaseWakeLock(42a715e8): CPU_MIN_FREQ , tag=RosieScroll_2, flags=0x100
I/ActivityThread(31565): Pub com.whatsapp.provider.media: com.whatsapp.MediaProvider
D/StateMachine(  586): handleMessage: E msg.what=131218
D/StateMachine(  586): processMsg: ConnectedState
D/WifiStateMachine(  586): ConnectedState{ what=131218 when=0 target=Handler (com.android.internal.util.StateMachine$SmHandler) {42cbc910} }
D/StateMachine(  586): processMsg: L2ConnectedState
D/WifiStateMachine(  586): L2ConnectedState{ what=131218 when=0 target=Handler (com.android.internal.util.StateMachine$SmHandler) {42cbc910} }
D/StateMachine(  586): processMsg: ConnectModeState
D/WifiStateMachine(  586): ConnectModeState{ what=131218 when=-1ms target=Handler (com.android.internal.util.StateMachine$SmHandler) {42cbc910} }
D/StateMachine(  586): processMsg: DriverStartedState
D/WifiStateMachine(  586): DriverStartedState{ what=131218 when=-1ms target=Handler (com.android.internal.util.StateMachine$SmHandler) {42cbc910} }
I/wpa_ctrl(  586): [wpa_ctrl_request] ctrl address = 5716ed78, ctrl_conn address = 0
D/StateMachine(  586): handleMessage: X
W/dalvikvm(31565): VFY: unable to resolve virtual method 1506: Landroid/os/PowerManager;.isPowerSaveMode ()Z
D/Event   (31565): No subscribers registered for event class com.whatsapp.ah3
D/Event   (31565): No subscribers registered for event class de.greenrobot.event.a
D/WakeLockManager( 7839): acquireWakeLock(com.htc.launcher.Workspace@42415b28) tag=RosieScroll_2
W/dalvikvm( 7839): disableGcForExternalAlloc: true
W/dalvikvm(  586): disableGcForExternalAlloc: true
W/dalvikvm(  586): disableGcForExternalAlloc: false
W/dalvikvm(  586): disableGcForExternalAlloc: true
W/dalvikvm(  586): disableGcForExternalAlloc: false
W/Rosie   ( 7839): closeFolder() -- Folder is null , AnimateClose? false
D/PowerManagerService(  586): acquireWakeLock(42fa13d8): CPU_MIN_NUM , tag=RosieScroll_2, flags=0x400, pid=7839, uid=9999, mUserState=0x3
D/PowerManagerService(  586): acquireWakeLock(42f59b80): CPU_MIN_FREQ , tag=RosieScroll_2, flags=0x100, pid=7839, uid=9999, mUserState=0x3
D/PowerManagerService(  586): releaseWakeLock(42669830): PARTIAL_WAKE_LOCK , tag=MqttPush, flags=0x1
W/Rosie   ( 7839): closeFolder() -- Folder is null , AnimateClose? false
I/WhatsApp(31565): LL_I W [1:main]App.java:1142 ntp update processed; device time: Wed Apr 22 22:14:04 GMT+01:00 2015 ntp time: Wed Apr 22 22:14:04 GMT+01:00 2015
D/Event   (31565): No subscribers registered for event class com.whatsapp.alk
D/Event   (31565): No subscribers registered for event class de.greenrobot.event.a
I/WhatsApp(31565): LL_I W [1:main]Runtime.java:368 22:14:04.548 os_core_unix.c !pjlib 2.2.1 for POSIX initialized
I/WhatsApp(31565): LL_I W [1:main]Runtime.java:368 22:14:04.563 wa_audio_dev.c !WA Audio sound library initialized
I/WhatsApp(31565): LL_I W [1:main]Runtime.java:368 22:14:04.565          pjlib  select() I/O Queue created (0x4fee601c)
I/WhatsApp(31565): LL_I W [1:main]Runtime.java:368 22:14:04.566      wa_opus.c  pjmedia_codec_opus_init start
I/WhatsApp(31565): LL_I W [1:main]Runtime.java:368 22:14:04.567      wa_opus.c  pjmedia_codec_opus_init success
D/StateMachine(  586): handleMessage: E msg.what=131218
D/StateMachine(  586): processMsg: ConnectedState
D/WifiStateMachine(  586): ConnectedState{ what=131218 when=0 target=Handler (com.android.internal.util.StateMachine$SmHandler) {42cbc910} }
D/StateMachine(  586): processMsg: L2ConnectedState
D/WifiStateMachine(  586): L2ConnectedState{ what=131218 when=-1ms target=Handler (com.android.internal.util.StateMachine$SmHandler) {42cbc910} }
D/StateMachine(  586): processMsg: ConnectModeState
D/WifiStateMachine(  586): ConnectModeState{ what=131218 when=-1ms target=Handler (com.android.internal.util.StateMachine$SmHandler) {42cbc910} }
D/StateMachine(  586): processMsg: DriverStartedState
D/WifiStateMachine(  586): DriverStartedState{ what=131218 when=-2ms target=Handler (com.android.internal.util.StateMachine$SmHandler) {42cbc910} }
I/wpa_ctrl(  586): [wpa_ctrl_request] ctrl address = 5716ed78, ctrl_conn address = 0
D/StateMachine(  586): handleMessage: X
D/PowerManagerService(  586): releaseWakeLock(4327c4c0): PARTIAL_WAKE_LOCK , tag=wake:com.facebook.katana/com.facebook.push.mqtt.receiver.MqttReceiver, flags=0x1
D/WakeLockManager( 7839): releaseWakeLock(com.htc.launcher.Workspace@42415b28) tag=RosieScroll_2
W/Settings(31297): Setting location_providers_allowed has moved from android.provider.Settings.System to android.provider.Settings.Secure, returning Secure URI.
W/dalvikvm( 7839): disableGcForExternalAlloc: false
D/PowerManagerService(  586): releaseWakeLock(42fa13d8): CPU_MIN_NUM , tag=RosieScroll_2, flags=0x400
D/PowerManagerService(  586): releaseWakeLock(42f59b80): CPU_MIN_FREQ , tag=RosieScroll_2, flags=0x100
I/HtcScreenBrightnessWidget(31297): GetCurrentSetting: nRet = 2
D/PowerManagerService(  586): acquireWakeLock(424774e0): PARTIAL_WAKE_LOCK , tag=MqttPush, flags=0x1, pid=29890, uid=10000, mUserState=0x3
D/StateMachine(  586): handleMessage: E msg.what=131218
D/StateMachine(  586): processMsg: ConnectedState
D/WifiStateMachine(  586): ConnectedState{ what=131218 when=-1ms target=Handler (com.android.internal.util.StateMachine$SmHandler) {42cbc910} }
D/StateMachine(  586): processMsg: L2ConnectedState
D/WifiStateMachine(  586): L2ConnectedState{ what=131218 when=-1ms target=Handler (com.android.internal.util.StateMachine$SmHandler) {42cbc910} }
D/StateMachine(  586): processMsg: ConnectModeState
D/WifiStateMachine(  586): ConnectModeState{ what=131218 when=-1ms target=Handler (com.android.internal.util.StateMachine$SmHandler) {42cbc910} }
D/StateMachine(  586): processMsg: DriverStartedState
D/WifiStateMachine(  586): DriverStartedState{ what=131218 when=-1ms target=Handler (com.android.internal.util.StateMachine$SmHandler) {42cbc910} }
I/wpa_ctrl(  586): [wpa_ctrl_request] ctrl address = 5716ed78, ctrl_conn address = 0
D/StateMachine(  586): handleMessage: X
D/PowerManagerService(  586): releaseWakeLock(424774e0): PARTIAL_WAKE_LOCK , tag=MqttPush, flags=0x1
I/WhatsApp(31565): LL_I W [1:main]WhatsAppLibLoader.java:77 native library usability testing in progress
I/WhatsApp(31565): LL_I W [1:main]WhatsAppLibLoader.java:77 native library usability testing complete
D/WakeLockManager( 7839): acquireWakeLock(com.htc.launcher.Workspace@42415b28) tag=RosieScroll_2
W/dalvikvm( 7839): disableGcForExternalAlloc: true
W/dalvikvm(  586): disableGcForExternalAlloc: true
W/dalvikvm(  586): disableGcForExternalAlloc: false
W/dalvikvm(  586): disableGcForExternalAlloc: true
W/dalvikvm(  586): disableGcForExternalAlloc: false
D/PowerManagerService(  586): acquireWakeLock(42e112f0): CPU_MIN_NUM , tag=RosieScroll_2, flags=0x400, pid=7839, uid=9999, mUserState=0x3
D/PowerManagerService(  586): acquireWakeLock(42d7b9f8): CPU_MIN_FREQ , tag=RosieScroll_2, flags=0x100, pid=7839, uid=9999, mUserState=0x3
D/HtcPowerStripWidget(31297): onPause
W/Rosie   ( 7839): closeFolder() -- Folder is null , AnimateClose? false
W/Rosie   ( 7839): closeFolder() -- Folder is null , AnimateClose? false
D/Socket_Alarm(31565): registerHTCSocketMonitorCallBack
D/Socket_Alarm(31565): set mSocketMonitor
D/Socket_Alarm(31565): HTCSocketMonitorImpl::HTCSocketMonitorImpl
D/libc    (  251): _resolv_cache_lookup: lookup
D/libc    (  251): [SMD]bl_level = 125
D/libc    (  251): [SMD][Mode1]: Screen on and original TTL is not expired
D/libc    (  251): FOUND IN CACHE entry=0x40325938
D/PowerManagerService(  586): acquireWakeLock(429eacc0): PARTIAL_WAKE_LOCK , tag=AlarmManager, flags=0x1, pid=586, uid=1000, mUserState=0x3
V/AlarmManager(  586): sending alarm PendingIntent{42ced820: PendingIntentRecord{42de2ff0 com.whatsapp broadcastIntent}}, intent=com.whatsapp.alarm.NTP_UPDATE, type=ELAPSED_REALTIME, count=16, when=691200000, repeateInterval=43200000
D/WakeLockManager( 7839): releaseWakeLock(com.htc.launcher.Workspace@42415b28) tag=RosieScroll_2
W/dalvikvm( 7839): disableGcForExternalAlloc: false
D/PowerManagerService(  586): releaseWakeLock(42e112f0): CPU_MIN_NUM , tag=RosieScroll_2, flags=0x400
D/PowerManagerService(  586): releaseWakeLock(42d7b9f8): CPU_MIN_FREQ , tag=RosieScroll_2, flags=0x100
D/MediaProvider(31184): [MediaProvider][update]-30000
D/MediaScannerService(31184): [MediaScannerService][AliveExtSdCardRows]-36,16,500,30000
D/MediaScannerService(31184): [MediaScannerService][ServiceHandler][expend]external,/storage/sdcard0,extsd:/storage/sdcard0 ,mVolId:1057688272
D/MediaScannerService(31184): [MediaScannerService][ServiceHandler]Prepare DB for EXTERNAL_VOLUME
D/MediaProvider(31184): [recoverParentNodes]currentVolId = 1057688272
D/MediaProvider(31184): [recoverParentNodes]redriectParentNodes+
D/StateMachine(  586): handleMessage: E msg.what=131218
D/StateMachine(  586): processMsg: ConnectedState
D/WifiStateMachine(  586): ConnectedState{ what=131218 when=0 target=Handler (com.android.internal.util.StateMachine$SmHandler) {42cbc910} }
D/StateMachine(  586): processMsg: L2ConnectedState
D/WifiStateMachine(  586): L2ConnectedState{ what=131218 when=-1ms target=Handler (com.android.internal.util.StateMachine$SmHandler) {42cbc910} }
D/StateMachine(  586): processMsg: ConnectModeState
D/WifiStateMachine(  586): ConnectModeState{ what=131218 when=-1ms target=Handler (com.android.internal.util.StateMachine$SmHandler) {42cbc910} }
D/StateMachine(  586): processMsg: DriverStartedState
D/WifiStateMachine(  586): DriverStartedState{ what=131218 when=-2ms target=Handler (com.android.internal.util.StateMachine$SmHandler) {42cbc910} }
I/wpa_ctrl(  586): [wpa_ctrl_request] ctrl address = 5716ed78, ctrl_conn address = 0
D/StateMachine(  586): handleMessage: X
D/PowerManagerService(  586): acquireWakeLock(443ca5c8): PARTIAL_WAKE_LOCK , tag=MqttPush, flags=0x1, pid=29890, uid=10000, mUserState=0x3
D/PowerManagerService(  586): acquireWakeLock(43e87330): PARTIAL_WAKE_LOCK , tag=wake:com.facebook.katana/com.facebook.push.mqtt.receiver.MqttReceiver, flags=0x1, pid=29985, uid=10028, mUserState=0x3
D/StateMachine(  586): handleMessage: E msg.what=131218
D/StateMachine(  586): processMsg: ConnectedState
D/WifiStateMachine(  586): ConnectedState{ what=131218 when=0 target=Handler (com.android.internal.util.StateMachine$SmHandler) {42cbc910} }
D/StateMachine(  586): processMsg: L2ConnectedState
D/WifiStateMachine(  586): L2ConnectedState{ what=131218 when=0 target=Handler (com.android.internal.util.StateMachine$SmHandler) {42cbc910} }
D/StateMachine(  586): processMsg: ConnectModeState
D/WifiStateMachine(  586): ConnectModeState{ what=131218 when=-1ms target=Handler (com.android.internal.util.StateMachine$SmHandler) {42cbc910} }
D/StateMachine(  586): processMsg: DriverStartedState
D/WifiStateMachine(  586): DriverStartedState{ what=131218 when=-1ms target=Handler (com.android.internal.util.StateMachine$SmHandler) {42cbc910} }
I/wpa_ctrl(  586): [wpa_ctrl_request] ctrl address = 5716ed78, ctrl_conn address = 0
D/StateMachine(  586): handleMessage: X
D/StateMachine(  586): handleMessage: E msg.what=131218
D/StateMachine(  586): processMsg: ConnectedState
D/WifiStateMachine(  586): ConnectedState{ what=131218 when=-8ms target=Handler (com.android.internal.util.StateMachine$SmHandler) {42cbc910} }
D/StateMachine(  586): processMsg: L2ConnectedState
D/WifiStateMachine(  586): L2ConnectedState{ what=131218 when=-8ms target=Handler (com.android.internal.util.StateMachine$SmHandler) {42cbc910} }
D/StateMachine(  586): processMsg: ConnectModeState
D/WifiStateMachine(  586): ConnectModeState{ what=131218 when=-9ms target=Handler (com.android.internal.util.StateMachine$SmHandler) {42cbc910} }
D/StateMachine(  586): processMsg: DriverStartedState
D/WifiStateMachine(  586): DriverStartedState{ what=131218 when=-9ms target=Handler (com.android.internal.util.StateMachine$SmHandler) {42cbc910} }
I/wpa_ctrl(  586): [wpa_ctrl_request] ctrl address = 5716ed78, ctrl_conn address = 0
D/StateMachine(  586): handleMessage: X
D/PowerManagerService(  586): releaseWakeLock(443ca5c8): PARTIAL_WAKE_LOCK , tag=MqttPush, flags=0x1
D/PowerManagerService(  586): releaseWakeLock(43e87330): PARTIAL_WAKE_LOCK , tag=wake:com.facebook.katana/com.facebook.push.mqtt.receiver.MqttReceiver, flags=0x1
W/Rosie   ( 7839): closeFolder() -- Folder is null , AnimateClose? false
I/ActivityManager(  586): Recipient 20605
I/ActivityManager(  586): Process com.bambuna.podcastaddict (pid 20605) has died.
W/ActivityManager(  586): Scheduling restart of crashed service com.bambuna.podcastaddict/.service.PodcastAddictService in 15935ms
I/Rearrange( 7839): performRearrange true, size:0
V/AlarmManager(  586): sending alarm PendingIntent{427e2ff8: PendingIntentRecord{42bd1bb0 android broadcastIntent}}, intent=android.content.syncmanager.SYNC_ALARM, type=ELAPSED_REALTIME_WAKEUP, count=1, when=653778273, repeateInterval=0
I/AppWindowSurface( 7839): show 2d surface
D/StateMachine(  586): handleMessage: E msg.what=131155
D/StateMachine(  586): processMsg: ConnectedState
D/WifiStateMachine(  586): ConnectedState{ what=131155 when=-1ms target=Handler (com.android.internal.util.StateMachine$SmHandler) {42cbc910} arg1=1014 }
D/StateMachine(  586): processMsg: L2ConnectedState
D/WifiStateMachine(  586): L2ConnectedState{ what=131155 when=-2ms target=Handler (com.android.internal.util.StateMachine$SmHandler) {42cbc910} arg1=1014 }
I/wpa_ctrl(  586): [wpa_ctrl_request] ctrl address = 5716ed78, ctrl_conn address = 0
D/WifiStateMachine(  586): fetchRssiAndLinkSpeedNative RSSI = -47
D/StateMachine(  586): handleMessage: X
I/HtcModeClient( 5472): handler message = 4011
E/HtcModeClient( 5472): Check connection and retry 5 times.
D/Rosie.IndicatorPagedVi_( 7839): com.htc.launcher.AllAppsPagedView@424332c8.onViewResume
D/FxWorkspace( 7839): hideFxSurface was false, set to true
D/mode10  ( 7839): FxView.setVisibility: 4
D/mode10  ( 7839): FxSurfaceView.surfaceDestroyed, mViewObject:com.htc.fusion.fx.FxViewObject@64583940
D/memalloc( 7839): ion: Unmapping buffer  base:0x5da02000 size:2088960
D/memalloc( 7839): ion: Unmapping buffer  base:0x507bb000 size:4096
D/memalloc( 7839): ion: Unmapping buffer  base:0x5de1e000 size:2088960
D/memalloc( 7839): ion: Unmapping buffer  base:0x507bc000 size:4096
D/memalloc( 7839): ion: Unmapping buffer  base:0x5e5bf000 size:2088960
D/memalloc( 7839): ion: Unmapping buffer  base:0x570e3000 size:4096
D/memalloc(  242): ion: Freeing buffer base:0x44627000 size:2088960 fd:56
D/memalloc(  242): ion: Unmapping buffer  base:0x44627000 size:2088960
D/memalloc(  242): ion: Freeing buffer base:0x40589000 size:4096 fd:57
D/memalloc(  242): ion: Unmapping buffer  base:0x40589000 size:4096
D/memalloc(  242): ion: Freeing buffer base:0x45670000 size:2088960 fd:96
D/memalloc(  242): ion: Unmapping buffer  base:0x45670000 size:2088960
D/memalloc(  242): ion: Freeing buffer base:0x4058b000 size:4096 fd:99
D/memalloc(  242): ion: Unmapping buffer  base:0x4058b000 size:4096
D/memalloc(  242): ion: Freeing buffer base:0x45472000 size:2088960 fd:35
D/memalloc(  242): ion: Unmapping buffer  base:0x45472000 size:2088960
D/memalloc(  242): ion: Freeing buffer base:0x4058a000 size:4096 fd:63
D/memalloc(  242): ion: Unmapping buffer  base:0x4058a000 size:4096
W/dalvikvm(31565): VFY: unable to resolve virtual method 136: Landroid/app/AlarmManager;.setExact (IJLandroid/app/PendingIntent;)V
W/dalvikvm(31565): VFY: unable to resolve virtual method 136: Landroid/app/AlarmManager;.setExact (IJLandroid/app/PendingIntent;)V
W/dalvikvm(31565): VFY: unable to resolve virtual method 136: Landroid/app/AlarmManager;.setExact (IJLandroid/app/PendingIntent;)V
W/dalvikvm(31565): VFY: unable to resolve virtual method 136: Landroid/app/AlarmManager;.setExact (IJLandroid/app/PendingIntent;)V
W/dalvikvm(31565): VFY: unable to resolve virtual method 136: Landroid/app/AlarmManager;.setExact (IJLandroid/app/PendingIntent;)V
E/SQLiteLog(31565): (5) statement aborts at 1: [PRAGMA journal_mode=TRUNCATE;] 
I/ActivityManager(  586): Start proc com.android.vending for service com.android.vending/com.google.android.finsky.billing.iab.InAppBillingService: pid=31607 uid=10132 gids={3003, 1015, 1028}
V/AlarmManager(  586): sending alarm PendingIntent{43034370: PendingIntentRecord{42ff63a0 com.whatsapp broadcastIntent}}, intent=DEVICE_INFO_ALARM_ACTION, type=ELAPSED_REALTIME, count=182, when=655200000, repeateInterval=3600000
W/dalvikvm(31565): VFY: unable to resolve virtual method 136: Landroid/app/AlarmManager;.setExact (IJLandroid/app/PendingIntent;)V
E/Trace   (31607): error opening trace file: No such file or directory (2)
I/ActivityThread(31607): Pub com.google.android.finsky.QSBSuggestionsProvider2: com.google.android.finsky.providers.QSBSuggestionsProvider
I/ActivityThread(31607): Pub com.google.android.finsky.AppIconProvider: com.google.android.finsky.providers.AppIconProvider
I/ActivityThread(31607): Pub com.google.android.finsky.RecentSuggestionsProvider: com.google.android.finsky.providers.RecentSuggestionsProvider
W/dalvikvm(31565): VFY: unable to resolve virtual method 136: Landroid/app/AlarmManager;.setExact (IJLandroid/app/PendingIntent;)V
I/PackageManager(  586):  setEnabledSetting(), pkgName=com.android.vending, clsName=com.android.vending.AssetBrowserActivity, state=1, flag=1, pid=31607, uid=10132
D/Finsky  (31607): [1] FinskyApp.onCreate: Initializing network with DFE https://android.clients.google.com/fdfe/
D/libc    (  251): _resolv_cache_lookup: lookup
D/libc    (  251): [SMD]bl_level = 125
D/libc    (  251): [SMD][Mode1]: Screen on and original TTL is expired
D/libc    (  251):  Cache EXPIRED (STALE ENTRY 0x40325938 DISCARDED) or need renew
D/PowerManagerService(  586): acquireWakeLock(431ee010): PARTIAL_WAKE_LOCK , tag=SyncManagerHandleSyncAlarm, flags=0x1, pid=586, uid=1000, mUserState=0x3
D/PowerManagerService(  586): acquireWakeLock(431bc0e8): PARTIAL_WAKE_LOCK , tag=SyncLoopWakeLock, flags=0x1, pid=586, uid=1000, mUserState=0x3
D/PowerManagerService(  586): releaseWakeLock(431ee010): PARTIAL_WAKE_LOCK , tag=SyncManagerHandleSyncAlarm, flags=0x1
D/PowerManagerService(  586): releaseWakeLock(431bc0e8): PARTIAL_WAKE_LOCK , tag=SyncLoopWakeLock, flags=0x1
D/libc    (  251): [SMD][v0913] Extended TTL = 43200, original TTL = 148
D/PowerManagerService(  586): releaseWakeLock(429eacc0): PARTIAL_WAKE_LOCK , tag=AlarmManager, flags=0x1
D/libc    (  251): _resolv_cache_lookup: lookup
D/libc    (  251): [SMD]bl_level = 125
D/libc    (  251): [SMD][Mode1]: Screen on and original TTL is not expired
D/libc    (  251): FOUND IN CACHE entry=0x405ab7e0
W/dalvikvm(31607): VFY: unable to resolve static method 1276: Landroid/provider/Settings$Global;.getInt (Landroid/content/ContentResolver;Ljava/lang/String;I)I
D/Finsky  (31607): [1] DailyHygiene.goMakeHygieneIfDirty: No need to run daily hygiene.
W/dalvikvm(31607): VFY: unable to resolve static method 1276: Landroid/provider/Settings$Global;.getInt (Landroid/content/ContentResolver;Ljava/lang/String;I)I
W/dalvikvm(31607): VFY: unable to resolve virtual method 1241: Landroid/os/StatFs;.getAvailableBytes ()J
W/dalvikvm(31607): VFY: unable to resolve virtual method 42705: Lcom/google/android/play/layout/PlayCardViewBase;.setTransitionName (Ljava/lang/String;)V
W/dalvikvm(31607): VFY: unable to resolve virtual method 42704: Lcom/google/android/play/layout/PlayCardViewBase;.setTransitionGroup (Z)V
D/libc    (  251): _resolv_cache_lookup: lookup
D/libc    (  251): NOT IN CACHE
D/libc    (  251): [SMD][v0913] Extended TTL = 43200, original TTL = 2996
D/EN      (22410): [al] - wait over canceled=false #############
D/EN      (22410): [al] - run() end
W/dalvikvm(31607): VFY: unable to resolve virtual method 9352: Landroid/view/View;.getTransitionName ()Ljava/lang/String;
I/PackageManager(  586):  setEnabledSetting(), pkgName=com.android.vending, clsName=com.google.android.finsky.activities.DebugActivity, state=2, flag=1, pid=31607, uid=10132
W/dalvikvm(31607): VFY: unable to resolve virtual method 585: Landroid/content/res/Configuration;.getLayoutDirection ()I
W/dalvikvm(31607): VFY: unable to resolve virtual method 539: Landroid/content/pm/PackageManager;.extendVerificationTimeout (IIJ)V
D/Finsky  (31607): [1] 2.run: Loaded library for account: [H8Ew-Bby0qsWLA_ef1_bFyjpQZQ]
D/Finsky  (31607): [1] 2.run: Finished loading 1 libraries.
D/EN      (22410): [BillingUtil] - Billing: bound to IAP-3
D/Finsky  (31607): [89645] InAppBillingUtils.getPreferredAccount: com.whatsapp: Account from first account - [H8Ew-Bby0qsWLA_ef1_bFyjpQZQ]
D/Finsky  (31607): [89670] InAppBillingUtils.getPreferredAccount: com.whatsapp: Account from first account - [H8Ew-Bby0qsWLA_ef1_bFyjpQZQ]
D/Event   (31565): No subscribers registered for event class com.whatsapp.alk
D/Event   (31565): No subscribers registered for event class de.greenrobot.event.a
W/dalvikvm(31565): VFY: unable to resolve virtual method 136: Landroid/app/AlarmManager;.setExact (IJLandroid/app/PendingIntent;)V
I/ActivityManager(  586): Recipient 31430
I/ActivityManager(  586): Process com.android.settings (pid 31430) has died.
D/Finsky  (31607): [89646] InAppBillingUtils.getPreferredAccount: com.evernote: Account from first account - [H8Ew-Bby0qsWLA_ef1_bFyjpQZQ]
D/EN      (22410): [BillingUtil] - Billing: bound to IAP-3 supports subs
D/EN      (22410): [BillingUtil] - Billing:checkForPendingTransaction bound to IAP-3
D/HybridProvider(  586): getName
V/LocationManagerService(  586): getAllProviders
D/Finsky  (31607): [1] GmsCoreHelper.cleanupNlp: result=false type=1
D/Finsky  (31607): [89646] InAppBillingUtils.getPreferredAccount: com.whatsapp: Account from first account - [H8Ew-Bby0qsWLA_ef1_bFyjpQZQ]
D/Finsky  (31607): [1] RestoreTracker.stopServiceIfDone: Restore complete with 0 success and 0 failed.
E/SQLiteLog(31565): (5) statement aborts at 1: [PRAGMA journal_mode=TRUNCATE;] 
I/EN      (22410): [BillingUtil] - Billing Application starting, user is LOGGED in,check if user is premium
I/EN      (22410): [BillingUtil] - Billing Application starting, user is not premium, check for transactions
I/EN      (22410): [BillingUtil] - Billing no need to check transaction at google play
D/StateMachine(  586): handleMessage: E msg.what=131155
D/StateMachine(  586): processMsg: ConnectedState
D/WifiStateMachine(  586): ConnectedState{ what=131155 when=-3ms target=Handler (com.android.internal.util.StateMachine$SmHandler) {42cbc910} arg1=1014 }
D/StateMachine(  586): processMsg: L2ConnectedState
D/WifiStateMachine(  586): L2ConnectedState{ what=131155 when=-4ms target=Handler (com.android.internal.util.StateMachine$SmHandler) {42cbc910} arg1=1014 }
I/wpa_ctrl(  586): [wpa_ctrl_request] ctrl address = 5716ed78, ctrl_conn address = 0
D/WifiStateMachine(  586): fetchRssiAndLinkSpeedNative RSSI = -47
D/StateMachine(  586): handleMessage: X
I/ActivityManager(  586): Recipient 31269
I/ActivityManager(  586): Process com.android.chrome (pid 31269) has died.
