D/UsbnetService(  584):  --> pluggedType = 2, mPluggedType = 0, mScreenOff = false
D/UsbnetService(  584): BroadcastReceiver::onReceive-
D/CombinedWidgetProvider( 1163): addFxWidget: WidgetSummary(FM Radio/FX_WIDGET/[I@424bfd88 x [I@424bfda8/-2/ComponentInfo{com.htc.FMRadioWidget/com.htc.FMRadioWidget.FMRadioWidgetProvider})
D/FxWidgetProvider( 1163): row 1
D/WifiService(  584): ACTION_BATTERY_CHANGED pluggedType: 2
D/NotificationService(  584): mIntentReceiver() Intent.ACTION_BATTERY_CHANGED
W/CpuWake (  584): >>nativeReleaseCpuPerfWakeLock()
D/HtcPowerSaver(  584): Checking...
I/HtcPowerSaver(  584): >> updateStatus
D/CombinedWidgetProvider( 1163): addFxWidget: WidgetSummary(Friend Stream/FX_WIDGET/[I@428b7c80 x [I@428b7ca0/-2/ComponentInfo{com.htc.FriendStream3DWidget/com.htc.FriendStream3DWidget.FriendStreamWidgetProvider})
D/FxWidgetProvider( 1163): row 1
D/CombinedWidgetProvider( 1163): addFxWidget: WidgetSummary(Mail/FX_WIDGET/[I@4242c828 x [I@4242c848/-2/ComponentInfo{com.htc.htcmailwidgets/com.htc.htcmailwidgets.WidgetReceiver})
D/FxWidgetProvider( 1163): row 1
D/CombinedWidgetProvider( 1163): addFxWidget: WidgetSummary(Mail/FX_WIDGET/[I@42799c00 x [I@42799c20/-2/ComponentInfo{com.htc.htcmailwidgets/com.htc.htcmailwidgets.WidgetReceiver})
W/CpuWake (  584): <<nativeReleaseCpuPerfWakeLock()
D/PowerManagerService(  584): runHtcPowerSaverCheck ======================================
D/FxWidgetProvider( 1163): row 1
D/CombinedWidgetProvider( 1163): addFxWidget: WidgetSummary(Messages/FX_WIDGET/[I@429541d0 x [I@429541f0/-2/ComponentInfo{com.htc.htcmsgwidgets3d/com.htc.htcmsgwidgets3d.MsgWidgetReceiver})
D/FxWidgetProvider( 1163): row 1
I/HtcPowerSaver(  584): currentStatus=8002, currentLevel=34, enableLevel=-1, enable=true, mAutoModeOn=false, popDialog=false, statusChangeTo=-1
I/HtcPowerSaver(  584): << updateStatus
D/CombinedWidgetProvider( 1163): addFxWidget: WidgetSummary(Messages/FX_WIDGET/[I@4291ed88 x [I@4291eda8/-2/ComponentInfo{com.htc.htcmsgwidgets3d/com.htc.htcmsgwidgets3d.MsgWidgetReceiver})
V/PhoneStatusBar(  840): setLightsOn(true)
I/dalvik-internals( 9437): gDvm has value 0x40171688.  Searching for vmList (initial offset in [704,1480]).
I/dalvik-internals( 9437): Beginning search.  Actual offset in [704,1468].
E/dalvik-internals( 9437): Failed to find vmList in gDvm.  Going to brute-force search for LinearAllocHdr.
D/dalvik-internals( 9437): Evaluating LinearAllocHdr candidate at 0x40187fa8.
I/dalvik-internals( 9437): Found LinearAllocHdr (with no vmList) at offset 932.
D/FxWidgetProvider( 1163): row 1
D/CombinedWidgetProvider( 1163): addFxWidget: WidgetSummary(Music/FX_WIDGET/[I@4246ea20 x [I@4246ea40/-2/ComponentInfo{com.htc.MusicWidget3D/com.htc.MusicWidget3D.MusicWidget3DProvider})
D/FxWidgetProvider( 1163): row 1
D/CombinedWidgetProvider( 1163): addFxWidget: WidgetSummary(Music/FX_WIDGET/[I@42418018 x [I@42418038/-2/ComponentInfo{com.htc.MusicWidget3D/com.htc.MusicWidget3D.MusicWidget3DProvider})
D/FxWidgetProvider( 1163): row 1
D/CombinedWidgetProvider( 1163): addFxWidget: WidgetSummary(Photo Album/FX_WIDGET/[I@428f5e60 x [I@428f5e80/-2/ComponentInfo{com.htc.photowidget3d/com.htc.photowidget3d.album.PhotoAlbumWidgetProvider})
D/FxWidgetProvider( 1163): row 1
D/CombinedWidgetProvider( 1163): addFxWidget: WidgetSummary(Photo Frame/FX_WIDGET/[I@4290dc40 x [I@4290dc60/-2/ComponentInfo{com.htc.photowidget3d/com.htc.photowidget3d.album.PhotoAlbumWidgetProvider})
D/FxWidgetProvider( 1163): row 1
D/CombinedWidgetProvider( 1163): addFxWidget: WidgetSummary(Photo Grid/FX_WIDGET/[I@424b0890 x [I@424b08b0/-2/ComponentInfo{com.htc.photowidget3d/com.htc.photowidget3d.album.PhotoAlbumWidgetProvider})
D/FxWidgetProvider( 1163): row 1
D/CombinedWidgetProvider( 1163): addFxWidget: WidgetSummary(Power Dashboard/FX_WIDGET/[I@429066a8 x [I@429066c8/-2/ComponentInfo{com.htc.rosiewidgets.powerstrip/com.htc.rosiewidgets.powerstrip.PowerStripWidgetProvider})
D/FxWidgetProvider( 1163): row 1
D/CombinedWidgetProvider( 1163): addFxWidget: WidgetSummary(Profile/FX_WIDGET/[I@428c0650 x [I@428c0670/-2/ComponentInfo{com.htc.widget.profile/com.htc.widget.HtcWidgetReceiver})
D/FxWidgetProvider( 1163): row 1
D/CombinedWidgetProvider( 1163): addFxWidget: WidgetSummary(Ringtone/FX_WIDGET/[I@42805070 x [I@42805090/-2/ComponentInfo{com.htc.widget.ringtone/com.htc.widget.HtcWidgetReceiver})
D/FxWidgetProvider( 1163): row 1
D/CombinedWidgetProvider( 1163): addFxWidget: WidgetSummary(Screen Brightness/FX_WIDGET/[I@42922700 x [I@42922720/-2/ComponentInfo{com.htc.rosiewidgets.screenbrightness/com.htc.rosiewidgets.screenbrightness.WidgetScreenBrightness})
D/FxWidgetProvider( 1163): row 1
D/CombinedWidgetProvider( 1163): addFxWidget: WidgetSummary(Screen Timeout/FX_WIDGET/[I@427ccdc0 x [I@427ccde0/-2/ComponentInfo{com.htc.rosiewidgets.screentimeout/com.htc.rosiewidgets.screentimeout.ScreenTimeoutWidgetProvider})
D/FxWidgetProvider( 1163): row 1
D/CombinedWidgetProvider( 1163): addFxWidget: WidgetSummary(Airplane mode/FX_WIDGET/[I@427afec8 x [I@427afee8/-2/ComponentInfo{com.htc.htcsettingwidgets/com.htc.htcsettingwidgets.AirplaneWidget})
D/FxWidgetProvider( 1163): row 1
D/CombinedWidgetProvider( 1163): addFxWidget: WidgetSummary(Bluetooth/FX_WIDGET/[I@42872f58 x [I@42872f78/-2/ComponentInfo{com.htc.htcsettingwidgets/com.htc.htcsettingwidgets.BTWidget})
D/FxWidgetProvider( 1163): row 1
D/CombinedWidgetProvider( 1163): addFxWidget: WidgetSummary(GPS/FX_WIDGET/[I@428b5260 x [I@428b5280/-2/ComponentInfo{com.htc.htcsettingwidgets/com.htc.htcsettingwidgets.GPSWidget})
D/FxWidgetProvider( 1163): row 1
D/CombinedWidgetProvider( 1163): addFxWidget: WidgetSummary(Wi-Fi Hotspot/FX_WIDGET/[I@42830fe8 x [I@42831008/-2/ComponentInfo{com.htc.htcsettingwidgets/com.htc.htcsettingwidgets.HotspotWidget})
D/FxWidgetProvider( 1163): row 1
D/StateMachine(  584): handleMessage: E msg.what=131155
D/StateMachine(  584): processMsg: ConnectedState
D/WifiStateMachine(  584): ConnectedState{ what=131155 when=-17ms target=Handler (com.android.internal.util.StateMachine$SmHandler) {42cae278} arg1=9 }
D/StateMachine(  584): processMsg: L2ConnectedState
D/WifiStateMachine(  584): L2ConnectedState{ what=131155 when=-20ms target=Handler (com.android.internal.util.StateMachine$SmHandler) {42cae278} arg1=9 }
D/WifiStateMachine(  584): fetchRssiAndLinkSpeedNative RSSI = -50
D/StateMachine(  584): handleMessage: X
D/CordovaLog( 9450): file:///android_asset/www/js/openfb.js: Line 38 : file:///android_asset/oauthcallback.html
I/Web Console( 9450): file:///android_asset/oauthcallback.html at file:///android_asset/www/js/openfb.js:38
D/CordovaLog( 9450): file:///android_asset/www/js/openfb.js: Line 39 : file:///android_asset/logoutcallback.html
I/Web Console( 9450): file:///android_asset/logoutcallback.html at file:///android_asset/www/js/openfb.js:39
D/CombinedWidgetProvider( 1163): addFxWidget: WidgetSummary(Mobile data/FX_WIDGET/[I@42876d58 x [I@42876d78/-2/ComponentInfo{com.htc.htcsettingwidgets/com.htc.htcsettingwidgets.MobileNetworkWidget})
D/FxWidgetProvider( 1163): row 1
D/CombinedWidgetProvider( 1163): addFxWidget: WidgetSummary(Wi-Fi/FX_WIDGET/[I@426abf38 x [I@426abf58/-2/ComponentInfo{com.htc.htcsettingwidgets/com.htc.htcsettingwidgets.WiFiWidget})
D/FxWidgetProvider( 1163): row 1
D/CombinedWidgetProvider( 1163): addFxWidget: WidgetSummary(Sync All/FX_WIDGET/[I@42903de8 x [I@42903e08/-2/ComponentInfo{com.htc.Sync3DWidget/com.htc.Sync3DWidget.SyncWidgetProvider})
D/FxWidgetProvider( 1163): row 1
D/CombinedWidgetProvider( 1163): addFxWidget: WidgetSummary(Tasks/FX_WIDGET/[I@4297ae28 x [I@4297ae48/-2/ComponentInfo{com.htc.Task3DWidget/com.htc.Task3DWidget.WidgetProvider})
D/FxWidgetProvider( 1163): row 1
D/CombinedWidgetProvider( 1163): addFxWidget: WidgetSummary(Stocks/FX_WIDGET/[I@42926c88 x [I@42926ca8/-2/ComponentInfo{com.htc.stockwidget/com.htc.stockwidget.StockWidgetProvider})
D/FxWidgetProvider( 1163): row 1
D/CombinedWidgetProvider( 1163): addFxWidget: WidgetSummary(Stocks/FX_WIDGET/[I@4282d170 x [I@4282d190/-2/ComponentInfo{com.htc.stockwidget/com.htc.stockwidget.StockWidgetProvider})
D/FxWidgetProvider( 1163): row 1
D/CombinedWidgetProvider( 1163): addFxWidget: WidgetSummary(Weather/FX_WIDGET/[I@42839138 x [I@42839158/-2/ComponentInfo{com.htc.widget3d.weather/com.htc.widget3d.weather.WeatherWidgetProvider})
D/FxWidgetProvider( 1163): row 1
D/CombinedWidgetProvider( 1163): addFxWidget: WidgetSummary(Weather/FX_WIDGET/[I@428422c0 x [I@428422e0/-2/ComponentInfo{com.htc.widget3d.weather/com.htc.widget3d.weather.WeatherWidgetProvider})
D/CombinedWidgetProvider( 1163): -addFxWidgets diff: 3778
D/CombinedWidgetProvider( 1163): +addAppWidgetCategories
I/ActivityThread( 9437): Pub com.facebook.katana.provider.LaunchablesProvider: com.facebook.dash.launchables_v1.model.LaunchablesProvider
I/ActivityThread( 9437): Pub com.facebook.katana.nodex.dash.setup: com.facebook.dash.nodex.NodexWarmupContentProvider
D/CordovaLog( 9450): file:///android_asset/www/js/app.js: Line 17 : Service initialized
I/Web Console( 9450): Service initialized at file:///android_asset/www/js/app.js:17
V/chromium( 9450): external/chromium/net/disk_cache/hostres_plugin_bridge.cc:52: [0324/212222:INFO:hostres_plugin_bridge.cc(52)] StatHubCreateHostResPlugin initializing...
V/chromium( 9450): external/chromium/net/disk_cache/hostres_plugin_bridge.cc:57: [0324/212222:INFO:hostres_plugin_bridge.cc(57)] StatHubCreateHostResPlugin lib loaded
V/chromium( 9450): external/chromium/net/disk_cache/hostres_plugin_bridge.cc:63: [0324/212222:INFO:hostres_plugin_bridge.cc(63)] StatHubCreateHostResPlugin plugin connected
V/chromium( 9450): external/chromium/net/http/http_cache.cc:1168: [0324/212222:INFO:http_cache.cc(1168)] HttpCache::OnBackendCreated HostStat created
E/chromium( 9450): external/chromium/net/disk_cache/stat_hub.cc:216: [0324/212222:ERROR:stat_hub.cc(216)] StatHub::Init - App co.giftmeapp.giftme isn't supported.
V/chromium( 9450): external/chromium/net/disk_cache/hostres_plugin_bridge.cc:73: [0324/212222:INFO:hostres_plugin_bridge.cc(73)] netstack: Failed to find symbols in plugin: libdnshostprio.so
E/chromium( 9450): external/chromium/net/disk_cache/stat_hub.cc:216: [0324/212222:ERROR:stat_hub.cc(216)] StatHub::Init - App co.giftmeapp.giftme isn't supported.
D/CombinedWidgetProvider( 1163): add AppWidget category: WidgetCategory(Podcast Addict/APP_WIDGET/0)
D/CombinedWidgetProvider( 1163): add AppWidget category: WidgetCategory(Internet/APP_WIDGET/0)
D/CombinedWidgetProvider( 1163): add AppWidget category: WidgetCategory(Calendar/APP_WIDGET/0)
D/CombinedWidgetProvider( 1163): add AppWidget category: WidgetCategory(Deezer/APP_WIDGET/0)
D/CombinedWidgetProvider( 1163): add AppWidget category: WidgetCategory(Settings/APP_WIDGET/0)
D/CombinedWidgetProvider( 1163): add AppWidget category: WidgetCategory(TuneIn Radio/APP_WIDGET/0)
D/CombinedWidgetProvider( 1163): add AppWidget category: WidgetCategory(Twitter/APP_WIDGET/0)
D/CombinedWidgetProvider( 1163): add AppWidget category: WidgetCategory(Facebook/APP_WIDGET/0)
D/CombinedWidgetProvider( 1163): add AppWidget category: WidgetCategory(Google Play Store/APP_WIDGET/0)
D/PhoneStatusBar(  840): addNotification score=0
D/CombinedWidgetProvider( 1163): add AppWidget category: WidgetCategory(Google+/APP_WIDGET/0)
D/CombinedWidgetProvider( 1163): add AppWidget category: WidgetCategory(Gmail/APP_WIDGET/0)
D/OnDemandProgressBar(  840): release indeterminate drawable android.widget.OnDemandProgressBar@4248a788
D/OnDemandProgressBar(  840): new OnDemandProgressBar android.widget.OnDemandProgressBar@4248a788
D/OnDemandProgressBar(  840): release indeterminate drawable android.widget.OnDemandProgressBar@422d3418
D/OnDemandProgressBar(  840): new OnDemandProgressBar android.widget.OnDemandProgressBar@422d3418
D/CombinedWidgetProvider( 1163): add AppWidget category: WidgetCategory(Lookout/APP_WIDGET/0)
D/CombinedWidgetProvider( 1163): add AppWidget category: WidgetCategory(Hangouts/APP_WIDGET/0)
D/SizeAdaptiveLayout(  840): com.android.internal.widget.SizeAdaptiveLayout@42604260child view android.widget.FrameLayout@4250de28 measured out of bounds at 95px clamped to 96px
D/CombinedWidgetProvider( 1163): add AppWidget category: WidgetCategory(Google Play Books/APP_WIDGET/0)
D/CombinedWidgetProvider( 1163): add AppWidget category: WidgetCategory(News & Weather/APP_WIDGET/0)
D/CombinedWidgetProvider( 1163): add AppWidget category: WidgetCategory(Google Play Music/APP_WIDGET/0)
D/CombinedWidgetProvider( 1163): add AppWidget category: WidgetCategory(Google App/APP_WIDGET/0)
D/CombinedWidgetProvider( 1163): add AppWidget category: WidgetCategory(Mail/APP_WIDGET/0)
D/CombinedWidgetProvider( 1163): add AppWidget category: WidgetCategory(VK/APP_WIDGET/0)
D/CombinedWidgetProvider( 1163): add AppWidget category: WidgetCategory(WhatsApp/APP_WIDGET/0)
I/ActivityManager(  584): Start proc com.android.vending for service com.android.vending/com.google.android.finsky.billing.iab.InAppBillingService: pid=9487 uid=10132 gids={3003, 1015, 1028}
D/CombinedWidgetProvider( 1163): add AppWidget category: WidgetCategory(Pinterest/APP_WIDGET/0)
D/CombinedWidgetProvider( 1163): add AppWidget category: WidgetCategory(Chrome/APP_WIDGET/0)
D/CombinedWidgetProvider( 1163): add AppWidget category: WidgetCategory(VLC/APP_WIDGET/0)
E/Trace   ( 9487): error opening trace file: No such file or directory (2)
D/CombinedWidgetProvider( 1163): add AppWidget category: WidgetCategory(Bitcoin/APP_WIDGET/0)
D/CombinedWidgetProvider( 1163): -addAppWidgetCategories
D/CombinedWidgetProvider( 1163): +addHtcWidgetCategories
D/CombinedWidgetProvider( 1163):  uri: content://com.htc.launcher.widget.htcwidget/htcwidgets?category_only=true
D/HtcWidgetProvider( 1163): row 0
D/CombinedWidgetProvider( 1163): -addHtcWidgetCategories
D/CombinedWidgetProvider( 1163): +addFxWidgetCategories
D/FxWidgetProvider( 1163): row 61
I/ActivityThread( 9487): Pub com.google.android.finsky.QSBSuggestionsProvider2: com.google.android.finsky.providers.QSBSuggestionsProvider
I/ActivityThread( 9487): Pub com.google.android.finsky.AppIconProvider: com.google.android.finsky.providers.AppIconProvider
I/ActivityThread( 9487): Pub com.google.android.finsky.RecentSuggestionsProvider: com.google.android.finsky.providers.RecentSuggestionsProvider
D/StateMachine(  584): handleMessage: E msg.what=131155
D/StateMachine(  584): processMsg: ConnectedState
D/WifiStateMachine(  584): ConnectedState{ what=131155 when=-12ms target=Handler (com.android.internal.util.StateMachine$SmHandler) {42cae278} arg1=9 }
D/StateMachine(  584): processMsg: L2ConnectedState
D/WifiStateMachine(  584): L2ConnectedState{ what=131155 when=-19ms target=Handler (com.android.internal.util.StateMachine$SmHandler) {42cae278} arg1=9 }
D/WifiStateMachine(  584): fetchRssiAndLinkSpeedNative RSSI = -52
D/StateMachine(  584): handleMessage: X
I/ActivityManager(  584): Recipient 9334
I/ActivityManager(  584): Process com.android.packageinstaller (pid 9334) has died.
I/PackageManager(  584):  setEnabledSetting(), pkgName=com.android.vending, clsName=com.android.vending.AssetBrowserActivity, state=1, flag=1, pid=9487, uid=10132
D/PowerManagerService(  584): TPE algorithm. remove timeout.
D/PowerManagerService(  584): ALG=2, lsvalue=90(2th)->40(1th), last_level=1, lValue=99->64, bValue=255, kValue=0, mPowerState=0x3, mSkippedScreenOn=false, mInitialAnimation=false, immediate=false
D/Finsky  ( 9487): [1] FinskyApp.onCreate: Initializing network with DFE https://android.clients.google.com/fdfe/
W/dalvikvm( 9487): VFY: unable to resolve static method 1276: Landroid/provider/Settings$Global;.getInt (Landroid/content/ContentResolver;Ljava/lang/String;I)I
D/Finsky  ( 9487): [1] DailyHygiene.goMakeHygieneIfDirty: No need to run daily hygiene.
W/dalvikvm( 9487): VFY: unable to resolve static method 1276: Landroid/provider/Settings$Global;.getInt (Landroid/content/ContentResolver;Ljava/lang/String;I)I
W/dalvikvm( 9487): VFY: unable to resolve virtual method 1241: Landroid/os/StatFs;.getAvailableBytes ()J
W/dalvikvm( 9487): VFY: unable to resolve virtual method 42705: Lcom/google/android/play/layout/PlayCardViewBase;.setTransitionName (Ljava/lang/String;)V
W/dalvikvm( 9487): VFY: unable to resolve virtual method 42704: Lcom/google/android/play/layout/PlayCardViewBase;.setTransitionGroup (Z)V
W/dalvikvm( 9487): VFY: unable to resolve virtual method 9352: Landroid/view/View;.getTransitionName ()Ljava/lang/String;
I/PackageManager(  584):  setEnabledSetting(), pkgName=com.android.vending, clsName=com.google.android.finsky.activities.DebugActivity, state=2, flag=1, pid=9487, uid=10132
W/dalvikvm( 9487): VFY: unable to resolve virtual method 585: Landroid/content/res/Configuration;.getLayoutDirection ()I
W/dalvikvm( 9487): VFY: unable to resolve virtual method 539: Landroid/content/pm/PackageManager;.extendVerificationTimeout (IIJ)V
I/ActivityManager(  584): Recipient 9113
I/ActivityManager(  584): Recipient 8673
W/StaticBindingVerifier( 9437): Verify
I/ActivityManager(  584): Process com.google.android.music:main (pid 9113) has died.
I/ActivityManager(  584): Process com.htc.android.rosie.widget (pid 8673) has died.
D/CordovaLog( 9450): file:///android_asset/www/cordova.js: Line 1186 : deviceready has not fired after 5 seconds.
I/Web Console( 9450): deviceready has not fired after 5 seconds. at file:///android_asset/www/cordova.js:1186
D/CordovaLog( 9450): file:///android_asset/www/cordova.js: Line 1179 : Channel not fired: onPluginsReady
I/Web Console( 9450): Channel not fired: onPluginsReady at file:///android_asset/www/cordova.js:1179
D/CordovaLog( 9450): file:///android_asset/www/cordova.js: Line 1179 : Channel not fired: onCordovaReady
I/Web Console( 9450): Channel not fired: onCordovaReady at file:///android_asset/www/cordova.js:1179
D/Finsky  ( 9487): [1] 2.run: Loaded library for account: [QkPhrvKtIaKRqB497nnNqDpM2h0]
D/Finsky  ( 9487): [1] 2.run: Loaded library for account: [gKXbJhL8NA2nPUzZyFpjB6tKi7U]
D/Finsky  ( 9487): [1] 2.run: Finished loading 2 libraries.
D/libc    (  249): _resolv_cache_lookup: lookup
D/libc    (  249): [SMD]bl_level = 30
D/libc    (  249): [SMD][Mode1]: Screen on and original TTL is not expired
D/libc    (  249): FOUND IN CACHE entry=0x41f16b68
D/        ( 9450): netstack: Early Connections is: ON, Version: 5.0.1, Param: 3
W/dalvikvm( 9437): VFY: unable to resolve virtual method 41936: Lcom/facebook/resources/FbResources;.getDrawable (ILandroid/content/res/Resources$Theme;)Landroid/graphics/drawable/Drawable;
D/CordovaActivity( 9450): onMessage(spinner,stop)
W/PluginManager( 9450): THREAD WARNING: exec() call to App.show blocked the main thread for 23ms. Plugin should use CordovaInterface.getThreadPool().
D/Finsky  ( 9487): [767] InAppBillingUtils.pickAccount: com.rhmsoft.fm: Account determined from installer data - [gKXbJhL8NA2nPUzZyFpjB6tKi7U]
W/dalvikvm( 9437): VFY: unable to resolve virtual method 353: Landroid/content/res/Configuration;.setLayoutDirection (Ljava/util/Locale;)V
D/HybridProvider(  584): getName
V/LocationManagerService(  584): getAllProviders
D/Finsky  ( 9487): [1] GmsCoreHelper.cleanupNlp: result=false type=1
D/Finsky  ( 9487): [791] InAppBillingUtils.pickAccount: com.rhmsoft.fm: Account determined from installer data - [gKXbJhL8NA2nPUzZyFpjB6tKi7U]
D/StateMachine(  584): handleMessage: E msg.what=131155
D/StateMachine(  584): processMsg: ConnectedState
D/WifiStateMachine(  584): ConnectedState{ what=131155 when=-10ms target=Handler (com.android.internal.util.StateMachine$SmHandler) {42cae278} arg1=9 }
D/StateMachine(  584): processMsg: L2ConnectedState
D/WifiStateMachine(  584): L2ConnectedState{ what=131155 when=-15ms target=Handler (com.android.internal.util.StateMachine$SmHandler) {42cae278} arg1=9 }
D/WifiStateMachine(  584): fetchRssiAndLinkSpeedNative RSSI = -49
D/StateMachine(  584): handleMessage: X
D/CordovaLog( 9450): file:///android_asset/www/js/app.js: Line 61 : Uncaught ReferenceError: StatusBar is not defined
E/Web Console( 9450): Uncaught ReferenceError: StatusBar is not defined at file:///android_asset/www/js/app.js:61
D/Finsky  ( 9487): [1] RestoreTracker.stopServiceIfDone: Restore complete with 0 success and 0 failed.
D/CordovaWebViewClient( 9450): onPageFinished(file:///android_asset/www/index.html)
D/CordovaActivity( 9450): onMessage(onPageFinished,file:///android_asset/www/index.html)
W/dalvikvm( 9366): VFY: unable to resolve virtual method 136: Landroid/app/AlarmManager;.setExact (IJLandroid/app/PendingIntent;)V
W/dalvikvm( 9366): VFY: unable to resolve virtual method 136: Landroid/app/AlarmManager;.setExact (IJLandroid/app/PendingIntent;)V
W/dalvikvm( 9366): VFY: unable to resolve virtual method 136: Landroid/app/AlarmManager;.setExact (IJLandroid/app/PendingIntent;)V
W/dalvikvm( 9366): VFY: unable to resolve virtual method 136: Landroid/app/AlarmManager;.setExact (IJLandroid/app/PendingIntent;)V
W/dalvikvm( 9366): VFY: unable to resolve virtual method 136: Landroid/app/AlarmManager;.setExact (IJLandroid/app/PendingIntent;)V
D/Socket_Alarm( 9487): registerHTCSocketMonitorCallBack
D/Socket_Alarm( 9487): set mSocketMonitor
D/Socket_Alarm( 9487): HTCSocketMonitorImpl::HTCSocketMonitorImpl
I/ActivityManager(  584): Start proc com.google.android.apps.plus for broadcast com.google.android.apps.plus/.service.PackagesMediaMonitor: pid=9540 uid=10133 gids={3003, 3002, 1015, 1006, 1028}
E/Trace   ( 9540): error opening trace file: No such file or directory (2)
D/CordovaLog( 9450): file:///android_asset/www/js/ratchet.min.js: Line 10 : Uncaught Error: SYNTAX_ERR: DOM Exception 12
E/Web Console( 9450): Uncaught Error: SYNTAX_ERR: DOM Exception 12 at file:///android_asset/www/js/ratchet.min.js:10
E/dalvikvm( 9540): Could not find class 'android.app.Notification$Action$Builder', referenced from method b.a
W/dalvikvm( 9540): VFY: unable to resolve new-instance 303 (Landroid/app/Notification$Action$Builder;) in Lb;
I/ActivityManager(  584): Recipient 9379
I/ActivityManager(  584): Process com.android.keychain (pid 9379) has died.
E/dalvikvm( 9540): Could not find class 'android.graphics.drawable.RippleDrawable', referenced from method b.a
W/dalvikvm( 9540): VFY: unable to resolve new-instance 463 (Landroid/graphics/drawable/RippleDrawable;) in Lb;
W/dalvikvm( 9540): VFY: unable to find class referenced in signature (Lzr;)
W/dalvikvm( 9540): VFY: unable to find class referenced in signature (Lzr;)
W/dalvikvm( 9540): VFY: unable to find class referenced in signature (Lzr;)
W/dalvikvm( 9540): VFY: unable to find class referenced in signature (Lzr;)
W/dalvikvm( 9540): VFY: unable to find class referenced in signature (Lzr;)
W/dalvikvm( 9540): VFY: unable to find class referenced in signature (Lzr;)
W/dalvikvm( 9540): VFY: unable to find class referenced in signature (Lzr;)
E/dalvikvm( 9540): Could not find class 'android.app.Notification$Action$Builder', referenced from method b.a
W/dalvikvm( 9540): VFY: unable to resolve new-instance 303 (Landroid/app/Notification$Action$Builder;) in Lb;
E/dalvikvm( 9540): Could not find class 'android.transition.Transition', referenced from method b.a
W/dalvikvm( 9540): VFY: unable to resolve check-cast 692 (Landroid/transition/Transition;) in Lb;
E/dalvikvm( 9540): Could not find class 'android.transition.Transition', referenced from method b.a
W/dalvikvm( 9540): VFY: unable to resolve check-cast 692 (Landroid/transition/Transition;) in Lb;
E/dalvikvm( 9540): Could not find class 'android.transition.Transition', referenced from method b.a
W/dalvikvm( 9540): VFY: unable to resolve check-cast 692 (Landroid/transition/Transition;) in Lb;
E/SQLiteLog( 9366): (5) statement aborts at 1: [PRAGMA journal_mode=TRUNCATE;] 
W/dalvikvm( 9540): VFY: unable to resolve virtual method 4383: Landroid/view/ViewGroup;.isTransitionGroup ()Z
W/dalvikvm( 9540): VFY: unable to resolve virtual method 4206: Landroid/view/View;.getTransitionName ()Ljava/lang/String;
D/InAppBrowser( 9450): target = _blank
D/InAppBrowser( 9450): in blank
I/ActivityManager(  584): Recipient 9000
I/ActivityManager(  584): Process com.htc.android.worldclock (pid 9000) has died.
W/dalvikvm( 9540): VFY: unable to find class referenced in signature ([Landroid/app/RemoteInput;)
E/dalvikvm( 9540): Could not find class 'android.app.RemoteInput[]', referenced from method b.a
W/dalvikvm( 9540): VFY: unable to resolve new-array 12530 ([Landroid/app/RemoteInput;) in Lb;
E/dalvikvm( 9540): Could not find class 'android.transition.Transition', referenced from method b.b
W/dalvikvm( 9540): VFY: unable to resolve check-cast 692 (Landroid/transition/Transition;) in Lb;
W/dalvikvm( 9540): VFY: unable to resolve virtual method 1747: Landroid/content/res/Configuration;.getLayoutDirection ()I
W/dalvikvm( 9540): Unable to resolve superclass of Lar; (690)
W/dalvikvm( 9540): Link of class 'Lar;' failed
W/dalvikvm( 9540): Unable to resolve superclass of Lat; (690)
W/dalvikvm( 9540): Link of class 'Lat;' failed
I/ActivityManager(  584): Recipient 7636
I/ActivityManager(  584): Process com.htc.htcpowermanager:remote (pid 7636) has died.
I/ActivityManager(  584): Recipient 9082
I/ActivityManager(  584): Process com.google.android.partnersetup (pid 9082) has died.
I/ActivityManager(  584): Recipient 9417
I/ActivityManager(  584): Process com.android.settings (pid 9417) has died.
I/ActivityManager(  584): Recipient 9389
I/ActivityManager(  584): Process com.htc.providers.settings:remote (pid 9389) has died.
W/PluginManager( 9450): THREAD WARNING: exec() call to InAppBrowser.open blocked the main thread for 392ms. Plugin should use CordovaInterface.getThreadPool().
I/ActivityThread( 9540): Pub com.google.android.apps.photos.content: com.google.android.apps.photos.content.GooglePhotosImageProvider
V/PhoneStatusBar(  840): setLightsOn(true)
D/memalloc(  240): ion: Allocated buffer base:0x42d1f000 size:1880064 fd:81
D/memalloc(  240): ion: Allocated buffer base:0x400d9000 size:4096 fd:47
I/ActivityThread( 9540): Pub com.google.android.apps.plus.content.EsPicasaStoreProvider: com.google.android.libraries.social.picasalegacy.PicasaPhotoContentProvider
D/StateMachine(  584): handleMessage: E msg.what=131155
W/ManagedEGLContext( 1163): doTerminate failed: EGL count is 2 but managed count is 1
D/StateMachine(  584): processMsg: ConnectedState
D/WifiStateMachine(  584): ConnectedState{ what=131155 when=-9ms target=Handler (com.android.internal.util.StateMachine$SmHandler) {42cae278} arg1=9 }
D/StateMachine(  584): processMsg: L2ConnectedState
D/WifiStateMachine(  584): L2ConnectedState{ what=131155 when=-14ms target=Handler (com.android.internal.util.StateMachine$SmHandler) {42cae278} arg1=9 }
D/WifiStateMachine(  584): fetchRssiAndLinkSpeedNative RSSI = -51
D/StateMachine(  584): handleMessage: X
I/ActivityThread( 9540): Pub com.google.android.apps.photos.GooglePhotoDownsyncProvider: com.google.android.apps.photos.content.GooglePhotoDownsyncProvider
I/ActivityThread( 9540): Pub com.google.plus.platform: com.google.android.libraries.social.adsprovider.AdsProvider
I/ActivityThread( 9540): Pub com.google.android.apps.plus.iu.EsGoogleIuProvider: com.google.android.libraries.social.autobackup.AutoBackupProvider
D/memalloc( 9450): ion: Mapped buffer base:0x56957000 size:1880064 offset:0 fd:100
W/dalvikvm( 9366): VFY: unable to resolve virtual method 136: Landroid/app/AlarmManager;.setExact (IJLandroid/app/PendingIntent;)V
V/AlarmManager(  584): sending alarm PendingIntent{42dbb6a8: PendingIntentRecord{43055f88 com.whatsapp broadcastIntent}}, intent=DEVICE_INFO_ALARM_ACTION, type=ELAPSED_REALTIME, count=1, when=3600000, repeateInterval=3600000
I/ActivityThread( 9540): Pub com.google.android.apps.plus.content.EsProvider: com.google.android.apps.plus.content.EsProvider
I/ActivityThread( 9540): Pub com.google.android.apps.plus: android.support.v4.content.FileProvider
W/dalvikvm( 9437): VFY: unable to resolve virtual method 330: Landroid/content/res/Configuration;.setLayoutDirection (Ljava/util/Locale;)V
D/PowerManagerService(  584): acquireWakeLock(43062ec8): PARTIAL_WAKE_LOCK , tag=AsyncService, flags=0x1, pid=9540, uid=10133, mUserState=0x3
D/PowerManagerService(  584): releaseWakeLock(43062ec8): PARTIAL_WAKE_LOCK , tag=AsyncService, flags=0x1
I/dalvikvm-heap( 9540): Grow heap (frag case) to 13.682MB for 1024768-byte allocation
E/NetworkScheduler.SchedulerReceiver( 1061): Invalid parameter app
E/NetworkScheduler.SchedulerReceiver( 1061): Invalid package name : Perhaps you didn't include a PendingIntent in the extras?
D/PackageBroadcastService( 1189): Received broadcast action=android.intent.action.PACKAGE_REMOVED and uri=co.giftmeapp.giftme
I/ConfigFetchService( 1189): onStartCommand Intent { act=android.intent.action.PACKAGE_REMOVED dat=package cmp=com.google.android.gms/.config.ConfigFetchService (has extras) }
I/ActivityManager(  584): Start proc com.google.android.talk for broadcast com.google.android.talk/com.google.android.apps.hangouts.phone.PackageReplacedReceiver: pid=9573 uid=10148 gids={3003, 1015, 1006, 3002, 1028}
D/PowerManagerService(  584): acquireWakeLock(431b7db8): PARTIAL_WAKE_LOCK , tag=wake:com.google.android.gms/.config.ConfigFetchService, flags=0x1, pid=1189, uid=10017, mUserState=0x3
E/Trace   ( 9573): error opening trace file: No such file or directory (2)
D/memalloc( 9450): ion: Mapped buffer base:0x5104f000 size:4096 offset:0 fd:102
D/libc    (  249): _resolv_cache_lookup: lookup
D/libc    (  249): [SMD]bl_level = 30
D/libc    (  249): [SMD][Mode1]: Screen on and original TTL is expired
D/libc    (  249):  Cache EXPIRED (STALE ENTRY 0x41f1bc28 DISCARDED) or need renew
D/libc    (  249): [SMD][v0913] Extended TTL = 43200, original TTL = 41
W/dalvikvm( 9450): disableGcForExternalAlloc: false
I/Choreographer( 9450): Skipped 123 frames!  The application may be doing too much work on its main thread.
D/memalloc(  240): ion: Allocated buffer base:0x437d4000 size:1880064 fd:86
D/memalloc(  240): ion: Allocated buffer base:0x40032000 size:4096 fd:100
D/memalloc( 9450): ion: Mapped buffer base:0x56b63000 size:1880064 offset:0 fd:104
D/memalloc( 9450): ion: Mapped buffer base:0x54834000 size:4096 offset:0 fd:106
I/ActivityManager(  584): Recipient 9437
I/ActivityManager(  584): Recipient 9351
I/ActivityManager(  584): Recipient 9404
I/ActivityManager(  584): Process com.facebook.katana:dash (pid 9437) has died.
I/ActivityManager(  584): Process com.android.defcontainer (pid 9351) has died.
I/ActivityManager(  584): Process com.htc.opensense.social (pid 9404) has died.
D/memalloc(  240): ion: Allocated buffer base:0x43ad2000 size:1880064 fd:50
D/memalloc(  240): ion: Allocated buffer base:0x401ce000 size:4096 fd:55
D/memalloc( 9450): ion: Mapped buffer base:0x56d2e000 size:1880064 offset:0 fd:108
D/memalloc( 9450): ion: Mapped buffer base:0x54838000 size:4096 offset:0 fd:110
W/dalvikvm( 9450): disableGcForExternalAlloc: false
W/dalvikvm( 9573): VFY: unable to resolve virtual method 2585: Landroid/app/ActivityManager;.isLowRamDevice ()Z
I/ActivityThread( 9573): Pub com.google.android.apps.hangouts.content.EsProvider: com.google.android.apps.hangouts.content.EsProvider
I/NONPRIME( 9450): <CallBackProxy> Send to WebViewClient.
E/dalvikvm( 9573): Could not find class 'android.app.Notification$Action$Builder', referenced from method f.a
W/dalvikvm( 9573): VFY: unable to resolve new-instance 402 (Landroid/app/Notification$Action$Builder;) in Lf;
E/dalvikvm( 9573): Could not find class 'android.app.RemoteInput$Builder', referenced from method f.a
W/dalvikvm( 9573): VFY: unable to resolve new-instance 414 (Landroid/app/RemoteInput$Builder;) in Lf;
D/PowerManagerService(  584): acquireWakeLock(42cfe200): PARTIAL_WAKE_LOCK , tag=Icing, flags=0x1, pid=1189, uid=10017, mUserState=0x3
E/dalvikvm( 9573): Could not find class 'android.transition.Transition', referenced from method f.a
W/dalvikvm( 9573): VFY: unable to resolve check-cast 791 (Landroid/transition/Transition;) in Lf;
D/libc    (  249): _resolv_cache_lookup: lookup
D/libc    (  249): NOT IN CACHE
D/libc    (  249): [SMD][v0913] Extended TTL = 43200, original TTL = 40
E/dalvikvm( 9573): Could not find class 'android.app.Notification$Action$Builder', referenced from method f.a
W/dalvikvm( 9573): VFY: unable to resolve new-instance 402 (Landroid/app/Notification$Action$Builder;) in Lf;
D/PowerManagerService(  584): acquireWakeLock(42bf9ad8): PARTIAL_WAKE_LOCK , tag=WakefulIntentService[PackageService], flags=0x1, pid=1189, uid=10017, mUserState=0x3
E/dalvikvm( 9573): Could not find class 'android.transition.Transition', referenced from method f.a
W/dalvikvm( 9573): VFY: unable to resolve check-cast 791 (Landroid/transition/Transition;) in Lf;
E/dalvikvm( 9573): Could not find class 'android.transition.Transition', referenced from method f.a
W/dalvikvm( 9573): VFY: unable to resolve check-cast 791 (Landroid/transition/Transition;) in Lf;
E/dalvikvm( 9573): Could not find class 'android.transition.Transition', referenced from method f.a
W/dalvikvm( 9573): VFY: unable to resolve check-cast 791 (Landroid/transition/Transition;) in Lf;
E/dalvikvm( 9573): Could not find class 'android.transition.Transition', referenced from method f.a
W/dalvikvm( 9573): VFY: unable to resolve check-cast 791 (Landroid/transition/Transition;) in Lf;
W/dalvikvm( 9573): VFY: unable to resolve virtual method 5345: Landroid/view/ViewGroup;.isTransitionGroup ()Z
W/dalvikvm( 9573): VFY: unable to resolve virtual method 5199: Landroid/view/View;.getTransitionName ()Ljava/lang/String;
W/dalvikvm( 9573): VFY: unable to find class referenced in signature ([Landroid/app/RemoteInput;)
E/dalvikvm( 9573): Could not find class 'android.app.RemoteInput[]', referenced from method f.a
W/dalvikvm( 9573): VFY: unable to resolve new-array 6957 ([Landroid/app/RemoteInput;) in Lf;
E/dalvikvm( 9573): Could not find class 'android.transition.Transition', referenced from method f.b
W/dalvikvm( 9573): VFY: unable to resolve check-cast 791 (Landroid/transition/Transition;) in Lf;
W/dalvikvm( 9573): VFY: unable to resolve static field 1486 (SUPPORTED_ABIS) in Landroid/os/Build;
W/dalvikvm( 9573): VFY: unable to resolve static method 4853: Landroid/text/TextUtils;.getLayoutDirectionFromLocale (Ljava/util/Locale;)I
W/dalvikvm( 9573): Unable to resolve superclass of Law; (790)
W/dalvikvm( 9573): Link of class 'Law;' failed
W/dalvikvm( 9573): Unable to resolve superclass of Lay; (790)
W/dalvikvm( 9573): Link of class 'Lay;' failed
D/PowerManagerService(  584): releaseWakeLock(42bf9ad8): PARTIAL_WAKE_LOCK , tag=WakefulIntentService[PackageService], flags=0x1
W/dalvikvm( 9573): VFY: unable to resolve static method 3931: Landroid/provider/Telephony$Sms;.getDefaultSmsPackage (Landroid/content/Context;)Ljava/lang/String;
W/dalvikvm( 9573): VFY: unable to resolve virtual method 2839: Landroid/content/Context;.getDrawable (I)Landroid/graphics/drawable/Drawable;
W/dalvikvm( 9366): VFY: unable to resolve virtual method 136: Landroid/app/AlarmManager;.setExact (IJLandroid/app/PendingIntent;)V
W/dalvikvm( 9573): VFY: unable to resolve virtual method 4789: Landroid/telephony/TelephonyManager;.getMmsUserAgent ()Ljava/lang/String;
I/Babel   ( 9573): MmsConfig: mnc/mcc: 272/2
I/Babel   ( 9573): MmsConfig.loadMmsSettings
I/Babel   ( 9573): MmsConfig.loadFromDatabase
I/PackageManager(  584):  setEnabledSetting(), pkgName=com.google.android.talk, clsName=com.google.android.apps.hangouts.phone.ShareIntentSmsOnlyActivity, state=2, flag=1, pid=9573, uid=10148
I/NONPRIME( 9450): <CallBackProxy> Send to WebViewClient.
D/Socket_Alarm( 9573): registerHTCSocketMonitorCallBack
D/Socket_Alarm( 9573): set mSocketMonitor
D/Socket_Alarm( 9573): HTCSocketMonitorImpl::HTCSocketMonitorImpl
I/PackageManager(  584):  setEnabledSetting(), pkgName=com.google.android.talk, clsName=com.google.android.apps.hangouts.sms.SmsReceiver, state=2, flag=1, pid=9573, uid=10148
I/PackageManager(  584):  setEnabledSetting(), pkgName=com.google.android.talk, clsName=com.google.android.apps.hangouts.sms.MmsWapPushReceiver, state=2, flag=1, pid=9573, uid=10148
I/PackageManager(  584):  setEnabledSetting(), pkgName=com.google.android.talk, clsName=com.google.android.apps.hangouts.sms.AbortSmsReceiver, state=2, flag=1, pid=9573, uid=10148
I/PackageManager(  584):  setEnabledSetting(), pkgName=com.google.android.talk, clsName=com.google.android.apps.hangouts.sms.AbortMmsWapPushReceiver, state=2, flag=1, pid=9573, uid=10148
I/PackageManager(  584):  setEnabledSetting(), pkgName=com.google.android.talk, clsName=com.google.android.apps.hangouts.service.NoConfirmationSmsSendService, state=2, flag=1, pid=9573, uid=10148
D/Finsky  ( 9487): [791] InAppBillingUtils.pickAccount: com.whatsapp: Account determined from installer data - [QkPhrvKtIaKRqB497nnNqDpM2h0]
D/Finsky  ( 9487): [768] InAppBillingUtils.pickAccount: com.whatsapp: Account determined from installer data - [QkPhrvKtIaKRqB497nnNqDpM2h0]
W/PluginManager( 9450): THREAD WARNING: exec() call to InAppBrowser.close blocked the main thread for 18ms. Plugin should use CordovaInterface.getThreadPool().
D/memalloc( 9450): ion: Unmapping buffer  base:0x56957000 size:1880064
D/memalloc( 9450): ion: Unmapping buffer  base:0x5104f000 size:4096
D/memalloc( 9450): ion: Unmapping buffer  base:0x56b63000 size:1880064
D/memalloc( 9450): ion: Unmapping buffer  base:0x54834000 size:4096
D/memalloc( 9450): ion: Unmapping buffer  base:0x56d2e000 size:1880064
D/memalloc( 9450): ion: Unmapping buffer  base:0x54838000 size:4096
D/memalloc(  240): ion: Freeing buffer base:0x42d1f000 size:1880064 fd:81
D/memalloc(  240): ion: Unmapping buffer  base:0x42d1f000 size:1880064
D/memalloc(  240): ion: Freeing buffer base:0x400d9000 size:4096 fd:47
D/memalloc(  240): ion: Unmapping buffer  base:0x400d9000 size:4096
D/memalloc(  240): ion: Freeing buffer base:0x43ad2000 size:1880064 fd:50
D/memalloc(  240): ion: Unmapping buffer  base:0x43ad2000 size:1880064
D/memalloc(  240): ion: Freeing buffer base:0x401ce000 size:4096 fd:55
D/memalloc(  240): ion: Unmapping buffer  base:0x401ce000 size:4096
W/dalvikvm( 9450): disableGcForExternalAlloc: false
V/PhoneStatusBar(  840): setLightsOn(true)
D/libc    (  249): _resolv_cache_lookup: lookup
D/libc    (  249): [SMD]bl_level = 30
D/libc    (  249): [SMD][Mode1]: Screen on and original TTL is expired
D/libc    (  249):  Cache EXPIRED (STALE ENTRY 0x41f16d70 DISCARDED) or need renew
D/libc    (  249): [SMD][v0913] Extended TTL = 43200, original TTL = 255
D/CordovaLog( 9450): file:///android_asset/www/js/openfb.js: Line 115 : exit and remove listeners
I/Web Console( 9450): exit and remove listeners at file:///android_asset/www/js/openfb.js:115
D/CordovaLog( 9450): file:///android_asset/www/cordova.js: Line 305 : Error in Success callbackId: InAppBrowser1548276933 : ReferenceError: deferredLogin is not defined
I/Web Console( 9450): Error in Success callbackId: InAppBrowser1548276933 : ReferenceError: deferredLogin is not defined at file:///android_asset/www/cordova.js:305
D/CordovaLog( 9450): file:///android_asset/www/cordova.js: Line 1075 : processMessage failed: Error: ReferenceError: deferredLogin is not defined
I/Web Console( 9450): processMessage failed: Error: ReferenceError: deferredLogin is not defined at file:///android_asset/www/cordova.js:1075
I/Babel_StickerModule( 9573): App launched.
D/CordovaLog( 9450): file:///android_asset/www/cordova.js: Line 1076 : processMessage failed: Stack: ReferenceError: deferredLogin is not defined
D/CordovaLog( 9450):     at [object Object].loginWindow_exitHandler (file:///android_asset/www/js/openfb.js:117:13)
D/CordovaLog( 9450):     at [object Object].fire (file:///android_asset/www/cordova.js:816:23)
D/CordovaLog( 9450):     at Object._eventHandler (file:///android_asset/www/plugins/org.apache.cordova.inappbrowser/www/inappbrowser.js:39:39)
D/CordovaLog( 9450):     at file:///android_asset/www/plugins/org.apache.cordova.inappbrowser/www/inappbrowser.js:90:12
D/CordovaLog( 9450):     at Object.callbackFromNative (file:///android_asset/www/cordova.js:286:58)
D/CordovaLog( 9450):     at processMessage (file:///android_asset/www/cordova.js:1070:21)
D/CordovaLog( 9450):     at file:///android_asset/www/cordova.js:1107:13
I/Web Console( 9450): processMessage failed: Stack: ReferenceError: deferredLogin is not defined
I/Web Console( 9450):     at [object Object].loginWindow_exitHandler (file:///android_asset/www/js/openfb.js:117:13)
I/Web Console( 9450):     at [object Object].fire (file:///android_asset/www/cordova.js:816:23)
I/Web Console( 9450):     at Object._eventHandler (file:///android_asset/www/plugins/org.apache.cordova.inappbrowser/www/inappbrowser.js:39:39)
I/Web Console( 9450):     at file:///android_asset/www/plugins/org.apache.cordova.inappbrowser/www/inappbrowser.js:90:12
I/Web Console( 9450):     at Object.callbackFromNative (file:///android_asset/www/cordova.js:286:58)
I/Web Console( 9450):     at processMessage (file:///android_asset/www/cordova.js:1070:21)
I/Web Console( 9450):     at file:///android_asset/www/cordova.js:1107:13 at file:///android_asset/www/cordova.js:1076
D/CordovaLog( 9450): file:///android_asset/www/cordova.js: Line 1077 : processMessage failed: Message: S01 InAppBrowser1548276933 {"type":"exit"}
I/Web Console( 9450): processMessage failed: Message: S01 InAppBrowser1548276933 {"type":"exit"} at file:///android_asset/www/cordova.js:1077
D/StateMachine(  584): handleMessage: E msg.what=131155
D/StateMachine(  584): processMsg: ConnectedState
D/WifiStateMachine(  584): ConnectedState{ what=131155 when=-5ms target=Handler (com.android.internal.util.StateMachine$SmHandler) {42cae278} arg1=9 }
D/StateMachine(  584): processMsg: L2ConnectedState
D/WifiStateMachine(  584): L2ConnectedState{ what=131155 when=-12ms target=Handler (com.android.internal.util.StateMachine$SmHandler) {42cae278} arg1=9 }
D/WifiStateMachine(  584): fetchRssiAndLinkSpeedNative RSSI = -47
D/StateMachine(  584): handleMessage: X
D/libc    (  249): _resolv_cache_lookup: lookup
D/libc    (  249): NOT IN CACHE
I/dalvikvm-heap( 9573): Grow heap (frag case) to 13.217MB for 244947-byte allocation
E/SQLiteLog( 9573): (1) no such table: mmsconfig
I/Babel   ( 9573): MmsConfig: no mmsconfig table android.database.sqlite.SQLiteException: no such table: mmsconfig (code 1): , while compiling: SELECT key, value, type FROM mmsconfig WHERE numeric=?
I/Babel   ( 9573): MmsConfig.loadFromResources
D/libc    (  249): [SMD][v0913] Extended TTL = 43200, original TTL = 1063
E/dalvikvm( 9573): Could not find class 'android.hardware.display.DisplayManager', referenced from method com.google.android.libraries.hangouts.video.ScreenCaptureVideoSource.<init>
W/dalvikvm( 9573): VFY: unable to resolve check-cast 563 (Landroid/hardware/display/DisplayManager;) in Lcom/google/android/libraries/hangouts/video/ScreenCaptureVideoSource;
W/dalvikvm( 9573): VFY: unable to find class referenced in signature (Landroid/hardware/display/VirtualDisplay;)
W/dalvikvm( 9573): VFY: unable to find class referenced in signature (Landroid/media/projection/MediaProjection;)
W/dalvikvm( 9573): VFY: unable to find class referenced in signature (Landroid/media/projection/MediaProjection;)
W/dalvikvm( 9573): VFY: unable to find class referenced in signature (Landroid/media/projection/MediaProjection;)
W/dalvikvm( 9573): VFY: unable to find class referenced in signature (Landroid/media/projection/MediaProjectionManager;)
W/dalvikvm( 9573): VFY: unable to resolve virtual method 3518: Landroid/media/projection/MediaProjection;.createVirtualDisplay (Ljava/lang/String;IIIILandroid/view/Surface;Landroid/hardware/display/VirtualDisplay$Callback;Landroid/os/Handler;)Landroid/hardware/display/VirtualDisplay;
W/dalvikvm( 9573): VFY: unable to resolve virtual method 3393: Landroid/hardware/display/VirtualDisplay;.release ()V
W/dalvikvm( 9573): VFY: unable to resolve virtual method 3392: Landroid/hardware/display/DisplayManager;.unregisterDisplayListener (Landroid/hardware/display/DisplayManager$DisplayListener;)V
W/dalvikvm( 9573): VFY: unable to resolve virtual method 3522: Landroid/media/projection/MediaProjectionManager;.createScreenCaptureIntent ()Landroid/content/Intent;
W/dalvikvm( 9573): Unable to resolve superclass of Lcom/google/android/libraries/hangouts/video/ScreenCaptureVideoSource$2; (596)
W/dalvikvm( 9573): Link of class 'Lcom/google/android/libraries/hangouts/video/ScreenCaptureVideoSource$2;' failed
W/dalvikvm( 9573): Link of class 'Lcom/google/android/libraries/hangouts/video/ScreenCaptureVideoSource$4;' failed
E/Babel   ( 9573): canonicalizeMccMnc: invalid mccmnc nullnull
I/Babel   ( 9573): MmsConfig.loadMmsSettings: mUserAgent=Hangouts/3.0.87531466, mUaProfUrl=https://ssl.gstatic.com/android/hangouts/hangouts_mms_ua_profile.xml
W/dalvikvm( 9573): VFY: unable to resolve virtual method 3454: Landroid/media/MediaCodecInfo$CodecCapabilities;.getVideoCapabilities ()Landroid/media/MediaCodecInfo$VideoCapabilities;
D/memalloc(  240): ion: Freeing buffer base:0x437d4000 size:1880064 fd:86
D/memalloc(  240): ion: Unmapping buffer  base:0x437d4000 size:1880064
D/memalloc(  240): ion: Freeing buffer base:0x40032000 size:4096 fd:100
D/memalloc(  240): ion: Unmapping buffer  base:0x40032000 size:4096
D/PowerManagerService(  584): releaseWakeLock(42cfe200): PARTIAL_WAKE_LOCK , tag=Icing, flags=0x1
I/ActivityManager(  584): Start proc com.android.packageinstaller for broadcast com.android.packageinstaller/com.htc.app.HtcPackageEnabler: pid=9611 uid=10135 gids={1028}
E/Trace   ( 9611): error opening trace file: No such file or directory (2)
I/ActivityManager(  584): Start proc com.google.android.partnersetup for broadcast com.google.android.partnersetup/.RlzPingBroadcastReceiver: pid=9623 uid=10037 gids={3003, 1028}
E/Trace   ( 9623): error opening trace file: No such file or directory (2)
I/ActivityThread( 9623): Pub com.google.android.partnersetup.rlzprovider: com.google.android.partnersetup.RlzProvider
I/ActivityThread( 9623): Pub com.google.android.partnersetup.rlzappprovider: com.google.android.partnersetup.RlzAppProvider
I/ActivityManager(  584): Start proc com.htc.opensense.social for broadcast com.htc.opensense/.pluginmanager.RegisterReceiver: pid=9638 uid=10014 gids={2001, 3003, 1015, 1028, 1006, 5005, 3002, 3001, 5003}
E/Trace   ( 9638): error opening trace file: No such file or directory (2)
I/ActivityThread( 9638): Pub com.htc.opensense.social: com.htc.opensense.social.provider.SocialProvider
I/ActivityThread( 9638): Pub com.htc.settings.accountsync.SYNC: com.htc.opensense.syncprovider.SyncProvider
D/Finsky  ( 9487): [791] InAppBillingUtils.pickAccount: com.whatsapp: Account determined from installer data - [QkPhrvKtIaKRqB497nnNqDpM2h0]
D/SyncProvider( 9638): onCreate
I/ActivityThread( 9638): Pub com.htc.providers.uploads: com.htc.providers.uploads.UploadProvider
D/UploadProvider( 9638): UploadProvider is running
I/ActivityThread( 9638): Pub com.twitter.android.auth.login.login_status: com.htc.htctwitter.SSOProvider
I/ActivityThread( 9638): Pub com.htc.htctwitter.Users: com.htc.htctwitter.FriendProvider
I/ActivityThread( 9638): Pub com.htc.opensense.snprovider: com.htc.opensense.snprovider.SocialNetworkProvider
D/SocialNetworkProvider( 9638): onCreate
I/ActivityThread( 9638): Pub com.htc.htctwitter: com.htc.htctwitter.TwitterProvider
D/SyncManager(  584): setIsSyncable: Account {name=Mas********y, type=com.twitter.android.auth.login}, provider com.htc.htctwitter, user 0 -> 0
D/SyncManager(  584): setIsSyncable: already set to 0, doing nothing
D/SyncManager(  584): setIsSyncable: Account {name=Mas********y, type=com.twitter.android.auth.login}, provider com.htc.htctwitter.Users, user 0 -> 0
D/SyncManager(  584): setIsSyncable: already set to 0, doing nothing
D/SyncManager(  584): setSyncAutomatically:  provider com.twitter.android.auth.login.login_status, user 0 -> false
E/ContentService(  584): Content Service Crash
E/ContentService(  584): java.lang.NullPointerException
E/ContentService(  584): 	at android.accounts.AccountAndUser.hashCode(AccountAndUser.java:43)
E/ContentService(  584): 	at java.util.HashMap.get(HashMap.java:298)
E/ContentService(  584): 	at android.content.SyncStorageEngine.getOrCreateAuthorityLocked(SyncStorageEngine.java:1389)
E/ContentService(  584): 	at android.content.SyncStorageEngine.setSyncAutomatically(SyncStorageEngine.java:488)
E/ContentService(  584): 	at android.content.ContentService.setSyncAutomatically(ContentService.java:318)
E/ContentService(  584): 	at android.content.IContentService$Stub.onTransact(IContentService.java:165)
E/ContentService(  584): 	at android.content.ContentService.onTransact(ContentService.java:121)
E/ContentService(  584): 	at android.os.Binder.execTransact(Binder.java:367)
E/ContentService(  584): 	at dalvik.system.NativeStart.run(Native Method)
W/System.err( 9638): java.lang.NullPointerException
W/System.err( 9638): 	at android.os.Parcel.readException(Parcel.java:1436)
W/System.err( 9638): 	at android.os.Parcel.readException(Parcel.java:1384)
W/System.err( 9638): 	at android.content.IContentService$Stub$Proxy.setSyncAutomatically(IContentService.java:562)
W/System.err( 9638): 	at android.content.ContentResolver.setSyncAutomatically(ContentResolver.java:1478)
W/System.err( 9638): 	at com.htc.htctwitter.TwitterProvider.onCreate(TwitterProvider.java:128)
W/System.err( 9638): 	at android.content.ContentProvider.attachInfo(ContentProvider.java:1085)
W/System.err( 9638): 	at android.app.ActivityThread.installProvider(ActivityThread.java:5256)
W/System.err( 9638): 	at android.app.ActivityThread.installContentProviders(ActivityThread.java:4864)
W/System.err( 9638): 	at android.app.ActivityThread.handleBindApplication(ActivityThread.java:4803)
W/System.err( 9638): 	at android.app.ActivityThread.access$1300(ActivityThread.java:151)
W/System.err( 9638): 	at android.app.ActivityThread$H.handleMessage(ActivityThread.java:1397)
W/System.err( 9638): 	at android.os.Handler.dispatchMessage(Handler.java:99)
W/System.err( 9638): 	at android.os.Looper.loop(Looper.java:155)
