D/StatusBar.NetworkController(  840): dumpState[hasService=true ServiceState=0 home 3 3 27202  UMTS CSS not supported -1 -1 RoamInd=-1 DefRoamInd=-1EriInd= -1EriMode= -1RadioPowerSv: false EmergOnly=false PhoneType: 1 IsCdma=false SimState=UNKNOWN GprsState=0 DataState=Disconnected DataActivity=NONE NetworkType=UMTS HtcModemLinkOn=false HspaDataDistinquishable=true]
D/SIGNAL_ICON(  840): updateTelephonySignalStrength
D/SIGNAL_ICON(  840): fakeui srv=0 mTimerEnabled=false asu=6
D/SIGNAL_ICON(  840): asu=6
D/SIGNAL_ICON(  840): SUPPORT_5_LEVEL_SIGNAL
D/SIGNAL_ICON(  840): mapTelephonySignalStrength
D/SIGNAL_ICON(  840): maxLevel=5 asu=6 networkType=UMTS
D/SIGNAL_ICON(  840): return iconLevel=2
D/StatusBar.NetworkController(  840): dumpIconState[dataVisible=false dataIconId=stat_sys_data_connected_hplus signalIconId=stat_sys_5signal_2 wifiVisible=true wifiIconId=stat_sys_wifi_signal_4 airplaneMode=false]
D/PowerManagerService(  584): releaseWakeLock(422cec60): PARTIAL_WAKE_LOCK , tag=RILJ, flags=0x1
D/PowerManagerService(  584): acquireWakeLock(43220d10): PARTIAL_WAKE_LOCK , tag=RILJ, flags=0x1, pid=984, uid=1001, mUserState=0x0
D/PowerManagerService(  584): releaseWakeLock(43220d10): PARTIAL_WAKE_LOCK , tag=RILJ, flags=0x1
D/TELEPHONY_CALLBACK(  840): @onServiceStateChanged: 0 home 3 3 27202  HSPA CSS not supported -1 -1 RoamInd=-1 DefRoamInd=-1EriInd= -1EriMode= -1RadioPowerSv: false EmergOnly=false PhoneType: 1
D/StatusBar.NetworkController(  840): dumpState[hasService=true ServiceState=0 home 3 3 27202  HSPA CSS not supported -1 -1 RoamInd=-1 DefRoamInd=-1EriInd= -1EriMode= -1RadioPowerSv: false EmergOnly=false PhoneType: 1 IsCdma=false SimState=UNKNOWN GprsState=0 DataState=Disconnected DataActivity=NONE NetworkType=UMTS HtcModemLinkOn=false HspaDataDistinquishable=true]
D/SIGNAL_ICON(  840): updateTelephonySignalStrength
D/SIGNAL_ICON(  840): fakeui srv=0 mTimerEnabled=false asu=6
D/SIGNAL_ICON(  840): asu=6
D/SIGNAL_ICON(  840): SUPPORT_5_LEVEL_SIGNAL
D/SIGNAL_ICON(  840): mapTelephonySignalStrength
D/SIGNAL_ICON(  840): maxLevel=5 asu=6 networkType=UMTS
D/SIGNAL_ICON(  840): return iconLevel=2
D/DATA_ICON(  840): updateDataNetType: networkType=UMTS
D/DATA_ICON(  840): updateDataIcon
D/DATA_ICON(  840): NOP
D/StatusBar.NetworkController(  840): dumpIconState[dataVisible=false dataIconId=stat_sys_data_connected_hplus signalIconId=stat_sys_5signal_2 wifiVisible=true wifiIconId=stat_sys_wifi_signal_4 airplaneMode=false]
D/MobileDataStateTracker(  584): default: Broadcast received: ignore android.intent.action.SERVICE_STATE
D/MobileDataStateTracker(  584): mms: Broadcast received: ignore android.intent.action.SERVICE_STATE
I/TelephonyRegistry(  584): notifyDataConnection: state=0 isDataConnectivityPossible=true reason='nwTypeChanged' apn='null' apnType=default networkType=10 roaming=false errorCause=0preConn = []
D/TELEPHONY_CALLBACK(  840): @onDataConnectionStateChanged: dataState=0 networkType=HSPA
D/StatusBar.NetworkController(  840): dumpState[hasService=true ServiceState=0 home 3 3 27202  HSPA CSS not supported -1 -1 RoamInd=-1 DefRoamInd=-1EriInd= -1EriMode= -1RadioPowerSv: false EmergOnly=false PhoneType: 1 IsCdma=false SimState=UNKNOWN GprsState=0 DataState=Disconnected DataActivity=NONE NetworkType=HSPA HtcModemLinkOn=false HspaDataDistinquishable=true]
D/DATA_ICON(  840): updateDataNetType: networkType=HSPA
D/DATA_ICON(  840): updateDataIcon
D/MobileDataStateTracker(  584): supl: Broadcast received: ignore android.intent.action.SERVICE_STATE
D/DATA_ICON(  840): NOP
D/StatusBar.NetworkController(  840): dumpIconState[dataVisible=false dataIconId=stat_sys_data_connected_hplus signalIconId=stat_sys_5signal_2 wifiVisible=true wifiIconId=stat_sys_wifi_signal_4 airplaneMode=false]
D/MobileDataStateTracker(  584): dun: Broadcast received: ignore android.intent.action.SERVICE_STATE
D/PowerManagerService(  584): acquireWakeLock(42dc7ab8): PARTIAL_WAKE_LOCK , tag=RILJ, flags=0x1, pid=984, uid=1001, mUserState=0x0
D/PowerManagerService(  584): releaseWakeLock(42dc7ab8): PARTIAL_WAKE_LOCK , tag=RILJ, flags=0x1
D/MobileDataStateTracker(  584): hipri: Broadcast received: ignore android.intent.action.SERVICE_STATE
D/MobileDataStateTracker(  584): fota: Broadcast received: ignore android.intent.action.SERVICE_STATE
D/MobileDataStateTracker(  584): ims: Broadcast received: ignore android.intent.action.SERVICE_STATE
D/MobileDataStateTracker(  584): null: Broadcast received: ignore android.intent.action.SERVICE_STATE
D/MobileDataStateTracker(  584): httpproxy: Broadcast received: ignore android.intent.action.SERVICE_STATE
D/MobileDataStateTracker(  584): admin: Broadcast received: ignore android.intent.action.SERVICE_STATE
D/MobileDataStateTracker(  584): internet: Broadcast received: ignore android.intent.action.SERVICE_STATE
D/MobileDataStateTracker(  584): null: Broadcast received: ignore android.intent.action.SERVICE_STATE
D/PowerManagerService(  584): acquireWakeLock(42da22c0): PARTIAL_WAKE_LOCK , tag=*net_scheduler*, flags=0x1, pid=1061, uid=10017, mUserState=0x0
D/MobileDataStateTracker(  584): cmmail: Broadcast received: ignore android.intent.action.SERVICE_STATE
D/PowerManagerService(  584): releaseWakeLock(42da22c0): PARTIAL_WAKE_LOCK , tag=*net_scheduler*, flags=0x1
D/MobileDataStateTracker(  584): null: Broadcast received: ignore android.intent.action.SERVICE_STATE
D/MobileDataStateTracker(  584): cmail: Broadcast received: ignore android.intent.action.SERVICE_STATE
D/PowerManagerService(  584): releaseWakeLock(42c55d60): PARTIAL_WAKE_LOCK , tag=NlpWakeLock, flags=0x1
D/MobileDataStateTracker(  584): entitle: Broadcast received: ignore android.intent.action.SERVICE_STATE
D/MobileDataStateTracker(  584): null: Broadcast received: ignore android.intent.action.SERVICE_STATE
D/PowerManagerService(  584): acquireWakeLock(42b74828): PARTIAL_WAKE_LOCK , tag=RILJ, flags=0x1, pid=984, uid=1001, mUserState=0x0
D/MobileDataStateTracker(  584): bip: Broadcast received: ignore android.intent.action.SERVICE_STATE
D/PowerManagerService(  584): releaseWakeLock(42b74828): PARTIAL_WAKE_LOCK , tag=RILJ, flags=0x1
D/MobileDataStateTracker(  584): default: Broadcast received: ACTION_ANY_DATA_CONNECTION_STATE_CHANGED mApnType=default == received apnType=default
D/MobileDataStateTracker(  584): default: Received state=DISCONNECTED, old=DISCONNECTED, reason=nwTypeChanged
D/MobileDataStateTracker(  584): default: mMobileDataState=DISCONNECTED mTeardownRequested=true got [AnyDataCSC] : type=default state=DISCONNECTED reason=nwTypeChanged apn=null roaming=false unavailable=false NetworkType=10 NetworkTypeName=HSPA entitleError=0
D/WifiService(  584): releaseWifiLockLocked: WifiLock{NlpWifiLock type=2 binder=android.os.BinderProxy@432ea1b0}
D/WifiService(  584): updateWifiState(): wifiApEnabled: false, wifiApAirplaneMode: falsegetWifiEnabledState(): 3, getWifiApEnabledState: 11
D/WifiService(  584): updateWifiState(): mAirplaneModeOn.get(): false, mPersistWifiState.get(): 1
D/WifiService(  584): updateWifiState(): mEmergencyCallbackMode: false, mDeviceIdle: false, lockHeld: true, mStopWifiRequested:false
D/WifiService(  584): updateWifiState(): enable and start wifi
D/PowerManagerService(  584): releaseWakeLock(42d8e7f8): PARTIAL_WAKE_LOCK , tag=NlpCollectorWakeLock, flags=0x1
D/PowerManagerService(  584): acquireWakeLock(42e255d8): PARTIAL_WAKE_LOCK , tag=RILJ, flags=0x1, pid=984, uid=1001, mUserState=0x0
D/PowerManagerService(  584): releaseWakeLock(42e255d8): PARTIAL_WAKE_LOCK , tag=RILJ, flags=0x1
D/PowerManagerService(  584): acquireWakeLock(42cecaa0): PARTIAL_WAKE_LOCK , tag=RILJ, flags=0x1, pid=984, uid=1001, mUserState=0x0
D/PowerManagerService(  584): releaseWakeLock(42cecaa0): PARTIAL_WAKE_LOCK , tag=RILJ, flags=0x1
D/WifiService(  584): Got ACTION_UPDATE_WIFI_STATE
D/WifiService(  584): updateWifiState(): wifiApEnabled: false, wifiApAirplaneMode: falsegetWifiEnabledState(): 3, getWifiApEnabledState: 11
D/WifiService(  584): updateWifiState(): mAirplaneModeOn.get(): false, mPersistWifiState.get(): 1
D/WifiService(  584): updateWifiState(): mEmergencyCallbackMode: false, mDeviceIdle: false, lockHeld: true, mStopWifiRequested:false
D/WifiService(  584): updateWifiState(): enable and start wifi
D/PowerManagerService(  584): acquireWakeLock(42f74fa0): PARTIAL_WAKE_LOCK , tag=RILJ, flags=0x1, pid=984, uid=1001, mUserState=0x0
D/PowerManagerService(  584): releaseWakeLock(42f74fa0): PARTIAL_WAKE_LOCK , tag=RILJ, flags=0x1
D/PowerManagerService(  584): releaseWakeLock(42c4e1c0): PARTIAL_WAKE_LOCK , tag=AlarmManager, flags=0x1
D/PowerManagerService(  584): acquireWakeLock(4312ba20): PARTIAL_WAKE_LOCK , tag=SWITCH_NETWORK_MODE_WAKE_LOCK, flags=0x1, pid=917, uid=10014, mUserState=0x0
D/PowerManagerService(  584): releaseWakeLock(4312ba20): PARTIAL_WAKE_LOCK , tag=SWITCH_NETWORK_MODE_WAKE_LOCK, flags=0x1
D/PhoneStatusBar(  840): disable: < expand icons alerts ticker system_info back home recent* clock >
D/PowerManagerService(  584): releaseWakeLock(43275b50): FULL_WAKE_LOCK ACQUIRE_CAUSES_WAKEUP , tag=keyguard, flags=0x1000001a
D/PowerManagerService(  584): acquireWakeLock(430dbe18): PARTIAL_WAKE_LOCK , tag=*net_scheduler*, flags=0x1, pid=1061, uid=10017, mUserState=0x3
D/PowerManagerService(  584): releaseWakeLock(430dbe18): PARTIAL_WAKE_LOCK , tag=*net_scheduler*, flags=0x1
D/PowerManagerService(  584): acquireWakeLock(433e4220): PARTIAL_WAKE_LOCK , tag=IdleScreen:command_15, flags=0x1, pid=912, uid=10102, mUserState=0x3
D/PowerManagerService(  584): acquireWakeLock(42ce9448): PARTIAL_WAKE_LOCK , tag=IdleScreen_base:remote_15, flags=0x1, pid=912, uid=10102, mUserState=0x3
D/PowerManagerService(  584): acquireWakeLock(431a50f0): PARTIAL_WAKE_LOCK , tag=IdleScreen:event_15, flags=0x1, pid=912, uid=10102, mUserState=0x3
D/PowerManagerService(  584): releaseWakeLock(433e4220): PARTIAL_WAKE_LOCK , tag=IdleScreen:command_15, flags=0x1
D/PowerManagerService(  584): releaseWakeLock(431a50f0): PARTIAL_WAKE_LOCK , tag=IdleScreen:event_15, flags=0x1
W/InputMethodManagerService(  584): Window already focused, ignoring focus gain of: com.android.internal.view.IInputMethodClient$Stub$Proxy@42d08f28 attribute=android.view.inputmethod.EditorInfo@42fc9410
D/PowerManagerService(  584): releaseWakeLock(42ce9448): PARTIAL_WAKE_LOCK , tag=IdleScreen_base:remote_15, flags=0x1
D/Socket_Alarm(12375): registerHTCSocketMonitorCallBack
D/Socket_Alarm(12375): set mSocketMonitor
D/Socket_Alarm(12375): HTCSocketMonitorImpl::HTCSocketMonitorImpl
D/PowerManagerService(  584): acquireWakeLock(43189c48): PARTIAL_WAKE_LOCK , tag=AlarmManager, flags=0x1, pid=584, uid=1000, mUserState=0x3
V/AlarmManager(  584): sending alarm PendingIntent{4321bb90: PendingIntentRecord{42e0e820 nz.barees.android.cachesensedemo broadcastIntent}}, intent=null, type=RTC_WAKEUP, count=2378726, when=1427235600000, repeateInterval=600000
V/AlarmManager(  584): sending alarm PendingIntent{42e34da0: PendingIntentRecord{4324c268 nz.barees.android.cachesensedemo broadcastIntent}}, intent=null, type=ELAPSED_REALTIME, count=1, when=14400000, repeateInterval=14400000
I/ActivityManager(  584): Start proc com.google.android.tts for service com.google.android.tts/.service.GoogleTTSService: pid=12555 uid=10039 gids={3003, 1015, 1028}
D/PowerManagerService(  584): acquireWakeLock(4303de40): PARTIAL_WAKE_LOCK , tag=wake:nz.barees.android.cachesensedemo/.WakefulSyncService, flags=0x1, pid=12375, uid=10175, mUserState=0x3
D/PowerManagerService(  584): releaseWakeLock(43189c48): PARTIAL_WAKE_LOCK , tag=AlarmManager, flags=0x1
D/PowerManagerService(  584): acquireWakeLock(4332a388): PARTIAL_WAKE_LOCK , tag=CacheSenseWakelock, flags=0x1, pid=12375, uid=10175, mUserState=0x3
D/PowerManagerService(  584): releaseWakeLock(4303de40): PARTIAL_WAKE_LOCK , tag=wake:nz.barees.android.cachesensedemo/.WakefulSyncService, flags=0x1
D/PowerManagerService(  584): TPE algorithm. remove timeout.
D/PowerManagerService(  584): ALG=2, lsvalue=10(0th)->160(3th), last_level=1, lValue=64->99, bValue=255, kValue=0, mPowerState=0x3, mSkippedScreenOn=false, mInitialAnimation=false, immediate=false
D/PowerManagerService(  584): releaseWakeLock(4332a388): PARTIAL_WAKE_LOCK , tag=CacheSenseWakelock, flags=0x1
D/PowerManagerService(  584): acquireWakeLock(430a4650): PARTIAL_WAKE_LOCK , tag=RILJ, flags=0x1, pid=984, uid=1001, mUserState=0x3
D/PowerManagerService(  584): releaseWakeLock(430a4650): PARTIAL_WAKE_LOCK , tag=RILJ, flags=0x1
D/TELEPHONY_CALLBACK(  840): @onSignalStrengthChanged: SignalStrength: 6 -1 -1 -1 -1 -1 -1 -1 -1 -1 2147483647 -1 gsm|lte
D/StatusBar.NetworkController(  840): dumpState[hasService=true ServiceState=0 home 3 3 27202  HSPA CSS not supported -1 -1 RoamInd=-1 DefRoamInd=-1EriInd= -1EriMode= -1RadioPowerSv: false EmergOnly=false PhoneType: 1 IsCdma=false SimState=UNKNOWN GprsState=0 DataState=Disconnected DataActivity=NONE NetworkType=HSPA HtcModemLinkOn=false HspaDataDistinquishable=true]
D/SIGNAL_ICON(  840): updateTelephonySignalStrength
D/SIGNAL_ICON(  840): fakeui srv=0 mTimerEnabled=false asu=6
D/SIGNAL_ICON(  840): asu=6
D/SIGNAL_ICON(  840): SUPPORT_5_LEVEL_SIGNAL
D/SIGNAL_ICON(  840): mapTelephonySignalStrength
D/SIGNAL_ICON(  840): maxLevel=5 asu=6 networkType=HSPA
D/SIGNAL_ICON(  840): return iconLevel=2
D/StatusBar.NetworkController(  840): dumpIconState[dataVisible=false dataIconId=stat_sys_data_connected_hplus signalIconId=stat_sys_5signal_2 wifiVisible=true wifiIconId=stat_sys_wifi_signal_4 airplaneMode=false]
D/PowerManagerService(  584): acquireWakeLock(430b90a8): PARTIAL_WAKE_LOCK , tag=AlarmManager, flags=0x1, pid=584, uid=1000, mUserState=0x3
V/AlarmManager(  584): sending alarm PendingIntent{432111a8: PendingIntentRecord{4343af78 com.google.android.gms startService}}, intent=null, type=RTC_WAKEUP, count=1, when=1427235108579, repeateInterval=0
D/PowerManagerService(  584): releaseWakeLock(430b90a8): PARTIAL_WAKE_LOCK , tag=AlarmManager, flags=0x1
W/CpuWake (  584): >>nativeAcquireCpuPerfWakeLock()
W/CpuWake (  584): <<nativeAcquireCpuPerfWakeLock()
I/ActivityManager(  584): START {act=android.intent.action.MAIN cat=[android.intent.category.HOME] flg=0x10200000 cmp=com.htc.launcher/.Launcher u=0} from pid 584
D/PowerManagerService(  584): acquireWakeLock(42e77490): PARTIAL_WAKE_LOCK , tag=RILJ, flags=0x1, pid=984, uid=1001, mUserState=0x3
D/TELEPHONY_CALLBACK(  840): @onServiceStateChanged: 0 home 3 3 27202  UMTS CSS not supported -1 -1 RoamInd=-1 DefRoamInd=-1EriInd= -1EriMode= -1RadioPowerSv: false EmergOnly=false PhoneType: 1
D/StatusBar.NetworkController(  840): dumpState[hasService=true ServiceState=0 home 3 3 27202  UMTS CSS not supported -1 -1 RoamInd=-1 DefRoamInd=-1EriInd= -1EriMode= -1RadioPowerSv: false EmergOnly=false PhoneType: 1 IsCdma=false SimState=UNKNOWN GprsState=0 DataState=Disconnected DataActivity=NONE NetworkType=HSPA HtcModemLinkOn=false HspaDataDistinquishable=true]
D/SIGNAL_ICON(  840): updateTelephonySignalStrength
D/SIGNAL_ICON(  840): fakeui srv=0 mTimerEnabled=false asu=6
D/SIGNAL_ICON(  840): asu=6
D/SIGNAL_ICON(  840): SUPPORT_5_LEVEL_SIGNAL
D/SIGNAL_ICON(  840): mapTelephonySignalStrength
D/SIGNAL_ICON(  840): maxLevel=5 asu=6 networkType=HSPA
D/SIGNAL_ICON(  840): return iconLevel=2
D/DATA_ICON(  840): updateDataNetType: networkType=HSPA
D/DATA_ICON(  840): updateDataIcon
D/DATA_ICON(  840): NOP
D/StatusBar.NetworkController(  840): dumpIconState[dataVisible=false dataIconId=stat_sys_data_connected_hplus signalIconId=stat_sys_5signal_2 wifiVisible=true wifiIconId=stat_sys_wifi_signal_4 airplaneMode=false]
D/MobileDataStateTracker(  584): default: Broadcast received: ignore android.intent.action.SERVICE_STATE
I/TelephonyRegistry(  584): notifyDataConnection: state=0 isDataConnectivityPossible=true reason='nwTypeChanged' apn='null' apnType=default networkType=3 roaming=false errorCause=0preConn = []
D/PowerManagerService(  584): releaseWakeLock(42e77490): PARTIAL_WAKE_LOCK , tag=RILJ, flags=0x1
D/TELEPHONY_CALLBACK(  840): @onDataConnectionStateChanged: dataState=0 networkType=UMTS
D/MobileDataStateTracker(  584): mms: Broadcast received: ignore android.intent.action.SERVICE_STATE
D/StatusBar.NetworkController(  840): dumpState[hasService=true ServiceState=0 home 3 3 27202  UMTS CSS not supported -1 -1 RoamInd=-1 DefRoamInd=-1EriInd= -1EriMode= -1RadioPowerSv: false EmergOnly=false PhoneType: 1 IsCdma=false SimState=UNKNOWN GprsState=0 DataState=Disconnected DataActivity=NONE NetworkType=UMTS HtcModemLinkOn=false HspaDataDistinquishable=true]
D/DATA_ICON(  840): updateDataNetType: networkType=UMTS
D/DATA_ICON(  840): updateDataIcon
D/PowerManagerService(  584): acquireWakeLock(42d99ee0): PARTIAL_WAKE_LOCK , tag=RILJ, flags=0x1, pid=984, uid=1001, mUserState=0x3
D/MobileDataStateTracker(  584): supl: Broadcast received: ignore android.intent.action.SERVICE_STATE
D/DATA_ICON(  840): NOP
D/StatusBar.NetworkController(  840): dumpIconState[dataVisible=false dataIconId=stat_sys_data_connected_hplus signalIconId=stat_sys_5signal_2 wifiVisible=true wifiIconId=stat_sys_wifi_signal_4 airplaneMode=false]
D/PowerManagerService(  584): releaseWakeLock(42d99ee0): PARTIAL_WAKE_LOCK , tag=RILJ, flags=0x1
D/MobileDataStateTracker(  584): dun: Broadcast received: ignore android.intent.action.SERVICE_STATE
D/MobileDataStateTracker(  584): hipri: Broadcast received: ignore android.intent.action.SERVICE_STATE
D/PowerManagerService(  584): acquireWakeLock(42f74b00): PARTIAL_WAKE_LOCK , tag=RILJ, flags=0x1, pid=984, uid=1001, mUserState=0x3
D/PowerManagerService(  584): releaseWakeLock(42f74b00): PARTIAL_WAKE_LOCK , tag=RILJ, flags=0x1
D/MobileDataStateTracker(  584): fota: Broadcast received: ignore android.intent.action.SERVICE_STATE
D/MobileDataStateTracker(  584): ims: Broadcast received: ignore android.intent.action.SERVICE_STATE
D/MobileDataStateTracker(  584): null: Broadcast received: ignore android.intent.action.SERVICE_STATE
D/MobileDataStateTracker(  584): httpproxy: Broadcast received: ignore android.intent.action.SERVICE_STATE
D/MobileDataStateTracker(  584): admin: Broadcast received: ignore android.intent.action.SERVICE_STATE
D/MobileDataStateTracker(  584): internet: Broadcast received: ignore android.intent.action.SERVICE_STATE
D/MobileDataStateTracker(  584): null: Broadcast received: ignore android.intent.action.SERVICE_STATE
D/MobileDataStateTracker(  584): cmmail: Broadcast received: ignore android.intent.action.SERVICE_STATE
D/MobileDataStateTracker(  584): null: Broadcast received: ignore android.intent.action.SERVICE_STATE
D/MobileDataStateTracker(  584): cmail: Broadcast received: ignore android.intent.action.SERVICE_STATE
D/MobileDataStateTracker(  584): entitle: Broadcast received: ignore android.intent.action.SERVICE_STATE
D/PowerManagerService(  584): acquireWakeLock(430b6ea8): PARTIAL_WAKE_LOCK , tag=SWITCH_NETWORK_MODE_WAKE_LOCK, flags=0x1, pid=917, uid=10014, mUserState=0x3
D/MobileDataStateTracker(  584): null: Broadcast received: ignore android.intent.action.SERVICE_STATE
D/PowerManagerService(  584): acquireWakeLock(42e0ec08): PARTIAL_WAKE_LOCK , tag=RILJ, flags=0x1, pid=984, uid=1001, mUserState=0x3
D/MobileDataStateTracker(  584): bip: Broadcast received: ignore android.intent.action.SERVICE_STATE
D/PowerManagerService(  584): releaseWakeLock(42e0ec08): PARTIAL_WAKE_LOCK , tag=RILJ, flags=0x1
D/MobileDataStateTracker(  584): default: Broadcast received: ACTION_ANY_DATA_CONNECTION_STATE_CHANGED mApnType=default == received apnType=default
D/MobileDataStateTracker(  584): default: Received state=DISCONNECTED, old=DISCONNECTED, reason=nwTypeChanged
D/MobileDataStateTracker(  584): default: mMobileDataState=DISCONNECTED mTeardownRequested=true got [AnyDataCSC] : type=default state=DISCONNECTED reason=nwTypeChanged apn=null roaming=false unavailable=false NetworkType=3 NetworkTypeName=UMTS entitleError=0
D/PowerManagerService(  584): releaseWakeLock(430b6ea8): PARTIAL_WAKE_LOCK , tag=SWITCH_NETWORK_MODE_WAKE_LOCK, flags=0x1
D/PowerManagerService(  584): acquireWakeLock(43354818): PARTIAL_WAKE_LOCK , tag=RILJ, flags=0x1, pid=984, uid=1001, mUserState=0x3
D/PowerManagerService(  584): releaseWakeLock(43354818): PARTIAL_WAKE_LOCK , tag=RILJ, flags=0x1
V/LocationManagerService(  584): In requestLocationUpdates. provider networkminTime: 1000single shot: false Listener: android.location.ILocationListener$Stub$Proxy@43168038
V/LocationManagerService(  584): In requestLocationUpdatesLocked. provider: network requiredPermissions: android.permission.ACCESS_COARSE_LOCATION
I/LocationManagerService(  584): request network (pid 917) 1000 1000
V/LocationManagerService(  584): [LGPS] _requestLocationUpdates: enableLocationTracking(true)
D/LocationManagerService(  584): _requestLocationUpdates: provider = network listener = Receiver{43138888 Listener android.os.BinderProxy@4309aec0}mUpdateRecords: {network=UpdateRecord{43094848 mProvider: network mUid: 10014}}
D/PowerManagerService(  584): acquireWakeLock(42da4910): PARTIAL_WAKE_LOCK , tag=NetworkLocationLocator, flags=0x1, pid=1061, uid=10017, mUserState=0x3
D/WifiService(  584): acquireWifiLockLocked: WifiLock{NetworkLocationLocator type=2 binder=android.os.BinderProxy@42e5f4c8}
D/WifiService(  584): updateWifiState(): wifiApEnabled: false, wifiApAirplaneMode: falsegetWifiEnabledState(): 3, getWifiApEnabledState: 11
D/WifiService(  584): updateWifiState(): mAirplaneModeOn.get(): false, mPersistWifiState.get(): 1
D/WifiService(  584): updateWifiState(): mEmergencyCallbackMode: false, mDeviceIdle: false, lockHeld: true, mStopWifiRequested:false
D/WifiService(  584): updateWifiState(): enable and start wifi
D/PowerManagerService(  584): acquireWakeLock(43114878): PARTIAL_WAKE_LOCK , tag=RILJ, flags=0x1, pid=984, uid=1001, mUserState=0x3
D/PowerManagerService(  584): releaseWakeLock(43114878): PARTIAL_WAKE_LOCK , tag=RILJ, flags=0x1
D/WifiStateMachine(  584): fetchRssiAndLinkSpeedNative send RSSIChange intent, SameSignalLevelCount =1
D/WIFI_ICON(  840): updateWifiState: action=android.net.wifi.RSSI_CHANGED newRssi=-42 freq=2412 newLevel=3 lastWifiLevel=3
D/StatusBar.NetworkController(  840): dumpIconState[dataVisible=false dataIconId=stat_sys_data_connected_hplus signalIconId=stat_sys_5signal_2 wifiVisible=true wifiIconId=stat_sys_wifi_signal_4 airplaneMode=false]
D/PowerManagerService(  584): acquireWakeLock(42d92138): PARTIAL_WAKE_LOCK , tag=RILJ, flags=0x1, pid=984, uid=1001, mUserState=0x3
D/PowerManagerService(  584): releaseWakeLock(42d92138): PARTIAL_WAKE_LOCK , tag=RILJ, flags=0x1
D/PowerManagerService(  584): acquireWakeLock(43134900): PARTIAL_WAKE_LOCK , tag=RILJ, flags=0x1, pid=984, uid=1001, mUserState=0x3
D/PowerManagerService(  584): releaseWakeLock(43134900): PARTIAL_WAKE_LOCK , tag=RILJ, flags=0x1
D/PowerManagerService(  584): acquireWakeLock(431df178): PARTIAL_WAKE_LOCK , tag=RILJ, flags=0x1, pid=984, uid=1001, mUserState=0x3
D/PowerManagerService(  584): releaseWakeLock(431df178): PARTIAL_WAKE_LOCK , tag=RILJ, flags=0x1
W/CpuWake (  584): >>nativeReleaseCpuPerfWakeLock()
W/CpuWake (  584): <<nativeReleaseCpuPerfWakeLock()
D/WifiService(  584): releaseWifiLockLocked: WifiLock{NetworkLocationLocator type=2 binder=android.os.BinderProxy@42e5f4c8}
D/WifiService(  584): updateWifiState(): wifiApEnabled: false, wifiApAirplaneMode: falsegetWifiEnabledState(): 3, getWifiApEnabledState: 11
D/WifiService(  584): updateWifiState(): mAirplaneModeOn.get(): false, mPersistWifiState.get(): 1
D/WifiService(  584): updateWifiState(): mEmergencyCallbackMode: false, mDeviceIdle: false, lockHeld: true, mStopWifiRequested:false
D/WifiService(  584): updateWifiState(): enable and start wifi
D/PowerManagerService(  584): releaseWakeLock(42da4910): PARTIAL_WAKE_LOCK , tag=NetworkLocationLocator, flags=0x1
D/PowerManagerService(  584): acquireWakeLock(433d1e08): PARTIAL_WAKE_LOCK , tag=GpsLocationProvider, flags=0x1, pid=584, uid=1000, mUserState=0x3
V/LocationManagerService(  584): In handleLocationChangedLocked.For provider: network
D/QMI_FW  (  584): QCCI: QMI_CCI_TX: cntl_flag - 00, txn_id - 0030, msg_id - 0039, msg_len - 0021
D/QMI_FW  (  584): QCCI: Sent[254]: 40 bytes to port 2816
D/PowerManagerService(  584): releaseWakeLock(433d1e08): PARTIAL_WAKE_LOCK , tag=GpsLocationProvider, flags=0x1
D/QMI_FW  (  584): QCCI: reader_thread: Received 14 bytes from 254
D/QMI_FW  (  584): QCCI: QMI_CCI_RX: cntl_flag - 02, txn_id - 0030, msg_id - 0039, msg_len - 0007
D/QMI_FW  (  584): QCCI: reader_thread: Received 14 bytes from 254
D/QMI_FW  (  584): QCCI: QMI_CCI_RX: cntl_flag - 04, txn_id - 0000, msg_id - 0039, msg_len - 0007
D/PowerManagerService(  584): acquireWakeLock(42c72090): PARTIAL_WAKE_LOCK , tag=LocationManagerService, flags=0x1, pid=584, uid=1000, mUserState=0x3
V/LocationManagerService(  584): In handleLocationChangedLocked.For provider: passive
D/PowerManagerService(  584): releaseWakeLock(42c72090): PARTIAL_WAKE_LOCK , tag=LocationManagerService, flags=0x1
D/PowerManagerService(  584): acquireWakeLock(42e0d968): PARTIAL_WAKE_LOCK , tag=LocationManagerService, flags=0x1, pid=584, uid=1000, mUserState=0x3
D/PowerManagerService(  584): releaseWakeLock(42e0d968): PARTIAL_WAKE_LOCK , tag=LocationManagerService, flags=0x1
D/PowerManagerService(  584): acquireWakeLock(4310ade8): PARTIAL_WAKE_LOCK , tag=LocationManagerService, flags=0x1, pid=584, uid=1000, mUserState=0x3
D/PowerManagerService(  584): releaseWakeLock(4310ade8): PARTIAL_WAKE_LOCK , tag=LocationManagerService, flags=0x1
D/PowerManagerService(  584): acquireWakeLock(42e289e8): PARTIAL_WAKE_LOCK , tag=RILJ, flags=0x1, pid=984, uid=1001, mUserState=0x3
D/PowerManagerService(  584): releaseWakeLock(42e289e8): PARTIAL_WAKE_LOCK , tag=RILJ, flags=0x1
D/TELEPHONY_CALLBACK(  840): @onServiceStateChanged: 0 home 3 3 27202  HSPA CSS not supported -1 -1 RoamInd=-1 DefRoamInd=-1EriInd= -1EriMode= -1RadioPowerSv: false EmergOnly=false PhoneType: 1
D/StatusBar.NetworkController(  840): dumpState[hasService=true ServiceState=0 home 3 3 27202  HSPA CSS not supported -1 -1 RoamInd=-1 DefRoamInd=-1EriInd= -1EriMode= -1RadioPowerSv: false EmergOnly=false PhoneType: 1 IsCdma=false SimState=UNKNOWN GprsState=0 DataState=Disconnected DataActivity=NONE NetworkType=UMTS HtcModemLinkOn=false HspaDataDistinquishable=true]
D/SIGNAL_ICON(  840): updateTelephonySignalStrength
D/SIGNAL_ICON(  840): fakeui srv=0 mTimerEnabled=false asu=6
D/SIGNAL_ICON(  840): asu=6
D/SIGNAL_ICON(  840): SUPPORT_5_LEVEL_SIGNAL
D/SIGNAL_ICON(  840): mapTelephonySignalStrength
D/SIGNAL_ICON(  840): maxLevel=5 asu=6 networkType=UMTS
D/SIGNAL_ICON(  840): return iconLevel=2
D/DATA_ICON(  840): updateDataNetType: networkType=UMTS
D/DATA_ICON(  840): updateDataIcon
D/DATA_ICON(  840): NOP
D/StatusBar.NetworkController(  840): dumpIconState[dataVisible=false dataIconId=stat_sys_data_connected_hplus signalIconId=stat_sys_5signal_2 wifiVisible=true wifiIconId=stat_sys_wifi_signal_4 airplaneMode=false]
D/PowerManagerService(  584): acquireWakeLock(43342418): PARTIAL_WAKE_LOCK , tag=LocationManagerService, flags=0x1, pid=584, uid=1000, mUserState=0x3
D/MobileDataStateTracker(  584): default: Broadcast received: ignore android.intent.action.SERVICE_STATE
I/TelephonyRegistry(  584): notifyDataConnection: state=0 isDataConnectivityPossible=true reason='nwTypeChanged' apn='null' apnType=default networkType=10 roaming=false errorCause=0preConn = []
D/TELEPHONY_CALLBACK(  840): @onDataConnectionStateChanged: dataState=0 networkType=HSPA
D/MobileDataStateTracker(  584): mms: Broadcast received: ignore android.intent.action.SERVICE_STATE
D/StatusBar.NetworkController(  840): dumpState[hasService=true ServiceState=0 home 3 3 27202  HSPA CSS not supported -1 -1 RoamInd=-1 DefRoamInd=-1EriInd= -1EriMode= -1RadioPowerSv: false EmergOnly=false PhoneType: 1 IsCdma=false SimState=UNKNOWN GprsState=0 DataState=Disconnected DataActivity=NONE NetworkType=HSPA HtcModemLinkOn=false HspaDataDistinquishable=true]
D/DATA_ICON(  840): updateDataNetType: networkType=HSPA
D/DATA_ICON(  840): updateDataIcon
D/PowerManagerService(  584): acquireWakeLock(43258710): PARTIAL_WAKE_LOCK , tag=RILJ, flags=0x1, pid=984, uid=1001, mUserState=0x3
D/MobileDataStateTracker(  584): supl: Broadcast received: ignore android.intent.action.SERVICE_STATE
D/DATA_ICON(  840): NOP
D/StatusBar.NetworkController(  840): dumpIconState[dataVisible=false dataIconId=stat_sys_data_connected_hplus signalIconId=stat_sys_5signal_2 wifiVisible=true wifiIconId=stat_sys_wifi_signal_4 airplaneMode=false]
D/MobileDataStateTracker(  584): dun: Broadcast received: ignore android.intent.action.SERVICE_STATE
D/MobileDataStateTracker(  584): hipri: Broadcast received: ignore android.intent.action.SERVICE_STATE
D/MobileDataStateTracker(  584): fota: Broadcast received: ignore android.intent.action.SERVICE_STATE
D/PowerManagerService(  584): releaseWakeLock(43258710): PARTIAL_WAKE_LOCK , tag=RILJ, flags=0x1
D/PowerManagerService(  584): acquireWakeLock(43245be8): PARTIAL_WAKE_LOCK , tag=SWITCH_NETWORK_MODE_WAKE_LOCK, flags=0x1, pid=917, uid=10014, mUserState=0x3
D/MobileDataStateTracker(  584): ims: Broadcast received: ignore android.intent.action.SERVICE_STATE
D/PowerManagerService(  584): releaseWakeLock(43342418): PARTIAL_WAKE_LOCK , tag=LocationManagerService, flags=0x1
D/MobileDataStateTracker(  584): null: Broadcast received: ignore android.intent.action.SERVICE_STATE
D/MobileDataStateTracker(  584): httpproxy: Broadcast received: ignore android.intent.action.SERVICE_STATE
D/MobileDataStateTracker(  584): admin: Broadcast received: ignore android.intent.action.SERVICE_STATE
D/MobileDataStateTracker(  584): internet: Broadcast received: ignore android.intent.action.SERVICE_STATE
D/PowerManagerService(  584): acquireWakeLock(42c631c8): PARTIAL_WAKE_LOCK , tag=RILJ, flags=0x1, pid=984, uid=1001, mUserState=0x3
D/MobileDataStateTracker(  584): null: Broadcast received: ignore android.intent.action.SERVICE_STATE
D/MobileDataStateTracker(  584): cmmail: Broadcast received: ignore android.intent.action.SERVICE_STATE
D/MobileDataStateTracker(  584): null: Broadcast received: ignore android.intent.action.SERVICE_STATE
D/MobileDataStateTracker(  584): cmail: Broadcast received: ignore android.intent.action.SERVICE_STATE
D/PowerManagerService(  584): releaseWakeLock(42c631c8): PARTIAL_WAKE_LOCK , tag=RILJ, flags=0x1
D/MobileDataStateTracker(  584): entitle: Broadcast received: ignore android.intent.action.SERVICE_STATE
D/MobileDataStateTracker(  584): null: Broadcast received: ignore android.intent.action.SERVICE_STATE
D/MobileDataStateTracker(  584): bip: Broadcast received: ignore android.intent.action.SERVICE_STATE
D/MobileDataStateTracker(  584): default: Broadcast received: ACTION_ANY_DATA_CONNECTION_STATE_CHANGED mApnType=default == received apnType=default
D/MobileDataStateTracker(  584): default: Received state=DISCONNECTED, old=DISCONNECTED, reason=nwTypeChanged
D/MobileDataStateTracker(  584): default: mMobileDataState=DISCONNECTED mTeardownRequested=true got [AnyDataCSC] : type=default state=DISCONNECTED reason=nwTypeChanged apn=null roaming=false unavailable=false NetworkType=10 NetworkTypeName=HSPA entitleError=0
D/PowerManagerService(  584): releaseWakeLock(43245be8): PARTIAL_WAKE_LOCK , tag=SWITCH_NETWORK_MODE_WAKE_LOCK, flags=0x1
W/CpuWake (  584): >>nativeAcquireCpuPerfWakeLock()
W/CpuWake (  584): <<nativeAcquireCpuPerfWakeLock()
I/ActivityManager(  584): START {flg=0x10c00000 cmp=com.android.systemui/.recent.RecentAppFxActivity u=0} from pid 840
D/PowerManagerService(  584): acquireWakeLock(432b5da8): PARTIAL_WAKE_LOCK , tag=ActivityManager-Launch, flags=0x1, pid=584, uid=1000, mUserState=0x3
V/InputMethodManagerService(  584): unbindCurrentInputLocked: client = android.os.BinderProxy@431374e0
I/InputMethodManagerService(  584): Disable input method client.
V/InputMethodManagerService(  584): switching to client: client = android.os.BinderProxy@42fb1690
I/InputMethodManagerService(  584): Enable input method client.
D/TELEPHONY_CALLBACK(  840): @onSignalStrengthChanged: SignalStrength: 6 -1 -1 -1 -1 -1 -1 -1 -1 -1 2147483647 -1 gsm|lte
D/StatusBar.NetworkController(  840): dumpState[hasService=true ServiceState=0 home 3 3 27202  HSPA CSS not supported -1 -1 RoamInd=-1 DefRoamInd=-1EriInd= -1EriMode= -1RadioPowerSv: false EmergOnly=false PhoneType: 1 IsCdma=false SimState=UNKNOWN GprsState=0 DataState=Disconnected DataActivity=NONE NetworkType=HSPA HtcModemLinkOn=false HspaDataDistinquishable=true]
D/SIGNAL_ICON(  840): updateTelephonySignalStrength
D/SIGNAL_ICON(  840): fakeui srv=0 mTimerEnabled=false asu=6
D/SIGNAL_ICON(  840): asu=6
D/SIGNAL_ICON(  840): SUPPORT_5_LEVEL_SIGNAL
D/SIGNAL_ICON(  840): mapTelephonySignalStrength
D/SIGNAL_ICON(  840): maxLevel=5 asu=6 networkType=HSPA
D/SIGNAL_ICON(  840): return iconLevel=2
D/StatusBar.NetworkController(  840): dumpIconState[dataVisible=false dataIconId=stat_sys_data_connected_hplus signalIconId=stat_sys_5signal_2 wifiVisible=true wifiIconId=stat_sys_wifi_signal_4 airplaneMode=false]
D/PowerManagerService(  584): releaseWakeLock(432b5da8): PARTIAL_WAKE_LOCK , tag=ActivityManager-Launch, flags=0x1
W/CpuWake (  584): >>nativeReleaseCpuPerfWakeLock()
W/CpuWake (  584): <<nativeReleaseCpuPerfWakeLock()
D/WifiStateMachine(  584): fetchRssiAndLinkSpeedNative send RSSIChange intent, SameSignalLevelCount =2
D/WIFI_ICON(  840): updateWifiState: action=android.net.wifi.RSSI_CHANGED newRssi=-42 freq=2412 newLevel=3 lastWifiLevel=3
D/StatusBar.NetworkController(  840): dumpIconState[dataVisible=false dataIconId=stat_sys_data_connected_hplus signalIconId=stat_sys_5signal_2 wifiVisible=true wifiIconId=stat_sys_wifi_signal_4 airplaneMode=false]
D/PowerManagerService(  584): acquireWakeLock(433e7040): CPU_MIN_NUM , tag=mode10, flags=0x400, pid=840, uid=10216, mUserState=0x3
D/PowerManagerService(  584): acquireWakeLock(433b6668): CPU_MIN_FREQ , tag=mode10, flags=0x100, pid=840, uid=10216, mUserState=0x3
D/PowerManagerService(  584): releaseWakeLock(433e7040): CPU_MIN_NUM , tag=mode10, flags=0x400
D/PowerManagerService(  584): releaseWakeLock(433b6668): CPU_MIN_FREQ , tag=mode10, flags=0x100
D/PowerManagerService(  584): acquireWakeLock(432761f8): CPU_MIN_NUM , tag=mode10, flags=0x400, pid=840, uid=10216, mUserState=0x3
D/PowerManagerService(  584): acquireWakeLock(43239b00): CPU_MIN_FREQ , tag=mode10, flags=0x100, pid=840, uid=10216, mUserState=0x3
D/PowerManagerService(  584): releaseWakeLock(432761f8): CPU_MIN_NUM , tag=mode10, flags=0x400
D/PowerManagerService(  584): releaseWakeLock(43239b00): CPU_MIN_FREQ , tag=mode10, flags=0x100
D/TELEPHONY_CALLBACK(  840): @onSignalStrengthChanged: SignalStrength: 6 -1 -1 -1 -1 -1 -1 -1 -1 -1 2147483647 -1 gsm|lte
D/StatusBar.NetworkController(  840): dumpState[hasService=true ServiceState=0 home 3 3 27202  HSPA CSS not supported -1 -1 RoamInd=-1 DefRoamInd=-1EriInd= -1EriMode= -1RadioPowerSv: false EmergOnly=false PhoneType: 1 IsCdma=false SimState=UNKNOWN GprsState=0 DataState=Disconnected DataActivity=NONE NetworkType=HSPA HtcModemLinkOn=false HspaDataDistinquishable=true]
D/SIGNAL_ICON(  840): updateTelephonySignalStrength
D/SIGNAL_ICON(  840): fakeui srv=0 mTimerEnabled=false asu=6
D/SIGNAL_ICON(  840): asu=6
D/SIGNAL_ICON(  840): SUPPORT_5_LEVEL_SIGNAL
D/SIGNAL_ICON(  840): mapTelephonySignalStrength
D/SIGNAL_ICON(  840): maxLevel=5 asu=6 networkType=HSPA
D/SIGNAL_ICON(  840): return iconLevel=2
D/StatusBar.NetworkController(  840): dumpIconState[dataVisible=false dataIconId=stat_sys_data_connected_hplus signalIconId=stat_sys_5signal_2 wifiVisible=true wifiIconId=stat_sys_wifi_signal_4 airplaneMode=false]
D/PowerManagerService(  584): acquireWakeLock(431eec08): CPU_MIN_NUM , tag=mode10, flags=0x400, pid=840, uid=10216, mUserState=0x3
D/PowerManagerService(  584): acquireWakeLock(431ee3e0): CPU_MIN_FREQ , tag=mode10, flags=0x100, pid=840, uid=10216, mUserState=0x3
D/PowerManagerService(  584): releaseWakeLock(431eec08): CPU_MIN_NUM , tag=mode10, flags=0x400
D/PowerManagerService(  584): releaseWakeLock(431ee3e0): CPU_MIN_FREQ , tag=mode10, flags=0x100
D/PowerManagerService(  584): acquireWakeLock(43005d90): PARTIAL_WAKE_LOCK , tag=ActivityManager-Launch, flags=0x1, pid=584, uid=1000, mUserState=0x3
I/ActivityManager(  584): Start proc com.rhmsoft.fm for activity com.rhmsoft.fm/.FileManager: pid=12613 uid=10220 gids={3003, 1015, 1028}
I/ActivityManager(  584): Recipient 11574
I/ActivityManager(  584): Process com.android.settings (pid 11574) has died.
V/InputMethodManagerService(  584): unbindCurrentInputLocked: client = android.os.BinderProxy@42fb1690
I/InputMethodManagerService(  584): Disable input method client.
V/InputMethodManagerService(  584): switching to client: client = android.os.BinderProxy@42c2fa90
I/InputMethodManagerService(  584): Enable input method client.
I/ActivityManager(  584): Recipient 11960
I/ActivityManager(  584): Process com.rhmsoft.fm:crash.feedback (pid 11960) has died.
D/PowerManagerService(  584): releaseWakeLock(43005d90): PARTIAL_WAKE_LOCK , tag=ActivityManager-Launch, flags=0x1
W/PowerManagerService(  584): Can not get flags by lock
D/PowerManagerService(  584): acquireWakeLock(42b78be8): PARTIAL_WAKE_LOCK , tag=AlarmManager, flags=0x1, pid=584, uid=1000, mUserState=0x3
V/AlarmManager(  584): sending alarm PendingIntent{430152a8: PendingIntentRecord{430a21e0 com.android.phone broadcastIntent}}, intent=com.android.internal.telephony.gprs-data-stall, type=ELAPSED_REALTIME, count=1, when=5702298, repeateInterval=0
D/PowerManagerService(  584): releaseWakeLock(42b78be8): PARTIAL_WAKE_LOCK , tag=AlarmManager, flags=0x1
D/PowerManagerService(  584): acquireWakeLock(42bb2fd8): PARTIAL_WAKE_LOCK , tag=AlarmManager, flags=0x1, pid=584, uid=1000, mUserState=0x3
V/AlarmManager(  584): sending alarm PendingIntent{429db508: PendingIntentRecord{42d0af18 android broadcastIntent}}, intent=android.intent.action.TIME_TICK, type=RTC, count=1, when=1427235120000, repeateInterval=0
D/PowerManagerService(  584): releaseWakeLock(42bb2fd8): PARTIAL_WAKE_LOCK , tag=AlarmManager, flags=0x1
D/PowerManagerService(  584): acquireWakeLock(4309ade0): CPU_MIN_FREQ , tag=AbsListViewScroll_5.0, flags=0x100, pid=12613, uid=10220, mUserState=0x3
D/PowerManagerService(  584): acquireWakeLock(4303cd88): CPU_MIN_NUM , tag=AbsListViewScroll_5.0, flags=0x400, pid=12613, uid=10220, mUserState=0x3
D/PowerManagerService(  584): releaseWakeLock(4309ade0): CPU_MIN_FREQ , tag=AbsListViewScroll_5.0, flags=0x100
D/PowerManagerService(  584): releaseWakeLock(4303cd88): CPU_MIN_NUM , tag=AbsListViewScroll_5.0, flags=0x400
D/PowerManagerService(  584): acquireWakeLock(430754a0): CPU_MIN_FREQ , tag=AbsListViewScroll_5.0, flags=0x100, pid=12613, uid=10220, mUserState=0x3
D/PowerManagerService(  584): acquireWakeLock(43014438): CPU_MIN_NUM , tag=AbsListViewScroll_5.0, flags=0x400, pid=12613, uid=10220, mUserState=0x3
W/PackageParser(12613): No actions in intent filter at /storage/sdcard0/Download/GiftMe-release.apk Binary XML file line #33
D/PowerManagerService(  584): releaseWakeLock(430754a0): CPU_MIN_FREQ , tag=AbsListViewScroll_5.0, flags=0x100
D/PowerManagerService(  584): releaseWakeLock(43014438): CPU_MIN_NUM , tag=AbsListViewScroll_5.0, flags=0x400
D/TELEPHONY_CALLBACK(  840): @onSignalStrengthChanged: SignalStrength: 6 -1 -1 -1 -1 -1 -1 -1 -1 -1 2147483647 -1 gsm|lte
D/StatusBar.NetworkController(  840): dumpState[hasService=true ServiceState=0 home 3 3 27202  HSPA CSS not supported -1 -1 RoamInd=-1 DefRoamInd=-1EriInd= -1EriMode= -1RadioPowerSv: false EmergOnly=false PhoneType: 1 IsCdma=false SimState=UNKNOWN GprsState=0 DataState=Disconnected DataActivity=NONE NetworkType=HSPA HtcModemLinkOn=false HspaDataDistinquishable=true]
D/SIGNAL_ICON(  840): updateTelephonySignalStrength
D/SIGNAL_ICON(  840): fakeui srv=0 mTimerEnabled=false asu=6
D/SIGNAL_ICON(  840): asu=6
D/SIGNAL_ICON(  840): SUPPORT_5_LEVEL_SIGNAL
D/SIGNAL_ICON(  840): mapTelephonySignalStrength
D/SIGNAL_ICON(  840): maxLevel=5 asu=6 networkType=HSPA
D/SIGNAL_ICON(  840): return iconLevel=2
D/StatusBar.NetworkController(  840): dumpIconState[dataVisible=false dataIconId=stat_sys_data_connected_hplus signalIconId=stat_sys_5signal_2 wifiVisible=true wifiIconId=stat_sys_wifi_signal_4 airplaneMode=false]
W/CpuWake (  584): >>nativeAcquireCpuPerfWakeLock()
W/CpuWake (  584): <<nativeAcquireCpuPerfWakeLock()
I/ActivityManager(  584): START {act=android.intent.action.VIEW cat=[android.intent.category.DEFAULT] dat=file typ=application/vnd.android.package-archive flg=0x10000 cmp=android/com.android.internal.app.ResolverActivity u=0} from pid 12613
D/PowerManagerService(  584): acquireWakeLock(42bc8b60): PARTIAL_WAKE_LOCK , tag=ActivityManager-Launch, flags=0x1, pid=584, uid=1000, mUserState=0x3
D/PowerManagerService(  584): releaseWakeLock(42bc8b60): PARTIAL_WAKE_LOCK , tag=ActivityManager-Launch, flags=0x1
W/CpuWake (  584): >>nativeReleaseCpuPerfWakeLock()
W/CpuWake (  584): <<nativeReleaseCpuPerfWakeLock()
D/PowerManagerService(  584): acquireWakeLock(430514b8): CPU_MIN_FREQ , tag=AbsListViewScroll_5.0, flags=0x100, pid=584, uid=1000, mUserState=0x3
D/PowerManagerService(  584): acquireWakeLock(42fdeaa0): CPU_MIN_NUM , tag=AbsListViewScroll_5.0, flags=0x400, pid=584, uid=1000, mUserState=0x3
D/PowerManagerService(  584): releaseWakeLock(430514b8): CPU_MIN_FREQ , tag=AbsListViewScroll_5.0, flags=0x100
D/PowerManagerService(  584): releaseWakeLock(42fdeaa0): CPU_MIN_NUM , tag=AbsListViewScroll_5.0, flags=0x400
W/CpuWake (  584): >>nativeAcquireCpuPerfWakeLock()
W/CpuWake (  584): <<nativeAcquireCpuPerfWakeLock()
I/ActivityManager(  584): START {act=android.intent.action.VIEW cat=[android.intent.category.DEFAULT] dat=file typ=application/vnd.android.package-archive flg=0x3010000 cmp=com.android.vending/com.google.android.vending.verifier.PackageVerificationActivity u=0} from pid 584
D/PowerManagerService(  584): acquireWakeLock(42f6fe50): PARTIAL_WAKE_LOCK , tag=ActivityManager-Launch, flags=0x1, pid=584, uid=1000, mUserState=0x3
W/PackageParser(12147): No actions in intent filter at /storage/sdcard0/Download/GiftMe-release.apk Binary XML file line #33
W/InputMethodManagerService(  584): Window already focused, ignoring focus gain of: com.android.internal.view.IInputMethodClient$Stub$Proxy@4312ecd8 attribute=null
D/PowerManagerService(  584): releaseWakeLock(42f6fe50): PARTIAL_WAKE_LOCK , tag=ActivityManager-Launch, flags=0x1
D/PowerManagerService(  584): acquireWakeLock(42ceddc8): PARTIAL_WAKE_LOCK , tag=AlarmManager, flags=0x1, pid=584, uid=1000, mUserState=0x3
V/AlarmManager(  584): sending alarm PendingIntent{428c2578: PendingIntentRecord{42bd3198 com.google.android.location broadcastIntent}}, intent=com.google.android.location.nlp.ALARM_WAKEUP_LOCATOR, type=ELAPSED_REALTIME_WAKEUP, count=1, when=5712517, repeateInterval=0
D/PowerManagerService(  584): acquireWakeLock(42fe4b08): PARTIAL_WAKE_LOCK , tag=NetworkLocationCallbackRunner, flags=0x1, pid=1061, uid=10017, mUserState=0x3
D/PowerManagerService(  584): releaseWakeLock(42ceddc8): PARTIAL_WAKE_LOCK , tag=AlarmManager, flags=0x1
D/PowerManagerService(  584): acquireWakeLock(431d5ca0): PARTIAL_WAKE_LOCK , tag=NetworkLocationLocator, flags=0x1, pid=1061, uid=10017, mUserState=0x3
D/WifiService(  584): acquireWifiLockLocked: WifiLock{NetworkLocationLocator type=2 binder=android.os.BinderProxy@431c3ca0}
D/WifiService(  584): updateWifiState(): wifiApEnabled: false, wifiApAirplaneMode: falsegetWifiEnabledState(): 3, getWifiApEnabledState: 11
D/WifiService(  584): updateWifiState(): mAirplaneModeOn.get(): false, mPersistWifiState.get(): 1
D/WifiService(  584): updateWifiState(): mEmergencyCallbackMode: false, mDeviceIdle: false, lockHeld: true, mStopWifiRequested:false
D/WifiService(  584): updateWifiState(): enable and start wifi
D/PowerManagerService(  584): releaseWakeLock(42fe4b08): PARTIAL_WAKE_LOCK , tag=NetworkLocationCallbackRunner, flags=0x1
D/PowerManagerService(  584): acquireWakeLock(42d2d0b0): PARTIAL_WAKE_LOCK , tag=RILJ, flags=0x1, pid=984, uid=1001, mUserState=0x3
D/PowerManagerService(  584): releaseWakeLock(42d2d0b0): PARTIAL_WAKE_LOCK , tag=RILJ, flags=0x1
D/WifiService(  584): releaseWifiLockLocked: WifiLock{NetworkLocationLocator type=2 binder=android.os.BinderProxy@431c3ca0}
D/WifiService(  584): updateWifiState(): wifiApEnabled: false, wifiApAirplaneMode: falsegetWifiEnabledState(): 3, getWifiApEnabledState: 11
D/WifiService(  584): updateWifiState(): mAirplaneModeOn.get(): false, mPersistWifiState.get(): 1
D/WifiService(  584): updateWifiState(): mEmergencyCallbackMode: false, mDeviceIdle: false, lockHeld: true, mStopWifiRequested:false
D/WifiService(  584): updateWifiState(): enable and start wifi
D/PowerManagerService(  584): releaseWakeLock(431d5ca0): PARTIAL_WAKE_LOCK , tag=NetworkLocationLocator, flags=0x1
D/PowerManagerService(  584): acquireWakeLock(42e28320): PARTIAL_WAKE_LOCK , tag=GpsLocationProvider, flags=0x1, pid=584, uid=1000, mUserState=0x3
V/LocationManagerService(  584): In handleLocationChangedLocked.For provider: network
D/QMI_FW  (  584): QCCI: QMI_CCI_TX: cntl_flag - 00, txn_id - 0031, msg_id - 0039, msg_len - 0021
D/QMI_FW  (  584): QCCI: Sent[254]: 40 bytes to port 2816
D/PowerManagerService(  584): releaseWakeLock(42e28320): PARTIAL_WAKE_LOCK , tag=GpsLocationProvider, flags=0x1
D/PowerManagerService(  584): acquireWakeLock(4318aa80): PARTIAL_WAKE_LOCK , tag=LocationManagerService, flags=0x1, pid=584, uid=1000, mUserState=0x3
D/PowerManagerService(  584): releaseWakeLock(4318aa80): PARTIAL_WAKE_LOCK , tag=LocationManagerService, flags=0x1
V/LocationManagerService(  584): In handleLocationChangedLocked.For provider: passive
D/PowerManagerService(  584): acquireWakeLock(43439fc8): PARTIAL_WAKE_LOCK , tag=LocationManagerService, flags=0x1, pid=584, uid=1000, mUserState=0x3
D/QMI_FW  (  584): QCCI: reader_thread: Received 14 bytes from 254
D/QMI_FW  (  584): QCCI: QMI_CCI_RX: cntl_flag - 02, txn_id - 0031, msg_id - 0039, msg_len - 0007
D/QMI_FW  (  584): QCCI: reader_thread: Received 14 bytes from 254
D/QMI_FW  (  584): QCCI: QMI_CCI_RX: cntl_flag - 04, txn_id - 0000, msg_id - 0039, msg_len - 0007
D/PowerManagerService(  584): releaseWakeLock(43439fc8): PARTIAL_WAKE_LOCK , tag=LocationManagerService, flags=0x1
W/CpuWake (  584): >>nativeAcquireCpuPerfWakeLock()
W/CpuWake (  584): <<nativeAcquireCpuPerfWakeLock()
I/ActivityManager(  584): START {act=android.intent.action.VIEW cat=[android.intent.category.DEFAULT] dat=file typ=application/vnd.android.package-archive flg=0x13810000 pkg=com.android.packageinstaller cmp=com.android.packageinstaller/.PackageInstallerActivity (has extras) u=0} from pid 12147
I/ActivityManager(  584): Recipient 12063
D/PowerManagerService(  584): acquireWakeLock(4341b8d0): PARTIAL_WAKE_LOCK , tag=ActivityManager-Launch, flags=0x1, pid=584, uid=1000, mUserState=0x3
I/ActivityManager(  584): Process org.coursera.android (pid 12063) has died.
I/ActivityManager(  584): Start proc com.android.packageinstaller for activity com.android.packageinstaller/.PackageInstallerActivity: pid=12713 uid=10135 gids={1028}
V/InputMethodManagerService(  584): unbindCurrentInputLocked: client = android.os.BinderProxy@42c2fa90
I/InputMethodManagerService(  584): Disable input method client.
V/InputMethodManagerService(  584): switching to client: client = android.os.BinderProxy@431baf88
I/InputMethodManagerService(  584): Enable input method client.
W/CpuWake (  584): >>nativeReleaseCpuPerfWakeLock()
W/CpuWake (  584): <<nativeReleaseCpuPerfWakeLock()
D/PowerManagerService(  584): releaseWakeLock(4341b8d0): PARTIAL_WAKE_LOCK , tag=ActivityManager-Launch, flags=0x1
W/PackageParser(12713): No actions in intent filter at /storage/sdcard0/Download/GiftMe-release.apk Binary XML file line #33
I/ActivityManager(  584): Recipient 11845
I/ActivityManager(  584): Process com.google.android.music:main (pid 11845) has died.
W/CpuWake (  584): >>nativeReleaseCpuPerfWakeLock()
W/CpuWake (  584): <<nativeReleaseCpuPerfWakeLock()
W/InputMethodManagerService(  584): Window already focused, ignoring focus gain of: com.android.internal.view.IInputMethodClient$Stub$Proxy@430a5dc0 attribute=null
W/CpuWake (  584): >>nativeAcquireCpuPerfWakeLock()
W/CpuWake (  584): <<nativeAcquireCpuPerfWakeLock()
I/ActivityManager(  584): START {dat=file cmp=com.android.packageinstaller/.InstallAppProgress (has extras) u=0} from pid 12713
D/PowerManagerService(  584): acquireWakeLock(430a5f58): PARTIAL_WAKE_LOCK , tag=ActivityManager-Launch, flags=0x1, pid=584, uid=1000, mUserState=0x3
I/ActivityManager(  584): Start proc com.android.defcontainer for service com.android.defcontainer/.DefaultContainerService: pid=12735 uid=10021 gids={1015, 2001, 5005, 1028}
D/PowerManagerService(  584): releaseWakeLock(430a5f58): PARTIAL_WAKE_LOCK , tag=ActivityManager-Launch, flags=0x1
W/ActivityManager(  584): No content provider found for permission revoke: file:///storage/sdcard0/Download/GiftMe-release.apk
W/ActivityManager(  584): No content provider found for permission revoke: file:///storage/sdcard0/Download/GiftMe-release.apk
W/PackageParser(  584): No actions in intent filter at /data/app/vmdl-506191114.tmp Binary XML file line #33
I/ActivityManager(  584): Recipient 12423
I/ActivityManager(  584): Process com.htc.task (pid 12423) has died.
I/ActivityManager(  584): Force stopping package co.giftmeapp.giftme uid=10138
I/ActivityManager(  584):   Force finishing activity ActivityRecord{42cb9890 co.giftmeapp.giftme/.GiftMe}
I/ActivityManager(  584): Recipient 12235
I/ActivityManager(  584): Process com.htc.android.mail:sync (pid 12235) has died.
W/CpuWake (  584): >>nativeReleaseCpuPerfWakeLock()
W/CpuWake (  584): <<nativeReleaseCpuPerfWakeLock()
I/PackageManager(  584): Package co.giftmeapp.giftme codePath changed from /data/app/co.giftmeapp.giftme-1.apk to /data/app/co.giftmeapp.giftme-2.apk; Retaining data and using new
