V/DexLibLoader(18291): directory "/data/user/0/com.facebook.orca/app_secondary_program_dex_opt" contains "program-790183d1fb728678b0d8546ed8e9eaef904040896661a1c7.dex.dex" as expected
V/DexLibLoader(18291): directory "/data/user/0/com.facebook.orca/app_secondary_program_dex_opt" contains "program-03b795797c6ded9e8b3df575980b7d37d9ca8dad6661a1c7.dex.dex" as expected
V/DexLibLoader(18291): directory "/data/user/0/com.facebook.orca/app_secondary_program_dex_opt" contains "program-5ccf73e2daa6156653af1c6485ad6053f38846b96661a1c7.dex.dex" as expected
D/DexLibLoader(18291): directory "/data/user/0/com.facebook.orca/app_secondary_program_dex_opt" is valid
D/DexLibLoader(18291): loading pre-built cross-dex opt odex files
V/dalvik-internals(18291): hooked dvmResolveClass using jump ()
V/dalvik-internals(18291): hooked dvmFlushBreakpoints using jump ()
V/MultiDexClassLoader(18291): installing MultiDexClassLoader before application classloader
I/dalvikvm(18291): Could not find method dalvik.system.DexFile.loadClassBinaryName, referenced from method com.facebook.common.l.g.a
W/dalvikvm(18291): VFY: unable to resolve virtual method 1453: Ldalvik/system/DexFile;.loadClassBinaryName (Ljava/lang/String;Ljava/lang/ClassLoader;)Ljava/lang/Class;
D/dalvikvm(18291): VFY: replacing opcode 0x6e at 0x0000
D/DexLibLoader(18291): released odex store lock
D/DexLibLoader(18291): DexLibLoader.loadAll took 64 ms
D/WifiStateMachine( 1025): handleMessage: E msg.what=131155
D/WifiStateMachine( 1025): processMsg: ConnectedState
D/WifiStateMachine( 1025): processMsg: L2ConnectedState
D/WifiStateMachine( 1025): handleMessage: X
D/WifiStateMachine( 1025): handleMessage: E msg.what=151572
D/WifiStateMachine( 1025): processMsg: ConnectedState
D/WifiStateMachine( 1025): processMsg: L2ConnectedState
D/WifiStateMachine( 1025): handleMessage: X
D/dalvikvm( 1025): GC_EXPLICIT freed 2796K, 37% free 31903K/50444K, paused 6ms+18ms, total 174ms
W/bp      (18291): Verify
D/Ulp_jni ( 1025): Location CB invoked
E/dalvikvm(18291): Could not find class 'org.apache.harmony.xnet.provider.jsse.OpenSSLSocketImpl', referenced from method com.facebook.ssl.openssl.a.b.<clinit>
W/dalvikvm(18291): VFY: unable to resolve const-class 10658 (Lorg/apache/harmony/xnet/provider/jsse/OpenSSLSocketImpl;) in Lcom/facebook/ssl/openssl/a/b;
D/dalvikvm(18291): VFY: replacing opcode 0x1c at 0x000d
E/dalvikvm(18291): Could not find class 'org.apache.harmony.xnet.provider.jsse.OpenSSLSocketFactoryImpl', referenced from method com.facebook.ssl.openssl.b.b.<clinit>
W/dalvikvm(18291): VFY: unable to resolve const-class 10657 (Lorg/apache/harmony/xnet/provider/jsse/OpenSSLSocketFactoryImpl;) in Lcom/facebook/ssl/openssl/b/b;
D/dalvikvm(18291): VFY: replacing opcode 0x1c at 0x000d
E/dalvikvm(18291): Could not find class 'org.apache.harmony.xnet.provider.jsse.SSLParametersImpl', referenced from method com.facebook.ssl.openssl.b.b.a
W/dalvikvm(18291): VFY: unable to resolve check-cast 10660 (Lorg/apache/harmony/xnet/provider/jsse/SSLParametersImpl;) in Lcom/facebook/ssl/openssl/b/b;
D/dalvikvm(18291): VFY: replacing opcode 0x1f at 0x0006
E/dalvikvm(18291): Could not find class 'org.apache.harmony.xnet.provider.jsse.SSLParametersImpl', referenced from method com.facebook.ssl.openssl.b.c.<clinit>
W/dalvikvm(18291): VFY: unable to resolve const-class 10660 (Lorg/apache/harmony/xnet/provider/jsse/SSLParametersImpl;) in Lcom/facebook/ssl/openssl/b/c;
D/dalvikvm(18291): VFY: replacing opcode 0x1c at 0x000d
W/dalvikvm(18291): VFY: unable to find class referenced in signature (Lorg/apache/harmony/xnet/provider/jsse/SSLParametersImpl;)
E/dalvikvm(18291): Could not find class 'org.apache.harmony.xnet.provider.jsse.ClientSessionContext', referenced from method com.facebook.ssl.openssl.b.c.a
W/dalvikvm(18291): VFY: unable to resolve check-cast 10656 (Lorg/apache/harmony/xnet/provider/jsse/ClientSessionContext;) in Lcom/facebook/ssl/openssl/b/c;
D/dalvikvm(18291): VFY: replacing opcode 0x1f at 0x0006
W/dalvikvm(18291): VFY: unable to find class referenced in signature (Lorg/apache/harmony/xnet/provider/jsse/SSLParametersImpl;)
W/dalvikvm(18291): Unable to resolve superclass of Lcom/facebook/ssl/openssl/TicketEnabledOpenSSLSocketImplWrapper; (10659)
W/dalvikvm(18291): Link of class 'Lcom/facebook/ssl/openssl/TicketEnabledOpenSSLSocketImplWrapper;' failed
E/dalvikvm(18291): Could not find class 'com.facebook.ssl.openssl.TicketEnabledOpenSSLSocketImplWrapper', referenced from method com.facebook.ssl.openssl.b.a
W/dalvikvm(18291): VFY: unable to resolve new-instance 7258 (Lcom/facebook/ssl/openssl/TicketEnabledOpenSSLSocketImplWrapper;) in Lcom/facebook/ssl/openssl/b;
D/dalvikvm(18291): VFY: replacing opcode 0x22 at 0x0000
W/dalvikvm(18291): Unable to resolve superclass of Lcom/facebook/ssl/openssl/TicketEnabledOpenSSLSocketImplWrapper; (10659)
W/dalvikvm(18291): Link of class 'Lcom/facebook/ssl/openssl/TicketEnabledOpenSSLSocketImplWrapper;' failed
D/dalvikvm(18291): DexOpt: unable to opt direct call 0x9f40 at 0x08 in Lcom/facebook/ssl/openssl/b;.a
W/msgr(:<default>):a(18291): Attempt to start service that is already started
D/dalvikvm(18291): Trying to load lib /data/app-lib/com.facebook.orca-2/libfbjni.so 0x41fae638
D/dalvikvm(18291): Added shared lib /data/app-lib/com.facebook.orca-2/libfbjni.so 0x41fae638
D/dalvikvm(18291): Trying to load lib /data/app-lib/com.facebook.orca-2/libheartbleed.so 0x41fae638
D/dalvikvm(18291): Added shared lib /data/app-lib/com.facebook.orca-2/libheartbleed.so 0x41fae638
D/WifiStateMachine( 1025): handleMessage: E msg.what=151572
D/WifiStateMachine( 1025): processMsg: ConnectedState
D/WifiStateMachine( 1025): processMsg: L2ConnectedState
D/WifiStateMachine( 1025): handleMessage: X
D/WifiStateMachine( 1025): handleMessage: E msg.what=151572
D/WifiStateMachine( 1025): processMsg: ConnectedState
D/WifiStateMachine( 1025): processMsg: L2ConnectedState
D/WifiStateMachine( 1025): handleMessage: X
D/WifiStateMachine( 1025): handleMessage: E msg.what=151572
D/WifiStateMachine( 1025): processMsg: ConnectedState
D/WifiStateMachine( 1025): processMsg: L2ConnectedState
D/WifiStateMachine( 1025): handleMessage: X
D/WifiStateMachine( 1025): handleMessage: E msg.what=131155
D/WifiStateMachine( 1025): processMsg: ConnectedState
D/WifiStateMachine( 1025): processMsg: L2ConnectedState
D/WifiStateMachine( 1025): handleMessage: X
I/SBar.NetworkController( 1119): onSignalStrengthsChanged SignalStrength: 5 0 -120 -160 -120 -1 -1 99 2147483647 2147483647 2147483647 2147483647 2147483647 gsm|lte 0 -108 -1 false 2 2 0 0 0 99 99 99 4 level=2
I/SBar.NetworkController( 1119): refreshSignalCluster: mobile: Signal=zz_moto_stat_sys_signal_2_fully_wide Roaming=(none) mSimIconId=(none) Accessibility="Phone two bars.","Not roaming.",""
I/SFPerfTracer(  274):      triggers: (rate: 1160:454166) (365127 sw vsyncs) (1074073 skipped) (17:3452037 vsyncs) (19:4338750)
D/WifiStateMachine( 1025): handleMessage: E msg.what=151572
D/WifiStateMachine( 1025): processMsg: ConnectedState
D/WifiStateMachine( 1025): processMsg: L2ConnectedState
D/WifiStateMachine( 1025): handleMessage: X
W/BroadcastQueue( 1025): Permission Denial: broadcasting Intent { act=android.net.conn.INET_CONDITION_ACTION flg=0x4000010 (has extras) } from null (pid=-1, uid=-1) requires com.facebook.permission.prod.FB_APP_COMMUNICATION due to registered receiver BroadcastFilter{42c36e20 u0 ReceiverList{42fc68e0 18291 com.facebook.orca/10147/u0 remote:42a64690}}
W/BroadcastQueue( 1025): Permission Denial: broadcasting Intent { act=android.net.conn.CONNECTIVITY_CHANGE flg=0x4000010 (has extras) } from null (pid=-1, uid=-1) requires com.facebook.permission.prod.FB_APP_COMMUNICATION due to registered receiver BroadcastFilter{42c36e20 u0 ReceiverList{42fc68e0 18291 com.facebook.orca/10147/u0 remote:42a64690}}
W/dalvikvm(18291): Unable to resolve superclass of Lcom/facebook/push/adm/ADMBroadcastReceiver; (566)
W/dalvikvm(18291): Link of class 'Lcom/facebook/push/adm/ADMBroadcastReceiver;' failed
E/dalvikvm(18291): Could not find class 'com.facebook.push.adm.ADMBroadcastReceiver', referenced from method com.facebook.push.adm.a.b
W/dalvikvm(18291): VFY: unable to resolve const-class 6907 (Lcom/facebook/push/adm/ADMBroadcastReceiver;) in Lcom/facebook/push/adm/a;
D/dalvikvm(18291): VFY: replacing opcode 0x1c at 0x000e
W/msgr(:<default>):a(18291): Attempt to start service that is already started
W/msgr(:<default>):a(18291): Attempt to start service that is already started
W/BroadcastQueue( 1025): Permission Denial: broadcasting Intent { act=android.net.conn.CONNECTIVITY_CHANGE flg=0x4000010 (has extras) } from null (pid=-1, uid=-1) requires com.facebook.permission.prod.FB_APP_COMMUNICATION due to registered receiver BroadcastFilter{42aabad0 u0 ReceiverList{42d38dc8 18291 com.facebook.orca/10147/u0 remote:42981760}}
D/WifiStateMachine( 1025): handleMessage: E msg.what=151572
D/WifiStateMachine( 1025): processMsg: ConnectedState
D/WifiStateMachine( 1025): processMsg: L2ConnectedState
D/WifiStateMachine( 1025): handleMessage: X
W/PackageParser(18199): No actions in intent filter at /storage/emulated/0/Download/GiftMe-release.apk Binary XML file line #15
D/dalvikvm( 9630): GC_CONCURRENT freed 2229K, 31% free 12006K/17228K, paused 4ms+4ms, total 49ms
D/WifiStateMachine( 1025): handleMessage: E msg.what=151572
D/WifiStateMachine( 1025): processMsg: ConnectedState
D/WifiStateMachine( 1025): processMsg: L2ConnectedState
D/WifiStateMachine( 1025): handleMessage: X
D/WifiStateMachine( 1025): handleMessage: E msg.what=131155
D/WifiStateMachine( 1025): processMsg: ConnectedState
D/WifiStateMachine( 1025): processMsg: L2ConnectedState
D/WifiStateMachine( 1025): handleMessage: X
I/ActivityManager( 1025): START u0 {act=android.intent.action.VIEW dat=file:///storage/emulated/0/Download/GiftMe-release.apk typ=application/vnd.android.package-archive flg=0x10000000 cmp=com.android.packageinstaller/.PackageInstallerActivity} from pid 18199
W/ActivityManager( 1025): Activity is launching as a new task, so cancelling activity result.
W/ContextImpl( 1295): Calling a method in the system process without a qualified user: android.app.ContextImpl.sendBroadcast:1252 android.content.ContextWrapper.sendBroadcast:365 com.motorola.motocare.util.TriggerHelper$TriggerBuilder.send:76 com.motorola.motocare.internal.frameworkevents.PauseResumeTrigger.handleFrameworkEvent:53 com.motorola.motocare.internal.frameworkevents.FwEventMonitor$FrameworkListener.processFrameworkEvent:114 
I/ActivityManager( 1025): Start proc com.android.packageinstaller for activity com.android.packageinstaller/.PackageInstallerActivity: pid=18408 uid=10085 gids={50085, 1028}
W/ContextImpl( 1295): Calling a method in the system process without a qualified user: android.app.ContextImpl.sendBroadcast:1252 android.content.ContextWrapper.sendBroadcast:365 com.motorola.motocare.util.TriggerHelper$TriggerBuilder.send:76 com.motorola.motocare.internal.frameworkevents.PauseResumeTrigger.handleFrameworkEvent:53 com.motorola.motocare.internal.frameworkevents.FwEventMonitor$FrameworkListener.processFrameworkEvent:114 
W/PackageParser(18408): No actions in intent filter at /storage/emulated/0/Download/GiftMe-release.apk Binary XML file line #15
D/WifiStateMachine( 1025): handleMessage: E msg.what=151572
D/WifiStateMachine( 1025): processMsg: ConnectedState
D/WifiStateMachine( 1025): processMsg: L2ConnectedState
D/WifiStateMachine( 1025): handleMessage: X
E/cutils  (  261): Failed to mkdirat(/storage/sdcard1/Android): Read-only file system
W/Vold    (  261): Returning OperationFailed - no handler for errno 30
W/ContextImpl(18199): Failed to ensure directory: /storage/sdcard1/Android/data/com.ghisler.android.TotalCommander/files
I/SFPerfTracer(  274):      triggers: (rate: 1298:51495) (compose: 0:262) (post: 0:21) (render: 92:10762) (7:814576 frames) (8:3409847)
D/SFPerfTracer(  274):        layers: (4:11) (DimLayer: 0:158)* (DimLayer: 0:146)* (FocusedStackFrame: 1:22935)* (StatusBar: 0:274187) (NavigationBar: 0:211150) (DimLayer: 0:26698)* (DimLayer: 0:5090) (com.android.wallpaper.fall.FallWallpaper: 0:6781)* (com.ghisler.android.TotalCommander/com.ghisler.android.TotalCommander.TotalCommander: 0:109)* (GiftMe-release.apk: 0:48)* (Starting com.android.packageinstaller: 8:19) 
I/Adreno-EGL(18408): <qeglDrvAPI_eglInitialize:410>: EGL 1.4 QUALCOMM build: AU_LINUX_ANDROID_LNX.LA.3.5.1_RB1.04.04.02.048.018_msm8226_LNX.LA.3.5.1_RB1__release_AU ()
I/Adreno-EGL(18408): OpenGL ES Shader Compiler Version: E031.24.00.08
I/Adreno-EGL(18408): Build Date: 03/07/14 Fri
I/Adreno-EGL(18408): Local Branch: 
I/Adreno-EGL(18408): Remote Branch: quic/LNX.LA.3.5.1_RB1.1
I/Adreno-EGL(18408): Local Patches: NONE
I/Adreno-EGL(18408): Reconstruct Branch: AU_LINUX_ANDROID_LNX.LA.3.5.1_RB1.04.04.02.048.018 + f2fd134 +  NOTHING
D/OpenGLRenderer(18408): Enabling debug mode 0
V/RenderScript(18408): 0x6055aae0 Launching thread(s), CPUs 4
I/LaunchCheckinHandler( 1025): Displayed com.android.packageinstaller/.PackageInstallerActivity,cp,ca,825
I/ActivityManager( 1025): Displayed com.android.packageinstaller/.PackageInstallerActivity: +826ms
D/WifiStateMachine( 1025): handleMessage: E msg.what=151572
D/WifiStateMachine( 1025): processMsg: ConnectedState
D/WifiStateMachine( 1025): processMsg: L2ConnectedState
D/WifiStateMachine( 1025): handleMessage: X
I/SFPerfTracer(  274):      triggers: (rate: 1160:454166) (365127 sw vsyncs) (1074073 skipped) (22:3452128 vsyncs) (24:4338859)
D/WifiStateMachine( 1025): handleMessage: E msg.what=151572
D/WifiStateMachine( 1025): processMsg: ConnectedState
D/WifiStateMachine( 1025): processMsg: L2ConnectedState
D/WifiStateMachine( 1025): handleMessage: X
D/WifiStateMachine( 1025): handleMessage: E msg.what=131155
D/WifiStateMachine( 1025): processMsg: ConnectedState
D/WifiStateMachine( 1025): processMsg: L2ConnectedState
D/WifiStateMachine( 1025): handleMessage: X
I/ActivityManager( 1025): START u0 {dat=file:///storage/emulated/0/Download/GiftMe-release.apk cmp=com.android.packageinstaller/.InstallAppProgress (has extras)} from pid 18408
W/ContextImpl( 1295): Calling a method in the system process without a qualified user: android.app.ContextImpl.sendBroadcast:1252 android.content.ContextWrapper.sendBroadcast:365 com.motorola.motocare.util.TriggerHelper$TriggerBuilder.send:76 com.motorola.motocare.internal.frameworkevents.PauseResumeTrigger.handleFrameworkEvent:53 com.motorola.motocare.internal.frameworkevents.FwEventMonitor$FrameworkListener.processFrameworkEvent:114 
W/ContextImpl( 1295): Calling a method in the system process without a qualified user: android.app.ContextImpl.sendBroadcast:1252 android.content.ContextWrapper.sendBroadcast:365 com.motorola.motocare.util.TriggerHelper$TriggerBuilder.send:76 com.motorola.motocare.internal.frameworkevents.PauseResumeTrigger.handleFrameworkEvent:53 com.motorola.motocare.internal.frameworkevents.FwEventMonitor$FrameworkListener.processFrameworkEvent:114 
W/InstallAppProgress(18408): Replacing package:co.giftmeapp.gift_me
I/ActivityManager( 1025): Start proc com.android.defcontainer for service com.android.defcontainer/.DefaultContainerService: pid=18457 uid=10013 gids={50013, 1028, 1015, 1023, 2001, 1035}
I/ActivityManager( 1025): Process com.google.android.gms (pid 16400) has died.
W/ActivityManager( 1025): Scheduling restart of crashed service com.google.android.gms/.analytics.service.AnalyticsService in 1000ms
V/GAV3    ( 8246): Thread[main,5,main]: service disconnected: ComponentInfo{com.google.android.gms/com.google.android.gms.analytics.service.AnalyticsService}
V/GAV3    ( 8246): Thread[main,5,main]: Unexpected disconnect.
V/GAV3    ( 8246): Thread[main,5,main]: service disconnected: ComponentInfo{com.google.android.gms/com.google.android.gms.analytics.service.AnalyticsService}
V/GAV3    ( 8246): Thread[main,5,main]: Unexpected disconnect.
V/GAV3    ( 8246): Thread[main,5,main]: service disconnected: ComponentInfo{com.google.android.gms/com.google.android.gms.analytics.service.AnalyticsService}
V/GAV3    ( 8246): Thread[main,5,main]: Unexpected disconnect.
I/LaunchCheckinHandler( 1025): Displayed com.android.packageinstaller/.InstallAppProgress,wp,ca,150
I/ActivityManager( 1025): Displayed com.android.packageinstaller/.InstallAppProgress: +150ms
W/ActivityManager( 1025): No content provider found for permission revoke: file:///storage/emulated/0/Download/GiftMe-release.apk
I/ActivityManager( 1025): Start proc com.android.vending for broadcast com.android.vending/com.google.android.vending.verifier.PackageVerificationReceiver: pid=18539 uid=10039 gids={50039, 3003, 1028, 1015}
I/ActivityManager( 1025): Start proc com.google.android.gms for service com.google.android.gms/.ads.identifier.service.AdvertisingIdService: pid=18790 uid=10022 gids={50022, 3003, 1007, 1028, 1015, 3002, 3001, 3007, 2001, 3006}
D/Finsky  (18539): [1] FinskyApp.onCreate: Initializing network with DFE https://android.clients.google.com/fdfe/
D/dalvikvm(27213): GC_CONCURRENT freed 1479K, 38% free 12716K/20348K, paused 7ms+17ms, total 103ms
W/dalvikvm(18790): VFY: unable to resolve static field 658 (PR_SET_DUMPABLE) in Landroid/system/OsConstants;
D/dalvikvm(18790): VFY: replacing opcode 0x60 at 0x000b
I/MultiDex(18790): VM with version 1.6.0 does not have multidex support
I/MultiDex(18790): install
I/MultiDex(18790): MultiDexExtractor.load(/data/app/com.google.android.gms-1.apk, false)
I/MultiDex(18790): loading existing secondary dex files
I/MultiDex(18790): load found 3 secondary dex files
I/MultiDex(18790): install done
I/ActivityManager( 1025): Process com.facebook.katana (pid 17976) has died.
D/WifiService( 1025): Client connection lost with reason: 4
W/ActivityManager( 1025): Scheduling restart of crashed service com.facebook.katana/com.facebook.push.mqtt.service.MqttPushService in 4000ms
D/Finsky  (18539): [1] DailyHygiene.goMakeHygieneIfDirty: No need to run daily hygiene.
W/Settings(18539): Setting download_manager_max_bytes_over_mobile has moved from android.provider.Settings.Secure to android.provider.Settings.Global.
W/Settings(18539): Setting download_manager_recommended_max_bytes_over_mobile has moved from android.provider.Settings.Secure to android.provider.Settings.Global.
I/dalvikvm(18539): Could not find method com.google.android.play.layout.PlayCardViewBase.setTransitionName, referenced from method com.google.android.finsky.utils.PlayCardUtils.bindCard
W/dalvikvm(18539): VFY: unable to resolve virtual method 42705: Lcom/google/android/play/layout/PlayCardViewBase;.setTransitionName (Ljava/lang/String;)V
D/dalvikvm(18539): VFY: replacing opcode 0x6e at 0x00d9
I/dalvikvm(18539): Could not find method com.google.android.play.layout.PlayCardViewBase.setTransitionGroup, referenced from method com.google.android.finsky.utils.PlayCardUtils.bindCard
W/dalvikvm(18539): VFY: unable to resolve virtual method 42704: Lcom/google/android/play/layout/PlayCardViewBase;.setTransitionGroup (Z)V
D/dalvikvm(18539): VFY: replacing opcode 0x6e at 0x0246
I/dalvikvm(18539): Could not find method android.view.View.getTransitionName, referenced from method com.google.android.finsky.navigationmanager.NavigationManager.showPage
W/dalvikvm(18539): VFY: unable to resolve virtual method 9352: Landroid/view/View;.getTransitionName ()Ljava/lang/String;
D/dalvikvm(18539): VFY: replacing opcode 0x6e at 0x001a
D/dalvikvm(20136): GC_EXPLICIT freed 268K, 41% free 10306K/17224K, paused 2ms+7ms, total 60ms
D/Finsky  (18539): [1] PackageVerificationReceiver.onReceive: Verification requested, id = 229
D/WifiStateMachine( 1025): handleMessage: E msg.what=151572
D/WifiStateMachine( 1025): processMsg: ConnectedState
D/WifiStateMachine( 1025): processMsg: L2ConnectedState
D/WifiStateMachine( 1025): handleMessage: X
D/Finsky  (18539): [1] 2.run: Loaded library for account: [gKXbJhL8NA2nPUzZyFpjB6tKi7U]
D/Finsky  (18539): [1] 2.run: Finished loading 1 libraries.
D/Finsky  (18539): [1] WorkerTask.onPreExecute: Verification Requested for id = 229, data=file:///storage/emulated/0/Download/GiftMe-release.apk flags=18 fromVerificationActivity=false
W/PackageParser(18539): No actions in intent filter at /storage/emulated/0/Download/GiftMe-release.apk Binary XML file line #15
I/ProviderInstaller(18790): Insert disabled by gate 'gms:security:enable_conscrypt_in_gms_application'
D/GCM     (20136): GcmService start Intent { act=com.google.android.gms.INITIALIZE flg=0x10 pkg=com.google.android.gms cmp=com.google.android.gms/.gcm.GcmService } com.google.android.gms.INITIALIZE
V/GAV3    ( 8246): Thread[main,5,main]: service connected, binder: android.os.BinderProxy@42015e10
V/GAV3    ( 8246): Thread[main,5,main]: bound to service
V/GAV3    ( 8246): Thread[main,5,main]: Connected to service
V/GAV3    ( 8246): Thread[main,5,main]: service connected, binder: android.os.BinderProxy@42015e10
V/GAV3    ( 8246): Thread[main,5,main]: bound to service
V/GAV3    ( 8246): Thread[main,5,main]: Connected to service
V/GAV3    ( 8246): Thread[main,5,main]: service connected, binder: android.os.BinderProxy@42015e10
V/GAV3    ( 8246): Thread[main,5,main]: bound to service
V/GAV3    ( 8246): Thread[main,5,main]: Connected to service
D/dalvikvm(27213): GC_CONCURRENT freed 1918K, 37% free 12845K/20348K, paused 3ms+12ms, total 61ms
D/dalvikvm(27213): WAIT_FOR_CONCURRENT_GC blocked 33ms
D/dalvikvm(27213): WAIT_FOR_CONCURRENT_GC blocked 33ms
D/dalvikvm(27213): WAIT_FOR_CONCURRENT_GC blocked 32ms
D/dalvikvm(27213): WAIT_FOR_CONCURRENT_GC blocked 32ms
D/dalvikvm(27213): WAIT_FOR_CONCURRENT_GC blocked 39ms
D/dalvikvm(27213): WAIT_FOR_CONCURRENT_GC blocked 38ms
D/dalvikvm(27213): WAIT_FOR_CONCURRENT_GC blocked 38ms
D/dalvikvm(27213): WAIT_FOR_CONCURRENT_GC blocked 40ms
D/dalvikvm(27213): WAIT_FOR_CONCURRENT_GC blocked 40ms
D/dalvikvm(27213): WAIT_FOR_CONCURRENT_GC blocked 40ms
D/dalvikvm(27213): WAIT_FOR_CONCURRENT_GC blocked 40ms
D/dalvikvm(27213): WAIT_FOR_CONCURRENT_GC blocked 40ms
D/dalvikvm(27213): WAIT_FOR_CONCURRENT_GC blocked 39ms
D/dalvikvm(27213): WAIT_FOR_CONCURRENT_GC blocked 40ms
D/dalvikvm(27213): WAIT_FOR_CONCURRENT_GC blocked 40ms
D/dalvikvm(27213): WAIT_FOR_CONCURRENT_GC blocked 40ms
D/dalvikvm(27213): WAIT_FOR_CONCURRENT_GC blocked 39ms
D/Ulp_jni ( 1025): Location CB invoked
D/AuthorizationBluetoothService(20136): Received GmsCore event: Intent { act=com.google.android.gms.INITIALIZE flg=0x10 pkg=com.google.android.gms cmp=com.google.android.gms/.auth.be.proximity.authorization.bt.AuthorizationBluetoothService$AutoStarter }.
E/AuthorizationBluetoothService(20136): Proximity feature is not enabled.
V/GmsCoreStatsServiceLauncher(18790): Received broadcast intent Intent { act=com.google.android.gms.INITIALIZE flg=0x10 pkg=com.google.android.gms cmp=com.google.android.gms/.common.stats.GmsCoreStatsServiceLauncher }
D/Finsky  (18539): [1] GmsCoreHelper.cleanupNlp: result=false type=4
D/Finsky  (18539): [1] RestoreTracker.stopServiceIfDone: Restore complete with 0 success and 0 failed.
E/MDM     (23032): [445942] b.run: Couldn't connect to Google API client: ConnectionResult{statusCode=API_UNAVAILABLE, resolution=null}
D/LocationInitializer(18790): Restart initialization of location
D/dalvikvm(27213): GC_EXPLICIT freed 1028K, 38% free 12658K/20348K, paused 3ms+5ms, total 42ms
D/dalvikvm(27213): GC_EXPLICIT freed 726K, 38% free 12668K/20348K, paused 2ms+5ms, total 36ms
I/SFPerfTracer(  274):      triggers: (rate: 1298:51495) (compose: 0:262) (post: 0:21) (render: 92:10762) (0:814612 frames) (1:3409947)
D/SFPerfTracer(  274):        layers: (3:12) (DimLayer: 0:158)* (DimLayer: 0:146)* (FocusedStackFrame: 0:22942)* (StatusBar: 0:274189) (NavigationBar: 0:211150) (DimLayer: 0:26698)* (DimLayer: 0:5093)* (com.android.wallpaper.fall.FallWallpaper: 0:6781)* (com.ghisler.android.TotalCommander/com.ghisler.android.TotalCommander.TotalCommander: 0:109)* (Starting com.android.packageinstaller: 0:39)* (com.android.packageinstaller/com.android.packageinstaller.PackageInstallerActivity: 0:50)* (com.android.packageinstaller/com.android.packageinstaller.InstallAppProgress: 1:55) 
I/SFPerfTracer(  274):      triggers: (rate: 1160:454166) (365127 sw vsyncs) (1074073 skipped) (15:3452212 vsyncs) (17:4338976)
D/dalvikvm(27213): GC_EXPLICIT freed 726K, 38% free 12676K/20348K, paused 4ms+5ms, total 41ms
D/WifiStateMachine( 1025): handleMessage: E msg.what=151572
D/WifiStateMachine( 1025): processMsg: ConnectedState
D/WifiStateMachine( 1025): processMsg: L2ConnectedState
D/WifiStateMachine( 1025): handleMessage: X
I/qtaguid (18539): Failed write_ctrl(u 64) res=-1 errno=22
I/qtaguid (18539): Untagging socket 64 failed errno=-22
W/NetworkManagementSocketTagger(18539): untagSocket(64) failed with errno -22
D/Finsky  (18539): [1] 2.onResponse: Verification id=229 response=0
D/Finsky  (18539): [1] PackageVerificationReceiver.onReceive: Verification requested, id = 229
W/ActivityManager( 1025): No content provider found for permission revoke: file:///storage/emulated/0/Download/GiftMe-release.apk
I/PackageManager( 1025): Copying native libraries to /data/app-lib/vmdl-1323566107
D/WifiStateMachine( 1025): handleMessage: E msg.what=151572
D/WifiStateMachine( 1025): processMsg: ConnectedState
D/WifiStateMachine( 1025): processMsg: L2ConnectedState
D/WifiStateMachine( 1025): handleMessage: X
D/WifiStateMachine( 1025): handleMessage: E msg.what=131155
D/WifiStateMachine( 1025): processMsg: ConnectedState
D/WifiStateMachine( 1025): processMsg: L2ConnectedState
D/WifiStateMachine( 1025): handleMessage: X
W/PackageParser( 1025): No actions in intent filter at /data/app/vmdl-1323566107.tmp Binary XML file line #15
D/WifiStateMachine( 1025): handleMessage: E msg.what=151572
D/WifiStateMachine( 1025): processMsg: ConnectedState
D/WifiStateMachine( 1025): processMsg: L2ConnectedState
D/WifiStateMachine( 1025): handleMessage: X
I/ActivityManager( 1025): Force stopping co.giftmeapp.gift_me appid=10155 user=-1: uninstall pkg
I/PackageManager( 1025): Package co.giftmeapp.gift_me codePath changed from /data/app/co.giftmeapp.gift_me-2.apk to /data/app/co.giftmeapp.gift_me-1.apk; Retaining data and using new
I/SFPerfTracer(  274):      triggers: (rate: 1160:454166) (365127 sw vsyncs) (1074073 skipped) (21:3452257 vsyncs) (23:4339095)
I/PackageManager( 1025): Running dexopt on: co.giftmeapp.gift_me
I/ActivityManager( 1025): Start proc com.facebook.katana for service com.facebook.katana/com.facebook.push.mqtt.service.MqttPushService: pid=20095 uid=10110 gids={50110, 1028, 1015, 3003}
D/WifiStateMachine( 1025): handleMessage: E msg.what=151572
D/WifiStateMachine( 1025): processMsg: ConnectedState
D/WifiStateMachine( 1025): processMsg: L2ConnectedState
W/dalvikvm(20095): VFY: unable to resolve static field 29078 (a) in Lcom/facebook/katana/app/WorkAppTypes;
D/dalvikvm(20095): VFY: replacing opcode 0x62 at 0x0013
W/dalvikvm(20095): VFY: unable to resolve static field 29079 (b) in Lcom/facebook/katana/app/WorkAppTypes;
D/dalvikvm(20095): VFY: replacing opcode 0x62 at 0x001d
D/WifiStateMachine( 1025): handleMessage: X
E/dalvikvm(20095): Could not find class 'com.facebook.katana.app.WallpaperFacebookApplicationImpl', referenced from method com.facebook.katana.app.FacebookApplication.a
W/dalvikvm(20095): VFY: unable to resolve new-instance 379 (Lcom/facebook/katana/app/WallpaperFacebookApplicationImpl;) in Lcom/facebook/katana/app/FacebookApplication;
D/dalvikvm(20095): VFY: replacing opcode 0x22 at 0x00a9
D/dalvikvm(20095): DexOpt: unable to opt direct call 0x055f at 0xab in Lcom/facebook/katana/app/FacebookApplication;.a
D/CatchMeIfYouCan(20095): Process (<default>) ca: '/data/data/com.facebook.katana/app_cmiyc/A1657CCD543F12E66E587EE52ED9D802E22AAC4701'
D/CatchMeIfYouCan(20095): Process (<default>) fc: '/data/data/com.facebook.katana/app_cmiyc/A1657CCD543F12E66E587EE52ED9D802E22AAC4702'
D/CatchMeIfYouCan(20095): Process (<default>) cp: '('default', 3, 120000, silent [true], restart [false], logout [false])'
D/ACRA    (20095): ACRA is enabled for com.facebook.katana, intializing...
D/ACRA    (20095): Looking for error files in /data/data/com.facebook.katana/app_acra-reports
D/ACRA    (20095): Looking for error files in /data/data/com.facebook.katana/app_minidumps
D/dalvikvm(20095): Trying to load lib /data/app-lib/com.facebook.katana-1/libgnustl_shared.so 0x41fba898
D/dalvikvm(20095): Added shared lib /data/app-lib/com.facebook.katana-1/libgnustl_shared.so 0x41fba898
D/dalvikvm(20095): No JNI_OnLoad found in /data/app-lib/com.facebook.katana-1/libgnustl_shared.so 0x41fba898, skipping init
D/dalvikvm(20095): Trying to load lib /data/app-lib/com.facebook.katana-1/libfb_breakpad_client.so 0x41fba898
D/dalvikvm(20095): Added shared lib /data/app-lib/com.facebook.katana-1/libfb_breakpad_client.so 0x41fba898
D/dalvikvm(20095): Trying to load lib /data/app-lib/com.facebook.katana-1/libfb_dalvik-internals.so 0x41fba898
D/dalvikvm(20095): Added shared lib /data/app-lib/com.facebook.katana-1/libfb_dalvik-internals.so 0x41fba898
V/DexLibLoader(20095): about to lock: /data/data/com.facebook.katana/mdex_lock
V/DexLibLoader(20095): locking /data/data/com.facebook.katana/mdex_lock took 1 ms
V/DexLibLoader(20095): Secondary program dex metadata: secondary-1.dex.jar.xz 15ef54b77950d1e6c1cbc3342a20571a9fd8050d secondary.dex01.Canary
V/DexLibLoader(20095): Secondary program dex metadata: secondary-2.dex.jar.xz 14bcaeed5ad488eaf139a59d22cf00efbde5948b secondary.dex02.Canary
V/DexLibLoader(20095): Secondary program dex metadata: secondary-3.dex.jar.xz e8acf246c92474061a3e0f7dafec5559e33da2c5 secondary.dex03.Canary
V/DexLibLoader(20095): Secondary program dex metadata: secondary-4.dex.jar.xz 1d7a13e77be07efb41a2c80160a9aec6fff27ad1 secondary.dex04.Canary
V/DexLibLoader(20095): Secondary program dex metadata: secondary-5.dex.jar.xz 42761fa3dedc1f1a9503bece4f2db80adf01f775 secondary.dex05.Canary
V/DexLibLoader(20095): Secondary program dex metadata: secondary-6.dex.jar.xz 1b4455e1ba1ff38a86723e24cd334fa1062519f1 secondary.dex06.Canary
V/DexLibLoader(20095): Secondary program dex metadata: secondary-7.dex.jar.xz a54de6ef97459e1e5b5c8f874a889a38965d3446 secondary.dex07.Canary
V/DexLibLoader(20095): directory "/data/data/com.facebook.katana/app_secondary_program_dex" contains "program-15ef54b77950d1e6c1cbc3342a20571a9fd8050d6661a1c7.dex.jar" as expected
V/DexLibLoader(20095): directory "/data/data/com.facebook.katana/app_secondary_program_dex" contains "program-14bcaeed5ad488eaf139a59d22cf00efbde5948b6661a1c7.dex.jar" as expected
V/DexLibLoader(20095): directory "/data/data/com.facebook.katana/app_secondary_program_dex" contains "program-e8acf246c92474061a3e0f7dafec5559e33da2c56661a1c7.dex.jar" as expected
V/DexLibLoader(20095): directory "/data/data/com.facebook.katana/app_secondary_program_dex" contains "program-1d7a13e77be07efb41a2c80160a9aec6fff27ad16661a1c7.dex.jar" as expected
V/DexLibLoader(20095): directory "/data/data/com.facebook.katana/app_secondary_program_dex" contains "program-42761fa3dedc1f1a9503bece4f2db80adf01f7756661a1c7.dex.jar" as expected
V/DexLibLoader(20095): directory "/data/data/com.facebook.katana/app_secondary_program_dex" contains "program-1b4455e1ba1ff38a86723e24cd334fa1062519f16661a1c7.dex.jar" as expected
V/DexLibLoader(20095): directory "/data/data/com.facebook.katana/app_secondary_program_dex" contains "program-a54de6ef97459e1e5b5c8f874a889a38965d34466661a1c7.dex.jar" as expected
D/DexLibLoader(20095): ignoring file "program-15ef54b77950d1e6c1cbc3342a20571a9fd8050d6661a1c7.dex.odex" in "/data/data/com.facebook.katana/app_secondary_program_dex"
D/DexLibLoader(20095): ignoring file "program-14bcaeed5ad488eaf139a59d22cf00efbde5948b6661a1c7.dex.odex" in "/data/data/com.facebook.katana/app_secondary_program_dex"
D/DexLibLoader(20095): ignoring file "program-e8acf246c92474061a3e0f7dafec5559e33da2c56661a1c7.dex.odex" in "/data/data/com.facebook.katana/app_secondary_program_dex"
D/DexLibLoader(20095): ignoring file "program-1d7a13e77be07efb41a2c80160a9aec6fff27ad16661a1c7.dex.odex" in "/data/data/com.facebook.katana/app_secondary_program_dex"
D/DexLibLoader(20095): ignoring file "program-42761fa3dedc1f1a9503bece4f2db80adf01f7756661a1c7.dex.odex" in "/data/data/com.facebook.katana/app_secondary_program_dex"
D/DexLibLoader(20095): ignoring file "program-1b4455e1ba1ff38a86723e24cd334fa1062519f16661a1c7.dex.odex" in "/data/data/com.facebook.katana/app_secondary_program_dex"
V/GAV3    ( 8246): Thread[Service Reconnect,5,main]: connecting to Analytics service
D/DexLibLoader(20095): ignoring file "program-a54de6ef97459e1e5b5c8f874a889a38965d34466661a1c7.dex.odex" in "/data/data/com.facebook.katana/app_secondary_program_dex"
D/DexLibLoader(20095): directory "/data/data/com.facebook.katana/app_secondary_program_dex" is valid
D/DexLibLoader(20095): ignoring file "primary_deps" in "/data/data/com.facebook.katana/app_secondary_program_dex_opt"
V/DexLibLoader(20095): directory "/data/data/com.facebook.katana/app_secondary_program_dex_opt" contains "program-15ef54b77950d1e6c1cbc3342a20571a9fd8050d6661a1c7.dex.dex" as expected
V/DexLibLoader(20095): directory "/data/data/com.facebook.katana/app_secondary_program_dex_opt" contains "program-14bcaeed5ad488eaf139a59d22cf00efbde5948b6661a1c7.dex.dex" as expected
V/DexLibLoader(20095): directory "/data/data/com.facebook.katana/app_secondary_program_dex_opt" contains "program-e8acf246c92474061a3e0f7dafec5559e33da2c56661a1c7.dex.dex" as expected
V/GAV3    ( 8246): Thread[main,5,main]: service connected, binder: android.os.BinderProxy@42015e10
V/GAV3    ( 8246): Thread[main,5,main]: bound to service
V/DexLibLoader(20095): directory "/data/data/com.facebook.katana/app_secondary_program_dex_opt" contains "program-1d7a13e77be07efb41a2c80160a9aec6fff27ad16661a1c7.dex.dex" as expected
V/DexLibLoader(20095): directory "/data/data/com.facebook.katana/app_secondary_program_dex_opt" contains "program-42761fa3dedc1f1a9503bece4f2db80adf01f7756661a1c7.dex.dex" as expected
V/DexLibLoader(20095): directory "/data/data/com.facebook.katana/app_secondary_program_dex_opt" contains "program-1b4455e1ba1ff38a86723e24cd334fa1062519f16661a1c7.dex.dex" as expected
V/DexLibLoader(20095): directory "/data/data/com.facebook.katana/app_secondary_program_dex_opt" contains "program-a54de6ef97459e1e5b5c8f874a889a38965d34466661a1c7.dex.dex" as expected
D/DexLibLoader(20095): directory "/data/data/com.facebook.katana/app_secondary_program_dex_opt" is valid
V/GAV3    ( 8246): Thread[Service Reconnect,5,main]: connect: bindService returned true for Intent { act=com.google.android.gms.analytics.service.START cmp=com.google.android.gms/.analytics.service.AnalyticsService (has extras) }
V/GAV3    ( 8246): Thread[main,5,main]: Connected to service
D/DexLibLoader(20095): loading pre-built cross-dex opt odex files
V/dalvik-internals(20095): hooked dvmResolveClass using jump ()
V/dalvik-internals(20095): hooked dvmFlushBreakpoints using jump ()
W/ContextImpl(15041): Implicit intents with startService are not safe: Intent { act=com.google.android.gms.analytics.service.START (has extras) } android.content.ContextWrapper.bindService:517 com.google.analytics.tracking.android.AnalyticsGmsCoreClient.b:82 com.google.analytics.tracking.android.GAServiceProxy.j:279 
V/MultiDexClassLoader(20095): installing MultiDexClassLoader before application classloader
I/dalvikvm(20095): Could not find method dalvik.system.DexFile.loadClassBinaryName, referenced from method com.facebook.common.dextricks.DexFileLoadOld.a
W/dalvikvm(20095): VFY: unable to resolve virtual method 2073: Ldalvik/system/DexFile;.loadClassBinaryName (Ljava/lang/String;Ljava/lang/ClassLoader;)Ljava/lang/Class;
D/dalvikvm(20095): VFY: replacing opcode 0x6e at 0x0000
D/DexLibLoader(20095): released odex store lock
D/DexLibLoader(20095): DexLibLoader.loadAll took 355 ms
D/MemoryReductionHack(20095): Marked as initialized entry corresponding to path /data/app/com.facebook.katana-1.apk
D/GcOptimizer(20095): Enabled
V/dalvik-internals(20095): hooked dvmLinearAlloc using jump ()
V/dalvik-internals(20095): hooked dvmLinearRealloc using jump ()
V/dalvik-internals(20095): hooked dvmLinearFree using jump ()
V/dalvik-internals(20095): hooked dvmLinearStrdup using jump ()
V/dalvik-internals(20095): hooked dvmLinearAllocContains using jump ()
I/dalvik-internals(20095): enlarged linearalloc buffer to 33554432 bytes
D/WifiStateMachine( 1025): handleMessage: E msg.what=151572
D/WifiStateMachine( 1025): processMsg: ConnectedState
D/WifiStateMachine( 1025): processMsg: L2ConnectedState
D/WifiStateMachine( 1025): handleMessage: X
D/WifiStateMachine( 1025): handleMessage: E msg.what=131155
D/WifiStateMachine( 1025): processMsg: ConnectedState
D/WifiStateMachine( 1025): processMsg: L2ConnectedState
D/WifiStateMachine( 1025): handleMessage: X
W/StaticBindingVerifier(20095): Verify
I/dalvikvm(20095): Could not find method com.facebook.resources.FbResources.getDrawable, referenced from method com.facebook.resources.impl.DownloadedFbResources.getDrawable
W/dalvikvm(20095): VFY: unable to resolve virtual method 48479: Lcom/facebook/resources/FbResources;.getDrawable (ILandroid/content/res/Resources$Theme;)Landroid/graphics/drawable/Drawable;
D/dalvikvm(20095): VFY: replacing opcode 0x6f at 0x0031
D/WifiService( 1025): New client listening to asynchronous messages
D/dalvikvm(20094): DexOpt: load 328ms, verify+opt 867ms, 2178868 bytes
W/PackageManager( 1025): Code path for pkg : co.giftmeapp.gift_me changing from /data/app/co.giftmeapp.gift_me-2.apk to /data/app/co.giftmeapp.gift_me-1.apk
W/PackageManager( 1025): Resource path for pkg : co.giftmeapp.gift_me changing from /data/app/co.giftmeapp.gift_me-2.apk to /data/app/co.giftmeapp.gift_me-1.apk
I/ActivityManager( 1025): Force stopping co.giftmeapp.gift_me appid=10155 user=-1: update pkg
I/SFPerfTracer(  274):      triggers: (rate: 1298:51495) (compose: 0:262) (post: 0:21) (render: 92:10762) (0:814612 frames) (1:3410047)
D/SFPerfTracer(  274):        layers: (3:9) (DimLayer: 0:158)* (DimLayer: 0:146)* (FocusedStackFrame: 0:22942)* (StatusBar: 0:274192) (NavigationBar: 0:211150) (DimLayer: 0:26698)* (DimLayer: 0:5093)* (com.android.wallpaper.fall.FallWallpaper: 0:6781)* (com.android.packageinstaller/com.android.packageinstaller.InstallAppProgress: 1:152) 
D/dalvikvm( 1025): GC_CONCURRENT freed 5669K, 37% free 31969K/50444K, paused 4ms+19ms, total 174ms
D/dalvikvm( 1025): WAIT_FOR_CONCURRENT_GC blocked 74ms
D/dalvikvm( 1025): WAIT_FOR_CONCURRENT_GC blocked 108ms
I/ActivityManager( 1025): Force stopping co.giftmeapp.gift_me appid=10155 user=0: pkg removed
D/dalvikvm( 2458): GC_EXPLICIT freed 838K, 45% free 9492K/17224K, paused 2ms+3ms, total 23ms
I/SFPerfTracer(  274):      triggers: (rate: 1160:454166) (365127 sw vsyncs) (1074073 skipped) (0:3452257 vsyncs) (2:4339197)
D/WifiStateMachine( 1025): handleMessage: E msg.what=151572
D/WifiStateMachine( 1025): processMsg: ConnectedState
D/WifiStateMachine( 1025): processMsg: L2ConnectedState
D/WifiStateMachine( 1025): handleMessage: X
I/InputReader( 1025): Reconfiguring input devices.  changes=0x00000010
I/PackageManager( 1025): Adding preferred activity ComponentInfo{com.android.mms/com.android.mms.ui.ComposeMessageActivity} for user 0 :
I/PackageManager( 1025):   Action: "android.intent.action.SENDTO"
I/PackageManager( 1025):   Category: "android.intent.category.DEFAULT"
I/PackageManager( 1025):   Scheme: "sms"
D/dalvikvm( 1119): GC_EXPLICIT freed 1924K, 34% free 13488K/20264K, paused 2ms+4ms, total 75ms
I/PackageManager( 1025): Adding preferred activity ComponentInfo{com.android.mms/com.android.mms.ui.ComposeMessageActivity} for user 0 :
I/PackageManager( 1025):   Action: "android.intent.action.SENDTO"
I/PackageManager( 1025):   Category: "android.intent.category.DEFAULT"
I/PackageManager( 1025):   Scheme: "smsto"
D/dalvikvm(18199): GC_EXPLICIT freed 1477K, 39% free 10508K/17224K, paused 2ms+7ms, total 150ms
D/dalvikvm( 5150): GC_EXPLICIT freed 702K, 17% free 14436K/17228K, paused 3ms+10ms, total 154ms
D/dalvikvm(18539): GC_EXPLICIT freed 4673K, 40% free 10449K/17224K, paused 2ms+28ms, total 138ms
I/PackageManager( 1025): Adding preferred activity ComponentInfo{com.android.mms/com.android.mms.ui.ComposeMessageActivity} for user 0 :
I/PackageManager( 1025):   Action: "android.intent.action.SENDTO"
I/PackageManager( 1025):   Category: "android.intent.category.DEFAULT"
I/PackageManager( 1025):   Scheme: "mms"
I/PackageManager( 1025): Adding preferred activity ComponentInfo{com.android.mms/com.android.mms.ui.ComposeMessageActivity} for user 0 :
I/PackageManager( 1025):   Action: "android.intent.action.SENDTO"
I/PackageManager( 1025):   Category: "android.intent.category.DEFAULT"
I/PackageManager( 1025):   Scheme: "mmsto"
I/InputReader( 1025): Reconfiguring input devices.  changes=0x00000010
I/Launcher( 5150): Deferring update until onResume
I/PackageManager( 1025): Adding preferred activity ComponentInfo{com.android.mms/com.android.mms.ui.ComposeMessageActivity} for user 0 :
I/PackageManager( 1025):   Action: "android.intent.action.SENDTO"
I/PackageManager( 1025):   Category: "android.intent.category.DEFAULT"
I/PackageManager( 1025):   Scheme: "sms"
I/InputReader( 1025): Reconfiguring input devices.  changes=0x00000010
I/PackageManager( 1025): Adding preferred activity ComponentInfo{com.android.mms/com.android.mms.ui.ComposeMessageActivity} for user 0 :
I/PackageManager( 1025):   Action: "android.intent.action.SENDTO"
I/PackageManager( 1025):   Category: "android.intent.category.DEFAULT"
I/PackageManager( 1025):   Scheme: "smsto"
I/PackageManager( 1025): Adding preferred activity ComponentInfo{com.android.mms/com.android.mms.ui.ComposeMessageActivity} for user 0 :
I/PackageManager( 1025):   Action: "android.intent.action.SENDTO"
I/PackageManager( 1025):   Category: "android.intent.category.DEFAULT"
I/PackageManager( 1025):   Scheme: "mms"
I/ActivityManager( 1025): Start proc com.android.keychain for broadcast com.android.keychain/.KeyChainBroadcastReceiver: pid=20137 uid=1000 gids={41000, 1028, 1015, 3002, 3001, 3003, 1021, 3004, 3005, 1000, 3009, 1023, 1010, 1004, 2002, 3006}
D/dalvikvm( 1025): GC_EXPLICIT freed 1442K, 38% free 31460K/50444K, paused 9ms+26ms, total 218ms
D/dalvikvm(20095): Trying to load lib /data/app-lib/com.facebook.katana-1/libfbjni.so 0x41fba898
E/dalvikvm(20095): Could not find class 'org.apache.harmony.xnet.provider.jsse.OpenSSLSocketImpl', referenced from method com.facebook.ssl.openssl.check.CheckOpenSSLImplHasRequiredMethods.<clinit>
W/dalvikvm(20095): VFY: unable to resolve const-class 13808 (Lorg/apache/harmony/xnet/provider/jsse/OpenSSLSocketImpl;) in Lcom/facebook/ssl/openssl/check/CheckOpenSSLImplHasRequiredMethods;
D/dalvikvm(20095): VFY: replacing opcode 0x1c at 0x000d
E/dalvikvm(20095): Could not find class 'org.apache.harmony.xnet.provider.jsse.OpenSSLSocketFactoryImpl', referenced from method com.facebook.ssl.openssl.reflect.SSLParametersGetter.<clinit>
W/dalvikvm(20095): VFY: unable to resolve const-class 13807 (Lorg/apache/harmony/xnet/provider/jsse/OpenSSLSocketFactoryImpl;) in Lcom/facebook/ssl/openssl/reflect/SSLParametersGetter;
D/dalvikvm(20095): VFY: replacing opcode 0x1c at 0x000d
E/dalvikvm(20095): Could not find class 'org.apache.harmony.xnet.provider.jsse.SSLParametersImpl', referenced from method com.facebook.ssl.openssl.reflect.SSLParametersGetter.a
W/dalvikvm(20095): VFY: unable to resolve check-cast 13809 (Lorg/apache/harmony/xnet/provider/jsse/SSLParametersImpl;) in Lcom/facebook/ssl/openssl/reflect/SSLParametersGetter;
D/dalvikvm(20095): VFY: replacing opcode 0x1f at 0x0006
D/dalvikvm(20095): Added shared lib /data/app-lib/com.facebook.katana-1/libfbjni.so 0x41fba898
D/dalvikvm(20095): Trying to load lib /data/app-lib/com.facebook.katana-1/libcares.so 0x41fba898
E/dalvikvm(20095): Could not find class 'org.apache.harmony.xnet.provider.jsse.SSLParametersImpl', referenced from method com.facebook.ssl.openssl.reflect.SSLSessionTimeoutSetter.<clinit>
W/dalvikvm(20095): VFY: unable to resolve const-class 13809 (Lorg/apache/harmony/xnet/provider/jsse/SSLParametersImpl;) in Lcom/facebook/ssl/openssl/reflect/SSLSessionTimeoutSetter;
D/dalvikvm(20095): VFY: replacing opcode 0x1c at 0x000d
W/dalvikvm(20095): VFY: unable to find class referenced in signature (Lorg/apache/harmony/xnet/provider/jsse/SSLParametersImpl;)
E/dalvikvm(20095): Could not find class 'org.apache.harmony.xnet.provider.jsse.ClientSessionContext', referenced from method com.facebook.ssl.openssl.reflect.SSLSessionTimeoutSetter.a
W/dalvikvm(20095): VFY: unable to resolve check-cast 13806 (Lorg/apache/harmony/xnet/provider/jsse/ClientSessionContext;) in Lcom/facebook/ssl/openssl/reflect/SSLSessionTimeoutSetter;
D/dalvikvm(20095): VFY: replacing opcode 0x1f at 0x0006
W/dalvikvm(20095): VFY: unable to find class referenced in signature (Lorg/apache/harmony/xnet/provider/jsse/SSLParametersImpl;)
W/dalvikvm(20095): Unable to resolve superclass of Lcom/facebook/ssl/openssl/TicketEnabledOpenSSLSocketImplWrapper; (11243)
W/dalvikvm(20095): Link of class 'Lcom/facebook/ssl/openssl/TicketEnabledOpenSSLSocketImplWrapper;' failed
E/dalvikvm(20095): Could not find class 'com.facebook.ssl.openssl.TicketEnabledOpenSSLSocketImplWrapper', referenced from method com.facebook.ssl.openssl.TicketEnabledOpenSSLSocketFactoryHelper.a
W/dalvikvm(20095): VFY: unable to resolve new-instance 10681 (Lcom/facebook/ssl/openssl/TicketEnabledOpenSSLSocketImplWrapper;) in Lcom/facebook/ssl/openssl/TicketEnabledOpenSSLSocketFactoryHelper;
D/dalvikvm(20095): VFY: replacing opcode 0x22 at 0x0000
W/dalvikvm(20095): Unable to resolve superclass of Lcom/facebook/ssl/openssl/TicketEnabledOpenSSLSocketImplWrapper; (11243)
W/dalvikvm(20095): Link of class 'Lcom/facebook/ssl/openssl/TicketEnabledOpenSSLSocketImplWrapper;' failed
D/dalvikvm(20095): DexOpt: unable to opt direct call 0xc22f at 0x08 in Lcom/facebook/ssl/openssl/TicketEnabledOpenSSLSocketFactoryHelper;.a
W/InputMethodInfo( 1025): Duplicated subtype definition found: , voice
D/dalvikvm(20095): Added shared lib /data/app-lib/com.facebook.katana-1/libcares.so 0x41fba898
D/dalvikvm(20095): No JNI_OnLoad found in /data/app-lib/com.facebook.katana-1/libcares.so 0x41fba898, skipping init
D/dalvikvm(20095): Trying to load lib /data/app-lib/com.facebook.katana-1/libdouble-conversion.so 0x41fba898
D/dalvikvm(20095): Added shared lib /data/app-lib/com.facebook.katana-1/libdouble-conversion.so 0x41fba898
D/dalvikvm(20095): No JNI_OnLoad found in /data/app-lib/com.facebook.katana-1/libdouble-conversion.so 0x41fba898, skipping init
D/dalvikvm(20095): Trying to load lib /data/app-lib/com.facebook.katana-1/libevent.so 0x41fba898
D/dalvikvm(20095): Added shared lib /data/app-lib/com.facebook.katana-1/libevent.so 0x41fba898
D/dalvikvm(20095): No JNI_OnLoad found in /data/app-lib/com.facebook.katana-1/libevent.so 0x41fba898, skipping init
D/dalvikvm(20095): Trying to load lib /data/app-lib/com.facebook.katana-1/libliger.so 0x41fba898
D/dalvikvm(20095): Added shared lib /data/app-lib/com.facebook.katana-1/libliger.so 0x41fba898
I/PackageManager( 1025): Adding preferred activity ComponentInfo{com.android.mms/com.android.mms.ui.ComposeMessageActivity} for user 0 :
I/PackageManager( 1025):   Action: "android.intent.action.SENDTO"
I/PackageManager( 1025):   Category: "android.intent.category.DEFAULT"
I/PackageManager( 1025):   Scheme: "mmsto"
I/PackageManager( 1025): Adding preferred activity ComponentInfo{com.android.mms/com.android.mms.ui.ComposeMessageActivity} for user 0 :
I/PackageManager( 1025):   Action: "android.intent.action.SENDTO"
I/PackageManager( 1025):   Category: "android.intent.category.DEFAULT"
I/PackageManager( 1025):   Scheme: "sms"
I/PackageManager( 1025): Adding preferred activity ComponentInfo{com.android.mms/com.android.mms.ui.ComposeMessageActivity} for user 0 :
I/PackageManager( 1025):   Action: "android.intent.action.SENDTO"
I/PackageManager( 1025):   Category: "android.intent.category.DEFAULT"
I/PackageManager( 1025):   Scheme: "smsto"
W/ContextImpl(20137): Calling a method in the system process without a qualified user: android.app.ContextImpl.startService:1608 android.content.ContextWrapper.startService:494 android.content.ContextWrapper.startService:494 com.android.keychain.KeyChainBroadcastReceiver.onReceive:12 android.app.ActivityThread.handleReceiver:2434 
I/PackageManager( 1025): Adding preferred activity ComponentInfo{com.android.mms/com.android.mms.ui.ComposeMessageActivity} for user 0 :
I/PackageManager( 1025):   Action: "android.intent.action.SENDTO"
I/PackageManager( 1025):   Category: "android.intent.category.DEFAULT"
I/PackageManager( 1025):   Scheme: "mms"
I/PackageManager( 1025): Adding preferred activity ComponentInfo{com.android.mms/com.android.mms.ui.ComposeMessageActivity} for user 0 :
I/PackageManager( 1025):   Action: "android.intent.action.SENDTO"
I/PackageManager( 1025):   Category: "android.intent.category.DEFAULT"
I/PackageManager( 1025):   Scheme: "mmsto"
I/Launcher( 5150): Deferring update until onResume
I/PackageManager( 1025): Adding preferred activity ComponentInfo{com.android.mms/com.android.mms.ui.ComposeMessageActivity} for user 0 :
I/PackageManager( 1025):   Action: "android.intent.action.SENDTO"
I/PackageManager( 1025):   Category: "android.intent.category.DEFAULT"
I/PackageManager( 1025):   Scheme: "sms"
I/PackageManager( 1025): Adding preferred activity ComponentInfo{com.android.mms/com.android.mms.ui.ComposeMessageActivity} for user 0 :
I/PackageManager( 1025):   Action: "android.intent.action.SENDTO"
I/PackageManager( 1025):   Category: "android.intent.category.DEFAULT"
I/PackageManager( 1025):   Scheme: "smsto"
D/WifiStateMachine( 1025): handleMessage: E msg.what=151572
D/WifiStateMachine( 1025): processMsg: ConnectedState
D/WifiStateMachine( 1025): processMsg: L2ConnectedState
D/WifiStateMachine( 1025): handleMessage: X
I/PackageManager( 1025): Adding preferred activity ComponentInfo{com.android.mms/com.android.mms.ui.ComposeMessageActivity} for user 0 :
