W/GAV2    ( 9067): Thread[z,1,main]: dispatch call queued.  Need to call GAServiceManager.getInstance().initialize().
I/ActivityManager( 1025): Start proc com.android.deskclock for broadcast com.android.deskclock/com.android.alarmclock.DigitalAppWidgetProvider: pid=9153 uid=10015 gids={50015, 1028}
D/GCM     (31010): Message class com.google.f.a.a.i
I/EventLogService( 7970): Aggregate from 1429806601078 (log), 1429805701549 (data)
I/ActivityManager( 1025): Process com.devexpert.weather (pid 9111) has died.
I/ActivityManager( 1025): Process com.android.deskclock (pid 9153) has died.
I/MDMCTBK (  273): NetlinkHandler, power_supply subsys
I/MDMCTBK (  273): NetlinkHandler, usbChargerStateChanged
I/MDMCTBK (  273): checkDefaultInst, current pid is = 273
I/MDMCTBK (  273): checkDefaultInst, pid match
I/MDMCTBK (  273): MdmCutbackHndler,readFromFile = /sys/class/power_supply/usb/online
I/MDMCTBK (  273): MdmCutbackHndler,readFromFile = 
E/MDMCTBK (  273): MdmCutbackHndler,Could not open ''
W/ContextImpl( 1295): Calling a method in the system process without a qualified user: android.app.ContextImpl.startService:1608 android.content.ContextWrapper.startService:494 android.content.ContextWrapper.startService:494 com.motorola.motocare.internal.batterystats.BatteryStatsAction.onReceive:33 android.app.ActivityThread.handleReceiver:2434 
I/MDMCTBK (  273): NetlinkHandler, power_supply subsys
I/MDMCTBK (  273): NetlinkHandler, usbChargerStateChanged
I/MDMCTBK (  273): checkDefaultInst, current pid is = 273
I/MDMCTBK (  273): checkDefaultInst, pid match
I/MDMCTBK (  273): MdmCutbackHndler,readFromFile = /sys/class/power_supply/usb/online
I/MDMCTBK (  273): MdmCutbackHndler,readFromFile = 
E/MDMCTBK (  273): MdmCutbackHndler,Could not open ''
I/MDMCTBK (  273): NetlinkHandler, power_supply subsys
I/MDMCTBK (  273): NetlinkHandler, usbChargerStateChanged
I/MDMCTBK (  273): checkDefaultInst, current pid is = 273
I/MDMCTBK (  273): checkDefaultInst, pid match
I/MDMCTBK (  273): MdmCutbackHndler,readFromFile = /sys/class/power_supply/usb/online
I/MDMCTBK (  273): MdmCutbackHndler,readFromFile = 
E/MDMCTBK (  273): MdmCutbackHndler,Could not open ''
D/WifiService( 1025): acquireWifiLockLocked: WifiLock{NlpWifiLock type=2 binder=android.os.BinderProxy@42bb6ee0}
I/MDMCTBK (  273): NetlinkHandler, power_supply subsys
I/MDMCTBK (  273): NetlinkHandler, usbChargerStateChanged
I/MDMCTBK (  273): checkDefaultInst, current pid is = 273
I/MDMCTBK (  273): checkDefaultInst, pid match
I/MDMCTBK (  273): MdmCutbackHndler,readFromFile = /sys/class/power_supply/usb/online
I/MDMCTBK (  273): MdmCutbackHndler,readFromFile = 
E/MDMCTBK (  273): MdmCutbackHndler,Could not open ''
D/dalvikvm( 2458): GC_CONCURRENT freed 1946K, 44% free 9653K/17224K, paused 3ms+2ms, total 20ms
D/dalvikvm( 1295): GC_CONCURRENT freed 1954K, 44% free 9713K/17224K, paused 3ms+4ms, total 30ms
D/dalvikvm( 1295): WAIT_FOR_CONCURRENT_GC blocked 14ms
D/ConnectivityService( 1025): handleInetConditionHoldEnd: net=1, condition=100, published condition=100
I/ModemStatsDSDetect( 1327): onReceive() -Intent { act=android.net.conn.INET_CONDITION_ACTION flg=0x4000010 (has extras) }
D/WifiService( 1025): releaseWifiLockLocked: WifiLock{NlpWifiLock type=2 binder=android.os.BinderProxy@42bb6ee0}
I/SBar.NetworkController( 1119): onReceive: ConnectivityManager.INET_CONDITION_ACTION Received
I/ModemStatsDSDetect( 1327): INET_CONDITION=100 ,activeNet=NetworkInfo: type: WIFI[], state: CONNECTED/CONNECTED, reason: (unspecified), extra: "Moulin Rouge", roaming: false, failover: false, isAvailable: true, isConnectedToProvisioningNetwork: false
I/ModemStatsDSDetect( 1327): onReceive() - done, currentInetCondition=100
I/SBar.NetworkController( 1119): updateConnectivity: NetworkInfo: NetworkInfo: type: WIFI[], state: CONNECTED/CONNECTED, reason: (unspecified), extra: "Moulin Rouge", roaming: false, failover: false, isAvailable: true, isConnectedToProvisioningNetwork: false, inetCondition= 1
I/AKMD2   (  289): Compass Closed.
I/AKMD2   (  289): Compass Opened.
I/ThermalEngine(  286): Sensor:tmp108:25000 mC
V/AlarmManager( 1025): sending alarm Alarm{42bf75e0 type 3 android}
I/AKMD2   (  289): Compass Closed.
I/AKMD2   (  289): Compass Opened.
V/AlarmManager( 1025): sending alarm Alarm{42bf7a10 type 2 com.facebook.katana}
V/AlarmManager( 1025): sending alarm Alarm{42bf6238 type 3 com.devexpert.weather}
I/ActivityManager( 1025): Start proc com.devexpert.weather for broadcast com.devexpert.weather/.view.WidgetWeather2x1: pid=9207 uid=10112 gids={50112, 3003, 1028, 1015}
I/AKMD2   (  289): Compass Closed.
I/ThermalEngine(  286): Sensor:tmp108:24000 mC
I/AKMD2   (  289): Compass Opened.
I/ActivityManager( 1025): Process com.devexpert.weather (pid 9207) has died.
I/ThermalEngine(  286): Sensor:tmp108:24000 mC
I/AKMD2   (  289): Compass Closed.
I/AKMD2   (  289): Compass Opened.
W/ProcessCpuTracker( 1025): Skipping unknown process pid 9238
W/ProcessCpuTracker( 1025): Skipping unknown process pid 9239
W/ProcessCpuTracker( 1025): Skipping unknown process pid 9244
I/AKMD2   (  289): Compass Closed.
I/AKMD2   (  289): Compass Opened.
I/ThermalEngine(  286): Sensor:tmp108:24000 mC
V/AlarmManager( 1025): sending alarm Alarm{42af3d90 type 3 android}
V/AlarmManager( 1025): sending alarm Alarm{42ae7700 type 3 com.devexpert.weather}
I/AKMD2   (  289): Compass Closed.
I/AKMD2   (  289): Compass Opened.
I/ActivityManager( 1025): Start proc com.devexpert.weather for broadcast com.devexpert.weather/.view.WidgetWeather2x1: pid=9292 uid=10112 gids={50112, 3003, 1028, 1015}
D/MDMCTBK (  273): reply_len: 40 reply is = IFNAME=wlan0 <3>CTRL-EVENT-BSS-REMOVED 3
D/MDMCTBK (  273): Event received = CTRL-EVENT-BSS-REMOVED 3
D/MDMCTBK (  273): reply_len: 40 reply is = IFNAME=wlan0 <3>CTRL-EVENT-BSS-REMOVED 3
D/MDMCTBK (  273): Event received = CTRL-EVENT-BSS-REMOVED 3
D/MDMCTBK (  273): reply_len: 40 reply is = IFNAME=wlan0 <3>CTRL-EVENT-BSS-REMOVED 3
D/MDMCTBK (  273): Event received = CTRL-EVENT-BSS-REMOVED 3
D/MDMCTBK (  273): reply_len: 40 reply is = IFNAME=wlan0 <3>CTRL-EVENT-BSS-REMOVED 3
D/MDMCTBK (  273): Event received = CTRL-EVENT-BSS-REMOVED 3
D/MDMCTBK (  273): reply_len: 40 reply is = IFNAME=wlan0 <3>CTRL-EVENT-BSS-REMOVED 3
D/MDMCTBK (  273): Event received = CTRL-EVENT-BSS-REMOVED 3
I/AKMD2   (  289): Compass Closed.
I/AKMD2   (  289): Compass Opened.
V/AlarmManager( 1025): sending alarm Alarm{42ace5e0 type 3 android}
V/AlarmManager( 1025): sending alarm Alarm{42ad5040 type 3 com.devexpert.weather}
I/ThermalEngine(  286): Sensor:tmp108:24000 mC
I/AKMD2   (  289): Compass Closed.
I/AKMD2   (  289): Compass Opened.
I/MDMCTBK (  273): NetlinkHandler, power_supply subsys
I/MDMCTBK (  273): NetlinkHandler, usbChargerStateChanged
I/MDMCTBK (  273): checkDefaultInst, current pid is = 273
I/MDMCTBK (  273): checkDefaultInst, pid match
I/MDMCTBK (  273): MdmCutbackHndler,readFromFile = /sys/class/power_supply/usb/online
I/MDMCTBK (  273): MdmCutbackHndler,readFromFile = 
E/MDMCTBK (  273): MdmCutbackHndler,Could not open ''
I/MDMCTBK (  273): NetlinkHandler, power_supply subsys
I/MDMCTBK (  273): NetlinkHandler, usbChargerStateChanged
I/MDMCTBK (  273): checkDefaultInst, current pid is = 273
I/MDMCTBK (  273): checkDefaultInst, pid match
I/MDMCTBK (  273): MdmCutbackHndler,readFromFile = /sys/class/power_supply/usb/online
I/MDMCTBK (  273): MdmCutbackHndler,readFromFile = 
E/MDMCTBK (  273): MdmCutbackHndler,Could not open ''
I/AKMD2   (  289): Compass Closed.
I/AKMD2   (  289): Compass Opened.
I/AKMD2   (  289): Compass Closed.
I/AKMD2   (  289): Compass Opened.
W/ContextImpl( 9067): Implicit intents with startService are not safe: Intent { act=com.google.android.gms.analytics.service.START (has extras) } android.content.ContextWrapper.bindService:517 com.google.analytics.tracking.android.AnalyticsGmsCoreClient.b:82 com.google.analytics.tracking.android.GAServiceProxy.j:279 
I/GAV2    ( 9067): Thread[GAThread,1,main]: No campaign data found.
I/ThermalEngine(  286): Sensor:tmp108:24000 mC
I/AKMD2   (  289): Compass Closed.
I/AKMD2   (  289): Compass Opened.
V/AlarmManager( 1025): sending alarm Alarm{42abf3c0 type 3 android}
V/AlarmManager( 1025): sending alarm Alarm{42bf4db8 type 2 com.facebook.orca}
V/AlarmManager( 1025): sending alarm Alarm{42bf41f0 type 2 com.whatsapp}
V/AlarmManager( 1025): sending alarm Alarm{42bf2940 type 2 com.google.android.gms}
V/AlarmManager( 1025): sending alarm Alarm{42bf2238 type 2 com.google.android.talk}
V/AlarmManager( 1025): sending alarm Alarm{42bef8c0 type 2 com.google.android.talk}
V/AlarmManager( 1025): sending alarm Alarm{42bee098 type 2 com.google.android.talk}
V/AlarmManager( 1025): sending alarm Alarm{42becc58 type 2 com.google.android.talk}
V/AlarmManager( 1025): sending alarm Alarm{42bec968 type 2 com.google.android.talk}
V/AlarmManager( 1025): sending alarm Alarm{42bec8c0 type 2 com.motorola.ccc.cce}
V/AlarmManager( 1025): sending alarm Alarm{42beb438 type 2 com.google.android.talk}
V/AlarmManager( 1025): sending alarm Alarm{42ac3970 type 3 com.devexpert.weather}
V/AlarmManager( 1025): sending alarm Alarm{42be8dc8 type 1 com.google.android.inputmethod.latin}
D/CCE     (18647): Registering with Alarm Manager to restart CCE
I/ActivityManager( 1025): Start proc com.google.android.inputmethod.latin for broadcast com.google.android.inputmethod.latin/com.android.inputmethod.latin.personalization.DictionaryDecayBroadcastReciever: pid=9377 uid=10074 gids={50074, 3003, 1028, 1015}
V/AlarmManager( 1025): sending alarm Alarm{434fa080 type 3 android}
I/ThermalEngine(  286): Sensor:tmp108:24000 mC
I/AKMD2   (  289): Compass Closed.
I/AKMD2   (  289): Compass Opened.
V/AlarmManager( 1025): sending alarm Alarm{434cfd38 type 2 com.facebook.orca}
I/ThermalEngine(  286): Sensor:tmp108:24000 mC
I/AKMD2   (  289): Compass Closed.
I/AKMD2   (  289): Compass Opened.
V/AlarmManager( 1025): sending alarm Alarm{42b9b1b8 type 3 com.devexpert.weather}
V/AlarmManager( 1025): sending alarm Alarm{42b97728 type 2 com.google.android.gms}
W/GCM     (31010): Heartbeat timeout, GCM connection reset
I/ActivityManager( 1025): Start proc com.google.android.talk for broadcast com.google.android.talk/com.google.android.apps.hangouts.service.NetworkStateReceiver: pid=9414 uid=10071 gids={50071, 3003, 1028, 1015, 3002}
I/GoogleURLConnFactory(31010): Using platform SSLCertificateSocketFactory
W/Uploader(31010): No account for auth token provided
D/dalvikvm( 9414): Trying to load lib /data/app-lib/com.google.android.talk-2/libcrashreporterer.so 0x41fae6b0
D/dalvikvm( 9414): Added shared lib /data/app-lib/com.google.android.talk-2/libcrashreporterer.so 0x41fae6b0
E/dalvikvm( 9414): Could not find class 'android.app.Notification$Action$Builder', referenced from method f.a
W/dalvikvm( 9414): VFY: unable to resolve new-instance 402 (Landroid/app/Notification$Action$Builder;) in Lf;
D/dalvikvm( 9414): VFY: replacing opcode 0x22 at 0x0000
E/dalvikvm( 9414): Could not find class 'android.app.RemoteInput$Builder', referenced from method f.a
W/dalvikvm( 9414): VFY: unable to resolve new-instance 414 (Landroid/app/RemoteInput$Builder;) in Lf;
D/dalvikvm( 9414): VFY: replacing opcode 0x22 at 0x003d
W/Uploader(31010): No account for auth token provided
E/dalvikvm( 9414): Could not find class 'android.app.Notification$Action$Builder', referenced from method f.a
W/dalvikvm( 9414): VFY: unable to resolve new-instance 402 (Landroid/app/Notification$Action$Builder;) in Lf;
D/dalvikvm( 9414): VFY: replacing opcode 0x22 at 0x0000
W/dalvikvm( 9414): Unable to resolve superclass of Law; (790)
W/dalvikvm( 9414): Link of class 'Law;' failed
E/dalvikvm( 9414): Could not find class 'aw', referenced from method f.a
W/dalvikvm( 9414): VFY: unable to resolve new-instance 1214 (Law;) in Lf;
D/dalvikvm( 9414): VFY: replacing opcode 0x22 at 0x0006
W/dalvikvm( 9414): Unable to resolve superclass of Lay; (790)
W/dalvikvm( 9414): Link of class 'Lay;' failed
E/dalvikvm( 9414): Could not find class 'ay', referenced from method f.a
W/dalvikvm( 9414): VFY: unable to resolve new-instance 1268 (Lay;) in Lf;
D/dalvikvm( 9414): VFY: replacing opcode 0x22 at 0x002a
I/dalvikvm( 9414): Could not find method android.view.ViewGroup.isTransitionGroup, referenced from method f.a
W/dalvikvm( 9414): VFY: unable to resolve virtual method 5345: Landroid/view/ViewGroup;.isTransitionGroup ()Z
D/dalvikvm( 9414): VFY: replacing opcode 0x6e at 0x000c
I/dalvikvm( 9414): Could not find method android.view.View.getTransitionName, referenced from method f.a
W/dalvikvm( 9414): VFY: unable to resolve virtual method 5199: Landroid/view/View;.getTransitionName ()Ljava/lang/String;
D/dalvikvm( 9414): VFY: replacing opcode 0x6e at 0x0006
W/dalvikvm( 9414): VFY: unable to find class referenced in signature ([Landroid/app/RemoteInput;)
E/dalvikvm( 9414): Could not find class 'android.app.RemoteInput[]', referenced from method f.a
W/dalvikvm( 9414): VFY: unable to resolve new-array 6957 ([Landroid/app/RemoteInput;) in Lf;
D/dalvikvm( 9414): VFY: replacing opcode 0x23 at 0x0005
D/dalvikvm( 9414): DexOpt: couldn't find static field Landroid/os/Build;.SUPPORTED_ABIS
W/dalvikvm( 9414): VFY: unable to resolve static field 1486 (SUPPORTED_ABIS) in Landroid/os/Build;
D/dalvikvm( 9414): VFY: replacing opcode 0x62 at 0x0006
D/dalvikvm( 9414): DexOpt: unable to opt direct call 0x0a62 at 0x0e in Lf;.a
D/dalvikvm( 9414): DexOpt: unable to opt direct call 0x0ab7 at 0x43 in Lf;.a
D/dalvikvm( 9414): DexOpt: unable to opt direct call 0x0a62 at 0x0e in Lf;.a
W/dalvikvm( 9414): Unable to resolve superclass of Law; (790)
W/dalvikvm( 9414): Link of class 'Law;' failed
D/dalvikvm( 9414): DexOpt: unable to opt direct call 0x1d53 at 0x08 in Lf;.a
W/dalvikvm( 9414): Unable to resolve superclass of Lay; (790)
W/dalvikvm( 9414): Link of class 'Lay;' failed
D/dalvikvm( 9414): DexOpt: unable to opt direct call 0x1e94 at 0x2c in Lf;.a
D/dalvikvm( 9414): DexOpt: unable to opt direct call 0x0ab7 at 0x13 in Lf;.a
I/dalvikvm( 9414): Could not find method android.content.Context.getDrawable, referenced from method i.a
W/dalvikvm( 9414): VFY: unable to resolve virtual method 2839: Landroid/content/Context;.getDrawable (I)Landroid/graphics/drawable/Drawable;
D/dalvikvm( 9414): VFY: replacing opcode 0x6e at 0x0006
I/Babel   ( 9414): MmsConfig: mnc/mcc: 272/3
I/Babel   ( 9414): MmsConfig.loadMmsSettings
I/Babel   ( 9414): MmsConfig.loadDeviceMmsSettings from API: mUserAgent=motoxt1039, mUaProfUrl=http://uaprof.motorola.com/phoneconfig/motoxt1039/Profile/motoxt1039.rdf
I/Babel   ( 9414): MmsConfig.loadFromDatabase
I/ThermalEngine(  286): Sensor:tmp108:24000 mC
I/AKMD2   (  289): Compass Closed.
I/AKMD2   (  289): Compass Opened.
E/SQLiteLog( 9414): (1) no such table: mmsconfig
I/Babel   ( 9414): MmsConfig: no mmsconfig table android.database.sqlite.SQLiteException: no such table: mmsconfig (code 1): , while compiling: SELECT key, value, type FROM mmsconfig WHERE numeric=?
I/Babel   ( 9414): MmsConfig.loadFromResources
I/AKMD2   (  289): Compass Closed.
I/AKMD2   (  289): Compass Opened.
V/AlarmManager( 1025): sending alarm Alarm{427018a8 type 2 com.facebook.orca}
V/AlarmManager( 1025): sending alarm Alarm{426f0518 type 2 com.whatsapp}
V/AlarmManager( 1025): sending alarm Alarm{42676608 type 2 com.google.android.gms}
E/Babel   ( 9414): canonicalizeMccMnc: invalid mccmnc nullnull
I/Babel   ( 9414): MmsConfig.loadMmsSettings: mUserAgent=motoxt1039, mUaProfUrl=http://uaprof.motorola.com/phoneconfig/motoxt1039/Profile/motoxt1039.rdf
W/Settings( 9414): Setting airplane_mode_on has moved from android.provider.Settings.System to android.provider.Settings.Global, returning read-only value.
I/Babel_StickerModule( 9414): App launched.
W/AppOps  ( 1025): Bad call: specified package qcamera under uid 1013 but it is really -1
W/AppOps  ( 1025): Bad call: specified package qcamera under uid 1013 but it is really -1
W/AppOps  ( 1025): Bad call: specified package qcamera under uid 1013 but it is really -1
I/dalvikvm(22167): Total arena pages for JIT: 83
I/dalvikvm(22167): Total arena pages for JIT: 84
I/dalvikvm(22167): Total arena pages for JIT: 85
W/AppOps  ( 1025): Bad call: specified package qcamera under uid 1013 but it is really -1
I/dalvikvm(22167): Total arena pages for JIT: 86
W/dalvikvm( 9414): Unable to resolve superclass of Lcom/google/android/libraries/hangouts/video/ScreenCaptureVideoSource$2; (596)
W/dalvikvm( 9414): Link of class 'Lcom/google/android/libraries/hangouts/video/ScreenCaptureVideoSource$2;' failed
E/dalvikvm( 9414): Could not find class 'com.google.android.libraries.hangouts.video.ScreenCaptureVideoSource$2', referenced from method com.google.android.libraries.hangouts.video.ScreenCaptureVideoSource.<init>
W/dalvikvm( 9414): VFY: unable to resolve new-instance 2878 (Lcom/google/android/libraries/hangouts/video/ScreenCaptureVideoSource$2;) in Lcom/google/android/libraries/hangouts/video/ScreenCaptureVideoSource;
D/dalvikvm( 9414): VFY: replacing opcode 0x22 at 0x0044
I/dalvikvm(22167): Total arena pages for JIT: 87
I/dalvikvm(22167): Total arena pages for JIT: 88
I/dalvikvm(22167): Total arena pages for JIT: 89
I/dalvikvm(22167): Total arena pages for JIT: 90
I/dalvikvm(22167): Total arena pages for JIT: 91
I/dalvikvm(22167): Total arena pages for JIT: 92
I/dalvikvm(22167): Total arena pages for JIT: 93
I/dalvikvm(22167): Total arena pages for JIT: 94
I/dalvikvm(22167): Total arena pages for JIT: 95
I/dalvikvm(22167): Total arena pages for JIT: 96
I/dalvikvm(22167): Total arena pages for JIT: 97
I/dalvikvm(22167): Total arena pages for JIT: 98
I/dalvikvm(22167): Total arena pages for JIT: 99
I/dalvikvm(22167): Total arena pages for JIT: 100
I/dalvikvm(22167): Total arena pages for JIT: 101
I/dalvikvm(22167): Total arena pages for JIT: 102
W/dalvikvm( 9414): VFY: unable to find class referenced in signature (Landroid/media/projection/MediaProjection;)
W/dalvikvm( 9414): VFY: unable to find class referenced in signature (Landroid/media/projection/MediaProjection;)
W/dalvikvm( 9414): VFY: unable to find class referenced in signature (Landroid/media/projection/MediaProjection;)
W/dalvikvm( 9414): VFY: unable to find class referenced in signature (Landroid/media/projection/MediaProjectionManager;)
I/dalvikvm( 9414): Could not find method android.media.projection.MediaProjection.createVirtualDisplay, referenced from method com.google.android.libraries.hangouts.video.ScreenCaptureVideoSource.createVirtualDisplay
W/dalvikvm( 9414): VFY: unable to resolve virtual method 3518: Landroid/media/projection/MediaProjection;.createVirtualDisplay (Ljava/lang/String;IIIILandroid/view/Surface;Landroid/hardware/display/VirtualDisplay$Callback;Landroid/os/Handler;)Landroid/hardware/display/VirtualDisplay;
D/dalvikvm( 9414): VFY: replacing opcode 0x74 at 0x0053
I/dalvikvm(22167): Total arena pages for JIT: 103
I/dalvikvm( 9414): Could not find method android.media.projection.MediaProjection.stop, referenced from method com.google.android.libraries.hangouts.video.ScreenCaptureVideoSource.release
W/dalvikvm( 9414): VFY: unable to resolve virtual method 3520: Landroid/media/projection/MediaProjection;.stop ()V
D/dalvikvm( 9414): VFY: replacing opcode 0x6e at 0x002d
I/dalvikvm( 9414): Could not find method android.media.projection.MediaProjectionManager.createScreenCaptureIntent, referenced from method com.google.android.libraries.hangouts.video.ScreenCaptureVideoSource.startCapture
W/dalvikvm( 9414): VFY: unable to resolve virtual method 3522: Landroid/media/projection/MediaProjectionManager;.createScreenCaptureIntent ()Landroid/content/Intent;
D/dalvikvm( 9414): VFY: replacing opcode 0x6e at 0x0023
W/dalvikvm( 9414): Unable to resolve superclass of Lcom/google/android/libraries/hangouts/video/ScreenCaptureVideoSource$2; (596)
W/dalvikvm( 9414): Link of class 'Lcom/google/android/libraries/hangouts/video/ScreenCaptureVideoSource$2;' failed
D/dalvikvm( 9414): DexOpt: unable to opt direct call 0x4a49 at 0x46 in Lcom/google/android/libraries/hangouts/video/ScreenCaptureVideoSource;.<init>
I/dalvikvm( 9414): Could not find method android.media.MediaCodecInfo$CodecCapabilities.getVideoCapabilities, referenced from method com.google.android.libraries.hangouts.video.EncoderManager.isHardwareAcceleratedCodec
W/dalvikvm( 9414): VFY: unable to resolve virtual method 3454: Landroid/media/MediaCodecInfo$CodecCapabilities;.getVideoCapabilities ()Landroid/media/MediaCodecInfo$VideoCapabilities;
D/dalvikvm( 9414): VFY: replacing opcode 0x6e at 0x001f
D/GCM     (31010): Connected
I/GCM     (31010): GCM message com.google.android.gsf.gtalkservice 
I/AKMD2   (  289): Compass Closed.
I/AKMD2   (  289): Compass Opened.
I/ActivityManager( 1025): Process com.google.android.inputmethod.latin (pid 9377) has died.
D/GCM     (31010): Message class com.google.f.a.a.r
I/ThermalEngine(  286): Sensor:tmp108:24000 mC
I/AKMD2   (  289): Compass Closed.
I/AKMD2   (  289): Compass Opened.
V/AlarmManager( 1025): sending alarm Alarm{42da3480 type 3 android}
D/dalvikvm( 9414): GC_CONCURRENT freed 4451K, 27% free 12736K/17224K, paused 3ms+3ms, total 46ms
D/dalvikvm( 9414): WAIT_FOR_CONCURRENT_GC blocked 14ms
I/ActivityManager( 1025): Process com.devexpert.weather (pid 9292) has died.
D/dalvikvm( 9414): GC_CONCURRENT freed 1010K, 21% free 13773K/17224K, paused 2ms+3ms, total 53ms
D/dalvikvm( 9414): WAIT_FOR_CONCURRENT_GC blocked 26ms
I/ActivityManager( 1025): Start proc com.rhmsoft.fm:service for service com.rhmsoft.fm/com.cleanmaster.fm.service.BackgroundService: pid=9501 uid=10105 gids={50105, 3003, 1028, 1015}
W/Settings( 9501): Setting android_id has moved from android.provider.Settings.System to android.provider.Settings.Secure, returning read-only value.
D/filesDir( 9501): /data/data/com.rhmsoft.fm/files
V/AlarmManager( 1025): sending alarm Alarm{427adca0 type 3 com.devexpert.weather}
V/AlarmManager( 1025): sending alarm Alarm{426644f8 type 2 android}
I/ActivityManager( 1025): Start proc com.devexpert.weather for broadcast com.devexpert.weather/.view.WidgetWeather2x1: pid=9520 uid=10112 gids={50112, 3003, 1028, 1015}
D/dalvikvm( 9501): Trying to load lib /data/data/com.rhmsoft.fm/lib/libkcmutil.so 0x41fae440
W/linker  ( 9501): libkcmutil.so has text relocations. This is wasting memory and is a security risk. Please fix.
D/dalvikvm( 9501): Added shared lib /data/data/com.rhmsoft.fm/lib/libkcmutil.so 0x41fae440
W/Settings( 9501): Setting android_id has moved from android.provider.Settings.System to android.provider.Settings.Secure, returning read-only value.
W/System.err( 9501): Commons.readAssetsFileLineString :cn2
I/ActivityManager( 1025): Process com.google.android.talk (pid 9414) has died.
W/ActivityManager( 1025): Service ServiceRecord{43e1b7c0 u0 com.google.android.talk/com.google.android.libraries.hangouts.video.CallService} in process ProcessRecord{4322fc50 9414:com.google.android.talk/u0a71} not same as in map: null
W/Settings( 9501): Setting android_id has moved from android.provider.Settings.System to android.provider.Settings.Secure, returning read-only value.
D/ConnectivityService( 1025): Sampling interval elapsed, updating statistics ..
I/AKMD2   (  289): Compass Closed.
I/AKMD2   (  289): Compass Opened.
D/ConnectivityService( 1025): Done.
D/ConnectivityService( 1025): Setting timer for 720seconds
I/ThermalEngine(  286): Sensor:tmp108:24000 mC
D/ConnectivityService( 1025): handleInetConditionHoldEnd: net=1, condition=100, published condition=100
I/AKMD2   (  289): Compass Closed.
I/AKMD2   (  289): Compass Opened.
I/ModemStatsDSDetect( 1327): onReceive() -Intent { act=android.net.conn.INET_CONDITION_ACTION flg=0x4000010 (has extras) }
I/SBar.NetworkController( 1119): onReceive: ConnectivityManager.INET_CONDITION_ACTION Received
I/SBar.NetworkController( 1119): updateConnectivity: NetworkInfo: NetworkInfo: type: WIFI[], state: CONNECTED/CONNECTED, reason: (unspecified), extra: "Moulin Rouge", roaming: false, failover: false, isAvailable: true, isConnectedToProvisioningNetwork: false, inetCondition= 1
I/ModemStatsDSDetect( 1327): INET_CONDITION=100 ,activeNet=NetworkInfo: type: WIFI[], state: CONNECTED/CONNECTED, reason: (unspecified), extra: "Moulin Rouge", roaming: false, failover: false, isAvailable: true, isConnectedToProvisioningNetwork: false
I/ModemStatsDSDetect( 1327): onReceive() - done, currentInetCondition=100
I/ActivityManager( 1025): Process com.devexpert.weather (pid 9520) has died.
I/AonLTInterfaceService( 1295): AodLT package version: 1000000
I/PowerManagerService( 1025): Waking up from sleep...
I/AonLTInterfaceService( 1295): AodLT package version: 1000000
V/KeyguardServiceDelegate( 1025): onScreenTurnedOn(showListener = com.android.internal.policy.impl.PhoneWindowManager$20@42219df8)
D/KeyguardHostView( 1119): showSecurityScreen(None)
D/KeyguardHostView( 1119): getSecurityView(None)
E/Sensors ( 1025): CT406 set ALS poll interval: 1000
D/SurfaceFlinger(  274): Screen acquired, type=0 flinger=0xb769f450
D/qdhwcomposer(  274): hwc_blank: Unblanking display: 0
V/KeyguardServiceDelegate( 1025): **** SHOWN CALLED ****
I/WindowManager( 1025): Lock screen displayed!
D/DisplayPowerController( 1025): Unblocked screen on after 1505926675 ms
D/WifiStateMachine( 1025): handleScreenStateChanged: true
D/WifiStateMachine( 1025): handleMessage: E msg.what=131154
D/WifiStateMachine( 1025): processMsg: ConnectedState
D/WifiStateMachine( 1025): processMsg: L2ConnectedState
D/WifiStateMachine( 1025): handleMessage: X
D/WifiStateMachine( 1025): handleMessage: E msg.what=131163
D/WifiStateMachine( 1025): processMsg: ConnectedState
D/WifiStateMachine( 1025): processMsg: L2ConnectedState
D/WifiStateMachine( 1025): processMsg: ConnectModeState
D/WifiStateMachine( 1025): processMsg: DriverStartedState
D/WifiStateMachine( 1025): processMsg: SupplicantStartedState
D/WifiStateMachine( 1025): processMsg: DefaultState
D/WifiStateMachine( 1025): handleMessage: X
D/WifiStateMachine( 1025): handleMessage: E msg.what=131127
D/WifiStateMachine( 1025): processMsg: ConnectedState
D/WifiStateMachine( 1025): processMsg: L2ConnectedState
D/WifiStateMachine( 1025): processMsg: ConnectModeState
D/WifiStateMachine( 1025): handleMessage: X
D/WifiStateMachine( 1025): handleMessage: E msg.what=131158
D/WifiStateMachine( 1025): processMsg: ConnectedState
D/WifiStateMachine( 1025): processMsg: L2ConnectedState
D/WifiStateMachine( 1025): processMsg: ConnectModeState
D/WifiStateMachine( 1025): processMsg: DriverStartedState
D/WifiStateMachine( 1025): setSuspendOptimizationsNative: 4 false
D/WifiStateMachine( 1025): handleMessage: X
D/WifiStateMachine( 1025): handleMessage: E msg.what=151572
D/WifiStateMachine( 1025): processMsg: ConnectedState
D/WifiStateMachine( 1025): processMsg: L2ConnectedState
D/WifiStateMachine( 1025): handleMessage: X
I/AonLTInterfaceService( 1295): AodLT package version: 1000000
D/qdhwcomposer(  274): hwc_blank: Done unblanking display: 0
D/SurfaceControl( 1025): Excessive delay in unblankDisplay() while turning screen on: 184ms
D/Sensors ( 1025): AccelerationSensor: Set Sensors state 0x1
D/Sensors ( 1025): AccelerationSensor: set delay 200
D/Sensors ( 1025): AccelerationSensor: set delay 200
D/audio_hw_primary(  277): adev_set_parameters: enter: screen_state=on
V/msm8974_platform(  277): platform_set_parameters: enter: screen_state=on
V/msm8974_platform(  277): platform_set_parameters: exit with code(-2)
E/audio_a2dp_hw(  277): adev_set_parameters: ERROR: set param called even when stream out is null
I/SFPerfTracer(  274):      triggers: (rate: 1109:444894) (336566 sw vsyncs) (1038534 skipped) (0:3301218 vsyncs) (155:4135076)
D/Ulp_jni ( 1025): JNI:system_update. Event-0
D/WifiService( 1025): acquireWifiLockLocked: WifiLock{NlpWifiLock type=2 binder=android.os.BinderProxy@42d494a8}
D/WifiStateMachine( 1025): handleMessage: E msg.what=131143
D/WifiStateMachine( 1025): processMsg: ConnectedState
D/WifiStateMachine( 1025): processMsg: L2ConnectedState
D/WifiStateMachine( 1025): handleMessage: X
D/WifiStateMachine( 1025): handleMessage: E msg.what=151572
D/WifiStateMachine( 1025): processMsg: ConnectedState
D/WifiStateMachine( 1025): processMsg: L2ConnectedState
D/WifiStateMachine( 1025): handleMessage: X
D/MDMCTBK (  273): reply_len: 40 reply is = IFNAME=wlan0 <3>CTRL-EVENT-BSS-ADDED 359
D/MDMCTBK (  273): Event received = CTRL-EVENT-BSS-ADDED 359
D/MDMCTBK (  273): reply_len: 40 reply is = IFNAME=wlan0 <3>CTRL-EVENT-BSS-ADDED 359
D/MDMCTBK (  273): Event received = CTRL-EVENT-BSS-ADDED 359
D/MDMCTBK (  273): reply_len: 40 reply is = IFNAME=wlan0 <3>CTRL-EVENT-BSS-ADDED 359
D/MDMCTBK (  273): Event received = CTRL-EVENT-BSS-ADDED 359
D/MDMCTBK (  273): reply_len: 40 reply is = IFNAME=wlan0 <3>CTRL-EVENT-BSS-ADDED 359
D/MDMCTBK (  273): Event received = CTRL-EVENT-BSS-ADDED 359
D/MDMCTBK (  273): reply_len: 40 reply is = IFNAME=wlan0 <3>CTRL-EVENT-BSS-ADDED 359
D/MDMCTBK (  273): Event received = CTRL-EVENT-BSS-ADDED 359
D/MDMCTBK (  273): reply_len: 40 reply is = IFNAME=wlan0 <3>CTRL-EVENT-BSS-ADDED 359
D/MDMCTBK (  273): Event received = CTRL-EVENT-BSS-ADDED 359
D/MDMCTBK (  273): reply_len: 40 reply is = IFNAME=wlan0 <3>CTRL-EVENT-BSS-ADDED 359
D/MDMCTBK (  273): Event received = CTRL-EVENT-BSS-ADDED 359
D/MDMCTBK (  273): reply_len: 40 reply is = IFNAME=wlan0 <3>CTRL-EVENT-BSS-ADDED 359
D/MDMCTBK (  273): Event received = CTRL-EVENT-BSS-ADDED 359
D/MDMCTBK (  273): reply_len: 40 reply is = IFNAME=wlan0 <3>CTRL-EVENT-BSS-ADDED 359
D/MDMCTBK (  273): Event received = CTRL-EVENT-BSS-ADDED 359
D/MDMCTBK (  273): reply_len: 40 reply is = IFNAME=wlan0 <3>CTRL-EVENT-BSS-ADDED 359
D/MDMCTBK (  273): Event received = CTRL-EVENT-BSS-ADDED 359
D/MDMCTBK (  273): reply_len: 40 reply is = IFNAME=wlan0 <3>CTRL-EVENT-SCAN-RESULTS 
D/MDMCTBK (  273): Event received = CTRL-EVENT-SCAN-RESULTS 
D/TCMD    (  465): NL - Read 56 bytes from update socket.
D/TCMD    (  465): NL - message type is RTM_NEWLINK
D/TCMD    (  465): Listening for incoming client connection request
D/WifiStateMachine( 1025): handleMessage: E msg.what=147461
D/WifiStateMachine( 1025): processMsg: ConnectedState
D/WifiStateMachine( 1025): processMsg: L2ConnectedState
D/WifiStateMachine( 1025): processMsg: ConnectModeState
D/WifiStateMachine( 1025): processMsg: DriverStartedState
D/WifiStateMachine( 1025): processMsg: SupplicantStartedState
D/WifiStateMachine( 1025): handleMessage: X
F/ProcessStats( 1025): Starting service ServiceState{42c48c08 com.whatsapp.messaging.MessageService pkg=com.whatsapp proc=42c48c08} without owner
F/ProcessStats( 1025): Starting service ServiceState{43399718 com.paypal.android.p2pmobile.services.AtoService pkg=com.paypal.android.p2pmobile proc=43399718} without owner
F/ProcessStats( 1025): Starting service ServiceState{43231e48 com.paypal.android.p2pmobile.services.WalletService pkg=com.paypal.android.p2pmobile proc=43231e48} without owner
F/ProcessStats( 1025): Starting service ServiceState{42a4cec0 com.facebook.push.mqtt.service.MqttPushService pkg=com.facebook.katana proc=42a4cec0} without owner
D/CordovaActivity( 1221): Resuming the App
W/ContextImpl( 1295): Calling a method in the system process without a qualified user: android.app.ContextImpl.sendBroadcast:1252 android.content.ContextWrapper.sendBroadcast:365 com.motorola.motocare.util.TriggerHelper$TriggerBuilder.send:76 com.motorola.motocare.internal.frameworkevents.PauseResumeTrigger.handleFrameworkEvent:53 com.motorola.motocare.internal.frameworkevents.FwEventMonitor$FrameworkListener.processFrameworkEvent:114 
D/dalvikvm(31342): GC_CONCURRENT freed 1755K, 36% free 11134K/17224K, paused 4ms+3ms, total 51ms
D/dalvikvm(31342): WAIT_FOR_CONCURRENT_GC blocked 37ms
D/WifiService( 1025): releaseWifiLockLocked: WifiLock{NlpWifiLock type=2 binder=android.os.BinderProxy@42d494a8}
D/3CDM.DeviceAdminPushReceiver(18647): Received an Intent - Action: android.intent.action.USER_PRESENT
D/3CDM.DeviceAdminPushReceiver(18647): Type: null
D/3CDM.DeviceAdminPushReceiver(18647): Data: null
D/3CDM.Service(18647): android.intent.action.USER_PRESENT
D/3CDM.Service(18647): Phone was locked and now it is unlocked now.
W/InputMethodManagerService( 1025): Window already focused, ignoring focus gain of: com.android.internal.view.IInputMethodClient$Stub$Proxy@431bfbb0 attribute=android.view.inputmethod.EditorInfo@42e52740, token = android.os.BinderProxy@428b11f0
I/ActivityManager( 1025): Start proc com.linkedin.android for broadcast com.linkedin.android/.appwidget.ResponsiveWidgetService$ActiveUserListener: pid=9597 uid=10123 gids={50123, 3003, 1028, 1015}
D/PhoneStatusBar( 1119): disable: < expand icons alerts ticker system_info back* home* recent* clock* search >
I/SFPerfTracer(  274):      triggers: (rate: 1242:49280) (compose: 0:251) (post: 0:20) (render: 84:10541) (59:774216 frames) (60:3285895)
D/SFPerfTracer(  274):        layers: (4:12) (DimLayer: 0:158)* (DimLayer: 0:124)* (FocusedStackFrame: 0:21349)* (StatusBar: 0:261749) (NavigationBar: 1:201563) (DimLayer: 0:24181)* (DimLayer: 0:4610)* (com.android.wallpaper.fall.FallWallpaper: 18:7118) (co.giftmeapp.gift_me/co.giftmeapp.gift_me.GiftMe: 0:44)* (Keyguard: 0:175)* (ElectronBeam: 0:27)* (Keyguard: 53:58) 
D/dalvikvm(  275): GC_EXPLICIT freed 42K, 48% free 9011K/17224K, paused 1ms+2ms, total 23ms
D/dalvikvm(  275): GC_EXPLICIT freed <1K, 48% free 9011K/17224K, paused 2ms+3ms, total 23ms
D/UsbDeviceManager( 1025): MSG_USER_PRESENT
D/dalvikvm(  275): GC_EXPLICIT freed <1K, 48% free 9011K/17224K, paused 3ms+4ms, total 22ms
V/PhoneStatusBar( 1119): setLightsOn(true)
D/dalvikvm(20316): GC_CONCURRENT freed 3637K, 34% free 12571K/18912K, paused 3ms+9ms, total 65ms
D/perfTimingLib( 9597): logTimeStamp for linkedin_android_app_oncreate_time
D/WifiStateMachine( 1025): handleMessage: E msg.what=151572
D/WifiStateMachine( 1025): processMsg: ConnectedState
D/WifiStateMachine( 1025): processMsg: L2ConnectedState
I/LiConfigParser( 9597): Avail updated for feature [bluesteel_profile_easter] to:true
D/WifiStateMachine( 1025): handleMessage: X
I/LiConfigParser( 9597): Avail updated for feature [bluesteel_profile_caching] to:true
I/LiConfigParser( 9597): Avail updated for feature [bluesteel_profile_background_animation] to:true
I/DefaultLiHttpClient( 9597): Current retry config is:UseLiExceptionRetry
I/PersistentCookieStore( 9597): Get Persistent Cookie Store
I/PersistentCookieStore( 9597): mInstance == null. init mInstance
I/PersistentCookieStore( 9597): no migration
I/MobileClient( 9597): Mobile server: https://touch.www.linkedin.com
V/WebViewChromiumFactoryProvider( 9597): Binding Chromium to main looper Looper (main, tid 1) {41fabc28}
I/LibraryLoader( 9597): Expected native library version number "",actual native library version number ""
I/chromium( 9597): [INFO:library_loader_hooks.cc(116)] Chromium logging enabled: level = 0, default verbosity = 0
I/BrowserStartupController( 9597): Initializing chromium process, renderers=0
E/AudioManagerAndroid( 9597): BLUETOOTH permission is missing!
I/Adreno-EGL( 9597): <qeglDrvAPI_eglInitialize:410>: EGL 1.4 QUALCOMM build: AU_LINUX_ANDROID_LNX.LA.3.5.1_RB1.04.04.02.048.018_msm8226_LNX.LA.3.5.1_RB1__release_AU ()
I/Adreno-EGL( 9597): OpenGL ES Shader Compiler Version: E031.24.00.08
I/Adreno-EGL( 9597): Build Date: 03/07/14 Fri
I/Adreno-EGL( 9597): Local Branch: 
I/Adreno-EGL( 9597): Remote Branch: quic/LNX.LA.3.5.1_RB1.1
I/Adreno-EGL( 9597): Local Patches: NONE
I/Adreno-EGL( 9597): Reconstruct Branch: AU_LINUX_ANDROID_LNX.LA.3.5.1_RB1.04.04.02.048.018 + f2fd134 +  NOTHING
W/chromium( 9597): [WARNING:proxy_service.cc(890)] PAC support disabled because there is no system implementation
I/PersistentCookieStore( 9597): Get Persistent Cookie Store
D/AudioManagerAndroid( 9597): ==> onReceive: s=0, m=1, n=h2w, sb=true
D/AudioManagerAndroid( 9597): reportUpdate: state=0, devices=[Speakerphone, Headset earpiece]
D/ACRA    ( 9597): ACRA is enabled for com.linkedin.android, intializing...
I/PersistentCookieStore( 9597): Get Persistent Cookie Store
I/ActivityManager( 1025): Start proc com.distilledmedia.thescore for broadcast com.distilledmedia.thescore/com.parse.ParseBroadcastReceiver: pid=9648 uid=10138 gids={50138, 3003, 1028, 1015}
I/ActivityManager( 1025): Process com.linkedin.android (pid 9597) has died.
D/dalvikvm( 1025): GC_EXPLICIT freed 1937K, 39% free 31144K/50444K, paused 5ms+15ms, total 159ms
I/AonLTInterfaceService( 1295): AodLT package version: 1000000
I/MultiDex( 9648): VM with version 1.6.0 does not have multidex support
I/MultiDex( 9648): install
I/MultiDex( 9648): MultiDexExtractor.load(/data/app/com.distilledmedia.thescore-2.apk, false)
I/MultiDex( 9648): loading existing secondary dex files
I/MultiDex( 9648): load found 0 secondary dex files
I/MultiDex( 9648): install done
D/[1]JournalApp( 9648): created
D/Request ( 1221): Warning: Sessionless Request needs token but missing either application ID or client token.
W/Settings( 9648): Setting airplane_mode_on has moved from android.provider.Settings.System to android.provider.Settings.Global, returning read-only value.
I/AonLTInterfaceService( 1295): AodLT package version: 1000000
I/PowerManagerService( 1025): Going to sleep by user request...
V/WebViewChromiumFactoryProvider( 9648): Binding Chromium to main looper Looper (main, tid 1) {41fa1808}
I/LibraryLoader( 9648): Expected native library version number "",actual native library version number ""
I/chromium( 9648): [INFO:library_loader_hooks.cc(116)] Chromium logging enabled: level = 0, default verbosity = 0
I/BrowserStartupController( 9648): Initializing chromium process, renderers=0
I/SFPerfTracer(  274):      triggers: (rate: 1109:444896) (336566 sw vsyncs) (1038596 skipped) (148:3301366 vsyncs) (150:4135226)
E/AudioManagerAndroid( 9648): BLUETOOTH permission is missing!
I/Adreno-EGL( 9648): <qeglDrvAPI_eglInitialize:410>: EGL 1.4 QUALCOMM build: AU_LINUX_ANDROID_LNX.LA.3.5.1_RB1.04.04.02.048.018_msm8226_LNX.LA.3.5.1_RB1__release_AU ()
I/Adreno-EGL( 9648): OpenGL ES Shader Compiler Version: E031.24.00.08
I/Adreno-EGL( 9648): Build Date: 03/07/14 Fri
I/Adreno-EGL( 9648): Local Branch: 
I/Adreno-EGL( 9648): Remote Branch: quic/LNX.LA.3.5.1_RB1.1
I/Adreno-EGL( 9648): Local Patches: NONE
I/Adreno-EGL( 9648): Reconstruct Branch: AU_LINUX_ANDROID_LNX.LA.3.5.1_RB1.04.04.02.048.018 + f2fd134 +  NOTHING
W/chromium( 9648): [WARNING:proxy_service.cc(890)] PAC support disabled because there is no system implementation
D/WifiStateMachine( 1025): handleMessage: E msg.what=131155
D/WifiStateMachine( 1025): processMsg: ConnectedState
D/WifiStateMachine( 1025): processMsg: L2ConnectedState
D/WifiStateMachine( 1025): handleMessage: X
D/WifiStateMachine( 1025): handleMessage: E msg.what=151572
D/WifiStateMachine( 1025): processMsg: ConnectedState
D/WifiStateMachine( 1025): processMsg: L2ConnectedState
D/WifiStateMachine( 1025): handleMessage: X
I/[6a866]com.distilledmedia.http.images.BitmapDiskCache( 9648):  starting up file cache 
I/[1]FacebookAccount( 9648): Restored session valid = false
I/[1]TheScoreApp( 9648): Live notifications enabled
D/AudioManagerAndroid( 9648): ==> onReceive: s=0, m=1, n=h2w, sb=true
D/AudioManagerAndroid( 9648): reportUpdate: state=0, devices=[Speakerphone, Headset earpiece]
I/ActivityManager( 1025): Start proc com.devexpert.weather for broadcast com.devexpert.weather/.view.WidgetWeather2x1: pid=9717 uid=10112 gids={50112, 3003, 1028, 1015}
I/ActivityManager( 1025): Process com.facebook.orca (pid 7305) has died.
W/ActivityManager( 1025): Scheduling restart of crashed service com.facebook.orca/com.facebook.push.mqtt.service.MqttPushService in 4096000ms
D/SurfaceFlinger(  274): Screen released, type=0 flinger=0xb769f450
D/qdhwcomposer(  274): hwc_blank: Blanking display: 0
W/ContextImpl( 1295): Calling a method in the system process without a qualified user: android.app.ContextImpl.startService:1608 android.content.ContextWrapper.startService:494 android.content.ContextWrapper.startService:494 com.motorola.motocare.internal.batterystats.BatteryStatsAction.onReceive:33 android.app.ActivityThread.handleReceiver:2434 
I/ActivityManager( 1025): Process com.distilledmedia.thescore (pid 9648) has died.
D/qdhwcomposer(  274): hwc_blank: Done blanking display: 0
D/SurfaceControl( 1025): Excessive delay in blankDisplay() while turning screen off: 227ms
I/AonLTInterfaceService( 1295): AodLT package version: 1000000
D/CordovaActivity( 1221): Paused the application!
D/CordovaWebView( 1221): Handle the pause
W/ContextImpl( 1295): Calling a method in the system process without a qualified user: android.app.ContextImpl.sendBroadcast:1252 android.content.ContextWrapper.sendBroadcast:365 com.motorola.motocare.util.TriggerHelper$TriggerBuilder.send:76 com.motorola.motocare.internal.frameworkevents.PauseResumeTrigger.handleFrameworkEvent:53 com.motorola.motocare.internal.frameworkevents.FwEventMonitor$FrameworkListener.processFrameworkEvent:114 
D/dalvikvm( 1295): GC_CONCURRENT freed 2132K, 44% free 9661K/17224K, paused 2ms+3ms, total 53ms
F/ProcessStats( 1025): Starting service ServiceState{42c48c08 com.whatsapp.messaging.MessageService pkg=com.whatsapp proc=42c48c08} without owner
V/KeyguardHostView( 1119): Initial transport state: 0, pbstate=1
F/ProcessStats( 1025): Starting service ServiceState{43399718 com.paypal.android.p2pmobile.services.AtoService pkg=com.paypal.android.p2pmobile proc=43399718} without owner
F/ProcessStats( 1025): Starting service ServiceState{43231e48 com.paypal.android.p2pmobile.services.WalletService pkg=com.paypal.android.p2pmobile proc=43231e48} without owner
F/ProcessStats( 1025): Starting service ServiceState{42a4cec0 com.facebook.push.mqtt.service.MqttPushService pkg=com.facebook.katana proc=42a4cec0} without owner
F/ProcessStats( 1025): Starting service ServiceState{428fdff0 com.facebook.push.mqtt.service.MqttPushService pkg=com.facebook.orca proc=428fdff0} without owner
W/IInputConnectionWrapper( 1221): getExtractedText on inactive InputConnection
W/IInputConnectionWrapper( 1221): getTextBeforeCursor on inactive InputConnection
D/WifiStateMachine( 1025): handleScreenStateChanged: false
D/WifiStateMachine( 1025): handleMessage: E msg.what=131154
D/WifiStateMachine( 1025): processMsg: ConnectedState
D/WifiStateMachine( 1025): processMsg: L2ConnectedState
D/WifiStateMachine( 1025): handleMessage: X
D/WifiStateMachine( 1025): handleMessage: E msg.what=131163
D/WifiStateMachine( 1025): processMsg: ConnectedState
D/WifiStateMachine( 1025): processMsg: L2ConnectedState
D/WifiStateMachine( 1025): processMsg: ConnectModeState
D/WifiStateMachine( 1025): processMsg: DriverStartedState
D/WifiStateMachine( 1025): processMsg: SupplicantStartedState
D/WifiStateMachine( 1025): processMsg: DefaultState
D/WifiStateMachine( 1025): handleMessage: X
D/WifiStateMachine( 1025): handleMessage: E msg.what=131158
D/WifiStateMachine( 1025): processMsg: ConnectedState
D/WifiStateMachine( 1025): processMsg: L2ConnectedState
D/WifiStateMachine( 1025): processMsg: ConnectModeState
D/WifiStateMachine( 1025): processMsg: DriverStartedState
D/WifiStateMachine( 1025): setSuspendOptimizationsNative: 4 true
D/Sensors ( 1025): AccelerationSensor: Set Sensors state 0x0
D/audio_hw_primary(  277): adev_set_parameters: enter: screen_state=off
V/msm8974_platform(  277): platform_set_parameters: enter: screen_state=off
V/msm8974_platform(  277): platform_set_parameters: exit with code(-2)
E/audio_a2dp_hw(  277): adev_set_parameters: ERROR: set param called even when stream out is null
D/KeyguardHostView( 1119): showSecurityScreen(None)
D/KeyguardHostView( 1119): getSecurityView(Invalid)
D/KeyguardHostView( 1119): getSecurityView(None)
W/IInputConnectionWrapper( 1221): getSelectedText on inactive InputConnection
W/IInputConnectionWrapper( 1221): getTextAfterCursor on inactive InputConnection
E/bo      (20316): onStartInput event aborted: com.touchtype.keyboard.c.ag: could not obtain extracted text (class com.touchtype.keyboard.c.ag)
V/KeyguardHostView( 1119): hide transport, gen:292
V/KeyguardHostView( 1119): music state changed: 1
D/KeyguardHostView( 1119): showSecurityScreen(None)
D/WifiStateMachine( 1025): handleMessage: X
W/View    ( 1119): requestLayout() improperly called by android.widget.TextClock{4281aa48 V.ED.... ......ID 104,0-484,213 #7f0a004b app:id/clock_view} during layout: running second layout pass
W/View    ( 1119): requestLayout() improperly called by android.widget.TextClock{4263eb78 V.ED.... ......ID 136,0-285,38 #7f0a0050 app:id/date_view} during layout: running second layout pass
W/View    ( 1119): requestLayout() improperly called by android.widget.TextView{42537f98 V.ED.... ......ID 301,0-452,38 #7f0a0051 app:id/alarm_status} during layout: running second layout pass
D/PhoneStatusBar( 1119): disable: < expand icons alerts ticker system_info BACK* HOME* RECENT* CLOCK* search >
D/dalvikvm( 2458): GC_CONCURRENT freed 1957K, 44% free 9650K/17224K, paused 2ms+2ms, total 18ms
I/ThermalEngine(  286): Sensor:tmp108:25000 mC
I/AKMD2   (  289): Compass Closed.
I/AKMD2   (  289): Compass Opened.
I/MDMCTBK (  273): NetlinkHandler, power_supply subsys
I/MDMCTBK (  273): NetlinkHandler, usbChargerStateChanged
I/MDMCTBK (  273): checkDefaultInst, current pid is = 273
I/MDMCTBK (  273): checkDefaultInst, pid match
I/MDMCTBK (  273): MdmCutbackHndler,readFromFile = /sys/class/power_supply/usb/online
I/MDMCTBK (  273): MdmCutbackHndler,readFromFile = 
E/MDMCTBK (  273): MdmCutbackHndler,Could not open ''
I/MDMCTBK (  273): NetlinkHandler, power_supply subsys
I/MDMCTBK (  273): NetlinkHandler, usbChargerStateChanged
I/MDMCTBK (  273): checkDefaultInst, current pid is = 273
I/MDMCTBK (  273): checkDefaultInst, pid match
I/MDMCTBK (  273): MdmCutbackHndler,readFromFile = /sys/class/power_supply/usb/online
I/MDMCTBK (  273): MdmCutbackHndler,readFromFile = 
E/MDMCTBK (  273): MdmCutbackHndler,Could not open ''
W/ContextImpl( 1295): Calling a method in the system process without a qualified user: android.app.ContextImpl.startService:1608 android.content.ContextWrapper.startService:494 android.content.ContextWrapper.startService:494 com.motorola.motocare.internal.batterystats.BatteryStatsAction.onReceive:33 android.app.ActivityThread.handleReceiver:2434 
I/MDMCTBK (  273): NetlinkHandler, power_supply subsys
I/MDMCTBK (  273): NetlinkHandler, usbChargerStateChanged
I/MDMCTBK (  273): checkDefaultInst, current pid is = 273
I/MDMCTBK (  273): checkDefaultInst, pid match
I/MDMCTBK (  273): MdmCutbackHndler,readFromFile = /sys/class/power_supply/usb/online
I/MDMCTBK (  273): MdmCutbackHndler,usb, new_state =1
I/MDMCTBK (  273): MdmCutbackHndler Status: Qmi =1, cg=0, ep=0, vc=0, dc=0, cn=0, wf=1, mf=0, wfd=0, apm=0, usb=1, stopqmi=0
I/MDMCTBK (  273): set_property_value, Enter
I/MDMCTBK (  273): set_property_value, Values updated in the property=1,0,0,0,0,0,1,0,0,0,1,0
I/MDMCTBK (  273): set_property_value, Values updated in the property file Successfully
I/MDMCTBK (  273): set_property_value, Exit
I/MDMCTBK (  273): setSarCtrl:set SAR over QMI, conn:0, ep:0,wf:1, mf:0, chrg:1
I/MDMCTBK (  273): send SAR ctrl over QMI
I/MDMCTBK (  273): MdmCutbackHndler,readFromFile = 
E/MDMCTBK (  273): MdmCutbackHndler,Could not open ''
D/dalvikvm( 1295): GC_CONCURRENT freed 2096K, 45% free 9613K/17224K, paused 3ms+2ms, total 25ms
D/dalvikvm( 1295): WAIT_FOR_CONCURRENT_GC blocked 12ms
I/MDMCTBK (  273): NetlinkHandler, power_supply subsys
I/MDMCTBK (  273): NetlinkHandler, usbChargerStateChanged
I/MDMCTBK (  273): checkDefaultInst, current pid is = 273
I/MDMCTBK (  273): checkDefaultInst, pid match
I/MDMCTBK (  273): MdmCutbackHndler,readFromFile = /sys/class/power_supply/usb/online
I/MDMCTBK (  273): MdmCutbackHndler,readFromFile = 
E/MDMCTBK (  273): MdmCutbackHndler,Could not open ''
I/MDMCTBK (  273): NetlinkHandler, power_supply subsys
I/MDMCTBK (  273): NetlinkHandler, usbChargerStateChanged
I/MDMCTBK (  273): checkDefaultInst, current pid is = 273
I/MDMCTBK (  273): checkDefaultInst, pid match
I/MDMCTBK (  273): MdmCutbackHndler,readFromFile = /sys/class/power_supply/usb/online
I/MDMCTBK (  273): MdmCutbackHndler,readFromFile = 
E/MDMCTBK (  273): MdmCutbackHndler,Could not open ''
D/WifiStateMachine( 1025): handleMessage: E msg.what=131155
D/WifiStateMachine( 1025): processMsg: ConnectedState
D/WifiStateMachine( 1025): processMsg: L2ConnectedState
D/WifiStateMachine( 1025): handleMessage: X
V/UsbDeviceManager( 1025): USB UEVENT: {USB_STATE=CONNECTED, SUBSYSTEM=android_usb, DEVPATH=/devices/virtual/android_usb/android0, SEQNUM=404187, ACTION=change}
V/UsbDeviceManager( 1025): USB UEVENT: {USB_STATE=DISCONNECTED, SUBSYSTEM=android_usb, DEVPATH=/devices/virtual/android_usb/android0, SEQNUM=404188, ACTION=change}
D/UsbDeviceManager( 1025): broadcasting Intent { act=android.hardware.usb.action.USB_STATE flg=0x20000000 (has extras) } connected: true configured: false
I/MDMCTBK (  273): NetlinkHandler, power_supply subsys
I/MDMCTBK (  273): NetlinkHandler, usbChargerStateChanged
I/MDMCTBK (  273): checkDefaultInst, current pid is = 273
I/MDMCTBK (  273): checkDefaultInst, pid match
I/MDMCTBK (  273): MdmCutbackHndler,readFromFile = /sys/class/power_supply/usb/online
I/MDMCTBK (  273): MdmCutbackHndler,readFromFile = 
E/MDMCTBK (  273): MdmCutbackHndler,Could not open ''
I/ActivityManager( 1025): Start proc android.process.media for broadcast com.android.providers.media/.MtpReceiver: pid=9774 uid=10018 gids={50018, 1028, 1015, 1023, 1024, 2001, 3003, 3007}
V/AlarmManager( 1025): sending alarm Alarm{4379bce8 type 3 android}
V/UsbDeviceManager( 1025): USB UEVENT: {USB_STATE=CONNECTED, SUBSYSTEM=android_usb, DEVPATH=/devices/virtual/android_usb/android0, SEQNUM=404190, ACTION=change}
D/UsbDeviceManager( 1025): broadcasting Intent { act=android.hardware.usb.action.USB_STATE flg=0x20000000 (has extras) } connected: true configured: false
I/MDMCTBK (  273): NetlinkHandler, power_supply subsys
I/MDMCTBK (  273): NetlinkHandler, usbChargerStateChanged
I/MDMCTBK (  273): checkDefaultInst, current pid is = 273
