--------- beginning of /dev/log/system
D/MobileDataStateTracker(  584): mms: Broadcast received: ignore android.intent.action.SERVICE_STATE
D/MobileDataStateTracker(  584): supl: Broadcast received: ignore android.intent.action.SERVICE_STATE
D/MobileDataStateTracker(  584): dun: Broadcast received: ignore android.intent.action.SERVICE_STATE
D/MobileDataStateTracker(  584): hipri: Broadcast received: ignore android.intent.action.SERVICE_STATE
D/MobileDataStateTracker(  584): fota: Broadcast received: ignore android.intent.action.SERVICE_STATE
D/MobileDataStateTracker(  584): ims: Broadcast received: ignore android.intent.action.SERVICE_STATE
D/MobileDataStateTracker(  584): null: Broadcast received: ignore android.intent.action.SERVICE_STATE
D/MobileDataStateTracker(  584): httpproxy: Broadcast received: ignore android.intent.action.SERVICE_STATE
D/MobileDataStateTracker(  584): admin: Broadcast received: ignore android.intent.action.SERVICE_STATE
D/MobileDataStateTracker(  584): internet: Broadcast received: ignore android.intent.action.SERVICE_STATE
D/MobileDataStateTracker(  584): null: Broadcast received: ignore android.intent.action.SERVICE_STATE
D/MobileDataStateTracker(  584): cmmail: Broadcast received: ignore android.intent.action.SERVICE_STATE
I/TelephonyRegistry(  584): notifyDataConnection: state=0 isDataConnectivityPossible=true reason='nwTypeChanged' apn='null' apnType=default networkType=10 roaming=false errorCause=0preConn = []
D/TELEPHONY_CALLBACK(  840): @onDataConnectionStateChanged: dataState=0 networkType=HSPA
D/MobileDataStateTracker(  584): null: Broadcast received: ignore android.intent.action.SERVICE_STATE
D/StatusBar.NetworkController(  840): dumpState[hasService=true ServiceState=0 home 3 3 27202  HSPA CSS not supported -1 -1 RoamInd=-1 DefRoamInd=-1EriInd= -1EriMode= -1RadioPowerSv: false EmergOnly=false PhoneType: 1 IsCdma=false SimState=UNKNOWN GprsState=0 DataState=Disconnected DataActivity=NONE NetworkType=HSPA HtcModemLinkOn=false HspaDataDistinquishable=true]
D/DATA_ICON(  840): updateDataNetType: networkType=HSPA
D/DATA_ICON(  840): updateDataIcon
D/MobileDataStateTracker(  584): cmail: Broadcast received: ignore android.intent.action.SERVICE_STATE
D/DATA_ICON(  840): NOP
D/StatusBar.NetworkController(  840): dumpIconState[dataVisible=false dataIconId=stat_sys_data_connected_hplus signalIconId=stat_sys_5signal_3 wifiVisible=true wifiIconId=stat_sys_wifi_signal_4 airplaneMode=false]
D/MobileDataStateTracker(  584): entitle: Broadcast received: ignore android.intent.action.SERVICE_STATE
D/MobileDataStateTracker(  584): null: Broadcast received: ignore android.intent.action.SERVICE_STATE
D/MobileDataStateTracker(  584): bip: Broadcast received: ignore android.intent.action.SERVICE_STATE
D/MobileDataStateTracker(  584): default: Broadcast received: ACTION_ANY_DATA_CONNECTION_STATE_CHANGED mApnType=default == received apnType=default
D/MobileDataStateTracker(  584): default: Received state=DISCONNECTED, old=DISCONNECTED, reason=nwTypeChanged
D/PowerManagerService(  584): acquireWakeLock(42e25a00): PARTIAL_WAKE_LOCK , tag=RILJ, flags=0x1, pid=984, uid=1001, mUserState=0x0
D/MobileDataStateTracker(  584): default: mMobileDataState=DISCONNECTED mTeardownRequested=true got [AnyDataCSC] : type=default state=DISCONNECTED reason=nwTypeChanged apn=null roaming=false unavailable=false NetworkType=10 NetworkTypeName=HSPA entitleError=0
D/PowerManagerService(  584): releaseWakeLock(42e25a00): PARTIAL_WAKE_LOCK , tag=RILJ, flags=0x1
D/PowerManagerService(  584): acquireWakeLock(42fd1378): PARTIAL_WAKE_LOCK , tag=RILJ, flags=0x1, pid=984, uid=1001, mUserState=0x0
D/PowerManagerService(  584): releaseWakeLock(42fd1378): PARTIAL_WAKE_LOCK , tag=RILJ, flags=0x1
D/PowerManagerService(  584): releaseWakeLock(42ba7c40): PARTIAL_WAKE_LOCK , tag=sleep_broadcast, flags=0x1
D/WifiService(  584): Got ACTION_UPDATE_WIFI_STATE
D/WifiService(  584): updateWifiState(): wifiApEnabled: false, wifiApAirplaneMode: falsegetWifiEnabledState(): 3, getWifiApEnabledState: 11
D/WifiService(  584): updateWifiState(): mAirplaneModeOn.get(): false, mPersistWifiState.get(): 1
D/WifiService(  584): updateWifiState(): mEmergencyCallbackMode: false, mDeviceIdle: false, lockHeld: true, mStopWifiRequested:false
D/WifiService(  584): updateWifiState(): enable and start wifi
D/PowerManagerService(  584): releaseWakeLock(42ca2a98): PARTIAL_WAKE_LOCK , tag=AlarmManager, flags=0x1
D/PowerManagerService(  584): acquireWakeLock(42ddc1c0): PARTIAL_WAKE_LOCK , tag=SWITCH_NETWORK_MODE_WAKE_LOCK, flags=0x1, pid=917, uid=10014, mUserState=0x0
D/PowerManagerService(  584): releaseWakeLock(42ddc1c0): PARTIAL_WAKE_LOCK , tag=SWITCH_NETWORK_MODE_WAKE_LOCK, flags=0x1
D/PowerManagerService(  584): acquireWakeLock(42e28a60): PARTIAL_WAKE_LOCK , tag=NlpWakeLock, flags=0x1, pid=1390, uid=10017, mUserState=0x0
D/PowerManagerService(  584): acquireWakeLock(43042488): PARTIAL_WAKE_LOCK , tag=GCoreFlp, flags=0x1, pid=1390, uid=10017, mUserState=0x0
D/PowerManagerService(  584): releaseWakeLock(42e28a60): PARTIAL_WAKE_LOCK , tag=NlpWakeLock, flags=0x1
D/PowerManagerService(  584): acquireWakeLock(4341f750): PARTIAL_WAKE_LOCK , tag=GCoreFlp, flags=0x1, pid=1390, uid=10017, mUserState=0x0
D/PowerManagerService(  584): releaseWakeLock(43042488): PARTIAL_WAKE_LOCK , tag=GCoreFlp, flags=0x1
D/PowerManagerService(  584): acquireWakeLock(43082368): PARTIAL_WAKE_LOCK , tag=NlpWakeLock, flags=0x1, pid=1390, uid=10017, mUserState=0x0
D/PowerManagerService(  584): releaseWakeLock(43082368): PARTIAL_WAKE_LOCK , tag=NlpWakeLock, flags=0x1
D/PowerManagerService(  584): acquireWakeLock(42c866c0): PARTIAL_WAKE_LOCK , tag=GCoreFlp, flags=0x1, pid=1390, uid=10017, mUserState=0x0
D/PowerManagerService(  584): releaseWakeLock(42c866c0): PARTIAL_WAKE_LOCK , tag=GCoreFlp, flags=0x1
D/PowerManagerService(  584): releaseWakeLock(4341f750): PARTIAL_WAKE_LOCK , tag=GCoreFlp, flags=0x1
D/WifiService(  584): releaseWifiLockLocked: WifiLock{NlpWifiLock type=2 binder=android.os.BinderProxy@42da82c8}
D/WifiService(  584): updateWifiState(): wifiApEnabled: false, wifiApAirplaneMode: falsegetWifiEnabledState(): 3, getWifiApEnabledState: 11
D/WifiService(  584): updateWifiState(): mAirplaneModeOn.get(): false, mPersistWifiState.get(): 1
D/WifiService(  584): updateWifiState(): mEmergencyCallbackMode: false, mDeviceIdle: false, lockHeld: true, mStopWifiRequested:false
D/WifiService(  584): updateWifiState(): enable and start wifi
D/PowerManagerService(  584): releaseWakeLock(42df6b18): PARTIAL_WAKE_LOCK , tag=NlpWakeLock, flags=0x1
D/PowerManagerService(  584): acquireWakeLock(42bc8828): PARTIAL_WAKE_LOCK , tag=*net_scheduler*, flags=0x1, pid=1061, uid=10017, mUserState=0x0
D/PowerManagerService(  584): releaseWakeLock(42bc8828): PARTIAL_WAKE_LOCK , tag=*net_scheduler*, flags=0x1
D/PhoneStatusBar(  840): disable: < expand icons alerts ticker system_info back home recent* clock >
D/PowerManagerService(  584): releaseWakeLock(429b76e0): FULL_WAKE_LOCK ACQUIRE_CAUSES_WAKEUP , tag=keyguard, flags=0x1000001a
D/PowerManagerService(  584): acquireWakeLock(42f5e3b8): PARTIAL_WAKE_LOCK , tag=*net_scheduler*, flags=0x1, pid=1061, uid=10017, mUserState=0x3
D/PowerManagerService(  584): releaseWakeLock(42f5e3b8): PARTIAL_WAKE_LOCK , tag=*net_scheduler*, flags=0x1
D/PowerManagerService(  584): acquireWakeLock(431b3850): PARTIAL_WAKE_LOCK , tag=IdleScreen:command_15, flags=0x1, pid=912, uid=10102, mUserState=0x3
D/PowerManagerService(  584): acquireWakeLock(42b36f20): PARTIAL_WAKE_LOCK , tag=IdleScreen_base:remote_15, flags=0x1, pid=912, uid=10102, mUserState=0x3
D/PowerManagerService(  584): acquireWakeLock(42d99150): PARTIAL_WAKE_LOCK , tag=IdleScreen:event_15, flags=0x1, pid=912, uid=10102, mUserState=0x3
D/PowerManagerService(  584): releaseWakeLock(431b3850): PARTIAL_WAKE_LOCK , tag=IdleScreen:command_15, flags=0x1
I/ActivityManager(  584): Start proc nz.barees.android.cachesensedemo for broadcast nz.barees.android.cachesensedemo/.BootReceiver: pid=8602 uid=10175 gids={3003, 1015, 1006, 1028}
D/PowerManagerService(  584): acquireWakeLock(42bff040): PARTIAL_WAKE_LOCK , tag=*net_scheduler*, flags=0x1, pid=1061, uid=10017, mUserState=0x3
D/PowerManagerService(  584): releaseWakeLock(42bff040): PARTIAL_WAKE_LOCK , tag=*net_scheduler*, flags=0x1
D/PowerManagerService(  584): releaseWakeLock(42d99150): PARTIAL_WAKE_LOCK , tag=IdleScreen:event_15, flags=0x1
W/InputMethodManagerService(  584): Window already focused, ignoring focus gain of: com.android.internal.view.IInputMethodClient$Stub$Proxy@42ff05c8 attribute=android.view.inputmethod.EditorInfo@433e4d98
I/ActivityManager(  584): Start proc com.htc.opensense.social for content provider com.htc.opensense/.syncprovider.SyncProvider: pid=8616 uid=10014 gids={2001, 3003, 1015, 1028, 1006, 5005, 3002, 3001, 5003}
D/PowerManagerService(  584): releaseWakeLock(42b36f20): PARTIAL_WAKE_LOCK , tag=IdleScreen_base:remote_15, flags=0x1
D/Socket_Alarm( 8602): registerHTCSocketMonitorCallBack
D/Socket_Alarm( 8602): set mSocketMonitor
D/Socket_Alarm( 8602): HTCSocketMonitorImpl::HTCSocketMonitorImpl
D/PowerManagerService(  584): acquireWakeLock(42b74c20): PARTIAL_WAKE_LOCK , tag=AlarmManager, flags=0x1, pid=584, uid=1000, mUserState=0x3
V/AlarmManager(  584): sending alarm PendingIntent{42fd9508: PendingIntentRecord{43203a78 nz.barees.android.cachesensedemo broadcastIntent}}, intent=null, type=RTC_WAKEUP, count=2378719, when=1427231400000, repeateInterval=600000
V/AlarmManager(  584): sending alarm PendingIntent{430acee8: PendingIntentRecord{42b74cd0 nz.barees.android.cachesensedemo broadcastIntent}}, intent=null, type=ELAPSED_REALTIME, count=1, when=14400000, repeateInterval=14400000
I/ActivityManager(  584): Start proc com.google.android.tts for service com.google.android.tts/.service.GoogleTTSService: pid=8643 uid=10039 gids={3003, 1015, 1028}
D/PowerManagerService(  584): acquireWakeLock(4307dcc0): PARTIAL_WAKE_LOCK , tag=wake:nz.barees.android.cachesensedemo/.WakefulSyncService, flags=0x1, pid=8602, uid=10175, mUserState=0x3
D/PowerManagerService(  584): releaseWakeLock(42b74c20): PARTIAL_WAKE_LOCK , tag=AlarmManager, flags=0x1
D/PowerManagerService(  584): acquireWakeLock(43178ed8): PARTIAL_WAKE_LOCK , tag=CacheSenseWakelock, flags=0x1, pid=8602, uid=10175, mUserState=0x3
D/PowerManagerService(  584): releaseWakeLock(4307dcc0): PARTIAL_WAKE_LOCK , tag=wake:nz.barees.android.cachesensedemo/.WakefulSyncService, flags=0x1
D/WifiStateMachine(  584): fetchRssiAndLinkSpeedNative send RSSIChange intent, SameSignalLevelCount =1
D/WIFI_ICON(  840): updateWifiState: action=android.net.wifi.RSSI_CHANGED newRssi=-45 freq=2412 newLevel=3 lastWifiLevel=3
D/StatusBar.NetworkController(  840): dumpIconState[dataVisible=false dataIconId=stat_sys_data_connected_hplus signalIconId=stat_sys_5signal_3 wifiVisible=true wifiIconId=stat_sys_wifi_signal_4 airplaneMode=false]
D/PowerManagerService(  584): releaseWakeLock(43178ed8): PARTIAL_WAKE_LOCK , tag=CacheSenseWakelock, flags=0x1
I/ActivityManager(  584): Recipient 8320
I/ActivityManager(  584): Process com.google.android.apps.plus (pid 8320) has died.
I/ActivityManager(  584): Recipient 8307
I/ActivityManager(  584): Process com.htc.reportagent (pid 8307) has died.
D/PowerManagerService(  584): acquireWakeLock(43239c20): PARTIAL_WAKE_LOCK , tag=ActivityManager-Launch, flags=0x1, pid=584, uid=1000, mUserState=0x3
I/ActivityManager(  584): Start proc com.htc.android.rosie.widget for service com.htc.widget.profile/com.htc.widget.HtcWidgetService: pid=8673 uid=10189 gids={3003, 3002, 3001, 2001, 1015, 1028}
V/InputMethodManagerService(  584): unbindCurrentInputLocked: client = android.os.BinderProxy@42e36b20
I/InputMethodManagerService(  584): Disable input method client.
V/InputMethodManagerService(  584): switching to client: client = android.os.BinderProxy@431374e0
I/InputMethodManagerService(  584): Enable input method client.
I/ActivityManager(  584): Recipient 8375
I/ActivityManager(  584): Process com.google.android.apps.maps (pid 8375) has died.
D/PowerManagerService(  584): releaseWakeLock(43239c20): PARTIAL_WAKE_LOCK , tag=ActivityManager-Launch, flags=0x1
I/ActivityManager(  584): Recipient 8347
I/ActivityManager(  584): Process com.google.android.talk (pid 8347) has died.
D/PowerManagerService(  584): acquireWakeLock(42f71bf8): PARTIAL_WAKE_LOCK , tag=AlarmManager, flags=0x1, pid=584, uid=1000, mUserState=0x3
V/AlarmManager(  584): sending alarm PendingIntent{42b57bb0: PendingIntentRecord{427e7dc0 android broadcastIntent}}, intent=android.content.syncmanager.SYNC_ALARM, type=ELAPSED_REALTIME_WAKEUP, count=1, when=1892274, repeateInterval=0
D/PowerManagerService(  584): acquireWakeLock(42cc88d0): PARTIAL_WAKE_LOCK , tag=SyncManagerHandleSyncAlarm, flags=0x1, pid=584, uid=1000, mUserState=0x3
D/PowerManagerService(  584): releaseWakeLock(42f71bf8): PARTIAL_WAKE_LOCK , tag=AlarmManager, flags=0x1
D/PowerManagerService(  584): acquireWakeLock(42f74b88): PARTIAL_WAKE_LOCK , tag=SyncLoopWakeLock, flags=0x1, pid=584, uid=1000, mUserState=0x3
D/WifiStateMachine(  584): fetchRssiAndLinkSpeedNative send RSSIChange intent, SameSignalLevelCount =2
D/WIFI_ICON(  840): updateWifiState: action=android.net.wifi.RSSI_CHANGED newRssi=-45 freq=2412 newLevel=3 lastWifiLevel=3
D/StatusBar.NetworkController(  840): dumpIconState[dataVisible=false dataIconId=stat_sys_data_connected_hplus signalIconId=stat_sys_5signal_3 wifiVisible=true wifiIconId=stat_sys_wifi_signal_4 airplaneMode=false]
D/PowerManagerService(  584): releaseWakeLock(42cc88d0): PARTIAL_WAKE_LOCK , tag=SyncManagerHandleSyncAlarm, flags=0x1
D/PowerManagerService(  584): releaseWakeLock(42f74b88): PARTIAL_WAKE_LOCK , tag=SyncLoopWakeLock, flags=0x1
D/PowerManagerService(  584): TPE algorithm. remove timeout.
D/PowerManagerService(  584): nativeSetScreenState: on=false
D/PowerManagerService(  584): nativeSetScreenState: err=0
D/PowerManagerService(  584): setScreenStateLocked, turn off the button light 
V/LightsService(  584): setLight #2: color=#0
D/lights  (  584): set_light_buttons_func: on=0 brightness=0
V/LightsService(  584): setLight #1: color=#0
D/PowerManagerService(  584): acquireWakeLock(4311d028): PARTIAL_WAKE_LOCK , tag=sleep_broadcast, flags=0x1, pid=584, uid=1000, mUserState=0x0
V/LightsService(  584): setLight #0: color=#ff000000
D/PowerManagerService(  584): acquireWakeLock(42da8e58): PARTIAL_WAKE_LOCK , tag=show keyguard, flags=0x1, pid=584, uid=1000, mUserState=0x0
D/PowerManagerService(  584): ActivityManagerNative.getDefault().goingToSleep();
D/PowerManagerService(  584): acquireWakeLock(4310fcd0): PARTIAL_WAKE_LOCK , tag=ActivityManager-Sleep, flags=0x1, pid=584, uid=1000, mUserState=0x0
I/InputMethodManagerService(  584): screenObserver: isScreenOn=false
I/InputMethodManagerService(  584): Disable input method client.
D/PowerManagerService(  584): releaseWakeLock(4310fcd0): PARTIAL_WAKE_LOCK , tag=ActivityManager-Sleep, flags=0x1
D/AlarmManager(  584): ACTION_SCREEN_OFF
D/WifiService(  584): ACTION_SCREEN_OFF
D/WifiService(  584): setting ACTION_DEVICE_IDLE: 900000 ms
D/PowerManagerService(  584): acquireWakeLock(4311bc80): PARTIAL_WAKE_LOCK , tag=WifiSuspend, flags=0x1, pid=584, uid=1000, mUserState=0x0
D/PowerManagerService(  584): releaseWakeLock(4311bc80): PARTIAL_WAKE_LOCK , tag=WifiSuspend, flags=0x1
D/PowerManagerService(  584): acquireWakeLock(433fb6a8): PARTIAL_WAKE_LOCK , tag=HtcLockScreen:event_15, flags=0x1, pid=584, uid=1000, mUserState=0x0
D/PhoneStatusBar(  840): disable: < expand icons alerts ticker system_info back home RECENT* clock >
D/PowerManagerService(  584): releaseWakeLock(42da8e58): PARTIAL_WAKE_LOCK , tag=show keyguard, flags=0x1
D/PowerManagerService(  584): acquireWakeLock(43360d68): PARTIAL_WAKE_LOCK , tag=IdleScreen:command_15, flags=0x1, pid=912, uid=10102, mUserState=0x0
D/PowerManagerService(  584): releaseWakeLock(43360d68): PARTIAL_WAKE_LOCK , tag=IdleScreen:command_15, flags=0x1
D/PowerManagerService(  584): acquireWakeLock(4324be40): PARTIAL_WAKE_LOCK , tag=RILJ, flags=0x1, pid=984, uid=1001, mUserState=0x0
D/PowerManagerService(  584): releaseWakeLock(4324be40): PARTIAL_WAKE_LOCK , tag=RILJ, flags=0x1
D/PowerManagerService(  584): acquireWakeLock(4335b4a0): PARTIAL_WAKE_LOCK , tag=Wakeful StateMachine: GeofencerStateMachine, flags=0x1, pid=1390, uid=10017, mUserState=0x0
D/PowerManagerService(  584): releaseWakeLock(433fb6a8): PARTIAL_WAKE_LOCK , tag=HtcLockScreen:event_15, flags=0x1
D/PowerManagerService(  584): acquireWakeLock(42cf3b68): PARTIAL_WAKE_LOCK , tag=IdleScreen:event_15, flags=0x1, pid=912, uid=10102, mUserState=0x0
D/PowerManagerService(  584): releaseWakeLock(4335b4a0): PARTIAL_WAKE_LOCK , tag=Wakeful StateMachine: GeofencerStateMachine, flags=0x1
D/PowerManagerService(  584): acquireWakeLock(42c44398): PARTIAL_WAKE_LOCK , tag=GCoreFlp, flags=0x1, pid=1390, uid=10017, mUserState=0x0
D/PowerManagerService(  584): releaseWakeLock(42c44398): PARTIAL_WAKE_LOCK , tag=GCoreFlp, flags=0x1
D/PowerManagerService(  584): releaseWakeLock(4311d028): PARTIAL_WAKE_LOCK , tag=sleep_broadcast, flags=0x1
D/PowerManagerService(  584): releaseWakeLock(42cf3b68): PARTIAL_WAKE_LOCK , tag=IdleScreen:event_15, flags=0x1
D/PowerManagerService(  584): acquireWakeLock(42fd85a0): PARTIAL_WAKE_LOCK , tag=AlarmManager, flags=0x1, pid=584, uid=1000, mUserState=0x0
V/AlarmManager(  584): sending alarm PendingIntent{42d00210: PendingIntentRecord{43375638 com.whatsapp broadcastIntent}}, intent=com.whatsapp.messaging.MessageService.LOGOUT_ACTION, type=ELAPSED_REALTIME_WAKEUP, count=1, when=1903472, repeateInterval=0
V/AlarmManager(  584): sending alarm PendingIntent{42cd7af8: PendingIntentRecord{42c84640 com.eventbrite.attendee broadcastIntent}}, intent=null, type=ELAPSED_REALTIME, count=1, when=1903407, repeateInterval=0
I/ActivityManager(  584): Start proc com.eventbrite.attendee for broadcast com.eventbrite.attendee/.services.DirtyBarcodesReceiver: pid=8712 uid=10068 gids={3003, 1015, 1006, 1028}
I/ActivityManager(  584): Recipient 8240
I/ActivityManager(  584): Process com.google.android.music:main (pid 8240) has died.
D/Socket_Alarm( 8712): registerHTCSocketMonitorCallBack
D/Socket_Alarm( 8712): set mSocketMonitor
D/Socket_Alarm( 8712): HTCSocketMonitorImpl::HTCSocketMonitorImpl
D/PowerManagerService(  584): releaseWakeLock(42fd85a0): PARTIAL_WAKE_LOCK , tag=AlarmManager, flags=0x1
I/ActivityManager(  584): Recipient 8473
I/ActivityManager(  584): Process org.coursera.android (pid 8473) has died.
D/PowerManagerService(  584): acquireWakeLock(431d9828): PARTIAL_WAKE_LOCK , tag=AlarmManager, flags=0x1, pid=584, uid=1000, mUserState=0x0
V/AlarmManager(  584): sending alarm PendingIntent{429db508: PendingIntentRecord{42d0af18 android broadcastIntent}}, intent=android.intent.action.TIME_TICK, type=RTC, count=1, when=1427231340000, repeateInterval=0
V/AlarmManager(  584): sending alarm PendingIntent{43073d08: PendingIntentRecord{4309c290 com.google.android.gms broadcastIntent}}, intent=com.google.android.intent.action.SEND_IDLE, type=ELAPSED_REALTIME_WAKEUP, count=1, when=1923702, repeateInterval=0
V/AlarmManager(  584): sending alarm PendingIntent{42550ae0: PendingIntentRecord{4313e118 com.google.android.gsf broadcastIntent}}, intent=com.google.android.intent.action.SEND_IDLE, type=ELAPSED_REALTIME_WAKEUP, count=1, when=1923770, repeateInterval=0
V/AlarmManager(  584): sending alarm PendingIntent{42d6d9e0: PendingIntentRecord{42d6d8a8 android broadcastIntent}}, intent=com.android.server.ThrottleManager.action.POLL, type=ELAPSED_REALTIME, count=1, when=1923669, repeateInterval=0
D/PowerManagerService(  584): acquireWakeLock(431c5028): PARTIAL_WAKE_LOCK , tag=GCoreFlp, flags=0x1, pid=1390, uid=10017, mUserState=0x0
D/PowerManagerService(  584): acquireWakeLock(43004418): PARTIAL_WAKE_LOCK , tag=NlpWakeLock, flags=0x1, pid=1390, uid=10017, mUserState=0x0
D/PowerManagerService(  584): releaseWakeLock(43004418): PARTIAL_WAKE_LOCK , tag=NlpWakeLock, flags=0x1
D/PowerManagerService(  584): acquireWakeLock(42afefc8): PARTIAL_WAKE_LOCK , tag=GTALK_IDLE_ALARM, flags=0x1, pid=1061, uid=10017, mUserState=0x0
D/PowerManagerService(  584): releaseWakeLock(42afefc8): PARTIAL_WAKE_LOCK , tag=GTALK_IDLE_ALARM, flags=0x1
D/PowerManagerService(  584): acquireWakeLock(42cf8d70): PARTIAL_WAKE_LOCK , tag=*net_scheduler*, flags=0x1, pid=1061, uid=10017, mUserState=0x0
D/PowerManagerService(  584): releaseWakeLock(42cf8d70): PARTIAL_WAKE_LOCK , tag=*net_scheduler*, flags=0x1
D/PowerManagerService(  584): acquireWakeLock(432c4370): PARTIAL_WAKE_LOCK , tag=GTALK_IDLE_ALARM, flags=0x1, pid=1061, uid=10017, mUserState=0x0
D/PowerManagerService(  584): releaseWakeLock(432c4370): PARTIAL_WAKE_LOCK , tag=GTALK_IDLE_ALARM, flags=0x1
D/PowerManagerService(  584): acquireWakeLock(42d46ef8): PARTIAL_WAKE_LOCK , tag=*net_scheduler*, flags=0x1, pid=1061, uid=10017, mUserState=0x0
W/ThrottleService(  584): unable to find stats for iface rmnet0
D/PowerManagerService(  584): releaseWakeLock(42d46ef8): PARTIAL_WAKE_LOCK , tag=*net_scheduler*, flags=0x1
D/PowerManagerService(  584): releaseWakeLock(431d9828): PARTIAL_WAKE_LOCK , tag=AlarmManager, flags=0x1
D/PowerManagerService(  584): releaseWakeLock(431c5028): PARTIAL_WAKE_LOCK , tag=GCoreFlp, flags=0x1
D/PowerManagerService(  584): acquireWakeLock(42b00620): PARTIAL_WAKE_LOCK , tag=NlpWakeLock, flags=0x1, pid=1390, uid=10017, mUserState=0x0
D/WifiService(  584): acquireWifiLockLocked: WifiLock{NlpWifiLock type=2 binder=android.os.BinderProxy@42d0bbc8}
D/WifiService(  584): updateWifiState(): wifiApEnabled: false, wifiApAirplaneMode: falsegetWifiEnabledState(): 3, getWifiApEnabledState: 11
D/WifiService(  584): updateWifiState(): mAirplaneModeOn.get(): false, mPersistWifiState.get(): 1
D/WifiService(  584): updateWifiState(): mEmergencyCallbackMode: false, mDeviceIdle: false, lockHeld: true, mStopWifiRequested:false
D/WifiService(  584): updateWifiState(): enable and start wifi
D/PowerManagerService(  584): acquireWakeLock(42ce9ac8): PARTIAL_WAKE_LOCK , tag=RILJ, flags=0x1, pid=984, uid=1001, mUserState=0x0
D/PowerManagerService(  584): releaseWakeLock(42ce9ac8): PARTIAL_WAKE_LOCK , tag=RILJ, flags=0x1
D/PowerManagerService(  584): acquireWakeLock(43010c20): PARTIAL_WAKE_LOCK , tag=AlarmManager, flags=0x1, pid=584, uid=1000, mUserState=0x0
V/AlarmManager(  584): sending alarm PendingIntent{42c07fb8: PendingIntentRecord{42e18e30 com.google.android.gms broadcastIntent}}, intent=com.google.android.gms.nlp.ALARM_WAKEUP_ACTIVITY_DETECTION, type=ELAPSED_REALTIME_WAKEUP, count=1, when=1332759, repeateInterval=0
D/PowerManagerService(  584): acquireWakeLock(42dbec88): PARTIAL_WAKE_LOCK , tag=NlpWakeLock, flags=0x1, pid=1390, uid=10017, mUserState=0x0
V/AlarmManager(  584): sending alarm PendingIntent{433261d8: PendingIntentRecord{43183b88 com.viber.voip broadcastIntent}}, intent=com.viber.voip.action.KEEP_ALIVE_RECEIVE, type=RTC_WAKEUP, count=1, when=1427231372108, repeateInterval=0
D/PowerManagerService(  584): acquireWakeLock(431c1930): PARTIAL_WAKE_LOCK , tag=NlpCollectorWakeLock, flags=0x1, pid=1390, uid=10017, mUserState=0x0
D/PowerManagerService(  584): acquireWakeLock(430a2bf0): PARTIAL_WAKE_LOCK , tag=NlpCollectorWakeLock, flags=0x1, pid=1390, uid=10017, mUserState=0x0
D/PowerManagerService(  584): releaseWakeLock(43010c20): PARTIAL_WAKE_LOCK , tag=AlarmManager, flags=0x1
D/PowerManagerService(  584): acquireWakeLock(42cb9ac0): PARTIAL_WAKE_LOCK , tag=NlpCollectorWakeLock, flags=0x1, pid=1390, uid=10017, mUserState=0x0
D/PowerManagerService(  584): releaseWakeLock(42dbec88): PARTIAL_WAKE_LOCK , tag=NlpWakeLock, flags=0x1
D/PowerManagerService(  584): acquireWakeLock(4320e610): PARTIAL_WAKE_LOCK , tag=NlpWakeLock, flags=0x1, pid=1390, uid=10017, mUserState=0x0
D/PowerManagerService(  584): acquireWakeLock(42fbcb90): PARTIAL_WAKE_LOCK , tag=NlpWakeLock, flags=0x1, pid=1390, uid=10017, mUserState=0x0
D/PowerManagerService(  584): acquireWakeLock(42d9ce58): PARTIAL_WAKE_LOCK , tag=NlpWakeLock, flags=0x1, pid=1390, uid=10017, mUserState=0x0
D/PowerManagerService(  584): releaseWakeLock(42d9ce58): PARTIAL_WAKE_LOCK , tag=NlpWakeLock, flags=0x1
D/PowerManagerService(  584): acquireWakeLock(42d27b78): PARTIAL_WAKE_LOCK , tag=GCoreFlp, flags=0x1, pid=1390, uid=10017, mUserState=0x0
D/PowerManagerService(  584): acquireWakeLock(42d8dac8): PARTIAL_WAKE_LOCK , tag=GCoreFlp, flags=0x1, pid=1390, uid=10017, mUserState=0x0
D/PowerManagerService(  584): releaseWakeLock(42d27b78): PARTIAL_WAKE_LOCK , tag=GCoreFlp, flags=0x1
D/PowerManagerService(  584): acquireWakeLock(4301cbe8): PARTIAL_WAKE_LOCK , tag=NlpWakeLock, flags=0x1, pid=1390, uid=10017, mUserState=0x0
D/PowerManagerService(  584): acquireWakeLock(430e19d0): PARTIAL_WAKE_LOCK , tag=GCoreFlp, flags=0x1, pid=1390, uid=10017, mUserState=0x0
D/PowerManagerService(  584): releaseWakeLock(42d8dac8): PARTIAL_WAKE_LOCK , tag=GCoreFlp, flags=0x1
D/PowerManagerService(  584): releaseWakeLock(4301cbe8): PARTIAL_WAKE_LOCK , tag=NlpWakeLock, flags=0x1
D/PowerManagerService(  584): acquireWakeLock(42c6fd38): PARTIAL_WAKE_LOCK , tag=GCoreFlp, flags=0x1, pid=1390, uid=10017, mUserState=0x0
D/WifiService(  584): releaseWifiLockLocked: WifiLock{NlpWifiLock type=2 binder=android.os.BinderProxy@42d0bbc8}
D/PowerManagerService(  584): acquireWakeLock(42e56740): PARTIAL_WAKE_LOCK , tag=GCoreFlp, flags=0x1, pid=1390, uid=10017, mUserState=0x0
D/WifiService(  584): updateWifiState(): wifiApEnabled: false, wifiApAirplaneMode: falsegetWifiEnabledState(): 3, getWifiApEnabledState: 11
D/WifiService(  584): updateWifiState(): mAirplaneModeOn.get(): false, mPersistWifiState.get(): 1
D/WifiService(  584): updateWifiState(): mEmergencyCallbackMode: false, mDeviceIdle: false, lockHeld: true, mStopWifiRequested:false
D/WifiService(  584): updateWifiState(): enable and start wifi
D/PowerManagerService(  584): releaseWakeLock(42b00620): PARTIAL_WAKE_LOCK , tag=NlpWakeLock, flags=0x1
D/PowerManagerService(  584): releaseWakeLock(42fbcb90): PARTIAL_WAKE_LOCK , tag=NlpWakeLock, flags=0x1
D/PowerManagerService(  584): acquireWakeLock(42b9f918): PARTIAL_WAKE_LOCK , tag=NlpWakeLock, flags=0x1, pid=1390, uid=10017, mUserState=0x0
D/PowerManagerService(  584): releaseWakeLock(42b9f918): PARTIAL_WAKE_LOCK , tag=NlpWakeLock, flags=0x1
D/PowerManagerService(  584): releaseWakeLock(430e19d0): PARTIAL_WAKE_LOCK , tag=GCoreFlp, flags=0x1
D/PowerManagerService(  584): releaseWakeLock(42c6fd38): PARTIAL_WAKE_LOCK , tag=GCoreFlp, flags=0x1
D/PowerManagerService(  584): releaseWakeLock(42e56740): PARTIAL_WAKE_LOCK , tag=GCoreFlp, flags=0x1
D/PowerManagerService(  584): acquireWakeLock(434436a8): PARTIAL_WAKE_LOCK , tag=*net_scheduler*, flags=0x1, pid=1061, uid=10017, mUserState=0x0
D/PowerManagerService(  584): releaseWakeLock(434436a8): PARTIAL_WAKE_LOCK , tag=*net_scheduler*, flags=0x1
D/PowerManagerService(  584): acquireWakeLock(42cdbe08): PARTIAL_WAKE_LOCK , tag=NlpWakeLock, flags=0x1, pid=1390, uid=10017, mUserState=0x0
D/PowerManagerService(  584): releaseWakeLock(4320e610): PARTIAL_WAKE_LOCK , tag=NlpWakeLock, flags=0x1
D/PowerManagerService(  584): releaseWakeLock(42cdbe08): PARTIAL_WAKE_LOCK , tag=NlpWakeLock, flags=0x1
W/PowerManagerService(  584): Can not get flags by lock
D/PowerManagerService(  584): acquireWakeLock(43019b18): PARTIAL_WAKE_LOCK , tag=NlpWakeLock, flags=0x1, pid=1390, uid=10017, mUserState=0x0
D/PowerManagerService(  584): releaseWakeLock(42cb9ac0): PARTIAL_WAKE_LOCK , tag=NlpCollectorWakeLock, flags=0x1
D/PowerManagerService(  584): releaseWakeLock(43019b18): PARTIAL_WAKE_LOCK , tag=NlpWakeLock, flags=0x1
D/PowerManagerService(  584): acquireWakeLock(4323eb28): PARTIAL_WAKE_LOCK , tag=NlpWakeLock, flags=0x1, pid=1390, uid=10017, mUserState=0x0
D/PowerManagerService(  584): releaseWakeLock(430a2bf0): PARTIAL_WAKE_LOCK , tag=NlpCollectorWakeLock, flags=0x1
D/PowerManagerService(  584): releaseWakeLock(431c1930): PARTIAL_WAKE_LOCK , tag=NlpCollectorWakeLock, flags=0x1
D/PowerManagerService(  584): acquireWakeLock(43431a50): PARTIAL_WAKE_LOCK , tag=NlpWakeLock, flags=0x1, pid=1390, uid=10017, mUserState=0x0
D/PowerManagerService(  584): releaseWakeLock(43431a50): PARTIAL_WAKE_LOCK , tag=NlpWakeLock, flags=0x1
D/PowerManagerService(  584): acquireWakeLock(42cea920): PARTIAL_WAKE_LOCK , tag=GCoreFlp, flags=0x1, pid=1390, uid=10017, mUserState=0x0
D/PowerManagerService(  584): acquireWakeLock(42e18be0): PARTIAL_WAKE_LOCK , tag=GCoreFlp, flags=0x1, pid=1390, uid=10017, mUserState=0x0
D/PowerManagerService(  584): releaseWakeLock(42cea920): PARTIAL_WAKE_LOCK , tag=GCoreFlp, flags=0x1
D/PowerManagerService(  584): releaseWakeLock(42e18be0): PARTIAL_WAKE_LOCK , tag=GCoreFlp, flags=0x1
D/PowerManagerService(  584): releaseWakeLock(4323eb28): PARTIAL_WAKE_LOCK , tag=NlpWakeLock, flags=0x1
D/PowerManagerService(  584): acquireWakeLock(42beca50): PARTIAL_WAKE_LOCK , tag=AlarmManager, flags=0x1, pid=584, uid=1000, mUserState=0x0
V/AlarmManager(  584): sending alarm PendingIntent{431ece10: PendingIntentRecord{42e18e30 com.google.android.gms broadcastIntent}}, intent=com.google.android.gms.nlp.ALARM_WAKEUP_ACTIVITY_DETECTION, type=ELAPSED_REALTIME_WAKEUP, count=1, when=1964571, repeateInterval=0
D/PowerManagerService(  584): acquireWakeLock(42bacc98): PARTIAL_WAKE_LOCK , tag=NlpWakeLock, flags=0x1, pid=1390, uid=10017, mUserState=0x0
D/PowerManagerService(  584): releaseWakeLock(42beca50): PARTIAL_WAKE_LOCK , tag=AlarmManager, flags=0x1
D/PowerManagerService(  584): acquireWakeLock(431b9c68): PARTIAL_WAKE_LOCK , tag=NlpCollectorWakeLock, flags=0x1, pid=1390, uid=10017, mUserState=0x0
D/PowerManagerService(  584): acquireWakeLock(43249588): PARTIAL_WAKE_LOCK , tag=NlpCollectorWakeLock, flags=0x1, pid=1390, uid=10017, mUserState=0x0
D/PowerManagerService(  584): acquireWakeLock(43444dc0): PARTIAL_WAKE_LOCK , tag=NlpCollectorWakeLock, flags=0x1, pid=1390, uid=10017, mUserState=0x0
D/PowerManagerService(  584): releaseWakeLock(42bacc98): PARTIAL_WAKE_LOCK , tag=NlpWakeLock, flags=0x1
D/PowerManagerService(  584): acquireWakeLock(42e6cc40): PARTIAL_WAKE_LOCK , tag=AlarmManager, flags=0x1, pid=584, uid=1000, mUserState=0x0
V/AlarmManager(  584): sending alarm PendingIntent{433bd318: PendingIntentRecord{42d779b8 com.google.android.gms broadcastIntent}}, intent=com.google.android.gms.nlp.ALARM_WAKEUP_LOCATOR, type=ELAPSED_REALTIME_WAKEUP, count=1, when=1965651, repeateInterval=0
D/PowerManagerService(  584): acquireWakeLock(4341c520): PARTIAL_WAKE_LOCK , tag=NlpWakeLock, flags=0x1, pid=1390, uid=10017, mUserState=0x0
D/PowerManagerService(  584): releaseWakeLock(42e6cc40): PARTIAL_WAKE_LOCK , tag=AlarmManager, flags=0x1
D/PowerManagerService(  584): acquireWakeLock(43239770): PARTIAL_WAKE_LOCK , tag=NlpWakeLock, flags=0x1, pid=1390, uid=10017, mUserState=0x0
D/WifiService(  584): acquireWifiLockLocked: WifiLock{NlpWifiLock type=2 binder=android.os.BinderProxy@42d0bbc8}
D/WifiService(  584): updateWifiState(): wifiApEnabled: false, wifiApAirplaneMode: falsegetWifiEnabledState(): 3, getWifiApEnabledState: 11
D/WifiService(  584): updateWifiState(): mAirplaneModeOn.get(): false, mPersistWifiState.get(): 1
D/WifiService(  584): updateWifiState(): mEmergencyCallbackMode: false, mDeviceIdle: false, lockHeld: true, mStopWifiRequested:false
D/WifiService(  584): updateWifiState(): enable and start wifi
D/PowerManagerService(  584): releaseWakeLock(4341c520): PARTIAL_WAKE_LOCK , tag=NlpWakeLock, flags=0x1
D/PowerManagerService(  584): acquireWakeLock(4341be98): PARTIAL_WAKE_LOCK , tag=RILJ, flags=0x1, pid=984, uid=1001, mUserState=0x0
D/PowerManagerService(  584): releaseWakeLock(4341be98): PARTIAL_WAKE_LOCK , tag=RILJ, flags=0x1
D/PowerManagerService(  584): acquireWakeLock(43407478): PARTIAL_WAKE_LOCK , tag=NlpWakeLock, flags=0x1, pid=1390, uid=10017, mUserState=0x0
D/PowerManagerService(  584): releaseWakeLock(43407478): PARTIAL_WAKE_LOCK , tag=NlpWakeLock, flags=0x1
D/PowerManagerService(  584): acquireWakeLock(43021318): PARTIAL_WAKE_LOCK , tag=GCoreFlp, flags=0x1, pid=1390, uid=10017, mUserState=0x0
D/PowerManagerService(  584): acquireWakeLock(433fdc50): PARTIAL_WAKE_LOCK , tag=GCoreFlp, flags=0x1, pid=1390, uid=10017, mUserState=0x0
D/PowerManagerService(  584): releaseWakeLock(43021318): PARTIAL_WAKE_LOCK , tag=GCoreFlp, flags=0x1
D/PowerManagerService(  584): releaseWakeLock(433fdc50): PARTIAL_WAKE_LOCK , tag=GCoreFlp, flags=0x1
D/PowerManagerService(  584): acquireWakeLock(42c9e938): PARTIAL_WAKE_LOCK , tag=NlpWakeLock, flags=0x1, pid=1390, uid=10017, mUserState=0x0
D/PowerManagerService(  584): releaseWakeLock(42c9e938): PARTIAL_WAKE_LOCK , tag=NlpWakeLock, flags=0x1
D/PowerManagerService(  584): acquireWakeLock(43257290): PARTIAL_WAKE_LOCK , tag=GCoreFlp, flags=0x1, pid=1390, uid=10017, mUserState=0x0
D/PowerManagerService(  584): acquireWakeLock(4343a190): PARTIAL_WAKE_LOCK , tag=GCoreFlp, flags=0x1, pid=1390, uid=10017, mUserState=0x0
D/PowerManagerService(  584): releaseWakeLock(43257290): PARTIAL_WAKE_LOCK , tag=GCoreFlp, flags=0x1
D/PowerManagerService(  584): releaseWakeLock(4343a190): PARTIAL_WAKE_LOCK , tag=GCoreFlp, flags=0x1
D/WifiService(  584): releaseWifiLockLocked: WifiLock{NlpWifiLock type=2 binder=android.os.BinderProxy@42d0bbc8}
D/WifiService(  584): updateWifiState(): wifiApEnabled: false, wifiApAirplaneMode: falsegetWifiEnabledState(): 3, getWifiApEnabledState: 11
D/WifiService(  584): updateWifiState(): mAirplaneModeOn.get(): false, mPersistWifiState.get(): 1
D/WifiService(  584): updateWifiState(): mEmergencyCallbackMode: false, mDeviceIdle: false, lockHeld: true, mStopWifiRequested:false
D/WifiService(  584): updateWifiState(): enable and start wifi
D/PowerManagerService(  584): releaseWakeLock(43239770): PARTIAL_WAKE_LOCK , tag=NlpWakeLock, flags=0x1
D/PowerManagerService(  584): acquireWakeLock(42e742a8): PARTIAL_WAKE_LOCK , tag=NlpWakeLock, flags=0x1, pid=1390, uid=10017, mUserState=0x0
D/PowerManagerService(  584): releaseWakeLock(43444dc0): PARTIAL_WAKE_LOCK , tag=NlpCollectorWakeLock, flags=0x1
D/PowerManagerService(  584): releaseWakeLock(43249588): PARTIAL_WAKE_LOCK , tag=NlpCollectorWakeLock, flags=0x1
D/PowerManagerService(  584): releaseWakeLock(431b9c68): PARTIAL_WAKE_LOCK , tag=NlpCollectorWakeLock, flags=0x1
D/PowerManagerService(  584): releaseWakeLock(42e742a8): PARTIAL_WAKE_LOCK , tag=NlpWakeLock, flags=0x1
D/PowerManagerService(  584): acquireWakeLock(431073a8): PARTIAL_WAKE_LOCK , tag=AlarmManager, flags=0x1, pid=584, uid=1000, mUserState=0x0
V/AlarmManager(  584): sending alarm PendingIntent{43014360: PendingIntentRecord{42e18e30 com.google.android.gms broadcastIntent}}, intent=com.google.android.gms.nlp.ALARM_WAKEUP_ACTIVITY_DETECTION, type=ELAPSED_REALTIME_WAKEUP, count=1, when=1973341, repeateInterval=0
D/PowerManagerService(  584): acquireWakeLock(42c3a970): PARTIAL_WAKE_LOCK , tag=NlpWakeLock, flags=0x1, pid=1390, uid=10017, mUserState=0x0
D/PowerManagerService(  584): releaseWakeLock(431073a8): PARTIAL_WAKE_LOCK , tag=AlarmManager, flags=0x1
D/PowerManagerService(  584): acquireWakeLock(431b52a8): PARTIAL_WAKE_LOCK , tag=NlpCollectorWakeLock, flags=0x1, pid=1390, uid=10017, mUserState=0x0
D/PowerManagerService(  584): acquireWakeLock(42c4bde0): PARTIAL_WAKE_LOCK , tag=NlpCollectorWakeLock, flags=0x1, pid=1390, uid=10017, mUserState=0x0
D/PowerManagerService(  584): acquireWakeLock(42bf3498): PARTIAL_WAKE_LOCK , tag=NlpCollectorWakeLock, flags=0x1, pid=1390, uid=10017, mUserState=0x0
D/PowerManagerService(  584): releaseWakeLock(42c3a970): PARTIAL_WAKE_LOCK , tag=NlpWakeLock, flags=0x1
D/PowerManagerService(  584): acquireWakeLock(42e716b0): PARTIAL_WAKE_LOCK , tag=NlpWakeLock, flags=0x1, pid=1390, uid=10017, mUserState=0x0
D/PowerManagerService(  584): releaseWakeLock(42bf3498): PARTIAL_WAKE_LOCK , tag=NlpCollectorWakeLock, flags=0x1
D/PowerManagerService(  584): releaseWakeLock(42c4bde0): PARTIAL_WAKE_LOCK , tag=NlpCollectorWakeLock, flags=0x1
D/PowerManagerService(  584): releaseWakeLock(431b52a8): PARTIAL_WAKE_LOCK , tag=NlpCollectorWakeLock, flags=0x1
D/PowerManagerService(  584): acquireWakeLock(431ed240): PARTIAL_WAKE_LOCK , tag=NlpWakeLock, flags=0x1, pid=1390, uid=10017, mUserState=0x0
D/PowerManagerService(  584): acquireWakeLock(43121a48): PARTIAL_WAKE_LOCK , tag=GCoreFlp, flags=0x1, pid=1390, uid=10017, mUserState=0x0
D/PowerManagerService(  584): releaseWakeLock(43121a48): PARTIAL_WAKE_LOCK , tag=GCoreFlp, flags=0x1
D/PowerManagerService(  584): acquireWakeLock(433dae98): PARTIAL_WAKE_LOCK , tag=GCoreFlp, flags=0x1, pid=1390, uid=10017, mUserState=0x0
D/PowerManagerService(  584): releaseWakeLock(433dae98): PARTIAL_WAKE_LOCK , tag=GCoreFlp, flags=0x1
D/PowerManagerService(  584): releaseWakeLock(431ed240): PARTIAL_WAKE_LOCK , tag=NlpWakeLock, flags=0x1
D/PowerManagerService(  584): releaseWakeLock(42e716b0): PARTIAL_WAKE_LOCK , tag=NlpWakeLock, flags=0x1
D/PowerManagerService(  584): acquireWakeLock(43033ad0): PARTIAL_WAKE_LOCK , tag=AlarmManager, flags=0x1, pid=584, uid=1000, mUserState=0x0
V/AlarmManager(  584): sending alarm PendingIntent{42fd9508: PendingIntentRecord{43203a78 nz.barees.android.cachesensedemo broadcastIntent}}, intent=null, type=RTC_WAKEUP, count=1, when=1427232000000, repeateInterval=600000
V/AlarmManager(  584): sending alarm PendingIntent{429db508: PendingIntentRecord{42d0af18 android broadcastIntent}}, intent=android.intent.action.TIME_TICK, type=RTC, count=1, when=1427231400000, repeateInterval=0
D/PowerManagerService(  584): releaseWakeLock(43033ad0): PARTIAL_WAKE_LOCK , tag=AlarmManager, flags=0x1
D/PowerManagerService(  584): acquireWakeLock(4307d030): PARTIAL_WAKE_LOCK , tag=AlarmManager, flags=0x1, pid=584, uid=1000, mUserState=0x0
V/AlarmManager(  584): sending alarm PendingIntent{42c8ea08: PendingIntentRecord{4345af18 com.facebook.orca broadcastIntent}}, intent=com.facebook.common.executors.cr.ACTION_ALARM.com.facebook.orca, type=ELAPSED_REALTIME_WAKEUP, count=1, when=2013018, repeateInterval=0
D/PowerManagerService(  584): releaseWakeLock(4307d030): PARTIAL_WAKE_LOCK , tag=AlarmManager, flags=0x1
D/PowerManagerService(  584): acquireWakeLock(42c29d68): PARTIAL_WAKE_LOCK , tag=AlarmManager, flags=0x1, pid=584, uid=1000, mUserState=0x0
V/AlarmManager(  584): sending alarm PendingIntent{42c705c0: PendingIntentRecord{4341c950 com.facebook.katana broadcastIntent}}, intent=com.facebook.common.executors.WakingExecutorService.ACTION_ALARM.com.facebook.katana, type=ELAPSED_REALTIME_WAKEUP, count=1, when=2013094, repeateInterval=0
D/PowerManagerService(  584): releaseWakeLock(42c29d68): PARTIAL_WAKE_LOCK , tag=AlarmManager, flags=0x1
D/PowerManagerService(  584): acquireWakeLock(42e61ac8): PARTIAL_WAKE_LOCK , tag=AlarmManager, flags=0x1, pid=584, uid=1000, mUserState=0x0
V/AlarmManager(  584): sending alarm PendingIntent{426c6298: PendingIntentRecord{42c33380 com.google.android.gms broadcastIntent}}, intent=com.google.android.intent.action.MCS_HEARTBEAT, type=ELAPSED_REALTIME_WAKEUP, count=1, when=2038737, repeateInterval=0
D/PowerManagerService(  584): acquireWakeLock(42e16678): PARTIAL_WAKE_LOCK , tag=GCM_HB_ALARM, flags=0x1, pid=1061, uid=10017, mUserState=0x0
D/PowerManagerService(  584): releaseWakeLock(42e16678): PARTIAL_WAKE_LOCK , tag=GCM_HB_ALARM, flags=0x1
D/PowerManagerService(  584): releaseWakeLock(42e61ac8): PARTIAL_WAKE_LOCK , tag=AlarmManager, flags=0x1
D/PowerManagerService(  584): acquireWakeLock(42df0610): PARTIAL_WAKE_LOCK , tag=GCM_CONN, flags=0x1, pid=1061, uid=10017, mUserState=0x0
D/PowerManagerService(  584): acquireWakeLock(433e4e78): PARTIAL_WAKE_LOCK , tag=*net_scheduler*, flags=0x1, pid=1061, uid=10017, mUserState=0x0
D/PowerManagerService(  584): acquireWakeLock(42c68d50): PARTIAL_WAKE_LOCK , tag=AlarmManager, flags=0x1, pid=584, uid=1000, mUserState=0x0
V/AlarmManager(  584): sending alarm PendingIntent{429db508: PendingIntentRecord{42d0af18 android broadcastIntent}}, intent=android.intent.action.TIME_TICK, type=RTC, count=1, when=1427231460000, repeateInterval=0
V/AlarmManager(  584): sending alarm PendingIntent{431e56f0: PendingIntentRecord{42c33380 com.google.android.gms broadcastIntent}}, intent=com.google.android.intent.action.MCS_HEARTBEAT, type=ELAPSED_REALTIME_WAKEUP, count=1, when=2099662, repeateInterval=0
D/PowerManagerService(  584): releaseWakeLock(433e4e78): PARTIAL_WAKE_LOCK , tag=*net_scheduler*, flags=0x1
D/ConnectivityService(  584): reportInetCondition for net 1, percentage: 100 by 1061/10017
D/ConnectivityService(  584): handleInetConditionChange: net=1, condition=100,mActiveDefaultNetwork=1
D/ConnectivityService(  584): handleInetConditionChange: starting a change hold
D/PowerManagerService(  584): acquireWakeLock(42fe7260): PARTIAL_WAKE_LOCK , tag=*net_scheduler*, flags=0x1, pid=1061, uid=10017, mUserState=0x0
D/PowerManagerService(  584): releaseWakeLock(42fe7260): PARTIAL_WAKE_LOCK , tag=*net_scheduler*, flags=0x1
D/PowerManagerService(  584): releaseWakeLock(42df0610): PARTIAL_WAKE_LOCK , tag=GCM_CONN, flags=0x1
D/PowerManagerService(  584): acquireWakeLock(431b2fb0): PARTIAL_WAKE_LOCK , tag=GCM_HB_ALARM, flags=0x1, pid=1061, uid=10017, mUserState=0x0
D/PowerManagerService(  584): releaseWakeLock(431b2fb0): PARTIAL_WAKE_LOCK , tag=GCM_HB_ALARM, flags=0x1
D/PowerManagerService(  584): releaseWakeLock(42c68d50): PARTIAL_WAKE_LOCK , tag=AlarmManager, flags=0x1
D/PowerManagerService(  584): acquireWakeLock(4336a570): PARTIAL_WAKE_LOCK , tag=*net_scheduler*, flags=0x1, pid=1061, uid=10017, mUserState=0x0
D/PowerManagerService(  584): acquireWakeLock(430ec198): PARTIAL_WAKE_LOCK , tag=GCM_CONN, flags=0x1, pid=1061, uid=10017, mUserState=0x0
D/PowerManagerService(  584): releaseWakeLock(4336a570): PARTIAL_WAKE_LOCK , tag=*net_scheduler*, flags=0x1
D/ConnectivityService(  584): reportInetCondition for net 1, percentage: 100 by 1061/10017
D/ConnectivityService(  584): handleInetConditionChange: net=1, condition=100,mActiveDefaultNetwork=1
D/ConnectivityService(  584): handleInetConditionChange: currently in hold - not setting new end evt
D/PowerManagerService(  584): releaseWakeLock(430ec198): PARTIAL_WAKE_LOCK , tag=GCM_CONN, flags=0x1
D/PowerManagerService(  584): acquireWakeLock(43455ec0): PARTIAL_WAKE_LOCK , tag=*net_scheduler*, flags=0x1, pid=1061, uid=10017, mUserState=0x0
D/PowerManagerService(  584): acquireWakeLock(42e4db50): PARTIAL_WAKE_LOCK , tag=AlarmManager, flags=0x1, pid=584, uid=1000, mUserState=0x0
V/AlarmManager(  584): sending alarm PendingIntent{429db508: PendingIntentRecord{42d0af18 android broadcastIntent}}, intent=android.intent.action.TIME_TICK, type=RTC, count=1, when=1427231520000, repeateInterval=0
D/PowerManagerService(  584): releaseWakeLock(43455ec0): PARTIAL_WAKE_LOCK , tag=*net_scheduler*, flags=0x1
D/ConnectivityService(  584): handleInetConditionHoldEnd: net=1, condition=100, published condition=100
D/ConnectivityService(  584): sendStickyBroadcast: action=android.net.conn.INET_CONDITION_ACTION
D/WIFI_ICON(  840): updateConnectivity: type=1 connected=true
D/StatusBar.NetworkController(  840): dumpState[hasService=true ServiceState=0 home 3 3 27202  HSPA CSS not supported -1 -1 RoamInd=-1 DefRoamInd=-1EriInd= -1EriMode= -1RadioPowerSv: false EmergOnly=false PhoneType: 1 IsCdma=false SimState=UNKNOWN GprsState=0 DataState=Disconnected DataActivity=NONE NetworkType=HSPA HtcModemLinkOn=false HspaDataDistinquishable=true]
D/StatusBar.NetworkController(  840): dumpIconState[dataVisible=false dataIconId=stat_sys_data_connected_hplus signalIconId=stat_sys_5signal_3 wifiVisible=true wifiIconId=stat_sys_wifi_signal_4 airplaneMode=false]
D/PowerManagerService(  584): releaseWakeLock(42e4db50): PARTIAL_WAKE_LOCK , tag=AlarmManager, flags=0x1
D/PowerManagerService(  584): acquireWakeLock(43325d40): PARTIAL_WAKE_LOCK , tag=AlarmManager, flags=0x1, pid=584, uid=1000, mUserState=0x0
V/AlarmManager(  584): sending alarm PendingIntent{429db508: PendingIntentRecord{42d0af18 android broadcastIntent}}, intent=android.intent.action.TIME_TICK, type=RTC, count=1, when=1427231580000, repeateInterval=0
V/AlarmManager(  584): sending alarm PendingIntent{43197d70: PendingIntentRecord{42d779b8 com.google.android.gms broadcastIntent}}, intent=com.google.android.gms.nlp.ALARM_WAKEUP_LOCATOR, type=ELAPSED_REALTIME_WAKEUP, count=1, when=2186465, repeateInterval=0
D/PowerManagerService(  584): acquireWakeLock(42d07c70): PARTIAL_WAKE_LOCK , tag=NlpWakeLock, flags=0x1, pid=1390, uid=10017, mUserState=0x0
D/PowerManagerService(  584): releaseWakeLock(43325d40): PARTIAL_WAKE_LOCK , tag=AlarmManager, flags=0x1
D/PowerManagerService(  584): acquireWakeLock(42e456a0): PARTIAL_WAKE_LOCK , tag=NlpWakeLock, flags=0x1, pid=1390, uid=10017, mUserState=0x0
D/WifiService(  584): acquireWifiLockLocked: WifiLock{NlpWifiLock type=2 binder=android.os.BinderProxy@42d0bbc8}
D/WifiService(  584): updateWifiState(): wifiApEnabled: false, wifiApAirplaneMode: falsegetWifiEnabledState(): 3, getWifiApEnabledState: 11
D/WifiService(  584): updateWifiState(): mAirplaneModeOn.get(): false, mPersistWifiState.get(): 1
D/WifiService(  584): updateWifiState(): mEmergencyCallbackMode: false, mDeviceIdle: false, lockHeld: true, mStopWifiRequested:false
D/WifiService(  584): updateWifiState(): enable and start wifi
D/PowerManagerService(  584): releaseWakeLock(42d07c70): PARTIAL_WAKE_LOCK , tag=NlpWakeLock, flags=0x1
D/PowerManagerService(  584): acquireWakeLock(433beaa0): PARTIAL_WAKE_LOCK , tag=RILJ, flags=0x1, pid=984, uid=1001, mUserState=0x0
D/PowerManagerService(  584): releaseWakeLock(433beaa0): PARTIAL_WAKE_LOCK , tag=RILJ, flags=0x1
D/PowerManagerService(  584): acquireWakeLock(43208188): PARTIAL_WAKE_LOCK , tag=NlpWakeLock, flags=0x1, pid=1390, uid=10017, mUserState=0x0
D/PowerManagerService(  584): acquireWakeLock(42e46680): PARTIAL_WAKE_LOCK , tag=GCoreFlp, flags=0x1, pid=1390, uid=10017, mUserState=0x0
D/PowerManagerService(  584): acquireWakeLock(4311e2a0): PARTIAL_WAKE_LOCK , tag=GCoreFlp, flags=0x1, pid=1390, uid=10017, mUserState=0x0
D/PowerManagerService(  584): releaseWakeLock(42e46680): PARTIAL_WAKE_LOCK , tag=GCoreFlp, flags=0x1
D/PowerManagerService(  584): releaseWakeLock(4311e2a0): PARTIAL_WAKE_LOCK , tag=GCoreFlp, flags=0x1
D/PowerManagerService(  584): releaseWakeLock(43208188): PARTIAL_WAKE_LOCK , tag=NlpWakeLock, flags=0x1
D/WifiService(  584): releaseWifiLockLocked: WifiLock{NlpWifiLock type=2 binder=android.os.BinderProxy@42d0bbc8}
D/WifiService(  584): updateWifiState(): wifiApEnabled: false, wifiApAirplaneMode: falsegetWifiEnabledState(): 3, getWifiApEnabledState: 11
D/WifiService(  584): updateWifiState(): mAirplaneModeOn.get(): false, mPersistWifiState.get(): 1
D/WifiService(  584): updateWifiState(): mEmergencyCallbackMode: false, mDeviceIdle: false, lockHeld: true, mStopWifiRequested:false
D/WifiService(  584): updateWifiState(): enable and start wifi
D/PowerManagerService(  584): releaseWakeLock(42e456a0): PARTIAL_WAKE_LOCK , tag=NlpWakeLock, flags=0x1
D/PowerManagerService(  584): acquireWakeLock(431780d0): PARTIAL_WAKE_LOCK , tag=NlpCollectorWakeLock, flags=0x1, pid=1390, uid=10017, mUserState=0x0
D/PowerManagerService(  584): acquireWakeLock(431e1290): PARTIAL_WAKE_LOCK , tag=NlpCollectorWakeLock, flags=0x1, pid=1390, uid=10017, mUserState=0x0
D/PowerManagerService(  584): acquireWakeLock(43018778): PARTIAL_WAKE_LOCK , tag=NlpCollectorWakeLock, flags=0x1, pid=1390, uid=10017, mUserState=0x0
D/PowerManagerService(  584): acquireWakeLock(430e0fd8): PARTIAL_WAKE_LOCK , tag=NlpWakeLock, flags=0x1, pid=1390, uid=10017, mUserState=0x0
D/PowerManagerService(  584): releaseWakeLock(430e0fd8): PARTIAL_WAKE_LOCK , tag=NlpWakeLock, flags=0x1
D/PowerManagerService(  584): acquireWakeLock(42c294c0): PARTIAL_WAKE_LOCK , tag=NlpWakeLock, flags=0x1, pid=1390, uid=10017, mUserState=0x0
D/PowerManagerService(  584): releaseWakeLock(43018778): PARTIAL_WAKE_LOCK , tag=NlpCollectorWakeLock, flags=0x1
D/PowerManagerService(  584): releaseWakeLock(431e1290): PARTIAL_WAKE_LOCK , tag=NlpCollectorWakeLock, flags=0x1
D/PowerManagerService(  584): releaseWakeLock(431780d0): PARTIAL_WAKE_LOCK , tag=NlpCollectorWakeLock, flags=0x1
D/PowerManagerService(  584): acquireWakeLock(43161918): PARTIAL_WAKE_LOCK , tag=NlpWakeLock, flags=0x1, pid=1390, uid=10017, mUserState=0x0
D/PowerManagerService(  584): releaseWakeLock(43161918): PARTIAL_WAKE_LOCK , tag=NlpWakeLock, flags=0x1
D/PowerManagerService(  584): acquireWakeLock(42cd2290): PARTIAL_WAKE_LOCK , tag=GCoreFlp, flags=0x1, pid=1390, uid=10017, mUserState=0x0
D/PowerManagerService(  584): acquireWakeLock(4323a8e0): PARTIAL_WAKE_LOCK , tag=GCoreFlp, flags=0x1, pid=1390, uid=10017, mUserState=0x0
D/PowerManagerService(  584): releaseWakeLock(42cd2290): PARTIAL_WAKE_LOCK , tag=GCoreFlp, flags=0x1
D/PowerManagerService(  584): releaseWakeLock(4323a8e0): PARTIAL_WAKE_LOCK , tag=GCoreFlp, flags=0x1
D/PowerManagerService(  584): releaseWakeLock(42c294c0): PARTIAL_WAKE_LOCK , tag=NlpWakeLock, flags=0x1
V/LocationManagerService(  584): getProviders
V/LocationManagerService(  584): getLastKnownLocation: hybrid
V/LocationManagerService(  584): getLastKnownLocation: passive
D/PowerManagerService(  584): acquireWakeLock(42e2f2e0): PARTIAL_WAKE_LOCK , tag=AlarmManager, flags=0x1, pid=584, uid=1000, mUserState=0x0
V/AlarmManager(  584): sending alarm PendingIntent{429db508: PendingIntentRecord{42d0af18 android broadcastIntent}}, intent=android.intent.action.TIME_TICK, type=RTC, count=1, when=1427231640000, repeateInterval=0
D/PowerManagerService(  584): releaseWakeLock(42e2f2e0): PARTIAL_WAKE_LOCK , tag=AlarmManager, flags=0x1
D/PowerManagerService(  584): acquireWakeLock(4316c168): PARTIAL_WAKE_LOCK , tag=AlarmManager, flags=0x1, pid=584, uid=1000, mUserState=0x0
V/AlarmManager(  584): sending alarm PendingIntent{42e00060: PendingIntentRecord{430a21e0 com.android.phone broadcastIntent}}, intent=com.android.internal.telephony.gprs-data-stall, type=ELAPSED_REALTIME, count=1, when=2245632, repeateInterval=0
