W/ContextImpl( 1295): Calling a method in the system process without a qualified user: android.app.ContextImpl.sendBroadcast:1252 android.content.ContextWrapper.sendBroadcast:365 com.motorola.motocare.util.TriggerHelper$TriggerBuilder.send:76 com.motorola.motocare.internal.frameworkevents.ProcessKillTrigger.sendTrigger:147 com.motorola.motocare.internal.frameworkevents.ProcessKillTrigger.handleLmkKill:337 
W/ContextImpl( 1295): Calling a method in the system process without a qualified user: android.app.ContextImpl.sendBroadcast:1252 android.content.ContextWrapper.sendBroadcast:365 com.motorola.motocare.util.TriggerHelper$TriggerBuilder.send:76 com.motorola.motocare.internal.frameworkevents.ProcessKillTrigger.sendTrigger:147 com.motorola.motocare.internal.frameworkevents.ProcessKillTrigger.handleLmkKill:337 
W/ContextImpl( 1295): Calling a method in the system process without a qualified user: android.app.ContextImpl.sendBroadcast:1252 android.content.ContextWrapper.sendBroadcast:365 com.motorola.motocare.util.TriggerHelper$TriggerBuilder.send:76 com.motorola.motocare.internal.frameworkevents.ProcessKillTrigger.sendTrigger:147 com.motorola.motocare.internal.frameworkevents.ProcessKillTrigger.handleLmkKill:337 
W/ContextImpl( 1295): Calling a method in the system process without a qualified user: android.app.ContextImpl.sendBroadcast:1252 android.content.ContextWrapper.sendBroadcast:365 com.motorola.motocare.util.TriggerHelper$TriggerBuilder.send:76 com.motorola.motocare.internal.frameworkevents.ProcessKillTrigger.sendTrigger:147 com.motorola.motocare.internal.frameworkevents.ProcessKillTrigger.handleLmkKill:337 
W/ContextImpl( 1295): Calling a method in the system process without a qualified user: android.app.ContextImpl.sendBroadcast:1252 android.content.ContextWrapper.sendBroadcast:365 com.motorola.motocare.util.TriggerHelper$TriggerBuilder.send:76 com.motorola.motocare.internal.frameworkevents.ProcessKillTrigger.sendTrigger:147 com.motorola.motocare.internal.frameworkevents.ProcessKillTrigger.handleLmkKill:337 
W/ContextImpl( 1295): Calling a method in the system process without a qualified user: android.app.ContextImpl.sendBroadcast:1252 android.content.ContextWrapper.sendBroadcast:365 com.motorola.motocare.util.TriggerHelper$TriggerBuilder.send:76 com.motorola.motocare.internal.frameworkevents.ProcessKillTrigger.sendTrigger:147 com.motorola.motocare.internal.frameworkevents.ProcessKillTrigger.handleLmkKill:337 
W/ContextImpl( 1295): Calling a method in the system process without a qualified user: android.app.ContextImpl.sendBroadcast:1252 android.content.ContextWrapper.sendBroadcast:365 com.motorola.motocare.util.TriggerHelper$TriggerBuilder.send:76 com.motorola.motocare.internal.frameworkevents.ProcessKillTrigger.sendTrigger:147 com.motorola.motocare.internal.frameworkevents.ProcessKillTrigger.handleLmkKill:337 
W/ContextImpl( 1295): Calling a method in the system process without a qualified user: android.app.ContextImpl.sendBroadcast:1252 android.content.ContextWrapper.sendBroadcast:365 com.motorola.motocare.util.TriggerHelper$TriggerBuilder.send:76 com.motorola.motocare.internal.frameworkevents.ProcessKillTrigger.sendTrigger:147 com.motorola.motocare.internal.frameworkevents.ProcessKillTrigger.handleLmkKill:337 
W/ContextImpl( 1295): Calling a method in the system process without a qualified user: android.app.ContextImpl.sendBroadcast:1252 android.content.ContextWrapper.sendBroadcast:365 com.motorola.motocare.util.TriggerHelper$TriggerBuilder.send:76 com.motorola.motocare.internal.frameworkevents.ProcessKillTrigger.sendTrigger:147 com.motorola.motocare.internal.frameworkevents.ProcessKillTrigger.handleLmkKill:337 
W/ContextImpl( 1295): Calling a method in the system process without a qualified user: android.app.ContextImpl.sendBroadcast:1252 android.content.ContextWrapper.sendBroadcast:365 com.motorola.motocare.util.TriggerHelper$TriggerBuilder.send:76 com.motorola.motocare.internal.frameworkevents.ProcessKillTrigger.sendTrigger:147 com.motorola.motocare.internal.frameworkevents.ProcessKillTrigger.handleLmkKill:337 
W/ContextImpl( 1295): Calling a method in the system process without a qualified user: android.app.ContextImpl.sendBroadcast:1252 android.content.ContextWrapper.sendBroadcast:365 com.motorola.motocare.util.TriggerHelper$TriggerBuilder.send:76 com.motorola.motocare.internal.frameworkevents.ProcessKillTrigger.sendTrigger:147 com.motorola.motocare.internal.frameworkevents.ProcessKillTrigger.handleLmkKill:337 
W/ContextImpl( 1295): Calling a method in the system process without a qualified user: android.app.ContextImpl.sendBroadcast:1252 android.content.ContextWrapper.sendBroadcast:365 com.motorola.motocare.util.TriggerHelper$TriggerBuilder.send:76 com.motorola.motocare.internal.frameworkevents.ProcessKillTrigger.sendTrigger:147 com.motorola.motocare.internal.frameworkevents.ProcessKillTrigger.handleLmkKill:337 
W/ContextImpl( 1295): Calling a method in the system process without a qualified user: android.app.ContextImpl.sendBroadcast:1252 android.content.ContextWrapper.sendBroadcast:365 com.motorola.motocare.util.TriggerHelper$TriggerBuilder.send:76 com.motorola.motocare.internal.frameworkevents.ProcessKillTrigger.sendTrigger:147 com.motorola.motocare.internal.frameworkevents.ProcessKillTrigger.handleLmkKill:337 
W/ContextImpl( 1295): Calling a method in the system process without a qualified user: android.app.ContextImpl.sendBroadcast:1252 android.content.ContextWrapper.sendBroadcast:365 com.motorola.motocare.util.TriggerHelper$TriggerBuilder.send:76 com.motorola.motocare.internal.frameworkevents.ProcessKillTrigger.sendTrigger:147 com.motorola.motocare.internal.frameworkevents.ProcessKillTrigger.handleLmkKill:337 
W/ContextImpl( 1295): Calling a method in the system process without a qualified user: android.app.ContextImpl.sendBroadcast:1252 android.content.ContextWrapper.sendBroadcast:365 com.motorola.motocare.util.TriggerHelper$TriggerBuilder.send:76 com.motorola.motocare.internal.frameworkevents.ProcessKillTrigger.sendTrigger:147 com.motorola.motocare.internal.frameworkevents.ProcessKillTrigger.handleLmkKill:337 
W/ContextImpl( 1295): Calling a method in the system process without a qualified user: android.app.ContextImpl.sendBroadcast:1252 android.content.ContextWrapper.sendBroadcast:365 com.motorola.motocare.util.TriggerHelper$TriggerBuilder.send:76 com.motorola.motocare.internal.frameworkevents.ProcessKillTrigger.sendTrigger:147 com.motorola.motocare.internal.frameworkevents.ProcessKillTrigger.handleLmkKill:337 
W/ContextImpl( 1295): Calling a method in the system process without a qualified user: android.app.ContextImpl.sendBroadcast:1252 android.content.ContextWrapper.sendBroadcast:365 com.motorola.motocare.util.TriggerHelper$TriggerBuilder.send:76 com.motorola.motocare.internal.frameworkevents.ProcessKillTrigger.sendTrigger:147 com.motorola.motocare.internal.frameworkevents.ProcessKillTrigger.handleLmkKill:337 
W/ContextImpl( 1295): Calling a method in the system process without a qualified user: android.app.ContextImpl.sendBroadcast:1252 android.content.ContextWrapper.sendBroadcast:365 com.motorola.motocare.util.TriggerHelper$TriggerBuilder.send:76 com.motorola.motocare.internal.frameworkevents.ProcessKillTrigger.sendTrigger:147 com.motorola.motocare.internal.frameworkevents.ProcessKillTrigger.handleLmkKill:337 
W/ContextImpl( 1295): Calling a method in the system process without a qualified user: android.app.ContextImpl.sendBroadcast:1252 android.content.ContextWrapper.sendBroadcast:365 com.motorola.motocare.util.TriggerHelper$TriggerBuilder.send:76 com.motorola.motocare.internal.frameworkevents.ProcessKillTrigger.sendTrigger:147 com.motorola.motocare.internal.frameworkevents.ProcessKillTrigger.handleLmkKill:337 
W/ContextImpl( 1295): Calling a method in the system process without a qualified user: android.app.ContextImpl.sendBroadcast:1252 android.content.ContextWrapper.sendBroadcast:365 com.motorola.motocare.util.TriggerHelper$TriggerBuilder.send:76 com.motorola.motocare.internal.frameworkevents.ProcessKillTrigger.sendTrigger:147 com.motorola.motocare.internal.frameworkevents.ProcessKillTrigger.handleLmkKill:337 
D/WifiService( 1025): releaseWifiLockLocked: WifiLock{NlpWifiLock type=2 binder=android.os.BinderProxy@438b2e48}
V/AlarmManager( 1025): sending alarm Alarm{428db238 type 3 android}
V/AlarmManager( 1025): sending alarm Alarm{428d7740 type 3 com.devexpert.weather}
V/AlarmManager( 1025): sending alarm Alarm{428c89e0 type 2 com.google.android.gms}
V/AlarmManager( 1025): sending alarm Alarm{428bd9d8 type 0 com.viber.voip}
D/WifiService( 1025): releaseWifiLockLocked: WifiLock{NlpWifiLock type=2 binder=android.os.BinderProxy@438458b8}
D/WifiService( 1025): acquireWifiLockLocked: WifiLock{NlpWifiLock type=2 binder=android.os.BinderProxy@438458b8}
D/WifiService( 1025): releaseWifiLockLocked: WifiLock{NlpWifiLock type=2 binder=android.os.BinderProxy@438458b8}
V/AlarmManager( 1025): sending alarm Alarm{4286be08 type 3 android}
V/AlarmManager( 1025): sending alarm Alarm{42866c00 type 3 com.devexpert.weather}
V/AlarmManager( 1025): sending alarm Alarm{428593e8 type 2 com.google.android.gms}
W/AppOps  ( 1025): Bad call: specified package qcamera under uid 1013 but it is really -1
W/AppOps  ( 1025): Bad call: specified package qcamera under uid 1013 but it is really -1
W/AppOps  ( 1025): Bad call: specified package qcamera under uid 1013 but it is really -1
W/AppOps  ( 1025): Bad call: specified package qcamera under uid 1013 but it is really -1
W/AppOps  ( 1025): Bad call: specified package qcamera under uid 1013 but it is really -1
W/AppOps  ( 1025): Bad call: specified package qcamera under uid 1013 but it is really -1
V/AlarmManager( 1025): sending alarm Alarm{423434a8 type 3 android}
V/AlarmManager( 1025): sending alarm Alarm{422fe3a0 type 1 com.android.deskclock}
I/ActivityManager( 1025): Start proc com.android.deskclock for broadcast com.android.deskclock/com.android.alarmclock.DigitalAppWidgetProvider: pid=24462 uid=10015 gids={50015, 1028}
D/ConnectivityService( 1025): handleInetConditionHoldEnd: net=1, condition=100, published condition=100
W/AppOps  ( 1025): Bad call: specified package qcamera under uid 1013 but it is really -1
V/AlarmManager( 1025): sending alarm Alarm{422da778 type 3 com.devexpert.weather}
V/AlarmManager( 1025): sending alarm Alarm{422b9f40 type 2 com.whatsapp}
W/AppOps  ( 1025): Bad call: specified package qcamera under uid 1013 but it is really -1
W/AppOps  ( 1025): Bad call: specified package qcamera under uid 1013 but it is really -1
W/AppOps  ( 1025): Bad call: specified package qcamera under uid 1013 but it is really -1
W/AppOps  ( 1025): Bad call: specified package qcamera under uid 1013 but it is really -1
W/AppOps  ( 1025): Bad call: specified package qcamera under uid 1013 but it is really -1
I/ActivityManager( 1025): Process com.google.android.partnersetup (pid 24319) has died.
I/ActivityManager( 1025): Process com.android.deskclock (pid 24462) has died.
V/AlarmManager( 1025): sending alarm Alarm{42a512c0 type 3 android}
V/AlarmManager( 1025): sending alarm Alarm{42259a00 type 3 com.devexpert.weather}
D/WifiService( 1025): acquireWifiLockLocked: WifiLock{VoipServiceWifiLock type=1 binder=android.os.BinderProxy@42808098}
I/ActivityManager( 1025): Process com.devexpert.weather (pid 24302) has died.
V/AlarmManager( 1025): sending alarm Alarm{42ce9238 type 3 android}
V/AlarmManager( 1025): sending alarm Alarm{42ce45b0 type 3 com.devexpert.weather}
V/AlarmManager( 1025): sending alarm Alarm{42cdb2e8 type 2 com.google.android.gms}
I/ActivityManager( 1025): Start proc com.devexpert.weather for broadcast com.devexpert.weather/.view.WidgetWeather2x1: pid=24756 uid=10112 gids={50112, 3003, 1028, 1015}
I/ActivityManager( 1025): Process com.devexpert.weather (pid 24756) has died.
V/AlarmManager( 1025): sending alarm Alarm{433ae7d0 type 3 android}
D/ConnectivityService( 1025): handleInetConditionHoldEnd: net=1, condition=100, published condition=100
V/AlarmManager( 1025): sending alarm Alarm{433ae6b0 type 3 com.devexpert.weather}
V/AlarmManager( 1025): sending alarm Alarm{433acf28 type 2 com.whatsapp}
I/ActivityManager( 1025): Start proc com.devexpert.weather for broadcast com.devexpert.weather/.view.WidgetWeather2x1: pid=24791 uid=10112 gids={50112, 3003, 1028, 1015}
I/ActivityManager( 1025): Process com.devexpert.weather (pid 24791) has died.
V/AlarmManager( 1025): sending alarm Alarm{42f32670 type 3 android}
V/AlarmManager( 1025): sending alarm Alarm{42e6a5c8 type 3 com.devexpert.weather}
V/AlarmManager( 1025): sending alarm Alarm{433aad90 type 2 com.facebook.katana}
I/ActivityManager( 1025): Start proc com.devexpert.weather for broadcast com.devexpert.weather/.view.WidgetWeather2x1: pid=24840 uid=10112 gids={50112, 3003, 1028, 1015}
V/AlarmManager( 1025): sending alarm Alarm{433aa4c0 type 2 com.facebook.orca}
V/AlarmManager( 1025): sending alarm Alarm{433aa3d8 type 2 com.google.android.gms}
V/AlarmManager( 1025): sending alarm Alarm{42e52aa8 type 2 com.whatsapp}
V/AlarmManager( 1025): sending alarm Alarm{433a2de0 type 2 android}
V/AlarmManager( 1025): sending alarm Alarm{433a1420 type 0 com.google.android.gms}
I/ActivityManager( 1025): Process com.devexpert.weather (pid 24840) has died.
V/AlarmManager( 1025): sending alarm Alarm{43732d50 type 3 com.devexpert.weather}
V/AlarmManager( 1025): sending alarm Alarm{4372f4f0 type 2 android}
I/ActivityManager( 1025): Start proc com.devexpert.weather for broadcast com.devexpert.weather/.view.WidgetWeather2x1: pid=24915 uid=10112 gids={50112, 3003, 1028, 1015}
D/ConnectivityService( 1025): Sampling interval elapsed, updating statistics ..
D/ConnectivityService( 1025): Done.
D/ConnectivityService( 1025): Setting timer for 720seconds
V/AlarmManager( 1025): sending alarm Alarm{4372a350 type 3 android}
V/AlarmManager( 1025): sending alarm Alarm{43722f78 type 2 com.facebook.orca}
I/ActivityManager( 1025): Process com.devexpert.weather (pid 24915) has died.
V/AlarmManager( 1025): sending alarm Alarm{42ca0e38 type 2 com.facebook.orca}
V/AlarmManager( 1025): sending alarm Alarm{42c9a698 type 2 com.google.android.gms}
I/ActivityManager( 1025): Start proc com.google.android.talk for broadcast com.google.android.talk/com.google.android.apps.hangouts.service.NetworkStateReceiver: pid=24965 uid=10071 gids={50071, 3003, 1028, 1015, 3002}
V/AlarmManager( 1025): sending alarm Alarm{42d0d988 type 3 com.devexpert.weather}
V/AlarmManager( 1025): sending alarm Alarm{42d04b30 type 2 free.reddit.news}
I/ActivityManager( 1025): Start proc free.reddit.news for service free.reddit.news/reddit.news.services.InboxServiceFree: pid=24992 uid=10115 gids={50115, 3003, 1028, 1015}
V/AlarmManager( 1025): sending alarm Alarm{42d03cc8 type 2 com.google.android.gms}
I/ActivityManager( 1025): Start proc com.devexpert.weather for broadcast com.devexpert.weather/.view.WidgetWeather2x1: pid=25018 uid=10112 gids={50112, 3003, 1028, 1015}
W/Vold    (  261): Returning OperationFailed - no handler for errno 30
W/AppOps  ( 1025): Bad call: specified package qcamera under uid 1013 but it is really -1
W/AppOps  ( 1025): Bad call: specified package qcamera under uid 1013 but it is really -1
W/AppOps  ( 1025): Bad call: specified package qcamera under uid 1013 but it is really -1
W/AppOps  ( 1025): Bad call: specified package qcamera under uid 1013 but it is really -1
I/ActivityManager( 1025): Process com.google.android.talk (pid 24965) has died.
W/ActivityManager( 1025): Service ServiceRecord{433bd6b0 u0 com.google.android.talk/com.google.android.libraries.hangouts.video.CallService} in process ProcessRecord{42be9870 24965:com.google.android.talk/u0a71} not same as in map: null
I/ActivityManager( 1025): Start proc com.google.android.talk for broadcast com.google.android.talk/com.google.android.apps.hangouts.service.NetworkStateReceiver: pid=25046 uid=10071 gids={50071, 3003, 1028, 1015, 3002}
I/ActivityManager( 1025): Process com.devexpert.weather (pid 25018) has died.
W/ProcessCpuTracker( 1025): Skipping unknown process pid 24989
W/ProcessCpuTracker( 1025): Skipping unknown process pid 24990
W/ProcessCpuTracker( 1025): Skipping unknown process pid 25004
W/ProcessCpuTracker( 1025): Skipping unknown process pid 25042
V/AlarmManager( 1025): sending alarm Alarm{427c4100 type 3 android}
V/AlarmManager( 1025): sending alarm Alarm{427b6740 type 3 com.devexpert.weather}
I/ActivityManager( 1025): Start proc com.devexpert.weather for broadcast com.devexpert.weather/.view.WidgetWeather2x1: pid=25129 uid=10112 gids={50112, 3003, 1028, 1015}
W/AppOps  ( 1025): Bad call: specified package qcamera under uid 1013 but it is really -1
W/AppOps  ( 1025): Bad call: specified package qcamera under uid 1013 but it is really -1
W/AppOps  ( 1025): Bad call: specified package qcamera under uid 1013 but it is really -1
W/AppOps  ( 1025): Bad call: specified package qcamera under uid 1013 but it is really -1
I/ActivityManager( 1025): Process free.reddit.news (pid 24992) has died.
I/ActivityManager( 1025): Process com.google.android.talk (pid 25046) has died.
W/ActivityManager( 1025): Service ServiceRecord{433908b0 u0 com.google.android.talk/com.google.android.libraries.hangouts.video.CallService} in process ProcessRecord{42e59fd8 25046:com.google.android.talk/u0a71} not same as in map: null
V/AlarmManager( 1025): sending alarm Alarm{427f23a8 type 3 android}
V/AlarmManager( 1025): sending alarm Alarm{429118b0 type 3 com.devexpert.weather}
V/AlarmManager( 1025): sending alarm Alarm{42be7610 type 3 android}
D/ConnectivityService( 1025): handleInetConditionHoldEnd: net=1, condition=100, published condition=100
V/AlarmManager( 1025): sending alarm Alarm{427b2c28 type 2 com.whatsapp}
V/AlarmManager( 1025): sending alarm Alarm{42c92610 type 3 com.devexpert.weather}
V/AlarmManager( 1025): sending alarm Alarm{427359b0 type 2 com.google.android.gms}
V/AlarmManager( 1025): sending alarm Alarm{426c0c70 type 0 com.viber.voip}
V/AlarmManager( 1025): sending alarm Alarm{426b1890 type 1 com.motorola.motocare}
W/ContextImpl( 1295): Calling a method in the system process without a qualified user: android.app.ContextImpl.startService:1608 android.content.ContextWrapper.startService:494 android.content.ContextWrapper.startService:494 com.motorola.motocare.internal.batterystats.BatteryStatsAction.onReceive:33 android.app.ActivityThread.handleReceiver:2434 
V/AlarmManager( 1025): sending alarm Alarm{42bd1fb0 type 1 com.android.calendar}
V/AlarmManager( 1025): sending alarm Alarm{42bd07b8 type 3 android}
I/ActivityManager( 1025): Start proc com.android.calendar for broadcast com.android.calendar/.widget.CalendarAppWidgetService$CalendarFactory: pid=25173 uid=10007 gids={50007, 3003}
V/AlarmManager( 1025): sending alarm Alarm{42bcab20 type 1 com.evernote}
I/ActivityManager( 1025): Start proc com.evernote for service com.evernote/.client.ReminderService: pid=25185 uid=10134 gids={50134, 3003, 1028, 1015}
V/AlarmManager( 1025): sending alarm Alarm{42bb6908 type 1 com.android.deskclock}
V/AlarmManager( 1025): sending alarm Alarm{42bb6958 type 3 com.devexpert.weather}
D/ConnectivityService( 1025): handleInetConditionHoldEnd: net=1, condition=100, published condition=100
I/ActivityManager( 1025): Process com.devexpert.weather (pid 25129) has died.
I/ActivityManager( 1025): Start proc com.android.deskclock for broadcast com.android.deskclock/com.android.alarmclock.DigitalAppWidgetProvider: pid=25218 uid=10015 gids={50015, 1028}
I/ActivityManager( 1025): Start proc com.android.providers.calendar for content provider com.android.providers.calendar/.CalendarProvider2: pid=25229 uid=10008 gids={50008, 3003, 1028, 1015}
I/ActivityManager( 1025): Process com.android.calendar (pid 25173) has died.
I/ActivityManager( 1025): Start proc com.devexpert.weather for broadcast com.devexpert.weather/.view.WidgetWeather2x1: pid=25244 uid=10112 gids={50112, 3003, 1028, 1015}
I/ActivityManager( 1025): Process com.android.deskclock (pid 25218) has died.
I/ActivityManager( 1025): Process com.devexpert.weather (pid 25244) has died.
D/WifiService( 1025): acquireWifiLockLocked: WifiLock{NlpWifiLock type=2 binder=android.os.BinderProxy@42365148}
V/AlarmManager( 1025): sending alarm Alarm{42d54f78 type 0 com.google.android.googlequicksearchbox}
I/ActivityManager( 1025): Start proc com.google.android.googlequicksearchbox:search for service com.google.android.googlequicksearchbox/com.google.android.velvet.VelvetBackgroundTasksImpl$Service: pid=25308 uid=10045 gids={50045, 3003, 3001, 1028, 3002, 1015}
V/AlarmManager( 1025): sending alarm Alarm{42d36cc0 type 3 com.devexpert.weather}
V/AlarmManager( 1025): sending alarm Alarm{42d335f0 type 2 com.whatsapp}
I/ActivityManager( 1025): Start proc com.devexpert.weather for broadcast com.devexpert.weather/.view.WidgetWeather2x1: pid=25320 uid=10112 gids={50112, 3003, 1028, 1015}
V/AlarmManager( 1025): sending alarm Alarm{42f386d8 type 1 com.google.android.inputmethod.latin}
D/WifiService( 1025): releaseWifiLockLocked: WifiLock{NlpWifiLock type=2 binder=android.os.BinderProxy@42365148}
I/ActivityManager( 1025): Start proc com.google.android.partnersetup for content provider com.google.android.partnersetup/.RlzAppProvider: pid=25358 uid=10025 gids={50025, 3003}
I/ActivityManager( 1025): Start proc com.google.android.inputmethod.latin for broadcast com.google.android.inputmethod.latin/com.android.inputmethod.latin.personalization.DictionaryDecayBroadcastReciever: pid=25378 uid=10074 gids={50074, 3003, 1028, 1015}
I/ActivityManager( 1025): Process com.android.providers.calendar (pid 25229) has died.
I/ActivityManager( 1025): Process com.google.android.partnersetup (pid 25358) has died.
I/ActivityManager( 1025): Process com.devexpert.weather (pid 25320) has died.
I/ActivityManager( 1025): Start proc com.android.calendar for broadcast com.android.calendar/.alerts.AlertReceiver: pid=25404 uid=10007 gids={50007, 3003}
I/ActivityManager( 1025): Process com.google.android.inputmethod.latin (pid 25378) has died.
I/ActivityManager( 1025): Start proc com.motorola.context for broadcast com.motorola.context/.publisher.calendar.CalendarReceiver: pid=25428 uid=10011 gids={50011, 3001, 3002, 3003}
I/ActivityManager( 1025): Start proc com.android.providers.calendar for content provider com.android.providers.calendar/.CalendarProvider2: pid=25441 uid=10008 gids={50008, 3003, 1028, 1015}
D/WifiService( 1025): New client listening to asynchronous messages
I/ActivityManager( 1025): Start proc com.google.android.calendar for broadcast com.google.android.calendar/com.android.calendar.alerts.AlertReceiver: pid=25462 uid=10066 gids={50066, 3003, 1028, 1015}
I/ActivityManager( 1025): Process com.facebook.orca (pid 23328) has died.
W/ActivityManager( 1025): Scheduling restart of crashed service com.facebook.orca/com.facebook.push.mqtt.service.MqttPushService in 1000ms
F/ProcessStats( 1025): Starting service ServiceState{42c48c08 com.whatsapp.messaging.MessageService pkg=com.whatsapp proc=42c48c08} without owner
F/ProcessStats( 1025): Starting service ServiceState{42a4cec0 com.facebook.push.mqtt.service.MqttPushService pkg=com.facebook.katana proc=42a4cec0} without owner
F/ProcessStats( 1025): Starting service ServiceState{428fdff0 com.facebook.push.mqtt.service.MqttPushService pkg=com.facebook.orca proc=428fdff0} without owner
I/ActivityManager( 1025): Start proc com.facebook.orca for service com.facebook.orca/com.facebook.push.mqtt.service.MqttPushService: pid=25511 uid=10147 gids={50147, 3003, 1028, 1015}
I/ActivityManager( 1025): Process com.evernote (pid 25185) has died.
F/ProcessStats( 1025): Starting service ServiceState{42c48c08 com.whatsapp.messaging.MessageService pkg=com.whatsapp proc=42c48c08} without owner
F/ProcessStats( 1025): Starting service ServiceState{42a4cec0 com.facebook.push.mqtt.service.MqttPushService pkg=com.facebook.katana proc=42a4cec0} without owner
I/ActivityManager( 1025): Process com.google.android.googlequicksearchbox:search (pid 25308) has died.
D/WifiService( 1025): Client connection lost with reason: 4
I/ActivityManager( 1025): Process com.android.providers.calendar (pid 25441) has died.
I/ActivityManager( 1025): Process com.motorola.context (pid 25428) has died.
I/ActivityManager( 1025): Start proc com.android.providers.calendar for content provider com.android.providers.calendar/.CalendarProvider2: pid=25585 uid=10008 gids={50008, 3003, 1028, 1015}
V/AlarmManager( 1025): sending alarm Alarm{4280a098 type 3 android}
I/ActivityManager( 1025): Start proc com.motorola.context for broadcast com.motorola.context/.publisher.calendar.CalendarReceiver: pid=25617 uid=10011 gids={50011, 3001, 3002, 3003}
I/ActivityManager( 1025): Process com.android.providers.calendar (pid 25585) has died.
W/BroadcastQueue( 1025): Permission Denial: broadcasting Intent { act=android.net.conn.INET_CONDITION_ACTION flg=0x4000010 (has extras) } from null (pid=-1, uid=-1) requires com.facebook.permission.prod.FB_APP_COMMUNICATION due to registered receiver BroadcastFilter{4296b460 u0 ReceiverList{42a235b8 25511 com.facebook.orca/10147/u0 remote:421f5488}}
W/BroadcastQueue( 1025): Permission Denial: broadcasting Intent { act=android.net.conn.CONNECTIVITY_CHANGE flg=0x4000010 (has extras) } from null (pid=-1, uid=-1) requires com.facebook.permission.prod.FB_APP_COMMUNICATION due to registered receiver BroadcastFilter{4296b460 u0 ReceiverList{42a235b8 25511 com.facebook.orca/10147/u0 remote:421f5488}}
W/BroadcastQueue( 1025): Permission Denial: broadcasting Intent { act=android.net.conn.CONNECTIVITY_CHANGE flg=0x4000010 (has extras) } from null (pid=-1, uid=-1) requires com.facebook.permission.prod.FB_APP_COMMUNICATION due to registered receiver BroadcastFilter{427b7558 u0 ReceiverList{4299fc08 25511 com.facebook.orca/10147/u0 remote:42a01368}}
I/ActivityManager( 1025): Process com.motorola.context (pid 25617) has died.
I/ActivityManager( 1025): Start proc com.android.providers.calendar for content provider com.android.providers.calendar/.CalendarProvider2: pid=25662 uid=10008 gids={50008, 3003, 1028, 1015}
I/ActivityManager( 1025): Start proc com.motorola.context for broadcast com.motorola.context/.publisher.calendar.CalendarReceiver: pid=25687 uid=10011 gids={50011, 3001, 3002, 3003}
I/ActivityManager( 1025): Process com.android.providers.calendar (pid 25662) has died.
I/ActivityManager( 1025): Process com.motorola.context (pid 25687) has died.
I/ActivityManager( 1025): Waited long enough for: ServiceRecord{44448640 u0 com.android.calendar/.alerts.AlertService}
I/ActivityManager( 1025): Start proc com.android.providers.calendar for content provider com.android.providers.calendar/.CalendarProvider2: pid=25715 uid=10008 gids={50008, 3003, 1028, 1015}
I/ActivityManager( 1025): Waited long enough for: ServiceRecord{42e21898 u0 com.google.android.calendar/com.android.calendar.alerts.AlertService}
I/ActivityManager( 1025): Start proc com.motorola.context for broadcast com.motorola.context/.publisher.calendar.CalendarReceiver: pid=25735 uid=10011 gids={50011, 3001, 3002, 3003}
I/ActivityManager( 1025): Process com.android.providers.calendar (pid 25715) has died.
V/AlarmManager( 1025): sending alarm Alarm{42ce8530 type 2 com.facebook.orca}
V/AlarmManager( 1025): sending alarm Alarm{42ce4980 type 3 com.devexpert.weather}
I/ActivityManager( 1025): Start proc com.devexpert.weather for broadcast com.devexpert.weather/.view.WidgetWeather2x1: pid=25760 uid=10112 gids={50112, 3003, 1028, 1015}
I/ActivityManager( 1025): Start proc com.android.providers.calendar for content provider com.android.providers.calendar/.CalendarProvider2: pid=25781 uid=10008 gids={50008, 3003, 1028, 1015}
I/ActivityManager( 1025): Process com.motorola.context (pid 25735) has died.
I/ActivityManager( 1025): Process com.devexpert.weather (pid 25760) has died.
I/ActivityManager( 1025): Start proc com.motorola.context for broadcast com.motorola.context/.publisher.calendar.CalendarReceiver: pid=25808 uid=10011 gids={50011, 3001, 3002, 3003}
F/ProcessStats( 1025): Starting service ServiceState{42c48c08 com.whatsapp.messaging.MessageService pkg=com.whatsapp proc=42c48c08} without owner
F/ProcessStats( 1025): Starting service ServiceState{42a4cec0 com.facebook.push.mqtt.service.MqttPushService pkg=com.facebook.katana proc=42a4cec0} without owner
V/UsbDeviceManager( 1025): USB UEVENT: {USB_STATE=CONNECTED, SUBSYSTEM=android_usb, DEVPATH=/devices/virtual/android_usb/android0, SEQNUM=361337, ACTION=change}
V/UsbDeviceManager( 1025): USB UEVENT: {USB_STATE=DISCONNECTED, SUBSYSTEM=android_usb, DEVPATH=/devices/virtual/android_usb/android0, SEQNUM=361338, ACTION=change}
D/UsbDeviceManager( 1025): broadcasting Intent { act=android.hardware.usb.action.USB_STATE flg=0x20000000 (has extras) } connected: true configured: false
I/ActivityManager( 1025): Start proc android.process.media for broadcast com.android.providers.media/.MtpReceiver: pid=25843 uid=10018 gids={50018, 1028, 1015, 1023, 1024, 2001, 3003, 3007}
I/PowerManagerService( 1025): Waking up from sleep...
V/UsbDeviceManager( 1025): USB UEVENT: {USB_STATE=CONNECTED, SUBSYSTEM=android_usb, DEVPATH=/devices/virtual/android_usb/android0, SEQNUM=361340, ACTION=change}
D/UsbDeviceManager( 1025): broadcasting Intent { act=android.hardware.usb.action.USB_STATE flg=0x20000000 (has extras) } connected: true configured: false
V/UsbDeviceManager( 1025): USB UEVENT: {USB_STATE=CONFIGURED, SUBSYSTEM=android_usb, DEVPATH=/devices/virtual/android_usb/android0, SEQNUM=361345, ACTION=change}
D/UsbDeviceManager( 1025): broadcasting Intent { act=android.hardware.usb.action.USB_STATE flg=0x20000000 (has extras) } connected: true configured: true
I/ActivityManager( 1025): Process com.android.providers.calendar (pid 25781) has died.
F/ProcessStats( 1025): Starting service ServiceState{42c48c08 com.whatsapp.messaging.MessageService pkg=com.whatsapp proc=42c48c08} without owner
F/ProcessStats( 1025): Starting service ServiceState{42a4cec0 com.facebook.push.mqtt.service.MqttPushService pkg=com.facebook.katana proc=42a4cec0} without owner
I/WindowManager( 1025): Lock screen displayed!
D/DisplayPowerController( 1025): Unblocked screen on after 1347931375 ms
I/EntropyMixer( 1025): Writing entropy...
I/ActivityManager( 1025): Process com.android.calendar (pid 25404) has died.
I/ActivityManager( 1025): Process com.motorola.context (pid 25808) has died.
I/SFPerfTracer(  274):      triggers: (rate: 1007:414468) (302930 sw vsyncs) (961361 skipped) (0:2968443 vsyncs) (281:3723916)
I/ActivityManager( 1025): Process com.google.android.calendar (pid 25462) has died.
I/ActivityManager( 1025): Start proc com.google.android.apps.uploader for broadcast com.google.android.apps.uploader/com.google.android.picasasync.BatteryReceiver: pid=25880 uid=10079 gids={50079, 3003, 1028, 1015}
I/openssl (25843): Crypto mode not selected, openssl will run on its regular mode.
I/openssl (25843): Crypto mode 0 already enabled
D/WifiService( 1025): acquireWifiLockLocked: WifiLock{NlpWifiLock type=2 binder=android.os.BinderProxy@42cff558}
I/ActivityManager( 1025): Process android.process.media (pid 25843) has died.
I/ActivityManager( 1025): Start proc android.process.media for content provider com.android.providers.media/.MediaProvider: pid=25909 uid=10018 gids={50018, 1028, 1015, 1023, 1024, 2001, 3003, 3007}
I/ActivityManager( 1025): Start proc com.motorola.genie for broadcast com.motorola.genie/.prefetch.PowerStatusReceiver: pid=25926 uid=10026 gids={50026, 3003, 1028, 1015}
I/ActivityManager( 1025): Process com.google.android.apps.uploader (pid 25880) has died.
D/WifiService( 1025): releaseWifiLockLocked: WifiLock{NlpWifiLock type=2 binder=android.os.BinderProxy@42cff558}
I/openssl (25909): Crypto mode not selected, openssl will run on its regular mode.
I/openssl (25909): Crypto mode 0 already enabled
I/ActivityManager( 1025): Start proc com.motorola.contextual.smartrules2 for broadcast com.motorola.contextual.smartrules2/com.motorola.batterysaverlib.BatteryNotificationReceiver: pid=25954 uid=10035 gids={50035, 3003, 1028, 1015, 3001, 3002}
I/ActivityManager( 1025): Start proc com.motorola.MotGallery2 for broadcast com.motorola.MotGallery2/com.viewdle.receivers.PowerConnectedReceiver: pid=25970 uid=10034 gids={50034, 3003, 1028, 1015}
I/ActivityManager( 1025): Process android.process.media (pid 25909) has died.
I/ActivityManager( 1025): Process com.motorola.contextual.smartrules2 (pid 25954) has died.
I/ActivityManager( 1025): Start proc android.process.media for content provider com.android.providers.media/.MediaProvider: pid=25983 uid=10018 gids={50018, 1028, 1015, 1023, 1024, 2001, 3003, 3007}
I/ActivityManager( 1025): Start proc com.android.chrome for broadcast com.android.chrome/com.google.android.apps.chrome.precache.PrecacheServiceLauncher: pid=25993 uid=10057 gids={50057, 3003, 1028, 1015}
I/ActivityManager( 1025): Process com.motorola.MotGallery2 (pid 25970) has died.
I/SFPerfTracer(  274):      triggers: (rate: 1148:45703) (compose: 0:227) (post: 0:20) (render: 74:10146) (51:690400 frames) (52:3015627)
D/SFPerfTracer(  274):        layers: (4:11) (DimLayer: 0:158)* (DimLayer: 0:90)* (FocusedStackFrame: 0:18792)* (StatusBar: 6:234712) (NavigationBar: 1:178002) (DimLayer: 0:22044)* (DimLayer: 0:3843)* (com.android.wallpaper.fall.FallWallpaper: 16:50389) (com.android.launcher/com.android.launcher2.Launcher: 0:13)* (ElectronBeam: 0:27)* (Keyguard: 43:49) 
I/openssl (25983): Crypto mode not selected, openssl will run on its regular mode.
I/openssl (25983): Crypto mode 0 already enabled
I/ActivityManager( 1025): Start proc com.facebook.katana for broadcast com.facebook.katana/com.facebook.vault.service.VaultPowerConnectionReceiver: pid=26012 uid=10110 gids={50110, 1028, 1015, 3003}
I/ActivityManager( 1025): Process android.process.media (pid 25983) has died.
I/ActivityManager( 1025): Process com.android.chrome (pid 25993) has died.
D/WifiService( 1025): New client listening to asynchronous messages
I/ActivityManager( 1025): Start proc android.process.media for broadcast com.android.providers.media/.MtpReceiver: pid=26050 uid=10018 gids={50018, 1028, 1015, 1023, 1024, 2001, 3003, 3007}
I/openssl (26050): Crypto mode not selected, openssl will run on its regular mode.
I/openssl (26050): Crypto mode 0 already enabled
I/ActivityManager( 1025): Process com.facebook.orca (pid 25511) has died.
W/ActivityManager( 1025): Scheduling restart of crashed service com.facebook.orca/com.facebook.push.mqtt.service.MqttPushService in 4000ms
W/ContextImpl( 1295): Calling a method in the system process without a qualified user: android.app.ContextImpl.startService:1608 android.content.ContextWrapper.startService:494 android.content.ContextWrapper.startService:494 com.motorola.motocare.internal.batterystats.BatteryStatsAction.onReceive:33 android.app.ActivityThread.handleReceiver:2434 
W/BroadcastQueue( 1025): Permission Denial: broadcasting Intent { act=com.motorola.cce.Actions.CCE_SEND_SETTINGS flg=0x10 (has extras) } from com.motorola.genie (pid=25926, uid=10026) is not exported from uid 10034 due to receiver com.motorola.MotGallery2/com.motorola.blur.service.blur.SharedSettingsReceiver
W/ContextImpl( 1295): Calling a method in the system process without a qualified user: android.app.ContextImpl.startService:1608 android.content.ContextWrapper.startService:494 android.content.ContextWrapper.startService:494 com.motorola.contextual.fw.actions.StatefulActionHelper.registerForSettingChanges:81 com.motorola.contextual.fw.actions.Sync.registerForSettingChanges:214 
W/ContextImpl( 1295): Calling a method in the system process without a qualified user: android.app.ContextImpl.startService:1608 android.content.ContextWrapper.startService:494 android.content.ContextWrapper.startService:494 com.motorola.contextual.fw.actions.Utils.writeToDebugService:174 com.motorola.contextual.fw.actions.StatefulAction.setState:261 
W/ContextImpl( 1295): Calling a method in the system process without a qualified user: android.app.ContextImpl.startService:1608 android.content.ContextWrapper.startService:494 android.content.ContextWrapper.startService:494 com.motorola.contextual.fw.actions.Utils.writeToDebugService:174 com.motorola.contextual.fw.actions.StatefulAction.setState:278 
W/ContextImpl( 1295): Calling a method in the system process without a qualified user: android.app.ContextImpl.sendBroadcast:1252 android.content.ContextWrapper.sendBroadcast:365 android.content.ContextWrapper.sendBroadcast:365 com.motorola.contextual.fw.actions.ActionReceiver.onReceive:80 android.app.ActivityThread.handleReceiver:2434 
I/ActivityManager( 1025): Start proc com.motorola.contextual.smartrules2 for broadcast com.motorola.contextual.smartrules2/com.motorola.checkin.AnalyticsReceiver: pid=26089 uid=10035 gids={50035, 3003, 1028, 1015, 3001, 3002}
E/ActivityThread( 1295): Failed to find provider info for com.motorola.contextual.analytics
E/ActivityThread( 1295): Failed to find provider info for com.motorola.contextual.analytics
I/ActivityManager( 1025): Start proc com.google.android.googlequicksearchbox:search for broadcast com.google.android.googlequicksearchbox/com.google.android.search.core.UdcSettingBroadcastReceiver: pid=26104 uid=10045 gids={50045, 3003, 3001, 1028, 3002, 1015}
I/ActivityManager( 1025): Start proc com.google.android.partnersetup for content provider com.google.android.partnersetup/.RlzAppProvider: pid=26119 uid=10025 gids={50025, 3003}
I/ActivityManager( 1025): Start proc com.google.android.apps.maps for broadcast com.google.android.apps.maps/com.google.android.apps.gmm.iamhere.ble.StartBleServiceReceiver: pid=26141 uid=10064 gids={50064, 3003, 1028, 1015, 3002, 3001}
F/ProcessStats( 1025): Starting service ServiceState{42c48c08 com.whatsapp.messaging.MessageService pkg=com.whatsapp proc=42c48c08} without owner
F/ProcessStats( 1025): Starting service ServiceState{428fdff0 com.facebook.push.mqtt.service.MqttPushService pkg=com.facebook.orca proc=428fdff0} without owner
I/ActivityManager( 1025): Process com.motorola.genie (pid 25926) has died.
F/ProcessStats( 1025): Starting service ServiceState{42c48c08 com.whatsapp.messaging.MessageService pkg=com.whatsapp proc=42c48c08} without owner
F/ProcessStats( 1025): Starting service ServiceState{428fdff0 com.facebook.push.mqtt.service.MqttPushService pkg=com.facebook.orca proc=428fdff0} without owner
I/ActivityManager( 1025): Process com.motorola.contextual.smartrules2 (pid 26089) has died.
I/ActivityManager( 1025): Process com.google.android.googlequicksearchbox:search (pid 26104) has died.
I/ActivityManager( 1025): Process com.google.android.partnersetup (pid 26119) has died.
W/ContextImpl( 1295): Calling a method in the system process without a qualified user: android.app.ContextImpl.startService:1608 android.content.ContextWrapper.startService:494 android.content.ContextWrapper.startService:494 com.motorola.motocare.internal.batterystats.BatteryStatsAction.onReceive:33 android.app.ActivityThread.handleReceiver:2434 
I/ActivityManager( 1025): Process com.google.android.apps.maps (pid 26141) has died.
I/SFPerfTracer(  274):      triggers: (rate: 1148:45709) (compose: 0:227) (post: 0:20) (render: 74:10146) (33:690470 frames) (34:3015754)
D/SFPerfTracer(  274):        layers: (4:10) (DimLayer: 0:158)* (DimLayer: 0:90)* (FocusedStackFrame: 0:18792)* (StatusBar: 33:234781) (NavigationBar: 0:178002) (DimLayer: 0:22044)* (DimLayer: 0:3843)* (com.android.wallpaper.fall.FallWallpaper: 10:50466) (com.android.launcher/com.android.launcher2.Launcher: 0:13)* (Keyguard: 0:49) 
W/BroadcastQueue( 1025): Permission Denial: broadcasting Intent { act=android.net.conn.INET_CONDITION_ACTION flg=0x4000010 (has extras) } from null (pid=-1, uid=-1) requires com.facebook.permission.prod.FB_APP_COMMUNICATION due to registered receiver BroadcastFilter{427b7558 u0 ReceiverList{43070b38 26012 com.facebook.katana/10110/u0 remote:43094aa0}}
W/BroadcastQueue( 1025): Permission Denial: broadcasting Intent { act=android.net.conn.CONNECTIVITY_CHANGE flg=0x4000010 (has extras) } from null (pid=-1, uid=-1) requires com.facebook.permission.prod.FB_APP_COMMUNICATION due to registered receiver BroadcastFilter{427b7558 u0 ReceiverList{43070b38 26012 com.facebook.katana/10110/u0 remote:43094aa0}}
I/ActivityManager( 1025): Start proc com.facebook.orca for service com.facebook.orca/com.facebook.push.mqtt.service.MqttPushService: pid=26198 uid=10147 gids={50147, 3003, 1028, 1015}
W/BroadcastQueue( 1025): Permission Denial: broadcasting Intent { act=android.net.conn.CONNECTIVITY_CHANGE flg=0x4000010 (has extras) } from null (pid=-1, uid=-1) requires com.facebook.permission.prod.FB_APP_COMMUNICATION due to registered receiver BroadcastFilter{429e6be0 u0 ReceiverList{429c92e8 26012 com.facebook.katana/10110/u0 remote:429d9ec8}}
I/ActivityManager( 1025): Process com.bambuna.podcastaddict (pid 17382) has died.
W/ActivityManager( 1025): Scheduling restart of crashed service com.bambuna.podcastaddict/.service.PodcastAddictService in 1000ms
I/ActivityManager( 1025): Process com.google.android.gms (pid 16722) has died.
W/ActivityManager( 1025): Scheduling restart of crashed service com.google.android.gms/.analytics.service.AnalyticsService in 10786ms
D/WifiService( 1025): Client connection lost with reason: 4
I/PowerManagerService( 1025): Nap time...
I/PowerManagerService( 1025): Going to sleep due to screen timeout...
I/SFPerfTracer(  274):       trigger: vsync rate (-50.491%)	(29.706 vps)	(33.664 ms)* 	(190 drops)	(294 vsyncs)
I/SFPerfTracer(  274):      triggers: (rate: 1008:414658) (302930 sw vsyncs) (961809 skipped) (294:2968739 vsyncs) (296:3724222)
I/ActivityManager( 1025): Start proc com.bambuna.podcastaddict for service com.bambuna.podcastaddict/.service.PodcastAddictService: pid=26693 uid=10113 gids={50113, 3003, 1028, 1015, 3002}
W/Vold    (  261): Returning OperationFailed - no handler for errno 30
I/ActivityManager( 1025): Start proc com.google.android.gms for service com.google.android.gms/.ads.identifier.service.AdvertisingIdService: pid=26737 uid=10022 gids={50022, 3003, 1007, 1028, 1015, 3002, 3001, 3007, 2001, 3006}
I/PackageManager( 1025): Adding preferred activity ComponentInfo{com.android.mms/com.android.mms.ui.ComposeMessageActivity} for user 0 :
I/PackageManager( 1025): Adding preferred activity ComponentInfo{com.android.mms/com.android.mms.ui.ComposeMessageActivity} for user 0 :
I/PackageManager( 1025): Adding preferred activity ComponentInfo{com.android.mms/com.android.mms.ui.ComposeMessageActivity} for user 0 :
I/PackageManager( 1025): Adding preferred activity ComponentInfo{com.android.mms/com.android.mms.ui.ComposeMessageActivity} for user 0 :
I/ActivityManager( 1025): Start proc com.android.vending for broadcast com.android.vending/com.google.android.finsky.receivers.PackageMonitorReceiver$RegisteredReceiver: pid=26766 uid=10039 gids={50039, 3003, 1028, 1015}
I/PackageManager( 1025): Adding preferred activity ComponentInfo{com.android.mms/com.android.mms.ui.ComposeMessageActivity} for user 0 :
I/PackageManager( 1025): Adding preferred activity ComponentInfo{com.android.mms/com.android.mms.ui.ComposeMessageActivity} for user 0 :
I/PackageManager( 1025): Adding preferred activity ComponentInfo{com.android.mms/com.android.mms.ui.ComposeMessageActivity} for user 0 :
I/PackageManager( 1025): Adding preferred activity ComponentInfo{com.android.mms/com.android.mms.ui.ComposeMessageActivity} for user 0 :
I/SFPerfTracer(  274):       trigger: frame rate (-41.470%)	(35.118 fps)	(28.475 ms) 	(5 drops)	(12 frames)
I/SFPerfTracer(  274):      triggers: (rate: 1149:45719) (compose: 0:227) (post: 0:20) (render: 74:10146) (12:690509 frames) (13:3015844)
D/SFPerfTracer(  274):        layers: (0:11) (DimLayer: 0:158)* (DimLayer: 0:90)* (FocusedStackFrame: 0:18792)* (StatusBar: 0:234784)* (NavigationBar: 0:178002)* (DimLayer: 0:22044)* (DimLayer: 0:3843)* (com.android.wallpaper.fall.FallWallpaper: 12:50535)* (com.android.launcher/com.android.launcher2.Launcher: 1:14)* (Keyguard: 0:49)* (ElectronBeam: 2:27)* 
I/ActivityManager( 1025): Process com.facebook.orca (pid 26198) has died.
W/ActivityManager( 1025): Scheduling restart of crashed service com.facebook.orca/com.facebook.push.mqtt.service.MqttPushService in 16000ms
I/ActivityManager( 1025): Process com.google.android.gms.wearable (pid 6159) has died.
W/ActivityManager( 1025): Scheduling restart of crashed service com.google.android.gms/.wearable.service.WearableService in 1000ms
I/ActivityManager( 1025): Process com.bambuna.podcastaddict (pid 26693) has died.
W/ActivityManager( 1025): Scheduling restart of crashed service com.bambuna.podcastaddict/.service.PodcastAddictService in 25956ms
I/ActivityManager( 1025): Process com.rhmsoft.fm:service (pid 13625) has died.
W/ActivityManager( 1025): Scheduling restart of crashed service com.rhmsoft.fm/com.cleanmaster.fm.service.BackgroundService in 35929ms
I/ActivityManager( 1025): Start proc com.motorola.MotGallery2 for broadcast com.motorola.MotGallery2/com.android.gallery3d.app.PackagesMonitor: pid=27259 uid=10034 gids={50034, 3003, 1028, 1015}
I/ActivityManager( 1025): Start proc com.google.android.googlequicksearchbox:search for broadcast com.google.android.googlequicksearchbox/com.google.android.search.core.icingsync.IcingCorporaChangedReceiver: pid=27280 uid=10045 gids={50045, 3003, 3001, 1028, 3002, 1015}
I/ActivityManager( 1025): Start proc com.google.android.gms.wearable for service com.google.android.gms/.wearable.service.WearableService: pid=27301 uid=10022 gids={50022, 3003, 1007, 1028, 1015, 3002, 3001, 3007, 2001, 3006}
I/ActivityManager( 1025): Start proc com.google.android.partnersetup for content provider com.google.android.partnersetup/.RlzAppProvider: pid=27321 uid=10025 gids={50025, 3003}
I/ActivityManager( 1025): Process com.android.vending (pid 26766) has died.
W/ContextImpl( 1295): Calling a method in the system process without a qualified user: android.app.ContextImpl.startService:1608 android.content.ContextWrapper.startService:494 android.content.ContextWrapper.startService:494 com.motorola.motocare.internal.batterystats.BatteryStatsAction.onReceive:33 android.app.ActivityThread.handleReceiver:2434 
V/AlarmManager( 1025): sending alarm Alarm{4206fb80 type 2 com.facebook.katana}
V/AlarmManager( 1025): sending alarm Alarm{42053bc0 type 2 com.facebook.orca}
V/AlarmManager( 1025): sending alarm Alarm{42035d88 type 0 com.facebook.katana}
V/AlarmManager( 1025): sending alarm Alarm{42030028 type 0 com.google.android.googlequicksearchbox}
I/ActivityManager( 1025): Process com.motorola.MotGallery2 (pid 27259) has died.
I/ActivityManager( 1025): Process com.google.android.partnersetup (pid 27321) has died.
I/ActivityManager( 1025): Process com.google.android.googlequicksearchbox:search (pid 27280) has died.
W/ContextImpl( 1295): Calling a method in the system process without a qualified user: android.app.ContextImpl.sendBroadcast:1252 android.content.ContextWrapper.sendBroadcast:365 com.motorola.motocare.util.TriggerHelper$TriggerBuilder.send:76 com.motorola.motocare.internal.frameworkevents.ProcessKillTrigger.sendTrigger:147 com.motorola.motocare.internal.frameworkevents.ProcessKillTrigger.handleLmkKill:337 
W/ContextImpl( 1295): Calling a method in the system process without a qualified user: android.app.ContextImpl.sendBroadcast:1252 android.content.ContextWrapper.sendBroadcast:365 com.motorola.motocare.util.TriggerHelper$TriggerBuilder.send:76 com.motorola.motocare.internal.frameworkevents.ProcessKillTrigger.sendTrigger:147 com.motorola.motocare.internal.frameworkevents.ProcessKillTrigger.handleLmkKill:337 
W/ContextImpl( 1295): Calling a method in the system process without a qualified user: android.app.ContextImpl.sendBroadcast:1252 android.content.ContextWrapper.sendBroadcast:365 com.motorola.motocare.util.TriggerHelper$TriggerBuilder.send:76 com.motorola.motocare.internal.frameworkevents.ProcessKillTrigger.sendTrigger:147 com.motorola.motocare.internal.frameworkevents.ProcessKillTrigger.handleLmkKill:337 
W/ContextImpl( 1295): Calling a method in the system process without a qualified user: android.app.ContextImpl.sendBroadcast:1252 android.content.ContextWrapper.sendBroadcast:365 com.motorola.motocare.util.TriggerHelper$TriggerBuilder.send:76 com.motorola.motocare.internal.frameworkevents.ProcessKillTrigger.sendTrigger:147 com.motorola.motocare.internal.frameworkevents.ProcessKillTrigger.handleLmkKill:337 
W/ContextImpl( 1295): Calling a method in the system process without a qualified user: android.app.ContextImpl.sendBroadcast:1252 android.content.ContextWrapper.sendBroadcast:365 com.motorola.motocare.util.TriggerHelper$TriggerBuilder.send:76 com.motorola.motocare.internal.frameworkevents.ProcessKillTrigger.sendTrigger:147 com.motorola.motocare.internal.frameworkevents.ProcessKillTrigger.handleLmkKill:337 
W/ContextImpl( 1295): Calling a method in the system process without a qualified user: android.app.ContextImpl.sendBroadcast:1252 android.content.ContextWrapper.sendBroadcast:365 com.motorola.motocare.util.TriggerHelper$TriggerBuilder.send:76 com.motorola.motocare.internal.frameworkevents.ProcessKillTrigger.sendTrigger:147 com.motorola.motocare.internal.frameworkevents.ProcessKillTrigger.handleLmkKill:337 
W/ContextImpl( 1295): Calling a method in the system process without a qualified user: android.app.ContextImpl.sendBroadcast:1252 android.content.ContextWrapper.sendBroadcast:365 com.motorola.motocare.util.TriggerHelper$TriggerBuilder.send:76 com.motorola.motocare.internal.frameworkevents.ProcessKillTrigger.sendTrigger:147 com.motorola.motocare.internal.frameworkevents.ProcessKillTrigger.handleLmkKill:337 
